Java HotSpot(TM) 64-Bit Server VM (25.31-b07) for bsd-amd64 JRE (1.8.0_31-b13), built on Dec 17 2014 20:45:36 by "java_re" with gcc 4.2.1 (Based on Apple Inc. build 5658) (LLVM build 2336.11.00)
Memory: 4k page, physical 4194304k(71932k free)

/proc/meminfo:

CommandLine flags: -XX:CMSInitiatingOccupancyFraction=50 -XX:CMSMaxAbortablePrecleanTime=6000 -XX:+CMSParallelRemarkEnabled -XX:+CMSScavengeBeforeRemark -XX:ConcGCThreads=4 -XX:InitialHeapSize=536870912 -XX:MaxHeapSize=536870912 -XX:MaxTenuringThreshold=8 -XX:NewRatio=3 -XX:OldPLABSize=16 -XX:ParallelGCThreads=4 -XX:+ParallelRefProcEnabled -XX:PretenureSizeThreshold=67108864 -XX:+PrintGC -XX:+PrintGCApplicationStoppedTime -XX:+PrintGCDateStamps -XX:+PrintGCDetails -XX:+PrintGCTimeStamps -XX:+PrintHeapAtGC -XX:+PrintTenuringDistribution -XX:SurvivorRatio=4 -XX:TargetSurvivorRatio=90 -XX:ThreadStackSize=256 -XX:+UseCMSInitiatingOccupancyOnly -XX:+UseCompressedClassPointers -XX:+UseCompressedOops -XX:+UseConcMarkSweepGC -XX:+UseParNewGC 
2016-07-21T14:08:48.258-0530: 0.780: Total time for which application threads were stopped: 0.0001136 seconds
2016-07-21T14:08:49.263-0530: 1.785: Total time for which application threads were stopped: 0.0002475 seconds
2016-07-21T14:08:49.464-0530: 1.986: Total time for which application threads were stopped: 0.0001235 seconds
2016-07-21T14:08:50.438-0530: 2.960: Total time for which application threads were stopped: 0.0001811 seconds
2016-07-21T14:08:50.782-0530: 3.304: Total time for which application threads were stopped: 0.0001648 seconds
2016-07-21T14:08:51.019-0530: 3.541: Total time for which application threads were stopped: 0.0002121 seconds
2016-07-21T14:08:51.042-0530: 3.564: Total time for which application threads were stopped: 0.0001963 seconds
2016-07-21T14:08:51.073-0530: 3.595: Total time for which application threads were stopped: 0.0001638 seconds
2016-07-21T14:08:51.579-0530: 4.101: Total time for which application threads were stopped: 0.0002420 seconds
{Heap before GC invocations=0 (full 0):
 par new generation   total 109248K, used 87424K [0x00000007a0000000, 0x00000007a8000000, 0x00000007a8000000)
  eden space 87424K, 100% used [0x00000007a0000000, 0x00000007a5560000, 0x00000007a5560000)
  from space 21824K,   0% used [0x00000007a5560000, 0x00000007a5560000, 0x00000007a6ab0000)
  to   space 21824K,   0% used [0x00000007a6ab0000, 0x00000007a6ab0000, 0x00000007a8000000)
 concurrent mark-sweep generation total 393216K, used 0K [0x00000007a8000000, 0x00000007c0000000, 0x00000007c0000000)
 Metaspace       used 10065K, capacity 10204K, committed 10496K, reserved 1058816K
  class space    used 1152K, capacity 1208K, committed 1280K, reserved 1048576K
2016-07-21T14:08:51.765-0530: 4.287: [GC (Allocation Failure) 4.300: [ParNew
Desired survivor size 20112992 bytes, new threshold 8 (max 8)
- age   1:    5275880 bytes,    5275880 total
: 87424K->5218K(109248K), 0.0355060 secs] 87424K->5218K(502464K), 0.0478948 secs] [Times: user=0.02 sys=0.01, real=0.05 secs] 
Heap after GC invocations=1 (full 0):
 par new generation   total 109248K, used 5218K [0x00000007a0000000, 0x00000007a8000000, 0x00000007a8000000)
  eden space 87424K,   0% used [0x00000007a0000000, 0x00000007a0000000, 0x00000007a5560000)
  from space 21824K,  23% used [0x00000007a6ab0000, 0x00000007a6fc8af0, 0x00000007a8000000)
  to   space 21824K,   0% used [0x00000007a5560000, 0x00000007a5560000, 0x00000007a6ab0000)
 concurrent mark-sweep generation total 393216K, used 0K [0x00000007a8000000, 0x00000007c0000000, 0x00000007c0000000)
 Metaspace       used 10065K, capacity 10204K, committed 10496K, reserved 1058816K
  class space    used 1152K, capacity 1208K, committed 1280K, reserved 1048576K
}
2016-07-21T14:08:51.813-0530: 4.335: Total time for which application threads were stopped: 0.0817744 seconds
2016-07-21T14:08:51.814-0530: 4.336: Total time for which application threads were stopped: 0.0000922 seconds
2016-07-21T14:08:51.814-0530: 4.336: Total time for which application threads were stopped: 0.0000879 seconds
2016-07-21T14:08:51.815-0530: 4.337: Total time for which application threads were stopped: 0.0003503 seconds
2016-07-21T14:08:51.819-0530: 4.341: Total time for which application threads were stopped: 0.0001039 seconds
2016-07-21T14:08:51.819-0530: 4.342: Total time for which application threads were stopped: 0.0000968 seconds
2016-07-21T14:08:51.820-0530: 4.342: Total time for which application threads were stopped: 0.0000609 seconds
2016-07-21T14:08:51.820-0530: 4.342: Total time for which application threads were stopped: 0.0000660 seconds
2016-07-21T14:08:51.820-0530: 4.342: Total time for which application threads were stopped: 0.0000831 seconds
2016-07-21T14:08:51.820-0530: 4.342: Total time for which application threads were stopped: 0.0000754 seconds
2016-07-21T14:08:51.820-0530: 4.342: Total time for which application threads were stopped: 0.0000850 seconds
2016-07-21T14:08:51.820-0530: 4.342: Total time for which application threads were stopped: 0.0000877 seconds
2016-07-21T14:08:51.820-0530: 4.342: Total time for which application threads were stopped: 0.0000710 seconds
2016-07-21T14:08:51.820-0530: 4.343: Total time for which application threads were stopped: 0.0000760 seconds
2016-07-21T14:08:51.821-0530: 4.343: Total time for which application threads were stopped: 0.0001223 seconds
2016-07-21T14:08:51.821-0530: 4.343: Total time for which application threads were stopped: 0.0000722 seconds
2016-07-21T14:08:51.821-0530: 4.343: Total time for which application threads were stopped: 0.0000747 seconds
2016-07-21T14:08:51.821-0530: 4.343: Total time for which application threads were stopped: 0.0000594 seconds
2016-07-21T14:08:51.821-0530: 4.343: Total time for which application threads were stopped: 0.0000853 seconds
2016-07-21T14:08:51.821-0530: 4.343: Total time for which application threads were stopped: 0.0001231 seconds
2016-07-21T14:08:51.822-0530: 4.345: Total time for which application threads were stopped: 0.0001455 seconds
2016-07-21T14:08:52.153-0530: 4.675: Total time for which application threads were stopped: 0.0127238 seconds
2016-07-21T14:08:52.635-0530: 5.157: Total time for which application threads were stopped: 0.0002433 seconds
2016-07-21T14:08:53.639-0530: 6.161: Total time for which application threads were stopped: 0.0002826 seconds
2016-07-21T14:08:53.669-0530: 6.192: Total time for which application threads were stopped: 0.0002474 seconds
2016-07-21T14:08:53.672-0530: 6.194: Total time for which application threads were stopped: 0.0001481 seconds
2016-07-21T14:08:53.718-0530: 6.240: Total time for which application threads were stopped: 0.0002528 seconds
2016-07-21T14:08:54.681-0530: 7.203: Total time for which application threads were stopped: 0.0001753 seconds
2016-07-21T14:08:54.681-0530: 7.204: Total time for which application threads were stopped: 0.0001060 seconds
2016-07-21T14:08:54.682-0530: 7.204: Total time for which application threads were stopped: 0.0000895 seconds
2016-07-21T14:08:54.682-0530: 7.204: Total time for which application threads were stopped: 0.0001279 seconds
2016-07-21T14:08:54.682-0530: 7.204: Total time for which application threads were stopped: 0.0000991 seconds
2016-07-21T14:08:54.682-0530: 7.204: Total time for which application threads were stopped: 0.0000602 seconds
2016-07-21T14:08:54.682-0530: 7.204: Total time for which application threads were stopped: 0.0000561 seconds
2016-07-21T14:08:54.682-0530: 7.204: Total time for which application threads were stopped: 0.0000554 seconds
2016-07-21T14:08:54.682-0530: 7.205: Total time for which application threads were stopped: 0.0000531 seconds
2016-07-21T14:08:54.682-0530: 7.205: Total time for which application threads were stopped: 0.0000545 seconds
2016-07-21T14:08:54.682-0530: 7.205: Total time for which application threads were stopped: 0.0000533 seconds
2016-07-21T14:08:54.683-0530: 7.205: Total time for which application threads were stopped: 0.0000517 seconds
2016-07-21T14:08:54.683-0530: 7.205: Total time for which application threads were stopped: 0.0000508 seconds
2016-07-21T14:08:54.683-0530: 7.205: Total time for which application threads were stopped: 0.0000527 seconds
2016-07-21T14:08:54.683-0530: 7.205: Total time for which application threads were stopped: 0.0000496 seconds
2016-07-21T14:08:54.683-0530: 7.205: Total time for which application threads were stopped: 0.0000499 seconds
2016-07-21T14:08:54.683-0530: 7.205: Total time for which application threads were stopped: 0.0000516 seconds
2016-07-21T14:08:54.683-0530: 7.205: Total time for which application threads were stopped: 0.0000492 seconds
2016-07-21T14:08:54.683-0530: 7.205: Total time for which application threads were stopped: 0.0000491 seconds
2016-07-21T14:08:54.683-0530: 7.206: Total time for which application threads were stopped: 0.0000518 seconds
2016-07-21T14:08:54.683-0530: 7.206: Total time for which application threads were stopped: 0.0001063 seconds
2016-07-21T14:08:54.684-0530: 7.206: Total time for which application threads were stopped: 0.0000559 seconds
2016-07-21T14:08:54.684-0530: 7.206: Total time for which application threads were stopped: 0.0000525 seconds
2016-07-21T14:08:54.684-0530: 7.206: Total time for which application threads were stopped: 0.0000515 seconds
2016-07-21T14:08:54.684-0530: 7.206: Total time for which application threads were stopped: 0.0000518 seconds
2016-07-21T14:08:54.684-0530: 7.207: Total time for which application threads were stopped: 0.0000392 seconds
2016-07-21T14:08:54.684-0530: 7.207: Total time for which application threads were stopped: 0.0000821 seconds
2016-07-21T14:08:54.685-0530: 7.207: Total time for which application threads were stopped: 0.0000519 seconds
2016-07-21T14:08:54.685-0530: 7.207: Total time for which application threads were stopped: 0.0000521 seconds
2016-07-21T14:08:54.685-0530: 7.207: Total time for which application threads were stopped: 0.0000421 seconds
2016-07-21T14:08:54.685-0530: 7.207: Total time for which application threads were stopped: 0.0000377 seconds
2016-07-21T14:08:54.685-0530: 7.207: Total time for which application threads were stopped: 0.0000398 seconds
2016-07-21T14:08:54.685-0530: 7.207: Total time for which application threads were stopped: 0.0000392 seconds
2016-07-21T14:08:54.685-0530: 7.207: Total time for which application threads were stopped: 0.0000372 seconds
2016-07-21T14:08:54.685-0530: 7.207: Total time for which application threads were stopped: 0.0000410 seconds
2016-07-21T14:08:54.685-0530: 7.207: Total time for which application threads were stopped: 0.0000371 seconds
2016-07-21T14:08:54.685-0530: 7.208: Total time for which application threads were stopped: 0.0000488 seconds
2016-07-21T14:08:54.685-0530: 7.208: Total time for which application threads were stopped: 0.0000393 seconds
2016-07-21T14:08:54.685-0530: 7.208: Total time for which application threads were stopped: 0.0000386 seconds
2016-07-21T14:08:54.686-0530: 7.208: Total time for which application threads were stopped: 0.0000405 seconds
2016-07-21T14:08:54.686-0530: 7.208: Total time for which application threads were stopped: 0.0000367 seconds
2016-07-21T14:08:54.686-0530: 7.208: Total time for which application threads were stopped: 0.0000687 seconds
2016-07-21T14:08:54.686-0530: 7.208: Total time for which application threads were stopped: 0.0000365 seconds
2016-07-21T14:08:54.686-0530: 7.208: Total time for which application threads were stopped: 0.0000380 seconds
2016-07-21T14:08:54.686-0530: 7.208: Total time for which application threads were stopped: 0.0001054 seconds
2016-07-21T14:08:54.687-0530: 7.209: Total time for which application threads were stopped: 0.0000779 seconds
2016-07-21T14:08:54.687-0530: 7.209: Total time for which application threads were stopped: 0.0000887 seconds
2016-07-21T14:08:54.687-0530: 7.210: Total time for which application threads were stopped: 0.0000772 seconds
2016-07-21T14:08:54.688-0530: 7.210: Total time for which application threads were stopped: 0.0000877 seconds
2016-07-21T14:08:54.688-0530: 7.210: Total time for which application threads were stopped: 0.0000839 seconds
2016-07-21T14:08:54.688-0530: 7.210: Total time for which application threads were stopped: 0.0000908 seconds
2016-07-21T14:08:54.688-0530: 7.210: Total time for which application threads were stopped: 0.0000815 seconds
2016-07-21T14:08:54.748-0530: 7.270: Total time for which application threads were stopped: 0.0003537 seconds
2016-07-21T14:08:54.758-0530: 7.280: Total time for which application threads were stopped: 0.0000974 seconds
2016-07-21T14:08:54.759-0530: 7.281: Total time for which application threads were stopped: 0.0000728 seconds
2016-07-21T14:08:54.759-0530: 7.281: Total time for which application threads were stopped: 0.0000698 seconds
2016-07-21T14:08:54.759-0530: 7.281: Total time for which application threads were stopped: 0.0000516 seconds
2016-07-21T14:08:54.783-0530: 7.305: Total time for which application threads were stopped: 0.0001419 seconds
2016-07-21T14:08:54.783-0530: 7.305: Total time for which application threads were stopped: 0.0000707 seconds
2016-07-21T14:08:54.798-0530: 7.321: Total time for which application threads were stopped: 0.0000940 seconds
2016-07-21T14:08:54.798-0530: 7.321: Total time for which application threads were stopped: 0.0000740 seconds
2016-07-21T14:08:54.799-0530: 7.321: Total time for which application threads were stopped: 0.0000537 seconds
2016-07-21T14:08:54.832-0530: 7.355: Total time for which application threads were stopped: 0.0001102 seconds
2016-07-21T14:08:54.862-0530: 7.384: Total time for which application threads were stopped: 0.0001103 seconds
2016-07-21T14:08:54.862-0530: 7.384: Total time for which application threads were stopped: 0.0000741 seconds
2016-07-21T14:08:54.862-0530: 7.384: Total time for which application threads were stopped: 0.0000691 seconds
2016-07-21T14:08:54.875-0530: 7.397: Total time for which application threads were stopped: 0.0001836 seconds
2016-07-21T14:08:54.876-0530: 7.398: Total time for which application threads were stopped: 0.0000875 seconds
2016-07-21T14:08:54.876-0530: 7.398: Total time for which application threads were stopped: 0.0000756 seconds
2016-07-21T14:08:54.876-0530: 7.398: Total time for which application threads were stopped: 0.0001037 seconds
2016-07-21T14:08:54.879-0530: 7.401: Total time for which application threads were stopped: 0.0001134 seconds
2016-07-21T14:08:54.916-0530: 7.438: Total time for which application threads were stopped: 0.0001346 seconds
2016-07-21T14:08:54.916-0530: 7.438: Total time for which application threads were stopped: 0.0000901 seconds
2016-07-21T14:08:54.931-0530: 7.454: Total time for which application threads were stopped: 0.0001287 seconds
2016-07-21T14:08:54.931-0530: 7.454: Total time for which application threads were stopped: 0.0000813 seconds
2016-07-21T14:08:54.932-0530: 7.454: Total time for which application threads were stopped: 0.0000510 seconds
2016-07-21T14:08:54.944-0530: 7.466: Total time for which application threads were stopped: 0.0000845 seconds
2016-07-21T14:08:55.010-0530: 7.533: Total time for which application threads were stopped: 0.0000800 seconds
2016-07-21T14:08:55.011-0530: 7.533: Total time for which application threads were stopped: 0.0001050 seconds
2016-07-21T14:08:55.011-0530: 7.533: Total time for which application threads were stopped: 0.0000583 seconds
2016-07-21T14:08:55.022-0530: 7.544: Total time for which application threads were stopped: 0.0001156 seconds
2016-07-21T14:08:55.049-0530: 7.571: Total time for which application threads were stopped: 0.0000856 seconds
2016-07-21T14:08:55.049-0530: 7.571: Total time for which application threads were stopped: 0.0000607 seconds
2016-07-21T14:08:55.049-0530: 7.571: Total time for which application threads were stopped: 0.0000567 seconds
2016-07-21T14:08:55.050-0530: 7.572: Total time for which application threads were stopped: 0.0000598 seconds
2016-07-21T14:08:55.105-0530: 7.627: Total time for which application threads were stopped: 0.0000724 seconds
2016-07-21T14:08:55.105-0530: 7.627: Total time for which application threads were stopped: 0.0000481 seconds
2016-07-21T14:08:55.105-0530: 7.627: Total time for which application threads were stopped: 0.0000719 seconds
2016-07-21T14:08:55.116-0530: 7.638: Total time for which application threads were stopped: 0.0000752 seconds
2016-07-21T14:08:55.120-0530: 7.642: Total time for which application threads were stopped: 0.0000798 seconds
2016-07-21T14:08:55.120-0530: 7.642: Total time for which application threads were stopped: 0.0000785 seconds
2016-07-21T14:08:55.120-0530: 7.642: Total time for which application threads were stopped: 0.0000551 seconds
2016-07-21T14:08:55.121-0530: 7.643: Total time for which application threads were stopped: 0.0000655 seconds
2016-07-21T14:08:55.156-0530: 7.678: Total time for which application threads were stopped: 0.0000786 seconds
2016-07-21T14:08:55.156-0530: 7.678: Total time for which application threads were stopped: 0.0000859 seconds
2016-07-21T14:08:55.156-0530: 7.678: Total time for which application threads were stopped: 0.0000462 seconds
2016-07-21T14:08:55.156-0530: 7.679: Total time for which application threads were stopped: 0.0000480 seconds
2016-07-21T14:08:55.156-0530: 7.679: Total time for which application threads were stopped: 0.0000720 seconds
2016-07-21T14:08:55.157-0530: 7.679: Total time for which application threads were stopped: 0.0000446 seconds
2016-07-21T14:08:55.157-0530: 7.679: Total time for which application threads were stopped: 0.0000602 seconds
2016-07-21T14:08:55.157-0530: 7.679: Total time for which application threads were stopped: 0.0000593 seconds
2016-07-21T14:08:55.466-0530: 7.988: Total time for which application threads were stopped: 0.0000994 seconds
2016-07-21T14:08:55.466-0530: 7.988: Total time for which application threads were stopped: 0.0000446 seconds
2016-07-21T14:08:55.466-0530: 7.988: Total time for which application threads were stopped: 0.0000536 seconds
2016-07-21T14:08:55.486-0530: 8.009: Total time for which application threads were stopped: 0.0001038 seconds
2016-07-21T14:08:55.507-0530: 8.029: Total time for which application threads were stopped: 0.0000751 seconds
2016-07-21T14:08:55.507-0530: 8.029: Total time for which application threads were stopped: 0.0000399 seconds
2016-07-21T14:08:55.507-0530: 8.029: Total time for which application threads were stopped: 0.0000487 seconds
2016-07-21T14:08:55.513-0530: 8.035: Total time for which application threads were stopped: 0.0001150 seconds
2016-07-21T14:08:55.560-0530: 8.082: Total time for which application threads were stopped: 0.0000953 seconds
2016-07-21T14:08:55.560-0530: 8.082: Total time for which application threads were stopped: 0.0000512 seconds
2016-07-21T14:08:55.560-0530: 8.082: Total time for which application threads were stopped: 0.0000714 seconds
{Heap before GC invocations=1 (full 0):
 par new generation   total 109248K, used 92642K [0x00000007a0000000, 0x00000007a8000000, 0x00000007a8000000)
  eden space 87424K, 100% used [0x00000007a0000000, 0x00000007a5560000, 0x00000007a5560000)
  from space 21824K,  23% used [0x00000007a6ab0000, 0x00000007a6fc8af0, 0x00000007a8000000)
  to   space 21824K,   0% used [0x00000007a5560000, 0x00000007a5560000, 0x00000007a6ab0000)
 concurrent mark-sweep generation total 393216K, used 0K [0x00000007a8000000, 0x00000007c0000000, 0x00000007c0000000)
 Metaspace       used 18107K, capacity 18424K, committed 18688K, reserved 1064960K
  class space    used 2137K, capacity 2219K, committed 2304K, reserved 1048576K
2016-07-21T14:08:55.560-0530: 8.082: [GC (Allocation Failure) 8.083: [ParNew
Desired survivor size 20112992 bytes, new threshold 8 (max 8)
- age   1:    7382312 bytes,    7382312 total
- age   2:    2484576 bytes,    9866888 total
: 92642K->10781K(109248K), 0.0147700 secs] 92642K->10781K(502464K), 0.0148311 secs] [Times: user=0.04 sys=0.01, real=0.01 secs] 
Heap after GC invocations=2 (full 0):
 par new generation   total 109248K, used 10781K [0x00000007a0000000, 0x00000007a8000000, 0x00000007a8000000)
  eden space 87424K,   0% used [0x00000007a0000000, 0x00000007a0000000, 0x00000007a5560000)
  from space 21824K,  49% used [0x00000007a5560000, 0x00000007a5fe7780, 0x00000007a6ab0000)
  to   space 21824K,   0% used [0x00000007a6ab0000, 0x00000007a6ab0000, 0x00000007a8000000)
 concurrent mark-sweep generation total 393216K, used 0K [0x00000007a8000000, 0x00000007c0000000, 0x00000007c0000000)
 Metaspace       used 18107K, capacity 18424K, committed 18688K, reserved 1064960K
  class space    used 2137K, capacity 2219K, committed 2304K, reserved 1048576K
}
2016-07-21T14:08:55.575-0530: 8.097: Total time for which application threads were stopped: 0.0150923 seconds
2016-07-21T14:08:55.577-0530: 8.099: Total time for which application threads were stopped: 0.0001249 seconds
2016-07-21T14:08:55.578-0530: 8.100: Total time for which application threads were stopped: 0.0000729 seconds
2016-07-21T14:08:55.578-0530: 8.100: Total time for which application threads were stopped: 0.0000940 seconds
2016-07-21T14:08:55.579-0530: 8.102: Total time for which application threads were stopped: 0.0000850 seconds
2016-07-21T14:08:55.580-0530: 8.102: Total time for which application threads were stopped: 0.0001529 seconds
2016-07-21T14:08:55.580-0530: 8.102: Total time for which application threads were stopped: 0.0001126 seconds
2016-07-21T14:08:55.580-0530: 8.102: Total time for which application threads were stopped: 0.0000721 seconds
2016-07-21T14:08:55.580-0530: 8.102: Total time for which application threads were stopped: 0.0000580 seconds
2016-07-21T14:08:55.580-0530: 8.102: Total time for which application threads were stopped: 0.0000711 seconds
2016-07-21T14:08:55.580-0530: 8.102: Total time for which application threads were stopped: 0.0000638 seconds
2016-07-21T14:08:55.580-0530: 8.103: Total time for which application threads were stopped: 0.0000455 seconds
2016-07-21T14:08:55.580-0530: 8.103: Total time for which application threads were stopped: 0.0000664 seconds
2016-07-21T14:08:55.581-0530: 8.103: Total time for which application threads were stopped: 0.0000782 seconds
2016-07-21T14:08:55.581-0530: 8.103: Total time for which application threads were stopped: 0.0000534 seconds
2016-07-21T14:08:55.581-0530: 8.103: Total time for which application threads were stopped: 0.0000518 seconds
2016-07-21T14:08:55.581-0530: 8.103: Total time for which application threads were stopped: 0.0000706 seconds
2016-07-21T14:08:55.581-0530: 8.103: Total time for which application threads were stopped: 0.0000691 seconds
2016-07-21T14:08:55.581-0530: 8.103: Total time for which application threads were stopped: 0.0000670 seconds
2016-07-21T14:08:55.581-0530: 8.103: Total time for which application threads were stopped: 0.0000772 seconds
2016-07-21T14:08:55.581-0530: 8.103: Total time for which application threads were stopped: 0.0000677 seconds
2016-07-21T14:08:55.581-0530: 8.104: Total time for which application threads were stopped: 0.0001317 seconds
2016-07-21T14:08:55.582-0530: 8.104: Total time for which application threads were stopped: 0.0000856 seconds
2016-07-21T14:08:55.707-0530: 8.230: Total time for which application threads were stopped: 0.0001260 seconds
2016-07-21T14:08:55.708-0530: 8.230: Total time for which application threads were stopped: 0.0000535 seconds
2016-07-21T14:08:55.708-0530: 8.230: Total time for which application threads were stopped: 0.0000417 seconds
2016-07-21T14:08:55.708-0530: 8.230: Total time for which application threads were stopped: 0.0000410 seconds
2016-07-21T14:08:55.708-0530: 8.230: Total time for which application threads were stopped: 0.0000392 seconds
2016-07-21T14:08:55.708-0530: 8.230: Total time for which application threads were stopped: 0.0000413 seconds
2016-07-21T14:08:55.708-0530: 8.230: Total time for which application threads were stopped: 0.0000414 seconds
2016-07-21T14:08:55.708-0530: 8.230: Total time for which application threads were stopped: 0.0000401 seconds
2016-07-21T14:08:55.708-0530: 8.231: Total time for which application threads were stopped: 0.0000413 seconds
2016-07-21T14:08:55.708-0530: 8.231: Total time for which application threads were stopped: 0.0000398 seconds
2016-07-21T14:08:55.708-0530: 8.231: Total time for which application threads were stopped: 0.0000396 seconds
2016-07-21T14:08:55.709-0530: 8.231: Total time for which application threads were stopped: 0.0001354 seconds
2016-07-21T14:08:55.761-0530: 8.284: Total time for which application threads were stopped: 0.0003297 seconds
2016-07-21T14:08:55.844-0530: 8.366: Total time for which application threads were stopped: 0.0002550 seconds
2016-07-21T14:08:55.850-0530: 8.372: Total time for which application threads were stopped: 0.0001044 seconds
2016-07-21T14:08:55.850-0530: 8.372: Total time for which application threads were stopped: 0.0000753 seconds
2016-07-21T14:08:55.850-0530: 8.372: Total time for which application threads were stopped: 0.0000669 seconds
2016-07-21T14:08:55.861-0530: 8.383: Total time for which application threads were stopped: 0.0000977 seconds
2016-07-21T14:08:55.928-0530: 8.450: Total time for which application threads were stopped: 0.0001076 seconds
2016-07-21T14:08:55.928-0530: 8.450: Total time for which application threads were stopped: 0.0000419 seconds
2016-07-21T14:08:55.972-0530: 8.494: Total time for which application threads were stopped: 0.0000924 seconds
2016-07-21T14:08:55.972-0530: 8.494: Total time for which application threads were stopped: 0.0000549 seconds
2016-07-21T14:08:55.972-0530: 8.495: Total time for which application threads were stopped: 0.0000517 seconds
2016-07-21T14:08:55.977-0530: 8.499: Total time for which application threads were stopped: 0.0001136 seconds
2016-07-21T14:08:56.069-0530: 8.592: Total time for which application threads were stopped: 0.0004305 seconds
2016-07-21T14:08:56.330-0530: 8.852: Total time for which application threads were stopped: 0.0002861 seconds
2016-07-21T14:08:56.364-0530: 8.886: Total time for which application threads were stopped: 0.0000744 seconds
2016-07-21T14:08:56.365-0530: 8.887: Total time for which application threads were stopped: 0.0000601 seconds
2016-07-21T14:08:56.449-0530: 8.971: Total time for which application threads were stopped: 0.0000738 seconds
2016-07-21T14:08:56.496-0530: 9.019: Total time for which application threads were stopped: 0.0000794 seconds
2016-07-21T14:08:56.496-0530: 9.019: Total time for which application threads were stopped: 0.0000455 seconds
2016-07-21T14:08:56.497-0530: 9.019: Total time for which application threads were stopped: 0.0000537 seconds
2016-07-21T14:08:56.508-0530: 9.030: Total time for which application threads were stopped: 0.0001058 seconds
2016-07-21T14:08:56.545-0530: 9.068: Total time for which application threads were stopped: 0.0002322 seconds
2016-07-21T14:08:56.610-0530: 9.132: Total time for which application threads were stopped: 0.0002938 seconds
2016-07-21T14:08:56.644-0530: 9.167: Total time for which application threads were stopped: 0.0000955 seconds
{Heap before GC invocations=2 (full 0):
 par new generation   total 109248K, used 98205K [0x00000007a0000000, 0x00000007a8000000, 0x00000007a8000000)
  eden space 87424K, 100% used [0x00000007a0000000, 0x00000007a5560000, 0x00000007a5560000)
  from space 21824K,  49% used [0x00000007a5560000, 0x00000007a5fe7780, 0x00000007a6ab0000)
  to   space 21824K,   0% used [0x00000007a6ab0000, 0x00000007a6ab0000, 0x00000007a8000000)
 concurrent mark-sweep generation total 393216K, used 0K [0x00000007a8000000, 0x00000007c0000000, 0x00000007c0000000)
 Metaspace       used 21373K, capacity 21650K, committed 21884K, reserved 1069056K
  class space    used 2540K, capacity 2614K, committed 2684K, reserved 1048576K
2016-07-21T14:08:56.673-0530: 9.195: [GC (Allocation Failure) 9.195: [ParNew
Desired survivor size 20112992 bytes, new threshold 8 (max 8)
- age   1:    2655784 bytes,    2655784 total
- age   2:    2154032 bytes,    4809816 total
- age   3:    2467976 bytes,    7277792 total
: 98205K->12084K(109248K), 0.0091023 secs] 98205K->12084K(502464K), 0.0091853 secs] [Times: user=0.03 sys=0.00, real=0.01 secs] 
Heap after GC invocations=3 (full 0):
 par new generation   total 109248K, used 12084K [0x00000007a0000000, 0x00000007a8000000, 0x00000007a8000000)
  eden space 87424K,   0% used [0x00000007a0000000, 0x00000007a0000000, 0x00000007a5560000)
  from space 21824K,  55% used [0x00000007a6ab0000, 0x00000007a767d000, 0x00000007a8000000)
  to   space 21824K,   0% used [0x00000007a5560000, 0x00000007a5560000, 0x00000007a6ab0000)
 concurrent mark-sweep generation total 393216K, used 0K [0x00000007a8000000, 0x00000007c0000000, 0x00000007c0000000)
 Metaspace       used 21373K, capacity 21650K, committed 21884K, reserved 1069056K
  class space    used 2540K, capacity 2614K, committed 2684K, reserved 1048576K
}
2016-07-21T14:08:56.682-0530: 9.205: Total time for which application threads were stopped: 0.0093866 seconds
2016-07-21T14:08:56.683-0530: 9.205: Total time for which application threads were stopped: 0.0000986 seconds
2016-07-21T14:08:56.699-0530: 9.222: [GC (CMS Initial Mark) [1 CMS-initial-mark: 0K(393216K)] 13278K(502464K), 0.0035651 secs] [Times: user=0.00 sys=0.00, real=0.01 secs] 
2016-07-21T14:08:56.703-0530: 9.225: Total time for which application threads were stopped: 0.0037285 seconds
2016-07-21T14:08:56.703-0530: 9.225: [CMS-concurrent-mark-start]
2016-07-21T14:08:56.713-0530: 9.236: [CMS-concurrent-mark: 0.010/0.010 secs] [Times: user=0.01 sys=0.00, real=0.01 secs] 
2016-07-21T14:08:56.713-0530: 9.236: [CMS-concurrent-preclean-start]
2016-07-21T14:08:56.715-0530: 9.237: [CMS-concurrent-preclean: 0.001/0.001 secs] [Times: user=0.00 sys=0.00, real=0.00 secs] 
2016-07-21T14:08:56.715-0530: 9.237: Total time for which application threads were stopped: 0.0001423 seconds
2016-07-21T14:08:56.715-0530: 9.237: [GC (CMS Final Remark) [YG occupancy: 13278 K (109248 K)]{Heap before GC invocations=3 (full 1):
 par new generation   total 109248K, used 13278K [0x00000007a0000000, 0x00000007a8000000, 0x00000007a8000000)
  eden space 87424K,   1% used [0x00000007a0000000, 0x00000007a012a9b8, 0x00000007a5560000)
  from space 21824K,  55% used [0x00000007a6ab0000, 0x00000007a767d000, 0x00000007a8000000)
  to   space 21824K,   0% used [0x00000007a5560000, 0x00000007a5560000, 0x00000007a6ab0000)
 concurrent mark-sweep generation total 393216K, used 0K [0x00000007a8000000, 0x00000007c0000000, 0x00000007c0000000)
 Metaspace       used 21383K, capacity 21650K, committed 21884K, reserved 1069056K
  class space    used 2543K, capacity 2614K, committed 2684K, reserved 1048576K
2016-07-21T14:08:56.715-0530: 9.238: [GC (CMS Final Remark) 9.238: [ParNew
Desired survivor size 20112992 bytes, new threshold 8 (max 8)
- age   1:      14304 bytes,      14304 total
- age   2:     494008 bytes,     508312 total
- age   3:    2154032 bytes,    2662344 total
- age   4:    2468056 bytes,    5130400 total
: 13278K->7581K(109248K), 0.0076461 secs] 13278K->7581K(502464K), 0.0076933 secs] [Times: user=0.02 sys=0.00, real=0.01 secs] 
Heap after GC invocations=4 (full 1):
 par new generation   total 109248K, used 7581K [0x00000007a0000000, 0x00000007a8000000, 0x00000007a8000000)
  eden space 87424K,   0% used [0x00000007a0000000, 0x00000007a0000000, 0x00000007a5560000)
  from space 21824K,  34% used [0x00000007a5560000, 0x00000007a5cc7680, 0x00000007a6ab0000)
  to   space 21824K,   0% used [0x00000007a6ab0000, 0x00000007a6ab0000, 0x00000007a8000000)
 concurrent mark-sweep generation total 393216K, used 0K [0x00000007a8000000, 0x00000007c0000000, 0x00000007c0000000)
 Metaspace       used 21383K, capacity 21650K, committed 21884K, reserved 1069056K
  class space    used 2543K, capacity 2614K, committed 2684K, reserved 1048576K
}
9.245: [Rescan (parallel) , 0.0022671 secs]9.248: [weak refs processing, 0.0007900 secs]9.248: [class unloading, 0.0069006 secs]9.255: [scrub symbol table, 0.0033427 secs]9.259: [scrub string table, 0.0002994 secs][1 CMS-remark: 0K(393216K)] 7581K(502464K), 0.0233905 secs] [Times: user=0.05 sys=0.00, real=0.02 secs] 
2016-07-21T14:08:56.739-0530: 9.261: Total time for which application threads were stopped: 0.0235840 seconds
2016-07-21T14:08:56.739-0530: 9.261: [CMS-concurrent-sweep-start]
2016-07-21T14:08:56.739-0530: 9.261: [CMS-concurrent-sweep: 0.000/0.000 secs] [Times: user=0.00 sys=0.00, real=0.00 secs] 
2016-07-21T14:08:56.739-0530: 9.261: [CMS-concurrent-reset-start]
2016-07-21T14:08:56.744-0530: 9.267: [CMS-concurrent-reset: 0.005/0.005 secs] [Times: user=0.00 sys=0.00, real=0.01 secs] 
2016-07-21T14:08:56.839-0530: 9.361: Total time for which application threads were stopped: 0.0001352 seconds
2016-07-21T14:08:56.839-0530: 9.362: Total time for which application threads were stopped: 0.0000972 seconds
2016-07-21T14:08:56.839-0530: 9.362: Total time for which application threads were stopped: 0.0001063 seconds
2016-07-21T14:08:56.851-0530: 9.373: Total time for which application threads were stopped: 0.0000784 seconds
2016-07-21T14:08:56.907-0530: 9.429: Total time for which application threads were stopped: 0.0000741 seconds
2016-07-21T14:08:56.907-0530: 9.429: Total time for which application threads were stopped: 0.0000444 seconds
2016-07-21T14:08:57.036-0530: 9.559: Total time for which application threads were stopped: 0.0001006 seconds
2016-07-21T14:08:57.037-0530: 9.559: Total time for which application threads were stopped: 0.0000588 seconds
2016-07-21T14:08:57.037-0530: 9.559: Total time for which application threads were stopped: 0.0000484 seconds
2016-07-21T14:08:57.039-0530: 9.561: Total time for which application threads were stopped: 0.0000745 seconds
2016-07-21T14:08:57.041-0530: 9.563: Total time for which application threads were stopped: 0.0000654 seconds
2016-07-21T14:08:57.041-0530: 9.563: Total time for which application threads were stopped: 0.0000459 seconds
2016-07-21T14:08:57.041-0530: 9.563: Total time for which application threads were stopped: 0.0000408 seconds
2016-07-21T14:08:57.046-0530: 9.568: Total time for which application threads were stopped: 0.0001286 seconds
2016-07-21T14:08:57.110-0530: 9.632: Total time for which application threads were stopped: 0.0001064 seconds
2016-07-21T14:08:57.137-0530: 9.659: Total time for which application threads were stopped: 0.0001161 seconds
2016-07-21T14:08:58.158-0530: 10.681: Total time for which application threads were stopped: 0.0162487 seconds
2016-07-21T14:08:58.270-0530: 10.792: Total time for which application threads were stopped: 0.0002962 seconds
2016-07-21T14:08:59.290-0530: 11.813: Total time for which application threads were stopped: 0.0179361 seconds
2016-07-21T14:09:00.292-0530: 12.814: Total time for which application threads were stopped: 0.0005352 seconds
2016-07-21T14:09:00.561-0530: 13.083: Total time for which application threads were stopped: 0.0000939 seconds
2016-07-21T14:09:00.561-0530: 13.083: Total time for which application threads were stopped: 0.0000679 seconds
2016-07-21T14:09:00.561-0530: 13.084: Total time for which application threads were stopped: 0.0001411 seconds
2016-07-21T14:09:00.564-0530: 13.087: Total time for which application threads were stopped: 0.0000968 seconds
2016-07-21T14:09:00.628-0530: 13.150: Total time for which application threads were stopped: 0.0000841 seconds
2016-07-21T14:09:00.628-0530: 13.150: Total time for which application threads were stopped: 0.0000860 seconds
2016-07-21T14:09:00.639-0530: 13.161: Total time for which application threads were stopped: 0.0001707 seconds
2016-07-21T14:09:00.717-0530: 13.240: Total time for which application threads were stopped: 0.0001738 seconds
2016-07-21T14:09:00.718-0530: 13.240: Total time for which application threads were stopped: 0.0001378 seconds
2016-07-21T14:09:00.728-0530: 13.251: Total time for which application threads were stopped: 0.0001481 seconds
2016-07-21T14:09:00.879-0530: 13.402: Total time for which application threads were stopped: 0.0001176 seconds
2016-07-21T14:09:00.879-0530: 13.402: Total time for which application threads were stopped: 0.0000767 seconds
2016-07-21T14:09:00.880-0530: 13.402: Total time for which application threads were stopped: 0.0000805 seconds
2016-07-21T14:09:01.083-0530: 13.605: Total time for which application threads were stopped: 0.0001307 seconds
2016-07-21T14:09:01.083-0530: 13.606: Total time for which application threads were stopped: 0.0001000 seconds
2016-07-21T14:09:02.086-0530: 14.608: Total time for which application threads were stopped: 0.0001981 seconds
2016-07-21T14:10:16.283-0530: 88.807: Total time for which application threads were stopped: 0.0002415 seconds
2016-07-21T14:11:27.776-0530: 160.322: Total time for which application threads were stopped: 0.0202517 seconds
2016-07-21T14:11:27.797-0530: 160.322: Total time for which application threads were stopped: 0.0000977 seconds
2016-07-21T14:11:27.813-0530: 160.338: Total time for which application threads were stopped: 0.0000767 seconds
2016-07-21T14:11:27.813-0530: 160.338: Total time for which application threads were stopped: 0.0000474 seconds
2016-07-21T14:11:27.813-0530: 160.338: Total time for which application threads were stopped: 0.0000375 seconds
2016-07-21T14:11:27.813-0530: 160.339: Total time for which application threads were stopped: 0.0000390 seconds
2016-07-21T14:11:27.813-0530: 160.339: Total time for which application threads were stopped: 0.0000380 seconds
2016-07-21T14:11:27.814-0530: 160.339: Total time for which application threads were stopped: 0.0000470 seconds
2016-07-21T14:11:27.814-0530: 160.339: Total time for which application threads were stopped: 0.0000355 seconds
2016-07-21T14:11:27.814-0530: 160.339: Total time for which application threads were stopped: 0.0000382 seconds
2016-07-21T14:11:27.814-0530: 160.339: Total time for which application threads were stopped: 0.0000369 seconds
2016-07-21T14:11:27.814-0530: 160.339: Total time for which application threads were stopped: 0.0000355 seconds
2016-07-21T14:11:27.814-0530: 160.339: Total time for which application threads were stopped: 0.0000384 seconds
2016-07-21T14:11:27.814-0530: 160.339: Total time for which application threads were stopped: 0.0000355 seconds
2016-07-21T14:11:27.814-0530: 160.339: Total time for which application threads were stopped: 0.0000356 seconds
2016-07-21T14:11:27.814-0530: 160.339: Total time for which application threads were stopped: 0.0000383 seconds
2016-07-21T14:11:27.814-0530: 160.340: Total time for which application threads were stopped: 0.0000380 seconds
2016-07-21T14:11:27.814-0530: 160.340: Total time for which application threads were stopped: 0.0000381 seconds
2016-07-21T14:11:27.815-0530: 160.340: Total time for which application threads were stopped: 0.0000351 seconds
2016-07-21T14:11:27.815-0530: 160.340: Total time for which application threads were stopped: 0.0000357 seconds
2016-07-21T14:11:27.815-0530: 160.340: Total time for which application threads were stopped: 0.0000382 seconds
2016-07-21T14:11:27.815-0530: 160.340: Total time for which application threads were stopped: 0.0001065 seconds
2016-07-21T14:11:27.817-0530: 160.342: Total time for which application threads were stopped: 0.0000685 seconds
2016-07-21T14:11:27.818-0530: 160.343: Total time for which application threads were stopped: 0.0000758 seconds
2016-07-21T14:11:27.853-0530: 160.378: Total time for which application threads were stopped: 0.0001227 seconds
2016-07-21T14:11:27.862-0530: 160.387: Total time for which application threads were stopped: 0.0000697 seconds
2016-07-21T14:11:27.862-0530: 160.388: Total time for which application threads were stopped: 0.0000472 seconds
2016-07-21T14:11:27.901-0530: 160.427: Total time for which application threads were stopped: 0.0000892 seconds
2016-07-21T14:11:27.902-0530: 160.427: Total time for which application threads were stopped: 0.0000424 seconds
2016-07-21T14:11:27.902-0530: 160.428: Total time for which application threads were stopped: 0.0000520 seconds
2016-07-21T14:11:27.924-0530: 160.449: Total time for which application threads were stopped: 0.0000748 seconds
2016-07-21T14:11:27.924-0530: 160.449: Total time for which application threads were stopped: 0.0000469 seconds
2016-07-21T14:11:27.925-0530: 160.450: Total time for which application threads were stopped: 0.0000571 seconds
2016-07-21T14:11:27.929-0530: 160.454: Total time for which application threads were stopped: 0.0001193 seconds
2016-07-21T14:11:27.948-0530: 160.473: Total time for which application threads were stopped: 0.0000760 seconds
2016-07-21T14:11:27.948-0530: 160.473: Total time for which application threads were stopped: 0.0000547 seconds
2016-07-21T14:11:27.990-0530: 160.515: Total time for which application threads were stopped: 0.0001146 seconds
2016-07-21T14:11:27.995-0530: 160.520: Total time for which application threads were stopped: 0.0000816 seconds
2016-07-21T14:11:28.002-0530: 160.527: Total time for which application threads were stopped: 0.0001095 seconds
2016-07-21T14:11:28.025-0530: 160.550: Total time for which application threads were stopped: 0.0000901 seconds
2016-07-21T14:11:28.025-0530: 160.550: Total time for which application threads were stopped: 0.0000579 seconds
2016-07-21T14:11:28.026-0530: 160.551: Total time for which application threads were stopped: 0.0000575 seconds
2016-07-21T14:11:28.079-0530: 160.605: Total time for which application threads were stopped: 0.0000910 seconds
2016-07-21T14:11:28.080-0530: 160.605: Total time for which application threads were stopped: 0.0000534 seconds
2016-07-21T14:11:28.080-0530: 160.605: Total time for which application threads were stopped: 0.0000654 seconds
2016-07-21T14:11:28.084-0530: 160.610: Total time for which application threads were stopped: 0.0000769 seconds
2016-07-21T14:11:28.086-0530: 160.611: Total time for which application threads were stopped: 0.0001300 seconds
2016-07-21T14:11:28.148-0530: 160.673: Total time for which application threads were stopped: 0.0001576 seconds
2016-07-21T14:11:28.173-0530: 160.698: Total time for which application threads were stopped: 0.0000926 seconds
2016-07-21T14:11:28.173-0530: 160.698: Total time for which application threads were stopped: 0.0000660 seconds
2016-07-21T14:11:28.174-0530: 160.699: Total time for which application threads were stopped: 0.0000831 seconds
2016-07-21T14:11:28.232-0530: 160.758: Total time for which application threads were stopped: 0.0001891 seconds
2016-07-21T14:11:28.233-0530: 160.758: Total time for which application threads were stopped: 0.0001223 seconds
2016-07-21T14:11:28.245-0530: 160.770: Total time for which application threads were stopped: 0.0002001 seconds
2016-07-21T14:11:28.253-0530: 160.778: Total time for which application threads were stopped: 0.0001299 seconds
2016-07-21T14:11:28.258-0530: 160.783: Total time for which application threads were stopped: 0.0001540 seconds
2016-07-21T14:11:28.258-0530: 160.784: Total time for which application threads were stopped: 0.0000966 seconds
2016-07-21T14:11:28.263-0530: 160.789: Total time for which application threads were stopped: 0.0002180 seconds
2016-07-21T14:11:28.274-0530: 160.800: Total time for which application threads were stopped: 0.0002444 seconds
2016-07-21T14:11:28.276-0530: 160.801: Total time for which application threads were stopped: 0.0001722 seconds
2016-07-21T14:11:28.306-0530: 160.831: Total time for which application threads were stopped: 0.0001659 seconds
2016-07-21T14:11:28.307-0530: 160.832: Total time for which application threads were stopped: 0.0001775 seconds
2016-07-21T14:11:28.308-0530: 160.833: Total time for which application threads were stopped: 0.0001469 seconds
2016-07-21T14:11:28.310-0530: 160.835: Total time for which application threads were stopped: 0.0002892 seconds
2016-07-21T14:11:28.310-0530: 160.836: Total time for which application threads were stopped: 0.0001516 seconds
2016-07-21T14:11:28.311-0530: 160.836: Total time for which application threads were stopped: 0.0001264 seconds
2016-07-21T14:11:28.311-0530: 160.836: Total time for which application threads were stopped: 0.0001873 seconds
2016-07-21T14:11:28.312-0530: 160.837: Total time for which application threads were stopped: 0.0002299 seconds
2016-07-21T14:11:28.312-0530: 160.837: Total time for which application threads were stopped: 0.0001807 seconds
2016-07-21T14:11:28.312-0530: 160.837: Total time for which application threads were stopped: 0.0000887 seconds
2016-07-21T14:11:28.312-0530: 160.837: Total time for which application threads were stopped: 0.0000742 seconds
2016-07-21T14:11:28.312-0530: 160.838: Total time for which application threads were stopped: 0.0000860 seconds
2016-07-21T14:11:28.313-0530: 160.838: Total time for which application threads were stopped: 0.0000733 seconds
2016-07-21T14:11:28.313-0530: 160.838: Total time for which application threads were stopped: 0.0003014 seconds
2016-07-21T14:11:28.659-0530: 161.184: Total time for which application threads were stopped: 0.0001898 seconds
2016-07-21T14:11:28.660-0530: 161.185: Total time for which application threads were stopped: 0.0001105 seconds
2016-07-21T14:11:28.723-0530: 161.248: Total time for which application threads were stopped: 0.0144531 seconds
2016-07-21T14:11:28.723-0530: 161.248: Total time for which application threads were stopped: 0.0001597 seconds
2016-07-21T14:11:28.746-0530: 161.271: Total time for which application threads were stopped: 0.0196831 seconds
2016-07-21T14:11:28.746-0530: 161.271: Total time for which application threads were stopped: 0.0001677 seconds
2016-07-21T14:11:28.747-0530: 161.272: Total time for which application threads were stopped: 0.0001071 seconds
2016-07-21T14:11:28.787-0530: 161.312: Total time for which application threads were stopped: 0.0079153 seconds
2016-07-21T14:11:28.787-0530: 161.312: Total time for which application threads were stopped: 0.0001582 seconds
2016-07-21T14:11:28.829-0530: 161.354: Total time for which application threads were stopped: 0.0418776 seconds
2016-07-21T14:11:28.830-0530: 161.355: Total time for which application threads were stopped: 0.0001165 seconds
2016-07-21T14:11:28.830-0530: 161.355: Total time for which application threads were stopped: 0.0001388 seconds
2016-07-21T14:11:28.830-0530: 161.356: Total time for which application threads were stopped: 0.0000927 seconds
2016-07-21T14:11:28.836-0530: 161.361: Total time for which application threads were stopped: 0.0055854 seconds
2016-07-21T14:11:28.853-0530: 161.378: Total time for which application threads were stopped: 0.0002606 seconds
2016-07-21T14:11:28.903-0530: 161.428: Total time for which application threads were stopped: 0.0003149 seconds
2016-07-21T14:11:28.970-0530: 161.495: Total time for which application threads were stopped: 0.0002498 seconds
2016-07-21T14:11:29.000-0530: 161.525: Total time for which application threads were stopped: 0.0001444 seconds
2016-07-21T14:11:29.031-0530: 161.556: Total time for which application threads were stopped: 0.0001462 seconds
2016-07-21T14:11:29.066-0530: 161.591: Total time for which application threads were stopped: 0.0199445 seconds
2016-07-21T14:11:29.066-0530: 161.591: Total time for which application threads were stopped: 0.0001157 seconds
2016-07-21T14:11:29.077-0530: 161.602: Total time for which application threads were stopped: 0.0106925 seconds
2016-07-21T14:11:29.093-0530: 161.618: Total time for which application threads were stopped: 0.0144092 seconds
2016-07-21T14:11:29.093-0530: 161.619: Total time for which application threads were stopped: 0.0001611 seconds
2016-07-21T14:11:29.117-0530: 161.642: Total time for which application threads were stopped: 0.0226511 seconds
2016-07-21T14:11:29.131-0530: 161.656: Total time for which application threads were stopped: 0.0131737 seconds
2016-07-21T14:11:29.142-0530: 161.667: Total time for which application threads were stopped: 0.0103514 seconds
2016-07-21T14:11:29.157-0530: 161.682: Total time for which application threads were stopped: 0.0137148 seconds
2016-07-21T14:11:29.173-0530: 161.699: Total time for which application threads were stopped: 0.0136306 seconds
2016-07-21T14:11:29.186-0530: 161.712: Total time for which application threads were stopped: 0.0106957 seconds
2016-07-21T14:11:29.220-0530: 161.746: Total time for which application threads were stopped: 0.0317852 seconds
2016-07-21T14:11:29.246-0530: 161.772: Total time for which application threads were stopped: 0.0247882 seconds
2016-07-21T14:11:29.288-0530: 161.813: Total time for which application threads were stopped: 0.0387356 seconds
2016-07-21T14:11:29.486-0530: 162.011: Total time for which application threads were stopped: 0.0327011 seconds
2016-07-21T14:11:29.560-0530: 162.085: Total time for which application threads were stopped: 0.0724123 seconds
2016-07-21T14:11:29.785-0530: 162.311: Total time for which application threads were stopped: 0.1066850 seconds
2016-07-21T14:11:29.844-0530: 162.369: Total time for which application threads were stopped: 0.0581248 seconds
2016-07-21T14:11:29.880-0530: 162.405: Total time for which application threads were stopped: 0.0348585 seconds
2016-07-21T14:11:29.964-0530: 162.490: Total time for which application threads were stopped: 0.0821171 seconds
2016-07-21T14:11:30.665-0530: 163.190: Total time for which application threads were stopped: 0.1366828 seconds
2016-07-21T14:11:30.683-0530: 163.208: Total time for which application threads were stopped: 0.0175186 seconds
2016-07-21T14:11:30.684-0530: 163.209: Total time for which application threads were stopped: 0.0001087 seconds
2016-07-21T14:11:30.684-0530: 163.209: Total time for which application threads were stopped: 0.0001054 seconds
2016-07-21T14:11:30.686-0530: 163.212: Total time for which application threads were stopped: 0.0002262 seconds
2016-07-21T14:11:30.690-0530: 163.215: Total time for which application threads were stopped: 0.0002208 seconds
2016-07-21T14:11:30.803-0530: 163.328: Total time for which application threads were stopped: 0.0003365 seconds
2016-07-21T14:11:31.858-0530: 164.383: Total time for which application threads were stopped: 0.0538431 seconds
2016-07-21T14:11:32.034-0530: 164.559: Total time for which application threads were stopped: 0.0001251 seconds
2016-07-21T14:11:32.034-0530: 164.559: Total time for which application threads were stopped: 0.0000685 seconds
2016-07-21T14:11:32.223-0530: 164.749: Total time for which application threads were stopped: 0.0001589 seconds
2016-07-21T14:11:32.474-0530: 164.999: Total time for which application threads were stopped: 0.0001113 seconds
2016-07-21T14:11:32.733-0530: 165.258: Total time for which application threads were stopped: 0.0001355 seconds
2016-07-21T14:11:32.898-0530: 165.424: Total time for which application threads were stopped: 0.0121642 seconds
2016-07-21T14:11:32.899-0530: 165.424: Total time for which application threads were stopped: 0.0001762 seconds
2016-07-21T14:11:32.910-0530: 165.436: Total time for which application threads were stopped: 0.0108557 seconds
2016-07-21T14:11:32.920-0530: 165.446: Total time for which application threads were stopped: 0.0097881 seconds
2016-07-21T14:11:32.942-0530: 165.467: Total time for which application threads were stopped: 0.0196947 seconds
2016-07-21T14:11:32.976-0530: 165.501: Total time for which application threads were stopped: 0.0295263 seconds
2016-07-21T14:11:33.001-0530: 165.526: Total time for which application threads were stopped: 0.0156579 seconds
2016-07-21T14:11:33.069-0530: 165.595: Total time for which application threads were stopped: 0.0628102 seconds
2016-07-21T14:11:33.206-0530: 165.731: Total time for which application threads were stopped: 0.0547990 seconds
2016-07-21T14:11:33.221-0530: 165.746: Total time for which application threads were stopped: 0.0142661 seconds
2016-07-21T14:11:33.395-0530: 165.921: Total time for which application threads were stopped: 0.0302255 seconds
2016-07-21T14:11:33.550-0530: 166.075: Total time for which application threads were stopped: 0.0708250 seconds
2016-07-21T14:11:34.573-0530: 167.098: Total time for which application threads were stopped: 0.0225618 seconds
2016-07-21T14:11:35.152-0530: 167.677: Total time for which application threads were stopped: 0.0510935 seconds
2016-07-21T14:11:35.242-0530: 167.767: Total time for which application threads were stopped: 0.0892268 seconds
2016-07-21T14:11:35.296-0530: 167.822: Total time for which application threads were stopped: 0.0539882 seconds
2016-07-21T14:11:35.299-0530: 167.824: Total time for which application threads were stopped: 0.0002084 seconds
2016-07-21T14:11:35.359-0530: 167.884: Total time for which application threads were stopped: 0.0593781 seconds
2016-07-21T14:11:35.419-0530: 167.944: Total time for which application threads were stopped: 0.0591145 seconds
2016-07-21T14:11:35.437-0530: 167.962: Total time for which application threads were stopped: 0.0178173 seconds
2016-07-21T14:11:35.439-0530: 167.964: Total time for which application threads were stopped: 0.0248307 seconds
2016-07-21T14:11:35.486-0530: 168.011: Total time for which application threads were stopped: 0.0216487 seconds
2016-07-21T14:11:35.502-0530: 168.028: Total time for which application threads were stopped: 0.0120185 seconds
2016-07-21T14:11:36.551-0530: 169.076: Total time for which application threads were stopped: 0.0440492 seconds
2016-07-21T14:11:37.587-0530: 170.112: Total time for which application threads were stopped: 0.0325523 seconds
2016-07-21T14:11:38.620-0530: 171.145: Total time for which application threads were stopped: 0.0322675 seconds
2016-07-21T14:11:38.690-0530: 171.215: Total time for which application threads were stopped: 0.0003531 seconds
2016-07-21T14:11:39.699-0530: 172.224: Total time for which application threads were stopped: 0.0045746 seconds
{Heap before GC invocations=4 (full 1):
 par new generation   total 109248K, used 95005K [0x00000007a0000000, 0x00000007a8000000, 0x00000007a8000000)
  eden space 87424K, 100% used [0x00000007a0000000, 0x00000007a5560000, 0x00000007a5560000)
  from space 21824K,  34% used [0x00000007a5560000, 0x00000007a5cc7680, 0x00000007a6ab0000)
  to   space 21824K,   0% used [0x00000007a6ab0000, 0x00000007a6ab0000, 0x00000007a8000000)
 concurrent mark-sweep generation total 393216K, used 0K [0x00000007a8000000, 0x00000007c0000000, 0x00000007c0000000)
 Metaspace       used 27349K, capacity 27666K, committed 28028K, reserved 1073152K
  class space    used 3258K, capacity 3328K, committed 3452K, reserved 1048576K
2016-07-21T14:11:40.507-0530: 173.033: [GC (Allocation Failure) 173.033: [ParNew
Desired survivor size 20112992 bytes, new threshold 5 (max 8)
- age   1:   17110352 bytes,   17110352 total
- age   2:       2120 bytes,   17112472 total
- age   3:     477576 bytes,   17590048 total
- age   4:    2106512 bytes,   19696560 total
- age   5:    2467312 bytes,   22163872 total
: 95005K->21824K(109248K), 0.0448949 secs] 95005K->24708K(502464K), 0.0451807 secs] [Times: user=0.06 sys=0.02, real=0.05 secs] 
Heap after GC invocations=5 (full 1):
 par new generation   total 109248K, used 21824K [0x00000007a0000000, 0x00000007a8000000, 0x00000007a8000000)
  eden space 87424K,   0% used [0x00000007a0000000, 0x00000007a0000000, 0x00000007a5560000)
  from space 21824K, 100% used [0x00000007a6ab0000, 0x00000007a8000000, 0x00000007a8000000)
  to   space 21824K,   0% used [0x00000007a5560000, 0x00000007a5560000, 0x00000007a6ab0000)
 concurrent mark-sweep generation total 393216K, used 2884K [0x00000007a8000000, 0x00000007c0000000, 0x00000007c0000000)
 Metaspace       used 27349K, capacity 27666K, committed 28028K, reserved 1073152K
  class space    used 3258K, capacity 3328K, committed 3452K, reserved 1048576K
}
2016-07-21T14:11:40.552-0530: 173.078: Total time for which application threads were stopped: 0.0454332 seconds
2016-07-21T14:11:40.572-0530: 173.098: Total time for which application threads were stopped: 0.0125035 seconds
2016-07-21T14:11:41.012-0530: 173.538: Total time for which application threads were stopped: 0.0000755 seconds
2016-07-21T14:11:41.013-0530: 173.538: Total time for which application threads were stopped: 0.0000580 seconds
2016-07-21T14:11:41.013-0530: 173.538: Total time for which application threads were stopped: 0.0000583 seconds
2016-07-21T14:11:41.013-0530: 173.538: Total time for which application threads were stopped: 0.0000431 seconds
2016-07-21T14:11:41.034-0530: 173.559: Total time for which application threads were stopped: 0.0001027 seconds
2016-07-21T14:11:41.034-0530: 173.560: Total time for which application threads were stopped: 0.0000748 seconds
2016-07-21T14:11:41.035-0530: 173.560: Total time for which application threads were stopped: 0.0000587 seconds
2016-07-21T14:11:41.036-0530: 173.561: Total time for which application threads were stopped: 0.0000556 seconds
2016-07-21T14:11:41.036-0530: 173.561: Total time for which application threads were stopped: 0.0000577 seconds
2016-07-21T14:11:41.046-0530: 173.572: Total time for which application threads were stopped: 0.0001000 seconds
2016-07-21T14:11:41.117-0530: 173.642: Total time for which application threads were stopped: 0.0000854 seconds
2016-07-21T14:11:41.145-0530: 173.671: Total time for which application threads were stopped: 0.0000840 seconds
2016-07-21T14:11:41.146-0530: 173.672: Total time for which application threads were stopped: 0.0000607 seconds
2016-07-21T14:11:41.293-0530: 173.818: Total time for which application threads were stopped: 0.0000774 seconds
2016-07-21T14:11:41.293-0530: 173.818: Total time for which application threads were stopped: 0.0000353 seconds
2016-07-21T14:11:41.355-0530: 173.881: Total time for which application threads were stopped: 0.0000751 seconds
2016-07-21T14:11:41.355-0530: 173.881: Total time for which application threads were stopped: 0.0000382 seconds
2016-07-21T14:11:41.355-0530: 173.881: Total time for which application threads were stopped: 0.0000358 seconds
2016-07-21T14:11:41.582-0530: 174.108: Total time for which application threads were stopped: 0.0001111 seconds
2016-07-21T14:11:41.583-0530: 174.108: Total time for which application threads were stopped: 0.0000408 seconds
2016-07-21T14:11:41.649-0530: 174.175: Total time for which application threads were stopped: 0.0001270 seconds
2016-07-21T14:11:41.818-0530: 174.343: Total time for which application threads were stopped: 0.0000863 seconds
2016-07-21T14:11:41.818-0530: 174.343: Total time for which application threads were stopped: 0.0000406 seconds
2016-07-21T14:11:41.838-0530: 174.363: Total time for which application threads were stopped: 0.0001172 seconds
2016-07-21T14:11:42.221-0530: 174.747: Total time for which application threads were stopped: 0.0005240 seconds
2016-07-21T14:11:42.527-0530: 175.053: Total time for which application threads were stopped: 0.0004142 seconds
2016-07-21T14:11:42.841-0530: 175.367: Total time for which application threads were stopped: 0.0000940 seconds
{Heap before GC invocations=5 (full 1):
 par new generation   total 109248K, used 109248K [0x00000007a0000000, 0x00000007a8000000, 0x00000007a8000000)
  eden space 87424K, 100% used [0x00000007a0000000, 0x00000007a5560000, 0x00000007a5560000)
  from space 21824K, 100% used [0x00000007a6ab0000, 0x00000007a8000000, 0x00000007a8000000)
  to   space 21824K,   0% used [0x00000007a5560000, 0x00000007a5560000, 0x00000007a6ab0000)
 concurrent mark-sweep generation total 393216K, used 2884K [0x00000007a8000000, 0x00000007c0000000, 0x00000007c0000000)
 Metaspace       used 29498K, capacity 29862K, committed 30332K, reserved 1075200K
  class space    used 3531K, capacity 3626K, committed 3708K, reserved 1048576K
2016-07-21T14:11:42.895-0530: 175.420: [GC (Allocation Failure) 175.420: [ParNew
Desired survivor size 20112992 bytes, new threshold 4 (max 8)
- age   1:    8958528 bytes,    8958528 total
- age   2:   11083936 bytes,   20042464 total
- age   3:       2120 bytes,   20044584 total
- age   4:     322696 bytes,   20367280 total
- age   5:    1920064 bytes,   22287344 total
: 109248K->21824K(109248K), 0.0612220 secs] 112132K->41326K(502464K), 0.0612873 secs] [Times: user=0.13 sys=0.03, real=0.06 secs] 
Heap after GC invocations=6 (full 1):
 par new generation   total 109248K, used 21824K [0x00000007a0000000, 0x00000007a8000000, 0x00000007a8000000)
  eden space 87424K,   0% used [0x00000007a0000000, 0x00000007a0000000, 0x00000007a5560000)
  from space 21824K, 100% used [0x00000007a5560000, 0x00000007a6ab0000, 0x00000007a6ab0000)
  to   space 21824K,   0% used [0x00000007a6ab0000, 0x00000007a6ab0000, 0x00000007a8000000)
 concurrent mark-sweep generation total 393216K, used 19502K [0x00000007a8000000, 0x00000007c0000000, 0x00000007c0000000)
 Metaspace       used 29498K, capacity 29862K, committed 30332K, reserved 1075200K
  class space    used 3531K, capacity 3626K, committed 3708K, reserved 1048576K
}
2016-07-21T14:11:42.956-0530: 175.482: Total time for which application threads were stopped: 0.0615509 seconds
2016-07-21T14:11:42.977-0530: 175.502: Total time for which application threads were stopped: 0.0003586 seconds
2016-07-21T14:11:43.124-0530: 175.650: Total time for which application threads were stopped: 0.0005662 seconds
{Heap before GC invocations=6 (full 1):
 par new generation   total 109248K, used 109248K [0x00000007a0000000, 0x00000007a8000000, 0x00000007a8000000)
  eden space 87424K, 100% used [0x00000007a0000000, 0x00000007a5560000, 0x00000007a5560000)
  from space 21824K, 100% used [0x00000007a5560000, 0x00000007a6ab0000, 0x00000007a6ab0000)
  to   space 21824K,   0% used [0x00000007a6ab0000, 0x00000007a6ab0000, 0x00000007a8000000)
 concurrent mark-sweep generation total 393216K, used 19502K [0x00000007a8000000, 0x00000007c0000000, 0x00000007c0000000)
 Metaspace       used 29617K, capacity 29990K, committed 30332K, reserved 1075200K
  class space    used 3539K, capacity 3626K, committed 3708K, reserved 1048576K
2016-07-21T14:11:43.895-0530: 176.420: [GC (Allocation Failure) 176.421: [ParNew
Desired survivor size 20112992 bytes, new threshold 3 (max 8)
- age   1:    4436624 bytes,    4436624 total
- age   2:    6795528 bytes,   11232152 total
- age   3:   11083608 bytes,   22315760 total
- age   4:       2120 bytes,   22317880 total
: 109248K->21824K(109248K), 0.0605049 secs] 128750K->57017K(502464K), 0.0605966 secs] [Times: user=0.15 sys=0.01, real=0.06 secs] 
Heap after GC invocations=7 (full 1):
 par new generation   total 109248K, used 21824K [0x00000007a0000000, 0x00000007a8000000, 0x00000007a8000000)
  eden space 87424K,   0% used [0x00000007a0000000, 0x00000007a0000000, 0x00000007a5560000)
  from space 21824K, 100% used [0x00000007a6ab0000, 0x00000007a8000000, 0x00000007a8000000)
  to   space 21824K,   0% used [0x00000007a5560000, 0x00000007a5560000, 0x00000007a6ab0000)
 concurrent mark-sweep generation total 393216K, used 35193K [0x00000007a8000000, 0x00000007c0000000, 0x00000007c0000000)
 Metaspace       used 29617K, capacity 29990K, committed 30332K, reserved 1075200K
  class space    used 3539K, capacity 3626K, committed 3708K, reserved 1048576K
}
2016-07-21T14:11:43.956-0530: 176.481: Total time for which application threads were stopped: 0.0608106 seconds
2016-07-21T14:11:44.958-0530: 177.484: Total time for which application threads were stopped: 0.0001734 seconds
{Heap before GC invocations=7 (full 1):
 par new generation   total 109248K, used 109248K [0x00000007a0000000, 0x00000007a8000000, 0x00000007a8000000)
  eden space 87424K, 100% used [0x00000007a0000000, 0x00000007a5560000, 0x00000007a5560000)
  from space 21824K, 100% used [0x00000007a6ab0000, 0x00000007a8000000, 0x00000007a8000000)
  to   space 21824K,   0% used [0x00000007a5560000, 0x00000007a5560000, 0x00000007a6ab0000)
 concurrent mark-sweep generation total 393216K, used 35193K [0x00000007a8000000, 0x00000007c0000000, 0x00000007c0000000)
 Metaspace       used 29915K, capacity 30278K, committed 30588K, reserved 1077248K
  class space    used 3586K, capacity 3658K, committed 3708K, reserved 1048576K
2016-07-21T14:11:45.561-0530: 178.086: [GC (Allocation Failure) 178.086: [ParNew
Desired survivor size 20112992 bytes, new threshold 8 (max 8)
- age   1:    3545264 bytes,    3545264 total
- age   2:    4190936 bytes,    7736200 total
- age   3:    6383112 bytes,   14119312 total
: 109248K->21824K(109248K), 0.0226869 secs] 144441K->67972K(502464K), 0.0227491 secs] [Times: user=0.06 sys=0.01, real=0.02 secs] 
Heap after GC invocations=8 (full 1):
 par new generation   total 109248K, used 21824K [0x00000007a0000000, 0x00000007a8000000, 0x00000007a8000000)
  eden space 87424K,   0% used [0x00000007a0000000, 0x00000007a0000000, 0x00000007a5560000)
  from space 21824K, 100% used [0x00000007a5560000, 0x00000007a6ab0000, 0x00000007a6ab0000)
  to   space 21824K,   0% used [0x00000007a6ab0000, 0x00000007a6ab0000, 0x00000007a8000000)
 concurrent mark-sweep generation total 393216K, used 46148K [0x00000007a8000000, 0x00000007c0000000, 0x00000007c0000000)
 Metaspace       used 29915K, capacity 30278K, committed 30588K, reserved 1077248K
  class space    used 3586K, capacity 3658K, committed 3708K, reserved 1048576K
}
2016-07-21T14:11:45.584-0530: 178.109: Total time for which application threads were stopped: 0.0268765 seconds
2016-07-21T14:11:47.510-0530: 180.036: Total time for which application threads were stopped: 0.0001263 seconds
2016-07-21T14:11:48.511-0530: 181.037: Total time for which application threads were stopped: 0.0001960 seconds
2016-07-21T14:12:37.667-0530: 230.193: Total time for which application threads were stopped: 0.0004840 seconds
2016-07-21T14:13:15.560-0530: 268.087: Total time for which application threads were stopped: 0.0001839 seconds
2016-07-21T14:14:00.094-0530: 312.622: Total time for which application threads were stopped: 0.0000838 seconds
2016-07-21T14:14:00.232-0530: 312.760: Total time for which application threads were stopped: 0.0000863 seconds
2016-07-21T14:14:00.976-0530: 313.504: Total time for which application threads were stopped: 0.0001037 seconds
2016-07-21T14:14:00.994-0530: 313.522: Total time for which application threads were stopped: 0.0000845 seconds
2016-07-21T14:14:01.995-0530: 314.523: Total time for which application threads were stopped: 0.0001419 seconds
2016-07-21T14:14:02.169-0530: 314.697: Total time for which application threads were stopped: 0.0001081 seconds
2016-07-21T14:14:02.218-0530: 314.746: Total time for which application threads were stopped: 0.0000999 seconds
2016-07-21T14:14:02.219-0530: 314.747: Total time for which application threads were stopped: 0.0000477 seconds
2016-07-21T14:14:02.219-0530: 314.747: Total time for which application threads were stopped: 0.0000445 seconds
2016-07-21T14:14:02.219-0530: 314.747: Total time for which application threads were stopped: 0.0000434 seconds
2016-07-21T14:14:02.219-0530: 314.747: Total time for which application threads were stopped: 0.0000451 seconds
2016-07-21T14:14:02.219-0530: 314.747: Total time for which application threads were stopped: 0.0000415 seconds
2016-07-21T14:14:02.219-0530: 314.747: Total time for which application threads were stopped: 0.0000410 seconds
2016-07-21T14:14:02.219-0530: 314.748: Total time for which application threads were stopped: 0.0000753 seconds
2016-07-21T14:14:02.220-0530: 314.748: Total time for which application threads were stopped: 0.0000720 seconds
2016-07-21T14:14:02.220-0530: 314.748: Total time for which application threads were stopped: 0.0000685 seconds
2016-07-21T14:14:02.220-0530: 314.748: Total time for which application threads were stopped: 0.0000869 seconds
2016-07-21T14:14:02.220-0530: 314.748: Total time for which application threads were stopped: 0.0000496 seconds
2016-07-21T14:14:02.220-0530: 314.748: Total time for which application threads were stopped: 0.0000737 seconds
2016-07-21T14:14:02.220-0530: 314.748: Total time for which application threads were stopped: 0.0000732 seconds
2016-07-21T14:14:02.220-0530: 314.749: Total time for which application threads were stopped: 0.0000940 seconds
2016-07-21T14:14:02.220-0530: 314.749: Total time for which application threads were stopped: 0.0000751 seconds
2016-07-21T14:14:02.221-0530: 314.749: Total time for which application threads were stopped: 0.0000796 seconds
2016-07-21T14:14:02.221-0530: 314.749: Total time for which application threads were stopped: 0.0000545 seconds
2016-07-21T14:14:02.221-0530: 314.749: Total time for which application threads were stopped: 0.0000659 seconds
2016-07-21T14:14:02.221-0530: 314.832: Total time for which application threads were stopped: 0.0828352 seconds
2016-07-21T14:14:02.304-0530: 314.832: Total time for which application threads were stopped: 0.0000895 seconds
2016-07-21T14:14:02.304-0530: 314.833: Total time for which application threads were stopped: 0.0001609 seconds
{Heap before GC invocations=8 (full 1):
 par new generation   total 109248K, used 109248K [0x00000007a0000000, 0x00000007a8000000, 0x00000007a8000000)
  eden space 87424K, 100% used [0x00000007a0000000, 0x00000007a5560000, 0x00000007a5560000)
  from space 21824K, 100% used [0x00000007a5560000, 0x00000007a6ab0000, 0x00000007a6ab0000)
  to   space 21824K,   0% used [0x00000007a6ab0000, 0x00000007a6ab0000, 0x00000007a8000000)
 concurrent mark-sweep generation total 393216K, used 46148K [0x00000007a8000000, 0x00000007c0000000, 0x00000007c0000000)
 Metaspace       used 30279K, capacity 30726K, committed 31228K, reserved 1077248K
  class space    used 3617K, capacity 3722K, committed 3836K, reserved 1048576K
2016-07-21T14:14:02.598-0530: 315.126: [GC (Allocation Failure) 315.126: [ParNew
Desired survivor size 20112992 bytes, new threshold 4 (max 8)
- age   1:   11114760 bytes,   11114760 total
- age   2:    1309072 bytes,   12423832 total
- age   3:    3596288 bytes,   16020120 total
- age   4:    6285048 bytes,   22305168 total
: 109248K->21824K(109248K), 0.0400036 secs] 155396K->80221K(502464K), 0.0401173 secs] [Times: user=0.10 sys=0.02, real=0.04 secs] 
Heap after GC invocations=9 (full 1):
 par new generation   total 109248K, used 21824K [0x00000007a0000000, 0x00000007a8000000, 0x00000007a8000000)
  eden space 87424K,   0% used [0x00000007a0000000, 0x00000007a0000000, 0x00000007a5560000)
  from space 21824K, 100% used [0x00000007a6ab0000, 0x00000007a8000000, 0x00000007a8000000)
  to   space 21824K,   0% used [0x00000007a5560000, 0x00000007a5560000, 0x00000007a6ab0000)
 concurrent mark-sweep generation total 393216K, used 58397K [0x00000007a8000000, 0x00000007c0000000, 0x00000007c0000000)
 Metaspace       used 30279K, capacity 30726K, committed 31228K, reserved 1077248K
  class space    used 3617K, capacity 3722K, committed 3836K, reserved 1048576K
}
2016-07-21T14:14:02.638-0530: 315.166: Total time for which application threads were stopped: 0.0403543 seconds
2016-07-21T14:14:02.750-0530: 315.278: Total time for which application threads were stopped: 0.0001037 seconds
{Heap before GC invocations=9 (full 1):
 par new generation   total 109248K, used 109248K [0x00000007a0000000, 0x00000007a8000000, 0x00000007a8000000)
  eden space 87424K, 100% used [0x00000007a0000000, 0x00000007a5560000, 0x00000007a5560000)
  from space 21824K, 100% used [0x00000007a6ab0000, 0x00000007a8000000, 0x00000007a8000000)
  to   space 21824K,   0% used [0x00000007a5560000, 0x00000007a5560000, 0x00000007a6ab0000)
 concurrent mark-sweep generation total 393216K, used 58397K [0x00000007a8000000, 0x00000007c0000000, 0x00000007c0000000)
 Metaspace       used 30279K, capacity 30726K, committed 31228K, reserved 1077248K
  class space    used 3617K, capacity 3722K, committed 3836K, reserved 1048576K
2016-07-21T14:14:03.303-0530: 315.832: [GC (Allocation Failure) 315.832: [ParNew
Desired survivor size 20112992 bytes, new threshold 4 (max 8)
- age   1:   10770088 bytes,   10770088 total
- age   2:    6671280 bytes,   17441368 total
- age   3:    1309072 bytes,   18750440 total
- age   4:    3596288 bytes,   22346728 total
: 109248K->21824K(109248K), 0.0349715 secs] 167645K->96388K(502464K), 0.0350352 secs] [Times: user=0.11 sys=0.01, real=0.03 secs] 
Heap after GC invocations=10 (full 1):
 par new generation   total 109248K, used 21824K [0x00000007a0000000, 0x00000007a8000000, 0x00000007a8000000)
  eden space 87424K,   0% used [0x00000007a0000000, 0x00000007a0000000, 0x00000007a5560000)
  from space 21824K, 100% used [0x00000007a5560000, 0x00000007a6ab0000, 0x00000007a6ab0000)
  to   space 21824K,   0% used [0x00000007a6ab0000, 0x00000007a6ab0000, 0x00000007a8000000)
 concurrent mark-sweep generation total 393216K, used 74564K [0x00000007a8000000, 0x00000007c0000000, 0x00000007c0000000)
 Metaspace       used 30279K, capacity 30726K, committed 31228K, reserved 1077248K
  class space    used 3617K, capacity 3722K, committed 3836K, reserved 1048576K
}
2016-07-21T14:14:03.338-0530: 315.867: Total time for which application threads were stopped: 0.0352538 seconds
2016-07-21T14:14:04.345-0530: 316.873: Total time for which application threads were stopped: 0.0028896 seconds
2016-07-21T14:14:05.681-0530: 318.209: Total time for which application threads were stopped: 0.0001889 seconds
2016-07-21T14:14:05.685-0530: 318.213: Total time for which application threads were stopped: 0.0000883 seconds
{Heap before GC invocations=10 (full 1):
 par new generation   total 109248K, used 109248K [0x00000007a0000000, 0x00000007a8000000, 0x00000007a8000000)
  eden space 87424K, 100% used [0x00000007a0000000, 0x00000007a5560000, 0x00000007a5560000)
  from space 21824K, 100% used [0x00000007a5560000, 0x00000007a6ab0000, 0x00000007a6ab0000)
  to   space 21824K,   0% used [0x00000007a6ab0000, 0x00000007a6ab0000, 0x00000007a8000000)
 concurrent mark-sweep generation total 393216K, used 74564K [0x00000007a8000000, 0x00000007c0000000, 0x00000007c0000000)
 Metaspace       used 30304K, capacity 30732K, committed 31228K, reserved 1077248K
  class space    used 3618K, capacity 3723K, committed 3836K, reserved 1048576K
2016-07-21T14:14:05.773-0530: 318.301: [GC (Allocation Failure) 318.301: [ParNew
Desired survivor size 20112992 bytes, new threshold 8 (max 8)
- age   1:    1826456 bytes,    1826456 total
- age   2:    9004016 bytes,   10830472 total
- age   3:    4808168 bytes,   15638640 total
- age   4:    1305168 bytes,   16943808 total
: 109248K->21824K(109248K), 0.0415790 secs] 183812K->103315K(502464K), 0.0416842 secs] [Times: user=0.09 sys=0.00, real=0.04 secs] 
Heap after GC invocations=11 (full 1):
 par new generation   total 109248K, used 21824K [0x00000007a0000000, 0x00000007a8000000, 0x00000007a8000000)
  eden space 87424K,   0% used [0x00000007a0000000, 0x00000007a0000000, 0x00000007a5560000)
  from space 21824K, 100% used [0x00000007a6ab0000, 0x00000007a8000000, 0x00000007a8000000)
  to   space 21824K,   0% used [0x00000007a5560000, 0x00000007a5560000, 0x00000007a6ab0000)
 concurrent mark-sweep generation total 393216K, used 81491K [0x00000007a8000000, 0x00000007c0000000, 0x00000007c0000000)
 Metaspace       used 30304K, capacity 30732K, committed 31228K, reserved 1077248K
  class space    used 3618K, capacity 3723K, committed 3836K, reserved 1048576K
}
2016-07-21T14:14:05.815-0530: 318.343: Total time for which application threads were stopped: 0.0419085 seconds
2016-07-21T14:27:53.377-0530: 1145.921: Total time for which application threads were stopped: 0.0001859 seconds
2016-07-21T14:37:52.262-0530: 1744.825: Total time for which application threads were stopped: 0.0002065 seconds
2016-07-21T14:47:12.928-0530: 2305.506: Total time for which application threads were stopped: 0.0002855 seconds
2016-07-21T14:57:12.156-0530: 2904.743: Total time for which application threads were stopped: 0.0000938 seconds
2016-07-21T14:57:12.231-0530: 2904.818: Total time for which application threads were stopped: 0.0001005 seconds
2016-07-21T14:57:13.232-0530: 2905.818: Total time for which application threads were stopped: 0.0001137 seconds
2016-07-21T14:57:13.514-0530: 2906.100: Total time for which application threads were stopped: 0.1571330 seconds
2016-07-21T14:57:13.683-0530: 2906.269: Total time for which application threads were stopped: 0.1679525 seconds
2016-07-21T14:57:13.780-0530: 2906.367: Total time for which application threads were stopped: 0.0359719 seconds
2016-07-21T14:57:14.071-0530: 2906.657: Total time for which application threads were stopped: 0.0207356 seconds
2016-07-21T14:57:15.100-0530: 2907.686: Total time for which application threads were stopped: 0.0261680 seconds
2016-07-21T14:57:15.230-0530: 2907.816: Total time for which application threads were stopped: 0.0440526 seconds
2016-07-21T14:57:15.282-0530: 2907.868: Total time for which application threads were stopped: 0.0511687 seconds
2016-07-21T14:57:15.478-0530: 2908.064: Total time for which application threads were stopped: 0.0001057 seconds
2016-07-21T14:57:15.523-0530: 2908.110: Total time for which application threads were stopped: 0.0001391 seconds
2016-07-21T14:57:15.524-0530: 2908.110: Total time for which application threads were stopped: 0.0000807 seconds
2016-07-21T14:57:15.524-0530: 2908.110: Total time for which application threads were stopped: 0.0000853 seconds
2016-07-21T14:57:15.524-0530: 2908.110: Total time for which application threads were stopped: 0.0000754 seconds
2016-07-21T14:57:15.524-0530: 2908.110: Total time for which application threads were stopped: 0.0000788 seconds
2016-07-21T14:57:15.524-0530: 2908.111: Total time for which application threads were stopped: 0.0000758 seconds
2016-07-21T14:57:15.524-0530: 2908.111: Total time for which application threads were stopped: 0.0000923 seconds
2016-07-21T14:57:15.524-0530: 2908.111: Total time for which application threads were stopped: 0.0001157 seconds
2016-07-21T14:57:15.526-0530: 2908.112: Total time for which application threads were stopped: 0.0015280 seconds
2016-07-21T14:57:15.528-0530: 2908.115: Total time for which application threads were stopped: 0.0004629 seconds
2016-07-21T14:57:15.529-0530: 2908.115: Total time for which application threads were stopped: 0.0001287 seconds
2016-07-21T14:57:15.529-0530: 2908.115: Total time for which application threads were stopped: 0.0000846 seconds
2016-07-21T14:57:15.529-0530: 2908.115: Total time for which application threads were stopped: 0.0000738 seconds
2016-07-21T14:57:15.529-0530: 2908.116: Total time for which application threads were stopped: 0.0001171 seconds
2016-07-21T14:57:15.529-0530: 2908.116: Total time for which application threads were stopped: 0.0000665 seconds
2016-07-21T14:57:15.755-0530: 2908.342: Total time for which application threads were stopped: 0.0002549 seconds
2016-07-21T14:57:15.756-0530: 2908.342: Total time for which application threads were stopped: 0.0001218 seconds
2016-07-21T14:57:15.756-0530: 2908.342: Total time for which application threads were stopped: 0.0002346 seconds
2016-07-21T14:57:15.756-0530: 2908.343: Total time for which application threads were stopped: 0.0000910 seconds
2016-07-21T14:57:15.756-0530: 2908.343: Total time for which application threads were stopped: 0.0001585 seconds
{Heap before GC invocations=11 (full 1):
 par new generation   total 109248K, used 109248K [0x00000007a0000000, 0x00000007a8000000, 0x00000007a8000000)
  eden space 87424K, 100% used [0x00000007a0000000, 0x00000007a5560000, 0x00000007a5560000)
  from space 21824K, 100% used [0x00000007a6ab0000, 0x00000007a8000000, 0x00000007a8000000)
  to   space 21824K,   0% used [0x00000007a5560000, 0x00000007a5560000, 0x00000007a6ab0000)
 concurrent mark-sweep generation total 393216K, used 81491K [0x00000007a8000000, 0x00000007c0000000, 0x00000007c0000000)
 Metaspace       used 30395K, capacity 30732K, committed 31228K, reserved 1077248K
  class space    used 3618K, capacity 3723K, committed 3836K, reserved 1048576K
2016-07-21T14:57:16.068-0530: 2908.654: [GC (Allocation Failure) 2908.654: [ParNew
Desired survivor size 20112992 bytes, new threshold 4 (max 8)
- age   1:   12146088 bytes,   12146088 total
- age   2:     198144 bytes,   12344232 total
- age   3:    5659640 bytes,   18003872 total
- age   4:    3008072 bytes,   21011944 total
- age   5:    1304688 bytes,   22316632 total
: 109248K->21824K(109248K), 0.0618672 secs] 190739K->119632K(502464K), 0.0619433 secs] [Times: user=0.16 sys=0.02, real=0.07 secs] 
Heap after GC invocations=12 (full 1):
 par new generation   total 109248K, used 21824K [0x00000007a0000000, 0x00000007a8000000, 0x00000007a8000000)
  eden space 87424K,   0% used [0x00000007a0000000, 0x00000007a0000000, 0x00000007a5560000)
  from space 21824K, 100% used [0x00000007a5560000, 0x00000007a6ab0000, 0x00000007a6ab0000)
  to   space 21824K,   0% used [0x00000007a6ab0000, 0x00000007a6ab0000, 0x00000007a8000000)
 concurrent mark-sweep generation total 393216K, used 97808K [0x00000007a8000000, 0x00000007c0000000, 0x00000007c0000000)
 Metaspace       used 30395K, capacity 30732K, committed 31228K, reserved 1077248K
  class space    used 3618K, capacity 3723K, committed 3836K, reserved 1048576K
}
2016-07-21T14:57:16.130-0530: 2908.716: Total time for which application threads were stopped: 0.0621909 seconds
2016-07-21T14:57:16.602-0530: 2909.189: Total time for which application threads were stopped: 0.0011313 seconds
{Heap before GC invocations=12 (full 1):
 par new generation   total 109248K, used 109248K [0x00000007a0000000, 0x00000007a8000000, 0x00000007a8000000)
  eden space 87424K, 100% used [0x00000007a0000000, 0x00000007a5560000, 0x00000007a5560000)
  from space 21824K, 100% used [0x00000007a5560000, 0x00000007a6ab0000, 0x00000007a6ab0000)
  to   space 21824K,   0% used [0x00000007a6ab0000, 0x00000007a6ab0000, 0x00000007a8000000)
 concurrent mark-sweep generation total 393216K, used 97808K [0x00000007a8000000, 0x00000007c0000000, 0x00000007c0000000)
 Metaspace       used 30414K, capacity 30796K, committed 31228K, reserved 1077248K
  class space    used 3618K, capacity 3723K, committed 3836K, reserved 1048576K
2016-07-21T14:57:16.771-0530: 2909.358: [GC (Allocation Failure) 2909.358: [ParNew
Desired survivor size 20112992 bytes, new threshold 4 (max 8)
- age   1:    6071600 bytes,    6071600 total
- age   2:   10430912 bytes,   16502512 total
- age   3:     197976 bytes,   16700488 total
- age   4:    5632920 bytes,   22333408 total
: 109248K->21824K(109248K), 0.0431175 secs] 207056K->135673K(502464K), 0.0432017 secs] [Times: user=0.12 sys=0.01, real=0.04 secs] 
Heap after GC invocations=13 (full 1):
 par new generation   total 109248K, used 21824K [0x00000007a0000000, 0x00000007a8000000, 0x00000007a8000000)
  eden space 87424K,   0% used [0x00000007a0000000, 0x00000007a0000000, 0x00000007a5560000)
  from space 21824K, 100% used [0x00000007a6ab0000, 0x00000007a8000000, 0x00000007a8000000)
  to   space 21824K,   0% used [0x00000007a5560000, 0x00000007a5560000, 0x00000007a6ab0000)
 concurrent mark-sweep generation total 393216K, used 113849K [0x00000007a8000000, 0x00000007c0000000, 0x00000007c0000000)
 Metaspace       used 30414K, capacity 30796K, committed 31228K, reserved 1077248K
  class space    used 3618K, capacity 3723K, committed 3836K, reserved 1048576K
}
2016-07-21T14:57:16.814-0530: 2909.401: Total time for which application threads were stopped: 0.0433946 seconds
2016-07-21T14:57:17.820-0530: 2910.406: Total time for which application threads were stopped: 0.0017096 seconds
2016-07-21T14:57:19.261-0530: 2911.847: Total time for which application threads were stopped: 0.0002130 seconds
{Heap before GC invocations=13 (full 1):
 par new generation   total 109248K, used 109248K [0x00000007a0000000, 0x00000007a8000000, 0x00000007a8000000)
  eden space 87424K, 100% used [0x00000007a0000000, 0x00000007a5560000, 0x00000007a5560000)
  from space 21824K, 100% used [0x00000007a6ab0000, 0x00000007a8000000, 0x00000007a8000000)
  to   space 21824K,   0% used [0x00000007a5560000, 0x00000007a5560000, 0x00000007a6ab0000)
 concurrent mark-sweep generation total 393216K, used 113849K [0x00000007a8000000, 0x00000007c0000000, 0x00000007c0000000)
 Metaspace       used 30464K, capacity 30796K, committed 31228K, reserved 1077248K
  class space    used 3618K, capacity 3723K, committed 3836K, reserved 1048576K
2016-07-21T14:57:19.264-0530: 2911.850: [GC (Allocation Failure) 2911.850: [ParNew
Desired survivor size 20112992 bytes, new threshold 8 (max 8)
- age   1:    2072520 bytes,    2072520 total
- age   2:    3922464 bytes,    5994984 total
- age   3:   10391096 bytes,   16386080 total
- age   4:     197976 bytes,   16584056 total
: 109248K->21824K(109248K), 0.0324525 secs] 223097K->143534K(502464K), 0.0325379 secs] [Times: user=0.08 sys=0.01, real=0.03 secs] 
Heap after GC invocations=14 (full 1):
 par new generation   total 109248K, used 21824K [0x00000007a0000000, 0x00000007a8000000, 0x00000007a8000000)
  eden space 87424K,   0% used [0x00000007a0000000, 0x00000007a0000000, 0x00000007a5560000)
  from space 21824K, 100% used [0x00000007a5560000, 0x00000007a6ab0000, 0x00000007a6ab0000)
  to   space 21824K,   0% used [0x00000007a6ab0000, 0x00000007a6ab0000, 0x00000007a8000000)
 concurrent mark-sweep generation total 393216K, used 121710K [0x00000007a8000000, 0x00000007c0000000, 0x00000007c0000000)
 Metaspace       used 30464K, capacity 30796K, committed 31228K, reserved 1077248K
  class space    used 3618K, capacity 3723K, committed 3836K, reserved 1048576K
}
2016-07-21T14:57:19.296-0530: 2911.883: Total time for which application threads were stopped: 0.0327882 seconds
2016-07-21T14:57:20.299-0530: 2912.885: Total time for which application threads were stopped: 0.0001137 seconds
2016-07-21T14:57:23.310-0530: 2915.897: Total time for which application threads were stopped: 0.0001893 seconds
2016-07-21T14:58:04.409-0530: 2956.997: Total time for which application threads were stopped: 0.0003073 seconds
2016-07-21T14:58:09.427-0530: 2962.014: Total time for which application threads were stopped: 0.0003607 seconds
2016-07-21T15:03:04.557-0530: 3257.149: Total time for which application threads were stopped: 0.0001481 seconds
2016-07-21T15:03:05.324-0530: 3257.915: Total time for which application threads were stopped: 0.0014223 seconds
2016-07-21T15:03:05.547-0530: 3258.139: Total time for which application threads were stopped: 0.0242889 seconds
2016-07-21T15:03:06.587-0530: 3259.178: Total time for which application threads were stopped: 0.1564834 seconds
2016-07-21T15:03:06.825-0530: 3259.417: Total time for which application threads were stopped: 0.0002045 seconds
2016-07-21T15:03:06.826-0530: 3259.417: Total time for which application threads were stopped: 0.0001343 seconds
2016-07-21T15:03:07.716-0530: 3260.308: Total time for which application threads were stopped: 0.0001458 seconds
2016-07-21T15:03:08.025-0530: 3260.617: Total time for which application threads were stopped: 0.0001356 seconds
2016-07-21T15:03:08.081-0530: 3260.672: Total time for which application threads were stopped: 0.0001447 seconds
2016-07-21T15:03:08.081-0530: 3260.672: Total time for which application threads were stopped: 0.0000766 seconds
2016-07-21T15:03:08.081-0530: 3260.672: Total time for which application threads were stopped: 0.0000448 seconds
2016-07-21T15:03:08.081-0530: 3260.673: Total time for which application threads were stopped: 0.0000519 seconds
2016-07-21T15:03:08.081-0530: 3260.673: Total time for which application threads were stopped: 0.0000426 seconds
2016-07-21T15:03:08.081-0530: 3260.673: Total time for which application threads were stopped: 0.0000418 seconds
2016-07-21T15:03:08.081-0530: 3260.673: Total time for which application threads were stopped: 0.0000418 seconds
2016-07-21T15:03:08.081-0530: 3260.673: Total time for which application threads were stopped: 0.0000419 seconds
2016-07-21T15:03:08.082-0530: 3260.673: Total time for which application threads were stopped: 0.0000425 seconds
2016-07-21T15:03:08.082-0530: 3260.673: Total time for which application threads were stopped: 0.0000413 seconds
2016-07-21T15:03:08.082-0530: 3260.673: Total time for which application threads were stopped: 0.0000423 seconds
2016-07-21T15:03:08.082-0530: 3260.673: Total time for which application threads were stopped: 0.0000425 seconds
2016-07-21T15:03:08.082-0530: 3260.673: Total time for which application threads were stopped: 0.0000411 seconds
2016-07-21T15:03:08.082-0530: 3260.674: Total time for which application threads were stopped: 0.0000412 seconds
2016-07-21T15:03:08.082-0530: 3260.674: Total time for which application threads were stopped: 0.0000422 seconds
2016-07-21T15:03:08.082-0530: 3260.674: Total time for which application threads were stopped: 0.0000415 seconds
2016-07-21T15:03:08.082-0530: 3260.674: Total time for which application threads were stopped: 0.0000443 seconds
2016-07-21T15:03:08.137-0530: 3260.729: Total time for which application threads were stopped: 0.0001310 seconds
2016-07-21T15:03:08.138-0530: 3260.729: Total time for which application threads were stopped: 0.0000767 seconds
2016-07-21T15:03:08.138-0530: 3260.729: Total time for which application threads were stopped: 0.0001696 seconds
{Heap before GC invocations=14 (full 1):
 par new generation   total 109248K, used 109248K [0x00000007a0000000, 0x00000007a8000000, 0x00000007a8000000)
  eden space 87424K, 100% used [0x00000007a0000000, 0x00000007a5560000, 0x00000007a5560000)
  from space 21824K, 100% used [0x00000007a5560000, 0x00000007a6ab0000, 0x00000007a6ab0000)
  to   space 21824K,   0% used [0x00000007a6ab0000, 0x00000007a6ab0000, 0x00000007a8000000)
 concurrent mark-sweep generation total 393216K, used 121710K [0x00000007a8000000, 0x00000007c0000000, 0x00000007c0000000)
 Metaspace       used 30546K, capacity 30872K, committed 31228K, reserved 1077248K
  class space    used 3619K, capacity 3725K, committed 3836K, reserved 1048576K
2016-07-21T15:03:08.482-0530: 3261.074: [GC (Allocation Failure) 3261.074: [ParNew
Desired survivor size 20112992 bytes, new threshold 4 (max 8)
- age   1:   11284280 bytes,   11284280 total
- age   2:    1364984 bytes,   12649264 total
- age   3:    3221192 bytes,   15870456 total
- age   4:    5939864 bytes,   21810320 total
- age   5:     197472 bytes,   22007792 total
: 109248K->21824K(109248K), 0.1067235 secs] 230958K->154419K(502464K), 0.1068200 secs] [Times: user=0.12 sys=0.17, real=0.10 secs] 
Heap after GC invocations=15 (full 1):
 par new generation   total 109248K, used 21824K [0x00000007a0000000, 0x00000007a8000000, 0x00000007a8000000)
  eden space 87424K,   0% used [0x00000007a0000000, 0x00000007a0000000, 0x00000007a5560000)
  from space 21824K, 100% used [0x00000007a6ab0000, 0x00000007a8000000, 0x00000007a8000000)
  to   space 21824K,   0% used [0x00000007a5560000, 0x00000007a5560000, 0x00000007a6ab0000)
 concurrent mark-sweep generation total 393216K, used 132595K [0x00000007a8000000, 0x00000007c0000000, 0x00000007c0000000)
 Metaspace       used 30546K, capacity 30872K, committed 31228K, reserved 1077248K
  class space    used 3619K, capacity 3725K, committed 3836K, reserved 1048576K
}
2016-07-21T15:03:08.589-0530: 3261.181: Total time for which application threads were stopped: 0.1070369 seconds
{Heap before GC invocations=15 (full 1):
 par new generation   total 109248K, used 109248K [0x00000007a0000000, 0x00000007a8000000, 0x00000007a8000000)
  eden space 87424K, 100% used [0x00000007a0000000, 0x00000007a5560000, 0x00000007a5560000)
  from space 21824K, 100% used [0x00000007a6ab0000, 0x00000007a8000000, 0x00000007a8000000)
  to   space 21824K,   0% used [0x00000007a5560000, 0x00000007a5560000, 0x00000007a6ab0000)
 concurrent mark-sweep generation total 393216K, used 132595K [0x00000007a8000000, 0x00000007c0000000, 0x00000007c0000000)
 Metaspace       used 30551K, capacity 30872K, committed 31228K, reserved 1077248K
  class space    used 3619K, capacity 3725K, committed 3836K, reserved 1048576K
2016-07-21T15:03:09.110-0530: 3261.702: [GC (Allocation Failure) 3261.702: [ParNew
Desired survivor size 20112992 bytes, new threshold 4 (max 8)
- age   1:    6650200 bytes,    6650200 total
- age   2:   11110744 bytes,   17760944 total
- age   3:    1364984 bytes,   19125928 total
- age   4:    3221192 bytes,   22347120 total
: 109248K->21824K(109248K), 0.0576689 secs] 241843K->169866K(502464K), 0.0577459 secs] [Times: user=0.10 sys=0.06, real=0.05 secs] 
Heap after GC invocations=16 (full 1):
 par new generation   total 109248K, used 21824K [0x00000007a0000000, 0x00000007a8000000, 0x00000007a8000000)
  eden space 87424K,   0% used [0x00000007a0000000, 0x00000007a0000000, 0x00000007a5560000)
  from space 21824K, 100% used [0x00000007a5560000, 0x00000007a6ab0000, 0x00000007a6ab0000)
  to   space 21824K,   0% used [0x00000007a6ab0000, 0x00000007a6ab0000, 0x00000007a8000000)
 concurrent mark-sweep generation total 393216K, used 148042K [0x00000007a8000000, 0x00000007c0000000, 0x00000007c0000000)
 Metaspace       used 30551K, capacity 30872K, committed 31228K, reserved 1077248K
  class space    used 3619K, capacity 3725K, committed 3836K, reserved 1048576K
}
2016-07-21T15:03:09.168-0530: 3261.760: Total time for which application threads were stopped: 0.0580828 seconds
2016-07-21T15:03:11.178-0530: 3263.770: Total time for which application threads were stopped: 0.0001951 seconds
2016-07-21T15:03:11.665-0530: 3264.256: Total time for which application threads were stopped: 0.0002404 seconds
2016-07-21T15:03:12.669-0530: 3265.261: Total time for which application threads were stopped: 0.0001260 seconds
2016-07-21T15:09:32.862-0530: 3645.459: Total time for which application threads were stopped: 0.0002890 seconds
2016-07-21T15:10:03.950-0530: 3676.548: Total time for which application threads were stopped: 0.0001611 seconds
2016-07-21T15:13:48.592-0530: 3901.193: Total time for which application threads were stopped: 0.0001227 seconds
2016-07-21T15:34:55.271-0530: 5167.960: Total time for which application threads were stopped: 0.3257766 seconds
2016-07-21T15:34:55.774-0530: 5168.397: Total time for which application threads were stopped: 0.0349170 seconds
2016-07-21T15:34:55.949-0530: 5168.572: Total time for which application threads were stopped: 0.1716082 seconds
2016-07-21T15:34:57.086-0530: 5169.709: Total time for which application threads were stopped: 0.1343993 seconds
2016-07-21T15:34:58.225-0530: 5170.848: Total time for which application threads were stopped: 0.1352912 seconds
2016-07-21T15:34:59.164-0530: 5171.787: Total time for which application threads were stopped: 0.4010813 seconds
2016-07-21T15:34:59.269-0530: 5171.892: Total time for which application threads were stopped: 0.0985743 seconds
2016-07-21T15:34:59.454-0530: 5172.077: Total time for which application threads were stopped: 0.1821104 seconds
2016-07-21T15:34:59.953-0530: 5172.576: Total time for which application threads were stopped: 0.1685669 seconds
2016-07-21T15:35:00.013-0530: 5172.637: Total time for which application threads were stopped: 0.0486958 seconds
2016-07-21T15:35:00.639-0530: 5173.263: Total time for which application threads were stopped: 0.1439124 seconds
2016-07-21T15:35:00.640-0530: 5173.263: Total time for which application threads were stopped: 0.0002213 seconds
2016-07-21T15:35:00.661-0530: 5173.284: Total time for which application threads were stopped: 0.0209158 seconds
2016-07-21T15:35:00.739-0530: 5173.363: Total time for which application threads were stopped: 0.0780598 seconds
2016-07-21T15:35:00.829-0530: 5173.453: Total time for which application threads were stopped: 0.0795637 seconds
{Heap before GC invocations=16 (full 1):
 par new generation   total 109248K, used 109248K [0x00000007a0000000, 0x00000007a8000000, 0x00000007a8000000)
  eden space 87424K, 100% used [0x00000007a0000000, 0x00000007a5560000, 0x00000007a5560000)
  from space 21824K, 100% used [0x00000007a5560000, 0x00000007a6ab0000, 0x00000007a6ab0000)
  to   space 21824K,   0% used [0x00000007a6ab0000, 0x00000007a6ab0000, 0x00000007a8000000)
 concurrent mark-sweep generation total 393216K, used 148042K [0x00000007a8000000, 0x00000007c0000000, 0x00000007c0000000)
 Metaspace       used 30593K, capacity 30936K, committed 31484K, reserved 1077248K
  class space    used 3620K, capacity 3725K, committed 3836K, reserved 1048576K
2016-07-21T15:35:01.072-0530: 5173.695: [GC (Allocation Failure) 5173.742: [ParNew
Desired survivor size 20112992 bytes, new threshold 8 (max 8)
- age   1:    1482072 bytes,    1482072 total
- age   2:        120 bytes,    1482192 total
- age   3:    8007824 bytes,    9490016 total
- age   4:    1129096 bytes,   10619112 total
: 109248K->21824K(109248K), 2.9596958 secs] 257290K->173173K(502464K), 3.0058091 secs] [Times: user=0.09 sys=0.13, real=3.00 secs] 
Heap after GC invocations=17 (full 1):
 par new generation   total 109248K, used 21824K [0x00000007a0000000, 0x00000007a8000000, 0x00000007a8000000)
  eden space 87424K,   0% used [0x00000007a0000000, 0x00000007a0000000, 0x00000007a5560000)
  from space 21824K, 100% used [0x00000007a6ab0000, 0x00000007a8000000, 0x00000007a8000000)
  to   space 21824K,   0% used [0x00000007a5560000, 0x00000007a5560000, 0x00000007a6ab0000)
 concurrent mark-sweep generation total 393216K, used 151349K [0x00000007a8000000, 0x00000007c0000000, 0x00000007c0000000)
 Metaspace       used 30593K, capacity 30936K, committed 31484K, reserved 1077248K
  class space    used 3620K, capacity 3725K, committed 3836K, reserved 1048576K
}
2016-07-21T15:35:04.078-0530: 5176.701: Total time for which application threads were stopped: 3.0943077 seconds
2016-07-21T15:35:04.081-0530: 5176.704: Total time for which application threads were stopped: 0.0004341 seconds
2016-07-21T15:35:04.379-0530: 5177.003: Total time for which application threads were stopped: 0.0931989 seconds
2016-07-21T15:35:04.495-0530: 5177.118: Total time for which application threads were stopped: 0.1079778 seconds
2016-07-21T15:35:04.585-0530: 5177.209: Total time for which application threads were stopped: 0.0704977 seconds
2016-07-21T15:35:04.777-0530: 5177.400: Total time for which application threads were stopped: 0.1154139 seconds
2016-07-21T15:35:05.800-0530: 5178.423: Total time for which application threads were stopped: 0.0172833 seconds
2016-07-21T15:35:06.895-0530: 5179.518: Total time for which application threads were stopped: 0.0940261 seconds
2016-07-21T15:35:07.902-0530: 5180.526: Total time for which application threads were stopped: 0.0044613 seconds
2016-07-21T15:35:07.977-0530: 5180.600: Total time for which application threads were stopped: 0.0003398 seconds
2016-07-21T15:35:07.977-0530: 5180.600: Total time for which application threads were stopped: 0.0000714 seconds
2016-07-21T15:35:07.977-0530: 5180.600: Total time for which application threads were stopped: 0.0000629 seconds
2016-07-21T15:35:07.977-0530: 5180.601: Total time for which application threads were stopped: 0.0000618 seconds
2016-07-21T15:35:07.977-0530: 5180.601: Total time for which application threads were stopped: 0.0000629 seconds
2016-07-21T15:35:07.978-0530: 5180.601: Total time for which application threads were stopped: 0.0000632 seconds
2016-07-21T15:35:07.978-0530: 5180.601: Total time for which application threads were stopped: 0.0000648 seconds
2016-07-21T15:35:07.978-0530: 5180.601: Total time for which application threads were stopped: 0.0000647 seconds
2016-07-21T15:35:07.978-0530: 5180.602: Total time for which application threads were stopped: 0.0000611 seconds
2016-07-21T15:35:07.980-0530: 5180.603: Total time for which application threads were stopped: 0.0009835 seconds
2016-07-21T15:35:07.980-0530: 5180.604: Total time for which application threads were stopped: 0.0001947 seconds
2016-07-21T15:35:07.981-0530: 5180.604: Total time for which application threads were stopped: 0.0001016 seconds
2016-07-21T15:35:07.981-0530: 5180.604: Total time for which application threads were stopped: 0.0000787 seconds
2016-07-21T15:35:07.981-0530: 5180.604: Total time for which application threads were stopped: 0.0000677 seconds
2016-07-21T15:35:07.984-0530: 5180.608: Total time for which application threads were stopped: 0.0001269 seconds
2016-07-21T15:35:07.985-0530: 5180.608: Total time for which application threads were stopped: 0.0000799 seconds
2016-07-21T15:35:07.985-0530: 5180.608: Total time for which application threads were stopped: 0.0000671 seconds
2016-07-21T15:35:07.985-0530: 5180.608: Total time for which application threads were stopped: 0.0000499 seconds
2016-07-21T15:35:07.985-0530: 5180.608: Total time for which application threads were stopped: 0.0000456 seconds
2016-07-21T15:35:07.985-0530: 5180.608: Total time for which application threads were stopped: 0.0001281 seconds
{Heap before GC invocations=17 (full 1):
 par new generation   total 109248K, used 107839K [0x00000007a0000000, 0x00000007a8000000, 0x00000007a8000000)
  eden space 87424K,  98% used [0x00000007a0000000, 0x00000007a53ffc80, 0x00000007a5560000)
  from space 21824K, 100% used [0x00000007a6ab0000, 0x00000007a8000000, 0x00000007a8000000)
  to   space 21824K,   0% used [0x00000007a5560000, 0x00000007a5560000, 0x00000007a6ab0000)
 concurrent mark-sweep generation total 393216K, used 151349K [0x00000007a8000000, 0x00000007c0000000, 0x00000007c0000000)
 Metaspace       used 30661K, capacity 31000K, committed 31484K, reserved 1077248K
  class space    used 3624K, capacity 3725K, committed 3836K, reserved 1048576K
2016-07-21T15:35:09.952-0530: 5182.575: [GC (Allocation Failure) 5182.575: [ParNew
Desired survivor size 20112992 bytes, new threshold 4 (max 8)
- age   1:   15396400 bytes,   15396400 total
- age   2:     611424 bytes,   16007824 total
- age   3:        120 bytes,   16007944 total
- age   4:    4202744 bytes,   20210688 total
- age   5:    1106080 bytes,   21316768 total
: 107839K->21824K(109248K), 0.0906623 secs] 259188K->180352K(502464K), 0.0907457 secs] [Times: user=0.06 sys=0.03, real=0.09 secs] 
Heap after GC invocations=18 (full 1):
 par new generation   total 109248K, used 21824K [0x00000007a0000000, 0x00000007a8000000, 0x00000007a8000000)
  eden space 87424K,   0% used [0x00000007a0000000, 0x00000007a0000000, 0x00000007a5560000)
  from space 21824K, 100% used [0x00000007a5560000, 0x00000007a6ab0000, 0x00000007a6ab0000)
  to   space 21824K,   0% used [0x00000007a6ab0000, 0x00000007a6ab0000, 0x00000007a8000000)
 concurrent mark-sweep generation total 393216K, used 158528K [0x00000007a8000000, 0x00000007c0000000, 0x00000007c0000000)
 Metaspace       used 30661K, capacity 31000K, committed 31484K, reserved 1077248K
  class space    used 3624K, capacity 3725K, committed 3836K, reserved 1048576K
}
2016-07-21T15:35:10.043-0530: 5182.666: Total time for which application threads were stopped: 0.1222565 seconds
{Heap before GC invocations=18 (full 1):
 par new generation   total 109248K, used 109248K [0x00000007a0000000, 0x00000007a8000000, 0x00000007a8000000)
  eden space 87424K, 100% used [0x00000007a0000000, 0x00000007a5560000, 0x00000007a5560000)
  from space 21824K, 100% used [0x00000007a5560000, 0x00000007a6ab0000, 0x00000007a6ab0000)
  to   space 21824K,   0% used [0x00000007a6ab0000, 0x00000007a6ab0000, 0x00000007a8000000)
 concurrent mark-sweep generation total 393216K, used 158528K [0x00000007a8000000, 0x00000007c0000000, 0x00000007c0000000)
 Metaspace       used 30661K, capacity 31000K, committed 31484K, reserved 1077248K
  class space    used 3624K, capacity 3725K, committed 3836K, reserved 1048576K
2016-07-21T15:35:10.897-0530: 5183.520: [GC (Allocation Failure) 5183.520: [ParNew
Desired survivor size 20112992 bytes, new threshold 2 (max 8)
- age   1:    9722992 bytes,    9722992 total
- age   2:   11641656 bytes,   21364648 total
- age   3:     611328 bytes,   21975976 total
- age   4:         96 bytes,   21976072 total
: 109248K->21824K(109248K), 0.1891483 secs] 267776K->194735K(502464K), 0.1892530 secs] [Times: user=0.21 sys=0.05, real=0.19 secs] 
Heap after GC invocations=19 (full 1):
 par new generation   total 109248K, used 21824K [0x00000007a0000000, 0x00000007a8000000, 0x00000007a8000000)
  eden space 87424K,   0% used [0x00000007a0000000, 0x00000007a0000000, 0x00000007a5560000)
  from space 21824K, 100% used [0x00000007a6ab0000, 0x00000007a8000000, 0x00000007a8000000)
  to   space 21824K,   0% used [0x00000007a5560000, 0x00000007a5560000, 0x00000007a6ab0000)
 concurrent mark-sweep generation total 393216K, used 172911K [0x00000007a8000000, 0x00000007c0000000, 0x00000007c0000000)
 Metaspace       used 30661K, capacity 31000K, committed 31484K, reserved 1077248K
  class space    used 3624K, capacity 3725K, committed 3836K, reserved 1048576K
}
2016-07-21T15:35:11.086-0530: 5183.709: Total time for which application threads were stopped: 0.1895176 seconds
2016-07-21T15:35:14.008-0530: 5186.632: Total time for which application threads were stopped: 0.0002428 seconds
2016-07-21T15:35:15.013-0530: 5187.637: Total time for which application threads were stopped: 0.0001635 seconds
2016-07-21T15:35:23.028-0530: 5195.652: Total time for which application threads were stopped: 0.0011606 seconds
2016-07-21T15:36:48.286-0530: 5280.912: Total time for which application threads were stopped: 0.0009302 seconds
2016-07-21T15:36:53.302-0530: 5285.928: Total time for which application threads were stopped: 0.0001168 seconds
2016-07-21T15:38:14.423-0530: 5367.050: Total time for which application threads were stopped: 0.0008098 seconds
2016-07-21T15:38:14.681-0530: 5367.308: Total time for which application threads were stopped: 0.0001051 seconds
2016-07-21T15:38:14.880-0530: 5367.507: Total time for which application threads were stopped: 0.1280557 seconds
2016-07-21T15:38:14.915-0530: 5367.542: Total time for which application threads were stopped: 0.0328476 seconds
2016-07-21T15:38:15.145-0530: 5367.772: Total time for which application threads were stopped: 0.2016221 seconds
2016-07-21T15:38:15.935-0530: 5368.562: Total time for which application threads were stopped: 0.0455663 seconds
{Heap before GC invocations=19 (full 1):
 par new generation   total 109248K, used 109241K [0x00000007a0000000, 0x00000007a8000000, 0x00000007a8000000)
  eden space 87424K,  99% used [0x00000007a0000000, 0x00000007a555e778, 0x00000007a5560000)
  from space 21824K, 100% used [0x00000007a6ab0000, 0x00000007a8000000, 0x00000007a8000000)
  to   space 21824K,   0% used [0x00000007a5560000, 0x00000007a5560000, 0x00000007a6ab0000)
 concurrent mark-sweep generation total 393216K, used 172911K [0x00000007a8000000, 0x00000007c0000000, 0x00000007c0000000)
 Metaspace       used 30693K, capacity 31000K, committed 31484K, reserved 1077248K
  class space    used 3625K, capacity 3725K, committed 3836K, reserved 1048576K
2016-07-21T15:38:16.527-0530: 5369.154: [GC (Allocation Failure) 5369.258: [ParNew
Desired survivor size 20112992 bytes, new threshold 8 (max 8)
- age   1:    6642448 bytes,    6642448 total
: 109241K->20450K(109248K), 0.8799078 secs] 282153K->199225K(502464K), 0.9840978 secs] [Times: user=1.34 sys=0.14, real=0.99 secs] 
Heap after GC invocations=20 (full 1):
 par new generation   total 109248K, used 20450K [0x00000007a0000000, 0x00000007a8000000, 0x00000007a8000000)
  eden space 87424K,   0% used [0x00000007a0000000, 0x00000007a0000000, 0x00000007a5560000)
  from space 21824K,  93% used [0x00000007a5560000, 0x00000007a69588e0, 0x00000007a6ab0000)
  to   space 21824K,   0% used [0x00000007a6ab0000, 0x00000007a6ab0000, 0x00000007a8000000)
 concurrent mark-sweep generation total 393216K, used 178775K [0x00000007a8000000, 0x00000007c0000000, 0x00000007c0000000)
 Metaspace       used 30693K, capacity 31000K, committed 31484K, reserved 1077248K
  class space    used 3625K, capacity 3725K, committed 3836K, reserved 1048576K
}
2016-07-21T15:38:17.511-0530: 5370.138: Total time for which application threads were stopped: 1.0072534 seconds
2016-07-21T15:38:17.545-0530: 5370.172: Total time for which application threads were stopped: 0.0291001 seconds
2016-07-21T15:38:17.631-0530: 5370.258: Total time for which application threads were stopped: 0.0842191 seconds
2016-07-21T15:38:18.059-0530: 5370.686: Total time for which application threads were stopped: 0.0416018 seconds
2016-07-21T15:38:18.059-0530: 5370.686: Total time for which application threads were stopped: 0.0000590 seconds
2016-07-21T15:38:18.062-0530: 5370.689: Total time for which application threads were stopped: 0.0001943 seconds
2016-07-21T15:38:18.063-0530: 5370.690: Total time for which application threads were stopped: 0.0001735 seconds
2016-07-21T15:38:18.066-0530: 5370.693: Total time for which application threads were stopped: 0.0002029 seconds
2016-07-21T15:38:18.067-0530: 5370.695: Total time for which application threads were stopped: 0.0001049 seconds
2016-07-21T15:38:18.068-0530: 5370.695: Total time for which application threads were stopped: 0.0000653 seconds
2016-07-21T15:38:18.068-0530: 5370.695: Total time for which application threads were stopped: 0.0000642 seconds
2016-07-21T15:38:18.068-0530: 5370.695: Total time for which application threads were stopped: 0.0000595 seconds
{Heap before GC invocations=20 (full 1):
 par new generation   total 109248K, used 107417K [0x00000007a0000000, 0x00000007a8000000, 0x00000007a8000000)
  eden space 87424K,  99% used [0x00000007a0000000, 0x00000007a54edb60, 0x00000007a5560000)
  from space 21824K,  93% used [0x00000007a5560000, 0x00000007a69588e0, 0x00000007a6ab0000)
  to   space 21824K,   0% used [0x00000007a6ab0000, 0x00000007a6ab0000, 0x00000007a8000000)
 concurrent mark-sweep generation total 393216K, used 178775K [0x00000007a8000000, 0x00000007c0000000, 0x00000007c0000000)
 Metaspace       used 30702K, capacity 31064K, committed 31484K, reserved 1077248K
  class space    used 3625K, capacity 3725K, committed 3836K, reserved 1048576K
2016-07-21T15:38:18.740-0530: 5371.367: [GC (Allocation Failure) 5371.367: [ParNew
Desired survivor size 20112992 bytes, new threshold 2 (max 8)
- age   1:   19447392 bytes,   19447392 total
- age   2:    1814808 bytes,   21262200 total
: 107417K->21824K(109248K), 0.0534796 secs] 286192K->205901K(502464K), 0.0535519 secs] [Times: user=0.11 sys=0.05, real=0.05 secs] 
Heap after GC invocations=21 (full 1):
 par new generation   total 109248K, used 21824K [0x00000007a0000000, 0x00000007a8000000, 0x00000007a8000000)
  eden space 87424K,   0% used [0x00000007a0000000, 0x00000007a0000000, 0x00000007a5560000)
  from space 21824K, 100% used [0x00000007a6ab0000, 0x00000007a8000000, 0x00000007a8000000)
  to   space 21824K,   0% used [0x00000007a5560000, 0x00000007a5560000, 0x00000007a6ab0000)
 concurrent mark-sweep generation total 393216K, used 184077K [0x00000007a8000000, 0x00000007c0000000, 0x00000007c0000000)
 Metaspace       used 30702K, capacity 31064K, committed 31484K, reserved 1077248K
  class space    used 3625K, capacity 3725K, committed 3836K, reserved 1048576K
}
2016-07-21T15:38:18.794-0530: 5371.421: Total time for which application threads were stopped: 0.0538986 seconds
{Heap before GC invocations=21 (full 1):
 par new generation   total 109248K, used 109248K [0x00000007a0000000, 0x00000007a8000000, 0x00000007a8000000)
  eden space 87424K, 100% used [0x00000007a0000000, 0x00000007a5560000, 0x00000007a5560000)
  from space 21824K, 100% used [0x00000007a6ab0000, 0x00000007a8000000, 0x00000007a8000000)
  to   space 21824K,   0% used [0x00000007a5560000, 0x00000007a5560000, 0x00000007a6ab0000)
 concurrent mark-sweep generation total 393216K, used 184077K [0x00000007a8000000, 0x00000007c0000000, 0x00000007c0000000)
 Metaspace       used 30702K, capacity 31064K, committed 31484K, reserved 1077248K
  class space    used 3625K, capacity 3725K, committed 3836K, reserved 1048576K
2016-07-21T15:38:19.320-0530: 5371.947: [GC (Allocation Failure) 5371.947: [ParNew
Desired survivor size 20112992 bytes, new threshold 2 (max 8)
- age   1:    8406024 bytes,    8406024 total
- age   2:   13541432 bytes,   21947456 total
: 109248K->21824K(109248K), 0.0971862 secs] 293325K->217379K(502464K), 0.0972511 secs] [Times: user=0.12 sys=0.06, real=0.09 secs] 
Heap after GC invocations=22 (full 1):
 par new generation   total 109248K, used 21824K [0x00000007a0000000, 0x00000007a8000000, 0x00000007a8000000)
  eden space 87424K,   0% used [0x00000007a0000000, 0x00000007a0000000, 0x00000007a5560000)
  from space 21824K, 100% used [0x00000007a5560000, 0x00000007a6ab0000, 0x00000007a6ab0000)
  to   space 21824K,   0% used [0x00000007a6ab0000, 0x00000007a6ab0000, 0x00000007a8000000)
 concurrent mark-sweep generation total 393216K, used 195555K [0x00000007a8000000, 0x00000007c0000000, 0x00000007c0000000)
 Metaspace       used 30702K, capacity 31064K, committed 31484K, reserved 1077248K
  class space    used 3625K, capacity 3725K, committed 3836K, reserved 1048576K
}
2016-07-21T15:38:19.417-0530: 5372.045: Total time for which application threads were stopped: 0.0974672 seconds
2016-07-21T15:38:21.425-0530: 5374.052: Total time for which application threads were stopped: 0.0002829 seconds
2016-07-21T15:38:21.844-0530: 5374.471: Total time for which application threads were stopped: 0.0252037 seconds
2016-07-21T15:38:22.847-0530: 5375.474: Total time for which application threads were stopped: 0.0001144 seconds
2016-07-21T15:39:58.136-0530: 5470.765: Total time for which application threads were stopped: 0.0010331 seconds
2016-07-21T15:45:53.262-0530: 5825.897: Total time for which application threads were stopped: 0.0011318 seconds
2016-07-21T15:49:30.237-0530: 6042.879: Total time for which application threads were stopped: 0.0001492 seconds
2016-07-21T15:49:30.389-0530: 6043.031: Total time for which application threads were stopped: 0.0001122 seconds
2016-07-21T15:49:30.588-0530: 6043.230: Total time for which application threads were stopped: 0.0839997 seconds
2016-07-21T15:49:31.285-0530: 6043.928: Total time for which application threads were stopped: 0.0160122 seconds
2016-07-21T15:49:32.418-0530: 6045.061: Total time for which application threads were stopped: 0.1310844 seconds
2016-07-21T15:49:32.518-0530: 6045.160: Total time for which application threads were stopped: 0.0453548 seconds
2016-07-21T15:49:32.619-0530: 6045.262: Total time for which application threads were stopped: 0.0365892 seconds
2016-07-21T15:49:32.775-0530: 6045.417: Total time for which application threads were stopped: 0.1464074 seconds
2016-07-21T15:49:32.777-0530: 6045.419: Total time for which application threads were stopped: 0.0002013 seconds
2016-07-21T15:49:32.962-0530: 6045.604: Total time for which application threads were stopped: 0.0960307 seconds
2016-07-21T15:49:33.070-0530: 6045.712: Total time for which application threads were stopped: 0.1024742 seconds
2016-07-21T15:49:33.151-0530: 6045.793: Total time for which application threads were stopped: 0.0798823 seconds
2016-07-21T15:49:33.357-0530: 6045.999: Total time for which application threads were stopped: 0.0641107 seconds
2016-07-21T15:49:33.435-0530: 6046.078: Total time for which application threads were stopped: 0.0740073 seconds
2016-07-21T15:49:33.464-0530: 6046.106: Total time for which application threads were stopped: 0.0272377 seconds
{Heap before GC invocations=22 (full 1):
 par new generation   total 109248K, used 109248K [0x00000007a0000000, 0x00000007a8000000, 0x00000007a8000000)
  eden space 87424K, 100% used [0x00000007a0000000, 0x00000007a5560000, 0x00000007a5560000)
  from space 21824K, 100% used [0x00000007a5560000, 0x00000007a6ab0000, 0x00000007a6ab0000)
  to   space 21824K,   0% used [0x00000007a6ab0000, 0x00000007a6ab0000, 0x00000007a8000000)
 concurrent mark-sweep generation total 393216K, used 195555K [0x00000007a8000000, 0x00000007c0000000, 0x00000007c0000000)
 Metaspace       used 30730K, capacity 31128K, committed 31484K, reserved 1077248K
  class space    used 3626K, capacity 3725K, committed 3836K, reserved 1048576K
2016-07-21T15:49:34.316-0530: 6046.959: [GC (Allocation Failure) 6046.982: [ParNew
Desired survivor size 20112992 bytes, new threshold 8 (max 8)
- age   1:    7576544 bytes,    7576544 total
: 109248K->19527K(109248K), 0.2077209 secs] 304803K->221534K(502464K), 0.2313578 secs] [Times: user=0.09 sys=0.07, real=0.23 secs] 
Heap after GC invocations=23 (full 1):
 par new generation   total 109248K, used 19527K [0x00000007a0000000, 0x00000007a8000000, 0x00000007a8000000)
  eden space 87424K,   0% used [0x00000007a0000000, 0x00000007a0000000, 0x00000007a5560000)
  from space 21824K,  89% used [0x00000007a6ab0000, 0x00000007a7dc1c40, 0x00000007a8000000)
  to   space 21824K,   0% used [0x00000007a5560000, 0x00000007a5560000, 0x00000007a6ab0000)
 concurrent mark-sweep generation total 393216K, used 202007K [0x00000007a8000000, 0x00000007c0000000, 0x00000007c0000000)
 Metaspace       used 30730K, capacity 31128K, committed 31484K, reserved 1077248K
  class space    used 3626K, capacity 3725K, committed 3836K, reserved 1048576K
}
2016-07-21T15:49:34.548-0530: 6047.190: Total time for which application threads were stopped: 0.2315729 seconds
2016-07-21T15:49:34.601-0530: 6047.244: [GC (CMS Initial Mark) [1 CMS-initial-mark: 202007K(393216K)] 223255K(502464K), 0.1243515 secs] [Times: user=0.00 sys=0.01, real=0.12 secs] 
2016-07-21T15:49:34.726-0530: 6047.368: Total time for which application threads were stopped: 0.1527808 seconds
2016-07-21T15:49:34.726-0530: 6047.368: [CMS-concurrent-mark-start]
{Heap before GC invocations=23 (full 2):
 par new generation   total 109248K, used 106951K [0x00000007a0000000, 0x00000007a8000000, 0x00000007a8000000)
  eden space 87424K, 100% used [0x00000007a0000000, 0x00000007a5560000, 0x00000007a5560000)
  from space 21824K,  89% used [0x00000007a6ab0000, 0x00000007a7dc1c40, 0x00000007a8000000)
  to   space 21824K,   0% used [0x00000007a5560000, 0x00000007a5560000, 0x00000007a6ab0000)
 concurrent mark-sweep generation total 393216K, used 202007K [0x00000007a8000000, 0x00000007c0000000, 0x00000007c0000000)
 Metaspace       used 30733K, capacity 31128K, committed 31484K, reserved 1077248K
  class space    used 3626K, capacity 3725K, committed 3836K, reserved 1048576K
2016-07-21T15:49:35.458-0530: 6048.101: [GC (Allocation Failure) 6048.101: [ParNew
Desired survivor size 20112992 bytes, new threshold 2 (max 8)
- age   1:   15164336 bytes,   15164336 total
- age   2:    7104256 bytes,   22268592 total
: 106951K->21824K(109248K), 0.2101774 secs] 308958K->240326K(502464K), 0.2102875 secs] [Times: user=0.22 sys=0.08, real=0.21 secs] 
Heap after GC invocations=24 (full 2):
 par new generation   total 109248K, used 21824K [0x00000007a0000000, 0x00000007a8000000, 0x00000007a8000000)
  eden space 87424K,   0% used [0x00000007a0000000, 0x00000007a0000000, 0x00000007a5560000)
  from space 21824K, 100% used [0x00000007a5560000, 0x00000007a6ab0000, 0x00000007a6ab0000)
  to   space 21824K,   0% used [0x00000007a6ab0000, 0x00000007a6ab0000, 0x00000007a8000000)
 concurrent mark-sweep generation total 393216K, used 218502K [0x00000007a8000000, 0x00000007c0000000, 0x00000007c0000000)
 Metaspace       used 30733K, capacity 31128K, committed 31484K, reserved 1077248K
  class space    used 3626K, capacity 3725K, committed 3836K, reserved 1048576K
}
2016-07-21T15:49:35.668-0530: 6048.311: Total time for which application threads were stopped: 0.2105610 seconds
{Heap before GC invocations=24 (full 2):
 par new generation   total 109248K, used 109248K [0x00000007a0000000, 0x00000007a8000000, 0x00000007a8000000)
  eden space 87424K, 100% used [0x00000007a0000000, 0x00000007a5560000, 0x00000007a5560000)
  from space 21824K, 100% used [0x00000007a5560000, 0x00000007a6ab0000, 0x00000007a6ab0000)
  to   space 21824K,   0% used [0x00000007a6ab0000, 0x00000007a6ab0000, 0x00000007a8000000)
 concurrent mark-sweep generation total 393216K, used 218502K [0x00000007a8000000, 0x00000007c0000000, 0x00000007c0000000)
 Metaspace       used 30733K, capacity 31128K, committed 31484K, reserved 1077248K
  class space    used 3626K, capacity 3725K, committed 3836K, reserved 1048576K
2016-07-21T15:49:36.239-0530: 6048.881: [GC (Allocation Failure) 6048.881: [ParNew
Desired survivor size 20112992 bytes, new threshold 2 (max 8)
- age   1:   11025008 bytes,   11025008 total
- age   2:   10405592 bytes,   21430600 total
: 109248K->21824K(109248K), 0.0527684 secs] 327750K->250098K(502464K), 0.0528463 secs] [Times: user=0.08 sys=0.06, real=0.06 secs] 
Heap after GC invocations=25 (full 2):
 par new generation   total 109248K, used 21824K [0x00000007a0000000, 0x00000007a8000000, 0x00000007a8000000)
  eden space 87424K,   0% used [0x00000007a0000000, 0x00000007a0000000, 0x00000007a5560000)
  from space 21824K, 100% used [0x00000007a6ab0000, 0x00000007a8000000, 0x00000007a8000000)
  to   space 21824K,   0% used [0x00000007a5560000, 0x00000007a5560000, 0x00000007a6ab0000)
 concurrent mark-sweep generation total 393216K, used 228274K [0x00000007a8000000, 0x00000007c0000000, 0x00000007c0000000)
 Metaspace       used 30733K, capacity 31128K, committed 31484K, reserved 1077248K
  class space    used 3626K, capacity 3725K, committed 3836K, reserved 1048576K
}
2016-07-21T15:49:36.292-0530: 6048.934: Total time for which application threads were stopped: 0.0531772 seconds
2016-07-21T15:49:36.349-0530: 6048.991: [CMS-concurrent-mark: 1.351/1.615 secs] [Times: user=1.97 sys=0.32, real=1.62 secs] 
2016-07-21T15:49:36.349-0530: 6048.991: [CMS-concurrent-preclean-start]
2016-07-21T15:49:36.395-0530: 6049.038: [CMS-concurrent-preclean: 0.046/0.046 secs] [Times: user=0.05 sys=0.00, real=0.05 secs] 
2016-07-21T15:49:36.395-0530: 6049.038: [CMS-concurrent-abortable-preclean-start]
2016-07-21T15:49:37.276-0530: 6049.918: [CMS-concurrent-abortable-preclean: 0.361/0.881 secs] [Times: user=1.29 sys=0.01, real=0.88 secs] 
2016-07-21T15:49:37.276-0530: 6049.919: [GC (CMS Final Remark) [YG occupancy: 70888 K (109248 K)]{Heap before GC invocations=25 (full 2):
 par new generation   total 109248K, used 70888K [0x00000007a0000000, 0x00000007a8000000, 0x00000007a8000000)
  eden space 87424K,  56% used [0x00000007a0000000, 0x00000007a2fea290, 0x00000007a5560000)
  from space 21824K, 100% used [0x00000007a6ab0000, 0x00000007a8000000, 0x00000007a8000000)
  to   space 21824K,   0% used [0x00000007a5560000, 0x00000007a5560000, 0x00000007a6ab0000)
 concurrent mark-sweep generation total 393216K, used 228274K [0x00000007a8000000, 0x00000007c0000000, 0x00000007c0000000)
 Metaspace       used 30733K, capacity 31128K, committed 31484K, reserved 1077248K
  class space    used 3626K, capacity 3725K, committed 3836K, reserved 1048576K
2016-07-21T15:49:37.277-0530: 6049.919: [GC (CMS Final Remark) 6049.919: [ParNew
Desired survivor size 20112992 bytes, new threshold 8 (max 8)
- age   1:    8074144 bytes,    8074144 total
- age   2:   10506384 bytes,   18580528 total
: 70888K->21824K(109248K), 0.0208806 secs] 299162K->261027K(502464K), 0.0209592 secs] [Times: user=0.07 sys=0.00, real=0.02 secs] 
Heap after GC invocations=26 (full 2):
 par new generation   total 109248K, used 21824K [0x00000007a0000000, 0x00000007a8000000, 0x00000007a8000000)
  eden space 87424K,   0% used [0x00000007a0000000, 0x00000007a0000000, 0x00000007a5560000)
  from space 21824K, 100% used [0x00000007a5560000, 0x00000007a6ab0000, 0x00000007a6ab0000)
  to   space 21824K,   0% used [0x00000007a6ab0000, 0x00000007a6ab0000, 0x00000007a8000000)
 concurrent mark-sweep generation total 393216K, used 239203K [0x00000007a8000000, 0x00000007c0000000, 0x00000007c0000000)
 Metaspace       used 30733K, capacity 31128K, committed 31484K, reserved 1077248K
  class space    used 3626K, capacity 3725K, committed 3836K, reserved 1048576K
}
6049.940: [Rescan (parallel) , 0.0046880 secs]6049.945: [weak refs processing, 0.0008918 secs]6049.946: [class unloading, 0.6667145 secs]6050.612: [scrub symbol table, 0.0332318 secs]6050.646: [scrub string table, 0.0007149 secs][1 CMS-remark: 239203K(393216K)] 261027K(502464K), 0.7326255 secs] [Times: user=0.13 sys=0.07, real=0.73 secs] 
2016-07-21T15:49:38.009-0530: 6050.652: Total time for which application threads were stopped: 0.7329240 seconds
2016-07-21T15:49:38.009-0530: 6050.652: [CMS-concurrent-sweep-start]
2016-07-21T15:49:38.028-0530: 6050.671: Total time for which application threads were stopped: 0.0002476 seconds
2016-07-21T15:49:39.090-0530: 6051.733: Total time for which application threads were stopped: 0.0001786 seconds
2016-07-21T15:49:39.825-0530: 6052.467: [CMS-concurrent-sweep: 1.815/1.816 secs] [Times: user=1.33 sys=0.17, real=1.82 secs] 
2016-07-21T15:49:39.849-0530: 6052.491: [CMS-concurrent-reset-start]
2016-07-21T15:49:39.852-0530: 6052.495: [CMS-concurrent-reset: 0.004/0.004 secs] [Times: user=0.00 sys=0.00, real=0.01 secs] 
2016-07-21T15:49:40.092-0530: 6052.734: Total time for which application threads were stopped: 0.0005618 seconds
2016-07-21T15:50:21.227-0530: 6093.871: Total time for which application threads were stopped: 0.0002220 seconds
2016-07-21T15:50:29.250-0530: 6101.894: Total time for which application threads were stopped: 0.0002177 seconds
2016-07-21T15:51:50.917-0530: 6183.565: Total time for which application threads were stopped: 0.0001315 seconds
2016-07-21T15:51:51.066-0530: 6183.713: Total time for which application threads were stopped: 0.0001226 seconds
2016-07-21T15:51:51.636-0530: 6184.283: Total time for which application threads were stopped: 0.0939490 seconds
2016-07-21T15:51:51.668-0530: 6184.315: Total time for which application threads were stopped: 0.0000900 seconds
2016-07-21T15:51:52.671-0530: 6185.318: Total time for which application threads were stopped: 0.0001265 seconds
2016-07-21T15:51:53.343-0530: 6185.990: Total time for which application threads were stopped: 0.0001318 seconds
{Heap before GC invocations=26 (full 2):
 par new generation   total 109248K, used 109248K [0x00000007a0000000, 0x00000007a8000000, 0x00000007a8000000)
  eden space 87424K, 100% used [0x00000007a0000000, 0x00000007a5560000, 0x00000007a5560000)
  from space 21824K, 100% used [0x00000007a5560000, 0x00000007a6ab0000, 0x00000007a6ab0000)
  to   space 21824K,   0% used [0x00000007a6ab0000, 0x00000007a6ab0000, 0x00000007a8000000)
 concurrent mark-sweep generation total 393216K, used 59262K [0x00000007a8000000, 0x00000007c0000000, 0x00000007c0000000)
 Metaspace       used 30841K, capacity 31164K, committed 31740K, reserved 1077248K
  class space    used 3617K, capacity 3709K, committed 3836K, reserved 1048576K
2016-07-21T15:51:53.722-0530: 6186.370: [GC (Allocation Failure) 6186.390: [ParNew
Desired survivor size 20112992 bytes, new threshold 3 (max 8)
- age   1:   17420680 bytes,   17420680 total
- age   2:    1152752 bytes,   18573432 total
- age   3:    3385720 bytes,   21959152 total
: 109248K->21824K(109248K), 0.0928145 secs] 168510K->93891K(502464K), 0.1136043 secs] [Times: user=0.28 sys=0.02, real=0.11 secs] 
Heap after GC invocations=27 (full 2):
 par new generation   total 109248K, used 21824K [0x00000007a0000000, 0x00000007a8000000, 0x00000007a8000000)
  eden space 87424K,   0% used [0x00000007a0000000, 0x00000007a0000000, 0x00000007a5560000)
  from space 21824K, 100% used [0x00000007a6ab0000, 0x00000007a8000000, 0x00000007a8000000)
  to   space 21824K,   0% used [0x00000007a5560000, 0x00000007a5560000, 0x00000007a6ab0000)
 concurrent mark-sweep generation total 393216K, used 72067K [0x00000007a8000000, 0x00000007c0000000, 0x00000007c0000000)
 Metaspace       used 30841K, capacity 31164K, committed 31740K, reserved 1077248K
  class space    used 3617K, capacity 3709K, committed 3836K, reserved 1048576K
}
2016-07-21T15:51:53.836-0530: 6186.483: Total time for which application threads were stopped: 0.1138685 seconds
{Heap before GC invocations=27 (full 2):
 par new generation   total 109248K, used 109248K [0x00000007a0000000, 0x00000007a8000000, 0x00000007a8000000)
  eden space 87424K, 100% used [0x00000007a0000000, 0x00000007a5560000, 0x00000007a5560000)
  from space 21824K, 100% used [0x00000007a6ab0000, 0x00000007a8000000, 0x00000007a8000000)
  to   space 21824K,   0% used [0x00000007a5560000, 0x00000007a5560000, 0x00000007a6ab0000)
 concurrent mark-sweep generation total 393216K, used 72067K [0x00000007a8000000, 0x00000007c0000000, 0x00000007c0000000)
 Metaspace       used 30841K, capacity 31164K, committed 31740K, reserved 1077248K
  class space    used 3617K, capacity 3709K, committed 3836K, reserved 1048576K
2016-07-21T15:51:54.336-0530: 6186.983: [GC (Allocation Failure) 6186.983: [ParNew
Desired survivor size 20112992 bytes, new threshold 2 (max 8)
- age   1:    6264816 bytes,    6264816 total
- age   2:   14923712 bytes,   21188528 total
- age   3:    1152752 bytes,   22341280 total
: 109248K->21824K(109248K), 0.1294089 secs] 181315K->108545K(502464K), 0.1294970 secs] [Times: user=0.18 sys=0.02, real=0.13 secs] 
Heap after GC invocations=28 (full 2):
 par new generation   total 109248K, used 21824K [0x00000007a0000000, 0x00000007a8000000, 0x00000007a8000000)
  eden space 87424K,   0% used [0x00000007a0000000, 0x00000007a0000000, 0x00000007a5560000)
  from space 21824K, 100% used [0x00000007a5560000, 0x00000007a6ab0000, 0x00000007a6ab0000)
  to   space 21824K,   0% used [0x00000007a6ab0000, 0x00000007a6ab0000, 0x00000007a8000000)
 concurrent mark-sweep generation total 393216K, used 86721K [0x00000007a8000000, 0x00000007c0000000, 0x00000007c0000000)
 Metaspace       used 30841K, capacity 31164K, committed 31740K, reserved 1077248K
  class space    used 3617K, capacity 3709K, committed 3836K, reserved 1048576K
}
2016-07-21T15:51:54.465-0530: 6187.113: Total time for which application threads were stopped: 0.1297675 seconds
2016-07-21T15:51:55.471-0530: 6188.119: Total time for which application threads were stopped: 0.0032816 seconds
2016-07-21T15:51:56.476-0530: 6189.124: Total time for which application threads were stopped: 0.0001533 seconds
2016-07-21T15:51:56.688-0530: 6189.336: Total time for which application threads were stopped: 0.0001744 seconds
2016-07-21T15:51:57.692-0530: 6190.339: Total time for which application threads were stopped: 0.0003492 seconds
2016-07-21T15:52:26.779-0530: 6219.428: Total time for which application threads were stopped: 0.0002728 seconds
2016-07-21T15:52:27.780-0530: 6220.429: Total time for which application threads were stopped: 0.0001911 seconds
2016-07-21T15:52:28.784-0530: 6221.432: Total time for which application threads were stopped: 0.0001192 seconds
2016-07-21T15:52:28.895-0530: 6221.543: Total time for which application threads were stopped: 0.0002098 seconds
{Heap before GC invocations=28 (full 2):
 par new generation   total 109248K, used 109248K [0x00000007a0000000, 0x00000007a8000000, 0x00000007a8000000)
  eden space 87424K, 100% used [0x00000007a0000000, 0x00000007a5560000, 0x00000007a5560000)
  from space 21824K, 100% used [0x00000007a5560000, 0x00000007a6ab0000, 0x00000007a6ab0000)
  to   space 21824K,   0% used [0x00000007a6ab0000, 0x00000007a6ab0000, 0x00000007a8000000)
 concurrent mark-sweep generation total 393216K, used 86721K [0x00000007a8000000, 0x00000007c0000000, 0x00000007c0000000)
 Metaspace       used 30909K, capacity 31292K, committed 31740K, reserved 1077248K
  class space    used 3617K, capacity 3709K, committed 3836K, reserved 1048576K
2016-07-21T15:52:28.910-0530: 6221.559: [GC (Allocation Failure) 6221.559: [ParNew
Desired survivor size 20112992 bytes, new threshold 8 (max 8)
- age   1:    3967904 bytes,    3967904 total
: 109248K->20939K(109248K), 0.1280375 secs] 195969K->119711K(502464K), 0.1281401 secs] [Times: user=0.05 sys=0.02, real=0.12 secs] 
Heap after GC invocations=29 (full 2):
 par new generation   total 109248K, used 20939K [0x00000007a0000000, 0x00000007a8000000, 0x00000007a8000000)
  eden space 87424K,   0% used [0x00000007a0000000, 0x00000007a0000000, 0x00000007a5560000)
  from space 21824K,  95% used [0x00000007a6ab0000, 0x00000007a7f22e80, 0x00000007a8000000)
  to   space 21824K,   0% used [0x00000007a5560000, 0x00000007a5560000, 0x00000007a6ab0000)
 concurrent mark-sweep generation total 393216K, used 98771K [0x00000007a8000000, 0x00000007c0000000, 0x00000007c0000000)
 Metaspace       used 30909K, capacity 31292K, committed 31740K, reserved 1077248K
  class space    used 3617K, capacity 3709K, committed 3836K, reserved 1048576K
}
2016-07-21T15:52:29.038-0530: 6221.687: Total time for which application threads were stopped: 0.1283751 seconds
{Heap before GC invocations=29 (full 2):
 par new generation   total 109248K, used 108363K [0x00000007a0000000, 0x00000007a8000000, 0x00000007a8000000)
  eden space 87424K, 100% used [0x00000007a0000000, 0x00000007a5560000, 0x00000007a5560000)
  from space 21824K,  95% used [0x00000007a6ab0000, 0x00000007a7f22e80, 0x00000007a8000000)
  to   space 21824K,   0% used [0x00000007a5560000, 0x00000007a5560000, 0x00000007a6ab0000)
 concurrent mark-sweep generation total 393216K, used 98771K [0x00000007a8000000, 0x00000007c0000000, 0x00000007c0000000)
 Metaspace       used 30912K, capacity 31292K, committed 31740K, reserved 1077248K
  class space    used 3617K, capacity 3709K, committed 3836K, reserved 1048576K
2016-07-21T15:52:29.471-0530: 6222.119: [GC (Allocation Failure) 6222.119: [ParNew
Desired survivor size 20112992 bytes, new threshold 2 (max 8)
- age   1:   19488048 bytes,   19488048 total
- age   2:    2516080 bytes,   22004128 total
: 108363K->21824K(109248K), 0.0368454 secs] 207135K->129942K(502464K), 0.0369193 secs] [Times: user=0.10 sys=0.02, real=0.03 secs] 
Heap after GC invocations=30 (full 2):
 par new generation   total 109248K, used 21824K [0x00000007a0000000, 0x00000007a8000000, 0x00000007a8000000)
  eden space 87424K,   0% used [0x00000007a0000000, 0x00000007a0000000, 0x00000007a5560000)
  from space 21824K, 100% used [0x00000007a5560000, 0x00000007a6ab0000, 0x00000007a6ab0000)
  to   space 21824K,   0% used [0x00000007a6ab0000, 0x00000007a6ab0000, 0x00000007a8000000)
 concurrent mark-sweep generation total 393216K, used 108118K [0x00000007a8000000, 0x00000007c0000000, 0x00000007c0000000)
 Metaspace       used 30912K, capacity 31292K, committed 31740K, reserved 1077248K
  class space    used 3617K, capacity 3709K, committed 3836K, reserved 1048576K
}
2016-07-21T15:52:29.508-0530: 6222.156: Total time for which application threads were stopped: 0.0371153 seconds
{Heap before GC invocations=30 (full 2):
 par new generation   total 109248K, used 109248K [0x00000007a0000000, 0x00000007a8000000, 0x00000007a8000000)
  eden space 87424K, 100% used [0x00000007a0000000, 0x00000007a5560000, 0x00000007a5560000)
  from space 21824K, 100% used [0x00000007a5560000, 0x00000007a6ab0000, 0x00000007a6ab0000)
  to   space 21824K,   0% used [0x00000007a6ab0000, 0x00000007a6ab0000, 0x00000007a8000000)
 concurrent mark-sweep generation total 393216K, used 108118K [0x00000007a8000000, 0x00000007c0000000, 0x00000007c0000000)
 Metaspace       used 30912K, capacity 31292K, committed 31740K, reserved 1077248K
  class space    used 3617K, capacity 3709K, committed 3836K, reserved 1048576K
2016-07-21T15:52:29.993-0530: 6222.641: [GC (Allocation Failure) 6222.641: [ParNew
Desired survivor size 20112992 bytes, new threshold 8 (max 8)
- age   1:   12435400 bytes,   12435400 total
- age   2:    7537752 bytes,   19973152 total
: 109248K->21824K(109248K), 0.2144122 secs] 217366K->141278K(502464K), 0.2144957 secs] [Times: user=0.48 sys=0.03, real=0.21 secs] 
Heap after GC invocations=31 (full 2):
 par new generation   total 109248K, used 21824K [0x00000007a0000000, 0x00000007a8000000, 0x00000007a8000000)
  eden space 87424K,   0% used [0x00000007a0000000, 0x00000007a0000000, 0x00000007a5560000)
  from space 21824K, 100% used [0x00000007a6ab0000, 0x00000007a8000000, 0x00000007a8000000)
  to   space 21824K,   0% used [0x00000007a5560000, 0x00000007a5560000, 0x00000007a6ab0000)
 concurrent mark-sweep generation total 393216K, used 119454K [0x00000007a8000000, 0x00000007c0000000, 0x00000007c0000000)
 Metaspace       used 30912K, capacity 31292K, committed 31740K, reserved 1077248K
  class space    used 3617K, capacity 3709K, committed 3836K, reserved 1048576K
}
2016-07-21T15:52:30.207-0530: 6222.856: Total time for which application threads were stopped: 0.2146792 seconds
2016-07-21T15:52:32.335-0530: 6224.983: Total time for which application threads were stopped: 0.0002460 seconds
2016-07-21T15:52:33.338-0530: 6225.987: Total time for which application threads were stopped: 0.0001356 seconds
2016-07-21T15:53:22.489-0530: 6275.139: Total time for which application threads were stopped: 0.0001304 seconds
2016-07-21T15:53:28.972-0530: 6281.622: Total time for which application threads were stopped: 0.0001001 seconds
2016-07-21T15:53:29.155-0530: 6281.805: Total time for which application threads were stopped: 0.0001297 seconds
2016-07-21T15:53:30.157-0530: 6282.807: Total time for which application threads were stopped: 0.0003486 seconds
2016-07-21T15:53:30.901-0530: 6283.551: Total time for which application threads were stopped: 0.0001227 seconds
{Heap before GC invocations=31 (full 2):
 par new generation   total 109248K, used 109248K [0x00000007a0000000, 0x00000007a8000000, 0x00000007a8000000)
  eden space 87424K, 100% used [0x00000007a0000000, 0x00000007a5560000, 0x00000007a5560000)
  from space 21824K, 100% used [0x00000007a6ab0000, 0x00000007a8000000, 0x00000007a8000000)
  to   space 21824K,   0% used [0x00000007a5560000, 0x00000007a5560000, 0x00000007a6ab0000)
 concurrent mark-sweep generation total 393216K, used 119454K [0x00000007a8000000, 0x00000007c0000000, 0x00000007c0000000)
 Metaspace       used 30957K, capacity 31292K, committed 31740K, reserved 1077248K
  class space    used 3617K, capacity 3709K, committed 3836K, reserved 1048576K
2016-07-21T15:53:30.930-0530: 6283.580: [GC (Allocation Failure) 6283.580: [ParNew
Desired survivor size 20112992 bytes, new threshold 8 (max 8)
- age   1:    8880816 bytes,    8880816 total
- age   3:    6654448 bytes,   15535264 total
: 109248K->21824K(109248K), 0.0058005 secs] 228702K->141278K(502464K), 0.0058664 secs] [Times: user=0.02 sys=0.00, real=0.00 secs] 
Heap after GC invocations=32 (full 2):
 par new generation   total 109248K, used 21824K [0x00000007a0000000, 0x00000007a8000000, 0x00000007a8000000)
  eden space 87424K,   0% used [0x00000007a0000000, 0x00000007a0000000, 0x00000007a5560000)
  from space 21824K, 100% used [0x00000007a5560000, 0x00000007a6ab0000, 0x00000007a6ab0000)
  to   space 21824K,   0% used [0x00000007a6ab0000, 0x00000007a6ab0000, 0x00000007a8000000)
 concurrent mark-sweep generation total 393216K, used 119454K [0x00000007a8000000, 0x00000007c0000000, 0x00000007c0000000)
 Metaspace       used 30957K, capacity 31292K, committed 31740K, reserved 1077248K
  class space    used 3617K, capacity 3709K, committed 3836K, reserved 1048576K
}
2016-07-21T15:53:30.936-0530: 6283.586: Total time for which application threads were stopped: 0.0060651 seconds
{Heap before GC invocations=32 (full 2):
 par new generation   total 109248K, used 109248K [0x00000007a0000000, 0x00000007a8000000, 0x00000007a8000000)
  eden space 87424K, 100% used [0x00000007a0000000, 0x00000007a5560000, 0x00000007a5560000)
  from space 21824K, 100% used [0x00000007a5560000, 0x00000007a6ab0000, 0x00000007a6ab0000)
  to   space 21824K,   0% used [0x00000007a6ab0000, 0x00000007a6ab0000, 0x00000007a8000000)
 concurrent mark-sweep generation total 393216K, used 119454K [0x00000007a8000000, 0x00000007c0000000, 0x00000007c0000000)
 Metaspace       used 30957K, capacity 31292K, committed 31740K, reserved 1077248K
  class space    used 3617K, capacity 3709K, committed 3836K, reserved 1048576K
2016-07-21T15:53:31.373-0530: 6284.023: [GC (Allocation Failure) 6284.023: [ParNew
Desired survivor size 20112992 bytes, new threshold 4 (max 8)
- age   1:    9104808 bytes,    9104808 total
- age   2:    6967536 bytes,   16072344 total
- age   4:    6222056 bytes,   22294400 total
: 109248K->21824K(109248K), 0.2908235 secs] 228702K->171526K(502464K), 0.2909125 secs] [Times: user=0.15 sys=0.05, real=0.29 secs] 
Heap after GC invocations=33 (full 2):
 par new generation   total 109248K, used 21824K [0x00000007a0000000, 0x00000007a8000000, 0x00000007a8000000)
  eden space 87424K,   0% used [0x00000007a0000000, 0x00000007a0000000, 0x00000007a5560000)
  from space 21824K, 100% used [0x00000007a6ab0000, 0x00000007a8000000, 0x00000007a8000000)
  to   space 21824K,   0% used [0x00000007a5560000, 0x00000007a5560000, 0x00000007a6ab0000)
 concurrent mark-sweep generation total 393216K, used 149702K [0x00000007a8000000, 0x00000007c0000000, 0x00000007c0000000)
 Metaspace       used 30957K, capacity 31292K, committed 31740K, reserved 1077248K
  class space    used 3617K, capacity 3709K, committed 3836K, reserved 1048576K
}
2016-07-21T15:53:31.664-0530: 6284.314: Total time for which application threads were stopped: 0.2911346 seconds
{Heap before GC invocations=33 (full 2):
 par new generation   total 109248K, used 109248K [0x00000007a0000000, 0x00000007a8000000, 0x00000007a8000000)
  eden space 87424K, 100% used [0x00000007a0000000, 0x00000007a5560000, 0x00000007a5560000)
  from space 21824K, 100% used [0x00000007a6ab0000, 0x00000007a8000000, 0x00000007a8000000)
  to   space 21824K,   0% used [0x00000007a5560000, 0x00000007a5560000, 0x00000007a6ab0000)
 concurrent mark-sweep generation total 393216K, used 149702K [0x00000007a8000000, 0x00000007c0000000, 0x00000007c0000000)
 Metaspace       used 30957K, capacity 31292K, committed 31740K, reserved 1077248K
  class space    used 3617K, capacity 3709K, committed 3836K, reserved 1048576K
2016-07-21T15:53:32.276-0530: 6284.926: [GC (Allocation Failure) 6284.926: [ParNew
Desired survivor size 20112992 bytes, new threshold 3 (max 8)
- age   1:    7437040 bytes,    7437040 total
- age   2:    6216672 bytes,   13653712 total
- age   3:    6967536 bytes,   20621248 total
: 109248K->21824K(109248K), 0.0588071 secs] 258950K->182485K(502464K), 0.0588744 secs] [Times: user=0.07 sys=0.02, real=0.06 secs] 
Heap after GC invocations=34 (full 2):
 par new generation   total 109248K, used 21824K [0x00000007a0000000, 0x00000007a8000000, 0x00000007a8000000)
  eden space 87424K,   0% used [0x00000007a0000000, 0x00000007a0000000, 0x00000007a5560000)
  from space 21824K, 100% used [0x00000007a5560000, 0x00000007a6ab0000, 0x00000007a6ab0000)
  to   space 21824K,   0% used [0x00000007a6ab0000, 0x00000007a6ab0000, 0x00000007a8000000)
 concurrent mark-sweep generation total 393216K, used 160661K [0x00000007a8000000, 0x00000007c0000000, 0x00000007c0000000)
 Metaspace       used 30957K, capacity 31292K, committed 31740K, reserved 1077248K
  class space    used 3617K, capacity 3709K, committed 3836K, reserved 1048576K
}
2016-07-21T15:53:32.335-0530: 6284.985: Total time for which application threads were stopped: 0.0590875 seconds
2016-07-21T15:53:33.338-0530: 6285.988: Total time for which application threads were stopped: 0.0002441 seconds
2016-07-21T15:53:34.312-0530: 6286.962: Total time for which application threads were stopped: 0.0001775 seconds
2016-07-21T15:54:05.392-0530: 6318.043: Total time for which application threads were stopped: 0.0002102 seconds
2016-07-21T15:54:06.396-0530: 6319.047: Total time for which application threads were stopped: 0.0000980 seconds
2016-07-21T15:54:06.482-0530: 6319.132: Total time for which application threads were stopped: 0.0000900 seconds
{Heap before GC invocations=34 (full 2):
 par new generation   total 109248K, used 109248K [0x00000007a0000000, 0x00000007a8000000, 0x00000007a8000000)
  eden space 87424K, 100% used [0x00000007a0000000, 0x00000007a5560000, 0x00000007a5560000)
  from space 21824K, 100% used [0x00000007a5560000, 0x00000007a6ab0000, 0x00000007a6ab0000)
  to   space 21824K,   0% used [0x00000007a6ab0000, 0x00000007a6ab0000, 0x00000007a8000000)
 concurrent mark-sweep generation total 393216K, used 160661K [0x00000007a8000000, 0x00000007c0000000, 0x00000007c0000000)
 Metaspace       used 30985K, capacity 31292K, committed 31740K, reserved 1077248K
  class space    used 3617K, capacity 3709K, committed 3836K, reserved 1048576K
2016-07-21T15:54:06.518-0530: 6319.169: [GC (Allocation Failure) 6319.169: [ParNew
Desired survivor size 20112992 bytes, new threshold 8 (max 8)
- age   1:   12559064 bytes,   12559064 total
- age   3:      31808 bytes,   12590872 total
: 109248K->21614K(109248K), 0.0073159 secs] 269909K->184591K(502464K), 0.0074090 secs] [Times: user=0.02 sys=0.00, real=0.01 secs] 
Heap after GC invocations=35 (full 2):
 par new generation   total 109248K, used 21614K [0x00000007a0000000, 0x00000007a8000000, 0x00000007a8000000)
  eden space 87424K,   0% used [0x00000007a0000000, 0x00000007a0000000, 0x00000007a5560000)
  from space 21824K,  99% used [0x00000007a6ab0000, 0x00000007a7fcbb70, 0x00000007a8000000)
  to   space 21824K,   0% used [0x00000007a5560000, 0x00000007a5560000, 0x00000007a6ab0000)
 concurrent mark-sweep generation total 393216K, used 162976K [0x00000007a8000000, 0x00000007c0000000, 0x00000007c0000000)
 Metaspace       used 30985K, capacity 31292K, committed 31740K, reserved 1077248K
  class space    used 3617K, capacity 3709K, committed 3836K, reserved 1048576K
}
2016-07-21T15:54:06.526-0530: 6319.177: Total time for which application threads were stopped: 0.0076501 seconds
{Heap before GC invocations=35 (full 2):
 par new generation   total 109248K, used 109038K [0x00000007a0000000, 0x00000007a8000000, 0x00000007a8000000)
  eden space 87424K, 100% used [0x00000007a0000000, 0x00000007a5560000, 0x00000007a5560000)
  from space 21824K,  99% used [0x00000007a6ab0000, 0x00000007a7fcbb70, 0x00000007a8000000)
  to   space 21824K,   0% used [0x00000007a5560000, 0x00000007a5560000, 0x00000007a6ab0000)
 concurrent mark-sweep generation total 393216K, used 162976K [0x00000007a8000000, 0x00000007c0000000, 0x00000007c0000000)
 Metaspace       used 30985K, capacity 31292K, committed 31740K, reserved 1077248K
  class space    used 3617K, capacity 3709K, committed 3836K, reserved 1048576K
2016-07-21T15:54:07.044-0530: 6319.695: [GC (Allocation Failure) 6319.695: [ParNew
Desired survivor size 20112992 bytes, new threshold 2 (max 8)
- age   1:   12942576 bytes,   12942576 total
- age   2:    9341296 bytes,   22283872 total
- age   4:      31808 bytes,   22315680 total
: 109038K->21824K(109248K), 0.4645113 secs] 272015K->219477K(502464K), 0.4645977 secs] [Times: user=0.22 sys=0.10, real=0.46 secs] 
Heap after GC invocations=36 (full 2):
 par new generation   total 109248K, used 21824K [0x00000007a0000000, 0x00000007a8000000, 0x00000007a8000000)
  eden space 87424K,   0% used [0x00000007a0000000, 0x00000007a0000000, 0x00000007a5560000)
  from space 21824K, 100% used [0x00000007a5560000, 0x00000007a6ab0000, 0x00000007a6ab0000)
  to   space 21824K,   0% used [0x00000007a6ab0000, 0x00000007a6ab0000, 0x00000007a8000000)
 concurrent mark-sweep generation total 393216K, used 197653K [0x00000007a8000000, 0x00000007c0000000, 0x00000007c0000000)
 Metaspace       used 30985K, capacity 31292K, committed 31740K, reserved 1077248K
  class space    used 3617K, capacity 3709K, committed 3836K, reserved 1048576K
}
2016-07-21T15:54:07.509-0530: 6320.159: Total time for which application threads were stopped: 0.4648162 seconds
2016-07-21T15:54:07.509-0530: 6320.160: [GC (CMS Initial Mark) [1 CMS-initial-mark: 197653K(393216K)] 220427K(502464K), 0.0049200 secs] [Times: user=0.01 sys=0.00, real=0.01 secs] 
2016-07-21T15:54:07.514-0530: 6320.165: Total time for which application threads were stopped: 0.0051238 seconds
2016-07-21T15:54:07.514-0530: 6320.165: [CMS-concurrent-mark-start]
2016-07-21T15:54:07.552-0530: 6320.202: [CMS-concurrent-mark: 0.038/0.038 secs] [Times: user=0.14 sys=0.00, real=0.04 secs] 
2016-07-21T15:54:07.552-0530: 6320.202: [CMS-concurrent-preclean-start]
2016-07-21T15:54:07.553-0530: 6320.204: [CMS-concurrent-preclean: 0.001/0.001 secs] [Times: user=0.00 sys=0.00, real=0.00 secs] 
2016-07-21T15:54:07.553-0530: 6320.204: [CMS-concurrent-abortable-preclean-start]
2016-07-21T15:54:07.969-0530: 6320.620: [CMS-concurrent-abortable-preclean: 0.109/0.416 secs] [Times: user=0.51 sys=0.00, real=0.41 secs] 
2016-07-21T15:54:07.969-0530: 6320.620: [GC (CMS Final Remark) [YG occupancy: 86270 K (109248 K)]{Heap before GC invocations=36 (full 3):
 par new generation   total 109248K, used 86270K [0x00000007a0000000, 0x00000007a8000000, 0x00000007a8000000)
  eden space 87424K,  73% used [0x00000007a0000000, 0x00000007a3eefa08, 0x00000007a5560000)
  from space 21824K, 100% used [0x00000007a5560000, 0x00000007a6ab0000, 0x00000007a6ab0000)
  to   space 21824K,   0% used [0x00000007a6ab0000, 0x00000007a6ab0000, 0x00000007a8000000)
 concurrent mark-sweep generation total 393216K, used 197653K [0x00000007a8000000, 0x00000007c0000000, 0x00000007c0000000)
 Metaspace       used 30985K, capacity 31292K, committed 31740K, reserved 1077248K
  class space    used 3617K, capacity 3709K, committed 3836K, reserved 1048576K
2016-07-21T15:54:07.969-0530: 6320.620: [GC (CMS Final Remark) 6320.620: [ParNew
Desired survivor size 20112992 bytes, new threshold 8 (max 8)
- age   1:   10314648 bytes,   10314648 total
- age   2:    6414536 bytes,   16729184 total
: 86270K->21824K(109248K), 0.1323688 secs] 283923K->235537K(502464K), 0.1324200 secs] [Times: user=0.12 sys=0.04, real=0.14 secs] 
Heap after GC invocations=37 (full 3):
 par new generation   total 109248K, used 21824K [0x00000007a0000000, 0x00000007a8000000, 0x00000007a8000000)
  eden space 87424K,   0% used [0x00000007a0000000, 0x00000007a0000000, 0x00000007a5560000)
  from space 21824K, 100% used [0x00000007a6ab0000, 0x00000007a8000000, 0x00000007a8000000)
  to   space 21824K,   0% used [0x00000007a5560000, 0x00000007a5560000, 0x00000007a6ab0000)
 concurrent mark-sweep generation total 393216K, used 213713K [0x00000007a8000000, 0x00000007c0000000, 0x00000007c0000000)
 Metaspace       used 30985K, capacity 31292K, committed 31740K, reserved 1077248K
  class space    used 3617K, capacity 3709K, committed 3836K, reserved 1048576K
}
6320.753: [Rescan (parallel) , 0.0080703 secs]6320.761: [weak refs processing, 0.0011189 secs]6320.762: [class unloading, 0.0191674 secs]6320.781: [scrub symbol table, 0.0060427 secs]6320.787: [scrub string table, 0.0004238 secs][1 CMS-remark: 213713K(393216K)] 235537K(502464K), 0.1710995 secs] [Times: user=0.17 sys=0.04, real=0.18 secs] 
2016-07-21T15:54:08.140-0530: 6320.791: Total time for which application threads were stopped: 0.1712991 seconds
2016-07-21T15:54:08.141-0530: 6320.791: [CMS-concurrent-sweep-start]
2016-07-21T15:54:08.255-0530: 6320.905: [CMS-concurrent-sweep: 0.114/0.114 secs] [Times: user=0.22 sys=0.01, real=0.11 secs] 
2016-07-21T15:54:08.255-0530: 6320.905: [CMS-concurrent-reset-start]
2016-07-21T15:54:08.255-0530: 6320.906: [CMS-concurrent-reset: 0.000/0.000 secs] [Times: user=0.00 sys=0.00, real=0.00 secs] 
2016-07-21T15:54:10.195-0530: 6322.846: Total time for which application threads were stopped: 0.0001778 seconds
2016-07-21T15:54:39.281-0530: 6351.932: Total time for which application threads were stopped: 0.0002948 seconds
2016-07-21T15:54:42.292-0530: 6354.944: Total time for which application threads were stopped: 0.0002279 seconds
{Heap before GC invocations=37 (full 3):
 par new generation   total 109248K, used 109248K [0x00000007a0000000, 0x00000007a8000000, 0x00000007a8000000)
  eden space 87424K, 100% used [0x00000007a0000000, 0x00000007a5560000, 0x00000007a5560000)
  from space 21824K, 100% used [0x00000007a6ab0000, 0x00000007a8000000, 0x00000007a8000000)
  to   space 21824K,   0% used [0x00000007a5560000, 0x00000007a5560000, 0x00000007a6ab0000)
 concurrent mark-sweep generation total 393216K, used 73880K [0x00000007a8000000, 0x00000007c0000000, 0x00000007c0000000)
 Metaspace       used 31009K, capacity 31356K, committed 31996K, reserved 1077248K
  class space    used 3617K, capacity 3709K, committed 3836K, reserved 1048576K
2016-07-21T15:54:43.040-0530: 6355.692: [GC (Allocation Failure) 6355.712: [ParNew
Desired survivor size 20112992 bytes, new threshold 3 (max 8)
- age   1:   12459080 bytes,   12459080 total
- age   2:    3453088 bytes,   15912168 total
- age   3:    6414584 bytes,   22326752 total
: 109248K->21824K(109248K), 0.0244611 secs] 183128K->102592K(502464K), 0.0443069 secs] [Times: user=0.09 sys=0.00, real=0.04 secs] 
Heap after GC invocations=38 (full 3):
 par new generation   total 109248K, used 21824K [0x00000007a0000000, 0x00000007a8000000, 0x00000007a8000000)
  eden space 87424K,   0% used [0x00000007a0000000, 0x00000007a0000000, 0x00000007a5560000)
  from space 21824K, 100% used [0x00000007a5560000, 0x00000007a6ab0000, 0x00000007a6ab0000)
  to   space 21824K,   0% used [0x00000007a6ab0000, 0x00000007a6ab0000, 0x00000007a8000000)
 concurrent mark-sweep generation total 393216K, used 80768K [0x00000007a8000000, 0x00000007c0000000, 0x00000007c0000000)
 Metaspace       used 31009K, capacity 31356K, committed 31996K, reserved 1077248K
  class space    used 3617K, capacity 3709K, committed 3836K, reserved 1048576K
}
2016-07-21T15:54:43.085-0530: 6355.736: Total time for which application threads were stopped: 0.0445565 seconds
{Heap before GC invocations=38 (full 3):
 par new generation   total 109248K, used 109248K [0x00000007a0000000, 0x00000007a8000000, 0x00000007a8000000)
  eden space 87424K, 100% used [0x00000007a0000000, 0x00000007a5560000, 0x00000007a5560000)
  from space 21824K, 100% used [0x00000007a5560000, 0x00000007a6ab0000, 0x00000007a6ab0000)
  to   space 21824K,   0% used [0x00000007a6ab0000, 0x00000007a6ab0000, 0x00000007a8000000)
 concurrent mark-sweep generation total 393216K, used 80768K [0x00000007a8000000, 0x00000007c0000000, 0x00000007c0000000)
 Metaspace       used 31009K, capacity 31356K, committed 31996K, reserved 1077248K
  class space    used 3617K, capacity 3709K, committed 3836K, reserved 1048576K
2016-07-21T15:54:43.534-0530: 6356.186: [GC (Allocation Failure) 6356.186: [ParNew
Desired survivor size 20112992 bytes, new threshold 2 (max 8)
- age   1:   15091872 bytes,   15091872 total
- age   2:    6943584 bytes,   22035456 total
- age   3:     256336 bytes,   22291792 total
: 109248K->21824K(109248K), 0.0637527 secs] 190016K->145662K(502464K), 0.0638234 secs] [Times: user=0.19 sys=0.00, real=0.06 secs] 
Heap after GC invocations=39 (full 3):
 par new generation   total 109248K, used 21824K [0x00000007a0000000, 0x00000007a8000000, 0x00000007a8000000)
  eden space 87424K,   0% used [0x00000007a0000000, 0x00000007a0000000, 0x00000007a5560000)
  from space 21824K, 100% used [0x00000007a6ab0000, 0x00000007a8000000, 0x00000007a8000000)
  to   space 21824K,   0% used [0x00000007a5560000, 0x00000007a5560000, 0x00000007a6ab0000)
 concurrent mark-sweep generation total 393216K, used 123838K [0x00000007a8000000, 0x00000007c0000000, 0x00000007c0000000)
 Metaspace       used 31009K, capacity 31356K, committed 31996K, reserved 1077248K
  class space    used 3617K, capacity 3709K, committed 3836K, reserved 1048576K
}
2016-07-21T15:54:43.598-0530: 6356.250: Total time for which application threads were stopped: 0.0640223 seconds
{Heap before GC invocations=39 (full 3):
 par new generation   total 109248K, used 109248K [0x00000007a0000000, 0x00000007a8000000, 0x00000007a8000000)
  eden space 87424K, 100% used [0x00000007a0000000, 0x00000007a5560000, 0x00000007a5560000)
  from space 21824K, 100% used [0x00000007a6ab0000, 0x00000007a8000000, 0x00000007a8000000)
  to   space 21824K,   0% used [0x00000007a5560000, 0x00000007a5560000, 0x00000007a6ab0000)
 concurrent mark-sweep generation total 393216K, used 123838K [0x00000007a8000000, 0x00000007c0000000, 0x00000007c0000000)
 Metaspace       used 31009K, capacity 31356K, committed 31996K, reserved 1077248K
  class space    used 3617K, capacity 3709K, committed 3836K, reserved 1048576K
2016-07-21T15:54:44.290-0530: 6356.942: [GC (Allocation Failure) 6356.942: [ParNew
Desired survivor size 20112992 bytes, new threshold 2 (max 8)
- age   1:   10822512 bytes,   10822512 total
- age   2:    9438928 bytes,   20261440 total
: 109248K->21824K(109248K), 0.0218053 secs] 233086K->154284K(502464K), 0.0221351 secs] [Times: user=0.07 sys=0.01, real=0.02 secs] 
Heap after GC invocations=40 (full 3):
 par new generation   total 109248K, used 21824K [0x00000007a0000000, 0x00000007a8000000, 0x00000007a8000000)
  eden space 87424K,   0% used [0x00000007a0000000, 0x00000007a0000000, 0x00000007a5560000)
  from space 21824K, 100% used [0x00000007a5560000, 0x00000007a6ab0000, 0x00000007a6ab0000)
  to   space 21824K,   0% used [0x00000007a6ab0000, 0x00000007a6ab0000, 0x00000007a8000000)
 concurrent mark-sweep generation total 393216K, used 132460K [0x00000007a8000000, 0x00000007c0000000, 0x00000007c0000000)
 Metaspace       used 31009K, capacity 31356K, committed 31996K, reserved 1077248K
  class space    used 3617K, capacity 3709K, committed 3836K, reserved 1048576K
}
2016-07-21T15:54:44.312-0530: 6356.964: Total time for which application threads were stopped: 0.0223297 seconds
2016-07-21T15:54:46.186-0530: 6358.838: Total time for which application threads were stopped: 0.0001769 seconds
2016-07-21T15:54:47.187-0530: 6359.839: Total time for which application threads were stopped: 0.0003139 seconds
2016-07-21T15:55:06.704-0530: 6379.356: Total time for which application threads were stopped: 0.0001077 seconds
2016-07-21T15:55:06.721-0530: 6379.373: Total time for which application threads were stopped: 0.0000890 seconds
2016-07-21T15:55:07.725-0530: 6380.377: Total time for which application threads were stopped: 0.0003289 seconds
2016-07-21T15:55:08.726-0530: 6381.378: Total time for which application threads were stopped: 0.0002540 seconds
{Heap before GC invocations=40 (full 3):
 par new generation   total 109248K, used 108640K [0x00000007a0000000, 0x00000007a8000000, 0x00000007a8000000)
  eden space 87424K,  99% used [0x00000007a0000000, 0x00000007a54c81c8, 0x00000007a5560000)
  from space 21824K, 100% used [0x00000007a5560000, 0x00000007a6ab0000, 0x00000007a6ab0000)
  to   space 21824K,   0% used [0x00000007a6ab0000, 0x00000007a6ab0000, 0x00000007a8000000)
 concurrent mark-sweep generation total 393216K, used 132460K [0x00000007a8000000, 0x00000007c0000000, 0x00000007c0000000)
 Metaspace       used 31048K, capacity 31420K, committed 31996K, reserved 1077248K
  class space    used 3617K, capacity 3709K, committed 3836K, reserved 1048576K
2016-07-21T15:55:09.283-0530: 6381.935: [GC (Allocation Failure) 6381.958: [ParNew
Desired survivor size 20112992 bytes, new threshold 8 (max 8)
- age   1:   13283464 bytes,   13283464 total
: 108640K->21824K(109248K), 0.0141721 secs] 241100K->158989K(502464K), 0.0369608 secs] [Times: user=0.05 sys=0.00, real=0.04 secs] 
Heap after GC invocations=41 (full 3):
 par new generation   total 109248K, used 21824K [0x00000007a0000000, 0x00000007a8000000, 0x00000007a8000000)
  eden space 87424K,   0% used [0x00000007a0000000, 0x00000007a0000000, 0x00000007a5560000)
  from space 21824K, 100% used [0x00000007a6ab0000, 0x00000007a8000000, 0x00000007a8000000)
  to   space 21824K,   0% used [0x00000007a5560000, 0x00000007a5560000, 0x00000007a6ab0000)
 concurrent mark-sweep generation total 393216K, used 137165K [0x00000007a8000000, 0x00000007c0000000, 0x00000007c0000000)
 Metaspace       used 31048K, capacity 31420K, committed 31996K, reserved 1077248K
  class space    used 3617K, capacity 3709K, committed 3836K, reserved 1048576K
}
2016-07-21T15:55:09.320-0530: 6381.972: Total time for which application threads were stopped: 0.0371854 seconds
{Heap before GC invocations=41 (full 3):
 par new generation   total 109248K, used 109248K [0x00000007a0000000, 0x00000007a8000000, 0x00000007a8000000)
  eden space 87424K, 100% used [0x00000007a0000000, 0x00000007a5560000, 0x00000007a5560000)
  from space 21824K, 100% used [0x00000007a6ab0000, 0x00000007a8000000, 0x00000007a8000000)
  to   space 21824K,   0% used [0x00000007a5560000, 0x00000007a5560000, 0x00000007a6ab0000)
 concurrent mark-sweep generation total 393216K, used 137165K [0x00000007a8000000, 0x00000007c0000000, 0x00000007c0000000)
 Metaspace       used 31049K, capacity 31420K, committed 31996K, reserved 1077248K
  class space    used 3617K, capacity 3709K, committed 3836K, reserved 1048576K
2016-07-21T15:55:09.875-0530: 6382.528: [GC (Allocation Failure) 6382.528: [ParNew
Desired survivor size 20112992 bytes, new threshold 2 (max 8)
- age   1:   13113256 bytes,   13113256 total
- age   2:    9206176 bytes,   22319432 total
: 109248K->21824K(109248K), 0.0692378 secs] 246413K->195533K(502464K), 0.0693330 secs] [Times: user=0.22 sys=0.01, real=0.07 secs] 
Heap after GC invocations=42 (full 3):
 par new generation   total 109248K, used 21824K [0x00000007a0000000, 0x00000007a8000000, 0x00000007a8000000)
  eden space 87424K,   0% used [0x00000007a0000000, 0x00000007a0000000, 0x00000007a5560000)
  from space 21824K, 100% used [0x00000007a5560000, 0x00000007a6ab0000, 0x00000007a6ab0000)
  to   space 21824K,   0% used [0x00000007a6ab0000, 0x00000007a6ab0000, 0x00000007a8000000)
 concurrent mark-sweep generation total 393216K, used 173709K [0x00000007a8000000, 0x00000007c0000000, 0x00000007c0000000)
 Metaspace       used 31049K, capacity 31420K, committed 31996K, reserved 1077248K
  class space    used 3617K, capacity 3709K, committed 3836K, reserved 1048576K
}
2016-07-21T15:55:09.945-0530: 6382.597: Total time for which application threads were stopped: 0.0695543 seconds
{Heap before GC invocations=42 (full 3):
 par new generation   total 109248K, used 109248K [0x00000007a0000000, 0x00000007a8000000, 0x00000007a8000000)
  eden space 87424K, 100% used [0x00000007a0000000, 0x00000007a5560000, 0x00000007a5560000)
  from space 21824K, 100% used [0x00000007a5560000, 0x00000007a6ab0000, 0x00000007a6ab0000)
  to   space 21824K,   0% used [0x00000007a6ab0000, 0x00000007a6ab0000, 0x00000007a8000000)
 concurrent mark-sweep generation total 393216K, used 173709K [0x00000007a8000000, 0x00000007c0000000, 0x00000007c0000000)
 Metaspace       used 31049K, capacity 31420K, committed 31996K, reserved 1077248K
  class space    used 3617K, capacity 3709K, committed 3836K, reserved 1048576K
2016-07-21T15:55:10.696-0530: 6383.348: [GC (Allocation Failure) 6383.348: [ParNew
Desired survivor size 20112992 bytes, new threshold 8 (max 8)
- age   1:    6553888 bytes,    6553888 total
- age   2:   10260968 bytes,   16814856 total
: 109248K->21258K(109248K), 0.0159399 secs] 282957K->203979K(502464K), 0.0160100 secs] [Times: user=0.05 sys=0.00, real=0.02 secs] 
Heap after GC invocations=43 (full 3):
 par new generation   total 109248K, used 21258K [0x00000007a0000000, 0x00000007a8000000, 0x00000007a8000000)
  eden space 87424K,   0% used [0x00000007a0000000, 0x00000007a0000000, 0x00000007a5560000)
  from space 21824K,  97% used [0x00000007a6ab0000, 0x00000007a7f72b18, 0x00000007a8000000)
  to   space 21824K,   0% used [0x00000007a5560000, 0x00000007a5560000, 0x00000007a6ab0000)
 concurrent mark-sweep generation total 393216K, used 182720K [0x00000007a8000000, 0x00000007c0000000, 0x00000007c0000000)
 Metaspace       used 31049K, capacity 31420K, committed 31996K, reserved 1077248K
  class space    used 3617K, capacity 3709K, committed 3836K, reserved 1048576K
}
2016-07-21T15:55:10.712-0530: 6383.364: Total time for which application threads were stopped: 0.0162236 seconds
2016-07-21T15:55:12.378-0530: 6385.030: Total time for which application threads were stopped: 0.0002080 seconds
2016-07-21T15:55:57.507-0530: 6430.161: Total time for which application threads were stopped: 0.0002337 seconds
2016-07-21T15:58:54.668-0530: 6607.325: Total time for which application threads were stopped: 0.0001014 seconds
2016-07-21T15:58:54.822-0530: 6607.479: Total time for which application threads were stopped: 0.0000966 seconds
2016-07-21T15:58:55.823-0530: 6608.480: Total time for which application threads were stopped: 0.0001120 seconds
2016-07-21T15:58:56.044-0530: 6608.701: Total time for which application threads were stopped: 0.0001284 seconds
2016-07-21T15:58:56.062-0530: 6608.720: Total time for which application threads were stopped: 0.0000932 seconds
2016-07-21T15:58:56.853-0530: 6609.510: Total time for which application threads were stopped: 0.0001298 seconds
{Heap before GC invocations=43 (full 3):
 par new generation   total 109248K, used 108653K [0x00000007a0000000, 0x00000007a8000000, 0x00000007a8000000)
  eden space 87424K,  99% used [0x00000007a0000000, 0x00000007a55588f8, 0x00000007a5560000)
  from space 21824K,  97% used [0x00000007a6ab0000, 0x00000007a7f72b18, 0x00000007a8000000)
  to   space 21824K,   0% used [0x00000007a5560000, 0x00000007a5560000, 0x00000007a6ab0000)
 concurrent mark-sweep generation total 393216K, used 182720K [0x00000007a8000000, 0x00000007c0000000, 0x00000007c0000000)
 Metaspace       used 31153K, capacity 31548K, committed 31996K, reserved 1077248K
  class space    used 3617K, capacity 3709K, committed 3836K, reserved 1048576K
2016-07-21T15:58:57.143-0530: 6609.801: [GC (Allocation Failure) 6609.838: [ParNew
Desired survivor size 20112992 bytes, new threshold 3 (max 8)
- age   1:   12481568 bytes,   12481568 total
- age   2:    1062808 bytes,   13544376 total
- age   3:    8784008 bytes,   22328384 total
: 108653K->21824K(109248K), 0.0277481 secs] 291373K->221892K(502464K), 0.0650639 secs] [Times: user=0.08 sys=0.01, real=0.06 secs] 
Heap after GC invocations=44 (full 3):
 par new generation   total 109248K, used 21824K [0x00000007a0000000, 0x00000007a8000000, 0x00000007a8000000)
  eden space 87424K,   0% used [0x00000007a0000000, 0x00000007a0000000, 0x00000007a5560000)
  from space 21824K, 100% used [0x00000007a5560000, 0x00000007a6ab0000, 0x00000007a6ab0000)
  to   space 21824K,   0% used [0x00000007a6ab0000, 0x00000007a6ab0000, 0x00000007a8000000)
 concurrent mark-sweep generation total 393216K, used 200068K [0x00000007a8000000, 0x00000007c0000000, 0x00000007c0000000)
 Metaspace       used 31153K, capacity 31548K, committed 31996K, reserved 1077248K
  class space    used 3617K, capacity 3709K, committed 3836K, reserved 1048576K
}
2016-07-21T15:58:57.208-0530: 6609.866: Total time for which application threads were stopped: 0.0654042 seconds
2016-07-21T15:58:57.209-0530: 6609.866: [GC (CMS Initial Mark) [1 CMS-initial-mark: 200068K(393216K)] 222405K(502464K), 0.0050897 secs] [Times: user=0.02 sys=0.00, real=0.01 secs] 
2016-07-21T15:58:57.214-0530: 6609.871: Total time for which application threads were stopped: 0.0053117 seconds
2016-07-21T15:58:57.214-0530: 6609.871: [CMS-concurrent-mark-start]
2016-07-21T15:58:57.229-0530: 6609.886: [CMS-concurrent-mark: 0.015/0.015 secs] [Times: user=0.05 sys=0.00, real=0.01 secs] 
2016-07-21T15:58:57.229-0530: 6609.886: [CMS-concurrent-preclean-start]
2016-07-21T15:58:57.230-0530: 6609.888: [CMS-concurrent-preclean: 0.001/0.001 secs] [Times: user=0.00 sys=0.00, real=0.01 secs] 
2016-07-21T15:58:57.230-0530: 6609.888: [GC (CMS Final Remark) [YG occupancy: 22926 K (109248 K)]{Heap before GC invocations=44 (full 4):
 par new generation   total 109248K, used 22926K [0x00000007a0000000, 0x00000007a8000000, 0x00000007a8000000)
  eden space 87424K,   1% used [0x00000007a0000000, 0x00000007a0113888, 0x00000007a5560000)
  from space 21824K, 100% used [0x00000007a5560000, 0x00000007a6ab0000, 0x00000007a6ab0000)
  to   space 21824K,   0% used [0x00000007a6ab0000, 0x00000007a6ab0000, 0x00000007a8000000)
 concurrent mark-sweep generation total 393216K, used 200068K [0x00000007a8000000, 0x00000007c0000000, 0x00000007c0000000)
 Metaspace       used 31153K, capacity 31548K, committed 31996K, reserved 1077248K
  class space    used 3617K, capacity 3709K, committed 3836K, reserved 1048576K
2016-07-21T15:58:57.230-0530: 6609.888: [GC (CMS Final Remark) 6609.891: [ParNew
Desired survivor size 20112992 bytes, new threshold 8 (max 8)
- age   1:     682760 bytes,     682760 total
- age   2:   12456568 bytes,   13139328 total
- age   3:    1111368 bytes,   14250696 total
: 22926K->18501K(109248K), 0.2444157 secs] 222995K->227148K(502464K), 0.2475527 secs] [Times: user=0.69 sys=0.01, real=0.24 secs] 
Heap after GC invocations=45 (full 4):
 par new generation   total 109248K, used 18501K [0x00000007a0000000, 0x00000007a8000000, 0x00000007a8000000)
  eden space 87424K,   0% used [0x00000007a0000000, 0x00000007a0000000, 0x00000007a5560000)
  from space 21824K,  84% used [0x00000007a6ab0000, 0x00000007a7cc1460, 0x00000007a8000000)
  to   space 21824K,   0% used [0x00000007a5560000, 0x00000007a5560000, 0x00000007a6ab0000)
 concurrent mark-sweep generation total 393216K, used 208647K [0x00000007a8000000, 0x00000007c0000000, 0x00000007c0000000)
 Metaspace       used 31153K, capacity 31548K, committed 31996K, reserved 1077248K
  class space    used 3617K, capacity 3709K, committed 3836K, reserved 1048576K
}
6610.136: [Rescan (parallel) , 0.0045372 secs]6610.140: [weak refs processing, 0.0007534 secs]6610.141: [class unloading, 0.0222243 secs]6610.163: [scrub symbol table, 0.0043810 secs]6610.168: [scrub string table, 0.0003884 secs][1 CMS-remark: 208647K(393216K)] 227148K(502464K), 0.2840122 secs] [Times: user=0.73 sys=0.01, real=0.28 secs] 
2016-07-21T15:58:57.515-0530: 6610.172: Total time for which application threads were stopped: 0.2842031 seconds
2016-07-21T15:58:57.515-0530: 6610.172: [CMS-concurrent-sweep-start]
2016-07-21T15:58:57.639-0530: 6610.296: [CMS-concurrent-sweep: 0.124/0.124 secs] [Times: user=0.25 sys=0.01, real=0.12 secs] 
2016-07-21T15:58:57.639-0530: 6610.296: [CMS-concurrent-reset-start]
2016-07-21T15:58:57.639-0530: 6610.297: [CMS-concurrent-reset: 0.000/0.000 secs] [Times: user=0.00 sys=0.00, real=0.00 secs] 
{Heap before GC invocations=45 (full 4):
 par new generation   total 109248K, used 105925K [0x00000007a0000000, 0x00000007a8000000, 0x00000007a8000000)
  eden space 87424K, 100% used [0x00000007a0000000, 0x00000007a5560000, 0x00000007a5560000)
  from space 21824K,  84% used [0x00000007a6ab0000, 0x00000007a7cc1460, 0x00000007a8000000)
  to   space 21824K,   0% used [0x00000007a5560000, 0x00000007a5560000, 0x00000007a6ab0000)
 concurrent mark-sweep generation total 393216K, used 43152K [0x00000007a8000000, 0x00000007c0000000, 0x00000007c0000000)
 Metaspace       used 31153K, capacity 31548K, committed 31996K, reserved 1077248K
  class space    used 3617K, capacity 3709K, committed 3836K, reserved 1048576K
2016-07-21T15:58:57.965-0530: 6610.623: [GC (Allocation Failure) 6610.623: [ParNew
Desired survivor size 20112992 bytes, new threshold 3 (max 8)
- age   1:   10991712 bytes,   10991712 total
- age   2:     479616 bytes,   11471328 total
- age   3:   10822096 bytes,   22293424 total
: 105925K->21824K(109248K), 0.0203175 secs] 149077K->71159K(502464K), 0.0203874 secs] [Times: user=0.06 sys=0.00, real=0.02 secs] 
Heap after GC invocations=46 (full 4):
 par new generation   total 109248K, used 21824K [0x00000007a0000000, 0x00000007a8000000, 0x00000007a8000000)
  eden space 87424K,   0% used [0x00000007a0000000, 0x00000007a0000000, 0x00000007a5560000)
  from space 21824K, 100% used [0x00000007a5560000, 0x00000007a6ab0000, 0x00000007a6ab0000)
  to   space 21824K,   0% used [0x00000007a6ab0000, 0x00000007a6ab0000, 0x00000007a8000000)
 concurrent mark-sweep generation total 393216K, used 49335K [0x00000007a8000000, 0x00000007c0000000, 0x00000007c0000000)
 Metaspace       used 31153K, capacity 31548K, committed 31996K, reserved 1077248K
  class space    used 3617K, capacity 3709K, committed 3836K, reserved 1048576K
}
2016-07-21T15:58:57.986-0530: 6610.643: Total time for which application threads were stopped: 0.0205887 seconds
2016-07-21T15:59:00.206-0530: 6612.864: Total time for which application threads were stopped: 0.0002668 seconds
{Heap before GC invocations=46 (full 4):
 par new generation   total 109248K, used 109248K [0x00000007a0000000, 0x00000007a8000000, 0x00000007a8000000)
  eden space 87424K, 100% used [0x00000007a0000000, 0x00000007a5560000, 0x00000007a5560000)
  from space 21824K, 100% used [0x00000007a5560000, 0x00000007a6ab0000, 0x00000007a6ab0000)
  to   space 21824K,   0% used [0x00000007a6ab0000, 0x00000007a6ab0000, 0x00000007a8000000)
 concurrent mark-sweep generation total 393216K, used 49335K [0x00000007a8000000, 0x00000007c0000000, 0x00000007c0000000)
 Metaspace       used 31153K, capacity 31548K, committed 31996K, reserved 1077248K
  class space    used 3617K, capacity 3709K, committed 3836K, reserved 1048576K
2016-07-21T15:59:22.796-0530: 6635.454: [GC (Allocation Failure) 6635.454: [ParNew
Desired survivor size 20112992 bytes, new threshold 8 (max 8)
- age   1:    1830984 bytes,    1830984 total
- age   2:   10847440 bytes,   12678424 total
- age   3:     479616 bytes,   13158040 total
: 109248K->14887K(109248K), 0.0132893 secs] 158583K->74628K(502464K), 0.0134026 secs] [Times: user=0.04 sys=0.00, real=0.01 secs] 
Heap after GC invocations=47 (full 4):
 par new generation   total 109248K, used 14887K [0x00000007a0000000, 0x00000007a8000000, 0x00000007a8000000)
  eden space 87424K,   0% used [0x00000007a0000000, 0x00000007a0000000, 0x00000007a5560000)
  from space 21824K,  68% used [0x00000007a6ab0000, 0x00000007a7939dd8, 0x00000007a8000000)
  to   space 21824K,   0% used [0x00000007a5560000, 0x00000007a5560000, 0x00000007a6ab0000)
 concurrent mark-sweep generation total 393216K, used 59740K [0x00000007a8000000, 0x00000007c0000000, 0x00000007c0000000)
 Metaspace       used 31153K, capacity 31548K, committed 31996K, reserved 1077248K
  class space    used 3617K, capacity 3709K, committed 3836K, reserved 1048576K
}
2016-07-21T15:59:22.809-0530: 6635.467: Total time for which application threads were stopped: 0.0136683 seconds
2016-07-21T16:04:53.816-0530: 6966.481: Total time for which application threads were stopped: 0.0002099 seconds
2016-07-21T16:17:22.963-0530: 7715.644: Total time for which application threads were stopped: 0.0001248 seconds
2016-07-21T18:16:36.658-0530: 14869.516: Total time for which application threads were stopped: 0.0011200 seconds
2016-07-21T18:16:36.802-0530: 14869.660: Total time for which application threads were stopped: 0.0001168 seconds
2016-07-21T18:16:37.056-0530: 14869.914: Total time for which application threads were stopped: 0.0001449 seconds
2016-07-21T18:16:37.111-0530: 14869.969: Total time for which application threads were stopped: 0.0000993 seconds
2016-07-21T18:16:38.111-0530: 14870.969: Total time for which application threads were stopped: 0.0002492 seconds
2016-07-21T18:16:38.691-0530: 14871.549: Total time for which application threads were stopped: 0.0001163 seconds
{Heap before GC invocations=47 (full 4):
 par new generation   total 109248K, used 102307K [0x00000007a0000000, 0x00000007a8000000, 0x00000007a8000000)
  eden space 87424K,  99% used [0x00000007a0000000, 0x00000007a555efe8, 0x00000007a5560000)
  from space 21824K,  68% used [0x00000007a6ab0000, 0x00000007a7939dd8, 0x00000007a8000000)
  to   space 21824K,   0% used [0x00000007a5560000, 0x00000007a5560000, 0x00000007a6ab0000)
 concurrent mark-sweep generation total 393216K, used 59740K [0x00000007a8000000, 0x00000007c0000000, 0x00000007c0000000)
 Metaspace       used 31171K, capacity 31548K, committed 31996K, reserved 1077248K
  class space    used 3617K, capacity 3709K, committed 3836K, reserved 1048576K
2016-07-21T18:16:39.199-0530: 14872.057: [GC (Allocation Failure) 14872.128: [ParNew
Desired survivor size 20112992 bytes, new threshold 3 (max 8)
- age   1:   14787248 bytes,   14787248 total
- age   2:     519096 bytes,   15306344 total
- age   3:    6754728 bytes,   22061072 total
- age   4:     261336 bytes,   22322408 total
: 102307K->21824K(109248K), 0.1692365 secs] 162048K->97023K(502464K), 0.2398667 secs] [Times: user=0.11 sys=0.27, real=0.24 secs] 
Heap after GC invocations=48 (full 4):
 par new generation   total 109248K, used 21824K [0x00000007a0000000, 0x00000007a8000000, 0x00000007a8000000)
  eden space 87424K,   0% used [0x00000007a0000000, 0x00000007a0000000, 0x00000007a5560000)
  from space 21824K, 100% used [0x00000007a5560000, 0x00000007a6ab0000, 0x00000007a6ab0000)
  to   space 21824K,   0% used [0x00000007a6ab0000, 0x00000007a6ab0000, 0x00000007a8000000)
 concurrent mark-sweep generation total 393216K, used 75199K [0x00000007a8000000, 0x00000007c0000000, 0x00000007c0000000)
 Metaspace       used 31171K, capacity 31548K, committed 31996K, reserved 1077248K
  class space    used 3617K, capacity 3709K, committed 3836K, reserved 1048576K
}
2016-07-21T18:16:39.439-0530: 14872.297: Total time for which application threads were stopped: 0.2401803 seconds
{Heap before GC invocations=48 (full 4):
 par new generation   total 109248K, used 109248K [0x00000007a0000000, 0x00000007a8000000, 0x00000007a8000000)
  eden space 87424K, 100% used [0x00000007a0000000, 0x00000007a5560000, 0x00000007a5560000)
  from space 21824K, 100% used [0x00000007a5560000, 0x00000007a6ab0000, 0x00000007a6ab0000)
  to   space 21824K,   0% used [0x00000007a6ab0000, 0x00000007a6ab0000, 0x00000007a8000000)
 concurrent mark-sweep generation total 393216K, used 75199K [0x00000007a8000000, 0x00000007c0000000, 0x00000007c0000000)
 Metaspace       used 31171K, capacity 31548K, committed 31996K, reserved 1077248K
  class space    used 3617K, capacity 3709K, committed 3836K, reserved 1048576K
2016-07-21T18:16:39.950-0530: 14872.808: [GC (Allocation Failure) 14872.808: [ParNew
Desired survivor size 20112992 bytes, new threshold 3 (max 8)
- age   1:    7816576 bytes,    7816576 total
- age   2:   11819704 bytes,   19636280 total
- age   3:     510368 bytes,   20146648 total
: 109248K->21824K(109248K), 0.0551580 secs] 184447K->111292K(502464K), 0.0552287 secs] [Times: user=0.09 sys=0.06, real=0.05 secs] 
Heap after GC invocations=49 (full 4):
 par new generation   total 109248K, used 21824K [0x00000007a0000000, 0x00000007a8000000, 0x00000007a8000000)
  eden space 87424K,   0% used [0x00000007a0000000, 0x00000007a0000000, 0x00000007a5560000)
  from space 21824K, 100% used [0x00000007a6ab0000, 0x00000007a8000000, 0x00000007a8000000)
  to   space 21824K,   0% used [0x00000007a5560000, 0x00000007a5560000, 0x00000007a6ab0000)
 concurrent mark-sweep generation total 393216K, used 89468K [0x00000007a8000000, 0x00000007c0000000, 0x00000007c0000000)
 Metaspace       used 31171K, capacity 31548K, committed 31996K, reserved 1077248K
  class space    used 3617K, capacity 3709K, committed 3836K, reserved 1048576K
}
2016-07-21T18:16:40.005-0530: 14872.863: Total time for which application threads were stopped: 0.0554486 seconds
2016-07-21T18:16:42.161-0530: 14875.019: Total time for which application threads were stopped: 0.0002147 seconds
2016-07-21T18:17:27.239-0530: 14920.098: Total time for which application threads were stopped: 0.0002305 seconds
2016-07-21T18:19:45.698-0530: 15058.561: Total time for which application threads were stopped: 0.0001271 seconds
2016-07-21T18:19:45.989-0530: 15058.852: Total time for which application threads were stopped: 0.0001894 seconds
2016-07-21T18:19:46.068-0530: 15058.931: Total time for which application threads were stopped: 0.0001092 seconds
2016-07-21T18:19:46.339-0530: 15059.202: Total time for which application threads were stopped: 0.0001168 seconds
2016-07-21T18:19:46.480-0530: 15059.342: Total time for which application threads were stopped: 0.0001020 seconds
2016-07-21T18:19:47.480-0530: 15060.343: Total time for which application threads were stopped: 0.0001194 seconds
2016-07-21T18:19:48.080-0530: 15060.943: Total time for which application threads were stopped: 0.0001349 seconds
{Heap before GC invocations=49 (full 4):
 par new generation   total 109248K, used 109248K [0x00000007a0000000, 0x00000007a8000000, 0x00000007a8000000)
  eden space 87424K, 100% used [0x00000007a0000000, 0x00000007a5560000, 0x00000007a5560000)
  from space 21824K, 100% used [0x00000007a6ab0000, 0x00000007a8000000, 0x00000007a8000000)
  to   space 21824K,   0% used [0x00000007a5560000, 0x00000007a5560000, 0x00000007a6ab0000)
 concurrent mark-sweep generation total 393216K, used 89468K [0x00000007a8000000, 0x00000007c0000000, 0x00000007c0000000)
 Metaspace       used 31175K, capacity 31548K, committed 31996K, reserved 1077248K
  class space    used 3617K, capacity 3709K, committed 3836K, reserved 1048576K
2016-07-21T18:19:48.108-0530: 15060.971: [GC (Allocation Failure) 15060.995: [ParNew
Desired survivor size 20112992 bytes, new threshold 3 (max 8)
- age   1:    7830176 bytes,    7830176 total
- age   2:    3407256 bytes,   11237432 total
- age   3:   11085912 bytes,   22323344 total
: 109248K->21824K(109248K), 0.0387581 secs] 198716K->116881K(502464K), 0.0626743 secs] [Times: user=0.07 sys=0.02, real=0.07 secs] 
Heap after GC invocations=50 (full 4):
 par new generation   total 109248K, used 21824K [0x00000007a0000000, 0x00000007a8000000, 0x00000007a8000000)
  eden space 87424K,   0% used [0x00000007a0000000, 0x00000007a0000000, 0x00000007a5560000)
  from space 21824K, 100% used [0x00000007a5560000, 0x00000007a6ab0000, 0x00000007a6ab0000)
  to   space 21824K,   0% used [0x00000007a6ab0000, 0x00000007a6ab0000, 0x00000007a8000000)
 concurrent mark-sweep generation total 393216K, used 95057K [0x00000007a8000000, 0x00000007c0000000, 0x00000007c0000000)
 Metaspace       used 31175K, capacity 31548K, committed 31996K, reserved 1077248K
  class space    used 3617K, capacity 3709K, committed 3836K, reserved 1048576K
}
2016-07-21T18:19:48.171-0530: 15061.034: Total time for which application threads were stopped: 0.0629100 seconds
{Heap before GC invocations=50 (full 4):
 par new generation   total 109248K, used 109248K [0x00000007a0000000, 0x00000007a8000000, 0x00000007a8000000)
  eden space 87424K, 100% used [0x00000007a0000000, 0x00000007a5560000, 0x00000007a5560000)
  from space 21824K, 100% used [0x00000007a5560000, 0x00000007a6ab0000, 0x00000007a6ab0000)
  to   space 21824K,   0% used [0x00000007a6ab0000, 0x00000007a6ab0000, 0x00000007a8000000)
 concurrent mark-sweep generation total 393216K, used 95057K [0x00000007a8000000, 0x00000007c0000000, 0x00000007c0000000)
 Metaspace       used 31180K, capacity 31554K, committed 31996K, reserved 1077248K
  class space    used 3618K, capacity 3710K, committed 3836K, reserved 1048576K
2016-07-21T18:19:48.597-0530: 15061.459: [GC (Allocation Failure) 15061.460: [ParNew
Desired survivor size 20112992 bytes, new threshold 3 (max 8)
- age   1:   12214648 bytes,   12214648 total
- age   2:    7293536 bytes,   19508184 total
- age   3:    2833648 bytes,   22341832 total
: 109248K->21824K(109248K), 0.1067566 secs] 204305K->147525K(502464K), 0.1068276 secs] [Times: user=0.18 sys=0.10, real=0.11 secs] 
Heap after GC invocations=51 (full 4):
 par new generation   total 109248K, used 21824K [0x00000007a0000000, 0x00000007a8000000, 0x00000007a8000000)
  eden space 87424K,   0% used [0x00000007a0000000, 0x00000007a0000000, 0x00000007a5560000)
  from space 21824K, 100% used [0x00000007a6ab0000, 0x00000007a8000000, 0x00000007a8000000)
  to   space 21824K,   0% used [0x00000007a5560000, 0x00000007a5560000, 0x00000007a6ab0000)
 concurrent mark-sweep generation total 393216K, used 125701K [0x00000007a8000000, 0x00000007c0000000, 0x00000007c0000000)
 Metaspace       used 31180K, capacity 31554K, committed 31996K, reserved 1077248K
  class space    used 3618K, capacity 3710K, committed 3836K, reserved 1048576K
}
2016-07-21T18:19:48.703-0530: 15061.566: Total time for which application threads were stopped: 0.1070646 seconds
{Heap before GC invocations=51 (full 4):
 par new generation   total 109248K, used 109248K [0x00000007a0000000, 0x00000007a8000000, 0x00000007a8000000)
  eden space 87424K, 100% used [0x00000007a0000000, 0x00000007a5560000, 0x00000007a5560000)
  from space 21824K, 100% used [0x00000007a6ab0000, 0x00000007a8000000, 0x00000007a8000000)
  to   space 21824K,   0% used [0x00000007a5560000, 0x00000007a5560000, 0x00000007a6ab0000)
 concurrent mark-sweep generation total 393216K, used 125701K [0x00000007a8000000, 0x00000007c0000000, 0x00000007c0000000)
 Metaspace       used 31180K, capacity 31554K, committed 31996K, reserved 1077248K
  class space    used 3618K, capacity 3710K, committed 3836K, reserved 1048576K
2016-07-21T18:19:49.220-0530: 15062.083: [GC (Allocation Failure) 15062.083: [ParNew
Desired survivor size 20112992 bytes, new threshold 8 (max 8)
- age   1:    9756872 bytes,    9756872 total
- age   2:      69072 bytes,    9825944 total
- age   3:    7293536 bytes,   17119480 total
: 109248K->21824K(109248K), 0.0337825 secs] 234949K->157235K(502464K), 0.0338797 secs] [Times: user=0.08 sys=0.04, real=0.03 secs] 
Heap after GC invocations=52 (full 4):
 par new generation   total 109248K, used 21824K [0x00000007a0000000, 0x00000007a8000000, 0x00000007a8000000)
  eden space 87424K,   0% used [0x00000007a0000000, 0x00000007a0000000, 0x00000007a5560000)
  from space 21824K, 100% used [0x00000007a5560000, 0x00000007a6ab0000, 0x00000007a6ab0000)
  to   space 21824K,   0% used [0x00000007a6ab0000, 0x00000007a6ab0000, 0x00000007a8000000)
 concurrent mark-sweep generation total 393216K, used 135411K [0x00000007a8000000, 0x00000007c0000000, 0x00000007c0000000)
 Metaspace       used 31180K, capacity 31554K, committed 31996K, reserved 1077248K
  class space    used 3618K, capacity 3710K, committed 3836K, reserved 1048576K
}
2016-07-21T18:19:49.254-0530: 15062.117: Total time for which application threads were stopped: 0.0341091 seconds
2016-07-21T18:19:51.265-0530: 15064.128: Total time for which application threads were stopped: 0.0002008 seconds
2016-07-21T18:19:52.266-0530: 15065.129: Total time for which application threads were stopped: 0.0001559 seconds
2016-07-21T18:40:53.596-0530: 16326.491: Total time for which application threads were stopped: 0.0031454 seconds
2016-07-21T18:40:53.705-0530: 16326.601: Total time for which application threads were stopped: 0.0001222 seconds
2016-07-21T18:40:53.967-0530: 16326.863: Total time for which application threads were stopped: 0.0009848 seconds
2016-07-21T18:40:54.097-0530: 16326.993: Total time for which application threads were stopped: 0.0001504 seconds
2016-07-21T18:40:55.484-0530: 16328.379: Total time for which application threads were stopped: 0.0003037 seconds
{Heap before GC invocations=52 (full 4):
 par new generation   total 109248K, used 109248K [0x00000007a0000000, 0x00000007a8000000, 0x00000007a8000000)
  eden space 87424K, 100% used [0x00000007a0000000, 0x00000007a5560000, 0x00000007a5560000)
  from space 21824K, 100% used [0x00000007a5560000, 0x00000007a6ab0000, 0x00000007a6ab0000)
  to   space 21824K,   0% used [0x00000007a6ab0000, 0x00000007a6ab0000, 0x00000007a8000000)
 concurrent mark-sweep generation total 393216K, used 135411K [0x00000007a8000000, 0x00000007c0000000, 0x00000007c0000000)
 Metaspace       used 31189K, capacity 31554K, committed 31996K, reserved 1077248K
  class space    used 3618K, capacity 3710K, committed 3836K, reserved 1048576K
2016-07-21T18:40:55.572-0530: 16328.468: [GC (Allocation Failure) 16328.481: [ParNew
Desired survivor size 20112992 bytes, new threshold 4 (max 8)
- age   1:    8995120 bytes,    8995120 total
- age   2:    7504736 bytes,   16499856 total
- age   3:      68704 bytes,   16568560 total
- age   4:    5756968 bytes,   22325528 total
: 109248K->21824K(109248K), 0.1409064 secs] 244659K->163517K(502464K), 0.1542262 secs] [Times: user=0.08 sys=0.27, real=0.15 secs] 
Heap after GC invocations=53 (full 4):
 par new generation   total 109248K, used 21824K [0x00000007a0000000, 0x00000007a8000000, 0x00000007a8000000)
  eden space 87424K,   0% used [0x00000007a0000000, 0x00000007a0000000, 0x00000007a5560000)
  from space 21824K, 100% used [0x00000007a6ab0000, 0x00000007a8000000, 0x00000007a8000000)
  to   space 21824K,   0% used [0x00000007a5560000, 0x00000007a5560000, 0x00000007a6ab0000)
 concurrent mark-sweep generation total 393216K, used 141693K [0x00000007a8000000, 0x00000007c0000000, 0x00000007c0000000)
 Metaspace       used 31189K, capacity 31554K, committed 31996K, reserved 1077248K
  class space    used 3618K, capacity 3710K, committed 3836K, reserved 1048576K
}
2016-07-21T18:40:55.727-0530: 16328.622: Total time for which application threads were stopped: 0.1544971 seconds
{Heap before GC invocations=53 (full 4):
 par new generation   total 109248K, used 109248K [0x00000007a0000000, 0x00000007a8000000, 0x00000007a8000000)
  eden space 87424K, 100% used [0x00000007a0000000, 0x00000007a5560000, 0x00000007a5560000)
  from space 21824K, 100% used [0x00000007a6ab0000, 0x00000007a8000000, 0x00000007a8000000)
  to   space 21824K,   0% used [0x00000007a5560000, 0x00000007a5560000, 0x00000007a6ab0000)
 concurrent mark-sweep generation total 393216K, used 141693K [0x00000007a8000000, 0x00000007c0000000, 0x00000007c0000000)
 Metaspace       used 31189K, capacity 31554K, committed 31996K, reserved 1077248K
  class space    used 3618K, capacity 3710K, committed 3836K, reserved 1048576K
2016-07-21T18:40:56.270-0530: 16329.165: [GC (Allocation Failure) 16329.165: [ParNew
Desired survivor size 20112992 bytes, new threshold 3 (max 8)
- age   1:    7964664 bytes,    7964664 total
- age   2:    7369752 bytes,   15334416 total
- age   3:    6824160 bytes,   22158576 total
- age   4:      63248 bytes,   22221824 total
: 109248K->21824K(109248K), 0.2278968 secs] 250941K->205609K(502464K), 0.2279960 secs] [Times: user=0.40 sys=0.21, real=0.22 secs] 
Heap after GC invocations=54 (full 4):
 par new generation   total 109248K, used 21824K [0x00000007a0000000, 0x00000007a8000000, 0x00000007a8000000)
  eden space 87424K,   0% used [0x00000007a0000000, 0x00000007a0000000, 0x00000007a5560000)
  from space 21824K, 100% used [0x00000007a5560000, 0x00000007a6ab0000, 0x00000007a6ab0000)
  to   space 21824K,   0% used [0x00000007a6ab0000, 0x00000007a6ab0000, 0x00000007a8000000)
 concurrent mark-sweep generation total 393216K, used 183785K [0x00000007a8000000, 0x00000007c0000000, 0x00000007c0000000)
 Metaspace       used 31189K, capacity 31554K, committed 31996K, reserved 1077248K
  class space    used 3618K, capacity 3710K, committed 3836K, reserved 1048576K
}
2016-07-21T18:40:56.498-0530: 16329.393: Total time for which application threads were stopped: 0.2282237 seconds
{Heap before GC invocations=54 (full 4):
 par new generation   total 109248K, used 109248K [0x00000007a0000000, 0x00000007a8000000, 0x00000007a8000000)
  eden space 87424K, 100% used [0x00000007a0000000, 0x00000007a5560000, 0x00000007a5560000)
  from space 21824K, 100% used [0x00000007a5560000, 0x00000007a6ab0000, 0x00000007a6ab0000)
  to   space 21824K,   0% used [0x00000007a6ab0000, 0x00000007a6ab0000, 0x00000007a8000000)
 concurrent mark-sweep generation total 393216K, used 183785K [0x00000007a8000000, 0x00000007c0000000, 0x00000007c0000000)
 Metaspace       used 31189K, capacity 31554K, committed 31996K, reserved 1077248K
  class space    used 3618K, capacity 3710K, committed 3836K, reserved 1048576K
2016-07-21T18:40:57.181-0530: 16330.076: [GC (Allocation Failure) 16330.076: [ParNew
Desired survivor size 20112992 bytes, new threshold 3 (max 8)
- age   1:   10111896 bytes,   10111896 total
- age   2:    4986600 bytes,   15098496 total
- age   3:    7244592 bytes,   22343088 total
: 109248K->21824K(109248K), 0.0442612 secs] 293033K->219469K(502464K), 0.0443294 secs] [Times: user=0.10 sys=0.05, real=0.04 secs] 
Heap after GC invocations=55 (full 4):
 par new generation   total 109248K, used 21824K [0x00000007a0000000, 0x00000007a8000000, 0x00000007a8000000)
  eden space 87424K,   0% used [0x00000007a0000000, 0x00000007a0000000, 0x00000007a5560000)
  from space 21824K, 100% used [0x00000007a6ab0000, 0x00000007a8000000, 0x00000007a8000000)
  to   space 21824K,   0% used [0x00000007a5560000, 0x00000007a5560000, 0x00000007a6ab0000)
 concurrent mark-sweep generation total 393216K, used 197645K [0x00000007a8000000, 0x00000007c0000000, 0x00000007c0000000)
 Metaspace       used 31189K, capacity 31554K, committed 31996K, reserved 1077248K
  class space    used 3618K, capacity 3710K, committed 3836K, reserved 1048576K
}
2016-07-21T18:40:57.225-0530: 16330.121: Total time for which application threads were stopped: 0.0445940 seconds
2016-07-21T18:40:57.226-0530: 16330.121: [GC (CMS Initial Mark) [1 CMS-initial-mark: 197645K(393216K)] 220705K(502464K), 0.0049628 secs] [Times: user=0.01 sys=0.00, real=0.01 secs] 
2016-07-21T18:40:57.231-0530: 16330.126: Total time for which application threads were stopped: 0.0051991 seconds
2016-07-21T18:40:57.231-0530: 16330.126: [CMS-concurrent-mark-start]
2016-07-21T18:40:57.267-0530: 16330.163: [CMS-concurrent-mark: 0.036/0.036 secs] [Times: user=0.09 sys=0.04, real=0.03 secs] 
2016-07-21T18:40:57.267-0530: 16330.163: [CMS-concurrent-preclean-start]
2016-07-21T18:40:57.268-0530: 16330.164: [CMS-concurrent-preclean: 0.001/0.001 secs] [Times: user=0.00 sys=0.00, real=0.00 secs] 
2016-07-21T18:40:57.269-0530: 16330.164: [CMS-concurrent-abortable-preclean-start]
2016-07-21T18:40:59.171-0530: 16332.067: Total time for which application threads were stopped: 0.0002865 seconds
2016-07-21T18:41:00.176-0530: 16333.072: Total time for which application threads were stopped: 0.0001185 seconds
 CMS: abort preclean due to time 2016-07-21T18:41:03.325-0530: 16336.220: [CMS-concurrent-abortable-preclean: 2.548/6.056 secs] [Times: user=4.46 sys=0.02, real=6.06 secs] 
2016-07-21T18:41:03.325-0530: 16336.220: [GC (CMS Final Remark) [YG occupancy: 57718 K (109248 K)]{Heap before GC invocations=55 (full 5):
 par new generation   total 109248K, used 57718K [0x00000007a0000000, 0x00000007a8000000, 0x00000007a8000000)
  eden space 87424K,  41% used [0x00000007a0000000, 0x00000007a230d970, 0x00000007a5560000)
  from space 21824K, 100% used [0x00000007a6ab0000, 0x00000007a8000000, 0x00000007a8000000)
  to   space 21824K,   0% used [0x00000007a5560000, 0x00000007a5560000, 0x00000007a6ab0000)
 concurrent mark-sweep generation total 393216K, used 197645K [0x00000007a8000000, 0x00000007c0000000, 0x00000007c0000000)
 Metaspace       used 31190K, capacity 31554K, committed 31996K, reserved 1077248K
  class space    used 3618K, capacity 3710K, committed 3836K, reserved 1048576K
2016-07-21T18:41:03.325-0530: 16336.220: [GC (CMS Final Remark) 16336.220: [ParNew
Desired survivor size 20112992 bytes, new threshold 8 (max 8)
- age   1:    1832528 bytes,    1832528 total
- age   2:    9967560 bytes,   11800088 total
- age   3:    4986168 bytes,   16786256 total
: 57718K->21367K(109248K), 0.0249056 secs] 255363K->226069K(502464K), 0.0249581 secs] [Times: user=0.05 sys=0.03, real=0.03 secs] 
Heap after GC invocations=56 (full 5):
 par new generation   total 109248K, used 21367K [0x00000007a0000000, 0x00000007a8000000, 0x00000007a8000000)
  eden space 87424K,   0% used [0x00000007a0000000, 0x00000007a0000000, 0x00000007a5560000)
  from space 21824K,  97% used [0x00000007a5560000, 0x00000007a6a3de60, 0x00000007a6ab0000)
  to   space 21824K,   0% used [0x00000007a6ab0000, 0x00000007a6ab0000, 0x00000007a8000000)
 concurrent mark-sweep generation total 393216K, used 204702K [0x00000007a8000000, 0x00000007c0000000, 0x00000007c0000000)
 Metaspace       used 31190K, capacity 31554K, committed 31996K, reserved 1077248K
  class space    used 3618K, capacity 3710K, committed 3836K, reserved 1048576K
}
16336.245: [Rescan (parallel) , 0.0039896 secs]16336.249: [weak refs processing, 0.0006995 secs]16336.250: [class unloading, 0.0681594 secs]16336.318: [scrub symbol table, 0.0150907 secs]16336.333: [scrub string table, 0.0004307 secs][1 CMS-remark: 204702K(393216K)] 226069K(502464K), 0.1182841 secs] [Times: user=0.11 sys=0.08, real=0.12 secs] 
2016-07-21T18:41:03.443-0530: 16336.339: Total time for which application threads were stopped: 0.1184395 seconds
2016-07-21T18:41:03.443-0530: 16336.339: [CMS-concurrent-sweep-start]
2016-07-21T18:41:03.684-0530: 16336.579: [CMS-concurrent-sweep: 0.241/0.241 secs] [Times: user=0.13 sys=0.10, real=0.24 secs] 
2016-07-21T18:41:03.684-0530: 16336.580: [CMS-concurrent-reset-start]
2016-07-21T18:41:03.687-0530: 16336.583: [CMS-concurrent-reset: 0.003/0.003 secs] [Times: user=0.00 sys=0.01, real=0.00 secs] 
2016-07-21T18:42:39.720-0530: 16432.618: Total time for which application threads were stopped: 0.0001596 seconds
2016-07-22T14:01:30.530-0530: 24744.442: Total time for which application threads were stopped: 0.2419873 seconds
2016-07-22T14:01:30.533-0530: 24744.446: Total time for which application threads were stopped: 0.0003840 seconds
2016-07-22T14:01:32.680-0530: 24746.592: Total time for which application threads were stopped: 0.1341353 seconds
2016-07-22T14:01:34.278-0530: 24748.191: Total time for which application threads were stopped: 0.0001063 seconds
2016-07-22T14:01:34.278-0530: 24748.191: Total time for which application threads were stopped: 0.0000770 seconds
2016-07-22T14:01:35.068-0530: 24748.981: Total time for which application threads were stopped: 0.0359166 seconds
2016-07-22T14:01:35.160-0530: 24749.072: Total time for which application threads were stopped: 0.0913137 seconds
2016-07-22T14:01:35.578-0530: 24749.490: Total time for which application threads were stopped: 0.4172650 seconds
2016-07-22T14:01:35.898-0530: 24749.810: Total time for which application threads were stopped: 0.1020606 seconds
2016-07-22T14:01:40.931-0530: 24754.844: Total time for which application threads were stopped: 0.0168194 seconds
2016-07-22T14:02:30.074-0530: 24803.987: Total time for which application threads were stopped: 0.0002430 seconds
2016-07-22T14:19:52.901-0530: 25846.842: Total time for which application threads were stopped: 0.0001097 seconds
2016-07-22T14:19:53.918-0530: 25847.859: Total time for which application threads were stopped: 0.0139143 seconds
{Heap before GC invocations=56 (full 5):
 par new generation   total 109248K, used 108791K [0x00000007a0000000, 0x00000007a8000000, 0x00000007a8000000)
  eden space 87424K, 100% used [0x00000007a0000000, 0x00000007a5560000, 0x00000007a5560000)
  from space 21824K,  97% used [0x00000007a5560000, 0x00000007a6a3de60, 0x00000007a6ab0000)
  to   space 21824K,   0% used [0x00000007a6ab0000, 0x00000007a6ab0000, 0x00000007a8000000)
 concurrent mark-sweep generation total 393216K, used 50976K [0x00000007a8000000, 0x00000007c0000000, 0x00000007c0000000)
 Metaspace       used 31221K, capacity 31554K, committed 31996K, reserved 1077248K
  class space    used 3618K, capacity 3710K, committed 3836K, reserved 1048576K
2016-07-22T14:19:59.830-0530: 25853.772: [GC (Allocation Failure) 25853.797: [ParNew
Desired survivor size 20112992 bytes, new threshold 4 (max 8)
- age   1:   12891880 bytes,   12891880 total
- age   2:    1831816 bytes,   14723696 total
- age   3:    4649184 bytes,   19372880 total
- age   4:    2966592 bytes,   22339472 total
: 108791K->21824K(109248K), 0.6772030 secs] 159768K->85089K(502464K), 0.7031130 secs] [Times: user=0.20 sys=0.22, real=0.70 secs] 
Heap after GC invocations=57 (full 5):
 par new generation   total 109248K, used 21824K [0x00000007a0000000, 0x00000007a8000000, 0x00000007a8000000)
  eden space 87424K,   0% used [0x00000007a0000000, 0x00000007a0000000, 0x00000007a5560000)
  from space 21824K, 100% used [0x00000007a6ab0000, 0x00000007a8000000, 0x00000007a8000000)
  to   space 21824K,   0% used [0x00000007a5560000, 0x00000007a5560000, 0x00000007a6ab0000)
 concurrent mark-sweep generation total 393216K, used 63265K [0x00000007a8000000, 0x00000007c0000000, 0x00000007c0000000)
 Metaspace       used 31221K, capacity 31554K, committed 31996K, reserved 1077248K
  class space    used 3618K, capacity 3710K, committed 3836K, reserved 1048576K
}
2016-07-22T14:20:00.534-0530: 25854.475: Total time for which application threads were stopped: 0.7796326 seconds
{Heap before GC invocations=57 (full 5):
 par new generation   total 109248K, used 109248K [0x00000007a0000000, 0x00000007a8000000, 0x00000007a8000000)
  eden space 87424K, 100% used [0x00000007a0000000, 0x00000007a5560000, 0x00000007a5560000)
  from space 21824K, 100% used [0x00000007a6ab0000, 0x00000007a8000000, 0x00000007a8000000)
  to   space 21824K,   0% used [0x00000007a5560000, 0x00000007a5560000, 0x00000007a6ab0000)
 concurrent mark-sweep generation total 393216K, used 63265K [0x00000007a8000000, 0x00000007c0000000, 0x00000007c0000000)
 Metaspace       used 31221K, capacity 31554K, committed 31996K, reserved 1077248K
  class space    used 3618K, capacity 3710K, committed 3836K, reserved 1048576K
2016-07-22T14:20:01.061-0530: 25855.002: [GC (Allocation Failure) 25855.038: [ParNew
Desired survivor size 20112992 bytes, new threshold 4 (max 8)
- age   1:    4546648 bytes,    4546648 total
- age   2:    9911264 bytes,   14457912 total
- age   3:    1830512 bytes,   16288424 total
- age   4:    4649184 bytes,   20937608 total
: 109248K->21824K(109248K), 0.3081369 secs] 172513K->101485K(502464K), 0.3435208 secs] [Times: user=0.37 sys=0.08, real=0.34 secs] 
Heap after GC invocations=58 (full 5):
 par new generation   total 109248K, used 21824K [0x00000007a0000000, 0x00000007a8000000, 0x00000007a8000000)
  eden space 87424K,   0% used [0x00000007a0000000, 0x00000007a0000000, 0x00000007a5560000)
  from space 21824K, 100% used [0x00000007a5560000, 0x00000007a6ab0000, 0x00000007a6ab0000)
  to   space 21824K,   0% used [0x00000007a6ab0000, 0x00000007a6ab0000, 0x00000007a8000000)
 concurrent mark-sweep generation total 393216K, used 79661K [0x00000007a8000000, 0x00000007c0000000, 0x00000007c0000000)
 Metaspace       used 31221K, capacity 31554K, committed 31996K, reserved 1077248K
  class space    used 3618K, capacity 3710K, committed 3836K, reserved 1048576K
}
2016-07-22T14:20:01.405-0530: 25855.346: Total time for which application threads were stopped: 0.3438346 seconds
2016-07-22T14:20:03.774-0530: 25857.715: Total time for which application threads were stopped: 0.0002064 seconds
2016-07-22T14:21:14.591-0530: 25928.535: Total time for which application threads were stopped: 0.0001978 seconds
2016-07-22T14:21:14.791-0530: 25928.734: Total time for which application threads were stopped: 0.0001261 seconds
2016-07-22T14:21:14.834-0530: 25928.777: Total time for which application threads were stopped: 0.0387995 seconds
2016-07-22T14:21:14.879-0530: 25928.822: Total time for which application threads were stopped: 0.0001250 seconds
2016-07-22T14:21:14.963-0530: 25928.906: Total time for which application threads were stopped: 0.0001045 seconds
2016-07-22T14:21:15.967-0530: 25929.910: Total time for which application threads were stopped: 0.0002852 seconds
2016-07-22T14:21:16.972-0530: 25930.915: Total time for which application threads were stopped: 0.0002669 seconds
2016-07-22T14:21:17.133-0530: 25931.076: Total time for which application threads were stopped: 0.0001117 seconds
{Heap before GC invocations=58 (full 5):
 par new generation   total 109248K, used 109248K [0x00000007a0000000, 0x00000007a8000000, 0x00000007a8000000)
  eden space 87424K, 100% used [0x00000007a0000000, 0x00000007a5560000, 0x00000007a5560000)
  from space 21824K, 100% used [0x00000007a5560000, 0x00000007a6ab0000, 0x00000007a6ab0000)
  to   space 21824K,   0% used [0x00000007a6ab0000, 0x00000007a6ab0000, 0x00000007a8000000)
 concurrent mark-sweep generation total 393216K, used 79661K [0x00000007a8000000, 0x00000007c0000000, 0x00000007c0000000)
 Metaspace       used 31384K, capacity 31682K, committed 32252K, reserved 1077248K
  class space    used 3618K, capacity 3710K, committed 3836K, reserved 1048576K
2016-07-22T14:21:17.147-0530: 25931.091: [GC (Allocation Failure) 25931.112: [ParNew
Desired survivor size 20112992 bytes, new threshold 8 (max 8)
- age   1:    3586520 bytes,    3586520 total
- age   3:    7521568 bytes,   11108088 total
- age   4:    1830432 bytes,   12938520 total
: 109248K->21824K(109248K), 0.0298713 secs] 188909K->106025K(502464K), 0.0513360 secs] [Times: user=0.06 sys=0.02, real=0.05 secs] 
Heap after GC invocations=59 (full 5):
 par new generation   total 109248K, used 21824K [0x00000007a0000000, 0x00000007a8000000, 0x00000007a8000000)
  eden space 87424K,   0% used [0x00000007a0000000, 0x00000007a0000000, 0x00000007a5560000)
  from space 21824K, 100% used [0x00000007a6ab0000, 0x00000007a8000000, 0x00000007a8000000)
  to   space 21824K,   0% used [0x00000007a5560000, 0x00000007a5560000, 0x00000007a6ab0000)
 concurrent mark-sweep generation total 393216K, used 84201K [0x00000007a8000000, 0x00000007c0000000, 0x00000007c0000000)
 Metaspace       used 31384K, capacity 31682K, committed 32252K, reserved 1077248K
  class space    used 3618K, capacity 3710K, committed 3836K, reserved 1048576K
}
2016-07-22T14:21:17.199-0530: 25931.142: Total time for which application threads were stopped: 0.0515799 seconds
{Heap before GC invocations=59 (full 5):
 par new generation   total 109248K, used 109248K [0x00000007a0000000, 0x00000007a8000000, 0x00000007a8000000)
  eden space 87424K, 100% used [0x00000007a0000000, 0x00000007a5560000, 0x00000007a5560000)
  from space 21824K, 100% used [0x00000007a6ab0000, 0x00000007a8000000, 0x00000007a8000000)
  to   space 21824K,   0% used [0x00000007a5560000, 0x00000007a5560000, 0x00000007a6ab0000)
 concurrent mark-sweep generation total 393216K, used 84201K [0x00000007a8000000, 0x00000007c0000000, 0x00000007c0000000)
 Metaspace       used 31384K, capacity 31682K, committed 32252K, reserved 1077248K
  class space    used 3618K, capacity 3710K, committed 3836K, reserved 1048576K
2016-07-22T14:21:17.652-0530: 25931.595: [GC (Allocation Failure) 25931.595: [ParNew
Desired survivor size 20112992 bytes, new threshold 4 (max 8)
- age   1:   14307032 bytes,   14307032 total
- age   2:    2046256 bytes,   16353288 total
- age   4:    5030776 bytes,   21384064 total
- age   5:     929760 bytes,   22313824 total
: 109248K->21824K(109248K), 0.4494264 secs] 193449K->121816K(502464K), 0.4495144 secs] [Times: user=0.29 sys=0.06, real=0.45 secs] 
Heap after GC invocations=60 (full 5):
 par new generation   total 109248K, used 21824K [0x00000007a0000000, 0x00000007a8000000, 0x00000007a8000000)
  eden space 87424K,   0% used [0x00000007a0000000, 0x00000007a0000000, 0x00000007a5560000)
  from space 21824K, 100% used [0x00000007a5560000, 0x00000007a6ab0000, 0x00000007a6ab0000)
  to   space 21824K,   0% used [0x00000007a6ab0000, 0x00000007a6ab0000, 0x00000007a8000000)
 concurrent mark-sweep generation total 393216K, used 99992K [0x00000007a8000000, 0x00000007c0000000, 0x00000007c0000000)
 Metaspace       used 31384K, capacity 31682K, committed 32252K, reserved 1077248K
  class space    used 3618K, capacity 3710K, committed 3836K, reserved 1048576K
}
2016-07-22T14:21:18.102-0530: 25932.045: Total time for which application threads were stopped: 0.4497594 seconds
{Heap before GC invocations=60 (full 5):
 par new generation   total 109248K, used 109248K [0x00000007a0000000, 0x00000007a8000000, 0x00000007a8000000)
  eden space 87424K, 100% used [0x00000007a0000000, 0x00000007a5560000, 0x00000007a5560000)
  from space 21824K, 100% used [0x00000007a5560000, 0x00000007a6ab0000, 0x00000007a6ab0000)
  to   space 21824K,   0% used [0x00000007a6ab0000, 0x00000007a6ab0000, 0x00000007a8000000)
 concurrent mark-sweep generation total 393216K, used 99992K [0x00000007a8000000, 0x00000007c0000000, 0x00000007c0000000)
 Metaspace       used 31384K, capacity 31682K, committed 32252K, reserved 1077248K
  class space    used 3618K, capacity 3710K, committed 3836K, reserved 1048576K
2016-07-22T14:21:18.583-0530: 25932.526: [GC (Allocation Failure) 25932.526: [ParNew
Desired survivor size 20112992 bytes, new threshold 3 (max 8)
- age   1:   10806456 bytes,   10806456 total
- age   2:    7977128 bytes,   18783584 total
- age   3:    2046160 bytes,   20829744 total
: 109248K->21824K(109248K), 0.1128458 secs] 209240K->133562K(502464K), 0.1129198 secs] [Times: user=0.17 sys=0.04, real=0.11 secs] 
Heap after GC invocations=61 (full 5):
 par new generation   total 109248K, used 21824K [0x00000007a0000000, 0x00000007a8000000, 0x00000007a8000000)
  eden space 87424K,   0% used [0x00000007a0000000, 0x00000007a0000000, 0x00000007a5560000)
  from space 21824K, 100% used [0x00000007a6ab0000, 0x00000007a8000000, 0x00000007a8000000)
  to   space 21824K,   0% used [0x00000007a5560000, 0x00000007a5560000, 0x00000007a6ab0000)
 concurrent mark-sweep generation total 393216K, used 111738K [0x00000007a8000000, 0x00000007c0000000, 0x00000007c0000000)
 Metaspace       used 31384K, capacity 31682K, committed 32252K, reserved 1077248K
  class space    used 3618K, capacity 3710K, committed 3836K, reserved 1048576K
}
2016-07-22T14:21:18.696-0530: 25932.639: Total time for which application threads were stopped: 0.1131382 seconds
2016-07-22T14:21:20.798-0530: 25934.742: Total time for which application threads were stopped: 0.0002113 seconds
2016-07-22T14:21:39.393-0530: 25953.337: Total time for which application threads were stopped: 0.0111406 seconds
2016-07-22T14:21:39.852-0530: 25953.796: Total time for which application threads were stopped: 0.0511124 seconds
2016-07-22T14:21:39.883-0530: 25953.827: Total time for which application threads were stopped: 0.0211909 seconds
2016-07-22T14:21:40.032-0530: 25953.976: Total time for which application threads were stopped: 0.0173268 seconds
2016-07-22T14:21:40.055-0530: 25953.999: Total time for which application threads were stopped: 0.0182978 seconds
2016-07-22T14:21:41.708-0530: 25955.652: Total time for which application threads were stopped: 0.0001174 seconds
2016-07-22T14:21:43.308-0530: 25957.252: Total time for which application threads were stopped: 0.0001168 seconds
2016-07-22T14:21:43.870-0530: 25957.814: Total time for which application threads were stopped: 0.0001479 seconds
{Heap before GC invocations=61 (full 5):
 par new generation   total 109248K, used 109238K [0x00000007a0000000, 0x00000007a8000000, 0x00000007a8000000)
  eden space 87424K,  99% used [0x00000007a0000000, 0x00000007a555dab0, 0x00000007a5560000)
  from space 21824K, 100% used [0x00000007a6ab0000, 0x00000007a8000000, 0x00000007a8000000)
  to   space 21824K,   0% used [0x00000007a5560000, 0x00000007a5560000, 0x00000007a6ab0000)
 concurrent mark-sweep generation total 393216K, used 111738K [0x00000007a8000000, 0x00000007c0000000, 0x00000007c0000000)
 Metaspace       used 31396K, capacity 31682K, committed 32252K, reserved 1077248K
  class space    used 3618K, capacity 3710K, committed 3836K, reserved 1048576K
2016-07-22T14:21:43.903-0530: 25957.847: [GC (Allocation Failure) 25957.847: [ParNew
Desired survivor size 20112992 bytes, new threshold 8 (max 8)
- age   1:    7612600 bytes,    7612600 total
- age   3:    2321168 bytes,    9933768 total
: 109238K->18766K(109248K), 0.0095738 secs] 220976K->131329K(502464K), 0.0096764 secs] [Times: user=0.02 sys=0.00, real=0.01 secs] 
Heap after GC invocations=62 (full 5):
 par new generation   total 109248K, used 18766K [0x00000007a0000000, 0x00000007a8000000, 0x00000007a8000000)
  eden space 87424K,   0% used [0x00000007a0000000, 0x00000007a0000000, 0x00000007a5560000)
  from space 21824K,  85% used [0x00000007a5560000, 0x00000007a67b3be0, 0x00000007a6ab0000)
  to   space 21824K,   0% used [0x00000007a6ab0000, 0x00000007a6ab0000, 0x00000007a8000000)
 concurrent mark-sweep generation total 393216K, used 112562K [0x00000007a8000000, 0x00000007c0000000, 0x00000007c0000000)
 Metaspace       used 31396K, capacity 31682K, committed 32252K, reserved 1077248K
  class space    used 3618K, capacity 3710K, committed 3836K, reserved 1048576K
}
2016-07-22T14:21:43.913-0530: 25957.857: Total time for which application threads were stopped: 0.0099497 seconds
{Heap before GC invocations=62 (full 5):
 par new generation   total 109248K, used 106190K [0x00000007a0000000, 0x00000007a8000000, 0x00000007a8000000)
  eden space 87424K, 100% used [0x00000007a0000000, 0x00000007a5560000, 0x00000007a5560000)
  from space 21824K,  85% used [0x00000007a5560000, 0x00000007a67b3be0, 0x00000007a6ab0000)
  to   space 21824K,   0% used [0x00000007a6ab0000, 0x00000007a6ab0000, 0x00000007a8000000)
 concurrent mark-sweep generation total 393216K, used 112562K [0x00000007a8000000, 0x00000007c0000000, 0x00000007c0000000)
 Metaspace       used 31397K, capacity 31682K, committed 32252K, reserved 1077248K
  class space    used 3618K, capacity 3710K, committed 3836K, reserved 1048576K
2016-07-22T14:21:44.479-0530: 25958.423: [GC (Allocation Failure) 25958.423: [ParNew
Desired survivor size 20112992 bytes, new threshold 2 (max 8)
- age   1:   13469472 bytes,   13469472 total
- age   2:    7103808 bytes,   20573280 total
- age   4:    1743768 bytes,   22317048 total
: 106190K->21824K(109248K), 0.1029593 secs] 218753K->152003K(502464K), 0.1030507 secs] [Times: user=0.10 sys=0.04, real=0.11 secs] 
Heap after GC invocations=63 (full 5):
 par new generation   total 109248K, used 21824K [0x00000007a0000000, 0x00000007a8000000, 0x00000007a8000000)
  eden space 87424K,   0% used [0x00000007a0000000, 0x00000007a0000000, 0x00000007a5560000)
  from space 21824K, 100% used [0x00000007a6ab0000, 0x00000007a8000000, 0x00000007a8000000)
  to   space 21824K,   0% used [0x00000007a5560000, 0x00000007a5560000, 0x00000007a6ab0000)
 concurrent mark-sweep generation total 393216K, used 130179K [0x00000007a8000000, 0x00000007c0000000, 0x00000007c0000000)
 Metaspace       used 31397K, capacity 31682K, committed 32252K, reserved 1077248K
  class space    used 3618K, capacity 3710K, committed 3836K, reserved 1048576K
}
2016-07-22T14:21:44.582-0530: 25958.526: Total time for which application threads were stopped: 0.1032624 seconds
{Heap before GC invocations=63 (full 5):
 par new generation   total 109248K, used 109248K [0x00000007a0000000, 0x00000007a8000000, 0x00000007a8000000)
  eden space 87424K, 100% used [0x00000007a0000000, 0x00000007a5560000, 0x00000007a5560000)
  from space 21824K, 100% used [0x00000007a6ab0000, 0x00000007a8000000, 0x00000007a8000000)
  to   space 21824K,   0% used [0x00000007a5560000, 0x00000007a5560000, 0x00000007a6ab0000)
 concurrent mark-sweep generation total 393216K, used 130179K [0x00000007a8000000, 0x00000007c0000000, 0x00000007c0000000)
 Metaspace       used 31397K, capacity 31682K, committed 32252K, reserved 1077248K
  class space    used 3618K, capacity 3710K, committed 3836K, reserved 1048576K
2016-07-22T14:21:45.145-0530: 25959.089: [GC (Allocation Failure) 25959.089: [ParNew
Desired survivor size 20112992 bytes, new threshold 2 (max 8)
- age   1:   10947104 bytes,   10947104 total
- age   2:   11392544 bytes,   22339648 total
: 109248K->21824K(109248K), 0.1059985 secs] 239427K->162112K(502464K), 0.1060677 secs] [Times: user=0.07 sys=0.04, real=0.11 secs] 
Heap after GC invocations=64 (full 5):
 par new generation   total 109248K, used 21824K [0x00000007a0000000, 0x00000007a8000000, 0x00000007a8000000)
  eden space 87424K,   0% used [0x00000007a0000000, 0x00000007a0000000, 0x00000007a5560000)
  from space 21824K, 100% used [0x00000007a5560000, 0x00000007a6ab0000, 0x00000007a6ab0000)
  to   space 21824K,   0% used [0x00000007a6ab0000, 0x00000007a6ab0000, 0x00000007a8000000)
 concurrent mark-sweep generation total 393216K, used 140288K [0x00000007a8000000, 0x00000007c0000000, 0x00000007c0000000)
 Metaspace       used 31397K, capacity 31682K, committed 32252K, reserved 1077248K
  class space    used 3618K, capacity 3710K, committed 3836K, reserved 1048576K
}
2016-07-22T14:21:45.251-0530: 25959.195: Total time for which application threads were stopped: 0.1062728 seconds
2016-07-22T14:21:47.296-0530: 25961.240: Total time for which application threads were stopped: 0.0001928 seconds
2016-07-22T15:02:18.278-0530: 28394.571: Total time for which application threads were stopped: 0.0011784 seconds
2016-07-22T15:02:18.342-0530: 28394.635: Total time for which application threads were stopped: 0.0003536 seconds
2016-07-22T15:02:18.926-0530: 28395.219: Total time for which application threads were stopped: 0.0567240 seconds
2016-07-22T15:02:18.938-0530: 28395.231: Total time for which application threads were stopped: 0.0001610 seconds
2016-07-22T15:02:19.609-0530: 28395.903: Total time for which application threads were stopped: 0.0193077 seconds
2016-07-22T15:02:19.670-0530: 28395.963: Total time for which application threads were stopped: 0.0561742 seconds
2016-07-22T15:02:20.673-0530: 28396.966: Total time for which application threads were stopped: 0.0001938 seconds
2016-07-22T15:02:21.677-0530: 28397.970: Total time for which application threads were stopped: 0.0001266 seconds
2016-07-22T15:02:22.680-0530: 28398.973: Total time for which application threads were stopped: 0.0001180 seconds
2016-07-22T15:02:22.930-0530: 28399.224: Total time for which application threads were stopped: 0.0001198 seconds
{Heap before GC invocations=64 (full 5):
 par new generation   total 109248K, used 109243K [0x00000007a0000000, 0x00000007a8000000, 0x00000007a8000000)
  eden space 87424K,  99% used [0x00000007a0000000, 0x00000007a555ed50, 0x00000007a5560000)
  from space 21824K, 100% used [0x00000007a5560000, 0x00000007a6ab0000, 0x00000007a6ab0000)
  to   space 21824K,   0% used [0x00000007a6ab0000, 0x00000007a6ab0000, 0x00000007a8000000)
 concurrent mark-sweep generation total 393216K, used 140288K [0x00000007a8000000, 0x00000007c0000000, 0x00000007c0000000)
 Metaspace       used 31454K, capacity 31810K, committed 32252K, reserved 1077248K
  class space    used 3618K, capacity 3710K, committed 3836K, reserved 1048576K
2016-07-22T15:02:23.027-0530: 28399.320: [GC (Allocation Failure) 28399.337: [ParNew
Desired survivor size 20112992 bytes, new threshold 8 (max 8)
- age   1:   11425056 bytes,   11425056 total
- age   2:    8188248 bytes,   19613304 total
: 109243K->21824K(109248K), 0.1507392 secs] 249531K->175710K(502464K), 0.1675215 secs] [Times: user=0.10 sys=0.20, real=0.17 secs] 
Heap after GC invocations=65 (full 5):
 par new generation   total 109248K, used 21824K [0x00000007a0000000, 0x00000007a8000000, 0x00000007a8000000)
  eden space 87424K,   0% used [0x00000007a0000000, 0x00000007a0000000, 0x00000007a5560000)
  from space 21824K, 100% used [0x00000007a6ab0000, 0x00000007a8000000, 0x00000007a8000000)
  to   space 21824K,   0% used [0x00000007a5560000, 0x00000007a5560000, 0x00000007a6ab0000)
 concurrent mark-sweep generation total 393216K, used 153886K [0x00000007a8000000, 0x00000007c0000000, 0x00000007c0000000)
 Metaspace       used 31454K, capacity 31810K, committed 32252K, reserved 1077248K
  class space    used 3618K, capacity 3710K, committed 3836K, reserved 1048576K
}
2016-07-22T15:02:23.194-0530: 28399.488: Total time for which application threads were stopped: 0.1677850 seconds
{Heap before GC invocations=65 (full 5):
 par new generation   total 109248K, used 109248K [0x00000007a0000000, 0x00000007a8000000, 0x00000007a8000000)
  eden space 87424K, 100% used [0x00000007a0000000, 0x00000007a5560000, 0x00000007a5560000)
  from space 21824K, 100% used [0x00000007a6ab0000, 0x00000007a8000000, 0x00000007a8000000)
  to   space 21824K,   0% used [0x00000007a5560000, 0x00000007a5560000, 0x00000007a6ab0000)
 concurrent mark-sweep generation total 393216K, used 153886K [0x00000007a8000000, 0x00000007c0000000, 0x00000007c0000000)
 Metaspace       used 31455K, capacity 31810K, committed 32252K, reserved 1077248K
  class space    used 3618K, capacity 3710K, committed 3836K, reserved 1048576K
2016-07-22T15:02:23.700-0530: 28399.993: [GC (Allocation Failure) 28399.993: [ParNew
Desired survivor size 20112992 bytes, new threshold 2 (max 8)
- age   1:   12401616 bytes,   12401616 total
- age   2:    9929568 bytes,   22331184 total
: 109248K->21824K(109248K), 0.1413112 secs] 263134K->212322K(502464K), 0.1413733 secs] [Times: user=0.19 sys=0.14, real=0.14 secs] 
Heap after GC invocations=66 (full 5):
 par new generation   total 109248K, used 21824K [0x00000007a0000000, 0x00000007a8000000, 0x00000007a8000000)
  eden space 87424K,   0% used [0x00000007a0000000, 0x00000007a0000000, 0x00000007a5560000)
  from space 21824K, 100% used [0x00000007a5560000, 0x00000007a6ab0000, 0x00000007a6ab0000)
  to   space 21824K,   0% used [0x00000007a6ab0000, 0x00000007a6ab0000, 0x00000007a8000000)
 concurrent mark-sweep generation total 393216K, used 190498K [0x00000007a8000000, 0x00000007c0000000, 0x00000007c0000000)
 Metaspace       used 31455K, capacity 31810K, committed 32252K, reserved 1077248K
  class space    used 3618K, capacity 3710K, committed 3836K, reserved 1048576K
}
2016-07-22T15:02:23.841-0530: 28400.134: Total time for which application threads were stopped: 0.1416173 seconds
{Heap before GC invocations=66 (full 5):
 par new generation   total 109248K, used 109248K [0x00000007a0000000, 0x00000007a8000000, 0x00000007a8000000)
  eden space 87424K, 100% used [0x00000007a0000000, 0x00000007a5560000, 0x00000007a5560000)
  from space 21824K, 100% used [0x00000007a5560000, 0x00000007a6ab0000, 0x00000007a6ab0000)
  to   space 21824K,   0% used [0x00000007a6ab0000, 0x00000007a6ab0000, 0x00000007a8000000)
 concurrent mark-sweep generation total 393216K, used 190498K [0x00000007a8000000, 0x00000007c0000000, 0x00000007c0000000)
 Metaspace       used 31455K, capacity 31810K, committed 32252K, reserved 1077248K
  class space    used 3618K, capacity 3710K, committed 3836K, reserved 1048576K
2016-07-22T15:02:24.467-0530: 28400.760: [GC (Allocation Failure) 28400.760: [ParNew
Desired survivor size 20112992 bytes, new threshold 8 (max 8)
- age   1:   11053328 bytes,   11053328 total
- age   2:    8899336 bytes,   19952664 total
: 109248K->21824K(109248K), 0.0903212 secs] 299746K->223399K(502464K), 0.0904130 secs] [Times: user=0.06 sys=0.05, real=0.09 secs] 
Heap after GC invocations=67 (full 5):
 par new generation   total 109248K, used 21824K [0x00000007a0000000, 0x00000007a8000000, 0x00000007a8000000)
  eden space 87424K,   0% used [0x00000007a0000000, 0x00000007a0000000, 0x00000007a5560000)
  from space 21824K, 100% used [0x00000007a6ab0000, 0x00000007a8000000, 0x00000007a8000000)
  to   space 21824K,   0% used [0x00000007a5560000, 0x00000007a5560000, 0x00000007a6ab0000)
 concurrent mark-sweep generation total 393216K, used 201575K [0x00000007a8000000, 0x00000007c0000000, 0x00000007c0000000)
 Metaspace       used 31455K, capacity 31810K, committed 32252K, reserved 1077248K
  class space    used 3618K, capacity 3710K, committed 3836K, reserved 1048576K
}
2016-07-22T15:02:24.557-0530: 28400.851: Total time for which application threads were stopped: 0.0906604 seconds
2016-07-22T15:02:24.588-0530: 28400.881: [GC (CMS Initial Mark) [1 CMS-initial-mark: 201575K(393216K)] 226689K(502464K), 0.0050299 secs] [Times: user=0.01 sys=0.00, real=0.01 secs] 
2016-07-22T15:02:24.593-0530: 28400.887: Total time for which application threads were stopped: 0.0052870 seconds
2016-07-22T15:02:24.593-0530: 28400.887: [CMS-concurrent-mark-start]
2016-07-22T15:02:24.660-0530: 28400.953: [CMS-concurrent-mark: 0.067/0.067 secs] [Times: user=0.16 sys=0.02, real=0.07 secs] 
2016-07-22T15:02:24.660-0530: 28400.953: [CMS-concurrent-preclean-start]
2016-07-22T15:02:24.661-0530: 28400.954: [CMS-concurrent-preclean: 0.001/0.001 secs] [Times: user=0.00 sys=0.00, real=0.00 secs] 
2016-07-22T15:02:24.661-0530: 28400.955: [CMS-concurrent-abortable-preclean-start]
2016-07-22T15:02:26.463-0530: 28402.757: Total time for which application threads were stopped: 0.0002027 seconds
2016-07-22T15:02:27.467-0530: 28403.760: Total time for which application threads were stopped: 0.0001197 seconds
 CMS: abort preclean due to time 2016-07-22T15:02:30.776-0530: 28407.070: [CMS-concurrent-abortable-preclean: 2.592/6.115 secs] [Times: user=4.40 sys=0.04, real=6.11 secs] 
2016-07-22T15:02:30.776-0530: 28407.070: [GC (CMS Final Remark) [YG occupancy: 62039 K (109248 K)]{Heap before GC invocations=67 (full 6):
 par new generation   total 109248K, used 62039K [0x00000007a0000000, 0x00000007a8000000, 0x00000007a8000000)
  eden space 87424K,  46% used [0x00000007a0000000, 0x00000007a2745ea8, 0x00000007a5560000)
  from space 21824K, 100% used [0x00000007a6ab0000, 0x00000007a8000000, 0x00000007a8000000)
  to   space 21824K,   0% used [0x00000007a5560000, 0x00000007a5560000, 0x00000007a6ab0000)
 concurrent mark-sweep generation total 393216K, used 201575K [0x00000007a8000000, 0x00000007c0000000, 0x00000007c0000000)
 Metaspace       used 31456K, capacity 31810K, committed 32252K, reserved 1077248K
  class space    used 3618K, capacity 3710K, committed 3836K, reserved 1048576K
2016-07-22T15:02:30.776-0530: 28407.070: [GC (CMS Final Remark) 28407.070: [ParNew
Desired survivor size 20112992 bytes, new threshold 8 (max 8)
- age   1:     268888 bytes,     268888 total
- age   3:    2411280 bytes,    2680168 total
: 62039K->17172K(109248K), 0.0032932 secs] 263615K->218747K(502464K), 0.0038849 secs] [Times: user=0.01 sys=0.00, real=0.01 secs] 
Heap after GC invocations=68 (full 6):
 par new generation   total 109248K, used 17172K [0x00000007a0000000, 0x00000007a8000000, 0x00000007a8000000)
  eden space 87424K,   0% used [0x00000007a0000000, 0x00000007a0000000, 0x00000007a5560000)
  from space 21824K,  78% used [0x00000007a5560000, 0x00000007a6625080, 0x00000007a6ab0000)
  to   space 21824K,   0% used [0x00000007a6ab0000, 0x00000007a6ab0000, 0x00000007a8000000)
 concurrent mark-sweep generation total 393216K, used 201575K [0x00000007a8000000, 0x00000007c0000000, 0x00000007c0000000)
 Metaspace       used 31456K, capacity 31810K, committed 32252K, reserved 1077248K
  class space    used 3618K, capacity 3710K, committed 3836K, reserved 1048576K
}
28407.074: [Rescan (parallel) , 0.0017087 secs]28407.076: [weak refs processing, 0.0015984 secs]28407.077: [class unloading, 0.0614783 secs]28407.139: [scrub symbol table, 0.0130488 secs]28407.152: [scrub string table, 0.0004224 secs][1 CMS-remark: 201575K(393216K)] 218747K(502464K), 0.0869054 secs] [Times: user=0.06 sys=0.04, real=0.09 secs] 
2016-07-22T15:02:30.863-0530: 28407.157: Total time for which application threads were stopped: 0.0870480 seconds
2016-07-22T15:02:30.863-0530: 28407.157: [CMS-concurrent-sweep-start]
2016-07-22T15:02:31.060-0530: 28407.354: [CMS-concurrent-sweep: 0.197/0.197 secs] [Times: user=0.13 sys=0.06, real=0.20 secs] 
2016-07-22T15:02:31.085-0530: 28407.378: [CMS-concurrent-reset-start]
2016-07-22T15:02:31.090-0530: 28407.384: [CMS-concurrent-reset: 0.005/0.005 secs] [Times: user=0.00 sys=0.01, real=0.01 secs] 
2016-07-22T15:37:57.718-0530: 30534.111: Total time for which application threads were stopped: 0.0011194 seconds
2016-07-22T15:37:57.886-0530: 30534.278: Total time for which application threads were stopped: 0.0001438 seconds
2016-07-22T15:38:01.462-0530: 30537.854: Total time for which application threads were stopped: 0.0001174 seconds
{Heap before GC invocations=68 (full 6):
 par new generation   total 109248K, used 103863K [0x00000007a0000000, 0x00000007a8000000, 0x00000007a8000000)
  eden space 87424K,  99% used [0x00000007a0000000, 0x00000007a54a8e08, 0x00000007a5560000)
  from space 21824K,  78% used [0x00000007a5560000, 0x00000007a6625080, 0x00000007a6ab0000)
  to   space 21824K,   0% used [0x00000007a6ab0000, 0x00000007a6ab0000, 0x00000007a8000000)
 concurrent mark-sweep generation total 393216K, used 40926K [0x00000007a8000000, 0x00000007c0000000, 0x00000007c0000000)
 Metaspace       used 31456K, capacity 31810K, committed 32252K, reserved 1077248K
  class space    used 3618K, capacity 3710K, committed 3836K, reserved 1048576K
2016-07-22T15:38:01.936-0530: 30538.328: [GC (Allocation Failure) 30538.352: [ParNew
Desired survivor size 20112992 bytes, new threshold 4 (max 8)
- age   1:   18596568 bytes,   18596568 total
- age   2:     268392 bytes,   18864960 total
- age   4:    2411408 bytes,   21276368 total
: 103863K->21824K(109248K), 0.0746169 secs] 144790K->67507K(502464K), 0.0986445 secs] [Times: user=0.07 sys=0.14, real=0.10 secs] 
Heap after GC invocations=69 (full 6):
 par new generation   total 109248K, used 21824K [0x00000007a0000000, 0x00000007a8000000, 0x00000007a8000000)
  eden space 87424K,   0% used [0x00000007a0000000, 0x00000007a0000000, 0x00000007a5560000)
  from space 21824K, 100% used [0x00000007a6ab0000, 0x00000007a8000000, 0x00000007a8000000)
  to   space 21824K,   0% used [0x00000007a5560000, 0x00000007a5560000, 0x00000007a6ab0000)
 concurrent mark-sweep generation total 393216K, used 45683K [0x00000007a8000000, 0x00000007c0000000, 0x00000007c0000000)
 Metaspace       used 31456K, capacity 31810K, committed 32252K, reserved 1077248K
  class space    used 3618K, capacity 3710K, committed 3836K, reserved 1048576K
}
2016-07-22T15:38:02.035-0530: 30538.427: Total time for which application threads were stopped: 0.0991428 seconds
{Heap before GC invocations=69 (full 6):
 par new generation   total 109248K, used 109248K [0x00000007a0000000, 0x00000007a8000000, 0x00000007a8000000)
  eden space 87424K, 100% used [0x00000007a0000000, 0x00000007a5560000, 0x00000007a5560000)
  from space 21824K, 100% used [0x00000007a6ab0000, 0x00000007a8000000, 0x00000007a8000000)
  to   space 21824K,   0% used [0x00000007a5560000, 0x00000007a5560000, 0x00000007a6ab0000)
 concurrent mark-sweep generation total 393216K, used 45683K [0x00000007a8000000, 0x00000007c0000000, 0x00000007c0000000)
 Metaspace       used 31456K, capacity 31810K, committed 32252K, reserved 1077248K
  class space    used 3618K, capacity 3710K, committed 3836K, reserved 1048576K
2016-07-22T15:38:02.549-0530: 30538.941: [GC (Allocation Failure) 30538.941: [ParNew
Desired survivor size 20112992 bytes, new threshold 2 (max 8)
- age   1:    5006152 bytes,    5006152 total
- age   2:   17060128 bytes,   22066280 total
- age   3:     268392 bytes,   22334672 total
: 109248K->21824K(109248K), 0.0747941 secs] 154931K->80059K(502464K), 0.0748903 secs] [Times: user=0.10 sys=0.12, real=0.08 secs] 
Heap after GC invocations=70 (full 6):
 par new generation   total 109248K, used 21824K [0x00000007a0000000, 0x00000007a8000000, 0x00000007a8000000)
  eden space 87424K,   0% used [0x00000007a0000000, 0x00000007a0000000, 0x00000007a5560000)
  from space 21824K, 100% used [0x00000007a5560000, 0x00000007a6ab0000, 0x00000007a6ab0000)
  to   space 21824K,   0% used [0x00000007a6ab0000, 0x00000007a6ab0000, 0x00000007a8000000)
 concurrent mark-sweep generation total 393216K, used 58235K [0x00000007a8000000, 0x00000007c0000000, 0x00000007c0000000)
 Metaspace       used 31456K, capacity 31810K, committed 32252K, reserved 1077248K
  class space    used 3618K, capacity 3710K, committed 3836K, reserved 1048576K
}
2016-07-22T15:38:02.624-0530: 30539.016: Total time for which application threads were stopped: 0.0751364 seconds
2016-07-22T15:38:03.626-0530: 30540.019: Total time for which application threads were stopped: 0.0002064 seconds
2016-07-22T15:38:04.755-0530: 30541.147: Total time for which application threads were stopped: 0.0001964 seconds
2016-07-22T15:38:05.757-0530: 30542.150: Total time for which application threads were stopped: 0.0001216 seconds
2016-07-22T15:38:15.103-0530: 30551.496: Total time for which application threads were stopped: 0.0002055 seconds
{Heap before GC invocations=70 (full 6):
 par new generation   total 109248K, used 109248K [0x00000007a0000000, 0x00000007a8000000, 0x00000007a8000000)
  eden space 87424K, 100% used [0x00000007a0000000, 0x00000007a5560000, 0x00000007a5560000)
  from space 21824K, 100% used [0x00000007a5560000, 0x00000007a6ab0000, 0x00000007a6ab0000)
  to   space 21824K,   0% used [0x00000007a6ab0000, 0x00000007a6ab0000, 0x00000007a8000000)
 concurrent mark-sweep generation total 393216K, used 58235K [0x00000007a8000000, 0x00000007c0000000, 0x00000007c0000000)
 Metaspace       used 31456K, capacity 31810K, committed 32252K, reserved 1077248K
  class space    used 3618K, capacity 3710K, committed 3836K, reserved 1048576K
2016-07-22T15:38:15.125-0530: 30551.518: [GC (Allocation Failure) 30551.518: [ParNew
Desired survivor size 20112992 bytes, new threshold 8 (max 8)
- age   1:    6803056 bytes,    6803056 total
: 109248K->20269K(109248K), 0.0809486 secs] 167483K->86892K(502464K), 0.0810156 secs] [Times: user=0.04 sys=0.03, real=0.08 secs] 
Heap after GC invocations=71 (full 6):
 par new generation   total 109248K, used 20269K [0x00000007a0000000, 0x00000007a8000000, 0x00000007a8000000)
  eden space 87424K,   0% used [0x00000007a0000000, 0x00000007a0000000, 0x00000007a5560000)
  from space 21824K,  92% used [0x00000007a6ab0000, 0x00000007a7e7b660, 0x00000007a8000000)
  to   space 21824K,   0% used [0x00000007a5560000, 0x00000007a5560000, 0x00000007a6ab0000)
 concurrent mark-sweep generation total 393216K, used 66622K [0x00000007a8000000, 0x00000007c0000000, 0x00000007c0000000)
 Metaspace       used 31456K, capacity 31810K, committed 32252K, reserved 1077248K
  class space    used 3618K, capacity 3710K, committed 3836K, reserved 1048576K
}
2016-07-22T15:38:15.206-0530: 30551.599: Total time for which application threads were stopped: 0.0812812 seconds
{Heap before GC invocations=71 (full 6):
 par new generation   total 109248K, used 107693K [0x00000007a0000000, 0x00000007a8000000, 0x00000007a8000000)
  eden space 87424K, 100% used [0x00000007a0000000, 0x00000007a5560000, 0x00000007a5560000)
  from space 21824K,  92% used [0x00000007a6ab0000, 0x00000007a7e7b660, 0x00000007a8000000)
  to   space 21824K,   0% used [0x00000007a5560000, 0x00000007a5560000, 0x00000007a6ab0000)
 concurrent mark-sweep generation total 393216K, used 66622K [0x00000007a8000000, 0x00000007c0000000, 0x00000007c0000000)
 Metaspace       used 31456K, capacity 31810K, committed 32252K, reserved 1077248K
  class space    used 3618K, capacity 3710K, committed 3836K, reserved 1048576K
2016-07-22T15:38:15.628-0530: 30552.021: [GC (Allocation Failure) 30552.021: [ParNew
Desired survivor size 20112992 bytes, new threshold 2 (max 8)
- age   1:   15693552 bytes,   15693552 total
- age   2:    6535328 bytes,   22228880 total
: 107693K->21824K(109248K), 0.0438397 secs] 174316K->102888K(502464K), 0.0439323 secs] [Times: user=0.09 sys=0.04, real=0.05 secs] 
Heap after GC invocations=72 (full 6):
 par new generation   total 109248K, used 21824K [0x00000007a0000000, 0x00000007a8000000, 0x00000007a8000000)
  eden space 87424K,   0% used [0x00000007a0000000, 0x00000007a0000000, 0x00000007a5560000)
  from space 21824K, 100% used [0x00000007a5560000, 0x00000007a6ab0000, 0x00000007a6ab0000)
  to   space 21824K,   0% used [0x00000007a6ab0000, 0x00000007a6ab0000, 0x00000007a8000000)
 concurrent mark-sweep generation total 393216K, used 81064K [0x00000007a8000000, 0x00000007c0000000, 0x00000007c0000000)
 Metaspace       used 31456K, capacity 31810K, committed 32252K, reserved 1077248K
  class space    used 3618K, capacity 3710K, committed 3836K, reserved 1048576K
}
2016-07-22T15:38:15.672-0530: 30552.065: Total time for which application threads were stopped: 0.0442271 seconds
{Heap before GC invocations=72 (full 6):
 par new generation   total 109248K, used 109248K [0x00000007a0000000, 0x00000007a8000000, 0x00000007a8000000)
  eden space 87424K, 100% used [0x00000007a0000000, 0x00000007a5560000, 0x00000007a5560000)
  from space 21824K, 100% used [0x00000007a5560000, 0x00000007a6ab0000, 0x00000007a6ab0000)
  to   space 21824K,   0% used [0x00000007a6ab0000, 0x00000007a6ab0000, 0x00000007a8000000)
 concurrent mark-sweep generation total 393216K, used 81064K [0x00000007a8000000, 0x00000007c0000000, 0x00000007c0000000)
 Metaspace       used 31456K, capacity 31810K, committed 32252K, reserved 1077248K
  class space    used 3618K, capacity 3710K, committed 3836K, reserved 1048576K
2016-07-22T15:38:16.197-0530: 30552.590: [GC (Allocation Failure) 30552.590: [ParNew
Desired survivor size 20112992 bytes, new threshold 2 (max 8)
- age   1:    9276760 bytes,    9276760 total
- age   2:   13070232 bytes,   22346992 total
: 109248K->21824K(109248K), 0.0279762 secs] 190312K->112372K(502464K), 0.0280531 secs] [Times: user=0.07 sys=0.02, real=0.03 secs] 
Heap after GC invocations=73 (full 6):
 par new generation   total 109248K, used 21824K [0x00000007a0000000, 0x00000007a8000000, 0x00000007a8000000)
  eden space 87424K,   0% used [0x00000007a0000000, 0x00000007a0000000, 0x00000007a5560000)
  from space 21824K, 100% used [0x00000007a6ab0000, 0x00000007a8000000, 0x00000007a8000000)
  to   space 21824K,   0% used [0x00000007a5560000, 0x00000007a5560000, 0x00000007a6ab0000)
 concurrent mark-sweep generation total 393216K, used 90548K [0x00000007a8000000, 0x00000007c0000000, 0x00000007c0000000)
 Metaspace       used 31456K, capacity 31810K, committed 32252K, reserved 1077248K
  class space    used 3618K, capacity 3710K, committed 3836K, reserved 1048576K
}
2016-07-22T15:38:16.225-0530: 30552.618: Total time for which application threads were stopped: 0.0282849 seconds
2016-07-22T15:38:18.210-0530: 30554.603: Total time for which application threads were stopped: 0.0002209 seconds
2016-07-22T15:39:44.316-0530: 30640.713: Total time for which application threads were stopped: 0.0002455 seconds
2016-07-22T15:39:44.481-0530: 30640.878: Total time for which application threads were stopped: 0.0001105 seconds
2016-07-22T15:39:44.481-0530: 30640.878: Total time for which application threads were stopped: 0.0000724 seconds
2016-07-22T15:43:30.787-0530: 30867.194: Total time for which application threads were stopped: 0.0001100 seconds
2016-07-22T15:43:30.943-0530: 30867.350: Total time for which application threads were stopped: 0.0000920 seconds
2016-07-22T15:43:32.951-0530: 30869.358: Total time for which application threads were stopped: 0.0001202 seconds
2016-07-22T15:43:33.754-0530: 30870.162: Total time for which application threads were stopped: 0.0001029 seconds
{Heap before GC invocations=73 (full 6):
 par new generation   total 109248K, used 109248K [0x00000007a0000000, 0x00000007a8000000, 0x00000007a8000000)
  eden space 87424K, 100% used [0x00000007a0000000, 0x00000007a5560000, 0x00000007a5560000)
  from space 21824K, 100% used [0x00000007a6ab0000, 0x00000007a8000000, 0x00000007a8000000)
  to   space 21824K,   0% used [0x00000007a5560000, 0x00000007a5560000, 0x00000007a6ab0000)
 concurrent mark-sweep generation total 393216K, used 90548K [0x00000007a8000000, 0x00000007c0000000, 0x00000007c0000000)
 Metaspace       used 31459K, capacity 31810K, committed 32252K, reserved 1077248K
  class space    used 3618K, capacity 3710K, committed 3836K, reserved 1048576K
2016-07-22T15:43:33.780-0530: 30870.188: [GC (Allocation Failure) 30870.205: [ParNew
Desired survivor size 20112992 bytes, new threshold 8 (max 8)
- age   1:   10607752 bytes,   10607752 total
: 109248K->20600K(109248K), 0.0209443 secs] 199796K->117108K(502464K), 0.0385861 secs] [Times: user=0.04 sys=0.03, real=0.03 secs] 
Heap after GC invocations=74 (full 6):
 par new generation   total 109248K, used 20600K [0x00000007a0000000, 0x00000007a8000000, 0x00000007a8000000)
  eden space 87424K,   0% used [0x00000007a0000000, 0x00000007a0000000, 0x00000007a5560000)
  from space 21824K,  94% used [0x00000007a5560000, 0x00000007a697e168, 0x00000007a6ab0000)
  to   space 21824K,   0% used [0x00000007a6ab0000, 0x00000007a6ab0000, 0x00000007a8000000)
 concurrent mark-sweep generation total 393216K, used 96507K [0x00000007a8000000, 0x00000007c0000000, 0x00000007c0000000)
 Metaspace       used 31459K, capacity 31810K, committed 32252K, reserved 1077248K
  class space    used 3618K, capacity 3710K, committed 3836K, reserved 1048576K
}
2016-07-22T15:43:33.819-0530: 30870.227: Total time for which application threads were stopped: 0.0388128 seconds
{Heap before GC invocations=74 (full 6):
 par new generation   total 109248K, used 108024K [0x00000007a0000000, 0x00000007a8000000, 0x00000007a8000000)
  eden space 87424K, 100% used [0x00000007a0000000, 0x00000007a5560000, 0x00000007a5560000)
  from space 21824K,  94% used [0x00000007a5560000, 0x00000007a697e168, 0x00000007a6ab0000)
  to   space 21824K,   0% used [0x00000007a6ab0000, 0x00000007a6ab0000, 0x00000007a8000000)
 concurrent mark-sweep generation total 393216K, used 96507K [0x00000007a8000000, 0x00000007c0000000, 0x00000007c0000000)
 Metaspace       used 31459K, capacity 31810K, committed 32252K, reserved 1077248K
  class space    used 3618K, capacity 3710K, committed 3836K, reserved 1048576K
2016-07-22T15:43:34.271-0530: 30870.678: [GC (Allocation Failure) 30870.678: [ParNew
Desired survivor size 20112992 bytes, new threshold 2 (max 8)
- age   1:   13239864 bytes,   13239864 total
- age   2:    9082320 bytes,   22322184 total
: 108024K->21824K(109248K), 0.0947975 secs] 204532K->148044K(502464K), 0.0948721 secs] [Times: user=0.16 sys=0.11, real=0.09 secs] 
Heap after GC invocations=75 (full 6):
 par new generation   total 109248K, used 21824K [0x00000007a0000000, 0x00000007a8000000, 0x00000007a8000000)
  eden space 87424K,   0% used [0x00000007a0000000, 0x00000007a0000000, 0x00000007a5560000)
  from space 21824K, 100% used [0x00000007a6ab0000, 0x00000007a8000000, 0x00000007a8000000)
  to   space 21824K,   0% used [0x00000007a5560000, 0x00000007a5560000, 0x00000007a6ab0000)
 concurrent mark-sweep generation total 393216K, used 126220K [0x00000007a8000000, 0x00000007c0000000, 0x00000007c0000000)
 Metaspace       used 31459K, capacity 31810K, committed 32252K, reserved 1077248K
  class space    used 3618K, capacity 3710K, committed 3836K, reserved 1048576K
}
2016-07-22T15:43:34.366-0530: 30870.773: Total time for which application threads were stopped: 0.0950990 seconds
{Heap before GC invocations=75 (full 6):
 par new generation   total 109248K, used 109248K [0x00000007a0000000, 0x00000007a8000000, 0x00000007a8000000)
  eden space 87424K, 100% used [0x00000007a0000000, 0x00000007a5560000, 0x00000007a5560000)
  from space 21824K, 100% used [0x00000007a6ab0000, 0x00000007a8000000, 0x00000007a8000000)
  to   space 21824K,   0% used [0x00000007a5560000, 0x00000007a5560000, 0x00000007a6ab0000)
 concurrent mark-sweep generation total 393216K, used 126220K [0x00000007a8000000, 0x00000007c0000000, 0x00000007c0000000)
 Metaspace       used 31460K, capacity 31810K, committed 32252K, reserved 1077248K
  class space    used 3618K, capacity 3710K, committed 3836K, reserved 1048576K
2016-07-22T15:43:35.037-0530: 30871.445: [GC (Allocation Failure) 30871.445: [ParNew
Desired survivor size 20112992 bytes, new threshold 2 (max 8)
- age   1:   12408512 bytes,   12408512 total
- age   2:    8531248 bytes,   20939760 total
: 109248K->21824K(109248K), 0.0718669 secs] 235468K->156961K(502464K), 0.0719574 secs] [Times: user=0.07 sys=0.04, real=0.07 secs] 
Heap after GC invocations=76 (full 6):
 par new generation   total 109248K, used 21824K [0x00000007a0000000, 0x00000007a8000000, 0x00000007a8000000)
  eden space 87424K,   0% used [0x00000007a0000000, 0x00000007a0000000, 0x00000007a5560000)
  from space 21824K, 100% used [0x00000007a5560000, 0x00000007a6ab0000, 0x00000007a6ab0000)
  to   space 21824K,   0% used [0x00000007a6ab0000, 0x00000007a6ab0000, 0x00000007a8000000)
 concurrent mark-sweep generation total 393216K, used 135137K [0x00000007a8000000, 0x00000007c0000000, 0x00000007c0000000)
 Metaspace       used 31460K, capacity 31810K, committed 32252K, reserved 1077248K
  class space    used 3618K, capacity 3710K, committed 3836K, reserved 1048576K
}
2016-07-22T15:43:35.109-0530: 30871.517: Total time for which application threads were stopped: 0.0721938 seconds
2016-07-22T15:43:58.184-0530: 30894.592: Total time for which application threads were stopped: 0.0001210 seconds
{Heap before GC invocations=76 (full 6):
 par new generation   total 109248K, used 108930K [0x00000007a0000000, 0x00000007a8000000, 0x00000007a8000000)
  eden space 87424K,  99% used [0x00000007a0000000, 0x00000007a5510a00, 0x00000007a5560000)
  from space 21824K, 100% used [0x00000007a5560000, 0x00000007a6ab0000, 0x00000007a6ab0000)
  to   space 21824K,   0% used [0x00000007a6ab0000, 0x00000007a6ab0000, 0x00000007a8000000)
 concurrent mark-sweep generation total 393216K, used 135137K [0x00000007a8000000, 0x00000007c0000000, 0x00000007c0000000)
 Metaspace       used 31469K, capacity 31810K, committed 32252K, reserved 1077248K
  class space    used 3618K, capacity 3710K, committed 3836K, reserved 1048576K
2016-07-22T15:43:58.243-0530: 30894.652: [GC (Allocation Failure) 30894.674: [ParNew
Desired survivor size 20112992 bytes, new threshold 8 (max 8)
- age   1:   15127568 bytes,   15127568 total
: 108930K->21824K(109248K), 0.0121435 secs] 244068K->157825K(502464K), 0.0339340 secs] [Times: user=0.04 sys=0.00, real=0.03 secs] 
Heap after GC invocations=77 (full 6):
 par new generation   total 109248K, used 21824K [0x00000007a0000000, 0x00000007a8000000, 0x00000007a8000000)
  eden space 87424K,   0% used [0x00000007a0000000, 0x00000007a0000000, 0x00000007a5560000)
  from space 21824K, 100% used [0x00000007a6ab0000, 0x00000007a8000000, 0x00000007a8000000)
  to   space 21824K,   0% used [0x00000007a5560000, 0x00000007a5560000, 0x00000007a6ab0000)
 concurrent mark-sweep generation total 393216K, used 136001K [0x00000007a8000000, 0x00000007c0000000, 0x00000007c0000000)
 Metaspace       used 31469K, capacity 31810K, committed 32252K, reserved 1077248K
  class space    used 3618K, capacity 3710K, committed 3836K, reserved 1048576K
}
2016-07-22T15:43:58.277-0530: 30894.686: Total time for which application threads were stopped: 0.0341651 seconds
{Heap before GC invocations=77 (full 6):
 par new generation   total 109248K, used 109248K [0x00000007a0000000, 0x00000007a8000000, 0x00000007a8000000)
  eden space 87424K, 100% used [0x00000007a0000000, 0x00000007a5560000, 0x00000007a5560000)
  from space 21824K, 100% used [0x00000007a6ab0000, 0x00000007a8000000, 0x00000007a8000000)
  to   space 21824K,   0% used [0x00000007a5560000, 0x00000007a5560000, 0x00000007a6ab0000)
 concurrent mark-sweep generation total 393216K, used 136001K [0x00000007a8000000, 0x00000007c0000000, 0x00000007c0000000)
 Metaspace       used 31469K, capacity 31810K, committed 32252K, reserved 1077248K
  class space    used 3618K, capacity 3710K, committed 3836K, reserved 1048576K
2016-07-22T15:43:58.817-0530: 30895.226: [GC (Allocation Failure) 30895.226: [ParNew
Desired survivor size 20112992 bytes, new threshold 2 (max 8)
- age   1:    9456904 bytes,    9456904 total
- age   2:   12876160 bytes,   22333064 total
: 109248K->21824K(109248K), 0.1510303 secs] 245249K->195524K(502464K), 0.1511309 secs] [Times: user=0.21 sys=0.13, real=0.15 secs] 
Heap after GC invocations=78 (full 6):
 par new generation   total 109248K, used 21824K [0x00000007a0000000, 0x00000007a8000000, 0x00000007a8000000)
  eden space 87424K,   0% used [0x00000007a0000000, 0x00000007a0000000, 0x00000007a5560000)
  from space 21824K, 100% used [0x00000007a5560000, 0x00000007a6ab0000, 0x00000007a6ab0000)
  to   space 21824K,   0% used [0x00000007a6ab0000, 0x00000007a6ab0000, 0x00000007a8000000)
 concurrent mark-sweep generation total 393216K, used 173700K [0x00000007a8000000, 0x00000007c0000000, 0x00000007c0000000)
 Metaspace       used 31469K, capacity 31810K, committed 32252K, reserved 1077248K
  class space    used 3618K, capacity 3710K, committed 3836K, reserved 1048576K
}
2016-07-22T15:43:58.968-0530: 30895.377: Total time for which application threads were stopped: 0.1513482 seconds
{Heap before GC invocations=78 (full 6):
 par new generation   total 109248K, used 109248K [0x00000007a0000000, 0x00000007a8000000, 0x00000007a8000000)
  eden space 87424K, 100% used [0x00000007a0000000, 0x00000007a5560000, 0x00000007a5560000)
  from space 21824K, 100% used [0x00000007a5560000, 0x00000007a6ab0000, 0x00000007a6ab0000)
  to   space 21824K,   0% used [0x00000007a6ab0000, 0x00000007a6ab0000, 0x00000007a8000000)
 concurrent mark-sweep generation total 393216K, used 173700K [0x00000007a8000000, 0x00000007c0000000, 0x00000007c0000000)
 Metaspace       used 31469K, capacity 31810K, committed 32252K, reserved 1077248K
  class space    used 3618K, capacity 3710K, committed 3836K, reserved 1048576K
2016-07-22T15:43:59.693-0530: 30896.102: [GC (Allocation Failure) 30896.102: [ParNew
Desired survivor size 20112992 bytes, new threshold 8 (max 8)
- age   1:   10497304 bytes,   10497304 total
- age   2:    7160128 bytes,   17657432 total
: 109248K->21824K(109248K), 0.0451014 secs] 282948K->209080K(502464K), 0.0451684 secs] [Times: user=0.07 sys=0.04, real=0.04 secs] 
Heap after GC invocations=79 (full 6):
 par new generation   total 109248K, used 21824K [0x00000007a0000000, 0x00000007a8000000, 0x00000007a8000000)
  eden space 87424K,   0% used [0x00000007a0000000, 0x00000007a0000000, 0x00000007a5560000)
  from space 21824K, 100% used [0x00000007a6ab0000, 0x00000007a8000000, 0x00000007a8000000)
  to   space 21824K,   0% used [0x00000007a5560000, 0x00000007a5560000, 0x00000007a6ab0000)
 concurrent mark-sweep generation total 393216K, used 187256K [0x00000007a8000000, 0x00000007c0000000, 0x00000007c0000000)
 Metaspace       used 31469K, capacity 31810K, committed 32252K, reserved 1077248K
  class space    used 3618K, capacity 3710K, committed 3836K, reserved 1048576K
}
2016-07-22T15:43:59.739-0530: 30896.147: Total time for which application threads were stopped: 0.0454165 seconds
2016-07-22T15:44:18.793-0530: 30915.202: Total time for which application threads were stopped: 0.0001998 seconds
2016-07-22T15:44:19.796-0530: 30916.206: Total time for which application threads were stopped: 0.0001342 seconds
2016-07-22T15:44:20.800-0530: 30917.210: Total time for which application threads were stopped: 0.0003552 seconds
{Heap before GC invocations=79 (full 6):
 par new generation   total 109248K, used 108927K [0x00000007a0000000, 0x00000007a8000000, 0x00000007a8000000)
  eden space 87424K,  99% used [0x00000007a0000000, 0x00000007a550fcb8, 0x00000007a5560000)
  from space 21824K, 100% used [0x00000007a6ab0000, 0x00000007a8000000, 0x00000007a8000000)
  to   space 21824K,   0% used [0x00000007a5560000, 0x00000007a5560000, 0x00000007a6ab0000)
 concurrent mark-sweep generation total 393216K, used 187256K [0x00000007a8000000, 0x00000007c0000000, 0x00000007c0000000)
 Metaspace       used 31488K, capacity 31810K, committed 32252K, reserved 1077248K
  class space    used 3618K, capacity 3710K, committed 3836K, reserved 1048576K
2016-07-22T15:44:21.017-0530: 30917.427: [GC (Allocation Failure) 30917.464: [ParNew
Desired survivor size 20112992 bytes, new threshold 2 (max 8)
- age   1:   18044600 bytes,   18044600 total
- age   2:    3006808 bytes,   21051408 total
- age   3:    1251768 bytes,   22303176 total
: 108927K->21824K(109248K), 0.1759552 secs] 296183K->221663K(502464K), 0.2131392 secs] [Times: user=0.45 sys=0.03, real=0.22 secs] 
Heap after GC invocations=80 (full 6):
 par new generation   total 109248K, used 21824K [0x00000007a0000000, 0x00000007a8000000, 0x00000007a8000000)
  eden space 87424K,   0% used [0x00000007a0000000, 0x00000007a0000000, 0x00000007a5560000)
  from space 21824K, 100% used [0x00000007a5560000, 0x00000007a6ab0000, 0x00000007a6ab0000)
  to   space 21824K,   0% used [0x00000007a6ab0000, 0x00000007a6ab0000, 0x00000007a8000000)
 concurrent mark-sweep generation total 393216K, used 199839K [0x00000007a8000000, 0x00000007c0000000, 0x00000007c0000000)
 Metaspace       used 31488K, capacity 31810K, committed 32252K, reserved 1077248K
  class space    used 3618K, capacity 3710K, committed 3836K, reserved 1048576K
}
2016-07-22T15:44:21.230-0530: 30917.640: Total time for which application threads were stopped: 0.2134388 seconds
2016-07-22T15:44:21.231-0530: 30917.640: [GC (CMS Initial Mark) [1 CMS-initial-mark: 199839K(393216K)] 223105K(502464K), 0.0091555 secs] [Times: user=0.01 sys=0.01, real=0.01 secs] 
2016-07-22T15:44:21.240-0530: 30917.650: Total time for which application threads were stopped: 0.0096394 seconds
2016-07-22T15:44:21.240-0530: 30917.650: [CMS-concurrent-mark-start]
2016-07-22T15:44:21.266-0530: 30917.676: [CMS-concurrent-mark: 0.026/0.026 secs] [Times: user=0.07 sys=0.01, real=0.02 secs] 
2016-07-22T15:44:21.266-0530: 30917.676: [CMS-concurrent-preclean-start]
2016-07-22T15:44:21.268-0530: 30917.677: [CMS-concurrent-preclean: 0.001/0.001 secs] [Times: user=0.00 sys=0.00, real=0.00 secs] 
2016-07-22T15:44:21.268-0530: 30917.677: [CMS-concurrent-abortable-preclean-start]
2016-07-22T15:44:21.712-0530: 30918.121: [CMS-concurrent-abortable-preclean: 0.142/0.444 secs] [Times: user=0.57 sys=0.00, real=0.45 secs] 
2016-07-22T15:44:21.712-0530: 30918.121: [GC (CMS Final Remark) [YG occupancy: 105797 K (109248 K)]{Heap before GC invocations=80 (full 7):
 par new generation   total 109248K, used 105797K [0x00000007a0000000, 0x00000007a8000000, 0x00000007a8000000)
  eden space 87424K,  96% used [0x00000007a0000000, 0x00000007a5201490, 0x00000007a5560000)
  from space 21824K, 100% used [0x00000007a5560000, 0x00000007a6ab0000, 0x00000007a6ab0000)
  to   space 21824K,   0% used [0x00000007a6ab0000, 0x00000007a6ab0000, 0x00000007a8000000)
 concurrent mark-sweep generation total 393216K, used 199839K [0x00000007a8000000, 0x00000007c0000000, 0x00000007c0000000)
 Metaspace       used 31488K, capacity 31810K, committed 32252K, reserved 1077248K
  class space    used 3618K, capacity 3710K, committed 3836K, reserved 1048576K
2016-07-22T15:44:21.712-0530: 30918.122: [GC (CMS Final Remark) 30918.122: [ParNew
Desired survivor size 20112992 bytes, new threshold 2 (max 8)
- age   1:    9579528 bytes,    9579528 total
- age   2:   12745232 bytes,   22324760 total
: 105797K->21824K(109248K), 0.0608246 secs] 305636K->239445K(502464K), 0.0609075 secs] [Times: user=0.12 sys=0.06, real=0.06 secs] 
Heap after GC invocations=81 (full 7):
 par new generation   total 109248K, used 21824K [0x00000007a0000000, 0x00000007a8000000, 0x00000007a8000000)
  eden space 87424K,   0% used [0x00000007a0000000, 0x00000007a0000000, 0x00000007a5560000)
  from space 21824K, 100% used [0x00000007a6ab0000, 0x00000007a8000000, 0x00000007a8000000)
  to   space 21824K,   0% used [0x00000007a5560000, 0x00000007a5560000, 0x00000007a6ab0000)
 concurrent mark-sweep generation total 393216K, used 217621K [0x00000007a8000000, 0x00000007c0000000, 0x00000007c0000000)
 Metaspace       used 31488K, capacity 31810K, committed 32252K, reserved 1077248K
  class space    used 3618K, capacity 3710K, committed 3836K, reserved 1048576K
}
30918.183: [Rescan (parallel) , 0.0095103 secs]30918.192: [weak refs processing, 0.0008944 secs]30918.193: [class unloading, 0.0695077 secs]30918.262: [scrub symbol table, 0.0125949 secs]30918.275: [scrub string table, 0.0004878 secs][1 CMS-remark: 217621K(393216K)] 239445K(502464K), 0.1595942 secs] [Times: user=0.19 sys=0.10, real=0.16 secs] 
2016-07-22T15:44:21.872-0530: 30918.281: Total time for which application threads were stopped: 0.1598494 seconds
2016-07-22T15:44:21.872-0530: 30918.281: [CMS-concurrent-sweep-start]
2016-07-22T15:44:22.034-0530: 30918.444: [CMS-concurrent-sweep: 0.162/0.162 secs] [Times: user=0.29 sys=0.02, real=0.16 secs] 
2016-07-22T15:44:22.034-0530: 30918.444: [CMS-concurrent-reset-start]
2016-07-22T15:44:22.038-0530: 30918.447: [CMS-concurrent-reset: 0.003/0.003 secs] [Times: user=0.01 sys=0.01, real=0.00 secs] 
{Heap before GC invocations=81 (full 7):
 par new generation   total 109248K, used 106169K [0x00000007a0000000, 0x00000007a8000000, 0x00000007a8000000)
  eden space 87424K,  96% used [0x00000007a0000000, 0x00000007a525e790, 0x00000007a5560000)
  from space 21824K, 100% used [0x00000007a6ab0000, 0x00000007a8000000, 0x00000007a8000000)
  to   space 21824K,   0% used [0x00000007a5560000, 0x00000007a5560000, 0x00000007a6ab0000)
 concurrent mark-sweep generation total 393216K, used 51468K [0x00000007a8000000, 0x00000007c0000000, 0x00000007c0000000)
 Metaspace       used 31488K, capacity 31810K, committed 32252K, reserved 1077248K
  class space    used 3618K, capacity 3710K, committed 3836K, reserved 1048576K
2016-07-22T15:44:23.007-0530: 30919.416: [GC (Allocation Failure) 30919.416: [ParNew
Desired survivor size 20112992 bytes, new threshold 8 (max 8)
- age   1:    2638264 bytes,    2638264 total
- age   2:    8899192 bytes,   11537456 total
: 106169K->21824K(109248K), 0.0316230 secs] 157638K->84505K(502464K), 0.0316927 secs] [Times: user=0.06 sys=0.01, real=0.03 secs] 
Heap after GC invocations=82 (full 7):
 par new generation   total 109248K, used 21824K [0x00000007a0000000, 0x00000007a8000000, 0x00000007a8000000)
  eden space 87424K,   0% used [0x00000007a0000000, 0x00000007a0000000, 0x00000007a5560000)
  from space 21824K, 100% used [0x00000007a5560000, 0x00000007a6ab0000, 0x00000007a6ab0000)
  to   space 21824K,   0% used [0x00000007a6ab0000, 0x00000007a6ab0000, 0x00000007a8000000)
 concurrent mark-sweep generation total 393216K, used 62681K [0x00000007a8000000, 0x00000007c0000000, 0x00000007c0000000)
 Metaspace       used 31488K, capacity 31810K, committed 32252K, reserved 1077248K
  class space    used 3618K, capacity 3710K, committed 3836K, reserved 1048576K
}
2016-07-22T15:44:23.038-0530: 30919.448: Total time for which application threads were stopped: 0.0319043 seconds
2016-07-22T15:45:38.789-0530: 30995.202: Total time for which application threads were stopped: 0.0001511 seconds
2016-07-22T15:45:38.922-0530: 30995.334: Total time for which application threads were stopped: 0.0000947 seconds
2016-07-22T15:45:39.925-0530: 30996.338: Total time for which application threads were stopped: 0.0002415 seconds
2016-07-22T15:45:41.796-0530: 30998.209: Total time for which application threads were stopped: 0.0001079 seconds
{Heap before GC invocations=82 (full 7):
 par new generation   total 109248K, used 109248K [0x00000007a0000000, 0x00000007a8000000, 0x00000007a8000000)
  eden space 87424K, 100% used [0x00000007a0000000, 0x00000007a5560000, 0x00000007a5560000)
  from space 21824K, 100% used [0x00000007a5560000, 0x00000007a6ab0000, 0x00000007a6ab0000)
  to   space 21824K,   0% used [0x00000007a6ab0000, 0x00000007a6ab0000, 0x00000007a8000000)
 concurrent mark-sweep generation total 393216K, used 62681K [0x00000007a8000000, 0x00000007c0000000, 0x00000007c0000000)
 Metaspace       used 31489K, capacity 31810K, committed 32252K, reserved 1077248K
  class space    used 3618K, capacity 3710K, committed 3836K, reserved 1048576K
2016-07-22T15:45:42.115-0530: 30998.528: [GC (Allocation Failure) 30998.547: [ParNew
Desired survivor size 20112992 bytes, new threshold 3 (max 8)
- age   1:   15872760 bytes,   15872760 total
- age   3:    6450512 bytes,   22323272 total
: 109248K->21824K(109248K), 0.0261065 secs] 171929K->94810K(502464K), 0.0446032 secs] [Times: user=0.09 sys=0.01, real=0.05 secs] 
Heap after GC invocations=83 (full 7):
 par new generation   total 109248K, used 21824K [0x00000007a0000000, 0x00000007a8000000, 0x00000007a8000000)
  eden space 87424K,   0% used [0x00000007a0000000, 0x00000007a0000000, 0x00000007a5560000)
  from space 21824K, 100% used [0x00000007a6ab0000, 0x00000007a8000000, 0x00000007a8000000)
  to   space 21824K,   0% used [0x00000007a5560000, 0x00000007a5560000, 0x00000007a6ab0000)
 concurrent mark-sweep generation total 393216K, used 72986K [0x00000007a8000000, 0x00000007c0000000, 0x00000007c0000000)
 Metaspace       used 31489K, capacity 31810K, committed 32252K, reserved 1077248K
  class space    used 3618K, capacity 3710K, committed 3836K, reserved 1048576K
}
2016-07-22T15:45:42.160-0530: 30998.573: Total time for which application threads were stopped: 0.0448380 seconds
2016-07-22T15:45:42.302-0530: 30998.715: Total time for which application threads were stopped: 0.0001971 seconds
2016-07-22T15:45:42.314-0530: 30998.727: Total time for which application threads were stopped: 0.0001945 seconds
2016-07-22T15:45:42.315-0530: 30998.727: Total time for which application threads were stopped: 0.0001025 seconds
2016-07-22T15:45:42.315-0530: 30998.728: Total time for which application threads were stopped: 0.0000904 seconds
2016-07-22T15:45:42.315-0530: 30998.728: Total time for which application threads were stopped: 0.0000927 seconds
2016-07-22T15:45:42.315-0530: 30998.728: Total time for which application threads were stopped: 0.0000888 seconds
2016-07-22T15:45:42.315-0530: 30998.728: Total time for which application threads were stopped: 0.0000907 seconds
{Heap before GC invocations=83 (full 7):
 par new generation   total 109248K, used 109010K [0x00000007a0000000, 0x00000007a8000000, 0x00000007a8000000)
  eden space 87424K,  99% used [0x00000007a0000000, 0x00000007a5524ae8, 0x00000007a5560000)
  from space 21824K, 100% used [0x00000007a6ab0000, 0x00000007a8000000, 0x00000007a8000000)
  to   space 21824K,   0% used [0x00000007a5560000, 0x00000007a5560000, 0x00000007a6ab0000)
 concurrent mark-sweep generation total 393216K, used 72986K [0x00000007a8000000, 0x00000007c0000000, 0x00000007c0000000)
 Metaspace       used 31490K, capacity 31810K, committed 32252K, reserved 1077248K
  class space    used 3618K, capacity 3710K, committed 3836K, reserved 1048576K
2016-07-22T15:45:42.351-0530: 30998.764: [GC (Allocation Failure) 30998.764: [ParNew
Desired survivor size 20112992 bytes, new threshold 2 (max 8)
- age   1:   13563584 bytes,   13563584 total
- age   2:    8756024 bytes,   22319608 total
: 109010K->21824K(109248K), 0.0653204 secs] 181997K->137537K(502464K), 0.0653992 secs] [Times: user=0.20 sys=0.02, real=0.06 secs] 
Heap after GC invocations=84 (full 7):
 par new generation   total 109248K, used 21824K [0x00000007a0000000, 0x00000007a8000000, 0x00000007a8000000)
  eden space 87424K,   0% used [0x00000007a0000000, 0x00000007a0000000, 0x00000007a5560000)
  from space 21824K, 100% used [0x00000007a5560000, 0x00000007a6ab0000, 0x00000007a6ab0000)
  to   space 21824K,   0% used [0x00000007a6ab0000, 0x00000007a6ab0000, 0x00000007a8000000)
 concurrent mark-sweep generation total 393216K, used 115713K [0x00000007a8000000, 0x00000007c0000000, 0x00000007c0000000)
 Metaspace       used 31490K, capacity 31810K, committed 32252K, reserved 1077248K
  class space    used 3618K, capacity 3710K, committed 3836K, reserved 1048576K
}
2016-07-22T15:45:42.416-0530: 30998.829: Total time for which application threads were stopped: 0.0656950 seconds
2016-07-22T15:45:42.523-0530: 30998.936: Total time for which application threads were stopped: 0.0050957 seconds
{Heap before GC invocations=84 (full 7):
 par new generation   total 109248K, used 108532K [0x00000007a0000000, 0x00000007a8000000, 0x00000007a8000000)
  eden space 87424K,  99% used [0x00000007a0000000, 0x00000007a54ad2d0, 0x00000007a5560000)
  from space 21824K, 100% used [0x00000007a5560000, 0x00000007a6ab0000, 0x00000007a6ab0000)
  to   space 21824K,   0% used [0x00000007a6ab0000, 0x00000007a6ab0000, 0x00000007a8000000)
 concurrent mark-sweep generation total 393216K, used 115713K [0x00000007a8000000, 0x00000007c0000000, 0x00000007c0000000)
 Metaspace       used 31490K, capacity 31810K, committed 32252K, reserved 1077248K
  class space    used 3618K, capacity 3710K, committed 3836K, reserved 1048576K
2016-07-22T15:45:42.623-0530: 30999.036: [GC (Allocation Failure) 30999.036: [ParNew
Desired survivor size 20112992 bytes, new threshold 2 (max 8)
- age   1:   16437624 bytes,   16437624 total
- age   2:    5895240 bytes,   22332864 total
: 108532K->21824K(109248K), 0.0463794 secs] 224245K->168586K(502464K), 0.0464668 secs] [Times: user=0.13 sys=0.02, real=0.04 secs] 
Heap after GC invocations=85 (full 7):
 par new generation   total 109248K, used 21824K [0x00000007a0000000, 0x00000007a8000000, 0x00000007a8000000)
  eden space 87424K,   0% used [0x00000007a0000000, 0x00000007a0000000, 0x00000007a5560000)
  from space 21824K, 100% used [0x00000007a6ab0000, 0x00000007a8000000, 0x00000007a8000000)
  to   space 21824K,   0% used [0x00000007a5560000, 0x00000007a5560000, 0x00000007a6ab0000)
 concurrent mark-sweep generation total 393216K, used 146762K [0x00000007a8000000, 0x00000007c0000000, 0x00000007c0000000)
 Metaspace       used 31490K, capacity 31810K, committed 32252K, reserved 1077248K
  class space    used 3618K, capacity 3710K, committed 3836K, reserved 1048576K
}
2016-07-22T15:45:42.669-0530: 30999.082: Total time for which application threads were stopped: 0.0467848 seconds
{Heap before GC invocations=85 (full 7):
 par new generation   total 109248K, used 109248K [0x00000007a0000000, 0x00000007a8000000, 0x00000007a8000000)
  eden space 87424K, 100% used [0x00000007a0000000, 0x00000007a5560000, 0x00000007a5560000)
  from space 21824K, 100% used [0x00000007a6ab0000, 0x00000007a8000000, 0x00000007a8000000)
  to   space 21824K,   0% used [0x00000007a5560000, 0x00000007a5560000, 0x00000007a6ab0000)
 concurrent mark-sweep generation total 393216K, used 146762K [0x00000007a8000000, 0x00000007c0000000, 0x00000007c0000000)
 Metaspace       used 31490K, capacity 31810K, committed 32252K, reserved 1077248K
  class space    used 3618K, capacity 3710K, committed 3836K, reserved 1048576K
2016-07-22T15:45:42.977-0530: 30999.390: [GC (Allocation Failure) 30999.390: [ParNew
Desired survivor size 20112992 bytes, new threshold 2 (max 8)
- age   1:   13884048 bytes,   13884048 total
- age   2:    8347520 bytes,   22231568 total
: 109248K->21824K(109248K), 0.0374758 secs] 256010K->189493K(502464K), 0.0375750 secs] [Times: user=0.12 sys=0.00, real=0.04 secs] 
Heap after GC invocations=86 (full 7):
 par new generation   total 109248K, used 21824K [0x00000007a0000000, 0x00000007a8000000, 0x00000007a8000000)
  eden space 87424K,   0% used [0x00000007a0000000, 0x00000007a0000000, 0x00000007a5560000)
  from space 21824K, 100% used [0x00000007a5560000, 0x00000007a6ab0000, 0x00000007a6ab0000)
  to   space 21824K,   0% used [0x00000007a6ab0000, 0x00000007a6ab0000, 0x00000007a8000000)
 concurrent mark-sweep generation total 393216K, used 167669K [0x00000007a8000000, 0x00000007c0000000, 0x00000007c0000000)
 Metaspace       used 31490K, capacity 31810K, committed 32252K, reserved 1077248K
  class space    used 3618K, capacity 3710K, committed 3836K, reserved 1048576K
}
2016-07-22T15:45:43.014-0530: 30999.427: Total time for which application threads were stopped: 0.0379938 seconds
{Heap before GC invocations=86 (full 7):
 par new generation   total 109248K, used 109248K [0x00000007a0000000, 0x00000007a8000000, 0x00000007a8000000)
  eden space 87424K, 100% used [0x00000007a0000000, 0x00000007a5560000, 0x00000007a5560000)
  from space 21824K, 100% used [0x00000007a5560000, 0x00000007a6ab0000, 0x00000007a6ab0000)
  to   space 21824K,   0% used [0x00000007a6ab0000, 0x00000007a6ab0000, 0x00000007a8000000)
 concurrent mark-sweep generation total 393216K, used 167669K [0x00000007a8000000, 0x00000007c0000000, 0x00000007c0000000)
 Metaspace       used 31490K, capacity 31810K, committed 32252K, reserved 1077248K
  class space    used 3618K, capacity 3710K, committed 3836K, reserved 1048576K
2016-07-22T15:45:43.201-0530: 30999.614: [GC (Allocation Failure) 30999.614: [ParNew
Desired survivor size 20112992 bytes, new threshold 2 (max 8)
- age   1:   16363424 bytes,   16363424 total
- age   2:    5984168 bytes,   22347592 total
: 109248K->21824K(109248K), 0.0817285 secs] 276917K->237258K(502464K), 0.0818210 secs] [Times: user=0.26 sys=0.02, real=0.08 secs] 
Heap after GC invocations=87 (full 7):
 par new generation   total 109248K, used 21824K [0x00000007a0000000, 0x00000007a8000000, 0x00000007a8000000)
  eden space 87424K,   0% used [0x00000007a0000000, 0x00000007a0000000, 0x00000007a5560000)
  from space 21824K, 100% used [0x00000007a6ab0000, 0x00000007a8000000, 0x00000007a8000000)
  to   space 21824K,   0% used [0x00000007a5560000, 0x00000007a5560000, 0x00000007a6ab0000)
 concurrent mark-sweep generation total 393216K, used 215434K [0x00000007a8000000, 0x00000007c0000000, 0x00000007c0000000)
 Metaspace       used 31490K, capacity 31810K, committed 32252K, reserved 1077248K
  class space    used 3618K, capacity 3710K, committed 3836K, reserved 1048576K
}
2016-07-22T15:45:43.283-0530: 30999.696: Total time for which application threads were stopped: 0.0821370 seconds
2016-07-22T15:45:43.283-0530: 30999.696: [GC (CMS Initial Mark) [1 CMS-initial-mark: 215434K(393216K)] 238279K(502464K), 0.0063448 secs] [Times: user=0.02 sys=0.00, real=0.01 secs] 
2016-07-22T15:45:43.290-0530: 30999.703: Total time for which application threads were stopped: 0.0066097 seconds
2016-07-22T15:45:43.290-0530: 30999.703: [CMS-concurrent-mark-start]
2016-07-22T15:45:43.359-0530: 30999.772: [CMS-concurrent-mark: 0.069/0.069 secs] [Times: user=0.26 sys=0.00, real=0.06 secs] 
2016-07-22T15:45:43.359-0530: 30999.772: [CMS-concurrent-preclean-start]
2016-07-22T15:45:43.360-0530: 30999.773: [CMS-concurrent-preclean: 0.002/0.002 secs] [Times: user=0.01 sys=0.00, real=0.01 secs] 
2016-07-22T15:45:43.360-0530: 30999.773: [CMS-concurrent-abortable-preclean-start]
{Heap before GC invocations=87 (full 8):
 par new generation   total 109248K, used 108854K [0x00000007a0000000, 0x00000007a8000000, 0x00000007a8000000)
  eden space 87424K,  99% used [0x00000007a0000000, 0x00000007a54fda00, 0x00000007a5560000)
  from space 21824K, 100% used [0x00000007a6ab0000, 0x00000007a8000000, 0x00000007a8000000)
  to   space 21824K,   0% used [0x00000007a5560000, 0x00000007a5560000, 0x00000007a6ab0000)
 concurrent mark-sweep generation total 393216K, used 215434K [0x00000007a8000000, 0x00000007c0000000, 0x00000007c0000000)
 Metaspace       used 31490K, capacity 31810K, committed 32252K, reserved 1077248K
  class space    used 3618K, capacity 3710K, committed 3836K, reserved 1048576K
2016-07-22T15:45:43.647-0530: 31000.060: [GC (Allocation Failure) 31000.060: [ParNew
Desired survivor size 20112992 bytes, new threshold 2 (max 8)
- age   1:   15999736 bytes,   15999736 total
- age   2:    6347280 bytes,   22347016 total
: 108854K->21824K(109248K), 0.0552184 secs] 324288K->253176K(502464K), 0.0552926 secs] [Times: user=0.16 sys=0.02, real=0.06 secs] 
Heap after GC invocations=88 (full 8):
 par new generation   total 109248K, used 21824K [0x00000007a0000000, 0x00000007a8000000, 0x00000007a8000000)
  eden space 87424K,   0% used [0x00000007a0000000, 0x00000007a0000000, 0x00000007a5560000)
  from space 21824K, 100% used [0x00000007a5560000, 0x00000007a6ab0000, 0x00000007a6ab0000)
  to   space 21824K,   0% used [0x00000007a6ab0000, 0x00000007a6ab0000, 0x00000007a8000000)
 concurrent mark-sweep generation total 393216K, used 231352K [0x00000007a8000000, 0x00000007c0000000, 0x00000007c0000000)
 Metaspace       used 31490K, capacity 31810K, committed 32252K, reserved 1077248K
  class space    used 3618K, capacity 3710K, committed 3836K, reserved 1048576K
}
2016-07-22T15:45:43.702-0530: 31000.115: Total time for which application threads were stopped: 0.0556102 seconds
2016-07-22T15:45:44.043-0530: 31000.456: [CMS-concurrent-abortable-preclean: 0.421/0.683 secs] [Times: user=2.33 sys=0.03, real=0.68 secs] 
2016-07-22T15:45:44.046-0530: 31000.459: [GC (CMS Final Remark) [YG occupancy: 98855 K (109248 K)]{Heap before GC invocations=88 (full 8):
 par new generation   total 109248K, used 98855K [0x00000007a0000000, 0x00000007a8000000, 0x00000007a8000000)
  eden space 87424K,  88% used [0x00000007a0000000, 0x00000007a4b39d30, 0x00000007a5560000)
  from space 21824K, 100% used [0x00000007a5560000, 0x00000007a6ab0000, 0x00000007a6ab0000)
  to   space 21824K,   0% used [0x00000007a6ab0000, 0x00000007a6ab0000, 0x00000007a8000000)
 concurrent mark-sweep generation total 393216K, used 231352K [0x00000007a8000000, 0x00000007c0000000, 0x00000007c0000000)
 Metaspace       used 31490K, capacity 31810K, committed 32252K, reserved 1077248K
  class space    used 3618K, capacity 3710K, committed 3836K, reserved 1048576K
2016-07-22T15:45:44.046-0530: 31000.459: [GC (CMS Final Remark) 31000.459: [ParNew
Desired survivor size 20112992 bytes, new threshold 8 (max 8)
- age   1:    4459464 bytes,    4459464 total
- age   2:    9510336 bytes,   13969800 total
: 98855K->21824K(109248K), 0.0395672 secs] 330208K->259375K(502464K), 0.0396219 secs] [Times: user=0.11 sys=0.01, real=0.04 secs] 
Heap after GC invocations=89 (full 8):
 par new generation   total 109248K, used 21824K [0x00000007a0000000, 0x00000007a8000000, 0x00000007a8000000)
  eden space 87424K,   0% used [0x00000007a0000000, 0x00000007a0000000, 0x00000007a5560000)
  from space 21824K, 100% used [0x00000007a6ab0000, 0x00000007a8000000, 0x00000007a8000000)
  to   space 21824K,   0% used [0x00000007a5560000, 0x00000007a5560000, 0x00000007a6ab0000)
 concurrent mark-sweep generation total 393216K, used 237551K [0x00000007a8000000, 0x00000007c0000000, 0x00000007c0000000)
 Metaspace       used 31490K, capacity 31810K, committed 32252K, reserved 1077248K
  class space    used 3618K, capacity 3710K, committed 3836K, reserved 1048576K
}
31000.498: [Rescan (parallel) , 0.0046615 secs]31000.503: [weak refs processing, 0.0008280 secs]31000.504: [class unloading, 0.0236396 secs]31000.527: [scrub symbol table, 0.0052933 secs]31000.533: [scrub string table, 0.0004721 secs][1 CMS-remark: 237551K(393216K)] 259375K(502464K), 0.0803121 secs] [Times: user=0.16 sys=0.01, real=0.08 secs] 
2016-07-22T15:45:44.126-0530: 31000.539: Total time for which application threads were stopped: 0.0824816 seconds
2016-07-22T15:45:44.126-0530: 31000.539: [CMS-concurrent-sweep-start]
2016-07-22T15:45:44.282-0530: 31000.695: [CMS-concurrent-sweep: 0.156/0.156 secs] [Times: user=0.56 sys=0.00, real=0.16 secs] 
2016-07-22T15:45:44.282-0530: 31000.695: [CMS-concurrent-reset-start]
2016-07-22T15:45:44.282-0530: 31000.695: [CMS-concurrent-reset: 0.000/0.000 secs] [Times: user=0.00 sys=0.00, real=0.00 secs] 
{Heap before GC invocations=89 (full 8):
 par new generation   total 109248K, used 109181K [0x00000007a0000000, 0x00000007a8000000, 0x00000007a8000000)
  eden space 87424K,  99% used [0x00000007a0000000, 0x00000007a554f748, 0x00000007a5560000)
  from space 21824K, 100% used [0x00000007a6ab0000, 0x00000007a8000000, 0x00000007a8000000)
  to   space 21824K,   0% used [0x00000007a5560000, 0x00000007a5560000, 0x00000007a6ab0000)
 concurrent mark-sweep generation total 393216K, used 154323K [0x00000007a8000000, 0x00000007c0000000, 0x00000007c0000000)
 Metaspace       used 31490K, capacity 31810K, committed 32252K, reserved 1077248K
  class space    used 3618K, capacity 3710K, committed 3836K, reserved 1048576K
2016-07-22T15:45:44.778-0530: 31001.191: [GC (Allocation Failure) 31001.191: [ParNew
Desired survivor size 20112992 bytes, new threshold 3 (max 8)
- age   1:    9138464 bytes,    9138464 total
- age   2:    3804736 bytes,   12943200 total
- age   3:    8555680 bytes,   21498880 total
: 109181K->21824K(109248K), 0.0115399 secs] 263505K->176938K(502464K), 0.0116222 secs] [Times: user=0.04 sys=0.00, real=0.02 secs] 
Heap after GC invocations=90 (full 8):
 par new generation   total 109248K, used 21824K [0x00000007a0000000, 0x00000007a8000000, 0x00000007a8000000)
  eden space 87424K,   0% used [0x00000007a0000000, 0x00000007a0000000, 0x00000007a5560000)
  from space 21824K, 100% used [0x00000007a5560000, 0x00000007a6ab0000, 0x00000007a6ab0000)
  to   space 21824K,   0% used [0x00000007a6ab0000, 0x00000007a6ab0000, 0x00000007a8000000)
 concurrent mark-sweep generation total 393216K, used 155114K [0x00000007a8000000, 0x00000007c0000000, 0x00000007c0000000)
 Metaspace       used 31490K, capacity 31810K, committed 32252K, reserved 1077248K
  class space    used 3618K, capacity 3710K, committed 3836K, reserved 1048576K
}
2016-07-22T15:45:44.790-0530: 31001.203: Total time for which application threads were stopped: 0.0159136 seconds
2016-07-22T15:45:47.796-0530: 31004.209: Total time for which application threads were stopped: 0.0001582 seconds
2016-07-22T15:46:16.896-0530: 31033.310: Total time for which application threads were stopped: 0.0001154 seconds
2016-07-22T15:46:17.467-0530: 31033.880: Total time for which application threads were stopped: 0.0000979 seconds
{Heap before GC invocations=90 (full 8):
 par new generation   total 109248K, used 108418K [0x00000007a0000000, 0x00000007a8000000, 0x00000007a8000000)
  eden space 87424K,  99% used [0x00000007a0000000, 0x00000007a5490b50, 0x00000007a5560000)
  from space 21824K, 100% used [0x00000007a5560000, 0x00000007a6ab0000, 0x00000007a6ab0000)
  to   space 21824K,   0% used [0x00000007a6ab0000, 0x00000007a6ab0000, 0x00000007a8000000)
 concurrent mark-sweep generation total 393216K, used 155114K [0x00000007a8000000, 0x00000007c0000000, 0x00000007c0000000)
 Metaspace       used 31490K, capacity 31874K, committed 32508K, reserved 1077248K
  class space    used 3618K, capacity 3710K, committed 3836K, reserved 1048576K
2016-07-22T15:46:17.554-0530: 31033.968: [GC (Allocation Failure) 31033.982: [ParNew
Desired survivor size 20112992 bytes, new threshold 3 (max 8)
- age   1:   16101144 bytes,   16101144 total
- age   2:    1563552 bytes,   17664696 total
- age   3:    2615888 bytes,   20280584 total
: 108418K->21824K(109248K), 0.0246629 secs] 263533K->190381K(502464K), 0.0389794 secs] [Times: user=0.10 sys=0.00, real=0.04 secs] 
Heap after GC invocations=91 (full 8):
 par new generation   total 109248K, used 21824K [0x00000007a0000000, 0x00000007a8000000, 0x00000007a8000000)
  eden space 87424K,   0% used [0x00000007a0000000, 0x00000007a0000000, 0x00000007a5560000)
  from space 21824K, 100% used [0x00000007a6ab0000, 0x00000007a8000000, 0x00000007a8000000)
  to   space 21824K,   0% used [0x00000007a5560000, 0x00000007a5560000, 0x00000007a6ab0000)
 concurrent mark-sweep generation total 393216K, used 168557K [0x00000007a8000000, 0x00000007c0000000, 0x00000007c0000000)
 Metaspace       used 31490K, capacity 31874K, committed 32508K, reserved 1077248K
  class space    used 3618K, capacity 3710K, committed 3836K, reserved 1048576K
}
2016-07-22T15:46:17.593-0530: 31034.007: Total time for which application threads were stopped: 0.0391943 seconds
{Heap before GC invocations=91 (full 8):
 par new generation   total 109248K, used 109248K [0x00000007a0000000, 0x00000007a8000000, 0x00000007a8000000)
  eden space 87424K, 100% used [0x00000007a0000000, 0x00000007a5560000, 0x00000007a5560000)
  from space 21824K, 100% used [0x00000007a6ab0000, 0x00000007a8000000, 0x00000007a8000000)
  to   space 21824K,   0% used [0x00000007a5560000, 0x00000007a5560000, 0x00000007a6ab0000)
 concurrent mark-sweep generation total 393216K, used 168557K [0x00000007a8000000, 0x00000007c0000000, 0x00000007c0000000)
 Metaspace       used 31490K, capacity 31874K, committed 32508K, reserved 1077248K
  class space    used 3618K, capacity 3710K, committed 3836K, reserved 1048576K
2016-07-22T15:46:18.204-0530: 31034.618: [GC (Allocation Failure) 31034.618: [ParNew
Desired survivor size 20112992 bytes, new threshold 2 (max 8)
- age   1:    7592616 bytes,    7592616 total
- age   2:   12995608 bytes,   20588224 total
- age   3:    1563552 bytes,   22151776 total
: 109248K->21824K(109248K), 0.0745085 secs] 277805K->238823K(502464K), 0.0746096 secs] [Times: user=0.24 sys=0.00, real=0.07 secs] 
Heap after GC invocations=92 (full 8):
 par new generation   total 109248K, used 21824K [0x00000007a0000000, 0x00000007a8000000, 0x00000007a8000000)
  eden space 87424K,   0% used [0x00000007a0000000, 0x00000007a0000000, 0x00000007a5560000)
  from space 21824K, 100% used [0x00000007a5560000, 0x00000007a6ab0000, 0x00000007a6ab0000)
  to   space 21824K,   0% used [0x00000007a6ab0000, 0x00000007a6ab0000, 0x00000007a8000000)
 concurrent mark-sweep generation total 393216K, used 216999K [0x00000007a8000000, 0x00000007c0000000, 0x00000007c0000000)
 Metaspace       used 31490K, capacity 31874K, committed 32508K, reserved 1077248K
  class space    used 3618K, capacity 3710K, committed 3836K, reserved 1048576K
}
2016-07-22T15:46:18.278-0530: 31034.692: Total time for which application threads were stopped: 0.0748279 seconds
2016-07-22T15:46:18.279-0530: 31034.692: [GC (CMS Initial Mark) [1 CMS-initial-mark: 216999K(393216K)] 239932K(502464K), 0.0038165 secs] [Times: user=0.01 sys=0.00, real=0.01 secs] 
2016-07-22T15:46:18.283-0530: 31034.696: Total time for which application threads were stopped: 0.0040604 seconds
2016-07-22T15:46:18.283-0530: 31034.696: [CMS-concurrent-mark-start]
2016-07-22T15:46:18.324-0530: 31034.737: [CMS-concurrent-mark: 0.041/0.041 secs] [Times: user=0.16 sys=0.00, real=0.04 secs] 
2016-07-22T15:46:18.324-0530: 31034.737: [CMS-concurrent-preclean-start]
2016-07-22T15:46:18.325-0530: 31034.739: [CMS-concurrent-preclean: 0.001/0.001 secs] [Times: user=0.00 sys=0.00, real=0.00 secs] 
2016-07-22T15:46:18.325-0530: 31034.739: [CMS-concurrent-abortable-preclean-start]
2016-07-22T15:46:18.794-0530: 31035.208: [CMS-concurrent-abortable-preclean: 0.162/0.469 secs] [Times: user=0.62 sys=0.00, real=0.47 secs] 
2016-07-22T15:46:18.794-0530: 31035.208: [GC (CMS Final Remark) [YG occupancy: 88419 K (109248 K)]{Heap before GC invocations=92 (full 9):
 par new generation   total 109248K, used 88419K [0x00000007a0000000, 0x00000007a8000000, 0x00000007a8000000)
  eden space 87424K,  76% used [0x00000007a0000000, 0x00000007a4108ed8, 0x00000007a5560000)
  from space 21824K, 100% used [0x00000007a5560000, 0x00000007a6ab0000, 0x00000007a6ab0000)
  to   space 21824K,   0% used [0x00000007a6ab0000, 0x00000007a6ab0000, 0x00000007a8000000)
 concurrent mark-sweep generation total 393216K, used 216999K [0x00000007a8000000, 0x00000007c0000000, 0x00000007c0000000)
 Metaspace       used 31490K, capacity 31874K, committed 32508K, reserved 1077248K
  class space    used 3618K, capacity 3710K, committed 3836K, reserved 1048576K
2016-07-22T15:46:18.795-0530: 31035.208: [GC (CMS Final Remark) 31035.208: [ParNew
Desired survivor size 20112992 bytes, new threshold 8 (max 8)
- age   1:    2781424 bytes,    2781424 total
- age   2:    5723232 bytes,    8504656 total
: 88419K->20782K(109248K), 0.0192246 secs] 305419K->252017K(502464K), 0.0192862 secs] [Times: user=0.07 sys=0.00, real=0.02 secs] 
Heap after GC invocations=93 (full 9):
 par new generation   total 109248K, used 20782K [0x00000007a0000000, 0x00000007a8000000, 0x00000007a8000000)
  eden space 87424K,   0% used [0x00000007a0000000, 0x00000007a0000000, 0x00000007a5560000)
  from space 21824K,  95% used [0x00000007a6ab0000, 0x00000007a7efb9a0, 0x00000007a8000000)
  to   space 21824K,   0% used [0x00000007a5560000, 0x00000007a5560000, 0x00000007a6ab0000)
 concurrent mark-sweep generation total 393216K, used 231235K [0x00000007a8000000, 0x00000007c0000000, 0x00000007c0000000)
 Metaspace       used 31490K, capacity 31874K, committed 32508K, reserved 1077248K
  class space    used 3618K, capacity 3710K, committed 3836K, reserved 1048576K
}
31035.228: [Rescan (parallel) , 0.0072116 secs]31035.235: [weak refs processing, 0.0006237 secs]31035.235: [class unloading, 0.0222315 secs]31035.258: [scrub symbol table, 0.0043647 secs]31035.262: [scrub string table, 0.0003931 secs][1 CMS-remark: 231235K(393216K)] 252017K(502464K), 0.0588467 secs] [Times: user=0.13 sys=0.00, real=0.06 secs] 
2016-07-22T15:46:18.853-0530: 31035.267: Total time for which application threads were stopped: 0.0591502 seconds
2016-07-22T15:46:18.853-0530: 31035.267: [CMS-concurrent-sweep-start]
2016-07-22T15:46:18.971-0530: 31035.384: [CMS-concurrent-sweep: 0.117/0.117 secs] [Times: user=0.23 sys=0.00, real=0.12 secs] 
2016-07-22T15:46:18.971-0530: 31035.384: [CMS-concurrent-reset-start]
2016-07-22T15:46:18.971-0530: 31035.385: [CMS-concurrent-reset: 0.000/0.000 secs] [Times: user=0.00 sys=0.00, real=0.00 secs] 
2016-07-22T15:46:20.858-0530: 31037.272: Total time for which application threads were stopped: 0.0002395 seconds
2016-07-22T15:58:16.449-0530: 31752.880: Total time for which application threads were stopped: 0.0010984 seconds
2016-07-22T15:58:16.599-0530: 31753.030: Total time for which application threads were stopped: 0.0001660 seconds
2016-07-22T15:58:17.095-0530: 31753.525: Total time for which application threads were stopped: 0.0004113 seconds
2016-07-22T15:58:17.133-0530: 31753.564: Total time for which application threads were stopped: 0.0003034 seconds
2016-07-22T15:58:19.515-0530: 31755.945: Total time for which application threads were stopped: 0.0006524 seconds
2016-07-22T15:58:19.738-0530: 31756.169: Total time for which application threads were stopped: 0.0001417 seconds
{Heap before GC invocations=93 (full 9):
 par new generation   total 109248K, used 107192K [0x00000007a0000000, 0x00000007a8000000, 0x00000007a8000000)
  eden space 87424K,  98% used [0x00000007a0000000, 0x00000007a5462860, 0x00000007a5560000)
  from space 21824K,  95% used [0x00000007a6ab0000, 0x00000007a7efb9a0, 0x00000007a8000000)
  to   space 21824K,   0% used [0x00000007a5560000, 0x00000007a5560000, 0x00000007a6ab0000)
 concurrent mark-sweep generation total 393216K, used 96728K [0x00000007a8000000, 0x00000007c0000000, 0x00000007c0000000)
 Metaspace       used 31493K, capacity 31874K, committed 32508K, reserved 1077248K
  class space    used 3618K, capacity 3710K, committed 3836K, reserved 1048576K
2016-07-22T15:58:19.922-0530: 31756.352: [GC (Allocation Failure) 31756.358: [ParNew
Desired survivor size 20112992 bytes, new threshold 3 (max 8)
- age   1:   14855080 bytes,   14855080 total
- age   2:    2166696 bytes,   17021776 total
- age   3:    5233528 bytes,   22255304 total
: 107192K->21824K(109248K), 0.1347248 secs] 203920K->123648K(502464K), 0.1408011 secs] [Times: user=0.07 sys=0.20, real=0.14 secs] 
Heap after GC invocations=94 (full 9):
 par new generation   total 109248K, used 21824K [0x00000007a0000000, 0x00000007a8000000, 0x00000007a8000000)
  eden space 87424K,   0% used [0x00000007a0000000, 0x00000007a0000000, 0x00000007a5560000)
  from space 21824K, 100% used [0x00000007a5560000, 0x00000007a6ab0000, 0x00000007a6ab0000)
  to   space 21824K,   0% used [0x00000007a6ab0000, 0x00000007a6ab0000, 0x00000007a8000000)
 concurrent mark-sweep generation total 393216K, used 101824K [0x00000007a8000000, 0x00000007c0000000, 0x00000007c0000000)
 Metaspace       used 31493K, capacity 31874K, committed 32508K, reserved 1077248K
  class space    used 3618K, capacity 3710K, committed 3836K, reserved 1048576K
}
2016-07-22T15:58:20.062-0530: 31756.493: Total time for which application threads were stopped: 0.1411003 seconds
{Heap before GC invocations=94 (full 9):
 par new generation   total 109248K, used 109248K [0x00000007a0000000, 0x00000007a8000000, 0x00000007a8000000)
  eden space 87424K, 100% used [0x00000007a0000000, 0x00000007a5560000, 0x00000007a5560000)
  from space 21824K, 100% used [0x00000007a5560000, 0x00000007a6ab0000, 0x00000007a6ab0000)
  to   space 21824K,   0% used [0x00000007a6ab0000, 0x00000007a6ab0000, 0x00000007a8000000)
 concurrent mark-sweep generation total 393216K, used 101824K [0x00000007a8000000, 0x00000007c0000000, 0x00000007c0000000)
 Metaspace       used 31493K, capacity 31874K, committed 32508K, reserved 1077248K
  class space    used 3618K, capacity 3710K, committed 3836K, reserved 1048576K
2016-07-22T15:58:20.693-0530: 31757.124: [GC (Allocation Failure) 31757.124: [ParNew
Desired survivor size 20112992 bytes, new threshold 2 (max 8)
- age   1:    9207976 bytes,    9207976 total
- age   2:   10965144 bytes,   20173120 total
- age   3:    2166696 bytes,   22339816 total
: 109248K->21824K(109248K), 0.1806512 secs] 211072K->169120K(502464K), 0.1807710 secs] [Times: user=0.26 sys=0.22, real=0.18 secs] 
Heap after GC invocations=95 (full 9):
 par new generation   total 109248K, used 21824K [0x00000007a0000000, 0x00000007a8000000, 0x00000007a8000000)
  eden space 87424K,   0% used [0x00000007a0000000, 0x00000007a0000000, 0x00000007a5560000)
  from space 21824K, 100% used [0x00000007a6ab0000, 0x00000007a8000000, 0x00000007a8000000)
  to   space 21824K,   0% used [0x00000007a5560000, 0x00000007a5560000, 0x00000007a6ab0000)
 concurrent mark-sweep generation total 393216K, used 147296K [0x00000007a8000000, 0x00000007c0000000, 0x00000007c0000000)
 Metaspace       used 31493K, capacity 31874K, committed 32508K, reserved 1077248K
  class space    used 3618K, capacity 3710K, committed 3836K, reserved 1048576K
}
2016-07-22T15:58:20.874-0530: 31757.305: Total time for which application threads were stopped: 0.1810061 seconds
{Heap before GC invocations=95 (full 9):
 par new generation   total 109248K, used 109248K [0x00000007a0000000, 0x00000007a8000000, 0x00000007a8000000)
  eden space 87424K, 100% used [0x00000007a0000000, 0x00000007a5560000, 0x00000007a5560000)
  from space 21824K, 100% used [0x00000007a6ab0000, 0x00000007a8000000, 0x00000007a8000000)
  to   space 21824K,   0% used [0x00000007a5560000, 0x00000007a5560000, 0x00000007a6ab0000)
 concurrent mark-sweep generation total 393216K, used 147296K [0x00000007a8000000, 0x00000007c0000000, 0x00000007c0000000)
 Metaspace       used 31493K, capacity 31874K, committed 32508K, reserved 1077248K
  class space    used 3618K, capacity 3710K, committed 3836K, reserved 1048576K
2016-07-22T15:58:21.644-0530: 31758.075: [GC (Allocation Failure) 31758.075: [ParNew
Desired survivor size 20112992 bytes, new threshold 8 (max 8)
- age   1:    6554280 bytes,    6554280 total
- age   2:    5906832 bytes,   12461112 total
: 109248K->21824K(109248K), 0.0313091 secs] 256544K->181966K(502464K), 0.0313913 secs] [Times: user=0.06 sys=0.03, real=0.03 secs] 
Heap after GC invocations=96 (full 9):
 par new generation   total 109248K, used 21824K [0x00000007a0000000, 0x00000007a8000000, 0x00000007a8000000)
  eden space 87424K,   0% used [0x00000007a0000000, 0x00000007a0000000, 0x00000007a5560000)
  from space 21824K, 100% used [0x00000007a5560000, 0x00000007a6ab0000, 0x00000007a6ab0000)
  to   space 21824K,   0% used [0x00000007a6ab0000, 0x00000007a6ab0000, 0x00000007a8000000)
 concurrent mark-sweep generation total 393216K, used 160142K [0x00000007a8000000, 0x00000007c0000000, 0x00000007c0000000)
 Metaspace       used 31493K, capacity 31874K, committed 32508K, reserved 1077248K
  class space    used 3618K, capacity 3710K, committed 3836K, reserved 1048576K
}
2016-07-22T15:58:21.675-0530: 31758.106: Total time for which application threads were stopped: 0.0316368 seconds
2016-07-22T15:59:19.973-0530: 31816.405: Total time for which application threads were stopped: 0.0001095 seconds
2016-07-22T15:59:20.069-0530: 31816.501: Total time for which application threads were stopped: 0.0000939 seconds
2016-07-22T15:59:21.121-0530: 31817.553: Total time for which application threads were stopped: 0.0492542 seconds
2016-07-22T15:59:21.337-0530: 31817.770: Total time for which application threads were stopped: 0.0370376 seconds
2016-07-22T15:59:21.513-0530: 31817.946: Total time for which application threads were stopped: 0.0639694 seconds
2016-07-22T15:59:23.171-0530: 31819.603: Total time for which application threads were stopped: 0.0001352 seconds
{Heap before GC invocations=96 (full 9):
 par new generation   total 109248K, used 109248K [0x00000007a0000000, 0x00000007a8000000, 0x00000007a8000000)
  eden space 87424K, 100% used [0x00000007a0000000, 0x00000007a5560000, 0x00000007a5560000)
  from space 21824K, 100% used [0x00000007a5560000, 0x00000007a6ab0000, 0x00000007a6ab0000)
  to   space 21824K,   0% used [0x00000007a6ab0000, 0x00000007a6ab0000, 0x00000007a8000000)
 concurrent mark-sweep generation total 393216K, used 160142K [0x00000007a8000000, 0x00000007c0000000, 0x00000007c0000000)
 Metaspace       used 31493K, capacity 31874K, committed 32508K, reserved 1077248K
  class space    used 3618K, capacity 3710K, committed 3836K, reserved 1048576K
2016-07-22T15:59:23.467-0530: 31819.899: [GC (Allocation Failure) 31819.929: [ParNew
Desired survivor size 20112992 bytes, new threshold 3 (max 8)
- age   1:   15279656 bytes,   15279656 total
- age   2:    2932112 bytes,   18211768 total
- age   3:    4099376 bytes,   22311144 total
: 109248K->21824K(109248K), 0.0635765 secs] 269390K->194416K(502464K), 0.0934271 secs] [Times: user=0.08 sys=0.05, real=0.10 secs] 
Heap after GC invocations=97 (full 9):
 par new generation   total 109248K, used 21824K [0x00000007a0000000, 0x00000007a8000000, 0x00000007a8000000)
  eden space 87424K,   0% used [0x00000007a0000000, 0x00000007a0000000, 0x00000007a5560000)
  from space 21824K, 100% used [0x00000007a6ab0000, 0x00000007a8000000, 0x00000007a8000000)
  to   space 21824K,   0% used [0x00000007a5560000, 0x00000007a5560000, 0x00000007a6ab0000)
 concurrent mark-sweep generation total 393216K, used 172592K [0x00000007a8000000, 0x00000007c0000000, 0x00000007c0000000)
 Metaspace       used 31493K, capacity 31874K, committed 32508K, reserved 1077248K
  class space    used 3618K, capacity 3710K, committed 3836K, reserved 1048576K
}
2016-07-22T15:59:23.560-0530: 31819.993: Total time for which application threads were stopped: 0.0937114 seconds
{Heap before GC invocations=97 (full 9):
 par new generation   total 109248K, used 109248K [0x00000007a0000000, 0x00000007a8000000, 0x00000007a8000000)
  eden space 87424K, 100% used [0x00000007a0000000, 0x00000007a5560000, 0x00000007a5560000)
  from space 21824K, 100% used [0x00000007a6ab0000, 0x00000007a8000000, 0x00000007a8000000)
  to   space 21824K,   0% used [0x00000007a5560000, 0x00000007a5560000, 0x00000007a6ab0000)
 concurrent mark-sweep generation total 393216K, used 172592K [0x00000007a8000000, 0x00000007c0000000, 0x00000007c0000000)
 Metaspace       used 31493K, capacity 31874K, committed 32508K, reserved 1077248K
  class space    used 3618K, capacity 3710K, committed 3836K, reserved 1048576K
2016-07-22T15:59:24.035-0530: 31820.467: [GC (Allocation Failure) 31820.467: [ParNew
Desired survivor size 20112992 bytes, new threshold 3 (max 8)
- age   1:    9865336 bytes,    9865336 total
- age   2:    9547992 bytes,   19413328 total
- age   3:    2932112 bytes,   22345440 total
: 109248K->21824K(109248K), 0.0583698 secs] 281840K->209387K(502464K), 0.0584385 secs] [Times: user=0.10 sys=0.04, real=0.06 secs] 
Heap after GC invocations=98 (full 9):
 par new generation   total 109248K, used 21824K [0x00000007a0000000, 0x00000007a8000000, 0x00000007a8000000)
  eden space 87424K,   0% used [0x00000007a0000000, 0x00000007a0000000, 0x00000007a5560000)
  from space 21824K, 100% used [0x00000007a5560000, 0x00000007a6ab0000, 0x00000007a6ab0000)
  to   space 21824K,   0% used [0x00000007a6ab0000, 0x00000007a6ab0000, 0x00000007a8000000)
 concurrent mark-sweep generation total 393216K, used 187563K [0x00000007a8000000, 0x00000007c0000000, 0x00000007c0000000)
 Metaspace       used 31493K, capacity 31874K, committed 32508K, reserved 1077248K
  class space    used 3618K, capacity 3710K, committed 3836K, reserved 1048576K
}
2016-07-22T15:59:24.093-0530: 31820.526: Total time for which application threads were stopped: 0.0587336 seconds
2016-07-22T16:08:05.476-0530: 32341.921: Total time for which application threads were stopped: 0.0001884 seconds
2016-07-22T16:08:05.562-0530: 32342.007: Total time for which application threads were stopped: 0.0001235 seconds
2016-07-22T16:08:05.840-0530: 32342.285: Total time for which application threads were stopped: 0.0000954 seconds
2016-07-22T16:08:05.851-0530: 32342.297: Total time for which application threads were stopped: 0.0001816 seconds
{Heap before GC invocations=98 (full 9):
 par new generation   total 109248K, used 109248K [0x00000007a0000000, 0x00000007a8000000, 0x00000007a8000000)
  eden space 87424K, 100% used [0x00000007a0000000, 0x00000007a5560000, 0x00000007a5560000)
  from space 21824K, 100% used [0x00000007a5560000, 0x00000007a6ab0000, 0x00000007a6ab0000)
  to   space 21824K,   0% used [0x00000007a6ab0000, 0x00000007a6ab0000, 0x00000007a8000000)
 concurrent mark-sweep generation total 393216K, used 187563K [0x00000007a8000000, 0x00000007c0000000, 0x00000007c0000000)
 Metaspace       used 31494K, capacity 31874K, committed 32508K, reserved 1077248K
  class space    used 3618K, capacity 3710K, committed 3836K, reserved 1048576K
2016-07-22T16:08:06.656-0530: 32343.102: [GC (Allocation Failure) 32343.215: [ParNew
Desired survivor size 20112992 bytes, new threshold 8 (max 8)
- age   1:    1446576 bytes,    1446576 total
- age   2:         40 bytes,    1446616 total
- age   3:    6586912 bytes,    8033528 total
: 109248K->19363K(109248K), 0.0154843 secs] 296811K->209791K(502464K), 0.1293394 secs] [Times: user=0.03 sys=0.01, real=0.13 secs] 
Heap after GC invocations=99 (full 9):
 par new generation   total 109248K, used 19363K [0x00000007a0000000, 0x00000007a8000000, 0x00000007a8000000)
  eden space 87424K,   0% used [0x00000007a0000000, 0x00000007a0000000, 0x00000007a5560000)
  from space 21824K,  88% used [0x00000007a6ab0000, 0x00000007a7d98fe0, 0x00000007a8000000)
  to   space 21824K,   0% used [0x00000007a5560000, 0x00000007a5560000, 0x00000007a6ab0000)
 concurrent mark-sweep generation total 393216K, used 190427K [0x00000007a8000000, 0x00000007c0000000, 0x00000007c0000000)
 Metaspace       used 31494K, capacity 31874K, committed 32508K, reserved 1077248K
  class space    used 3618K, capacity 3710K, committed 3836K, reserved 1048576K
}
2016-07-22T16:08:06.786-0530: 32343.231: Total time for which application threads were stopped: 0.1298277 seconds
2016-07-22T16:08:09.027-0530: 32345.472: Total time for which application threads were stopped: 0.0001236 seconds
{Heap before GC invocations=99 (full 9):
 par new generation   total 109248K, used 105942K [0x00000007a0000000, 0x00000007a8000000, 0x00000007a8000000)
  eden space 87424K,  99% used [0x00000007a0000000, 0x00000007a548cb80, 0x00000007a5560000)
  from space 21824K,  88% used [0x00000007a6ab0000, 0x00000007a7d98fe0, 0x00000007a8000000)
  to   space 21824K,   0% used [0x00000007a5560000, 0x00000007a5560000, 0x00000007a6ab0000)
 concurrent mark-sweep generation total 393216K, used 190427K [0x00000007a8000000, 0x00000007c0000000, 0x00000007c0000000)
 Metaspace       used 31494K, capacity 31874K, committed 32508K, reserved 1077248K
  class space    used 3618K, capacity 3710K, committed 3836K, reserved 1048576K
2016-07-22T16:08:09.525-0530: 32345.971: [GC (Allocation Failure) 32345.971: [ParNew
Desired survivor size 20112992 bytes, new threshold 4 (max 8)
- age   1:   15489992 bytes,   15489992 total
- age   2:     478504 bytes,   15968496 total
- age   3:         40 bytes,   15968536 total
- age   4:    6280672 bytes,   22249208 total
: 105942K->21824K(109248K), 0.0264555 secs] 296369K->221164K(502464K), 0.0265263 secs] [Times: user=0.05 sys=0.03, real=0.03 secs] 
Heap after GC invocations=100 (full 9):
 par new generation   total 109248K, used 21824K [0x00000007a0000000, 0x00000007a8000000, 0x00000007a8000000)
  eden space 87424K,   0% used [0x00000007a0000000, 0x00000007a0000000, 0x00000007a5560000)
  from space 21824K, 100% used [0x00000007a5560000, 0x00000007a6ab0000, 0x00000007a6ab0000)
  to   space 21824K,   0% used [0x00000007a6ab0000, 0x00000007a6ab0000, 0x00000007a8000000)
 concurrent mark-sweep generation total 393216K, used 199340K [0x00000007a8000000, 0x00000007c0000000, 0x00000007c0000000)
 Metaspace       used 31494K, capacity 31874K, committed 32508K, reserved 1077248K
  class space    used 3618K, capacity 3710K, committed 3836K, reserved 1048576K
}
2016-07-22T16:08:09.552-0530: 32345.998: Total time for which application threads were stopped: 0.0268215 seconds
2016-07-22T16:08:09.552-0530: 32345.998: [GC (CMS Initial Mark) [1 CMS-initial-mark: 199340K(393216K)] 222606K(502464K), 0.0062275 secs] [Times: user=0.01 sys=0.00, real=0.00 secs] 
2016-07-22T16:08:09.559-0530: 32346.004: Total time for which application threads were stopped: 0.0065363 seconds
2016-07-22T16:08:09.559-0530: 32346.004: [CMS-concurrent-mark-start]
2016-07-22T16:08:09.582-0530: 32346.028: [CMS-concurrent-mark: 0.024/0.024 secs] [Times: user=0.07 sys=0.03, real=0.03 secs] 
2016-07-22T16:08:09.582-0530: 32346.028: [CMS-concurrent-preclean-start]
2016-07-22T16:08:09.584-0530: 32346.029: [CMS-concurrent-preclean: 0.001/0.001 secs] [Times: user=0.00 sys=0.00, real=0.00 secs] 
2016-07-22T16:08:09.584-0530: 32346.029: [CMS-concurrent-abortable-preclean-start]
{Heap before GC invocations=100 (full 10):
 par new generation   total 109248K, used 109248K [0x00000007a0000000, 0x00000007a8000000, 0x00000007a8000000)
  eden space 87424K, 100% used [0x00000007a0000000, 0x00000007a5560000, 0x00000007a5560000)
  from space 21824K, 100% used [0x00000007a5560000, 0x00000007a6ab0000, 0x00000007a6ab0000)
  to   space 21824K,   0% used [0x00000007a6ab0000, 0x00000007a6ab0000, 0x00000007a8000000)
 concurrent mark-sweep generation total 393216K, used 199340K [0x00000007a8000000, 0x00000007c0000000, 0x00000007c0000000)
 Metaspace       used 31494K, capacity 31874K, committed 32508K, reserved 1077248K
  class space    used 3618K, capacity 3710K, committed 3836K, reserved 1048576K
2016-07-22T16:08:09.999-0530: 32346.445: [GC (Allocation Failure) 32346.445: [ParNew
Desired survivor size 20112992 bytes, new threshold 2 (max 8)
- age   1:    9034456 bytes,    9034456 total
- age   2:   12536912 bytes,   21571368 total
- age   3:     478504 bytes,   22049872 total
- age   4:         40 bytes,   22049912 total
: 109248K->21824K(109248K), 0.0363043 secs] 308588K->233511K(502464K), 0.0363762 secs] [Times: user=0.07 sys=0.04, real=0.04 secs] 
Heap after GC invocations=101 (full 10):
 par new generation   total 109248K, used 21824K [0x00000007a0000000, 0x00000007a8000000, 0x00000007a8000000)
  eden space 87424K,   0% used [0x00000007a0000000, 0x00000007a0000000, 0x00000007a5560000)
  from space 21824K, 100% used [0x00000007a6ab0000, 0x00000007a8000000, 0x00000007a8000000)
  to   space 21824K,   0% used [0x00000007a5560000, 0x00000007a5560000, 0x00000007a6ab0000)
 concurrent mark-sweep generation total 393216K, used 211687K [0x00000007a8000000, 0x00000007c0000000, 0x00000007c0000000)
 Metaspace       used 31494K, capacity 31874K, committed 32508K, reserved 1077248K
  class space    used 3618K, capacity 3710K, committed 3836K, reserved 1048576K
}
2016-07-22T16:08:10.036-0530: 32346.481: Total time for which application threads were stopped: 0.0366194 seconds
2016-07-22T16:08:10.555-0530: 32347.001: [CMS-concurrent-abortable-preclean: 0.318/0.971 secs] [Times: user=1.31 sys=0.04, real=0.97 secs] 
2016-07-22T16:08:10.558-0530: 32347.004: [GC (CMS Final Remark) [YG occupancy: 79682 K (109248 K)]{Heap before GC invocations=101 (full 10):
 par new generation   total 109248K, used 79682K [0x00000007a0000000, 0x00000007a8000000, 0x00000007a8000000)
  eden space 87424K,  66% used [0x00000007a0000000, 0x00000007a3880958, 0x00000007a5560000)
  from space 21824K, 100% used [0x00000007a6ab0000, 0x00000007a8000000, 0x00000007a8000000)
  to   space 21824K,   0% used [0x00000007a5560000, 0x00000007a5560000, 0x00000007a6ab0000)
 concurrent mark-sweep generation total 393216K, used 211687K [0x00000007a8000000, 0x00000007c0000000, 0x00000007c0000000)
 Metaspace       used 31494K, capacity 31874K, committed 32508K, reserved 1077248K
  class space    used 3618K, capacity 3710K, committed 3836K, reserved 1048576K
2016-07-22T16:08:10.558-0530: 32347.004: [GC (CMS Final Remark) 32347.004: [ParNew
Desired survivor size 20112992 bytes, new threshold 8 (max 8)
- age   1:    2042696 bytes,    2042696 total
- age   2:    8890304 bytes,   10933000 total
: 79682K->20572K(109248K), 0.0278658 secs] 291369K->244989K(502464K), 0.0279362 secs] [Times: user=0.07 sys=0.02, real=0.03 secs] 
Heap after GC invocations=102 (full 10):
 par new generation   total 109248K, used 20572K [0x00000007a0000000, 0x00000007a8000000, 0x00000007a8000000)
  eden space 87424K,   0% used [0x00000007a0000000, 0x00000007a0000000, 0x00000007a5560000)
  from space 21824K,  94% used [0x00000007a5560000, 0x00000007a69773f8, 0x00000007a6ab0000)
  to   space 21824K,   0% used [0x00000007a6ab0000, 0x00000007a6ab0000, 0x00000007a8000000)
 concurrent mark-sweep generation total 393216K, used 224416K [0x00000007a8000000, 0x00000007c0000000, 0x00000007c0000000)
 Metaspace       used 31494K, capacity 31874K, committed 32508K, reserved 1077248K
  class space    used 3618K, capacity 3710K, committed 3836K, reserved 1048576K
}
32347.032: [Rescan (parallel) , 0.0068897 secs]32347.039: [weak refs processing, 0.0006657 secs]32347.039: [class unloading, 0.0753784 secs]32347.115: [scrub symbol table, 0.0155478 secs]32347.130: [scrub string table, 0.0004377 secs][1 CMS-remark: 224416K(393216K)] 244989K(502464K), 0.1326236 secs] [Times: user=0.14 sys=0.08, real=0.14 secs] 
2016-07-22T16:08:10.691-0530: 32347.136: Total time for which application threads were stopped: 0.1356884 seconds
2016-07-22T16:08:10.691-0530: 32347.137: [CMS-concurrent-sweep-start]
2016-07-22T16:08:10.931-0530: 32347.377: [CMS-concurrent-sweep: 0.240/0.240 secs] [Times: user=0.38 sys=0.09, real=0.24 secs] 
2016-07-22T16:08:10.931-0530: 32347.377: [CMS-concurrent-reset-start]
2016-07-22T16:08:10.934-0530: 32347.380: [CMS-concurrent-reset: 0.002/0.002 secs] [Times: user=0.00 sys=0.00, real=0.00 secs] 
2016-07-22T16:08:12.698-0530: 32349.143: Total time for which application threads were stopped: 0.0002156 seconds
2016-07-22T16:08:42.779-0530: 32379.226: Total time for which application threads were stopped: 0.0001212 seconds
2016-07-22T16:08:45.118-0530: 32381.565: Total time for which application threads were stopped: 0.0001027 seconds
{Heap before GC invocations=102 (full 10):
 par new generation   total 109248K, used 107996K [0x00000007a0000000, 0x00000007a8000000, 0x00000007a8000000)
  eden space 87424K, 100% used [0x00000007a0000000, 0x00000007a5560000, 0x00000007a5560000)
  from space 21824K,  94% used [0x00000007a5560000, 0x00000007a69773f8, 0x00000007a6ab0000)
  to   space 21824K,   0% used [0x00000007a6ab0000, 0x00000007a6ab0000, 0x00000007a8000000)
 concurrent mark-sweep generation total 393216K, used 69230K [0x00000007a8000000, 0x00000007c0000000, 0x00000007c0000000)
 Metaspace       used 31495K, capacity 31874K, committed 32508K, reserved 1077248K
  class space    used 3618K, capacity 3710K, committed 3836K, reserved 1048576K
2016-07-22T16:08:45.415-0530: 32381.862: [GC (Allocation Failure) 32381.896: [ParNew
Desired survivor size 20112992 bytes, new threshold 3 (max 8)
- age   1:   18174984 bytes,   18174984 total
- age   2:    1284608 bytes,   19459592 total
- age   3:    2841576 bytes,   22301168 total
: 107996K->21824K(109248K), 0.0293505 secs] 177227K->100399K(502464K), 0.0633120 secs] [Times: user=0.08 sys=0.01, real=0.06 secs] 
Heap after GC invocations=103 (full 10):
 par new generation   total 109248K, used 21824K [0x00000007a0000000, 0x00000007a8000000, 0x00000007a8000000)
  eden space 87424K,   0% used [0x00000007a0000000, 0x00000007a0000000, 0x00000007a5560000)
  from space 21824K, 100% used [0x00000007a6ab0000, 0x00000007a8000000, 0x00000007a8000000)
  to   space 21824K,   0% used [0x00000007a5560000, 0x00000007a5560000, 0x00000007a6ab0000)
 concurrent mark-sweep generation total 393216K, used 78575K [0x00000007a8000000, 0x00000007c0000000, 0x00000007c0000000)
 Metaspace       used 31495K, capacity 31874K, committed 32508K, reserved 1077248K
  class space    used 3618K, capacity 3710K, committed 3836K, reserved 1048576K
}
2016-07-22T16:08:45.479-0530: 32381.925: Total time for which application threads were stopped: 0.0635354 seconds
{Heap before GC invocations=103 (full 10):
 par new generation   total 109248K, used 109248K [0x00000007a0000000, 0x00000007a8000000, 0x00000007a8000000)
  eden space 87424K, 100% used [0x00000007a0000000, 0x00000007a5560000, 0x00000007a5560000)
  from space 21824K, 100% used [0x00000007a6ab0000, 0x00000007a8000000, 0x00000007a8000000)
  to   space 21824K,   0% used [0x00000007a5560000, 0x00000007a5560000, 0x00000007a6ab0000)
 concurrent mark-sweep generation total 393216K, used 78575K [0x00000007a8000000, 0x00000007c0000000, 0x00000007c0000000)
 Metaspace       used 31495K, capacity 31874K, committed 32508K, reserved 1077248K
  class space    used 3618K, capacity 3710K, committed 3836K, reserved 1048576K
2016-07-22T16:08:45.943-0530: 32382.390: [GC (Allocation Failure) 32382.390: [ParNew
Desired survivor size 20112992 bytes, new threshold 2 (max 8)
- age   1:    7333776 bytes,    7333776 total
- age   2:   13713432 bytes,   21047208 total
- age   3:    1284608 bytes,   22331816 total
: 109248K->21824K(109248K), 0.0363956 secs] 187823K->116200K(502464K), 0.0364818 secs] [Times: user=0.09 sys=0.02, real=0.04 secs] 
Heap after GC invocations=104 (full 10):
 par new generation   total 109248K, used 21824K [0x00000007a0000000, 0x00000007a8000000, 0x00000007a8000000)
  eden space 87424K,   0% used [0x00000007a0000000, 0x00000007a0000000, 0x00000007a5560000)
  from space 21824K, 100% used [0x00000007a5560000, 0x00000007a6ab0000, 0x00000007a6ab0000)
  to   space 21824K,   0% used [0x00000007a6ab0000, 0x00000007a6ab0000, 0x00000007a8000000)
 concurrent mark-sweep generation total 393216K, used 94376K [0x00000007a8000000, 0x00000007c0000000, 0x00000007c0000000)
 Metaspace       used 31495K, capacity 31874K, committed 32508K, reserved 1077248K
  class space    used 3618K, capacity 3710K, committed 3836K, reserved 1048576K
}
2016-07-22T16:08:45.980-0530: 32382.426: Total time for which application threads were stopped: 0.0366908 seconds
2016-07-22T16:16:57.722-0530: 32874.181: Total time for which application threads were stopped: 0.0008600 seconds
2016-07-22T16:16:57.826-0530: 32874.285: Total time for which application threads were stopped: 0.0001376 seconds
2016-07-22T16:16:58.157-0530: 32874.616: Total time for which application threads were stopped: 0.0004365 seconds
2016-07-22T16:16:58.196-0530: 32874.655: Total time for which application threads were stopped: 0.0001012 seconds
2016-07-22T16:16:59.200-0530: 32875.660: Total time for which application threads were stopped: 0.0002525 seconds
{Heap before GC invocations=104 (full 10):
 par new generation   total 109248K, used 109248K [0x00000007a0000000, 0x00000007a8000000, 0x00000007a8000000)
  eden space 87424K, 100% used [0x00000007a0000000, 0x00000007a5560000, 0x00000007a5560000)
  from space 21824K, 100% used [0x00000007a5560000, 0x00000007a6ab0000, 0x00000007a6ab0000)
  to   space 21824K,   0% used [0x00000007a6ab0000, 0x00000007a6ab0000, 0x00000007a8000000)
 concurrent mark-sweep generation total 393216K, used 94376K [0x00000007a8000000, 0x00000007c0000000, 0x00000007c0000000)
 Metaspace       used 31495K, capacity 31874K, committed 32508K, reserved 1077248K
  class space    used 3618K, capacity 3710K, committed 3836K, reserved 1048576K
2016-07-22T16:16:59.380-0530: 32875.839: [GC (Allocation Failure) 32875.858: [ParNew
Desired survivor size 20112992 bytes, new threshold 8 (max 8)
- age   1:    2152576 bytes,    2152576 total
- age   2:     160504 bytes,    2313080 total
: 109248K->19030K(109248K), 0.0244590 secs] 203624K->125376K(502464K), 0.0441134 secs] [Times: user=0.04 sys=0.03, real=0.04 secs] 
Heap after GC invocations=105 (full 10):
 par new generation   total 109248K, used 19030K [0x00000007a0000000, 0x00000007a8000000, 0x00000007a8000000)
  eden space 87424K,   0% used [0x00000007a0000000, 0x00000007a0000000, 0x00000007a5560000)
  from space 21824K,  87% used [0x00000007a6ab0000, 0x00000007a7d458a0, 0x00000007a8000000)
  to   space 21824K,   0% used [0x00000007a5560000, 0x00000007a5560000, 0x00000007a6ab0000)
 concurrent mark-sweep generation total 393216K, used 106346K [0x00000007a8000000, 0x00000007c0000000, 0x00000007c0000000)
 Metaspace       used 31495K, capacity 31874K, committed 32508K, reserved 1077248K
  class space    used 3618K, capacity 3710K, committed 3836K, reserved 1048576K
}
2016-07-22T16:16:59.424-0530: 32875.883: Total time for which application threads were stopped: 0.0443696 seconds
2016-07-22T16:17:17.040-0530: 32893.499: Total time for which application threads were stopped: 0.0001154 seconds
{Heap before GC invocations=105 (full 10):
 par new generation   total 109248K, used 105796K [0x00000007a0000000, 0x00000007a8000000, 0x00000007a8000000)
  eden space 87424K,  99% used [0x00000007a0000000, 0x00000007a54bb7f8, 0x00000007a5560000)
  from space 21824K,  87% used [0x00000007a6ab0000, 0x00000007a7d458a0, 0x00000007a8000000)
  to   space 21824K,   0% used [0x00000007a5560000, 0x00000007a5560000, 0x00000007a6ab0000)
 concurrent mark-sweep generation total 393216K, used 106346K [0x00000007a8000000, 0x00000007c0000000, 0x00000007c0000000)
 Metaspace       used 31495K, capacity 31874K, committed 32508K, reserved 1077248K
  class space    used 3618K, capacity 3710K, committed 3836K, reserved 1048576K
2016-07-22T16:17:17.543-0530: 32894.003: [GC (Allocation Failure) 32894.015: [ParNew
Desired survivor size 20112992 bytes, new threshold 1 (max 8)
- age   1:   21311904 bytes,   21311904 total
- age   2:     846128 bytes,   22158032 total
- age   3:     160504 bytes,   22318536 total
: 105796K->21824K(109248K), 0.0165331 secs] 212142K->131189K(502464K), 0.0289968 secs] [Times: user=0.05 sys=0.01, real=0.03 secs] 
Heap after GC invocations=106 (full 10):
 par new generation   total 109248K, used 21824K [0x00000007a0000000, 0x00000007a8000000, 0x00000007a8000000)
  eden space 87424K,   0% used [0x00000007a0000000, 0x00000007a0000000, 0x00000007a5560000)
  from space 21824K, 100% used [0x00000007a5560000, 0x00000007a6ab0000, 0x00000007a6ab0000)
  to   space 21824K,   0% used [0x00000007a6ab0000, 0x00000007a6ab0000, 0x00000007a8000000)
 concurrent mark-sweep generation total 393216K, used 109365K [0x00000007a8000000, 0x00000007c0000000, 0x00000007c0000000)
 Metaspace       used 31495K, capacity 31874K, committed 32508K, reserved 1077248K
  class space    used 3618K, capacity 3710K, committed 3836K, reserved 1048576K
}
2016-07-22T16:17:17.572-0530: 32894.032: Total time for which application threads were stopped: 0.0293294 seconds
{Heap before GC invocations=106 (full 10):
 par new generation   total 109248K, used 109248K [0x00000007a0000000, 0x00000007a8000000, 0x00000007a8000000)
  eden space 87424K, 100% used [0x00000007a0000000, 0x00000007a5560000, 0x00000007a5560000)
  from space 21824K, 100% used [0x00000007a5560000, 0x00000007a6ab0000, 0x00000007a6ab0000)
  to   space 21824K,   0% used [0x00000007a6ab0000, 0x00000007a6ab0000, 0x00000007a8000000)
 concurrent mark-sweep generation total 393216K, used 109365K [0x00000007a8000000, 0x00000007c0000000, 0x00000007c0000000)
 Metaspace       used 31495K, capacity 31874K, committed 32508K, reserved 1077248K
  class space    used 3618K, capacity 3710K, committed 3836K, reserved 1048576K
2016-07-22T16:17:17.993-0530: 32894.452: [GC (Allocation Failure) 32894.452: [ParNew
Desired survivor size 20112992 bytes, new threshold 8 (max 8)
- age   1:   12435840 bytes,   12435840 total
: 109248K->14898K(109248K), 0.0584714 secs] 218613K->146080K(502464K), 0.0585412 secs] [Times: user=0.10 sys=0.06, real=0.06 secs] 
Heap after GC invocations=107 (full 10):
 par new generation   total 109248K, used 14898K [0x00000007a0000000, 0x00000007a8000000, 0x00000007a8000000)
  eden space 87424K,   0% used [0x00000007a0000000, 0x00000007a0000000, 0x00000007a5560000)
  from space 21824K,  68% used [0x00000007a6ab0000, 0x00000007a793ca88, 0x00000007a8000000)
  to   space 21824K,   0% used [0x00000007a5560000, 0x00000007a5560000, 0x00000007a6ab0000)
 concurrent mark-sweep generation total 393216K, used 131182K [0x00000007a8000000, 0x00000007c0000000, 0x00000007c0000000)
 Metaspace       used 31495K, capacity 31874K, committed 32508K, reserved 1077248K
  class space    used 3618K, capacity 3710K, committed 3836K, reserved 1048576K
}
2016-07-22T16:17:18.051-0530: 32894.511: Total time for which application threads were stopped: 0.0587852 seconds
2016-07-22T16:20:35.538-0530: 33092.003: Total time for which application threads were stopped: 0.0002830 seconds
2016-07-22T16:20:35.729-0530: 33092.194: Total time for which application threads were stopped: 0.0000972 seconds
2016-07-22T16:20:35.729-0530: 33092.194: Total time for which application threads were stopped: 0.0000440 seconds
2016-07-22T16:20:37.513-0530: 33093.978: Total time for which application threads were stopped: 0.0001036 seconds
{Heap before GC invocations=107 (full 10):
 par new generation   total 109248K, used 102309K [0x00000007a0000000, 0x00000007a8000000, 0x00000007a8000000)
  eden space 87424K,  99% used [0x00000007a0000000, 0x00000007a555cb40, 0x00000007a5560000)
  from space 21824K,  68% used [0x00000007a6ab0000, 0x00000007a793ca88, 0x00000007a8000000)
  to   space 21824K,   0% used [0x00000007a5560000, 0x00000007a5560000, 0x00000007a6ab0000)
 concurrent mark-sweep generation total 393216K, used 131182K [0x00000007a8000000, 0x00000007c0000000, 0x00000007c0000000)
 Metaspace       used 31499K, capacity 31874K, committed 32508K, reserved 1077248K
  class space    used 3618K, capacity 3710K, committed 3836K, reserved 1048576K
2016-07-22T16:20:37.539-0530: 33094.004: [GC (Allocation Failure) 33094.016: [ParNew
Desired survivor size 20112992 bytes, new threshold 2 (max 8)
- age   1:    9500896 bytes,    9500896 total
- age   2:   11860200 bytes,   21361096 total
: 102309K->21824K(109248K), 0.0282896 secs] 233491K->153427K(502464K), 0.0399845 secs] [Times: user=0.06 sys=0.03, real=0.04 secs] 
Heap after GC invocations=108 (full 10):
 par new generation   total 109248K, used 21824K [0x00000007a0000000, 0x00000007a8000000, 0x00000007a8000000)
  eden space 87424K,   0% used [0x00000007a0000000, 0x00000007a0000000, 0x00000007a5560000)
  from space 21824K, 100% used [0x00000007a5560000, 0x00000007a6ab0000, 0x00000007a6ab0000)
  to   space 21824K,   0% used [0x00000007a6ab0000, 0x00000007a6ab0000, 0x00000007a8000000)
 concurrent mark-sweep generation total 393216K, used 131603K [0x00000007a8000000, 0x00000007c0000000, 0x00000007c0000000)
 Metaspace       used 31499K, capacity 31874K, committed 32508K, reserved 1077248K
  class space    used 3618K, capacity 3710K, committed 3836K, reserved 1048576K
}
2016-07-22T16:20:37.579-0530: 33094.044: Total time for which application threads were stopped: 0.0402552 seconds
{Heap before GC invocations=108 (full 10):
 par new generation   total 109248K, used 109248K [0x00000007a0000000, 0x00000007a8000000, 0x00000007a8000000)
  eden space 87424K, 100% used [0x00000007a0000000, 0x00000007a5560000, 0x00000007a5560000)
  from space 21824K, 100% used [0x00000007a5560000, 0x00000007a6ab0000, 0x00000007a6ab0000)
  to   space 21824K,   0% used [0x00000007a6ab0000, 0x00000007a6ab0000, 0x00000007a8000000)
 concurrent mark-sweep generation total 393216K, used 131603K [0x00000007a8000000, 0x00000007c0000000, 0x00000007c0000000)
 Metaspace       used 31499K, capacity 31874K, committed 32508K, reserved 1077248K
  class space    used 3618K, capacity 3710K, committed 3836K, reserved 1048576K
2016-07-22T16:20:38.021-0530: 33094.486: [GC (Allocation Failure) 33094.486: [ParNew
Desired survivor size 20112992 bytes, new threshold 2 (max 8)
- age   1:   14331672 bytes,   14331672 total
- age   2:    7966408 bytes,   22298080 total
: 109248K->21824K(109248K), 0.1608692 secs] 240851K->185526K(502464K), 0.1609329 secs] [Times: user=0.20 sys=0.18, real=0.16 secs] 
Heap after GC invocations=109 (full 10):
 par new generation   total 109248K, used 21824K [0x00000007a0000000, 0x00000007a8000000, 0x00000007a8000000)
  eden space 87424K,   0% used [0x00000007a0000000, 0x00000007a0000000, 0x00000007a5560000)
  from space 21824K, 100% used [0x00000007a6ab0000, 0x00000007a8000000, 0x00000007a8000000)
  to   space 21824K,   0% used [0x00000007a5560000, 0x00000007a5560000, 0x00000007a6ab0000)
 concurrent mark-sweep generation total 393216K, used 163702K [0x00000007a8000000, 0x00000007c0000000, 0x00000007c0000000)
 Metaspace       used 31499K, capacity 31874K, committed 32508K, reserved 1077248K
  class space    used 3618K, capacity 3710K, committed 3836K, reserved 1048576K
}
2016-07-22T16:20:38.182-0530: 33094.647: Total time for which application threads were stopped: 0.1611805 seconds
{Heap before GC invocations=109 (full 10):
 par new generation   total 109248K, used 109248K [0x00000007a0000000, 0x00000007a8000000, 0x00000007a8000000)
  eden space 87424K, 100% used [0x00000007a0000000, 0x00000007a5560000, 0x00000007a5560000)
  from space 21824K, 100% used [0x00000007a6ab0000, 0x00000007a8000000, 0x00000007a8000000)
  to   space 21824K,   0% used [0x00000007a5560000, 0x00000007a5560000, 0x00000007a6ab0000)
 concurrent mark-sweep generation total 393216K, used 163702K [0x00000007a8000000, 0x00000007c0000000, 0x00000007c0000000)
 Metaspace       used 31499K, capacity 31874K, committed 32508K, reserved 1077248K
  class space    used 3618K, capacity 3710K, committed 3836K, reserved 1048576K
2016-07-22T16:20:38.744-0530: 33095.209: [GC (Allocation Failure) 33095.209: [ParNew
Desired survivor size 20112992 bytes, new threshold 8 (max 8)
- age   1:   10837592 bytes,   10837592 total
- age   2:    6513056 bytes,   17350648 total
: 109248K->21824K(109248K), 0.0694683 secs] 272950K->197771K(502464K), 0.0695496 secs] [Times: user=0.14 sys=0.05, real=0.07 secs] 
Heap after GC invocations=110 (full 10):
 par new generation   total 109248K, used 21824K [0x00000007a0000000, 0x00000007a8000000, 0x00000007a8000000)
  eden space 87424K,   0% used [0x00000007a0000000, 0x00000007a0000000, 0x00000007a5560000)
  from space 21824K, 100% used [0x00000007a5560000, 0x00000007a6ab0000, 0x00000007a6ab0000)
  to   space 21824K,   0% used [0x00000007a6ab0000, 0x00000007a6ab0000, 0x00000007a8000000)
 concurrent mark-sweep generation total 393216K, used 175947K [0x00000007a8000000, 0x00000007c0000000, 0x00000007c0000000)
 Metaspace       used 31499K, capacity 31874K, committed 32508K, reserved 1077248K
  class space    used 3618K, capacity 3710K, committed 3836K, reserved 1048576K
}
2016-07-22T16:20:38.814-0530: 33095.279: Total time for which application threads were stopped: 0.0697929 seconds
2016-07-25T20:01:40.630-0530: 134706.188: Total time for which application threads were stopped: 0.0268576 seconds
2016-07-25T20:01:40.667-0530: 134706.226: Total time for which application threads were stopped: 0.0005404 seconds
2016-07-25T20:01:41.431-0530: 134706.990: Total time for which application threads were stopped: 0.0797449 seconds
2016-07-25T20:01:41.893-0530: 134707.452: Total time for which application threads were stopped: 0.0224180 seconds
2016-07-25T20:01:42.349-0530: 134707.907: Total time for which application threads were stopped: 0.0563043 seconds
2016-07-25T20:01:43.304-0530: 134708.863: Total time for which application threads were stopped: 0.0001793 seconds
2016-07-25T20:01:44.394-0530: 134709.953: Total time for which application threads were stopped: 0.0190307 seconds
2016-07-25T20:01:44.478-0530: 134710.037: Total time for which application threads were stopped: 0.0832571 seconds
2016-07-25T20:01:44.541-0530: 134710.100: Total time for which application threads were stopped: 0.0317021 seconds
2016-07-25T20:01:44.664-0530: 134710.223: Total time for which application threads were stopped: 0.0784966 seconds
2016-07-25T20:01:45.006-0530: 134710.565: Total time for which application threads were stopped: 0.0183456 seconds
2016-07-25T20:01:47.338-0530: 134712.897: Total time for which application threads were stopped: 0.0157419 seconds
2016-07-25T20:01:49.291-0530: 134714.850: Total time for which application threads were stopped: 0.0399338 seconds
2016-07-25T20:01:49.333-0530: 134714.892: Total time for which application threads were stopped: 0.0412097 seconds
2016-07-25T20:01:49.334-0530: 134714.893: Total time for which application threads were stopped: 0.0002995 seconds
2016-07-25T20:01:49.334-0530: 134714.893: Total time for which application threads were stopped: 0.0002098 seconds
2016-07-25T20:01:49.335-0530: 134714.894: Total time for which application threads were stopped: 0.0002687 seconds
2016-07-25T20:01:49.346-0530: 134714.905: Total time for which application threads were stopped: 0.0116161 seconds
2016-07-25T20:01:49.363-0530: 134714.922: Total time for which application threads were stopped: 0.0160208 seconds
2016-07-25T20:01:49.377-0530: 134714.936: Total time for which application threads were stopped: 0.0135136 seconds
2016-07-25T20:01:49.392-0530: 134714.951: Total time for which application threads were stopped: 0.0152880 seconds
2016-07-25T20:01:49.400-0530: 134714.959: Total time for which application threads were stopped: 0.0074156 seconds
2016-07-25T20:01:52.415-0530: 134717.974: Total time for which application threads were stopped: 0.0031383 seconds
{Heap before GC invocations=110 (full 10):
 par new generation   total 109248K, used 109248K [0x00000007a0000000, 0x00000007a8000000, 0x00000007a8000000)
  eden space 87424K, 100% used [0x00000007a0000000, 0x00000007a5560000, 0x00000007a5560000)
  from space 21824K, 100% used [0x00000007a5560000, 0x00000007a6ab0000, 0x00000007a6ab0000)
  to   space 21824K,   0% used [0x00000007a6ab0000, 0x00000007a6ab0000, 0x00000007a8000000)
 concurrent mark-sweep generation total 393216K, used 175947K [0x00000007a8000000, 0x00000007c0000000, 0x00000007c0000000)
 Metaspace       used 31509K, capacity 31874K, committed 32508K, reserved 1077248K
  class space    used 3618K, capacity 3710K, committed 3836K, reserved 1048576K
2016-07-25T20:01:54.004-0530: 134719.597: [GC (Allocation Failure) 134719.597: [ParNew
Desired survivor size 20112992 bytes, new threshold 8 (max 8)
- age   1:    9705488 bytes,    9705488 total
- age   3:    4836320 bytes,   14541808 total
: 109248K->21585K(109248K), 0.0717170 secs] 285195K->197532K(502464K), 0.0726427 secs] [Times: user=0.02 sys=0.12, real=0.11 secs] 
Heap after GC invocations=111 (full 10):
 par new generation   total 109248K, used 21585K [0x00000007a0000000, 0x00000007a8000000, 0x00000007a8000000)
  eden space 87424K,   0% used [0x00000007a0000000, 0x00000007a0000000, 0x00000007a5560000)
  from space 21824K,  98% used [0x00000007a6ab0000, 0x00000007a7fc4400, 0x00000007a8000000)
  to   space 21824K,   0% used [0x00000007a5560000, 0x00000007a5560000, 0x00000007a6ab0000)
 concurrent mark-sweep generation total 393216K, used 175947K [0x00000007a8000000, 0x00000007c0000000, 0x00000007c0000000)
 Metaspace       used 31509K, capacity 31874K, committed 32508K, reserved 1077248K
  class space    used 3618K, capacity 3710K, committed 3836K, reserved 1048576K
}
2016-07-25T20:01:54.110-0530: 134719.669: Total time for which application threads were stopped: 0.1769746 seconds
{Heap before GC invocations=111 (full 10):
 par new generation   total 109248K, used 109009K [0x00000007a0000000, 0x00000007a8000000, 0x00000007a8000000)
  eden space 87424K, 100% used [0x00000007a0000000, 0x00000007a5560000, 0x00000007a5560000)
  from space 21824K,  98% used [0x00000007a6ab0000, 0x00000007a7fc4400, 0x00000007a8000000)
  to   space 21824K,   0% used [0x00000007a5560000, 0x00000007a5560000, 0x00000007a6ab0000)
 concurrent mark-sweep generation total 393216K, used 175947K [0x00000007a8000000, 0x00000007c0000000, 0x00000007c0000000)
 Metaspace       used 31509K, capacity 31874K, committed 32508K, reserved 1077248K
  class space    used 3618K, capacity 3710K, committed 3836K, reserved 1048576K
2016-07-25T20:01:54.662-0530: 134720.221: [GC (Allocation Failure) 134720.221: [ParNew
Desired survivor size 20112992 bytes, new threshold 4 (max 8)
- age   1:    7931272 bytes,    7931272 total
- age   2:    9524424 bytes,   17455696 total
- age   4:    4836320 bytes,   22292016 total
: 109009K->21824K(109248K), 0.1361639 secs] 284956K->225961K(502464K), 0.1362447 secs] [Times: user=0.14 sys=0.22, real=0.13 secs] 
Heap after GC invocations=112 (full 10):
 par new generation   total 109248K, used 21824K [0x00000007a0000000, 0x00000007a8000000, 0x00000007a8000000)
  eden space 87424K,   0% used [0x00000007a0000000, 0x00000007a0000000, 0x00000007a5560000)
  from space 21824K, 100% used [0x00000007a5560000, 0x00000007a6ab0000, 0x00000007a6ab0000)
  to   space 21824K,   0% used [0x00000007a6ab0000, 0x00000007a6ab0000, 0x00000007a8000000)
 concurrent mark-sweep generation total 393216K, used 204137K [0x00000007a8000000, 0x00000007c0000000, 0x00000007c0000000)
 Metaspace       used 31509K, capacity 31874K, committed 32508K, reserved 1077248K
  class space    used 3618K, capacity 3710K, committed 3836K, reserved 1048576K
}
2016-07-25T20:01:54.799-0530: 134720.358: Total time for which application threads were stopped: 0.1365897 seconds
2016-07-25T20:01:54.799-0530: 134720.358: [GC (CMS Initial Mark) [1 CMS-initial-mark: 204137K(393216K)] 226772K(502464K), 0.0045281 secs] [Times: user=0.01 sys=0.00, real=0.01 secs] 
2016-07-25T20:01:54.803-0530: 134720.363: Total time for which application threads were stopped: 0.0047623 seconds
2016-07-25T20:01:54.803-0530: 134720.363: [CMS-concurrent-mark-start]
2016-07-25T20:01:54.903-0530: 134720.462: [CMS-concurrent-mark: 0.099/0.099 secs] [Times: user=0.15 sys=0.06, real=0.10 secs] 
2016-07-25T20:01:54.903-0530: 134720.462: [CMS-concurrent-preclean-start]
2016-07-25T20:01:54.904-0530: 134720.463: [CMS-concurrent-preclean: 0.001/0.001 secs] [Times: user=0.00 sys=0.00, real=0.00 secs] 
2016-07-25T20:01:54.904-0530: 134720.463: [CMS-concurrent-abortable-preclean-start]
{Heap before GC invocations=112 (full 11):
 par new generation   total 109248K, used 109248K [0x00000007a0000000, 0x00000007a8000000, 0x00000007a8000000)
  eden space 87424K, 100% used [0x00000007a0000000, 0x00000007a5560000, 0x00000007a5560000)
  from space 21824K, 100% used [0x00000007a5560000, 0x00000007a6ab0000, 0x00000007a6ab0000)
  to   space 21824K,   0% used [0x00000007a6ab0000, 0x00000007a6ab0000, 0x00000007a8000000)
 concurrent mark-sweep generation total 393216K, used 204137K [0x00000007a8000000, 0x00000007c0000000, 0x00000007c0000000)
 Metaspace       used 31509K, capacity 31874K, committed 32508K, reserved 1077248K
  class space    used 3618K, capacity 3710K, committed 3836K, reserved 1048576K
2016-07-25T20:01:55.449-0530: 134721.008: [GC (Allocation Failure) 134721.008: [ParNew
Desired survivor size 20112992 bytes, new threshold 3 (max 8)
- age   1:    8014880 bytes,    8014880 total
- age   2:    4696072 bytes,   12710952 total
- age   3:    9511440 bytes,   22222392 total
: 109248K->21824K(109248K), 0.0544290 secs] 313385K->235014K(502464K), 0.0544932 secs] [Times: user=0.13 sys=0.04, real=0.06 secs] 
Heap after GC invocations=113 (full 11):
 par new generation   total 109248K, used 21824K [0x00000007a0000000, 0x00000007a8000000, 0x00000007a8000000)
  eden space 87424K,   0% used [0x00000007a0000000, 0x00000007a0000000, 0x00000007a5560000)
  from space 21824K, 100% used [0x00000007a6ab0000, 0x00000007a8000000, 0x00000007a8000000)
  to   space 21824K,   0% used [0x00000007a5560000, 0x00000007a5560000, 0x00000007a6ab0000)
 concurrent mark-sweep generation total 393216K, used 213190K [0x00000007a8000000, 0x00000007c0000000, 0x00000007c0000000)
 Metaspace       used 31509K, capacity 31874K, committed 32508K, reserved 1077248K
  class space    used 3618K, capacity 3710K, committed 3836K, reserved 1048576K
}
2016-07-25T20:01:55.504-0530: 134721.063: Total time for which application threads were stopped: 0.0547713 seconds
2016-07-25T20:01:59.646-0530: 134725.206: [CMS-concurrent-abortable-preclean: 1.685/4.742 secs] [Times: user=4.31 sys=0.06, real=4.74 secs] 
2016-07-25T20:01:59.647-0530: 134725.206: [GC (CMS Final Remark) [YG occupancy: 65963 K (109248 K)]{Heap before GC invocations=113 (full 11):
 par new generation   total 109248K, used 65963K [0x00000007a0000000, 0x00000007a8000000, 0x00000007a8000000)
  eden space 87424K,  50% used [0x00000007a0000000, 0x00000007a2b1afd8, 0x00000007a5560000)
  from space 21824K, 100% used [0x00000007a6ab0000, 0x00000007a8000000, 0x00000007a8000000)
  to   space 21824K,   0% used [0x00000007a5560000, 0x00000007a5560000, 0x00000007a6ab0000)
 concurrent mark-sweep generation total 393216K, used 213190K [0x00000007a8000000, 0x00000007c0000000, 0x00000007c0000000)
 Metaspace       used 31511K, capacity 31874K, committed 32508K, reserved 1077248K
  class space    used 3618K, capacity 3710K, committed 3836K, reserved 1048576K
2016-07-25T20:01:59.647-0530: 134725.206: [GC (CMS Final Remark) 134725.206: [ParNew
Desired survivor size 20112992 bytes, new threshold 8 (max 8)
- age   1:    1525792 bytes,    1525792 total
- age   2:    7221888 bytes,    8747680 total
- age   3:    4695544 bytes,   13443224 total
: 65963K->21824K(109248K), 0.0204929 secs] 279154K->245200K(502464K), 0.0208376 secs] [Times: user=0.06 sys=0.02, real=0.02 secs] 
Heap after GC invocations=114 (full 11):
 par new generation   total 109248K, used 21824K [0x00000007a0000000, 0x00000007a8000000, 0x00000007a8000000)
  eden space 87424K,   0% used [0x00000007a0000000, 0x00000007a0000000, 0x00000007a5560000)
  from space 21824K, 100% used [0x00000007a5560000, 0x00000007a6ab0000, 0x00000007a6ab0000)
  to   space 21824K,   0% used [0x00000007a6ab0000, 0x00000007a6ab0000, 0x00000007a8000000)
 concurrent mark-sweep generation total 393216K, used 223376K [0x00000007a8000000, 0x00000007c0000000, 0x00000007c0000000)
 Metaspace       used 31511K, capacity 31874K, committed 32508K, reserved 1077248K
  class space    used 3618K, capacity 3710K, committed 3836K, reserved 1048576K
}
134725.227: [Rescan (parallel) , 0.0040718 secs]134725.231: [weak refs processing, 0.0145456 secs]134725.246: [class unloading, 0.0548811 secs]134725.301: [scrub symbol table, 0.0132132 secs]134725.314: [scrub string table, 0.0004399 secs][1 CMS-remark: 223376K(393216K)] 245200K(502464K), 0.1127107 secs] [Times: user=0.15 sys=0.05, real=0.12 secs] 
2016-07-25T20:01:59.760-0530: 134725.319: Total time for which application threads were stopped: 0.1129444 seconds
2016-07-25T20:01:59.760-0530: 134725.319: [CMS-concurrent-sweep-start]
2016-07-25T20:01:59.760-0530: 134725.319: Total time for which application threads were stopped: 0.0002574 seconds
2016-07-25T20:02:00.061-0530: 134725.620: [CMS-concurrent-sweep: 0.300/0.301 secs] [Times: user=0.13 sys=0.15, real=0.30 secs] 
2016-07-25T20:02:00.061-0530: 134725.620: [CMS-concurrent-reset-start]
2016-07-25T20:02:00.063-0530: 134725.622: [CMS-concurrent-reset: 0.002/0.002 secs] [Times: user=0.00 sys=0.00, real=0.00 secs] 
2016-07-25T20:02:37.858-0530: 134763.418: Total time for which application threads were stopped: 0.0001489 seconds
2016-07-25T20:03:08.461-0530: 134794.022: Total time for which application threads were stopped: 0.0001559 seconds
2016-07-25T20:03:08.553-0530: 134794.114: Total time for which application threads were stopped: 0.0001031 seconds
2016-07-25T20:03:09.032-0530: 134794.593: Total time for which application threads were stopped: 0.0001952 seconds
2016-07-25T20:03:09.146-0530: 134794.707: Total time for which application threads were stopped: 0.0734888 seconds
2016-07-25T20:03:09.147-0530: 134794.708: Total time for which application threads were stopped: 0.0002063 seconds
2016-07-25T20:03:09.167-0530: 134794.728: Total time for which application threads were stopped: 0.0000952 seconds
2016-07-25T20:03:09.530-0530: 134795.091: Total time for which application threads were stopped: 0.0001375 seconds
2016-07-25T20:03:11.265-0530: 134796.826: Total time for which application threads were stopped: 0.0001040 seconds
{Heap before GC invocations=114 (full 11):
 par new generation   total 109248K, used 108120K [0x00000007a0000000, 0x00000007a8000000, 0x00000007a8000000)
  eden space 87424K,  98% used [0x00000007a0000000, 0x00000007a54461d8, 0x00000007a5560000)
  from space 21824K, 100% used [0x00000007a5560000, 0x00000007a6ab0000, 0x00000007a6ab0000)
  to   space 21824K,   0% used [0x00000007a6ab0000, 0x00000007a6ab0000, 0x00000007a8000000)
 concurrent mark-sweep generation total 393216K, used 78985K [0x00000007a8000000, 0x00000007c0000000, 0x00000007c0000000)
 Metaspace       used 31512K, capacity 31874K, committed 32508K, reserved 1077248K
  class space    used 3618K, capacity 3710K, committed 3836K, reserved 1048576K
2016-07-25T20:03:11.589-0530: 134797.150: [GC (Allocation Failure) 134797.157: [ParNew
Desired survivor size 20112992 bytes, new threshold 4 (max 8)
- age   1:   11739968 bytes,   11739968 total
- age   2:    1525352 bytes,   13265320 total
- age   3:    4294400 bytes,   17559720 total
- age   4:    4695512 bytes,   22255232 total
: 108120K->21824K(109248K), 0.0650686 secs] 187106K->115296K(502464K), 0.0717775 secs] [Times: user=0.19 sys=0.02, real=0.08 secs] 
Heap after GC invocations=115 (full 11):
 par new generation   total 109248K, used 21824K [0x00000007a0000000, 0x00000007a8000000, 0x00000007a8000000)
  eden space 87424K,   0% used [0x00000007a0000000, 0x00000007a0000000, 0x00000007a5560000)
  from space 21824K, 100% used [0x00000007a6ab0000, 0x00000007a8000000, 0x00000007a8000000)
  to   space 21824K,   0% used [0x00000007a5560000, 0x00000007a5560000, 0x00000007a6ab0000)
 concurrent mark-sweep generation total 393216K, used 93472K [0x00000007a8000000, 0x00000007c0000000, 0x00000007c0000000)
 Metaspace       used 31512K, capacity 31874K, committed 32508K, reserved 1077248K
  class space    used 3618K, capacity 3710K, committed 3836K, reserved 1048576K
}
2016-07-25T20:03:11.661-0530: 134797.222: Total time for which application threads were stopped: 0.0720040 seconds
{Heap before GC invocations=115 (full 11):
 par new generation   total 109248K, used 109248K [0x00000007a0000000, 0x00000007a8000000, 0x00000007a8000000)
  eden space 87424K, 100% used [0x00000007a0000000, 0x00000007a5560000, 0x00000007a5560000)
  from space 21824K, 100% used [0x00000007a6ab0000, 0x00000007a8000000, 0x00000007a8000000)
  to   space 21824K,   0% used [0x00000007a5560000, 0x00000007a5560000, 0x00000007a6ab0000)
 concurrent mark-sweep generation total 393216K, used 93472K [0x00000007a8000000, 0x00000007c0000000, 0x00000007c0000000)
 Metaspace       used 31512K, capacity 31874K, committed 32508K, reserved 1077248K
  class space    used 3618K, capacity 3710K, committed 3836K, reserved 1048576K
2016-07-25T20:03:12.171-0530: 134797.732: [GC (Allocation Failure) 134797.732: [ParNew
Desired survivor size 20112992 bytes, new threshold 4 (max 8)
- age   1:    6705920 bytes,    6705920 total
- age   2:   10181688 bytes,   16887608 total
- age   3:    1494992 bytes,   18382600 total
- age   4:    3756672 bytes,   22139272 total
: 109248K->21824K(109248K), 0.0329368 secs] 202720K->128996K(502464K), 0.0330089 secs] [Times: user=0.09 sys=0.02, real=0.03 secs] 
Heap after GC invocations=116 (full 11):
 par new generation   total 109248K, used 21824K [0x00000007a0000000, 0x00000007a8000000, 0x00000007a8000000)
  eden space 87424K,   0% used [0x00000007a0000000, 0x00000007a0000000, 0x00000007a5560000)
  from space 21824K, 100% used [0x00000007a5560000, 0x00000007a6ab0000, 0x00000007a6ab0000)
  to   space 21824K,   0% used [0x00000007a6ab0000, 0x00000007a6ab0000, 0x00000007a8000000)
 concurrent mark-sweep generation total 393216K, used 107172K [0x00000007a8000000, 0x00000007c0000000, 0x00000007c0000000)
 Metaspace       used 31512K, capacity 31874K, committed 32508K, reserved 1077248K
  class space    used 3618K, capacity 3710K, committed 3836K, reserved 1048576K
}
2016-07-25T20:03:12.204-0530: 134797.765: Total time for which application threads were stopped: 0.0332262 seconds
2016-07-25T20:03:30.242-0530: 134815.803: Total time for which application threads were stopped: 0.0002141 seconds
2016-07-25T20:07:49.767-0530: 135075.335: Total time for which application threads were stopped: 0.0009566 seconds
2016-07-25T20:07:49.882-0530: 135075.450: Total time for which application threads were stopped: 0.0001357 seconds
2016-07-25T20:07:50.676-0530: 135076.244: Total time for which application threads were stopped: 0.0001060 seconds
2016-07-25T20:07:51.678-0530: 135077.246: Total time for which application threads were stopped: 0.0006911 seconds
2016-07-25T20:07:52.105-0530: 135077.673: Total time for which application threads were stopped: 0.0001671 seconds
{Heap before GC invocations=116 (full 11):
 par new generation   total 109248K, used 109248K [0x00000007a0000000, 0x00000007a8000000, 0x00000007a8000000)
  eden space 87424K, 100% used [0x00000007a0000000, 0x00000007a5560000, 0x00000007a5560000)
  from space 21824K, 100% used [0x00000007a5560000, 0x00000007a6ab0000, 0x00000007a6ab0000)
  to   space 21824K,   0% used [0x00000007a6ab0000, 0x00000007a6ab0000, 0x00000007a8000000)
 concurrent mark-sweep generation total 393216K, used 107172K [0x00000007a8000000, 0x00000007c0000000, 0x00000007c0000000)
 Metaspace       used 31514K, capacity 31874K, committed 32508K, reserved 1077248K
  class space    used 3618K, capacity 3710K, committed 3836K, reserved 1048576K
2016-07-25T20:07:52.127-0530: 135077.695: [GC (Allocation Failure) 135077.907: [ParNew
Desired survivor size 20112992 bytes, new threshold 8 (max 8)
- age   1:    6966344 bytes,    6966344 total
- age   3:    4455048 bytes,   11421392 total
- age   4:    1494960 bytes,   12916352 total
: 109248K->21824K(109248K), 0.0190085 secs] 216420K->132665K(502464K), 0.2313367 secs] [Times: user=0.07 sys=0.01, real=0.23 secs] 
Heap after GC invocations=117 (full 11):
 par new generation   total 109248K, used 21824K [0x00000007a0000000, 0x00000007a8000000, 0x00000007a8000000)
  eden space 87424K,   0% used [0x00000007a0000000, 0x00000007a0000000, 0x00000007a5560000)
  from space 21824K, 100% used [0x00000007a6ab0000, 0x00000007a8000000, 0x00000007a8000000)
  to   space 21824K,   0% used [0x00000007a5560000, 0x00000007a5560000, 0x00000007a6ab0000)
 concurrent mark-sweep generation total 393216K, used 110841K [0x00000007a8000000, 0x00000007c0000000, 0x00000007c0000000)
 Metaspace       used 31514K, capacity 31874K, committed 32508K, reserved 1077248K
  class space    used 3618K, capacity 3710K, committed 3836K, reserved 1048576K
}
2016-07-25T20:07:52.358-0530: 135077.926: Total time for which application threads were stopped: 0.2316113 seconds
{Heap before GC invocations=117 (full 11):
 par new generation   total 109248K, used 109248K [0x00000007a0000000, 0x00000007a8000000, 0x00000007a8000000)
  eden space 87424K, 100% used [0x00000007a0000000, 0x00000007a5560000, 0x00000007a5560000)
  from space 21824K, 100% used [0x00000007a6ab0000, 0x00000007a8000000, 0x00000007a8000000)
  to   space 21824K,   0% used [0x00000007a5560000, 0x00000007a5560000, 0x00000007a6ab0000)
 concurrent mark-sweep generation total 393216K, used 110841K [0x00000007a8000000, 0x00000007c0000000, 0x00000007c0000000)
 Metaspace       used 31514K, capacity 31874K, committed 32508K, reserved 1077248K
  class space    used 3618K, capacity 3710K, committed 3836K, reserved 1048576K
2016-07-25T20:07:52.780-0530: 135078.348: [GC (Allocation Failure) 135078.348: [ParNew
Desired survivor size 20112992 bytes, new threshold 4 (max 8)
- age   1:    9759224 bytes,    9759224 total
- age   2:    6644416 bytes,   16403640 total
- age   4:    4164792 bytes,   20568432 total
- age   5:    1494960 bytes,   22063392 total
: 109248K->21824K(109248K), 0.0433988 secs] 220089K->153563K(502464K), 0.0434732 secs] [Times: user=0.10 sys=0.02, real=0.04 secs] 
Heap after GC invocations=118 (full 11):
 par new generation   total 109248K, used 21824K [0x00000007a0000000, 0x00000007a8000000, 0x00000007a8000000)
  eden space 87424K,   0% used [0x00000007a0000000, 0x00000007a0000000, 0x00000007a5560000)
  from space 21824K, 100% used [0x00000007a5560000, 0x00000007a6ab0000, 0x00000007a6ab0000)
  to   space 21824K,   0% used [0x00000007a6ab0000, 0x00000007a6ab0000, 0x00000007a8000000)
 concurrent mark-sweep generation total 393216K, used 131739K [0x00000007a8000000, 0x00000007c0000000, 0x00000007c0000000)
 Metaspace       used 31514K, capacity 31874K, committed 32508K, reserved 1077248K
  class space    used 3618K, capacity 3710K, committed 3836K, reserved 1048576K
}
2016-07-25T20:07:52.824-0530: 135078.392: Total time for which application threads were stopped: 0.0436969 seconds
{Heap before GC invocations=118 (full 11):
 par new generation   total 109248K, used 109248K [0x00000007a0000000, 0x00000007a8000000, 0x00000007a8000000)
  eden space 87424K, 100% used [0x00000007a0000000, 0x00000007a5560000, 0x00000007a5560000)
  from space 21824K, 100% used [0x00000007a5560000, 0x00000007a6ab0000, 0x00000007a6ab0000)
  to   space 21824K,   0% used [0x00000007a6ab0000, 0x00000007a6ab0000, 0x00000007a8000000)
 concurrent mark-sweep generation total 393216K, used 131739K [0x00000007a8000000, 0x00000007c0000000, 0x00000007c0000000)
 Metaspace       used 31514K, capacity 31874K, committed 32508K, reserved 1077248K
  class space    used 3618K, capacity 3710K, committed 3836K, reserved 1048576K
2016-07-25T20:07:53.337-0530: 135078.906: [GC (Allocation Failure) 135078.906: [ParNew
Desired survivor size 20112992 bytes, new threshold 3 (max 8)
- age   1:   10530312 bytes,   10530312 total
- age   2:    4559568 bytes,   15089880 total
- age   3:    6644416 bytes,   21734296 total
: 109248K->21824K(109248K), 0.0248926 secs] 240987K->163843K(502464K), 0.0250103 secs] [Times: user=0.07 sys=0.01, real=0.03 secs] 
Heap after GC invocations=119 (full 11):
 par new generation   total 109248K, used 21824K [0x00000007a0000000, 0x00000007a8000000, 0x00000007a8000000)
  eden space 87424K,   0% used [0x00000007a0000000, 0x00000007a0000000, 0x00000007a5560000)
  from space 21824K, 100% used [0x00000007a6ab0000, 0x00000007a8000000, 0x00000007a8000000)
  to   space 21824K,   0% used [0x00000007a5560000, 0x00000007a5560000, 0x00000007a6ab0000)
 concurrent mark-sweep generation total 393216K, used 142019K [0x00000007a8000000, 0x00000007c0000000, 0x00000007c0000000)
 Metaspace       used 31514K, capacity 31874K, committed 32508K, reserved 1077248K
  class space    used 3618K, capacity 3710K, committed 3836K, reserved 1048576K
}
2016-07-25T20:07:53.363-0530: 135078.931: Total time for which application threads were stopped: 0.0252304 seconds
2016-07-26T14:51:14.767-0530: 155737.957: Total time for which application threads were stopped: 0.0255812 seconds
2016-07-26T14:51:14.841-0530: 155738.032: Total time for which application threads were stopped: 0.0279911 seconds
2016-07-26T14:51:15.859-0530: 155739.049: Total time for which application threads were stopped: 0.1125926 seconds
2016-07-26T14:51:16.174-0530: 155739.365: Total time for which application threads were stopped: 0.0240852 seconds
2016-07-26T14:51:16.419-0530: 155739.610: Total time for which application threads were stopped: 0.0688778 seconds
2016-07-26T14:51:16.855-0530: 155740.046: Total time for which application threads were stopped: 0.1506356 seconds
2016-07-26T14:51:17.251-0530: 155740.442: Total time for which application threads were stopped: 0.2411322 seconds
2016-07-26T14:51:17.342-0530: 155740.533: Total time for which application threads were stopped: 0.0708319 seconds
2016-07-26T14:51:17.600-0530: 155740.790: Total time for which application threads were stopped: 0.1413027 seconds
2016-07-26T14:51:18.072-0530: 155741.263: Total time for which application threads were stopped: 0.0097486 seconds
2016-07-26T14:51:18.323-0530: 155741.514: Total time for which application threads were stopped: 0.0872124 seconds
2016-07-26T14:51:18.368-0530: 155741.558: Total time for which application threads were stopped: 0.0176069 seconds
2016-07-26T14:51:18.616-0530: 155741.806: Total time for which application threads were stopped: 0.1350585 seconds
2016-07-26T14:51:19.160-0530: 155742.350: Total time for which application threads were stopped: 0.1659366 seconds
2016-07-26T14:51:19.619-0530: 155742.810: Total time for which application threads were stopped: 0.0731274 seconds
2016-07-26T14:51:19.796-0530: 155742.986: Total time for which application threads were stopped: 0.0544106 seconds
2016-07-26T14:51:19.930-0530: 155743.120: Total time for which application threads were stopped: 0.0003604 seconds
2016-07-26T14:51:19.949-0530: 155743.140: Total time for which application threads were stopped: 0.0003068 seconds
2016-07-26T14:51:19.970-0530: 155743.160: Total time for which application threads were stopped: 0.0002567 seconds
2016-07-26T14:51:20.002-0530: 155743.192: Total time for which application threads were stopped: 0.0014563 seconds
2016-07-26T14:51:20.099-0530: 155743.290: Total time for which application threads were stopped: 0.0695384 seconds
2016-07-26T14:51:20.196-0530: 155743.386: Total time for which application threads were stopped: 0.0953216 seconds
2016-07-26T14:51:20.293-0530: 155743.484: Total time for which application threads were stopped: 0.0970447 seconds
2016-07-26T14:51:20.512-0530: 155743.703: Total time for which application threads were stopped: 0.0762980 seconds
2016-07-26T14:51:20.655-0530: 155743.846: Total time for which application threads were stopped: 0.0466927 seconds
2016-07-26T14:51:20.964-0530: 155744.155: Total time for which application threads were stopped: 0.1031856 seconds
2016-07-26T14:51:22.045-0530: 155745.236: Total time for which application threads were stopped: 0.1366250 seconds
2016-07-26T14:51:23.879-0530: 155747.070: Total time for which application threads were stopped: 0.1709604 seconds
2016-07-26T14:51:24.716-0530: 155747.907: Total time for which application threads were stopped: 0.0949396 seconds
2016-07-26T14:51:28.762-0530: 155751.953: Total time for which application threads were stopped: 0.0004009 seconds
{Heap before GC invocations=119 (full 11):
 par new generation   total 109248K, used 109248K [0x00000007a0000000, 0x00000007a8000000, 0x00000007a8000000)
  eden space 87424K, 100% used [0x00000007a0000000, 0x00000007a5560000, 0x00000007a5560000)
  from space 21824K, 100% used [0x00000007a6ab0000, 0x00000007a8000000, 0x00000007a8000000)
  to   space 21824K,   0% used [0x00000007a5560000, 0x00000007a5560000, 0x00000007a6ab0000)
 concurrent mark-sweep generation total 393216K, used 142019K [0x00000007a8000000, 0x00000007c0000000, 0x00000007c0000000)
 Metaspace       used 31516K, capacity 31874K, committed 32508K, reserved 1077248K
  class space    used 3618K, capacity 3710K, committed 3836K, reserved 1048576K
2016-07-26T14:51:30.074-0530: 155753.265: [GC (Allocation Failure) 155753.313: [ParNew
Desired survivor size 20112992 bytes, new threshold 8 (max 8)
- age   1:    9940288 bytes,    9940288 total
- age   3:    1164960 bytes,   11105248 total
: 109248K->16837K(109248K), 0.1396285 secs] 251267K->161191K(502464K), 0.1874231 secs] [Times: user=0.03 sys=0.11, real=0.19 secs] 
Heap after GC invocations=120 (full 11):
 par new generation   total 109248K, used 16837K [0x00000007a0000000, 0x00000007a8000000, 0x00000007a8000000)
  eden space 87424K,   0% used [0x00000007a0000000, 0x00000007a0000000, 0x00000007a5560000)
  from space 21824K,  77% used [0x00000007a5560000, 0x00000007a65d1780, 0x00000007a6ab0000)
  to   space 21824K,   0% used [0x00000007a6ab0000, 0x00000007a6ab0000, 0x00000007a8000000)
 concurrent mark-sweep generation total 393216K, used 144353K [0x00000007a8000000, 0x00000007c0000000, 0x00000007c0000000)
 Metaspace       used 31516K, capacity 31874K, committed 32508K, reserved 1077248K
  class space    used 3618K, capacity 3710K, committed 3836K, reserved 1048576K
}
2016-07-26T14:51:30.261-0530: 155753.452: Total time for which application threads were stopped: 0.2582567 seconds
{Heap before GC invocations=120 (full 11):
 par new generation   total 109248K, used 104261K [0x00000007a0000000, 0x00000007a8000000, 0x00000007a8000000)
  eden space 87424K, 100% used [0x00000007a0000000, 0x00000007a5560000, 0x00000007a5560000)
  from space 21824K,  77% used [0x00000007a5560000, 0x00000007a65d1780, 0x00000007a6ab0000)
  to   space 21824K,   0% used [0x00000007a6ab0000, 0x00000007a6ab0000, 0x00000007a8000000)
 concurrent mark-sweep generation total 393216K, used 144353K [0x00000007a8000000, 0x00000007c0000000, 0x00000007c0000000)
 Metaspace       used 31516K, capacity 31874K, committed 32508K, reserved 1077248K
  class space    used 3618K, capacity 3710K, committed 3836K, reserved 1048576K
2016-07-26T14:51:30.827-0530: 155754.018: [GC (Allocation Failure) 155754.018: [ParNew
Desired survivor size 20112992 bytes, new threshold 2 (max 8)
- age   1:   11332184 bytes,   11332184 total
- age   2:    9800664 bytes,   21132848 total
- age   4:    1164960 bytes,   22297808 total
: 104261K->21824K(109248K), 0.1623594 secs] 248615K->191796K(502464K), 0.1624702 secs] [Times: user=0.18 sys=0.19, real=0.16 secs] 
Heap after GC invocations=121 (full 11):
 par new generation   total 109248K, used 21824K [0x00000007a0000000, 0x00000007a8000000, 0x00000007a8000000)
  eden space 87424K,   0% used [0x00000007a0000000, 0x00000007a0000000, 0x00000007a5560000)
  from space 21824K, 100% used [0x00000007a6ab0000, 0x00000007a8000000, 0x00000007a8000000)
  to   space 21824K,   0% used [0x00000007a5560000, 0x00000007a5560000, 0x00000007a6ab0000)
 concurrent mark-sweep generation total 393216K, used 169972K [0x00000007a8000000, 0x00000007c0000000, 0x00000007c0000000)
 Metaspace       used 31516K, capacity 31874K, committed 32508K, reserved 1077248K
  class space    used 3618K, capacity 3710K, committed 3836K, reserved 1048576K
}
2016-07-26T14:51:30.989-0530: 155754.181: Total time for which application threads were stopped: 0.1628241 seconds
{Heap before GC invocations=121 (full 11):
 par new generation   total 109248K, used 109248K [0x00000007a0000000, 0x00000007a8000000, 0x00000007a8000000)
  eden space 87424K, 100% used [0x00000007a0000000, 0x00000007a5560000, 0x00000007a5560000)
  from space 21824K, 100% used [0x00000007a6ab0000, 0x00000007a8000000, 0x00000007a8000000)
  to   space 21824K,   0% used [0x00000007a5560000, 0x00000007a5560000, 0x00000007a6ab0000)
 concurrent mark-sweep generation total 393216K, used 169972K [0x00000007a8000000, 0x00000007c0000000, 0x00000007c0000000)
 Metaspace       used 31516K, capacity 31874K, committed 32508K, reserved 1077248K
  class space    used 3618K, capacity 3710K, committed 3836K, reserved 1048576K
2016-07-26T14:51:31.595-0530: 155754.786: [GC (Allocation Failure) 155754.786: [ParNew
Desired survivor size 20112992 bytes, new threshold 8 (max 8)
- age   1:   11317864 bytes,   11317864 total
- age   2:    8003072 bytes,   19320936 total
: 109248K->21824K(109248K), 0.0495978 secs] 279220K->203619K(502464K), 0.0496679 secs] [Times: user=0.05 sys=0.07, real=0.05 secs] 
Heap after GC invocations=122 (full 11):
 par new generation   total 109248K, used 21824K [0x00000007a0000000, 0x00000007a8000000, 0x00000007a8000000)
  eden space 87424K,   0% used [0x00000007a0000000, 0x00000007a0000000, 0x00000007a5560000)
  from space 21824K, 100% used [0x00000007a5560000, 0x00000007a6ab0000, 0x00000007a6ab0000)
  to   space 21824K,   0% used [0x00000007a6ab0000, 0x00000007a6ab0000, 0x00000007a8000000)
 concurrent mark-sweep generation total 393216K, used 181795K [0x00000007a8000000, 0x00000007c0000000, 0x00000007c0000000)
 Metaspace       used 31516K, capacity 31874K, committed 32508K, reserved 1077248K
  class space    used 3618K, capacity 3710K, committed 3836K, reserved 1048576K
}
2016-07-26T14:51:31.644-0530: 155754.836: Total time for which application threads were stopped: 0.0499360 seconds
2016-07-26T14:52:14.762-0530: 155797.955: Total time for which application threads were stopped: 0.0002124 seconds
2016-07-26T14:52:49.440-0530: 155832.635: Total time for which application threads were stopped: 0.0002183 seconds
2016-07-26T14:52:49.693-0530: 155832.888: Total time for which application threads were stopped: 0.0092997 seconds
2016-07-26T14:52:50.235-0530: 155833.430: Total time for which application threads were stopped: 0.0024783 seconds
2016-07-26T14:52:50.956-0530: 155834.151: Total time for which application threads were stopped: 0.0000912 seconds
2016-07-26T14:52:52.463-0530: 155835.657: Total time for which application threads were stopped: 0.0444098 seconds
2016-07-26T14:52:52.463-0530: 155835.657: Total time for which application threads were stopped: 0.0000998 seconds
2016-07-26T14:52:52.979-0530: 155836.173: Total time for which application threads were stopped: 0.0520482 seconds
2016-07-26T14:52:53.936-0530: 155837.130: Total time for which application threads were stopped: 0.0304585 seconds
2016-07-26T14:52:54.618-0530: 155837.813: Total time for which application threads were stopped: 0.0238332 seconds
2016-07-26T14:52:55.102-0530: 155838.296: Total time for which application threads were stopped: 0.1015330 seconds
2016-07-26T14:52:56.125-0530: 155839.319: Total time for which application threads were stopped: 0.0198068 seconds
2016-07-26T14:52:56.824-0530: 155840.018: Total time for which application threads were stopped: 0.1166163 seconds
2016-07-26T14:52:56.998-0530: 155840.193: Total time for which application threads were stopped: 0.1739804 seconds
2016-07-26T14:52:57.065-0530: 155840.259: Total time for which application threads were stopped: 0.0664697 seconds
2016-07-26T14:52:57.233-0530: 155840.427: Total time for which application threads were stopped: 0.1677352 seconds
2016-07-26T14:52:57.411-0530: 155840.606: Total time for which application threads were stopped: 0.1782043 seconds
2016-07-26T14:53:01.429-0530: 155844.623: Total time for which application threads were stopped: 0.0058941 seconds
2016-07-26T14:53:02.432-0530: 155845.627: Total time for which application threads were stopped: 0.0020207 seconds
{Heap before GC invocations=122 (full 11):
 par new generation   total 109248K, used 108830K [0x00000007a0000000, 0x00000007a8000000, 0x00000007a8000000)
  eden space 87424K,  99% used [0x00000007a0000000, 0x00000007a54f7808, 0x00000007a5560000)
  from space 21824K, 100% used [0x00000007a5560000, 0x00000007a6ab0000, 0x00000007a6ab0000)
  to   space 21824K,   0% used [0x00000007a6ab0000, 0x00000007a6ab0000, 0x00000007a8000000)
 concurrent mark-sweep generation total 393216K, used 181795K [0x00000007a8000000, 0x00000007c0000000, 0x00000007c0000000)
 Metaspace       used 31522K, capacity 31874K, committed 32508K, reserved 1077248K
  class space    used 3618K, capacity 3710K, committed 3836K, reserved 1048576K
2016-07-26T14:53:03.024-0530: 155846.219: [GC (Allocation Failure) 155846.235: [ParNew
Desired survivor size 20112992 bytes, new threshold 8 (max 8)
- age   1:   12866000 bytes,   12866000 total
- age   2:       4192 bytes,   12870192 total
- age   3:    3128512 bytes,   15998704 total
: 108830K->21824K(109248K), 0.0083495 secs] 290625K->203766K(502464K), 0.0249379 secs] [Times: user=0.03 sys=0.00, real=0.02 secs] 
Heap after GC invocations=123 (full 11):
 par new generation   total 109248K, used 21824K [0x00000007a0000000, 0x00000007a8000000, 0x00000007a8000000)
  eden space 87424K,   0% used [0x00000007a0000000, 0x00000007a0000000, 0x00000007a5560000)
  from space 21824K, 100% used [0x00000007a6ab0000, 0x00000007a8000000, 0x00000007a8000000)
  to   space 21824K,   0% used [0x00000007a5560000, 0x00000007a5560000, 0x00000007a6ab0000)
 concurrent mark-sweep generation total 393216K, used 181942K [0x00000007a8000000, 0x00000007c0000000, 0x00000007c0000000)
 Metaspace       used 31522K, capacity 31874K, committed 32508K, reserved 1077248K
  class space    used 3618K, capacity 3710K, committed 3836K, reserved 1048576K
}
2016-07-26T14:53:03.049-0530: 155846.244: Total time for which application threads were stopped: 0.0252020 seconds
{Heap before GC invocations=123 (full 11):
 par new generation   total 109248K, used 109248K [0x00000007a0000000, 0x00000007a8000000, 0x00000007a8000000)
  eden space 87424K, 100% used [0x00000007a0000000, 0x00000007a5560000, 0x00000007a5560000)
  from space 21824K, 100% used [0x00000007a6ab0000, 0x00000007a8000000, 0x00000007a8000000)
  to   space 21824K,   0% used [0x00000007a5560000, 0x00000007a5560000, 0x00000007a6ab0000)
 concurrent mark-sweep generation total 393216K, used 181942K [0x00000007a8000000, 0x00000007c0000000, 0x00000007c0000000)
 Metaspace       used 31522K, capacity 31874K, committed 32508K, reserved 1077248K
  class space    used 3618K, capacity 3710K, committed 3836K, reserved 1048576K
2016-07-26T14:53:03.606-0530: 155846.801: [GC (Allocation Failure) 155846.801: [ParNew
Desired survivor size 20112992 bytes, new threshold 4 (max 8)
- age   1:    7866008 bytes,    7866008 total
- age   2:   11303128 bytes,   19169136 total
- age   3:       4192 bytes,   19173328 total
- age   4:    3128448 bytes,   22301776 total
: 109248K->21824K(109248K), 0.0569583 secs] 291190K->213678K(502464K), 0.0575092 secs] [Times: user=0.14 sys=0.03, real=0.06 secs] 
