Java HotSpot(TM) 64-Bit Server VM (25.31-b07) for bsd-amd64 JRE (1.8.0_31-b13), built on Dec 17 2014 20:45:36 by "java_re" with gcc 4.2.1 (Based on Apple Inc. build 5658) (LLVM build 2336.11.00)
Memory: 4k page, physical 4194304k(330716k free)

/proc/meminfo:

CommandLine flags: -XX:CMSInitiatingOccupancyFraction=50 -XX:CMSMaxAbortablePrecleanTime=6000 -XX:+CMSParallelRemarkEnabled -XX:+CMSScavengeBeforeRemark -XX:ConcGCThreads=4 -XX:InitialHeapSize=536870912 -XX:MaxHeapSize=536870912 -XX:MaxTenuringThreshold=8 -XX:NewRatio=3 -XX:OldPLABSize=16 -XX:ParallelGCThreads=4 -XX:+ParallelRefProcEnabled -XX:PretenureSizeThreshold=67108864 -XX:+PrintGC -XX:+PrintGCApplicationStoppedTime -XX:+PrintGCDateStamps -XX:+PrintGCDetails -XX:+PrintGCTimeStamps -XX:+PrintHeapAtGC -XX:+PrintTenuringDistribution -XX:SurvivorRatio=4 -XX:TargetSurvivorRatio=90 -XX:ThreadStackSize=256 -XX:+UseCMSInitiatingOccupancyOnly -XX:+UseCompressedClassPointers -XX:+UseCompressedOops -XX:+UseConcMarkSweepGC -XX:+UseParNewGC 
2016-07-19T13:17:21.210-0530: 0.833: Total time for which application threads were stopped: 0.0001048 seconds
2016-07-19T13:17:22.215-0530: 1.838: Total time for which application threads were stopped: 0.0002467 seconds
2016-07-19T13:17:22.308-0530: 1.931: Total time for which application threads were stopped: 0.0001139 seconds
2016-07-19T13:17:23.160-0530: 2.783: Total time for which application threads were stopped: 0.0001738 seconds
2016-07-19T13:17:23.514-0530: 3.138: Total time for which application threads were stopped: 0.0001536 seconds
2016-07-19T13:17:23.686-0530: 3.309: Total time for which application threads were stopped: 0.0001604 seconds
2016-07-19T13:17:23.710-0530: 3.334: Total time for which application threads were stopped: 0.0002265 seconds
2016-07-19T13:17:23.772-0530: 3.396: Total time for which application threads were stopped: 0.0001756 seconds
{Heap before GC invocations=0 (full 0):
 par new generation   total 109248K, used 87424K [0x00000007a0000000, 0x00000007a8000000, 0x00000007a8000000)
  eden space 87424K, 100% used [0x00000007a0000000, 0x00000007a5560000, 0x00000007a5560000)
  from space 21824K,   0% used [0x00000007a5560000, 0x00000007a5560000, 0x00000007a6ab0000)
  to   space 21824K,   0% used [0x00000007a6ab0000, 0x00000007a6ab0000, 0x00000007a8000000)
 concurrent mark-sweep generation total 393216K, used 0K [0x00000007a8000000, 0x00000007c0000000, 0x00000007c0000000)
 Metaspace       used 10087K, capacity 10268K, committed 10496K, reserved 1058816K
  class space    used 1152K, capacity 1208K, committed 1280K, reserved 1048576K
2016-07-19T13:17:24.325-0530: 3.949: [GC (Allocation Failure) 3.949: [ParNew
Desired survivor size 20112992 bytes, new threshold 8 (max 8)
- age   1:    5289344 bytes,    5289344 total
: 87424K->5223K(109248K), 0.0072447 secs] 87424K->5223K(502464K), 0.0073321 secs] [Times: user=0.02 sys=0.00, real=0.01 secs] 
Heap after GC invocations=1 (full 0):
 par new generation   total 109248K, used 5223K [0x00000007a0000000, 0x00000007a8000000, 0x00000007a8000000)
  eden space 87424K,   0% used [0x00000007a0000000, 0x00000007a0000000, 0x00000007a5560000)
  from space 21824K,  23% used [0x00000007a6ab0000, 0x00000007a6fc9e48, 0x00000007a8000000)
  to   space 21824K,   0% used [0x00000007a5560000, 0x00000007a5560000, 0x00000007a6ab0000)
 concurrent mark-sweep generation total 393216K, used 0K [0x00000007a8000000, 0x00000007c0000000, 0x00000007c0000000)
 Metaspace       used 10087K, capacity 10268K, committed 10496K, reserved 1058816K
  class space    used 1152K, capacity 1208K, committed 1280K, reserved 1048576K
}
2016-07-19T13:17:24.333-0530: 3.956: Total time for which application threads were stopped: 0.0075671 seconds
2016-07-19T13:17:24.490-0530: 4.113: Total time for which application threads were stopped: 0.0002644 seconds
2016-07-19T13:17:24.583-0530: 4.207: Total time for which application threads were stopped: 0.0001840 seconds
2016-07-19T13:17:24.902-0530: 4.525: Total time for which application threads were stopped: 0.0002632 seconds
2016-07-19T13:17:25.845-0530: 5.468: Total time for which application threads were stopped: 0.0002548 seconds
2016-07-19T13:17:25.847-0530: 5.471: Total time for which application threads were stopped: 0.0001928 seconds
2016-07-19T13:17:25.873-0530: 5.496: Total time for which application threads were stopped: 0.0002060 seconds
2016-07-19T13:17:26.800-0530: 6.424: Total time for which application threads were stopped: 0.0002444 seconds
2016-07-19T13:17:26.800-0530: 6.424: Total time for which application threads were stopped: 0.0000751 seconds
2016-07-19T13:17:26.800-0530: 6.424: Total time for which application threads were stopped: 0.0000511 seconds
2016-07-19T13:17:26.801-0530: 6.424: Total time for which application threads were stopped: 0.0000472 seconds
2016-07-19T13:17:26.801-0530: 6.424: Total time for which application threads were stopped: 0.0000922 seconds
2016-07-19T13:17:26.801-0530: 6.424: Total time for which application threads were stopped: 0.0000979 seconds
2016-07-19T13:17:26.801-0530: 6.424: Total time for which application threads were stopped: 0.0000525 seconds
2016-07-19T13:17:26.801-0530: 6.425: Total time for which application threads were stopped: 0.0000488 seconds
2016-07-19T13:17:26.801-0530: 6.425: Total time for which application threads were stopped: 0.0000500 seconds
2016-07-19T13:17:26.801-0530: 6.425: Total time for which application threads were stopped: 0.0000464 seconds
2016-07-19T13:17:26.801-0530: 6.425: Total time for which application threads were stopped: 0.0000459 seconds
2016-07-19T13:17:26.801-0530: 6.425: Total time for which application threads were stopped: 0.0000530 seconds
2016-07-19T13:17:26.802-0530: 6.425: Total time for which application threads were stopped: 0.0000455 seconds
2016-07-19T13:17:26.802-0530: 6.425: Total time for which application threads were stopped: 0.0000456 seconds
2016-07-19T13:17:26.802-0530: 6.425: Total time for which application threads were stopped: 0.0000452 seconds
2016-07-19T13:17:26.802-0530: 6.425: Total time for which application threads were stopped: 0.0000454 seconds
2016-07-19T13:17:26.802-0530: 6.425: Total time for which application threads were stopped: 0.0000453 seconds
2016-07-19T13:17:26.802-0530: 6.425: Total time for which application threads were stopped: 0.0000454 seconds
2016-07-19T13:17:26.802-0530: 6.426: Total time for which application threads were stopped: 0.0000455 seconds
2016-07-19T13:17:26.802-0530: 6.426: Total time for which application threads were stopped: 0.0001031 seconds
2016-07-19T13:17:26.802-0530: 6.426: Total time for which application threads were stopped: 0.0000511 seconds
2016-07-19T13:17:26.802-0530: 6.426: Total time for which application threads were stopped: 0.0000469 seconds
2016-07-19T13:17:26.803-0530: 6.426: Total time for which application threads were stopped: 0.0000469 seconds
2016-07-19T13:17:26.803-0530: 6.426: Total time for which application threads were stopped: 0.0000773 seconds
2016-07-19T13:17:26.803-0530: 6.427: Total time for which application threads were stopped: 0.0000401 seconds
2016-07-19T13:17:26.803-0530: 6.427: Total time for which application threads were stopped: 0.0000398 seconds
2016-07-19T13:17:26.803-0530: 6.427: Total time for which application threads were stopped: 0.0000399 seconds
2016-07-19T13:17:26.803-0530: 6.427: Total time for which application threads were stopped: 0.0000401 seconds
2016-07-19T13:17:26.804-0530: 6.427: Total time for which application threads were stopped: 0.0000366 seconds
2016-07-19T13:17:26.804-0530: 6.427: Total time for which application threads were stopped: 0.0000369 seconds
2016-07-19T13:17:26.804-0530: 6.427: Total time for which application threads were stopped: 0.0000400 seconds
2016-07-19T13:17:26.804-0530: 6.427: Total time for which application threads were stopped: 0.0000362 seconds
2016-07-19T13:17:26.804-0530: 6.427: Total time for which application threads were stopped: 0.0000370 seconds
2016-07-19T13:17:26.804-0530: 6.427: Total time for which application threads were stopped: 0.0000400 seconds
2016-07-19T13:17:26.804-0530: 6.427: Total time for which application threads were stopped: 0.0000359 seconds
2016-07-19T13:17:26.804-0530: 6.428: Total time for which application threads were stopped: 0.0000371 seconds
2016-07-19T13:17:26.804-0530: 6.428: Total time for which application threads were stopped: 0.0000419 seconds
2016-07-19T13:17:26.804-0530: 6.428: Total time for which application threads were stopped: 0.0000402 seconds
2016-07-19T13:17:26.804-0530: 6.428: Total time for which application threads were stopped: 0.0000363 seconds
2016-07-19T13:17:26.804-0530: 6.428: Total time for which application threads were stopped: 0.0000353 seconds
2016-07-19T13:17:26.804-0530: 6.428: Total time for which application threads were stopped: 0.0000370 seconds
2016-07-19T13:17:26.805-0530: 6.428: Total time for which application threads were stopped: 0.0000401 seconds
2016-07-19T13:17:26.805-0530: 6.428: Total time for which application threads were stopped: 0.0000398 seconds
2016-07-19T13:17:26.805-0530: 6.428: Total time for which application threads were stopped: 0.0000991 seconds
2016-07-19T13:17:26.805-0530: 6.429: Total time for which application threads were stopped: 0.0000848 seconds
2016-07-19T13:17:26.806-0530: 6.429: Total time for which application threads were stopped: 0.0000840 seconds
2016-07-19T13:17:26.806-0530: 6.430: Total time for which application threads were stopped: 0.0000520 seconds
2016-07-19T13:17:26.806-0530: 6.430: Total time for which application threads were stopped: 0.0001051 seconds
2016-07-19T13:17:26.806-0530: 6.430: Total time for which application threads were stopped: 0.0000911 seconds
2016-07-19T13:17:26.807-0530: 6.430: Total time for which application threads were stopped: 0.0000869 seconds
2016-07-19T13:17:26.807-0530: 6.430: Total time for which application threads were stopped: 0.0000809 seconds
2016-07-19T13:17:26.910-0530: 6.534: Total time for which application threads were stopped: 0.0003478 seconds
2016-07-19T13:17:26.922-0530: 6.545: Total time for which application threads were stopped: 0.0002328 seconds
2016-07-19T13:17:26.923-0530: 6.546: Total time for which application threads were stopped: 0.0001549 seconds
2016-07-19T13:17:26.924-0530: 6.547: Total time for which application threads were stopped: 0.0001316 seconds
2016-07-19T13:17:26.925-0530: 6.548: Total time for which application threads were stopped: 0.0001091 seconds
2016-07-19T13:17:26.963-0530: 6.587: Total time for which application threads were stopped: 0.0002057 seconds
2016-07-19T13:17:26.964-0530: 6.588: Total time for which application threads were stopped: 0.0002152 seconds
2016-07-19T13:17:26.987-0530: 6.610: Total time for which application threads were stopped: 0.0000950 seconds
2016-07-19T13:17:26.987-0530: 6.610: Total time for which application threads were stopped: 0.0000564 seconds
2016-07-19T13:17:26.987-0530: 6.610: Total time for which application threads were stopped: 0.0000627 seconds
2016-07-19T13:17:27.021-0530: 6.645: Total time for which application threads were stopped: 0.0003639 seconds
2016-07-19T13:17:27.050-0530: 6.673: Total time for which application threads were stopped: 0.0001246 seconds
2016-07-19T13:17:27.050-0530: 6.673: Total time for which application threads were stopped: 0.0000739 seconds
2016-07-19T13:17:27.050-0530: 6.674: Total time for which application threads were stopped: 0.0000531 seconds
2016-07-19T13:17:27.064-0530: 6.687: Total time for which application threads were stopped: 0.0001478 seconds
2016-07-19T13:17:27.064-0530: 6.688: Total time for which application threads were stopped: 0.0000967 seconds
2016-07-19T13:17:27.064-0530: 6.688: Total time for which application threads were stopped: 0.0000738 seconds
2016-07-19T13:17:27.065-0530: 6.688: Total time for which application threads were stopped: 0.0000606 seconds
2016-07-19T13:17:27.083-0530: 6.707: Total time for which application threads were stopped: 0.0001686 seconds
2016-07-19T13:17:27.090-0530: 6.714: Total time for which application threads were stopped: 0.0001111 seconds
2016-07-19T13:17:27.090-0530: 6.714: Total time for which application threads were stopped: 0.0000615 seconds
2016-07-19T13:17:27.169-0530: 6.793: Total time for which application threads were stopped: 0.0001016 seconds
2016-07-19T13:17:27.170-0530: 6.793: Total time for which application threads were stopped: 0.0000486 seconds
2016-07-19T13:17:27.170-0530: 6.793: Total time for which application threads were stopped: 0.0000400 seconds
2016-07-19T13:17:27.188-0530: 6.812: Total time for which application threads were stopped: 0.0001101 seconds
2016-07-19T13:17:27.243-0530: 6.866: Total time for which application threads were stopped: 0.0000827 seconds
2016-07-19T13:17:27.243-0530: 6.866: Total time for which application threads were stopped: 0.0000530 seconds
2016-07-19T13:17:27.243-0530: 6.867: Total time for which application threads were stopped: 0.0000522 seconds
2016-07-19T13:17:27.254-0530: 6.878: Total time for which application threads were stopped: 0.0002712 seconds
2016-07-19T13:17:27.281-0530: 6.905: Total time for which application threads were stopped: 0.0000773 seconds
2016-07-19T13:17:27.282-0530: 6.905: Total time for which application threads were stopped: 0.0000525 seconds
2016-07-19T13:17:27.282-0530: 6.905: Total time for which application threads were stopped: 0.0000521 seconds
2016-07-19T13:17:27.282-0530: 6.906: Total time for which application threads were stopped: 0.0000488 seconds
2016-07-19T13:17:27.324-0530: 6.947: Total time for which application threads were stopped: 0.0000705 seconds
2016-07-19T13:17:27.324-0530: 6.948: Total time for which application threads were stopped: 0.0000502 seconds
2016-07-19T13:17:27.324-0530: 6.948: Total time for which application threads were stopped: 0.0000351 seconds
2016-07-19T13:17:27.338-0530: 6.961: Total time for which application threads were stopped: 0.0000917 seconds
2016-07-19T13:17:27.342-0530: 6.965: Total time for which application threads were stopped: 0.0000754 seconds
2016-07-19T13:17:27.342-0530: 6.966: Total time for which application threads were stopped: 0.0000648 seconds
2016-07-19T13:17:27.342-0530: 6.966: Total time for which application threads were stopped: 0.0000471 seconds
2016-07-19T13:17:27.343-0530: 6.966: Total time for which application threads were stopped: 0.0000608 seconds
2016-07-19T13:17:27.377-0530: 7.001: Total time for which application threads were stopped: 0.0001128 seconds
2016-07-19T13:17:27.378-0530: 7.001: Total time for which application threads were stopped: 0.0000699 seconds
2016-07-19T13:17:27.378-0530: 7.001: Total time for which application threads were stopped: 0.0000438 seconds
2016-07-19T13:17:27.378-0530: 7.001: Total time for which application threads were stopped: 0.0000506 seconds
2016-07-19T13:17:27.378-0530: 7.001: Total time for which application threads were stopped: 0.0000378 seconds
2016-07-19T13:17:27.378-0530: 7.002: Total time for which application threads were stopped: 0.0000396 seconds
2016-07-19T13:17:27.378-0530: 7.002: Total time for which application threads were stopped: 0.0001017 seconds
2016-07-19T13:17:27.378-0530: 7.002: Total time for which application threads were stopped: 0.0000574 seconds
2016-07-19T13:17:27.654-0530: 7.278: Total time for which application threads were stopped: 0.0001172 seconds
2016-07-19T13:17:27.654-0530: 7.278: Total time for which application threads were stopped: 0.0000575 seconds
2016-07-19T13:17:27.655-0530: 7.278: Total time for which application threads were stopped: 0.0000934 seconds
2016-07-19T13:17:27.675-0530: 7.298: Total time for which application threads were stopped: 0.0001417 seconds
2016-07-19T13:17:27.695-0530: 7.319: Total time for which application threads were stopped: 0.0000809 seconds
2016-07-19T13:17:27.695-0530: 7.319: Total time for which application threads were stopped: 0.0000463 seconds
2016-07-19T13:17:27.696-0530: 7.319: Total time for which application threads were stopped: 0.0000427 seconds
2016-07-19T13:17:27.701-0530: 7.324: Total time for which application threads were stopped: 0.0001046 seconds
2016-07-19T13:17:27.735-0530: 7.359: Total time for which application threads were stopped: 0.0000845 seconds
2016-07-19T13:17:27.735-0530: 7.359: Total time for which application threads were stopped: 0.0000338 seconds
2016-07-19T13:17:27.736-0530: 7.359: Total time for which application threads were stopped: 0.0000341 seconds
2016-07-19T13:17:27.742-0530: 7.366: Total time for which application threads were stopped: 0.0000908 seconds
{Heap before GC invocations=1 (full 0):
 par new generation   total 109248K, used 92647K [0x00000007a0000000, 0x00000007a8000000, 0x00000007a8000000)
  eden space 87424K, 100% used [0x00000007a0000000, 0x00000007a5560000, 0x00000007a5560000)
  from space 21824K,  23% used [0x00000007a6ab0000, 0x00000007a6fc9e48, 0x00000007a8000000)
  to   space 21824K,   0% used [0x00000007a5560000, 0x00000007a5560000, 0x00000007a6ab0000)
 concurrent mark-sweep generation total 393216K, used 0K [0x00000007a8000000, 0x00000007c0000000, 0x00000007c0000000)
 Metaspace       used 18262K, capacity 18520K, committed 18688K, reserved 1064960K
  class space    used 2157K, capacity 2251K, committed 2304K, reserved 1048576K
2016-07-19T13:17:27.795-0530: 7.419: [GC (Allocation Failure) 7.419: [ParNew
Desired survivor size 20112992 bytes, new threshold 8 (max 8)
- age   1:    7546560 bytes,    7546560 total
- age   2:    2473536 bytes,   10020096 total
: 92647K->11500K(109248K), 0.0124541 secs] 92647K->11500K(502464K), 0.0125458 secs] [Times: user=0.03 sys=0.01, real=0.01 secs] 
Heap after GC invocations=2 (full 0):
 par new generation   total 109248K, used 11500K [0x00000007a0000000, 0x00000007a8000000, 0x00000007a8000000)
  eden space 87424K,   0% used [0x00000007a0000000, 0x00000007a0000000, 0x00000007a5560000)
  from space 21824K,  52% used [0x00000007a5560000, 0x00000007a609b1d0, 0x00000007a6ab0000)
  to   space 21824K,   0% used [0x00000007a6ab0000, 0x00000007a6ab0000, 0x00000007a8000000)
 concurrent mark-sweep generation total 393216K, used 0K [0x00000007a8000000, 0x00000007c0000000, 0x00000007c0000000)
 Metaspace       used 18262K, capacity 18520K, committed 18688K, reserved 1064960K
  class space    used 2157K, capacity 2251K, committed 2304K, reserved 1048576K
}
2016-07-19T13:17:27.808-0530: 7.431: Total time for which application threads were stopped: 0.0127451 seconds
2016-07-19T13:17:27.813-0530: 7.436: Total time for which application threads were stopped: 0.0001325 seconds
2016-07-19T13:17:27.817-0530: 7.441: Total time for which application threads were stopped: 0.0001799 seconds
2016-07-19T13:17:27.818-0530: 7.441: Total time for which application threads were stopped: 0.0006369 seconds
2016-07-19T13:17:27.818-0530: 7.441: Total time for which application threads were stopped: 0.0000878 seconds
2016-07-19T13:17:27.818-0530: 7.441: Total time for which application threads were stopped: 0.0000552 seconds
2016-07-19T13:17:27.818-0530: 7.442: Total time for which application threads were stopped: 0.0000579 seconds
2016-07-19T13:17:27.818-0530: 7.442: Total time for which application threads were stopped: 0.0000588 seconds
2016-07-19T13:17:27.818-0530: 7.442: Total time for which application threads were stopped: 0.0000691 seconds
2016-07-19T13:17:27.818-0530: 7.442: Total time for which application threads were stopped: 0.0000548 seconds
2016-07-19T13:17:27.818-0530: 7.442: Total time for which application threads were stopped: 0.0000536 seconds
2016-07-19T13:17:27.818-0530: 7.442: Total time for which application threads were stopped: 0.0000556 seconds
2016-07-19T13:17:27.819-0530: 7.442: Total time for which application threads were stopped: 0.0000552 seconds
2016-07-19T13:17:27.819-0530: 7.442: Total time for which application threads were stopped: 0.0000552 seconds
2016-07-19T13:17:27.819-0530: 7.442: Total time for which application threads were stopped: 0.0000557 seconds
2016-07-19T13:17:27.820-0530: 7.443: Total time for which application threads were stopped: 0.0000864 seconds
2016-07-19T13:17:27.821-0530: 7.445: Total time for which application threads were stopped: 0.0001950 seconds
2016-07-19T13:17:27.822-0530: 7.446: Total time for which application threads were stopped: 0.0000977 seconds
2016-07-19T13:17:27.822-0530: 7.446: Total time for which application threads were stopped: 0.0000392 seconds
2016-07-19T13:17:27.822-0530: 7.446: Total time for which application threads were stopped: 0.0000648 seconds
2016-07-19T13:17:27.822-0530: 7.446: Total time for which application threads were stopped: 0.0000369 seconds
2016-07-19T13:17:27.823-0530: 7.446: Total time for which application threads were stopped: 0.0001267 seconds
2016-07-19T13:17:27.825-0530: 7.449: Total time for which application threads were stopped: 0.0001154 seconds
2016-07-19T13:17:27.850-0530: 7.473: Total time for which application threads were stopped: 0.0000833 seconds
2016-07-19T13:17:27.850-0530: 7.474: Total time for which application threads were stopped: 0.0000363 seconds
2016-07-19T13:17:27.850-0530: 7.474: Total time for which application threads were stopped: 0.0000327 seconds
2016-07-19T13:17:27.850-0530: 7.474: Total time for which application threads were stopped: 0.0000326 seconds
2016-07-19T13:17:27.850-0530: 7.474: Total time for which application threads were stopped: 0.0000317 seconds
2016-07-19T13:17:27.850-0530: 7.474: Total time for which application threads were stopped: 0.0000316 seconds
2016-07-19T13:17:27.850-0530: 7.474: Total time for which application threads were stopped: 0.0000317 seconds
2016-07-19T13:17:27.850-0530: 7.474: Total time for which application threads were stopped: 0.0000316 seconds
2016-07-19T13:17:27.851-0530: 7.474: Total time for which application threads were stopped: 0.0000322 seconds
2016-07-19T13:17:27.851-0530: 7.474: Total time for which application threads were stopped: 0.0000317 seconds
2016-07-19T13:17:27.851-0530: 7.474: Total time for which application threads were stopped: 0.0000315 seconds
2016-07-19T13:17:27.851-0530: 7.474: Total time for which application threads were stopped: 0.0000901 seconds
2016-07-19T13:17:28.015-0530: 7.639: Total time for which application threads were stopped: 0.0004365 seconds
2016-07-19T13:17:28.066-0530: 7.690: Total time for which application threads were stopped: 0.0003497 seconds
2016-07-19T13:17:28.123-0530: 7.747: Total time for which application threads were stopped: 0.0002315 seconds
2016-07-19T13:17:28.139-0530: 7.762: Total time for which application threads were stopped: 0.0001278 seconds
2016-07-19T13:17:28.139-0530: 7.763: Total time for which application threads were stopped: 0.0000920 seconds
2016-07-19T13:17:28.139-0530: 7.763: Total time for which application threads were stopped: 0.0001004 seconds
2016-07-19T13:17:28.171-0530: 7.795: Total time for which application threads were stopped: 0.0001209 seconds
2016-07-19T13:17:28.266-0530: 7.890: Total time for which application threads were stopped: 0.0000893 seconds
2016-07-19T13:17:28.266-0530: 7.890: Total time for which application threads were stopped: 0.0000396 seconds
2016-07-19T13:17:28.305-0530: 7.928: Total time for which application threads were stopped: 0.0000737 seconds
2016-07-19T13:17:28.305-0530: 7.928: Total time for which application threads were stopped: 0.0000353 seconds
2016-07-19T13:17:28.305-0530: 7.928: Total time for which application threads were stopped: 0.0000436 seconds
2016-07-19T13:17:28.309-0530: 7.933: Total time for which application threads were stopped: 0.0000669 seconds
2016-07-19T13:17:28.414-0530: 8.038: Total time for which application threads were stopped: 0.0000773 seconds
2016-07-19T13:17:28.685-0530: 8.309: Total time for which application threads were stopped: 0.0003025 seconds
2016-07-19T13:17:28.708-0530: 8.332: Total time for which application threads were stopped: 0.0000679 seconds
2016-07-19T13:17:28.710-0530: 8.333: Total time for which application threads were stopped: 0.0000466 seconds
2016-07-19T13:17:28.803-0530: 8.427: Total time for which application threads were stopped: 0.0000808 seconds
2016-07-19T13:17:28.862-0530: 8.486: Total time for which application threads were stopped: 0.0000847 seconds
2016-07-19T13:17:28.862-0530: 8.486: Total time for which application threads were stopped: 0.0000510 seconds
2016-07-19T13:17:28.862-0530: 8.486: Total time for which application threads were stopped: 0.0000510 seconds
2016-07-19T13:17:28.874-0530: 8.497: Total time for which application threads were stopped: 0.0001025 seconds
2016-07-19T13:17:28.893-0530: 8.516: Total time for which application threads were stopped: 0.0002104 seconds
2016-07-19T13:17:28.930-0530: 8.553: Total time for which application threads were stopped: 0.0002363 seconds
2016-07-19T13:17:28.964-0530: 8.588: Total time for which application threads were stopped: 0.0000916 seconds
2016-07-19T13:17:29.091-0530: 8.714: Total time for which application threads were stopped: 0.0000971 seconds
2016-07-19T13:17:29.103-0530: 8.727: Total time for which application threads were stopped: 0.0001904 seconds
{Heap before GC invocations=2 (full 0):
 par new generation   total 109248K, used 98924K [0x00000007a0000000, 0x00000007a8000000, 0x00000007a8000000)
  eden space 87424K, 100% used [0x00000007a0000000, 0x00000007a5560000, 0x00000007a5560000)
  from space 21824K,  52% used [0x00000007a5560000, 0x00000007a609b1d0, 0x00000007a6ab0000)
  to   space 21824K,   0% used [0x00000007a6ab0000, 0x00000007a6ab0000, 0x00000007a8000000)
 concurrent mark-sweep generation total 393216K, used 0K [0x00000007a8000000, 0x00000007c0000000, 0x00000007c0000000)
 Metaspace       used 21593K, capacity 21842K, committed 21960K, reserved 1069056K
  class space    used 2586K, capacity 2678K, committed 2684K, reserved 1048576K
2016-07-19T13:17:29.141-0530: 8.765: [GC (Allocation Failure) 8.765: [ParNew
Desired survivor size 20112992 bytes, new threshold 8 (max 8)
- age   1:    2774144 bytes,    2774144 total
- age   2:    2192520 bytes,    4966664 total
- age   3:    2471000 bytes,    7437664 total
: 98924K->12240K(109248K), 0.0091865 secs] 98924K->12240K(502464K), 0.0092385 secs] [Times: user=0.03 sys=0.01, real=0.01 secs] 
Heap after GC invocations=3 (full 0):
 par new generation   total 109248K, used 12240K [0x00000007a0000000, 0x00000007a8000000, 0x00000007a8000000)
  eden space 87424K,   0% used [0x00000007a0000000, 0x00000007a0000000, 0x00000007a5560000)
  from space 21824K,  56% used [0x00000007a6ab0000, 0x00000007a76a4210, 0x00000007a8000000)
  to   space 21824K,   0% used [0x00000007a5560000, 0x00000007a5560000, 0x00000007a6ab0000)
 concurrent mark-sweep generation total 393216K, used 0K [0x00000007a8000000, 0x00000007c0000000, 0x00000007c0000000)
 Metaspace       used 21593K, capacity 21842K, committed 21960K, reserved 1069056K
  class space    used 2586K, capacity 2678K, committed 2684K, reserved 1048576K
}
2016-07-19T13:17:29.151-0530: 8.774: Total time for which application threads were stopped: 0.0094576 seconds
2016-07-19T13:17:29.151-0530: 8.775: [GC (CMS Initial Mark) [1 CMS-initial-mark: 0K(393216K)] 13097K(502464K), 0.0020460 secs] [Times: user=0.00 sys=0.00, real=0.00 secs] 
2016-07-19T13:17:29.153-0530: 8.777: Total time for which application threads were stopped: 0.0022260 seconds
2016-07-19T13:17:29.153-0530: 8.777: [CMS-concurrent-mark-start]
2016-07-19T13:17:29.155-0530: 8.778: [CMS-concurrent-mark: 0.001/0.001 secs] [Times: user=0.01 sys=0.00, real=0.00 secs] 
2016-07-19T13:17:29.155-0530: 8.778: [CMS-concurrent-preclean-start]
2016-07-19T13:17:29.156-0530: 8.780: [CMS-concurrent-preclean: 0.001/0.001 secs] [Times: user=0.00 sys=0.00, real=0.00 secs] 
2016-07-19T13:17:29.156-0530: 8.780: Total time for which application threads were stopped: 0.0001010 seconds
2016-07-19T13:17:29.158-0530: 8.781: [GC (CMS Final Remark) [YG occupancy: 13097 K (109248 K)]{Heap before GC invocations=3 (full 1):
 par new generation   total 109248K, used 13097K [0x00000007a0000000, 0x00000007a8000000, 0x00000007a8000000)
  eden space 87424K,   0% used [0x00000007a0000000, 0x00000007a00d6388, 0x00000007a5560000)
  from space 21824K,  56% used [0x00000007a6ab0000, 0x00000007a76a4210, 0x00000007a8000000)
  to   space 21824K,   0% used [0x00000007a5560000, 0x00000007a5560000, 0x00000007a6ab0000)
 concurrent mark-sweep generation total 393216K, used 0K [0x00000007a8000000, 0x00000007c0000000, 0x00000007c0000000)
 Metaspace       used 21623K, capacity 21906K, committed 22216K, reserved 1069056K
  class space    used 2594K, capacity 2678K, committed 2684K, reserved 1048576K
2016-07-19T13:17:29.158-0530: 8.781: [GC (CMS Final Remark) 8.781: [ParNew
Desired survivor size 20112992 bytes, new threshold 8 (max 8)
- age   1:      49888 bytes,      49888 total
- age   2:     501952 bytes,     551840 total
- age   3:    2192552 bytes,    2744392 total
- age   4:    2471024 bytes,    5215416 total
: 13097K->6747K(109248K), 0.0082369 secs] 13097K->6747K(502464K), 0.0083022 secs] [Times: user=0.02 sys=0.00, real=0.01 secs] 
Heap after GC invocations=4 (full 1):
 par new generation   total 109248K, used 6747K [0x00000007a0000000, 0x00000007a8000000, 0x00000007a8000000)
  eden space 87424K,   0% used [0x00000007a0000000, 0x00000007a0000000, 0x00000007a5560000)
  from space 21824K,  30% used [0x00000007a5560000, 0x00000007a5bf6f58, 0x00000007a6ab0000)
  to   space 21824K,   0% used [0x00000007a6ab0000, 0x00000007a6ab0000, 0x00000007a8000000)
 concurrent mark-sweep generation total 393216K, used 0K [0x00000007a8000000, 0x00000007c0000000, 0x00000007c0000000)
 Metaspace       used 21623K, capacity 21906K, committed 22216K, reserved 1069056K
  class space    used 2594K, capacity 2678K, committed 2684K, reserved 1048576K
}
8.790: [Rescan (parallel) , 0.0022419 secs]8.792: [weak refs processing, 0.0022559 secs]8.794: [class unloading, 0.0079701 secs]8.802: [scrub symbol table, 0.0033458 secs]8.806: [scrub string table, 0.0002950 secs][1 CMS-remark: 0K(393216K)] 6747K(502464K), 0.0267661 secs] [Times: user=0.05 sys=0.00, real=0.03 secs] 
2016-07-19T13:17:29.185-0530: 8.808: Total time for which application threads were stopped: 0.0269051 seconds
2016-07-19T13:17:29.185-0530: 8.808: [CMS-concurrent-sweep-start]
2016-07-19T13:17:29.185-0530: 8.808: [CMS-concurrent-sweep: 0.000/0.000 secs] [Times: user=0.00 sys=0.00, real=0.00 secs] 
2016-07-19T13:17:29.185-0530: 8.808: [CMS-concurrent-reset-start]
2016-07-19T13:17:29.189-0530: 8.813: [CMS-concurrent-reset: 0.004/0.004 secs] [Times: user=0.01 sys=0.00, real=0.00 secs] 
2016-07-19T13:17:29.261-0530: 8.884: Total time for which application threads were stopped: 0.0000774 seconds
2016-07-19T13:17:29.261-0530: 8.884: Total time for which application threads were stopped: 0.0000336 seconds
2016-07-19T13:17:29.261-0530: 8.884: Total time for which application threads were stopped: 0.0000297 seconds
2016-07-19T13:17:29.273-0530: 8.896: Total time for which application threads were stopped: 0.0000743 seconds
2016-07-19T13:17:29.317-0530: 8.940: Total time for which application threads were stopped: 0.0000744 seconds
2016-07-19T13:17:29.317-0530: 8.940: Total time for which application threads were stopped: 0.0000327 seconds
2016-07-19T13:17:29.425-0530: 9.049: Total time for which application threads were stopped: 0.0000994 seconds
2016-07-19T13:17:29.425-0530: 9.049: Total time for which application threads were stopped: 0.0000925 seconds
2016-07-19T13:17:29.426-0530: 9.049: Total time for which application threads were stopped: 0.0001014 seconds
2016-07-19T13:17:29.427-0530: 9.051: Total time for which application threads were stopped: 0.0000589 seconds
2016-07-19T13:17:29.429-0530: 9.053: Total time for which application threads were stopped: 0.0000590 seconds
2016-07-19T13:17:29.429-0530: 9.053: Total time for which application threads were stopped: 0.0000469 seconds
2016-07-19T13:17:29.429-0530: 9.053: Total time for which application threads were stopped: 0.0000454 seconds
2016-07-19T13:17:29.430-0530: 9.053: Total time for which application threads were stopped: 0.0000674 seconds
2016-07-19T13:17:29.506-0530: 9.130: Total time for which application threads were stopped: 0.0000899 seconds
2016-07-19T13:17:29.547-0530: 9.171: Total time for which application threads were stopped: 0.0001016 seconds
2016-07-19T13:17:30.525-0530: 10.149: Total time for which application threads were stopped: 0.0003930 seconds
2016-07-19T13:17:31.541-0530: 11.165: Total time for which application threads were stopped: 0.0156447 seconds
2016-07-19T13:17:31.949-0530: 11.572: Total time for which application threads were stopped: 0.0000785 seconds
2016-07-19T13:17:31.949-0530: 11.572: Total time for which application threads were stopped: 0.0000463 seconds
2016-07-19T13:17:31.949-0530: 11.572: Total time for which application threads were stopped: 0.0000982 seconds
2016-07-19T13:17:31.953-0530: 11.576: Total time for which application threads were stopped: 0.0000919 seconds
2016-07-19T13:17:31.983-0530: 11.607: Total time for which application threads were stopped: 0.0001152 seconds
2016-07-19T13:17:31.983-0530: 11.607: Total time for which application threads were stopped: 0.0000488 seconds
2016-07-19T13:17:31.994-0530: 11.617: Total time for which application threads were stopped: 0.0001129 seconds
2016-07-19T13:17:32.105-0530: 11.729: Total time for which application threads were stopped: 0.0001559 seconds
2016-07-19T13:17:32.106-0530: 11.729: Total time for which application threads were stopped: 0.0001007 seconds
2016-07-19T13:17:32.116-0530: 11.740: Total time for which application threads were stopped: 0.0001868 seconds
2016-07-19T13:17:32.279-0530: 11.903: Total time for which application threads were stopped: 0.0001334 seconds
2016-07-19T13:17:32.279-0530: 11.903: Total time for which application threads were stopped: 0.0000846 seconds
2016-07-19T13:17:32.280-0530: 11.903: Total time for which application threads were stopped: 0.0000937 seconds
2016-07-19T13:17:32.455-0530: 12.079: Total time for which application threads were stopped: 0.0001272 seconds
2016-07-19T13:17:32.456-0530: 12.079: Total time for which application threads were stopped: 0.0000532 seconds
2016-07-19T13:17:56.372-0530: 35.996: Total time for which application threads were stopped: 0.0000702 seconds
2016-07-19T13:17:56.372-0530: 35.996: Total time for which application threads were stopped: 0.0000525 seconds
2016-07-19T13:17:56.385-0530: 36.009: Total time for which application threads were stopped: 0.0000714 seconds
2016-07-19T13:17:56.385-0530: 36.009: Total time for which application threads were stopped: 0.0000403 seconds
2016-07-19T13:17:56.385-0530: 36.009: Total time for which application threads were stopped: 0.0000791 seconds
2016-07-19T13:17:56.385-0530: 36.010: Total time for which application threads were stopped: 0.0000387 seconds
2016-07-19T13:17:56.385-0530: 36.010: Total time for which application threads were stopped: 0.0000380 seconds
2016-07-19T13:17:56.385-0530: 36.010: Total time for which application threads were stopped: 0.0000381 seconds
2016-07-19T13:17:56.386-0530: 36.010: Total time for which application threads were stopped: 0.0000370 seconds
2016-07-19T13:17:56.386-0530: 36.010: Total time for which application threads were stopped: 0.0000373 seconds
2016-07-19T13:17:56.386-0530: 36.010: Total time for which application threads were stopped: 0.0000631 seconds
2016-07-19T13:17:56.386-0530: 36.010: Total time for which application threads were stopped: 0.0000391 seconds
2016-07-19T13:17:56.386-0530: 36.010: Total time for which application threads were stopped: 0.0000363 seconds
2016-07-19T13:17:56.386-0530: 36.010: Total time for which application threads were stopped: 0.0000377 seconds
2016-07-19T13:17:56.386-0530: 36.010: Total time for which application threads were stopped: 0.0000384 seconds
2016-07-19T13:17:56.386-0530: 36.011: Total time for which application threads were stopped: 0.0000372 seconds
2016-07-19T13:17:56.386-0530: 36.011: Total time for which application threads were stopped: 0.0000354 seconds
2016-07-19T13:17:56.386-0530: 36.011: Total time for which application threads were stopped: 0.0000376 seconds
2016-07-19T13:17:56.386-0530: 36.011: Total time for which application threads were stopped: 0.0000392 seconds
2016-07-19T13:17:56.387-0530: 36.011: Total time for which application threads were stopped: 0.0000348 seconds
2016-07-19T13:17:56.387-0530: 36.011: Total time for which application threads were stopped: 0.0000371 seconds
2016-07-19T13:17:56.387-0530: 36.011: Total time for which application threads were stopped: 0.0001132 seconds
2016-07-19T13:17:56.389-0530: 36.013: Total time for which application threads were stopped: 0.0000865 seconds
2016-07-19T13:17:56.390-0530: 36.015: Total time for which application threads were stopped: 0.0000735 seconds
2016-07-19T13:17:56.426-0530: 36.050: Total time for which application threads were stopped: 0.0000976 seconds
2016-07-19T13:17:56.434-0530: 36.059: Total time for which application threads were stopped: 0.0000872 seconds
2016-07-19T13:17:56.435-0530: 36.059: Total time for which application threads were stopped: 0.0000479 seconds
2016-07-19T13:17:56.473-0530: 36.097: Total time for which application threads were stopped: 0.0000887 seconds
2016-07-19T13:17:56.473-0530: 36.098: Total time for which application threads were stopped: 0.0000481 seconds
2016-07-19T13:17:56.496-0530: 36.120: Total time for which application threads were stopped: 0.0000748 seconds
2016-07-19T13:17:56.496-0530: 36.120: Total time for which application threads were stopped: 0.0000440 seconds
2016-07-19T13:17:56.497-0530: 36.121: Total time for which application threads were stopped: 0.0000503 seconds
2016-07-19T13:17:56.500-0530: 36.125: Total time for which application threads were stopped: 0.0000552 seconds
2016-07-19T13:17:56.500-0530: 36.125: Total time for which application threads were stopped: 0.0000388 seconds
2016-07-19T13:17:56.528-0530: 36.153: Total time for which application threads were stopped: 0.0000709 seconds
2016-07-19T13:17:56.529-0530: 36.153: Total time for which application threads were stopped: 0.0000501 seconds
2016-07-19T13:17:56.561-0530: 36.185: Total time for which application threads were stopped: 0.0000754 seconds
2016-07-19T13:17:56.668-0530: 36.292: Total time for which application threads were stopped: 0.0000713 seconds
2016-07-19T13:17:56.669-0530: 36.293: Total time for which application threads were stopped: 0.0000486 seconds
2016-07-19T13:17:56.783-0530: 36.407: Total time for which application threads were stopped: 0.0000831 seconds
2016-07-19T13:17:56.923-0530: 36.547: Total time for which application threads were stopped: 0.0050009 seconds
2016-07-19T13:17:56.931-0530: 36.556: Total time for which application threads were stopped: 0.0079434 seconds
2016-07-19T13:17:56.940-0530: 36.564: Total time for which application threads were stopped: 0.0081392 seconds
2016-07-19T13:17:56.950-0530: 36.575: Total time for which application threads were stopped: 0.0103904 seconds
2016-07-19T13:17:56.965-0530: 36.589: Total time for which application threads were stopped: 0.0137998 seconds
2016-07-19T13:17:57.023-0530: 36.647: Total time for which application threads were stopped: 0.0569574 seconds
2016-07-19T13:17:57.030-0530: 36.655: Total time for which application threads were stopped: 0.0031157 seconds
2016-07-19T13:17:57.030-0530: 36.655: Total time for which application threads were stopped: 0.0000706 seconds
2016-07-19T13:17:57.039-0530: 36.664: Total time for which application threads were stopped: 0.0082280 seconds
2016-07-19T13:17:57.053-0530: 36.678: Total time for which application threads were stopped: 0.0107681 seconds
2016-07-19T13:17:57.142-0530: 36.767: Total time for which application threads were stopped: 0.0001892 seconds
2016-07-19T13:17:57.143-0530: 36.767: Total time for which application threads were stopped: 0.0001560 seconds
2016-07-19T13:17:57.150-0530: 36.774: Total time for which application threads were stopped: 0.0000971 seconds
2016-07-19T13:17:57.150-0530: 36.774: Total time for which application threads were stopped: 0.0000417 seconds
2016-07-19T13:17:57.150-0530: 36.774: Total time for which application threads were stopped: 0.0000424 seconds
2016-07-19T13:17:57.151-0530: 36.775: Total time for which application threads were stopped: 0.0000716 seconds
2016-07-19T13:17:57.153-0530: 36.777: Total time for which application threads were stopped: 0.0001092 seconds
2016-07-19T13:17:57.154-0530: 36.778: Total time for which application threads were stopped: 0.0001155 seconds
2016-07-19T13:17:57.154-0530: 36.778: Total time for which application threads were stopped: 0.0000891 seconds
2016-07-19T13:17:57.221-0530: 36.845: Total time for which application threads were stopped: 0.0058415 seconds
2016-07-19T13:17:57.221-0530: 36.845: Total time for which application threads were stopped: 0.0000806 seconds
2016-07-19T13:17:57.250-0530: 36.875: Total time for which application threads were stopped: 0.0284934 seconds
2016-07-19T13:17:57.251-0530: 36.875: Total time for which application threads were stopped: 0.0001119 seconds
2016-07-19T13:17:57.273-0530: 36.898: Total time for which application threads were stopped: 0.0213501 seconds
2016-07-19T13:17:57.274-0530: 36.899: Total time for which application threads were stopped: 0.0006498 seconds
2016-07-19T13:17:57.274-0530: 36.899: Total time for which application threads were stopped: 0.0001530 seconds
2016-07-19T13:17:57.275-0530: 36.899: Total time for which application threads were stopped: 0.0001149 seconds
2016-07-19T13:17:57.294-0530: 36.918: Total time for which application threads were stopped: 0.0189118 seconds
2016-07-19T13:17:57.296-0530: 36.921: Total time for which application threads were stopped: 0.0001984 seconds
2016-07-19T13:17:57.314-0530: 36.939: Total time for which application threads were stopped: 0.0173693 seconds
2016-07-19T13:17:57.335-0530: 36.959: Total time for which application threads were stopped: 0.0185206 seconds
2016-07-19T13:17:57.364-0530: 36.988: Total time for which application threads were stopped: 0.0275884 seconds
2016-07-19T13:17:57.418-0530: 37.042: Total time for which application threads were stopped: 0.0511280 seconds
2016-07-19T13:17:57.431-0530: 37.055: Total time for which application threads were stopped: 0.0094405 seconds
2016-07-19T13:17:57.447-0530: 37.072: Total time for which application threads were stopped: 0.0159802 seconds
2016-07-19T13:17:57.452-0530: 37.076: Total time for which application threads were stopped: 0.0001836 seconds
2016-07-19T13:17:57.472-0530: 37.096: Total time for which application threads were stopped: 0.0187263 seconds
2016-07-19T13:17:57.490-0530: 37.114: Total time for which application threads were stopped: 0.0053936 seconds
2016-07-19T13:17:57.490-0530: 37.114: Total time for which application threads were stopped: 0.0001011 seconds
2016-07-19T13:17:57.505-0530: 37.129: Total time for which application threads were stopped: 0.0139394 seconds
2016-07-19T13:17:57.520-0530: 37.144: Total time for which application threads were stopped: 0.0142712 seconds
2016-07-19T13:17:57.533-0530: 37.158: Total time for which application threads were stopped: 0.0122728 seconds
2016-07-19T13:17:57.534-0530: 37.159: Total time for which application threads were stopped: 0.0003354 seconds
2016-07-19T13:17:57.535-0530: 37.159: Total time for which application threads were stopped: 0.0001634 seconds
2016-07-19T13:17:57.559-0530: 37.183: Total time for which application threads were stopped: 0.0233988 seconds
2016-07-19T13:17:57.588-0530: 37.212: Total time for which application threads were stopped: 0.0287338 seconds
2016-07-19T13:17:57.652-0530: 37.276: Total time for which application threads were stopped: 0.0627133 seconds
2016-07-19T13:17:57.652-0530: 37.276: Total time for which application threads were stopped: 0.0002108 seconds
2016-07-19T13:17:57.653-0530: 37.278: Total time for which application threads were stopped: 0.0001308 seconds
2016-07-19T13:17:57.686-0530: 37.310: Total time for which application threads were stopped: 0.0321295 seconds
2016-07-19T13:17:57.782-0530: 37.407: Total time for which application threads were stopped: 0.0289224 seconds
2016-07-19T13:17:57.883-0530: 37.507: Total time for which application threads were stopped: 0.0173548 seconds
2016-07-19T13:17:57.999-0530: 37.624: Total time for which application threads were stopped: 0.0631439 seconds
2016-07-19T13:17:58.100-0530: 37.724: Total time for which application threads were stopped: 0.0995854 seconds
2016-07-19T13:17:58.237-0530: 37.861: Total time for which application threads were stopped: 0.0573637 seconds
2016-07-19T13:17:58.660-0530: 38.284: Total time for which application threads were stopped: 0.0769709 seconds
2016-07-19T13:17:58.723-0530: 38.347: Total time for which application threads were stopped: 0.0628937 seconds
2016-07-19T13:17:58.825-0530: 38.449: Total time for which application threads were stopped: 0.1007147 seconds
2016-07-19T13:17:58.885-0530: 38.510: Total time for which application threads were stopped: 0.0595540 seconds
2016-07-19T13:17:58.944-0530: 38.568: Total time for which application threads were stopped: 0.0565231 seconds
2016-07-19T13:17:58.996-0530: 38.621: Total time for which application threads were stopped: 0.0502882 seconds
2016-07-19T13:17:59.171-0530: 38.796: Total time for which application threads were stopped: 0.1745769 seconds
2016-07-19T13:17:59.264-0530: 38.888: Total time for which application threads were stopped: 0.0889817 seconds
2016-07-19T13:17:59.355-0530: 38.980: Total time for which application threads were stopped: 0.0908001 seconds
2016-07-19T13:17:59.356-0530: 38.980: Total time for which application threads were stopped: 0.0001139 seconds
2016-07-19T13:17:59.433-0530: 39.057: Total time for which application threads were stopped: 0.0744584 seconds
2016-07-19T13:18:00.384-0530: 40.008: Total time for which application threads were stopped: 0.1055520 seconds
2016-07-19T13:18:00.523-0530: 40.148: Total time for which application threads were stopped: 0.1393394 seconds
2016-07-19T13:18:00.657-0530: 40.281: Total time for which application threads were stopped: 0.1299813 seconds
2016-07-19T13:18:00.919-0530: 40.544: Total time for which application threads were stopped: 0.0003612 seconds
2016-07-19T13:18:01.268-0530: 40.893: Total time for which application threads were stopped: 0.0540210 seconds
2016-07-19T13:18:01.269-0530: 40.893: Total time for which application threads were stopped: 0.0001780 seconds
2016-07-19T13:18:01.544-0530: 41.168: Total time for which application threads were stopped: 0.0702599 seconds
2016-07-19T13:18:01.544-0530: 41.168: Total time for which application threads were stopped: 0.0001569 seconds
2016-07-19T13:18:01.545-0530: 41.169: Total time for which application threads were stopped: 0.0001502 seconds
2016-07-19T13:18:01.702-0530: 41.326: Total time for which application threads were stopped: 0.0953501 seconds
2016-07-19T13:18:01.772-0530: 41.396: Total time for which application threads were stopped: 0.0403954 seconds
2016-07-19T13:18:01.787-0530: 41.411: Total time for which application threads were stopped: 0.0137611 seconds
2016-07-19T13:18:01.812-0530: 41.436: Total time for which application threads were stopped: 0.0085618 seconds
2016-07-19T13:18:01.938-0530: 41.562: Total time for which application threads were stopped: 0.0206787 seconds
2016-07-19T13:18:01.983-0530: 41.608: Total time for which application threads were stopped: 0.0320078 seconds
2016-07-19T13:18:02.023-0530: 41.647: Total time for which application threads were stopped: 0.0071478 seconds
2016-07-19T13:18:02.222-0530: 41.846: Total time for which application threads were stopped: 0.0099294 seconds
2016-07-19T13:18:02.308-0530: 41.932: Total time for which application threads were stopped: 0.0776933 seconds
2016-07-19T13:18:02.514-0530: 42.139: Total time for which application threads were stopped: 0.0032743 seconds
2016-07-19T13:18:03.953-0530: 43.577: Total time for which application threads were stopped: 0.0619344 seconds
2016-07-19T13:18:04.053-0530: 43.677: Total time for which application threads were stopped: 0.0985718 seconds
2016-07-19T13:18:04.115-0530: 43.740: Total time for which application threads were stopped: 0.0621530 seconds
2016-07-19T13:18:04.195-0530: 43.820: Total time for which application threads were stopped: 0.0796543 seconds
2016-07-19T13:18:04.238-0530: 43.862: Total time for which application threads were stopped: 0.0415700 seconds
2016-07-19T13:18:04.314-0530: 43.939: Total time for which application threads were stopped: 0.0761571 seconds
2016-07-19T13:18:04.384-0530: 44.009: Total time for which application threads were stopped: 0.0693031 seconds
2016-07-19T13:18:04.402-0530: 44.027: Total time for which application threads were stopped: 0.0177935 seconds
2016-07-19T13:18:04.416-0530: 44.040: Total time for which application threads were stopped: 0.0095353 seconds
2016-07-19T13:18:04.440-0530: 44.065: Total time for which application threads were stopped: 0.0219052 seconds
2016-07-19T13:18:05.582-0530: 45.207: Total time for which application threads were stopped: 0.1421584 seconds
2016-07-19T13:18:06.596-0530: 46.221: Total time for which application threads were stopped: 0.0089003 seconds
2016-07-19T13:18:07.607-0530: 47.231: Total time for which application threads were stopped: 0.0076256 seconds
{Heap before GC invocations=4 (full 1):
 par new generation   total 109248K, used 94171K [0x00000007a0000000, 0x00000007a8000000, 0x00000007a8000000)
  eden space 87424K, 100% used [0x00000007a0000000, 0x00000007a5560000, 0x00000007a5560000)
  from space 21824K,  30% used [0x00000007a5560000, 0x00000007a5bf6f58, 0x00000007a6ab0000)
  to   space 21824K,   0% used [0x00000007a6ab0000, 0x00000007a6ab0000, 0x00000007a8000000)
 concurrent mark-sweep generation total 393216K, used 0K [0x00000007a8000000, 0x00000007c0000000, 0x00000007c0000000)
 Metaspace       used 27329K, capacity 27666K, committed 28028K, reserved 1073152K
  class space    used 3258K, capacity 3328K, committed 3452K, reserved 1048576K
2016-07-19T13:18:07.882-0530: 47.507: [GC (Allocation Failure) 47.507: [ParNew
Desired survivor size 20112992 bytes, new threshold 5 (max 8)
- age   1:   17102752 bytes,   17102752 total
- age   2:       3184 bytes,   17105936 total
- age   3:     481608 bytes,   17587544 total
- age   4:    2150000 bytes,   19737544 total
- age   5:    2470272 bytes,   22207816 total
: 94171K->21824K(109248K), 0.0220210 secs] 94171K->22778K(502464K), 0.0221165 secs] [Times: user=0.06 sys=0.01, real=0.02 secs] 
Heap after GC invocations=5 (full 1):
 par new generation   total 109248K, used 21824K [0x00000007a0000000, 0x00000007a8000000, 0x00000007a8000000)
  eden space 87424K,   0% used [0x00000007a0000000, 0x00000007a0000000, 0x00000007a5560000)
  from space 21824K, 100% used [0x00000007a6ab0000, 0x00000007a8000000, 0x00000007a8000000)
  to   space 21824K,   0% used [0x00000007a5560000, 0x00000007a5560000, 0x00000007a6ab0000)
 concurrent mark-sweep generation total 393216K, used 954K [0x00000007a8000000, 0x00000007c0000000, 0x00000007c0000000)
 Metaspace       used 27329K, capacity 27666K, committed 28028K, reserved 1073152K
  class space    used 3258K, capacity 3328K, committed 3452K, reserved 1048576K
}
2016-07-19T13:18:07.904-0530: 47.529: Total time for which application threads were stopped: 0.0223312 seconds
2016-07-19T13:18:07.919-0530: 47.544: Total time for which application threads were stopped: 0.0095589 seconds
2016-07-19T13:18:07.948-0530: 47.573: Total time for which application threads were stopped: 0.0001270 seconds
2016-07-19T13:18:09.016-0530: 48.641: Total time for which application threads were stopped: 0.0645554 seconds
2016-07-19T13:18:10.023-0530: 49.647: Total time for which application threads were stopped: 0.0024054 seconds
2016-07-19T13:18:10.764-0530: 50.389: Total time for which application threads were stopped: 0.0000930 seconds
2016-07-19T13:18:10.764-0530: 50.389: Total time for which application threads were stopped: 0.0000453 seconds
2016-07-19T13:18:10.764-0530: 50.389: Total time for which application threads were stopped: 0.0000436 seconds
2016-07-19T13:18:10.765-0530: 50.389: Total time for which application threads were stopped: 0.0000407 seconds
2016-07-19T13:18:10.825-0530: 50.450: Total time for which application threads were stopped: 0.0000964 seconds
2016-07-19T13:18:10.826-0530: 50.450: Total time for which application threads were stopped: 0.0000538 seconds
2016-07-19T13:18:10.826-0530: 50.451: Total time for which application threads were stopped: 0.0000478 seconds
2016-07-19T13:18:10.827-0530: 50.452: Total time for which application threads were stopped: 0.0000550 seconds
2016-07-19T13:18:10.827-0530: 50.452: Total time for which application threads were stopped: 0.0000550 seconds
2016-07-19T13:18:10.885-0530: 50.510: Total time for which application threads were stopped: 0.0001276 seconds
2016-07-19T13:18:10.938-0530: 50.563: Total time for which application threads were stopped: 0.0000881 seconds
2016-07-19T13:18:10.947-0530: 50.571: Total time for which application threads were stopped: 0.0000963 seconds
2016-07-19T13:18:10.948-0530: 50.572: Total time for which application threads were stopped: 0.0000582 seconds
2016-07-19T13:18:11.098-0530: 50.723: Total time for which application threads were stopped: 0.0000704 seconds
2016-07-19T13:18:11.098-0530: 50.723: Total time for which application threads were stopped: 0.0000387 seconds
2016-07-19T13:18:11.180-0530: 50.805: Total time for which application threads were stopped: 0.0000729 seconds
2016-07-19T13:18:11.180-0530: 50.805: Total time for which application threads were stopped: 0.0000355 seconds
2016-07-19T13:18:11.184-0530: 50.809: Total time for which application threads were stopped: 0.0000777 seconds
2016-07-19T13:18:11.388-0530: 51.013: Total time for which application threads were stopped: 0.0001193 seconds
2016-07-19T13:18:11.388-0530: 51.013: Total time for which application threads were stopped: 0.0000612 seconds
2016-07-19T13:18:11.421-0530: 51.046: Total time for which application threads were stopped: 0.0000768 seconds
2016-07-19T13:18:11.569-0530: 51.194: Total time for which application threads were stopped: 0.0000816 seconds
2016-07-19T13:18:11.569-0530: 51.194: Total time for which application threads were stopped: 0.0000408 seconds
2016-07-19T13:18:11.576-0530: 51.201: Total time for which application threads were stopped: 0.0001042 seconds
2016-07-19T13:18:12.038-0530: 51.663: Total time for which application threads were stopped: 0.0005641 seconds
2016-07-19T13:18:12.269-0530: 51.894: Total time for which application threads were stopped: 0.0003965 seconds
{Heap before GC invocations=5 (full 1):
 par new generation   total 109248K, used 109248K [0x00000007a0000000, 0x00000007a8000000, 0x00000007a8000000)
  eden space 87424K, 100% used [0x00000007a0000000, 0x00000007a5560000, 0x00000007a5560000)
  from space 21824K, 100% used [0x00000007a6ab0000, 0x00000007a8000000, 0x00000007a8000000)
  to   space 21824K,   0% used [0x00000007a5560000, 0x00000007a5560000, 0x00000007a6ab0000)
 concurrent mark-sweep generation total 393216K, used 954K [0x00000007a8000000, 0x00000007c0000000, 0x00000007c0000000)
 Metaspace       used 29374K, capacity 29798K, committed 30076K, reserved 1075200K
  class space    used 3527K, capacity 3626K, committed 3708K, reserved 1048576K
2016-07-19T13:18:12.492-0530: 52.117: [GC (Allocation Failure) 52.117: [ParNew
Desired survivor size 20112992 bytes, new threshold 2 (max 8)
- age   1:   10502040 bytes,   10502040 total
- age   2:    9738968 bytes,   20241008 total
- age   3:       1344 bytes,   20242352 total
- age   4:     311000 bytes,   20553352 total
- age   5:    1745544 bytes,   22298896 total
: 109248K->21824K(109248K), 0.0814246 secs] 110202K->38819K(502464K), 0.0815092 secs] [Times: user=0.21 sys=0.03, real=0.08 secs] 
Heap after GC invocations=6 (full 1):
 par new generation   total 109248K, used 21824K [0x00000007a0000000, 0x00000007a8000000, 0x00000007a8000000)
  eden space 87424K,   0% used [0x00000007a0000000, 0x00000007a0000000, 0x00000007a5560000)
  from space 21824K, 100% used [0x00000007a5560000, 0x00000007a6ab0000, 0x00000007a6ab0000)
  to   space 21824K,   0% used [0x00000007a6ab0000, 0x00000007a6ab0000, 0x00000007a8000000)
 concurrent mark-sweep generation total 393216K, used 16995K [0x00000007a8000000, 0x00000007c0000000, 0x00000007c0000000)
 Metaspace       used 29374K, capacity 29798K, committed 30076K, reserved 1075200K
  class space    used 3527K, capacity 3626K, committed 3708K, reserved 1048576K
}
2016-07-19T13:18:12.574-0530: 52.199: Total time for which application threads were stopped: 0.0817327 seconds
2016-07-19T13:18:12.665-0530: 52.290: Total time for which application threads were stopped: 0.0000965 seconds
2016-07-19T13:18:12.726-0530: 52.351: Total time for which application threads were stopped: 0.0003958 seconds
2016-07-19T13:18:12.862-0530: 52.487: Total time for which application threads were stopped: 0.0004499 seconds
{Heap before GC invocations=6 (full 1):
 par new generation   total 109248K, used 109248K [0x00000007a0000000, 0x00000007a8000000, 0x00000007a8000000)
  eden space 87424K, 100% used [0x00000007a0000000, 0x00000007a5560000, 0x00000007a5560000)
  from space 21824K, 100% used [0x00000007a5560000, 0x00000007a6ab0000, 0x00000007a6ab0000)
  to   space 21824K,   0% used [0x00000007a6ab0000, 0x00000007a6ab0000, 0x00000007a8000000)
 concurrent mark-sweep generation total 393216K, used 16995K [0x00000007a8000000, 0x00000007c0000000, 0x00000007c0000000)
 Metaspace       used 29585K, capacity 29926K, committed 30332K, reserved 1075200K
  class space    used 3539K, capacity 3626K, committed 3708K, reserved 1048576K
2016-07-19T13:18:13.703-0530: 53.328: [GC (Allocation Failure) 53.328: [ParNew
Desired survivor size 20112992 bytes, new threshold 2 (max 8)
- age   1:   11907552 bytes,   11907552 total
- age   2:   10439912 bytes,   22347464 total
: 109248K->21824K(109248K), 0.1029303 secs] 126243K->84882K(502464K), 0.1030183 secs] [Times: user=0.31 sys=0.04, real=0.10 secs] 
Heap after GC invocations=7 (full 1):
 par new generation   total 109248K, used 21824K [0x00000007a0000000, 0x00000007a8000000, 0x00000007a8000000)
  eden space 87424K,   0% used [0x00000007a0000000, 0x00000007a0000000, 0x00000007a5560000)
  from space 21824K, 100% used [0x00000007a6ab0000, 0x00000007a8000000, 0x00000007a8000000)
  to   space 21824K,   0% used [0x00000007a5560000, 0x00000007a5560000, 0x00000007a6ab0000)
 concurrent mark-sweep generation total 393216K, used 63058K [0x00000007a8000000, 0x00000007c0000000, 0x00000007c0000000)
 Metaspace       used 29585K, capacity 29926K, committed 30332K, reserved 1075200K
  class space    used 3539K, capacity 3626K, committed 3708K, reserved 1048576K
}
2016-07-19T13:18:13.806-0530: 53.431: Total time for which application threads were stopped: 0.1032103 seconds
2016-07-19T13:18:14.809-0530: 54.434: Total time for which application threads were stopped: 0.0001430 seconds
{Heap before GC invocations=7 (full 1):
 par new generation   total 109248K, used 109248K [0x00000007a0000000, 0x00000007a8000000, 0x00000007a8000000)
  eden space 87424K, 100% used [0x00000007a0000000, 0x00000007a5560000, 0x00000007a5560000)
  from space 21824K, 100% used [0x00000007a6ab0000, 0x00000007a8000000, 0x00000007a8000000)
  to   space 21824K,   0% used [0x00000007a5560000, 0x00000007a5560000, 0x00000007a6ab0000)
 concurrent mark-sweep generation total 393216K, used 63058K [0x00000007a8000000, 0x00000007c0000000, 0x00000007c0000000)
 Metaspace       used 29644K, capacity 30054K, committed 30332K, reserved 1075200K
  class space    used 3543K, capacity 3626K, committed 3708K, reserved 1048576K
2016-07-19T13:18:15.009-0530: 54.633: [GC (Allocation Failure) 54.633: [ParNew
Desired survivor size 20112992 bytes, new threshold 8 (max 8)
- age   1:    4978368 bytes,    4978368 total
- age   2:    6039320 bytes,   11017688 total
: 109248K->21824K(109248K), 0.0278954 secs] 172306K->95098K(502464K), 0.0279679 secs] [Times: user=0.06 sys=0.00, real=0.03 secs] 
Heap after GC invocations=8 (full 1):
 par new generation   total 109248K, used 21824K [0x00000007a0000000, 0x00000007a8000000, 0x00000007a8000000)
  eden space 87424K,   0% used [0x00000007a0000000, 0x00000007a0000000, 0x00000007a5560000)
  from space 21824K, 100% used [0x00000007a5560000, 0x00000007a6ab0000, 0x00000007a6ab0000)
  to   space 21824K,   0% used [0x00000007a6ab0000, 0x00000007a6ab0000, 0x00000007a8000000)
 concurrent mark-sweep generation total 393216K, used 73274K [0x00000007a8000000, 0x00000007c0000000, 0x00000007c0000000)
 Metaspace       used 29644K, capacity 30054K, committed 30332K, reserved 1075200K
  class space    used 3543K, capacity 3626K, committed 3708K, reserved 1048576K
}
2016-07-19T13:18:15.037-0530: 54.661: Total time for which application threads were stopped: 0.0281402 seconds
2016-07-19T13:18:16.041-0530: 55.665: Total time for which application threads were stopped: 0.0001928 seconds
2016-07-19T13:18:17.394-0530: 57.019: Total time for which application threads were stopped: 0.0001221 seconds
2016-07-19T13:18:18.396-0530: 58.021: Total time for which application threads were stopped: 0.0002788 seconds
2016-07-19T13:19:44.448-0530: 144.075: Total time for which application threads were stopped: 0.0001105 seconds
2016-07-19T13:19:44.533-0530: 144.161: Total time for which application threads were stopped: 0.0000900 seconds
2016-07-19T13:20:09.634-0530: 169.263: Total time for which application threads were stopped: 0.0001065 seconds
2016-07-19T13:21:40.875-0530: 260.506: Total time for which application threads were stopped: 0.0001524 seconds
2016-07-19T13:27:46.168-0530: 625.808: Total time for which application threads were stopped: 0.0000868 seconds
2016-07-19T13:27:46.195-0530: 625.835: Total time for which application threads were stopped: 0.0001096 seconds
2016-07-19T13:27:47.199-0530: 626.839: Total time for which application threads were stopped: 0.0003230 seconds
2016-07-19T13:27:47.705-0530: 627.346: Total time for which application threads were stopped: 0.0000826 seconds
2016-07-19T13:27:47.712-0530: 627.353: Total time for which application threads were stopped: 0.0000998 seconds
2016-07-19T13:27:47.733-0530: 627.374: Total time for which application threads were stopped: 0.0000781 seconds
2016-07-19T13:27:47.735-0530: 627.376: Total time for which application threads were stopped: 0.0001074 seconds
2016-07-19T13:27:48.739-0530: 628.380: Total time for which application threads were stopped: 0.0001465 seconds
2016-07-19T13:27:49.741-0530: 629.382: Total time for which application threads were stopped: 0.0001951 seconds
2016-07-19T13:27:50.158-0530: 629.799: Total time for which application threads were stopped: 0.0000899 seconds
2016-07-19T13:27:50.169-0530: 629.809: Total time for which application threads were stopped: 0.0001184 seconds
2016-07-19T13:27:50.178-0530: 629.819: Total time for which application threads were stopped: 0.0001043 seconds
2016-07-19T13:27:50.189-0530: 629.829: Total time for which application threads were stopped: 0.0001131 seconds
2016-07-19T13:27:50.206-0530: 629.847: Total time for which application threads were stopped: 0.0001049 seconds
2016-07-19T13:27:50.206-0530: 629.847: Total time for which application threads were stopped: 0.0000633 seconds
2016-07-19T13:27:50.206-0530: 629.847: Total time for which application threads were stopped: 0.0000638 seconds
2016-07-19T13:27:50.207-0530: 629.847: Total time for which application threads were stopped: 0.0000627 seconds
2016-07-19T13:27:50.207-0530: 629.848: Total time for which application threads were stopped: 0.0000630 seconds
2016-07-19T13:27:50.207-0530: 629.848: Total time for which application threads were stopped: 0.0000599 seconds
2016-07-19T13:27:50.207-0530: 629.848: Total time for which application threads were stopped: 0.0001143 seconds
2016-07-19T13:27:50.207-0530: 629.848: Total time for which application threads were stopped: 0.0000591 seconds
2016-07-19T13:27:50.207-0530: 629.848: Total time for which application threads were stopped: 0.0000574 seconds
2016-07-19T13:27:50.208-0530: 629.884: Total time for which application threads were stopped: 0.0356385 seconds
2016-07-19T13:27:50.243-0530: 629.884: Total time for which application threads were stopped: 0.0001030 seconds
2016-07-19T13:27:50.243-0530: 629.884: Total time for which application threads were stopped: 0.0000575 seconds
2016-07-19T13:27:50.244-0530: 629.884: Total time for which application threads were stopped: 0.0000668 seconds
2016-07-19T13:27:50.244-0530: 629.884: Total time for which application threads were stopped: 0.0000579 seconds
2016-07-19T13:27:50.244-0530: 629.885: Total time for which application threads were stopped: 0.0000556 seconds
2016-07-19T13:27:50.244-0530: 629.885: Total time for which application threads were stopped: 0.0000557 seconds
2016-07-19T13:27:50.244-0530: 629.885: Total time for which application threads were stopped: 0.0000588 seconds
2016-07-19T13:27:50.244-0530: 629.885: Total time for which application threads were stopped: 0.0000553 seconds
2016-07-19T13:27:50.244-0530: 629.885: Total time for which application threads were stopped: 0.0000570 seconds
2016-07-19T13:27:50.244-0530: 629.885: Total time for which application threads were stopped: 0.0000555 seconds
2016-07-19T13:27:50.245-0530: 629.885: Total time for which application threads were stopped: 0.0000577 seconds
2016-07-19T13:27:50.245-0530: 629.886: Total time for which application threads were stopped: 0.0001558 seconds
{Heap before GC invocations=8 (full 1):
 par new generation   total 109248K, used 108421K [0x00000007a0000000, 0x00000007a8000000, 0x00000007a8000000)
  eden space 87424K,  99% used [0x00000007a0000000, 0x00000007a5491700, 0x00000007a5560000)
  from space 21824K, 100% used [0x00000007a5560000, 0x00000007a6ab0000, 0x00000007a6ab0000)
  to   space 21824K,   0% used [0x00000007a6ab0000, 0x00000007a6ab0000, 0x00000007a8000000)
 concurrent mark-sweep generation total 393216K, used 73274K [0x00000007a8000000, 0x00000007c0000000, 0x00000007c0000000)
 Metaspace       used 30321K, capacity 30726K, committed 31228K, reserved 1077248K
  class space    used 3618K, capacity 3722K, committed 3836K, reserved 1048576K
2016-07-19T13:27:50.329-0530: 629.970: [GC (Allocation Failure) 629.970: [ParNew
Desired survivor size 20112992 bytes, new threshold 3 (max 8)
- age   1:   17533136 bytes,   17533136 total
- age   2:     818584 bytes,   18351720 total
- age   3:    3915744 bytes,   22267464 total
: 108421K->21824K(109248K), 0.0320801 secs] 181695K->104375K(502464K), 0.0321814 secs] [Times: user=0.08 sys=0.02, real=0.04 secs] 
Heap after GC invocations=9 (full 1):
 par new generation   total 109248K, used 21824K [0x00000007a0000000, 0x00000007a8000000, 0x00000007a8000000)
  eden space 87424K,   0% used [0x00000007a0000000, 0x00000007a0000000, 0x00000007a5560000)
  from space 21824K, 100% used [0x00000007a6ab0000, 0x00000007a8000000, 0x00000007a8000000)
  to   space 21824K,   0% used [0x00000007a5560000, 0x00000007a5560000, 0x00000007a6ab0000)
 concurrent mark-sweep generation total 393216K, used 82551K [0x00000007a8000000, 0x00000007c0000000, 0x00000007c0000000)
 Metaspace       used 30321K, capacity 30726K, committed 31228K, reserved 1077248K
  class space    used 3618K, capacity 3722K, committed 3836K, reserved 1048576K
}
2016-07-19T13:27:50.361-0530: 630.002: Total time for which application threads were stopped: 0.0323677 seconds
2016-07-19T13:27:50.686-0530: 630.326: Total time for which application threads were stopped: 0.0001379 seconds
{Heap before GC invocations=9 (full 1):
 par new generation   total 109248K, used 109248K [0x00000007a0000000, 0x00000007a8000000, 0x00000007a8000000)
  eden space 87424K, 100% used [0x00000007a0000000, 0x00000007a5560000, 0x00000007a5560000)
  from space 21824K, 100% used [0x00000007a6ab0000, 0x00000007a8000000, 0x00000007a8000000)
  to   space 21824K,   0% used [0x00000007a5560000, 0x00000007a5560000, 0x00000007a6ab0000)
 concurrent mark-sweep generation total 393216K, used 82551K [0x00000007a8000000, 0x00000007c0000000, 0x00000007c0000000)
 Metaspace       used 30321K, capacity 30726K, committed 31228K, reserved 1077248K
  class space    used 3618K, capacity 3722K, committed 3836K, reserved 1048576K
2016-07-19T13:27:51.226-0530: 630.867: [GC (Allocation Failure) 630.867: [ParNew
Desired survivor size 20112992 bytes, new threshold 2 (max 8)
- age   1:   10443112 bytes,   10443112 total
- age   2:   11076976 bytes,   21520088 total
- age   3:     818584 bytes,   22338672 total
: 109248K->21824K(109248K), 0.1350652 secs] 191799K->151449K(502464K), 0.1351317 secs] [Times: user=0.36 sys=0.04, real=0.14 secs] 
Heap after GC invocations=10 (full 1):
 par new generation   total 109248K, used 21824K [0x00000007a0000000, 0x00000007a8000000, 0x00000007a8000000)
  eden space 87424K,   0% used [0x00000007a0000000, 0x00000007a0000000, 0x00000007a5560000)
  from space 21824K, 100% used [0x00000007a5560000, 0x00000007a6ab0000, 0x00000007a6ab0000)
  to   space 21824K,   0% used [0x00000007a6ab0000, 0x00000007a6ab0000, 0x00000007a8000000)
 concurrent mark-sweep generation total 393216K, used 129625K [0x00000007a8000000, 0x00000007c0000000, 0x00000007c0000000)
 Metaspace       used 30321K, capacity 30726K, committed 31228K, reserved 1077248K
  class space    used 3618K, capacity 3722K, committed 3836K, reserved 1048576K
}
2016-07-19T13:27:51.361-0530: 631.002: Total time for which application threads were stopped: 0.1353613 seconds
{Heap before GC invocations=10 (full 1):
 par new generation   total 109248K, used 109018K [0x00000007a0000000, 0x00000007a8000000, 0x00000007a8000000)
  eden space 87424K,  99% used [0x00000007a0000000, 0x00000007a55269e8, 0x00000007a5560000)
  from space 21824K, 100% used [0x00000007a5560000, 0x00000007a6ab0000, 0x00000007a6ab0000)
  to   space 21824K,   0% used [0x00000007a6ab0000, 0x00000007a6ab0000, 0x00000007a8000000)
 concurrent mark-sweep generation total 393216K, used 129625K [0x00000007a8000000, 0x00000007c0000000, 0x00000007c0000000)
 Metaspace       used 30322K, capacity 30726K, committed 31228K, reserved 1077248K
  class space    used 3618K, capacity 3722K, committed 3836K, reserved 1048576K
2016-07-19T13:27:52.207-0530: 631.848: [GC (Allocation Failure) 631.848: [ParNew
Desired survivor size 20112992 bytes, new threshold 8 (max 8)
- age   1:    4958672 bytes,    4958672 total
- age   2:    5879352 bytes,   10838024 total
: 109018K->19672K(109248K), 0.0231859 secs] 238643K->160941K(502464K), 0.0232832 secs] [Times: user=0.07 sys=0.01, real=0.03 secs] 
Heap after GC invocations=11 (full 1):
 par new generation   total 109248K, used 19672K [0x00000007a0000000, 0x00000007a8000000, 0x00000007a8000000)
  eden space 87424K,   0% used [0x00000007a0000000, 0x00000007a0000000, 0x00000007a5560000)
  from space 21824K,  90% used [0x00000007a6ab0000, 0x00000007a7de6240, 0x00000007a8000000)
  to   space 21824K,   0% used [0x00000007a5560000, 0x00000007a5560000, 0x00000007a6ab0000)
 concurrent mark-sweep generation total 393216K, used 141268K [0x00000007a8000000, 0x00000007c0000000, 0x00000007c0000000)
 Metaspace       used 30322K, capacity 30726K, committed 31228K, reserved 1077248K
  class space    used 3618K, capacity 3722K, committed 3836K, reserved 1048576K
}
2016-07-19T13:27:52.230-0530: 631.871: Total time for which application threads were stopped: 0.0234829 seconds
2016-07-19T13:27:53.884-0530: 633.525: Total time for which application threads were stopped: 0.0002352 seconds
2016-07-19T13:27:53.889-0530: 633.529: Total time for which application threads were stopped: 0.0001099 seconds
2016-07-19T13:27:54.892-0530: 634.533: Total time for which application threads were stopped: 0.0003128 seconds
2016-07-19T13:28:09.933-0530: 649.574: Total time for which application threads were stopped: 0.0001123 seconds
2016-07-19T13:28:10.933-0530: 650.575: Total time for which application threads were stopped: 0.0001467 seconds
2016-07-19T13:28:11.053-0530: 650.695: Total time for which application threads were stopped: 0.0001127 seconds
2016-07-19T13:28:12.072-0530: 651.714: Total time for which application threads were stopped: 0.0178381 seconds
2016-07-19T13:28:13.076-0530: 652.718: Total time for which application threads were stopped: 0.0001383 seconds
2016-07-19T13:28:13.860-0530: 653.502: Total time for which application threads were stopped: 0.0000974 seconds
2016-07-19T13:28:13.906-0530: 653.547: Total time for which application threads were stopped: 0.0001279 seconds
2016-07-19T13:28:13.906-0530: 653.547: Total time for which application threads were stopped: 0.0000460 seconds
2016-07-19T13:28:13.906-0530: 653.547: Total time for which application threads were stopped: 0.0000758 seconds
2016-07-19T13:28:13.906-0530: 653.547: Total time for which application threads were stopped: 0.0000634 seconds
2016-07-19T13:28:13.906-0530: 653.548: Total time for which application threads were stopped: 0.0000629 seconds
2016-07-19T13:28:13.906-0530: 653.548: Total time for which application threads were stopped: 0.0000656 seconds
2016-07-19T13:28:13.906-0530: 653.548: Total time for which application threads were stopped: 0.0000676 seconds
2016-07-19T13:28:13.907-0530: 653.548: Total time for which application threads were stopped: 0.0000663 seconds
2016-07-19T13:28:13.907-0530: 653.548: Total time for which application threads were stopped: 0.0000487 seconds
2016-07-19T13:28:13.907-0530: 653.548: Total time for which application threads were stopped: 0.0000676 seconds
2016-07-19T13:28:13.907-0530: 653.548: Total time for which application threads were stopped: 0.0000639 seconds
2016-07-19T13:28:13.907-0530: 653.548: Total time for which application threads were stopped: 0.0000513 seconds
2016-07-19T13:28:13.907-0530: 653.549: Total time for which application threads were stopped: 0.0000662 seconds
2016-07-19T13:28:13.907-0530: 653.549: Total time for which application threads were stopped: 0.0000486 seconds
2016-07-19T13:28:13.907-0530: 653.549: Total time for which application threads were stopped: 0.0000746 seconds
2016-07-19T13:28:13.908-0530: 653.549: Total time for which application threads were stopped: 0.0000642 seconds
2016-07-19T13:28:13.908-0530: 653.549: Total time for which application threads were stopped: 0.0000602 seconds
2016-07-19T13:28:13.908-0530: 653.550: Total time for which application threads were stopped: 0.0000566 seconds
2016-07-19T13:28:13.908-0530: 653.550: Total time for which application threads were stopped: 0.0000562 seconds
2016-07-19T13:28:13.909-0530: 653.550: Total time for which application threads were stopped: 0.0002370 seconds
{Heap before GC invocations=11 (full 1):
 par new generation   total 109248K, used 107096K [0x00000007a0000000, 0x00000007a8000000, 0x00000007a8000000)
  eden space 87424K, 100% used [0x00000007a0000000, 0x00000007a5560000, 0x00000007a5560000)
  from space 21824K,  90% used [0x00000007a6ab0000, 0x00000007a7de6240, 0x00000007a8000000)
  to   space 21824K,   0% used [0x00000007a5560000, 0x00000007a5560000, 0x00000007a6ab0000)
 concurrent mark-sweep generation total 393216K, used 141268K [0x00000007a8000000, 0x00000007c0000000, 0x00000007c0000000)
 Metaspace       used 30413K, capacity 30732K, committed 31228K, reserved 1077248K
  class space    used 3619K, capacity 3723K, committed 3836K, reserved 1048576K
2016-07-19T13:28:14.211-0530: 653.853: [GC (Allocation Failure) 653.853: [ParNew
Desired survivor size 20112992 bytes, new threshold 3 (max 8)
- age   1:   13956136 bytes,   13956136 total
- age   2:    3434048 bytes,   17390184 total
- age   3:    4917800 bytes,   22307984 total
: 107096K->21824K(109248K), 0.0234048 secs] 248365K->171596K(502464K), 0.0235369 secs] [Times: user=0.07 sys=0.00, real=0.02 secs] 
Heap after GC invocations=12 (full 1):
 par new generation   total 109248K, used 21824K [0x00000007a0000000, 0x00000007a8000000, 0x00000007a8000000)
  eden space 87424K,   0% used [0x00000007a0000000, 0x00000007a0000000, 0x00000007a5560000)
  from space 21824K, 100% used [0x00000007a5560000, 0x00000007a6ab0000, 0x00000007a6ab0000)
  to   space 21824K,   0% used [0x00000007a6ab0000, 0x00000007a6ab0000, 0x00000007a8000000)
 concurrent mark-sweep generation total 393216K, used 149772K [0x00000007a8000000, 0x00000007c0000000, 0x00000007c0000000)
 Metaspace       used 30413K, capacity 30732K, committed 31228K, reserved 1077248K
  class space    used 3619K, capacity 3723K, committed 3836K, reserved 1048576K
}
2016-07-19T13:28:14.235-0530: 653.876: Total time for which application threads were stopped: 0.0474047 seconds
{Heap before GC invocations=12 (full 1):
 par new generation   total 109248K, used 109248K [0x00000007a0000000, 0x00000007a8000000, 0x00000007a8000000)
  eden space 87424K, 100% used [0x00000007a0000000, 0x00000007a5560000, 0x00000007a5560000)
  from space 21824K, 100% used [0x00000007a5560000, 0x00000007a6ab0000, 0x00000007a6ab0000)
  to   space 21824K,   0% used [0x00000007a6ab0000, 0x00000007a6ab0000, 0x00000007a8000000)
 concurrent mark-sweep generation total 393216K, used 149772K [0x00000007a8000000, 0x00000007c0000000, 0x00000007c0000000)
 Metaspace       used 30413K, capacity 30732K, committed 31228K, reserved 1077248K
  class space    used 3619K, capacity 3723K, committed 3836K, reserved 1048576K
2016-07-19T13:28:14.863-0530: 654.505: [GC (Allocation Failure) 654.505: [ParNew
Desired survivor size 20112992 bytes, new threshold 3 (max 8)
- age   1:    8138288 bytes,    8138288 total
- age   2:   10802200 bytes,   18940488 total
- age   3:    3390576 bytes,   22331064 total
: 109248K->21824K(109248K), 0.0367476 secs] 259020K->187856K(502464K), 0.0368392 secs] [Times: user=0.11 sys=0.01, real=0.04 secs] 
Heap after GC invocations=13 (full 1):
 par new generation   total 109248K, used 21824K [0x00000007a0000000, 0x00000007a8000000, 0x00000007a8000000)
  eden space 87424K,   0% used [0x00000007a0000000, 0x00000007a0000000, 0x00000007a5560000)
  from space 21824K, 100% used [0x00000007a6ab0000, 0x00000007a8000000, 0x00000007a8000000)
  to   space 21824K,   0% used [0x00000007a5560000, 0x00000007a5560000, 0x00000007a6ab0000)
 concurrent mark-sweep generation total 393216K, used 166032K [0x00000007a8000000, 0x00000007c0000000, 0x00000007c0000000)
 Metaspace       used 30413K, capacity 30732K, committed 31228K, reserved 1077248K
  class space    used 3619K, capacity 3723K, committed 3836K, reserved 1048576K
}
2016-07-19T13:28:14.900-0530: 654.542: Total time for which application threads were stopped: 0.0370371 seconds
2016-07-19T13:28:15.903-0530: 655.544: Total time for which application threads were stopped: 0.0005429 seconds
2016-07-19T13:28:17.384-0530: 657.025: Total time for which application threads were stopped: 0.0001446 seconds
2016-07-19T13:28:18.386-0530: 658.028: Total time for which application threads were stopped: 0.0002468 seconds
2016-07-19T13:29:07.519-0530: 707.162: Total time for which application threads were stopped: 0.0008644 seconds
2016-07-19T13:29:08.524-0530: 708.167: Total time for which application threads were stopped: 0.0001992 seconds
2016-07-19T13:41:37.626-0530: 1458.679: Total time for which application threads were stopped: 0.0002628 seconds
2016-07-19T13:45:42.356-0530: 1703.413: Total time for which application threads were stopped: 0.0001273 seconds
2016-07-19T13:56:53.470-0530: 2374.543: Total time for which application threads were stopped: 0.0012072 seconds
2016-07-19T14:18:34.864-0530: 3675.968: Total time for which application threads were stopped: 0.0002199 seconds
2016-07-19T14:19:08.985-0530: 3710.089: Total time for which application threads were stopped: 0.0002770 seconds
2016-07-19T14:59:54.541-0530: 6155.700: Total time for which application threads were stopped: 0.0017896 seconds
2016-07-19T15:02:23.935-0530: 6305.097: Total time for which application threads were stopped: 0.0001649 seconds
2016-07-19T15:02:54.016-0530: 6335.179: Total time for which application threads were stopped: 0.0001797 seconds
2016-07-19T15:25:24.133-0530: 7685.325: Total time for which application threads were stopped: 0.0007620 seconds
2016-07-19T15:25:54.214-0530: 7715.407: Total time for which application threads were stopped: 0.0002906 seconds
2016-07-19T16:03:54.710-0530: 9995.957: Total time for which application threads were stopped: 0.0009441 seconds
2016-07-19T17:01:54.727-0530: 13476.048: Total time for which application threads were stopped: 0.0009424 seconds
2016-07-19T17:11:51.290-0530: 14072.622: Total time for which application threads were stopped: 0.0001350 seconds
{Heap before GC invocations=13 (full 1):
 par new generation   total 109248K, used 109248K [0x00000007a0000000, 0x00000007a8000000, 0x00000007a8000000)
  eden space 87424K, 100% used [0x00000007a0000000, 0x00000007a5560000, 0x00000007a5560000)
  from space 21824K, 100% used [0x00000007a6ab0000, 0x00000007a8000000, 0x00000007a8000000)
  to   space 21824K,   0% used [0x00000007a5560000, 0x00000007a5560000, 0x00000007a6ab0000)
 concurrent mark-sweep generation total 393216K, used 166032K [0x00000007a8000000, 0x00000007c0000000, 0x00000007c0000000)
 Metaspace       used 30496K, capacity 30872K, committed 31228K, reserved 1077248K
  class space    used 3620K, capacity 3725K, committed 3836K, reserved 1048576K
2016-07-19T17:11:52.079-0530: 14073.411: [GC (Allocation Failure) 14073.437: [ParNew
Desired survivor size 20112992 bytes, new threshold 8 (max 8)
- age   1:    1197072 bytes,    1197072 total
- age   2:      82840 bytes,    1279912 total
- age   3:    8116432 bytes,    9396344 total
: 109248K->19317K(109248K), 0.0720342 secs] 275280K->188661K(502464K), 0.0977834 secs] [Times: user=0.05 sys=0.14, real=0.10 secs] 
Heap after GC invocations=14 (full 1):
 par new generation   total 109248K, used 19317K [0x00000007a0000000, 0x00000007a8000000, 0x00000007a8000000)
  eden space 87424K,   0% used [0x00000007a0000000, 0x00000007a0000000, 0x00000007a5560000)
  from space 21824K,  88% used [0x00000007a5560000, 0x00000007a683d520, 0x00000007a6ab0000)
  to   space 21824K,   0% used [0x00000007a6ab0000, 0x00000007a6ab0000, 0x00000007a8000000)
 concurrent mark-sweep generation total 393216K, used 169344K [0x00000007a8000000, 0x00000007c0000000, 0x00000007c0000000)
 Metaspace       used 30496K, capacity 30872K, committed 31228K, reserved 1077248K
  class space    used 3620K, capacity 3725K, committed 3836K, reserved 1048576K
}
2016-07-19T17:11:52.177-0530: 14073.509: Total time for which application threads were stopped: 0.0981277 seconds
2016-07-19T17:11:53.184-0530: 14074.516: Total time for which application threads were stopped: 0.0061323 seconds
2016-07-19T17:11:55.188-0530: 14076.521: Total time for which application threads were stopped: 0.0007550 seconds
2016-07-19T17:11:56.196-0530: 14077.528: Total time for which application threads were stopped: 0.0069195 seconds
2016-07-19T17:11:59.672-0530: 14081.005: Total time for which application threads were stopped: 0.0002690 seconds
{Heap before GC invocations=14 (full 1):
 par new generation   total 109248K, used 106740K [0x00000007a0000000, 0x00000007a8000000, 0x00000007a8000000)
  eden space 87424K,  99% used [0x00000007a0000000, 0x00000007a555fcc8, 0x00000007a5560000)
  from space 21824K,  88% used [0x00000007a5560000, 0x00000007a683d520, 0x00000007a6ab0000)
  to   space 21824K,   0% used [0x00000007a6ab0000, 0x00000007a6ab0000, 0x00000007a8000000)
 concurrent mark-sweep generation total 393216K, used 169344K [0x00000007a8000000, 0x00000007c0000000, 0x00000007c0000000)
 Metaspace       used 30498K, capacity 30872K, committed 31228K, reserved 1077248K
  class space    used 3620K, capacity 3725K, committed 3836K, reserved 1048576K
2016-07-19T17:12:01.503-0530: 14082.836: [GC (Allocation Failure) 14082.860: [ParNew
Desired survivor size 20112992 bytes, new threshold 4 (max 8)
- age   1:   14259184 bytes,   14259184 total
- age   2:     492160 bytes,   14751344 total
- age   3:      82840 bytes,   14834184 total
- age   4:    7407024 bytes,   22241208 total
: 106740K->21824K(109248K), 0.0461021 secs] 276084K->207191K(502464K), 0.0701871 secs] [Times: user=0.06 sys=0.07, real=0.07 secs] 
Heap after GC invocations=15 (full 1):
 par new generation   total 109248K, used 21824K [0x00000007a0000000, 0x00000007a8000000, 0x00000007a8000000)
  eden space 87424K,   0% used [0x00000007a0000000, 0x00000007a0000000, 0x00000007a5560000)
  from space 21824K, 100% used [0x00000007a6ab0000, 0x00000007a8000000, 0x00000007a8000000)
  to   space 21824K,   0% used [0x00000007a5560000, 0x00000007a5560000, 0x00000007a6ab0000)
 concurrent mark-sweep generation total 393216K, used 185367K [0x00000007a8000000, 0x00000007c0000000, 0x00000007c0000000)
 Metaspace       used 30498K, capacity 30872K, committed 31228K, reserved 1077248K
  class space    used 3620K, capacity 3725K, committed 3836K, reserved 1048576K
}
2016-07-19T17:12:01.574-0530: 14082.906: Total time for which application threads were stopped: 0.0703903 seconds
{Heap before GC invocations=15 (full 1):
 par new generation   total 109248K, used 107265K [0x00000007a0000000, 0x00000007a8000000, 0x00000007a8000000)
  eden space 87424K,  97% used [0x00000007a0000000, 0x00000007a5370588, 0x00000007a5560000)
  from space 21824K, 100% used [0x00000007a6ab0000, 0x00000007a8000000, 0x00000007a8000000)
  to   space 21824K,   0% used [0x00000007a5560000, 0x00000007a5560000, 0x00000007a6ab0000)
 concurrent mark-sweep generation total 393216K, used 185367K [0x00000007a8000000, 0x00000007c0000000, 0x00000007c0000000)
 Metaspace       used 30498K, capacity 30872K, committed 31228K, reserved 1077248K
  class space    used 3620K, capacity 3725K, committed 3836K, reserved 1048576K
2016-07-19T17:12:01.714-0530: 14083.047: [GC (Allocation Failure) 14083.047: [ParNew
Desired survivor size 20112992 bytes, new threshold 2 (max 8)
- age   1:   10881160 bytes,   10881160 total
- age   2:   10216376 bytes,   21097536 total
- age   3:     331952 bytes,   21429488 total
- age   4:      82840 bytes,   21512328 total
: 107265K->21824K(109248K), 0.0881713 secs] 292633K->228290K(502464K), 0.0882600 secs] [Times: user=0.07 sys=0.06, real=0.09 secs] 
Heap after GC invocations=16 (full 1):
 par new generation   total 109248K, used 21824K [0x00000007a0000000, 0x00000007a8000000, 0x00000007a8000000)
  eden space 87424K,   0% used [0x00000007a0000000, 0x00000007a0000000, 0x00000007a5560000)
  from space 21824K, 100% used [0x00000007a5560000, 0x00000007a6ab0000, 0x00000007a6ab0000)
  to   space 21824K,   0% used [0x00000007a6ab0000, 0x00000007a6ab0000, 0x00000007a8000000)
 concurrent mark-sweep generation total 393216K, used 206466K [0x00000007a8000000, 0x00000007c0000000, 0x00000007c0000000)
 Metaspace       used 30498K, capacity 30872K, committed 31228K, reserved 1077248K
  class space    used 3620K, capacity 3725K, committed 3836K, reserved 1048576K
}
2016-07-19T17:12:01.803-0530: 14083.135: Total time for which application threads were stopped: 0.0885297 seconds
2016-07-19T17:12:01.803-0530: 14083.136: [GC (CMS Initial Mark) [1 CMS-initial-mark: 206466K(393216K)] 231201K(502464K), 0.0045811 secs] [Times: user=0.01 sys=0.00, real=0.00 secs] 
2016-07-19T17:12:01.808-0530: 14083.140: Total time for which application threads were stopped: 0.0051383 seconds
2016-07-19T17:12:01.808-0530: 14083.141: [CMS-concurrent-mark-start]
2016-07-19T17:12:01.885-0530: 14083.218: [CMS-concurrent-mark: 0.077/0.077 secs] [Times: user=0.09 sys=0.05, real=0.08 secs] 
2016-07-19T17:12:01.885-0530: 14083.218: [CMS-concurrent-preclean-start]
2016-07-19T17:12:01.887-0530: 14083.219: [CMS-concurrent-preclean: 0.002/0.002 secs] [Times: user=0.01 sys=0.00, real=0.00 secs] 
2016-07-19T17:12:01.887-0530: 14083.219: [CMS-concurrent-abortable-preclean-start]
{Heap before GC invocations=16 (full 2):
 par new generation   total 109248K, used 109248K [0x00000007a0000000, 0x00000007a8000000, 0x00000007a8000000)
  eden space 87424K, 100% used [0x00000007a0000000, 0x00000007a5560000, 0x00000007a5560000)
  from space 21824K, 100% used [0x00000007a5560000, 0x00000007a6ab0000, 0x00000007a6ab0000)
  to   space 21824K,   0% used [0x00000007a6ab0000, 0x00000007a6ab0000, 0x00000007a8000000)
 concurrent mark-sweep generation total 393216K, used 206466K [0x00000007a8000000, 0x00000007c0000000, 0x00000007c0000000)
 Metaspace       used 30498K, capacity 30872K, committed 31228K, reserved 1077248K
  class space    used 3620K, capacity 3725K, committed 3836K, reserved 1048576K
2016-07-19T17:12:03.234-0530: 14084.566: [GC (Allocation Failure) 14084.566: [ParNew2016-07-19T17:12:03.245-0530: 14084.577: [CMS-concurrent-abortable-preclean: 0.340/1.358 secs] [Times: user=1.54 sys=0.03, real=1.36 secs] 

Desired survivor size 20112992 bytes, new threshold 8 (max 8)
- age   1:   15385120 bytes,   15385120 total
- age   2:    1458136 bytes,   16843256 total
: 109248K->21824K(109248K), 0.0488246 secs] 315714K->263622K(502464K), 0.0489071 secs] [Times: user=0.13 sys=0.03, real=0.05 secs] 
Heap after GC invocations=17 (full 2):
 par new generation   total 109248K, used 21824K [0x00000007a0000000, 0x00000007a8000000, 0x00000007a8000000)
  eden space 87424K,   0% used [0x00000007a0000000, 0x00000007a0000000, 0x00000007a5560000)
  from space 21824K, 100% used [0x00000007a6ab0000, 0x00000007a8000000, 0x00000007a8000000)
  to   space 21824K,   0% used [0x00000007a5560000, 0x00000007a5560000, 0x00000007a6ab0000)
 concurrent mark-sweep generation total 393216K, used 241798K [0x00000007a8000000, 0x00000007c0000000, 0x00000007c0000000)
 Metaspace       used 30498K, capacity 30872K, committed 31228K, reserved 1077248K
  class space    used 3620K, capacity 3725K, committed 3836K, reserved 1048576K
}
2016-07-19T17:12:03.283-0530: 14084.615: Total time for which application threads were stopped: 0.0491296 seconds
2016-07-19T17:12:03.283-0530: 14084.615: [GC (CMS Final Remark) [YG occupancy: 23257 K (109248 K)]{Heap before GC invocations=17 (full 2):
 par new generation   total 109248K, used 23257K [0x00000007a0000000, 0x00000007a8000000, 0x00000007a8000000)
  eden space 87424K,   1% used [0x00000007a0000000, 0x00000007a0166488, 0x00000007a5560000)
  from space 21824K, 100% used [0x00000007a6ab0000, 0x00000007a8000000, 0x00000007a8000000)
  to   space 21824K,   0% used [0x00000007a5560000, 0x00000007a5560000, 0x00000007a6ab0000)
 concurrent mark-sweep generation total 393216K, used 241798K [0x00000007a8000000, 0x00000007c0000000, 0x00000007c0000000)
 Metaspace       used 30498K, capacity 30872K, committed 31228K, reserved 1077248K
  class space    used 3620K, capacity 3725K, committed 3836K, reserved 1048576K
2016-07-19T17:12:03.283-0530: 14084.615: [GC (CMS Final Remark) 14084.615: [ParNew
Desired survivor size 20112992 bytes, new threshold 8 (max 8)
- age   1:        288 bytes,        288 total
- age   2:   15385120 bytes,   15385408 total
- age   3:    1458168 bytes,   16843576 total
: 23257K->19795K(109248K), 0.0211623 secs] 265055K->261594K(502464K), 0.0212070 secs] [Times: user=0.07 sys=0.00, real=0.02 secs] 
Heap after GC invocations=18 (full 2):
 par new generation   total 109248K, used 19795K [0x00000007a0000000, 0x00000007a8000000, 0x00000007a8000000)
  eden space 87424K,   0% used [0x00000007a0000000, 0x00000007a0000000, 0x00000007a5560000)
  from space 21824K,  90% used [0x00000007a5560000, 0x00000007a68b4ce0, 0x00000007a6ab0000)
  to   space 21824K,   0% used [0x00000007a6ab0000, 0x00000007a6ab0000, 0x00000007a8000000)
 concurrent mark-sweep generation total 393216K, used 241798K [0x00000007a8000000, 0x00000007c0000000, 0x00000007c0000000)
 Metaspace       used 30498K, capacity 30872K, committed 31228K, reserved 1077248K
  class space    used 3620K, capacity 3725K, committed 3836K, reserved 1048576K
}
14084.637: [Rescan (parallel) , 0.0128147 secs]14084.649: [weak refs processing, 0.0012734 secs]14084.651: [class unloading, 0.0610948 secs]14084.712: [scrub symbol table, 0.0133134 secs]14084.725: [scrub string table, 0.0006286 secs][1 CMS-remark: 241798K(393216K)] 261594K(502464K), 0.1158169 secs] [Times: user=0.15 sys=0.04, real=0.11 secs] 
2016-07-19T17:12:03.399-0530: 14084.731: Total time for which application threads were stopped: 0.1160318 seconds
2016-07-19T17:12:03.399-0530: 14084.731: [CMS-concurrent-sweep-start]
2016-07-19T17:12:03.403-0530: 14084.735: Total time for which application threads were stopped: 0.0002553 seconds
2016-07-19T17:12:03.815-0530: 14085.147: [CMS-concurrent-sweep: 0.416/0.416 secs] [Times: user=0.70 sys=0.18, real=0.42 secs] 
2016-07-19T17:12:03.815-0530: 14085.147: [CMS-concurrent-reset-start]
2016-07-19T17:12:03.822-0530: 14085.155: [CMS-concurrent-reset: 0.007/0.007 secs] [Times: user=0.00 sys=0.00, real=0.01 secs] 
2016-07-19T17:12:04.407-0530: 14085.739: Total time for which application threads were stopped: 0.0003942 seconds
{Heap before GC invocations=18 (full 2):
 par new generation   total 109248K, used 107219K [0x00000007a0000000, 0x00000007a8000000, 0x00000007a8000000)
  eden space 87424K, 100% used [0x00000007a0000000, 0x00000007a5560000, 0x00000007a5560000)
  from space 21824K,  90% used [0x00000007a5560000, 0x00000007a68b4ce0, 0x00000007a6ab0000)
  to   space 21824K,   0% used [0x00000007a6ab0000, 0x00000007a6ab0000, 0x00000007a8000000)
 concurrent mark-sweep generation total 393216K, used 94087K [0x00000007a8000000, 0x00000007c0000000, 0x00000007c0000000)
 Metaspace       used 30447K, capacity 30780K, committed 31228K, reserved 1077248K
  class space    used 3611K, capacity 3709K, committed 3836K, reserved 1048576K
2016-07-19T17:12:04.423-0530: 14085.756: [GC (Allocation Failure) 14085.756: [ParNew
Desired survivor size 20112992 bytes, new threshold 3 (max 8)
- age   1:   19821640 bytes,   19821640 total
- age   2:        288 bytes,   19821928 total
- age   3:    1625736 bytes,   21447664 total
- age   4:     886896 bytes,   22334560 total
: 107219K->21824K(109248K), 0.0685204 secs] 201306K->149503K(502464K), 0.0685941 secs] [Times: user=0.21 sys=0.02, real=0.07 secs] 
Heap after GC invocations=19 (full 2):
 par new generation   total 109248K, used 21824K [0x00000007a0000000, 0x00000007a8000000, 0x00000007a8000000)
  eden space 87424K,   0% used [0x00000007a0000000, 0x00000007a0000000, 0x00000007a5560000)
  from space 21824K, 100% used [0x00000007a6ab0000, 0x00000007a8000000, 0x00000007a8000000)
  to   space 21824K,   0% used [0x00000007a5560000, 0x00000007a5560000, 0x00000007a6ab0000)
 concurrent mark-sweep generation total 393216K, used 127679K [0x00000007a8000000, 0x00000007c0000000, 0x00000007c0000000)
 Metaspace       used 30447K, capacity 30780K, committed 31228K, reserved 1077248K
  class space    used 3611K, capacity 3709K, committed 3836K, reserved 1048576K
}
2016-07-19T17:12:04.492-0530: 14085.824: Total time for which application threads were stopped: 0.0687826 seconds
{Heap before GC invocations=19 (full 2):
 par new generation   total 109248K, used 109248K [0x00000007a0000000, 0x00000007a8000000, 0x00000007a8000000)
  eden space 87424K, 100% used [0x00000007a0000000, 0x00000007a5560000, 0x00000007a5560000)
  from space 21824K, 100% used [0x00000007a6ab0000, 0x00000007a8000000, 0x00000007a8000000)
  to   space 21824K,   0% used [0x00000007a5560000, 0x00000007a5560000, 0x00000007a6ab0000)
 concurrent mark-sweep generation total 393216K, used 127679K [0x00000007a8000000, 0x00000007c0000000, 0x00000007c0000000)
 Metaspace       used 30447K, capacity 30780K, committed 31228K, reserved 1077248K
  class space    used 3611K, capacity 3709K, committed 3836K, reserved 1048576K
2016-07-19T17:12:04.608-0530: 14085.940: [GC (Allocation Failure) 14085.940: [ParNew
Desired survivor size 20112992 bytes, new threshold 2 (max 8)
- age   1:    2841232 bytes,    2841232 total
- age   2:   19496616 bytes,   22337848 total
- age   3:        288 bytes,   22338136 total
: 109248K->21824K(109248K), 0.1519674 secs] 236927K->222553K(502464K), 0.1520559 secs] [Times: user=0.38 sys=0.06, real=0.16 secs] 
Heap after GC invocations=20 (full 2):
 par new generation   total 109248K, used 21824K [0x00000007a0000000, 0x00000007a8000000, 0x00000007a8000000)
  eden space 87424K,   0% used [0x00000007a0000000, 0x00000007a0000000, 0x00000007a5560000)
  from space 21824K, 100% used [0x00000007a5560000, 0x00000007a6ab0000, 0x00000007a6ab0000)
  to   space 21824K,   0% used [0x00000007a6ab0000, 0x00000007a6ab0000, 0x00000007a8000000)
 concurrent mark-sweep generation total 393216K, used 200729K [0x00000007a8000000, 0x00000007c0000000, 0x00000007c0000000)
 Metaspace       used 30447K, capacity 30780K, committed 31228K, reserved 1077248K
  class space    used 3611K, capacity 3709K, committed 3836K, reserved 1048576K
}
2016-07-19T17:12:04.760-0530: 14086.092: Total time for which application threads were stopped: 0.1523299 seconds
2016-07-19T17:12:04.760-0530: 14086.093: [GC (CMS Initial Mark) [1 CMS-initial-mark: 200729K(393216K)] 224168K(502464K), 0.0024227 secs] [Times: user=0.01 sys=0.00, real=0.00 secs] 
2016-07-19T17:12:04.763-0530: 14086.095: Total time for which application threads were stopped: 0.0027079 seconds
2016-07-19T17:12:04.763-0530: 14086.095: [CMS-concurrent-mark-start]
2016-07-19T17:12:04.849-0530: 14086.182: [CMS-concurrent-mark: 0.086/0.086 secs] [Times: user=0.27 sys=0.00, real=0.08 secs] 
2016-07-19T17:12:04.849-0530: 14086.182: [CMS-concurrent-preclean-start]
2016-07-19T17:12:04.851-0530: 14086.183: [CMS-concurrent-preclean: 0.002/0.002 secs] [Times: user=0.00 sys=0.00, real=0.01 secs] 
2016-07-19T17:12:04.851-0530: 14086.183: [CMS-concurrent-abortable-preclean-start]
{Heap before GC invocations=20 (full 3):
 par new generation   total 109248K, used 109248K [0x00000007a0000000, 0x00000007a8000000, 0x00000007a8000000)
  eden space 87424K, 100% used [0x00000007a0000000, 0x00000007a5560000, 0x00000007a5560000)
  from space 21824K, 100% used [0x00000007a5560000, 0x00000007a6ab0000, 0x00000007a6ab0000)
  to   space 21824K,   0% used [0x00000007a6ab0000, 0x00000007a6ab0000, 0x00000007a8000000)
 concurrent mark-sweep generation total 393216K, used 200729K [0x00000007a8000000, 0x00000007c0000000, 0x00000007c0000000)
 Metaspace       used 30447K, capacity 30780K, committed 31228K, reserved 1077248K
  class space    used 3611K, capacity 3709K, committed 3836K, reserved 1048576K
2016-07-19T17:12:05.444-0530: 14086.776: [GC (Allocation Failure) 14086.776: [ParNew2016-07-19T17:12:05.464-0530: 14086.797: [CMS-concurrent-abortable-preclean: 0.203/0.613 secs] [Times: user=0.88 sys=0.02, real=0.61 secs] 

Desired survivor size 20112992 bytes, new threshold 1 (max 8)
- age   1:   22333592 bytes,   22333592 total
- age   2:      13592 bytes,   22347184 total
: 109248K->21824K(109248K), 0.1697771 secs] 309977K->286830K(502464K), 0.1698763 secs] [Times: user=0.34 sys=0.11, real=0.17 secs] 
Heap after GC invocations=21 (full 3):
 par new generation   total 109248K, used 21824K [0x00000007a0000000, 0x00000007a8000000, 0x00000007a8000000)
  eden space 87424K,   0% used [0x00000007a0000000, 0x00000007a0000000, 0x00000007a5560000)
  from space 21824K, 100% used [0x00000007a6ab0000, 0x00000007a8000000, 0x00000007a8000000)
  to   space 21824K,   0% used [0x00000007a5560000, 0x00000007a5560000, 0x00000007a6ab0000)
 concurrent mark-sweep generation total 393216K, used 265006K [0x00000007a8000000, 0x00000007c0000000, 0x00000007c0000000)
 Metaspace       used 30447K, capacity 30780K, committed 31228K, reserved 1077248K
  class space    used 3611K, capacity 3709K, committed 3836K, reserved 1048576K
}
2016-07-19T17:12:05.614-0530: 14086.946: Total time for which application threads were stopped: 0.1700604 seconds
2016-07-19T17:12:05.614-0530: 14086.946: [GC (CMS Final Remark) [YG occupancy: 23872 K (109248 K)]{Heap before GC invocations=21 (full 3):
 par new generation   total 109248K, used 23872K [0x00000007a0000000, 0x00000007a8000000, 0x00000007a8000000)
  eden space 87424K,   2% used [0x00000007a0000000, 0x00000007a0200328, 0x00000007a5560000)
  from space 21824K, 100% used [0x00000007a6ab0000, 0x00000007a8000000, 0x00000007a8000000)
  to   space 21824K,   0% used [0x00000007a5560000, 0x00000007a5560000, 0x00000007a6ab0000)
 concurrent mark-sweep generation total 393216K, used 265006K [0x00000007a8000000, 0x00000007c0000000, 0x00000007c0000000)
 Metaspace       used 30447K, capacity 30780K, committed 31228K, reserved 1077248K
  class space    used 3611K, capacity 3709K, committed 3836K, reserved 1048576K
2016-07-19T17:12:05.614-0530: 14086.946: [GC (CMS Final Remark) 14086.946: [ParNew
Desired survivor size 20112992 bytes, new threshold 8 (max 8)
- age   1:        472 bytes,        472 total
: 23872K->18453K(109248K), 0.0579360 secs] 288879K->305283K(502464K), 0.0579879 secs] [Times: user=0.12 sys=0.01, real=0.06 secs] 
Heap after GC invocations=22 (full 3):
 par new generation   total 109248K, used 18453K [0x00000007a0000000, 0x00000007a8000000, 0x00000007a8000000)
  eden space 87424K,   0% used [0x00000007a0000000, 0x00000007a0000000, 0x00000007a5560000)
  from space 21824K,  84% used [0x00000007a5560000, 0x00000007a6765440, 0x00000007a6ab0000)
  to   space 21824K,   0% used [0x00000007a6ab0000, 0x00000007a6ab0000, 0x00000007a8000000)
 concurrent mark-sweep generation total 393216K, used 286829K [0x00000007a8000000, 0x00000007c0000000, 0x00000007c0000000)
 Metaspace       used 30447K, capacity 30780K, committed 31228K, reserved 1077248K
  class space    used 3611K, capacity 3709K, committed 3836K, reserved 1048576K
}
14087.004: [Rescan (parallel) , 0.0303634 secs]14087.035: [weak refs processing, 0.0029450 secs]14087.038: [class unloading, 0.0271052 secs]14087.065: [scrub symbol table, 0.0046664 secs]14087.069: [scrub string table, 0.0003735 secs][1 CMS-remark: 286829K(393216K)] 305283K(502464K), 0.1267157 secs] [Times: user=0.26 sys=0.01, real=0.13 secs] 
2016-07-19T17:12:05.741-0530: 14087.073: Total time for which application threads were stopped: 0.1269039 seconds
2016-07-19T17:12:05.741-0530: 14087.073: [CMS-concurrent-sweep-start]
2016-07-19T17:12:05.854-0530: 14087.186: [CMS-concurrent-sweep: 0.113/0.113 secs] [Times: user=0.17 sys=0.00, real=0.11 secs] 
2016-07-19T17:12:05.854-0530: 14087.186: [CMS-concurrent-reset-start]
2016-07-19T17:12:05.854-0530: 14087.187: [CMS-concurrent-reset: 0.000/0.000 secs] [Times: user=0.00 sys=0.00, real=0.00 secs] 
{Heap before GC invocations=22 (full 3):
 par new generation   total 109248K, used 103086K [0x00000007a0000000, 0x00000007a8000000, 0x00000007a8000000)
  eden space 87424K,  96% used [0x00000007a0000000, 0x00000007a52a6658, 0x00000007a5560000)
  from space 21824K,  84% used [0x00000007a5560000, 0x00000007a6765440, 0x00000007a6ab0000)
  to   space 21824K,   0% used [0x00000007a6ab0000, 0x00000007a6ab0000, 0x00000007a8000000)
 concurrent mark-sweep generation total 393216K, used 278578K [0x00000007a8000000, 0x00000007c0000000, 0x00000007c0000000)
 Metaspace       used 30447K, capacity 30780K, committed 31228K, reserved 1077248K
  class space    used 3611K, capacity 3709K, committed 3836K, reserved 1048576K
2016-07-19T17:12:07.626-0530: 14088.959: [GC (Allocation Failure) 14088.959: [ParNew
Desired survivor size 20112992 bytes, new threshold 1 (max 8)
- age   1:   22347008 bytes,   22347008 total
- age   2:        448 bytes,   22347456 total
: 103086K->21824K(109248K), 0.0657089 secs] 381665K->326172K(502464K), 0.0657839 secs] [Times: user=0.18 sys=0.02, real=0.07 secs] 
Heap after GC invocations=23 (full 3):
 par new generation   total 109248K, used 21824K [0x00000007a0000000, 0x00000007a8000000, 0x00000007a8000000)
  eden space 87424K,   0% used [0x00000007a0000000, 0x00000007a0000000, 0x00000007a5560000)
  from space 21824K, 100% used [0x00000007a6ab0000, 0x00000007a8000000, 0x00000007a8000000)
  to   space 21824K,   0% used [0x00000007a5560000, 0x00000007a5560000, 0x00000007a6ab0000)
 concurrent mark-sweep generation total 393216K, used 304348K [0x00000007a8000000, 0x00000007c0000000, 0x00000007c0000000)
 Metaspace       used 30447K, capacity 30780K, committed 31228K, reserved 1077248K
  class space    used 3611K, capacity 3709K, committed 3836K, reserved 1048576K
}
2016-07-19T17:12:07.692-0530: 14089.025: Total time for which application threads were stopped: 0.0659923 seconds
2016-07-19T17:12:07.693-0530: 14089.025: [GC (CMS Initial Mark) [1 CMS-initial-mark: 304348K(393216K)] 329337K(502464K), 0.0089976 secs] [Times: user=0.03 sys=0.00, real=0.01 secs] 
2016-07-19T17:12:07.702-0530: 14089.034: Total time for which application threads were stopped: 0.0094919 seconds
2016-07-19T17:12:07.702-0530: 14089.034: [CMS-concurrent-mark-start]
2016-07-19T17:12:07.871-0530: 14089.203: [CMS-concurrent-mark: 0.169/0.169 secs] [Times: user=0.58 sys=0.01, real=0.17 secs] 
2016-07-19T17:12:07.871-0530: 14089.203: [CMS-concurrent-preclean-start]
2016-07-19T17:12:07.872-0530: 14089.205: [CMS-concurrent-preclean: 0.001/0.001 secs] [Times: user=0.00 sys=0.00, real=0.00 secs] 
2016-07-19T17:12:07.872-0530: 14089.205: [CMS-concurrent-abortable-preclean-start]
2016-07-19T17:12:08.272-0530: 14089.604: [CMS-concurrent-abortable-preclean: 0.190/0.399 secs] [Times: user=0.59 sys=0.00, real=0.40 secs] 
2016-07-19T17:12:08.272-0530: 14089.604: [GC (CMS Final Remark) [YG occupancy: 83739 K (109248 K)]{Heap before GC invocations=23 (full 4):
 par new generation   total 109248K, used 83739K [0x00000007a0000000, 0x00000007a8000000, 0x00000007a8000000)
  eden space 87424K,  70% used [0x00000007a0000000, 0x00000007a3c76e10, 0x00000007a5560000)
  from space 21824K, 100% used [0x00000007a6ab0000, 0x00000007a8000000, 0x00000007a8000000)
  to   space 21824K,   0% used [0x00000007a5560000, 0x00000007a5560000, 0x00000007a6ab0000)
 concurrent mark-sweep generation total 393216K, used 304348K [0x00000007a8000000, 0x00000007c0000000, 0x00000007c0000000)
 Metaspace       used 30447K, capacity 30780K, committed 31228K, reserved 1077248K
  class space    used 3611K, capacity 3709K, committed 3836K, reserved 1048576K
2016-07-19T17:12:08.272-0530: 14089.604: [GC (CMS Final Remark) 14089.604: [ParNew
Desired survivor size 20112992 bytes, new threshold 8 (max 8)
- age   1:   15928592 bytes,   15928592 total
: 83739K->21405K(109248K), 0.0578411 secs] 388088K->345467K(502464K), 0.0579250 secs] [Times: user=0.19 sys=0.01, real=0.06 secs] 
Heap after GC invocations=24 (full 4):
 par new generation   total 109248K, used 21405K [0x00000007a0000000, 0x00000007a8000000, 0x00000007a8000000)
  eden space 87424K,   0% used [0x00000007a0000000, 0x00000007a0000000, 0x00000007a5560000)
  from space 21824K,  98% used [0x00000007a5560000, 0x00000007a6a47688, 0x00000007a6ab0000)
  to   space 21824K,   0% used [0x00000007a6ab0000, 0x00000007a6ab0000, 0x00000007a8000000)
 concurrent mark-sweep generation total 393216K, used 324061K [0x00000007a8000000, 0x00000007c0000000, 0x00000007c0000000)
 Metaspace       used 30447K, capacity 30780K, committed 31228K, reserved 1077248K
  class space    used 3611K, capacity 3709K, committed 3836K, reserved 1048576K
}
14089.662: [Rescan (parallel) , 0.0316919 secs]14089.694: [weak refs processing, 0.0024258 secs]14089.696: [class unloading, 0.0297751 secs]14089.726: [scrub symbol table, 0.0042716 secs]14089.731: [scrub string table, 0.0003783 secs][1 CMS-remark: 324061K(393216K)] 345467K(502464K), 0.1307052 secs] [Times: user=0.29 sys=0.02, real=0.13 secs] 
2016-07-19T17:12:08.403-0530: 14089.735: Total time for which application threads were stopped: 0.1309506 seconds
2016-07-19T17:12:08.403-0530: 14089.735: [CMS-concurrent-sweep-start]
2016-07-19T17:12:08.489-0530: 14089.821: [CMS-concurrent-sweep: 0.086/0.086 secs] [Times: user=0.17 sys=0.00, real=0.08 secs] 
2016-07-19T17:12:08.489-0530: 14089.821: [CMS-concurrent-reset-start]
2016-07-19T17:12:08.489-0530: 14089.822: [CMS-concurrent-reset: 0.000/0.000 secs] [Times: user=0.00 sys=0.00, real=0.00 secs] 
{Heap before GC invocations=24 (full 4):
 par new generation   total 109248K, used 108829K [0x00000007a0000000, 0x00000007a8000000, 0x00000007a8000000)
  eden space 87424K, 100% used [0x00000007a0000000, 0x00000007a5560000, 0x00000007a5560000)
  from space 21824K,  98% used [0x00000007a5560000, 0x00000007a6a47688, 0x00000007a6ab0000)
  to   space 21824K,   0% used [0x00000007a6ab0000, 0x00000007a6ab0000, 0x00000007a8000000)
 concurrent mark-sweep generation total 393216K, used 314496K [0x00000007a8000000, 0x00000007c0000000, 0x00000007c0000000)
 Metaspace       used 30447K, capacity 30780K, committed 31228K, reserved 1077248K
  class space    used 3611K, capacity 3709K, committed 3836K, reserved 1048576K
2016-07-19T17:12:09.058-0530: 14090.391: [GC (Allocation Failure) 14090.391: [ParNew: 108829K->108829K(109248K), 0.0000238 secs]14090.391: [CMS: 314496K->177651K(393216K), 0.3919094 secs] 423325K->177651K(502464K), [Metaspace: 30447K->30447K(1077248K)], 0.3920787 secs] [Times: user=0.30 sys=0.05, real=0.40 secs] 
Heap after GC invocations=25 (full 5):
 par new generation   total 109248K, used 0K [0x00000007a0000000, 0x00000007a8000000, 0x00000007a8000000)
  eden space 87424K,   0% used [0x00000007a0000000, 0x00000007a0000000, 0x00000007a5560000)
  from space 21824K,   0% used [0x00000007a5560000, 0x00000007a5560000, 0x00000007a6ab0000)
  to   space 21824K,   0% used [0x00000007a6ab0000, 0x00000007a6ab0000, 0x00000007a8000000)
 concurrent mark-sweep generation total 393216K, used 177651K [0x00000007a8000000, 0x00000007c0000000, 0x00000007c0000000)
 Metaspace       used 30447K, capacity 30780K, committed 31228K, reserved 1077248K
  class space    used 3611K, capacity 3709K, committed 3836K, reserved 1048576K
}
2016-07-19T17:12:09.450-0530: 14090.783: Total time for which application threads were stopped: 0.3923216 seconds
{Heap before GC invocations=25 (full 5):
 par new generation   total 109248K, used 87424K [0x00000007a0000000, 0x00000007a8000000, 0x00000007a8000000)
  eden space 87424K, 100% used [0x00000007a0000000, 0x00000007a5560000, 0x00000007a5560000)
  from space 21824K,   0% used [0x00000007a5560000, 0x00000007a5560000, 0x00000007a6ab0000)
  to   space 21824K,   0% used [0x00000007a6ab0000, 0x00000007a6ab0000, 0x00000007a8000000)
 concurrent mark-sweep generation total 393216K, used 177651K [0x00000007a8000000, 0x00000007c0000000, 0x00000007c0000000)
 Metaspace       used 30447K, capacity 30780K, committed 31228K, reserved 1077248K
  class space    used 3611K, capacity 3709K, committed 3836K, reserved 1048576K
2016-07-19T17:12:10.215-0530: 14091.548: [GC (Allocation Failure) 14091.548: [ParNew
Desired survivor size 20112992 bytes, new threshold 8 (max 8)
- age   1:        744 bytes,        744 total
: 87424K->1762K(109248K), 0.0021435 secs] 265075K->179413K(502464K), 0.0022250 secs] [Times: user=0.00 sys=0.00, real=0.00 secs] 
Heap after GC invocations=26 (full 5):
 par new generation   total 109248K, used 1762K [0x00000007a0000000, 0x00000007a8000000, 0x00000007a8000000)
  eden space 87424K,   0% used [0x00000007a0000000, 0x00000007a0000000, 0x00000007a5560000)
  from space 21824K,   8% used [0x00000007a6ab0000, 0x00000007a6c68940, 0x00000007a8000000)
  to   space 21824K,   0% used [0x00000007a5560000, 0x00000007a5560000, 0x00000007a6ab0000)
 concurrent mark-sweep generation total 393216K, used 177651K [0x00000007a8000000, 0x00000007c0000000, 0x00000007c0000000)
 Metaspace       used 30447K, capacity 30780K, committed 31228K, reserved 1077248K
  class space    used 3611K, capacity 3709K, committed 3836K, reserved 1048576K
}
2016-07-19T17:12:10.218-0530: 14091.550: Total time for which application threads were stopped: 0.0024166 seconds
{Heap before GC invocations=26 (full 5):
 par new generation   total 109248K, used 89186K [0x00000007a0000000, 0x00000007a8000000, 0x00000007a8000000)
  eden space 87424K, 100% used [0x00000007a0000000, 0x00000007a5560000, 0x00000007a5560000)
  from space 21824K,   8% used [0x00000007a6ab0000, 0x00000007a6c68940, 0x00000007a8000000)
  to   space 21824K,   0% used [0x00000007a5560000, 0x00000007a5560000, 0x00000007a6ab0000)
 concurrent mark-sweep generation total 393216K, used 177651K [0x00000007a8000000, 0x00000007c0000000, 0x00000007c0000000)
 Metaspace       used 30447K, capacity 30780K, committed 31228K, reserved 1077248K
  class space    used 3611K, capacity 3709K, committed 3836K, reserved 1048576K
2016-07-19T17:12:11.456-0530: 14092.789: [GC (Allocation Failure) 14092.789: [ParNew
Desired survivor size 20112992 bytes, new threshold 8 (max 8)
- age   1:    9216256 bytes,    9216256 total
- age   2:        744 bytes,    9217000 total
: 89186K->9491K(109248K), 0.0137723 secs] 266837K->187142K(502464K), 0.0138331 secs] [Times: user=0.04 sys=0.00, real=0.02 secs] 
Heap after GC invocations=27 (full 5):
 par new generation   total 109248K, used 9491K [0x00000007a0000000, 0x00000007a8000000, 0x00000007a8000000)
  eden space 87424K,   0% used [0x00000007a0000000, 0x00000007a0000000, 0x00000007a5560000)
  from space 21824K,  43% used [0x00000007a5560000, 0x00000007a5ea4d40, 0x00000007a6ab0000)
  to   space 21824K,   0% used [0x00000007a6ab0000, 0x00000007a6ab0000, 0x00000007a8000000)
 concurrent mark-sweep generation total 393216K, used 177651K [0x00000007a8000000, 0x00000007c0000000, 0x00000007c0000000)
 Metaspace       used 30447K, capacity 30780K, committed 31228K, reserved 1077248K
  class space    used 3611K, capacity 3709K, committed 3836K, reserved 1048576K
}
2016-07-19T17:12:11.470-0530: 14092.803: Total time for which application threads were stopped: 0.0140438 seconds
{Heap before GC invocations=27 (full 5):
 par new generation   total 109248K, used 96798K [0x00000007a0000000, 0x00000007a8000000, 0x00000007a8000000)
  eden space 87424K,  99% used [0x00000007a0000000, 0x00000007a5542de8, 0x00000007a5560000)
  from space 21824K,  43% used [0x00000007a5560000, 0x00000007a5ea4d40, 0x00000007a6ab0000)
  to   space 21824K,   0% used [0x00000007a6ab0000, 0x00000007a6ab0000, 0x00000007a8000000)
 concurrent mark-sweep generation total 393216K, used 177651K [0x00000007a8000000, 0x00000007c0000000, 0x00000007c0000000)
 Metaspace       used 30447K, capacity 30780K, committed 31228K, reserved 1077248K
  class space    used 3611K, capacity 3709K, committed 3836K, reserved 1048576K
2016-07-19T17:12:12.275-0530: 14093.608: [GC (Allocation Failure) 14093.608: [ParNew
Desired survivor size 20112992 bytes, new threshold 8 (max 8)
- age   1:   18419120 bytes,   18419120 total
- age   2:        160 bytes,   18419280 total
- age   3:        744 bytes,   18420024 total
: 96798K->21142K(109248K), 0.0101759 secs] 274449K->198793K(502464K), 0.0102644 secs] [Times: user=0.04 sys=0.00, real=0.01 secs] 
Heap after GC invocations=28 (full 5):
 par new generation   total 109248K, used 21142K [0x00000007a0000000, 0x00000007a8000000, 0x00000007a8000000)
  eden space 87424K,   0% used [0x00000007a0000000, 0x00000007a0000000, 0x00000007a5560000)
  from space 21824K,  96% used [0x00000007a6ab0000, 0x00000007a7f55928, 0x00000007a8000000)
  to   space 21824K,   0% used [0x00000007a5560000, 0x00000007a5560000, 0x00000007a6ab0000)
 concurrent mark-sweep generation total 393216K, used 177651K [0x00000007a8000000, 0x00000007c0000000, 0x00000007c0000000)
 Metaspace       used 30447K, capacity 30780K, committed 31228K, reserved 1077248K
  class space    used 3611K, capacity 3709K, committed 3836K, reserved 1048576K
}
2016-07-19T17:12:12.285-0530: 14093.618: Total time for which application threads were stopped: 0.0104507 seconds
2016-07-19T17:12:13.297-0530: 14094.630: Total time for which application threads were stopped: 0.0074133 seconds
2016-07-19T17:12:16.305-0530: 14097.638: Total time for which application threads were stopped: 0.0001902 seconds
2016-07-19T17:12:20.314-0530: 14101.646: Total time for which application threads were stopped: 0.0002480 seconds
{Heap before GC invocations=28 (full 5):
 par new generation   total 109248K, used 108566K [0x00000007a0000000, 0x00000007a8000000, 0x00000007a8000000)
  eden space 87424K, 100% used [0x00000007a0000000, 0x00000007a5560000, 0x00000007a5560000)
  from space 21824K,  96% used [0x00000007a6ab0000, 0x00000007a7f55928, 0x00000007a8000000)
  to   space 21824K,   0% used [0x00000007a5560000, 0x00000007a5560000, 0x00000007a6ab0000)
 concurrent mark-sweep generation total 393216K, used 177651K [0x00000007a8000000, 0x00000007c0000000, 0x00000007c0000000)
 Metaspace       used 30463K, capacity 30780K, committed 31228K, reserved 1077248K
  class space    used 3612K, capacity 3709K, committed 3836K, reserved 1048576K
2016-07-19T17:12:21.007-0530: 14102.339: [GC (Allocation Failure) 14102.342: [ParNew
Desired survivor size 20112992 bytes, new threshold 2 (max 8)
- age   1:    8240840 bytes,    8240840 total
- age   2:   14105848 bytes,   22346688 total
- age   4:        712 bytes,   22347400 total
: 108566K->21824K(109248K), 0.0122250 secs] 286217K->202963K(502464K), 0.0152659 secs] [Times: user=0.04 sys=0.00, real=0.02 secs] 
Heap after GC invocations=29 (full 5):
 par new generation   total 109248K, used 21824K [0x00000007a0000000, 0x00000007a8000000, 0x00000007a8000000)
  eden space 87424K,   0% used [0x00000007a0000000, 0x00000007a0000000, 0x00000007a5560000)
  from space 21824K, 100% used [0x00000007a5560000, 0x00000007a6ab0000, 0x00000007a6ab0000)
  to   space 21824K,   0% used [0x00000007a6ab0000, 0x00000007a6ab0000, 0x00000007a8000000)
 concurrent mark-sweep generation total 393216K, used 181139K [0x00000007a8000000, 0x00000007c0000000, 0x00000007c0000000)
 Metaspace       used 30463K, capacity 30780K, committed 31228K, reserved 1077248K
  class space    used 3612K, capacity 3709K, committed 3836K, reserved 1048576K
}
2016-07-19T17:12:21.022-0530: 14102.355: Total time for which application threads were stopped: 0.0156197 seconds
2016-07-19T17:12:22.027-0530: 14103.360: Total time for which application threads were stopped: 0.0002312 seconds
2016-07-19T17:12:42.082-0530: 14123.415: Total time for which application threads were stopped: 0.0005670 seconds
2016-07-19T17:12:56.127-0530: 14137.461: Total time for which application threads were stopped: 0.0001486 seconds
2016-07-19T19:43:55.893-0530: 23197.408: Total time for which application threads were stopped: 0.0417144 seconds
2016-07-19T19:59:42.634-0530: 24144.169: Total time for which application threads were stopped: 0.0009781 seconds
2016-07-19T20:00:02.703-0530: 24164.238: Total time for which application threads were stopped: 0.0002533 seconds
2016-07-19T20:00:06.192-0530: 24167.728: Total time for which application threads were stopped: 0.0586370 seconds
2016-07-19T20:00:06.193-0530: 24167.728: Total time for which application threads were stopped: 0.0002438 seconds
2016-07-19T20:00:06.306-0530: 24167.842: Total time for which application threads were stopped: 0.0840256 seconds
2016-07-19T20:00:07.424-0530: 24168.959: Total time for which application threads were stopped: 0.1125611 seconds
2016-07-19T20:00:07.639-0530: 24169.175: Total time for which application threads were stopped: 0.2151185 seconds
2016-07-19T20:00:08.278-0530: 24169.813: Total time for which application threads were stopped: 0.0588515 seconds
2016-07-19T20:00:08.378-0530: 24169.914: Total time for which application threads were stopped: 0.1001297 seconds
2016-07-19T20:00:09.434-0530: 24170.969: Total time for which application threads were stopped: 0.2528821 seconds
2016-07-19T20:00:09.618-0530: 24171.153: Total time for which application threads were stopped: 0.1823968 seconds
2016-07-19T20:00:10.831-0530: 24172.366: Total time for which application threads were stopped: 0.2123114 seconds
2016-07-19T20:00:11.961-0530: 24173.496: Total time for which application threads were stopped: 0.1280799 seconds
2016-07-19T20:00:13.122-0530: 24174.657: Total time for which application threads were stopped: 0.1588362 seconds
2016-07-19T20:00:14.190-0530: 24175.726: Total time for which application threads were stopped: 0.0652568 seconds
2016-07-19T20:00:14.882-0530: 24176.417: Total time for which application threads were stopped: 0.0910795 seconds
2016-07-19T20:00:14.967-0530: 24176.502: Total time for which application threads were stopped: 0.0829085 seconds
2016-07-19T20:00:15.173-0530: 24176.708: Total time for which application threads were stopped: 0.1880911 seconds
2016-07-19T20:00:16.247-0530: 24177.782: Total time for which application threads were stopped: 0.0714398 seconds
2016-07-19T20:00:16.629-0530: 24178.164: Total time for which application threads were stopped: 0.1684770 seconds
2016-07-19T20:00:16.755-0530: 24178.291: Total time for which application threads were stopped: 0.1261571 seconds
2016-07-19T20:00:18.842-0530: 24180.378: Total time for which application threads were stopped: 0.0820653 seconds
2016-07-19T20:00:20.908-0530: 24182.444: Total time for which application threads were stopped: 0.0612896 seconds
2016-07-19T20:00:22.045-0530: 24183.580: Total time for which application threads were stopped: 0.1327830 seconds
{Heap before GC invocations=29 (full 5):
 par new generation   total 109248K, used 107421K [0x00000007a0000000, 0x00000007a8000000, 0x00000007a8000000)
  eden space 87424K,  97% used [0x00000007a0000000, 0x00000007a5397788, 0x00000007a5560000)
  from space 21824K, 100% used [0x00000007a5560000, 0x00000007a6ab0000, 0x00000007a6ab0000)
  to   space 21824K,   0% used [0x00000007a6ab0000, 0x00000007a6ab0000, 0x00000007a8000000)
 concurrent mark-sweep generation total 393216K, used 181139K [0x00000007a8000000, 0x00000007c0000000, 0x00000007c0000000)
 Metaspace       used 30540K, capacity 30844K, committed 31484K, reserved 1077248K
  class space    used 3612K, capacity 3709K, committed 3836K, reserved 1048576K
2016-07-19T20:00:27.745-0530: 24189.304: [GC (Allocation Failure) 24189.309: [ParNew
Desired survivor size 20112992 bytes, new threshold 8 (max 8)
- age   1:   14372048 bytes,   14372048 total
- age   2:    2166824 bytes,   16538872 total
: 107421K->21824K(109248K), 0.1246472 secs] 288561K->221871K(502464K), 0.1293098 secs] [Times: user=0.09 sys=0.20, real=0.15 secs] 
Heap after GC invocations=30 (full 5):
 par new generation   total 109248K, used 21824K [0x00000007a0000000, 0x00000007a8000000, 0x00000007a8000000)
  eden space 87424K,   0% used [0x00000007a0000000, 0x00000007a0000000, 0x00000007a5560000)
  from space 21824K, 100% used [0x00000007a6ab0000, 0x00000007a8000000, 0x00000007a8000000)
  to   space 21824K,   0% used [0x00000007a5560000, 0x00000007a5560000, 0x00000007a6ab0000)
 concurrent mark-sweep generation total 393216K, used 200047K [0x00000007a8000000, 0x00000007c0000000, 0x00000007c0000000)
 Metaspace       used 30540K, capacity 30844K, committed 31484K, reserved 1077248K
  class space    used 3612K, capacity 3709K, committed 3836K, reserved 1048576K
}
2016-07-19T20:00:27.898-0530: 24189.433: Total time for which application threads were stopped: 0.2002529 seconds
2016-07-19T20:00:27.901-0530: 24189.437: [GC (CMS Initial Mark) [1 CMS-initial-mark: 200047K(393216K)] 223982K(502464K), 0.0039922 secs] [Times: user=0.01 sys=0.00, real=0.00 secs] 
2016-07-19T20:00:27.905-0530: 24189.441: Total time for which application threads were stopped: 0.0071011 seconds
2016-07-19T20:00:27.905-0530: 24189.441: [CMS-concurrent-mark-start]
2016-07-19T20:00:27.988-0530: 24189.524: [CMS-concurrent-mark: 0.084/0.084 secs] [Times: user=0.06 sys=0.07, real=0.08 secs] 
2016-07-19T20:00:27.988-0530: 24189.524: [CMS-concurrent-preclean-start]
2016-07-19T20:00:27.998-0530: 24189.533: [CMS-concurrent-preclean: 0.009/0.009 secs] [Times: user=0.00 sys=0.00, real=0.01 secs] 
2016-07-19T20:00:27.998-0530: 24189.533: [CMS-concurrent-abortable-preclean-start]
{Heap before GC invocations=30 (full 6):
 par new generation   total 109248K, used 108692K [0x00000007a0000000, 0x00000007a8000000, 0x00000007a8000000)
  eden space 87424K,  99% used [0x00000007a0000000, 0x00000007a54d5070, 0x00000007a5560000)
  from space 21824K, 100% used [0x00000007a6ab0000, 0x00000007a8000000, 0x00000007a8000000)
  to   space 21824K,   0% used [0x00000007a5560000, 0x00000007a5560000, 0x00000007a6ab0000)
 concurrent mark-sweep generation total 393216K, used 200047K [0x00000007a8000000, 0x00000007c0000000, 0x00000007c0000000)
 Metaspace       used 30540K, capacity 30844K, committed 31484K, reserved 1077248K
  class space    used 3612K, capacity 3709K, committed 3836K, reserved 1048576K
2016-07-19T20:00:28.772-0530: 24190.308: [GC (Allocation Failure) 24190.308: [ParNew2016-07-19T20:00:28.839-0530: 24190.375: [CMS-concurrent-abortable-preclean: 0.230/0.841 secs] [Times: user=1.46 sys=0.15, real=0.84 secs] 

Desired survivor size 20112992 bytes, new threshold 2 (max 8)
- age   1:    8997352 bytes,    8997352 total
- age   2:   11124984 bytes,   20122336 total
- age   3:    2159600 bytes,   22281936 total
: 108692K->21824K(109248K), 0.2111272 secs] 308740K->265929K(502464K), 0.2111909 secs] [Times: user=0.27 sys=0.18, real=0.21 secs] 
Heap after GC invocations=31 (full 6):
 par new generation   total 109248K, used 21824K [0x00000007a0000000, 0x00000007a8000000, 0x00000007a8000000)
  eden space 87424K,   0% used [0x00000007a0000000, 0x00000007a0000000, 0x00000007a5560000)
  from space 21824K, 100% used [0x00000007a5560000, 0x00000007a6ab0000, 0x00000007a6ab0000)
  to   space 21824K,   0% used [0x00000007a6ab0000, 0x00000007a6ab0000, 0x00000007a8000000)
 concurrent mark-sweep generation total 393216K, used 244105K [0x00000007a8000000, 0x00000007c0000000, 0x00000007c0000000)
 Metaspace       used 30540K, capacity 30844K, committed 31484K, reserved 1077248K
  class space    used 3612K, capacity 3709K, committed 3836K, reserved 1048576K
}
2016-07-19T20:00:28.983-0530: 24190.519: Total time for which application threads were stopped: 0.2114129 seconds
2016-07-19T20:00:28.984-0530: 24190.519: [GC (CMS Final Remark) [YG occupancy: 23317 K (109248 K)]{Heap before GC invocations=31 (full 6):
 par new generation   total 109248K, used 23317K [0x00000007a0000000, 0x00000007a8000000, 0x00000007a8000000)
  eden space 87424K,   1% used [0x00000007a0000000, 0x00000007a0175730, 0x00000007a5560000)
  from space 21824K, 100% used [0x00000007a5560000, 0x00000007a6ab0000, 0x00000007a6ab0000)
  to   space 21824K,   0% used [0x00000007a6ab0000, 0x00000007a6ab0000, 0x00000007a8000000)
 concurrent mark-sweep generation total 393216K, used 244105K [0x00000007a8000000, 0x00000007c0000000, 0x00000007c0000000)
 Metaspace       used 30540K, capacity 30844K, committed 31484K, reserved 1077248K
  class space    used 3612K, capacity 3709K, committed 3836K, reserved 1048576K
2016-07-19T20:00:28.984-0530: 24190.519: [GC (CMS Final Remark) 24190.519: [ParNew
Desired survivor size 20112992 bytes, new threshold 8 (max 8)
- age   1:     640304 bytes,     640304 total
- age   2:    8570464 bytes,    9210768 total
: 23317K->19087K(109248K), 0.0470141 secs] 267422K->276184K(502464K), 0.0470834 secs] [Times: user=0.05 sys=0.04, real=0.05 secs] 
Heap after GC invocations=32 (full 6):
 par new generation   total 109248K, used 19087K [0x00000007a0000000, 0x00000007a8000000, 0x00000007a8000000)
  eden space 87424K,   0% used [0x00000007a0000000, 0x00000007a0000000, 0x00000007a5560000)
  from space 21824K,  87% used [0x00000007a6ab0000, 0x00000007a7d53c80, 0x00000007a8000000)
  to   space 21824K,   0% used [0x00000007a5560000, 0x00000007a5560000, 0x00000007a6ab0000)
 concurrent mark-sweep generation total 393216K, used 257096K [0x00000007a8000000, 0x00000007c0000000, 0x00000007c0000000)
 Metaspace       used 30540K, capacity 30844K, committed 31484K, reserved 1077248K
  class space    used 3612K, capacity 3709K, committed 3836K, reserved 1048576K
}
24190.567: [Rescan (parallel) , 0.0213431 secs]24190.588: [weak refs processing, 0.0009526 secs]24190.589: [class unloading, 0.0459740 secs]24190.635: [scrub symbol table, 0.0204930 secs]24190.655: [scrub string table, 0.0003929 secs][1 CMS-remark: 257096K(393216K)] 276184K(502464K), 0.1399768 secs] [Times: user=0.16 sys=0.08, real=0.14 secs] 
2016-07-19T20:00:29.124-0530: 24190.659: Total time for which application threads were stopped: 0.1401560 seconds
2016-07-19T20:00:29.124-0530: 24190.660: [CMS-concurrent-sweep-start]
2016-07-19T20:00:29.434-0530: 24190.969: [CMS-concurrent-sweep: 0.310/0.310 secs] [Times: user=0.41 sys=0.11, real=0.31 secs] 
2016-07-19T20:00:29.454-0530: 24190.989: [CMS-concurrent-reset-start]
2016-07-19T20:00:29.457-0530: 24190.992: [CMS-concurrent-reset: 0.003/0.003 secs] [Times: user=0.00 sys=0.01, real=0.00 secs] 
{Heap before GC invocations=32 (full 6):
 par new generation   total 109248K, used 106511K [0x00000007a0000000, 0x00000007a8000000, 0x00000007a8000000)
  eden space 87424K, 100% used [0x00000007a0000000, 0x00000007a5560000, 0x00000007a5560000)
  from space 21824K,  87% used [0x00000007a6ab0000, 0x00000007a7d53c80, 0x00000007a8000000)
  to   space 21824K,   0% used [0x00000007a5560000, 0x00000007a5560000, 0x00000007a6ab0000)
 concurrent mark-sweep generation total 393216K, used 100387K [0x00000007a8000000, 0x00000007c0000000, 0x00000007c0000000)
 Metaspace       used 30540K, capacity 30844K, committed 31484K, reserved 1077248K
  class space    used 3612K, capacity 3709K, committed 3836K, reserved 1048576K
2016-07-19T20:00:29.941-0530: 24191.477: [GC (Allocation Failure) 24191.477: [ParNew
Desired survivor size 20112992 bytes, new threshold 8 (max 8)
- age   1:    5797096 bytes,    5797096 total
- age   3:    6045360 bytes,   11842456 total
: 106511K->13771K(109248K), 0.0120030 secs] 206898K->114158K(502464K), 0.0120643 secs] [Times: user=0.03 sys=0.00, real=0.01 secs] 
Heap after GC invocations=33 (full 6):
 par new generation   total 109248K, used 13771K [0x00000007a0000000, 0x00000007a8000000, 0x00000007a8000000)
  eden space 87424K,   0% used [0x00000007a0000000, 0x00000007a0000000, 0x00000007a5560000)
  from space 21824K,  63% used [0x00000007a5560000, 0x00000007a62d2e88, 0x00000007a6ab0000)
  to   space 21824K,   0% used [0x00000007a6ab0000, 0x00000007a6ab0000, 0x00000007a8000000)
 concurrent mark-sweep generation total 393216K, used 100387K [0x00000007a8000000, 0x00000007c0000000, 0x00000007c0000000)
 Metaspace       used 30540K, capacity 30844K, committed 31484K, reserved 1077248K
  class space    used 3612K, capacity 3709K, committed 3836K, reserved 1048576K
}
2016-07-19T20:00:29.953-0530: 24191.489: Total time for which application threads were stopped: 0.0122878 seconds
2016-07-19T20:00:30.956-0530: 24192.492: Total time for which application threads were stopped: 0.0001383 seconds
2016-07-19T20:00:31.797-0530: 24193.333: Total time for which application threads were stopped: 0.0001247 seconds
{Heap before GC invocations=33 (full 6):
 par new generation   total 109248K, used 100035K [0x00000007a0000000, 0x00000007a8000000, 0x00000007a8000000)
  eden space 87424K,  98% used [0x00000007a0000000, 0x00000007a543e0b0, 0x00000007a5560000)
  from space 21824K,  63% used [0x00000007a5560000, 0x00000007a62d2e88, 0x00000007a6ab0000)
  to   space 21824K,   0% used [0x00000007a6ab0000, 0x00000007a6ab0000, 0x00000007a8000000)
 concurrent mark-sweep generation total 393216K, used 100387K [0x00000007a8000000, 0x00000007c0000000, 0x00000007c0000000)
 Metaspace       used 30549K, capacity 30844K, committed 31484K, reserved 1077248K
  class space    used 3614K, capacity 3709K, committed 3836K, reserved 1048576K
2016-07-19T20:00:32.410-0530: 24193.946: [GC (Allocation Failure) 24193.946: [ParNew
Desired survivor size 20112992 bytes, new threshold 4 (max 8)
- age   1:   12992960 bytes,   12992960 total
- age   2:    3509248 bytes,   16502208 total
- age   4:    5819720 bytes,   22321928 total
: 100035K->21824K(109248K), 0.0353472 secs] 200423K->130216K(502464K), 0.0354596 secs] [Times: user=0.09 sys=0.03, real=0.03 secs] 
Heap after GC invocations=34 (full 6):
 par new generation   total 109248K, used 21824K [0x00000007a0000000, 0x00000007a8000000, 0x00000007a8000000)
  eden space 87424K,   0% used [0x00000007a0000000, 0x00000007a0000000, 0x00000007a5560000)
  from space 21824K, 100% used [0x00000007a6ab0000, 0x00000007a8000000, 0x00000007a8000000)
  to   space 21824K,   0% used [0x00000007a5560000, 0x00000007a5560000, 0x00000007a6ab0000)
 concurrent mark-sweep generation total 393216K, used 108392K [0x00000007a8000000, 0x00000007c0000000, 0x00000007c0000000)
 Metaspace       used 30549K, capacity 30844K, committed 31484K, reserved 1077248K
  class space    used 3614K, capacity 3709K, committed 3836K, reserved 1048576K
}
2016-07-19T20:00:32.446-0530: 24193.982: Total time for which application threads were stopped: 0.0357628 seconds
{Heap before GC invocations=34 (full 6):
 par new generation   total 109248K, used 109248K [0x00000007a0000000, 0x00000007a8000000, 0x00000007a8000000)
  eden space 87424K, 100% used [0x00000007a0000000, 0x00000007a5560000, 0x00000007a5560000)
  from space 21824K, 100% used [0x00000007a6ab0000, 0x00000007a8000000, 0x00000007a8000000)
  to   space 21824K,   0% used [0x00000007a5560000, 0x00000007a5560000, 0x00000007a6ab0000)
 concurrent mark-sweep generation total 393216K, used 108392K [0x00000007a8000000, 0x00000007c0000000, 0x00000007c0000000)
 Metaspace       used 30549K, capacity 30844K, committed 31484K, reserved 1077248K
  class space    used 3614K, capacity 3709K, committed 3836K, reserved 1048576K
2016-07-19T20:00:32.924-0530: 24194.460: [GC (Allocation Failure) 24194.460: [ParNew
Desired survivor size 20112992 bytes, new threshold 3 (max 8)
- age   1:   10259328 bytes,   10259328 total
- age   2:    8563432 bytes,   18822760 total
- age   3:    3507256 bytes,   22330016 total
: 109248K->21824K(109248K), 0.0322035 secs] 217640K->142352K(502464K), 0.0322751 secs] [Times: user=0.09 sys=0.02, real=0.03 secs] 
Heap after GC invocations=35 (full 6):
 par new generation   total 109248K, used 21824K [0x00000007a0000000, 0x00000007a8000000, 0x00000007a8000000)
  eden space 87424K,   0% used [0x00000007a0000000, 0x00000007a0000000, 0x00000007a5560000)
  from space 21824K, 100% used [0x00000007a5560000, 0x00000007a6ab0000, 0x00000007a6ab0000)
  to   space 21824K,   0% used [0x00000007a6ab0000, 0x00000007a6ab0000, 0x00000007a8000000)
 concurrent mark-sweep generation total 393216K, used 120528K [0x00000007a8000000, 0x00000007c0000000, 0x00000007c0000000)
 Metaspace       used 30549K, capacity 30844K, committed 31484K, reserved 1077248K
  class space    used 3614K, capacity 3709K, committed 3836K, reserved 1048576K
}
2016-07-19T20:00:32.957-0530: 24194.492: Total time for which application threads were stopped: 0.0324773 seconds
2016-07-19T20:00:33.963-0530: 24195.499: Total time for which application threads were stopped: 0.0039488 seconds
2016-07-19T20:00:34.964-0530: 24196.500: Total time for which application threads were stopped: 0.0001364 seconds
2016-07-19T20:00:35.969-0530: 24197.505: Total time for which application threads were stopped: 0.0003010 seconds
2016-07-19T20:02:11.077-0530: 24292.615: Total time for which application threads were stopped: 0.0012861 seconds
2016-07-19T20:02:11.121-0530: 24292.659: Total time for which application threads were stopped: 0.0002134 seconds
2016-07-19T20:02:11.249-0530: 24292.787: Total time for which application threads were stopped: 0.0001117 seconds
2016-07-19T20:02:11.527-0530: 24293.065: Total time for which application threads were stopped: 0.0302546 seconds
2016-07-19T20:02:11.528-0530: 24293.065: Total time for which application threads were stopped: 0.0001905 seconds
2016-07-19T20:02:11.666-0530: 24293.204: Total time for which application threads were stopped: 0.0577032 seconds
2016-07-19T20:02:12.540-0530: 24294.078: Total time for which application threads were stopped: 0.1065010 seconds
2016-07-19T20:02:12.701-0530: 24294.239: Total time for which application threads were stopped: 0.1423336 seconds
2016-07-19T20:02:13.733-0530: 24295.271: Total time for which application threads were stopped: 0.0267497 seconds
2016-07-19T20:02:14.561-0530: 24296.099: Total time for which application threads were stopped: 0.0000914 seconds
{Heap before GC invocations=35 (full 6):
 par new generation   total 109248K, used 109248K [0x00000007a0000000, 0x00000007a8000000, 0x00000007a8000000)
  eden space 87424K, 100% used [0x00000007a0000000, 0x00000007a5560000, 0x00000007a5560000)
  from space 21824K, 100% used [0x00000007a5560000, 0x00000007a6ab0000, 0x00000007a6ab0000)
  to   space 21824K,   0% used [0x00000007a6ab0000, 0x00000007a6ab0000, 0x00000007a8000000)
 concurrent mark-sweep generation total 393216K, used 120528K [0x00000007a8000000, 0x00000007c0000000, 0x00000007c0000000)
 Metaspace       used 30604K, capacity 30844K, committed 31484K, reserved 1077248K
  class space    used 3614K, capacity 3709K, committed 3836K, reserved 1048576K
2016-07-19T20:02:14.607-0530: 24296.145: [GC (Allocation Failure) 24296.286: [ParNew
Desired survivor size 20112992 bytes, new threshold 8 (max 8)
- age   1:    7841160 bytes,    7841160 total
- age   3:    3212664 bytes,   11053824 total
: 109248K->20060K(109248K), 0.0737594 secs] 229776K->144013K(502464K), 0.2147655 secs] [Times: user=0.07 sys=0.12, real=0.22 secs] 
Heap after GC invocations=36 (full 6):
 par new generation   total 109248K, used 20060K [0x00000007a0000000, 0x00000007a8000000, 0x00000007a8000000)
  eden space 87424K,   0% used [0x00000007a0000000, 0x00000007a0000000, 0x00000007a5560000)
  from space 21824K,  91% used [0x00000007a6ab0000, 0x00000007a7e47140, 0x00000007a8000000)
  to   space 21824K,   0% used [0x00000007a5560000, 0x00000007a5560000, 0x00000007a6ab0000)
 concurrent mark-sweep generation total 393216K, used 123953K [0x00000007a8000000, 0x00000007c0000000, 0x00000007c0000000)
 Metaspace       used 30604K, capacity 30844K, committed 31484K, reserved 1077248K
  class space    used 3614K, capacity 3709K, committed 3836K, reserved 1048576K
}
2016-07-19T20:02:14.822-0530: 24296.360: Total time for which application threads were stopped: 0.2150430 seconds
{Heap before GC invocations=36 (full 6):
 par new generation   total 109248K, used 107484K [0x00000007a0000000, 0x00000007a8000000, 0x00000007a8000000)
  eden space 87424K, 100% used [0x00000007a0000000, 0x00000007a5560000, 0x00000007a5560000)
  from space 21824K,  91% used [0x00000007a6ab0000, 0x00000007a7e47140, 0x00000007a8000000)
  to   space 21824K,   0% used [0x00000007a5560000, 0x00000007a5560000, 0x00000007a6ab0000)
 concurrent mark-sweep generation total 393216K, used 123953K [0x00000007a8000000, 0x00000007c0000000, 0x00000007c0000000)
 Metaspace       used 30607K, capacity 30844K, committed 31484K, reserved 1077248K
  class space    used 3614K, capacity 3709K, committed 3836K, reserved 1048576K
2016-07-19T20:02:15.382-0530: 24296.920: [GC (Allocation Failure) 24297.232: [ParNew
Desired survivor size 20112992 bytes, new threshold 2 (max 8)
- age   1:   13327576 bytes,   13327576 total
- age   2:    7746256 bytes,   21073832 total
- age   4:    1239400 bytes,   22313232 total
: 107484K->21824K(109248K), 0.3956040 secs] 231437K->166620K(502464K), 0.7076859 secs] [Times: user=0.14 sys=0.15, real=0.70 secs] 
Heap after GC invocations=37 (full 6):
 par new generation   total 109248K, used 21824K [0x00000007a0000000, 0x00000007a8000000, 0x00000007a8000000)
  eden space 87424K,   0% used [0x00000007a0000000, 0x00000007a0000000, 0x00000007a5560000)
  from space 21824K, 100% used [0x00000007a5560000, 0x00000007a6ab0000, 0x00000007a6ab0000)
  to   space 21824K,   0% used [0x00000007a6ab0000, 0x00000007a6ab0000, 0x00000007a8000000)
 concurrent mark-sweep generation total 393216K, used 144796K [0x00000007a8000000, 0x00000007c0000000, 0x00000007c0000000)
 Metaspace       used 30607K, capacity 30844K, committed 31484K, reserved 1077248K
  class space    used 3614K, capacity 3709K, committed 3836K, reserved 1048576K
}
2016-07-19T20:02:16.089-0530: 24297.627: Total time for which application threads were stopped: 0.7079856 seconds
2016-07-19T20:02:16.094-0530: 24297.632: Total time for which application threads were stopped: 0.0003388 seconds
2016-07-19T20:02:16.097-0530: 24297.635: Total time for which application threads were stopped: 0.0002579 seconds
2016-07-19T20:02:16.098-0530: 24297.636: Total time for which application threads were stopped: 0.0002921 seconds
2016-07-19T20:02:16.099-0530: 24297.637: Total time for which application threads were stopped: 0.0001998 seconds
2016-07-19T20:02:16.099-0530: 24297.637: Total time for which application threads were stopped: 0.0001501 seconds
{Heap before GC invocations=37 (full 6):
 par new generation   total 109248K, used 109248K [0x00000007a0000000, 0x00000007a8000000, 0x00000007a8000000)
  eden space 87424K, 100% used [0x00000007a0000000, 0x00000007a5560000, 0x00000007a5560000)
  from space 21824K, 100% used [0x00000007a5560000, 0x00000007a6ab0000, 0x00000007a6ab0000)
  to   space 21824K,   0% used [0x00000007a6ab0000, 0x00000007a6ab0000, 0x00000007a8000000)
 concurrent mark-sweep generation total 393216K, used 144796K [0x00000007a8000000, 0x00000007c0000000, 0x00000007c0000000)
 Metaspace       used 30635K, capacity 30908K, committed 31484K, reserved 1077248K
  class space    used 3614K, capacity 3709K, committed 3836K, reserved 1048576K
2016-07-19T20:02:16.652-0530: 24298.190: [GC (Allocation Failure) 24298.190: [ParNew
Desired survivor size 20112992 bytes, new threshold 2 (max 8)
- age   1:   12302696 bytes,   12302696 total
- age   2:   10044840 bytes,   22347536 total
: 109248K->21824K(109248K), 0.0657595 secs] 254044K->180202K(502464K), 0.0658285 secs] [Times: user=0.10 sys=0.10, real=0.06 secs] 
Heap after GC invocations=38 (full 6):
 par new generation   total 109248K, used 21824K [0x00000007a0000000, 0x00000007a8000000, 0x00000007a8000000)
  eden space 87424K,   0% used [0x00000007a0000000, 0x00000007a0000000, 0x00000007a5560000)
  from space 21824K, 100% used [0x00000007a6ab0000, 0x00000007a8000000, 0x00000007a8000000)
  to   space 21824K,   0% used [0x00000007a5560000, 0x00000007a5560000, 0x00000007a6ab0000)
 concurrent mark-sweep generation total 393216K, used 158378K [0x00000007a8000000, 0x00000007c0000000, 0x00000007c0000000)
 Metaspace       used 30635K, capacity 30908K, committed 31484K, reserved 1077248K
  class space    used 3614K, capacity 3709K, committed 3836K, reserved 1048576K
}
2016-07-19T20:02:16.718-0530: 24298.256: Total time for which application threads were stopped: 0.0660815 seconds
2016-07-19T20:02:17.720-0530: 24299.258: Total time for which application threads were stopped: 0.0001916 seconds
2016-07-19T20:02:19.726-0530: 24301.264: Total time for which application threads were stopped: 0.0001946 seconds
2016-07-19T20:08:55.080-0530: 24696.626: Total time for which application threads were stopped: 0.0010841 seconds
2016-07-19T20:08:55.203-0530: 24696.749: Total time for which application threads were stopped: 0.0000987 seconds
2016-07-19T20:08:55.271-0530: 24696.818: Total time for which application threads were stopped: 0.0002975 seconds
2016-07-19T20:08:55.312-0530: 24696.858: Total time for which application threads were stopped: 0.0000889 seconds
2016-07-19T20:08:56.334-0530: 24697.881: Total time for which application threads were stopped: 0.0226893 seconds
2016-07-19T20:08:57.595-0530: 24699.141: Total time for which application threads were stopped: 0.2570046 seconds
2016-07-19T20:08:58.598-0530: 24700.144: Total time for which application threads were stopped: 0.0001452 seconds
2016-07-19T20:09:07.625-0530: 24709.171: Total time for which application threads were stopped: 0.0001940 seconds
2016-07-19T20:09:08.692-0530: 24710.238: Total time for which application threads were stopped: 0.0001088 seconds
2016-07-19T20:09:08.744-0530: 24710.290: Total time for which application threads were stopped: 0.0001113 seconds
2016-07-19T20:09:09.749-0530: 24711.295: Total time for which application threads were stopped: 0.0001280 seconds
2016-07-19T20:09:16.886-0530: 24718.432: Total time for which application threads were stopped: 0.1175463 seconds
2016-07-19T20:09:16.887-0530: 24718.434: Total time for which application threads were stopped: 0.0002274 seconds
2016-07-19T20:09:17.170-0530: 24718.717: Total time for which application threads were stopped: 0.2270625 seconds
2016-07-19T20:09:17.176-0530: 24718.723: Total time for which application threads were stopped: 0.0004122 seconds
2016-07-19T20:09:17.221-0530: 24718.768: Total time for which application threads were stopped: 0.0001051 seconds
2016-07-19T20:09:18.224-0530: 24719.771: Total time for which application threads were stopped: 0.0001276 seconds
2016-07-19T20:09:27.244-0530: 24728.790: Total time for which application threads were stopped: 0.0001838 seconds
2016-07-19T20:09:28.244-0530: 24729.791: Total time for which application threads were stopped: 0.0001973 seconds
2016-07-19T20:09:30.253-0530: 24731.800: Total time for which application threads were stopped: 0.0001045 seconds
2016-07-19T20:10:39.500-0530: 24801.048: Total time for which application threads were stopped: 0.0008002 seconds
2016-07-19T20:10:39.623-0530: 24801.171: Total time for which application threads were stopped: 0.0001262 seconds
2016-07-19T20:10:39.805-0530: 24801.354: Total time for which application threads were stopped: 0.0003611 seconds
2016-07-19T20:10:39.927-0530: 24801.475: Total time for which application threads were stopped: 0.0000862 seconds
2016-07-19T20:10:40.931-0530: 24802.479: Total time for which application threads were stopped: 0.0001088 seconds
2016-07-19T20:10:41.342-0530: 24802.890: Total time for which application threads were stopped: 0.0001367 seconds
{Heap before GC invocations=38 (full 6):
 par new generation   total 109248K, used 109248K [0x00000007a0000000, 0x00000007a8000000, 0x00000007a8000000)
  eden space 87424K, 100% used [0x00000007a0000000, 0x00000007a5560000, 0x00000007a5560000)
  from space 21824K, 100% used [0x00000007a6ab0000, 0x00000007a8000000, 0x00000007a8000000)
  to   space 21824K,   0% used [0x00000007a5560000, 0x00000007a5560000, 0x00000007a6ab0000)
 concurrent mark-sweep generation total 393216K, used 158378K [0x00000007a8000000, 0x00000007c0000000, 0x00000007c0000000)
 Metaspace       used 30889K, capacity 31292K, committed 31740K, reserved 1077248K
  class space    used 3614K, capacity 3709K, committed 3836K, reserved 1048576K
2016-07-19T20:10:41.424-0530: 24802.972: [GC (Allocation Failure) 24802.972: [ParNew
Desired survivor size 20112992 bytes, new threshold 2 (max 8)
- age   1:   10480472 bytes,   10480472 total
- age   2:   10269376 bytes,   20749848 total
: 109248K->21824K(109248K), 0.2148746 secs] 267626K->191743K(502464K), 0.2149544 secs] [Times: user=0.08 sys=0.30, real=0.21 secs] 
Heap after GC invocations=39 (full 6):
 par new generation   total 109248K, used 21824K [0x00000007a0000000, 0x00000007a8000000, 0x00000007a8000000)
  eden space 87424K,   0% used [0x00000007a0000000, 0x00000007a0000000, 0x00000007a5560000)
  from space 21824K, 100% used [0x00000007a5560000, 0x00000007a6ab0000, 0x00000007a6ab0000)
  to   space 21824K,   0% used [0x00000007a6ab0000, 0x00000007a6ab0000, 0x00000007a8000000)
 concurrent mark-sweep generation total 393216K, used 169919K [0x00000007a8000000, 0x00000007c0000000, 0x00000007c0000000)
 Metaspace       used 30889K, capacity 31292K, committed 31740K, reserved 1077248K
  class space    used 3614K, capacity 3709K, committed 3836K, reserved 1048576K
}
2016-07-19T20:10:41.639-0530: 24803.187: Total time for which application threads were stopped: 0.2427922 seconds
{Heap before GC invocations=39 (full 6):
 par new generation   total 109248K, used 109248K [0x00000007a0000000, 0x00000007a8000000, 0x00000007a8000000)
  eden space 87424K, 100% used [0x00000007a0000000, 0x00000007a5560000, 0x00000007a5560000)
  from space 21824K, 100% used [0x00000007a5560000, 0x00000007a6ab0000, 0x00000007a6ab0000)
  to   space 21824K,   0% used [0x00000007a6ab0000, 0x00000007a6ab0000, 0x00000007a8000000)
 concurrent mark-sweep generation total 393216K, used 169919K [0x00000007a8000000, 0x00000007c0000000, 0x00000007c0000000)
 Metaspace       used 30889K, capacity 31292K, committed 31740K, reserved 1077248K
  class space    used 3614K, capacity 3709K, committed 3836K, reserved 1048576K
2016-07-19T20:10:42.299-0530: 24803.848: [GC (Allocation Failure) 24803.848: [ParNew
Desired survivor size 20112992 bytes, new threshold 2 (max 8)
- age   1:   11873800 bytes,   11873800 total
- age   2:   10472392 bytes,   22346192 total
: 109248K->21824K(109248K), 0.1532365 secs] 279167K->220634K(502464K), 0.1533366 secs] [Times: user=0.16 sys=0.13, real=0.15 secs] 
Heap after GC invocations=40 (full 6):
 par new generation   total 109248K, used 21824K [0x00000007a0000000, 0x00000007a8000000, 0x00000007a8000000)
  eden space 87424K,   0% used [0x00000007a0000000, 0x00000007a0000000, 0x00000007a5560000)
  from space 21824K, 100% used [0x00000007a6ab0000, 0x00000007a8000000, 0x00000007a8000000)
  to   space 21824K,   0% used [0x00000007a5560000, 0x00000007a5560000, 0x00000007a6ab0000)
 concurrent mark-sweep generation total 393216K, used 198810K [0x00000007a8000000, 0x00000007c0000000, 0x00000007c0000000)
 Metaspace       used 30889K, capacity 31292K, committed 31740K, reserved 1077248K
  class space    used 3614K, capacity 3709K, committed 3836K, reserved 1048576K
}
2016-07-19T20:10:42.453-0530: 24804.001: Total time for which application threads were stopped: 0.1535663 seconds
2016-07-19T20:10:42.453-0530: 24804.001: [GC (CMS Initial Mark) [1 CMS-initial-mark: 198810K(393216K)] 221332K(502464K), 0.0046142 secs] [Times: user=0.00 sys=0.00, real=0.00 secs] 
2016-07-19T20:10:42.458-0530: 24804.006: Total time for which application threads were stopped: 0.0048022 seconds
2016-07-19T20:10:42.458-0530: 24804.006: [CMS-concurrent-mark-start]
2016-07-19T20:10:42.498-0530: 24804.046: [CMS-concurrent-mark: 0.040/0.040 secs] [Times: user=0.09 sys=0.03, real=0.04 secs] 
2016-07-19T20:10:42.498-0530: 24804.047: [CMS-concurrent-preclean-start]
2016-07-19T20:10:42.500-0530: 24804.048: [CMS-concurrent-preclean: 0.002/0.002 secs] [Times: user=0.00 sys=0.00, real=0.01 secs] 
2016-07-19T20:10:42.500-0530: 24804.048: [CMS-concurrent-abortable-preclean-start]
{Heap before GC invocations=40 (full 7):
 par new generation   total 109248K, used 109248K [0x00000007a0000000, 0x00000007a8000000, 0x00000007a8000000)
  eden space 87424K, 100% used [0x00000007a0000000, 0x00000007a5560000, 0x00000007a5560000)
  from space 21824K, 100% used [0x00000007a6ab0000, 0x00000007a8000000, 0x00000007a8000000)
  to   space 21824K,   0% used [0x00000007a5560000, 0x00000007a5560000, 0x00000007a6ab0000)
 concurrent mark-sweep generation total 393216K, used 198810K [0x00000007a8000000, 0x00000007c0000000, 0x00000007c0000000)
 Metaspace       used 30889K, capacity 31292K, committed 31740K, reserved 1077248K
  class space    used 3614K, capacity 3709K, committed 3836K, reserved 1048576K
2016-07-19T20:10:43.041-0530: 24804.589: [GC (Allocation Failure) 24804.589: [ParNew
Desired survivor size 20112992 bytes, new threshold 8 (max 8)
- age   1:   11013656 bytes,   11013656 total
- age   2:    7506696 bytes,   18520352 total
: 109248K->21824K(109248K), 0.0350197 secs] 308058K->232270K(502464K), 0.0351058 secs] [Times: user=0.07 sys=0.04, real=0.03 secs] 
Heap after GC invocations=41 (full 7):
 par new generation   total 109248K, used 21824K [0x00000007a0000000, 0x00000007a8000000, 0x00000007a8000000)
  eden space 87424K,   0% used [0x00000007a0000000, 0x00000007a0000000, 0x00000007a5560000)
  from space 21824K, 100% used [0x00000007a5560000, 0x00000007a6ab0000, 0x00000007a6ab0000)
  to   space 21824K,   0% used [0x00000007a6ab0000, 0x00000007a6ab0000, 0x00000007a8000000)
 concurrent mark-sweep generation total 393216K, used 210446K [0x00000007a8000000, 0x00000007c0000000, 0x00000007c0000000)
 Metaspace       used 30889K, capacity 31292K, committed 31740K, reserved 1077248K
  class space    used 3614K, capacity 3709K, committed 3836K, reserved 1048576K
}
2016-07-19T20:10:43.076-0530: 24804.625: Total time for which application threads were stopped: 0.0353315 seconds
2016-07-19T20:10:43.695-0530: 24805.243: [CMS-concurrent-abortable-preclean: 0.491/1.195 secs] [Times: user=1.70 sys=0.05, real=1.19 secs] 
2016-07-19T20:10:43.696-0530: 24805.244: [GC (CMS Final Remark) [YG occupancy: 66737 K (109248 K)]{Heap before GC invocations=41 (full 7):
 par new generation   total 109248K, used 66737K [0x00000007a0000000, 0x00000007a8000000, 0x00000007a8000000)
  eden space 87424K,  51% used [0x00000007a0000000, 0x00000007a2bdc4b8, 0x00000007a5560000)
  from space 21824K, 100% used [0x00000007a5560000, 0x00000007a6ab0000, 0x00000007a6ab0000)
  to   space 21824K,   0% used [0x00000007a6ab0000, 0x00000007a6ab0000, 0x00000007a8000000)
 concurrent mark-sweep generation total 393216K, used 210446K [0x00000007a8000000, 0x00000007c0000000, 0x00000007c0000000)
 Metaspace       used 30889K, capacity 31292K, committed 31740K, reserved 1077248K
  class space    used 3614K, capacity 3709K, committed 3836K, reserved 1048576K
2016-07-19T20:10:43.696-0530: 24805.244: [GC (CMS Final Remark) 24805.244: [ParNew
Desired survivor size 20112992 bytes, new threshold 3 (max 8)
- age   1:    3261160 bytes,    3261160 total
- age   2:    9832056 bytes,   13093216 total
- age   3:    7506720 bytes,   20599936 total
: 66737K->21824K(109248K), 0.0148419 secs] 277183K->233283K(502464K), 0.0148926 secs] [Times: user=0.05 sys=0.01, real=0.02 secs] 
Heap after GC invocations=42 (full 7):
 par new generation   total 109248K, used 21824K [0x00000007a0000000, 0x00000007a8000000, 0x00000007a8000000)
  eden space 87424K,   0% used [0x00000007a0000000, 0x00000007a0000000, 0x00000007a5560000)
  from space 21824K, 100% used [0x00000007a6ab0000, 0x00000007a8000000, 0x00000007a8000000)
  to   space 21824K,   0% used [0x00000007a5560000, 0x00000007a5560000, 0x00000007a6ab0000)
 concurrent mark-sweep generation total 393216K, used 211459K [0x00000007a8000000, 0x00000007c0000000, 0x00000007c0000000)
 Metaspace       used 30889K, capacity 31292K, committed 31740K, reserved 1077248K
  class space    used 3614K, capacity 3709K, committed 3836K, reserved 1048576K
}
24805.259: [Rescan (parallel) , 0.0053757 secs]24805.264: [weak refs processing, 0.0007102 secs]24805.265: [class unloading, 0.0671633 secs]24805.332: [scrub symbol table, 0.0145939 secs]24805.347: [scrub string table, 0.0004255 secs][1 CMS-remark: 211459K(393216K)] 233283K(502464K), 0.1078594 secs] [Times: user=0.10 sys=0.05, real=0.11 secs] 
2016-07-19T20:10:43.804-0530: 24805.352: Total time for which application threads were stopped: 0.1085303 seconds
2016-07-19T20:10:43.804-0530: 24805.352: [CMS-concurrent-sweep-start]
2016-07-19T20:10:43.808-0530: 24805.357: Total time for which application threads were stopped: 0.0045698 seconds
2016-07-19T20:10:44.096-0530: 24805.644: [CMS-concurrent-sweep: 0.288/0.292 secs] [Times: user=0.42 sys=0.14, real=0.29 secs] 
2016-07-19T20:10:44.096-0530: 24805.644: [CMS-concurrent-reset-start]
2016-07-19T20:10:44.103-0530: 24805.651: [CMS-concurrent-reset: 0.007/0.007 secs] [Times: user=0.01 sys=0.00, real=0.01 secs] 
2016-07-19T20:10:45.815-0530: 24807.363: Total time for which application threads were stopped: 0.0001336 seconds
2016-07-19T21:12:22.484-0530: 28504.109: Total time for which application threads were stopped: 0.0011100 seconds
2016-07-19T21:12:23.489-0530: 28505.114: Total time for which application threads were stopped: 0.0001445 seconds
2016-07-19T21:12:24.315-0530: 28505.939: Total time for which application threads were stopped: 0.0001051 seconds
2016-07-19T21:12:25.320-0530: 28506.945: Total time for which application threads were stopped: 0.0001951 seconds
2016-07-19T21:12:26.192-0530: 28507.816: Total time for which application threads were stopped: 0.0211223 seconds
2016-07-19T21:12:26.522-0530: 28508.147: Total time for which application threads were stopped: 0.0001064 seconds
2016-07-19T21:12:26.601-0530: 28508.225: Total time for which application threads were stopped: 0.0001385 seconds
{Heap before GC invocations=42 (full 7):
 par new generation   total 109248K, used 109248K [0x00000007a0000000, 0x00000007a8000000, 0x00000007a8000000)
  eden space 87424K, 100% used [0x00000007a0000000, 0x00000007a5560000, 0x00000007a5560000)
  from space 21824K, 100% used [0x00000007a6ab0000, 0x00000007a8000000, 0x00000007a8000000)
  to   space 21824K,   0% used [0x00000007a5560000, 0x00000007a5560000, 0x00000007a6ab0000)
 concurrent mark-sweep generation total 393216K, used 54374K [0x00000007a8000000, 0x00000007c0000000, 0x00000007c0000000)
 Metaspace       used 30928K, capacity 31292K, committed 31740K, reserved 1077248K
  class space    used 3614K, capacity 3709K, committed 3836K, reserved 1048576K
2016-07-19T21:12:27.081-0530: 28508.706: [GC (Allocation Failure) 28508.738: [ParNew
Desired survivor size 20112992 bytes, new threshold 8 (max 8)
- age   1:   20064256 bytes,   20064256 total
: 109248K->21824K(109248K), 0.0914590 secs] 163622K->80845K(502464K), 0.1236039 secs] [Times: user=0.07 sys=0.15, real=0.12 secs] 
Heap after GC invocations=43 (full 7):
 par new generation   total 109248K, used 21824K [0x00000007a0000000, 0x00000007a8000000, 0x00000007a8000000)
  eden space 87424K,   0% used [0x00000007a0000000, 0x00000007a0000000, 0x00000007a5560000)
  from space 21824K, 100% used [0x00000007a5560000, 0x00000007a6ab0000, 0x00000007a6ab0000)
  to   space 21824K,   0% used [0x00000007a6ab0000, 0x00000007a6ab0000, 0x00000007a8000000)
 concurrent mark-sweep generation total 393216K, used 59021K [0x00000007a8000000, 0x00000007c0000000, 0x00000007c0000000)
 Metaspace       used 30928K, capacity 31292K, committed 31740K, reserved 1077248K
  class space    used 3614K, capacity 3709K, committed 3836K, reserved 1048576K
}
2016-07-19T21:12:27.205-0530: 28508.829: Total time for which application threads were stopped: 0.1239563 seconds
{Heap before GC invocations=43 (full 7):
 par new generation   total 109248K, used 109248K [0x00000007a0000000, 0x00000007a8000000, 0x00000007a8000000)
  eden space 87424K, 100% used [0x00000007a0000000, 0x00000007a5560000, 0x00000007a5560000)
  from space 21824K, 100% used [0x00000007a5560000, 0x00000007a6ab0000, 0x00000007a6ab0000)
  to   space 21824K,   0% used [0x00000007a6ab0000, 0x00000007a6ab0000, 0x00000007a8000000)
 concurrent mark-sweep generation total 393216K, used 59021K [0x00000007a8000000, 0x00000007c0000000, 0x00000007c0000000)
 Metaspace       used 30928K, capacity 31292K, committed 31740K, reserved 1077248K
  class space    used 3614K, capacity 3709K, committed 3836K, reserved 1048576K
2016-07-19T21:12:27.681-0530: 28509.306: [GC (Allocation Failure) 28509.306: [ParNew
Desired survivor size 20112992 bytes, new threshold 2 (max 8)
- age   1:    4222944 bytes,    4222944 total
- age   2:   17895984 bytes,   22118928 total
: 109248K->21824K(109248K), 0.0766654 secs] 168269K->94214K(502464K), 0.0767364 secs] [Times: user=0.10 sys=0.14, real=0.07 secs] 
Heap after GC invocations=44 (full 7):
 par new generation   total 109248K, used 21824K [0x00000007a0000000, 0x00000007a8000000, 0x00000007a8000000)
  eden space 87424K,   0% used [0x00000007a0000000, 0x00000007a0000000, 0x00000007a5560000)
  from space 21824K, 100% used [0x00000007a6ab0000, 0x00000007a8000000, 0x00000007a8000000)
  to   space 21824K,   0% used [0x00000007a5560000, 0x00000007a5560000, 0x00000007a6ab0000)
 concurrent mark-sweep generation total 393216K, used 72390K [0x00000007a8000000, 0x00000007c0000000, 0x00000007c0000000)
 Metaspace       used 30928K, capacity 31292K, committed 31740K, reserved 1077248K
  class space    used 3614K, capacity 3709K, committed 3836K, reserved 1048576K
}
2016-07-19T21:12:27.758-0530: 28509.382: Total time for which application threads were stopped: 0.0769811 seconds
2016-07-19T21:12:30.769-0530: 28512.394: Total time for which application threads were stopped: 0.0001337 seconds
2016-07-19T21:13:16.911-0530: 28558.537: Total time for which application threads were stopped: 0.0001690 seconds
2016-07-20T14:44:26.202-0530: 38749.679: Total time for which application threads were stopped: 0.3618724 seconds
2016-07-20T14:44:26.371-0530: 38749.833: Total time for which application threads were stopped: 0.0157457 seconds
2016-07-20T14:44:26.480-0530: 38749.941: Total time for which application threads were stopped: 0.0173761 seconds
2016-07-20T14:44:26.502-0530: 38749.963: Total time for which application threads were stopped: 0.0164472 seconds
2016-07-20T14:44:26.771-0530: 38750.232: Total time for which application threads were stopped: 0.1099960 seconds
2016-07-20T14:44:28.229-0530: 38751.690: Total time for which application threads were stopped: 0.1510685 seconds
2016-07-20T14:44:28.671-0530: 38752.133: Total time for which application threads were stopped: 0.0614985 seconds
2016-07-20T14:44:30.045-0530: 38753.506: Total time for which application threads were stopped: 0.0655561 seconds
2016-07-20T14:44:33.416-0530: 38756.877: Total time for which application threads were stopped: 0.0003238 seconds
2016-07-20T14:46:33.891-0530: 38877.355: Total time for which application threads were stopped: 0.0001304 seconds
2016-07-20T14:46:34.033-0530: 38877.497: Total time for which application threads were stopped: 0.0418161 seconds
2016-07-20T14:46:34.201-0530: 38877.665: Total time for which application threads were stopped: 0.0461497 seconds
2016-07-20T14:46:34.282-0530: 38877.746: Total time for which application threads were stopped: 0.0608638 seconds
2016-07-20T14:46:34.415-0530: 38877.879: Total time for which application threads were stopped: 0.0063439 seconds
2016-07-20T14:46:34.622-0530: 38878.086: Total time for which application threads were stopped: 0.0375305 seconds
2016-07-20T14:46:35.196-0530: 38878.660: Total time for which application threads were stopped: 0.0747959 seconds
2016-07-20T14:46:36.310-0530: 38879.774: Total time for which application threads were stopped: 0.1097418 seconds
2016-07-20T14:46:36.566-0530: 38880.030: Total time for which application threads were stopped: 0.0324038 seconds
2016-07-20T14:46:39.443-0530: 38882.907: Total time for which application threads were stopped: 0.0001017 seconds
2016-07-20T14:46:52.680-0530: 38896.145: Total time for which application threads were stopped: 0.1908480 seconds
{Heap before GC invocations=44 (full 7):
 par new generation   total 109248K, used 109248K [0x00000007a0000000, 0x00000007a8000000, 0x00000007a8000000)
  eden space 87424K, 100% used [0x00000007a0000000, 0x00000007a5560000, 0x00000007a5560000)
  from space 21824K, 100% used [0x00000007a6ab0000, 0x00000007a8000000, 0x00000007a8000000)
  to   space 21824K,   0% used [0x00000007a5560000, 0x00000007a5560000, 0x00000007a6ab0000)
 concurrent mark-sweep generation total 393216K, used 72390K [0x00000007a8000000, 0x00000007c0000000, 0x00000007c0000000)
 Metaspace       used 30938K, capacity 31356K, committed 31996K, reserved 1077248K
  class space    used 3614K, capacity 3709K, committed 3836K, reserved 1048576K
2016-07-20T14:46:53.316-0530: 38896.829: [GC (Allocation Failure) 38896.953: [ParNew
Desired survivor size 20112992 bytes, new threshold 8 (max 8)
- age   1:    1804520 bytes,    1804520 total
- age   2:     515104 bytes,    2319624 total
: 109248K->19671K(109248K), 1.1481835 secs] 181638K->103317K(502464K), 1.2944238 secs] [Times: user=0.08 sys=0.16, real=1.34 secs] 
Heap after GC invocations=45 (full 7):
 par new generation   total 109248K, used 19671K [0x00000007a0000000, 0x00000007a8000000, 0x00000007a8000000)
  eden space 87424K,   0% used [0x00000007a0000000, 0x00000007a0000000, 0x00000007a5560000)
  from space 21824K,  90% used [0x00000007a5560000, 0x00000007a6895e00, 0x00000007a6ab0000)
  to   space 21824K,   0% used [0x00000007a6ab0000, 0x00000007a6ab0000, 0x00000007a8000000)
 concurrent mark-sweep generation total 393216K, used 83646K [0x00000007a8000000, 0x00000007c0000000, 0x00000007c0000000)
 Metaspace       used 30938K, capacity 31356K, committed 31996K, reserved 1077248K
  class space    used 3614K, capacity 3709K, committed 3836K, reserved 1048576K
}
2016-07-20T14:46:54.684-0530: 38898.148: Total time for which application threads were stopped: 2.0034629 seconds
2016-07-20T14:46:54.685-0530: 38898.149: Total time for which application threads were stopped: 0.0001615 seconds
2016-07-20T14:46:54.685-0530: 38898.150: Total time for which application threads were stopped: 0.0002467 seconds
2016-07-20T14:46:54.686-0530: 38898.151: Total time for which application threads were stopped: 0.0001304 seconds
2016-07-20T14:46:54.790-0530: 38898.254: Total time for which application threads were stopped: 0.0001079 seconds
2016-07-20T14:46:55.187-0530: 38898.651: Total time for which application threads were stopped: 0.2285597 seconds
2016-07-20T14:46:59.562-0530: 38903.027: Total time for which application threads were stopped: 0.0389239 seconds
2016-07-20T14:46:59.682-0530: 38903.147: Total time for which application threads were stopped: 0.1195265 seconds
2016-07-20T14:46:59.855-0530: 38903.320: Total time for which application threads were stopped: 0.1724183 seconds
2016-07-20T14:46:59.885-0530: 38903.350: Total time for which application threads were stopped: 0.0291564 seconds
2016-07-20T14:47:00.688-0530: 38904.153: Total time for which application threads were stopped: 0.1896219 seconds
2016-07-20T14:47:01.691-0530: 38905.155: Total time for which application threads were stopped: 0.0004740 seconds
{Heap before GC invocations=45 (full 7):
 par new generation   total 109248K, used 106834K [0x00000007a0000000, 0x00000007a8000000, 0x00000007a8000000)
  eden space 87424K,  99% used [0x00000007a0000000, 0x00000007a551ebe8, 0x00000007a5560000)
  from space 21824K,  90% used [0x00000007a5560000, 0x00000007a6895e00, 0x00000007a6ab0000)
  to   space 21824K,   0% used [0x00000007a6ab0000, 0x00000007a6ab0000, 0x00000007a8000000)
 concurrent mark-sweep generation total 393216K, used 83646K [0x00000007a8000000, 0x00000007c0000000, 0x00000007c0000000)
 Metaspace       used 30987K, capacity 31356K, committed 31996K, reserved 1077248K
  class space    used 3614K, capacity 3709K, committed 3836K, reserved 1048576K
2016-07-20T14:47:07.532-0530: 38910.997: [GC (Allocation Failure) 38911.023: [ParNew
Desired survivor size 20112992 bytes, new threshold 1 (max 8)
- age   1:   21049696 bytes,   21049696 total
- age   2:     765456 bytes,   21815152 total
- age   3:     340464 bytes,   22155616 total
: 106834K->21824K(109248K), 0.0469942 secs] 190480K->109475K(502464K), 0.0733513 secs] [Times: user=0.09 sys=0.05, real=0.07 secs] 
Heap after GC invocations=46 (full 7):
 par new generation   total 109248K, used 21824K [0x00000007a0000000, 0x00000007a8000000, 0x00000007a8000000)
  eden space 87424K,   0% used [0x00000007a0000000, 0x00000007a0000000, 0x00000007a5560000)
  from space 21824K, 100% used [0x00000007a6ab0000, 0x00000007a8000000, 0x00000007a8000000)
  to   space 21824K,   0% used [0x00000007a5560000, 0x00000007a5560000, 0x00000007a6ab0000)
 concurrent mark-sweep generation total 393216K, used 87651K [0x00000007a8000000, 0x00000007c0000000, 0x00000007c0000000)
 Metaspace       used 30987K, capacity 31356K, committed 31996K, reserved 1077248K
  class space    used 3614K, capacity 3709K, committed 3836K, reserved 1048576K
}
2016-07-20T14:47:07.606-0530: 38911.070: Total time for which application threads were stopped: 0.0735798 seconds
{Heap before GC invocations=46 (full 7):
 par new generation   total 109248K, used 109248K [0x00000007a0000000, 0x00000007a8000000, 0x00000007a8000000)
  eden space 87424K, 100% used [0x00000007a0000000, 0x00000007a5560000, 0x00000007a5560000)
  from space 21824K, 100% used [0x00000007a6ab0000, 0x00000007a8000000, 0x00000007a8000000)
  to   space 21824K,   0% used [0x00000007a5560000, 0x00000007a5560000, 0x00000007a6ab0000)
 concurrent mark-sweep generation total 393216K, used 87651K [0x00000007a8000000, 0x00000007c0000000, 0x00000007c0000000)
 Metaspace       used 30987K, capacity 31356K, committed 31996K, reserved 1077248K
  class space    used 3614K, capacity 3709K, committed 3836K, reserved 1048576K
2016-07-20T14:47:08.128-0530: 38911.592: [GC (Allocation Failure) 38911.592: [ParNew
Desired survivor size 20112992 bytes, new threshold 8 (max 8)
- age   1:   15388344 bytes,   15388344 total
: 109248K->18494K(109248K), 0.2076416 secs] 196899K->124920K(502464K), 0.2077319 secs] [Times: user=0.12 sys=0.10, real=0.21 secs] 
Heap after GC invocations=47 (full 7):
 par new generation   total 109248K, used 18494K [0x00000007a0000000, 0x00000007a8000000, 0x00000007a8000000)
  eden space 87424K,   0% used [0x00000007a0000000, 0x00000007a0000000, 0x00000007a5560000)
  from space 21824K,  84% used [0x00000007a5560000, 0x00000007a676faf8, 0x00000007a6ab0000)
  to   space 21824K,   0% used [0x00000007a6ab0000, 0x00000007a6ab0000, 0x00000007a8000000)
 concurrent mark-sweep generation total 393216K, used 106425K [0x00000007a8000000, 0x00000007c0000000, 0x00000007c0000000)
 Metaspace       used 30987K, capacity 31356K, committed 31996K, reserved 1077248K
  class space    used 3614K, capacity 3709K, committed 3836K, reserved 1048576K
}
2016-07-20T14:47:08.335-0530: 38911.800: Total time for which application threads were stopped: 0.2079780 seconds
2016-07-20T14:47:10.711-0530: 38914.176: Total time for which application threads were stopped: 0.0001028 seconds
2016-07-20T14:47:38.929-0530: 38942.394: Total time for which application threads were stopped: 0.1310075 seconds
2016-07-20T14:47:39.932-0530: 38943.397: Total time for which application threads were stopped: 0.0001418 seconds
2016-07-20T14:47:40.937-0530: 38944.402: Total time for which application threads were stopped: 0.0003184 seconds
2016-07-20T14:47:41.647-0530: 38945.112: Total time for which application threads were stopped: 0.0000956 seconds
{Heap before GC invocations=47 (full 7):
 par new generation   total 109248K, used 105915K [0x00000007a0000000, 0x00000007a8000000, 0x00000007a8000000)
  eden space 87424K,  99% used [0x00000007a0000000, 0x00000007a555f2c0, 0x00000007a5560000)
  from space 21824K,  84% used [0x00000007a5560000, 0x00000007a676faf8, 0x00000007a6ab0000)
  to   space 21824K,   0% used [0x00000007a6ab0000, 0x00000007a6ab0000, 0x00000007a8000000)
 concurrent mark-sweep generation total 393216K, used 106425K [0x00000007a8000000, 0x00000007c0000000, 0x00000007c0000000)
 Metaspace       used 31097K, capacity 31420K, committed 31996K, reserved 1077248K
  class space    used 3614K, capacity 3709K, committed 3836K, reserved 1048576K
2016-07-20T14:47:41.675-0530: 38945.141: [GC (Allocation Failure) 38945.149: [ParNew
Desired survivor size 20112992 bytes, new threshold 2 (max 8)
- age   1:    8678296 bytes,    8678296 total
- age   2:   13648672 bytes,   22326968 total
: 105915K->21824K(109248K), 0.0186969 secs] 212341K->129807K(502464K), 0.0265764 secs] [Times: user=0.05 sys=0.01, real=0.03 secs] 
Heap after GC invocations=48 (full 7):
 par new generation   total 109248K, used 21824K [0x00000007a0000000, 0x00000007a8000000, 0x00000007a8000000)
  eden space 87424K,   0% used [0x00000007a0000000, 0x00000007a0000000, 0x00000007a5560000)
  from space 21824K, 100% used [0x00000007a6ab0000, 0x00000007a8000000, 0x00000007a8000000)
  to   space 21824K,   0% used [0x00000007a5560000, 0x00000007a5560000, 0x00000007a6ab0000)
 concurrent mark-sweep generation total 393216K, used 107983K [0x00000007a8000000, 0x00000007c0000000, 0x00000007c0000000)
 Metaspace       used 31097K, capacity 31420K, committed 31996K, reserved 1077248K
  class space    used 3614K, capacity 3709K, committed 3836K, reserved 1048576K
}
2016-07-20T14:47:41.702-0530: 38945.168: Total time for which application threads were stopped: 0.0267845 seconds
{Heap before GC invocations=48 (full 7):
 par new generation   total 109248K, used 109215K [0x00000007a0000000, 0x00000007a8000000, 0x00000007a8000000)
  eden space 87424K,  99% used [0x00000007a0000000, 0x00000007a5557d28, 0x00000007a5560000)
  from space 21824K, 100% used [0x00000007a6ab0000, 0x00000007a8000000, 0x00000007a8000000)
  to   space 21824K,   0% used [0x00000007a5560000, 0x00000007a5560000, 0x00000007a6ab0000)
 concurrent mark-sweep generation total 393216K, used 107983K [0x00000007a8000000, 0x00000007c0000000, 0x00000007c0000000)
 Metaspace       used 31097K, capacity 31420K, committed 31996K, reserved 1077248K
  class space    used 3614K, capacity 3709K, committed 3836K, reserved 1048576K
2016-07-20T14:47:42.119-0530: 38945.584: [GC (Allocation Failure) 38945.584: [ParNew
Desired survivor size 20112992 bytes, new threshold 2 (max 8)
- age   1:   14366800 bytes,   14366800 total
- age   2:    7964216 bytes,   22331016 total
: 109215K->21824K(109248K), 0.1664001 secs] 217199K->159360K(502464K), 0.1665019 secs] [Times: user=0.22 sys=0.09, real=0.17 secs] 
Heap after GC invocations=49 (full 7):
 par new generation   total 109248K, used 21824K [0x00000007a0000000, 0x00000007a8000000, 0x00000007a8000000)
  eden space 87424K,   0% used [0x00000007a0000000, 0x00000007a0000000, 0x00000007a5560000)
  from space 21824K, 100% used [0x00000007a5560000, 0x00000007a6ab0000, 0x00000007a6ab0000)
  to   space 21824K,   0% used [0x00000007a6ab0000, 0x00000007a6ab0000, 0x00000007a8000000)
 concurrent mark-sweep generation total 393216K, used 137536K [0x00000007a8000000, 0x00000007c0000000, 0x00000007c0000000)
 Metaspace       used 31097K, capacity 31420K, committed 31996K, reserved 1077248K
  class space    used 3614K, capacity 3709K, committed 3836K, reserved 1048576K
}
2016-07-20T14:47:42.285-0530: 38945.751: Total time for which application threads were stopped: 0.1667470 seconds
{Heap before GC invocations=49 (full 7):
 par new generation   total 109248K, used 109248K [0x00000007a0000000, 0x00000007a8000000, 0x00000007a8000000)
  eden space 87424K, 100% used [0x00000007a0000000, 0x00000007a5560000, 0x00000007a5560000)
  from space 21824K, 100% used [0x00000007a5560000, 0x00000007a6ab0000, 0x00000007a6ab0000)
  to   space 21824K,   0% used [0x00000007a6ab0000, 0x00000007a6ab0000, 0x00000007a8000000)
 concurrent mark-sweep generation total 393216K, used 137536K [0x00000007a8000000, 0x00000007c0000000, 0x00000007c0000000)
 Metaspace       used 31097K, capacity 31420K, committed 31996K, reserved 1077248K
  class space    used 3614K, capacity 3709K, committed 3836K, reserved 1048576K
2016-07-20T14:47:42.809-0530: 38946.274: [GC (Allocation Failure) 38946.274: [ParNew
Desired survivor size 20112992 bytes, new threshold 8 (max 8)
- age   1:   12084576 bytes,   12084576 total
- age   2:    6241488 bytes,   18326064 total
: 109248K->21824K(109248K), 0.0725667 secs] 246784K->170383K(502464K), 0.0726385 secs] [Times: user=0.07 sys=0.04, real=0.08 secs] 
Heap after GC invocations=50 (full 7):
 par new generation   total 109248K, used 21824K [0x00000007a0000000, 0x00000007a8000000, 0x00000007a8000000)
  eden space 87424K,   0% used [0x00000007a0000000, 0x00000007a0000000, 0x00000007a5560000)
  from space 21824K, 100% used [0x00000007a6ab0000, 0x00000007a8000000, 0x00000007a8000000)
  to   space 21824K,   0% used [0x00000007a5560000, 0x00000007a5560000, 0x00000007a6ab0000)
 concurrent mark-sweep generation total 393216K, used 148559K [0x00000007a8000000, 0x00000007c0000000, 0x00000007c0000000)
 Metaspace       used 31097K, capacity 31420K, committed 31996K, reserved 1077248K
  class space    used 3614K, capacity 3709K, committed 3836K, reserved 1048576K
}
2016-07-20T14:47:42.882-0530: 38946.347: Total time for which application threads were stopped: 0.0728333 seconds
2016-07-20T14:47:45.895-0530: 38949.360: Total time for which application threads were stopped: 0.0004802 seconds
2016-07-20T15:09:33.835-0530: 40257.328: Total time for which application threads were stopped: 0.0010357 seconds
2016-07-20T15:10:08.910-0530: 40292.404: Total time for which application threads were stopped: 0.0001434 seconds
2016-07-20T15:10:09.911-0530: 40293.405: Total time for which application threads were stopped: 0.0001497 seconds
2016-07-20T15:10:09.978-0530: 40293.472: Total time for which application threads were stopped: 0.0000956 seconds
2016-07-20T15:10:10.065-0530: 40293.559: Total time for which application threads were stopped: 0.0001585 seconds
2016-07-20T15:10:10.359-0530: 40293.854: Total time for which application threads were stopped: 0.0002416 seconds
2016-07-20T15:10:10.725-0530: 40294.219: Total time for which application threads were stopped: 0.0001205 seconds
2016-07-20T15:10:10.738-0530: 40294.232: Total time for which application threads were stopped: 0.0002495 seconds
{Heap before GC invocations=50 (full 7):
 par new generation   total 109248K, used 109248K [0x00000007a0000000, 0x00000007a8000000, 0x00000007a8000000)
  eden space 87424K, 100% used [0x00000007a0000000, 0x00000007a5560000, 0x00000007a5560000)
  from space 21824K, 100% used [0x00000007a6ab0000, 0x00000007a8000000, 0x00000007a8000000)
  to   space 21824K,   0% used [0x00000007a5560000, 0x00000007a5560000, 0x00000007a6ab0000)
 concurrent mark-sweep generation total 393216K, used 148559K [0x00000007a8000000, 0x00000007c0000000, 0x00000007c0000000)
 Metaspace       used 31101K, capacity 31420K, committed 31996K, reserved 1077248K
  class space    used 3614K, capacity 3709K, committed 3836K, reserved 1048576K
2016-07-20T15:10:10.858-0530: 40294.352: [GC (Allocation Failure) 40294.396: [ParNew
Desired survivor size 20112992 bytes, new threshold 3 (max 8)
- age   1:   10496584 bytes,   10496584 total
- age   2:    5645736 bytes,   16142320 total
- age   3:    6195408 bytes,   22337728 total
: 109248K->21824K(109248K), 0.2018578 secs] 257807K->178189K(502464K), 0.2463383 secs] [Times: user=0.09 sys=0.25, real=0.25 secs] 
Heap after GC invocations=51 (full 7):
 par new generation   total 109248K, used 21824K [0x00000007a0000000, 0x00000007a8000000, 0x00000007a8000000)
  eden space 87424K,   0% used [0x00000007a0000000, 0x00000007a0000000, 0x00000007a5560000)
  from space 21824K, 100% used [0x00000007a5560000, 0x00000007a6ab0000, 0x00000007a6ab0000)
  to   space 21824K,   0% used [0x00000007a6ab0000, 0x00000007a6ab0000, 0x00000007a8000000)
 concurrent mark-sweep generation total 393216K, used 156365K [0x00000007a8000000, 0x00000007c0000000, 0x00000007c0000000)
 Metaspace       used 31101K, capacity 31420K, committed 31996K, reserved 1077248K
  class space    used 3614K, capacity 3709K, committed 3836K, reserved 1048576K
}
2016-07-20T15:10:11.104-0530: 40294.598: Total time for which application threads were stopped: 0.2597879 seconds
{Heap before GC invocations=51 (full 7):
 par new generation   total 109248K, used 109248K [0x00000007a0000000, 0x00000007a8000000, 0x00000007a8000000)
  eden space 87424K, 100% used [0x00000007a0000000, 0x00000007a5560000, 0x00000007a5560000)
  from space 21824K, 100% used [0x00000007a5560000, 0x00000007a6ab0000, 0x00000007a6ab0000)
  to   space 21824K,   0% used [0x00000007a6ab0000, 0x00000007a6ab0000, 0x00000007a8000000)
 concurrent mark-sweep generation total 393216K, used 156365K [0x00000007a8000000, 0x00000007c0000000, 0x00000007c0000000)
 Metaspace       used 31101K, capacity 31420K, committed 31996K, reserved 1077248K
  class space    used 3614K, capacity 3709K, committed 3836K, reserved 1048576K
2016-07-20T15:10:11.682-0530: 40295.176: [GC (Allocation Failure) 40295.176: [ParNew
Desired survivor size 20112992 bytes, new threshold 2 (max 8)
- age   1:   14491272 bytes,   14491272 total
- age   2:    7032536 bytes,   21523808 total
- age   3:     682472 bytes,   22206280 total
: 109248K->21824K(109248K), 0.1806767 secs] 265613K->219727K(502464K), 0.1807514 secs] [Times: user=0.27 sys=0.16, real=0.18 secs] 
Heap after GC invocations=52 (full 7):
 par new generation   total 109248K, used 21824K [0x00000007a0000000, 0x00000007a8000000, 0x00000007a8000000)
  eden space 87424K,   0% used [0x00000007a0000000, 0x00000007a0000000, 0x00000007a5560000)
  from space 21824K, 100% used [0x00000007a6ab0000, 0x00000007a8000000, 0x00000007a8000000)
  to   space 21824K,   0% used [0x00000007a5560000, 0x00000007a5560000, 0x00000007a6ab0000)
 concurrent mark-sweep generation total 393216K, used 197903K [0x00000007a8000000, 0x00000007c0000000, 0x00000007c0000000)
 Metaspace       used 31101K, capacity 31420K, committed 31996K, reserved 1077248K
  class space    used 3614K, capacity 3709K, committed 3836K, reserved 1048576K
}
2016-07-20T15:10:11.863-0530: 40295.357: Total time for which application threads were stopped: 0.1811168 seconds
2016-07-20T15:10:11.889-0530: 40295.383: [GC (CMS Initial Mark) [1 CMS-initial-mark: 197903K(393216K)] 225810K(502464K), 0.0153813 secs] [Times: user=0.02 sys=0.00, real=0.02 secs] 
2016-07-20T15:10:11.904-0530: 40295.399: Total time for which application threads were stopped: 0.0156268 seconds
2016-07-20T15:10:11.904-0530: 40295.399: [CMS-concurrent-mark-start]
2016-07-20T15:10:11.968-0530: 40295.462: [CMS-concurrent-mark: 0.064/0.064 secs] [Times: user=0.14 sys=0.03, real=0.06 secs] 
2016-07-20T15:10:11.968-0530: 40295.462: [CMS-concurrent-preclean-start]
2016-07-20T15:10:11.969-0530: 40295.464: [CMS-concurrent-preclean: 0.001/0.001 secs] [Times: user=0.01 sys=0.00, real=0.00 secs] 
2016-07-20T15:10:11.969-0530: 40295.464: [CMS-concurrent-abortable-preclean-start]
{Heap before GC invocations=52 (full 8):
 par new generation   total 109248K, used 109248K [0x00000007a0000000, 0x00000007a8000000, 0x00000007a8000000)
  eden space 87424K, 100% used [0x00000007a0000000, 0x00000007a5560000, 0x00000007a5560000)
  from space 21824K, 100% used [0x00000007a6ab0000, 0x00000007a8000000, 0x00000007a8000000)
  to   space 21824K,   0% used [0x00000007a5560000, 0x00000007a5560000, 0x00000007a6ab0000)
 concurrent mark-sweep generation total 393216K, used 197903K [0x00000007a8000000, 0x00000007c0000000, 0x00000007c0000000)
 Metaspace       used 31101K, capacity 31420K, committed 31996K, reserved 1077248K
  class space    used 3614K, capacity 3709K, committed 3836K, reserved 1048576K
2016-07-20T15:10:12.599-0530: 40296.093: [GC (Allocation Failure) 40296.093: [ParNew
Desired survivor size 20112992 bytes, new threshold 8 (max 8)
- age   1:   11064856 bytes,   11064856 total
- age   2:    7923624 bytes,   18988480 total
: 109248K->21824K(109248K), 0.0943441 secs] 307151K->230060K(502464K), 0.0944057 secs] [Times: user=0.08 sys=0.03, real=0.10 secs] 
Heap after GC invocations=53 (full 8):
 par new generation   total 109248K, used 21824K [0x00000007a0000000, 0x00000007a8000000, 0x00000007a8000000)
  eden space 87424K,   0% used [0x00000007a0000000, 0x00000007a0000000, 0x00000007a5560000)
  from space 21824K, 100% used [0x00000007a5560000, 0x00000007a6ab0000, 0x00000007a6ab0000)
  to   space 21824K,   0% used [0x00000007a6ab0000, 0x00000007a6ab0000, 0x00000007a8000000)
 concurrent mark-sweep generation total 393216K, used 208236K [0x00000007a8000000, 0x00000007c0000000, 0x00000007c0000000)
 Metaspace       used 31101K, capacity 31420K, committed 31996K, reserved 1077248K
  class space    used 3614K, capacity 3709K, committed 3836K, reserved 1048576K
}
2016-07-20T15:10:12.693-0530: 40296.187: Total time for which application threads were stopped: 0.0946383 seconds
2016-07-20T15:10:14.714-0530: 40298.208: Total time for which application threads were stopped: 0.0168509 seconds
 CMS: abort preclean due to time 2016-07-20T15:10:17.992-0530: 40301.487: [CMS-concurrent-abortable-preclean: 2.715/6.023 secs] [Times: user=5.31 sys=0.08, real=6.03 secs] 
2016-07-20T15:10:18.014-0530: 40301.508: [GC (CMS Final Remark) [YG occupancy: 58632 K (109248 K)]{Heap before GC invocations=53 (full 8):
 par new generation   total 109248K, used 58632K [0x00000007a0000000, 0x00000007a8000000, 0x00000007a8000000)
  eden space 87424K,  42% used [0x00000007a0000000, 0x00000007a23f2038, 0x00000007a5560000)
  from space 21824K, 100% used [0x00000007a5560000, 0x00000007a6ab0000, 0x00000007a6ab0000)
  to   space 21824K,   0% used [0x00000007a6ab0000, 0x00000007a6ab0000, 0x00000007a8000000)
 concurrent mark-sweep generation total 393216K, used 208236K [0x00000007a8000000, 0x00000007c0000000, 0x00000007c0000000)
 Metaspace       used 31101K, capacity 31420K, committed 31996K, reserved 1077248K
  class space    used 3614K, capacity 3709K, committed 3836K, reserved 1048576K
2016-07-20T15:10:18.014-0530: 40301.508: [GC (CMS Final Remark) 40301.508: [ParNew
Desired survivor size 20112992 bytes, new threshold 8 (max 8)
- age   1:     268808 bytes,     268808 total
- age   2:       1456 bytes,     270264 total
- age   3:     975200 bytes,    1245464 total
: 58632K->19273K(109248K), 0.0051238 secs] 266869K->227510K(502464K), 0.0052188 secs] [Times: user=0.02 sys=0.00, real=0.00 secs] 
Heap after GC invocations=54 (full 8):
 par new generation   total 109248K, used 19273K [0x00000007a0000000, 0x00000007a8000000, 0x00000007a8000000)
  eden space 87424K,   0% used [0x00000007a0000000, 0x00000007a0000000, 0x00000007a5560000)
  from space 21824K,  88% used [0x00000007a6ab0000, 0x00000007a7d824a0, 0x00000007a8000000)
  to   space 21824K,   0% used [0x00000007a5560000, 0x00000007a5560000, 0x00000007a6ab0000)
 concurrent mark-sweep generation total 393216K, used 208236K [0x00000007a8000000, 0x00000007c0000000, 0x00000007c0000000)
 Metaspace       used 31101K, capacity 31420K, committed 31996K, reserved 1077248K
  class space    used 3614K, capacity 3709K, committed 3836K, reserved 1048576K
}
40301.514: [Rescan (parallel) , 0.0028610 secs]40301.516: [weak refs processing, 0.0168967 secs]40301.533: [class unloading, 0.0587139 secs]40301.592: [scrub symbol table, 0.0151990 secs]40301.607: [scrub string table, 0.0004290 secs][1 CMS-remark: 208236K(393216K)] 227510K(502464K), 0.1035702 secs] [Times: user=0.08 sys=0.05, real=0.10 secs] 
2016-07-20T15:10:18.117-0530: 40301.612: Total time for which application threads were stopped: 0.1037438 seconds
2016-07-20T15:10:18.118-0530: 40301.612: [CMS-concurrent-sweep-start]
2016-07-20T15:10:18.349-0530: 40301.843: [CMS-concurrent-sweep: 0.231/0.231 secs] [Times: user=0.11 sys=0.10, real=0.23 secs] 
2016-07-20T15:10:18.354-0530: 40301.848: [CMS-concurrent-reset-start]
2016-07-20T15:10:18.359-0530: 40301.853: [CMS-concurrent-reset: 0.005/0.005 secs] [Times: user=0.00 sys=0.01, real=0.00 secs] 
2016-07-20T15:12:57.788-0530: 40461.285: Total time for which application threads were stopped: 0.0010107 seconds
2016-07-20T15:12:57.904-0530: 40461.402: Total time for which application threads were stopped: 0.0001705 seconds
2016-07-20T15:12:58.323-0530: 40461.820: Total time for which application threads were stopped: 0.0895060 seconds
2016-07-20T15:12:58.327-0530: 40461.824: Total time for which application threads were stopped: 0.0001292 seconds
2016-07-20T15:12:58.341-0530: 40461.839: Total time for which application threads were stopped: 0.0001289 seconds
2016-07-20T15:12:58.699-0530: 40462.196: Total time for which application threads were stopped: 0.0001605 seconds
2016-07-20T15:12:59.652-0530: 40463.150: Total time for which application threads were stopped: 0.0000995 seconds
{Heap before GC invocations=54 (full 8):
 par new generation   total 109248K, used 105488K [0x00000007a0000000, 0x00000007a8000000, 0x00000007a8000000)
  eden space 87424K,  98% used [0x00000007a0000000, 0x00000007a5431f30, 0x00000007a5560000)
  from space 21824K,  88% used [0x00000007a6ab0000, 0x00000007a7d824a0, 0x00000007a8000000)
  to   space 21824K,   0% used [0x00000007a5560000, 0x00000007a5560000, 0x00000007a6ab0000)
 concurrent mark-sweep generation total 393216K, used 67212K [0x00000007a8000000, 0x00000007c0000000, 0x00000007c0000000)
 Metaspace       used 31105K, capacity 31420K, committed 31996K, reserved 1077248K
  class space    used 3614K, capacity 3709K, committed 3836K, reserved 1048576K
2016-07-20T15:13:00.135-0530: 40463.632: [GC (Allocation Failure) 40463.662: [ParNew
Desired survivor size 20112992 bytes, new threshold 2 (max 8)
- age   1:   20052408 bytes,   20052408 total
- age   2:     268272 bytes,   20320680 total
- age   4:     969640 bytes,   21290320 total
: 105488K->21824K(109248K), 0.0904657 secs] 172701K->92642K(502464K), 0.1199190 secs] [Times: user=0.07 sys=0.11, real=0.12 secs] 
Heap after GC invocations=55 (full 8):
 par new generation   total 109248K, used 21824K [0x00000007a0000000, 0x00000007a8000000, 0x00000007a8000000)
  eden space 87424K,   0% used [0x00000007a0000000, 0x00000007a0000000, 0x00000007a5560000)
  from space 21824K, 100% used [0x00000007a5560000, 0x00000007a6ab0000, 0x00000007a6ab0000)
  to   space 21824K,   0% used [0x00000007a6ab0000, 0x00000007a6ab0000, 0x00000007a8000000)
 concurrent mark-sweep generation total 393216K, used 70818K [0x00000007a8000000, 0x00000007c0000000, 0x00000007c0000000)
 Metaspace       used 31105K, capacity 31420K, committed 31996K, reserved 1077248K
  class space    used 3614K, capacity 3709K, committed 3836K, reserved 1048576K
}
2016-07-20T15:13:00.255-0530: 40463.752: Total time for which application threads were stopped: 0.1319704 seconds
{Heap before GC invocations=55 (full 8):
 par new generation   total 109248K, used 109248K [0x00000007a0000000, 0x00000007a8000000, 0x00000007a8000000)
  eden space 87424K, 100% used [0x00000007a0000000, 0x00000007a5560000, 0x00000007a5560000)
  from space 21824K, 100% used [0x00000007a5560000, 0x00000007a6ab0000, 0x00000007a6ab0000)
  to   space 21824K,   0% used [0x00000007a6ab0000, 0x00000007a6ab0000, 0x00000007a8000000)
 concurrent mark-sweep generation total 393216K, used 70818K [0x00000007a8000000, 0x00000007c0000000, 0x00000007c0000000)
 Metaspace       used 31105K, capacity 31420K, committed 31996K, reserved 1077248K
  class space    used 3614K, capacity 3709K, committed 3836K, reserved 1048576K
2016-07-20T15:13:00.795-0530: 40464.293: [GC (Allocation Failure) 40464.293: [ParNew
Desired survivor size 20112992 bytes, new threshold 2 (max 8)
- age   1:    7050144 bytes,    7050144 total
- age   2:   15280832 bytes,   22330976 total
: 109248K->21824K(109248K), 0.0803261 secs] 180066K->105215K(502464K), 0.0803868 secs] [Times: user=0.10 sys=0.13, real=0.08 secs] 
Heap after GC invocations=56 (full 8):
 par new generation   total 109248K, used 21824K [0x00000007a0000000, 0x00000007a8000000, 0x00000007a8000000)
  eden space 87424K,   0% used [0x00000007a0000000, 0x00000007a0000000, 0x00000007a5560000)
  from space 21824K, 100% used [0x00000007a6ab0000, 0x00000007a8000000, 0x00000007a8000000)
  to   space 21824K,   0% used [0x00000007a5560000, 0x00000007a5560000, 0x00000007a6ab0000)
 concurrent mark-sweep generation total 393216K, used 83391K [0x00000007a8000000, 0x00000007c0000000, 0x00000007c0000000)
 Metaspace       used 31105K, capacity 31420K, committed 31996K, reserved 1077248K
  class space    used 3614K, capacity 3709K, committed 3836K, reserved 1048576K
}
2016-07-20T15:13:00.876-0530: 40464.373: Total time for which application threads were stopped: 0.0806358 seconds
2016-07-20T16:02:15.450-0530: 43419.010: Total time for which application threads were stopped: 0.0013035 seconds
2016-07-20T16:02:15.452-0530: 43419.012: Total time for which application threads were stopped: 0.0003041 seconds
2016-07-20T16:02:15.525-0530: 43419.085: Total time for which application threads were stopped: 0.0001335 seconds
2016-07-20T16:02:15.991-0530: 43419.551: Total time for which application threads were stopped: 0.0005040 seconds
2016-07-20T16:02:16.705-0530: 43420.266: Total time for which application threads were stopped: 0.0004337 seconds
2016-07-20T16:02:17.043-0530: 43420.603: Total time for which application threads were stopped: 0.0001210 seconds
2016-07-20T16:02:17.892-0530: 43421.452: Total time for which application threads were stopped: 0.0001052 seconds
2016-07-20T16:02:18.729-0530: 43422.289: Total time for which application threads were stopped: 0.0001101 seconds
2016-07-20T16:02:18.767-0530: 43422.327: Total time for which application threads were stopped: 0.0001384 seconds
{Heap before GC invocations=56 (full 8):
 par new generation   total 109248K, used 109248K [0x00000007a0000000, 0x00000007a8000000, 0x00000007a8000000)
  eden space 87424K, 100% used [0x00000007a0000000, 0x00000007a5560000, 0x00000007a5560000)
  from space 21824K, 100% used [0x00000007a6ab0000, 0x00000007a8000000, 0x00000007a8000000)
  to   space 21824K,   0% used [0x00000007a5560000, 0x00000007a5560000, 0x00000007a6ab0000)
 concurrent mark-sweep generation total 393216K, used 83391K [0x00000007a8000000, 0x00000007c0000000, 0x00000007c0000000)
 Metaspace       used 31124K, capacity 31484K, committed 31996K, reserved 1077248K
  class space    used 3614K, capacity 3709K, committed 3836K, reserved 1048576K
2016-07-20T16:02:18.778-0530: 43422.339: [GC (Allocation Failure) 43422.427: [ParNew
Desired survivor size 20112992 bytes, new threshold 8 (max 8)
- age   1:    6831344 bytes,    6831344 total
: 109248K->20021K(109248K), 0.0891753 secs] 192639K->111179K(502464K), 0.1773627 secs] [Times: user=0.07 sys=0.13, real=0.18 secs] 
Heap after GC invocations=57 (full 8):
 par new generation   total 109248K, used 20021K [0x00000007a0000000, 0x00000007a8000000, 0x00000007a8000000)
  eden space 87424K,   0% used [0x00000007a0000000, 0x00000007a0000000, 0x00000007a5560000)
  from space 21824K,  91% used [0x00000007a5560000, 0x00000007a68ed660, 0x00000007a6ab0000)
  to   space 21824K,   0% used [0x00000007a6ab0000, 0x00000007a6ab0000, 0x00000007a8000000)
 concurrent mark-sweep generation total 393216K, used 91157K [0x00000007a8000000, 0x00000007c0000000, 0x00000007c0000000)
 Metaspace       used 31124K, capacity 31484K, committed 31996K, reserved 1077248K
  class space    used 3614K, capacity 3709K, committed 3836K, reserved 1048576K
}
2016-07-20T16:02:18.956-0530: 43422.516: Total time for which application threads were stopped: 0.1775761 seconds
{Heap before GC invocations=57 (full 8):
 par new generation   total 109248K, used 107445K [0x00000007a0000000, 0x00000007a8000000, 0x00000007a8000000)
  eden space 87424K, 100% used [0x00000007a0000000, 0x00000007a5560000, 0x00000007a5560000)
  from space 21824K,  91% used [0x00000007a5560000, 0x00000007a68ed660, 0x00000007a6ab0000)
  to   space 21824K,   0% used [0x00000007a6ab0000, 0x00000007a6ab0000, 0x00000007a8000000)
 concurrent mark-sweep generation total 393216K, used 91157K [0x00000007a8000000, 0x00000007c0000000, 0x00000007c0000000)
 Metaspace       used 31124K, capacity 31484K, committed 31996K, reserved 1077248K
  class space    used 3614K, capacity 3709K, committed 3836K, reserved 1048576K
2016-07-20T16:02:19.537-0530: 43423.097: [GC (Allocation Failure) 43423.097: [ParNew
Desired survivor size 20112992 bytes, new threshold 2 (max 8)
- age   1:   15728480 bytes,   15728480 total
- age   2:    6545384 bytes,   22273864 total
: 107445K->21824K(109248K), 0.0864492 secs] 198603K->128115K(502464K), 0.0865166 secs] [Times: user=0.10 sys=0.10, real=0.09 secs] 
Heap after GC invocations=58 (full 8):
 par new generation   total 109248K, used 21824K [0x00000007a0000000, 0x00000007a8000000, 0x00000007a8000000)
  eden space 87424K,   0% used [0x00000007a0000000, 0x00000007a0000000, 0x00000007a5560000)
  from space 21824K, 100% used [0x00000007a6ab0000, 0x00000007a8000000, 0x00000007a8000000)
  to   space 21824K,   0% used [0x00000007a5560000, 0x00000007a5560000, 0x00000007a6ab0000)
 concurrent mark-sweep generation total 393216K, used 106291K [0x00000007a8000000, 0x00000007c0000000, 0x00000007c0000000)
 Metaspace       used 31124K, capacity 31484K, committed 31996K, reserved 1077248K
  class space    used 3614K, capacity 3709K, committed 3836K, reserved 1048576K
}
2016-07-20T16:02:19.623-0530: 43423.184: Total time for which application threads were stopped: 0.0867676 seconds
{Heap before GC invocations=58 (full 8):
 par new generation   total 109248K, used 109248K [0x00000007a0000000, 0x00000007a8000000, 0x00000007a8000000)
  eden space 87424K, 100% used [0x00000007a0000000, 0x00000007a5560000, 0x00000007a5560000)
  from space 21824K, 100% used [0x00000007a6ab0000, 0x00000007a8000000, 0x00000007a8000000)
  to   space 21824K,   0% used [0x00000007a5560000, 0x00000007a5560000, 0x00000007a6ab0000)
 concurrent mark-sweep generation total 393216K, used 106291K [0x00000007a8000000, 0x00000007c0000000, 0x00000007c0000000)
 Metaspace       used 31124K, capacity 31484K, committed 31996K, reserved 1077248K
  class space    used 3614K, capacity 3709K, committed 3836K, reserved 1048576K
2016-07-20T16:02:20.173-0530: 43423.733: [GC (Allocation Failure) 43423.734: [ParNew
Desired survivor size 20112992 bytes, new threshold 2 (max 8)
- age   1:   10702008 bytes,   10702008 total
- age   2:   10658160 bytes,   21360168 total
: 109248K->21824K(109248K), 0.0528728 secs] 215539K->139098K(502464K), 0.0533753 secs] [Times: user=0.08 sys=0.08, real=0.05 secs] 
Heap after GC invocations=59 (full 8):
 par new generation   total 109248K, used 21824K [0x00000007a0000000, 0x00000007a8000000, 0x00000007a8000000)
  eden space 87424K,   0% used [0x00000007a0000000, 0x00000007a0000000, 0x00000007a5560000)
  from space 21824K, 100% used [0x00000007a5560000, 0x00000007a6ab0000, 0x00000007a6ab0000)
  to   space 21824K,   0% used [0x00000007a6ab0000, 0x00000007a6ab0000, 0x00000007a8000000)
 concurrent mark-sweep generation total 393216K, used 117274K [0x00000007a8000000, 0x00000007c0000000, 0x00000007c0000000)
 Metaspace       used 31124K, capacity 31484K, committed 31996K, reserved 1077248K
  class space    used 3614K, capacity 3709K, committed 3836K, reserved 1048576K
}
2016-07-20T16:02:20.227-0530: 43423.787: Total time for which application threads were stopped: 0.0535992 seconds
2016-07-20T16:02:23.233-0530: 43426.794: Total time for which application threads were stopped: 0.0002633 seconds
2016-07-20T16:03:58.594-0530: 43522.156: Total time for which application threads were stopped: 0.0369527 seconds
2016-07-20T16:07:52.326-0530: 43755.893: Total time for which application threads were stopped: 0.0009034 seconds
2016-07-20T16:07:52.495-0530: 43756.062: Total time for which application threads were stopped: 0.0001304 seconds
2016-07-20T16:07:52.507-0530: 43756.074: Total time for which application threads were stopped: 0.0003560 seconds
2016-07-20T16:07:53.750-0530: 43757.317: Total time for which application threads were stopped: 0.0003241 seconds
2016-07-20T16:07:53.775-0530: 43757.342: Total time for which application threads were stopped: 0.0000882 seconds
2016-07-20T16:07:53.979-0530: 43757.547: Total time for which application threads were stopped: 0.0504158 seconds
2016-07-20T16:07:54.755-0530: 43758.322: Total time for which application threads were stopped: 0.0001790 seconds
{Heap before GC invocations=59 (full 8):
 par new generation   total 109248K, used 109248K [0x00000007a0000000, 0x00000007a8000000, 0x00000007a8000000)
  eden space 87424K, 100% used [0x00000007a0000000, 0x00000007a5560000, 0x00000007a5560000)
  from space 21824K, 100% used [0x00000007a5560000, 0x00000007a6ab0000, 0x00000007a6ab0000)
  to   space 21824K,   0% used [0x00000007a6ab0000, 0x00000007a6ab0000, 0x00000007a8000000)
 concurrent mark-sweep generation total 393216K, used 117274K [0x00000007a8000000, 0x00000007c0000000, 0x00000007c0000000)
 Metaspace       used 31149K, capacity 31484K, committed 31996K, reserved 1077248K
  class space    used 3614K, capacity 3709K, committed 3836K, reserved 1048576K
2016-07-20T16:07:54.830-0530: 43758.398: [GC (Allocation Failure) 43758.425: [ParNew
Desired survivor size 20112992 bytes, new threshold 8 (max 8)
- age   1:   10612072 bytes,   10612072 total
: 109248K->21824K(109248K), 0.0871154 secs] 226522K->145893K(502464K), 0.1141575 secs] [Times: user=0.07 sys=0.14, real=0.11 secs] 
Heap after GC invocations=60 (full 8):
 par new generation   total 109248K, used 21824K [0x00000007a0000000, 0x00000007a8000000, 0x00000007a8000000)
  eden space 87424K,   0% used [0x00000007a0000000, 0x00000007a0000000, 0x00000007a5560000)
  from space 21824K, 100% used [0x00000007a6ab0000, 0x00000007a8000000, 0x00000007a8000000)
  to   space 21824K,   0% used [0x00000007a5560000, 0x00000007a5560000, 0x00000007a6ab0000)
 concurrent mark-sweep generation total 393216K, used 124069K [0x00000007a8000000, 0x00000007c0000000, 0x00000007c0000000)
 Metaspace       used 31149K, capacity 31484K, committed 31996K, reserved 1077248K
  class space    used 3614K, capacity 3709K, committed 3836K, reserved 1048576K
}
2016-07-20T16:07:54.945-0530: 43758.512: Total time for which application threads were stopped: 0.1144146 seconds
{Heap before GC invocations=60 (full 8):
 par new generation   total 109248K, used 109248K [0x00000007a0000000, 0x00000007a8000000, 0x00000007a8000000)
  eden space 87424K, 100% used [0x00000007a0000000, 0x00000007a5560000, 0x00000007a5560000)
  from space 21824K, 100% used [0x00000007a6ab0000, 0x00000007a8000000, 0x00000007a8000000)
  to   space 21824K,   0% used [0x00000007a5560000, 0x00000007a5560000, 0x00000007a6ab0000)
 concurrent mark-sweep generation total 393216K, used 124069K [0x00000007a8000000, 0x00000007c0000000, 0x00000007c0000000)
 Metaspace       used 31149K, capacity 31484K, committed 31996K, reserved 1077248K
  class space    used 3614K, capacity 3709K, committed 3836K, reserved 1048576K
2016-07-20T16:07:55.473-0530: 43759.040: [GC (Allocation Failure) 43759.041: [ParNew
Desired survivor size 20112992 bytes, new threshold 2 (max 8)
- age   1:   11715000 bytes,   11715000 total
- age   2:   10593888 bytes,   22308888 total
: 109248K->21824K(109248K), 0.1897193 secs] 233317K->175780K(502464K), 0.1901377 secs] [Times: user=0.23 sys=0.19, real=0.19 secs] 
Heap after GC invocations=61 (full 8):
 par new generation   total 109248K, used 21824K [0x00000007a0000000, 0x00000007a8000000, 0x00000007a8000000)
  eden space 87424K,   0% used [0x00000007a0000000, 0x00000007a0000000, 0x00000007a5560000)
  from space 21824K, 100% used [0x00000007a5560000, 0x00000007a6ab0000, 0x00000007a6ab0000)
  to   space 21824K,   0% used [0x00000007a6ab0000, 0x00000007a6ab0000, 0x00000007a8000000)
 concurrent mark-sweep generation total 393216K, used 153956K [0x00000007a8000000, 0x00000007c0000000, 0x00000007c0000000)
 Metaspace       used 31149K, capacity 31484K, committed 31996K, reserved 1077248K
  class space    used 3614K, capacity 3709K, committed 3836K, reserved 1048576K
}
2016-07-20T16:07:55.663-0530: 43759.231: Total time for which application threads were stopped: 0.1904526 seconds
{Heap before GC invocations=61 (full 8):
 par new generation   total 109248K, used 109248K [0x00000007a0000000, 0x00000007a8000000, 0x00000007a8000000)
  eden space 87424K, 100% used [0x00000007a0000000, 0x00000007a5560000, 0x00000007a5560000)
  from space 21824K, 100% used [0x00000007a5560000, 0x00000007a6ab0000, 0x00000007a6ab0000)
  to   space 21824K,   0% used [0x00000007a6ab0000, 0x00000007a6ab0000, 0x00000007a8000000)
 concurrent mark-sweep generation total 393216K, used 153956K [0x00000007a8000000, 0x00000007c0000000, 0x00000007c0000000)
 Metaspace       used 31149K, capacity 31484K, committed 31996K, reserved 1077248K
  class space    used 3614K, capacity 3709K, committed 3836K, reserved 1048576K
2016-07-20T16:07:56.339-0530: 43759.906: [GC (Allocation Failure) 43759.906: [ParNew
Desired survivor size 20112992 bytes, new threshold 8 (max 8)
- age   1:   11102912 bytes,   11102912 total
- age   2:    8040496 bytes,   19143408 total
: 109248K->21824K(109248K), 0.0471655 secs] 263204K->188890K(502464K), 0.0472402 secs] [Times: user=0.06 sys=0.06, real=0.05 secs] 
Heap after GC invocations=62 (full 8):
 par new generation   total 109248K, used 21824K [0x00000007a0000000, 0x00000007a8000000, 0x00000007a8000000)
  eden space 87424K,   0% used [0x00000007a0000000, 0x00000007a0000000, 0x00000007a5560000)
  from space 21824K, 100% used [0x00000007a6ab0000, 0x00000007a8000000, 0x00000007a8000000)
  to   space 21824K,   0% used [0x00000007a5560000, 0x00000007a5560000, 0x00000007a6ab0000)
 concurrent mark-sweep generation total 393216K, used 167066K [0x00000007a8000000, 0x00000007c0000000, 0x00000007c0000000)
 Metaspace       used 31149K, capacity 31484K, committed 31996K, reserved 1077248K
  class space    used 3614K, capacity 3709K, committed 3836K, reserved 1048576K
}
2016-07-20T16:07:56.386-0530: 43759.954: Total time for which application threads were stopped: 0.0475139 seconds
2016-07-20T16:07:59.393-0530: 43762.961: Total time for which application threads were stopped: 0.0002423 seconds
2016-07-20T16:08:17.439-0530: 43781.007: Total time for which application threads were stopped: 0.0003913 seconds
2016-07-20T16:08:18.444-0530: 43782.012: Total time for which application threads were stopped: 0.0001968 seconds
2016-07-20T16:08:18.865-0530: 43782.432: Total time for which application threads were stopped: 0.0001378 seconds
2016-07-20T16:08:18.867-0530: 43782.434: Total time for which application threads were stopped: 0.0001405 seconds
2016-07-20T16:08:18.869-0530: 43782.436: Total time for which application threads were stopped: 0.0001124 seconds
2016-07-20T16:08:18.869-0530: 43782.437: Total time for which application threads were stopped: 0.0000539 seconds
2016-07-20T16:08:18.869-0530: 43782.437: Total time for which application threads were stopped: 0.0000490 seconds
2016-07-20T16:08:18.869-0530: 43782.437: Total time for which application threads were stopped: 0.0000549 seconds
2016-07-20T16:08:18.869-0530: 43782.437: Total time for which application threads were stopped: 0.0000496 seconds
2016-07-20T16:08:18.870-0530: 43782.437: Total time for which application threads were stopped: 0.0000506 seconds
2016-07-20T16:08:18.870-0530: 43782.437: Total time for which application threads were stopped: 0.0000467 seconds
2016-07-20T16:08:18.870-0530: 43782.438: Total time for which application threads were stopped: 0.0000489 seconds
2016-07-20T16:08:18.870-0530: 43782.438: Total time for which application threads were stopped: 0.0000625 seconds
2016-07-20T16:08:18.871-0530: 43782.438: Total time for which application threads were stopped: 0.0000806 seconds
2016-07-20T16:08:18.871-0530: 43782.439: Total time for which application threads were stopped: 0.0000531 seconds
2016-07-20T16:08:18.871-0530: 43782.439: Total time for which application threads were stopped: 0.0001350 seconds
{Heap before GC invocations=62 (full 8):
 par new generation   total 109248K, used 109217K [0x00000007a0000000, 0x00000007a8000000, 0x00000007a8000000)
  eden space 87424K,  99% used [0x00000007a0000000, 0x00000007a5558718, 0x00000007a5560000)
  from space 21824K, 100% used [0x00000007a6ab0000, 0x00000007a8000000, 0x00000007a8000000)
  to   space 21824K,   0% used [0x00000007a5560000, 0x00000007a5560000, 0x00000007a6ab0000)
 concurrent mark-sweep generation total 393216K, used 167066K [0x00000007a8000000, 0x00000007c0000000, 0x00000007c0000000)
 Metaspace       used 31354K, capacity 31740K, committed 32252K, reserved 1077248K
  class space    used 3615K, capacity 3709K, committed 3836K, reserved 1048576K
2016-07-20T16:08:18.966-0530: 43782.533: [GC (Allocation Failure) 43782.559: [ParNew
Desired survivor size 20112992 bytes, new threshold 8 (max 8)
- age   1:   15660120 bytes,   15660120 total
- age   3:    2461624 bytes,   18121744 total
: 109217K->21824K(109248K), 0.0136856 secs] 276284K->189478K(502464K), 0.0395439 secs] [Times: user=0.05 sys=0.00, real=0.04 secs] 
Heap after GC invocations=63 (full 8):
 par new generation   total 109248K, used 21824K [0x00000007a0000000, 0x00000007a8000000, 0x00000007a8000000)
  eden space 87424K,   0% used [0x00000007a0000000, 0x00000007a0000000, 0x00000007a5560000)
  from space 21824K, 100% used [0x00000007a5560000, 0x00000007a6ab0000, 0x00000007a6ab0000)
  to   space 21824K,   0% used [0x00000007a6ab0000, 0x00000007a6ab0000, 0x00000007a8000000)
 concurrent mark-sweep generation total 393216K, used 167654K [0x00000007a8000000, 0x00000007c0000000, 0x00000007c0000000)
 Metaspace       used 31354K, capacity 31740K, committed 32252K, reserved 1077248K
  class space    used 3615K, capacity 3709K, committed 3836K, reserved 1048576K
}
2016-07-20T16:08:19.005-0530: 43782.573: Total time for which application threads were stopped: 0.0398534 seconds
{Heap before GC invocations=63 (full 8):
 par new generation   total 109248K, used 109248K [0x00000007a0000000, 0x00000007a8000000, 0x00000007a8000000)
  eden space 87424K, 100% used [0x00000007a0000000, 0x00000007a5560000, 0x00000007a5560000)
  from space 21824K, 100% used [0x00000007a5560000, 0x00000007a6ab0000, 0x00000007a6ab0000)
  to   space 21824K,   0% used [0x00000007a6ab0000, 0x00000007a6ab0000, 0x00000007a8000000)
 concurrent mark-sweep generation total 393216K, used 167654K [0x00000007a8000000, 0x00000007c0000000, 0x00000007c0000000)
 Metaspace       used 31357K, capacity 31746K, committed 32252K, reserved 1077248K
  class space    used 3615K, capacity 3710K, committed 3836K, reserved 1048576K
2016-07-20T16:08:19.777-0530: 43783.344: [GC (Allocation Failure) 43783.344: [ParNew
Desired survivor size 20112992 bytes, new threshold 4 (max 8)
- age   1:    8916128 bytes,    8916128 total
- age   2:   10951504 bytes,   19867632 total
- age   4:    2461624 bytes,   22329256 total
: 109248K->21824K(109248K), 0.1617152 secs] 276902K->230809K(502464K), 0.1617999 secs] [Times: user=0.24 sys=0.16, real=0.16 secs] 
Heap after GC invocations=64 (full 8):
 par new generation   total 109248K, used 21824K [0x00000007a0000000, 0x00000007a8000000, 0x00000007a8000000)
  eden space 87424K,   0% used [0x00000007a0000000, 0x00000007a0000000, 0x00000007a5560000)
  from space 21824K, 100% used [0x00000007a6ab0000, 0x00000007a8000000, 0x00000007a8000000)
  to   space 21824K,   0% used [0x00000007a5560000, 0x00000007a5560000, 0x00000007a6ab0000)
 concurrent mark-sweep generation total 393216K, used 208985K [0x00000007a8000000, 0x00000007c0000000, 0x00000007c0000000)
 Metaspace       used 31357K, capacity 31746K, committed 32252K, reserved 1077248K
  class space    used 3615K, capacity 3710K, committed 3836K, reserved 1048576K
}
2016-07-20T16:08:19.938-0530: 43783.506: Total time for which application threads were stopped: 0.1620100 seconds
2016-07-20T16:08:19.939-0530: 43783.507: [GC (CMS Initial Mark) [1 CMS-initial-mark: 208985K(393216K)] 231647K(502464K), 0.0041019 secs] [Times: user=0.01 sys=0.01, real=0.01 secs] 
2016-07-20T16:08:19.943-0530: 43783.511: Total time for which application threads were stopped: 0.0043919 seconds
2016-07-20T16:08:19.943-0530: 43783.511: [CMS-concurrent-mark-start]
2016-07-20T16:08:20.033-0530: 43783.600: [CMS-concurrent-mark: 0.090/0.090 secs] [Times: user=0.28 sys=0.03, real=0.09 secs] 
2016-07-20T16:08:20.033-0530: 43783.600: [CMS-concurrent-preclean-start]
2016-07-20T16:08:20.034-0530: 43783.602: [CMS-concurrent-preclean: 0.001/0.001 secs] [Times: user=0.00 sys=0.00, real=0.00 secs] 
2016-07-20T16:08:20.034-0530: 43783.602: [CMS-concurrent-abortable-preclean-start]
{Heap before GC invocations=64 (full 9):
 par new generation   total 109248K, used 109204K [0x00000007a0000000, 0x00000007a8000000, 0x00000007a8000000)
  eden space 87424K,  99% used [0x00000007a0000000, 0x00000007a5555340, 0x00000007a5560000)
  from space 21824K, 100% used [0x00000007a6ab0000, 0x00000007a8000000, 0x00000007a8000000)
  to   space 21824K,   0% used [0x00000007a5560000, 0x00000007a5560000, 0x00000007a6ab0000)
 concurrent mark-sweep generation total 393216K, used 208985K [0x00000007a8000000, 0x00000007c0000000, 0x00000007c0000000)
 Metaspace       used 31357K, capacity 31746K, committed 32252K, reserved 1077248K
  class space    used 3615K, capacity 3710K, committed 3836K, reserved 1048576K
2016-07-20T16:08:20.707-0530: 43784.275: [GC (Allocation Failure) 43784.275: [ParNew
Desired survivor size 20112992 bytes, new threshold 3 (max 8)
- age   1:    7587352 bytes,    7587352 total
- age   2:    3514184 bytes,   11101536 total
- age   3:   10723368 bytes,   21824904 total
: 109204K->21824K(109248K), 0.1046698 secs] 318190K->242115K(502464K), 0.1047426 secs] [Times: user=0.17 sys=0.04, real=0.11 secs] 
Heap after GC invocations=65 (full 9):
 par new generation   total 109248K, used 21824K [0x00000007a0000000, 0x00000007a8000000, 0x00000007a8000000)
  eden space 87424K,   0% used [0x00000007a0000000, 0x00000007a0000000, 0x00000007a5560000)
  from space 21824K, 100% used [0x00000007a5560000, 0x00000007a6ab0000, 0x00000007a6ab0000)
  to   space 21824K,   0% used [0x00000007a6ab0000, 0x00000007a6ab0000, 0x00000007a8000000)
 concurrent mark-sweep generation total 393216K, used 220291K [0x00000007a8000000, 0x00000007c0000000, 0x00000007c0000000)
 Metaspace       used 31357K, capacity 31746K, committed 32252K, reserved 1077248K
  class space    used 3615K, capacity 3710K, committed 3836K, reserved 1048576K
}
2016-07-20T16:08:20.812-0530: 43784.380: Total time for which application threads were stopped: 0.1049916 seconds
 CMS: abort preclean due to time 2016-07-20T16:08:26.147-0530: 43789.715: [CMS-concurrent-abortable-preclean: 2.919/6.114 secs] [Times: user=5.38 sys=0.07, real=6.11 secs] 
2016-07-20T16:08:26.181-0530: 43789.749: [GC (CMS Final Remark) [YG occupancy: 40704 K (109248 K)]{Heap before GC invocations=65 (full 9):
 par new generation   total 109248K, used 40704K [0x00000007a0000000, 0x00000007a8000000, 0x00000007a8000000)
  eden space 87424K,  21% used [0x00000007a0000000, 0x00000007a12703d8, 0x00000007a5560000)
  from space 21824K, 100% used [0x00000007a5560000, 0x00000007a6ab0000, 0x00000007a6ab0000)
  to   space 21824K,   0% used [0x00000007a6ab0000, 0x00000007a6ab0000, 0x00000007a8000000)
 concurrent mark-sweep generation total 393216K, used 220291K [0x00000007a8000000, 0x00000007c0000000, 0x00000007c0000000)
 Metaspace       used 31359K, capacity 31746K, committed 32252K, reserved 1077248K
  class space    used 3615K, capacity 3710K, committed 3836K, reserved 1048576K
2016-07-20T16:08:26.181-0530: 43789.749: [GC (CMS Final Remark) 43789.749: [ParNew
Desired survivor size 20112992 bytes, new threshold 8 (max 8)
- age   1:     241336 bytes,     241336 total
- age   2:    6077960 bytes,    6319296 total
- age   3:    2790192 bytes,    9109488 total
: 40704K->21142K(109248K), 0.3060035 secs] 260996K->251675K(502464K), 0.3060669 secs] [Times: user=0.23 sys=0.05, real=0.30 secs] 
Heap after GC invocations=66 (full 9):
 par new generation   total 109248K, used 21142K [0x00000007a0000000, 0x00000007a8000000, 0x00000007a8000000)
  eden space 87424K,   0% used [0x00000007a0000000, 0x00000007a0000000, 0x00000007a5560000)
  from space 21824K,  96% used [0x00000007a6ab0000, 0x00000007a7f55800, 0x00000007a8000000)
  to   space 21824K,   0% used [0x00000007a5560000, 0x00000007a5560000, 0x00000007a6ab0000)
 concurrent mark-sweep generation total 393216K, used 230533K [0x00000007a8000000, 0x00000007c0000000, 0x00000007c0000000)
 Metaspace       used 31359K, capacity 31746K, committed 32252K, reserved 1077248K
  class space    used 3615K, capacity 3710K, committed 3836K, reserved 1048576K
}
43790.055: [Rescan (parallel) , 0.0087266 secs]43790.064: [weak refs processing, 0.0016638 secs]43790.066: [class unloading, 0.0550557 secs]43790.121: [scrub symbol table, 0.0096983 secs]43790.131: [scrub string table, 0.0004368 secs][1 CMS-remark: 230533K(393216K)] 251675K(502464K), 0.3861881 secs] [Times: user=0.29 sys=0.08, real=0.38 secs] 
2016-07-20T16:08:26.567-0530: 43790.135: Total time for which application threads were stopped: 0.3863935 seconds
2016-07-20T16:08:26.568-0530: 43790.135: [CMS-concurrent-sweep-start]
2016-07-20T16:08:26.819-0530: 43790.387: [CMS-concurrent-sweep: 0.251/0.251 secs] [Times: user=0.14 sys=0.10, real=0.25 secs] 
2016-07-20T16:08:26.819-0530: 43790.387: [CMS-concurrent-reset-start]
2016-07-20T16:08:26.822-0530: 43790.389: [CMS-concurrent-reset: 0.002/0.002 secs] [Times: user=0.00 sys=0.00, real=0.01 secs] 
{Heap before GC invocations=66 (full 9):
 par new generation   total 109248K, used 107149K [0x00000007a0000000, 0x00000007a8000000, 0x00000007a8000000)
  eden space 87424K,  98% used [0x00000007a0000000, 0x00000007a53fdf80, 0x00000007a5560000)
  from space 21824K,  96% used [0x00000007a6ab0000, 0x00000007a7f55800, 0x00000007a8000000)
  to   space 21824K,   0% used [0x00000007a5560000, 0x00000007a5560000, 0x00000007a6ab0000)
 concurrent mark-sweep generation total 393216K, used 84947K [0x00000007a8000000, 0x00000007c0000000, 0x00000007c0000000)
 Metaspace       used 31360K, capacity 31746K, committed 32252K, reserved 1077248K
  class space    used 3615K, capacity 3710K, committed 3836K, reserved 1048576K
2016-07-20T16:09:09.604-0530: 43833.173: [GC (Allocation Failure) 43833.185: [ParNew
Desired survivor size 20112992 bytes, new threshold 4 (max 8)
- age   1:   13192768 bytes,   13192768 total
- age   2:     240888 bytes,   13433656 total
- age   3:    6082520 bytes,   19516176 total
- age   4:    2790192 bytes,   22306368 total
: 107149K->21824K(109248K), 0.1041753 secs] 192097K->116866K(502464K), 0.1162007 secs] [Times: user=0.13 sys=0.17, real=0.12 secs] 
Heap after GC invocations=67 (full 9):
 par new generation   total 109248K, used 21824K [0x00000007a0000000, 0x00000007a8000000, 0x00000007a8000000)
  eden space 87424K,   0% used [0x00000007a0000000, 0x00000007a0000000, 0x00000007a5560000)
  from space 21824K, 100% used [0x00000007a5560000, 0x00000007a6ab0000, 0x00000007a6ab0000)
  to   space 21824K,   0% used [0x00000007a6ab0000, 0x00000007a6ab0000, 0x00000007a8000000)
 concurrent mark-sweep generation total 393216K, used 95042K [0x00000007a8000000, 0x00000007c0000000, 0x00000007c0000000)
 Metaspace       used 31360K, capacity 31746K, committed 32252K, reserved 1077248K
  class space    used 3615K, capacity 3710K, committed 3836K, reserved 1048576K
}
2016-07-20T16:09:09.720-0530: 43833.289: Total time for which application threads were stopped: 0.1165796 seconds
{Heap before GC invocations=67 (full 9):
 par new generation   total 109248K, used 109248K [0x00000007a0000000, 0x00000007a8000000, 0x00000007a8000000)
  eden space 87424K, 100% used [0x00000007a0000000, 0x00000007a5560000, 0x00000007a5560000)
  from space 21824K, 100% used [0x00000007a5560000, 0x00000007a6ab0000, 0x00000007a6ab0000)
  to   space 21824K,   0% used [0x00000007a6ab0000, 0x00000007a6ab0000, 0x00000007a8000000)
 concurrent mark-sweep generation total 393216K, used 95042K [0x00000007a8000000, 0x00000007c0000000, 0x00000007c0000000)
 Metaspace       used 31360K, capacity 31746K, committed 32252K, reserved 1077248K
  class space    used 3615K, capacity 3710K, committed 3836K, reserved 1048576K
2016-07-20T16:09:10.244-0530: 43833.813: [GC (Allocation Failure) 43833.813: [ParNew
Desired survivor size 20112992 bytes, new threshold 4 (max 8)
- age   1:    5201992 bytes,    5201992 total
- age   2:   10809432 bytes,   16011424 total
- age   3:     240888 bytes,   16252312 total
- age   4:    6077960 bytes,   22330272 total
: 109248K->21824K(109248K), 0.0721911 secs] 204290K->130424K(502464K), 0.0722668 secs] [Times: user=0.20 sys=0.05, real=0.07 secs] 
Heap after GC invocations=68 (full 9):
 par new generation   total 109248K, used 21824K [0x00000007a0000000, 0x00000007a8000000, 0x00000007a8000000)
  eden space 87424K,   0% used [0x00000007a0000000, 0x00000007a0000000, 0x00000007a5560000)
  from space 21824K, 100% used [0x00000007a6ab0000, 0x00000007a8000000, 0x00000007a8000000)
  to   space 21824K,   0% used [0x00000007a5560000, 0x00000007a5560000, 0x00000007a6ab0000)
 concurrent mark-sweep generation total 393216K, used 108600K [0x00000007a8000000, 0x00000007c0000000, 0x00000007c0000000)
 Metaspace       used 31360K, capacity 31746K, committed 32252K, reserved 1077248K
  class space    used 3615K, capacity 3710K, committed 3836K, reserved 1048576K
}
2016-07-20T16:09:10.316-0530: 43833.885: Total time for which application threads were stopped: 0.0725191 seconds
2016-07-20T16:09:13.318-0530: 43836.887: Total time for which application threads were stopped: 0.0000914 seconds
2016-07-20T16:09:23.144-0530: 43846.713: Total time for which application threads were stopped: 0.0229436 seconds
2016-07-20T16:09:23.845-0530: 43847.414: Total time for which application threads were stopped: 0.0199010 seconds
2016-07-20T16:09:23.921-0530: 43847.490: Total time for which application threads were stopped: 0.0153968 seconds
2016-07-20T16:09:24.083-0530: 43847.652: Total time for which application threads were stopped: 0.0098923 seconds
2016-07-20T16:09:24.171-0530: 43847.740: Total time for which application threads were stopped: 0.0232987 seconds
2016-07-20T16:09:24.178-0530: 43847.748: Total time for which application threads were stopped: 0.0076776 seconds
2016-07-20T16:09:24.504-0530: 43848.073: Total time for which application threads were stopped: 0.0014291 seconds
2016-07-20T16:09:38.594-0530: 43862.163: Total time for which application threads were stopped: 0.0001639 seconds
2016-07-20T16:09:40.522-0530: 43864.091: Total time for which application threads were stopped: 0.0001560 seconds
{Heap before GC invocations=68 (full 9):
 par new generation   total 109248K, used 109248K [0x00000007a0000000, 0x00000007a8000000, 0x00000007a8000000)
  eden space 87424K, 100% used [0x00000007a0000000, 0x00000007a5560000, 0x00000007a5560000)
  from space 21824K, 100% used [0x00000007a6ab0000, 0x00000007a8000000, 0x00000007a8000000)
  to   space 21824K,   0% used [0x00000007a5560000, 0x00000007a5560000, 0x00000007a6ab0000)
 concurrent mark-sweep generation total 393216K, used 108600K [0x00000007a8000000, 0x00000007c0000000, 0x00000007c0000000)
 Metaspace       used 31369K, capacity 31746K, committed 32252K, reserved 1077248K
  class space    used 3615K, capacity 3710K, committed 3836K, reserved 1048576K
2016-07-20T16:09:41.056-0530: 43864.626: [GC (Allocation Failure) 43864.687: [ParNew
Desired survivor size 20112992 bytes, new threshold 8 (max 8)
- age   1:    5971448 bytes,    5971448 total
- age   3:    5839560 bytes,   11811008 total
- age   4:     169152 bytes,   11980160 total
: 109248K->20852K(109248K), 0.6418040 secs] 217848K->135388K(502464K), 0.7027992 secs] [Times: user=1.60 sys=0.05, real=0.70 secs] 
Heap after GC invocations=69 (full 9):
 par new generation   total 109248K, used 20852K [0x00000007a0000000, 0x00000007a8000000, 0x00000007a8000000)
  eden space 87424K,   0% used [0x00000007a0000000, 0x00000007a0000000, 0x00000007a5560000)
  from space 21824K,  95% used [0x00000007a5560000, 0x00000007a69bd1c0, 0x00000007a6ab0000)
  to   space 21824K,   0% used [0x00000007a6ab0000, 0x00000007a6ab0000, 0x00000007a8000000)
 concurrent mark-sweep generation total 393216K, used 114536K [0x00000007a8000000, 0x00000007c0000000, 0x00000007c0000000)
 Metaspace       used 31369K, capacity 31746K, committed 32252K, reserved 1077248K
  class space    used 3615K, capacity 3710K, committed 3836K, reserved 1048576K
}
2016-07-20T16:09:41.759-0530: 43865.329: Total time for which application threads were stopped: 0.7423846 seconds
2016-07-20T16:09:42.145-0530: 43865.715: Total time for which application threads were stopped: 0.1448309 seconds
{Heap before GC invocations=69 (full 9):
 par new generation   total 109248K, used 108276K [0x00000007a0000000, 0x00000007a8000000, 0x00000007a8000000)
  eden space 87424K, 100% used [0x00000007a0000000, 0x00000007a5560000, 0x00000007a5560000)
  from space 21824K,  95% used [0x00000007a5560000, 0x00000007a69bd1c0, 0x00000007a6ab0000)
  to   space 21824K,   0% used [0x00000007a6ab0000, 0x00000007a6ab0000, 0x00000007a8000000)
 concurrent mark-sweep generation total 393216K, used 114536K [0x00000007a8000000, 0x00000007c0000000, 0x00000007c0000000)
 Metaspace       used 31369K, capacity 31746K, committed 32252K, reserved 1077248K
  class space    used 3615K, capacity 3710K, committed 3836K, reserved 1048576K
2016-07-20T16:09:42.346-0530: 43865.915: [GC (Allocation Failure) 43865.915: [ParNew
Desired survivor size 20112992 bytes, new threshold 4 (max 8)
- age   1:   15164032 bytes,   15164032 total
- age   2:    4201032 bytes,   19365064 total
- age   4:    2781688 bytes,   22146752 total
- age   5:     169152 bytes,   22315904 total
: 108276K->21824K(109248K), 0.1124786 secs] 222812K->152873K(502464K), 0.1125531 secs] [Times: user=0.25 sys=0.06, real=0.11 secs] 
Heap after GC invocations=70 (full 9):
 par new generation   total 109248K, used 21824K [0x00000007a0000000, 0x00000007a8000000, 0x00000007a8000000)
  eden space 87424K,   0% used [0x00000007a0000000, 0x00000007a0000000, 0x00000007a5560000)
  from space 21824K, 100% used [0x00000007a6ab0000, 0x00000007a8000000, 0x00000007a8000000)
  to   space 21824K,   0% used [0x00000007a5560000, 0x00000007a5560000, 0x00000007a6ab0000)
 concurrent mark-sweep generation total 393216K, used 131049K [0x00000007a8000000, 0x00000007c0000000, 0x00000007c0000000)
 Metaspace       used 31369K, capacity 31746K, committed 32252K, reserved 1077248K
  class space    used 3615K, capacity 3710K, committed 3836K, reserved 1048576K
}
2016-07-20T16:09:42.458-0530: 43866.028: Total time for which application threads were stopped: 0.1129286 seconds
{Heap before GC invocations=70 (full 9):
 par new generation   total 109248K, used 109248K [0x00000007a0000000, 0x00000007a8000000, 0x00000007a8000000)
  eden space 87424K, 100% used [0x00000007a0000000, 0x00000007a5560000, 0x00000007a5560000)
  from space 21824K, 100% used [0x00000007a6ab0000, 0x00000007a8000000, 0x00000007a8000000)
  to   space 21824K,   0% used [0x00000007a5560000, 0x00000007a5560000, 0x00000007a6ab0000)
 concurrent mark-sweep generation total 393216K, used 131049K [0x00000007a8000000, 0x00000007c0000000, 0x00000007c0000000)
 Metaspace       used 31369K, capacity 31746K, committed 32252K, reserved 1077248K
  class space    used 3615K, capacity 3710K, committed 3836K, reserved 1048576K
2016-07-20T16:09:43.002-0530: 43866.572: [GC (Allocation Failure) 43866.665: [ParNew
Desired survivor size 20112992 bytes, new threshold 3 (max 8)
- age   1:    9685032 bytes,    9685032 total
- age   2:    7572512 bytes,   17257544 total
- age   3:    4182264 bytes,   21439808 total
: 109248K->21824K(109248K), 0.1693778 secs] 240297K->162793K(502464K), 0.2626474 secs] [Times: user=0.45 sys=0.04, real=0.26 secs] 
Heap after GC invocations=71 (full 9):
 par new generation   total 109248K, used 21824K [0x00000007a0000000, 0x00000007a8000000, 0x00000007a8000000)
  eden space 87424K,   0% used [0x00000007a0000000, 0x00000007a0000000, 0x00000007a5560000)
  from space 21824K, 100% used [0x00000007a5560000, 0x00000007a6ab0000, 0x00000007a6ab0000)
  to   space 21824K,   0% used [0x00000007a6ab0000, 0x00000007a6ab0000, 0x00000007a8000000)
 concurrent mark-sweep generation total 393216K, used 140969K [0x00000007a8000000, 0x00000007c0000000, 0x00000007c0000000)
 Metaspace       used 31369K, capacity 31746K, committed 32252K, reserved 1077248K
  class space    used 3615K, capacity 3710K, committed 3836K, reserved 1048576K
}
2016-07-20T16:09:43.265-0530: 43866.834: Total time for which application threads were stopped: 0.2628817 seconds
2016-07-20T16:09:46.268-0530: 43869.837: Total time for which application threads were stopped: 0.0001350 seconds
2016-07-20T16:11:39.135-0530: 43982.707: Total time for which application threads were stopped: 0.0002135 seconds
2016-07-20T16:11:40.426-0530: 43983.998: Total time for which application threads were stopped: 0.0001190 seconds
2016-07-20T16:11:42.010-0530: 43985.582: Total time for which application threads were stopped: 0.0001305 seconds
2016-07-20T16:11:42.028-0530: 43985.600: Total time for which application threads were stopped: 0.0001142 seconds
2016-07-20T16:11:43.798-0530: 43987.370: Total time for which application threads were stopped: 0.0111403 seconds
2016-07-20T16:11:46.807-0530: 43990.379: Total time for which application threads were stopped: 0.0003230 seconds
2016-07-20T16:11:46.901-0530: 43990.473: Total time for which application threads were stopped: 0.0001373 seconds
{Heap before GC invocations=71 (full 9):
 par new generation   total 109248K, used 109227K [0x00000007a0000000, 0x00000007a8000000, 0x00000007a8000000)
  eden space 87424K,  99% used [0x00000007a0000000, 0x00000007a555af50, 0x00000007a5560000)
  from space 21824K, 100% used [0x00000007a5560000, 0x00000007a6ab0000, 0x00000007a6ab0000)
  to   space 21824K,   0% used [0x00000007a6ab0000, 0x00000007a6ab0000, 0x00000007a8000000)
 concurrent mark-sweep generation total 393216K, used 140969K [0x00000007a8000000, 0x00000007c0000000, 0x00000007c0000000)
 Metaspace       used 31370K, capacity 31746K, committed 32252K, reserved 1077248K
  class space    used 3615K, capacity 3710K, committed 3836K, reserved 1048576K
2016-07-20T16:11:46.955-0530: 43990.527: [GC (Allocation Failure) 43990.539: [ParNew
Desired survivor size 20112992 bytes, new threshold 3 (max 8)
- age   1:    9778904 bytes,    9778904 total
- age   2:    7185696 bytes,   16964600 total
- age   3:    5366344 bytes,   22330944 total
: 109227K->21824K(109248K), 0.1225435 secs] 250197K->166959K(502464K), 0.1340312 secs] [Times: user=0.07 sys=0.24, real=0.13 secs] 
Heap after GC invocations=72 (full 9):
 par new generation   total 109248K, used 21824K [0x00000007a0000000, 0x00000007a8000000, 0x00000007a8000000)
  eden space 87424K,   0% used [0x00000007a0000000, 0x00000007a0000000, 0x00000007a5560000)
  from space 21824K, 100% used [0x00000007a6ab0000, 0x00000007a8000000, 0x00000007a8000000)
  to   space 21824K,   0% used [0x00000007a5560000, 0x00000007a5560000, 0x00000007a6ab0000)
 concurrent mark-sweep generation total 393216K, used 145135K [0x00000007a8000000, 0x00000007c0000000, 0x00000007c0000000)
 Metaspace       used 31370K, capacity 31746K, committed 32252K, reserved 1077248K
  class space    used 3615K, capacity 3710K, committed 3836K, reserved 1048576K
}
2016-07-20T16:11:47.089-0530: 43990.661: Total time for which application threads were stopped: 0.1343003 seconds
{Heap before GC invocations=72 (full 9):
 par new generation   total 109248K, used 109248K [0x00000007a0000000, 0x00000007a8000000, 0x00000007a8000000)
  eden space 87424K, 100% used [0x00000007a0000000, 0x00000007a5560000, 0x00000007a5560000)
  from space 21824K, 100% used [0x00000007a6ab0000, 0x00000007a8000000, 0x00000007a8000000)
  to   space 21824K,   0% used [0x00000007a5560000, 0x00000007a5560000, 0x00000007a6ab0000)
 concurrent mark-sweep generation total 393216K, used 145135K [0x00000007a8000000, 0x00000007c0000000, 0x00000007c0000000)
 Metaspace       used 31370K, capacity 31746K, committed 32252K, reserved 1077248K
  class space    used 3615K, capacity 3710K, committed 3836K, reserved 1048576K
2016-07-20T16:11:47.646-0530: 43991.218: [GC (Allocation Failure) 43991.218: [ParNew
Desired survivor size 20112992 bytes, new threshold 3 (max 8)
- age   1:   11165752 bytes,   11165752 total
- age   2:    7117504 bytes,   18283256 total
- age   3:    4063480 bytes,   22346736 total
: 109248K->21824K(109248K), 0.0959739 secs] 254383K->202760K(502464K), 0.0960471 secs] [Times: user=0.15 sys=0.13, real=0.10 secs] 
Heap after GC invocations=73 (full 9):
 par new generation   total 109248K, used 21824K [0x00000007a0000000, 0x00000007a8000000, 0x00000007a8000000)
  eden space 87424K,   0% used [0x00000007a0000000, 0x00000007a0000000, 0x00000007a5560000)
  from space 21824K, 100% used [0x00000007a5560000, 0x00000007a6ab0000, 0x00000007a6ab0000)
  to   space 21824K,   0% used [0x00000007a6ab0000, 0x00000007a6ab0000, 0x00000007a8000000)
 concurrent mark-sweep generation total 393216K, used 180936K [0x00000007a8000000, 0x00000007c0000000, 0x00000007c0000000)
 Metaspace       used 31370K, capacity 31746K, committed 32252K, reserved 1077248K
  class space    used 3615K, capacity 3710K, committed 3836K, reserved 1048576K
}
2016-07-20T16:11:47.742-0530: 43991.314: Total time for which application threads were stopped: 0.0963031 seconds
{Heap before GC invocations=73 (full 9):
 par new generation   total 109248K, used 109248K [0x00000007a0000000, 0x00000007a8000000, 0x00000007a8000000)
  eden space 87424K, 100% used [0x00000007a0000000, 0x00000007a5560000, 0x00000007a5560000)
  from space 21824K, 100% used [0x00000007a5560000, 0x00000007a6ab0000, 0x00000007a6ab0000)
  to   space 21824K,   0% used [0x00000007a6ab0000, 0x00000007a6ab0000, 0x00000007a8000000)
 concurrent mark-sweep generation total 393216K, used 180936K [0x00000007a8000000, 0x00000007c0000000, 0x00000007c0000000)
 Metaspace       used 31370K, capacity 31746K, committed 32252K, reserved 1077248K
  class space    used 3615K, capacity 3710K, committed 3836K, reserved 1048576K
2016-07-20T16:11:48.347-0530: 43991.919: [GC (Allocation Failure) 43991.919: [ParNew
Desired survivor size 20112992 bytes, new threshold 3 (max 8)
- age   1:    9458808 bytes,    9458808 total
- age   2:    4497456 bytes,   13956264 total
- age   3:    7117560 bytes,   21073824 total
: 109248K->21824K(109248K), 0.0257188 secs] 290184K->209636K(502464K), 0.0258137 secs] [Times: user=0.07 sys=0.02, real=0.03 secs] 
Heap after GC invocations=74 (full 9):
 par new generation   total 109248K, used 21824K [0x00000007a0000000, 0x00000007a8000000, 0x00000007a8000000)
  eden space 87424K,   0% used [0x00000007a0000000, 0x00000007a0000000, 0x00000007a5560000)
  from space 21824K, 100% used [0x00000007a6ab0000, 0x00000007a8000000, 0x00000007a8000000)
  to   space 21824K,   0% used [0x00000007a5560000, 0x00000007a5560000, 0x00000007a6ab0000)
 concurrent mark-sweep generation total 393216K, used 187812K [0x00000007a8000000, 0x00000007c0000000, 0x00000007c0000000)
 Metaspace       used 31370K, capacity 31746K, committed 32252K, reserved 1077248K
  class space    used 3615K, capacity 3710K, committed 3836K, reserved 1048576K
}
2016-07-20T16:11:48.373-0530: 43991.945: Total time for which application threads were stopped: 0.0260816 seconds
2016-07-20T16:12:10.418-0530: 44013.991: Total time for which application threads were stopped: 0.0006533 seconds
2016-07-20T16:12:11.422-0530: 44014.995: Total time for which application threads were stopped: 0.0001731 seconds
2016-07-20T16:12:11.461-0530: 44015.034: Total time for which application threads were stopped: 0.0000960 seconds
{Heap before GC invocations=74 (full 9):
 par new generation   total 109248K, used 109248K [0x00000007a0000000, 0x00000007a8000000, 0x00000007a8000000)
  eden space 87424K, 100% used [0x00000007a0000000, 0x00000007a5560000, 0x00000007a5560000)
  from space 21824K, 100% used [0x00000007a6ab0000, 0x00000007a8000000, 0x00000007a8000000)
  to   space 21824K,   0% used [0x00000007a5560000, 0x00000007a5560000, 0x00000007a6ab0000)
 concurrent mark-sweep generation total 393216K, used 187812K [0x00000007a8000000, 0x00000007c0000000, 0x00000007c0000000)
 Metaspace       used 31419K, capacity 31746K, committed 32252K, reserved 1077248K
  class space    used 3615K, capacity 3710K, committed 3836K, reserved 1048576K
2016-07-20T16:12:11.492-0530: 44015.064: [GC (Allocation Failure) 44015.085: [ParNew
Desired survivor size 20112992 bytes, new threshold 2 (max 8)
- age   1:   11456424 bytes,   11456424 total
- age   2:    9229448 bytes,   20685872 total
- age   3:      62152 bytes,   20748024 total
: 109248K->21824K(109248K), 0.0338074 secs] 297060K->222744K(502464K), 0.0541726 secs] [Times: user=0.06 sys=0.03, real=0.05 secs] 
Heap after GC invocations=75 (full 9):
 par new generation   total 109248K, used 21824K [0x00000007a0000000, 0x00000007a8000000, 0x00000007a8000000)
  eden space 87424K,   0% used [0x00000007a0000000, 0x00000007a0000000, 0x00000007a5560000)
  from space 21824K, 100% used [0x00000007a5560000, 0x00000007a6ab0000, 0x00000007a6ab0000)
  to   space 21824K,   0% used [0x00000007a6ab0000, 0x00000007a6ab0000, 0x00000007a8000000)
 concurrent mark-sweep generation total 393216K, used 200920K [0x00000007a8000000, 0x00000007c0000000, 0x00000007c0000000)
 Metaspace       used 31419K, capacity 31746K, committed 32252K, reserved 1077248K
  class space    used 3615K, capacity 3710K, committed 3836K, reserved 1048576K
}
2016-07-20T16:12:11.546-0530: 44015.118: Total time for which application threads were stopped: 0.0544118 seconds
2016-07-20T16:12:11.546-0530: 44015.119: [GC (CMS Initial Mark) [1 CMS-initial-mark: 200920K(393216K)] 223369K(502464K), 0.0036773 secs] [Times: user=0.01 sys=0.01, real=0.01 secs] 
2016-07-20T16:12:11.550-0530: 44015.122: Total time for which application threads were stopped: 0.0039098 seconds
2016-07-20T16:12:11.550-0530: 44015.122: [CMS-concurrent-mark-start]
2016-07-20T16:12:11.590-0530: 44015.163: [CMS-concurrent-mark: 0.041/0.041 secs] [Times: user=0.12 sys=0.03, real=0.04 secs] 
2016-07-20T16:12:11.590-0530: 44015.163: [CMS-concurrent-preclean-start]
2016-07-20T16:12:11.592-0530: 44015.165: [CMS-concurrent-preclean: 0.001/0.001 secs] [Times: user=0.00 sys=0.00, real=0.00 secs] 
2016-07-20T16:12:11.592-0530: 44015.165: [CMS-concurrent-abortable-preclean-start]
{Heap before GC invocations=75 (full 10):
 par new generation   total 109248K, used 109248K [0x00000007a0000000, 0x00000007a8000000, 0x00000007a8000000)
  eden space 87424K, 100% used [0x00000007a0000000, 0x00000007a5560000, 0x00000007a5560000)
  from space 21824K, 100% used [0x00000007a5560000, 0x00000007a6ab0000, 0x00000007a6ab0000)
  to   space 21824K,   0% used [0x00000007a6ab0000, 0x00000007a6ab0000, 0x00000007a8000000)
 concurrent mark-sweep generation total 393216K, used 200920K [0x00000007a8000000, 0x00000007c0000000, 0x00000007c0000000)
 Metaspace       used 31419K, capacity 31746K, committed 32252K, reserved 1077248K
  class space    used 3615K, capacity 3710K, committed 3836K, reserved 1048576K
2016-07-20T16:12:12.079-0530: 44015.651: [GC (Allocation Failure) 44015.652: [ParNew2016-07-20T16:12:12.091-0530: 44015.664: [CMS-concurrent-abortable-preclean: 0.194/0.499 secs] [Times: user=0.70 sys=0.01, real=0.50 secs] 

Desired survivor size 20112992 bytes, new threshold 2 (max 8)
- age   1:   10768240 bytes,   10768240 total
- age   2:   11307576 bytes,   22075816 total
: 109248K->21824K(109248K), 0.3528798 secs] 310168K->265973K(502464K), 0.3529709 secs] [Times: user=0.72 sys=0.11, real=0.36 secs] 
Heap after GC invocations=76 (full 10):
 par new generation   total 109248K, used 21824K [0x00000007a0000000, 0x00000007a8000000, 0x00000007a8000000)
  eden space 87424K,   0% used [0x00000007a0000000, 0x00000007a0000000, 0x00000007a5560000)
  from space 21824K, 100% used [0x00000007a6ab0000, 0x00000007a8000000, 0x00000007a8000000)
  to   space 21824K,   0% used [0x00000007a5560000, 0x00000007a5560000, 0x00000007a6ab0000)
 concurrent mark-sweep generation total 393216K, used 244149K [0x00000007a8000000, 0x00000007c0000000, 0x00000007c0000000)
 Metaspace       used 31419K, capacity 31746K, committed 32252K, reserved 1077248K
  class space    used 3615K, capacity 3710K, committed 3836K, reserved 1048576K
}
2016-07-20T16:12:12.432-0530: 44016.005: Total time for which application threads were stopped: 0.3531945 seconds
2016-07-20T16:12:12.432-0530: 44016.005: [GC (CMS Final Remark) [YG occupancy: 22951 K (109248 K)]{Heap before GC invocations=76 (full 10):
 par new generation   total 109248K, used 22951K [0x00000007a0000000, 0x00000007a8000000, 0x00000007a8000000)
  eden space 87424K,   1% used [0x00000007a0000000, 0x00000007a0119f88, 0x00000007a5560000)
  from space 21824K, 100% used [0x00000007a6ab0000, 0x00000007a8000000, 0x00000007a8000000)
  to   space 21824K,   0% used [0x00000007a5560000, 0x00000007a5560000, 0x00000007a6ab0000)
 concurrent mark-sweep generation total 393216K, used 244149K [0x00000007a8000000, 0x00000007c0000000, 0x00000007c0000000)
 Metaspace       used 31419K, capacity 31746K, committed 32252K, reserved 1077248K
  class space    used 3615K, capacity 3710K, committed 3836K, reserved 1048576K
2016-07-20T16:12:12.432-0530: 44016.005: [GC (CMS Final Remark) 44016.005: [ParNew
Desired survivor size 20112992 bytes, new threshold 8 (max 8)
- age   1:     118464 bytes,     118464 total
- age   2:    8322192 bytes,    8440656 total
: 22951K->21824K(109248K), 0.1756255 secs] 267101K->279342K(502464K), 0.1756712 secs] [Times: user=0.06 sys=0.05, real=0.17 secs] 
Heap after GC invocations=77 (full 10):
 par new generation   total 109248K, used 21824K [0x00000007a0000000, 0x00000007a8000000, 0x00000007a8000000)
  eden space 87424K,   0% used [0x00000007a0000000, 0x00000007a0000000, 0x00000007a5560000)
  from space 21824K, 100% used [0x00000007a5560000, 0x00000007a6ab0000, 0x00000007a6ab0000)
  to   space 21824K,   0% used [0x00000007a6ab0000, 0x00000007a6ab0000, 0x00000007a8000000)
 concurrent mark-sweep generation total 393216K, used 257518K [0x00000007a8000000, 0x00000007c0000000, 0x00000007c0000000)
 Metaspace       used 31419K, capacity 31746K, committed 32252K, reserved 1077248K
  class space    used 3615K, capacity 3710K, committed 3836K, reserved 1048576K
}
44016.181: [Rescan (parallel) , 0.0208164 secs]44016.201: [weak refs processing, 0.0016004 secs]44016.203: [class unloading, 0.0606498 secs]44016.264: [scrub symbol table, 0.0121166 secs]44016.276: [scrub string table, 0.0004371 secs][1 CMS-remark: 257518K(393216K)] 279342K(502464K), 0.2759116 secs] [Times: user=0.18 sys=0.09, real=0.27 secs] 
2016-07-20T16:12:12.708-0530: 44016.281: Total time for which application threads were stopped: 0.2761230 seconds
2016-07-20T16:12:12.708-0530: 44016.281: [CMS-concurrent-sweep-start]
2016-07-20T16:12:13.049-0530: 44016.622: [CMS-concurrent-sweep: 0.341/0.341 secs] [Times: user=0.46 sys=0.12, real=0.34 secs] 
2016-07-20T16:12:13.049-0530: 44016.622: [CMS-concurrent-reset-start]
2016-07-20T16:12:13.053-0530: 44016.625: [CMS-concurrent-reset: 0.003/0.003 secs] [Times: user=0.01 sys=0.00, real=0.01 secs] 
{Heap before GC invocations=77 (full 10):
 par new generation   total 109248K, used 109248K [0x00000007a0000000, 0x00000007a8000000, 0x00000007a8000000)
  eden space 87424K, 100% used [0x00000007a0000000, 0x00000007a5560000, 0x00000007a5560000)
  from space 21824K, 100% used [0x00000007a5560000, 0x00000007a6ab0000, 0x00000007a6ab0000)
  to   space 21824K,   0% used [0x00000007a6ab0000, 0x00000007a6ab0000, 0x00000007a8000000)
 concurrent mark-sweep generation total 393216K, used 97261K [0x00000007a8000000, 0x00000007c0000000, 0x00000007c0000000)
 Metaspace       used 31419K, capacity 31746K, committed 32252K, reserved 1077248K
  class space    used 3615K, capacity 3710K, committed 3836K, reserved 1048576K
2016-07-20T16:12:13.420-0530: 44016.992: [GC (Allocation Failure) 44016.992: [ParNew
Desired survivor size 20112992 bytes, new threshold 8 (max 8)
- age   1:   14248456 bytes,   14248456 total
- age   2:       2136 bytes,   14250592 total
- age   3:    4752584 bytes,   19003176 total
: 109248K->21270K(109248K), 0.0877219 secs] 206509K->118532K(502464K), 0.0877808 secs] [Times: user=0.23 sys=0.01, real=0.08 secs] 
Heap after GC invocations=78 (full 10):
 par new generation   total 109248K, used 21270K [0x00000007a0000000, 0x00000007a8000000, 0x00000007a8000000)
  eden space 87424K,   0% used [0x00000007a0000000, 0x00000007a0000000, 0x00000007a5560000)
  from space 21824K,  97% used [0x00000007a6ab0000, 0x00000007a7f75b80, 0x00000007a8000000)
  to   space 21824K,   0% used [0x00000007a5560000, 0x00000007a5560000, 0x00000007a6ab0000)
 concurrent mark-sweep generation total 393216K, used 97261K [0x00000007a8000000, 0x00000007c0000000, 0x00000007c0000000)
 Metaspace       used 31419K, capacity 31746K, committed 32252K, reserved 1077248K
  class space    used 3615K, capacity 3710K, committed 3836K, reserved 1048576K
}
2016-07-20T16:12:13.507-0530: 44017.080: Total time for which application threads were stopped: 0.0880119 seconds
2016-07-20T16:12:26.542-0530: 44030.115: Total time for which application threads were stopped: 0.0001868 seconds
2016-07-20T16:15:43.528-0530: 44227.105: Total time for which application threads were stopped: 0.0003484 seconds
2016-07-20T16:15:43.662-0530: 44227.239: Total time for which application threads were stopped: 0.0001624 seconds
2016-07-20T16:15:46.674-0530: 44230.251: Total time for which application threads were stopped: 0.0002065 seconds
2016-07-20T16:15:47.658-0530: 44231.235: Total time for which application threads were stopped: 0.0000979 seconds
{Heap before GC invocations=78 (full 10):
 par new generation   total 109248K, used 108419K [0x00000007a0000000, 0x00000007a8000000, 0x00000007a8000000)
  eden space 87424K,  99% used [0x00000007a0000000, 0x00000007a551b408, 0x00000007a5560000)
  from space 21824K,  97% used [0x00000007a6ab0000, 0x00000007a7f75b80, 0x00000007a8000000)
  to   space 21824K,   0% used [0x00000007a5560000, 0x00000007a5560000, 0x00000007a6ab0000)
 concurrent mark-sweep generation total 393216K, used 97261K [0x00000007a8000000, 0x00000007c0000000, 0x00000007c0000000)
 Metaspace       used 31438K, capacity 31810K, committed 32252K, reserved 1077248K
  class space    used 3615K, capacity 3710K, committed 3836K, reserved 1048576K
2016-07-20T16:15:47.782-0530: 44231.359: [GC (Allocation Failure) 44231.375: [ParNew
Desired survivor size 20112992 bytes, new threshold 4 (max 8)
- age   1:   12978360 bytes,   12978360 total
- age   2:    6277448 bytes,   19255808 total
- age   3:       2136 bytes,   19257944 total
- age   4:    3061376 bytes,   22319320 total
: 108419K->21824K(109248K), 0.1613772 secs] 205681K->131720K(502464K), 0.1772247 secs] [Times: user=0.18 sys=0.21, real=0.17 secs] 
Heap after GC invocations=79 (full 10):
 par new generation   total 109248K, used 21824K [0x00000007a0000000, 0x00000007a8000000, 0x00000007a8000000)
  eden space 87424K,   0% used [0x00000007a0000000, 0x00000007a0000000, 0x00000007a5560000)
  from space 21824K, 100% used [0x00000007a5560000, 0x00000007a6ab0000, 0x00000007a6ab0000)
  to   space 21824K,   0% used [0x00000007a6ab0000, 0x00000007a6ab0000, 0x00000007a8000000)
 concurrent mark-sweep generation total 393216K, used 109896K [0x00000007a8000000, 0x00000007c0000000, 0x00000007c0000000)
 Metaspace       used 31438K, capacity 31810K, committed 32252K, reserved 1077248K
  class space    used 3615K, capacity 3710K, committed 3836K, reserved 1048576K
}
2016-07-20T16:15:47.960-0530: 44231.537: Total time for which application threads were stopped: 0.1776372 seconds
{Heap before GC invocations=79 (full 10):
 par new generation   total 109248K, used 109248K [0x00000007a0000000, 0x00000007a8000000, 0x00000007a8000000)
  eden space 87424K, 100% used [0x00000007a0000000, 0x00000007a5560000, 0x00000007a5560000)
  from space 21824K, 100% used [0x00000007a5560000, 0x00000007a6ab0000, 0x00000007a6ab0000)
  to   space 21824K,   0% used [0x00000007a6ab0000, 0x00000007a6ab0000, 0x00000007a8000000)
 concurrent mark-sweep generation total 393216K, used 109896K [0x00000007a8000000, 0x00000007c0000000, 0x00000007c0000000)
 Metaspace       used 31438K, capacity 31810K, committed 32252K, reserved 1077248K
  class space    used 3615K, capacity 3710K, committed 3836K, reserved 1048576K
2016-07-20T16:15:48.545-0530: 44232.122: [GC (Allocation Failure) 44232.122: [ParNew
Desired survivor size 20112992 bytes, new threshold 3 (max 8)
- age   1:    6794840 bytes,    6794840 total
- age   2:   10800200 bytes,   17595040 total
- age   3:    4749208 bytes,   22344248 total
- age   4:       2136 bytes,   22346384 total
: 109248K->21824K(109248K), 0.2172098 secs] 219144K->181436K(502464K), 0.2172761 secs] [Times: user=0.27 sys=0.19, real=0.22 secs] 
Heap after GC invocations=80 (full 10):
 par new generation   total 109248K, used 21824K [0x00000007a0000000, 0x00000007a8000000, 0x00000007a8000000)
  eden space 87424K,   0% used [0x00000007a0000000, 0x00000007a0000000, 0x00000007a5560000)
  from space 21824K, 100% used [0x00000007a6ab0000, 0x00000007a8000000, 0x00000007a8000000)
  to   space 21824K,   0% used [0x00000007a5560000, 0x00000007a5560000, 0x00000007a6ab0000)
 concurrent mark-sweep generation total 393216K, used 159612K [0x00000007a8000000, 0x00000007c0000000, 0x00000007c0000000)
 Metaspace       used 31438K, capacity 31810K, committed 32252K, reserved 1077248K
  class space    used 3615K, capacity 3710K, committed 3836K, reserved 1048576K
}
2016-07-20T16:15:48.762-0530: 44232.339: Total time for which application threads were stopped: 0.2175138 seconds
{Heap before GC invocations=80 (full 10):
 par new generation   total 109248K, used 109248K [0x00000007a0000000, 0x00000007a8000000, 0x00000007a8000000)
  eden space 87424K, 100% used [0x00000007a0000000, 0x00000007a5560000, 0x00000007a5560000)
  from space 21824K, 100% used [0x00000007a6ab0000, 0x00000007a8000000, 0x00000007a8000000)
  to   space 21824K,   0% used [0x00000007a5560000, 0x00000007a5560000, 0x00000007a6ab0000)
 concurrent mark-sweep generation total 393216K, used 159612K [0x00000007a8000000, 0x00000007c0000000, 0x00000007c0000000)
 Metaspace       used 31438K, capacity 31810K, committed 32252K, reserved 1077248K
  class space    used 3615K, capacity 3710K, committed 3836K, reserved 1048576K
2016-07-20T16:15:49.553-0530: 44233.130: [GC (Allocation Failure) 44233.130: [ParNew
Desired survivor size 20112992 bytes, new threshold 8 (max 8)
- age   1:    5532704 bytes,    5532704 total
- age   2:    2302544 bytes,    7835248 total
- age   3:    9786112 bytes,   17621360 total
: 109248K->21824K(109248K), 0.0406310 secs] 268860K->190235K(502464K), 0.0407340 secs] [Times: user=0.09 sys=0.02, real=0.04 secs] 
Heap after GC invocations=81 (full 10):
 par new generation   total 109248K, used 21824K [0x00000007a0000000, 0x00000007a8000000, 0x00000007a8000000)
  eden space 87424K,   0% used [0x00000007a0000000, 0x00000007a0000000, 0x00000007a5560000)
  from space 21824K, 100% used [0x00000007a5560000, 0x00000007a6ab0000, 0x00000007a6ab0000)
  to   space 21824K,   0% used [0x00000007a6ab0000, 0x00000007a6ab0000, 0x00000007a8000000)
 concurrent mark-sweep generation total 393216K, used 168411K [0x00000007a8000000, 0x00000007c0000000, 0x00000007c0000000)
 Metaspace       used 31438K, capacity 31810K, committed 32252K, reserved 1077248K
  class space    used 3615K, capacity 3710K, committed 3836K, reserved 1048576K
}
2016-07-20T16:15:49.594-0530: 44233.171: Total time for which application threads were stopped: 0.0410009 seconds
2016-07-20T16:15:50.597-0530: 44234.174: Total time for which application threads were stopped: 0.0002636 seconds
2016-07-20T16:15:51.598-0530: 44235.176: Total time for which application threads were stopped: 0.0002082 seconds
2016-07-20T16:18:43.654-0530: 44407.235: Total time for which application threads were stopped: 0.0007352 seconds
2016-07-20T16:18:43.688-0530: 44407.269: Total time for which application threads were stopped: 0.0010866 seconds
2016-07-20T16:18:43.818-0530: 44407.398: Total time for which application threads were stopped: 0.0002761 seconds
2016-07-20T16:18:43.963-0530: 44407.544: Total time for which application threads were stopped: 0.0002564 seconds
2016-07-20T16:18:45.102-0530: 44408.683: Total time for which application threads were stopped: 0.0002568 seconds
2016-07-20T16:18:45.154-0530: 44408.735: Total time for which application threads were stopped: 0.0002309 seconds
2016-07-20T16:18:46.154-0530: 44409.735: Total time for which application threads were stopped: 0.0001912 seconds
2016-07-20T16:18:47.589-0530: 44411.170: Total time for which application threads were stopped: 0.0001942 seconds
{Heap before GC invocations=81 (full 10):
 par new generation   total 109248K, used 109170K [0x00000007a0000000, 0x00000007a8000000, 0x00000007a8000000)
  eden space 87424K,  99% used [0x00000007a0000000, 0x00000007a554cb60, 0x00000007a5560000)
  from space 21824K, 100% used [0x00000007a5560000, 0x00000007a6ab0000, 0x00000007a6ab0000)
  to   space 21824K,   0% used [0x00000007a6ab0000, 0x00000007a6ab0000, 0x00000007a8000000)
 concurrent mark-sweep generation total 393216K, used 168411K [0x00000007a8000000, 0x00000007c0000000, 0x00000007c0000000)
 Metaspace       used 31440K, capacity 31810K, committed 32252K, reserved 1077248K
  class space    used 3615K, capacity 3710K, committed 3836K, reserved 1048576K
2016-07-20T16:18:48.552-0530: 44412.133: [GC (Allocation Failure) 44412.153: [ParNew
Desired survivor size 20112992 bytes, new threshold 4 (max 8)
- age   1:   16027488 bytes,   16027488 total
- age   3:     230600 bytes,   16258088 total
- age   4:    6058104 bytes,   22316192 total
: 109170K->21824K(109248K), 0.4440622 secs] 277582K->199739K(502464K), 0.4641849 secs] [Times: user=0.30 sys=0.45, real=0.46 secs] 
Heap after GC invocations=82 (full 10):
 par new generation   total 109248K, used 21824K [0x00000007a0000000, 0x00000007a8000000, 0x00000007a8000000)
  eden space 87424K,   0% used [0x00000007a0000000, 0x00000007a0000000, 0x00000007a5560000)
  from space 21824K, 100% used [0x00000007a6ab0000, 0x00000007a8000000, 0x00000007a8000000)
  to   space 21824K,   0% used [0x00000007a5560000, 0x00000007a5560000, 0x00000007a6ab0000)
 concurrent mark-sweep generation total 393216K, used 177915K [0x00000007a8000000, 0x00000007c0000000, 0x00000007c0000000)
 Metaspace       used 31440K, capacity 31810K, committed 32252K, reserved 1077248K
  class space    used 3615K, capacity 3710K, committed 3836K, reserved 1048576K
}
2016-07-20T16:18:49.016-0530: 44412.597: Total time for which application threads were stopped: 0.4648012 seconds
{Heap before GC invocations=82 (full 10):
 par new generation   total 109248K, used 109248K [0x00000007a0000000, 0x00000007a8000000, 0x00000007a8000000)
  eden space 87424K, 100% used [0x00000007a0000000, 0x00000007a5560000, 0x00000007a5560000)
  from space 21824K, 100% used [0x00000007a6ab0000, 0x00000007a8000000, 0x00000007a8000000)
  to   space 21824K,   0% used [0x00000007a5560000, 0x00000007a5560000, 0x00000007a6ab0000)
 concurrent mark-sweep generation total 393216K, used 177915K [0x00000007a8000000, 0x00000007c0000000, 0x00000007c0000000)
 Metaspace       used 31440K, capacity 31810K, committed 32252K, reserved 1077248K
  class space    used 3615K, capacity 3710K, committed 3836K, reserved 1048576K
2016-07-20T16:18:50.112-0530: 44413.693: [GC (Allocation Failure) 44413.693: [ParNew
Desired survivor size 20112992 bytes, new threshold 8 (max 8)
- age   1:    9978496 bytes,    9978496 total
- age   2:    8830968 bytes,   18809464 total
- age   4:     230600 bytes,   19040064 total
: 109248K->21824K(109248K), 0.1501314 secs] 287163K->218262K(502464K), 0.1502821 secs] [Times: user=0.23 sys=0.18, real=0.15 secs] 
Heap after GC invocations=83 (full 10):
 par new generation   total 109248K, used 21824K [0x00000007a0000000, 0x00000007a8000000, 0x00000007a8000000)
  eden space 87424K,   0% used [0x00000007a0000000, 0x00000007a0000000, 0x00000007a5560000)
  from space 21824K, 100% used [0x00000007a5560000, 0x00000007a6ab0000, 0x00000007a6ab0000)
  to   space 21824K,   0% used [0x00000007a6ab0000, 0x00000007a6ab0000, 0x00000007a8000000)
 concurrent mark-sweep generation total 393216K, used 196438K [0x00000007a8000000, 0x00000007c0000000, 0x00000007c0000000)
 Metaspace       used 31440K, capacity 31810K, committed 32252K, reserved 1077248K
  class space    used 3615K, capacity 3710K, committed 3836K, reserved 1048576K
}
2016-07-20T16:18:50.262-0530: 44413.843: Total time for which application threads were stopped: 0.1507558 seconds
2016-07-20T16:18:56.280-0530: 44419.861: Total time for which application threads were stopped: 0.0002095 seconds
2016-07-20T16:19:35.382-0530: 44458.964: Total time for which application threads were stopped: 0.0006561 seconds
2016-07-20T16:19:46.411-0530: 44469.993: Total time for which application threads were stopped: 0.0002171 seconds
2016-07-20T16:32:01.633-0530: 45205.231: Total time for which application threads were stopped: 0.0009095 seconds
2016-07-20T16:32:01.730-0530: 45205.328: Total time for which application threads were stopped: 0.0008040 seconds
2016-07-20T16:32:01.871-0530: 45205.468: Total time for which application threads were stopped: 0.0000958 seconds
2016-07-20T16:32:02.186-0530: 45205.784: Total time for which application threads were stopped: 0.0001418 seconds
2016-07-20T16:32:02.196-0530: 45205.794: Total time for which application threads were stopped: 0.0000894 seconds
{Heap before GC invocations=83 (full 10):
 par new generation   total 109248K, used 109248K [0x00000007a0000000, 0x00000007a8000000, 0x00000007a8000000)
  eden space 87424K, 100% used [0x00000007a0000000, 0x00000007a5560000, 0x00000007a5560000)
  from space 21824K, 100% used [0x00000007a5560000, 0x00000007a6ab0000, 0x00000007a6ab0000)
  to   space 21824K,   0% used [0x00000007a6ab0000, 0x00000007a6ab0000, 0x00000007a8000000)
 concurrent mark-sweep generation total 393216K, used 196438K [0x00000007a8000000, 0x00000007c0000000, 0x00000007c0000000)
 Metaspace       used 31440K, capacity 31810K, committed 32252K, reserved 1077248K
  class space    used 3615K, capacity 3710K, committed 3836K, reserved 1048576K
2016-07-20T16:32:02.614-0530: 45206.211: [GC (Allocation Failure) 45206.222: [ParNew
Desired survivor size 20112992 bytes, new threshold 3 (max 8)
- age   1:    2511464 bytes,    2511464 total
- age   2:    8967960 bytes,   11479424 total
- age   3:    8754744 bytes,   20234168 total
- age   5:     230600 bytes,   20464768 total
: 109248K->21824K(109248K), 0.1533565 secs] 305686K->219428K(502464K), 0.1640523 secs] [Times: user=0.14 sys=0.26, real=0.16 secs] 
Heap after GC invocations=84 (full 10):
 par new generation   total 109248K, used 21824K [0x00000007a0000000, 0x00000007a8000000, 0x00000007a8000000)
  eden space 87424K,   0% used [0x00000007a0000000, 0x00000007a0000000, 0x00000007a5560000)
  from space 21824K, 100% used [0x00000007a6ab0000, 0x00000007a8000000, 0x00000007a8000000)
  to   space 21824K,   0% used [0x00000007a5560000, 0x00000007a5560000, 0x00000007a6ab0000)
 concurrent mark-sweep generation total 393216K, used 197604K [0x00000007a8000000, 0x00000007c0000000, 0x00000007c0000000)
 Metaspace       used 31440K, capacity 31810K, committed 32252K, reserved 1077248K
  class space    used 3615K, capacity 3710K, committed 3836K, reserved 1048576K
}
2016-07-20T16:32:02.778-0530: 45206.376: Total time for which application threads were stopped: 0.1797538 seconds
2016-07-20T16:32:02.779-0530: 45206.377: [GC (CMS Initial Mark) [1 CMS-initial-mark: 197604K(393216K)] 219660K(502464K), 0.0073894 secs] [Times: user=0.01 sys=0.00, real=0.01 secs] 
2016-07-20T16:32:02.787-0530: 45206.384: Total time for which application threads were stopped: 0.0083644 seconds
2016-07-20T16:32:02.787-0530: 45206.384: [CMS-concurrent-mark-start]
2016-07-20T16:32:02.809-0530: 45206.406: Total time for which application threads were stopped: 0.0208412 seconds
2016-07-20T16:32:02.898-0530: 45206.496: [CMS-concurrent-mark: 0.090/0.111 secs] [Times: user=0.10 sys=0.10, real=0.11 secs] 
2016-07-20T16:32:02.898-0530: 45206.496: [CMS-concurrent-preclean-start]
2016-07-20T16:32:02.900-0530: 45206.497: [CMS-concurrent-preclean: 0.001/0.001 secs] [Times: user=0.00 sys=0.00, real=0.01 secs] 
2016-07-20T16:32:02.900-0530: 45206.497: [CMS-concurrent-abortable-preclean-start]
2016-07-20T16:32:03.820-0530: 45207.418: Total time for which application threads were stopped: 0.0002227 seconds
2016-07-20T16:32:04.602-0530: 45208.199: Total time for which application threads were stopped: 0.0001219 seconds
 CMS: abort preclean due to time 2016-07-20T16:32:09.034-0530: 45212.632: [CMS-concurrent-abortable-preclean: 2.652/6.135 secs] [Times: user=3.08 sys=0.12, real=6.13 secs] 
2016-07-20T16:32:09.035-0530: 45212.632: [GC (CMS Final Remark) [YG occupancy: 27067 K (109248 K)]{Heap before GC invocations=84 (full 11):
 par new generation   total 109248K, used 27067K [0x00000007a0000000, 0x00000007a8000000, 0x00000007a8000000)
  eden space 87424K,   5% used [0x00000007a0000000, 0x00000007a051ef58, 0x00000007a5560000)
  from space 21824K, 100% used [0x00000007a6ab0000, 0x00000007a8000000, 0x00000007a8000000)
  to   space 21824K,   0% used [0x00000007a5560000, 0x00000007a5560000, 0x00000007a6ab0000)
 concurrent mark-sweep generation total 393216K, used 197604K [0x00000007a8000000, 0x00000007c0000000, 0x00000007c0000000)
 Metaspace       used 31446K, capacity 31810K, committed 32252K, reserved 1077248K
  class space    used 3615K, capacity 3710K, committed 3836K, reserved 1048576K
2016-07-20T16:32:09.035-0530: 45212.632: [GC (CMS Final Remark) 45212.632: [ParNew
Desired survivor size 20112992 bytes, new threshold 8 (max 8)
- age   1:      64088 bytes,      64088 total
- age   2:    2176976 bytes,    2241064 total
- age   3:    8967960 bytes,   11209024 total
: 27067K->21824K(109248K), 0.0278072 secs] 224672K->228340K(502464K), 0.0278535 secs] [Times: user=0.04 sys=0.04, real=0.03 secs] 
Heap after GC invocations=85 (full 11):
 par new generation   total 109248K, used 21824K [0x00000007a0000000, 0x00000007a8000000, 0x00000007a8000000)
  eden space 87424K,   0% used [0x00000007a0000000, 0x00000007a0000000, 0x00000007a5560000)
  from space 21824K, 100% used [0x00000007a5560000, 0x00000007a6ab0000, 0x00000007a6ab0000)
  to   space 21824K,   0% used [0x00000007a6ab0000, 0x00000007a6ab0000, 0x00000007a8000000)
 concurrent mark-sweep generation total 393216K, used 206516K [0x00000007a8000000, 0x00000007c0000000, 0x00000007c0000000)
 Metaspace       used 31446K, capacity 31810K, committed 32252K, reserved 1077248K
  class space    used 3615K, capacity 3710K, committed 3836K, reserved 1048576K
}
45212.660: [Rescan (parallel) , 0.0039722 secs]45212.664: [weak refs processing, 0.0010361 secs]45212.665: [class unloading, 0.2866951 secs]45212.952: [scrub symbol table, 0.0139693 secs]45212.966: [scrub string table, 0.0004693 secs][1 CMS-remark: 206516K(393216K)] 228340K(502464K), 0.3390969 secs] [Times: user=0.10 sys=0.10, real=0.34 secs] 
2016-07-20T16:32:09.374-0530: 45212.971: Total time for which application threads were stopped: 0.3392512 seconds
2016-07-20T16:32:09.374-0530: 45212.972: [CMS-concurrent-sweep-start]
2016-07-20T16:32:09.732-0530: 45213.330: [CMS-concurrent-sweep: 0.358/0.358 secs] [Times: user=0.16 sys=0.17, real=0.36 secs] 
2016-07-20T16:32:09.747-0530: 45213.345: [CMS-concurrent-reset-start]
2016-07-20T16:32:09.751-0530: 45213.349: [CMS-concurrent-reset: 0.004/0.004 secs] [Times: user=0.00 sys=0.00, real=0.01 secs] 
2016-07-20T16:32:44.457-0530: 45248.056: Total time for which application threads were stopped: 0.0001812 seconds
{Heap before GC invocations=85 (full 11):
 par new generation   total 109248K, used 109103K [0x00000007a0000000, 0x00000007a8000000, 0x00000007a8000000)
  eden space 87424K,  99% used [0x00000007a0000000, 0x00000007a553bd30, 0x00000007a5560000)
  from space 21824K, 100% used [0x00000007a5560000, 0x00000007a6ab0000, 0x00000007a6ab0000)
  to   space 21824K,   0% used [0x00000007a6ab0000, 0x00000007a6ab0000, 0x00000007a8000000)
 concurrent mark-sweep generation total 393216K, used 51611K [0x00000007a8000000, 0x00000007c0000000, 0x00000007c0000000)
 Metaspace       used 31446K, capacity 31810K, committed 32252K, reserved 1077248K
  class space    used 3615K, capacity 3710K, committed 3836K, reserved 1048576K
2016-07-20T16:32:48.061-0530: 45251.659: [GC (Allocation Failure) 45251.691: [ParNew
Desired survivor size 20112992 bytes, new threshold 4 (max 8)
- age   1:   17315048 bytes,   17315048 total
- age   2:      37320 bytes,   17352368 total
- age   3:     959728 bytes,   18312096 total
- age   4:    3989896 bytes,   22301992 total
: 109103K->21824K(109248K), 0.0814306 secs] 160714K->85718K(502464K), 0.1136748 secs] [Times: user=0.17 sys=0.02, real=0.11 secs] 
Heap after GC invocations=86 (full 11):
 par new generation   total 109248K, used 21824K [0x00000007a0000000, 0x00000007a8000000, 0x00000007a8000000)
  eden space 87424K,   0% used [0x00000007a0000000, 0x00000007a0000000, 0x00000007a5560000)
  from space 21824K, 100% used [0x00000007a6ab0000, 0x00000007a8000000, 0x00000007a8000000)
  to   space 21824K,   0% used [0x00000007a5560000, 0x00000007a5560000, 0x00000007a6ab0000)
 concurrent mark-sweep generation total 393216K, used 63894K [0x00000007a8000000, 0x00000007c0000000, 0x00000007c0000000)
 Metaspace       used 31446K, capacity 31810K, committed 32252K, reserved 1077248K
  class space    used 3615K, capacity 3710K, committed 3836K, reserved 1048576K
}
2016-07-20T16:32:48.174-0530: 45251.773: Total time for which application threads were stopped: 0.1139286 seconds
{Heap before GC invocations=86 (full 11):
 par new generation   total 109248K, used 109248K [0x00000007a0000000, 0x00000007a8000000, 0x00000007a8000000)
  eden space 87424K, 100% used [0x00000007a0000000, 0x00000007a5560000, 0x00000007a5560000)
  from space 21824K, 100% used [0x00000007a6ab0000, 0x00000007a8000000, 0x00000007a8000000)
  to   space 21824K,   0% used [0x00000007a5560000, 0x00000007a5560000, 0x00000007a6ab0000)
 concurrent mark-sweep generation total 393216K, used 63894K [0x00000007a8000000, 0x00000007c0000000, 0x00000007c0000000)
 Metaspace       used 31447K, capacity 31810K, committed 32252K, reserved 1077248K
  class space    used 3615K, capacity 3710K, committed 3836K, reserved 1048576K
2016-07-20T16:32:48.638-0530: 45252.237: [GC (Allocation Failure) 45252.237: [ParNew
Desired survivor size 20112992 bytes, new threshold 2 (max 8)
- age   1:    8456256 bytes,    8456256 total
- age   2:   12885568 bytes,   21341824 total
- age   3:      37320 bytes,   21379144 total
- age   4:     959728 bytes,   22338872 total
: 109248K->21824K(109248K), 0.0635767 secs] 173142K->97826K(502464K), 0.0636505 secs] [Times: user=0.16 sys=0.03, real=0.07 secs] 
Heap after GC invocations=87 (full 11):
 par new generation   total 109248K, used 21824K [0x00000007a0000000, 0x00000007a8000000, 0x00000007a8000000)
  eden space 87424K,   0% used [0x00000007a0000000, 0x00000007a0000000, 0x00000007a5560000)
  from space 21824K, 100% used [0x00000007a5560000, 0x00000007a6ab0000, 0x00000007a6ab0000)
  to   space 21824K,   0% used [0x00000007a6ab0000, 0x00000007a6ab0000, 0x00000007a8000000)
 concurrent mark-sweep generation total 393216K, used 76002K [0x00000007a8000000, 0x00000007c0000000, 0x00000007c0000000)
 Metaspace       used 31447K, capacity 31810K, committed 32252K, reserved 1077248K
  class space    used 3615K, capacity 3710K, committed 3836K, reserved 1048576K
}
2016-07-20T16:32:48.702-0530: 45252.301: Total time for which application threads were stopped: 0.0638816 seconds
2016-07-20T16:32:51.711-0530: 45255.310: Total time for which application threads were stopped: 0.0000914 seconds
2016-07-20T16:34:09.094-0530: 45332.695: Total time for which application threads were stopped: 0.0001788 seconds
2016-07-20T16:34:09.287-0530: 45332.887: Total time for which application threads were stopped: 0.0001210 seconds
2016-07-20T16:34:10.367-0530: 45333.967: Total time for which application threads were stopped: 0.0001737 seconds
2016-07-20T16:34:10.377-0530: 45333.977: Total time for which application threads were stopped: 0.0001282 seconds
2016-07-20T16:34:12.381-0530: 45335.981: Total time for which application threads were stopped: 0.0001056 seconds
2016-07-20T16:34:12.523-0530: 45336.123: Total time for which application threads were stopped: 0.0001333 seconds
{Heap before GC invocations=87 (full 11):
 par new generation   total 109248K, used 109248K [0x00000007a0000000, 0x00000007a8000000, 0x00000007a8000000)
  eden space 87424K, 100% used [0x00000007a0000000, 0x00000007a5560000, 0x00000007a5560000)
  from space 21824K, 100% used [0x00000007a5560000, 0x00000007a6ab0000, 0x00000007a6ab0000)
  to   space 21824K,   0% used [0x00000007a6ab0000, 0x00000007a6ab0000, 0x00000007a8000000)
 concurrent mark-sweep generation total 393216K, used 76002K [0x00000007a8000000, 0x00000007c0000000, 0x00000007c0000000)
 Metaspace       used 31448K, capacity 31810K, committed 32252K, reserved 1077248K
  class space    used 3615K, capacity 3710K, committed 3836K, reserved 1048576K
2016-07-20T16:34:12.550-0530: 45336.151: [GC (Allocation Failure) 45336.174: [ParNew
Desired survivor size 20112992 bytes, new threshold 8 (max 8)
- age   1:    7392792 bytes,    7392792 total
: 109248K->18332K(109248K), 0.0164303 secs] 185250K->97748K(502464K), 0.0398820 secs] [Times: user=0.02 sys=0.02, real=0.04 secs] 
Heap after GC invocations=88 (full 11):
 par new generation   total 109248K, used 18332K [0x00000007a0000000, 0x00000007a8000000, 0x00000007a8000000)
  eden space 87424K,   0% used [0x00000007a0000000, 0x00000007a0000000, 0x00000007a5560000)
  from space 21824K,  83% used [0x00000007a6ab0000, 0x00000007a7c97000, 0x00000007a8000000)
  to   space 21824K,   0% used [0x00000007a5560000, 0x00000007a5560000, 0x00000007a6ab0000)
 concurrent mark-sweep generation total 393216K, used 79416K [0x00000007a8000000, 0x00000007c0000000, 0x00000007c0000000)
 Metaspace       used 31448K, capacity 31810K, committed 32252K, reserved 1077248K
  class space    used 3615K, capacity 3710K, committed 3836K, reserved 1048576K
}
2016-07-20T16:34:12.590-0530: 45336.191: Total time for which application threads were stopped: 0.0401037 seconds
{Heap before GC invocations=88 (full 11):
 par new generation   total 109248K, used 105756K [0x00000007a0000000, 0x00000007a8000000, 0x00000007a8000000)
  eden space 87424K, 100% used [0x00000007a0000000, 0x00000007a5560000, 0x00000007a5560000)
  from space 21824K,  83% used [0x00000007a6ab0000, 0x00000007a7c97000, 0x00000007a8000000)
  to   space 21824K,   0% used [0x00000007a5560000, 0x00000007a5560000, 0x00000007a6ab0000)
 concurrent mark-sweep generation total 393216K, used 79416K [0x00000007a8000000, 0x00000007c0000000, 0x00000007c0000000)
 Metaspace       used 31448K, capacity 31810K, committed 32252K, reserved 1077248K
  class space    used 3615K, capacity 3710K, committed 3836K, reserved 1048576K
2016-07-20T16:34:13.056-0530: 45336.657: [GC (Allocation Failure) 45336.657: [ParNew
Desired survivor size 20112992 bytes, new threshold 2 (max 8)
- age   1:   14918896 bytes,   14918896 total
- age   2:    7375520 bytes,   22294416 total
: 105756K->21824K(109248K), 0.0827381 secs] 185172K->119090K(502464K), 0.0828257 secs] [Times: user=0.16 sys=0.07, real=0.08 secs] 
Heap after GC invocations=89 (full 11):
 par new generation   total 109248K, used 21824K [0x00000007a0000000, 0x00000007a8000000, 0x00000007a8000000)
  eden space 87424K,   0% used [0x00000007a0000000, 0x00000007a0000000, 0x00000007a5560000)
  from space 21824K, 100% used [0x00000007a5560000, 0x00000007a6ab0000, 0x00000007a6ab0000)
  to   space 21824K,   0% used [0x00000007a6ab0000, 0x00000007a6ab0000, 0x00000007a8000000)
 concurrent mark-sweep generation total 393216K, used 97266K [0x00000007a8000000, 0x00000007c0000000, 0x00000007c0000000)
 Metaspace       used 31448K, capacity 31810K, committed 32252K, reserved 1077248K
  class space    used 3615K, capacity 3710K, committed 3836K, reserved 1048576K
}
2016-07-20T16:34:13.139-0530: 45336.740: Total time for which application threads were stopped: 0.0830781 seconds
{Heap before GC invocations=89 (full 11):
 par new generation   total 109248K, used 109248K [0x00000007a0000000, 0x00000007a8000000, 0x00000007a8000000)
  eden space 87424K, 100% used [0x00000007a0000000, 0x00000007a5560000, 0x00000007a5560000)
  from space 21824K, 100% used [0x00000007a5560000, 0x00000007a6ab0000, 0x00000007a6ab0000)
  to   space 21824K,   0% used [0x00000007a6ab0000, 0x00000007a6ab0000, 0x00000007a8000000)
 concurrent mark-sweep generation total 393216K, used 97266K [0x00000007a8000000, 0x00000007c0000000, 0x00000007c0000000)
 Metaspace       used 31448K, capacity 31810K, committed 32252K, reserved 1077248K
  class space    used 3615K, capacity 3710K, committed 3836K, reserved 1048576K
2016-07-20T16:34:13.731-0530: 45337.331: [GC (Allocation Failure) 45337.331: [ParNew
Desired survivor size 20112992 bytes, new threshold 8 (max 8)
- age   1:    7228976 bytes,    7228976 total
- age   2:   12225136 bytes,   19454112 total
: 109248K->21824K(109248K), 0.0874437 secs] 206514K->131396K(502464K), 0.0875478 secs] [Times: user=0.16 sys=0.04, real=0.08 secs] 
Heap after GC invocations=90 (full 11):
 par new generation   total 109248K, used 21824K [0x00000007a0000000, 0x00000007a8000000, 0x00000007a8000000)
  eden space 87424K,   0% used [0x00000007a0000000, 0x00000007a0000000, 0x00000007a5560000)
  from space 21824K, 100% used [0x00000007a6ab0000, 0x00000007a8000000, 0x00000007a8000000)
  to   space 21824K,   0% used [0x00000007a5560000, 0x00000007a5560000, 0x00000007a6ab0000)
 concurrent mark-sweep generation total 393216K, used 109572K [0x00000007a8000000, 0x00000007c0000000, 0x00000007c0000000)
 Metaspace       used 31448K, capacity 31810K, committed 32252K, reserved 1077248K
  class space    used 3615K, capacity 3710K, committed 3836K, reserved 1048576K
}
2016-07-20T16:34:13.819-0530: 45337.419: Total time for which application threads were stopped: 0.0879086 seconds
2016-07-20T16:35:27.599-0530: 45411.201: Total time for which application threads were stopped: 0.0001217 seconds
2016-07-20T16:35:27.733-0530: 45411.335: Total time for which application threads were stopped: 0.0001123 seconds
2016-07-20T16:35:27.915-0530: 45411.517: Total time for which application threads were stopped: 0.0551337 seconds
2016-07-20T16:35:27.953-0530: 45411.555: Total time for which application threads were stopped: 0.0016603 seconds
2016-07-20T16:35:27.981-0530: 45411.583: Total time for which application threads were stopped: 0.0001111 seconds
2016-07-20T16:35:31.472-0530: 45415.074: Total time for which application threads were stopped: 0.0000949 seconds
{Heap before GC invocations=90 (full 11):
 par new generation   total 109248K, used 109246K [0x00000007a0000000, 0x00000007a8000000, 0x00000007a8000000)
  eden space 87424K,  99% used [0x00000007a0000000, 0x00000007a555f990, 0x00000007a5560000)
  from space 21824K, 100% used [0x00000007a6ab0000, 0x00000007a8000000, 0x00000007a8000000)
  to   space 21824K,   0% used [0x00000007a5560000, 0x00000007a5560000, 0x00000007a6ab0000)
 concurrent mark-sweep generation total 393216K, used 109572K [0x00000007a8000000, 0x00000007c0000000, 0x00000007c0000000)
 Metaspace       used 31449K, capacity 31810K, committed 32252K, reserved 1077248K
  class space    used 3615K, capacity 3710K, committed 3836K, reserved 1048576K
2016-07-20T16:35:31.526-0530: 45415.128: [GC (Allocation Failure) 45415.146: [ParNew
Desired survivor size 20112992 bytes, new threshold 8 (max 8)
- age   1:   10939880 bytes,   10939880 total
- age   3:    4942584 bytes,   15882464 total
: 109246K->21824K(109248K), 0.0107277 secs] 218818K->131396K(502464K), 0.0278632 secs] [Times: user=0.03 sys=0.00, real=0.03 secs] 
Heap after GC invocations=91 (full 11):
 par new generation   total 109248K, used 21824K [0x00000007a0000000, 0x00000007a8000000, 0x00000007a8000000)
  eden space 87424K,   0% used [0x00000007a0000000, 0x00000007a0000000, 0x00000007a5560000)
  from space 21824K, 100% used [0x00000007a5560000, 0x00000007a6ab0000, 0x00000007a6ab0000)
  to   space 21824K,   0% used [0x00000007a6ab0000, 0x00000007a6ab0000, 0x00000007a8000000)
 concurrent mark-sweep generation total 393216K, used 109572K [0x00000007a8000000, 0x00000007c0000000, 0x00000007c0000000)
 Metaspace       used 31449K, capacity 31810K, committed 32252K, reserved 1077248K
  class space    used 3615K, capacity 3710K, committed 3836K, reserved 1048576K
}
2016-07-20T16:35:31.554-0530: 45415.156: Total time for which application threads were stopped: 0.0280863 seconds
{Heap before GC invocations=91 (full 11):
 par new generation   total 109248K, used 109248K [0x00000007a0000000, 0x00000007a8000000, 0x00000007a8000000)
  eden space 87424K, 100% used [0x00000007a0000000, 0x00000007a5560000, 0x00000007a5560000)
  from space 21824K, 100% used [0x00000007a5560000, 0x00000007a6ab0000, 0x00000007a6ab0000)
  to   space 21824K,   0% used [0x00000007a6ab0000, 0x00000007a6ab0000, 0x00000007a8000000)
 concurrent mark-sweep generation total 393216K, used 109572K [0x00000007a8000000, 0x00000007c0000000, 0x00000007c0000000)
 Metaspace       used 31449K, capacity 31810K, committed 32252K, reserved 1077248K
  class space    used 3615K, capacity 3710K, committed 3836K, reserved 1048576K
2016-07-20T16:35:32.065-0530: 45415.667: [GC (Allocation Failure) 45415.667: [ParNew
Desired survivor size 20112992 bytes, new threshold 4 (max 8)
- age   1:    8621072 bytes,    8621072 total
- age   2:    9263640 bytes,   17884712 total
- age   4:    4438808 bytes,   22323520 total
: 109248K->21824K(109248K), 0.2499248 secs] 218820K->167583K(502464K), 0.2499960 secs] [Times: user=0.29 sys=0.14, real=0.25 secs] 
Heap after GC invocations=92 (full 11):
 par new generation   total 109248K, used 21824K [0x00000007a0000000, 0x00000007a8000000, 0x00000007a8000000)
  eden space 87424K,   0% used [0x00000007a0000000, 0x00000007a0000000, 0x00000007a5560000)
  from space 21824K, 100% used [0x00000007a6ab0000, 0x00000007a8000000, 0x00000007a8000000)
  to   space 21824K,   0% used [0x00000007a5560000, 0x00000007a5560000, 0x00000007a6ab0000)
 concurrent mark-sweep generation total 393216K, used 145759K [0x00000007a8000000, 0x00000007c0000000, 0x00000007c0000000)
 Metaspace       used 31449K, capacity 31810K, committed 32252K, reserved 1077248K
  class space    used 3615K, capacity 3710K, committed 3836K, reserved 1048576K
}
2016-07-20T16:35:32.315-0530: 45415.917: Total time for which application threads were stopped: 0.2502797 seconds
{Heap before GC invocations=92 (full 11):
 par new generation   total 109248K, used 109248K [0x00000007a0000000, 0x00000007a8000000, 0x00000007a8000000)
  eden space 87424K, 100% used [0x00000007a0000000, 0x00000007a5560000, 0x00000007a5560000)
  from space 21824K, 100% used [0x00000007a6ab0000, 0x00000007a8000000, 0x00000007a8000000)
  to   space 21824K,   0% used [0x00000007a5560000, 0x00000007a5560000, 0x00000007a6ab0000)
 concurrent mark-sweep generation total 393216K, used 145759K [0x00000007a8000000, 0x00000007c0000000, 0x00000007c0000000)
 Metaspace       used 31449K, capacity 31810K, committed 32252K, reserved 1077248K
  class space    used 3615K, capacity 3710K, committed 3836K, reserved 1048576K
2016-07-20T16:35:33.048-0530: 45416.650: [GC (Allocation Failure) 45416.650: [ParNew
Desired survivor size 20112992 bytes, new threshold 3 (max 8)
- age   1:    7753432 bytes,    7753432 total
- age   2:    5667312 bytes,   13420744 total
- age   3:    8898392 bytes,   22319136 total
: 109248K->21824K(109248K), 0.0878680 secs] 255007K->181116K(502464K), 0.0879563 secs] [Times: user=0.17 sys=0.05, real=0.09 secs] 
Heap after GC invocations=93 (full 11):
 par new generation   total 109248K, used 21824K [0x00000007a0000000, 0x00000007a8000000, 0x00000007a8000000)
  eden space 87424K,   0% used [0x00000007a0000000, 0x00000007a0000000, 0x00000007a5560000)
  from space 21824K, 100% used [0x00000007a5560000, 0x00000007a6ab0000, 0x00000007a6ab0000)
  to   space 21824K,   0% used [0x00000007a6ab0000, 0x00000007a6ab0000, 0x00000007a8000000)
 concurrent mark-sweep generation total 393216K, used 159292K [0x00000007a8000000, 0x00000007c0000000, 0x00000007c0000000)
 Metaspace       used 31449K, capacity 31810K, committed 32252K, reserved 1077248K
  class space    used 3615K, capacity 3710K, committed 3836K, reserved 1048576K
}
2016-07-20T16:35:33.136-0530: 45416.738: Total time for which application threads were stopped: 0.0882216 seconds
2016-07-20T16:35:36.148-0530: 45419.750: Total time for which application threads were stopped: 0.0001127 seconds
2016-07-20T16:44:15.306-0530: 45938.919: Total time for which application threads were stopped: 0.0009763 seconds
2016-07-20T16:44:15.466-0530: 45939.079: Total time for which application threads were stopped: 0.0002052 seconds
2016-07-20T16:44:15.922-0530: 45939.535: Total time for which application threads were stopped: 0.0001223 seconds
2016-07-20T16:44:16.048-0530: 45939.660: Total time for which application threads were stopped: 0.0001019 seconds
2016-07-20T16:44:17.622-0530: 45941.235: Total time for which application threads were stopped: 0.0001176 seconds
{Heap before GC invocations=93 (full 11):
 par new generation   total 109248K, used 108858K [0x00000007a0000000, 0x00000007a8000000, 0x00000007a8000000)
  eden space 87424K,  99% used [0x00000007a0000000, 0x00000007a54feb08, 0x00000007a5560000)
  from space 21824K, 100% used [0x00000007a5560000, 0x00000007a6ab0000, 0x00000007a6ab0000)
  to   space 21824K,   0% used [0x00000007a6ab0000, 0x00000007a6ab0000, 0x00000007a8000000)
 concurrent mark-sweep generation total 393216K, used 159292K [0x00000007a8000000, 0x00000007c0000000, 0x00000007c0000000)
 Metaspace       used 31450K, capacity 31810K, committed 32252K, reserved 1077248K
  class space    used 3615K, capacity 3710K, committed 3836K, reserved 1048576K
2016-07-20T16:44:17.788-0530: 45941.400: [GC (Allocation Failure) 45941.410: [ParNew
Desired survivor size 20112992 bytes, new threshold 8 (max 8)
- age   1:   15383280 bytes,   15383280 total
- age   2:    2890000 bytes,   18273280 total
- age   3:     550848 bytes,   18824128 total
: 108858K->21824K(109248K), 0.0896740 secs] 268151K->186533K(502464K), 0.0993956 secs] [Times: user=0.06 sys=0.16, real=0.10 secs] 
Heap after GC invocations=94 (full 11):
 par new generation   total 109248K, used 21824K [0x00000007a0000000, 0x00000007a8000000, 0x00000007a8000000)
  eden space 87424K,   0% used [0x00000007a0000000, 0x00000007a0000000, 0x00000007a5560000)
  from space 21824K, 100% used [0x00000007a6ab0000, 0x00000007a8000000, 0x00000007a8000000)
  to   space 21824K,   0% used [0x00000007a5560000, 0x00000007a5560000, 0x00000007a6ab0000)
 concurrent mark-sweep generation total 393216K, used 164709K [0x00000007a8000000, 0x00000007c0000000, 0x00000007c0000000)
 Metaspace       used 31450K, capacity 31810K, committed 32252K, reserved 1077248K
  class space    used 3615K, capacity 3710K, committed 3836K, reserved 1048576K
}
2016-07-20T16:44:17.887-0530: 45941.500: Total time for which application threads were stopped: 0.0999108 seconds
{Heap before GC invocations=94 (full 11):
 par new generation   total 109248K, used 109248K [0x00000007a0000000, 0x00000007a8000000, 0x00000007a8000000)
  eden space 87424K, 100% used [0x00000007a0000000, 0x00000007a5560000, 0x00000007a5560000)
  from space 21824K, 100% used [0x00000007a6ab0000, 0x00000007a8000000, 0x00000007a8000000)
  to   space 21824K,   0% used [0x00000007a5560000, 0x00000007a5560000, 0x00000007a6ab0000)
 concurrent mark-sweep generation total 393216K, used 164709K [0x00000007a8000000, 0x00000007c0000000, 0x00000007c0000000)
 Metaspace       used 31450K, capacity 31810K, committed 32252K, reserved 1077248K
  class space    used 3615K, capacity 3710K, committed 3836K, reserved 1048576K
2016-07-20T16:44:18.497-0530: 45942.110: [GC (Allocation Failure) 45942.110: [ParNew
Desired survivor size 20112992 bytes, new threshold 3 (max 8)
- age   1:    7720912 bytes,    7720912 total
- age   2:   10911472 bytes,   18632384 total
- age   3:    2890000 bytes,   21522384 total
- age   4:     550848 bytes,   22073232 total
: 109248K->21824K(109248K), 0.2355978 secs] 273957K->229039K(502464K), 0.2356859 secs] [Times: user=0.29 sys=0.22, real=0.24 secs] 
Heap after GC invocations=95 (full 11):
 par new generation   total 109248K, used 21824K [0x00000007a0000000, 0x00000007a8000000, 0x00000007a8000000)
  eden space 87424K,   0% used [0x00000007a0000000, 0x00000007a0000000, 0x00000007a5560000)
  from space 21824K, 100% used [0x00000007a5560000, 0x00000007a6ab0000, 0x00000007a6ab0000)
  to   space 21824K,   0% used [0x00000007a6ab0000, 0x00000007a6ab0000, 0x00000007a8000000)
 concurrent mark-sweep generation total 393216K, used 207215K [0x00000007a8000000, 0x00000007c0000000, 0x00000007c0000000)
 Metaspace       used 31450K, capacity 31810K, committed 32252K, reserved 1077248K
  class space    used 3615K, capacity 3710K, committed 3836K, reserved 1048576K
}
2016-07-20T16:44:18.733-0530: 45942.346: Total time for which application threads were stopped: 0.2359533 seconds
2016-07-20T16:44:18.735-0530: 45942.348: [GC (CMS Initial Mark) [1 CMS-initial-mark: 207215K(393216K)] 229908K(502464K), 0.0074521 secs] [Times: user=0.01 sys=0.00, real=0.01 secs] 
2016-07-20T16:44:18.743-0530: 45942.355: Total time for which application threads were stopped: 0.0092550 seconds
2016-07-20T16:44:18.743-0530: 45942.356: [CMS-concurrent-mark-start]
2016-07-20T16:44:18.809-0530: 45942.422: [CMS-concurrent-mark: 0.066/0.066 secs] [Times: user=0.16 sys=0.04, real=0.06 secs] 
2016-07-20T16:44:18.809-0530: 45942.422: [CMS-concurrent-preclean-start]
2016-07-20T16:44:18.810-0530: 45942.423: [CMS-concurrent-preclean: 0.001/0.001 secs] [Times: user=0.00 sys=0.00, real=0.01 secs] 
2016-07-20T16:44:18.810-0530: 45942.423: [CMS-concurrent-abortable-preclean-start]
2016-07-20T16:44:19.310-0530: 45942.922: [CMS-concurrent-abortable-preclean: 0.193/0.499 secs] [Times: user=0.63 sys=0.01, real=0.50 secs] 
2016-07-20T16:44:19.310-0530: 45942.923: [GC (CMS Final Remark) [YG occupancy: 83056 K (109248 K)]{Heap before GC invocations=95 (full 12):
 par new generation   total 109248K, used 83056K [0x00000007a0000000, 0x00000007a8000000, 0x00000007a8000000)
  eden space 87424K,  70% used [0x00000007a0000000, 0x00000007a3bcc0a8, 0x00000007a5560000)
  from space 21824K, 100% used [0x00000007a5560000, 0x00000007a6ab0000, 0x00000007a6ab0000)
  to   space 21824K,   0% used [0x00000007a6ab0000, 0x00000007a6ab0000, 0x00000007a8000000)
 concurrent mark-sweep generation total 393216K, used 207215K [0x00000007a8000000, 0x00000007c0000000, 0x00000007c0000000)
 Metaspace       used 31450K, capacity 31810K, committed 32252K, reserved 1077248K
  class space    used 3615K, capacity 3710K, committed 3836K, reserved 1048576K
2016-07-20T16:44:19.310-0530: 45942.923: [GC (CMS Final Remark) 45942.923: [ParNew
Desired survivor size 20112992 bytes, new threshold 8 (max 8)
- age   1:    4173272 bytes,    4173272 total
- age   2:    2808568 bytes,    6981840 total
- age   3:   10414968 bytes,   17396808 total
: 83056K->21824K(109248K), 0.0356416 secs] 290271K->234519K(502464K), 0.0357386 secs] [Times: user=0.04 sys=0.02, real=0.03 secs] 
Heap after GC invocations=96 (full 12):
 par new generation   total 109248K, used 21824K [0x00000007a0000000, 0x00000007a8000000, 0x00000007a8000000)
  eden space 87424K,   0% used [0x00000007a0000000, 0x00000007a0000000, 0x00000007a5560000)
  from space 21824K, 100% used [0x00000007a6ab0000, 0x00000007a8000000, 0x00000007a8000000)
  to   space 21824K,   0% used [0x00000007a5560000, 0x00000007a5560000, 0x00000007a6ab0000)
 concurrent mark-sweep generation total 393216K, used 212695K [0x00000007a8000000, 0x00000007c0000000, 0x00000007c0000000)
 Metaspace       used 31450K, capacity 31810K, committed 32252K, reserved 1077248K
  class space    used 3615K, capacity 3710K, committed 3836K, reserved 1048576K
}
45942.959: [Rescan (parallel) , 0.0069956 secs]45942.966: [weak refs processing, 0.0008907 secs]45942.967: [class unloading, 0.0835801 secs]45943.050: [scrub symbol table, 0.0251204 secs]45943.075: [scrub string table, 0.0003998 secs][1 CMS-remark: 212695K(393216K)] 234519K(502464K), 0.1574256 secs] [Times: user=0.10 sys=0.08, real=0.15 secs] 
2016-07-20T16:44:19.467-0530: 45943.080: Total time for which application threads were stopped: 0.1576863 seconds
2016-07-20T16:44:19.467-0530: 45943.080: [CMS-concurrent-sweep-start]
2016-07-20T16:44:19.878-0530: 45943.491: [CMS-concurrent-sweep: 0.411/0.411 secs] [Times: user=0.49 sys=0.16, real=0.41 secs] 
2016-07-20T16:44:19.878-0530: 45943.491: [CMS-concurrent-reset-start]
2016-07-20T16:44:19.881-0530: 45943.494: [CMS-concurrent-reset: 0.003/0.003 secs] [Times: user=0.00 sys=0.01, real=0.01 secs] 
2016-07-20T16:44:22.477-0530: 45946.090: Total time for which application threads were stopped: 0.0003670 seconds
2016-07-20T19:59:33.934-0530: 57660.089: Total time for which application threads were stopped: 0.0064560 seconds
2016-07-20T19:59:34.120-0530: 57660.274: Total time for which application threads were stopped: 0.0007172 seconds
2016-07-20T19:59:34.279-0530: 57660.434: Total time for which application threads were stopped: 0.0136248 seconds
2016-07-20T19:59:34.614-0530: 57660.768: Total time for which application threads were stopped: 0.0533310 seconds
2016-07-20T19:59:34.682-0530: 57660.837: Total time for which application threads were stopped: 0.0658060 seconds
2016-07-20T19:59:34.804-0530: 57660.958: Total time for which application threads were stopped: 0.1196066 seconds
2016-07-20T19:59:35.787-0530: 57661.941: Total time for which application threads were stopped: 0.1443709 seconds
2016-07-20T19:59:35.959-0530: 57662.113: Total time for which application threads were stopped: 0.0453347 seconds
2016-07-20T19:59:36.273-0530: 57662.427: Total time for which application threads were stopped: 0.0001181 seconds
2016-07-20T19:59:38.129-0530: 57664.284: Total time for which application threads were stopped: 0.0001066 seconds
2016-07-20T19:59:38.685-0530: 57664.839: Total time for which application threads were stopped: 0.1549267 seconds
2016-07-20T19:59:39.316-0530: 57665.471: Total time for which application threads were stopped: 0.1255254 seconds
2016-07-20T19:59:39.405-0530: 57665.559: Total time for which application threads were stopped: 0.0876101 seconds
2016-07-20T19:59:40.445-0530: 57666.600: Total time for which application threads were stopped: 0.0403109 seconds
2016-07-20T19:59:40.770-0530: 57666.924: Total time for which application threads were stopped: 0.1209802 seconds
2016-07-20T19:59:43.901-0530: 57670.056: Total time for which application threads were stopped: 0.0633549 seconds
2016-07-20T19:59:48.920-0530: 57675.075: Total time for which application threads were stopped: 0.0038740 seconds
2016-07-20T19:59:56.094-0530: 57682.249: Total time for which application threads were stopped: 0.0060148 seconds
2016-07-20T19:59:57.159-0530: 57683.314: Total time for which application threads were stopped: 0.0615564 seconds
2016-07-20T20:00:02.185-0530: 57688.340: Total time for which application threads were stopped: 0.0154470 seconds
{Heap before GC invocations=96 (full 12):
 par new generation   total 109248K, used 109238K [0x00000007a0000000, 0x00000007a8000000, 0x00000007a8000000)
  eden space 87424K,  99% used [0x00000007a0000000, 0x00000007a555da88, 0x00000007a5560000)
  from space 21824K, 100% used [0x00000007a6ab0000, 0x00000007a8000000, 0x00000007a8000000)
  to   space 21824K,   0% used [0x00000007a5560000, 0x00000007a5560000, 0x00000007a6ab0000)
 concurrent mark-sweep generation total 393216K, used 73875K [0x00000007a8000000, 0x00000007c0000000, 0x00000007c0000000)
 Metaspace       used 31459K, capacity 31810K, committed 32252K, reserved 1077248K
  class space    used 3615K, capacity 3710K, committed 3836K, reserved 1048576K
2016-07-20T20:00:03.016-0530: 57689.171: [GC (Allocation Failure) 57689.185: [ParNew
Desired survivor size 20112992 bytes, new threshold 8 (max 8)
- age   1:   13412568 bytes,   13412568 total
- age   3:     241144 bytes,   13653712 total
- age   4:    3574408 bytes,   17228120 total
: 109238K->21824K(109248K), 0.0630473 secs] 183114K->95927K(502464K), 0.0762781 secs] [Times: user=0.03 sys=0.14, real=0.08 secs] 
Heap after GC invocations=97 (full 12):
 par new generation   total 109248K, used 21824K [0x00000007a0000000, 0x00000007a8000000, 0x00000007a8000000)
  eden space 87424K,   0% used [0x00000007a0000000, 0x00000007a0000000, 0x00000007a5560000)
  from space 21824K, 100% used [0x00000007a5560000, 0x00000007a6ab0000, 0x00000007a6ab0000)
  to   space 21824K,   0% used [0x00000007a6ab0000, 0x00000007a6ab0000, 0x00000007a8000000)
 concurrent mark-sweep generation total 393216K, used 74103K [0x00000007a8000000, 0x00000007c0000000, 0x00000007c0000000)
 Metaspace       used 31459K, capacity 31810K, committed 32252K, reserved 1077248K
  class space    used 3615K, capacity 3710K, committed 3836K, reserved 1048576K
}
2016-07-20T20:00:03.093-0530: 57689.248: Total time for which application threads were stopped: 0.0766064 seconds
{Heap before GC invocations=97 (full 12):
 par new generation   total 109248K, used 109248K [0x00000007a0000000, 0x00000007a8000000, 0x00000007a8000000)
  eden space 87424K, 100% used [0x00000007a0000000, 0x00000007a5560000, 0x00000007a5560000)
  from space 21824K, 100% used [0x00000007a5560000, 0x00000007a6ab0000, 0x00000007a6ab0000)
  to   space 21824K,   0% used [0x00000007a6ab0000, 0x00000007a6ab0000, 0x00000007a8000000)
 concurrent mark-sweep generation total 393216K, used 74103K [0x00000007a8000000, 0x00000007c0000000, 0x00000007c0000000)
 Metaspace       used 31459K, capacity 31810K, committed 32252K, reserved 1077248K
  class space    used 3615K, capacity 3710K, committed 3836K, reserved 1048576K
2016-07-20T20:00:03.412-0530: 57689.567: [GC (Allocation Failure) 57689.567: [ParNew
Desired survivor size 20112992 bytes, new threshold 5 (max 8)
- age   1:   14990720 bytes,   14990720 total
- age   2:    4695736 bytes,   19686456 total
- age   4:      61560 bytes,   19748016 total
- age   5:    2565504 bytes,   22313520 total
: 109248K->21824K(109248K), 0.0939424 secs] 183351K->114600K(502464K), 0.0940051 secs] [Times: user=0.08 sys=0.17, real=0.09 secs] 
Heap after GC invocations=98 (full 12):
 par new generation   total 109248K, used 21824K [0x00000007a0000000, 0x00000007a8000000, 0x00000007a8000000)
  eden space 87424K,   0% used [0x00000007a0000000, 0x00000007a0000000, 0x00000007a5560000)
  from space 21824K, 100% used [0x00000007a6ab0000, 0x00000007a8000000, 0x00000007a8000000)
  to   space 21824K,   0% used [0x00000007a5560000, 0x00000007a5560000, 0x00000007a6ab0000)
 concurrent mark-sweep generation total 393216K, used 92776K [0x00000007a8000000, 0x00000007c0000000, 0x00000007c0000000)
 Metaspace       used 31459K, capacity 31810K, committed 32252K, reserved 1077248K
  class space    used 3615K, capacity 3710K, committed 3836K, reserved 1048576K
}
2016-07-20T20:00:03.506-0530: 57689.661: Total time for which application threads were stopped: 0.0943490 seconds
{Heap before GC invocations=98 (full 12):
 par new generation   total 109248K, used 109248K [0x00000007a0000000, 0x00000007a8000000, 0x00000007a8000000)
  eden space 87424K, 100% used [0x00000007a0000000, 0x00000007a5560000, 0x00000007a5560000)
  from space 21824K, 100% used [0x00000007a6ab0000, 0x00000007a8000000, 0x00000007a8000000)
  to   space 21824K,   0% used [0x00000007a5560000, 0x00000007a5560000, 0x00000007a6ab0000)
 concurrent mark-sweep generation total 393216K, used 92776K [0x00000007a8000000, 0x00000007c0000000, 0x00000007c0000000)
 Metaspace       used 31459K, capacity 31810K, committed 32252K, reserved 1077248K
  class space    used 3615K, capacity 3710K, committed 3836K, reserved 1048576K
2016-07-20T20:00:03.767-0530: 57689.922: [GC (Allocation Failure) 57689.922: [ParNew
Desired survivor size 20112992 bytes, new threshold 3 (max 8)
- age   1:   12232360 bytes,   12232360 total
- age   2:    7384232 bytes,   19616592 total
- age   3:    2665352 bytes,   22281944 total
- age   5:      61536 bytes,   22343480 total
: 109248K->21824K(109248K), 0.1550197 secs] 202024K->165858K(502464K), 0.1551110 secs] [Times: user=0.22 sys=0.20, real=0.16 secs] 
Heap after GC invocations=99 (full 12):
 par new generation   total 109248K, used 21824K [0x00000007a0000000, 0x00000007a8000000, 0x00000007a8000000)
  eden space 87424K,   0% used [0x00000007a0000000, 0x00000007a0000000, 0x00000007a5560000)
  from space 21824K, 100% used [0x00000007a5560000, 0x00000007a6ab0000, 0x00000007a6ab0000)
  to   space 21824K,   0% used [0x00000007a6ab0000, 0x00000007a6ab0000, 0x00000007a8000000)
 concurrent mark-sweep generation total 393216K, used 144034K [0x00000007a8000000, 0x00000007c0000000, 0x00000007c0000000)
 Metaspace       used 31459K, capacity 31810K, committed 32252K, reserved 1077248K
  class space    used 3615K, capacity 3710K, committed 3836K, reserved 1048576K
}
2016-07-20T20:00:03.923-0530: 57690.078: Total time for which application threads were stopped: 0.1554623 seconds
{Heap before GC invocations=99 (full 12):
 par new generation   total 109248K, used 109248K [0x00000007a0000000, 0x00000007a8000000, 0x00000007a8000000)
  eden space 87424K, 100% used [0x00000007a0000000, 0x00000007a5560000, 0x00000007a5560000)
  from space 21824K, 100% used [0x00000007a5560000, 0x00000007a6ab0000, 0x00000007a6ab0000)
  to   space 21824K,   0% used [0x00000007a6ab0000, 0x00000007a6ab0000, 0x00000007a8000000)
 concurrent mark-sweep generation total 393216K, used 144034K [0x00000007a8000000, 0x00000007c0000000, 0x00000007c0000000)
 Metaspace       used 31459K, capacity 31810K, committed 32252K, reserved 1077248K
  class space    used 3615K, capacity 3710K, committed 3836K, reserved 1048576K
2016-07-20T20:00:04.212-0530: 57690.367: [GC (Allocation Failure) 57690.367: [ParNew
Desired survivor size 20112992 bytes, new threshold 3 (max 8)
- age   1:   14556232 bytes,   14556232 total
- age   2:    3360104 bytes,   17916336 total
- age   3:    4431192 bytes,   22347528 total
: 109248K->21824K(109248K), 0.1120347 secs] 253282K->195708K(502464K), 0.1121082 secs] [Times: user=0.17 sys=0.11, real=0.11 secs] 
Heap after GC invocations=100 (full 12):
 par new generation   total 109248K, used 21824K [0x00000007a0000000, 0x00000007a8000000, 0x00000007a8000000)
  eden space 87424K,   0% used [0x00000007a0000000, 0x00000007a0000000, 0x00000007a5560000)
  from space 21824K, 100% used [0x00000007a6ab0000, 0x00000007a8000000, 0x00000007a8000000)
  to   space 21824K,   0% used [0x00000007a5560000, 0x00000007a5560000, 0x00000007a6ab0000)
 concurrent mark-sweep generation total 393216K, used 173884K [0x00000007a8000000, 0x00000007c0000000, 0x00000007c0000000)
 Metaspace       used 31459K, capacity 31810K, committed 32252K, reserved 1077248K
  class space    used 3615K, capacity 3710K, committed 3836K, reserved 1048576K
}
2016-07-20T20:00:04.324-0530: 57690.479: Total time for which application threads were stopped: 0.1124229 seconds
{Heap before GC invocations=100 (full 12):
 par new generation   total 109248K, used 109248K [0x00000007a0000000, 0x00000007a8000000, 0x00000007a8000000)
  eden space 87424K, 100% used [0x00000007a0000000, 0x00000007a5560000, 0x00000007a5560000)
  from space 21824K, 100% used [0x00000007a6ab0000, 0x00000007a8000000, 0x00000007a8000000)
  to   space 21824K,   0% used [0x00000007a5560000, 0x00000007a5560000, 0x00000007a6ab0000)
 concurrent mark-sweep generation total 393216K, used 173884K [0x00000007a8000000, 0x00000007c0000000, 0x00000007c0000000)
 Metaspace       used 31459K, capacity 31810K, committed 32252K, reserved 1077248K
  class space    used 3615K, capacity 3710K, committed 3836K, reserved 1048576K
2016-07-20T20:00:04.682-0530: 57690.837: [GC (Allocation Failure) 57690.837: [ParNew
Desired survivor size 20112992 bytes, new threshold 8 (max 8)
- age   1:       1056 bytes,       1056 total
- age   2:   13912240 bytes,   13913296 total
- age   3:    3360104 bytes,   17273400 total
: 109248K->21824K(109248K), 0.1121963 secs] 283132K->200664K(502464K), 0.1122884 secs] [Times: user=0.31 sys=0.01, real=0.11 secs] 
Heap after GC invocations=101 (full 12):
 par new generation   total 109248K, used 21824K [0x00000007a0000000, 0x00000007a8000000, 0x00000007a8000000)
  eden space 87424K,   0% used [0x00000007a0000000, 0x00000007a0000000, 0x00000007a5560000)
  from space 21824K, 100% used [0x00000007a5560000, 0x00000007a6ab0000, 0x00000007a6ab0000)
  to   space 21824K,   0% used [0x00000007a6ab0000, 0x00000007a6ab0000, 0x00000007a8000000)
 concurrent mark-sweep generation total 393216K, used 178840K [0x00000007a8000000, 0x00000007c0000000, 0x00000007c0000000)
 Metaspace       used 31459K, capacity 31810K, committed 32252K, reserved 1077248K
  class space    used 3615K, capacity 3710K, committed 3836K, reserved 1048576K
}
2016-07-20T20:00:04.794-0530: 57690.949: Total time for which application threads were stopped: 0.1126490 seconds
2016-07-20T20:00:05.798-0530: 57691.953: Total time for which application threads were stopped: 0.0002217 seconds
2016-07-20T20:00:06.947-0530: 57693.102: Total time for which application threads were stopped: 0.0006616 seconds
2016-07-20T20:00:07.038-0530: 57693.193: Total time for which application threads were stopped: 0.0004824 seconds
2016-07-20T20:00:07.039-0530: 57693.194: Total time for which application threads were stopped: 0.0002523 seconds
2016-07-20T20:00:07.046-0530: 57693.202: Total time for which application threads were stopped: 0.0005430 seconds
2016-07-20T20:00:07.058-0530: 57693.213: Total time for which application threads were stopped: 0.0105920 seconds
2016-07-20T20:00:07.059-0530: 57693.214: Total time for which application threads were stopped: 0.0005753 seconds
2016-07-20T20:00:07.059-0530: 57693.214: Total time for which application threads were stopped: 0.0002816 seconds
2016-07-20T20:00:07.060-0530: 57693.215: Total time for which application threads were stopped: 0.0003567 seconds
2016-07-20T20:00:07.060-0530: 57693.216: Total time for which application threads were stopped: 0.0002860 seconds
2016-07-20T20:00:07.062-0530: 57693.217: Total time for which application threads were stopped: 0.0011455 seconds
2016-07-20T20:00:07.062-0530: 57693.218: Total time for which application threads were stopped: 0.0003640 seconds
2016-07-20T20:00:07.063-0530: 57693.219: Total time for which application threads were stopped: 0.0003678 seconds
2016-07-20T20:00:07.075-0530: 57693.230: Total time for which application threads were stopped: 0.0113443 seconds
2016-07-20T20:00:07.076-0530: 57693.231: Total time for which application threads were stopped: 0.0003156 seconds
2016-07-20T20:00:07.077-0530: 57693.232: Total time for which application threads were stopped: 0.0001746 seconds
2016-07-20T20:00:07.077-0530: 57693.232: Total time for which application threads were stopped: 0.0001804 seconds
2016-07-20T20:00:07.078-0530: 57693.233: Total time for which application threads were stopped: 0.0001630 seconds
2016-07-20T20:00:07.078-0530: 57693.233: Total time for which application threads were stopped: 0.0001505 seconds
2016-07-20T20:00:07.083-0530: 57693.238: Total time for which application threads were stopped: 0.0044975 seconds
2016-07-20T20:00:07.084-0530: 57693.239: Total time for which application threads were stopped: 0.0006827 seconds
{Heap before GC invocations=101 (full 12):
 par new generation   total 109248K, used 109248K [0x00000007a0000000, 0x00000007a8000000, 0x00000007a8000000)
  eden space 87424K, 100% used [0x00000007a0000000, 0x00000007a5560000, 0x00000007a5560000)
  from space 21824K, 100% used [0x00000007a5560000, 0x00000007a6ab0000, 0x00000007a6ab0000)
  to   space 21824K,   0% used [0x00000007a6ab0000, 0x00000007a6ab0000, 0x00000007a8000000)
 concurrent mark-sweep generation total 393216K, used 178840K [0x00000007a8000000, 0x00000007c0000000, 0x00000007c0000000)
 Metaspace       used 31459K, capacity 31810K, committed 32252K, reserved 1077248K
  class space    used 3615K, capacity 3710K, committed 3836K, reserved 1048576K
2016-07-20T20:00:08.928-0530: 57695.083: [GC (Allocation Failure) 57695.083: [ParNew
Desired survivor size 20112992 bytes, new threshold 4 (max 8)
- age   1:    3323232 bytes,    3323232 total
- age   3:   13470240 bytes,   16793472 total
- age   4:    3360104 bytes,   20153576 total
: 109248K->21824K(109248K), 0.0223259 secs] 288088K->201048K(502464K), 0.0225097 secs] [Times: user=0.06 sys=0.00, real=0.03 secs] 
Heap after GC invocations=102 (full 12):
 par new generation   total 109248K, used 21824K [0x00000007a0000000, 0x00000007a8000000, 0x00000007a8000000)
  eden space 87424K,   0% used [0x00000007a0000000, 0x00000007a0000000, 0x00000007a5560000)
  from space 21824K, 100% used [0x00000007a6ab0000, 0x00000007a8000000, 0x00000007a8000000)
  to   space 21824K,   0% used [0x00000007a5560000, 0x00000007a5560000, 0x00000007a6ab0000)
 concurrent mark-sweep generation total 393216K, used 179224K [0x00000007a8000000, 0x00000007c0000000, 0x00000007c0000000)
 Metaspace       used 31459K, capacity 31810K, committed 32252K, reserved 1077248K
  class space    used 3615K, capacity 3710K, committed 3836K, reserved 1048576K
}
2016-07-20T20:00:08.951-0530: 57695.106: Total time for which application threads were stopped: 0.0230734 seconds
2016-07-20T20:00:30.004-0530: 57716.160: Total time for which application threads were stopped: 0.0001987 seconds
2016-07-20T20:03:27.620-0530: 57893.779: Total time for which application threads were stopped: 0.0008138 seconds
2016-07-20T20:03:27.798-0530: 57893.957: Total time for which application threads were stopped: 0.0001524 seconds
2016-07-20T20:03:28.719-0530: 57894.878: Total time for which application threads were stopped: 0.0003943 seconds
2016-07-20T20:03:28.880-0530: 57895.040: Total time for which application threads were stopped: 0.0002872 seconds
2016-07-20T20:03:30.626-0530: 57896.786: Total time for which application threads were stopped: 0.0636794 seconds
2016-07-20T20:03:30.697-0530: 57896.857: Total time for which application threads were stopped: 0.0706420 seconds
2016-07-20T20:03:30.890-0530: 57897.050: Total time for which application threads were stopped: 0.0503111 seconds
2016-07-20T20:03:31.003-0530: 57897.163: Total time for which application threads were stopped: 0.0001147 seconds
2016-07-20T20:03:31.054-0530: 57897.214: Total time for which application threads were stopped: 0.0001055 seconds
2016-07-20T20:03:31.987-0530: 57898.147: Total time for which application threads were stopped: 0.0001243 seconds
2016-07-20T20:03:32.186-0530: 57898.346: Total time for which application threads were stopped: 0.0210549 seconds
2016-07-20T20:03:32.297-0530: 57898.456: Total time for which application threads were stopped: 0.1055760 seconds
2016-07-20T20:03:32.385-0530: 57898.545: Total time for which application threads were stopped: 0.0002972 seconds
2016-07-20T20:03:32.399-0530: 57898.558: Total time for which application threads were stopped: 0.0019991 seconds
{Heap before GC invocations=102 (full 12):
 par new generation   total 109248K, used 109238K [0x00000007a0000000, 0x00000007a8000000, 0x00000007a8000000)
  eden space 87424K,  99% used [0x00000007a0000000, 0x00000007a555d8d0, 0x00000007a5560000)
  from space 21824K, 100% used [0x00000007a6ab0000, 0x00000007a8000000, 0x00000007a8000000)
  to   space 21824K,   0% used [0x00000007a5560000, 0x00000007a5560000, 0x00000007a6ab0000)
 concurrent mark-sweep generation total 393216K, used 179224K [0x00000007a8000000, 0x00000007c0000000, 0x00000007c0000000)
 Metaspace       used 31463K, capacity 31810K, committed 32252K, reserved 1077248K
  class space    used 3615K, capacity 3710K, committed 3836K, reserved 1048576K
2016-07-20T20:03:32.597-0530: 57898.757: [GC (Allocation Failure) 57898.842: [ParNew
Desired survivor size 20112992 bytes, new threshold 4 (max 8)
- age   1:   10380496 bytes,   10380496 total
- age   2:     656984 bytes,   11037480 total
- age   4:   11295768 bytes,   22333248 total
: 109238K->21824K(109248K), 0.0571824 secs] 288462K->220190K(502464K), 0.1421691 secs] [Times: user=0.13 sys=0.04, real=0.14 secs] 
Heap after GC invocations=103 (full 12):
 par new generation   total 109248K, used 21824K [0x00000007a0000000, 0x00000007a8000000, 0x00000007a8000000)
  eden space 87424K,   0% used [0x00000007a0000000, 0x00000007a0000000, 0x00000007a5560000)
  from space 21824K, 100% used [0x00000007a5560000, 0x00000007a6ab0000, 0x00000007a6ab0000)
  to   space 21824K,   0% used [0x00000007a6ab0000, 0x00000007a6ab0000, 0x00000007a8000000)
 concurrent mark-sweep generation total 393216K, used 198366K [0x00000007a8000000, 0x00000007c0000000, 0x00000007c0000000)
 Metaspace       used 31463K, capacity 31810K, committed 32252K, reserved 1077248K
  class space    used 3615K, capacity 3710K, committed 3836K, reserved 1048576K
}
2016-07-20T20:03:32.739-0530: 57898.899: Total time for which application threads were stopped: 0.1424095 seconds
2016-07-20T20:03:32.739-0530: 57898.899: [GC (CMS Initial Mark) [1 CMS-initial-mark: 198366K(393216K)] 220446K(502464K), 0.0048009 secs] [Times: user=0.01 sys=0.01, real=0.01 secs] 
2016-07-20T20:03:32.744-0530: 57898.904: Total time for which application threads were stopped: 0.0050182 seconds
2016-07-20T20:03:32.744-0530: 57898.904: [CMS-concurrent-mark-start]
2016-07-20T20:03:32.765-0530: 57898.925: [CMS-concurrent-mark: 0.021/0.021 secs] [Times: user=0.07 sys=0.01, real=0.02 secs] 
2016-07-20T20:03:32.765-0530: 57898.925: [CMS-concurrent-preclean-start]
2016-07-20T20:03:32.766-0530: 57898.926: [CMS-concurrent-preclean: 0.001/0.001 secs] [Times: user=0.00 sys=0.00, real=0.00 secs] 
2016-07-20T20:03:32.767-0530: 57898.926: [CMS-concurrent-abortable-preclean-start]
2016-07-20T20:03:33.174-0530: 57899.334: [CMS-concurrent-abortable-preclean: 0.205/0.408 secs] [Times: user=0.61 sys=0.00, real=0.41 secs] 
2016-07-20T20:03:33.175-0530: 57899.335: [GC (CMS Final Remark) [YG occupancy: 99164 K (109248 K)]{Heap before GC invocations=103 (full 13):
 par new generation   total 109248K, used 99164K [0x00000007a0000000, 0x00000007a8000000, 0x00000007a8000000)
  eden space 87424K,  88% used [0x00000007a0000000, 0x00000007a4b87268, 0x00000007a5560000)
  from space 21824K, 100% used [0x00000007a5560000, 0x00000007a6ab0000, 0x00000007a6ab0000)
  to   space 21824K,   0% used [0x00000007a6ab0000, 0x00000007a6ab0000, 0x00000007a8000000)
 concurrent mark-sweep generation total 393216K, used 198366K [0x00000007a8000000, 0x00000007c0000000, 0x00000007c0000000)
 Metaspace       used 31463K, capacity 31810K, committed 32252K, reserved 1077248K
  class space    used 3615K, capacity 3710K, committed 3836K, reserved 1048576K
2016-07-20T20:03:33.175-0530: 57899.335: [GC (CMS Final Remark) 57899.335: [ParNew
Desired survivor size 20112992 bytes, new threshold 8 (max 8)
- age   1:    8357288 bytes,    8357288 total
- age   2:   10079496 bytes,   18436784 total
- age   3:     652768 bytes,   19089552 total
: 99164K->21824K(109248K), 0.1021807 secs] 297530K->239432K(502464K), 0.1022338 secs] [Times: user=0.22 sys=0.05, real=0.10 secs] 
Heap after GC invocations=104 (full 13):
 par new generation   total 109248K, used 21824K [0x00000007a0000000, 0x00000007a8000000, 0x00000007a8000000)
  eden space 87424K,   0% used [0x00000007a0000000, 0x00000007a0000000, 0x00000007a5560000)
  from space 21824K, 100% used [0x00000007a6ab0000, 0x00000007a8000000, 0x00000007a8000000)
  to   space 21824K,   0% used [0x00000007a5560000, 0x00000007a5560000, 0x00000007a6ab0000)
 concurrent mark-sweep generation total 393216K, used 217608K [0x00000007a8000000, 0x00000007c0000000, 0x00000007c0000000)
 Metaspace       used 31463K, capacity 31810K, committed 32252K, reserved 1077248K
  class space    used 3615K, capacity 3710K, committed 3836K, reserved 1048576K
}
57899.437: [Rescan (parallel) , 0.0164918 secs]57899.453: [weak refs processing, 0.0240124 secs]57899.477: [class unloading, 0.0551857 secs]57899.533: [scrub symbol table, 0.0116645 secs]57899.544: [scrub string table, 0.0004202 secs][1 CMS-remark: 217608K(393216K)] 239432K(502464K), 0.2163882 secs] [Times: user=0.33 sys=0.08, real=0.22 secs] 
2016-07-20T20:03:33.391-0530: 57899.551: Total time for which application threads were stopped: 0.2166150 seconds
2016-07-20T20:03:33.391-0530: 57899.551: [CMS-concurrent-sweep-start]
2016-07-20T20:03:33.616-0530: 57899.776: [CMS-concurrent-sweep: 0.225/0.225 secs] [Times: user=0.37 sys=0.07, real=0.22 secs] 
2016-07-20T20:03:33.616-0530: 57899.776: [CMS-concurrent-reset-start]
2016-07-20T20:03:33.620-0530: 57899.779: [CMS-concurrent-reset: 0.004/0.004 secs] [Times: user=0.01 sys=0.00, real=0.01 secs] 
{Heap before GC invocations=104 (full 13):
 par new generation   total 109248K, used 105526K [0x00000007a0000000, 0x00000007a8000000, 0x00000007a8000000)
  eden space 87424K,  95% used [0x00000007a0000000, 0x00000007a51bdaa0, 0x00000007a5560000)
  from space 21824K, 100% used [0x00000007a6ab0000, 0x00000007a8000000, 0x00000007a8000000)
  to   space 21824K,   0% used [0x00000007a5560000, 0x00000007a5560000, 0x00000007a6ab0000)
 concurrent mark-sweep generation total 393216K, used 62858K [0x00000007a8000000, 0x00000007c0000000, 0x00000007c0000000)
 Metaspace       used 31463K, capacity 31810K, committed 32252K, reserved 1077248K
  class space    used 3615K, capacity 3710K, committed 3836K, reserved 1048576K
2016-07-20T20:03:34.511-0530: 57900.671: [GC (Allocation Failure) 57900.671: [ParNew
Desired survivor size 20112992 bytes, new threshold 8 (max 8)
- age   1:    2638264 bytes,    2638264 total
- age   2:    7826496 bytes,   10464760 total
- age   3:    9057816 bytes,   19522576 total
- age   4:     126144 bytes,   19648720 total
: 105526K->21824K(109248K), 0.0363160 secs] 168384K->84682K(502464K), 0.0363771 secs] [Times: user=0.11 sys=0.00, real=0.03 secs] 
Heap after GC invocations=105 (full 13):
 par new generation   total 109248K, used 21824K [0x00000007a0000000, 0x00000007a8000000, 0x00000007a8000000)
  eden space 87424K,   0% used [0x00000007a0000000, 0x00000007a0000000, 0x00000007a5560000)
  from space 21824K, 100% used [0x00000007a5560000, 0x00000007a6ab0000, 0x00000007a6ab0000)
  to   space 21824K,   0% used [0x00000007a6ab0000, 0x00000007a6ab0000, 0x00000007a8000000)
 concurrent mark-sweep generation total 393216K, used 62858K [0x00000007a8000000, 0x00000007c0000000, 0x00000007c0000000)
 Metaspace       used 31463K, capacity 31810K, committed 32252K, reserved 1077248K
  class space    used 3615K, capacity 3710K, committed 3836K, reserved 1048576K
}
2016-07-20T20:03:34.548-0530: 57900.708: Total time for which application threads were stopped: 0.0366262 seconds
2016-07-20T20:03:35.551-0530: 57901.710: Total time for which application threads were stopped: 0.0002452 seconds
2016-07-21T12:41:37.051-0530: 69373.227: Total time for which application threads were stopped: 0.0041816 seconds
2016-07-21T12:41:37.107-0530: 69373.283: Total time for which application threads were stopped: 0.0005188 seconds
2016-07-21T12:41:37.257-0530: 69373.434: Total time for which application threads were stopped: 0.0001056 seconds
2016-07-21T12:41:38.988-0530: 69375.165: Total time for which application threads were stopped: 0.0002478 seconds
{Heap before GC invocations=105 (full 13):
 par new generation   total 109248K, used 109248K [0x00000007a0000000, 0x00000007a8000000, 0x00000007a8000000)
  eden space 87424K, 100% used [0x00000007a0000000, 0x00000007a5560000, 0x00000007a5560000)
  from space 21824K, 100% used [0x00000007a5560000, 0x00000007a6ab0000, 0x00000007a6ab0000)
  to   space 21824K,   0% used [0x00000007a6ab0000, 0x00000007a6ab0000, 0x00000007a8000000)
 concurrent mark-sweep generation total 393216K, used 62858K [0x00000007a8000000, 0x00000007c0000000, 0x00000007c0000000)
 Metaspace       used 31465K, capacity 31810K, committed 32252K, reserved 1077248K
  class space    used 3615K, capacity 3710K, committed 3836K, reserved 1048576K
2016-07-21T12:41:39.629-0530: 69375.806: [GC (Allocation Failure) 69375.961: [ParNew
Desired survivor size 20112992 bytes, new threshold 4 (max 8)
- age   1:   10576024 bytes,   10576024 total
- age   2:    1563552 bytes,   12139576 total
- age   3:    6215072 bytes,   18354648 total
- age   4:    3598912 bytes,   21953560 total
- age   5:     123792 bytes,   22077352 total
: 109248K->21824K(109248K), 0.1512376 secs] 172106K->99703K(502464K), 0.3066700 secs] [Times: user=0.11 sys=0.28, real=0.31 secs] 
Heap after GC invocations=106 (full 13):
 par new generation   total 109248K, used 21824K [0x00000007a0000000, 0x00000007a8000000, 0x00000007a8000000)
  eden space 87424K,   0% used [0x00000007a0000000, 0x00000007a0000000, 0x00000007a5560000)
  from space 21824K, 100% used [0x00000007a6ab0000, 0x00000007a8000000, 0x00000007a8000000)
  to   space 21824K,   0% used [0x00000007a5560000, 0x00000007a5560000, 0x00000007a6ab0000)
 concurrent mark-sweep generation total 393216K, used 77879K [0x00000007a8000000, 0x00000007c0000000, 0x00000007c0000000)
 Metaspace       used 31465K, capacity 31810K, committed 32252K, reserved 1077248K
  class space    used 3615K, capacity 3710K, committed 3836K, reserved 1048576K
}
2016-07-21T12:41:39.936-0530: 69376.112: Total time for which application threads were stopped: 0.5061639 seconds
2016-07-21T12:41:39.967-0530: 69376.144: Total time for which application threads were stopped: 0.0309067 seconds
2016-07-21T12:41:39.979-0530: 69376.155: Total time for which application threads were stopped: 0.0002946 seconds
2016-07-21T12:41:40.027-0530: 69376.204: Total time for which application threads were stopped: 0.0002365 seconds
2016-07-21T12:41:40.038-0530: 69376.214: Total time for which application threads were stopped: 0.0001981 seconds
{Heap before GC invocations=106 (full 13):
 par new generation   total 109248K, used 109248K [0x00000007a0000000, 0x00000007a8000000, 0x00000007a8000000)
  eden space 87424K, 100% used [0x00000007a0000000, 0x00000007a5560000, 0x00000007a5560000)
  from space 21824K, 100% used [0x00000007a6ab0000, 0x00000007a8000000, 0x00000007a8000000)
  to   space 21824K,   0% used [0x00000007a5560000, 0x00000007a5560000, 0x00000007a6ab0000)
 concurrent mark-sweep generation total 393216K, used 77879K [0x00000007a8000000, 0x00000007c0000000, 0x00000007c0000000)
 Metaspace       used 31467K, capacity 31810K, committed 32252K, reserved 1077248K
  class space    used 3615K, capacity 3710K, committed 3836K, reserved 1048576K
2016-07-21T12:41:40.520-0530: 69376.696: [GC (Allocation Failure) 69376.696: [ParNew
Desired survivor size 20112992 bytes, new threshold 4 (max 8)
- age   1:    6656256 bytes,    6656256 total
- age   2:    8577864 bytes,   15234120 total
- age   3:     894512 bytes,   16128632 total
- age   4:    6215072 bytes,   22343704 total
: 109248K->21824K(109248K), 0.2663415 secs] 187127K->116891K(502464K), 0.2664076 secs] [Times: user=0.65 sys=0.10, real=0.26 secs] 
Heap after GC invocations=107 (full 13):
 par new generation   total 109248K, used 21824K [0x00000007a0000000, 0x00000007a8000000, 0x00000007a8000000)
  eden space 87424K,   0% used [0x00000007a0000000, 0x00000007a0000000, 0x00000007a5560000)
  from space 21824K, 100% used [0x00000007a5560000, 0x00000007a6ab0000, 0x00000007a6ab0000)
  to   space 21824K,   0% used [0x00000007a6ab0000, 0x00000007a6ab0000, 0x00000007a8000000)
 concurrent mark-sweep generation total 393216K, used 95067K [0x00000007a8000000, 0x00000007c0000000, 0x00000007c0000000)
 Metaspace       used 31467K, capacity 31810K, committed 32252K, reserved 1077248K
  class space    used 3615K, capacity 3710K, committed 3836K, reserved 1048576K
}
2016-07-21T12:41:40.786-0530: 69376.963: Total time for which application threads were stopped: 0.2666725 seconds
2016-07-21T12:41:41.791-0530: 69377.968: Total time for which application threads were stopped: 0.0042906 seconds
{Heap before GC invocations=107 (full 13):
 par new generation   total 109248K, used 109248K [0x00000007a0000000, 0x00000007a8000000, 0x00000007a8000000)
  eden space 87424K, 100% used [0x00000007a0000000, 0x00000007a5560000, 0x00000007a5560000)
  from space 21824K, 100% used [0x00000007a5560000, 0x00000007a6ab0000, 0x00000007a6ab0000)
  to   space 21824K,   0% used [0x00000007a6ab0000, 0x00000007a6ab0000, 0x00000007a8000000)
 concurrent mark-sweep generation total 393216K, used 95067K [0x00000007a8000000, 0x00000007c0000000, 0x00000007c0000000)
 Metaspace       used 31467K, capacity 31810K, committed 32252K, reserved 1077248K
  class space    used 3615K, capacity 3710K, committed 3836K, reserved 1048576K
2016-07-21T12:41:43.293-0530: 69379.470: [GC (Allocation Failure) 69379.470: [ParNew
Desired survivor size 20112992 bytes, new threshold 8 (max 8)
- age   1:     785640 bytes,     785640 total
- age   2:    1345280 bytes,    2130920 total
- age   3:    7777656 bytes,    9908576 total
- age   4:     894512 bytes,   10803088 total
: 109248K->21606K(109248K), 0.0894866 secs] 204315K->122742K(502464K), 0.0895836 secs] [Times: user=0.25 sys=0.02, real=0.09 secs] 
Heap after GC invocations=108 (full 13):
 par new generation   total 109248K, used 21606K [0x00000007a0000000, 0x00000007a8000000, 0x00000007a8000000)
  eden space 87424K,   0% used [0x00000007a0000000, 0x00000007a0000000, 0x00000007a5560000)
  from space 21824K,  99% used [0x00000007a6ab0000, 0x00000007a7fc9880, 0x00000007a8000000)
  to   space 21824K,   0% used [0x00000007a5560000, 0x00000007a5560000, 0x00000007a6ab0000)
 concurrent mark-sweep generation total 393216K, used 101136K [0x00000007a8000000, 0x00000007c0000000, 0x00000007c0000000)
 Metaspace       used 31467K, capacity 31810K, committed 32252K, reserved 1077248K
  class space    used 3615K, capacity 3710K, committed 3836K, reserved 1048576K
}
2016-07-21T12:41:43.383-0530: 69379.559: Total time for which application threads were stopped: 0.0898316 seconds
2016-07-21T12:49:10.836-0530: 69827.023: Total time for which application threads were stopped: 0.0010348 seconds
2016-07-21T12:49:10.952-0530: 69827.139: Total time for which application threads were stopped: 0.0001953 seconds
2016-07-21T12:49:11.832-0530: 69828.018: Total time for which application threads were stopped: 0.0001540 seconds
2016-07-21T12:49:11.946-0530: 69828.133: Total time for which application threads were stopped: 0.0001595 seconds
2016-07-21T12:49:13.220-0530: 69829.407: Total time for which application threads were stopped: 0.0001215 seconds
2016-07-21T12:49:13.255-0530: 69829.442: Total time for which application threads were stopped: 0.0000900 seconds
2016-07-21T12:49:14.339-0530: 69830.526: Total time for which application threads were stopped: 0.0005081 seconds
2016-07-21T12:49:14.625-0530: 69830.812: Total time for which application threads were stopped: 0.0000915 seconds
{Heap before GC invocations=108 (full 13):
 par new generation   total 109248K, used 109030K [0x00000007a0000000, 0x00000007a8000000, 0x00000007a8000000)
  eden space 87424K, 100% used [0x00000007a0000000, 0x00000007a5560000, 0x00000007a5560000)
  from space 21824K,  99% used [0x00000007a6ab0000, 0x00000007a7fc9880, 0x00000007a8000000)
  to   space 21824K,   0% used [0x00000007a5560000, 0x00000007a5560000, 0x00000007a6ab0000)
 concurrent mark-sweep generation total 393216K, used 101136K [0x00000007a8000000, 0x00000007c0000000, 0x00000007c0000000)
 Metaspace       used 31471K, capacity 31874K, committed 32508K, reserved 1077248K
  class space    used 3615K, capacity 3710K, committed 3836K, reserved 1048576K
2016-07-21T12:49:15.184-0530: 69831.371: [GC (Allocation Failure) 69831.399: [ParNew
Desired survivor size 20112992 bytes, new threshold 4 (max 8)
- age   1:   14035872 bytes,   14035872 total
- age   2:     138904 bytes,   14174776 total
- age   3:     260864 bytes,   14435640 total
- age   4:    6970464 bytes,   21406104 total
- age   5:     894512 bytes,   22300616 total
: 109030K->21824K(109248K), 0.1019787 secs] 210166K->130671K(502464K), 0.1305769 secs] [Times: user=0.05 sys=0.19, real=0.13 secs] 
Heap after GC invocations=109 (full 13):
 par new generation   total 109248K, used 21824K [0x00000007a0000000, 0x00000007a8000000, 0x00000007a8000000)
  eden space 87424K,   0% used [0x00000007a0000000, 0x00000007a0000000, 0x00000007a5560000)
  from space 21824K, 100% used [0x00000007a5560000, 0x00000007a6ab0000, 0x00000007a6ab0000)
  to   space 21824K,   0% used [0x00000007a6ab0000, 0x00000007a6ab0000, 0x00000007a8000000)
 concurrent mark-sweep generation total 393216K, used 108847K [0x00000007a8000000, 0x00000007c0000000, 0x00000007c0000000)
 Metaspace       used 31471K, capacity 31874K, committed 32508K, reserved 1077248K
  class space    used 3615K, capacity 3710K, committed 3836K, reserved 1048576K
}
2016-07-21T12:49:15.315-0530: 69831.502: Total time for which application threads were stopped: 0.1308687 seconds
{Heap before GC invocations=109 (full 13):
 par new generation   total 109248K, used 109248K [0x00000007a0000000, 0x00000007a8000000, 0x00000007a8000000)
  eden space 87424K, 100% used [0x00000007a0000000, 0x00000007a5560000, 0x00000007a5560000)
  from space 21824K, 100% used [0x00000007a5560000, 0x00000007a6ab0000, 0x00000007a6ab0000)
  to   space 21824K,   0% used [0x00000007a6ab0000, 0x00000007a6ab0000, 0x00000007a8000000)
 concurrent mark-sweep generation total 393216K, used 108847K [0x00000007a8000000, 0x00000007c0000000, 0x00000007c0000000)
 Metaspace       used 31471K, capacity 31874K, committed 32508K, reserved 1077248K
  class space    used 3615K, capacity 3710K, committed 3836K, reserved 1048576K
2016-07-21T12:49:15.799-0530: 69831.986: [GC (Allocation Failure) 69831.986: [ParNew
Desired survivor size 20112992 bytes, new threshold 2 (max 8)
- age   1:    9439920 bytes,    9439920 total
- age   2:   12497256 bytes,   21937176 total
- age   3:     138904 bytes,   22076080 total
- age   4:     260864 bytes,   22336944 total
: 109248K->21824K(109248K), 0.0628501 secs] 218095K->146358K(502464K), 0.0629143 secs] [Times: user=0.08 sys=0.10, real=0.07 secs] 
Heap after GC invocations=110 (full 13):
 par new generation   total 109248K, used 21824K [0x00000007a0000000, 0x00000007a8000000, 0x00000007a8000000)
  eden space 87424K,   0% used [0x00000007a0000000, 0x00000007a0000000, 0x00000007a5560000)
  from space 21824K, 100% used [0x00000007a6ab0000, 0x00000007a8000000, 0x00000007a8000000)
  to   space 21824K,   0% used [0x00000007a5560000, 0x00000007a5560000, 0x00000007a6ab0000)
 concurrent mark-sweep generation total 393216K, used 124534K [0x00000007a8000000, 0x00000007c0000000, 0x00000007c0000000)
 Metaspace       used 31471K, capacity 31874K, committed 32508K, reserved 1077248K
  class space    used 3615K, capacity 3710K, committed 3836K, reserved 1048576K
}
2016-07-21T12:49:15.862-0530: 69832.049: Total time for which application threads were stopped: 0.0631466 seconds
{Heap before GC invocations=110 (full 13):
 par new generation   total 109248K, used 109248K [0x00000007a0000000, 0x00000007a8000000, 0x00000007a8000000)
  eden space 87424K, 100% used [0x00000007a0000000, 0x00000007a5560000, 0x00000007a5560000)
  from space 21824K, 100% used [0x00000007a6ab0000, 0x00000007a8000000, 0x00000007a8000000)
  to   space 21824K,   0% used [0x00000007a5560000, 0x00000007a5560000, 0x00000007a6ab0000)
 concurrent mark-sweep generation total 393216K, used 124534K [0x00000007a8000000, 0x00000007c0000000, 0x00000007c0000000)
 Metaspace       used 31472K, capacity 31874K, committed 32508K, reserved 1077248K
  class space    used 3615K, capacity 3710K, committed 3836K, reserved 1048576K
2016-07-21T12:49:18.311-0530: 69834.498: [GC (Allocation Failure) 69834.498: [ParNew
Desired survivor size 20112992 bytes, new threshold 8 (max 8)
- age   1:    5162016 bytes,    5162016 total
- age   2:         40 bytes,    5162056 total
: 109248K->20296K(109248K), 0.0242127 secs] 233782K->152740K(502464K), 0.0242735 secs] [Times: user=0.06 sys=0.02, real=0.02 secs] 
Heap after GC invocations=111 (full 13):
 par new generation   total 109248K, used 20296K [0x00000007a0000000, 0x00000007a8000000, 0x00000007a8000000)
  eden space 87424K,   0% used [0x00000007a0000000, 0x00000007a0000000, 0x00000007a5560000)
  from space 21824K,  92% used [0x00000007a5560000, 0x00000007a6932140, 0x00000007a6ab0000)
  to   space 21824K,   0% used [0x00000007a6ab0000, 0x00000007a6ab0000, 0x00000007a8000000)
 concurrent mark-sweep generation total 393216K, used 132443K [0x00000007a8000000, 0x00000007c0000000, 0x00000007c0000000)
 Metaspace       used 31472K, capacity 31874K, committed 32508K, reserved 1077248K
  class space    used 3615K, capacity 3710K, committed 3836K, reserved 1048576K
}
2016-07-21T12:49:18.336-0530: 69834.523: Total time for which application threads were stopped: 0.0248242 seconds
2016-07-21T13:05:00.845-0530: 70777.054: Total time for which application threads were stopped: 0.0011615 seconds
2016-07-21T13:05:01.073-0530: 70777.282: Total time for which application threads were stopped: 0.0001611 seconds
2016-07-21T13:05:01.234-0530: 70777.443: Total time for which application threads were stopped: 0.0004269 seconds
2016-07-21T13:05:03.048-0530: 70779.256: Total time for which application threads were stopped: 0.0001760 seconds
2016-07-21T13:05:04.039-0530: 70780.248: Total time for which application threads were stopped: 0.0002985 seconds
2016-07-21T13:05:04.040-0530: 70780.248: Total time for which application threads were stopped: 0.0001676 seconds
2016-07-21T13:05:04.040-0530: 70780.249: Total time for which application threads were stopped: 0.0001683 seconds
2016-07-21T13:05:04.041-0530: 70780.249: Total time for which application threads were stopped: 0.0000911 seconds
2016-07-21T13:05:04.041-0530: 70780.249: Total time for which application threads were stopped: 0.0000785 seconds
2016-07-21T13:05:04.041-0530: 70780.250: Total time for which application threads were stopped: 0.0000758 seconds
2016-07-21T13:05:04.041-0530: 70780.250: Total time for which application threads were stopped: 0.0000769 seconds
2016-07-21T13:05:04.042-0530: 70780.250: Total time for which application threads were stopped: 0.0000674 seconds
2016-07-21T13:05:04.060-0530: 70780.268: Total time for which application threads were stopped: 0.0002771 seconds
2016-07-21T13:05:04.077-0530: 70780.286: Total time for which application threads were stopped: 0.0002170 seconds
{Heap before GC invocations=111 (full 13):
 par new generation   total 109248K, used 106450K [0x00000007a0000000, 0x00000007a8000000, 0x00000007a8000000)
  eden space 87424K,  98% used [0x00000007a0000000, 0x00000007a5422760, 0x00000007a5560000)
  from space 21824K,  92% used [0x00000007a5560000, 0x00000007a6932140, 0x00000007a6ab0000)
  to   space 21824K,   0% used [0x00000007a6ab0000, 0x00000007a6ab0000, 0x00000007a8000000)
 concurrent mark-sweep generation total 393216K, used 132443K [0x00000007a8000000, 0x00000007c0000000, 0x00000007c0000000)
 Metaspace       used 31476K, capacity 31874K, committed 32508K, reserved 1077248K
  class space    used 3616K, capacity 3710K, committed 3836K, reserved 1048576K
2016-07-21T13:05:04.552-0530: 70780.761: [GC (Allocation Failure) 70780.789: [ParNew
Desired survivor size 20112992 bytes, new threshold 1 (max 8)
- age   1:   20253760 bytes,   20253760 total
- age   2:     571832 bytes,   20825592 total
- age   3:         40 bytes,   20825632 total
: 106450K->21824K(109248K), 0.0793609 secs] 238893K->157695K(502464K), 0.1078238 secs] [Times: user=0.06 sys=0.13, real=0.11 secs] 
Heap after GC invocations=112 (full 13):
 par new generation   total 109248K, used 21824K [0x00000007a0000000, 0x00000007a8000000, 0x00000007a8000000)
  eden space 87424K,   0% used [0x00000007a0000000, 0x00000007a0000000, 0x00000007a5560000)
  from space 21824K, 100% used [0x00000007a6ab0000, 0x00000007a8000000, 0x00000007a8000000)
  to   space 21824K,   0% used [0x00000007a5560000, 0x00000007a5560000, 0x00000007a6ab0000)
 concurrent mark-sweep generation total 393216K, used 135871K [0x00000007a8000000, 0x00000007c0000000, 0x00000007c0000000)
 Metaspace       used 31476K, capacity 31874K, committed 32508K, reserved 1077248K
  class space    used 3616K, capacity 3710K, committed 3836K, reserved 1048576K
}
2016-07-21T13:05:04.660-0530: 70780.869: Total time for which application threads were stopped: 0.1080953 seconds
{Heap before GC invocations=112 (full 13):
 par new generation   total 109248K, used 109248K [0x00000007a0000000, 0x00000007a8000000, 0x00000007a8000000)
  eden space 87424K, 100% used [0x00000007a0000000, 0x00000007a5560000, 0x00000007a5560000)
  from space 21824K, 100% used [0x00000007a6ab0000, 0x00000007a8000000, 0x00000007a8000000)
  to   space 21824K,   0% used [0x00000007a5560000, 0x00000007a5560000, 0x00000007a6ab0000)
 concurrent mark-sweep generation total 393216K, used 135871K [0x00000007a8000000, 0x00000007c0000000, 0x00000007c0000000)
 Metaspace       used 31476K, capacity 31874K, committed 32508K, reserved 1077248K
  class space    used 3616K, capacity 3710K, committed 3836K, reserved 1048576K
2016-07-21T13:05:05.203-0530: 70781.412: [GC (Allocation Failure) 70781.412: [ParNew
Desired survivor size 20112992 bytes, new threshold 8 (max 8)
- age   1:   14996104 bytes,   14996104 total
: 109248K->21824K(109248K), 0.0863951 secs] 245119K->176992K(502464K), 0.0864860 secs] [Times: user=0.11 sys=0.13, real=0.09 secs] 
Heap after GC invocations=113 (full 13):
 par new generation   total 109248K, used 21824K [0x00000007a0000000, 0x00000007a8000000, 0x00000007a8000000)
  eden space 87424K,   0% used [0x00000007a0000000, 0x00000007a0000000, 0x00000007a5560000)
  from space 21824K, 100% used [0x00000007a5560000, 0x00000007a6ab0000, 0x00000007a6ab0000)
  to   space 21824K,   0% used [0x00000007a6ab0000, 0x00000007a6ab0000, 0x00000007a8000000)
 concurrent mark-sweep generation total 393216K, used 155168K [0x00000007a8000000, 0x00000007c0000000, 0x00000007c0000000)
 Metaspace       used 31476K, capacity 31874K, committed 32508K, reserved 1077248K
  class space    used 3616K, capacity 3710K, committed 3836K, reserved 1048576K
}
2016-07-21T13:05:05.290-0530: 70781.498: Total time for which application threads were stopped: 0.0867517 seconds
2016-07-21T13:05:08.301-0530: 70784.509: Total time for which application threads were stopped: 0.0001288 seconds
2016-07-21T13:31:57.264-0530: 72393.509: Total time for which application threads were stopped: 0.0100840 seconds
2016-07-21T13:31:57.315-0530: 72393.560: Total time for which application threads were stopped: 0.0004280 seconds
2016-07-21T13:31:57.457-0530: 72393.701: Total time for which application threads were stopped: 0.0001449 seconds
2016-07-21T13:31:57.509-0530: 72393.754: Total time for which application threads were stopped: 0.0001312 seconds
2016-07-21T13:31:57.570-0530: 72393.815: Total time for which application threads were stopped: 0.0001180 seconds
2016-07-21T13:31:58.631-0530: 72394.876: Total time for which application threads were stopped: 0.0005025 seconds
2016-07-21T13:31:59.411-0530: 72395.656: Total time for which application threads were stopped: 0.0000923 seconds
{Heap before GC invocations=113 (full 13):
 par new generation   total 109248K, used 109248K [0x00000007a0000000, 0x00000007a8000000, 0x00000007a8000000)
  eden space 87424K, 100% used [0x00000007a0000000, 0x00000007a5560000, 0x00000007a5560000)
  from space 21824K, 100% used [0x00000007a5560000, 0x00000007a6ab0000, 0x00000007a6ab0000)
  to   space 21824K,   0% used [0x00000007a6ab0000, 0x00000007a6ab0000, 0x00000007a8000000)
 concurrent mark-sweep generation total 393216K, used 155168K [0x00000007a8000000, 0x00000007c0000000, 0x00000007c0000000)
 Metaspace       used 31476K, capacity 31874K, committed 32508K, reserved 1077248K
  class space    used 3616K, capacity 3710K, committed 3836K, reserved 1048576K
2016-07-21T13:31:59.517-0530: 72395.762: [GC (Allocation Failure) 72395.830: [ParNew
Desired survivor size 20112992 bytes, new threshold 2 (max 8)
- age   1:    8646072 bytes,    8646072 total
- age   2:   13174600 bytes,   21820672 total
: 109248K->21824K(109248K), 0.1441903 secs] 264416K->178630K(502464K), 0.2119042 secs] [Times: user=0.15 sys=0.27, real=0.21 secs] 
Heap after GC invocations=114 (full 13):
 par new generation   total 109248K, used 21824K [0x00000007a0000000, 0x00000007a8000000, 0x00000007a8000000)
  eden space 87424K,   0% used [0x00000007a0000000, 0x00000007a0000000, 0x00000007a5560000)
  from space 21824K, 100% used [0x00000007a6ab0000, 0x00000007a8000000, 0x00000007a8000000)
  to   space 21824K,   0% used [0x00000007a5560000, 0x00000007a5560000, 0x00000007a6ab0000)
 concurrent mark-sweep generation total 393216K, used 156806K [0x00000007a8000000, 0x00000007c0000000, 0x00000007c0000000)
 Metaspace       used 31476K, capacity 31874K, committed 32508K, reserved 1077248K
  class space    used 3616K, capacity 3710K, committed 3836K, reserved 1048576K
}
2016-07-21T13:31:59.729-0530: 72395.974: Total time for which application threads were stopped: 0.2122767 seconds
{Heap before GC invocations=114 (full 13):
 par new generation   total 109248K, used 109176K [0x00000007a0000000, 0x00000007a8000000, 0x00000007a8000000)
  eden space 87424K,  99% used [0x00000007a0000000, 0x00000007a554e3a8, 0x00000007a5560000)
  from space 21824K, 100% used [0x00000007a6ab0000, 0x00000007a8000000, 0x00000007a8000000)
  to   space 21824K,   0% used [0x00000007a5560000, 0x00000007a5560000, 0x00000007a6ab0000)
 concurrent mark-sweep generation total 393216K, used 156806K [0x00000007a8000000, 0x00000007c0000000, 0x00000007c0000000)
 Metaspace       used 31476K, capacity 31874K, committed 32508K, reserved 1077248K
  class space    used 3616K, capacity 3710K, committed 3836K, reserved 1048576K
2016-07-21T13:32:00.309-0530: 72396.554: [GC (Allocation Failure) 72396.554: [ParNew
Desired survivor size 20112992 bytes, new threshold 2 (max 8)
- age   1:   14246200 bytes,   14246200 total
- age   2:    8085264 bytes,   22331464 total
: 109176K->21824K(109248K), 0.1821083 secs] 265982K->207627K(502464K), 0.1822023 secs] [Times: user=0.26 sys=0.17, real=0.19 secs] 
Heap after GC invocations=115 (full 13):
 par new generation   total 109248K, used 21824K [0x00000007a0000000, 0x00000007a8000000, 0x00000007a8000000)
  eden space 87424K,   0% used [0x00000007a0000000, 0x00000007a0000000, 0x00000007a5560000)
  from space 21824K, 100% used [0x00000007a5560000, 0x00000007a6ab0000, 0x00000007a6ab0000)
  to   space 21824K,   0% used [0x00000007a6ab0000, 0x00000007a6ab0000, 0x00000007a8000000)
 concurrent mark-sweep generation total 393216K, used 185803K [0x00000007a8000000, 0x00000007c0000000, 0x00000007c0000000)
 Metaspace       used 31476K, capacity 31874K, committed 32508K, reserved 1077248K
  class space    used 3616K, capacity 3710K, committed 3836K, reserved 1048576K
}
2016-07-21T13:32:00.491-0530: 72396.736: Total time for which application threads were stopped: 0.1825772 seconds
{Heap before GC invocations=115 (full 13):
 par new generation   total 109248K, used 109248K [0x00000007a0000000, 0x00000007a8000000, 0x00000007a8000000)
  eden space 87424K, 100% used [0x00000007a0000000, 0x00000007a5560000, 0x00000007a5560000)
  from space 21824K, 100% used [0x00000007a5560000, 0x00000007a6ab0000, 0x00000007a6ab0000)
  to   space 21824K,   0% used [0x00000007a6ab0000, 0x00000007a6ab0000, 0x00000007a8000000)
 concurrent mark-sweep generation total 393216K, used 185803K [0x00000007a8000000, 0x00000007c0000000, 0x00000007c0000000)
 Metaspace       used 31476K, capacity 31874K, committed 32508K, reserved 1077248K
  class space    used 3616K, capacity 3710K, committed 3836K, reserved 1048576K
2016-07-21T13:32:01.021-0530: 72397.266: [GC (Allocation Failure) 72397.266: [ParNew
Desired survivor size 20112992 bytes, new threshold 8 (max 8)
- age   1:   10554040 bytes,   10554040 total
- age   2:    9247320 bytes,   19801360 total
: 109248K->21824K(109248K), 0.0747652 secs] 295051K->218824K(502464K), 0.0748417 secs] [Times: user=0.17 sys=0.05, real=0.07 secs] 
Heap after GC invocations=116 (full 13):
 par new generation   total 109248K, used 21824K [0x00000007a0000000, 0x00000007a8000000, 0x00000007a8000000)
  eden space 87424K,   0% used [0x00000007a0000000, 0x00000007a0000000, 0x00000007a5560000)
  from space 21824K, 100% used [0x00000007a6ab0000, 0x00000007a8000000, 0x00000007a8000000)
  to   space 21824K,   0% used [0x00000007a5560000, 0x00000007a5560000, 0x00000007a6ab0000)
 concurrent mark-sweep generation total 393216K, used 197000K [0x00000007a8000000, 0x00000007c0000000, 0x00000007c0000000)
 Metaspace       used 31476K, capacity 31874K, committed 32508K, reserved 1077248K
  class space    used 3616K, capacity 3710K, committed 3836K, reserved 1048576K
}
2016-07-21T13:32:01.095-0530: 72397.340: Total time for which application threads were stopped: 0.0751309 seconds
2016-07-21T13:32:01.096-0530: 72397.341: [GC (CMS Initial Mark) [1 CMS-initial-mark: 197000K(393216K)] 220027K(502464K), 0.0059527 secs] [Times: user=0.01 sys=0.00, real=0.01 secs] 
2016-07-21T13:32:01.102-0530: 72397.347: Total time for which application threads were stopped: 0.0062044 seconds
2016-07-21T13:32:01.102-0530: 72397.347: [CMS-concurrent-mark-start]
2016-07-21T13:32:01.149-0530: 72397.394: [CMS-concurrent-mark: 0.047/0.047 secs] [Times: user=0.10 sys=0.04, real=0.04 secs] 
2016-07-21T13:32:01.149-0530: 72397.394: [CMS-concurrent-preclean-start]
2016-07-21T13:32:01.150-0530: 72397.395: [CMS-concurrent-preclean: 0.001/0.001 secs] [Times: user=0.00 sys=0.00, real=0.01 secs] 
2016-07-21T13:32:01.150-0530: 72397.395: [CMS-concurrent-abortable-preclean-start]
2016-07-21T13:32:01.822-0530: 72398.067: [CMS-concurrent-abortable-preclean: 0.261/0.672 secs] [Times: user=0.91 sys=0.01, real=0.67 secs] 
2016-07-21T13:32:01.825-0530: 72398.070: [GC (CMS Final Remark) [YG occupancy: 67611 K (109248 K)]{Heap before GC invocations=116 (full 14):
 par new generation   total 109248K, used 67611K [0x00000007a0000000, 0x00000007a8000000, 0x00000007a8000000)
  eden space 87424K,  52% used [0x00000007a0000000, 0x00000007a2cb6ea0, 0x00000007a5560000)
  from space 21824K, 100% used [0x00000007a6ab0000, 0x00000007a8000000, 0x00000007a8000000)
  to   space 21824K,   0% used [0x00000007a5560000, 0x00000007a5560000, 0x00000007a6ab0000)
 concurrent mark-sweep generation total 393216K, used 197000K [0x00000007a8000000, 0x00000007c0000000, 0x00000007c0000000)
 Metaspace       used 31476K, capacity 31874K, committed 32508K, reserved 1077248K
  class space    used 3616K, capacity 3710K, committed 3836K, reserved 1048576K
2016-07-21T13:32:01.826-0530: 72398.071: [GC (CMS Final Remark) 72398.071: [ParNew
Desired survivor size 20112992 bytes, new threshold 3 (max 8)
- age   1:    3261360 bytes,    3261360 total
- age   2:    9838968 bytes,   13100328 total
- age   3:    9247272 bytes,   22347600 total
: 67611K->21824K(109248K), 0.0472709 secs] 264612K->219381K(502464K), 0.0473178 secs] [Times: user=0.15 sys=0.00, real=0.05 secs] 
Heap after GC invocations=117 (full 14):
 par new generation   total 109248K, used 21824K [0x00000007a0000000, 0x00000007a8000000, 0x00000007a8000000)
  eden space 87424K,   0% used [0x00000007a0000000, 0x00000007a0000000, 0x00000007a5560000)
  from space 21824K, 100% used [0x00000007a5560000, 0x00000007a6ab0000, 0x00000007a6ab0000)
  to   space 21824K,   0% used [0x00000007a6ab0000, 0x00000007a6ab0000, 0x00000007a8000000)
 concurrent mark-sweep generation total 393216K, used 197557K [0x00000007a8000000, 0x00000007c0000000, 0x00000007c0000000)
 Metaspace       used 31476K, capacity 31874K, committed 32508K, reserved 1077248K
  class space    used 3616K, capacity 3710K, committed 3836K, reserved 1048576K
}
72398.118: [Rescan (parallel) , 0.0036706 secs]72398.122: [weak refs processing, 0.0008486 secs]72398.122: [class unloading, 0.0814312 secs]72398.204: [scrub symbol table, 0.0190427 secs]72398.223: [scrub string table, 0.0004478 secs][1 CMS-remark: 197557K(393216K)] 219381K(502464K), 0.1580890 secs] [Times: user=0.20 sys=0.07, real=0.16 secs] 
2016-07-21T13:32:01.984-0530: 72398.229: Total time for which application threads were stopped: 0.1615624 seconds
2016-07-21T13:32:01.984-0530: 72398.229: [CMS-concurrent-sweep-start]
2016-07-21T13:32:02.331-0530: 72398.576: [CMS-concurrent-sweep: 0.347/0.347 secs] [Times: user=0.48 sys=0.15, real=0.35 secs] 
2016-07-21T13:32:02.402-0530: 72398.647: [CMS-concurrent-reset-start]
2016-07-21T13:32:02.409-0530: 72398.654: [CMS-concurrent-reset: 0.008/0.008 secs] [Times: user=0.00 sys=0.01, real=0.00 secs] 
2016-07-21T13:32:59.672-0530: 72455.919: Total time for which application threads were stopped: 0.0001452 seconds
2016-07-21T13:32:59.900-0530: 72456.146: Total time for which application threads were stopped: 0.0000967 seconds
2016-07-21T13:33:01.013-0530: 72457.259: Total time for which application threads were stopped: 0.1579585 seconds
2016-07-21T13:33:01.248-0530: 72457.494: Total time for which application threads were stopped: 0.2343097 seconds
2016-07-21T13:33:01.387-0530: 72457.634: Total time for which application threads were stopped: 0.1379599 seconds
2016-07-21T13:33:02.479-0530: 72458.725: Total time for which application threads were stopped: 0.0911699 seconds
2016-07-21T13:33:02.646-0530: 72458.893: Total time for which application threads were stopped: 0.0210623 seconds
{Heap before GC invocations=117 (full 14):
 par new generation   total 109248K, used 109248K [0x00000007a0000000, 0x00000007a8000000, 0x00000007a8000000)
  eden space 87424K, 100% used [0x00000007a0000000, 0x00000007a5560000, 0x00000007a5560000)
  from space 21824K, 100% used [0x00000007a5560000, 0x00000007a6ab0000, 0x00000007a6ab0000)
  to   space 21824K,   0% used [0x00000007a6ab0000, 0x00000007a6ab0000, 0x00000007a8000000)
 concurrent mark-sweep generation total 393216K, used 47536K [0x00000007a8000000, 0x00000007c0000000, 0x00000007c0000000)
 Metaspace       used 31477K, capacity 31874K, committed 32508K, reserved 1077248K
  class space    used 3616K, capacity 3710K, committed 3836K, reserved 1048576K
2016-07-21T13:33:03.008-0530: 72459.254: [GC (Allocation Failure) 72459.300: [ParNew
Desired survivor size 20112992 bytes, new threshold 8 (max 8)
- age   1:   16570576 bytes,   16570576 total
: 109248K->21824K(109248K), 0.0288631 secs] 156784K->81584K(502464K), 0.0744698 secs] [Times: user=0.06 sys=0.02, real=0.08 secs] 
Heap after GC invocations=118 (full 14):
 par new generation   total 109248K, used 21824K [0x00000007a0000000, 0x00000007a8000000, 0x00000007a8000000)
  eden space 87424K,   0% used [0x00000007a0000000, 0x00000007a0000000, 0x00000007a5560000)
  from space 21824K, 100% used [0x00000007a6ab0000, 0x00000007a8000000, 0x00000007a8000000)
  to   space 21824K,   0% used [0x00000007a5560000, 0x00000007a5560000, 0x00000007a6ab0000)
 concurrent mark-sweep generation total 393216K, used 59760K [0x00000007a8000000, 0x00000007c0000000, 0x00000007c0000000)
 Metaspace       used 31477K, capacity 31874K, committed 32508K, reserved 1077248K
  class space    used 3616K, capacity 3710K, committed 3836K, reserved 1048576K
}
2016-07-21T13:33:03.083-0530: 72459.329: Total time for which application threads were stopped: 0.1136118 seconds
2016-07-21T13:33:03.439-0530: 72459.686: Total time for which application threads were stopped: 0.0143118 seconds
2016-07-21T13:33:03.461-0530: 72459.708: Total time for which application threads were stopped: 0.0203996 seconds
{Heap before GC invocations=118 (full 14):
 par new generation   total 109248K, used 109248K [0x00000007a0000000, 0x00000007a8000000, 0x00000007a8000000)
  eden space 87424K, 100% used [0x00000007a0000000, 0x00000007a5560000, 0x00000007a5560000)
  from space 21824K, 100% used [0x00000007a6ab0000, 0x00000007a8000000, 0x00000007a8000000)
  to   space 21824K,   0% used [0x00000007a5560000, 0x00000007a5560000, 0x00000007a6ab0000)
 concurrent mark-sweep generation total 393216K, used 59760K [0x00000007a8000000, 0x00000007c0000000, 0x00000007c0000000)
 Metaspace       used 31478K, capacity 31874K, committed 32508K, reserved 1077248K
  class space    used 3616K, capacity 3710K, committed 3836K, reserved 1048576K
2016-07-21T13:33:03.585-0530: 72459.831: [GC (Allocation Failure) 72459.831: [ParNew
Desired survivor size 20112992 bytes, new threshold 2 (max 8)
- age   1:    9461296 bytes,    9461296 total
- age   2:   12873144 bytes,   22334440 total
: 109248K->21824K(109248K), 0.0600186 secs] 169008K->91466K(502464K), 0.0601129 secs] [Times: user=0.18 sys=0.00, real=0.06 secs] 
Heap after GC invocations=119 (full 14):
 par new generation   total 109248K, used 21824K [0x00000007a0000000, 0x00000007a8000000, 0x00000007a8000000)
  eden space 87424K,   0% used [0x00000007a0000000, 0x00000007a0000000, 0x00000007a5560000)
  from space 21824K, 100% used [0x00000007a5560000, 0x00000007a6ab0000, 0x00000007a6ab0000)
  to   space 21824K,   0% used [0x00000007a6ab0000, 0x00000007a6ab0000, 0x00000007a8000000)
 concurrent mark-sweep generation total 393216K, used 69642K [0x00000007a8000000, 0x00000007c0000000, 0x00000007c0000000)
 Metaspace       used 31478K, capacity 31874K, committed 32508K, reserved 1077248K
  class space    used 3616K, capacity 3710K, committed 3836K, reserved 1048576K
}
2016-07-21T13:33:03.645-0530: 72459.892: Total time for which application threads were stopped: 0.0651202 seconds
2016-07-21T13:33:03.970-0530: 72460.216: Total time for which application threads were stopped: 0.0002599 seconds
2016-07-21T13:33:03.971-0530: 72460.217: Total time for which application threads were stopped: 0.0005665 seconds
2016-07-21T13:33:03.983-0530: 72460.229: Total time for which application threads were stopped: 0.0002177 seconds
{Heap before GC invocations=119 (full 14):
 par new generation   total 109248K, used 105221K [0x00000007a0000000, 0x00000007a8000000, 0x00000007a8000000)
  eden space 87424K,  95% used [0x00000007a0000000, 0x00000007a51717d8, 0x00000007a5560000)
  from space 21824K, 100% used [0x00000007a5560000, 0x00000007a6ab0000, 0x00000007a6ab0000)
  to   space 21824K,   0% used [0x00000007a6ab0000, 0x00000007a6ab0000, 0x00000007a8000000)
 concurrent mark-sweep generation total 393216K, used 69642K [0x00000007a8000000, 0x00000007c0000000, 0x00000007c0000000)
 Metaspace       used 31478K, capacity 31874K, committed 32508K, reserved 1077248K
  class space    used 3616K, capacity 3710K, committed 3836K, reserved 1048576K
2016-07-21T13:33:04.824-0530: 72461.071: [GC (Allocation Failure) 72461.071: [ParNew
Desired survivor size 20112992 bytes, new threshold 8 (max 8)
- age   1:    4737808 bytes,    4737808 total
- age   2:    8853216 bytes,   13591024 total
: 105221K->19860K(109248K), 0.0941669 secs] 174864K->101305K(502464K), 0.0942643 secs] [Times: user=0.24 sys=0.03, real=0.09 secs] 
