Java HotSpot(TM) 64-Bit Server VM (25.31-b07) for bsd-amd64 JRE (1.8.0_31-b13), built on Dec 17 2014 20:45:36 by "java_re" with gcc 4.2.1 (Based on Apple Inc. build 5658) (LLVM build 2336.11.00)
Memory: 4k page, physical 4194304k(90912k free)

/proc/meminfo:

CommandLine flags: -XX:CMSInitiatingOccupancyFraction=50 -XX:CMSMaxAbortablePrecleanTime=6000 -XX:+CMSParallelRemarkEnabled -XX:+CMSScavengeBeforeRemark -XX:ConcGCThreads=4 -XX:InitialHeapSize=536870912 -XX:MaxHeapSize=536870912 -XX:MaxTenuringThreshold=8 -XX:NewRatio=3 -XX:OldPLABSize=16 -XX:ParallelGCThreads=4 -XX:+ParallelRefProcEnabled -XX:PretenureSizeThreshold=67108864 -XX:+PrintGC -XX:+PrintGCApplicationStoppedTime -XX:+PrintGCDateStamps -XX:+PrintGCDetails -XX:+PrintGCTimeStamps -XX:+PrintHeapAtGC -XX:+PrintTenuringDistribution -XX:SurvivorRatio=4 -XX:TargetSurvivorRatio=90 -XX:ThreadStackSize=256 -XX:+UseCMSInitiatingOccupancyOnly -XX:+UseCompressedClassPointers -XX:+UseCompressedOops -XX:+UseConcMarkSweepGC -XX:+UseParNewGC 
2016-07-01T20:05:34.061-0530: 0.811: Total time for which application threads were stopped: 0.0001060 seconds
2016-07-01T20:05:35.065-0530: 1.815: Total time for which application threads were stopped: 0.0002656 seconds
2016-07-01T20:05:36.066-0530: 2.817: Total time for which application threads were stopped: 0.0001672 seconds
2016-07-01T20:05:37.068-0530: 3.818: Total time for which application threads were stopped: 0.0000974 seconds
2016-07-01T20:05:37.324-0530: 4.074: Total time for which application threads were stopped: 0.0001142 seconds
2016-07-01T20:05:37.353-0530: 4.104: Total time for which application threads were stopped: 0.0001891 seconds
2016-07-01T20:05:38.355-0530: 5.105: Total time for which application threads were stopped: 0.0001054 seconds
2016-07-01T20:05:38.888-0530: 5.638: Total time for which application threads were stopped: 0.0001438 seconds
2016-07-01T20:05:39.219-0530: 5.969: Total time for which application threads were stopped: 0.0001025 seconds
2016-07-01T20:05:39.220-0530: 5.970: Total time for which application threads were stopped: 0.0001046 seconds
2016-07-01T20:05:39.243-0530: 5.993: Total time for which application threads were stopped: 0.0001373 seconds
2016-07-01T20:05:39.449-0530: 6.199: Total time for which application threads were stopped: 0.0001913 seconds
2016-07-01T20:05:39.472-0530: 6.222: Total time for which application threads were stopped: 0.0001835 seconds
2016-07-01T20:05:39.535-0530: 6.285: Total time for which application threads were stopped: 0.0001960 seconds
{Heap before GC invocations=0 (full 0):
 par new generation   total 109248K, used 87424K [0x00000007a0000000, 0x00000007a8000000, 0x00000007a8000000)
  eden space 87424K, 100% used [0x00000007a0000000, 0x00000007a5560000, 0x00000007a5560000)
  from space 21824K,   0% used [0x00000007a5560000, 0x00000007a5560000, 0x00000007a6ab0000)
  to   space 21824K,   0% used [0x00000007a6ab0000, 0x00000007a6ab0000, 0x00000007a8000000)
 concurrent mark-sweep generation total 393216K, used 0K [0x00000007a8000000, 0x00000007c0000000, 0x00000007c0000000)
 Metaspace       used 10057K, capacity 10204K, committed 10496K, reserved 1058816K
  class space    used 1152K, capacity 1208K, committed 1280K, reserved 1048576K
2016-07-01T20:05:40.216-0530: 6.966: [GC (Allocation Failure) 6.978: [ParNew
Desired survivor size 20112992 bytes, new threshold 8 (max 8)
- age   1:    5227656 bytes,    5227656 total
: 87424K->5174K(109248K), 0.0357656 secs] 87424K->5174K(502464K), 0.0482197 secs] [Times: user=0.02 sys=0.01, real=0.05 secs] 
Heap after GC invocations=1 (full 0):
 par new generation   total 109248K, used 5174K [0x00000007a0000000, 0x00000007a8000000, 0x00000007a8000000)
  eden space 87424K,   0% used [0x00000007a0000000, 0x00000007a0000000, 0x00000007a5560000)
  from space 21824K,  23% used [0x00000007a6ab0000, 0x00000007a6fbd978, 0x00000007a8000000)
  to   space 21824K,   0% used [0x00000007a5560000, 0x00000007a5560000, 0x00000007a6ab0000)
 concurrent mark-sweep generation total 393216K, used 0K [0x00000007a8000000, 0x00000007c0000000, 0x00000007c0000000)
 Metaspace       used 10057K, capacity 10204K, committed 10496K, reserved 1058816K
  class space    used 1152K, capacity 1208K, committed 1280K, reserved 1048576K
}
2016-07-01T20:05:40.264-0530: 7.014: Total time for which application threads were stopped: 0.0895610 seconds
2016-07-01T20:05:40.265-0530: 7.015: Total time for which application threads were stopped: 0.0001081 seconds
2016-07-01T20:05:40.265-0530: 7.015: Total time for which application threads were stopped: 0.0000784 seconds
2016-07-01T20:05:40.266-0530: 7.016: Total time for which application threads were stopped: 0.0000981 seconds
2016-07-01T20:05:40.266-0530: 7.016: Total time for which application threads were stopped: 0.0000755 seconds
2016-07-01T20:05:40.266-0530: 7.016: Total time for which application threads were stopped: 0.0000957 seconds
2016-07-01T20:05:40.266-0530: 7.016: Total time for which application threads were stopped: 0.0000742 seconds
2016-07-01T20:05:40.266-0530: 7.016: Total time for which application threads were stopped: 0.0000865 seconds
2016-07-01T20:05:40.266-0530: 7.017: Total time for which application threads were stopped: 0.0000775 seconds
2016-07-01T20:05:40.266-0530: 7.017: Total time for which application threads were stopped: 0.0000933 seconds
2016-07-01T20:05:40.267-0530: 7.017: Total time for which application threads were stopped: 0.0000902 seconds
2016-07-01T20:05:40.267-0530: 7.017: Total time for which application threads were stopped: 0.0000930 seconds
2016-07-01T20:05:40.267-0530: 7.017: Total time for which application threads were stopped: 0.0000849 seconds
2016-07-01T20:05:40.267-0530: 7.017: Total time for which application threads were stopped: 0.0000710 seconds
2016-07-01T20:05:40.267-0530: 7.017: Total time for which application threads were stopped: 0.0000949 seconds
2016-07-01T20:05:40.268-0530: 7.018: Total time for which application threads were stopped: 0.0000779 seconds
2016-07-01T20:05:40.269-0530: 7.019: Total time for which application threads were stopped: 0.0000771 seconds
2016-07-01T20:05:40.269-0530: 7.019: Total time for which application threads were stopped: 0.0000662 seconds
2016-07-01T20:05:40.269-0530: 7.020: Total time for which application threads were stopped: 0.0000757 seconds
2016-07-01T20:05:40.269-0530: 7.020: Total time for which application threads were stopped: 0.0000678 seconds
2016-07-01T20:05:40.270-0530: 7.020: Total time for which application threads were stopped: 0.0000743 seconds
2016-07-01T20:05:40.270-0530: 7.020: Total time for which application threads were stopped: 0.0000735 seconds
2016-07-01T20:05:40.270-0530: 7.020: Total time for which application threads were stopped: 0.0000572 seconds
2016-07-01T20:05:40.270-0530: 7.020: Total time for which application threads were stopped: 0.0000675 seconds
2016-07-01T20:05:40.270-0530: 7.020: Total time for which application threads were stopped: 0.0000886 seconds
2016-07-01T20:05:40.270-0530: 7.021: Total time for which application threads were stopped: 0.0000536 seconds
2016-07-01T20:05:40.271-0530: 7.021: Total time for which application threads were stopped: 0.0000506 seconds
2016-07-01T20:05:40.271-0530: 7.021: Total time for which application threads were stopped: 0.0001271 seconds
2016-07-01T20:05:40.636-0530: 7.387: Total time for which application threads were stopped: 0.0029863 seconds
2016-07-01T20:05:40.985-0530: 7.736: Total time for which application threads were stopped: 0.0002396 seconds
2016-07-01T20:05:41.585-0530: 8.336: Total time for which application threads were stopped: 0.0001364 seconds
2016-07-01T20:05:41.585-0530: 8.336: Total time for which application threads were stopped: 0.0000519 seconds
2016-07-01T20:05:42.042-0530: 8.793: Total time for which application threads were stopped: 0.0002771 seconds
2016-07-01T20:05:42.045-0530: 8.796: Total time for which application threads were stopped: 0.0001641 seconds
2016-07-01T20:05:42.076-0530: 8.827: Total time for which application threads were stopped: 0.0002412 seconds
2016-07-01T20:05:43.079-0530: 9.829: Total time for which application threads were stopped: 0.0001403 seconds
2016-07-01T20:05:43.776-0530: 10.527: Total time for which application threads were stopped: 0.0001530 seconds
2016-07-01T20:05:43.776-0530: 10.527: Total time for which application threads were stopped: 0.0001245 seconds
2016-07-01T20:05:43.777-0530: 10.527: Total time for which application threads were stopped: 0.0000875 seconds
2016-07-01T20:05:43.777-0530: 10.527: Total time for which application threads were stopped: 0.0000699 seconds
2016-07-01T20:05:43.777-0530: 10.527: Total time for which application threads were stopped: 0.0000771 seconds
2016-07-01T20:05:43.777-0530: 10.527: Total time for which application threads were stopped: 0.0000595 seconds
2016-07-01T20:05:43.777-0530: 10.527: Total time for which application threads were stopped: 0.0000550 seconds
2016-07-01T20:05:43.777-0530: 10.527: Total time for which application threads were stopped: 0.0000557 seconds
2016-07-01T20:05:43.777-0530: 10.528: Total time for which application threads were stopped: 0.0000555 seconds
2016-07-01T20:05:43.777-0530: 10.528: Total time for which application threads were stopped: 0.0000583 seconds
2016-07-01T20:05:43.777-0530: 10.528: Total time for which application threads were stopped: 0.0000531 seconds
2016-07-01T20:05:43.777-0530: 10.528: Total time for which application threads were stopped: 0.0000538 seconds
2016-07-01T20:05:43.778-0530: 10.528: Total time for which application threads were stopped: 0.0000560 seconds
2016-07-01T20:05:43.778-0530: 10.528: Total time for which application threads were stopped: 0.0000566 seconds
2016-07-01T20:05:43.778-0530: 10.528: Total time for which application threads were stopped: 0.0000558 seconds
2016-07-01T20:05:43.778-0530: 10.528: Total time for which application threads were stopped: 0.0000571 seconds
2016-07-01T20:05:43.778-0530: 10.528: Total time for which application threads were stopped: 0.0000558 seconds
2016-07-01T20:05:43.778-0530: 10.528: Total time for which application threads were stopped: 0.0000539 seconds
2016-07-01T20:05:43.778-0530: 10.529: Total time for which application threads were stopped: 0.0000537 seconds
2016-07-01T20:05:43.778-0530: 10.529: Total time for which application threads were stopped: 0.0000557 seconds
2016-07-01T20:05:43.778-0530: 10.529: Total time for which application threads were stopped: 0.0000552 seconds
2016-07-01T20:05:43.779-0530: 10.529: Total time for which application threads were stopped: 0.0001168 seconds
2016-07-01T20:05:43.779-0530: 10.529: Total time for which application threads were stopped: 0.0000616 seconds
2016-07-01T20:05:43.779-0530: 10.529: Total time for which application threads were stopped: 0.0000586 seconds
2016-07-01T20:05:43.779-0530: 10.529: Total time for which application threads were stopped: 0.0000569 seconds
2016-07-01T20:05:43.779-0530: 10.529: Total time for which application threads were stopped: 0.0000715 seconds
2016-07-01T20:05:43.779-0530: 10.530: Total time for which application threads were stopped: 0.0000488 seconds
2016-07-01T20:05:43.779-0530: 10.530: Total time for which application threads were stopped: 0.0000499 seconds
2016-07-01T20:05:43.779-0530: 10.530: Total time for which application threads were stopped: 0.0000526 seconds
2016-07-01T20:05:43.780-0530: 10.530: Total time for which application threads were stopped: 0.0000538 seconds
2016-07-01T20:05:43.780-0530: 10.530: Total time for which application threads were stopped: 0.0000381 seconds
2016-07-01T20:05:43.780-0530: 10.530: Total time for which application threads were stopped: 0.0000414 seconds
2016-07-01T20:05:43.780-0530: 10.530: Total time for which application threads were stopped: 0.0000381 seconds
2016-07-01T20:05:43.780-0530: 10.531: Total time for which application threads were stopped: 0.0000379 seconds
2016-07-01T20:05:43.780-0530: 10.531: Total time for which application threads were stopped: 0.0000408 seconds
2016-07-01T20:05:43.780-0530: 10.531: Total time for which application threads were stopped: 0.0000369 seconds
2016-07-01T20:05:43.780-0530: 10.531: Total time for which application threads were stopped: 0.0000372 seconds
2016-07-01T20:05:43.780-0530: 10.531: Total time for which application threads were stopped: 0.0000408 seconds
2016-07-01T20:05:43.781-0530: 10.531: Total time for which application threads were stopped: 0.0000370 seconds
2016-07-01T20:05:43.781-0530: 10.531: Total time for which application threads were stopped: 0.0000369 seconds
2016-07-01T20:05:43.781-0530: 10.531: Total time for which application threads were stopped: 0.0000406 seconds
2016-07-01T20:05:43.781-0530: 10.531: Total time for which application threads were stopped: 0.0000367 seconds
2016-07-01T20:05:43.781-0530: 10.531: Total time for which application threads were stopped: 0.0000373 seconds
2016-07-01T20:05:43.781-0530: 10.531: Total time for which application threads were stopped: 0.0000406 seconds
2016-07-01T20:05:43.781-0530: 10.531: Total time for which application threads were stopped: 0.0000399 seconds
2016-07-01T20:05:43.781-0530: 10.531: Total time for which application threads were stopped: 0.0000403 seconds
2016-07-01T20:05:43.781-0530: 10.532: Total time for which application threads were stopped: 0.0000408 seconds
2016-07-01T20:05:43.781-0530: 10.532: Total time for which application threads were stopped: 0.0000382 seconds
2016-07-01T20:05:43.781-0530: 10.532: Total time for which application threads were stopped: 0.0000416 seconds
2016-07-01T20:05:43.782-0530: 10.532: Total time for which application threads were stopped: 0.0000994 seconds
2016-07-01T20:05:43.782-0530: 10.533: Total time for which application threads were stopped: 0.0000849 seconds
2016-07-01T20:05:43.783-0530: 10.533: Total time for which application threads were stopped: 0.0000802 seconds
2016-07-01T20:05:43.783-0530: 10.533: Total time for which application threads were stopped: 0.0000529 seconds
2016-07-01T20:05:43.783-0530: 10.533: Total time for which application threads were stopped: 0.0000796 seconds
2016-07-01T20:05:43.783-0530: 10.534: Total time for which application threads were stopped: 0.0000712 seconds
2016-07-01T20:05:43.783-0530: 10.534: Total time for which application threads were stopped: 0.0000705 seconds
2016-07-01T20:05:43.783-0530: 10.534: Total time for which application threads were stopped: 0.0000667 seconds
2016-07-01T20:05:43.784-0530: 10.535: Total time for which application threads were stopped: 0.0001095 seconds
2016-07-01T20:05:43.801-0530: 10.552: Total time for which application threads were stopped: 0.0002097 seconds
2016-07-01T20:05:43.824-0530: 10.575: Total time for which application threads were stopped: 0.0000992 seconds
2016-07-01T20:05:43.825-0530: 10.575: Total time for which application threads were stopped: 0.0000695 seconds
2016-07-01T20:05:43.825-0530: 10.575: Total time for which application threads were stopped: 0.0000695 seconds
2016-07-01T20:05:43.825-0530: 10.575: Total time for which application threads were stopped: 0.0000543 seconds
2016-07-01T20:05:43.825-0530: 10.576: Total time for which application threads were stopped: 0.0001030 seconds
2016-07-01T20:05:43.865-0530: 10.616: Total time for which application threads were stopped: 0.0002897 seconds
2016-07-01T20:05:43.874-0530: 10.625: Total time for which application threads were stopped: 0.0000968 seconds
2016-07-01T20:05:43.875-0530: 10.625: Total time for which application threads were stopped: 0.0000730 seconds
2016-07-01T20:05:43.875-0530: 10.625: Total time for which application threads were stopped: 0.0000615 seconds
2016-07-01T20:05:43.875-0530: 10.625: Total time for which application threads were stopped: 0.0000580 seconds
2016-07-01T20:05:43.914-0530: 10.664: Total time for which application threads were stopped: 0.0001271 seconds
2016-07-01T20:05:43.914-0530: 10.664: Total time for which application threads were stopped: 0.0001881 seconds
2016-07-01T20:05:43.916-0530: 10.666: Total time for which application threads were stopped: 0.0000958 seconds
2016-07-01T20:05:43.916-0530: 10.666: Total time for which application threads were stopped: 0.0000730 seconds
2016-07-01T20:05:43.916-0530: 10.666: Total time for which application threads were stopped: 0.0001835 seconds
2016-07-01T20:05:43.927-0530: 10.678: Total time for which application threads were stopped: 0.0001198 seconds
2016-07-01T20:05:43.965-0530: 10.716: Total time for which application threads were stopped: 0.0001688 seconds
2016-07-01T20:05:43.965-0530: 10.716: Total time for which application threads were stopped: 0.0001134 seconds
2016-07-01T20:05:43.966-0530: 10.716: Total time for which application threads were stopped: 0.0000865 seconds
2016-07-01T20:05:43.981-0530: 10.731: Total time for which application threads were stopped: 0.0001080 seconds
2016-07-01T20:05:43.981-0530: 10.732: Total time for which application threads were stopped: 0.0000666 seconds
2016-07-01T20:05:43.981-0530: 10.732: Total time for which application threads were stopped: 0.0000539 seconds
2016-07-01T20:05:43.982-0530: 10.732: Total time for which application threads were stopped: 0.0000538 seconds
2016-07-01T20:05:44.018-0530: 10.768: Total time for which application threads were stopped: 0.0001087 seconds
2016-07-01T20:05:44.102-0530: 10.852: Total time for which application threads were stopped: 0.0000913 seconds
2016-07-01T20:05:44.102-0530: 10.852: Total time for which application threads were stopped: 0.0000569 seconds
2016-07-01T20:05:44.103-0530: 10.853: Total time for which application threads were stopped: 0.0001586 seconds
2016-07-01T20:05:44.103-0530: 10.854: Total time for which application threads were stopped: 0.0001768 seconds
2016-07-01T20:05:44.104-0530: 10.854: Total time for which application threads were stopped: 0.0000916 seconds
2016-07-01T20:05:44.104-0530: 10.855: Total time for which application threads were stopped: 0.0001121 seconds
2016-07-01T20:05:44.105-0530: 10.855: Total time for which application threads were stopped: 0.0000789 seconds
2016-07-01T20:05:44.105-0530: 10.855: Total time for which application threads were stopped: 0.0000754 seconds
2016-07-01T20:05:44.143-0530: 10.893: Total time for which application threads were stopped: 0.0000866 seconds
2016-07-01T20:05:44.143-0530: 10.893: Total time for which application threads were stopped: 0.0000507 seconds
2016-07-01T20:05:44.143-0530: 10.893: Total time for which application threads were stopped: 0.0000416 seconds
2016-07-01T20:05:44.161-0530: 10.912: Total time for which application threads were stopped: 0.0002948 seconds
2016-07-01T20:05:44.217-0530: 10.967: Total time for which application threads were stopped: 0.0000837 seconds
2016-07-01T20:05:44.217-0530: 10.967: Total time for which application threads were stopped: 0.0000467 seconds
2016-07-01T20:05:44.217-0530: 10.967: Total time for which application threads were stopped: 0.0000460 seconds
2016-07-01T20:05:44.238-0530: 10.989: Total time for which application threads were stopped: 0.0000864 seconds
2016-07-01T20:05:44.266-0530: 11.016: Total time for which application threads were stopped: 0.0000814 seconds
2016-07-01T20:05:44.266-0530: 11.016: Total time for which application threads were stopped: 0.0000476 seconds
2016-07-01T20:05:44.266-0530: 11.016: Total time for which application threads were stopped: 0.0000560 seconds
2016-07-01T20:05:44.267-0530: 11.017: Total time for which application threads were stopped: 0.0000461 seconds
2016-07-01T20:05:44.308-0530: 11.058: Total time for which application threads were stopped: 0.0000740 seconds
2016-07-01T20:05:44.308-0530: 11.058: Total time for which application threads were stopped: 0.0000519 seconds
2016-07-01T20:05:44.308-0530: 11.058: Total time for which application threads were stopped: 0.0000380 seconds
2016-07-01T20:05:44.323-0530: 11.073: Total time for which application threads were stopped: 0.0001125 seconds
2016-07-01T20:05:44.327-0530: 11.077: Total time for which application threads were stopped: 0.0000781 seconds
2016-07-01T20:05:44.327-0530: 11.077: Total time for which application threads were stopped: 0.0000885 seconds
2016-07-01T20:05:44.327-0530: 11.077: Total time for which application threads were stopped: 0.0000659 seconds
2016-07-01T20:05:44.328-0530: 11.078: Total time for which application threads were stopped: 0.0000560 seconds
2016-07-01T20:05:44.351-0530: 11.101: Total time for which application threads were stopped: 0.0000615 seconds
2016-07-01T20:05:44.351-0530: 11.101: Total time for which application threads were stopped: 0.0000558 seconds
2016-07-01T20:05:44.351-0530: 11.102: Total time for which application threads were stopped: 0.0000298 seconds
2016-07-01T20:05:44.351-0530: 11.102: Total time for which application threads were stopped: 0.0000285 seconds
2016-07-01T20:05:44.351-0530: 11.102: Total time for which application threads were stopped: 0.0000321 seconds
2016-07-01T20:05:44.351-0530: 11.102: Total time for which application threads were stopped: 0.0000284 seconds
2016-07-01T20:05:44.351-0530: 11.102: Total time for which application threads were stopped: 0.0000500 seconds
2016-07-01T20:05:44.352-0530: 11.102: Total time for which application threads were stopped: 0.0000502 seconds
2016-07-01T20:05:44.554-0530: 11.304: Total time for which application threads were stopped: 0.0000764 seconds
2016-07-01T20:05:44.554-0530: 11.304: Total time for which application threads were stopped: 0.0000515 seconds
2016-07-01T20:05:44.767-0530: 11.517: Total time for which application threads were stopped: 0.0001051 seconds
2016-07-01T20:05:44.767-0530: 11.517: Total time for which application threads were stopped: 0.0001263 seconds
2016-07-01T20:05:44.794-0530: 11.544: Total time for which application threads were stopped: 0.0000878 seconds
2016-07-01T20:05:44.794-0530: 11.545: Total time for which application threads were stopped: 0.0000919 seconds
2016-07-01T20:05:44.794-0530: 11.545: Total time for which application threads were stopped: 0.0000564 seconds
2016-07-01T20:05:44.815-0530: 11.565: Total time for which application threads were stopped: 0.0001059 seconds
2016-07-01T20:05:44.835-0530: 11.586: Total time for which application threads were stopped: 0.0000939 seconds
2016-07-01T20:05:44.835-0530: 11.586: Total time for which application threads were stopped: 0.0000383 seconds
2016-07-01T20:05:44.835-0530: 11.586: Total time for which application threads were stopped: 0.0000708 seconds
2016-07-01T20:05:44.841-0530: 11.591: Total time for which application threads were stopped: 0.0001131 seconds
{Heap before GC invocations=1 (full 0):
 par new generation   total 109248K, used 92598K [0x00000007a0000000, 0x00000007a8000000, 0x00000007a8000000)
  eden space 87424K, 100% used [0x00000007a0000000, 0x00000007a5560000, 0x00000007a5560000)
  from space 21824K,  23% used [0x00000007a6ab0000, 0x00000007a6fbd978, 0x00000007a8000000)
  to   space 21824K,   0% used [0x00000007a5560000, 0x00000007a5560000, 0x00000007a6ab0000)
 concurrent mark-sweep generation total 393216K, used 0K [0x00000007a8000000, 0x00000007c0000000, 0x00000007c0000000)
 Metaspace       used 17988K, capacity 18264K, committed 18432K, reserved 1064960K
  class space    used 2104K, capacity 2187K, committed 2304K, reserved 1048576K
2016-07-01T20:05:44.882-0530: 11.633: [GC (Allocation Failure) 11.633: [ParNew
Desired survivor size 20112992 bytes, new threshold 8 (max 8)
- age   1:    7242472 bytes,    7242472 total
- age   2:    2476936 bytes,    9719408 total
: 92598K->11209K(109248K), 0.0128304 secs] 92598K->11209K(502464K), 0.0129101 secs] [Times: user=0.04 sys=0.00, real=0.01 secs] 
Heap after GC invocations=2 (full 0):
 par new generation   total 109248K, used 11209K [0x00000007a0000000, 0x00000007a8000000, 0x00000007a8000000)
  eden space 87424K,   0% used [0x00000007a0000000, 0x00000007a0000000, 0x00000007a5560000)
  from space 21824K,  51% used [0x00000007a5560000, 0x00000007a6052450, 0x00000007a6ab0000)
  to   space 21824K,   0% used [0x00000007a6ab0000, 0x00000007a6ab0000, 0x00000007a8000000)
 concurrent mark-sweep generation total 393216K, used 0K [0x00000007a8000000, 0x00000007c0000000, 0x00000007c0000000)
 Metaspace       used 17988K, capacity 18264K, committed 18432K, reserved 1064960K
  class space    used 2104K, capacity 2187K, committed 2304K, reserved 1048576K
}
2016-07-01T20:05:44.895-0530: 11.646: Total time for which application threads were stopped: 0.0130938 seconds
2016-07-01T20:05:44.896-0530: 11.646: Total time for which application threads were stopped: 0.0001324 seconds
2016-07-01T20:05:44.898-0530: 11.648: Total time for which application threads were stopped: 0.0000938 seconds
2016-07-01T20:05:44.899-0530: 11.649: Total time for which application threads were stopped: 0.0000808 seconds
2016-07-01T20:05:44.899-0530: 11.649: Total time for which application threads were stopped: 0.0000627 seconds
2016-07-01T20:05:44.899-0530: 11.649: Total time for which application threads were stopped: 0.0000507 seconds
2016-07-01T20:05:44.899-0530: 11.649: Total time for which application threads were stopped: 0.0000441 seconds
2016-07-01T20:05:44.899-0530: 11.649: Total time for which application threads were stopped: 0.0000402 seconds
2016-07-01T20:05:44.899-0530: 11.649: Total time for which application threads were stopped: 0.0000477 seconds
2016-07-01T20:05:44.899-0530: 11.650: Total time for which application threads were stopped: 0.0000614 seconds
2016-07-01T20:05:44.899-0530: 11.650: Total time for which application threads were stopped: 0.0000920 seconds
2016-07-01T20:05:44.899-0530: 11.650: Total time for which application threads were stopped: 0.0000599 seconds
2016-07-01T20:05:44.900-0530: 11.650: Total time for which application threads were stopped: 0.0000619 seconds
2016-07-01T20:05:44.900-0530: 11.650: Total time for which application threads were stopped: 0.0000589 seconds
2016-07-01T20:05:44.900-0530: 11.650: Total time for which application threads were stopped: 0.0001115 seconds
2016-07-01T20:05:44.900-0530: 11.650: Total time for which application threads were stopped: 0.0000595 seconds
2016-07-01T20:05:44.900-0530: 11.650: Total time for which application threads were stopped: 0.0000452 seconds
2016-07-01T20:05:44.900-0530: 11.650: Total time for which application threads were stopped: 0.0000926 seconds
2016-07-01T20:05:44.900-0530: 11.651: Total time for which application threads were stopped: 0.0000681 seconds
2016-07-01T20:05:44.900-0530: 11.651: Total time for which application threads were stopped: 0.0000612 seconds
2016-07-01T20:05:44.900-0530: 11.651: Total time for which application threads were stopped: 0.0000622 seconds
2016-07-01T20:05:44.901-0530: 11.651: Total time for which application threads were stopped: 0.0001532 seconds
2016-07-01T20:05:44.901-0530: 11.651: Total time for which application threads were stopped: 0.0001205 seconds
2016-07-01T20:05:44.901-0530: 11.652: Total time for which application threads were stopped: 0.0001201 seconds
2016-07-01T20:05:44.915-0530: 11.666: Total time for which application threads were stopped: 0.0000839 seconds
2016-07-01T20:05:44.915-0530: 11.666: Total time for which application threads were stopped: 0.0000596 seconds
2016-07-01T20:05:44.915-0530: 11.666: Total time for which application threads were stopped: 0.0000370 seconds
2016-07-01T20:05:44.938-0530: 11.688: Total time for which application threads were stopped: 0.0001138 seconds
2016-07-01T20:05:45.177-0530: 11.927: Total time for which application threads were stopped: 0.0003263 seconds
2016-07-01T20:05:45.228-0530: 11.978: Total time for which application threads were stopped: 0.0003453 seconds
2016-07-01T20:05:45.296-0530: 12.046: Total time for which application threads were stopped: 0.0002558 seconds
2016-07-01T20:05:45.312-0530: 12.062: Total time for which application threads were stopped: 0.0000916 seconds
2016-07-01T20:05:45.312-0530: 12.062: Total time for which application threads were stopped: 0.0000647 seconds
2016-07-01T20:05:45.312-0530: 12.062: Total time for which application threads were stopped: 0.0000624 seconds
2016-07-01T20:05:45.334-0530: 12.084: Total time for which application threads were stopped: 0.0000867 seconds
2016-07-01T20:05:45.439-0530: 12.190: Total time for which application threads were stopped: 0.0001007 seconds
2016-07-01T20:05:45.439-0530: 12.190: Total time for which application threads were stopped: 0.0000414 seconds
2016-07-01T20:05:45.478-0530: 12.228: Total time for which application threads were stopped: 0.0000943 seconds
2016-07-01T20:05:45.478-0530: 12.228: Total time for which application threads were stopped: 0.0000465 seconds
2016-07-01T20:05:45.478-0530: 12.228: Total time for which application threads were stopped: 0.0000445 seconds
2016-07-01T20:05:45.482-0530: 12.233: Total time for which application threads were stopped: 0.0001076 seconds
2016-07-01T20:05:45.583-0530: 12.333: Total time for which application threads were stopped: 0.0002557 seconds
2016-07-01T20:05:45.585-0530: 12.335: Total time for which application threads were stopped: 0.0001213 seconds
2016-07-01T20:05:45.903-0530: 12.653: Total time for which application threads were stopped: 0.0003334 seconds
2016-07-01T20:05:45.992-0530: 12.742: Total time for which application threads were stopped: 0.0000691 seconds
2016-07-01T20:05:45.993-0530: 12.744: Total time for which application threads were stopped: 0.0000496 seconds
2016-07-01T20:05:46.091-0530: 12.842: Total time for which application threads were stopped: 0.0000774 seconds
2016-07-01T20:05:46.202-0530: 12.952: Total time for which application threads were stopped: 0.0000769 seconds
2016-07-01T20:05:46.202-0530: 12.952: Total time for which application threads were stopped: 0.0000358 seconds
2016-07-01T20:05:46.202-0530: 12.952: Total time for which application threads were stopped: 0.0000367 seconds
2016-07-01T20:05:46.215-0530: 12.965: Total time for which application threads were stopped: 0.0000906 seconds
2016-07-01T20:05:46.240-0530: 12.991: Total time for which application threads were stopped: 0.0001552 seconds
2016-07-01T20:05:46.294-0530: 13.044: Total time for which application threads were stopped: 0.0003807 seconds
{Heap before GC invocations=2 (full 0):
 par new generation   total 109248K, used 98633K [0x00000007a0000000, 0x00000007a8000000, 0x00000007a8000000)
  eden space 87424K, 100% used [0x00000007a0000000, 0x00000007a5560000, 0x00000007a5560000)
  from space 21824K,  51% used [0x00000007a5560000, 0x00000007a6052450, 0x00000007a6ab0000)
  to   space 21824K,   0% used [0x00000007a6ab0000, 0x00000007a6ab0000, 0x00000007a8000000)
 concurrent mark-sweep generation total 393216K, used 0K [0x00000007a8000000, 0x00000007c0000000, 0x00000007c0000000)
 Metaspace       used 21160K, capacity 21362K, committed 21628K, reserved 1069056K
  class space    used 2508K, capacity 2582K, committed 2684K, reserved 1048576K
2016-07-01T20:05:46.310-0530: 13.060: [GC (Allocation Failure) 13.060: [ParNew
Desired survivor size 20112992 bytes, new threshold 8 (max 8)
- age   1:    2676120 bytes,    2676120 total
- age   2:    2128264 bytes,    4804384 total
- age   3:    2464120 bytes,    7268504 total
: 98633K->13858K(109248K), 0.0109138 secs] 98633K->13858K(502464K), 0.0109937 secs] [Times: user=0.02 sys=0.01, real=0.01 secs] 
Heap after GC invocations=3 (full 0):
 par new generation   total 109248K, used 13858K [0x00000007a0000000, 0x00000007a8000000, 0x00000007a8000000)
  eden space 87424K,   0% used [0x00000007a0000000, 0x00000007a0000000, 0x00000007a5560000)
  from space 21824K,  63% used [0x00000007a6ab0000, 0x00000007a7838a50, 0x00000007a8000000)
  to   space 21824K,   0% used [0x00000007a5560000, 0x00000007a5560000, 0x00000007a6ab0000)
 concurrent mark-sweep generation total 393216K, used 0K [0x00000007a8000000, 0x00000007c0000000, 0x00000007c0000000)
 Metaspace       used 21160K, capacity 21362K, committed 21628K, reserved 1069056K
  class space    used 2508K, capacity 2582K, committed 2684K, reserved 1048576K
}
2016-07-01T20:05:46.321-0530: 13.071: Total time for which application threads were stopped: 0.0111661 seconds
2016-07-01T20:05:46.383-0530: 13.134: [GC (CMS Initial Mark) [1 CMS-initial-mark: 0K(393216K)] 14664K(502464K), 0.0027477 secs] [Times: user=0.01 sys=0.00, real=0.00 secs] 
2016-07-01T20:05:46.386-0530: 13.136: Total time for which application threads were stopped: 0.0029594 seconds
2016-07-01T20:05:46.386-0530: 13.136: [CMS-concurrent-mark-start]
2016-07-01T20:05:46.387-0530: 13.137: [CMS-concurrent-mark: 0.000/0.000 secs] [Times: user=0.00 sys=0.00, real=0.00 secs] 
2016-07-01T20:05:46.387-0530: 13.137: [CMS-concurrent-preclean-start]
2016-07-01T20:05:46.388-0530: 13.138: [CMS-concurrent-preclean: 0.001/0.001 secs] [Times: user=0.00 sys=0.00, real=0.00 secs] 
2016-07-01T20:05:46.388-0530: 13.138: [GC (CMS Final Remark) [YG occupancy: 14664 K (109248 K)]{Heap before GC invocations=3 (full 1):
 par new generation   total 109248K, used 14664K [0x00000007a0000000, 0x00000007a8000000, 0x00000007a8000000)
  eden space 87424K,   0% used [0x00000007a0000000, 0x00000007a00c9820, 0x00000007a5560000)
  from space 21824K,  63% used [0x00000007a6ab0000, 0x00000007a7838a50, 0x00000007a8000000)
  to   space 21824K,   0% used [0x00000007a5560000, 0x00000007a5560000, 0x00000007a6ab0000)
 concurrent mark-sweep generation total 393216K, used 0K [0x00000007a8000000, 0x00000007c0000000, 0x00000007c0000000)
 Metaspace       used 21210K, capacity 21426K, committed 21628K, reserved 1069056K
  class space    used 2516K, capacity 2582K, committed 2684K, reserved 1048576K
2016-07-01T20:05:46.388-0530: 13.138: [GC (CMS Final Remark) 13.138: [ParNew
Desired survivor size 20112992 bytes, new threshold 8 (max 8)
- age   1:      55216 bytes,      55216 total
- age   2:     498680 bytes,     553896 total
- age   3:    2128176 bytes,    2682072 total
- age   4:    2464168 bytes,    5146240 total
: 14664K->6621K(109248K), 0.0066328 secs] 14664K->6621K(502464K), 0.0066787 secs] [Times: user=0.02 sys=0.00, real=0.01 secs] 
Heap after GC invocations=4 (full 1):
 par new generation   total 109248K, used 6621K [0x00000007a0000000, 0x00000007a8000000, 0x00000007a8000000)
  eden space 87424K,   0% used [0x00000007a0000000, 0x00000007a0000000, 0x00000007a5560000)
  from space 21824K,  30% used [0x00000007a5560000, 0x00000007a5bd7580, 0x00000007a6ab0000)
  to   space 21824K,   0% used [0x00000007a6ab0000, 0x00000007a6ab0000, 0x00000007a8000000)
 concurrent mark-sweep generation total 393216K, used 0K [0x00000007a8000000, 0x00000007c0000000, 0x00000007c0000000)
 Metaspace       used 21210K, capacity 21426K, committed 21628K, reserved 1069056K
  class space    used 2516K, capacity 2582K, committed 2684K, reserved 1048576K
}
13.145: [Rescan (parallel) , 0.0021821 secs]13.147: [weak refs processing, 0.0008508 secs]13.148: [class unloading, 0.0069666 secs]13.155: [scrub symbol table, 0.0030125 secs]13.158: [scrub string table, 0.0003174 secs][1 CMS-remark: 0K(393216K)] 6621K(502464K), 0.0221977 secs] [Times: user=0.04 sys=0.00, real=0.03 secs] 
2016-07-01T20:05:46.410-0530: 13.161: Total time for which application threads were stopped: 0.0223895 seconds
2016-07-01T20:05:46.410-0530: 13.161: [CMS-concurrent-sweep-start]
2016-07-01T20:05:46.410-0530: 13.161: [CMS-concurrent-sweep: 0.000/0.000 secs] [Times: user=0.00 sys=0.00, real=0.00 secs] 
2016-07-01T20:05:46.410-0530: 13.161: [CMS-concurrent-reset-start]
2016-07-01T20:05:46.414-0530: 13.164: [CMS-concurrent-reset: 0.004/0.004 secs] [Times: user=0.01 sys=0.00, real=0.00 secs] 
2016-07-01T20:05:46.591-0530: 13.341: Total time for which application threads were stopped: 0.0001488 seconds
2016-07-01T20:05:46.610-0530: 13.360: Total time for which application threads were stopped: 0.0000906 seconds
2016-07-01T20:05:46.701-0530: 13.451: Total time for which application threads were stopped: 0.0000825 seconds
2016-07-01T20:05:46.701-0530: 13.451: Total time for which application threads were stopped: 0.0000348 seconds
2016-07-01T20:05:46.701-0530: 13.451: Total time for which application threads were stopped: 0.0000310 seconds
2016-07-01T20:05:46.713-0530: 13.463: Total time for which application threads were stopped: 0.0000787 seconds
2016-07-01T20:05:46.811-0530: 13.561: Total time for which application threads were stopped: 0.0000927 seconds
2016-07-01T20:05:46.811-0530: 13.562: Total time for which application threads were stopped: 0.0000362 seconds
2016-07-01T20:05:46.987-0530: 13.738: Total time for which application threads were stopped: 0.0001031 seconds
2016-07-01T20:05:46.987-0530: 13.738: Total time for which application threads were stopped: 0.0000944 seconds
2016-07-01T20:05:46.987-0530: 13.738: Total time for which application threads were stopped: 0.0000553 seconds
2016-07-01T20:05:47.001-0530: 13.751: Total time for which application threads were stopped: 0.0000826 seconds
2016-07-01T20:05:47.010-0530: 13.760: Total time for which application threads were stopped: 0.0000809 seconds
2016-07-01T20:05:47.010-0530: 13.760: Total time for which application threads were stopped: 0.0000471 seconds
2016-07-01T20:05:47.010-0530: 13.760: Total time for which application threads were stopped: 0.0001237 seconds
2016-07-01T20:05:47.018-0530: 13.769: Total time for which application threads were stopped: 0.0001021 seconds
2016-07-01T20:05:47.077-0530: 13.828: Total time for which application threads were stopped: 0.0000731 seconds
2016-07-01T20:05:47.078-0530: 13.828: Total time for which application threads were stopped: 0.0001028 seconds
2016-07-01T20:05:47.110-0530: 13.861: Total time for which application threads were stopped: 0.0001281 seconds
2016-07-01T20:05:48.111-0530: 14.862: Total time for which application threads were stopped: 0.0001468 seconds
2016-07-01T20:05:48.586-0530: 15.337: Total time for which application threads were stopped: 0.0003481 seconds
2016-07-01T20:05:49.591-0530: 16.341: Total time for which application threads were stopped: 0.0011052 seconds
2016-07-01T20:05:49.678-0530: 16.429: Total time for which application threads were stopped: 0.0001117 seconds
2016-07-01T20:05:49.678-0530: 16.429: Total time for which application threads were stopped: 0.0000597 seconds
2016-07-01T20:05:49.682-0530: 16.432: Total time for which application threads were stopped: 0.0001051 seconds
2016-07-01T20:05:49.712-0530: 16.462: Total time for which application threads were stopped: 0.0000865 seconds
2016-07-01T20:05:49.712-0530: 16.462: Total time for which application threads were stopped: 0.0001557 seconds
2016-07-01T20:05:49.722-0530: 16.473: Total time for which application threads were stopped: 0.0001120 seconds
2016-07-01T20:05:49.790-0530: 16.540: Total time for which application threads were stopped: 0.0001773 seconds
2016-07-01T20:05:49.801-0530: 16.552: Total time for which application threads were stopped: 0.0001888 seconds
2016-07-01T20:05:49.985-0530: 16.736: Total time for which application threads were stopped: 0.0001520 seconds
2016-07-01T20:05:49.985-0530: 16.736: Total time for which application threads were stopped: 0.0000751 seconds
2016-07-01T20:05:49.985-0530: 16.736: Total time for which application threads were stopped: 0.0000772 seconds
2016-07-01T20:05:50.159-0530: 16.909: Total time for which application threads were stopped: 0.0000884 seconds
2016-07-01T20:05:50.159-0530: 16.910: Total time for which application threads were stopped: 0.0000636 seconds
2016-07-01T20:06:42.523-0530: 69.275: Total time for which application threads were stopped: 0.0000740 seconds
2016-07-01T20:06:42.523-0530: 69.275: Total time for which application threads were stopped: 0.0001251 seconds
2016-07-01T20:06:42.604-0530: 69.356: Total time for which application threads were stopped: 0.0001080 seconds
2016-07-01T20:06:42.604-0530: 69.356: Total time for which application threads were stopped: 0.0000921 seconds
2016-07-01T20:06:42.604-0530: 69.356: Total time for which application threads were stopped: 0.0000415 seconds
2016-07-01T20:06:42.604-0530: 69.356: Total time for which application threads were stopped: 0.0000388 seconds
2016-07-01T20:06:42.604-0530: 69.356: Total time for which application threads were stopped: 0.0000390 seconds
2016-07-01T20:06:42.604-0530: 69.356: Total time for which application threads were stopped: 0.0000390 seconds
2016-07-01T20:06:42.604-0530: 69.357: Total time for which application threads were stopped: 0.0000393 seconds
2016-07-01T20:06:42.604-0530: 69.357: Total time for which application threads were stopped: 0.0000390 seconds
2016-07-01T20:06:42.604-0530: 69.357: Total time for which application threads were stopped: 0.0000386 seconds
2016-07-01T20:06:42.605-0530: 69.357: Total time for which application threads were stopped: 0.0000651 seconds
2016-07-01T20:06:42.605-0530: 69.357: Total time for which application threads were stopped: 0.0000405 seconds
2016-07-01T20:06:42.605-0530: 69.357: Total time for which application threads were stopped: 0.0000740 seconds
2016-07-01T20:06:42.605-0530: 69.357: Total time for which application threads were stopped: 0.0000381 seconds
2016-07-01T20:06:42.605-0530: 69.357: Total time for which application threads were stopped: 0.0000419 seconds
2016-07-01T20:06:42.605-0530: 69.357: Total time for which application threads were stopped: 0.0000367 seconds
2016-07-01T20:06:42.605-0530: 69.357: Total time for which application threads were stopped: 0.0000400 seconds
2016-07-01T20:06:42.605-0530: 69.358: Total time for which application threads were stopped: 0.0000376 seconds
2016-07-01T20:06:42.605-0530: 69.358: Total time for which application threads were stopped: 0.0000360 seconds
2016-07-01T20:06:42.605-0530: 69.358: Total time for which application threads were stopped: 0.0000384 seconds
2016-07-01T20:06:42.607-0530: 69.360: Total time for which application threads were stopped: 0.0000575 seconds
2016-07-01T20:06:42.608-0530: 69.361: Total time for which application threads were stopped: 0.0000838 seconds
2016-07-01T20:06:42.643-0530: 69.395: Total time for which application threads were stopped: 0.0002092 seconds
2016-07-01T20:06:42.919-0530: 69.671: Total time for which application threads were stopped: 0.0001169 seconds
2016-07-01T20:06:43.225-0530: 69.977: Total time for which application threads were stopped: 0.0000818 seconds
2016-07-01T20:06:43.248-0530: 70.000: Total time for which application threads were stopped: 0.0000696 seconds
2016-07-01T20:06:43.248-0530: 70.000: Total time for which application threads were stopped: 0.0000453 seconds
2016-07-01T20:06:43.258-0530: 70.010: Total time for which application threads were stopped: 0.0000646 seconds
2016-07-01T20:06:43.271-0530: 70.024: Total time for which application threads were stopped: 0.0000757 seconds
2016-07-01T20:06:43.271-0530: 70.024: Total time for which application threads were stopped: 0.0001030 seconds
2016-07-01T20:06:43.306-0530: 70.058: Total time for which application threads were stopped: 0.0000683 seconds
2016-07-01T20:06:43.313-0530: 70.065: Total time for which application threads were stopped: 0.0000704 seconds
2016-07-01T20:06:43.386-0530: 70.138: Total time for which application threads were stopped: 0.0000770 seconds
2016-07-01T20:06:43.387-0530: 70.140: Total time for which application threads were stopped: 0.0000489 seconds
2016-07-01T20:06:43.514-0530: 70.266: Total time for which application threads were stopped: 0.0000894 seconds
2016-07-01T20:06:43.524-0530: 70.276: Total time for which application threads were stopped: 0.0000903 seconds
2016-07-01T20:06:43.530-0530: 70.282: Total time for which application threads were stopped: 0.0000680 seconds
2016-07-01T20:06:44.404-0530: 71.157: Total time for which application threads were stopped: 0.0003363 seconds
2016-07-01T20:06:45.028-0530: 71.780: Total time for which application threads were stopped: 0.0001304 seconds
2016-07-01T20:06:46.033-0530: 72.785: Total time for which application threads were stopped: 0.0039426 seconds
2016-07-01T20:06:47.039-0530: 73.792: Total time for which application threads were stopped: 0.0050474 seconds
2016-07-01T20:06:48.044-0530: 74.796: Total time for which application threads were stopped: 0.0006027 seconds
2016-07-01T20:06:48.827-0530: 75.579: Total time for which application threads were stopped: 0.0001255 seconds
2016-07-01T20:06:48.827-0530: 75.579: Total time for which application threads were stopped: 0.0000649 seconds
2016-07-01T20:06:48.827-0530: 75.580: Total time for which application threads were stopped: 0.0000520 seconds
2016-07-01T20:06:48.827-0530: 75.580: Total time for which application threads were stopped: 0.0000454 seconds
2016-07-01T20:06:48.827-0530: 75.580: Total time for which application threads were stopped: 0.0000448 seconds
2016-07-01T20:06:48.846-0530: 75.598: Total time for which application threads were stopped: 0.0000900 seconds
2016-07-01T20:06:48.846-0530: 75.598: Total time for which application threads were stopped: 0.0000542 seconds
2016-07-01T20:06:48.847-0530: 75.599: Total time for which application threads were stopped: 0.0000638 seconds
2016-07-01T20:06:48.848-0530: 75.601: Total time for which application threads were stopped: 0.0000911 seconds
2016-07-01T20:06:48.848-0530: 75.601: Total time for which application threads were stopped: 0.0000618 seconds
2016-07-01T20:06:48.848-0530: 75.601: Total time for which application threads were stopped: 0.0000452 seconds
2016-07-01T20:06:48.859-0530: 75.611: Total time for which application threads were stopped: 0.0002225 seconds
2016-07-01T20:06:48.902-0530: 75.655: Total time for which application threads were stopped: 0.0001189 seconds
2016-07-01T20:06:48.913-0530: 75.665: Total time for which application threads were stopped: 0.0000936 seconds
2016-07-01T20:06:48.916-0530: 75.669: Total time for which application threads were stopped: 0.0000927 seconds
2016-07-01T20:06:48.927-0530: 75.679: Total time for which application threads were stopped: 0.0000867 seconds
2016-07-01T20:06:48.927-0530: 75.679: Total time for which application threads were stopped: 0.0000577 seconds
2016-07-01T20:06:48.947-0530: 75.700: Total time for which application threads were stopped: 0.0001225 seconds
2016-07-01T20:06:49.005-0530: 75.757: Total time for which application threads were stopped: 0.0000936 seconds
2016-07-01T20:06:49.005-0530: 75.758: Total time for which application threads were stopped: 0.0000355 seconds
2016-07-01T20:06:49.072-0530: 75.824: Total time for which application threads were stopped: 0.0001902 seconds
2016-07-01T20:06:49.072-0530: 75.824: Total time for which application threads were stopped: 0.0001526 seconds
2016-07-01T20:06:49.072-0530: 75.825: Total time for which application threads were stopped: 0.0000767 seconds
2016-07-01T20:06:49.081-0530: 75.833: Total time for which application threads were stopped: 0.0001492 seconds
2016-07-01T20:06:49.117-0530: 75.869: Total time for which application threads were stopped: 0.0001149 seconds
2016-07-01T20:06:49.117-0530: 75.869: Total time for which application threads were stopped: 0.0000413 seconds
{Heap before GC invocations=4 (full 1):
 par new generation   total 109248K, used 94045K [0x00000007a0000000, 0x00000007a8000000, 0x00000007a8000000)
  eden space 87424K, 100% used [0x00000007a0000000, 0x00000007a5560000, 0x00000007a5560000)
  from space 21824K,  30% used [0x00000007a5560000, 0x00000007a5bd7580, 0x00000007a6ab0000)
  to   space 21824K,   0% used [0x00000007a6ab0000, 0x00000007a6ab0000, 0x00000007a8000000)
 concurrent mark-sweep generation total 393216K, used 0K [0x00000007a8000000, 0x00000007c0000000, 0x00000007c0000000)
 Metaspace       used 28045K, capacity 28352K, committed 28668K, reserved 1075200K
  class space    used 3382K, capacity 3465K, committed 3580K, reserved 1048576K
2016-07-01T20:06:49.272-0530: 76.025: [GC (Allocation Failure) 76.040: [ParNew
Desired survivor size 20112992 bytes, new threshold 5 (max 8)
- age   1:   17270616 bytes,   17270616 total
- age   2:       5528 bytes,   17276144 total
- age   3:     480560 bytes,   17756704 total
- age   4:    2080040 bytes,   19836744 total
- age   5:    2458912 bytes,   22295656 total
: 94045K->21824K(109248K), 0.0531630 secs] 94045K->24080K(502464K), 0.0686590 secs] [Times: user=0.07 sys=0.03, real=0.07 secs] 
Heap after GC invocations=5 (full 1):
 par new generation   total 109248K, used 21824K [0x00000007a0000000, 0x00000007a8000000, 0x00000007a8000000)
  eden space 87424K,   0% used [0x00000007a0000000, 0x00000007a0000000, 0x00000007a5560000)
  from space 21824K, 100% used [0x00000007a6ab0000, 0x00000007a8000000, 0x00000007a8000000)
  to   space 21824K,   0% used [0x00000007a5560000, 0x00000007a5560000, 0x00000007a6ab0000)
 concurrent mark-sweep generation total 393216K, used 2256K [0x00000007a8000000, 0x00000007c0000000, 0x00000007c0000000)
 Metaspace       used 28045K, capacity 28352K, committed 28668K, reserved 1075200K
  class space    used 3382K, capacity 3465K, committed 3580K, reserved 1048576K
}
2016-07-01T20:06:49.341-0530: 76.094: Total time for which application threads were stopped: 0.0688831 seconds
2016-07-01T20:06:49.345-0530: 76.097: Total time for which application threads were stopped: 0.0001950 seconds
2016-07-01T20:06:49.363-0530: 76.115: Total time for which application threads were stopped: 0.0009315 seconds
2016-07-01T20:06:49.363-0530: 76.116: Total time for which application threads were stopped: 0.0001422 seconds
2016-07-01T20:06:49.364-0530: 76.116: Total time for which application threads were stopped: 0.0000760 seconds
2016-07-01T20:06:49.405-0530: 76.158: Total time for which application threads were stopped: 0.0000753 seconds
2016-07-01T20:06:49.509-0530: 76.261: Total time for which application threads were stopped: 0.0001530 seconds
2016-07-01T20:06:49.509-0530: 76.261: Total time for which application threads were stopped: 0.0000441 seconds
2016-07-01T20:06:49.589-0530: 76.342: Total time for which application threads were stopped: 0.0000782 seconds
2016-07-01T20:06:49.589-0530: 76.342: Total time for which application threads were stopped: 0.0000440 seconds
2016-07-01T20:06:49.589-0530: 76.342: Total time for which application threads were stopped: 0.0000518 seconds
2016-07-01T20:06:49.605-0530: 76.358: Total time for which application threads were stopped: 0.0001078 seconds
2016-07-01T20:06:50.262-0530: 77.015: Total time for which application threads were stopped: 0.0004316 seconds
2016-07-01T20:06:50.387-0530: 77.139: Total time for which application threads were stopped: 0.0001068 seconds
2016-07-01T20:06:50.387-0530: 77.140: Total time for which application threads were stopped: 0.0001254 seconds
2016-07-01T20:06:50.387-0530: 77.140: Total time for which application threads were stopped: 0.0000885 seconds
2016-07-01T20:06:50.388-0530: 77.140: Total time for which application threads were stopped: 0.0004396 seconds
2016-07-01T20:06:50.388-0530: 77.140: Total time for which application threads were stopped: 0.0000501 seconds
2016-07-01T20:06:50.388-0530: 77.140: Total time for which application threads were stopped: 0.0000434 seconds
2016-07-01T20:06:50.388-0530: 77.141: Total time for which application threads were stopped: 0.0000702 seconds
2016-07-01T20:06:50.388-0530: 77.141: Total time for which application threads were stopped: 0.0000434 seconds
2016-07-01T20:06:50.388-0530: 77.141: Total time for which application threads were stopped: 0.0002487 seconds
2016-07-01T20:06:50.539-0530: 77.291: Total time for which application threads were stopped: 0.0001304 seconds
2016-07-01T20:06:50.633-0530: 77.386: Total time for which application threads were stopped: 0.0003527 seconds
2016-07-01T20:06:50.656-0530: 77.408: Total time for which application threads were stopped: 0.0003805 seconds
2016-07-01T20:06:50.814-0530: 77.567: Total time for which application threads were stopped: 0.0005591 seconds
{Heap before GC invocations=5 (full 1):
 par new generation   total 109248K, used 109248K [0x00000007a0000000, 0x00000007a8000000, 0x00000007a8000000)
  eden space 87424K, 100% used [0x00000007a0000000, 0x00000007a5560000, 0x00000007a5560000)
  from space 21824K, 100% used [0x00000007a6ab0000, 0x00000007a8000000, 0x00000007a8000000)
  to   space 21824K,   0% used [0x00000007a5560000, 0x00000007a5560000, 0x00000007a6ab0000)
 concurrent mark-sweep generation total 393216K, used 2256K [0x00000007a8000000, 0x00000007c0000000, 0x00000007c0000000)
 Metaspace       used 29141K, capacity 29472K, committed 29820K, reserved 1075200K
  class space    used 3512K, capacity 3625K, committed 3708K, reserved 1048576K
2016-07-01T20:06:51.620-0530: 78.372: [GC (Allocation Failure) 78.372: [ParNew
Desired survivor size 20112992 bytes, new threshold 5 (max 8)
- age   1:    6981440 bytes,    6981440 total
- age   2:   10815856 bytes,   17797296 total
- age   3:       5208 bytes,   17802504 total
- age   4:     449416 bytes,   18251920 total
- age   5:    1991288 bytes,   20243208 total
: 109248K->21824K(109248K), 0.0702307 secs] 111504K->36619K(502464K), 0.0703191 secs] [Times: user=0.17 sys=0.03, real=0.07 secs] 
Heap after GC invocations=6 (full 1):
 par new generation   total 109248K, used 21824K [0x00000007a0000000, 0x00000007a8000000, 0x00000007a8000000)
  eden space 87424K,   0% used [0x00000007a0000000, 0x00000007a0000000, 0x00000007a5560000)
  from space 21824K, 100% used [0x00000007a5560000, 0x00000007a6ab0000, 0x00000007a6ab0000)
  to   space 21824K,   0% used [0x00000007a6ab0000, 0x00000007a6ab0000, 0x00000007a8000000)
 concurrent mark-sweep generation total 393216K, used 14795K [0x00000007a8000000, 0x00000007c0000000, 0x00000007c0000000)
 Metaspace       used 29141K, capacity 29472K, committed 29820K, reserved 1075200K
  class space    used 3512K, capacity 3625K, committed 3708K, reserved 1048576K
}
2016-07-01T20:06:51.690-0530: 78.443: Total time for which application threads were stopped: 0.0705970 seconds
2016-07-01T20:06:52.694-0530: 79.447: Total time for which application threads were stopped: 0.0001622 seconds
2016-07-01T20:06:53.400-0530: 80.152: Total time for which application threads were stopped: 0.0001349 seconds
2016-07-01T20:06:53.459-0530: 80.212: Total time for which application threads were stopped: 0.0004735 seconds
2016-07-01T20:06:54.462-0530: 81.215: Total time for which application threads were stopped: 0.0002135 seconds
2016-07-01T20:07:43.698-0530: 130.453: Total time for which application threads were stopped: 0.0000826 seconds
2016-07-01T20:07:43.699-0530: 130.453: Total time for which application threads were stopped: 0.0000508 seconds
2016-07-01T20:07:43.699-0530: 130.453: Total time for which application threads were stopped: 0.0000455 seconds
2016-07-01T20:08:43.850-0530: 190.606: Total time for which application threads were stopped: 0.0000973 seconds
2016-07-01T20:10:14.112-0530: 280.871: Total time for which application threads were stopped: 0.0002350 seconds
2016-07-01T20:11:14.575-0530: 341.336: Total time for which application threads were stopped: 0.0001038 seconds
2016-07-01T20:11:14.576-0530: 341.337: Total time for which application threads were stopped: 0.0000624 seconds
2016-07-01T20:11:14.576-0530: 341.337: Total time for which application threads were stopped: 0.0000552 seconds
2016-07-01T20:11:14.577-0530: 341.338: Total time for which application threads were stopped: 0.0000731 seconds
2016-07-01T20:11:15.578-0530: 342.339: Total time for which application threads were stopped: 0.0006333 seconds
2016-07-01T20:11:16.584-0530: 343.346: Total time for which application threads were stopped: 0.0012185 seconds
2016-07-01T20:11:17.593-0530: 344.354: Total time for which application threads were stopped: 0.0042875 seconds
2016-07-01T20:11:20.598-0530: 347.359: Total time for which application threads were stopped: 0.0003319 seconds
{Heap before GC invocations=6 (full 1):
 par new generation   total 109248K, used 109248K [0x00000007a0000000, 0x00000007a8000000, 0x00000007a8000000)
  eden space 87424K, 100% used [0x00000007a0000000, 0x00000007a5560000, 0x00000007a5560000)
  from space 21824K, 100% used [0x00000007a5560000, 0x00000007a6ab0000, 0x00000007a6ab0000)
  to   space 21824K,   0% used [0x00000007a6ab0000, 0x00000007a6ab0000, 0x00000007a8000000)
 concurrent mark-sweep generation total 393216K, used 14795K [0x00000007a8000000, 0x00000007c0000000, 0x00000007c0000000)
 Metaspace       used 29864K, capacity 30176K, committed 30588K, reserved 1077248K
  class space    used 3600K, capacity 3689K, committed 3708K, reserved 1048576K
2016-07-01T20:11:22.076-0530: 348.837: [GC (Allocation Failure) 348.846: [ParNew
Desired survivor size 20112992 bytes, new threshold 3 (max 8)
- age   1:   11927088 bytes,   11927088 total
- age   2:    1676760 bytes,   13603848 total
- age   3:    8030168 bytes,   21634016 total
- age   4:       5080 bytes,   21639096 total
- age   5:     447152 bytes,   22086248 total
: 109248K->21824K(109248K), 0.0554492 secs] 124043K->48402K(502464K), 0.0645043 secs] [Times: user=0.07 sys=0.04, real=0.07 secs] 
Heap after GC invocations=7 (full 1):
 par new generation   total 109248K, used 21824K [0x00000007a0000000, 0x00000007a8000000, 0x00000007a8000000)
  eden space 87424K,   0% used [0x00000007a0000000, 0x00000007a0000000, 0x00000007a5560000)
  from space 21824K, 100% used [0x00000007a6ab0000, 0x00000007a8000000, 0x00000007a8000000)
  to   space 21824K,   0% used [0x00000007a5560000, 0x00000007a5560000, 0x00000007a6ab0000)
 concurrent mark-sweep generation total 393216K, used 26578K [0x00000007a8000000, 0x00000007c0000000, 0x00000007c0000000)
 Metaspace       used 29864K, capacity 30176K, committed 30588K, reserved 1077248K
  class space    used 3600K, capacity 3689K, committed 3708K, reserved 1048576K
}
2016-07-01T20:11:22.140-0530: 348.901: Total time for which application threads were stopped: 0.0647071 seconds
{Heap before GC invocations=7 (full 1):
 par new generation   total 109248K, used 109248K [0x00000007a0000000, 0x00000007a8000000, 0x00000007a8000000)
  eden space 87424K, 100% used [0x00000007a0000000, 0x00000007a5560000, 0x00000007a5560000)
  from space 21824K, 100% used [0x00000007a6ab0000, 0x00000007a8000000, 0x00000007a8000000)
  to   space 21824K,   0% used [0x00000007a5560000, 0x00000007a5560000, 0x00000007a6ab0000)
 concurrent mark-sweep generation total 393216K, used 26578K [0x00000007a8000000, 0x00000007c0000000, 0x00000007c0000000)
 Metaspace       used 29870K, capacity 30176K, committed 30588K, reserved 1077248K
  class space    used 3600K, capacity 3689K, committed 3708K, reserved 1048576K
2016-07-01T20:11:23.076-0530: 349.838: [GC (Allocation Failure) 349.855: [ParNew
Desired survivor size 20112992 bytes, new threshold 2 (max 8)
- age   1:   12552680 bytes,   12552680 total
- age   2:    7864128 bytes,   20416808 total
- age   3:    1676720 bytes,   22093528 total
: 109248K->21824K(109248K), 0.0413383 secs] 135826K->71040K(502464K), 0.0583999 secs] [Times: user=0.11 sys=0.02, real=0.06 secs] 
Heap after GC invocations=8 (full 1):
 par new generation   total 109248K, used 21824K [0x00000007a0000000, 0x00000007a8000000, 0x00000007a8000000)
  eden space 87424K,   0% used [0x00000007a0000000, 0x00000007a0000000, 0x00000007a5560000)
  from space 21824K, 100% used [0x00000007a5560000, 0x00000007a6ab0000, 0x00000007a6ab0000)
  to   space 21824K,   0% used [0x00000007a6ab0000, 0x00000007a6ab0000, 0x00000007a8000000)
 concurrent mark-sweep generation total 393216K, used 49216K [0x00000007a8000000, 0x00000007c0000000, 0x00000007c0000000)
 Metaspace       used 29870K, capacity 30176K, committed 30588K, reserved 1077248K
  class space    used 3600K, capacity 3689K, committed 3708K, reserved 1048576K
}
2016-07-01T20:11:23.135-0530: 349.896: Total time for which application threads were stopped: 0.0586949 seconds
{Heap before GC invocations=8 (full 1):
 par new generation   total 109248K, used 109248K [0x00000007a0000000, 0x00000007a8000000, 0x00000007a8000000)
  eden space 87424K, 100% used [0x00000007a0000000, 0x00000007a5560000, 0x00000007a5560000)
  from space 21824K, 100% used [0x00000007a5560000, 0x00000007a6ab0000, 0x00000007a6ab0000)
  to   space 21824K,   0% used [0x00000007a6ab0000, 0x00000007a6ab0000, 0x00000007a8000000)
 concurrent mark-sweep generation total 393216K, used 49216K [0x00000007a8000000, 0x00000007c0000000, 0x00000007c0000000)
 Metaspace       used 29870K, capacity 30176K, committed 30588K, reserved 1077248K
  class space    used 3600K, capacity 3689K, committed 3708K, reserved 1048576K
2016-07-01T20:11:23.696-0530: 350.458: [GC (Allocation Failure) 350.458: [ParNew
Desired survivor size 20112992 bytes, new threshold 2 (max 8)
- age   1:   18377120 bytes,   18377120 total
- age   2:    3969656 bytes,   22346776 total
: 109248K->21824K(109248K), 0.1603953 secs] 158464K->127673K(502464K), 0.1604748 secs] [Times: user=0.31 sys=0.04, real=0.16 secs] 
Heap after GC invocations=9 (full 1):
 par new generation   total 109248K, used 21824K [0x00000007a0000000, 0x00000007a8000000, 0x00000007a8000000)
  eden space 87424K,   0% used [0x00000007a0000000, 0x00000007a0000000, 0x00000007a5560000)
  from space 21824K, 100% used [0x00000007a6ab0000, 0x00000007a8000000, 0x00000007a8000000)
  to   space 21824K,   0% used [0x00000007a5560000, 0x00000007a5560000, 0x00000007a6ab0000)
 concurrent mark-sweep generation total 393216K, used 105849K [0x00000007a8000000, 0x00000007c0000000, 0x00000007c0000000)
 Metaspace       used 29870K, capacity 30176K, committed 30588K, reserved 1077248K
  class space    used 3600K, capacity 3689K, committed 3708K, reserved 1048576K
}
2016-07-01T20:11:23.857-0530: 350.618: Total time for which application threads were stopped: 0.1607199 seconds
{Heap before GC invocations=9 (full 1):
 par new generation   total 109248K, used 109248K [0x00000007a0000000, 0x00000007a8000000, 0x00000007a8000000)
  eden space 87424K, 100% used [0x00000007a0000000, 0x00000007a5560000, 0x00000007a5560000)
  from space 21824K, 100% used [0x00000007a6ab0000, 0x00000007a8000000, 0x00000007a8000000)
  to   space 21824K,   0% used [0x00000007a5560000, 0x00000007a5560000, 0x00000007a6ab0000)
 concurrent mark-sweep generation total 393216K, used 105849K [0x00000007a8000000, 0x00000007c0000000, 0x00000007c0000000)
 Metaspace       used 29870K, capacity 30176K, committed 30588K, reserved 1077248K
  class space    used 3600K, capacity 3689K, committed 3708K, reserved 1048576K
2016-07-01T20:11:24.724-0530: 351.485: [GC (Allocation Failure) 351.485: [ParNew
Desired survivor size 20112992 bytes, new threshold 2 (max 8)
- age   1:   16633792 bytes,   16633792 total
- age   2:    5711504 bytes,   22345296 total
: 109248K->21824K(109248K), 0.1242690 secs] 215097K->177064K(502464K), 0.1243720 secs] [Times: user=0.32 sys=0.03, real=0.12 secs] 
Heap after GC invocations=10 (full 1):
 par new generation   total 109248K, used 21824K [0x00000007a0000000, 0x00000007a8000000, 0x00000007a8000000)
  eden space 87424K,   0% used [0x00000007a0000000, 0x00000007a0000000, 0x00000007a5560000)
  from space 21824K, 100% used [0x00000007a5560000, 0x00000007a6ab0000, 0x00000007a6ab0000)
  to   space 21824K,   0% used [0x00000007a6ab0000, 0x00000007a6ab0000, 0x00000007a8000000)
 concurrent mark-sweep generation total 393216K, used 155240K [0x00000007a8000000, 0x00000007c0000000, 0x00000007c0000000)
 Metaspace       used 29870K, capacity 30176K, committed 30588K, reserved 1077248K
  class space    used 3600K, capacity 3689K, committed 3708K, reserved 1048576K
}
2016-07-01T20:11:24.848-0530: 351.610: Total time for which application threads were stopped: 0.1246039 seconds
{Heap before GC invocations=10 (full 1):
 par new generation   total 109248K, used 109248K [0x00000007a0000000, 0x00000007a8000000, 0x00000007a8000000)
  eden space 87424K, 100% used [0x00000007a0000000, 0x00000007a5560000, 0x00000007a5560000)
  from space 21824K, 100% used [0x00000007a5560000, 0x00000007a6ab0000, 0x00000007a6ab0000)
  to   space 21824K,   0% used [0x00000007a6ab0000, 0x00000007a6ab0000, 0x00000007a8000000)
 concurrent mark-sweep generation total 393216K, used 155240K [0x00000007a8000000, 0x00000007c0000000, 0x00000007c0000000)
 Metaspace       used 29871K, capacity 30176K, committed 30588K, reserved 1077248K
  class space    used 3600K, capacity 3689K, committed 3708K, reserved 1048576K
2016-07-01T20:11:25.471-0530: 352.232: [GC (Allocation Failure) 352.232: [ParNew
Desired survivor size 20112992 bytes, new threshold 8 (max 8)
- age   1:    4222808 bytes,    4222808 total
- age   2:    8702240 bytes,   12925048 total
: 109248K->21686K(109248K), 0.0162198 secs] 264488K->181631K(502464K), 0.0162862 secs] [Times: user=0.05 sys=0.01, real=0.01 secs] 
Heap after GC invocations=11 (full 1):
 par new generation   total 109248K, used 21686K [0x00000007a0000000, 0x00000007a8000000, 0x00000007a8000000)
  eden space 87424K,   0% used [0x00000007a0000000, 0x00000007a0000000, 0x00000007a5560000)
  from space 21824K,  99% used [0x00000007a6ab0000, 0x00000007a7fdd878, 0x00000007a8000000)
  to   space 21824K,   0% used [0x00000007a5560000, 0x00000007a5560000, 0x00000007a6ab0000)
 concurrent mark-sweep generation total 393216K, used 159945K [0x00000007a8000000, 0x00000007c0000000, 0x00000007c0000000)
 Metaspace       used 29871K, capacity 30176K, committed 30588K, reserved 1077248K
  class space    used 3600K, capacity 3689K, committed 3708K, reserved 1048576K
}
2016-07-01T20:11:25.487-0530: 352.248: Total time for which application threads were stopped: 0.0164925 seconds
2016-07-01T20:11:26.492-0530: 353.254: Total time for which application threads were stopped: 0.0002502 seconds
{Heap before GC invocations=11 (full 1):
 par new generation   total 109248K, used 109110K [0x00000007a0000000, 0x00000007a8000000, 0x00000007a8000000)
  eden space 87424K, 100% used [0x00000007a0000000, 0x00000007a5560000, 0x00000007a5560000)
  from space 21824K,  99% used [0x00000007a6ab0000, 0x00000007a7fdd878, 0x00000007a8000000)
  to   space 21824K,   0% used [0x00000007a5560000, 0x00000007a5560000, 0x00000007a6ab0000)
 concurrent mark-sweep generation total 393216K, used 159945K [0x00000007a8000000, 0x00000007c0000000, 0x00000007c0000000)
 Metaspace       used 29873K, capacity 30176K, committed 30588K, reserved 1077248K
  class space    used 3600K, capacity 3689K, committed 3708K, reserved 1048576K
2016-07-01T20:11:26.546-0530: 353.307: [GC (Allocation Failure) 353.307: [ParNew
Desired survivor size 20112992 bytes, new threshold 8 (max 8)
- age   1:    2564816 bytes,    2564816 total
- age   2:    3906352 bytes,    6471168 total
- age   3:    8702240 bytes,   15173408 total
: 109110K->18406K(109248K), 0.0136315 secs] 269055K->178352K(502464K), 0.0137183 secs] [Times: user=0.05 sys=0.01, real=0.02 secs] 
Heap after GC invocations=12 (full 1):
 par new generation   total 109248K, used 18406K [0x00000007a0000000, 0x00000007a8000000, 0x00000007a8000000)
  eden space 87424K,   0% used [0x00000007a0000000, 0x00000007a0000000, 0x00000007a5560000)
  from space 21824K,  84% used [0x00000007a5560000, 0x00000007a6759b18, 0x00000007a6ab0000)
  to   space 21824K,   0% used [0x00000007a6ab0000, 0x00000007a6ab0000, 0x00000007a8000000)
 concurrent mark-sweep generation total 393216K, used 159945K [0x00000007a8000000, 0x00000007c0000000, 0x00000007c0000000)
 Metaspace       used 29873K, capacity 30176K, committed 30588K, reserved 1077248K
  class space    used 3600K, capacity 3689K, committed 3708K, reserved 1048576K
}
2016-07-01T20:11:26.560-0530: 353.321: Total time for which application threads were stopped: 0.0138962 seconds
2016-07-01T20:11:27.567-0530: 354.328: Total time for which application threads were stopped: 0.0028634 seconds
2016-07-01T20:11:28.571-0530: 355.333: Total time for which application threads were stopped: 0.0001525 seconds
2016-07-01T20:11:30.039-0530: 356.800: Total time for which application threads were stopped: 0.0001745 seconds
2016-07-01T20:11:31.044-0530: 357.805: Total time for which application threads were stopped: 0.0001495 seconds
2016-07-01T20:11:33.497-0530: 360.259: Total time for which application threads were stopped: 0.0000809 seconds
2016-07-01T20:11:33.497-0530: 360.259: Total time for which application threads were stopped: 0.0000448 seconds
2016-07-01T20:11:33.498-0530: 360.260: Total time for which application threads were stopped: 0.0000555 seconds
2016-07-01T20:12:23.504-0530: 410.267: Total time for which application threads were stopped: 0.0002762 seconds
2016-07-01T20:12:23.505-0530: 410.268: Total time for which application threads were stopped: 0.0008066 seconds
2016-07-01T20:12:24.505-0530: 411.268: Total time for which application threads were stopped: 0.0000920 seconds
2016-07-01T20:30:04.469-0530: 1471.260: Total time for which application threads were stopped: 0.0003927 seconds
2016-07-01T20:33:46.057-0530: 1692.853: Total time for which application threads were stopped: 0.0002364 seconds
2016-07-01T20:55:27.820-0530: 2994.648: Total time for which application threads were stopped: 0.0003465 seconds
2016-07-01T21:08:28.199-0530: 3775.046: Total time for which application threads were stopped: 0.0003075 seconds
2016-07-01T21:08:31.211-0530: 3778.058: Total time for which application threads were stopped: 0.0002449 seconds
2016-07-01T21:09:11.327-0530: 3818.175: Total time for which application threads were stopped: 0.0001663 seconds
2016-07-01T21:11:12.151-0530: 3939.002: Total time for which application threads were stopped: 0.0000889 seconds
2016-07-01T21:11:12.152-0530: 3939.002: Total time for which application threads were stopped: 0.0000605 seconds
2016-07-01T21:11:12.154-0530: 3939.004: Total time for which application threads were stopped: 0.0001023 seconds
2016-07-01T21:11:12.154-0530: 3939.004: Total time for which application threads were stopped: 0.0000993 seconds
2016-07-01T21:11:12.156-0530: 3939.006: Total time for which application threads were stopped: 0.0002169 seconds
2016-07-01T21:11:12.156-0530: 3939.006: Total time for which application threads were stopped: 0.0001801 seconds
2016-07-01T21:11:12.157-0530: 3939.008: Total time for which application threads were stopped: 0.0001874 seconds
2016-07-01T21:11:12.158-0530: 3939.008: Total time for which application threads were stopped: 0.0000939 seconds
2016-07-01T21:11:12.160-0530: 3939.010: Total time for which application threads were stopped: 0.0001260 seconds
2016-07-01T21:11:12.160-0530: 3939.011: Total time for which application threads were stopped: 0.0000852 seconds
2016-07-01T21:11:12.164-0530: 3939.014: Total time for which application threads were stopped: 0.0001406 seconds
2016-07-01T21:11:12.165-0530: 3939.015: Total time for which application threads were stopped: 0.0001055 seconds
2016-07-01T21:11:12.169-0530: 3939.019: Total time for which application threads were stopped: 0.0001296 seconds
2016-07-01T21:11:12.169-0530: 3939.037: Total time for which application threads were stopped: 0.0176113 seconds
2016-07-01T21:11:12.187-0530: 3939.038: Total time for which application threads were stopped: 0.0004418 seconds
2016-07-01T21:11:12.188-0530: 3939.038: Total time for which application threads were stopped: 0.0001522 seconds
2016-07-01T21:11:12.189-0530: 3939.039: Total time for which application threads were stopped: 0.0002661 seconds
2016-07-01T21:11:12.191-0530: 3939.042: Total time for which application threads were stopped: 0.0002898 seconds
2016-07-01T21:11:12.334-0530: 3939.184: Total time for which application threads were stopped: 0.0161807 seconds
2016-07-01T21:11:12.334-0530: 3939.184: Total time for which application threads were stopped: 0.0001366 seconds
2016-07-01T21:11:12.335-0530: 3939.185: Total time for which application threads were stopped: 0.0001952 seconds
2016-07-01T21:11:12.372-0530: 3939.222: Total time for which application threads were stopped: 0.0369066 seconds
2016-07-01T21:11:12.403-0530: 3939.253: Total time for which application threads were stopped: 0.0300631 seconds
2016-07-01T21:11:12.444-0530: 3939.294: Total time for which application threads were stopped: 0.0410831 seconds
2016-07-01T21:11:12.464-0530: 3939.314: Total time for which application threads were stopped: 0.0185712 seconds
2016-07-01T21:11:12.501-0530: 3939.351: Total time for which application threads were stopped: 0.0318417 seconds
2016-07-01T21:11:12.501-0530: 3939.351: Total time for which application threads were stopped: 0.0001373 seconds
2016-07-01T21:11:12.527-0530: 3939.377: Total time for which application threads were stopped: 0.0139905 seconds
2016-07-01T21:11:12.539-0530: 3939.389: Total time for which application threads were stopped: 0.0110021 seconds
2016-07-01T21:11:12.566-0530: 3939.416: Total time for which application threads were stopped: 0.0262564 seconds
2016-07-01T21:11:12.582-0530: 3939.433: Total time for which application threads were stopped: 0.0162416 seconds
2016-07-01T21:11:12.584-0530: 3939.434: Total time for which application threads were stopped: 0.0003621 seconds
2016-07-01T21:11:12.617-0530: 3939.468: Total time for which application threads were stopped: 0.0294278 seconds
2016-07-01T21:11:12.618-0530: 3939.468: Total time for which application threads were stopped: 0.0001519 seconds
2016-07-01T21:11:12.655-0530: 3939.505: Total time for which application threads were stopped: 0.0366058 seconds
2016-07-01T21:11:12.687-0530: 3939.537: Total time for which application threads were stopped: 0.0298600 seconds
2016-07-01T21:11:12.743-0530: 3939.594: Total time for which application threads were stopped: 0.0554721 seconds
2016-07-01T21:11:12.757-0530: 3939.607: Total time for which application threads were stopped: 0.0121254 seconds
2016-07-01T21:11:12.758-0530: 3939.608: Total time for which application threads were stopped: 0.0001750 seconds
2016-07-01T21:11:12.978-0530: 3939.828: Total time for which application threads were stopped: 0.2188919 seconds
2016-07-01T21:11:13.009-0530: 3939.859: Total time for which application threads were stopped: 0.0290688 seconds
2016-07-01T21:11:13.140-0530: 3939.990: Total time for which application threads were stopped: 0.1281341 seconds
2016-07-01T21:11:13.166-0530: 3940.017: Total time for which application threads were stopped: 0.0254644 seconds
2016-07-01T21:11:13.184-0530: 3940.035: Total time for which application threads were stopped: 0.0176044 seconds
2016-07-01T21:11:13.190-0530: 3940.041: Total time for which application threads were stopped: 0.0050515 seconds
2016-07-01T21:11:13.211-0530: 3940.061: Total time for which application threads were stopped: 0.0196201 seconds
2016-07-01T21:11:13.215-0530: 3940.066: Total time for which application threads were stopped: 0.0043518 seconds
2016-07-01T21:11:13.325-0530: 3940.176: Total time for which application threads were stopped: 0.1094650 seconds
2016-07-01T21:11:13.493-0530: 3940.344: Total time for which application threads were stopped: 0.0714670 seconds
2016-07-01T21:11:13.587-0530: 3940.437: Total time for which application threads were stopped: 0.0919213 seconds
2016-07-01T21:11:13.606-0530: 3940.456: Total time for which application threads were stopped: 0.0190108 seconds
2016-07-01T21:11:13.607-0530: 3940.457: Total time for which application threads were stopped: 0.0001683 seconds
2016-07-01T21:11:13.665-0530: 3940.515: Total time for which application threads were stopped: 0.0513020 seconds
2016-07-01T21:11:13.706-0530: 3940.556: Total time for which application threads were stopped: 0.0405392 seconds
2016-07-01T21:11:13.740-0530: 3940.590: Total time for which application threads were stopped: 0.0325336 seconds
2016-07-01T21:11:13.740-0530: 3940.591: Total time for which application threads were stopped: 0.0002075 seconds
2016-07-01T21:11:13.770-0530: 3940.621: Total time for which application threads were stopped: 0.0273045 seconds
2016-07-01T21:11:13.881-0530: 3940.731: Total time for which application threads were stopped: 0.1021924 seconds
2016-07-01T21:11:13.988-0530: 3940.839: Total time for which application threads were stopped: 0.1054027 seconds
2016-07-01T21:11:14.057-0530: 3940.907: Total time for which application threads were stopped: 0.0671187 seconds
2016-07-01T21:11:14.124-0530: 3940.974: Total time for which application threads were stopped: 0.0634838 seconds
{Heap before GC invocations=12 (full 1):
 par new generation   total 109248K, used 105830K [0x00000007a0000000, 0x00000007a8000000, 0x00000007a8000000)
  eden space 87424K, 100% used [0x00000007a0000000, 0x00000007a5560000, 0x00000007a5560000)
  from space 21824K,  84% used [0x00000007a5560000, 0x00000007a6759b18, 0x00000007a6ab0000)
  to   space 21824K,   0% used [0x00000007a6ab0000, 0x00000007a6ab0000, 0x00000007a8000000)
 concurrent mark-sweep generation total 393216K, used 159945K [0x00000007a8000000, 0x00000007c0000000, 0x00000007c0000000)
 Metaspace       used 30082K, capacity 30470K, committed 30972K, reserved 1077248K
  class space    used 3618K, capacity 3722K, committed 3836K, reserved 1048576K
2016-07-01T21:11:14.201-0530: 3941.051: [GC (Allocation Failure) 3941.051: [ParNew
Desired survivor size 20112992 bytes, new threshold 4 (max 8)
- age   1:   11365688 bytes,   11365688 total
- age   2:     925368 bytes,   12291056 total
- age   3:    3837912 bytes,   16128968 total
- age   4:    6025024 bytes,   22153992 total
: 105830K->21824K(109248K), 0.1467600 secs] 265776K->186165K(502464K), 0.1468329 secs] [Times: user=0.10 sys=0.33, real=0.14 secs] 
Heap after GC invocations=13 (full 1):
 par new generation   total 109248K, used 21824K [0x00000007a0000000, 0x00000007a8000000, 0x00000007a8000000)
  eden space 87424K,   0% used [0x00000007a0000000, 0x00000007a0000000, 0x00000007a5560000)
  from space 21824K, 100% used [0x00000007a6ab0000, 0x00000007a8000000, 0x00000007a8000000)
  to   space 21824K,   0% used [0x00000007a5560000, 0x00000007a5560000, 0x00000007a6ab0000)
 concurrent mark-sweep generation total 393216K, used 164341K [0x00000007a8000000, 0x00000007c0000000, 0x00000007c0000000)
 Metaspace       used 30082K, capacity 30470K, committed 30972K, reserved 1077248K
  class space    used 3618K, capacity 3722K, committed 3836K, reserved 1048576K
}
2016-07-01T21:11:14.348-0530: 3941.198: Total time for which application threads were stopped: 0.1892999 seconds
2016-07-01T21:11:14.383-0530: 3941.233: Total time for which application threads were stopped: 0.0305951 seconds
2016-07-01T21:11:14.394-0530: 3941.244: Total time for which application threads were stopped: 0.0106960 seconds
2016-07-01T21:11:14.414-0530: 3941.265: Total time for which application threads were stopped: 0.0195349 seconds
2016-07-01T21:11:14.454-0530: 3941.305: Total time for which application threads were stopped: 0.0395404 seconds
2016-07-01T21:11:14.482-0530: 3941.333: Total time for which application threads were stopped: 0.0273111 seconds
2016-07-01T21:11:14.504-0530: 3941.354: Total time for which application threads were stopped: 0.0215549 seconds
2016-07-01T21:11:14.529-0530: 3941.379: Total time for which application threads were stopped: 0.0242703 seconds
2016-07-01T21:11:14.541-0530: 3941.391: Total time for which application threads were stopped: 0.0118139 seconds
2016-07-01T21:11:14.545-0530: 3941.396: Total time for which application threads were stopped: 0.0042783 seconds
2016-07-01T21:11:14.572-0530: 3941.422: Total time for which application threads were stopped: 0.0263755 seconds
2016-07-01T21:11:14.585-0530: 3941.435: Total time for which application threads were stopped: 0.0132869 seconds
2016-07-01T21:11:14.586-0530: 3941.437: Total time for which application threads were stopped: 0.0008234 seconds
2016-07-01T21:11:14.600-0530: 3941.451: Total time for which application threads were stopped: 0.0136849 seconds
2016-07-01T21:11:14.600-0530: 3941.451: Total time for which application threads were stopped: 0.0001676 seconds
2016-07-01T21:11:14.601-0530: 3941.451: Total time for which application threads were stopped: 0.0001278 seconds
2016-07-01T21:11:14.612-0530: 3941.463: Total time for which application threads were stopped: 0.0110459 seconds
2016-07-01T21:11:14.648-0530: 3941.499: Total time for which application threads were stopped: 0.0357910 seconds
2016-07-01T21:11:14.693-0530: 3941.544: Total time for which application threads were stopped: 0.0445060 seconds
2016-07-01T21:11:14.735-0530: 3941.586: Total time for which application threads were stopped: 0.0417478 seconds
2016-07-01T21:11:14.736-0530: 3941.586: Total time for which application threads were stopped: 0.0001046 seconds
2016-07-01T21:11:14.736-0530: 3941.586: Total time for which application threads were stopped: 0.0001088 seconds
2016-07-01T21:11:14.795-0530: 3941.645: Total time for which application threads were stopped: 0.0584745 seconds
2016-07-01T21:11:15.028-0530: 3941.878: Total time for which application threads were stopped: 0.0049303 seconds
{Heap before GC invocations=13 (full 1):
 par new generation   total 109248K, used 109085K [0x00000007a0000000, 0x00000007a8000000, 0x00000007a8000000)
  eden space 87424K,  99% used [0x00000007a0000000, 0x00000007a5537708, 0x00000007a5560000)
  from space 21824K, 100% used [0x00000007a6ab0000, 0x00000007a8000000, 0x00000007a8000000)
  to   space 21824K,   0% used [0x00000007a5560000, 0x00000007a5560000, 0x00000007a6ab0000)
 concurrent mark-sweep generation total 393216K, used 164341K [0x00000007a8000000, 0x00000007c0000000, 0x00000007c0000000)
 Metaspace       used 30101K, capacity 30470K, committed 30972K, reserved 1077248K
  class space    used 3618K, capacity 3722K, committed 3836K, reserved 1048576K
2016-07-01T21:11:15.767-0530: 3942.618: [GC (Allocation Failure) 3942.618: [ParNew
Desired survivor size 20112992 bytes, new threshold 2 (max 8)
- age   1:   12089080 bytes,   12089080 total
- age   2:    8289968 bytes,   20379048 total
- age   4:    1366328 bytes,   21745376 total
: 109085K->21824K(109248K), 0.0426813 secs] 273426K->200197K(502464K), 0.0427514 secs] [Times: user=0.10 sys=0.04, real=0.05 secs] 
Heap after GC invocations=14 (full 1):
 par new generation   total 109248K, used 21824K [0x00000007a0000000, 0x00000007a8000000, 0x00000007a8000000)
  eden space 87424K,   0% used [0x00000007a0000000, 0x00000007a0000000, 0x00000007a5560000)
  from space 21824K, 100% used [0x00000007a5560000, 0x00000007a6ab0000, 0x00000007a6ab0000)
  to   space 21824K,   0% used [0x00000007a6ab0000, 0x00000007a6ab0000, 0x00000007a8000000)
 concurrent mark-sweep generation total 393216K, used 178373K [0x00000007a8000000, 0x00000007c0000000, 0x00000007c0000000)
 Metaspace       used 30101K, capacity 30470K, committed 30972K, reserved 1077248K
  class space    used 3618K, capacity 3722K, committed 3836K, reserved 1048576K
}
2016-07-01T21:11:15.810-0530: 3942.660: Total time for which application threads were stopped: 0.1969360 seconds
2016-07-01T21:11:15.952-0530: 3942.803: Total time for which application threads were stopped: 0.0035331 seconds
2016-07-01T21:11:15.954-0530: 3942.804: Total time for which application threads were stopped: 0.0009936 seconds
2016-07-01T21:11:16.674-0530: 3943.524: Total time for which application threads were stopped: 0.0862267 seconds
2016-07-01T21:11:16.923-0530: 3943.773: Total time for which application threads were stopped: 0.2485618 seconds
2016-07-01T21:11:16.984-0530: 3943.834: Total time for which application threads were stopped: 0.0605129 seconds
2016-07-01T21:11:17.057-0530: 3943.907: Total time for which application threads were stopped: 0.0726031 seconds
2016-07-01T21:11:17.066-0530: 3943.917: Total time for which application threads were stopped: 0.0086872 seconds
2016-07-01T21:11:17.085-0530: 3943.935: Total time for which application threads were stopped: 0.0153173 seconds
2016-07-01T21:11:17.086-0530: 3943.936: Total time for which application threads were stopped: 0.0002201 seconds
2016-07-01T21:11:17.088-0530: 3943.938: Total time for which application threads were stopped: 0.0002008 seconds
2016-07-01T21:11:17.089-0530: 3943.939: Total time for which application threads were stopped: 0.0001783 seconds
2016-07-01T21:11:17.096-0530: 3943.947: Total time for which application threads were stopped: 0.0003320 seconds
2016-07-01T21:11:17.150-0530: 3944.001: Total time for which application threads were stopped: 0.0002052 seconds
2016-07-01T21:11:17.151-0530: 3944.001: Total time for which application threads were stopped: 0.0001377 seconds
2016-07-01T21:11:17.154-0530: 3944.004: Total time for which application threads were stopped: 0.0001853 seconds
2016-07-01T21:11:17.165-0530: 3944.016: Total time for which application threads were stopped: 0.0002026 seconds
2016-07-01T21:11:17.169-0530: 3944.019: Total time for which application threads were stopped: 0.0001094 seconds
2016-07-01T21:11:18.215-0530: 3945.065: Total time for which application threads were stopped: 0.0437705 seconds
2016-07-01T21:11:19.263-0530: 3946.113: Total time for which application threads were stopped: 0.0432536 seconds
2016-07-01T21:11:21.271-0530: 3948.121: Total time for which application threads were stopped: 0.0002373 seconds
2016-07-01T21:11:22.271-0530: 3949.122: Total time for which application threads were stopped: 0.0001190 seconds
2016-07-01T21:12:07.243-0530: 3994.095: Total time for which application threads were stopped: 0.0000961 seconds
2016-07-01T21:12:07.243-0530: 3994.095: Total time for which application threads were stopped: 0.0000512 seconds
2016-07-01T21:24:18.597-0530: 4725.466: Total time for which application threads were stopped: 0.0006963 seconds
2016-07-01T21:24:18.598-0530: 4725.467: Total time for which application threads were stopped: 0.0000530 seconds
2016-07-01T21:24:18.598-0530: 4725.467: Total time for which application threads were stopped: 0.0000794 seconds
2016-07-01T21:24:18.598-0530: 4725.467: Total time for which application threads were stopped: 0.0000395 seconds
2016-07-01T21:24:18.598-0530: 4725.468: Total time for which application threads were stopped: 0.0000432 seconds
2016-07-01T21:24:18.604-0530: 4725.473: Total time for which application threads were stopped: 0.0001104 seconds
2016-07-01T21:24:18.637-0530: 4725.506: Total time for which application threads were stopped: 0.0000981 seconds
2016-07-01T21:24:18.639-0530: 4725.508: Total time for which application threads were stopped: 0.0003483 seconds
2016-07-01T21:24:18.641-0530: 4725.510: Total time for which application threads were stopped: 0.0001527 seconds
2016-07-01T21:24:18.710-0530: 4725.579: Total time for which application threads were stopped: 0.0001014 seconds
2016-07-01T21:24:18.710-0530: 4725.579: Total time for which application threads were stopped: 0.0000589 seconds
2016-07-01T21:24:18.713-0530: 4725.582: Total time for which application threads were stopped: 0.0001221 seconds
2016-07-01T21:24:19.675-0530: 4726.545: Total time for which application threads were stopped: 0.1267032 seconds
2016-07-01T21:24:19.855-0530: 4726.724: Total time for which application threads were stopped: 0.1794321 seconds
2016-07-01T21:24:19.855-0530: 4726.725: Total time for which application threads were stopped: 0.0001336 seconds
2016-07-01T21:24:20.072-0530: 4726.942: Total time for which application threads were stopped: 0.2166950 seconds
2016-07-01T21:24:20.127-0530: 4726.996: Total time for which application threads were stopped: 0.0546742 seconds
2016-07-01T21:24:20.191-0530: 4727.060: Total time for which application threads were stopped: 0.0614581 seconds
2016-07-01T21:24:20.192-0530: 4727.061: Total time for which application threads were stopped: 0.0001072 seconds
2016-07-01T21:24:20.211-0530: 4727.080: Total time for which application threads were stopped: 0.0165279 seconds
2016-07-01T21:24:20.239-0530: 4727.108: Total time for which application threads were stopped: 0.0258031 seconds
2016-07-01T21:24:20.539-0530: 4727.408: Total time for which application threads were stopped: 0.0187858 seconds
2016-07-01T21:24:20.590-0530: 4727.460: Total time for which application threads were stopped: 0.0508788 seconds
2016-07-01T21:24:20.836-0530: 4727.706: Total time for which application threads were stopped: 0.2433464 seconds
2016-07-01T21:24:20.902-0530: 4727.771: Total time for which application threads were stopped: 0.0647455 seconds
2016-07-01T21:24:21.363-0530: 4728.232: Total time for which application threads were stopped: 0.0218182 seconds
2016-07-01T21:24:21.421-0530: 4728.290: Total time for which application threads were stopped: 0.0573549 seconds
2016-07-01T21:24:21.471-0530: 4728.340: Total time for which application threads were stopped: 0.0490354 seconds
2016-07-01T21:24:21.543-0530: 4728.412: Total time for which application threads were stopped: 0.0275755 seconds
2016-07-01T21:24:21.606-0530: 4728.476: Total time for which application threads were stopped: 0.0614205 seconds
2016-07-01T21:24:21.607-0530: 4728.476: Total time for which application threads were stopped: 0.0001481 seconds
2016-07-01T21:24:21.683-0530: 4728.552: Total time for which application threads were stopped: 0.0598074 seconds
2016-07-01T21:24:21.975-0530: 4728.844: Total time for which application threads were stopped: 0.1025342 seconds
2016-07-01T21:24:22.043-0530: 4728.912: Total time for which application threads were stopped: 0.0673509 seconds
2016-07-01T21:24:22.043-0530: 4728.913: Total time for which application threads were stopped: 0.0001718 seconds
2016-07-01T21:24:22.044-0530: 4728.913: Total time for which application threads were stopped: 0.0001956 seconds
2016-07-01T21:24:22.136-0530: 4729.005: Total time for which application threads were stopped: 0.0917119 seconds
2016-07-01T21:24:22.136-0530: 4729.005: Total time for which application threads were stopped: 0.0001919 seconds
2016-07-01T21:24:22.136-0530: 4729.005: Total time for which application threads were stopped: 0.0001727 seconds
2016-07-01T21:24:22.262-0530: 4729.131: Total time for which application threads were stopped: 0.1257240 seconds
2016-07-01T21:24:22.415-0530: 4729.284: Total time for which application threads were stopped: 0.1529656 seconds
2016-07-01T21:24:22.416-0530: 4729.285: Total time for which application threads were stopped: 0.0001424 seconds
2016-07-01T21:24:22.416-0530: 4729.285: Total time for which application threads were stopped: 0.0001875 seconds
2016-07-01T21:24:22.489-0530: 4729.358: Total time for which application threads were stopped: 0.0733257 seconds
2016-07-01T21:24:22.490-0530: 4729.359: Total time for which application threads were stopped: 0.0002230 seconds
2016-07-01T21:24:22.490-0530: 4729.359: Total time for which application threads were stopped: 0.0000977 seconds
2016-07-01T21:24:23.545-0530: 4730.414: Total time for which application threads were stopped: 0.0537058 seconds
2016-07-01T21:24:24.591-0530: 4731.460: Total time for which application threads were stopped: 0.0455129 seconds
2016-07-01T21:24:26.599-0530: 4733.468: Total time for which application threads were stopped: 0.0004999 seconds
2016-07-01T21:24:27.293-0530: 4734.162: Total time for which application threads were stopped: 0.0001760 seconds
2016-07-01T21:24:27.293-0530: 4734.162: Total time for which application threads were stopped: 0.0000827 seconds
2016-07-01T21:24:27.293-0530: 4734.162: Total time for which application threads were stopped: 0.0000507 seconds
2016-07-01T21:24:27.293-0530: 4734.162: Total time for which application threads were stopped: 0.0000563 seconds
2016-07-01T21:24:27.293-0530: 4734.162: Total time for which application threads were stopped: 0.0000648 seconds
2016-07-01T21:24:27.293-0530: 4734.163: Total time for which application threads were stopped: 0.0000629 seconds
2016-07-01T21:24:27.293-0530: 4734.163: Total time for which application threads were stopped: 0.0000509 seconds
2016-07-01T21:24:27.293-0530: 4734.163: Total time for which application threads were stopped: 0.0000777 seconds
2016-07-01T21:24:27.294-0530: 4734.163: Total time for which application threads were stopped: 0.0000773 seconds
2016-07-01T21:24:27.294-0530: 4734.163: Total time for which application threads were stopped: 0.0000642 seconds
2016-07-01T21:24:27.294-0530: 4734.163: Total time for which application threads were stopped: 0.0000678 seconds
2016-07-01T21:24:27.294-0530: 4734.163: Total time for which application threads were stopped: 0.0000841 seconds
2016-07-01T21:24:27.294-0530: 4734.163: Total time for which application threads were stopped: 0.0000558 seconds
2016-07-01T21:24:27.294-0530: 4734.164: Total time for which application threads were stopped: 0.0000663 seconds
2016-07-01T21:24:27.294-0530: 4734.164: Total time for which application threads were stopped: 0.0000529 seconds
2016-07-01T21:24:27.294-0530: 4734.164: Total time for which application threads were stopped: 0.0000890 seconds
2016-07-01T21:24:27.295-0530: 4734.164: Total time for which application threads were stopped: 0.0000770 seconds
2016-07-01T21:24:27.295-0530: 4734.164: Total time for which application threads were stopped: 0.0000692 seconds
2016-07-01T21:24:27.295-0530: 4734.164: Total time for which application threads were stopped: 0.0000891 seconds
2016-07-01T21:24:27.295-0530: 4734.164: Total time for which application threads were stopped: 0.0001462 seconds
{Heap before GC invocations=14 (full 1):
 par new generation   total 109248K, used 108548K [0x00000007a0000000, 0x00000007a8000000, 0x00000007a8000000)
  eden space 87424K,  99% used [0x00000007a0000000, 0x00000007a54b1380, 0x00000007a5560000)
  from space 21824K, 100% used [0x00000007a5560000, 0x00000007a6ab0000, 0x00000007a6ab0000)
  to   space 21824K,   0% used [0x00000007a6ab0000, 0x00000007a6ab0000, 0x00000007a8000000)
 concurrent mark-sweep generation total 393216K, used 178373K [0x00000007a8000000, 0x00000007c0000000, 0x00000007c0000000)
 Metaspace       used 30350K, capacity 30744K, committed 31228K, reserved 1077248K
  class space    used 3620K, capacity 3725K, committed 3836K, reserved 1048576K
2016-07-01T21:24:27.363-0530: 4734.233: [GC (Allocation Failure) 4734.240: [ParNew
Desired survivor size 20112992 bytes, new threshold 8 (max 8)
- age   1:   15106784 bytes,   15106784 total
- age   2:    2315024 bytes,   17421808 total
: 108548K->21824K(109248K), 0.1095857 secs] 286921K->207612K(502464K), 0.1170125 secs] [Times: user=0.07 sys=0.17, real=0.12 secs] 
Heap after GC invocations=15 (full 1):
 par new generation   total 109248K, used 21824K [0x00000007a0000000, 0x00000007a8000000, 0x00000007a8000000)
  eden space 87424K,   0% used [0x00000007a0000000, 0x00000007a0000000, 0x00000007a5560000)
  from space 21824K, 100% used [0x00000007a6ab0000, 0x00000007a8000000, 0x00000007a8000000)
  to   space 21824K,   0% used [0x00000007a5560000, 0x00000007a5560000, 0x00000007a6ab0000)
 concurrent mark-sweep generation total 393216K, used 185788K [0x00000007a8000000, 0x00000007c0000000, 0x00000007c0000000)
 Metaspace       used 30350K, capacity 30744K, committed 31228K, reserved 1077248K
  class space    used 3620K, capacity 3725K, committed 3836K, reserved 1048576K
}
2016-07-01T21:24:27.480-0530: 4734.350: Total time for which application threads were stopped: 0.1172223 seconds
{Heap before GC invocations=15 (full 1):
 par new generation   total 109248K, used 109248K [0x00000007a0000000, 0x00000007a8000000, 0x00000007a8000000)
  eden space 87424K, 100% used [0x00000007a0000000, 0x00000007a5560000, 0x00000007a5560000)
  from space 21824K, 100% used [0x00000007a6ab0000, 0x00000007a8000000, 0x00000007a8000000)
  to   space 21824K,   0% used [0x00000007a5560000, 0x00000007a5560000, 0x00000007a6ab0000)
 concurrent mark-sweep generation total 393216K, used 185788K [0x00000007a8000000, 0x00000007c0000000, 0x00000007c0000000)
 Metaspace       used 30353K, capacity 30744K, committed 31228K, reserved 1077248K
  class space    used 3620K, capacity 3725K, committed 3836K, reserved 1048576K
2016-07-01T21:24:28.154-0530: 4735.023: [GC (Allocation Failure) 4735.023: [ParNew
Desired survivor size 20112992 bytes, new threshold 3 (max 8)
- age   1:    8955856 bytes,    8955856 total
- age   2:   11053240 bytes,   20009096 total
- age   3:    2314968 bytes,   22324064 total
: 109248K->21824K(109248K), 0.0519880 secs] 295036K->216072K(502464K), 0.0520819 secs] [Times: user=0.07 sys=0.07, real=0.05 secs] 
Heap after GC invocations=16 (full 1):
 par new generation   total 109248K, used 21824K [0x00000007a0000000, 0x00000007a8000000, 0x00000007a8000000)
  eden space 87424K,   0% used [0x00000007a0000000, 0x00000007a0000000, 0x00000007a5560000)
  from space 21824K, 100% used [0x00000007a5560000, 0x00000007a6ab0000, 0x00000007a6ab0000)
  to   space 21824K,   0% used [0x00000007a6ab0000, 0x00000007a6ab0000, 0x00000007a8000000)
 concurrent mark-sweep generation total 393216K, used 194248K [0x00000007a8000000, 0x00000007c0000000, 0x00000007c0000000)
 Metaspace       used 30353K, capacity 30744K, committed 31228K, reserved 1077248K
  class space    used 3620K, capacity 3725K, committed 3836K, reserved 1048576K
}
2016-07-01T21:24:28.206-0530: 4735.075: Total time for which application threads were stopped: 0.0524468 seconds
2016-07-01T21:24:29.210-0530: 4736.080: Total time for which application threads were stopped: 0.0003055 seconds
2016-07-01T21:24:29.925-0530: 4736.794: Total time for which application threads were stopped: 0.0001904 seconds
2016-07-01T21:24:41.961-0530: 4748.831: Total time for which application threads were stopped: 0.0002051 seconds
2016-07-01T21:25:07.128-0530: 4773.998: Total time for which application threads were stopped: 0.0000887 seconds
2016-07-01T21:25:07.128-0530: 4773.998: Total time for which application threads were stopped: 0.0000424 seconds
2016-07-01T21:25:07.129-0530: 4773.999: Total time for which application threads were stopped: 0.0000593 seconds
2016-07-01T21:25:08.131-0530: 4775.001: Total time for which application threads were stopped: 0.0001924 seconds
2016-07-01T21:25:13.140-0530: 4780.010: Total time for which application threads were stopped: 0.0001071 seconds
2016-07-01T21:25:17.172-0530: 4784.042: Total time for which application threads were stopped: 0.0001358 seconds
2016-07-01T21:25:17.172-0530: 4784.043: Total time for which application threads were stopped: 0.0000620 seconds
2016-07-01T21:25:17.172-0530: 4784.043: Total time for which application threads were stopped: 0.0000764 seconds
2016-07-01T21:25:17.173-0530: 4784.043: Total time for which application threads were stopped: 0.0000705 seconds
2016-07-01T21:25:17.197-0530: 4784.067: Total time for which application threads were stopped: 0.0002721 seconds
2016-07-01T21:25:17.197-0530: 4784.068: Total time for which application threads were stopped: 0.0002228 seconds
2016-07-01T21:25:17.197-0530: 4784.068: Total time for which application threads were stopped: 0.0000727 seconds
2016-07-01T21:25:17.198-0530: 4784.069: Total time for which application threads were stopped: 0.0001136 seconds
2016-07-01T21:25:17.335-0530: 4784.205: Total time for which application threads were stopped: 0.0001118 seconds
2016-07-01T21:25:17.335-0530: 4784.206: Total time for which application threads were stopped: 0.0000955 seconds
2016-07-01T21:25:17.339-0530: 4784.209: Total time for which application threads were stopped: 0.0001102 seconds
2016-07-01T21:25:18.341-0530: 4785.211: Total time for which application threads were stopped: 0.0001232 seconds
2016-07-01T21:25:19.200-0530: 4786.070: Total time for which application threads were stopped: 0.0001487 seconds
2016-07-01T21:25:19.200-0530: 4786.070: Total time for which application threads were stopped: 0.0000770 seconds
2016-07-01T21:25:19.201-0530: 4786.072: Total time for which application threads were stopped: 0.0001177 seconds
2016-07-01T21:25:19.201-0530: 4786.072: Total time for which application threads were stopped: 0.0000787 seconds
2016-07-01T21:25:19.201-0530: 4786.072: Total time for which application threads were stopped: 0.0000849 seconds
2016-07-01T21:25:19.202-0530: 4786.073: Total time for which application threads were stopped: 0.0000820 seconds
2016-07-01T21:25:19.206-0530: 4786.076: Total time for which application threads were stopped: 0.0001503 seconds
2016-07-01T21:25:19.214-0530: 4786.085: Total time for which application threads were stopped: 0.0000847 seconds
2016-07-01T21:25:19.214-0530: 4786.085: Total time for which application threads were stopped: 0.0000462 seconds
2016-07-01T21:25:19.351-0530: 4786.221: Total time for which application threads were stopped: 0.0001160 seconds
2016-07-01T21:25:19.352-0530: 4786.223: Total time for which application threads were stopped: 0.0001524 seconds
2016-07-01T21:25:19.428-0530: 4786.298: Total time for which application threads were stopped: 0.0001301 seconds
2016-07-01T21:25:19.428-0530: 4786.298: Total time for which application threads were stopped: 0.0000465 seconds
2016-07-01T21:25:19.470-0530: 4786.341: Total time for which application threads were stopped: 0.0002002 seconds
2016-07-01T21:25:19.470-0530: 4786.341: Total time for which application threads were stopped: 0.0000893 seconds
2016-07-01T21:25:19.470-0530: 4786.341: Total time for which application threads were stopped: 0.0000826 seconds
2016-07-01T21:25:19.470-0530: 4786.341: Total time for which application threads were stopped: 0.0000760 seconds
2016-07-01T21:25:19.471-0530: 4786.341: Total time for which application threads were stopped: 0.0000792 seconds
2016-07-01T21:25:19.471-0530: 4786.341: Total time for which application threads were stopped: 0.0000787 seconds
2016-07-01T21:25:19.471-0530: 4786.341: Total time for which application threads were stopped: 0.0000855 seconds
2016-07-01T21:25:19.471-0530: 4786.342: Total time for which application threads were stopped: 0.0000818 seconds
2016-07-01T21:25:19.471-0530: 4786.342: Total time for which application threads were stopped: 0.0000777 seconds
2016-07-01T21:25:19.471-0530: 4786.342: Total time for which application threads were stopped: 0.0000769 seconds
2016-07-01T21:25:19.471-0530: 4786.342: Total time for which application threads were stopped: 0.0000736 seconds
2016-07-01T21:25:19.472-0530: 4786.342: Total time for which application threads were stopped: 0.0000719 seconds
2016-07-01T21:25:19.472-0530: 4786.343: Total time for which application threads were stopped: 0.0001621 seconds
2016-07-01T21:25:19.473-0530: 4786.343: Total time for which application threads were stopped: 0.0001174 seconds
2016-07-01T21:25:19.473-0530: 4786.344: Total time for which application threads were stopped: 0.0001168 seconds
2016-07-01T21:25:19.473-0530: 4786.344: Total time for which application threads were stopped: 0.0000670 seconds
2016-07-01T21:25:19.473-0530: 4786.344: Total time for which application threads were stopped: 0.0000608 seconds
2016-07-01T21:25:19.473-0530: 4786.344: Total time for which application threads were stopped: 0.0000553 seconds
2016-07-01T21:25:19.474-0530: 4786.344: Total time for which application threads were stopped: 0.0000552 seconds
2016-07-01T21:25:19.474-0530: 4786.344: Total time for which application threads were stopped: 0.0002174 seconds
2016-07-01T21:25:19.552-0530: 4786.423: Total time for which application threads were stopped: 0.0106226 seconds
2016-07-01T21:25:19.552-0530: 4786.423: Total time for which application threads were stopped: 0.0002766 seconds
2016-07-01T21:25:19.553-0530: 4786.423: Total time for which application threads were stopped: 0.0001602 seconds
2016-07-01T21:25:19.553-0530: 4786.424: Total time for which application threads were stopped: 0.0001375 seconds
2016-07-01T21:25:19.553-0530: 4786.424: Total time for which application threads were stopped: 0.0001393 seconds
2016-07-01T21:25:19.554-0530: 4786.424: Total time for which application threads were stopped: 0.0001482 seconds
2016-07-01T21:25:19.554-0530: 4786.424: Total time for which application threads were stopped: 0.0001329 seconds
2016-07-01T21:25:19.554-0530: 4786.425: Total time for which application threads were stopped: 0.0001428 seconds
2016-07-01T21:25:19.554-0530: 4786.425: Total time for which application threads were stopped: 0.0001410 seconds
2016-07-01T21:25:19.555-0530: 4786.425: Total time for which application threads were stopped: 0.0001566 seconds
2016-07-01T21:25:19.555-0530: 4786.425: Total time for which application threads were stopped: 0.0001421 seconds
2016-07-01T21:25:19.555-0530: 4786.426: Total time for which application threads were stopped: 0.0001354 seconds
2016-07-01T21:25:19.555-0530: 4786.437: Total time for which application threads were stopped: 0.0110304 seconds
2016-07-01T21:25:19.567-0530: 4786.437: Total time for which application threads were stopped: 0.0001861 seconds
2016-07-01T21:25:19.567-0530: 4786.437: Total time for which application threads were stopped: 0.0001453 seconds
2016-07-01T21:25:19.567-0530: 4786.438: Total time for which application threads were stopped: 0.0001445 seconds
2016-07-01T21:25:19.567-0530: 4786.438: Total time for which application threads were stopped: 0.0001385 seconds
2016-07-01T21:25:19.568-0530: 4786.438: Total time for which application threads were stopped: 0.0001315 seconds
2016-07-01T21:25:19.568-0530: 4786.439: Total time for which application threads were stopped: 0.0001385 seconds
{Heap before GC invocations=16 (full 1):
 par new generation   total 109248K, used 108730K [0x00000007a0000000, 0x00000007a8000000, 0x00000007a8000000)
  eden space 87424K,  99% used [0x00000007a0000000, 0x00000007a54de840, 0x00000007a5560000)
  from space 21824K, 100% used [0x00000007a5560000, 0x00000007a6ab0000, 0x00000007a6ab0000)
  to   space 21824K,   0% used [0x00000007a6ab0000, 0x00000007a6ab0000, 0x00000007a8000000)
 concurrent mark-sweep generation total 393216K, used 194248K [0x00000007a8000000, 0x00000007c0000000, 0x00000007c0000000)
 Metaspace       used 30434K, capacity 30744K, committed 31228K, reserved 1077248K
  class space    used 3620K, capacity 3725K, committed 3836K, reserved 1048576K
2016-07-01T21:25:19.759-0530: 4786.630: [GC (Allocation Failure) 4786.630: [ParNew
Desired survivor size 20112992 bytes, new threshold 8 (max 8)
- age   1:   10318872 bytes,   10318872 total
- age   2:        136 bytes,   10319008 total
- age   3:    8599440 bytes,   18918448 total
: 108730K->21824K(109248K), 0.0219254 secs] 302978K->222533K(502464K), 0.0885402 secs] [Times: user=0.05 sys=0.01, real=0.09 secs] 
Heap after GC invocations=17 (full 1):
 par new generation   total 109248K, used 21824K [0x00000007a0000000, 0x00000007a8000000, 0x00000007a8000000)
  eden space 87424K,   0% used [0x00000007a0000000, 0x00000007a0000000, 0x00000007a5560000)
  from space 21824K, 100% used [0x00000007a6ab0000, 0x00000007a8000000, 0x00000007a8000000)
  to   space 21824K,   0% used [0x00000007a5560000, 0x00000007a5560000, 0x00000007a6ab0000)
 concurrent mark-sweep generation total 393216K, used 200709K [0x00000007a8000000, 0x00000007c0000000, 0x00000007c0000000)
 Metaspace       used 30434K, capacity 30744K, committed 31228K, reserved 1077248K
  class space    used 3620K, capacity 3725K, committed 3836K, reserved 1048576K
}
2016-07-01T21:25:19.848-0530: 4786.719: Total time for which application threads were stopped: 0.0888295 seconds
2016-07-01T21:25:19.848-0530: 4786.719: [GC (CMS Initial Mark) [1 CMS-initial-mark: 200709K(393216K)] 223321K(502464K), 0.0026559 secs] [Times: user=0.01 sys=0.01, real=0.01 secs] 
2016-07-01T21:25:19.851-0530: 4786.722: Total time for which application threads were stopped: 0.0030224 seconds
2016-07-01T21:25:19.851-0530: 4786.722: [CMS-concurrent-mark-start]
2016-07-01T21:25:20.090-0530: 4786.960: [CMS-concurrent-mark: 0.239/0.239 secs] [Times: user=0.25 sys=0.02, real=0.24 secs] 
2016-07-01T21:25:20.090-0530: 4786.961: [CMS-concurrent-preclean-start]
2016-07-01T21:25:20.091-0530: 4786.962: [CMS-concurrent-preclean: 0.002/0.002 secs] [Times: user=0.00 sys=0.00, real=0.00 secs] 
2016-07-01T21:25:20.092-0530: 4786.962: [CMS-concurrent-abortable-preclean-start]
2016-07-01T21:25:20.855-0530: 4787.725: Total time for which application threads were stopped: 0.0001576 seconds
2016-07-01T21:25:21.117-0530: 4787.987: Total time for which application threads were stopped: 0.0001551 seconds
2016-07-01T21:25:21.218-0530: 4788.089: Total time for which application threads were stopped: 0.0001261 seconds
2016-07-01T21:25:22.221-0530: 4789.091: Total time for which application threads were stopped: 0.0001331 seconds
 CMS: abort preclean due to time 2016-07-01T21:25:26.137-0530: 4793.008: [CMS-concurrent-abortable-preclean: 1.350/6.046 secs] [Times: user=2.67 sys=0.03, real=6.04 secs] 
2016-07-01T21:25:26.137-0530: 4793.008: [GC (CMS Final Remark) [YG occupancy: 84969 K (109248 K)]{Heap before GC invocations=17 (full 2):
 par new generation   total 109248K, used 84969K [0x00000007a0000000, 0x00000007a8000000, 0x00000007a8000000)
  eden space 87424K,  72% used [0x00000007a0000000, 0x00000007a3daa748, 0x00000007a5560000)
  from space 21824K, 100% used [0x00000007a6ab0000, 0x00000007a8000000, 0x00000007a8000000)
  to   space 21824K,   0% used [0x00000007a5560000, 0x00000007a5560000, 0x00000007a6ab0000)
 concurrent mark-sweep generation total 393216K, used 200709K [0x00000007a8000000, 0x00000007c0000000, 0x00000007c0000000)
 Metaspace       used 30450K, capacity 30744K, committed 31228K, reserved 1077248K
  class space    used 3622K, capacity 3725K, committed 3836K, reserved 1048576K
2016-07-01T21:25:26.137-0530: 4793.008: [GC (CMS Final Remark) 4793.008: [ParNew
Desired survivor size 20112992 bytes, new threshold 8 (max 8)
- age   1:     265408 bytes,     265408 total
- age   2:    7457440 bytes,    7722848 total
- age   3:        112 bytes,    7722960 total
- age   4:    8557032 bytes,   16279992 total
: 84969K->21824K(109248K), 0.0135211 secs] 285679K->222533K(502464K), 0.0135782 secs] [Times: user=0.04 sys=0.00, real=0.02 secs] 
Heap after GC invocations=18 (full 2):
 par new generation   total 109248K, used 21824K [0x00000007a0000000, 0x00000007a8000000, 0x00000007a8000000)
  eden space 87424K,   0% used [0x00000007a0000000, 0x00000007a0000000, 0x00000007a5560000)
  from space 21824K, 100% used [0x00000007a5560000, 0x00000007a6ab0000, 0x00000007a6ab0000)
  to   space 21824K,   0% used [0x00000007a6ab0000, 0x00000007a6ab0000, 0x00000007a8000000)
 concurrent mark-sweep generation total 393216K, used 200709K [0x00000007a8000000, 0x00000007c0000000, 0x00000007c0000000)
 Metaspace       used 30450K, capacity 30744K, committed 31228K, reserved 1077248K
  class space    used 3622K, capacity 3725K, committed 3836K, reserved 1048576K
}
4793.022: [Rescan (parallel) , 0.0134121 secs]4793.035: [weak refs processing, 0.0020032 secs]4793.037: [class unloading, 0.0520607 secs]4793.089: [scrub symbol table, 0.0101270 secs]4793.099: [scrub string table, 0.0008126 secs][1 CMS-remark: 200709K(393216K)] 222533K(502464K), 0.0986828 secs] [Times: user=0.09 sys=0.03, real=0.10 secs] 
2016-07-01T21:25:26.236-0530: 4793.107: Total time for which application threads were stopped: 0.0988286 seconds
2016-07-01T21:25:26.236-0530: 4793.107: [CMS-concurrent-sweep-start]
2016-07-01T21:25:26.682-0530: 4793.553: [CMS-concurrent-sweep: 0.446/0.446 secs] [Times: user=0.18 sys=0.20, real=0.45 secs] 
2016-07-01T21:25:26.687-0530: 4793.558: [CMS-concurrent-reset-start]
2016-07-01T21:25:26.691-0530: 4793.562: [CMS-concurrent-reset: 0.004/0.004 secs] [Times: user=0.00 sys=0.00, real=0.01 secs] 
2016-07-01T21:25:41.267-0530: 4808.139: Total time for which application threads were stopped: 0.0005797 seconds
2016-07-01T21:25:41.743-0530: 4808.615: Total time for which application threads were stopped: 0.0003677 seconds
2016-07-01T21:25:41.744-0530: 4808.615: Total time for which application threads were stopped: 0.0000827 seconds
2016-07-01T21:25:41.744-0530: 4808.615: Total time for which application threads were stopped: 0.0000613 seconds
2016-07-01T21:25:42.745-0530: 4809.616: Total time for which application threads were stopped: 0.0001280 seconds
{Heap before GC invocations=18 (full 2):
 par new generation   total 109248K, used 109248K [0x00000007a0000000, 0x00000007a8000000, 0x00000007a8000000)
  eden space 87424K, 100% used [0x00000007a0000000, 0x00000007a5560000, 0x00000007a5560000)
  from space 21824K, 100% used [0x00000007a5560000, 0x00000007a6ab0000, 0x00000007a6ab0000)
  to   space 21824K,   0% used [0x00000007a6ab0000, 0x00000007a6ab0000, 0x00000007a8000000)
 concurrent mark-sweep generation total 393216K, used 22955K [0x00000007a8000000, 0x00000007c0000000, 0x00000007c0000000)
 Metaspace       used 30414K, capacity 30652K, committed 31228K, reserved 1077248K
  class space    used 3613K, capacity 3709K, committed 3836K, reserved 1048576K
2016-07-01T21:25:43.713-0530: 4810.584: [GC (Allocation Failure) 4810.745: [ParNew
Desired survivor size 20112992 bytes, new threshold 5 (max 8)
- age   1:   10645368 bytes,   10645368 total
- age   2:     124592 bytes,   10769960 total
- age   3:    6907504 bytes,   17677464 total
- age   4:        112 bytes,   17677576 total
- age   5:    4177472 bytes,   21855048 total
: 109248K->21824K(109248K), 0.0262952 secs] 132203K->52450K(502464K), 0.1866551 secs] [Times: user=0.07 sys=0.02, real=0.19 secs] 
Heap after GC invocations=19 (full 2):
 par new generation   total 109248K, used 21824K [0x00000007a0000000, 0x00000007a8000000, 0x00000007a8000000)
  eden space 87424K,   0% used [0x00000007a0000000, 0x00000007a0000000, 0x00000007a5560000)
  from space 21824K, 100% used [0x00000007a6ab0000, 0x00000007a8000000, 0x00000007a8000000)
  to   space 21824K,   0% used [0x00000007a5560000, 0x00000007a5560000, 0x00000007a6ab0000)
 concurrent mark-sweep generation total 393216K, used 30626K [0x00000007a8000000, 0x00000007c0000000, 0x00000007c0000000)
 Metaspace       used 30414K, capacity 30652K, committed 31228K, reserved 1077248K
  class space    used 3613K, capacity 3709K, committed 3836K, reserved 1048576K
}
2016-07-01T21:25:43.900-0530: 4810.771: Total time for which application threads were stopped: 0.1869133 seconds
2016-07-01T21:25:44.826-0530: 4811.697: Total time for which application threads were stopped: 0.0001657 seconds
2016-07-01T21:25:45.829-0530: 4812.700: Total time for which application threads were stopped: 0.0001251 seconds
2016-07-01T21:25:46.830-0530: 4813.701: Total time for which application threads were stopped: 0.0001054 seconds
2016-07-01T21:26:34.879-0530: 4861.752: Total time for which application threads were stopped: 0.0001122 seconds
2016-07-01T21:27:21.794-0530: 4908.668: Total time for which application threads were stopped: 0.0001530 seconds
2016-07-01T21:29:21.781-0530: 5028.658: Total time for which application threads were stopped: 0.0001172 seconds
2016-07-01T21:29:21.782-0530: 5028.658: Total time for which application threads were stopped: 0.0000515 seconds
2016-07-01T21:29:21.782-0530: 5028.658: Total time for which application threads were stopped: 0.0000478 seconds
2016-07-01T21:29:21.782-0530: 5028.658: Total time for which application threads were stopped: 0.0000581 seconds
2016-07-01T21:29:21.782-0530: 5028.659: Total time for which application threads were stopped: 0.0000443 seconds
2016-07-01T21:29:21.783-0530: 5028.659: Total time for which application threads were stopped: 0.0000553 seconds
2016-07-01T21:29:21.879-0530: 5028.755: Total time for which application threads were stopped: 0.0001424 seconds
2016-07-01T21:29:21.879-0530: 5028.756: Total time for which application threads were stopped: 0.0000774 seconds
2016-07-01T21:29:21.881-0530: 5028.758: Total time for which application threads were stopped: 0.0001958 seconds
2016-07-01T21:29:22.887-0530: 5029.763: Total time for which application threads were stopped: 0.0003036 seconds
2016-07-01T21:29:23.048-0530: 5029.925: Total time for which application threads were stopped: 0.0001240 seconds
2016-07-01T21:29:23.048-0530: 5029.925: Total time for which application threads were stopped: 0.0000695 seconds
2016-07-01T21:29:23.048-0530: 5029.925: Total time for which application threads were stopped: 0.0000635 seconds
2016-07-01T21:29:23.049-0530: 5029.925: Total time for which application threads were stopped: 0.0000592 seconds
2016-07-01T21:29:23.049-0530: 5029.925: Total time for which application threads were stopped: 0.0000607 seconds
2016-07-01T21:29:23.049-0530: 5029.926: Total time for which application threads were stopped: 0.0000974 seconds
2016-07-01T21:29:23.151-0530: 5030.028: Total time for which application threads were stopped: 0.0000909 seconds
2016-07-01T21:29:23.152-0530: 5030.028: Total time for which application threads were stopped: 0.0000434 seconds
2016-07-01T21:29:23.152-0530: 5030.029: Total time for which application threads were stopped: 0.0003861 seconds
2016-07-01T21:29:23.274-0530: 5030.151: Total time for which application threads were stopped: 0.0000998 seconds
2016-07-01T21:29:23.274-0530: 5030.151: Total time for which application threads were stopped: 0.0000839 seconds
2016-07-01T21:29:23.277-0530: 5030.153: Total time for which application threads were stopped: 0.0004036 seconds
2016-07-01T21:29:23.844-0530: 5030.720: Total time for which application threads were stopped: 0.0001317 seconds
2016-07-01T21:29:23.844-0530: 5030.721: Total time for which application threads were stopped: 0.0001366 seconds
2016-07-01T21:29:23.959-0530: 5030.836: Total time for which application threads were stopped: 0.0001041 seconds
2016-07-01T21:29:23.960-0530: 5030.837: Total time for which application threads were stopped: 0.0000654 seconds
2016-07-01T21:29:23.990-0530: 5030.867: Total time for which application threads were stopped: 0.0001107 seconds
2016-07-01T21:29:23.990-0530: 5030.867: Total time for which application threads were stopped: 0.0000849 seconds
2016-07-01T21:29:23.990-0530: 5030.867: Total time for which application threads were stopped: 0.0000774 seconds
2016-07-01T21:29:23.991-0530: 5030.867: Total time for which application threads were stopped: 0.0000932 seconds
2016-07-01T21:29:23.991-0530: 5030.867: Total time for which application threads were stopped: 0.0000669 seconds
2016-07-01T21:29:23.991-0530: 5030.867: Total time for which application threads were stopped: 0.0000664 seconds
2016-07-01T21:29:23.991-0530: 5030.868: Total time for which application threads were stopped: 0.0000684 seconds
2016-07-01T21:29:23.991-0530: 5030.868: Total time for which application threads were stopped: 0.0000534 seconds
2016-07-01T21:29:23.991-0530: 5030.868: Total time for which application threads were stopped: 0.0000532 seconds
2016-07-01T21:29:23.991-0530: 5030.868: Total time for which application threads were stopped: 0.0000694 seconds
2016-07-01T21:29:23.991-0530: 5030.868: Total time for which application threads were stopped: 0.0000810 seconds
2016-07-01T21:29:23.992-0530: 5030.868: Total time for which application threads were stopped: 0.0000877 seconds
2016-07-01T21:29:23.992-0530: 5030.868: Total time for which application threads were stopped: 0.0000682 seconds
2016-07-01T21:29:23.992-0530: 5030.869: Total time for which application threads were stopped: 0.0000746 seconds
2016-07-01T21:29:23.992-0530: 5030.869: Total time for which application threads were stopped: 0.0000886 seconds
2016-07-01T21:29:23.992-0530: 5030.869: Total time for which application threads were stopped: 0.0000612 seconds
2016-07-01T21:29:23.992-0530: 5030.869: Total time for which application threads were stopped: 0.0000850 seconds
2016-07-01T21:29:23.992-0530: 5030.869: Total time for which application threads were stopped: 0.0000730 seconds
2016-07-01T21:29:23.993-0530: 5030.869: Total time for which application threads were stopped: 0.0000593 seconds
2016-07-01T21:29:23.993-0530: 5030.869: Total time for which application threads were stopped: 0.0001299 seconds
{Heap before GC invocations=19 (full 2):
 par new generation   total 109248K, used 109248K [0x00000007a0000000, 0x00000007a8000000, 0x00000007a8000000)
  eden space 87424K, 100% used [0x00000007a0000000, 0x00000007a5560000, 0x00000007a5560000)
  from space 21824K, 100% used [0x00000007a6ab0000, 0x00000007a8000000, 0x00000007a8000000)
  to   space 21824K,   0% used [0x00000007a5560000, 0x00000007a5560000, 0x00000007a6ab0000)
 concurrent mark-sweep generation total 393216K, used 30626K [0x00000007a8000000, 0x00000007c0000000, 0x00000007c0000000)
 Metaspace       used 30523K, capacity 30844K, committed 31484K, reserved 1077248K
  class space    used 3613K, capacity 3709K, committed 3836K, reserved 1048576K
2016-07-01T21:29:24.207-0530: 5031.084: [GC (Allocation Failure) 5031.084: [ParNew
Desired survivor size 20112992 bytes, new threshold 4 (max 8)
- age   1:   12755952 bytes,   12755952 total
- age   2:    2699512 bytes,   15455464 total
- age   3:     123632 bytes,   15579096 total
- age   4:    6427152 bytes,   22006248 total
- age   5:        112 bytes,   22006360 total
: 109248K->21824K(109248K), 0.0403410 secs] 139874K->68256K(502464K), 0.0404384 secs] [Times: user=0.11 sys=0.02, real=0.04 secs] 
Heap after GC invocations=20 (full 2):
 par new generation   total 109248K, used 21824K [0x00000007a0000000, 0x00000007a8000000, 0x00000007a8000000)
  eden space 87424K,   0% used [0x00000007a0000000, 0x00000007a0000000, 0x00000007a5560000)
  from space 21824K, 100% used [0x00000007a5560000, 0x00000007a6ab0000, 0x00000007a6ab0000)
  to   space 21824K,   0% used [0x00000007a6ab0000, 0x00000007a6ab0000, 0x00000007a8000000)
 concurrent mark-sweep generation total 393216K, used 46432K [0x00000007a8000000, 0x00000007c0000000, 0x00000007c0000000)
 Metaspace       used 30523K, capacity 30844K, committed 31484K, reserved 1077248K
  class space    used 3613K, capacity 3709K, committed 3836K, reserved 1048576K
}
2016-07-01T21:29:24.248-0530: 5031.124: Total time for which application threads were stopped: 0.0406510 seconds
2016-07-01T21:29:25.251-0530: 5032.128: Total time for which application threads were stopped: 0.0002678 seconds
2016-07-01T21:29:26.256-0530: 5033.133: Total time for which application threads were stopped: 0.0001101 seconds
2016-07-01T21:29:59.335-0530: 5066.213: Total time for which application threads were stopped: 0.0001120 seconds
2016-07-01T21:29:59.715-0530: 5066.593: Total time for which application threads were stopped: 0.0001239 seconds
2016-07-01T21:29:59.803-0530: 5066.681: Total time for which application threads were stopped: 0.0001108 seconds
2016-07-01T21:29:59.808-0530: 5066.685: Total time for which application threads were stopped: 0.0001244 seconds
2016-07-01T21:30:00.286-0530: 5067.164: Total time for which application threads were stopped: 0.0001247 seconds
2016-07-01T21:30:00.287-0530: 5067.164: Total time for which application threads were stopped: 0.0000530 seconds
2016-07-01T21:30:00.308-0530: 5067.186: Total time for which application threads were stopped: 0.0001071 seconds
2016-07-01T21:30:00.308-0530: 5067.186: Total time for which application threads were stopped: 0.0000437 seconds
2016-07-01T21:30:00.309-0530: 5067.186: Total time for which application threads were stopped: 0.0001264 seconds
2016-07-01T21:30:00.309-0530: 5067.186: Total time for which application threads were stopped: 0.0000394 seconds
2016-07-01T21:30:00.309-0530: 5067.186: Total time for which application threads were stopped: 0.0000372 seconds
2016-07-01T21:30:00.309-0530: 5067.187: Total time for which application threads were stopped: 0.0000499 seconds
2016-07-01T21:30:00.309-0530: 5067.187: Total time for which application threads were stopped: 0.0000424 seconds
2016-07-01T21:30:00.309-0530: 5067.187: Total time for which application threads were stopped: 0.0000381 seconds
2016-07-01T21:30:00.309-0530: 5067.187: Total time for which application threads were stopped: 0.0000371 seconds
{Heap before GC invocations=20 (full 2):
 par new generation   total 109248K, used 109248K [0x00000007a0000000, 0x00000007a8000000, 0x00000007a8000000)
  eden space 87424K, 100% used [0x00000007a0000000, 0x00000007a5560000, 0x00000007a5560000)
  from space 21824K, 100% used [0x00000007a5560000, 0x00000007a6ab0000, 0x00000007a6ab0000)
  to   space 21824K,   0% used [0x00000007a6ab0000, 0x00000007a6ab0000, 0x00000007a8000000)
 concurrent mark-sweep generation total 393216K, used 46432K [0x00000007a8000000, 0x00000007c0000000, 0x00000007c0000000)
 Metaspace       used 30595K, capacity 30908K, committed 31484K, reserved 1077248K
  class space    used 3613K, capacity 3709K, committed 3836K, reserved 1048576K
2016-07-01T21:30:00.449-0530: 5067.327: [GC (Allocation Failure) 5067.394: [ParNew
Desired survivor size 20112992 bytes, new threshold 8 (max 8)
- age   1:   10977080 bytes,   10977080 total
- age   2:    6017792 bytes,   16994872 total
- age   3:    2679944 bytes,   19674816 total
- age   4:     123632 bytes,   19798448 total
: 109248K->21824K(109248K), 0.0232126 secs] 155680K->75682K(502464K), 0.0900687 secs] [Times: user=0.07 sys=0.01, real=0.09 secs] 
Heap after GC invocations=21 (full 2):
 par new generation   total 109248K, used 21824K [0x00000007a0000000, 0x00000007a8000000, 0x00000007a8000000)
  eden space 87424K,   0% used [0x00000007a0000000, 0x00000007a0000000, 0x00000007a5560000)
  from space 21824K, 100% used [0x00000007a6ab0000, 0x00000007a8000000, 0x00000007a8000000)
  to   space 21824K,   0% used [0x00000007a5560000, 0x00000007a5560000, 0x00000007a6ab0000)
 concurrent mark-sweep generation total 393216K, used 53858K [0x00000007a8000000, 0x00000007c0000000, 0x00000007c0000000)
 Metaspace       used 30595K, capacity 30908K, committed 31484K, reserved 1077248K
  class space    used 3613K, capacity 3709K, committed 3836K, reserved 1048576K
}
2016-07-01T21:30:00.539-0530: 5067.417: Total time for which application threads were stopped: 0.0902727 seconds
2016-07-01T21:30:01.728-0530: 5068.606: Total time for which application threads were stopped: 0.0001603 seconds
2016-07-01T21:31:28.861-0530: 5155.741: Total time for which application threads were stopped: 0.0001062 seconds
2016-07-01T21:31:28.862-0530: 5155.742: Total time for which application threads were stopped: 0.0000614 seconds
2016-07-01T21:31:28.862-0530: 5155.742: Total time for which application threads were stopped: 0.0000441 seconds
2016-07-01T21:31:28.862-0530: 5155.742: Total time for which application threads were stopped: 0.0000402 seconds
2016-07-01T21:31:28.863-0530: 5155.742: Total time for which application threads were stopped: 0.0000789 seconds
2016-07-01T21:31:28.953-0530: 5155.833: Total time for which application threads were stopped: 0.0001038 seconds
2016-07-01T21:31:28.954-0530: 5155.833: Total time for which application threads were stopped: 0.0001237 seconds
2016-07-01T21:31:28.956-0530: 5155.835: Total time for which application threads were stopped: 0.0001295 seconds
2016-07-01T21:31:29.089-0530: 5155.969: Total time for which application threads were stopped: 0.0000975 seconds
2016-07-01T21:31:30.092-0530: 5156.972: Total time for which application threads were stopped: 0.0001106 seconds
2016-07-01T21:31:30.954-0530: 5157.834: Total time for which application threads were stopped: 0.0001730 seconds
2016-07-01T21:31:30.954-0530: 5157.834: Total time for which application threads were stopped: 0.0000766 seconds
2016-07-01T21:31:30.954-0530: 5157.834: Total time for which application threads were stopped: 0.0000669 seconds
2016-07-01T21:31:30.955-0530: 5157.835: Total time for which application threads were stopped: 0.0000990 seconds
2016-07-01T21:31:30.976-0530: 5157.856: Total time for which application threads were stopped: 0.0003805 seconds
{Heap before GC invocations=21 (full 2):
 par new generation   total 109248K, used 109248K [0x00000007a0000000, 0x00000007a8000000, 0x00000007a8000000)
  eden space 87424K, 100% used [0x00000007a0000000, 0x00000007a5560000, 0x00000007a5560000)
  from space 21824K, 100% used [0x00000007a6ab0000, 0x00000007a8000000, 0x00000007a8000000)
  to   space 21824K,   0% used [0x00000007a5560000, 0x00000007a5560000, 0x00000007a6ab0000)
 concurrent mark-sweep generation total 393216K, used 53858K [0x00000007a8000000, 0x00000007c0000000, 0x00000007c0000000)
 Metaspace       used 30622K, capacity 31036K, committed 31484K, reserved 1077248K
  class space    used 3613K, capacity 3709K, committed 3836K, reserved 1048576K
2016-07-01T21:31:30.988-0530: 5157.867: [GC (Allocation Failure) 5157.877: [ParNew
Desired survivor size 20112992 bytes, new threshold 8 (max 8)
- age   1:    6347176 bytes,    6347176 total
- age   2:    3060584 bytes,    9407760 total
- age   3:    5997712 bytes,   15405472 total
- age   4:    2658464 bytes,   18063936 total
- age   5:     123632 bytes,   18187568 total
: 109248K->21824K(109248K), 0.0214295 secs] 163106K->75682K(502464K), 0.0313863 secs] [Times: user=0.04 sys=0.02, real=0.03 secs] 
Heap after GC invocations=22 (full 2):
 par new generation   total 109248K, used 21824K [0x00000007a0000000, 0x00000007a8000000, 0x00000007a8000000)
  eden space 87424K,   0% used [0x00000007a0000000, 0x00000007a0000000, 0x00000007a5560000)
  from space 21824K, 100% used [0x00000007a5560000, 0x00000007a6ab0000, 0x00000007a6ab0000)
  to   space 21824K,   0% used [0x00000007a6ab0000, 0x00000007a6ab0000, 0x00000007a8000000)
 concurrent mark-sweep generation total 393216K, used 53858K [0x00000007a8000000, 0x00000007c0000000, 0x00000007c0000000)
 Metaspace       used 30622K, capacity 31036K, committed 31484K, reserved 1077248K
  class space    used 3613K, capacity 3709K, committed 3836K, reserved 1048576K
}
2016-07-01T21:31:31.019-0530: 5157.899: Total time for which application threads were stopped: 0.0316139 seconds
2016-07-01T21:31:32.021-0530: 5158.900: Total time for which application threads were stopped: 0.0002176 seconds
2016-07-01T21:31:33.022-0530: 5159.902: Total time for which application threads were stopped: 0.0001578 seconds
{Heap before GC invocations=22 (full 2):
 par new generation   total 109248K, used 109248K [0x00000007a0000000, 0x00000007a8000000, 0x00000007a8000000)
  eden space 87424K, 100% used [0x00000007a0000000, 0x00000007a5560000, 0x00000007a5560000)
  from space 21824K, 100% used [0x00000007a5560000, 0x00000007a6ab0000, 0x00000007a6ab0000)
  to   space 21824K,   0% used [0x00000007a6ab0000, 0x00000007a6ab0000, 0x00000007a8000000)
 concurrent mark-sweep generation total 393216K, used 53858K [0x00000007a8000000, 0x00000007c0000000, 0x00000007c0000000)
 Metaspace       used 30627K, capacity 31036K, committed 31484K, reserved 1077248K
  class space    used 3613K, capacity 3709K, committed 3836K, reserved 1048576K
2016-07-01T21:31:35.332-0530: 5162.212: [GC (Allocation Failure) 5162.212: [ParNew
Desired survivor size 20112992 bytes, new threshold 8 (max 8)
- age   1:    1188024 bytes,    1188024 total
- age   2:    5763904 bytes,    6951928 total
- age   3:     329792 bytes,    7281720 total
- age   4:    5996816 bytes,   13278536 total
- age   5:    2658464 bytes,   15937000 total
- age   6:     123504 bytes,   16060504 total
: 109248K->21824K(109248K), 0.0142916 secs] 163106K->76052K(502464K), 0.0143863 secs] [Times: user=0.04 sys=0.01, real=0.01 secs] 
Heap after GC invocations=23 (full 2):
 par new generation   total 109248K, used 21824K [0x00000007a0000000, 0x00000007a8000000, 0x00000007a8000000)
  eden space 87424K,   0% used [0x00000007a0000000, 0x00000007a0000000, 0x00000007a5560000)
  from space 21824K, 100% used [0x00000007a6ab0000, 0x00000007a8000000, 0x00000007a8000000)
  to   space 21824K,   0% used [0x00000007a5560000, 0x00000007a5560000, 0x00000007a6ab0000)
 concurrent mark-sweep generation total 393216K, used 54228K [0x00000007a8000000, 0x00000007c0000000, 0x00000007c0000000)
 Metaspace       used 30627K, capacity 31036K, committed 31484K, reserved 1077248K
  class space    used 3613K, capacity 3709K, committed 3836K, reserved 1048576K
}
2016-07-01T21:31:35.346-0530: 5162.226: Total time for which application threads were stopped: 0.0146070 seconds
2016-07-01T21:31:36.126-0530: 5163.006: Total time for which application threads were stopped: 0.0001053 seconds
2016-07-01T21:32:17.248-0530: 5204.129: Total time for which application threads were stopped: 0.0001331 seconds
2016-07-01T21:32:18.251-0530: 5205.132: Total time for which application threads were stopped: 0.0002124 seconds
2016-07-01T21:32:19.255-0530: 5206.136: Total time for which application threads were stopped: 0.0002376 seconds
{Heap before GC invocations=23 (full 2):
 par new generation   total 109248K, used 109248K [0x00000007a0000000, 0x00000007a8000000, 0x00000007a8000000)
  eden space 87424K, 100% used [0x00000007a0000000, 0x00000007a5560000, 0x00000007a5560000)
  from space 21824K, 100% used [0x00000007a6ab0000, 0x00000007a8000000, 0x00000007a8000000)
  to   space 21824K,   0% used [0x00000007a5560000, 0x00000007a5560000, 0x00000007a6ab0000)
 concurrent mark-sweep generation total 393216K, used 54228K [0x00000007a8000000, 0x00000007c0000000, 0x00000007c0000000)
 Metaspace       used 30722K, capacity 31100K, committed 31740K, reserved 1077248K
  class space    used 3613K, capacity 3709K, committed 3836K, reserved 1048576K
2016-07-01T21:32:20.006-0530: 5206.887: [GC (Allocation Failure) 5206.887: [ParNew
Desired survivor size 20112992 bytes, new threshold 6 (max 8)
- age   1:   10113080 bytes,   10113080 total
- age   2:     876792 bytes,   10989872 total
- age   3:    2110080 bytes,   13099952 total
- age   4:     329768 bytes,   13429720 total
- age   5:    5990288 bytes,   19420008 total
- age   6:    2658504 bytes,   22078512 total
- age   7:     123432 bytes,   22201944 total
: 109248K->21824K(109248K), 0.0362352 secs] 163476K->84882K(502464K), 0.0363000 secs] [Times: user=0.08 sys=0.03, real=0.04 secs] 
Heap after GC invocations=24 (full 2):
 par new generation   total 109248K, used 21824K [0x00000007a0000000, 0x00000007a8000000, 0x00000007a8000000)
  eden space 87424K,   0% used [0x00000007a0000000, 0x00000007a0000000, 0x00000007a5560000)
  from space 21824K, 100% used [0x00000007a5560000, 0x00000007a6ab0000, 0x00000007a6ab0000)
  to   space 21824K,   0% used [0x00000007a6ab0000, 0x00000007a6ab0000, 0x00000007a8000000)
 concurrent mark-sweep generation total 393216K, used 63058K [0x00000007a8000000, 0x00000007c0000000, 0x00000007c0000000)
 Metaspace       used 30722K, capacity 31100K, committed 31740K, reserved 1077248K
  class space    used 3613K, capacity 3709K, committed 3836K, reserved 1048576K
}
2016-07-01T21:32:20.043-0530: 5206.924: Total time for which application threads were stopped: 0.0365143 seconds
2016-07-01T21:32:21.048-0530: 5207.929: Total time for which application threads were stopped: 0.0002081 seconds
2016-07-01T21:33:10.973-0530: 5257.855: Total time for which application threads were stopped: 0.0000930 seconds
2016-07-01T21:33:10.973-0530: 5257.855: Total time for which application threads were stopped: 0.0000617 seconds
2016-07-01T21:33:59.216-0530: 5306.100: Total time for which application threads were stopped: 0.0001151 seconds
2016-07-01T21:34:46.047-0530: 5352.932: Total time for which application threads were stopped: 0.0001692 seconds
2016-07-01T21:34:46.048-0530: 5352.932: Total time for which application threads were stopped: 0.0000720 seconds
2016-07-01T21:34:46.048-0530: 5352.933: Total time for which application threads were stopped: 0.0000588 seconds
2016-07-01T21:34:46.118-0530: 5353.003: Total time for which application threads were stopped: 0.0001153 seconds
2016-07-01T21:34:46.119-0530: 5353.003: Total time for which application threads were stopped: 0.0000524 seconds
2016-07-01T21:34:46.121-0530: 5353.006: Total time for which application threads were stopped: 0.0001627 seconds
2016-07-01T21:34:47.123-0530: 5354.007: Total time for which application threads were stopped: 0.0002781 seconds
2016-07-01T21:34:49.124-0530: 5356.009: Total time for which application threads were stopped: 0.0001179 seconds
2016-07-01T21:34:49.859-0530: 5356.744: Total time for which application threads were stopped: 0.0033352 seconds
2016-07-01T21:34:49.867-0530: 5356.751: Total time for which application threads were stopped: 0.0075460 seconds
2016-07-01T21:34:49.875-0530: 5356.760: Total time for which application threads were stopped: 0.0079700 seconds
2016-07-01T21:34:50.019-0530: 5356.904: Total time for which application threads were stopped: 0.0272803 seconds
2016-07-01T21:34:50.025-0530: 5356.909: Total time for which application threads were stopped: 0.0049488 seconds
2016-07-01T21:34:50.036-0530: 5356.921: Total time for which application threads were stopped: 0.0107301 seconds
2016-07-01T21:34:50.128-0530: 5357.013: Total time for which application threads were stopped: 0.0153313 seconds
2016-07-01T21:34:50.159-0530: 5357.044: Total time for which application threads were stopped: 0.0301605 seconds
2016-07-01T21:34:50.208-0530: 5357.092: Total time for which application threads were stopped: 0.0482289 seconds
2016-07-01T21:34:50.230-0530: 5357.115: Total time for which application threads were stopped: 0.0218110 seconds
2016-07-01T21:34:50.260-0530: 5357.145: Total time for which application threads were stopped: 0.0297707 seconds
2016-07-01T21:34:50.270-0530: 5357.155: Total time for which application threads were stopped: 0.0095550 seconds
2016-07-01T21:34:50.374-0530: 5357.259: Total time for which application threads were stopped: 0.0496597 seconds
2016-07-01T21:34:50.404-0530: 5357.288: Total time for which application threads were stopped: 0.0293745 seconds
2016-07-01T21:34:50.417-0530: 5357.302: Total time for which application threads were stopped: 0.0123961 seconds
2016-07-01T21:34:51.024-0530: 5357.909: Total time for which application threads were stopped: 0.0749629 seconds
2016-07-01T21:34:51.121-0530: 5358.006: Total time for which application threads were stopped: 0.0972421 seconds
2016-07-01T21:34:51.230-0530: 5358.115: Total time for which application threads were stopped: 0.0233200 seconds
2016-07-01T21:34:52.419-0530: 5359.304: Total time for which application threads were stopped: 0.0677318 seconds
2016-07-01T21:34:52.475-0530: 5359.359: Total time for which application threads were stopped: 0.0549796 seconds
2016-07-01T21:34:52.539-0530: 5359.423: Total time for which application threads were stopped: 0.0636641 seconds
2016-07-01T21:34:52.783-0530: 5359.668: Total time for which application threads were stopped: 0.0259419 seconds
2016-07-01T21:34:52.801-0530: 5359.686: Total time for which application threads were stopped: 0.0170172 seconds
2016-07-01T21:34:53.011-0530: 5359.896: Total time for which application threads were stopped: 0.0209873 seconds
2016-07-01T21:34:53.060-0530: 5359.944: Total time for which application threads were stopped: 0.0476332 seconds
2016-07-01T21:34:53.786-0530: 5360.671: Total time for which application threads were stopped: 0.0001410 seconds
2016-07-01T21:34:54.504-0530: 5361.389: Total time for which application threads were stopped: 0.0313272 seconds
2016-07-01T21:34:54.531-0530: 5361.416: Total time for which application threads were stopped: 0.0188881 seconds
2016-07-01T21:34:55.589-0530: 5362.473: Total time for which application threads were stopped: 0.0528972 seconds
2016-07-01T21:34:55.893-0530: 5362.778: Total time for which application threads were stopped: 0.0592866 seconds
2016-07-01T21:34:56.229-0530: 5363.114: Total time for which application threads were stopped: 0.1401746 seconds
2016-07-01T21:34:57.248-0530: 5364.133: Total time for which application threads were stopped: 0.0167442 seconds
2016-07-01T21:34:58.515-0530: 5365.400: Total time for which application threads were stopped: 0.0084033 seconds
2016-07-01T21:34:58.522-0530: 5365.407: Total time for which application threads were stopped: 0.0061140 seconds
2016-07-01T21:34:58.542-0530: 5365.427: Total time for which application threads were stopped: 0.0198799 seconds
2016-07-01T21:34:58.571-0530: 5365.456: Total time for which application threads were stopped: 0.0288885 seconds
2016-07-01T21:34:58.586-0530: 5365.471: Total time for which application threads were stopped: 0.0149539 seconds
2016-07-01T21:34:58.587-0530: 5365.472: Total time for which application threads were stopped: 0.0001865 seconds
2016-07-01T21:34:58.587-0530: 5365.472: Total time for which application threads were stopped: 0.0001543 seconds
2016-07-01T21:34:58.587-0530: 5365.472: Total time for which application threads were stopped: 0.0001635 seconds
2016-07-01T21:34:58.597-0530: 5365.482: Total time for which application threads were stopped: 0.0096189 seconds
2016-07-01T21:34:58.627-0530: 5365.512: Total time for which application threads were stopped: 0.0289240 seconds
2016-07-01T21:34:58.638-0530: 5365.523: Total time for which application threads were stopped: 0.0113540 seconds
2016-07-01T21:34:58.650-0530: 5365.535: Total time for which application threads were stopped: 0.0110521 seconds
2016-07-01T21:34:58.667-0530: 5365.552: Total time for which application threads were stopped: 0.0160202 seconds
2016-07-01T21:34:58.676-0530: 5365.561: Total time for which application threads were stopped: 0.0095395 seconds
2016-07-01T21:34:58.700-0530: 5365.585: Total time for which application threads were stopped: 0.0231793 seconds
2016-07-01T21:34:58.710-0530: 5365.595: Total time for which application threads were stopped: 0.0103890 seconds
2016-07-01T21:34:58.723-0530: 5365.608: Total time for which application threads were stopped: 0.0121825 seconds
2016-07-01T21:34:59.750-0530: 5366.635: Total time for which application threads were stopped: 0.0268099 seconds
{Heap before GC invocations=24 (full 2):
 par new generation   total 109248K, used 109248K [0x00000007a0000000, 0x00000007a8000000, 0x00000007a8000000)
  eden space 87424K, 100% used [0x00000007a0000000, 0x00000007a5560000, 0x00000007a5560000)
  from space 21824K, 100% used [0x00000007a5560000, 0x00000007a6ab0000, 0x00000007a6ab0000)
  to   space 21824K,   0% used [0x00000007a6ab0000, 0x00000007a6ab0000, 0x00000007a8000000)
 concurrent mark-sweep generation total 393216K, used 63058K [0x00000007a8000000, 0x00000007c0000000, 0x00000007c0000000)
 Metaspace       used 30824K, capacity 31164K, committed 31740K, reserved 1077248K
  class space    used 3614K, capacity 3709K, committed 3836K, reserved 1048576K
2016-07-01T21:35:01.772-0530: 5368.657: [GC (Allocation Failure) 5368.657: [ParNew
Desired survivor size 20112992 bytes, new threshold 6 (max 8)
- age   1:   10181632 bytes,   10181632 total
- age   2:    3831800 bytes,   14013432 total
- age   3:     846112 bytes,   14859544 total
- age   4:    1904696 bytes,   16764240 total
- age   5:     315536 bytes,   17079776 total
- age   6:    5231528 bytes,   22311304 total
: 109248K->21824K(109248K), 0.0249626 secs] 172306K->89930K(502464K), 0.0250312 secs] [Times: user=0.05 sys=0.02, real=0.02 secs] 
Heap after GC invocations=25 (full 2):
 par new generation   total 109248K, used 21824K [0x00000007a0000000, 0x00000007a8000000, 0x00000007a8000000)
  eden space 87424K,   0% used [0x00000007a0000000, 0x00000007a0000000, 0x00000007a5560000)
  from space 21824K, 100% used [0x00000007a6ab0000, 0x00000007a8000000, 0x00000007a8000000)
  to   space 21824K,   0% used [0x00000007a5560000, 0x00000007a5560000, 0x00000007a6ab0000)
 concurrent mark-sweep generation total 393216K, used 68106K [0x00000007a8000000, 0x00000007c0000000, 0x00000007c0000000)
 Metaspace       used 30824K, capacity 31164K, committed 31740K, reserved 1077248K
  class space    used 3614K, capacity 3709K, committed 3836K, reserved 1048576K
}
2016-07-01T21:35:01.797-0530: 5368.682: Total time for which application threads were stopped: 0.0381693 seconds
{Heap before GC invocations=25 (full 2):
 par new generation   total 109248K, used 109248K [0x00000007a0000000, 0x00000007a8000000, 0x00000007a8000000)
  eden space 87424K, 100% used [0x00000007a0000000, 0x00000007a5560000, 0x00000007a5560000)
  from space 21824K, 100% used [0x00000007a6ab0000, 0x00000007a8000000, 0x00000007a8000000)
  to   space 21824K,   0% used [0x00000007a5560000, 0x00000007a5560000, 0x00000007a6ab0000)
 concurrent mark-sweep generation total 393216K, used 68106K [0x00000007a8000000, 0x00000007c0000000, 0x00000007c0000000)
 Metaspace       used 30825K, capacity 31164K, committed 31740K, reserved 1077248K
  class space    used 3614K, capacity 3709K, committed 3836K, reserved 1048576K
2016-07-01T21:35:02.234-0530: 5369.119: [GC (Allocation Failure) 5369.119: [ParNew
Desired survivor size 20112992 bytes, new threshold 4 (max 8)
- age   1:   12201888 bytes,   12201888 total
- age   2:    5155768 bytes,   17357656 total
- age   3:    2305256 bytes,   19662912 total
- age   4:     793576 bytes,   20456488 total
- age   5:    1569344 bytes,   22025832 total
- age   6:     315056 bytes,   22340888 total
: 109248K->21824K(109248K), 0.1243283 secs] 177354K->126147K(502464K), 0.1244306 secs] [Times: user=0.29 sys=0.13, real=0.12 secs] 
Heap after GC invocations=26 (full 2):
 par new generation   total 109248K, used 21824K [0x00000007a0000000, 0x00000007a8000000, 0x00000007a8000000)
  eden space 87424K,   0% used [0x00000007a0000000, 0x00000007a0000000, 0x00000007a5560000)
  from space 21824K, 100% used [0x00000007a5560000, 0x00000007a6ab0000, 0x00000007a6ab0000)
  to   space 21824K,   0% used [0x00000007a6ab0000, 0x00000007a6ab0000, 0x00000007a8000000)
 concurrent mark-sweep generation total 393216K, used 104323K [0x00000007a8000000, 0x00000007c0000000, 0x00000007c0000000)
 Metaspace       used 30825K, capacity 31164K, committed 31740K, reserved 1077248K
  class space    used 3614K, capacity 3709K, committed 3836K, reserved 1048576K
}
2016-07-01T21:35:02.359-0530: 5369.244: Total time for which application threads were stopped: 0.1246851 seconds
{Heap before GC invocations=26 (full 2):
 par new generation   total 109248K, used 109248K [0x00000007a0000000, 0x00000007a8000000, 0x00000007a8000000)
  eden space 87424K, 100% used [0x00000007a0000000, 0x00000007a5560000, 0x00000007a5560000)
  from space 21824K, 100% used [0x00000007a5560000, 0x00000007a6ab0000, 0x00000007a6ab0000)
  to   space 21824K,   0% used [0x00000007a6ab0000, 0x00000007a6ab0000, 0x00000007a8000000)
 concurrent mark-sweep generation total 393216K, used 104323K [0x00000007a8000000, 0x00000007c0000000, 0x00000007c0000000)
 Metaspace       used 30825K, capacity 31164K, committed 31740K, reserved 1077248K
  class space    used 3614K, capacity 3709K, committed 3836K, reserved 1048576K
2016-07-01T21:35:02.944-0530: 5369.829: [GC (Allocation Failure) 5369.830: [ParNew
Desired survivor size 20112992 bytes, new threshold 4 (max 8)
- age   1:    8705320 bytes,    8705320 total
- age   2:    6041376 bytes,   14746696 total
- age   3:    5155720 bytes,   19902416 total
- age   4:    2294832 bytes,   22197248 total
: 109248K->21824K(109248K), 0.0253174 secs] 213571K->132406K(502464K), 0.0253886 secs] [Times: user=0.06 sys=0.02, real=0.03 secs] 
Heap after GC invocations=27 (full 2):
 par new generation   total 109248K, used 21824K [0x00000007a0000000, 0x00000007a8000000, 0x00000007a8000000)
  eden space 87424K,   0% used [0x00000007a0000000, 0x00000007a0000000, 0x00000007a5560000)
  from space 21824K, 100% used [0x00000007a6ab0000, 0x00000007a8000000, 0x00000007a8000000)
  to   space 21824K,   0% used [0x00000007a5560000, 0x00000007a5560000, 0x00000007a6ab0000)
 concurrent mark-sweep generation total 393216K, used 110582K [0x00000007a8000000, 0x00000007c0000000, 0x00000007c0000000)
 Metaspace       used 30825K, capacity 31164K, committed 31740K, reserved 1077248K
  class space    used 3614K, capacity 3709K, committed 3836K, reserved 1048576K
}
2016-07-01T21:35:02.970-0530: 5369.855: Total time for which application threads were stopped: 0.0256068 seconds
2016-07-01T21:35:03.975-0530: 5370.860: Total time for which application threads were stopped: 0.0001580 seconds
2016-07-01T21:35:05.983-0530: 5372.869: Total time for which application threads were stopped: 0.0002133 seconds
2016-07-01T21:35:36.079-0530: 5402.965: Total time for which application threads were stopped: 0.0002364 seconds
2016-07-01T21:35:40.091-0530: 5406.977: Total time for which application threads were stopped: 0.0001947 seconds
2016-07-01T21:35:42.097-0530: 5408.984: Total time for which application threads were stopped: 0.0001429 seconds
2016-07-01T21:35:49.124-0530: 5416.010: Total time for which application threads were stopped: 0.0002350 seconds
2016-07-01T21:35:50.960-0530: 5417.847: Total time for which application threads were stopped: 0.0001055 seconds
2016-07-01T21:35:51.066-0530: 5417.952: Total time for which application threads were stopped: 0.0000994 seconds
2016-07-01T21:35:51.247-0530: 5418.133: Total time for which application threads were stopped: 0.0001314 seconds
2016-07-01T21:35:52.251-0530: 5419.137: Total time for which application threads were stopped: 0.0001569 seconds
{Heap before GC invocations=27 (full 2):
 par new generation   total 109248K, used 109248K [0x00000007a0000000, 0x00000007a8000000, 0x00000007a8000000)
  eden space 87424K, 100% used [0x00000007a0000000, 0x00000007a5560000, 0x00000007a5560000)
  from space 21824K, 100% used [0x00000007a6ab0000, 0x00000007a8000000, 0x00000007a8000000)
  to   space 21824K,   0% used [0x00000007a5560000, 0x00000007a5560000, 0x00000007a6ab0000)
 concurrent mark-sweep generation total 393216K, used 110582K [0x00000007a8000000, 0x00000007c0000000, 0x00000007c0000000)
 Metaspace       used 30901K, capacity 31228K, committed 31740K, reserved 1077248K
  class space    used 3614K, capacity 3709K, committed 3836K, reserved 1048576K
2016-07-01T21:35:52.967-0530: 5419.853: [GC (Allocation Failure) 5419.869: [ParNew
Desired survivor size 20112992 bytes, new threshold 4 (max 8)
- age   1:   12562256 bytes,   12562256 total
- age   2:    5027336 bytes,   17589592 total
- age   3:    1571920 bytes,   19161512 total
- age   4:    3174072 bytes,   22335584 total
: 109248K->21824K(109248K), 0.0936132 secs] 219830K->153475K(502464K), 0.1096096 secs] [Times: user=0.13 sys=0.06, real=0.11 secs] 
Heap after GC invocations=28 (full 2):
 par new generation   total 109248K, used 21824K [0x00000007a0000000, 0x00000007a8000000, 0x00000007a8000000)
  eden space 87424K,   0% used [0x00000007a0000000, 0x00000007a0000000, 0x00000007a5560000)
  from space 21824K, 100% used [0x00000007a5560000, 0x00000007a6ab0000, 0x00000007a6ab0000)
  to   space 21824K,   0% used [0x00000007a6ab0000, 0x00000007a6ab0000, 0x00000007a8000000)
 concurrent mark-sweep generation total 393216K, used 131651K [0x00000007a8000000, 0x00000007c0000000, 0x00000007c0000000)
 Metaspace       used 30901K, capacity 31228K, committed 31740K, reserved 1077248K
  class space    used 3614K, capacity 3709K, committed 3836K, reserved 1048576K
}
2016-07-01T21:35:53.077-0530: 5419.963: Total time for which application threads were stopped: 0.1098499 seconds
2016-07-01T21:35:55.083-0530: 5421.970: Total time for which application threads were stopped: 0.0001225 seconds
2016-07-01T21:36:42.173-0530: 5469.060: Total time for which application threads were stopped: 0.0010482 seconds
2016-07-01T21:37:33.306-0530: 5520.195: Total time for which application threads were stopped: 0.0004668 seconds
2016-07-01T21:44:42.376-0530: 5949.275: Total time for which application threads were stopped: 0.0004113 seconds
2016-07-01T21:44:42.487-0530: 5949.386: Total time for which application threads were stopped: 0.0002529 seconds
2016-07-01T21:44:42.537-0530: 5949.436: Total time for which application threads were stopped: 0.0001272 seconds
2016-07-01T21:44:42.558-0530: 5949.457: Total time for which application threads were stopped: 0.0001618 seconds
2016-07-01T21:44:42.618-0530: 5949.517: Total time for which application threads were stopped: 0.0001287 seconds
2016-07-01T21:44:42.637-0530: 5949.537: Total time for which application threads were stopped: 0.0002709 seconds
2016-07-01T21:44:42.710-0530: 5949.609: Total time for which application threads were stopped: 0.0001822 seconds
2016-07-01T21:44:42.712-0530: 5949.612: Total time for which application threads were stopped: 0.0003293 seconds
2016-07-01T21:44:42.781-0530: 5949.681: Total time for which application threads were stopped: 0.0001135 seconds
2016-07-01T21:44:43.785-0530: 5950.685: Total time for which application threads were stopped: 0.0001183 seconds
2016-07-01T21:44:44.091-0530: 5950.990: Total time for which application threads were stopped: 0.0001087 seconds
{Heap before GC invocations=28 (full 2):
 par new generation   total 109248K, used 109248K [0x00000007a0000000, 0x00000007a8000000, 0x00000007a8000000)
  eden space 87424K, 100% used [0x00000007a0000000, 0x00000007a5560000, 0x00000007a5560000)
  from space 21824K, 100% used [0x00000007a5560000, 0x00000007a6ab0000, 0x00000007a6ab0000)
  to   space 21824K,   0% used [0x00000007a6ab0000, 0x00000007a6ab0000, 0x00000007a8000000)
 concurrent mark-sweep generation total 393216K, used 131651K [0x00000007a8000000, 0x00000007c0000000, 0x00000007c0000000)
 Metaspace       used 30927K, capacity 31292K, committed 31740K, reserved 1077248K
  class space    used 3614K, capacity 3709K, committed 3836K, reserved 1048576K
2016-07-01T21:44:44.354-0530: 5951.253: [GC (Allocation Failure) 5951.268: [ParNew
Desired survivor size 20112992 bytes, new threshold 8 (max 8)
- age   1:   12435960 bytes,   12435960 total
- age   2:    2674536 bytes,   15110496 total
- age   3:    3186280 bytes,   18296776 total
- age   4:    1572560 bytes,   19869336 total
: 109248K->21824K(109248K), 0.1316543 secs] 240899K->162861K(502464K), 0.1460760 secs] [Times: user=0.12 sys=0.23, real=0.15 secs] 
Heap after GC invocations=29 (full 2):
 par new generation   total 109248K, used 21824K [0x00000007a0000000, 0x00000007a8000000, 0x00000007a8000000)
  eden space 87424K,   0% used [0x00000007a0000000, 0x00000007a0000000, 0x00000007a5560000)
  from space 21824K, 100% used [0x00000007a6ab0000, 0x00000007a8000000, 0x00000007a8000000)
  to   space 21824K,   0% used [0x00000007a5560000, 0x00000007a5560000, 0x00000007a6ab0000)
 concurrent mark-sweep generation total 393216K, used 141037K [0x00000007a8000000, 0x00000007c0000000, 0x00000007c0000000)
 Metaspace       used 30927K, capacity 31292K, committed 31740K, reserved 1077248K
  class space    used 3614K, capacity 3709K, committed 3836K, reserved 1048576K
}
2016-07-01T21:44:44.500-0530: 5951.399: Total time for which application threads were stopped: 0.1463596 seconds
2016-07-01T21:45:34.625-0530: 6001.526: Total time for which application threads were stopped: 0.0001140 seconds
2016-07-01T21:45:48.637-0530: 6015.539: Total time for which application threads were stopped: 0.0001042 seconds
2016-07-01T21:45:48.716-0530: 6015.617: Total time for which application threads were stopped: 0.0001222 seconds
2016-07-01T21:45:50.719-0530: 6017.621: Total time for which application threads were stopped: 0.0000977 seconds
2016-07-01T21:45:51.191-0530: 6018.093: Total time for which application threads were stopped: 0.0001349 seconds
2016-07-01T21:45:51.207-0530: 6018.108: Total time for which application threads were stopped: 0.0000950 seconds
2016-07-01T21:45:51.566-0530: 6018.467: Total time for which application threads were stopped: 0.0001410 seconds
{Heap before GC invocations=29 (full 2):
 par new generation   total 109248K, used 109247K [0x00000007a0000000, 0x00000007a8000000, 0x00000007a8000000)
  eden space 87424K,  99% used [0x00000007a0000000, 0x00000007a555ff98, 0x00000007a5560000)
  from space 21824K, 100% used [0x00000007a6ab0000, 0x00000007a8000000, 0x00000007a8000000)
  to   space 21824K,   0% used [0x00000007a5560000, 0x00000007a5560000, 0x00000007a6ab0000)
 concurrent mark-sweep generation total 393216K, used 141037K [0x00000007a8000000, 0x00000007c0000000, 0x00000007c0000000)
 Metaspace       used 30945K, capacity 31292K, committed 31740K, reserved 1077248K
  class space    used 3614K, capacity 3709K, committed 3836K, reserved 1048576K
2016-07-01T21:45:51.606-0530: 6018.507: [GC (Allocation Failure) 6018.516: [ParNew
Desired survivor size 20112992 bytes, new threshold 8 (max 8)
- age   1:    5015272 bytes,    5015272 total
- age   2:    6085472 bytes,   11100744 total
- age   3:    2673808 bytes,   13774552 total
- age   4:    3186280 bytes,   16960832 total
- age   5:    1571920 bytes,   18532752 total
: 109247K->21824K(109248K), 0.0366746 secs] 250285K->163665K(502464K), 0.0459299 secs] [Times: user=0.09 sys=0.03, real=0.05 secs] 
Heap after GC invocations=30 (full 2):
 par new generation   total 109248K, used 21824K [0x00000007a0000000, 0x00000007a8000000, 0x00000007a8000000)
  eden space 87424K,   0% used [0x00000007a0000000, 0x00000007a0000000, 0x00000007a5560000)
  from space 21824K, 100% used [0x00000007a5560000, 0x00000007a6ab0000, 0x00000007a6ab0000)
  to   space 21824K,   0% used [0x00000007a6ab0000, 0x00000007a6ab0000, 0x00000007a8000000)
 concurrent mark-sweep generation total 393216K, used 141841K [0x00000007a8000000, 0x00000007c0000000, 0x00000007c0000000)
 Metaspace       used 30945K, capacity 31292K, committed 31740K, reserved 1077248K
  class space    used 3614K, capacity 3709K, committed 3836K, reserved 1048576K
}
2016-07-01T21:45:51.652-0530: 6018.553: Total time for which application threads were stopped: 0.0461921 seconds
{Heap before GC invocations=30 (full 2):
 par new generation   total 109248K, used 107736K [0x00000007a0000000, 0x00000007a8000000, 0x00000007a8000000)
  eden space 87424K,  98% used [0x00000007a0000000, 0x00000007a53e6108, 0x00000007a5560000)
  from space 21824K, 100% used [0x00000007a5560000, 0x00000007a6ab0000, 0x00000007a6ab0000)
  to   space 21824K,   0% used [0x00000007a6ab0000, 0x00000007a6ab0000, 0x00000007a8000000)
 concurrent mark-sweep generation total 393216K, used 141841K [0x00000007a8000000, 0x00000007c0000000, 0x00000007c0000000)
 Metaspace       used 30945K, capacity 31292K, committed 31740K, reserved 1077248K
  class space    used 3614K, capacity 3709K, committed 3836K, reserved 1048576K
2016-07-01T21:45:52.580-0530: 6019.482: [GC (Allocation Failure) 6019.482: [ParNew
Desired survivor size 20112992 bytes, new threshold 5 (max 8)
- age   1:    3832176 bytes,    3832176 total
- age   2:    5009568 bytes,    8841744 total
- age   3:    6079064 bytes,   14920808 total
- age   4:    2663960 bytes,   17584768 total
- age   5:    3186280 bytes,   20771048 total
- age   6:    1571920 bytes,   22342968 total
: 107736K->21824K(109248K), 0.0395908 secs] 249577K->173457K(502464K), 0.0396667 secs] [Times: user=0.08 sys=0.05, real=0.04 secs] 
Heap after GC invocations=31 (full 2):
 par new generation   total 109248K, used 21824K [0x00000007a0000000, 0x00000007a8000000, 0x00000007a8000000)
  eden space 87424K,   0% used [0x00000007a0000000, 0x00000007a0000000, 0x00000007a5560000)
  from space 21824K, 100% used [0x00000007a6ab0000, 0x00000007a8000000, 0x00000007a8000000)
  to   space 21824K,   0% used [0x00000007a5560000, 0x00000007a5560000, 0x00000007a6ab0000)
 concurrent mark-sweep generation total 393216K, used 151633K [0x00000007a8000000, 0x00000007c0000000, 0x00000007c0000000)
 Metaspace       used 30945K, capacity 31292K, committed 31740K, reserved 1077248K
  class space    used 3614K, capacity 3709K, committed 3836K, reserved 1048576K
}
2016-07-01T21:45:52.620-0530: 6019.521: Total time for which application threads were stopped: 0.0399000 seconds
2016-07-01T21:46:44.905-0530: 6071.808: Total time for which application threads were stopped: 0.0001037 seconds
2016-07-01T21:46:45.015-0530: 6071.917: Total time for which application threads were stopped: 0.0001056 seconds
2016-07-01T21:46:46.020-0530: 6072.922: Total time for which application threads were stopped: 0.0000993 seconds
2016-07-01T21:46:46.493-0530: 6073.396: Total time for which application threads were stopped: 0.0001323 seconds
2016-07-01T21:46:46.520-0530: 6073.422: Total time for which application threads were stopped: 0.0001041 seconds
2016-07-01T21:46:46.643-0530: 6073.545: Total time for which application threads were stopped: 0.0001309 seconds
2016-07-01T21:46:46.685-0530: 6073.587: Total time for which application threads were stopped: 0.0001050 seconds
2016-07-01T21:46:46.744-0530: 6073.646: Total time for which application threads were stopped: 0.0001415 seconds
{Heap before GC invocations=31 (full 2):
 par new generation   total 109248K, used 109248K [0x00000007a0000000, 0x00000007a8000000, 0x00000007a8000000)
  eden space 87424K, 100% used [0x00000007a0000000, 0x00000007a5560000, 0x00000007a5560000)
  from space 21824K, 100% used [0x00000007a6ab0000, 0x00000007a8000000, 0x00000007a8000000)
  to   space 21824K,   0% used [0x00000007a5560000, 0x00000007a5560000, 0x00000007a6ab0000)
 concurrent mark-sweep generation total 393216K, used 151633K [0x00000007a8000000, 0x00000007c0000000, 0x00000007c0000000)
 Metaspace       used 30954K, capacity 31292K, committed 31740K, reserved 1077248K
  class space    used 3614K, capacity 3709K, committed 3836K, reserved 1048576K
2016-07-01T21:46:47.113-0530: 6074.016: [GC (Allocation Failure) 6074.053: [ParNew
Desired survivor size 20112992 bytes, new threshold 5 (max 8)
- age   1:    9815504 bytes,    9815504 total
- age   2:    3663448 bytes,   13478952 total
- age   3:    1311968 bytes,   14790920 total
- age   4:    4967912 bytes,   19758832 total
- age   5:    2580536 bytes,   22339368 total
: 109248K->21824K(109248K), 0.0506888 secs] 260881K->188219K(502464K), 0.0879130 secs] [Times: user=0.10 sys=0.06, real=0.09 secs] 
Heap after GC invocations=32 (full 2):
 par new generation   total 109248K, used 21824K [0x00000007a0000000, 0x00000007a8000000, 0x00000007a8000000)
  eden space 87424K,   0% used [0x00000007a0000000, 0x00000007a0000000, 0x00000007a5560000)
  from space 21824K, 100% used [0x00000007a5560000, 0x00000007a6ab0000, 0x00000007a6ab0000)
  to   space 21824K,   0% used [0x00000007a6ab0000, 0x00000007a6ab0000, 0x00000007a8000000)
 concurrent mark-sweep generation total 393216K, used 166395K [0x00000007a8000000, 0x00000007c0000000, 0x00000007c0000000)
 Metaspace       used 30954K, capacity 31292K, committed 31740K, reserved 1077248K
  class space    used 3614K, capacity 3709K, committed 3836K, reserved 1048576K
}
2016-07-01T21:46:47.201-0530: 6074.104: Total time for which application threads were stopped: 0.0881526 seconds
2016-07-01T21:46:48.205-0530: 6075.107: Total time for which application threads were stopped: 0.0001060 seconds
2016-07-01T21:47:21.309-0530: 6108.212: Total time for which application threads were stopped: 0.0002130 seconds
2016-07-01T21:47:22.310-0530: 6109.213: Total time for which application threads were stopped: 0.0001322 seconds
2016-07-01T21:47:22.436-0530: 6109.339: Total time for which application threads were stopped: 0.0001179 seconds
{Heap before GC invocations=32 (full 2):
 par new generation   total 109248K, used 109248K [0x00000007a0000000, 0x00000007a8000000, 0x00000007a8000000)
  eden space 87424K, 100% used [0x00000007a0000000, 0x00000007a5560000, 0x00000007a5560000)
  from space 21824K, 100% used [0x00000007a5560000, 0x00000007a6ab0000, 0x00000007a6ab0000)
  to   space 21824K,   0% used [0x00000007a6ab0000, 0x00000007a6ab0000, 0x00000007a8000000)
 concurrent mark-sweep generation total 393216K, used 166395K [0x00000007a8000000, 0x00000007c0000000, 0x00000007c0000000)
 Metaspace       used 30977K, capacity 31298K, committed 31740K, reserved 1077248K
  class space    used 3614K, capacity 3710K, committed 3836K, reserved 1048576K
2016-07-01T21:47:22.668-0530: 6109.571: [GC (Allocation Failure) 6109.578: [ParNew
Desired survivor size 20112992 bytes, new threshold 5 (max 8)
- age   1:   10967680 bytes,   10967680 total
- age   2:    2155872 bytes,   13123552 total
- age   3:    3663520 bytes,   16787072 total
- age   4:    1294664 bytes,   18081736 total
- age   5:    4250864 bytes,   22332600 total
: 109248K->21824K(109248K), 0.0620012 secs] 275643K->206754K(502464K), 0.0690995 secs] [Times: user=0.11 sys=0.07, real=0.07 secs] 
Heap after GC invocations=33 (full 2):
 par new generation   total 109248K, used 21824K [0x00000007a0000000, 0x00000007a8000000, 0x00000007a8000000)
  eden space 87424K,   0% used [0x00000007a0000000, 0x00000007a0000000, 0x00000007a5560000)
  from space 21824K, 100% used [0x00000007a6ab0000, 0x00000007a8000000, 0x00000007a8000000)
  to   space 21824K,   0% used [0x00000007a5560000, 0x00000007a5560000, 0x00000007a6ab0000)
 concurrent mark-sweep generation total 393216K, used 184930K [0x00000007a8000000, 0x00000007c0000000, 0x00000007c0000000)
 Metaspace       used 30977K, capacity 31298K, committed 31740K, reserved 1077248K
  class space    used 3614K, capacity 3710K, committed 3836K, reserved 1048576K
}
2016-07-01T21:47:22.737-0530: 6109.640: Total time for which application threads were stopped: 0.0693422 seconds
2016-07-01T21:47:24.741-0530: 6111.645: Total time for which application threads were stopped: 0.0002690 seconds
{Heap before GC invocations=33 (full 2):
 par new generation   total 109248K, used 108898K [0x00000007a0000000, 0x00000007a8000000, 0x00000007a8000000)
  eden space 87424K,  99% used [0x00000007a0000000, 0x00000007a5508998, 0x00000007a5560000)
  from space 21824K, 100% used [0x00000007a6ab0000, 0x00000007a8000000, 0x00000007a8000000)
  to   space 21824K,   0% used [0x00000007a5560000, 0x00000007a5560000, 0x00000007a6ab0000)
 concurrent mark-sweep generation total 393216K, used 184930K [0x00000007a8000000, 0x00000007c0000000, 0x00000007c0000000)
 Metaspace       used 30980K, capacity 31298K, committed 31740K, reserved 1077248K
  class space    used 3614K, capacity 3710K, committed 3836K, reserved 1048576K
2016-07-01T21:47:36.200-0530: 6123.103: [GC (Allocation Failure) 6123.146: [ParNew
Desired survivor size 20112992 bytes, new threshold 8 (max 8)
- age   1:    9791008 bytes,    9791008 total
- age   2:    2808464 bytes,   12599472 total
- age   3:    2005920 bytes,   14605392 total
- age   4:    3663448 bytes,   18268840 total
- age   5:    1241040 bytes,   19509880 total
: 108898K->21824K(109248K), 0.0225508 secs] 293829K->212244K(502464K), 0.0652500 secs] [Times: user=0.07 sys=0.02, real=0.06 secs] 
Heap after GC invocations=34 (full 2):
 par new generation   total 109248K, used 21824K [0x00000007a0000000, 0x00000007a8000000, 0x00000007a8000000)
  eden space 87424K,   0% used [0x00000007a0000000, 0x00000007a0000000, 0x00000007a5560000)
  from space 21824K, 100% used [0x00000007a5560000, 0x00000007a6ab0000, 0x00000007a6ab0000)
  to   space 21824K,   0% used [0x00000007a6ab0000, 0x00000007a6ab0000, 0x00000007a8000000)
 concurrent mark-sweep generation total 393216K, used 190420K [0x00000007a8000000, 0x00000007c0000000, 0x00000007c0000000)
 Metaspace       used 30980K, capacity 31298K, committed 31740K, reserved 1077248K
  class space    used 3614K, capacity 3710K, committed 3836K, reserved 1048576K
}
2016-07-01T21:47:36.265-0530: 6123.169: Total time for which application threads were stopped: 0.0654733 seconds
2016-07-01T21:47:38.269-0530: 6125.173: Total time for which application threads were stopped: 0.0004462 seconds
{Heap before GC invocations=34 (full 2):
 par new generation   total 109248K, used 109029K [0x00000007a0000000, 0x00000007a8000000, 0x00000007a8000000)
  eden space 87424K,  99% used [0x00000007a0000000, 0x00000007a55295c8, 0x00000007a5560000)
  from space 21824K, 100% used [0x00000007a5560000, 0x00000007a6ab0000, 0x00000007a6ab0000)
  to   space 21824K,   0% used [0x00000007a6ab0000, 0x00000007a6ab0000, 0x00000007a8000000)
 concurrent mark-sweep generation total 393216K, used 190420K [0x00000007a8000000, 0x00000007c0000000, 0x00000007c0000000)
 Metaspace       used 30990K, capacity 31362K, committed 31996K, reserved 1077248K
  class space    used 3614K, capacity 3710K, committed 3836K, reserved 1048576K
2016-07-01T21:47:42.464-0530: 6129.368: [GC (Allocation Failure) 6129.413: [ParNew
Desired survivor size 20112992 bytes, new threshold 8 (max 8)
- age   1:    7429264 bytes,    7429264 total
- age   2:    2636304 bytes,   10065568 total
- age   3:    2808008 bytes,   12873576 total
- age   4:    2005528 bytes,   14879104 total
- age   5:    3666288 bytes,   18545392 total
- age   6:    1241040 bytes,   19786432 total
: 109029K->21824K(109248K), 0.0124746 secs] 299449K->212399K(502464K), 0.0579435 secs] [Times: user=0.04 sys=0.00, real=0.06 secs] 
Heap after GC invocations=35 (full 2):
 par new generation   total 109248K, used 21824K [0x00000007a0000000, 0x00000007a8000000, 0x00000007a8000000)
  eden space 87424K,   0% used [0x00000007a0000000, 0x00000007a0000000, 0x00000007a5560000)
  from space 21824K, 100% used [0x00000007a6ab0000, 0x00000007a8000000, 0x00000007a8000000)
  to   space 21824K,   0% used [0x00000007a5560000, 0x00000007a5560000, 0x00000007a6ab0000)
 concurrent mark-sweep generation total 393216K, used 190575K [0x00000007a8000000, 0x00000007c0000000, 0x00000007c0000000)
 Metaspace       used 30990K, capacity 31362K, committed 31996K, reserved 1077248K
  class space    used 3614K, capacity 3710K, committed 3836K, reserved 1048576K
}
2016-07-01T21:47:42.522-0530: 6129.426: Total time for which application threads were stopped: 0.0581397 seconds
2016-07-01T21:48:34.666-0530: 6181.571: Total time for which application threads were stopped: 0.0001308 seconds
2016-07-01T21:48:37.887-0530: 6184.792: Total time for which application threads were stopped: 0.0001011 seconds
2016-07-01T21:48:38.017-0530: 6184.922: Total time for which application threads were stopped: 0.0001062 seconds
2016-07-01T21:48:39.017-0530: 6185.922: Total time for which application threads were stopped: 0.0001183 seconds
2016-07-01T21:48:39.908-0530: 6186.813: Total time for which application threads were stopped: 0.0001547 seconds
{Heap before GC invocations=35 (full 2):
 par new generation   total 109248K, used 109248K [0x00000007a0000000, 0x00000007a8000000, 0x00000007a8000000)
  eden space 87424K, 100% used [0x00000007a0000000, 0x00000007a5560000, 0x00000007a5560000)
  from space 21824K, 100% used [0x00000007a6ab0000, 0x00000007a8000000, 0x00000007a8000000)
  to   space 21824K,   0% used [0x00000007a5560000, 0x00000007a5560000, 0x00000007a6ab0000)
 concurrent mark-sweep generation total 393216K, used 190575K [0x00000007a8000000, 0x00000007c0000000, 0x00000007c0000000)
 Metaspace       used 31078K, capacity 31490K, committed 31996K, reserved 1077248K
  class space    used 3614K, capacity 3710K, committed 3836K, reserved 1048576K
2016-07-01T21:48:39.931-0530: 6186.836: [GC (Allocation Failure) 6186.850: [ParNew
Desired survivor size 20112992 bytes, new threshold 7 (max 8)
- age   1:    5580104 bytes,    5580104 total
- age   2:    2620584 bytes,    8200688 total
- age   3:    2571368 bytes,   10772056 total
- age   4:    2585264 bytes,   13357320 total
- age   5:    1981328 bytes,   15338648 total
- age   6:    3663472 bytes,   19002120 total
- age   7:    1239448 bytes,   20241568 total
: 109248K->21824K(109248K), 0.0140169 secs] 299823K->213042K(502464K), 0.0279152 secs] [Times: user=0.05 sys=0.00, real=0.02 secs] 
Heap after GC invocations=36 (full 2):
 par new generation   total 109248K, used 21824K [0x00000007a0000000, 0x00000007a8000000, 0x00000007a8000000)
  eden space 87424K,   0% used [0x00000007a0000000, 0x00000007a0000000, 0x00000007a5560000)
  from space 21824K, 100% used [0x00000007a5560000, 0x00000007a6ab0000, 0x00000007a6ab0000)
  to   space 21824K,   0% used [0x00000007a6ab0000, 0x00000007a6ab0000, 0x00000007a8000000)
 concurrent mark-sweep generation total 393216K, used 191218K [0x00000007a8000000, 0x00000007c0000000, 0x00000007c0000000)
 Metaspace       used 31078K, capacity 31490K, committed 31996K, reserved 1077248K
  class space    used 3614K, capacity 3710K, committed 3836K, reserved 1048576K
}
2016-07-01T21:48:39.959-0530: 6186.864: Total time for which application threads were stopped: 0.0281218 seconds
{Heap before GC invocations=36 (full 2):
 par new generation   total 109248K, used 108207K [0x00000007a0000000, 0x00000007a8000000, 0x00000007a8000000)
  eden space 87424K,  98% used [0x00000007a0000000, 0x00000007a545bc68, 0x00000007a5560000)
  from space 21824K, 100% used [0x00000007a5560000, 0x00000007a6ab0000, 0x00000007a6ab0000)
  to   space 21824K,   0% used [0x00000007a6ab0000, 0x00000007a6ab0000, 0x00000007a8000000)
 concurrent mark-sweep generation total 393216K, used 191218K [0x00000007a8000000, 0x00000007c0000000, 0x00000007c0000000)
 Metaspace       used 31078K, capacity 31490K, committed 31996K, reserved 1077248K
  class space    used 3614K, capacity 3710K, committed 3836K, reserved 1048576K
2016-07-01T21:48:40.822-0530: 6187.727: [GC (Allocation Failure) 6187.727: [ParNew
Desired survivor size 20112992 bytes, new threshold 7 (max 8)
- age   1:    5633280 bytes,    5633280 total
- age   2:    5499248 bytes,   11132528 total
- age   3:     403376 bytes,   11535904 total
- age   4:    2571368 bytes,   14107272 total
- age   5:    2585264 bytes,   16692536 total
- age   6:    1981328 bytes,   18673864 total
- age   7:    3663472 bytes,   22337336 total
: 108207K->21824K(109248K), 0.0358600 secs] 299425K->222326K(502464K), 0.0359460 secs] [Times: user=0.07 sys=0.03, real=0.03 secs] 
Heap after GC invocations=37 (full 2):
 par new generation   total 109248K, used 21824K [0x00000007a0000000, 0x00000007a8000000, 0x00000007a8000000)
  eden space 87424K,   0% used [0x00000007a0000000, 0x00000007a0000000, 0x00000007a5560000)
  from space 21824K, 100% used [0x00000007a6ab0000, 0x00000007a8000000, 0x00000007a8000000)
  to   space 21824K,   0% used [0x00000007a5560000, 0x00000007a5560000, 0x00000007a6ab0000)
 concurrent mark-sweep generation total 393216K, used 200502K [0x00000007a8000000, 0x00000007c0000000, 0x00000007c0000000)
 Metaspace       used 31078K, capacity 31490K, committed 31996K, reserved 1077248K
  class space    used 3614K, capacity 3710K, committed 3836K, reserved 1048576K
}
2016-07-01T21:48:40.858-0530: 6187.763: Total time for which application threads were stopped: 0.0361360 seconds
2016-07-01T21:48:40.858-0530: 6187.763: [GC (CMS Initial Mark) [1 CMS-initial-mark: 200502K(393216K)] 224383K(502464K), 0.0048634 secs] [Times: user=0.01 sys=0.01, real=0.01 secs] 
2016-07-01T21:48:40.863-0530: 6187.768: Total time for which application threads were stopped: 0.0052259 seconds
2016-07-01T21:48:40.863-0530: 6187.768: [CMS-concurrent-mark-start]
2016-07-01T21:48:40.895-0530: 6187.800: [CMS-concurrent-mark: 0.032/0.032 secs] [Times: user=0.08 sys=0.02, real=0.03 secs] 
2016-07-01T21:48:40.895-0530: 6187.800: [CMS-concurrent-preclean-start]
2016-07-01T21:48:40.897-0530: 6187.802: [CMS-concurrent-preclean: 0.002/0.002 secs] [Times: user=0.00 sys=0.00, real=0.00 secs] 
2016-07-01T21:48:40.897-0530: 6187.802: [CMS-concurrent-abortable-preclean-start]
2016-07-01T21:48:41.866-0530: 6188.771: Total time for which application threads were stopped: 0.0000936 seconds
 CMS: abort preclean due to time 2016-07-01T21:48:47.015-0530: 6193.921: [CMS-concurrent-abortable-preclean: 2.105/6.118 secs] [Times: user=2.54 sys=0.02, real=6.12 secs] 
2016-07-01T21:48:47.016-0530: 6193.921: [GC (CMS Final Remark) [YG occupancy: 26994 K (109248 K)]{Heap before GC invocations=37 (full 3):
 par new generation   total 109248K, used 26994K [0x00000007a0000000, 0x00000007a8000000, 0x00000007a8000000)
  eden space 87424K,   5% used [0x00000007a0000000, 0x00000007a050c9d8, 0x00000007a5560000)
  from space 21824K, 100% used [0x00000007a6ab0000, 0x00000007a8000000, 0x00000007a8000000)
  to   space 21824K,   0% used [0x00000007a5560000, 0x00000007a5560000, 0x00000007a6ab0000)
 concurrent mark-sweep generation total 393216K, used 200502K [0x00000007a8000000, 0x00000007c0000000, 0x00000007c0000000)
 Metaspace       used 31086K, capacity 31490K, committed 31996K, reserved 1077248K
  class space    used 3614K, capacity 3710K, committed 3836K, reserved 1048576K
2016-07-01T21:48:47.016-0530: 6193.921: [GC (CMS Final Remark) 6193.921: [ParNew
Desired survivor size 20112992 bytes, new threshold 8 (max 8)
- age   1:     238424 bytes,     238424 total
- age   2:     555216 bytes,     793640 total
- age   3:    5308360 bytes,    6102000 total
- age   4:     403344 bytes,    6505344 total
- age   5:    2571368 bytes,    9076712 total
- age   6:    2585264 bytes,   11661976 total
- age   7:    1981328 bytes,   13643304 total
: 26994K->21824K(109248K), 0.0146614 secs] 227497K->225904K(502464K), 0.0147398 secs] [Times: user=0.04 sys=0.01, real=0.02 secs] 
Heap after GC invocations=38 (full 3):
 par new generation   total 109248K, used 21824K [0x00000007a0000000, 0x00000007a8000000, 0x00000007a8000000)
  eden space 87424K,   0% used [0x00000007a0000000, 0x00000007a0000000, 0x00000007a5560000)
  from space 21824K, 100% used [0x00000007a5560000, 0x00000007a6ab0000, 0x00000007a6ab0000)
  to   space 21824K,   0% used [0x00000007a6ab0000, 0x00000007a6ab0000, 0x00000007a8000000)
 concurrent mark-sweep generation total 393216K, used 204080K [0x00000007a8000000, 0x00000007c0000000, 0x00000007c0000000)
 Metaspace       used 31086K, capacity 31490K, committed 31996K, reserved 1077248K
  class space    used 3614K, capacity 3710K, committed 3836K, reserved 1048576K
}
6193.936: [Rescan (parallel) , 0.0040155 secs]6193.940: [weak refs processing, 0.0006923 secs]6193.940: [class unloading, 0.0484145 secs]6193.989: [scrub symbol table, 0.0092699 secs]6193.998: [scrub string table, 0.0004411 secs][1 CMS-remark: 204080K(393216K)] 225904K(502464K), 0.0819638 secs] [Times: user=0.09 sys=0.04, real=0.08 secs] 
2016-07-01T21:48:47.098-0530: 6194.003: Total time for which application threads were stopped: 0.0821030 seconds
2016-07-01T21:48:47.098-0530: 6194.003: [CMS-concurrent-sweep-start]
2016-07-01T21:48:47.098-0530: 6194.003: Total time for which application threads were stopped: 0.0001264 seconds
2016-07-01T21:48:47.099-0530: 6194.004: Total time for which application threads were stopped: 0.0000842 seconds
2016-07-01T21:48:47.318-0530: 6194.223: [CMS-concurrent-sweep: 0.220/0.220 secs] [Times: user=0.12 sys=0.10, real=0.22 secs] 
2016-07-01T21:48:47.318-0530: 6194.223: [CMS-concurrent-reset-start]
2016-07-01T21:48:47.322-0530: 6194.227: [CMS-concurrent-reset: 0.004/0.004 secs] [Times: user=0.00 sys=0.00, real=0.01 secs] 
2016-07-01T21:49:15.167-0530: 6222.073: Total time for which application threads were stopped: 0.0002995 seconds
2016-07-01T21:49:17.507-0530: 6224.413: Total time for which application threads were stopped: 0.0001704 seconds
{Heap before GC invocations=38 (full 3):
 par new generation   total 109248K, used 109248K [0x00000007a0000000, 0x00000007a8000000, 0x00000007a8000000)
  eden space 87424K, 100% used [0x00000007a0000000, 0x00000007a5560000, 0x00000007a5560000)
  from space 21824K, 100% used [0x00000007a5560000, 0x00000007a6ab0000, 0x00000007a6ab0000)
  to   space 21824K,   0% used [0x00000007a6ab0000, 0x00000007a6ab0000, 0x00000007a8000000)
 concurrent mark-sweep generation total 393216K, used 45912K [0x00000007a8000000, 0x00000007c0000000, 0x00000007c0000000)
 Metaspace       used 31099K, capacity 31490K, committed 31996K, reserved 1077248K
  class space    used 3614K, capacity 3710K, committed 3836K, reserved 1048576K
2016-07-01T21:49:18.098-0530: 6225.004: [GC (Allocation Failure) 6225.119: [ParNew
Desired survivor size 20112992 bytes, new threshold 8 (max 8)
- age   1:   14528160 bytes,   14528160 total
- age   2:      93336 bytes,   14621496 total
- age   3:     549672 bytes,   15171168 total
- age   4:    1686200 bytes,   16857368 total
- age   5:      75648 bytes,   16933016 total
- age   6:    2410680 bytes,   19343696 total
- age   7:     148568 bytes,   19492264 total
- age   8:     296816 bytes,   19789080 total
: 109248K->21824K(109248K), 0.0639705 secs] 155160K->71641K(502464K), 0.1783263 secs] [Times: user=0.07 sys=0.11, real=0.18 secs] 
Heap after GC invocations=39 (full 3):
 par new generation   total 109248K, used 21824K [0x00000007a0000000, 0x00000007a8000000, 0x00000007a8000000)
  eden space 87424K,   0% used [0x00000007a0000000, 0x00000007a0000000, 0x00000007a5560000)
  from space 21824K, 100% used [0x00000007a6ab0000, 0x00000007a8000000, 0x00000007a8000000)
  to   space 21824K,   0% used [0x00000007a5560000, 0x00000007a5560000, 0x00000007a6ab0000)
 concurrent mark-sweep generation total 393216K, used 49817K [0x00000007a8000000, 0x00000007c0000000, 0x00000007c0000000)
 Metaspace       used 31099K, capacity 31490K, committed 31996K, reserved 1077248K
  class space    used 3614K, capacity 3710K, committed 3836K, reserved 1048576K
}
2016-07-01T21:49:18.277-0530: 6225.183: Total time for which application threads were stopped: 0.1786566 seconds
2016-07-01T21:49:19.279-0530: 6226.185: Total time for which application threads were stopped: 0.0001168 seconds
2016-07-01T21:50:44.372-0530: 6311.280: Total time for which application threads were stopped: 0.0002176 seconds
2016-07-01T21:50:44.471-0530: 6311.379: Total time for which application threads were stopped: 0.0002118 seconds
2016-07-01T21:50:44.569-0530: 6311.477: Total time for which application threads were stopped: 0.0001014 seconds
2016-07-01T21:50:44.676-0530: 6311.584: Total time for which application threads were stopped: 0.0001150 seconds
2016-07-01T21:50:46.150-0530: 6313.058: Total time for which application threads were stopped: 0.0001534 seconds
{Heap before GC invocations=39 (full 3):
 par new generation   total 109248K, used 109248K [0x00000007a0000000, 0x00000007a8000000, 0x00000007a8000000)
  eden space 87424K, 100% used [0x00000007a0000000, 0x00000007a5560000, 0x00000007a5560000)
  from space 21824K, 100% used [0x00000007a6ab0000, 0x00000007a8000000, 0x00000007a8000000)
  to   space 21824K,   0% used [0x00000007a5560000, 0x00000007a5560000, 0x00000007a6ab0000)
 concurrent mark-sweep generation total 393216K, used 49817K [0x00000007a8000000, 0x00000007c0000000, 0x00000007c0000000)
 Metaspace       used 31107K, capacity 31490K, committed 31996K, reserved 1077248K
  class space    used 3614K, capacity 3710K, committed 3836K, reserved 1048576K
2016-07-01T21:50:46.423-0530: 6313.331: [GC (Allocation Failure) 6313.357: [ParNew
Desired survivor size 20112992 bytes, new threshold 7 (max 8)
- age   1:   15444560 bytes,   15444560 total
- age   2:    3418416 bytes,   18862976 total
- age   3:      13944 bytes,   18876920 total
- age   4:      93800 bytes,   18970720 total
- age   5:     935632 bytes,   19906352 total
- age   6:      69600 bytes,   19975952 total
- age   7:    2254688 bytes,   22230640 total
- age   8:     109280 bytes,   22339920 total
: 109248K->21824K(109248K), 0.0779960 secs] 159065K->84815K(502464K), 0.1041366 secs] [Times: user=0.10 sys=0.11, real=0.10 secs] 
Heap after GC invocations=40 (full 3):
 par new generation   total 109248K, used 21824K [0x00000007a0000000, 0x00000007a8000000, 0x00000007a8000000)
  eden space 87424K,   0% used [0x00000007a0000000, 0x00000007a0000000, 0x00000007a5560000)
  from space 21824K, 100% used [0x00000007a5560000, 0x00000007a6ab0000, 0x00000007a6ab0000)
  to   space 21824K,   0% used [0x00000007a6ab0000, 0x00000007a6ab0000, 0x00000007a8000000)
 concurrent mark-sweep generation total 393216K, used 62991K [0x00000007a8000000, 0x00000007c0000000, 0x00000007c0000000)
 Metaspace       used 31107K, capacity 31490K, committed 31996K, reserved 1077248K
  class space    used 3614K, capacity 3710K, committed 3836K, reserved 1048576K
}
2016-07-01T21:50:46.527-0530: 6313.435: Total time for which application threads were stopped: 0.1043531 seconds
2016-07-01T21:50:47.532-0530: 6314.440: Total time for which application threads were stopped: 0.0001728 seconds
2016-07-01T21:51:06.836-0530: 6333.745: Total time for which application threads were stopped: 0.0001056 seconds
{Heap before GC invocations=40 (full 3):
 par new generation   total 109248K, used 109066K [0x00000007a0000000, 0x00000007a8000000, 0x00000007a8000000)
  eden space 87424K,  99% used [0x00000007a0000000, 0x00000007a5532b68, 0x00000007a5560000)
  from space 21824K, 100% used [0x00000007a5560000, 0x00000007a6ab0000, 0x00000007a6ab0000)
  to   space 21824K,   0% used [0x00000007a6ab0000, 0x00000007a6ab0000, 0x00000007a8000000)
 concurrent mark-sweep generation total 393216K, used 62991K [0x00000007a8000000, 0x00000007c0000000, 0x00000007c0000000)
 Metaspace       used 31109K, capacity 31490K, committed 31996K, reserved 1077248K
  class space    used 3614K, capacity 3710K, committed 3836K, reserved 1048576K
2016-07-01T21:51:07.005-0530: 6333.914: [GC (Allocation Failure) 6333.914: [ParNew
Desired survivor size 20112992 bytes, new threshold 8 (max 8)
- age   1:   12076776 bytes,   12076776 total
- age   2:    4435216 bytes,   16511992 total
- age   3:     653072 bytes,   17165064 total
- age   4:      13944 bytes,   17179008 total
- age   5:      93800 bytes,   17272808 total
- age   6:     935632 bytes,   18208440 total
- age   7:      69600 bytes,   18278040 total
: 109066K->21824K(109248K), 0.0158771 secs] 172058K->87677K(502464K), 0.0162674 secs] [Times: user=0.04 sys=0.01, real=0.02 secs] 
Heap after GC invocations=41 (full 3):
 par new generation   total 109248K, used 21824K [0x00000007a0000000, 0x00000007a8000000, 0x00000007a8000000)
  eden space 87424K,   0% used [0x00000007a0000000, 0x00000007a0000000, 0x00000007a5560000)
  from space 21824K, 100% used [0x00000007a6ab0000, 0x00000007a8000000, 0x00000007a8000000)
  to   space 21824K,   0% used [0x00000007a5560000, 0x00000007a5560000, 0x00000007a6ab0000)
 concurrent mark-sweep generation total 393216K, used 65853K [0x00000007a8000000, 0x00000007c0000000, 0x00000007c0000000)
 Metaspace       used 31109K, capacity 31490K, committed 31996K, reserved 1077248K
  class space    used 3614K, capacity 3710K, committed 3836K, reserved 1048576K
}
2016-07-01T21:51:07.021-0530: 6333.930: Total time for which application threads were stopped: 0.0165489 seconds
2016-07-01T21:51:09.027-0530: 6335.936: Total time for which application threads were stopped: 0.0000961 seconds
2016-07-01T21:51:09.493-0530: 6336.402: Total time for which application threads were stopped: 0.0001783 seconds
2016-07-01T21:51:30.543-0530: 6357.452: Total time for which application threads were stopped: 0.0001222 seconds
2016-07-01T21:51:31.562-0530: 6358.471: Total time for which application threads were stopped: 0.0136175 seconds
{Heap before GC invocations=41 (full 3):
 par new generation   total 109248K, used 109248K [0x00000007a0000000, 0x00000007a8000000, 0x00000007a8000000)
  eden space 87424K, 100% used [0x00000007a0000000, 0x00000007a5560000, 0x00000007a5560000)
  from space 21824K, 100% used [0x00000007a6ab0000, 0x00000007a8000000, 0x00000007a8000000)
  to   space 21824K,   0% used [0x00000007a5560000, 0x00000007a5560000, 0x00000007a6ab0000)
 concurrent mark-sweep generation total 393216K, used 65853K [0x00000007a8000000, 0x00000007c0000000, 0x00000007c0000000)
 Metaspace       used 31109K, capacity 31490K, committed 31996K, reserved 1077248K
  class space    used 3614K, capacity 3710K, committed 3836K, reserved 1048576K
2016-07-01T21:51:32.502-0530: 6359.411: [GC (Allocation Failure) 6359.437: [ParNew
Desired survivor size 20112992 bytes, new threshold 8 (max 8)
- age   1:    7838000 bytes,    7838000 total
- age   2:    5764552 bytes,   13602552 total
- age   3:    4434696 bytes,   18037248 total
- age   4:     653072 bytes,   18690320 total
- age   5:      13200 bytes,   18703520 total
- age   6:      93800 bytes,   18797320 total
- age   7:     934608 bytes,   19731928 total
- age   8:      69600 bytes,   19801528 total
: 109248K->21824K(109248K), 0.0092903 secs] 175101K->88322K(502464K), 0.0351077 secs] [Times: user=0.03 sys=0.00, real=0.03 secs] 
Heap after GC invocations=42 (full 3):
 par new generation   total 109248K, used 21824K [0x00000007a0000000, 0x00000007a8000000, 0x00000007a8000000)
  eden space 87424K,   0% used [0x00000007a0000000, 0x00000007a0000000, 0x00000007a5560000)
  from space 21824K, 100% used [0x00000007a5560000, 0x00000007a6ab0000, 0x00000007a6ab0000)
  to   space 21824K,   0% used [0x00000007a6ab0000, 0x00000007a6ab0000, 0x00000007a8000000)
 concurrent mark-sweep generation total 393216K, used 66498K [0x00000007a8000000, 0x00000007c0000000, 0x00000007c0000000)
 Metaspace       used 31109K, capacity 31490K, committed 31996K, reserved 1077248K
  class space    used 3614K, capacity 3710K, committed 3836K, reserved 1048576K
}
2016-07-01T21:51:32.537-0530: 6359.446: Total time for which application threads were stopped: 0.0353409 seconds
{Heap before GC invocations=42 (full 3):
 par new generation   total 109248K, used 109248K [0x00000007a0000000, 0x00000007a8000000, 0x00000007a8000000)
  eden space 87424K, 100% used [0x00000007a0000000, 0x00000007a5560000, 0x00000007a5560000)
  from space 21824K, 100% used [0x00000007a5560000, 0x00000007a6ab0000, 0x00000007a6ab0000)
  to   space 21824K,   0% used [0x00000007a6ab0000, 0x00000007a6ab0000, 0x00000007a8000000)
 concurrent mark-sweep generation total 393216K, used 66498K [0x00000007a8000000, 0x00000007c0000000, 0x00000007c0000000)
 Metaspace       used 31109K, capacity 31490K, committed 31996K, reserved 1077248K
  class space    used 3614K, capacity 3710K, committed 3836K, reserved 1048576K
2016-07-01T21:51:33.082-0530: 6359.991: [GC (Allocation Failure) 6359.991: [ParNew
Desired survivor size 20112992 bytes, new threshold 4 (max 8)
- age   1:   12161176 bytes,   12161176 total
- age   2:    2980288 bytes,   15141464 total
- age   3:    2278424 bytes,   17419888 total
- age   4:    3612096 bytes,   21031984 total
- age   5:     266592 bytes,   21298576 total
- age   6:       9144 bytes,   21307720 total
- age   7:      86416 bytes,   21394136 total
- age   8:     931584 bytes,   22325720 total
: 109248K->21824K(109248K), 0.0488575 secs] 175746K->118062K(502464K), 0.0489448 secs] [Times: user=0.12 sys=0.03, real=0.05 secs] 
Heap after GC invocations=43 (full 3):
 par new generation   total 109248K, used 21824K [0x00000007a0000000, 0x00000007a8000000, 0x00000007a8000000)
  eden space 87424K,   0% used [0x00000007a0000000, 0x00000007a0000000, 0x00000007a5560000)
  from space 21824K, 100% used [0x00000007a6ab0000, 0x00000007a8000000, 0x00000007a8000000)
  to   space 21824K,   0% used [0x00000007a5560000, 0x00000007a5560000, 0x00000007a6ab0000)
 concurrent mark-sweep generation total 393216K, used 96238K [0x00000007a8000000, 0x00000007c0000000, 0x00000007c0000000)
 Metaspace       used 31109K, capacity 31490K, committed 31996K, reserved 1077248K
  class space    used 3614K, capacity 3710K, committed 3836K, reserved 1048576K
}
2016-07-01T21:51:33.131-0530: 6360.040: Total time for which application threads were stopped: 0.0491707 seconds
{Heap before GC invocations=43 (full 3):
 par new generation   total 109248K, used 109248K [0x00000007a0000000, 0x00000007a8000000, 0x00000007a8000000)
  eden space 87424K, 100% used [0x00000007a0000000, 0x00000007a5560000, 0x00000007a5560000)
  from space 21824K, 100% used [0x00000007a6ab0000, 0x00000007a8000000, 0x00000007a8000000)
  to   space 21824K,   0% used [0x00000007a5560000, 0x00000007a5560000, 0x00000007a6ab0000)
 concurrent mark-sweep generation total 393216K, used 96238K [0x00000007a8000000, 0x00000007c0000000, 0x00000007c0000000)
 Metaspace       used 31109K, capacity 31490K, committed 31996K, reserved 1077248K
  class space    used 3614K, capacity 3710K, committed 3836K, reserved 1048576K
2016-07-01T21:51:33.755-0530: 6360.664: [GC (Allocation Failure) 6360.664: [ParNew
Desired survivor size 20112992 bytes, new threshold 4 (max 8)
- age   1:    8349480 bytes,    8349480 total
- age   2:    7312304 bytes,   15661784 total
- age   3:    2980256 bytes,   18642040 total
- age   4:    2278400 bytes,   20920440 total
: 109248K->21824K(109248K), 0.0288526 secs] 205486K->124842K(502464K), 0.0289167 secs] [Times: user=0.07 sys=0.01, real=0.03 secs] 
Heap after GC invocations=44 (full 3):
 par new generation   total 109248K, used 21824K [0x00000007a0000000, 0x00000007a8000000, 0x00000007a8000000)
  eden space 87424K,   0% used [0x00000007a0000000, 0x00000007a0000000, 0x00000007a5560000)
  from space 21824K, 100% used [0x00000007a5560000, 0x00000007a6ab0000, 0x00000007a6ab0000)
  to   space 21824K,   0% used [0x00000007a6ab0000, 0x00000007a6ab0000, 0x00000007a8000000)
 concurrent mark-sweep generation total 393216K, used 103018K [0x00000007a8000000, 0x00000007c0000000, 0x00000007c0000000)
 Metaspace       used 31109K, capacity 31490K, committed 31996K, reserved 1077248K
  class space    used 3614K, capacity 3710K, committed 3836K, reserved 1048576K
}
2016-07-01T21:51:33.784-0530: 6360.693: Total time for which application threads were stopped: 0.0291518 seconds
2016-07-01T21:52:45.196-0530: 6432.107: Total time for which application threads were stopped: 0.0001094 seconds
2016-07-01T21:52:45.311-0530: 6432.222: Total time for which application threads were stopped: 0.0000923 seconds
2016-07-01T21:52:46.316-0530: 6433.227: Total time for which application threads were stopped: 0.0002639 seconds
2016-07-01T21:52:47.318-0530: 6434.229: Total time for which application threads were stopped: 0.0002201 seconds
2016-07-01T21:52:48.084-0530: 6434.995: Total time for which application threads were stopped: 0.0001552 seconds
{Heap before GC invocations=44 (full 3):
 par new generation   total 109248K, used 109248K [0x00000007a0000000, 0x00000007a8000000, 0x00000007a8000000)
  eden space 87424K, 100% used [0x00000007a0000000, 0x00000007a5560000, 0x00000007a5560000)
  from space 21824K, 100% used [0x00000007a5560000, 0x00000007a6ab0000, 0x00000007a6ab0000)
  to   space 21824K,   0% used [0x00000007a6ab0000, 0x00000007a6ab0000, 0x00000007a8000000)
 concurrent mark-sweep generation total 393216K, used 103018K [0x00000007a8000000, 0x00000007c0000000, 0x00000007c0000000)
 Metaspace       used 31120K, capacity 31490K, committed 31996K, reserved 1077248K
  class space    used 3614K, capacity 3710K, committed 3836K, reserved 1048576K
2016-07-01T21:52:48.241-0530: 6435.152: [GC (Allocation Failure) 6435.163: [ParNew
Desired survivor size 20112992 bytes, new threshold 8 (max 8)
- age   1:   12519504 bytes,   12519504 total
- age   3:     876736 bytes,   13396240 total
- age   4:    2635536 bytes,   16031776 total
: 109248K->21824K(109248K), 0.0186813 secs] 212266K->127020K(502464K), 0.0302713 secs] [Times: user=0.06 sys=0.01, real=0.03 secs] 
Heap after GC invocations=45 (full 3):
 par new generation   total 109248K, used 21824K [0x00000007a0000000, 0x00000007a8000000, 0x00000007a8000000)
  eden space 87424K,   0% used [0x00000007a0000000, 0x00000007a0000000, 0x00000007a5560000)
  from space 21824K, 100% used [0x00000007a6ab0000, 0x00000007a8000000, 0x00000007a8000000)
  to   space 21824K,   0% used [0x00000007a5560000, 0x00000007a5560000, 0x00000007a6ab0000)
 concurrent mark-sweep generation total 393216K, used 105196K [0x00000007a8000000, 0x00000007c0000000, 0x00000007c0000000)
 Metaspace       used 31120K, capacity 31490K, committed 31996K, reserved 1077248K
  class space    used 3614K, capacity 3710K, committed 3836K, reserved 1048576K
}
2016-07-01T21:52:48.271-0530: 6435.182: Total time for which application threads were stopped: 0.0306356 seconds
2016-07-01T21:54:24.260-0530: 6531.173: Total time for which application threads were stopped: 0.0003775 seconds
2016-07-01T21:54:24.325-0530: 6531.238: Total time for which application threads were stopped: 0.0001156 seconds
2016-07-01T21:54:24.330-0530: 6531.243: Total time for which application threads were stopped: 0.0001076 seconds
2016-07-01T21:54:24.348-0530: 6531.261: Total time for which application threads were stopped: 0.0001004 seconds
2016-07-01T21:54:26.435-0530: 6533.348: Total time for which application threads were stopped: 0.0000969 seconds
{Heap before GC invocations=45 (full 3):
 par new generation   total 109248K, used 109248K [0x00000007a0000000, 0x00000007a8000000, 0x00000007a8000000)
  eden space 87424K, 100% used [0x00000007a0000000, 0x00000007a5560000, 0x00000007a5560000)
  from space 21824K, 100% used [0x00000007a6ab0000, 0x00000007a8000000, 0x00000007a8000000)
  to   space 21824K,   0% used [0x00000007a5560000, 0x00000007a5560000, 0x00000007a6ab0000)
 concurrent mark-sweep generation total 393216K, used 105196K [0x00000007a8000000, 0x00000007c0000000, 0x00000007c0000000)
 Metaspace       used 31120K, capacity 31490K, committed 31996K, reserved 1077248K
  class space    used 3614K, capacity 3710K, committed 3836K, reserved 1048576K
2016-07-01T21:54:26.465-0530: 6533.379: [GC (Allocation Failure) 6533.391: [ParNew
Desired survivor size 20112992 bytes, new threshold 8 (max 8)
- age   1:    6089216 bytes,    6089216 total
- age   2:    3656616 bytes,    9745832 total
- age   4:     876736 bytes,   10622568 total
- age   5:    2635504 bytes,   13258072 total
: 109248K->16401K(109248K), 0.0171668 secs] 214444K->121597K(502464K), 0.0300469 secs] [Times: user=0.04 sys=0.01, real=0.03 secs] 
Heap after GC invocations=46 (full 3):
 par new generation   total 109248K, used 16401K [0x00000007a0000000, 0x00000007a8000000, 0x00000007a8000000)
  eden space 87424K,   0% used [0x00000007a0000000, 0x00000007a0000000, 0x00000007a5560000)
  from space 21824K,  75% used [0x00000007a5560000, 0x00000007a6564400, 0x00000007a6ab0000)
  to   space 21824K,   0% used [0x00000007a6ab0000, 0x00000007a6ab0000, 0x00000007a8000000)
 concurrent mark-sweep generation total 393216K, used 105196K [0x00000007a8000000, 0x00000007c0000000, 0x00000007c0000000)
 Metaspace       used 31120K, capacity 31490K, committed 31996K, reserved 1077248K
  class space    used 3614K, capacity 3710K, committed 3836K, reserved 1048576K
}
2016-07-01T21:54:26.496-0530: 6533.409: Total time for which application threads were stopped: 0.0302636 seconds
{Heap before GC invocations=46 (full 3):
 par new generation   total 109248K, used 103825K [0x00000007a0000000, 0x00000007a8000000, 0x00000007a8000000)
  eden space 87424K, 100% used [0x00000007a0000000, 0x00000007a5560000, 0x00000007a5560000)
  from space 21824K,  75% used [0x00000007a5560000, 0x00000007a6564400, 0x00000007a6ab0000)
  to   space 21824K,   0% used [0x00000007a6ab0000, 0x00000007a6ab0000, 0x00000007a8000000)
 concurrent mark-sweep generation total 393216K, used 105196K [0x00000007a8000000, 0x00000007c0000000, 0x00000007c0000000)
 Metaspace       used 31121K, capacity 31490K, committed 31996K, reserved 1077248K
  class space    used 3614K, capacity 3710K, committed 3836K, reserved 1048576K
2016-07-01T21:54:31.296-0530: 6538.209: [GC (Allocation Failure) 6538.209: [ParNew
Desired survivor size 20112992 bytes, new threshold 8 (max 8)
- age   1:    1138104 bytes,    1138104 total
- age   2:    5800232 bytes,    6938336 total
- age   3:     501768 bytes,    7440104 total
- age   5:     876736 bytes,    8316840 total
- age   6:    2635504 bytes,   10952344 total
: 103825K->15555K(109248K), 0.0125248 secs] 209021K->120751K(502464K), 0.0125980 secs] [Times: user=0.04 sys=0.00, real=0.01 secs] 
Heap after GC invocations=47 (full 3):
 par new generation   total 109248K, used 15555K [0x00000007a0000000, 0x00000007a8000000, 0x00000007a8000000)
  eden space 87424K,   0% used [0x00000007a0000000, 0x00000007a0000000, 0x00000007a5560000)
  from space 21824K,  71% used [0x00000007a6ab0000, 0x00000007a79e0c28, 0x00000007a8000000)
  to   space 21824K,   0% used [0x00000007a5560000, 0x00000007a5560000, 0x00000007a6ab0000)
 concurrent mark-sweep generation total 393216K, used 105196K [0x00000007a8000000, 0x00000007c0000000, 0x00000007c0000000)
 Metaspace       used 31121K, capacity 31490K, committed 31996K, reserved 1077248K
  class space    used 3614K, capacity 3710K, committed 3836K, reserved 1048576K
}
2016-07-01T21:54:31.308-0530: 6538.222: Total time for which application threads were stopped: 0.0128498 seconds
2016-07-01T21:54:44.329-0530: 6551.243: Total time for which application threads were stopped: 0.0001345 seconds
2016-07-01T21:54:45.973-0530: 6552.886: Total time for which application threads were stopped: 0.0001158 seconds
{Heap before GC invocations=47 (full 3):
 par new generation   total 109248K, used 102979K [0x00000007a0000000, 0x00000007a8000000, 0x00000007a8000000)
  eden space 87424K, 100% used [0x00000007a0000000, 0x00000007a5560000, 0x00000007a5560000)
  from space 21824K,  71% used [0x00000007a6ab0000, 0x00000007a79e0c28, 0x00000007a8000000)
  to   space 21824K,   0% used [0x00000007a5560000, 0x00000007a5560000, 0x00000007a6ab0000)
 concurrent mark-sweep generation total 393216K, used 105196K [0x00000007a8000000, 0x00000007c0000000, 0x00000007c0000000)
 Metaspace       used 31143K, capacity 31490K, committed 31996K, reserved 1077248K
  class space    used 3614K, capacity 3710K, committed 3836K, reserved 1048576K
2016-07-01T21:54:46.384-0530: 6553.297: [GC (Allocation Failure) 6553.297: [ParNew
Desired survivor size 20112992 bytes, new threshold 7 (max 8)
- age   1:   15028160 bytes,   15028160 total
- age   2:     987656 bytes,   16015816 total
- age   3:    2296056 bytes,   18311872 total
- age   4:     501768 bytes,   18813640 total
- age   6:     876736 bytes,   19690376 total
- age   7:    2635504 bytes,   22325880 total
: 102979K->21824K(109248K), 0.0192238 secs] 208175K->130437K(502464K), 0.0193088 secs] [Times: user=0.06 sys=0.01, real=0.02 secs] 
Heap after GC invocations=48 (full 3):
 par new generation   total 109248K, used 21824K [0x00000007a0000000, 0x00000007a8000000, 0x00000007a8000000)
  eden space 87424K,   0% used [0x00000007a0000000, 0x00000007a0000000, 0x00000007a5560000)
  from space 21824K, 100% used [0x00000007a5560000, 0x00000007a6ab0000, 0x00000007a6ab0000)
  to   space 21824K,   0% used [0x00000007a6ab0000, 0x00000007a6ab0000, 0x00000007a8000000)
 concurrent mark-sweep generation total 393216K, used 108613K [0x00000007a8000000, 0x00000007c0000000, 0x00000007c0000000)
 Metaspace       used 31143K, capacity 31490K, committed 31996K, reserved 1077248K
  class space    used 3614K, capacity 3710K, committed 3836K, reserved 1048576K
}
2016-07-01T21:54:46.403-0530: 6553.317: Total time for which application threads were stopped: 0.0195221 seconds
2016-07-01T21:55:01.809-0530: 6568.723: Total time for which application threads were stopped: 0.0001197 seconds
2016-07-01T21:55:01.914-0530: 6568.828: Total time for which application threads were stopped: 0.0001197 seconds
2016-07-01T21:55:37.599-0530: 6604.514: Total time for which application threads were stopped: 0.0002616 seconds
2016-07-01T21:55:37.605-0530: 6604.519: Total time for which application threads were stopped: 0.0001437 seconds
2016-07-01T21:55:37.638-0530: 6604.553: Total time for which application threads were stopped: 0.0104773 seconds
2016-07-01T21:55:37.689-0530: 6604.604: Total time for which application threads were stopped: 0.0500699 seconds
2016-07-01T21:55:37.698-0530: 6604.613: Total time for which application threads were stopped: 0.0086964 seconds
2016-07-01T21:55:37.725-0530: 6604.640: Total time for which application threads were stopped: 0.0251354 seconds
2016-07-01T21:55:37.727-0530: 6604.642: Total time for which application threads were stopped: 0.0001241 seconds
2016-07-01T21:55:37.748-0530: 6604.663: Total time for which application threads were stopped: 0.0001356 seconds
2016-07-01T21:55:38.750-0530: 6605.665: Total time for which application threads were stopped: 0.0002587 seconds
2016-07-01T21:55:39.751-0530: 6606.666: Total time for which application threads were stopped: 0.0000980 seconds
2016-07-01T21:55:42.360-0530: 6609.275: Total time for which application threads were stopped: 0.0001291 seconds
{Heap before GC invocations=48 (full 3):
 par new generation   total 109248K, used 109248K [0x00000007a0000000, 0x00000007a8000000, 0x00000007a8000000)
  eden space 87424K, 100% used [0x00000007a0000000, 0x00000007a5560000, 0x00000007a5560000)
  from space 21824K, 100% used [0x00000007a5560000, 0x00000007a6ab0000, 0x00000007a6ab0000)
  to   space 21824K,   0% used [0x00000007a6ab0000, 0x00000007a6ab0000, 0x00000007a8000000)
 concurrent mark-sweep generation total 393216K, used 108613K [0x00000007a8000000, 0x00000007c0000000, 0x00000007c0000000)
 Metaspace       used 31333K, capacity 31682K, committed 32252K, reserved 1077248K
  class space    used 3614K, capacity 3710K, committed 3836K, reserved 1048576K
2016-07-01T21:55:42.600-0530: 6609.515: [GC (Allocation Failure) 6609.525: [ParNew
Desired survivor size 20112992 bytes, new threshold 2 (max 8)
- age   1:   17740568 bytes,   17740568 total
- age   2:    3221040 bytes,   20961608 total
- age   3:        200 bytes,   20961808 total
- age   4:       3584 bytes,   20965392 total
- age   5:     501736 bytes,   21467128 total
- age   7:     876736 bytes,   22343864 total
: 109248K->21824K(109248K), 0.0585048 secs] 217861K->140896K(502464K), 0.0687992 secs] [Times: user=0.10 sys=0.06, real=0.06 secs] 
Heap after GC invocations=49 (full 3):
 par new generation   total 109248K, used 21824K [0x00000007a0000000, 0x00000007a8000000, 0x00000007a8000000)
  eden space 87424K,   0% used [0x00000007a0000000, 0x00000007a0000000, 0x00000007a5560000)
  from space 21824K, 100% used [0x00000007a6ab0000, 0x00000007a8000000, 0x00000007a8000000)
  to   space 21824K,   0% used [0x00000007a5560000, 0x00000007a5560000, 0x00000007a6ab0000)
 concurrent mark-sweep generation total 393216K, used 119072K [0x00000007a8000000, 0x00000007c0000000, 0x00000007c0000000)
 Metaspace       used 31333K, capacity 31682K, committed 32252K, reserved 1077248K
  class space    used 3614K, capacity 3710K, committed 3836K, reserved 1048576K
}
2016-07-01T21:55:42.669-0530: 6609.584: Total time for which application threads were stopped: 0.0690272 seconds
2016-07-01T21:56:33.811-0530: 6660.727: Total time for which application threads were stopped: 0.0001342 seconds
2016-07-01T22:25:59.576-0530: 8426.533: Total time for which application threads were stopped: 0.0008955 seconds
2016-07-01T22:25:59.626-0530: 8426.583: Total time for which application threads were stopped: 0.0006075 seconds
2016-07-01T22:25:59.668-0530: 8426.625: Total time for which application threads were stopped: 0.0001218 seconds
2016-07-01T22:26:00.172-0530: 8427.129: Total time for which application threads were stopped: 0.0002197 seconds
2016-07-01T22:26:01.809-0530: 8428.767: Total time for which application threads were stopped: 0.0001183 seconds
{Heap before GC invocations=49 (full 3):
 par new generation   total 109248K, used 109248K [0x00000007a0000000, 0x00000007a8000000, 0x00000007a8000000)
  eden space 87424K, 100% used [0x00000007a0000000, 0x00000007a5560000, 0x00000007a5560000)
  from space 21824K, 100% used [0x00000007a6ab0000, 0x00000007a8000000, 0x00000007a8000000)
  to   space 21824K,   0% used [0x00000007a5560000, 0x00000007a5560000, 0x00000007a6ab0000)
 concurrent mark-sweep generation total 393216K, used 119072K [0x00000007a8000000, 0x00000007c0000000, 0x00000007c0000000)
 Metaspace       used 31346K, capacity 31682K, committed 32252K, reserved 1077248K
  class space    used 3614K, capacity 3710K, committed 3836K, reserved 1048576K
2016-07-01T22:26:02.112-0530: 8429.070: [GC (Allocation Failure) 8429.070: [ParNew
Desired survivor size 20112992 bytes, new threshold 8 (max 8)
- age   1:   12772560 bytes,   12772560 total
- age   2:    1956280 bytes,   14728840 total
: 109248K->18990K(109248K), 0.0841961 secs] 228320K->139483K(502464K), 0.0845643 secs] [Times: user=0.07 sys=0.14, real=0.08 secs] 
Heap after GC invocations=50 (full 3):
 par new generation   total 109248K, used 18990K [0x00000007a0000000, 0x00000007a8000000, 0x00000007a8000000)
  eden space 87424K,   0% used [0x00000007a0000000, 0x00000007a0000000, 0x00000007a5560000)
  from space 21824K,  87% used [0x00000007a5560000, 0x00000007a67eb9c0, 0x00000007a6ab0000)
  to   space 21824K,   0% used [0x00000007a6ab0000, 0x00000007a6ab0000, 0x00000007a8000000)
 concurrent mark-sweep generation total 393216K, used 120492K [0x00000007a8000000, 0x00000007c0000000, 0x00000007c0000000)
 Metaspace       used 31346K, capacity 31682K, committed 32252K, reserved 1077248K
  class space    used 3614K, capacity 3710K, committed 3836K, reserved 1048576K
}
2016-07-01T22:26:02.197-0530: 8429.154: Total time for which application threads were stopped: 0.0848738 seconds
2016-07-01T22:26:30.272-0530: 8457.230: Total time for which application threads were stopped: 0.0001577 seconds
2016-07-01T22:26:31.299-0530: 8458.257: Total time for which application threads were stopped: 0.0000946 seconds
{Heap before GC invocations=50 (full 3):
 par new generation   total 109248K, used 106413K [0x00000007a0000000, 0x00000007a8000000, 0x00000007a8000000)
  eden space 87424K,  99% used [0x00000007a0000000, 0x00000007a555fad0, 0x00000007a5560000)
  from space 21824K,  87% used [0x00000007a5560000, 0x00000007a67eb9c0, 0x00000007a6ab0000)
  to   space 21824K,   0% used [0x00000007a6ab0000, 0x00000007a6ab0000, 0x00000007a8000000)
 concurrent mark-sweep generation total 393216K, used 120492K [0x00000007a8000000, 0x00000007c0000000, 0x00000007c0000000)
 Metaspace       used 31346K, capacity 31682K, committed 32252K, reserved 1077248K
  class space    used 3614K, capacity 3710K, committed 3836K, reserved 1048576K
2016-07-01T22:26:31.322-0530: 8458.280: [GC (Allocation Failure) 8458.290: [ParNew
Desired survivor size 20112992 bytes, new threshold 8 (max 8)
- age   1:    6470616 bytes,    6470616 total
- age   2:    3263312 bytes,    9733928 total
- age   3:    1956152 bytes,   11690080 total
: 106413K->14473K(109248K), 0.0292212 secs] 226905K->134966K(502464K), 0.0400484 secs] [Times: user=0.03 sys=0.04, real=0.04 secs] 
Heap after GC invocations=51 (full 3):
 par new generation   total 109248K, used 14473K [0x00000007a0000000, 0x00000007a8000000, 0x00000007a8000000)
  eden space 87424K,   0% used [0x00000007a0000000, 0x00000007a0000000, 0x00000007a5560000)
  from space 21824K,  66% used [0x00000007a6ab0000, 0x00000007a78d25d0, 0x00000007a8000000)
  to   space 21824K,   0% used [0x00000007a5560000, 0x00000007a5560000, 0x00000007a6ab0000)
 concurrent mark-sweep generation total 393216K, used 120492K [0x00000007a8000000, 0x00000007c0000000, 0x00000007c0000000)
 Metaspace       used 31346K, capacity 31682K, committed 32252K, reserved 1077248K
  class space    used 3614K, capacity 3710K, committed 3836K, reserved 1048576K
}
2016-07-01T22:26:31.362-0530: 8458.320: Total time for which application threads were stopped: 0.0403126 seconds
2016-07-01T22:26:33.363-0530: 8460.321: Total time for which application threads were stopped: 0.0001660 seconds
2016-07-01T22:27:07.450-0530: 8494.409: Total time for which application threads were stopped: 0.0001154 seconds
{Heap before GC invocations=51 (full 3):
 par new generation   total 109248K, used 101897K [0x00000007a0000000, 0x00000007a8000000, 0x00000007a8000000)
  eden space 87424K, 100% used [0x00000007a0000000, 0x00000007a5560000, 0x00000007a5560000)
  from space 21824K,  66% used [0x00000007a6ab0000, 0x00000007a78d25d0, 0x00000007a8000000)
  to   space 21824K,   0% used [0x00000007a5560000, 0x00000007a5560000, 0x00000007a6ab0000)
 concurrent mark-sweep generation total 393216K, used 120492K [0x00000007a8000000, 0x00000007c0000000, 0x00000007c0000000)
 Metaspace       used 31347K, capacity 31682K, committed 32252K, reserved 1077248K
  class space    used 3614K, capacity 3710K, committed 3836K, reserved 1048576K
2016-07-01T22:27:08.781-0530: 8495.740: [GC (Allocation Failure) 8495.740: [ParNew
Desired survivor size 20112992 bytes, new threshold 8 (max 8)
- age   1:    1485256 bytes,    1485256 total
- age   2:    5615272 bytes,    7100528 total
- age   3:     107656 bytes,    7208184 total
- age   4:    1956152 bytes,    9164336 total
: 101897K->16461K(109248K), 0.0091278 secs] 222390K->136954K(502464K), 0.0094121 secs] [Times: user=0.02 sys=0.01, real=0.01 secs] 
Heap after GC invocations=52 (full 3):
 par new generation   total 109248K, used 16461K [0x00000007a0000000, 0x00000007a8000000, 0x00000007a8000000)
  eden space 87424K,   0% used [0x00000007a0000000, 0x00000007a0000000, 0x00000007a5560000)
  from space 21824K,  75% used [0x00000007a5560000, 0x00000007a6573610, 0x00000007a6ab0000)
  to   space 21824K,   0% used [0x00000007a6ab0000, 0x00000007a6ab0000, 0x00000007a8000000)
 concurrent mark-sweep generation total 393216K, used 120492K [0x00000007a8000000, 0x00000007c0000000, 0x00000007c0000000)
 Metaspace       used 31347K, capacity 31682K, committed 32252K, reserved 1077248K
  class space    used 3614K, capacity 3710K, committed 3836K, reserved 1048576K
}
2016-07-01T22:27:08.790-0530: 8495.749: Total time for which application threads were stopped: 0.0099389 seconds
2016-07-01T22:27:09.793-0530: 8496.752: Total time for which application threads were stopped: 0.0003638 seconds
{Heap before GC invocations=52 (full 3):
 par new generation   total 109248K, used 103885K [0x00000007a0000000, 0x00000007a8000000, 0x00000007a8000000)
  eden space 87424K, 100% used [0x00000007a0000000, 0x00000007a5560000, 0x00000007a5560000)
  from space 21824K,  75% used [0x00000007a5560000, 0x00000007a6573610, 0x00000007a6ab0000)
  to   space 21824K,   0% used [0x00000007a6ab0000, 0x00000007a6ab0000, 0x00000007a8000000)
 concurrent mark-sweep generation total 393216K, used 120492K [0x00000007a8000000, 0x00000007c0000000, 0x00000007c0000000)
 Metaspace       used 31348K, capacity 31682K, committed 32252K, reserved 1077248K
  class space    used 3614K, capacity 3710K, committed 3836K, reserved 1048576K
2016-07-01T22:27:10.078-0530: 8497.037: [GC (Allocation Failure) 8497.037: [ParNew
Desired survivor size 20112992 bytes, new threshold 5 (max 8)
- age   1:   15296840 bytes,   15296840 total
- age   2:     573424 bytes,   15870264 total
- age   3:    2676632 bytes,   18546896 total
- age   4:     107656 bytes,   18654552 total
- age   5:    1956152 bytes,   20610704 total
: 103885K->21078K(109248K), 0.0310644 secs] 224378K->144722K(502464K), 0.0311503 secs] [Times: user=0.07 sys=0.03, real=0.04 secs] 
Heap after GC invocations=53 (full 3):
 par new generation   total 109248K, used 21078K [0x00000007a0000000, 0x00000007a8000000, 0x00000007a8000000)
  eden space 87424K,   0% used [0x00000007a0000000, 0x00000007a0000000, 0x00000007a5560000)
  from space 21824K,  96% used [0x00000007a6ab0000, 0x00000007a7f45b08, 0x00000007a8000000)
  to   space 21824K,   0% used [0x00000007a5560000, 0x00000007a5560000, 0x00000007a6ab0000)
 concurrent mark-sweep generation total 393216K, used 123643K [0x00000007a8000000, 0x00000007c0000000, 0x00000007c0000000)
 Metaspace       used 31348K, capacity 31682K, committed 32252K, reserved 1077248K
  class space    used 3614K, capacity 3710K, committed 3836K, reserved 1048576K
}
2016-07-01T22:27:10.110-0530: 8497.069: Total time for which application threads were stopped: 0.0314222 seconds
2016-07-01T22:27:42.214-0530: 8529.174: Total time for which application threads were stopped: 0.0006931 seconds
2016-07-01T22:27:56.251-0530: 8543.211: Total time for which application threads were stopped: 0.0001509 seconds
2016-07-01T22:27:58.255-0530: 8545.215: Total time for which application threads were stopped: 0.0003564 seconds
{Heap before GC invocations=53 (full 3):
 par new generation   total 109248K, used 108502K [0x00000007a0000000, 0x00000007a8000000, 0x00000007a8000000)
  eden space 87424K, 100% used [0x00000007a0000000, 0x00000007a5560000, 0x00000007a5560000)
  from space 21824K,  96% used [0x00000007a6ab0000, 0x00000007a7f45b08, 0x00000007a8000000)
  to   space 21824K,   0% used [0x00000007a5560000, 0x00000007a5560000, 0x00000007a6ab0000)
 concurrent mark-sweep generation total 393216K, used 123643K [0x00000007a8000000, 0x00000007c0000000, 0x00000007c0000000)
 Metaspace       used 31358K, capacity 31682K, committed 32252K, reserved 1077248K
  class space    used 3614K, capacity 3710K, committed 3836K, reserved 1048576K
2016-07-01T22:27:58.994-0530: 8545.954: [GC (Allocation Failure) 8545.968: [ParNew
Desired survivor size 20112992 bytes, new threshold 2 (max 8)
- age   1:   18985336 bytes,   18985336 total
- age   2:    3150256 bytes,   22135592 total
- age   3:        936 bytes,   22136528 total
- age   4:       3992 bytes,   22140520 total
- age   5:      95616 bytes,   22236136 total
: 108502K->21824K(109248K), 0.0560542 secs] 232146K->156058K(502464K), 0.0699311 secs] [Times: user=0.09 sys=0.07, real=0.07 secs] 
Heap after GC invocations=54 (full 3):
 par new generation   total 109248K, used 21824K [0x00000007a0000000, 0x00000007a8000000, 0x00000007a8000000)
  eden space 87424K,   0% used [0x00000007a0000000, 0x00000007a0000000, 0x00000007a5560000)
  from space 21824K, 100% used [0x00000007a5560000, 0x00000007a6ab0000, 0x00000007a6ab0000)
  to   space 21824K,   0% used [0x00000007a6ab0000, 0x00000007a6ab0000, 0x00000007a8000000)
 concurrent mark-sweep generation total 393216K, used 134234K [0x00000007a8000000, 0x00000007c0000000, 0x00000007c0000000)
 Metaspace       used 31358K, capacity 31682K, committed 32252K, reserved 1077248K
  class space    used 3614K, capacity 3710K, committed 3836K, reserved 1048576K
}
2016-07-01T22:27:59.064-0530: 8546.024: Total time for which application threads were stopped: 0.0701592 seconds
{Heap before GC invocations=54 (full 3):
 par new generation   total 109248K, used 108500K [0x00000007a0000000, 0x00000007a8000000, 0x00000007a8000000)
  eden space 87424K,  99% used [0x00000007a0000000, 0x00000007a54a5310, 0x00000007a5560000)
  from space 21824K, 100% used [0x00000007a5560000, 0x00000007a6ab0000, 0x00000007a6ab0000)
  to   space 21824K,   0% used [0x00000007a6ab0000, 0x00000007a6ab0000, 0x00000007a8000000)
 concurrent mark-sweep generation total 393216K, used 134234K [0x00000007a8000000, 0x00000007c0000000, 0x00000007c0000000)
 Metaspace       used 31361K, capacity 31682K, committed 32252K, reserved 1077248K
  class space    used 3614K, capacity 3710K, committed 3836K, reserved 1048576K
2016-07-01T22:28:18.771-0530: 8565.731: [GC (Allocation Failure) 8565.758: [ParNew
Desired survivor size 20112992 bytes, new threshold 8 (max 8)
- age   1:   13479856 bytes,   13479856 total
- age   2:    3266120 bytes,   16745976 total
: 108500K->21824K(109248K), 0.0112050 secs] 242735K->156157K(502464K), 0.0381189 secs] [Times: user=0.03 sys=0.00, real=0.03 secs] 
Heap after GC invocations=55 (full 3):
 par new generation   total 109248K, used 21824K [0x00000007a0000000, 0x00000007a8000000, 0x00000007a8000000)
  eden space 87424K,   0% used [0x00000007a0000000, 0x00000007a0000000, 0x00000007a5560000)
  from space 21824K, 100% used [0x00000007a6ab0000, 0x00000007a8000000, 0x00000007a8000000)
  to   space 21824K,   0% used [0x00000007a5560000, 0x00000007a5560000, 0x00000007a6ab0000)
 concurrent mark-sweep generation total 393216K, used 134333K [0x00000007a8000000, 0x00000007c0000000, 0x00000007c0000000)
 Metaspace       used 31361K, capacity 31682K, committed 32252K, reserved 1077248K
  class space    used 3614K, capacity 3710K, committed 3836K, reserved 1048576K
}
2016-07-01T22:28:18.809-0530: 8565.769: Total time for which application threads were stopped: 0.0383264 seconds
2016-07-01T22:29:03.064-0530: 8610.025: Total time for which application threads were stopped: 0.0001597 seconds
2016-07-01T22:29:03.068-0530: 8610.029: Total time for which application threads were stopped: 0.0001767 seconds
2016-07-01T22:29:03.077-0530: 8610.039: Total time for which application threads were stopped: 0.0002215 seconds
2016-07-01T22:29:03.145-0530: 8610.107: Total time for which application threads were stopped: 0.0000921 seconds
2016-07-01T22:29:04.146-0530: 8611.107: Total time for which application threads were stopped: 0.0002093 seconds
{Heap before GC invocations=55 (full 3):
 par new generation   total 109248K, used 109248K [0x00000007a0000000, 0x00000007a8000000, 0x00000007a8000000)
  eden space 87424K, 100% used [0x00000007a0000000, 0x00000007a5560000, 0x00000007a5560000)
  from space 21824K, 100% used [0x00000007a6ab0000, 0x00000007a8000000, 0x00000007a8000000)
  to   space 21824K,   0% used [0x00000007a5560000, 0x00000007a5560000, 0x00000007a6ab0000)
 concurrent mark-sweep generation total 393216K, used 134333K [0x00000007a8000000, 0x00000007c0000000, 0x00000007c0000000)
 Metaspace       used 31383K, capacity 31682K, committed 32252K, reserved 1077248K
  class space    used 3614K, capacity 3710K, committed 3836K, reserved 1048576K
2016-07-01T22:29:05.019-0530: 8611.981: [GC (Allocation Failure) 8611.994: [ParNew
Desired survivor size 20112992 bytes, new threshold 8 (max 8)
- age   1:    8156248 bytes,    8156248 total
- age   2:    3182680 bytes,   11338928 total
- age   3:     116416 bytes,   11455344 total
: 109248K->15634K(109248K), 0.0074619 secs] 243581K->149967K(502464K), 0.0212060 secs] [Times: user=0.02 sys=0.00, real=0.03 secs] 
Heap after GC invocations=56 (full 3):
 par new generation   total 109248K, used 15634K [0x00000007a0000000, 0x00000007a8000000, 0x00000007a8000000)
  eden space 87424K,   0% used [0x00000007a0000000, 0x00000007a0000000, 0x00000007a5560000)
  from space 21824K,  71% used [0x00000007a5560000, 0x00000007a64a4820, 0x00000007a6ab0000)
  to   space 21824K,   0% used [0x00000007a6ab0000, 0x00000007a6ab0000, 0x00000007a8000000)
 concurrent mark-sweep generation total 393216K, used 134333K [0x00000007a8000000, 0x00000007c0000000, 0x00000007c0000000)
 Metaspace       used 31383K, capacity 31682K, committed 32252K, reserved 1077248K
  class space    used 3614K, capacity 3710K, committed 3836K, reserved 1048576K
}
2016-07-01T22:29:05.040-0530: 8612.002: Total time for which application threads were stopped: 0.0214471 seconds
2016-07-01T22:29:07.046-0530: 8614.008: Total time for which application threads were stopped: 0.0003634 seconds
2016-07-01T22:29:53.178-0530: 8660.141: Total time for which application threads were stopped: 0.0012319 seconds
2016-07-01T22:34:14.911-0530: 8921.879: Total time for which application threads were stopped: 0.0165050 seconds
2016-07-01T22:34:14.915-0530: 8921.883: Total time for which application threads were stopped: 0.0006133 seconds
2016-07-01T22:34:14.917-0530: 8921.885: Total time for which application threads were stopped: 0.0000813 seconds
2016-07-01T22:34:15.013-0530: 8921.981: Total time for which application threads were stopped: 0.0001597 seconds
2016-07-01T22:34:15.014-0530: 8921.983: Total time for which application threads were stopped: 0.0001662 seconds
2016-07-01T22:34:15.099-0530: 8922.067: Total time for which application threads were stopped: 0.0000875 seconds
2016-07-01T22:34:15.099-0530: 8922.067: Total time for which application threads were stopped: 0.0000444 seconds
2016-07-01T22:34:15.101-0530: 8922.069: Total time for which application threads were stopped: 0.0000951 seconds
2016-07-01T22:34:15.132-0530: 8922.100: Total time for which application threads were stopped: 0.0001530 seconds
2016-07-01T22:34:15.163-0530: 8922.131: Total time for which application threads were stopped: 0.0000907 seconds
2016-07-01T22:34:15.225-0530: 8922.193: Total time for which application threads were stopped: 0.0007054 seconds
2016-07-01T22:34:15.226-0530: 8922.194: Total time for which application threads were stopped: 0.0000577 seconds
2016-07-01T22:34:15.226-0530: 8922.194: Total time for which application threads were stopped: 0.0000441 seconds
2016-07-01T22:34:15.226-0530: 8922.195: Total time for which application threads were stopped: 0.0000447 seconds
2016-07-01T22:34:15.227-0530: 8922.195: Total time for which application threads were stopped: 0.0000469 seconds
2016-07-01T22:34:15.227-0530: 8922.195: Total time for which application threads were stopped: 0.0000364 seconds
2016-07-01T22:34:15.227-0530: 8922.195: Total time for which application threads were stopped: 0.0000385 seconds
2016-07-01T22:34:15.227-0530: 8922.195: Total time for which application threads were stopped: 0.0000401 seconds
2016-07-01T22:34:15.228-0530: 8922.196: Total time for which application threads were stopped: 0.0000358 seconds
2016-07-01T22:34:15.228-0530: 8922.196: Total time for which application threads were stopped: 0.0000347 seconds
2016-07-01T22:34:15.228-0530: 8922.196: Total time for which application threads were stopped: 0.0000344 seconds
2016-07-01T22:34:15.228-0530: 8922.196: Total time for which application threads were stopped: 0.0000388 seconds
2016-07-01T22:34:15.228-0530: 8922.197: Total time for which application threads were stopped: 0.0000401 seconds
2016-07-01T22:34:15.255-0530: 8922.223: Total time for which application threads were stopped: 0.0000885 seconds
2016-07-01T22:34:15.255-0530: 8922.223: Total time for which application threads were stopped: 0.0000537 seconds
2016-07-01T22:34:15.255-0530: 8922.223: Total time for which application threads were stopped: 0.0000432 seconds
2016-07-01T22:34:15.255-0530: 8922.224: Total time for which application threads were stopped: 0.0000951 seconds
2016-07-01T22:34:15.256-0530: 8922.224: Total time for which application threads were stopped: 0.0000754 seconds
2016-07-01T22:34:15.256-0530: 8922.224: Total time for which application threads were stopped: 0.0000751 seconds
2016-07-01T22:34:15.256-0530: 8922.224: Total time for which application threads were stopped: 0.0000489 seconds
2016-07-01T22:34:15.256-0530: 8922.224: Total time for which application threads were stopped: 0.0000585 seconds
2016-07-01T22:34:15.256-0530: 8922.225: Total time for which application threads were stopped: 0.0000580 seconds
2016-07-01T22:34:15.256-0530: 8922.225: Total time for which application threads were stopped: 0.0000576 seconds
2016-07-01T22:34:15.256-0530: 8922.225: Total time for which application threads were stopped: 0.0000606 seconds
2016-07-01T22:34:15.257-0530: 8922.225: Total time for which application threads were stopped: 0.0000541 seconds
2016-07-01T22:34:15.257-0530: 8922.225: Total time for which application threads were stopped: 0.0000590 seconds
2016-07-01T22:34:15.257-0530: 8922.225: Total time for which application threads were stopped: 0.0000537 seconds
2016-07-01T22:34:15.257-0530: 8922.225: Total time for which application threads were stopped: 0.0000779 seconds
2016-07-01T22:34:15.257-0530: 8922.225: Total time for which application threads were stopped: 0.0000561 seconds
2016-07-01T22:34:15.257-0530: 8922.225: Total time for which application threads were stopped: 0.0000544 seconds
2016-07-01T22:34:15.257-0530: 8922.226: Total time for which application threads were stopped: 0.0000513 seconds
2016-07-01T22:34:15.257-0530: 8922.226: Total time for which application threads were stopped: 0.0001994 seconds
2016-07-01T22:34:15.258-0530: 8922.226: Total time for which application threads were stopped: 0.0000547 seconds
2016-07-01T22:34:15.258-0530: 8922.226: Total time for which application threads were stopped: 0.0001223 seconds
2016-07-01T22:34:15.358-0530: 8922.326: Total time for which application threads were stopped: 0.0001275 seconds
2016-07-01T22:34:15.358-0530: 8922.327: Total time for which application threads were stopped: 0.0000866 seconds
2016-07-01T22:34:15.359-0530: 8922.327: Total time for which application threads were stopped: 0.0000589 seconds
2016-07-01T22:34:15.359-0530: 8922.328: Total time for which application threads were stopped: 0.0002935 seconds
2016-07-01T22:34:15.363-0530: 8922.331: Total time for which application threads were stopped: 0.0001295 seconds
2016-07-01T22:34:15.365-0530: 8922.333: Total time for which application threads were stopped: 0.0000892 seconds
2016-07-01T22:34:15.365-0530: 8922.333: Total time for which application threads were stopped: 0.0000613 seconds
2016-07-01T22:34:15.365-0530: 8922.333: Total time for which application threads were stopped: 0.0000607 seconds
2016-07-01T22:34:15.365-0530: 8922.333: Total time for which application threads were stopped: 0.0000671 seconds
2016-07-01T22:34:15.366-0530: 8922.334: Total time for which application threads were stopped: 0.0000675 seconds
2016-07-01T22:34:15.366-0530: 8922.334: Total time for which application threads were stopped: 0.0000651 seconds
2016-07-01T22:34:15.366-0530: 8922.335: Total time for which application threads were stopped: 0.0000635 seconds
2016-07-01T22:34:15.367-0530: 8922.335: Total time for which application threads were stopped: 0.0000869 seconds
2016-07-01T22:34:15.367-0530: 8922.335: Total time for which application threads were stopped: 0.0000612 seconds
2016-07-01T22:34:15.367-0530: 8922.335: Total time for which application threads were stopped: 0.0000733 seconds
2016-07-01T22:34:15.369-0530: 8922.337: Total time for which application threads were stopped: 0.0000649 seconds
2016-07-01T22:34:15.369-0530: 8922.337: Total time for which application threads were stopped: 0.0000424 seconds
2016-07-01T22:34:15.369-0530: 8922.337: Total time for which application threads were stopped: 0.0000500 seconds
2016-07-01T22:34:15.370-0530: 8922.338: Total time for which application threads were stopped: 0.0000628 seconds
2016-07-01T22:34:15.370-0530: 8922.338: Total time for which application threads were stopped: 0.0000910 seconds
2016-07-01T22:34:15.370-0530: 8922.338: Total time for which application threads were stopped: 0.0000500 seconds
2016-07-01T22:34:15.371-0530: 8922.339: Total time for which application threads were stopped: 0.0001265 seconds
2016-07-01T22:34:15.371-0530: 8922.339: Total time for which application threads were stopped: 0.0001977 seconds
2016-07-01T22:34:15.378-0530: 8922.346: Total time for which application threads were stopped: 0.0000991 seconds
2016-07-01T22:34:15.397-0530: 8922.365: Total time for which application threads were stopped: 0.0001008 seconds
2016-07-01T22:34:15.398-0530: 8922.366: Total time for which application threads were stopped: 0.0000498 seconds
2016-07-01T22:34:15.400-0530: 8922.368: Total time for which application threads were stopped: 0.0000885 seconds
2016-07-01T22:34:15.401-0530: 8922.369: Total time for which application threads were stopped: 0.0000431 seconds
2016-07-01T22:34:15.402-0530: 8922.370: Total time for which application threads were stopped: 0.0000392 seconds
2016-07-01T22:34:15.404-0530: 8922.372: Total time for which application threads were stopped: 0.0000513 seconds
2016-07-01T22:34:15.404-0530: 8922.372: Total time for which application threads were stopped: 0.0000392 seconds
2016-07-01T22:34:15.442-0530: 8922.410: Total time for which application threads were stopped: 0.0000917 seconds
2016-07-01T22:34:15.442-0530: 8922.410: Total time for which application threads were stopped: 0.0000600 seconds
Heap
 par new generation   total 109248K, used 98310K [0x00000007a0000000, 0x00000007a8000000, 0x00000007a8000000)
  eden space 87424K,  94% used [0x00000007a0000000, 0x00000007a50bd0f8, 0x00000007a5560000)
  from space 21824K,  71% used [0x00000007a5560000, 0x00000007a64a4820, 0x00000007a6ab0000)
  to   space 21824K,   0% used [0x00000007a6ab0000, 0x00000007a6ab0000, 0x00000007a8000000)
 concurrent mark-sweep generation total 393216K, used 134333K [0x00000007a8000000, 0x00000007c0000000, 0x00000007c0000000)
 Metaspace       used 31476K, capacity 31822K, committed 32252K, reserved 1077248K
  class space    used 3628K, capacity 3712K, committed 3836K, reserved 1048576K
