Java HotSpot(TM) 64-Bit Server VM (25.31-b07) for bsd-amd64 JRE (1.8.0_31-b13), built on Dec 17 2014 20:45:36 by "java_re" with gcc 4.2.1 (Based on Apple Inc. build 5658) (LLVM build 2336.11.00)
Memory: 4k page, physical 4194304k(465740k free)

/proc/meminfo:

CommandLine flags: -XX:CMSInitiatingOccupancyFraction=50 -XX:CMSMaxAbortablePrecleanTime=6000 -XX:+CMSParallelRemarkEnabled -XX:+CMSScavengeBeforeRemark -XX:ConcGCThreads=4 -XX:InitialHeapSize=536870912 -XX:MaxHeapSize=536870912 -XX:MaxTenuringThreshold=8 -XX:NewRatio=3 -XX:OldPLABSize=16 -XX:ParallelGCThreads=4 -XX:+ParallelRefProcEnabled -XX:PretenureSizeThreshold=67108864 -XX:+PrintGC -XX:+PrintGCApplicationStoppedTime -XX:+PrintGCDateStamps -XX:+PrintGCDetails -XX:+PrintGCTimeStamps -XX:+PrintHeapAtGC -XX:+PrintTenuringDistribution -XX:SurvivorRatio=4 -XX:TargetSurvivorRatio=90 -XX:ThreadStackSize=256 -XX:+UseCMSInitiatingOccupancyOnly -XX:+UseCompressedClassPointers -XX:+UseCompressedOops -XX:+UseConcMarkSweepGC -XX:+UseParNewGC 
2016-07-04T18:48:45.639-0530: 0.226: Total time for which application threads were stopped: 0.0001019 seconds
2016-07-04T18:48:46.541-0530: 1.129: Total time for which application threads were stopped: 0.0002469 seconds
2016-07-04T18:48:47.248-0530: 1.835: Total time for which application threads were stopped: 0.0001458 seconds
2016-07-04T18:48:47.496-0530: 2.083: Total time for which application threads were stopped: 0.0001633 seconds
2016-07-04T18:48:47.662-0530: 2.249: Total time for which application threads were stopped: 0.0001469 seconds
2016-07-04T18:48:47.691-0530: 2.278: Total time for which application threads were stopped: 0.0002261 seconds
2016-07-04T18:48:47.727-0530: 2.314: Total time for which application threads were stopped: 0.0001904 seconds
{Heap before GC invocations=0 (full 0):
 par new generation   total 109248K, used 87424K [0x00000007a0000000, 0x00000007a8000000, 0x00000007a8000000)
  eden space 87424K, 100% used [0x00000007a0000000, 0x00000007a5560000, 0x00000007a5560000)
  from space 21824K,   0% used [0x00000007a5560000, 0x00000007a5560000, 0x00000007a6ab0000)
  to   space 21824K,   0% used [0x00000007a6ab0000, 0x00000007a6ab0000, 0x00000007a8000000)
 concurrent mark-sweep generation total 393216K, used 0K [0x00000007a8000000, 0x00000007c0000000, 0x00000007c0000000)
 Metaspace       used 10075K, capacity 10204K, committed 10496K, reserved 1058816K
  class space    used 1152K, capacity 1208K, committed 1280K, reserved 1048576K
2016-07-04T18:48:48.545-0530: 3.132: [GC (Allocation Failure) 3.132: [ParNew
Desired survivor size 20112992 bytes, new threshold 8 (max 8)
- age   1:    5272984 bytes,    5272984 total
: 87424K->5217K(109248K), 0.0075647 secs] 87424K->5217K(502464K), 0.0076563 secs] [Times: user=0.02 sys=0.00, real=0.01 secs] 
Heap after GC invocations=1 (full 0):
 par new generation   total 109248K, used 5217K [0x00000007a0000000, 0x00000007a8000000, 0x00000007a8000000)
  eden space 87424K,   0% used [0x00000007a0000000, 0x00000007a0000000, 0x00000007a5560000)
  from space 21824K,  23% used [0x00000007a6ab0000, 0x00000007a6fc84c8, 0x00000007a8000000)
  to   space 21824K,   0% used [0x00000007a5560000, 0x00000007a5560000, 0x00000007a6ab0000)
 concurrent mark-sweep generation total 393216K, used 0K [0x00000007a8000000, 0x00000007c0000000, 0x00000007c0000000)
 Metaspace       used 10075K, capacity 10204K, committed 10496K, reserved 1058816K
  class space    used 1152K, capacity 1208K, committed 1280K, reserved 1048576K
}
2016-07-04T18:48:48.553-0530: 3.140: Total time for which application threads were stopped: 0.0078641 seconds
2016-07-04T18:48:48.849-0530: 3.436: Total time for which application threads were stopped: 0.0002241 seconds
2016-07-04T18:48:49.156-0530: 3.744: Total time for which application threads were stopped: 0.0002379 seconds
2016-07-04T18:48:49.444-0530: 4.032: Total time for which application threads were stopped: 0.0002056 seconds
2016-07-04T18:48:49.566-0530: 4.153: Total time for which application threads were stopped: 0.0002113 seconds
2016-07-04T18:48:50.069-0530: 4.656: Total time for which application threads were stopped: 0.0002589 seconds
2016-07-04T18:48:50.072-0530: 4.659: Total time for which application threads were stopped: 0.0001615 seconds
2016-07-04T18:48:50.116-0530: 4.704: Total time for which application threads were stopped: 0.0002513 seconds
2016-07-04T18:48:51.033-0530: 5.620: Total time for which application threads were stopped: 0.0002357 seconds
2016-07-04T18:48:51.034-0530: 5.621: Total time for which application threads were stopped: 0.0000616 seconds
2016-07-04T18:48:51.034-0530: 5.621: Total time for which application threads were stopped: 0.0000512 seconds
2016-07-04T18:48:51.102-0530: 5.689: Total time for which application threads were stopped: 0.0002613 seconds
2016-07-04T18:48:51.219-0530: 5.806: Total time for which application threads were stopped: 0.0001205 seconds
2016-07-04T18:48:51.293-0530: 5.881: Total time for which application threads were stopped: 0.0001589 seconds
2016-07-04T18:48:51.294-0530: 5.881: Total time for which application threads were stopped: 0.0000830 seconds
2016-07-04T18:48:51.488-0530: 6.075: Total time for which application threads were stopped: 0.0000630 seconds
2016-07-04T18:48:51.488-0530: 6.076: Total time for which application threads were stopped: 0.0000621 seconds
2016-07-04T18:48:51.488-0530: 6.076: Total time for which application threads were stopped: 0.0000296 seconds
2016-07-04T18:48:51.489-0530: 6.076: Total time for which application threads were stopped: 0.0000278 seconds
2016-07-04T18:48:51.489-0530: 6.076: Total time for which application threads were stopped: 0.0000310 seconds
2016-07-04T18:48:51.489-0530: 6.076: Total time for which application threads were stopped: 0.0000279 seconds
2016-07-04T18:48:51.489-0530: 6.076: Total time for which application threads were stopped: 0.0000448 seconds
2016-07-04T18:48:51.489-0530: 6.076: Total time for which application threads were stopped: 0.0000464 seconds
{Heap before GC invocations=1 (full 0):
 par new generation   total 109248K, used 92641K [0x00000007a0000000, 0x00000007a8000000, 0x00000007a8000000)
  eden space 87424K, 100% used [0x00000007a0000000, 0x00000007a5560000, 0x00000007a5560000)
  from space 21824K,  23% used [0x00000007a6ab0000, 0x00000007a6fc84c8, 0x00000007a8000000)
  to   space 21824K,   0% used [0x00000007a5560000, 0x00000007a5560000, 0x00000007a6ab0000)
 concurrent mark-sweep generation total 393216K, used 0K [0x00000007a8000000, 0x00000007c0000000, 0x00000007c0000000)
 Metaspace       used 18138K, capacity 18424K, committed 18688K, reserved 1064960K
  class space    used 2138K, capacity 2219K, committed 2304K, reserved 1048576K
2016-07-04T18:48:51.831-0530: 6.419: [GC (Allocation Failure) 6.419: [ParNew
Desired survivor size 20112992 bytes, new threshold 8 (max 8)
- age   1:    7381888 bytes,    7381888 total
- age   2:    2481928 bytes,    9863816 total
: 92641K->11382K(109248K), 0.0111176 secs] 92641K->11382K(502464K), 0.0112200 secs] [Times: user=0.03 sys=0.01, real=0.01 secs] 
Heap after GC invocations=2 (full 0):
 par new generation   total 109248K, used 11382K [0x00000007a0000000, 0x00000007a8000000, 0x00000007a8000000)
  eden space 87424K,   0% used [0x00000007a0000000, 0x00000007a0000000, 0x00000007a5560000)
  from space 21824K,  52% used [0x00000007a5560000, 0x00000007a607d9c0, 0x00000007a6ab0000)
  to   space 21824K,   0% used [0x00000007a6ab0000, 0x00000007a6ab0000, 0x00000007a8000000)
 concurrent mark-sweep generation total 393216K, used 0K [0x00000007a8000000, 0x00000007c0000000, 0x00000007c0000000)
 Metaspace       used 18138K, capacity 18424K, committed 18688K, reserved 1064960K
  class space    used 2138K, capacity 2219K, committed 2304K, reserved 1048576K
}
2016-07-04T18:48:51.842-0530: 6.430: Total time for which application threads were stopped: 0.0114320 seconds
2016-07-04T18:48:51.845-0530: 6.433: Total time for which application threads were stopped: 0.0001019 seconds
2016-07-04T18:48:51.929-0530: 6.516: Total time for which application threads were stopped: 0.0001033 seconds
2016-07-04T18:48:51.929-0530: 6.516: Total time for which application threads were stopped: 0.0000583 seconds
2016-07-04T18:48:51.929-0530: 6.516: Total time for which application threads were stopped: 0.0000627 seconds
2016-07-04T18:48:51.986-0530: 6.574: Total time for which application threads were stopped: 0.0004232 seconds
2016-07-04T18:48:52.032-0530: 6.619: Total time for which application threads were stopped: 0.0002568 seconds
2016-07-04T18:48:52.053-0530: 6.641: Total time for which application threads were stopped: 0.0002527 seconds
2016-07-04T18:48:52.438-0530: 7.025: Total time for which application threads were stopped: 0.0004076 seconds
2016-07-04T18:48:52.707-0530: 7.294: Total time for which application threads were stopped: 0.0003623 seconds
2016-07-04T18:48:52.728-0530: 7.316: Total time for which application threads were stopped: 0.0000871 seconds
2016-07-04T18:48:52.730-0530: 7.317: Total time for which application threads were stopped: 0.0000840 seconds
2016-07-04T18:48:52.863-0530: 7.450: Total time for which application threads were stopped: 0.0000794 seconds
2016-07-04T18:48:52.989-0530: 7.576: Total time for which application threads were stopped: 0.0001414 seconds
2016-07-04T18:48:53.053-0530: 7.640: Total time for which application threads were stopped: 0.0003205 seconds
2016-07-04T18:48:53.073-0530: 7.660: Total time for which application threads were stopped: 0.0000943 seconds
{Heap before GC invocations=2 (full 0):
 par new generation   total 109248K, used 98806K [0x00000007a0000000, 0x00000007a8000000, 0x00000007a8000000)
  eden space 87424K, 100% used [0x00000007a0000000, 0x00000007a5560000, 0x00000007a5560000)
  from space 21824K,  52% used [0x00000007a5560000, 0x00000007a607d9c0, 0x00000007a6ab0000)
  to   space 21824K,   0% used [0x00000007a6ab0000, 0x00000007a6ab0000, 0x00000007a8000000)
 concurrent mark-sweep generation total 393216K, used 0K [0x00000007a8000000, 0x00000007c0000000, 0x00000007c0000000)
 Metaspace       used 21409K, capacity 21650K, committed 21884K, reserved 1069056K
  class space    used 2540K, capacity 2614K, committed 2684K, reserved 1048576K
2016-07-04T18:48:53.183-0530: 7.770: [GC (Allocation Failure) 7.770: [ParNew
Desired survivor size 20112992 bytes, new threshold 8 (max 8)
- age   1:    2650904 bytes,    2650904 total
- age   2:    2158392 bytes,    4809296 total
- age   3:    2467856 bytes,    7277152 total
: 98806K->12056K(109248K), 0.0093563 secs] 98806K->12056K(502464K), 0.0094422 secs] [Times: user=0.02 sys=0.01, real=0.01 secs] 
Heap after GC invocations=3 (full 0):
 par new generation   total 109248K, used 12056K [0x00000007a0000000, 0x00000007a8000000, 0x00000007a8000000)
  eden space 87424K,   0% used [0x00000007a0000000, 0x00000007a0000000, 0x00000007a5560000)
  from space 21824K,  55% used [0x00000007a6ab0000, 0x00000007a7676070, 0x00000007a8000000)
  to   space 21824K,   0% used [0x00000007a5560000, 0x00000007a5560000, 0x00000007a6ab0000)
 concurrent mark-sweep generation total 393216K, used 0K [0x00000007a8000000, 0x00000007c0000000, 0x00000007c0000000)
 Metaspace       used 21409K, capacity 21650K, committed 21884K, reserved 1069056K
  class space    used 2540K, capacity 2614K, committed 2684K, reserved 1048576K
}
2016-07-04T18:48:53.192-0530: 7.780: Total time for which application threads were stopped: 0.0096405 seconds
2016-07-04T18:48:53.193-0530: 7.780: [GC (CMS Initial Mark) [1 CMS-initial-mark: 0K(393216K)] 12406K(502464K), 0.0027469 secs] [Times: user=0.01 sys=0.00, real=0.00 secs] 
2016-07-04T18:48:53.195-0530: 7.783: Total time for which application threads were stopped: 0.0029012 seconds
2016-07-04T18:48:53.195-0530: 7.783: [CMS-concurrent-mark-start]
2016-07-04T18:48:53.198-0530: 7.785: [CMS-concurrent-mark: 0.002/0.002 secs] [Times: user=0.01 sys=0.00, real=0.00 secs] 
2016-07-04T18:48:53.198-0530: 7.785: [CMS-concurrent-preclean-start]
2016-07-04T18:48:53.199-0530: 7.786: [CMS-concurrent-preclean: 0.001/0.001 secs] [Times: user=0.00 sys=0.00, real=0.00 secs] 
2016-07-04T18:48:53.199-0530: 7.786: [GC (CMS Final Remark) [YG occupancy: 13247 K (109248 K)]{Heap before GC invocations=3 (full 1):
 par new generation   total 109248K, used 13247K [0x00000007a0000000, 0x00000007a8000000, 0x00000007a8000000)
  eden space 87424K,   1% used [0x00000007a0000000, 0x00000007a0129f50, 0x00000007a5560000)
  from space 21824K,  55% used [0x00000007a6ab0000, 0x00000007a7676070, 0x00000007a8000000)
  to   space 21824K,   0% used [0x00000007a5560000, 0x00000007a5560000, 0x00000007a6ab0000)
 concurrent mark-sweep generation total 393216K, used 0K [0x00000007a8000000, 0x00000007c0000000, 0x00000007c0000000)
 Metaspace       used 21409K, capacity 21650K, committed 21884K, reserved 1069056K
  class space    used 2540K, capacity 2614K, committed 2684K, reserved 1048576K
2016-07-04T18:48:53.199-0530: 7.786: [GC (CMS Final Remark) 7.786: [ParNew
Desired survivor size 20112992 bytes, new threshold 8 (max 8)
- age   1:       6176 bytes,       6176 total
- age   2:     495208 bytes,     501384 total
- age   3:    2158288 bytes,    2659672 total
- age   4:    2467768 bytes,    5127440 total
: 13247K->6625K(109248K), 0.0097847 secs] 13247K->6625K(502464K), 0.0098648 secs] [Times: user=0.02 sys=0.00, real=0.01 secs] 
Heap after GC invocations=4 (full 1):
 par new generation   total 109248K, used 6625K [0x00000007a0000000, 0x00000007a8000000, 0x00000007a8000000)
  eden space 87424K,   0% used [0x00000007a0000000, 0x00000007a0000000, 0x00000007a5560000)
  from space 21824K,  30% used [0x00000007a5560000, 0x00000007a5bd8590, 0x00000007a6ab0000)
  to   space 21824K,   0% used [0x00000007a6ab0000, 0x00000007a6ab0000, 0x00000007a8000000)
 concurrent mark-sweep generation total 393216K, used 0K [0x00000007a8000000, 0x00000007c0000000, 0x00000007c0000000)
 Metaspace       used 21409K, capacity 21650K, committed 21884K, reserved 1069056K
  class space    used 2540K, capacity 2614K, committed 2684K, reserved 1048576K
}
7.796: [Rescan (parallel) , 0.0030828 secs]7.799: [weak refs processing, 0.0016581 secs]7.801: [class unloading, 0.0071099 secs]7.808: [scrub symbol table, 0.0037762 secs]7.812: [scrub string table, 0.0002944 secs][1 CMS-remark: 0K(393216K)] 6625K(502464K), 0.0282672 secs] [Times: user=0.05 sys=0.00, real=0.03 secs] 
2016-07-04T18:48:53.227-0530: 7.815: Total time for which application threads were stopped: 0.0284058 seconds
2016-07-04T18:48:53.228-0530: 7.816: [CMS-concurrent-sweep-start]
2016-07-04T18:48:53.228-0530: 7.816: [CMS-concurrent-sweep: 0.000/0.000 secs] [Times: user=0.00 sys=0.00, real=0.00 secs] 
2016-07-04T18:48:53.228-0530: 7.816: [CMS-concurrent-reset-start]
2016-07-04T18:48:53.234-0530: 7.821: [CMS-concurrent-reset: 0.005/0.005 secs] [Times: user=0.01 sys=0.00, real=0.01 secs] 
2016-07-04T18:48:53.235-0530: 7.823: Total time for which application threads were stopped: 0.0001233 seconds
2016-07-04T18:48:53.379-0530: 7.966: Total time for which application threads were stopped: 0.0000838 seconds
2016-07-04T18:48:53.379-0530: 7.966: Total time for which application threads were stopped: 0.0000381 seconds
2016-07-04T18:48:54.074-0530: 8.662: Total time for which application threads were stopped: 0.0000758 seconds
2016-07-04T18:48:54.115-0530: 8.702: Total time for which application threads were stopped: 0.0001030 seconds
2016-07-04T18:48:55.134-0530: 9.721: Total time for which application threads were stopped: 0.0173346 seconds
2016-07-04T18:48:55.470-0530: 10.057: Total time for which application threads were stopped: 0.0003356 seconds
2016-07-04T18:48:56.470-0530: 11.058: Total time for which application threads were stopped: 0.0003884 seconds
2016-07-04T18:48:56.878-0530: 11.465: Total time for which application threads were stopped: 0.0001191 seconds
2016-07-04T18:48:56.878-0530: 11.465: Total time for which application threads were stopped: 0.0000779 seconds
2016-07-04T18:48:56.878-0530: 11.465: Total time for which application threads were stopped: 0.0000604 seconds
2016-07-04T18:48:57.054-0530: 11.641: Total time for which application threads were stopped: 0.0001141 seconds
2016-07-04T18:48:57.054-0530: 11.641: Total time for which application threads were stopped: 0.0000558 seconds
2016-07-04T18:49:01.426-0530: 16.014: Total time for which application threads were stopped: 0.0000723 seconds
2016-07-04T18:49:01.426-0530: 16.014: Total time for which application threads were stopped: 0.0000917 seconds
2016-07-04T18:49:01.439-0530: 16.027: Total time for which application threads were stopped: 0.0000717 seconds
2016-07-04T18:49:01.439-0530: 16.027: Total time for which application threads were stopped: 0.0000499 seconds
2016-07-04T18:49:01.439-0530: 16.027: Total time for which application threads were stopped: 0.0000362 seconds
2016-07-04T18:49:01.440-0530: 16.027: Total time for which application threads were stopped: 0.0000373 seconds
2016-07-04T18:49:01.440-0530: 16.027: Total time for which application threads were stopped: 0.0000379 seconds
2016-07-04T18:49:01.440-0530: 16.027: Total time for which application threads were stopped: 0.0000380 seconds
2016-07-04T18:49:01.440-0530: 16.027: Total time for which application threads were stopped: 0.0001126 seconds
2016-07-04T18:49:01.442-0530: 16.029: Total time for which application threads were stopped: 0.0000496 seconds
2016-07-04T18:49:01.443-0530: 16.030: Total time for which application threads were stopped: 0.0000508 seconds
2016-07-04T18:49:01.468-0530: 16.056: Total time for which application threads were stopped: 0.0001037 seconds
2016-07-04T18:49:01.477-0530: 16.064: Total time for which application threads were stopped: 0.0000684 seconds
2016-07-04T18:49:01.477-0530: 16.064: Total time for which application threads were stopped: 0.0000390 seconds
2016-07-04T18:49:01.539-0530: 16.126: Total time for which application threads were stopped: 0.0000661 seconds
2016-07-04T18:49:01.539-0530: 16.127: Total time for which application threads were stopped: 0.0000414 seconds
2016-07-04T18:49:01.560-0530: 16.148: Total time for which application threads were stopped: 0.0000697 seconds
2016-07-04T18:49:01.561-0530: 16.148: Total time for which application threads were stopped: 0.0000409 seconds
2016-07-04T18:49:01.561-0530: 16.149: Total time for which application threads were stopped: 0.0000422 seconds
2016-07-04T18:49:01.582-0530: 16.170: Total time for which application threads were stopped: 0.0000749 seconds
2016-07-04T18:49:01.582-0530: 16.170: Total time for which application threads were stopped: 0.0000530 seconds
2016-07-04T18:49:01.615-0530: 16.203: Total time for which application threads were stopped: 0.0000735 seconds
2016-07-04T18:49:01.679-0530: 16.267: Total time for which application threads were stopped: 0.0000826 seconds
2016-07-04T18:49:01.792-0530: 16.379: Total time for which application threads were stopped: 0.0000705 seconds
2016-07-04T18:49:01.809-0530: 16.397: Total time for which application threads were stopped: 0.0000764 seconds
2016-07-04T18:49:01.874-0530: 16.461: Total time for which application threads were stopped: 0.0003229 seconds
{Heap before GC invocations=4 (full 1):
 par new generation   total 109248K, used 94049K [0x00000007a0000000, 0x00000007a8000000, 0x00000007a8000000)
  eden space 87424K, 100% used [0x00000007a0000000, 0x00000007a5560000, 0x00000007a5560000)
  from space 21824K,  30% used [0x00000007a5560000, 0x00000007a5bd8590, 0x00000007a6ab0000)
  to   space 21824K,   0% used [0x00000007a6ab0000, 0x00000007a6ab0000, 0x00000007a8000000)
 concurrent mark-sweep generation total 393216K, used 0K [0x00000007a8000000, 0x00000007c0000000, 0x00000007c0000000)
 Metaspace       used 26883K, capacity 27180K, committed 27388K, reserved 1073152K
  class space    used 3231K, capacity 3295K, committed 3324K, reserved 1048576K
2016-07-04T18:49:02.229-0530: 16.817: [GC (Allocation Failure) 16.817: [ParNew
Desired survivor size 20112992 bytes, new threshold 5 (max 8)
- age   1:   17112016 bytes,   17112016 total
- age   2:       1360 bytes,   17113376 total
- age   3:     478968 bytes,   17592344 total
- age   4:    2114272 bytes,   19706616 total
- age   5:    2467304 bytes,   22173920 total
: 94049K->21824K(109248K), 0.0597543 secs] 94049K->37057K(502464K), 0.0598287 secs] [Times: user=0.14 sys=0.03, real=0.06 secs] 
Heap after GC invocations=5 (full 1):
 par new generation   total 109248K, used 21824K [0x00000007a0000000, 0x00000007a8000000, 0x00000007a8000000)
  eden space 87424K,   0% used [0x00000007a0000000, 0x00000007a0000000, 0x00000007a5560000)
  from space 21824K, 100% used [0x00000007a6ab0000, 0x00000007a8000000, 0x00000007a8000000)
  to   space 21824K,   0% used [0x00000007a5560000, 0x00000007a5560000, 0x00000007a6ab0000)
 concurrent mark-sweep generation total 393216K, used 15233K [0x00000007a8000000, 0x00000007c0000000, 0x00000007c0000000)
 Metaspace       used 26883K, capacity 27180K, committed 27388K, reserved 1073152K
  class space    used 3231K, capacity 3295K, committed 3324K, reserved 1048576K
}
2016-07-04T18:49:02.289-0530: 16.877: Total time for which application threads were stopped: 0.0601621 seconds
2016-07-04T18:49:02.293-0530: 16.881: Total time for which application threads were stopped: 0.0002051 seconds
{Heap before GC invocations=5 (full 1):
 par new generation   total 109248K, used 109248K [0x00000007a0000000, 0x00000007a8000000, 0x00000007a8000000)
  eden space 87424K, 100% used [0x00000007a0000000, 0x00000007a5560000, 0x00000007a5560000)
  from space 21824K, 100% used [0x00000007a6ab0000, 0x00000007a8000000, 0x00000007a8000000)
  to   space 21824K,   0% used [0x00000007a5560000, 0x00000007a5560000, 0x00000007a6ab0000)
 concurrent mark-sweep generation total 393216K, used 15233K [0x00000007a8000000, 0x00000007c0000000, 0x00000007c0000000)
 Metaspace       used 26885K, capacity 27180K, committed 27388K, reserved 1073152K
  class space    used 3232K, capacity 3295K, committed 3324K, reserved 1048576K
2016-07-04T18:49:02.523-0530: 17.110: [GC (Allocation Failure) 17.110: [ParNew
Desired survivor size 20112992 bytes, new threshold 4 (max 8)
- age   1:   11656632 bytes,   11656632 total
- age   2:    8263464 bytes,   19920096 total
- age   3:       1280 bytes,   19921376 total
- age   4:     459264 bytes,   20380640 total
- age   5:    1944800 bytes,   22325440 total
: 109248K->21824K(109248K), 0.0597708 secs] 124481K->86369K(502464K), 0.0598633 secs] [Times: user=0.11 sys=0.06, real=0.06 secs] 
Heap after GC invocations=6 (full 1):
 par new generation   total 109248K, used 21824K [0x00000007a0000000, 0x00000007a8000000, 0x00000007a8000000)
  eden space 87424K,   0% used [0x00000007a0000000, 0x00000007a0000000, 0x00000007a5560000)
  from space 21824K, 100% used [0x00000007a5560000, 0x00000007a6ab0000, 0x00000007a6ab0000)
  to   space 21824K,   0% used [0x00000007a6ab0000, 0x00000007a6ab0000, 0x00000007a8000000)
 concurrent mark-sweep generation total 393216K, used 64545K [0x00000007a8000000, 0x00000007c0000000, 0x00000007c0000000)
 Metaspace       used 26885K, capacity 27180K, committed 27388K, reserved 1073152K
  class space    used 3232K, capacity 3295K, committed 3324K, reserved 1048576K
}
2016-07-04T18:49:02.583-0530: 17.170: Total time for which application threads were stopped: 0.0600681 seconds
2016-07-04T18:49:03.584-0530: 18.172: Total time for which application threads were stopped: 0.0014278 seconds
{Heap before GC invocations=6 (full 1):
 par new generation   total 109248K, used 109248K [0x00000007a0000000, 0x00000007a8000000, 0x00000007a8000000)
  eden space 87424K, 100% used [0x00000007a0000000, 0x00000007a5560000, 0x00000007a5560000)
  from space 21824K, 100% used [0x00000007a5560000, 0x00000007a6ab0000, 0x00000007a6ab0000)
  to   space 21824K,   0% used [0x00000007a6ab0000, 0x00000007a6ab0000, 0x00000007a8000000)
 concurrent mark-sweep generation total 393216K, used 64545K [0x00000007a8000000, 0x00000007c0000000, 0x00000007c0000000)
 Metaspace       used 26888K, capacity 27180K, committed 27388K, reserved 1073152K
  class space    used 3232K, capacity 3295K, committed 3324K, reserved 1048576K
2016-07-04T18:49:13.641-0530: 28.229: [GC (Allocation Failure) 28.236: [ParNew
Desired survivor size 20112992 bytes, new threshold 3 (max 8)
- age   1:    8129848 bytes,    8129848 total
- age   2:    6289504 bytes,   14419352 total
- age   3:    7877864 bytes,   22297216 total
- age   4:        352 bytes,   22297568 total
: 109248K->21824K(109248K), 0.1166381 secs] 173793K->136798K(502464K), 0.1238154 secs] [Times: user=0.11 sys=0.06, real=0.12 secs] 
Heap after GC invocations=7 (full 1):
 par new generation   total 109248K, used 21824K [0x00000007a0000000, 0x00000007a8000000, 0x00000007a8000000)
  eden space 87424K,   0% used [0x00000007a0000000, 0x00000007a0000000, 0x00000007a5560000)
  from space 21824K, 100% used [0x00000007a6ab0000, 0x00000007a8000000, 0x00000007a8000000)
  to   space 21824K,   0% used [0x00000007a5560000, 0x00000007a5560000, 0x00000007a6ab0000)
 concurrent mark-sweep generation total 393216K, used 114974K [0x00000007a8000000, 0x00000007c0000000, 0x00000007c0000000)
 Metaspace       used 26888K, capacity 27180K, committed 27388K, reserved 1073152K
  class space    used 3232K, capacity 3295K, committed 3324K, reserved 1048576K
}
2016-07-04T18:49:13.765-0530: 28.353: Total time for which application threads were stopped: 0.1240898 seconds
2016-07-04T18:49:17.727-0530: 32.315: Total time for which application threads were stopped: 0.0001138 seconds
2016-07-04T18:49:17.727-0530: 32.315: Total time for which application threads were stopped: 0.0000692 seconds
2016-07-04T18:49:17.727-0530: 32.315: Total time for which application threads were stopped: 0.0000387 seconds
2016-07-04T18:49:17.727-0530: 32.315: Total time for which application threads were stopped: 0.0000387 seconds
2016-07-04T18:49:17.727-0530: 32.315: Total time for which application threads were stopped: 0.0000682 seconds
2016-07-04T18:49:17.727-0530: 32.316: Total time for which application threads were stopped: 0.0001047 seconds
2016-07-04T18:49:17.728-0530: 32.316: Total time for which application threads were stopped: 0.0000369 seconds
2016-07-04T18:49:17.728-0530: 32.316: Total time for which application threads were stopped: 0.0000381 seconds
2016-07-04T18:49:17.738-0530: 32.326: Total time for which application threads were stopped: 0.0001085 seconds
2016-07-04T18:49:17.738-0530: 32.326: Total time for which application threads were stopped: 0.0000829 seconds
2016-07-04T18:49:17.740-0530: 32.328: Total time for which application threads were stopped: 0.0000569 seconds
2016-07-04T18:49:17.741-0530: 32.330: Total time for which application threads were stopped: 0.0000490 seconds
2016-07-04T18:49:17.742-0530: 32.330: Total time for which application threads were stopped: 0.0000573 seconds
2016-07-04T18:49:17.742-0530: 32.330: Total time for which application threads were stopped: 0.0000418 seconds
2016-07-04T18:49:17.750-0530: 32.338: Total time for which application threads were stopped: 0.0000883 seconds
{Heap before GC invocations=7 (full 1):
 par new generation   total 109248K, used 109248K [0x00000007a0000000, 0x00000007a8000000, 0x00000007a8000000)
  eden space 87424K, 100% used [0x00000007a0000000, 0x00000007a5560000, 0x00000007a5560000)
  from space 21824K, 100% used [0x00000007a6ab0000, 0x00000007a8000000, 0x00000007a8000000)
  to   space 21824K,   0% used [0x00000007a5560000, 0x00000007a5560000, 0x00000007a6ab0000)
 concurrent mark-sweep generation total 393216K, used 114974K [0x00000007a8000000, 0x00000007c0000000, 0x00000007c0000000)
 Metaspace       used 27012K, capacity 27340K, committed 27772K, reserved 1073152K
  class space    used 3248K, capacity 3327K, committed 3452K, reserved 1048576K
2016-07-04T18:49:17.843-0530: 32.431: [GC (Allocation Failure) 32.431: [ParNew
Desired survivor size 20112992 bytes, new threshold 3 (max 8)
- age   1:   10478088 bytes,   10478088 total
- age   2:    6490808 bytes,   16968896 total
- age   3:    5316800 bytes,   22285696 total
: 109248K->21824K(109248K), 0.0464370 secs] 224222K->164744K(502464K), 0.0465070 secs] [Times: user=0.06 sys=0.03, real=0.04 secs] 
Heap after GC invocations=8 (full 1):
 par new generation   total 109248K, used 21824K [0x00000007a0000000, 0x00000007a8000000, 0x00000007a8000000)
  eden space 87424K,   0% used [0x00000007a0000000, 0x00000007a0000000, 0x00000007a5560000)
  from space 21824K, 100% used [0x00000007a5560000, 0x00000007a6ab0000, 0x00000007a6ab0000)
  to   space 21824K,   0% used [0x00000007a6ab0000, 0x00000007a6ab0000, 0x00000007a8000000)
 concurrent mark-sweep generation total 393216K, used 142920K [0x00000007a8000000, 0x00000007c0000000, 0x00000007c0000000)
 Metaspace       used 27012K, capacity 27340K, committed 27772K, reserved 1073152K
  class space    used 3248K, capacity 3327K, committed 3452K, reserved 1048576K
}
2016-07-04T18:49:17.890-0530: 32.478: Total time for which application threads were stopped: 0.0468301 seconds
{Heap before GC invocations=8 (full 1):
 par new generation   total 109248K, used 109248K [0x00000007a0000000, 0x00000007a8000000, 0x00000007a8000000)
  eden space 87424K, 100% used [0x00000007a0000000, 0x00000007a5560000, 0x00000007a5560000)
  from space 21824K, 100% used [0x00000007a5560000, 0x00000007a6ab0000, 0x00000007a6ab0000)
  to   space 21824K,   0% used [0x00000007a6ab0000, 0x00000007a6ab0000, 0x00000007a8000000)
 concurrent mark-sweep generation total 393216K, used 142920K [0x00000007a8000000, 0x00000007c0000000, 0x00000007c0000000)
 Metaspace       used 27012K, capacity 27340K, committed 27772K, reserved 1073152K
  class space    used 3248K, capacity 3327K, committed 3452K, reserved 1048576K
2016-07-04T18:49:17.941-0530: 32.529: [GC (Allocation Failure) 32.530: [ParNew
Desired survivor size 20112992 bytes, new threshold 3 (max 8)
- age   1:    6036136 bytes,    6036136 total
- age   2:   10058448 bytes,   16094584 total
- age   3:    6226632 bytes,   22321216 total
: 109248K->21824K(109248K), 0.0432724 secs] 252168K->181942K(502464K), 0.0433693 secs] [Times: user=0.05 sys=0.02, real=0.04 secs] 
Heap after GC invocations=9 (full 1):
 par new generation   total 109248K, used 21824K [0x00000007a0000000, 0x00000007a8000000, 0x00000007a8000000)
  eden space 87424K,   0% used [0x00000007a0000000, 0x00000007a0000000, 0x00000007a5560000)
  from space 21824K, 100% used [0x00000007a6ab0000, 0x00000007a8000000, 0x00000007a8000000)
  to   space 21824K,   0% used [0x00000007a5560000, 0x00000007a5560000, 0x00000007a6ab0000)
 concurrent mark-sweep generation total 393216K, used 160118K [0x00000007a8000000, 0x00000007c0000000, 0x00000007c0000000)
 Metaspace       used 27012K, capacity 27340K, committed 27772K, reserved 1073152K
  class space    used 3248K, capacity 3327K, committed 3452K, reserved 1048576K
}
2016-07-04T18:49:17.985-0530: 32.573: Total time for which application threads were stopped: 0.0436249 seconds
{Heap before GC invocations=9 (full 1):
 par new generation   total 109248K, used 109248K [0x00000007a0000000, 0x00000007a8000000, 0x00000007a8000000)
  eden space 87424K, 100% used [0x00000007a0000000, 0x00000007a5560000, 0x00000007a5560000)
  from space 21824K, 100% used [0x00000007a6ab0000, 0x00000007a8000000, 0x00000007a8000000)
  to   space 21824K,   0% used [0x00000007a5560000, 0x00000007a5560000, 0x00000007a6ab0000)
 concurrent mark-sweep generation total 393216K, used 160118K [0x00000007a8000000, 0x00000007c0000000, 0x00000007c0000000)
 Metaspace       used 27012K, capacity 27340K, committed 27772K, reserved 1073152K
  class space    used 3248K, capacity 3327K, committed 3452K, reserved 1048576K
2016-07-04T18:49:18.052-0530: 32.640: [GC (Allocation Failure) 32.640: [ParNew
Desired survivor size 20112992 bytes, new threshold 3 (max 8)
- age   1:    7743344 bytes,    7743344 total
- age   2:    4514032 bytes,   12257376 total
- age   3:   10058448 bytes,   22315824 total
: 109248K->21824K(109248K), 0.0210462 secs] 269366K->199206K(502464K), 0.0211170 secs] [Times: user=0.04 sys=0.02, real=0.02 secs] 
Heap after GC invocations=10 (full 1):
 par new generation   total 109248K, used 21824K [0x00000007a0000000, 0x00000007a8000000, 0x00000007a8000000)
  eden space 87424K,   0% used [0x00000007a0000000, 0x00000007a0000000, 0x00000007a5560000)
  from space 21824K, 100% used [0x00000007a5560000, 0x00000007a6ab0000, 0x00000007a6ab0000)
  to   space 21824K,   0% used [0x00000007a6ab0000, 0x00000007a6ab0000, 0x00000007a8000000)
 concurrent mark-sweep generation total 393216K, used 177382K [0x00000007a8000000, 0x00000007c0000000, 0x00000007c0000000)
 Metaspace       used 27012K, capacity 27340K, committed 27772K, reserved 1073152K
  class space    used 3248K, capacity 3327K, committed 3452K, reserved 1048576K
}
2016-07-04T18:49:18.074-0530: 32.662: Total time for which application threads were stopped: 0.0213703 seconds
{Heap before GC invocations=10 (full 1):
 par new generation   total 109248K, used 109248K [0x00000007a0000000, 0x00000007a8000000, 0x00000007a8000000)
  eden space 87424K, 100% used [0x00000007a0000000, 0x00000007a5560000, 0x00000007a5560000)
  from space 21824K, 100% used [0x00000007a5560000, 0x00000007a6ab0000, 0x00000007a6ab0000)
  to   space 21824K,   0% used [0x00000007a6ab0000, 0x00000007a6ab0000, 0x00000007a8000000)
 concurrent mark-sweep generation total 393216K, used 177382K [0x00000007a8000000, 0x00000007c0000000, 0x00000007c0000000)
 Metaspace       used 27012K, capacity 27340K, committed 27772K, reserved 1073152K
  class space    used 3248K, capacity 3327K, committed 3452K, reserved 1048576K
2016-07-04T18:49:18.130-0530: 32.719: [GC (Allocation Failure) 32.719: [ParNew
Desired survivor size 20112992 bytes, new threshold 3 (max 8)
- age   1:   13670424 bytes,   13670424 total
- age   2:    4658600 bytes,   18329024 total
- age   3:    3983016 bytes,   22312040 total
: 109248K->21824K(109248K), 0.0600884 secs] 286630K->216482K(502464K), 0.0601871 secs] [Times: user=0.08 sys=0.01, real=0.06 secs] 
Heap after GC invocations=11 (full 1):
 par new generation   total 109248K, used 21824K [0x00000007a0000000, 0x00000007a8000000, 0x00000007a8000000)
  eden space 87424K,   0% used [0x00000007a0000000, 0x00000007a0000000, 0x00000007a5560000)
  from space 21824K, 100% used [0x00000007a6ab0000, 0x00000007a8000000, 0x00000007a8000000)
  to   space 21824K,   0% used [0x00000007a5560000, 0x00000007a5560000, 0x00000007a6ab0000)
 concurrent mark-sweep generation total 393216K, used 194658K [0x00000007a8000000, 0x00000007c0000000, 0x00000007c0000000)
 Metaspace       used 27012K, capacity 27340K, committed 27772K, reserved 1073152K
  class space    used 3248K, capacity 3327K, committed 3452K, reserved 1048576K
}
2016-07-04T18:49:18.191-0530: 32.779: Total time for which application threads were stopped: 0.0604039 seconds
{Heap before GC invocations=11 (full 1):
 par new generation   total 109248K, used 109248K [0x00000007a0000000, 0x00000007a8000000, 0x00000007a8000000)
  eden space 87424K, 100% used [0x00000007a0000000, 0x00000007a5560000, 0x00000007a5560000)
  from space 21824K, 100% used [0x00000007a6ab0000, 0x00000007a8000000, 0x00000007a8000000)
  to   space 21824K,   0% used [0x00000007a5560000, 0x00000007a5560000, 0x00000007a6ab0000)
 concurrent mark-sweep generation total 393216K, used 194658K [0x00000007a8000000, 0x00000007c0000000, 0x00000007c0000000)
 Metaspace       used 27012K, capacity 27340K, committed 27772K, reserved 1073152K
  class space    used 3248K, capacity 3327K, committed 3452K, reserved 1048576K
2016-07-04T18:49:18.233-0530: 32.822: [GC (Allocation Failure) 32.822: [ParNew
Desired survivor size 20112992 bytes, new threshold 8 (max 8)
- age   1:    4527176 bytes,    4527176 total
- age   2:    7997936 bytes,   12525112 total
- age   3:    4658600 bytes,   17183712 total
: 109248K->21824K(109248K), 0.0500061 secs] 303906K->238771K(502464K), 0.0500727 secs] [Times: user=0.06 sys=0.01, real=0.05 secs] 
Heap after GC invocations=12 (full 1):
 par new generation   total 109248K, used 21824K [0x00000007a0000000, 0x00000007a8000000, 0x00000007a8000000)
  eden space 87424K,   0% used [0x00000007a0000000, 0x00000007a0000000, 0x00000007a5560000)
  from space 21824K, 100% used [0x00000007a5560000, 0x00000007a6ab0000, 0x00000007a6ab0000)
  to   space 21824K,   0% used [0x00000007a6ab0000, 0x00000007a6ab0000, 0x00000007a8000000)
 concurrent mark-sweep generation total 393216K, used 216947K [0x00000007a8000000, 0x00000007c0000000, 0x00000007c0000000)
 Metaspace       used 27012K, capacity 27340K, committed 27772K, reserved 1073152K
  class space    used 3248K, capacity 3327K, committed 3452K, reserved 1048576K
}
2016-07-04T18:49:18.284-0530: 32.872: Total time for which application threads were stopped: 0.0502580 seconds
2016-07-04T18:49:18.284-0530: 32.872: [GC (CMS Initial Mark) [1 CMS-initial-mark: 216947K(393216K)] 240504K(502464K), 0.0019175 secs] [Times: user=0.00 sys=0.00, real=0.00 secs] 
2016-07-04T18:49:18.286-0530: 32.874: Total time for which application threads were stopped: 0.0020805 seconds
2016-07-04T18:49:18.286-0530: 32.874: [CMS-concurrent-mark-start]
2016-07-04T18:49:18.328-0530: 32.916: [CMS-concurrent-mark: 0.042/0.042 secs] [Times: user=0.12 sys=0.02, real=0.05 secs] 
2016-07-04T18:49:18.332-0530: 32.920: [CMS-concurrent-preclean-start]
2016-07-04T18:49:18.343-0530: 32.931: [CMS-concurrent-preclean: 0.011/0.011 secs] [Times: user=0.01 sys=0.00, real=0.01 secs] 
2016-07-04T18:49:18.346-0530: 32.934: [CMS-concurrent-abortable-preclean-start]
{Heap before GC invocations=12 (full 2):
 par new generation   total 109248K, used 109248K [0x00000007a0000000, 0x00000007a8000000, 0x00000007a8000000)
  eden space 87424K, 100% used [0x00000007a0000000, 0x00000007a5560000, 0x00000007a5560000)
  from space 21824K, 100% used [0x00000007a5560000, 0x00000007a6ab0000, 0x00000007a6ab0000)
  to   space 21824K,   0% used [0x00000007a6ab0000, 0x00000007a6ab0000, 0x00000007a8000000)
 concurrent mark-sweep generation total 393216K, used 216947K [0x00000007a8000000, 0x00000007c0000000, 0x00000007c0000000)
 Metaspace       used 27012K, capacity 27340K, committed 27772K, reserved 1073152K
  class space    used 3248K, capacity 3327K, committed 3452K, reserved 1048576K
2016-07-04T18:49:18.368-0530: 32.956: [GC (Allocation Failure) 32.956: [ParNew
Desired survivor size 20112992 bytes, new threshold 4 (max 8)
- age   1:   12156944 bytes,   12156944 total
- age   2:    4492688 bytes,   16649632 total
- age   3:     994552 bytes,   17644184 total
- age   4:    4658600 bytes,   22302784 total
: 109248K->21824K(109248K), 0.0272295 secs] 326195K->251008K(502464K), 0.0273001 secs] [Times: user=0.03 sys=0.01, real=0.03 secs] 
Heap after GC invocations=13 (full 2):
 par new generation   total 109248K, used 21824K [0x00000007a0000000, 0x00000007a8000000, 0x00000007a8000000)
  eden space 87424K,   0% used [0x00000007a0000000, 0x00000007a0000000, 0x00000007a5560000)
  from space 21824K, 100% used [0x00000007a6ab0000, 0x00000007a8000000, 0x00000007a8000000)
  to   space 21824K,   0% used [0x00000007a5560000, 0x00000007a5560000, 0x00000007a6ab0000)
 concurrent mark-sweep generation total 393216K, used 229184K [0x00000007a8000000, 0x00000007c0000000, 0x00000007c0000000)
 Metaspace       used 27012K, capacity 27340K, committed 27772K, reserved 1073152K
  class space    used 3248K, capacity 3327K, committed 3452K, reserved 1048576K
}
2016-07-04T18:49:18.395-0530: 32.983: Total time for which application threads were stopped: 0.0274654 seconds
{Heap before GC invocations=13 (full 2):
 par new generation   total 109248K, used 109248K [0x00000007a0000000, 0x00000007a8000000, 0x00000007a8000000)
  eden space 87424K, 100% used [0x00000007a0000000, 0x00000007a5560000, 0x00000007a5560000)
  from space 21824K, 100% used [0x00000007a6ab0000, 0x00000007a8000000, 0x00000007a8000000)
  to   space 21824K,   0% used [0x00000007a5560000, 0x00000007a5560000, 0x00000007a6ab0000)
 concurrent mark-sweep generation total 393216K, used 229184K [0x00000007a8000000, 0x00000007c0000000, 0x00000007c0000000)
 Metaspace       used 27018K, capacity 27340K, committed 27772K, reserved 1073152K
  class space    used 3248K, capacity 3327K, committed 3452K, reserved 1048576K
2016-07-04T18:49:18.430-0530: 33.019: [GC (Allocation Failure) 33.019: [ParNew
Desired survivor size 20112992 bytes, new threshold 3 (max 8)
- age   1:   13891440 bytes,   13891440 total
- age   2:    2919864 bytes,   16811304 total
- age   3:    4492688 bytes,   21303992 total
- age   4:     994552 bytes,   22298544 total
: 109248K->21824K(109248K), 0.0364141 secs] 338432K->268330K(502464K), 0.0364803 secs] [Times: user=0.04 sys=0.02, real=0.03 secs] 
Heap after GC invocations=14 (full 2):
 par new generation   total 109248K, used 21824K [0x00000007a0000000, 0x00000007a8000000, 0x00000007a8000000)
  eden space 87424K,   0% used [0x00000007a0000000, 0x00000007a0000000, 0x00000007a5560000)
  from space 21824K, 100% used [0x00000007a5560000, 0x00000007a6ab0000, 0x00000007a6ab0000)
  to   space 21824K,   0% used [0x00000007a6ab0000, 0x00000007a6ab0000, 0x00000007a8000000)
 concurrent mark-sweep generation total 393216K, used 246506K [0x00000007a8000000, 0x00000007c0000000, 0x00000007c0000000)
 Metaspace       used 27018K, capacity 27340K, committed 27772K, reserved 1073152K
  class space    used 3248K, capacity 3327K, committed 3452K, reserved 1048576K
}
2016-07-04T18:49:18.467-0530: 33.055: Total time for which application threads were stopped: 0.0366673 seconds
2016-07-04T18:49:18.467-0530: 33.055: [CMS-concurrent-abortable-preclean: 0.031/0.121 secs] [Times: user=0.15 sys=0.05, real=0.12 secs] 
2016-07-04T18:49:18.467-0530: 33.055: [GC (CMS Final Remark) [YG occupancy: 23580 K (109248 K)]{Heap before GC invocations=14 (full 2):
 par new generation   total 109248K, used 23580K [0x00000007a0000000, 0x00000007a8000000, 0x00000007a8000000)
  eden space 87424K,   2% used [0x00000007a0000000, 0x00000007a01b7248, 0x00000007a5560000)
  from space 21824K, 100% used [0x00000007a5560000, 0x00000007a6ab0000, 0x00000007a6ab0000)
  to   space 21824K,   0% used [0x00000007a6ab0000, 0x00000007a6ab0000, 0x00000007a8000000)
 concurrent mark-sweep generation total 393216K, used 246506K [0x00000007a8000000, 0x00000007c0000000, 0x00000007c0000000)
 Metaspace       used 27018K, capacity 27340K, committed 27772K, reserved 1073152K
  class space    used 3248K, capacity 3327K, committed 3452K, reserved 1048576K
2016-07-04T18:49:18.467-0530: 33.055: [GC (CMS Final Remark) 33.055: [ParNew
Desired survivor size 20112992 bytes, new threshold 8 (max 8)
- age   1:      86376 bytes,      86376 total
- age   2:   12878784 bytes,   12965160 total
- age   3:    2919864 bytes,   15885024 total
: 23580K->21824K(109248K), 0.0178328 secs] 270086K->274624K(502464K), 0.0178789 secs] [Times: user=0.02 sys=0.00, real=0.02 secs] 
Heap after GC invocations=15 (full 2):
 par new generation   total 109248K, used 21824K [0x00000007a0000000, 0x00000007a8000000, 0x00000007a8000000)
  eden space 87424K,   0% used [0x00000007a0000000, 0x00000007a0000000, 0x00000007a5560000)
  from space 21824K, 100% used [0x00000007a6ab0000, 0x00000007a8000000, 0x00000007a8000000)
  to   space 21824K,   0% used [0x00000007a5560000, 0x00000007a5560000, 0x00000007a6ab0000)
 concurrent mark-sweep generation total 393216K, used 252800K [0x00000007a8000000, 0x00000007c0000000, 0x00000007c0000000)
 Metaspace       used 27018K, capacity 27340K, committed 27772K, reserved 1073152K
  class space    used 3248K, capacity 3327K, committed 3452K, reserved 1048576K
}
33.073: [Rescan (parallel) , 0.0033309 secs]33.077: [weak refs processing, 0.0006720 secs]33.077: [class unloading, 0.0497825 secs]33.127: [scrub symbol table, 0.0096947 secs]33.137: [scrub string table, 0.0004015 secs][1 CMS-remark: 252800K(393216K)] 274624K(502464K), 0.0853726 secs] [Times: user=0.05 sys=0.04, real=0.09 secs] 
2016-07-04T18:49:18.553-0530: 33.141: Total time for which application threads were stopped: 0.0855611 seconds
2016-07-04T18:49:18.553-0530: 33.141: [CMS-concurrent-sweep-start]
2016-07-04T18:49:18.577-0530: 33.165: [CMS-concurrent-sweep: 0.024/0.024 secs] [Times: user=0.03 sys=0.01, real=0.02 secs] 
2016-07-04T18:49:18.577-0530: 33.165: [CMS-concurrent-reset-start]
2016-07-04T18:49:18.579-0530: 33.167: [CMS-concurrent-reset: 0.003/0.003 secs] [Times: user=0.00 sys=0.01, real=0.00 secs] 
{Heap before GC invocations=15 (full 2):
 par new generation   total 109248K, used 109248K [0x00000007a0000000, 0x00000007a8000000, 0x00000007a8000000)
  eden space 87424K, 100% used [0x00000007a0000000, 0x00000007a5560000, 0x00000007a5560000)
  from space 21824K, 100% used [0x00000007a6ab0000, 0x00000007a8000000, 0x00000007a8000000)
  to   space 21824K,   0% used [0x00000007a5560000, 0x00000007a5560000, 0x00000007a6ab0000)
 concurrent mark-sweep generation total 393216K, used 247750K [0x00000007a8000000, 0x00000007c0000000, 0x00000007c0000000)
 Metaspace       used 27017K, capacity 27338K, committed 27772K, reserved 1073152K
  class space    used 3247K, capacity 3326K, committed 3452K, reserved 1048576K
2016-07-04T18:49:18.582-0530: 33.171: [GC (Allocation Failure) 33.171: [ParNew
Desired survivor size 20112992 bytes, new threshold 4 (max 8)
- age   1:   12849552 bytes,   12849552 total
- age   2:      86376 bytes,   12935928 total
- age   3:    6373808 bytes,   19309736 total
- age   4:    2919864 bytes,   22229600 total
: 109248K->21824K(109248K), 0.0155699 secs] 356998K->280665K(502464K), 0.0156638 secs] [Times: user=0.03 sys=0.01, real=0.01 secs] 
Heap after GC invocations=16 (full 2):
 par new generation   total 109248K, used 21824K [0x00000007a0000000, 0x00000007a8000000, 0x00000007a8000000)
  eden space 87424K,   0% used [0x00000007a0000000, 0x00000007a0000000, 0x00000007a5560000)
  from space 21824K, 100% used [0x00000007a5560000, 0x00000007a6ab0000, 0x00000007a6ab0000)
  to   space 21824K,   0% used [0x00000007a6ab0000, 0x00000007a6ab0000, 0x00000007a8000000)
 concurrent mark-sweep generation total 393216K, used 258841K [0x00000007a8000000, 0x00000007c0000000, 0x00000007c0000000)
 Metaspace       used 27017K, capacity 27338K, committed 27772K, reserved 1073152K
  class space    used 3247K, capacity 3326K, committed 3452K, reserved 1048576K
}
2016-07-04T18:49:18.598-0530: 33.186: Total time for which application threads were stopped: 0.0158607 seconds
2016-07-04T18:49:18.598-0530: 33.186: [GC (CMS Initial Mark) [1 CMS-initial-mark: 258841K(393216K)] 282408K(502464K), 0.0008483 secs] [Times: user=0.00 sys=0.00, real=0.00 secs] 
2016-07-04T18:49:18.599-0530: 33.187: Total time for which application threads were stopped: 0.0009497 seconds
2016-07-04T18:49:18.599-0530: 33.187: [CMS-concurrent-mark-start]
2016-07-04T18:49:18.609-0530: 33.197: Total time for which application threads were stopped: 0.0000773 seconds
2016-07-04T18:49:18.620-0530: 33.208: [CMS-concurrent-mark: 0.020/0.021 secs] [Times: user=0.07 sys=0.00, real=0.03 secs] 
2016-07-04T18:49:18.620-0530: 33.208: [CMS-concurrent-preclean-start]
2016-07-04T18:49:18.621-0530: 33.210: [CMS-concurrent-preclean: 0.001/0.001 secs] [Times: user=0.01 sys=0.00, real=0.00 secs] 
2016-07-04T18:49:18.621-0530: 33.210: [CMS-concurrent-abortable-preclean-start]
2016-07-04T18:49:18.683-0530: 33.271: Total time for which application threads were stopped: 0.0000886 seconds
2016-07-04T18:49:18.709-0530: 33.297: Total time for which application threads were stopped: 0.0000892 seconds
2016-07-04T18:49:18.733-0530: 33.322: Total time for which application threads were stopped: 0.0000816 seconds
2016-07-04T18:49:18.733-0530: 33.322: Total time for which application threads were stopped: 0.0000360 seconds
2016-07-04T18:49:18.794-0530: 33.382: Total time for which application threads were stopped: 0.0001514 seconds
2016-07-04T18:49:18.794-0530: 33.382: Total time for which application threads were stopped: 0.0000801 seconds
2016-07-04T18:49:18.796-0530: 33.384: Total time for which application threads were stopped: 0.0001446 seconds
2016-07-04T18:49:18.796-0530: 33.384: Total time for which application threads were stopped: 0.0000747 seconds
2016-07-04T18:49:18.796-0530: 33.384: Total time for which application threads were stopped: 0.0000584 seconds
2016-07-04T18:49:18.796-0530: 33.384: Total time for which application threads were stopped: 0.0000618 seconds
2016-07-04T18:49:18.796-0530: 33.384: Total time for which application threads were stopped: 0.0000539 seconds
2016-07-04T18:49:18.796-0530: 33.384: Total time for which application threads were stopped: 0.0000936 seconds
2016-07-04T18:49:18.797-0530: 33.385: Total time for which application threads were stopped: 0.0000753 seconds
2016-07-04T18:49:18.797-0530: 33.385: Total time for which application threads were stopped: 0.0000600 seconds
2016-07-04T18:49:18.797-0530: 33.385: Total time for which application threads were stopped: 0.0000567 seconds
2016-07-04T18:49:18.797-0530: 33.385: Total time for which application threads were stopped: 0.0000507 seconds
2016-07-04T18:49:18.799-0530: 33.387: Total time for which application threads were stopped: 0.0001007 seconds
2016-07-04T18:49:18.799-0530: 33.387: Total time for which application threads were stopped: 0.0000651 seconds
2016-07-04T18:49:18.799-0530: 33.387: Total time for which application threads were stopped: 0.0000559 seconds
2016-07-04T18:49:18.875-0530: 33.463: Total time for which application threads were stopped: 0.0000714 seconds
2016-07-04T18:49:18.875-0530: 33.463: Total time for which application threads were stopped: 0.0000390 seconds
2016-07-04T18:49:19.032-0530: 33.620: Total time for which application threads were stopped: 0.0000924 seconds
2016-07-04T18:49:19.032-0530: 33.620: Total time for which application threads were stopped: 0.0000518 seconds
2016-07-04T18:49:19.032-0530: 33.621: Total time for which application threads were stopped: 0.0000483 seconds
2016-07-04T18:49:19.032-0530: 33.621: Total time for which application threads were stopped: 0.0000616 seconds
2016-07-04T18:49:19.033-0530: 33.621: Total time for which application threads were stopped: 0.0000903 seconds
2016-07-04T18:49:19.033-0530: 33.622: Total time for which application threads were stopped: 0.0000560 seconds
2016-07-04T18:49:19.033-0530: 33.622: Total time for which application threads were stopped: 0.0000470 seconds
2016-07-04T18:49:19.063-0530: 33.652: Total time for which application threads were stopped: 0.0001020 seconds
2016-07-04T18:49:19.098-0530: 33.686: Total time for which application threads were stopped: 0.0000962 seconds
2016-07-04T18:49:19.098-0530: 33.686: Total time for which application threads were stopped: 0.0000523 seconds
2016-07-04T18:49:19.098-0530: 33.686: Total time for which application threads were stopped: 0.0000591 seconds
2016-07-04T18:49:19.172-0530: 33.760: Total time for which application threads were stopped: 0.0000845 seconds
2016-07-04T18:49:19.565-0530: 34.153: Total time for which application threads were stopped: 0.0000992 seconds
2016-07-04T18:49:19.565-0530: 34.153: Total time for which application threads were stopped: 0.0000465 seconds
2016-07-04T18:49:19.612-0530: 34.200: Total time for which application threads were stopped: 0.0000738 seconds
2016-07-04T18:49:19.768-0530: 34.356: Total time for which application threads were stopped: 0.0001081 seconds
2016-07-04T18:49:19.768-0530: 34.356: Total time for which application threads were stopped: 0.0000361 seconds
2016-07-04T18:49:19.768-0530: 34.356: Total time for which application threads were stopped: 0.0000474 seconds
2016-07-04T18:49:19.768-0530: 34.356: Total time for which application threads were stopped: 0.0000323 seconds
2016-07-04T18:49:19.768-0530: 34.356: Total time for which application threads were stopped: 0.0000323 seconds
2016-07-04T18:49:19.775-0530: 34.364: Total time for which application threads were stopped: 0.0001031 seconds
{Heap before GC invocations=16 (full 3):
 par new generation   total 109248K, used 103343K [0x00000007a0000000, 0x00000007a8000000, 0x00000007a8000000)
  eden space 87424K,  93% used [0x00000007a0000000, 0x00000007a4f9bdf8, 0x00000007a5560000)
  from space 21824K, 100% used [0x00000007a5560000, 0x00000007a6ab0000, 0x00000007a6ab0000)
  to   space 21824K,   0% used [0x00000007a6ab0000, 0x00000007a6ab0000, 0x00000007a8000000)
 concurrent mark-sweep generation total 393216K, used 258841K [0x00000007a8000000, 0x00000007c0000000, 0x00000007c0000000)
 Metaspace       used 28744K, capacity 29054K, committed 29564K, reserved 1075200K
  class space    used 3484K, capacity 3592K, committed 3708K, reserved 1048576K
2016-07-04T18:49:20.061-0530: 34.650: [GC (Allocation Failure) 34.650: [ParNew
Desired survivor size 20112992 bytes, new threshold 8 (max 8)
- age   1:   11397488 bytes,   11397488 total
- age   2:    1803120 bytes,   13200608 total
- age   3:      86376 bytes,   13286984 total
- age   4:    6373792 bytes,   19660776 total
: 103343K->21824K(109248K), 0.0320215 secs] 362185K->306210K(502464K), 0.0320947 secs] [Times: user=0.10 sys=0.02, real=0.03 secs] 
Heap after GC invocations=17 (full 3):
 par new generation   total 109248K, used 21824K [0x00000007a0000000, 0x00000007a8000000, 0x00000007a8000000)
  eden space 87424K,   0% used [0x00000007a0000000, 0x00000007a0000000, 0x00000007a5560000)
  from space 21824K, 100% used [0x00000007a6ab0000, 0x00000007a8000000, 0x00000007a8000000)
  to   space 21824K,   0% used [0x00000007a5560000, 0x00000007a5560000, 0x00000007a6ab0000)
 concurrent mark-sweep generation total 393216K, used 284386K [0x00000007a8000000, 0x00000007c0000000, 0x00000007c0000000)
 Metaspace       used 28744K, capacity 29054K, committed 29564K, reserved 1075200K
  class space    used 3484K, capacity 3592K, committed 3708K, reserved 1048576K
}
2016-07-04T18:49:20.094-0530: 34.682: Total time for which application threads were stopped: 0.0323110 seconds
2016-07-04T18:49:20.094-0530: 34.682: [CMS-concurrent-abortable-preclean: 0.182/1.472 secs] [Times: user=2.72 sys=0.15, real=1.47 secs] 
2016-07-04T18:49:20.095-0530: 34.683: [GC (CMS Final Remark) [YG occupancy: 28946 K (109248 K)]{Heap before GC invocations=17 (full 3):
 par new generation   total 109248K, used 28946K [0x00000007a0000000, 0x00000007a8000000, 0x00000007a8000000)
  eden space 87424K,   8% used [0x00000007a0000000, 0x00000007a06f4808, 0x00000007a5560000)
  from space 21824K, 100% used [0x00000007a6ab0000, 0x00000007a8000000, 0x00000007a8000000)
  to   space 21824K,   0% used [0x00000007a5560000, 0x00000007a5560000, 0x00000007a6ab0000)
 concurrent mark-sweep generation total 393216K, used 284386K [0x00000007a8000000, 0x00000007c0000000, 0x00000007c0000000)
 Metaspace       used 28744K, capacity 29054K, committed 29564K, reserved 1075200K
  class space    used 3484K, capacity 3592K, committed 3708K, reserved 1048576K
2016-07-04T18:49:20.095-0530: 34.683: [GC (CMS Final Remark) 34.683: [ParNew
Desired survivor size 20112992 bytes, new threshold 8 (max 8)
- age   2:   11397488 bytes,   11397488 total
- age   3:    1803120 bytes,   13200608 total
- age   4:      86376 bytes,   13286984 total
- age   5:    6373792 bytes,   19660776 total
: 28946K->21824K(109248K), 0.0273224 secs] 313332K->313332K(502464K), 0.0273658 secs] [Times: user=0.09 sys=0.00, real=0.03 secs] 
Heap after GC invocations=18 (full 3):
 par new generation   total 109248K, used 21824K [0x00000007a0000000, 0x00000007a8000000, 0x00000007a8000000)
  eden space 87424K,   0% used [0x00000007a0000000, 0x00000007a0000000, 0x00000007a5560000)
  from space 21824K, 100% used [0x00000007a5560000, 0x00000007a6ab0000, 0x00000007a6ab0000)
  to   space 21824K,   0% used [0x00000007a6ab0000, 0x00000007a6ab0000, 0x00000007a8000000)
 concurrent mark-sweep generation total 393216K, used 291508K [0x00000007a8000000, 0x00000007c0000000, 0x00000007c0000000)
 Metaspace       used 28744K, capacity 29054K, committed 29564K, reserved 1075200K
  class space    used 3484K, capacity 3592K, committed 3708K, reserved 1048576K
}
34.710: [Rescan (parallel) , 0.0107848 secs]34.721: [weak refs processing, 0.0007647 secs]34.722: [class unloading, 0.0103639 secs]34.732: [scrub symbol table, 0.0042260 secs]34.737: [scrub string table, 0.0004030 secs][1 CMS-remark: 291508K(393216K)] 313332K(502464K), 0.0568760 secs] [Times: user=0.15 sys=0.00, real=0.06 secs] 
2016-07-04T18:49:20.152-0530: 34.740: Total time for which application threads were stopped: 0.0578360 seconds
2016-07-04T18:49:20.152-0530: 34.740: [CMS-concurrent-sweep-start]
2016-07-04T18:49:20.171-0530: 34.759: [CMS-concurrent-sweep: 0.019/0.019 secs] [Times: user=0.05 sys=0.01, real=0.02 secs] 
2016-07-04T18:49:20.171-0530: 34.759: [CMS-concurrent-reset-start]
2016-07-04T18:49:20.171-0530: 34.760: [CMS-concurrent-reset: 0.000/0.000 secs] [Times: user=0.00 sys=0.00, real=0.00 secs] 
{Heap before GC invocations=18 (full 3):
 par new generation   total 109248K, used 96628K [0x00000007a0000000, 0x00000007a8000000, 0x00000007a8000000)
  eden space 87424K,  85% used [0x00000007a0000000, 0x00000007a490d020, 0x00000007a5560000)
  from space 21824K, 100% used [0x00000007a5560000, 0x00000007a6ab0000, 0x00000007a6ab0000)
  to   space 21824K,   0% used [0x00000007a6ab0000, 0x00000007a6ab0000, 0x00000007a8000000)
 concurrent mark-sweep generation total 393216K, used 291414K [0x00000007a8000000, 0x00000007c0000000, 0x00000007c0000000)
 Metaspace       used 28744K, capacity 29054K, committed 29564K, reserved 1075200K
  class space    used 3484K, capacity 3592K, committed 3708K, reserved 1048576K
2016-07-04T18:49:20.666-0530: 35.254: [GC (Allocation Failure) 35.254: [ParNew
Desired survivor size 20112992 bytes, new threshold 8 (max 8)
- age   1:    7499216 bytes,    7499216 total
- age   3:    4764432 bytes,   12263648 total
- age   4:    1786072 bytes,   14049720 total
- age   5:      86376 bytes,   14136096 total
- age   6:    4602192 bytes,   18738288 total
: 96628K->21824K(109248K), 0.1591955 secs] 388042K->354376K(502464K), 0.1592916 secs] [Times: user=0.34 sys=0.02, real=0.16 secs] 
Heap after GC invocations=19 (full 3):
 par new generation   total 109248K, used 21824K [0x00000007a0000000, 0x00000007a8000000, 0x00000007a8000000)
  eden space 87424K,   0% used [0x00000007a0000000, 0x00000007a0000000, 0x00000007a5560000)
  from space 21824K, 100% used [0x00000007a6ab0000, 0x00000007a8000000, 0x00000007a8000000)
  to   space 21824K,   0% used [0x00000007a5560000, 0x00000007a5560000, 0x00000007a6ab0000)
 concurrent mark-sweep generation total 393216K, used 332552K [0x00000007a8000000, 0x00000007c0000000, 0x00000007c0000000)
 Metaspace       used 28744K, capacity 29054K, committed 29564K, reserved 1075200K
  class space    used 3484K, capacity 3592K, committed 3708K, reserved 1048576K
}
2016-07-04T18:49:20.825-0530: 35.413: Total time for which application threads were stopped: 0.1594842 seconds
2016-07-04T18:49:20.829-0530: 35.417: [GC (CMS Initial Mark) [1 CMS-initial-mark: 332552K(393216K)] 376476K(502464K), 0.0039360 secs] [Times: user=0.01 sys=0.00, real=0.01 secs] 
2016-07-04T18:49:20.833-0530: 35.421: Total time for which application threads were stopped: 0.0080626 seconds
2016-07-04T18:49:20.833-0530: 35.421: [CMS-concurrent-mark-start]
2016-07-04T18:49:20.874-0530: 35.462: [CMS-concurrent-mark: 0.041/0.041 secs] [Times: user=0.12 sys=0.01, real=0.04 secs] 
2016-07-04T18:49:20.874-0530: 35.462: [CMS-concurrent-preclean-start]
2016-07-04T18:49:20.876-0530: 35.464: [CMS-concurrent-preclean: 0.002/0.002 secs] [Times: user=0.00 sys=0.00, real=0.00 secs] 
2016-07-04T18:49:20.876-0530: 35.464: [CMS-concurrent-abortable-preclean-start]
{Heap before GC invocations=19 (full 4):
 par new generation   total 109248K, used 87952K [0x00000007a0000000, 0x00000007a8000000, 0x00000007a8000000)
  eden space 87424K,  75% used [0x00000007a0000000, 0x00000007a4094110, 0x00000007a5560000)
  from space 21824K, 100% used [0x00000007a6ab0000, 0x00000007a8000000, 0x00000007a8000000)
  to   space 21824K,   0% used [0x00000007a5560000, 0x00000007a5560000, 0x00000007a6ab0000)
 concurrent mark-sweep generation total 393216K, used 332552K [0x00000007a8000000, 0x00000007c0000000, 0x00000007c0000000)
 Metaspace       used 28744K, capacity 29054K, committed 29564K, reserved 1075200K
  class space    used 3484K, capacity 3592K, committed 3708K, reserved 1048576K
2016-07-04T18:49:21.290-0530: 35.878: [GC (Allocation Failure) 35.878: [ParNew2016-07-04T18:49:21.325-0530: 35.914: [CMS-concurrent-abortable-preclean: 0.246/0.449 secs] [Times: user=0.67 sys=0.04, real=0.45 secs] 
 (promotion failed): 87952K->87952K(109248K), 0.2702074 secs]36.148: [CMS (concurrent mode failure): 392566K->354806K(393216K), 0.4772745 secs] 420504K->354806K(502464K), [Metaspace: 28744K->28744K(1075200K)], 0.7477307 secs] [Times: user=0.90 sys=0.10, real=0.74 secs] 
Heap after GC invocations=20 (full 5):
 par new generation   total 109248K, used 0K [0x00000007a0000000, 0x00000007a8000000, 0x00000007a8000000)
  eden space 87424K,   0% used [0x00000007a0000000, 0x00000007a0000000, 0x00000007a5560000)
  from space 21824K,   0% used [0x00000007a5560000, 0x00000007a5560000, 0x00000007a6ab0000)
  to   space 21824K,   0% used [0x00000007a6ab0000, 0x00000007a6ab0000, 0x00000007a8000000)
 concurrent mark-sweep generation total 393216K, used 354806K [0x00000007a8000000, 0x00000007c0000000, 0x00000007c0000000)
 Metaspace       used 28744K, capacity 29054K, committed 29564K, reserved 1075200K
  class space    used 3484K, capacity 3592K, committed 3708K, reserved 1048576K
}
2016-07-04T18:49:22.038-0530: 36.626: Total time for which application threads were stopped: 0.7479610 seconds
{Heap before GC invocations=20 (full 5):
 par new generation   total 109248K, used 59730K [0x00000007a0000000, 0x00000007a8000000, 0x00000007a8000000)
  eden space 87424K,  68% used [0x00000007a0000000, 0x00000007a3a54a18, 0x00000007a5560000)
  from space 21824K,   0% used [0x00000007a5560000, 0x00000007a5560000, 0x00000007a6ab0000)
  to   space 21824K,   0% used [0x00000007a6ab0000, 0x00000007a6ab0000, 0x00000007a8000000)
 concurrent mark-sweep generation total 393216K, used 354806K [0x00000007a8000000, 0x00000007c0000000, 0x00000007c0000000)
 Metaspace       used 28744K, capacity 29054K, committed 29564K, reserved 1075200K
  class space    used 3484K, capacity 3592K, committed 3708K, reserved 1048576K
2016-07-04T18:49:22.174-0530: 36.762: [GC (Allocation Failure) 36.763: [ParNew: 59730K->59730K(109248K), 0.0000408 secs]36.763: [CMS: 354806K->374761K(393216K), 0.3150820 secs] 414537K->374761K(502464K), [Metaspace: 28744K->28744K(1075200K)], 0.3155664 secs] [Times: user=0.25 sys=0.00, real=0.31 secs] 
Heap after GC invocations=21 (full 6):
 par new generation   total 109248K, used 0K [0x00000007a0000000, 0x00000007a8000000, 0x00000007a8000000)
  eden space 87424K,   0% used [0x00000007a0000000, 0x00000007a0000000, 0x00000007a5560000)
  from space 21824K,   0% used [0x00000007a5560000, 0x00000007a5560000, 0x00000007a6ab0000)
  to   space 21824K,   0% used [0x00000007a6ab0000, 0x00000007a6ab0000, 0x00000007a8000000)
 concurrent mark-sweep generation total 393216K, used 374761K [0x00000007a8000000, 0x00000007c0000000, 0x00000007c0000000)
 Metaspace       used 28744K, capacity 29054K, committed 29564K, reserved 1075200K
  class space    used 3484K, capacity 3592K, committed 3708K, reserved 1048576K
}
2016-07-04T18:49:22.490-0530: 37.078: Total time for which application threads were stopped: 0.3158393 seconds
2016-07-04T18:49:22.497-0530: 37.085: [GC (CMS Initial Mark) [1 CMS-initial-mark: 374761K(393216K)] 410816K(502464K), 0.0426553 secs] [Times: user=0.04 sys=0.01, real=0.05 secs] 
2016-07-04T18:49:22.540-0530: 37.128: Total time for which application threads were stopped: 0.0500829 seconds
2016-07-04T18:49:22.540-0530: 37.128: [CMS-concurrent-mark-start]
2016-07-04T18:49:22.627-0530: 37.215: [CMS-concurrent-mark: 0.087/0.087 secs] [Times: user=0.23 sys=0.00, real=0.08 secs] 
2016-07-04T18:49:22.627-0530: 37.215: [CMS-concurrent-preclean-start]
2016-07-04T18:49:22.630-0530: 37.218: [CMS-concurrent-preclean: 0.003/0.003 secs] [Times: user=0.00 sys=0.00, real=0.01 secs] 
2016-07-04T18:49:22.630-0530: 37.218: [CMS-concurrent-abortable-preclean-start]
2016-07-04T18:49:22.630-0530: 37.218: [CMS-concurrent-abortable-preclean: 0.000/0.000 secs] [Times: user=0.00 sys=0.00, real=0.00 secs] 
2016-07-04T18:49:22.630-0530: 37.219: [GC (CMS Final Remark) [YG occupancy: 37698 K (109248 K)]{Heap before GC invocations=21 (full 7):
 par new generation   total 109248K, used 37698K [0x00000007a0000000, 0x00000007a8000000, 0x00000007a8000000)
  eden space 87424K,  43% used [0x00000007a0000000, 0x00000007a24d0a68, 0x00000007a5560000)
  from space 21824K,   0% used [0x00000007a5560000, 0x00000007a5560000, 0x00000007a6ab0000)
  to   space 21824K,   0% used [0x00000007a6ab0000, 0x00000007a6ab0000, 0x00000007a8000000)
 concurrent mark-sweep generation total 393216K, used 374761K [0x00000007a8000000, 0x00000007c0000000, 0x00000007c0000000)
 Metaspace       used 28744K, capacity 29054K, committed 29564K, reserved 1075200K
  class space    used 3484K, capacity 3592K, committed 3708K, reserved 1048576K
2016-07-04T18:49:22.631-0530: 37.219: [GC (CMS Final Remark) 37.219: [ParNew: 37698K->37698K(109248K), 0.0000202 secs] 412460K->412460K(502464K), 0.0000469 secs] [Times: user=0.00 sys=0.00, real=0.00 secs] 
Heap after GC invocations=22 (full 7):
 par new generation   total 109248K, used 37698K [0x00000007a0000000, 0x00000007a8000000, 0x00000007a8000000)
  eden space 87424K,  43% used [0x00000007a0000000, 0x00000007a24d0a68, 0x00000007a5560000)
  from space 21824K,   0% used [0x00000007a5560000, 0x00000007a5560000, 0x00000007a6ab0000)
  to   space 21824K,   0% used [0x00000007a6ab0000, 0x00000007a6ab0000, 0x00000007a8000000)
 concurrent mark-sweep generation total 393216K, used 374761K [0x00000007a8000000, 0x00000007c0000000, 0x00000007c0000000)
 Metaspace       used 28744K, capacity 29054K, committed 29564K, reserved 1075200K
  class space    used 3484K, capacity 3592K, committed 3708K, reserved 1048576K
}
37.219: [Rescan (parallel) , 0.0745725 secs]37.294: [weak refs processing, 0.0008854 secs]37.294: [class unloading, 0.0111835 secs]37.306: [scrub symbol table, 0.0056286 secs]37.311: [scrub string table, 0.0004324 secs][1 CMS-remark: 374761K(393216K)] 412460K(502464K), 0.0950683 secs] [Times: user=0.27 sys=0.00, real=0.09 secs] 
2016-07-04T18:49:22.726-0530: 37.314: Total time for which application threads were stopped: 0.0952595 seconds
2016-07-04T18:49:22.726-0530: 37.314: [CMS-concurrent-sweep-start]
2016-07-04T18:49:22.744-0530: 37.332: [CMS-concurrent-sweep: 0.018/0.018 secs] [Times: user=0.03 sys=0.00, real=0.02 secs] 
2016-07-04T18:49:22.744-0530: 37.332: [CMS-concurrent-reset-start]
2016-07-04T18:49:22.744-0530: 37.333: [CMS-concurrent-reset: 0.000/0.000 secs] [Times: user=0.00 sys=0.00, real=0.00 secs] 
{Heap before GC invocations=22 (full 7):
 par new generation   total 109248K, used 40984K [0x00000007a0000000, 0x00000007a8000000, 0x00000007a8000000)
  eden space 87424K,  46% used [0x00000007a0000000, 0x00000007a2806320, 0x00000007a5560000)
  from space 21824K,   0% used [0x00000007a5560000, 0x00000007a5560000, 0x00000007a6ab0000)
  to   space 21824K,   0% used [0x00000007a6ab0000, 0x00000007a6ab0000, 0x00000007a8000000)
 concurrent mark-sweep generation total 393216K, used 374761K [0x00000007a8000000, 0x00000007c0000000, 0x00000007c0000000)
 Metaspace       used 28744K, capacity 29054K, committed 29564K, reserved 1075200K
  class space    used 3484K, capacity 3592K, committed 3708K, reserved 1048576K
2016-07-04T18:49:23.105-0530: 37.694: [GC (Allocation Failure) 37.694: [ParNew: 40984K->40984K(109248K), 0.0000203 secs]37.694: [CMS: 374761K->389387K(393216K), 0.2879104 secs] 415746K->389387K(502464K), [Metaspace: 28744K->28744K(1075200K)], 0.2880211 secs] [Times: user=0.28 sys=0.00, real=0.29 secs] 
Heap after GC invocations=23 (full 8):
 par new generation   total 109248K, used 0K [0x00000007a0000000, 0x00000007a8000000, 0x00000007a8000000)
  eden space 87424K,   0% used [0x00000007a0000000, 0x00000007a0000000, 0x00000007a5560000)
  from space 21824K,   0% used [0x00000007a5560000, 0x00000007a5560000, 0x00000007a6ab0000)
  to   space 21824K,   0% used [0x00000007a6ab0000, 0x00000007a6ab0000, 0x00000007a8000000)
 concurrent mark-sweep generation total 393216K, used 389387K [0x00000007a8000000, 0x00000007c0000000, 0x00000007c0000000)
 Metaspace       used 28744K, capacity 29054K, committed 29564K, reserved 1075200K
  class space    used 3484K, capacity 3592K, committed 3708K, reserved 1048576K
}
2016-07-04T18:49:23.394-0530: 37.982: Total time for which application threads were stopped: 0.2882084 seconds
2016-07-04T18:49:23.402-0530: 37.990: [GC (CMS Initial Mark) [1 CMS-initial-mark: 389387K(393216K)] 439113K(502464K), 0.0010002 secs] [Times: user=0.00 sys=0.00, real=0.00 secs] 
2016-07-04T18:49:23.403-0530: 37.991: Total time for which application threads were stopped: 0.0092821 seconds
2016-07-04T18:49:23.403-0530: 37.991: [CMS-concurrent-mark-start]
{Heap before GC invocations=23 (full 9):
 par new generation   total 109248K, used 63799K [0x00000007a0000000, 0x00000007a8000000, 0x00000007a8000000)
  eden space 87424K,  72% used [0x00000007a0000000, 0x00000007a3e4dee8, 0x00000007a5560000)
  from space 21824K,   0% used [0x00000007a5560000, 0x00000007a5560000, 0x00000007a6ab0000)
  to   space 21824K,   0% used [0x00000007a6ab0000, 0x00000007a6ab0000, 0x00000007a8000000)
 concurrent mark-sweep generation total 393216K, used 389387K [0x00000007a8000000, 0x00000007c0000000, 0x00000007c0000000)
 Metaspace       used 28744K, capacity 29054K, committed 29564K, reserved 1075200K
  class space    used 3484K, capacity 3592K, committed 3708K, reserved 1048576K
2016-07-04T18:49:23.413-0530: 38.002: [GC (Allocation Failure) 38.067: [ParNew: 63799K->63799K(109248K), 0.0001028 secs]38.068: [CMS2016-07-04T18:49:23.567-0530: 38.155: [CMS-concurrent-mark: 0.098/0.164 secs] [Times: user=0.32 sys=0.01, real=0.16 secs] 
 (concurrent mode failure): 389387K->347949K(393216K), 0.3397513 secs] 453187K->410106K(502464K), [Metaspace: 28744K->28744K(1075200K)], 0.4057486 secs] [Times: user=0.52 sys=0.01, real=0.40 secs] 
Heap after GC invocations=24 (full 10):
 par new generation   total 109248K, used 62156K [0x00000007a0000000, 0x00000007a8000000, 0x00000007a8000000)
  eden space 87424K,  71% used [0x00000007a0000000, 0x00000007a3cb32a8, 0x00000007a5560000)
  from space 21824K,   0% used [0x00000007a5560000, 0x00000007a5560000, 0x00000007a6ab0000)
  to   space 21824K,   0% used [0x00000007a6ab0000, 0x00000007a6ab0000, 0x00000007a8000000)
 concurrent mark-sweep generation total 393216K, used 347949K [0x00000007a8000000, 0x00000007c0000000, 0x00000007c0000000)
 Metaspace       used 28744K, capacity 29054K, committed 29564K, reserved 1075200K
  class space    used 3484K, capacity 3592K, committed 3708K, reserved 1048576K
}
2016-07-04T18:49:23.819-0530: 38.407: Total time for which application threads were stopped: 0.4059390 seconds
{Heap before GC invocations=24 (full 10):
 par new generation   total 109248K, used 87424K [0x00000007a0000000, 0x00000007a8000000, 0x00000007a8000000)
  eden space 87424K, 100% used [0x00000007a0000000, 0x00000007a5560000, 0x00000007a5560000)
  from space 21824K,   0% used [0x00000007a5560000, 0x00000007a5560000, 0x00000007a6ab0000)
  to   space 21824K,   0% used [0x00000007a6ab0000, 0x00000007a6ab0000, 0x00000007a8000000)
 concurrent mark-sweep generation total 393216K, used 347949K [0x00000007a8000000, 0x00000007c0000000, 0x00000007c0000000)
 Metaspace       used 28744K, capacity 29054K, committed 29564K, reserved 1075200K
  class space    used 3484K, capacity 3592K, committed 3708K, reserved 1048576K
2016-07-04T18:49:23.907-0530: 38.496: [GC (Allocation Failure) 38.496: [ParNew (promotion failed): 87424K->101995K(109248K), 0.0357221 secs]38.532: [CMS: 385245K->368668K(393216K), 0.2547406 secs] 435373K->418779K(502464K), [Metaspace: 28744K->28744K(1075200K)], 0.2905784 secs] [Times: user=0.35 sys=0.01, real=0.29 secs] 
Heap after GC invocations=25 (full 11):
 par new generation   total 109248K, used 50111K [0x00000007a0000000, 0x00000007a8000000, 0x00000007a8000000)
  eden space 87424K,  57% used [0x00000007a0000000, 0x00000007a30efc08, 0x00000007a5560000)
  from space 21824K,   0% used [0x00000007a6ab0000, 0x00000007a6ab0000, 0x00000007a8000000)
  to   space 21824K,   0% used [0x00000007a5560000, 0x00000007a5560000, 0x00000007a6ab0000)
 concurrent mark-sweep generation total 393216K, used 368668K [0x00000007a8000000, 0x00000007c0000000, 0x00000007c0000000)
 Metaspace       used 28744K, capacity 29054K, committed 29564K, reserved 1075200K
  class space    used 3484K, capacity 3592K, committed 3708K, reserved 1048576K
}
2016-07-04T18:49:24.198-0530: 38.786: Total time for which application threads were stopped: 0.2908000 seconds
2016-07-04T18:49:24.198-0530: 38.787: [GC (CMS Initial Mark) [1 CMS-initial-mark: 368668K(393216K)] 420054K(502464K), 0.0008094 secs] [Times: user=0.00 sys=0.00, real=0.00 secs] 
2016-07-04T18:49:24.199-0530: 38.788: Total time for which application threads were stopped: 0.0010161 seconds
2016-07-04T18:49:24.199-0530: 38.788: [CMS-concurrent-mark-start]
{Heap before GC invocations=25 (full 12):
 par new generation   total 109248K, used 51385K [0x00000007a0000000, 0x00000007a8000000, 0x00000007a8000000)
  eden space 87424K,  58% used [0x00000007a0000000, 0x00000007a322e5c8, 0x00000007a5560000)
  from space 21824K,   0% used [0x00000007a6ab0000, 0x00000007a6ab0000, 0x00000007a8000000)
  to   space 21824K,   0% used [0x00000007a5560000, 0x00000007a5560000, 0x00000007a6ab0000)
 concurrent mark-sweep generation total 393216K, used 368668K [0x00000007a8000000, 0x00000007c0000000, 0x00000007c0000000)
 Metaspace       used 28744K, capacity 29054K, committed 29564K, reserved 1075200K
  class space    used 3484K, capacity 3592K, committed 3708K, reserved 1048576K
2016-07-04T18:49:24.342-0530: 38.930: [Full GC (Allocation Failure) 38.930: [CMS2016-07-04T18:49:24.343-0530: 38.931: [CMS-concurrent-mark: 0.143/0.144 secs] [Times: user=0.30 sys=0.00, real=0.15 secs] 
 (concurrent mode failure): 368668K->368668K(393216K), 0.3217279 secs] 420054K->419157K(502464K), [Metaspace: 28744K->28744K(1075200K)], 0.3219023 secs] [Times: user=0.25 sys=0.01, real=0.32 secs] 
Heap after GC invocations=26 (full 13):
 par new generation   total 109248K, used 50488K [0x00000007a0000000, 0x00000007a8000000, 0x00000007a8000000)
  eden space 87424K,  57% used [0x00000007a0000000, 0x00000007a314e250, 0x00000007a5560000)
  from space 21824K,   0% used [0x00000007a6ab0000, 0x00000007a6ab0000, 0x00000007a8000000)
  to   space 21824K,   0% used [0x00000007a5560000, 0x00000007a5560000, 0x00000007a6ab0000)
 concurrent mark-sweep generation total 393216K, used 368668K [0x00000007a8000000, 0x00000007c0000000, 0x00000007c0000000)
 Metaspace       used 28744K, capacity 29054K, committed 29564K, reserved 1075200K
  class space    used 3484K, capacity 3592K, committed 3708K, reserved 1048576K
}
{Heap before GC invocations=26 (full 13):
 par new generation   total 109248K, used 50488K [0x00000007a0000000, 0x00000007a8000000, 0x00000007a8000000)
  eden space 87424K,  57% used [0x00000007a0000000, 0x00000007a314e250, 0x00000007a5560000)
  from space 21824K,   0% used [0x00000007a6ab0000, 0x00000007a6ab0000, 0x00000007a8000000)
  to   space 21824K,   0% used [0x00000007a5560000, 0x00000007a5560000, 0x00000007a6ab0000)
 concurrent mark-sweep generation total 393216K, used 368668K [0x00000007a8000000, 0x00000007c0000000, 0x00000007c0000000)
 Metaspace       used 28744K, capacity 29054K, committed 29564K, reserved 1075200K
  class space    used 3484K, capacity 3592K, committed 3708K, reserved 1048576K
2016-07-04T18:49:24.664-0530: 39.252: [Full GC (Allocation Failure) 39.252: [CMS: 368668K->368062K(393216K), 0.3510693 secs] 419157K->418550K(502464K), [Metaspace: 28744K->28744K(1075200K)], 0.3514866 secs] [Times: user=0.32 sys=0.00, real=0.35 secs] 
Heap after GC invocations=27 (full 14):
 par new generation   total 109248K, used 50488K [0x00000007a0000000, 0x00000007a8000000, 0x00000007a8000000)
  eden space 87424K,  57% used [0x00000007a0000000, 0x00000007a314e250, 0x00000007a5560000)
  from space 21824K,   0% used [0x00000007a6ab0000, 0x00000007a6ab0000, 0x00000007a8000000)
  to   space 21824K,   0% used [0x00000007a5560000, 0x00000007a5560000, 0x00000007a6ab0000)
 concurrent mark-sweep generation total 393216K, used 368062K [0x00000007a8000000, 0x00000007c0000000, 0x00000007c0000000)
 Metaspace       used 28690K, capacity 28964K, committed 29564K, reserved 1075200K
  class space    used 3476K, capacity 3577K, committed 3708K, reserved 1048576K
}
2016-07-04T18:49:25.016-0530: 39.604: Total time for which application threads were stopped: 0.6741229 seconds
2016-07-04T18:49:26.020-0530: 40.609: Total time for which application threads were stopped: 0.0001410 seconds
2016-07-04T18:49:27.018-0530: 41.606: [GC (CMS Initial Mark) [1 CMS-initial-mark: 368062K(393216K)] 422247K(502464K), 0.0015921 secs] [Times: user=0.00 sys=0.00, real=0.00 secs] 
2016-07-04T18:49:27.019-0530: 41.608: Total time for which application threads were stopped: 0.0018064 seconds
2016-07-04T18:49:27.019-0530: 41.608: [CMS-concurrent-mark-start]
2016-07-04T18:49:27.111-0530: 41.700: [CMS-concurrent-mark: 0.092/0.092 secs] [Times: user=0.29 sys=0.01, real=0.10 secs] 
2016-07-04T18:49:27.112-0530: 41.700: [CMS-concurrent-preclean-start]
2016-07-04T18:49:27.213-0530: 41.801: [CMS-concurrent-preclean: 0.101/0.101 secs] [Times: user=0.10 sys=0.00, real=0.10 secs] 
2016-07-04T18:49:27.213-0530: 41.801: [CMS-concurrent-abortable-preclean-start]
2016-07-04T18:49:27.213-0530: 41.801: [CMS-concurrent-abortable-preclean: 0.000/0.000 secs] [Times: user=0.00 sys=0.00, real=0.00 secs] 
2016-07-04T18:49:27.213-0530: 41.802: [GC (CMS Final Remark) [YG occupancy: 54185 K (109248 K)]{Heap before GC invocations=27 (full 15):
 par new generation   total 109248K, used 54185K [0x00000007a0000000, 0x00000007a8000000, 0x00000007a8000000)
  eden space 87424K,  61% used [0x00000007a0000000, 0x00000007a34ea558, 0x00000007a5560000)
  from space 21824K,   0% used [0x00000007a6ab0000, 0x00000007a6ab0000, 0x00000007a8000000)
  to   space 21824K,   0% used [0x00000007a5560000, 0x00000007a5560000, 0x00000007a6ab0000)
 concurrent mark-sweep generation total 393216K, used 368062K [0x00000007a8000000, 0x00000007c0000000, 0x00000007c0000000)
 Metaspace       used 28890K, capacity 29156K, committed 29564K, reserved 1075200K
  class space    used 3507K, capacity 3577K, committed 3708K, reserved 1048576K
2016-07-04T18:49:27.213-0530: 41.802: [GC (CMS Final Remark) 41.802: [ParNew: 54185K->54185K(109248K), 0.0000193 secs] 422247K->422247K(502464K), 0.0000450 secs] [Times: user=0.00 sys=0.00, real=0.00 secs] 
Heap after GC invocations=28 (full 15):
 par new generation   total 109248K, used 54185K [0x00000007a0000000, 0x00000007a8000000, 0x00000007a8000000)
  eden space 87424K,  61% used [0x00000007a0000000, 0x00000007a34ea558, 0x00000007a5560000)
  from space 21824K,   0% used [0x00000007a6ab0000, 0x00000007a6ab0000, 0x00000007a8000000)
  to   space 21824K,   0% used [0x00000007a5560000, 0x00000007a5560000, 0x00000007a6ab0000)
 concurrent mark-sweep generation total 393216K, used 368062K [0x00000007a8000000, 0x00000007c0000000, 0x00000007c0000000)
 Metaspace       used 28890K, capacity 29156K, committed 29564K, reserved 1075200K
  class space    used 3507K, capacity 3577K, committed 3708K, reserved 1048576K
}
41.802: [Rescan (parallel) , 0.0021245 secs]41.804: [weak refs processing, 0.0016047 secs]41.806: [class unloading, 0.0134103 secs]41.819: [scrub symbol table, 0.0069165 secs]41.826: [scrub string table, 0.0004057 secs][1 CMS-remark: 368062K(393216K)] 422247K(502464K), 0.0269989 secs] [Times: user=0.03 sys=0.00, real=0.03 secs] 
2016-07-04T18:49:27.240-0530: 41.829: Total time for which application threads were stopped: 0.0271472 seconds
2016-07-04T18:49:27.240-0530: 41.829: [CMS-concurrent-sweep-start]
2016-07-04T18:49:27.272-0530: 41.860: [CMS-concurrent-sweep: 0.032/0.032 secs] [Times: user=0.04 sys=0.00, real=0.03 secs] 
2016-07-04T18:49:27.272-0530: 41.860: [CMS-concurrent-reset-start]
2016-07-04T18:49:27.272-0530: 41.861: [CMS-concurrent-reset: 0.000/0.000 secs] [Times: user=0.00 sys=0.00, real=0.00 secs] 
2016-07-04T18:49:29.273-0530: 43.861: [GC (CMS Initial Mark) [1 CMS-initial-mark: 233790K(393216K)] 287976K(502464K), 0.0416957 secs] [Times: user=0.00 sys=0.01, real=0.04 secs] 
2016-07-04T18:49:29.315-0530: 43.903: Total time for which application threads were stopped: 0.0418343 seconds
2016-07-04T18:49:29.315-0530: 43.903: [CMS-concurrent-mark-start]
2016-07-04T18:49:29.411-0530: 44.000: [CMS-concurrent-mark: 0.096/0.096 secs] [Times: user=0.29 sys=0.00, real=0.10 secs] 
2016-07-04T18:49:29.411-0530: 44.000: [CMS-concurrent-preclean-start]
2016-07-04T18:49:29.412-0530: 44.001: [CMS-concurrent-preclean: 0.001/0.001 secs] [Times: user=0.00 sys=0.00, real=0.00 secs] 
2016-07-04T18:49:29.412-0530: 44.001: [CMS-concurrent-abortable-preclean-start]
 CMS: abort preclean due to time 2016-07-04T18:49:35.475-0530: 50.064: [CMS-concurrent-abortable-preclean: 0.087/6.063 secs] [Times: user=0.10 sys=0.01, real=6.06 secs] 
2016-07-04T18:49:35.475-0530: 50.064: [GC (CMS Final Remark) [YG occupancy: 54185 K (109248 K)]{Heap before GC invocations=28 (full 16):
 par new generation   total 109248K, used 54185K [0x00000007a0000000, 0x00000007a8000000, 0x00000007a8000000)
  eden space 87424K,  61% used [0x00000007a0000000, 0x00000007a34ea718, 0x00000007a5560000)
  from space 21824K,   0% used [0x00000007a6ab0000, 0x00000007a6ab0000, 0x00000007a8000000)
  to   space 21824K,   0% used [0x00000007a5560000, 0x00000007a5560000, 0x00000007a6ab0000)
 concurrent mark-sweep generation total 393216K, used 233790K [0x00000007a8000000, 0x00000007c0000000, 0x00000007c0000000)
 Metaspace       used 28890K, capacity 29156K, committed 29564K, reserved 1075200K
  class space    used 3507K, capacity 3577K, committed 3708K, reserved 1048576K
2016-07-04T18:49:35.475-0530: 50.064: [GC (CMS Final Remark) 50.064: [ParNew (promotion failed): 54185K->57864K(109248K), 0.0231901 secs] 287976K->291657K(502464K), 0.0232627 secs] [Times: user=0.08 sys=0.00, real=0.02 secs] 
Heap after GC invocations=29 (full 16):
 par new generation   total 109248K, used 57864K [0x00000007a0000000, 0x00000007a8000000, 0x00000007a8000000)
  eden space 87424K,  61% used [0x00000007a0000000, 0x00000007a34ea718, 0x00000007a5560000)
  from space 21824K,  16% used [0x00000007a5560000, 0x00000007a58f7c80, 0x00000007a6ab0000)
  to   space 21824K,   0% used [0x00000007a6ab0000, 0x00000007a6ab0000, 0x00000007a8000000)
 concurrent mark-sweep generation total 393216K, used 233792K [0x00000007a8000000, 0x00000007c0000000, 0x00000007c0000000)
 Metaspace       used 28890K, capacity 29156K, committed 29564K, reserved 1075200K
  class space    used 3507K, capacity 3577K, committed 3708K, reserved 1048576K
}
50.087: [Rescan (parallel) , 0.0340170 secs]50.121: [weak refs processing, 0.0006961 secs]50.122: [class unloading, 0.0105973 secs]50.133: [scrub symbol table, 0.0051687 secs]50.138: [scrub string table, 0.0004451 secs][1 CMS-remark: 233792K(393216K)] 291657K(502464K), 0.0768433 secs] [Times: user=0.23 sys=0.00, real=0.08 secs] 
2016-07-04T18:49:35.552-0530: 50.141: Total time for which application threads were stopped: 0.0769715 seconds
2016-07-04T18:49:35.552-0530: 50.141: [CMS-concurrent-sweep-start]
2016-07-04T18:49:35.568-0530: 50.156: [CMS-concurrent-sweep: 0.015/0.015 secs] [Times: user=0.02 sys=0.00, real=0.01 secs] 
2016-07-04T18:49:35.568-0530: 50.156: [CMS-concurrent-reset-start]
2016-07-04T18:49:35.568-0530: 50.157: [CMS-concurrent-reset: 0.000/0.000 secs] [Times: user=0.00 sys=0.00, real=0.00 secs] 
2016-07-04T18:49:36.556-0530: 51.145: Total time for which application threads were stopped: 0.0001620 seconds
2016-07-04T18:49:37.569-0530: 52.158: [GC (CMS Initial Mark) [1 CMS-initial-mark: 233792K(393216K)] 291657K(502464K), 0.0021974 secs] [Times: user=0.00 sys=0.00, real=0.01 secs] 
2016-07-04T18:49:37.572-0530: 52.160: Total time for which application threads were stopped: 0.0024480 seconds
2016-07-04T18:49:37.572-0530: 52.160: [CMS-concurrent-mark-start]
2016-07-04T18:49:37.654-0530: 52.243: [CMS-concurrent-mark: 0.082/0.082 secs] [Times: user=0.32 sys=0.00, real=0.08 secs] 
2016-07-04T18:49:37.654-0530: 52.243: [CMS-concurrent-preclean-start]
2016-07-04T18:49:37.655-0530: 52.244: [CMS-concurrent-preclean: 0.001/0.001 secs] [Times: user=0.00 sys=0.00, real=0.00 secs] 
2016-07-04T18:49:37.655-0530: 52.244: [CMS-concurrent-abortable-preclean-start]
 CMS: abort preclean due to time 2016-07-04T18:49:43.748-0530: 58.337: [CMS-concurrent-abortable-preclean: 0.318/6.093 secs] [Times: user=0.33 sys=0.01, real=6.09 secs] 
2016-07-04T18:49:43.758-0530: 58.347: [GC (CMS Final Remark) [YG occupancy: 57865 K (109248 K)]{Heap before GC invocations=29 (full 17):
 par new generation   total 109248K, used 57865K [0x00000007a0000000, 0x00000007a8000000, 0x00000007a8000000)
  eden space 87424K,  61% used [0x00000007a0000000, 0x00000007a34ea8b8, 0x00000007a5560000)
  from space 21824K,  16% used [0x00000007a5560000, 0x00000007a58f7c80, 0x00000007a6ab0000)
  to   space 21824K,   0% used [0x00000007a6ab0000, 0x00000007a6ab0000, 0x00000007a8000000)
 concurrent mark-sweep generation total 393216K, used 233792K [0x00000007a8000000, 0x00000007c0000000, 0x00000007c0000000)
 Metaspace       used 28891K, capacity 29156K, committed 29564K, reserved 1075200K
  class space    used 3507K, capacity 3577K, committed 3708K, reserved 1048576K
2016-07-04T18:49:43.758-0530: 58.347: [GC (CMS Final Remark) 58.347: [ParNew (promotion failed): 57865K->55188K(109248K), 0.0057561 secs] 291657K->288983K(502464K), 0.0058460 secs] [Times: user=0.01 sys=0.00, real=0.01 secs] 
Heap after GC invocations=30 (full 17):
 par new generation   total 109248K, used 55188K [0x00000007a0000000, 0x00000007a8000000, 0x00000007a8000000)
  eden space 87424K,  61% used [0x00000007a0000000, 0x00000007a34ea8b8, 0x00000007a5560000)
  from space 21824K,   4% used [0x00000007a6ab0000, 0x00000007a6baa940, 0x00000007a8000000)
  to   space 21824K,  16% used [0x00000007a5560000, 0x00000007a58f7c80, 0x00000007a6ab0000)
 concurrent mark-sweep generation total 393216K, used 233794K [0x00000007a8000000, 0x00000007c0000000, 0x00000007c0000000)
 Metaspace       used 28891K, capacity 29156K, committed 29564K, reserved 1075200K
  class space    used 3507K, capacity 3577K, committed 3708K, reserved 1048576K
}
58.353: [Rescan (parallel) , 0.0031638 secs]58.356: [weak refs processing, 0.0008088 secs]58.357: [class unloading, 0.0107439 secs]58.367: [scrub symbol table, 0.0043572 secs]58.372: [scrub string table, 0.0004416 secs][1 CMS-remark: 233794K(393216K)] 288983K(502464K), 0.0277021 secs] [Times: user=0.04 sys=0.00, real=0.03 secs] 
2016-07-04T18:49:43.785-0530: 58.374: Total time for which application threads were stopped: 0.0278516 seconds
2016-07-04T18:49:43.785-0530: 58.374: [CMS-concurrent-sweep-start]
2016-07-04T18:49:43.802-0530: 58.391: [CMS-concurrent-sweep: 0.017/0.017 secs] [Times: user=0.02 sys=0.00, real=0.02 secs] 
2016-07-04T18:49:43.802-0530: 58.391: [CMS-concurrent-reset-start]
2016-07-04T18:49:43.803-0530: 58.392: [CMS-concurrent-reset: 0.000/0.000 secs] [Times: user=0.00 sys=0.00, real=0.00 secs] 
2016-07-04T18:49:45.807-0530: 60.396: [GC (CMS Initial Mark) [1 CMS-initial-mark: 233794K(393216K)] 288983K(502464K), 0.0022815 secs] [Times: user=0.00 sys=0.01, real=0.00 secs] 
2016-07-04T18:49:45.809-0530: 60.398: Total time for which application threads were stopped: 0.0025549 seconds
2016-07-04T18:49:45.809-0530: 60.398: [CMS-concurrent-mark-start]
2016-07-04T18:49:45.892-0530: 60.481: [CMS-concurrent-mark: 0.083/0.083 secs] [Times: user=0.31 sys=0.00, real=0.09 secs] 
2016-07-04T18:49:45.892-0530: 60.481: [CMS-concurrent-preclean-start]
2016-07-04T18:49:45.893-0530: 60.482: [CMS-concurrent-preclean: 0.001/0.001 secs] [Times: user=0.00 sys=0.00, real=0.00 secs] 
2016-07-04T18:49:45.893-0530: 60.482: [CMS-concurrent-abortable-preclean-start]
2016-07-04T18:49:45.893-0530: 60.482: [CMS-concurrent-abortable-preclean: 0.000/0.000 secs] [Times: user=0.00 sys=0.00, real=0.00 secs] 
2016-07-04T18:49:45.893-0530: 60.482: [GC (CMS Final Remark) [YG occupancy: 55188 K (109248 K)]{Heap before GC invocations=30 (full 18):
 par new generation   total 109248K, used 55188K [0x00000007a0000000, 0x00000007a8000000, 0x00000007a8000000)
  eden space 87424K,  61% used [0x00000007a0000000, 0x00000007a34ea8d8, 0x00000007a5560000)
  from space 21824K,   4% used [0x00000007a6ab0000, 0x00000007a6baa940, 0x00000007a8000000)
  to   space 21824K,  16% used [0x00000007a5560000, 0x00000007a58f7c80, 0x00000007a6ab0000)
 concurrent mark-sweep generation total 393216K, used 233794K [0x00000007a8000000, 0x00000007c0000000, 0x00000007c0000000)
 Metaspace       used 28891K, capacity 29156K, committed 29564K, reserved 1075200K
  class space    used 3507K, capacity 3577K, committed 3708K, reserved 1048576K
2016-07-04T18:49:45.893-0530: 60.482: [GC (CMS Final Remark) 60.482: [ParNew: 55188K->55188K(109248K), 0.0000173 secs] 288983K->288983K(502464K), 0.0000380 secs] [Times: user=0.00 sys=0.00, real=0.00 secs] 
Heap after GC invocations=31 (full 18):
 par new generation   total 109248K, used 55188K [0x00000007a0000000, 0x00000007a8000000, 0x00000007a8000000)
  eden space 87424K,  61% used [0x00000007a0000000, 0x00000007a34ea8d8, 0x00000007a5560000)
  from space 21824K,   4% used [0x00000007a6ab0000, 0x00000007a6baa940, 0x00000007a8000000)
  to   space 21824K,  16% used [0x00000007a5560000, 0x00000007a58f7c80, 0x00000007a6ab0000)
 concurrent mark-sweep generation total 393216K, used 233794K [0x00000007a8000000, 0x00000007c0000000, 0x00000007c0000000)
 Metaspace       used 28891K, capacity 29156K, committed 29564K, reserved 1075200K
  class space    used 3507K, capacity 3577K, committed 3708K, reserved 1048576K
}
60.482: [Rescan (parallel) , 0.0019310 secs]60.484: [weak refs processing, 0.0007275 secs]60.485: [class unloading, 0.0096129 secs]60.495: [scrub symbol table, 0.0042877 secs]60.499: [scrub string table, 0.0004239 secs][1 CMS-remark: 233794K(393216K)] 288983K(502464K), 0.0200578 secs] [Times: user=0.03 sys=0.00, real=0.02 secs] 
2016-07-04T18:49:45.913-0530: 60.502: Total time for which application threads were stopped: 0.0201914 seconds
2016-07-04T18:49:45.913-0530: 60.503: [CMS-concurrent-sweep-start]
2016-07-04T18:49:45.928-0530: 60.517: [CMS-concurrent-sweep: 0.015/0.015 secs] [Times: user=0.01 sys=0.00, real=0.01 secs] 
2016-07-04T18:49:45.928-0530: 60.517: [CMS-concurrent-reset-start]
2016-07-04T18:49:45.929-0530: 60.518: [CMS-concurrent-reset: 0.000/0.000 secs] [Times: user=0.00 sys=0.00, real=0.00 secs] 
2016-07-04T18:49:47.931-0530: 62.520: [GC (CMS Initial Mark) [1 CMS-initial-mark: 233794K(393216K)] 288983K(502464K), 0.0023864 secs] [Times: user=0.00 sys=0.00, real=0.00 secs] 
2016-07-04T18:49:47.933-0530: 62.522: Total time for which application threads were stopped: 0.0026307 seconds
2016-07-04T18:49:47.933-0530: 62.522: [CMS-concurrent-mark-start]
2016-07-04T18:49:48.051-0530: 62.640: [CMS-concurrent-mark: 0.118/0.118 secs] [Times: user=0.30 sys=0.01, real=0.12 secs] 
2016-07-04T18:49:48.051-0530: 62.640: [CMS-concurrent-preclean-start]
2016-07-04T18:49:48.053-0530: 62.642: [CMS-concurrent-preclean: 0.002/0.002 secs] [Times: user=0.00 sys=0.01, real=0.00 secs] 
2016-07-04T18:49:48.053-0530: 62.642: [CMS-concurrent-abortable-preclean-start]
2016-07-04T18:49:48.053-0530: 62.642: [CMS-concurrent-abortable-preclean: 0.000/0.000 secs] [Times: user=0.00 sys=0.00, real=0.00 secs] 
2016-07-04T18:49:48.053-0530: 62.642: [GC (CMS Final Remark) [YG occupancy: 62008 K (109248 K)]{Heap before GC invocations=31 (full 19):
 par new generation   total 109248K, used 62008K [0x00000007a0000000, 0x00000007a8000000, 0x00000007a8000000)
  eden space 87424K,  69% used [0x00000007a0000000, 0x00000007a3b93a80, 0x00000007a5560000)
  from space 21824K,   4% used [0x00000007a6ab0000, 0x00000007a6baa940, 0x00000007a8000000)
  to   space 21824K,  16% used [0x00000007a5560000, 0x00000007a58f7c80, 0x00000007a6ab0000)
 concurrent mark-sweep generation total 393216K, used 233794K [0x00000007a8000000, 0x00000007c0000000, 0x00000007c0000000)
 Metaspace       used 28901K, capacity 29156K, committed 29564K, reserved 1075200K
  class space    used 3507K, capacity 3577K, committed 3708K, reserved 1048576K
2016-07-04T18:49:48.053-0530: 62.642: [GC (CMS Final Remark) 62.642: [ParNew: 62008K->62008K(109248K), 0.0000165 secs] 295803K->295803K(502464K), 0.0000380 secs] [Times: user=0.00 sys=0.00, real=0.00 secs] 
Heap after GC invocations=32 (full 19):
 par new generation   total 109248K, used 62008K [0x00000007a0000000, 0x00000007a8000000, 0x00000007a8000000)
  eden space 87424K,  69% used [0x00000007a0000000, 0x00000007a3b93a80, 0x00000007a5560000)
  from space 21824K,   4% used [0x00000007a6ab0000, 0x00000007a6baa940, 0x00000007a8000000)
  to   space 21824K,  16% used [0x00000007a5560000, 0x00000007a58f7c80, 0x00000007a6ab0000)
 concurrent mark-sweep generation total 393216K, used 233794K [0x00000007a8000000, 0x00000007c0000000, 0x00000007c0000000)
 Metaspace       used 28901K, capacity 29156K, committed 29564K, reserved 1075200K
  class space    used 3507K, capacity 3577K, committed 3708K, reserved 1048576K
}
62.642: [Rescan (parallel) , 0.0040584 secs]62.647: [weak refs processing, 0.0018038 secs]62.648: [class unloading, 0.0109281 secs]62.659: [scrub symbol table, 0.0053523 secs]62.665: [scrub string table, 0.0005330 secs][1 CMS-remark: 233794K(393216K)] 295803K(502464K), 0.0253984 secs] [Times: user=0.04 sys=0.00, real=0.02 secs] 
2016-07-04T18:49:48.079-0530: 62.668: Total time for which application threads were stopped: 0.0256688 seconds
2016-07-04T18:49:48.079-0530: 62.668: [CMS-concurrent-sweep-start]
2016-07-04T18:49:48.101-0530: 62.690: [CMS-concurrent-sweep: 0.022/0.022 secs] [Times: user=0.04 sys=0.01, real=0.03 secs] 
2016-07-04T18:49:48.101-0530: 62.690: [CMS-concurrent-reset-start]
2016-07-04T18:49:48.102-0530: 62.691: [CMS-concurrent-reset: 0.000/0.000 secs] [Times: user=0.00 sys=0.00, real=0.00 secs] 
{Heap before GC invocations=32 (full 19):
 par new generation   total 109248K, used 109237K [0x00000007a0000000, 0x00000007a8000000, 0x00000007a8000000)
  eden space 87424K, 100% used [0x00000007a0000000, 0x00000007a5560000, 0x00000007a5560000)
  from space 21824K,  99% used [0x00000007a6ab0000, 0x00000007a7ffd7e0, 0x00000007a8000000)
  to   space 21824K,  16% used [0x00000007a5560000, 0x00000007a58f7c80, 0x00000007a6ab0000)
 concurrent mark-sweep generation total 393216K, used 233794K [0x00000007a8000000, 0x00000007c0000000, 0x00000007c0000000)
 Metaspace       used 28904K, capacity 29156K, committed 29564K, reserved 1075200K
  class space    used 3507K, capacity 3577K, committed 3708K, reserved 1048576K
2016-07-04T18:49:48.321-0530: 62.910: [GC (Allocation Failure) 62.910: [ParNew: 109237K->109237K(109248K), 0.0000189 secs]62.910: [CMS: 233794K->173898K(393216K), 0.4666220 secs] 343032K->173898K(502464K), [Metaspace: 28904K->28904K(1075200K)], 0.4667240 secs] [Times: user=0.25 sys=0.19, real=0.46 secs] 
Heap after GC invocations=33 (full 20):
 par new generation   total 109248K, used 0K [0x00000007a0000000, 0x00000007a8000000, 0x00000007a8000000)
  eden space 87424K,   0% used [0x00000007a0000000, 0x00000007a0000000, 0x00000007a5560000)
  from space 21824K,   0% used [0x00000007a6ab0000, 0x00000007a6ab0000, 0x00000007a8000000)
  to   space 21824K,   0% used [0x00000007a5560000, 0x00000007a5560000, 0x00000007a6ab0000)
 concurrent mark-sweep generation total 393216K, used 173898K [0x00000007a8000000, 0x00000007c0000000, 0x00000007c0000000)
 Metaspace       used 28904K, capacity 29156K, committed 29564K, reserved 1075200K
  class space    used 3507K, capacity 3577K, committed 3708K, reserved 1048576K
}
2016-07-04T18:49:48.787-0530: 63.377: Total time for which application threads were stopped: 0.4669120 seconds
{Heap before GC invocations=33 (full 20):
 par new generation   total 109248K, used 87424K [0x00000007a0000000, 0x00000007a8000000, 0x00000007a8000000)
  eden space 87424K, 100% used [0x00000007a0000000, 0x00000007a5560000, 0x00000007a5560000)
  from space 21824K,   0% used [0x00000007a6ab0000, 0x00000007a6ab0000, 0x00000007a8000000)
  to   space 21824K,   0% used [0x00000007a5560000, 0x00000007a5560000, 0x00000007a6ab0000)
 concurrent mark-sweep generation total 393216K, used 173898K [0x00000007a8000000, 0x00000007c0000000, 0x00000007c0000000)
 Metaspace       used 28905K, capacity 29156K, committed 29564K, reserved 1075200K
  class space    used 3507K, capacity 3577K, committed 3708K, reserved 1048576K
2016-07-04T18:49:48.972-0530: 63.561: [GC (Allocation Failure) 63.561: [ParNew
Desired survivor size 20112992 bytes, new threshold 1 (max 8)
- age   1:   21994136 bytes,   21994136 total
: 87424K->21824K(109248K), 0.1178377 secs] 261322K->225013K(502464K), 0.1179233 secs] [Times: user=0.06 sys=0.17, real=0.12 secs] 
Heap after GC invocations=34 (full 20):
 par new generation   total 109248K, used 21824K [0x00000007a0000000, 0x00000007a8000000, 0x00000007a8000000)
  eden space 87424K,   0% used [0x00000007a0000000, 0x00000007a0000000, 0x00000007a5560000)
  from space 21824K, 100% used [0x00000007a5560000, 0x00000007a6ab0000, 0x00000007a6ab0000)
  to   space 21824K,   0% used [0x00000007a6ab0000, 0x00000007a6ab0000, 0x00000007a8000000)
 concurrent mark-sweep generation total 393216K, used 203189K [0x00000007a8000000, 0x00000007c0000000, 0x00000007c0000000)
 Metaspace       used 28905K, capacity 29156K, committed 29564K, reserved 1075200K
  class space    used 3507K, capacity 3577K, committed 3708K, reserved 1048576K
}
2016-07-04T18:49:49.090-0530: 63.679: Total time for which application threads were stopped: 0.1181731 seconds
2016-07-04T18:49:49.090-0530: 63.679: [GC (CMS Initial Mark) [1 CMS-initial-mark: 203189K(393216K)] 226032K(502464K), 0.0016009 secs] [Times: user=0.00 sys=0.00, real=0.00 secs] 
2016-07-04T18:49:49.092-0530: 63.681: Total time for which application threads were stopped: 0.0018151 seconds
2016-07-04T18:49:49.092-0530: 63.681: [CMS-concurrent-mark-start]
2016-07-04T18:49:49.189-0530: 63.778: [CMS-concurrent-mark: 0.097/0.097 secs] [Times: user=0.32 sys=0.01, real=0.09 secs] 
2016-07-04T18:49:49.189-0530: 63.778: [CMS-concurrent-preclean-start]
2016-07-04T18:49:49.191-0530: 63.780: [CMS-concurrent-preclean: 0.002/0.002 secs] [Times: user=0.01 sys=0.00, real=0.01 secs] 
2016-07-04T18:49:49.191-0530: 63.780: [CMS-concurrent-abortable-preclean-start]
{Heap before GC invocations=34 (full 21):
 par new generation   total 109248K, used 109248K [0x00000007a0000000, 0x00000007a8000000, 0x00000007a8000000)
  eden space 87424K, 100% used [0x00000007a0000000, 0x00000007a5560000, 0x00000007a5560000)
  from space 21824K, 100% used [0x00000007a5560000, 0x00000007a6ab0000, 0x00000007a6ab0000)
  to   space 21824K,   0% used [0x00000007a6ab0000, 0x00000007a6ab0000, 0x00000007a8000000)
 concurrent mark-sweep generation total 393216K, used 203189K [0x00000007a8000000, 0x00000007c0000000, 0x00000007c0000000)
 Metaspace       used 28905K, capacity 29156K, committed 29564K, reserved 1075200K
  class space    used 3507K, capacity 3577K, committed 3708K, reserved 1048576K
2016-07-04T18:49:49.308-0530: 63.898: [GC (Allocation Failure) 63.898: [ParNew
Desired survivor size 20112992 bytes, new threshold 1 (max 8)
- age   1:   22266280 bytes,   22266280 total
: 109248K->21824K(109248K), 0.0826314 secs] 312437K->275067K(502464K), 0.0829962 secs] [Times: user=0.07 sys=0.14, real=0.09 secs] 
Heap after GC invocations=35 (full 21):
 par new generation   total 109248K, used 21824K [0x00000007a0000000, 0x00000007a8000000, 0x00000007a8000000)
  eden space 87424K,   0% used [0x00000007a0000000, 0x00000007a0000000, 0x00000007a5560000)
  from space 21824K, 100% used [0x00000007a6ab0000, 0x00000007a8000000, 0x00000007a8000000)
  to   space 21824K,   0% used [0x00000007a5560000, 0x00000007a5560000, 0x00000007a6ab0000)
 concurrent mark-sweep generation total 393216K, used 253243K [0x00000007a8000000, 0x00000007c0000000, 0x00000007c0000000)
 Metaspace       used 28905K, capacity 29156K, committed 29564K, reserved 1075200K
  class space    used 3507K, capacity 3577K, committed 3708K, reserved 1048576K
}
2016-07-04T18:49:49.392-0530: 63.981: Total time for which application threads were stopped: 0.0831919 seconds
{Heap before GC invocations=35 (full 21):
 par new generation   total 109248K, used 109248K [0x00000007a0000000, 0x00000007a8000000, 0x00000007a8000000)
  eden space 87424K, 100% used [0x00000007a0000000, 0x00000007a5560000, 0x00000007a5560000)
  from space 21824K, 100% used [0x00000007a6ab0000, 0x00000007a8000000, 0x00000007a8000000)
  to   space 21824K,   0% used [0x00000007a5560000, 0x00000007a5560000, 0x00000007a6ab0000)
 concurrent mark-sweep generation total 393216K, used 253243K [0x00000007a8000000, 0x00000007c0000000, 0x00000007c0000000)
 Metaspace       used 28905K, capacity 29156K, committed 29564K, reserved 1075200K
  class space    used 3507K, capacity 3577K, committed 3708K, reserved 1048576K
2016-07-04T18:49:49.421-0530: 64.010: [GC (Allocation Failure) 64.010: [ParNew
Desired survivor size 20112992 bytes, new threshold 1 (max 8)
- age   1:   20847312 bytes,   20847312 total
: 109248K->21824K(109248K), 0.0372266 secs] 362491K->297068K(502464K), 0.0373010 secs] [Times: user=0.04 sys=0.05, real=0.03 secs] 
Heap after GC invocations=36 (full 21):
 par new generation   total 109248K, used 21824K [0x00000007a0000000, 0x00000007a8000000, 0x00000007a8000000)
  eden space 87424K,   0% used [0x00000007a0000000, 0x00000007a0000000, 0x00000007a5560000)
  from space 21824K, 100% used [0x00000007a5560000, 0x00000007a6ab0000, 0x00000007a6ab0000)
  to   space 21824K,   0% used [0x00000007a6ab0000, 0x00000007a6ab0000, 0x00000007a8000000)
 concurrent mark-sweep generation total 393216K, used 275244K [0x00000007a8000000, 0x00000007c0000000, 0x00000007c0000000)
 Metaspace       used 28905K, capacity 29156K, committed 29564K, reserved 1075200K
  class space    used 3507K, capacity 3577K, committed 3708K, reserved 1048576K
}
2016-07-04T18:49:49.459-0530: 64.048: Total time for which application threads were stopped: 0.0375750 seconds
2016-07-04T18:49:49.464-0530: 64.053: [CMS-concurrent-abortable-preclean: 0.151/0.273 secs] [Times: user=0.48 sys=0.19, real=0.27 secs] 
2016-07-04T18:49:49.465-0530: 64.054: [GC (CMS Final Remark) [YG occupancy: 46603 K (109248 K)]{Heap before GC invocations=36 (full 21):
 par new generation   total 109248K, used 46603K [0x00000007a0000000, 0x00000007a8000000, 0x00000007a8000000)
  eden space 87424K,  28% used [0x00000007a0000000, 0x00000007a1832f28, 0x00000007a5560000)
  from space 21824K, 100% used [0x00000007a5560000, 0x00000007a6ab0000, 0x00000007a6ab0000)
  to   space 21824K,   0% used [0x00000007a6ab0000, 0x00000007a6ab0000, 0x00000007a8000000)
 concurrent mark-sweep generation total 393216K, used 275244K [0x00000007a8000000, 0x00000007c0000000, 0x00000007c0000000)
 Metaspace       used 28905K, capacity 29156K, committed 29564K, reserved 1075200K
  class space    used 3507K, capacity 3577K, committed 3708K, reserved 1048576K
2016-07-04T18:49:49.465-0530: 64.054: [GC (CMS Final Remark) 64.054: [ParNew
Desired survivor size 20112992 bytes, new threshold 8 (max 8)
- age   1:    4734720 bytes,    4734720 total
: 46603K->19983K(109248K), 0.0215440 secs] 321848K->315608K(502464K), 0.0215900 secs] [Times: user=0.03 sys=0.02, real=0.02 secs] 
Heap after GC invocations=37 (full 21):
 par new generation   total 109248K, used 19983K [0x00000007a0000000, 0x00000007a8000000, 0x00000007a8000000)
  eden space 87424K,   0% used [0x00000007a0000000, 0x00000007a0000000, 0x00000007a5560000)
  from space 21824K,  91% used [0x00000007a6ab0000, 0x00000007a7e33ce0, 0x00000007a8000000)
  to   space 21824K,   0% used [0x00000007a5560000, 0x00000007a5560000, 0x00000007a6ab0000)
 concurrent mark-sweep generation total 393216K, used 295625K [0x00000007a8000000, 0x00000007c0000000, 0x00000007c0000000)
 Metaspace       used 28905K, capacity 29156K, committed 29564K, reserved 1075200K
  class space    used 3507K, capacity 3577K, committed 3708K, reserved 1048576K
}
64.075: [Rescan (parallel) , 0.0023560 secs]64.078: [weak refs processing, 0.0006693 secs]64.078: [class unloading, 0.0111798 secs]64.090: [scrub symbol table, 0.0053903 secs]64.095: [scrub string table, 0.0006228 secs][1 CMS-remark: 295625K(393216K)] 315608K(502464K), 0.0459984 secs] [Times: user=0.06 sys=0.02, real=0.05 secs] 
2016-07-04T18:49:49.511-0530: 64.100: Total time for which application threads were stopped: 0.0461947 seconds
2016-07-04T18:49:49.511-0530: 64.100: [CMS-concurrent-sweep-start]
2016-07-04T18:49:49.537-0530: 64.126: [CMS-concurrent-sweep: 0.026/0.026 secs] [Times: user=0.03 sys=0.00, real=0.02 secs] 
2016-07-04T18:49:49.537-0530: 64.126: [CMS-concurrent-reset-start]
2016-07-04T18:49:49.538-0530: 64.127: [CMS-concurrent-reset: 0.001/0.001 secs] [Times: user=0.01 sys=0.00, real=0.00 secs] 
{Heap before GC invocations=37 (full 21):
 par new generation   total 109248K, used 107407K [0x00000007a0000000, 0x00000007a8000000, 0x00000007a8000000)
  eden space 87424K, 100% used [0x00000007a0000000, 0x00000007a5560000, 0x00000007a5560000)
  from space 21824K,  91% used [0x00000007a6ab0000, 0x00000007a7e33ce0, 0x00000007a8000000)
  to   space 21824K,   0% used [0x00000007a5560000, 0x00000007a5560000, 0x00000007a6ab0000)
 concurrent mark-sweep generation total 393216K, used 294919K [0x00000007a8000000, 0x00000007c0000000, 0x00000007c0000000)
 Metaspace       used 28905K, capacity 29156K, committed 29564K, reserved 1075200K
  class space    used 3507K, capacity 3577K, committed 3708K, reserved 1048576K
2016-07-04T18:49:49.538-0530: 64.128: [GC (Allocation Failure) 64.128: [ParNew
Desired survivor size 20112992 bytes, new threshold 2 (max 8)
- age   1:   17464888 bytes,   17464888 total
- age   2:    4734720 bytes,   22199608 total
: 107407K->21824K(109248K), 0.0096146 secs] 402327K->316945K(502464K), 0.0097166 secs] [Times: user=0.02 sys=0.01, real=0.01 secs] 
Heap after GC invocations=38 (full 21):
 par new generation   total 109248K, used 21824K [0x00000007a0000000, 0x00000007a8000000, 0x00000007a8000000)
  eden space 87424K,   0% used [0x00000007a0000000, 0x00000007a0000000, 0x00000007a5560000)
  from space 21824K, 100% used [0x00000007a5560000, 0x00000007a6ab0000, 0x00000007a6ab0000)
  to   space 21824K,   0% used [0x00000007a6ab0000, 0x00000007a6ab0000, 0x00000007a8000000)
 concurrent mark-sweep generation total 393216K, used 295121K [0x00000007a8000000, 0x00000007c0000000, 0x00000007c0000000)
 Metaspace       used 28905K, capacity 29156K, committed 29564K, reserved 1075200K
  class space    used 3507K, capacity 3577K, committed 3708K, reserved 1048576K
}
2016-07-04T18:49:49.548-0530: 64.137: Total time for which application threads were stopped: 0.0099426 seconds
2016-07-04T18:49:49.548-0530: 64.137: [GC (CMS Initial Mark) [1 CMS-initial-mark: 295121K(393216K)] 318527K(502464K), 0.0010239 secs] [Times: user=0.01 sys=0.00, real=0.00 secs] 
2016-07-04T18:49:49.549-0530: 64.139: Total time for which application threads were stopped: 0.0011710 seconds
2016-07-04T18:49:49.549-0530: 64.139: [CMS-concurrent-mark-start]
{Heap before GC invocations=38 (full 22):
 par new generation   total 109248K, used 109248K [0x00000007a0000000, 0x00000007a8000000, 0x00000007a8000000)
  eden space 87424K, 100% used [0x00000007a0000000, 0x00000007a5560000, 0x00000007a5560000)
  from space 21824K, 100% used [0x00000007a5560000, 0x00000007a6ab0000, 0x00000007a6ab0000)
  to   space 21824K,   0% used [0x00000007a6ab0000, 0x00000007a6ab0000, 0x00000007a8000000)
 concurrent mark-sweep generation total 393216K, used 295121K [0x00000007a8000000, 0x00000007c0000000, 0x00000007c0000000)
 Metaspace       used 28905K, capacity 29156K, committed 29564K, reserved 1075200K
  class space    used 3507K, capacity 3577K, committed 3708K, reserved 1048576K
2016-07-04T18:49:49.594-0530: 64.183: [GC (Allocation Failure) 64.183: [ParNew
Desired survivor size 20112992 bytes, new threshold 2 (max 8)
- age   1:    8076528 bytes,    8076528 total
- age   2:   14236288 bytes,   22312816 total
: 109248K->21824K(109248K), 0.0129752 secs] 404369K->334106K(502464K), 0.0130470 secs] [Times: user=0.03 sys=0.00, real=0.01 secs] 
Heap after GC invocations=39 (full 22):
 par new generation   total 109248K, used 21824K [0x00000007a0000000, 0x00000007a8000000, 0x00000007a8000000)
  eden space 87424K,   0% used [0x00000007a0000000, 0x00000007a0000000, 0x00000007a5560000)
  from space 21824K, 100% used [0x00000007a6ab0000, 0x00000007a8000000, 0x00000007a8000000)
  to   space 21824K,   0% used [0x00000007a5560000, 0x00000007a5560000, 0x00000007a6ab0000)
 concurrent mark-sweep generation total 393216K, used 312282K [0x00000007a8000000, 0x00000007c0000000, 0x00000007c0000000)
 Metaspace       used 28905K, capacity 29156K, committed 29564K, reserved 1075200K
  class space    used 3507K, capacity 3577K, committed 3708K, reserved 1048576K
}
2016-07-04T18:49:49.607-0530: 64.196: Total time for which application threads were stopped: 0.0132160 seconds
{Heap before GC invocations=39 (full 22):
 par new generation   total 109248K, used 109248K [0x00000007a0000000, 0x00000007a8000000, 0x00000007a8000000)
  eden space 87424K, 100% used [0x00000007a0000000, 0x00000007a5560000, 0x00000007a5560000)
  from space 21824K, 100% used [0x00000007a6ab0000, 0x00000007a8000000, 0x00000007a8000000)
  to   space 21824K,   0% used [0x00000007a5560000, 0x00000007a5560000, 0x00000007a6ab0000)
 concurrent mark-sweep generation total 393216K, used 312282K [0x00000007a8000000, 0x00000007c0000000, 0x00000007c0000000)
 Metaspace       used 28905K, capacity 29156K, committed 29564K, reserved 1075200K
  class space    used 3507K, capacity 3577K, committed 3708K, reserved 1048576K
2016-07-04T18:49:49.626-0530: 64.215: [GC (Allocation Failure) 64.215: [ParNew
Desired survivor size 20112992 bytes, new threshold 2 (max 8)
- age   1:   12581752 bytes,   12581752 total
- age   2:    8076408 bytes,   20658160 total
: 109248K->21824K(109248K), 0.0128313 secs] 421530K->353021K(502464K), 0.0129229 secs] [Times: user=0.02 sys=0.00, real=0.01 secs] 
Heap after GC invocations=40 (full 22):
 par new generation   total 109248K, used 21824K [0x00000007a0000000, 0x00000007a8000000, 0x00000007a8000000)
  eden space 87424K,   0% used [0x00000007a0000000, 0x00000007a0000000, 0x00000007a5560000)
  from space 21824K, 100% used [0x00000007a5560000, 0x00000007a6ab0000, 0x00000007a6ab0000)
  to   space 21824K,   0% used [0x00000007a6ab0000, 0x00000007a6ab0000, 0x00000007a8000000)
 concurrent mark-sweep generation total 393216K, used 331197K [0x00000007a8000000, 0x00000007c0000000, 0x00000007c0000000)
 Metaspace       used 28905K, capacity 29156K, committed 29564K, reserved 1075200K
  class space    used 3507K, capacity 3577K, committed 3708K, reserved 1048576K
}
2016-07-04T18:49:49.639-0530: 64.228: Total time for which application threads were stopped: 0.0131102 seconds
{Heap before GC invocations=40 (full 22):
 par new generation   total 109248K, used 109248K [0x00000007a0000000, 0x00000007a8000000, 0x00000007a8000000)
  eden space 87424K, 100% used [0x00000007a0000000, 0x00000007a5560000, 0x00000007a5560000)
  from space 21824K, 100% used [0x00000007a5560000, 0x00000007a6ab0000, 0x00000007a6ab0000)
  to   space 21824K,   0% used [0x00000007a6ab0000, 0x00000007a6ab0000, 0x00000007a8000000)
 concurrent mark-sweep generation total 393216K, used 331197K [0x00000007a8000000, 0x00000007c0000000, 0x00000007c0000000)
 Metaspace       used 28905K, capacity 29156K, committed 29564K, reserved 1075200K
  class space    used 3507K, capacity 3577K, committed 3708K, reserved 1048576K
2016-07-04T18:49:49.656-0530: 64.245: [GC (Allocation Failure) 64.245: [ParNew
Desired survivor size 20112992 bytes, new threshold 2 (max 8)
- age   1:   13241016 bytes,   13241016 total
- age   2:    9069864 bytes,   22310880 total
: 109248K->21824K(109248K), 0.0107472 secs] 440445K->368676K(502464K), 0.0108097 secs] [Times: user=0.03 sys=0.01, real=0.01 secs] 
Heap after GC invocations=41 (full 22):
 par new generation   total 109248K, used 21824K [0x00000007a0000000, 0x00000007a8000000, 0x00000007a8000000)
  eden space 87424K,   0% used [0x00000007a0000000, 0x00000007a0000000, 0x00000007a5560000)
  from space 21824K, 100% used [0x00000007a6ab0000, 0x00000007a8000000, 0x00000007a8000000)
  to   space 21824K,   0% used [0x00000007a5560000, 0x00000007a5560000, 0x00000007a6ab0000)
 concurrent mark-sweep generation total 393216K, used 346852K [0x00000007a8000000, 0x00000007c0000000, 0x00000007c0000000)
 Metaspace       used 28905K, capacity 29156K, committed 29564K, reserved 1075200K
  class space    used 3507K, capacity 3577K, committed 3708K, reserved 1048576K
}
2016-07-04T18:49:49.667-0530: 64.256: Total time for which application threads were stopped: 0.0109792 seconds
2016-07-04T18:49:49.677-0530: 64.266: [CMS-concurrent-mark: 0.090/0.128 secs] [Times: user=0.42 sys=0.01, real=0.13 secs] 
2016-07-04T18:49:49.677-0530: 64.266: [CMS-concurrent-preclean-start]
{Heap before GC invocations=41 (full 22):
 par new generation   total 109248K, used 109248K [0x00000007a0000000, 0x00000007a8000000, 0x00000007a8000000)
  eden space 87424K, 100% used [0x00000007a0000000, 0x00000007a5560000, 0x00000007a5560000)
  from space 21824K, 100% used [0x00000007a6ab0000, 0x00000007a8000000, 0x00000007a8000000)
  to   space 21824K,   0% used [0x00000007a5560000, 0x00000007a5560000, 0x00000007a6ab0000)
 concurrent mark-sweep generation total 393216K, used 346852K [0x00000007a8000000, 0x00000007c0000000, 0x00000007c0000000)
 Metaspace       used 28905K, capacity 29156K, committed 29564K, reserved 1075200K
  class space    used 3507K, capacity 3577K, committed 3708K, reserved 1048576K
2016-07-04T18:49:49.683-0530: 64.273: [GC (Allocation Failure) 64.273: [ParNew
Desired survivor size 20112992 bytes, new threshold 2 (max 8)
- age   1:   15314000 bytes,   15314000 total
- age   2:    6992408 bytes,   22306408 total
: 109248K->21824K(109248K), 0.0125631 secs] 456100K->385972K(502464K), 0.0126522 secs] [Times: user=0.03 sys=0.00, real=0.01 secs] 
Heap after GC invocations=42 (full 22):
 par new generation   total 109248K, used 21824K [0x00000007a0000000, 0x00000007a8000000, 0x00000007a8000000)
  eden space 87424K,   0% used [0x00000007a0000000, 0x00000007a0000000, 0x00000007a5560000)
  from space 21824K, 100% used [0x00000007a5560000, 0x00000007a6ab0000, 0x00000007a6ab0000)
  to   space 21824K,   0% used [0x00000007a6ab0000, 0x00000007a6ab0000, 0x00000007a8000000)
 concurrent mark-sweep generation total 393216K, used 364148K [0x00000007a8000000, 0x00000007c0000000, 0x00000007c0000000)
 Metaspace       used 28905K, capacity 29156K, committed 29564K, reserved 1075200K
  class space    used 3507K, capacity 3577K, committed 3708K, reserved 1048576K
}
2016-07-04T18:49:49.696-0530: 64.285: Total time for which application threads were stopped: 0.0128295 seconds
2016-07-04T18:49:49.701-0530: 64.290: [CMS-concurrent-preclean: 0.010/0.023 secs] [Times: user=0.05 sys=0.00, real=0.03 secs] 
2016-07-04T18:49:49.701-0530: 64.290: [CMS-concurrent-abortable-preclean-start]
{Heap before GC invocations=42 (full 22):
 par new generation   total 109248K, used 109248K [0x00000007a0000000, 0x00000007a8000000, 0x00000007a8000000)
  eden space 87424K, 100% used [0x00000007a0000000, 0x00000007a5560000, 0x00000007a5560000)
  from space 21824K, 100% used [0x00000007a5560000, 0x00000007a6ab0000, 0x00000007a6ab0000)
  to   space 21824K,   0% used [0x00000007a6ab0000, 0x00000007a6ab0000, 0x00000007a8000000)
 concurrent mark-sweep generation total 393216K, used 364148K [0x00000007a8000000, 0x00000007c0000000, 0x00000007c0000000)
 Metaspace       used 28905K, capacity 29156K, committed 29564K, reserved 1075200K
  class space    used 3507K, capacity 3577K, committed 3708K, reserved 1048576K
2016-07-04T18:49:49.712-0530: 64.301: [GC (Allocation Failure) 64.301: [ParNew
Desired survivor size 20112992 bytes, new threshold 2 (max 8)
- age   1:   13401952 bytes,   13401952 total
- age   2:    8912624 bytes,   22314576 total
: 109248K->21824K(109248K), 0.0139237 secs] 473396K->403287K(502464K), 0.0139844 secs] [Times: user=0.03 sys=0.00, real=0.01 secs] 
Heap after GC invocations=43 (full 22):
 par new generation   total 109248K, used 21824K [0x00000007a0000000, 0x00000007a8000000, 0x00000007a8000000)
  eden space 87424K,   0% used [0x00000007a0000000, 0x00000007a0000000, 0x00000007a5560000)
  from space 21824K, 100% used [0x00000007a6ab0000, 0x00000007a8000000, 0x00000007a8000000)
  to   space 21824K,   0% used [0x00000007a5560000, 0x00000007a5560000, 0x00000007a6ab0000)
 concurrent mark-sweep generation total 393216K, used 381463K [0x00000007a8000000, 0x00000007c0000000, 0x00000007c0000000)
 Metaspace       used 28905K, capacity 29156K, committed 29564K, reserved 1075200K
  class space    used 3507K, capacity 3577K, committed 3708K, reserved 1048576K
}
2016-07-04T18:49:49.726-0530: 64.315: Total time for which application threads were stopped: 0.0141598 seconds
2016-07-04T18:49:49.726-0530: 64.315: [CMS-concurrent-abortable-preclean: 0.008/0.025 secs] [Times: user=0.06 sys=0.00, real=0.02 secs] 
2016-07-04T18:49:49.726-0530: 64.315: [GC (CMS Final Remark) [YG occupancy: 23559 K (109248 K)]{Heap before GC invocations=43 (full 22):
 par new generation   total 109248K, used 23559K [0x00000007a0000000, 0x00000007a8000000, 0x00000007a8000000)
  eden space 87424K,   1% used [0x00000007a0000000, 0x00000007a01b1dc8, 0x00000007a5560000)
  from space 21824K, 100% used [0x00000007a6ab0000, 0x00000007a8000000, 0x00000007a8000000)
  to   space 21824K,   0% used [0x00000007a5560000, 0x00000007a5560000, 0x00000007a6ab0000)
 concurrent mark-sweep generation total 393216K, used 381463K [0x00000007a8000000, 0x00000007c0000000, 0x00000007c0000000)
 Metaspace       used 28905K, capacity 29156K, committed 29564K, reserved 1075200K
  class space    used 3507K, capacity 3577K, committed 3708K, reserved 1048576K
2016-07-04T18:49:49.726-0530: 64.315: [GC (CMS Final Remark) 64.315: [ParNew: 23559K->23559K(109248K), 0.0000147 secs] 405023K->405023K(502464K), 0.0000555 secs] [Times: user=0.00 sys=0.00, real=0.00 secs] 
Heap after GC invocations=44 (full 22):
 par new generation   total 109248K, used 23559K [0x00000007a0000000, 0x00000007a8000000, 0x00000007a8000000)
  eden space 87424K,   1% used [0x00000007a0000000, 0x00000007a01b1dc8, 0x00000007a5560000)
  from space 21824K, 100% used [0x00000007a6ab0000, 0x00000007a8000000, 0x00000007a8000000)
  to   space 21824K,   0% used [0x00000007a5560000, 0x00000007a5560000, 0x00000007a6ab0000)
 concurrent mark-sweep generation total 393216K, used 381463K [0x00000007a8000000, 0x00000007c0000000, 0x00000007c0000000)
 Metaspace       used 28905K, capacity 29156K, committed 29564K, reserved 1075200K
  class space    used 3507K, capacity 3577K, committed 3708K, reserved 1048576K
}
64.315: [Rescan (parallel) , 0.0016400 secs]64.317: [weak refs processing, 0.0017731 secs]64.319: [class unloading, 0.0108553 secs]64.329: [scrub symbol table, 0.0042023 secs]64.334: [scrub string table, 0.0003682 secs][1 CMS-remark: 381463K(393216K)] 405023K(502464K), 0.0212667 secs] [Times: user=0.02 sys=0.00, real=0.02 secs] 
2016-07-04T18:49:49.747-0530: 64.336: Total time for which application threads were stopped: 0.0213905 seconds
2016-07-04T18:49:49.747-0530: 64.336: [CMS-concurrent-sweep-start]
2016-07-04T18:49:49.759-0530: 64.348: Total time for which application threads were stopped: 0.0001394 seconds
2016-07-04T18:49:49.768-0530: 64.357: [CMS-concurrent-sweep: 0.021/0.021 secs] [Times: user=0.05 sys=0.00, real=0.02 secs] 
2016-07-04T18:49:49.768-0530: 64.357: [CMS-concurrent-reset-start]
2016-07-04T18:49:49.769-0530: 64.358: [CMS-concurrent-reset: 0.000/0.000 secs] [Times: user=0.00 sys=0.00, real=0.00 secs] 
{Heap before GC invocations=44 (full 22):
 par new generation   total 109248K, used 107713K [0x00000007a0000000, 0x00000007a8000000, 0x00000007a8000000)
  eden space 87424K,  98% used [0x00000007a0000000, 0x00000007a53e05f0, 0x00000007a5560000)
  from space 21824K, 100% used [0x00000007a6ab0000, 0x00000007a8000000, 0x00000007a8000000)
  to   space 21824K,   0% used [0x00000007a5560000, 0x00000007a5560000, 0x00000007a6ab0000)
 concurrent mark-sweep generation total 393216K, used 380997K [0x00000007a8000000, 0x00000007c0000000, 0x00000007c0000000)
 Metaspace       used 28909K, capacity 29156K, committed 29564K, reserved 1075200K
  class space    used 3507K, capacity 3577K, committed 3708K, reserved 1048576K
2016-07-04T18:49:49.913-0530: 64.502: [GC (Allocation Failure) 64.502: [ParNew: 107713K->107713K(109248K), 0.0000201 secs]64.502: [CMS: 380997K->293931K(393216K), 0.1802775 secs] 488710K->293931K(502464K), [Metaspace: 28909K->28909K(1075200K)], 0.1803808 secs] [Times: user=0.18 sys=0.00, real=0.18 secs] 
Heap after GC invocations=45 (full 23):
 par new generation   total 109248K, used 0K [0x00000007a0000000, 0x00000007a8000000, 0x00000007a8000000)
  eden space 87424K,   0% used [0x00000007a0000000, 0x00000007a0000000, 0x00000007a5560000)
  from space 21824K,   0% used [0x00000007a6ab0000, 0x00000007a6ab0000, 0x00000007a8000000)
  to   space 21824K,   0% used [0x00000007a5560000, 0x00000007a5560000, 0x00000007a6ab0000)
 concurrent mark-sweep generation total 393216K, used 293931K [0x00000007a8000000, 0x00000007c0000000, 0x00000007c0000000)
 Metaspace       used 28909K, capacity 29156K, committed 29564K, reserved 1075200K
  class space    used 3507K, capacity 3577K, committed 3708K, reserved 1048576K
}
2016-07-04T18:49:50.094-0530: 64.683: Total time for which application threads were stopped: 0.1806051 seconds
2016-07-04T18:49:50.094-0530: 64.683: [GC (CMS Initial Mark) [1 CMS-initial-mark: 293931K(393216K)] 296113K(502464K), 0.0005741 secs] [Times: user=0.00 sys=0.00, real=0.00 secs] 
2016-07-04T18:49:50.095-0530: 64.684: Total time for which application threads were stopped: 0.0009557 seconds
2016-07-04T18:49:50.095-0530: 64.684: [CMS-concurrent-mark-start]
2016-07-04T18:49:50.122-0530: 64.711: [CMS-concurrent-mark: 0.027/0.027 secs] [Times: user=0.10 sys=0.00, real=0.03 secs] 
2016-07-04T18:49:50.122-0530: 64.711: [CMS-concurrent-preclean-start]
2016-07-04T18:49:50.124-0530: 64.714: [CMS-concurrent-preclean: 0.003/0.003 secs] [Times: user=0.01 sys=0.00, real=0.00 secs] 
2016-07-04T18:49:50.124-0530: 64.714: [CMS-concurrent-abortable-preclean-start]
2016-07-04T18:49:50.463-0530: 65.052: [CMS-concurrent-abortable-preclean: 0.031/0.338 secs] [Times: user=0.36 sys=0.00, real=0.34 secs] 
2016-07-04T18:49:50.463-0530: 65.052: [GC (CMS Final Remark) [YG occupancy: 83081 K (109248 K)]{Heap before GC invocations=45 (full 24):
 par new generation   total 109248K, used 83081K [0x00000007a0000000, 0x00000007a8000000, 0x00000007a8000000)
  eden space 87424K,  95% used [0x00000007a0000000, 0x00000007a5122458, 0x00000007a5560000)
  from space 21824K,   0% used [0x00000007a6ab0000, 0x00000007a6ab0000, 0x00000007a8000000)
  to   space 21824K,   0% used [0x00000007a5560000, 0x00000007a5560000, 0x00000007a6ab0000)
 concurrent mark-sweep generation total 393216K, used 293931K [0x00000007a8000000, 0x00000007c0000000, 0x00000007c0000000)
 Metaspace       used 28909K, capacity 29156K, committed 29564K, reserved 1075200K
  class space    used 3507K, capacity 3577K, committed 3708K, reserved 1048576K
2016-07-04T18:49:50.463-0530: 65.052: [GC (CMS Final Remark) 65.052: [ParNew
Desired survivor size 20112992 bytes, new threshold 8 (max 8)
- age   1:    7598232 bytes,    7598232 total
: 83081K->21766K(109248K), 0.0243252 secs] 377012K->348483K(502464K), 0.0243821 secs] [Times: user=0.09 sys=0.01, real=0.02 secs] 
Heap after GC invocations=46 (full 24):
 par new generation   total 109248K, used 21766K [0x00000007a0000000, 0x00000007a8000000, 0x00000007a8000000)
  eden space 87424K,   0% used [0x00000007a0000000, 0x00000007a0000000, 0x00000007a5560000)
  from space 21824K,  99% used [0x00000007a5560000, 0x00000007a6aa1b80, 0x00000007a6ab0000)
  to   space 21824K,   0% used [0x00000007a6ab0000, 0x00000007a6ab0000, 0x00000007a8000000)
 concurrent mark-sweep generation total 393216K, used 326716K [0x00000007a8000000, 0x00000007c0000000, 0x00000007c0000000)
 Metaspace       used 28909K, capacity 29156K, committed 29564K, reserved 1075200K
  class space    used 3507K, capacity 3577K, committed 3708K, reserved 1048576K
}
65.077: [Rescan (parallel) , 0.0088457 secs]65.086: [weak refs processing, 0.0021446 secs]65.088: [class unloading, 0.0117215 secs]65.100: [scrub symbol table, 0.0048512 secs]65.105: [scrub string table, 0.0004537 secs][1 CMS-remark: 326716K(393216K)] 348483K(502464K), 0.0554400 secs] [Times: user=0.14 sys=0.01, real=0.05 secs] 
2016-07-04T18:49:50.519-0530: 65.108: Total time for which application threads were stopped: 0.0556292 seconds
2016-07-04T18:49:50.519-0530: 65.108: [CMS-concurrent-sweep-start]
2016-07-04T18:49:50.535-0530: 65.124: [CMS-concurrent-sweep: 0.016/0.016 secs] [Times: user=0.03 sys=0.00, real=0.02 secs] 
2016-07-04T18:49:50.535-0530: 65.124: [CMS-concurrent-reset-start]
2016-07-04T18:49:50.536-0530: 65.125: [CMS-concurrent-reset: 0.001/0.001 secs] [Times: user=0.01 sys=0.00, real=0.00 secs] 
{Heap before GC invocations=46 (full 24):
 par new generation   total 109248K, used 105642K [0x00000007a0000000, 0x00000007a8000000, 0x00000007a8000000)
  eden space 87424K,  95% used [0x00000007a0000000, 0x00000007a51e8da8, 0x00000007a5560000)
  from space 21824K,  99% used [0x00000007a5560000, 0x00000007a6aa1b80, 0x00000007a6ab0000)
  to   space 21824K,   0% used [0x00000007a6ab0000, 0x00000007a6ab0000, 0x00000007a8000000)
 concurrent mark-sweep generation total 393216K, used 326716K [0x00000007a8000000, 0x00000007c0000000, 0x00000007c0000000)
 Metaspace       used 28909K, capacity 29156K, committed 29564K, reserved 1075200K
  class space    used 3507K, capacity 3577K, committed 3708K, reserved 1048576K
2016-07-04T18:49:51.002-0530: 65.591: [GC (Allocation Failure) 65.591: [ParNew
Desired survivor size 20112992 bytes, new threshold 8 (max 8)
- age   1:   16232808 bytes,   16232808 total
- age   2:    3300760 bytes,   19533568 total
: 105642K->21824K(109248K), 0.0527104 secs] 432358K->400210K(502464K), 0.0528154 secs] [Times: user=0.19 sys=0.00, real=0.05 secs] 
Heap after GC invocations=47 (full 24):
 par new generation   total 109248K, used 21824K [0x00000007a0000000, 0x00000007a8000000, 0x00000007a8000000)
  eden space 87424K,   0% used [0x00000007a0000000, 0x00000007a0000000, 0x00000007a5560000)
  from space 21824K, 100% used [0x00000007a6ab0000, 0x00000007a8000000, 0x00000007a8000000)
  to   space 21824K,   0% used [0x00000007a5560000, 0x00000007a5560000, 0x00000007a6ab0000)
 concurrent mark-sweep generation total 393216K, used 378386K [0x00000007a8000000, 0x00000007c0000000, 0x00000007c0000000)
 Metaspace       used 28909K, capacity 29156K, committed 29564K, reserved 1075200K
  class space    used 3507K, capacity 3577K, committed 3708K, reserved 1048576K
}
2016-07-04T18:49:51.055-0530: 65.644: Total time for which application threads were stopped: 0.0530543 seconds
2016-07-04T18:49:51.059-0530: 65.648: [GC (CMS Initial Mark) [1 CMS-initial-mark: 378386K(393216K)] 433360K(502464K), 0.0038691 secs] [Times: user=0.01 sys=0.00, real=0.01 secs] 
2016-07-04T18:49:51.063-0530: 65.652: Total time for which application threads were stopped: 0.0080636 seconds
2016-07-04T18:49:51.063-0530: 65.652: [CMS-concurrent-mark-start]
2016-07-04T18:49:51.134-0530: 65.724: [CMS-concurrent-mark: 0.071/0.071 secs] [Times: user=0.27 sys=0.01, real=0.07 secs] 
2016-07-04T18:49:51.134-0530: 65.724: [CMS-concurrent-preclean-start]
2016-07-04T18:49:51.137-0530: 65.727: [CMS-concurrent-preclean: 0.003/0.003 secs] [Times: user=0.00 sys=0.00, real=0.00 secs] 
2016-07-04T18:49:51.137-0530: 65.727: [CMS-concurrent-abortable-preclean-start]
2016-07-04T18:49:51.137-0530: 65.727: [CMS-concurrent-abortable-preclean: 0.000/0.000 secs] [Times: user=0.00 sys=0.00, real=0.00 secs] 
2016-07-04T18:49:51.138-0530: 65.727: [GC (CMS Final Remark) [YG occupancy: 81562 K (109248 K)]{Heap before GC invocations=47 (full 25):
 par new generation   total 109248K, used 81562K [0x00000007a0000000, 0x00000007a8000000, 0x00000007a8000000)
  eden space 87424K,  68% used [0x00000007a0000000, 0x00000007a3a56840, 0x00000007a5560000)
  from space 21824K, 100% used [0x00000007a6ab0000, 0x00000007a8000000, 0x00000007a8000000)
  to   space 21824K,   0% used [0x00000007a5560000, 0x00000007a5560000, 0x00000007a6ab0000)
 concurrent mark-sweep generation total 393216K, used 378386K [0x00000007a8000000, 0x00000007c0000000, 0x00000007c0000000)
 Metaspace       used 28909K, capacity 29156K, committed 29564K, reserved 1075200K
  class space    used 3507K, capacity 3577K, committed 3708K, reserved 1048576K
2016-07-04T18:49:51.138-0530: 65.727: [GC (CMS Final Remark) 65.727: [ParNew: 81562K->81562K(109248K), 0.0000178 secs] 459948K->459948K(502464K), 0.0000416 secs] [Times: user=0.00 sys=0.00, real=0.00 secs] 
Heap after GC invocations=48 (full 25):
 par new generation   total 109248K, used 81562K [0x00000007a0000000, 0x00000007a8000000, 0x00000007a8000000)
  eden space 87424K,  68% used [0x00000007a0000000, 0x00000007a3a56840, 0x00000007a5560000)
  from space 21824K, 100% used [0x00000007a6ab0000, 0x00000007a8000000, 0x00000007a8000000)
  to   space 21824K,   0% used [0x00000007a5560000, 0x00000007a5560000, 0x00000007a6ab0000)
 concurrent mark-sweep generation total 393216K, used 378386K [0x00000007a8000000, 0x00000007c0000000, 0x00000007c0000000)
 Metaspace       used 28909K, capacity 29156K, committed 29564K, reserved 1075200K
  class space    used 3507K, capacity 3577K, committed 3708K, reserved 1048576K
}
65.727: [Rescan (parallel) , 0.0041733 secs]65.731: [weak refs processing, 0.0007347 secs]65.732: [class unloading, 0.0107777 secs]65.743: [scrub symbol table, 0.0042292 secs]65.747: [scrub string table, 0.0003666 secs][1 CMS-remark: 378386K(393216K)] 459948K(502464K), 0.0225112 secs] [Times: user=0.03 sys=0.00, real=0.03 secs] 
2016-07-04T18:49:51.160-0530: 65.749: Total time for which application threads were stopped: 0.0226778 seconds
2016-07-04T18:49:51.160-0530: 65.749: [CMS-concurrent-sweep-start]
2016-07-04T18:49:51.177-0530: 65.767: [CMS-concurrent-sweep: 0.017/0.017 secs] [Times: user=0.03 sys=0.00, real=0.01 secs] 
2016-07-04T18:49:51.177-0530: 65.767: [CMS-concurrent-reset-start]
2016-07-04T18:49:51.178-0530: 65.767: [CMS-concurrent-reset: 0.000/0.000 secs] [Times: user=0.00 sys=0.00, real=0.00 secs] 
{Heap before GC invocations=48 (full 25):
 par new generation   total 109248K, used 83209K [0x00000007a0000000, 0x00000007a8000000, 0x00000007a8000000)
  eden space 87424K,  70% used [0x00000007a0000000, 0x00000007a3bf25e0, 0x00000007a5560000)
  from space 21824K, 100% used [0x00000007a6ab0000, 0x00000007a8000000, 0x00000007a8000000)
  to   space 21824K,   0% used [0x00000007a5560000, 0x00000007a5560000, 0x00000007a6ab0000)
 concurrent mark-sweep generation total 393216K, used 329744K [0x00000007a8000000, 0x00000007c0000000, 0x00000007c0000000)
 Metaspace       used 28909K, capacity 29156K, committed 29564K, reserved 1075200K
  class space    used 3507K, capacity 3577K, committed 3708K, reserved 1048576K
2016-07-04T18:49:51.204-0530: 65.793: [GC (Allocation Failure) 65.793: [ParNew: 83209K->83209K(109248K), 0.0000209 secs]65.793: [CMS: 329744K->374296K(393216K), 0.2129739 secs] 412954K->374296K(502464K), [Metaspace: 28909K->28909K(1075200K)], 0.2131319 secs] [Times: user=0.21 sys=0.00, real=0.21 secs] 
Heap after GC invocations=49 (full 26):
 par new generation   total 109248K, used 0K [0x00000007a0000000, 0x00000007a8000000, 0x00000007a8000000)
  eden space 87424K,   0% used [0x00000007a0000000, 0x00000007a0000000, 0x00000007a5560000)
  from space 21824K,   0% used [0x00000007a6ab0000, 0x00000007a6ab0000, 0x00000007a8000000)
  to   space 21824K,   0% used [0x00000007a5560000, 0x00000007a5560000, 0x00000007a6ab0000)
 concurrent mark-sweep generation total 393216K, used 374296K [0x00000007a8000000, 0x00000007c0000000, 0x00000007c0000000)
 Metaspace       used 28909K, capacity 29156K, committed 29564K, reserved 1075200K
  class space    used 3507K, capacity 3577K, committed 3708K, reserved 1048576K
}
2016-07-04T18:49:51.417-0530: 66.006: Total time for which application threads were stopped: 0.2133483 seconds
2016-07-04T18:49:51.422-0530: 66.012: [GC (CMS Initial Mark) [1 CMS-initial-mark: 374296K(393216K)] 410351K(502464K), 0.0320552 secs] [Times: user=0.03 sys=0.00, real=0.03 secs] 
2016-07-04T18:49:51.455-0530: 66.044: Total time for which application threads were stopped: 0.0373391 seconds
2016-07-04T18:49:51.455-0530: 66.044: [CMS-concurrent-mark-start]
2016-07-04T18:49:51.537-0530: 66.127: [CMS-concurrent-mark: 0.083/0.083 secs] [Times: user=0.28 sys=0.00, real=0.08 secs] 
2016-07-04T18:49:51.537-0530: 66.127: [CMS-concurrent-preclean-start]
2016-07-04T18:49:51.540-0530: 66.129: [CMS-concurrent-preclean: 0.003/0.003 secs] [Times: user=0.01 sys=0.00, real=0.01 secs] 
2016-07-04T18:49:51.540-0530: 66.130: [CMS-concurrent-abortable-preclean-start]
2016-07-04T18:49:51.540-0530: 66.130: [CMS-concurrent-abortable-preclean: 0.000/0.000 secs] [Times: user=0.00 sys=0.00, real=0.00 secs] 
2016-07-04T18:49:51.540-0530: 66.130: [GC (CMS Final Remark) [YG occupancy: 37211 K (109248 K)]{Heap before GC invocations=49 (full 27):
 par new generation   total 109248K, used 37211K [0x00000007a0000000, 0x00000007a8000000, 0x00000007a8000000)
  eden space 87424K,  42% used [0x00000007a0000000, 0x00000007a2456f98, 0x00000007a5560000)
  from space 21824K,   0% used [0x00000007a6ab0000, 0x00000007a6ab0000, 0x00000007a8000000)
  to   space 21824K,   0% used [0x00000007a5560000, 0x00000007a5560000, 0x00000007a6ab0000)
 concurrent mark-sweep generation total 393216K, used 374296K [0x00000007a8000000, 0x00000007c0000000, 0x00000007c0000000)
 Metaspace       used 28909K, capacity 29156K, committed 29564K, reserved 1075200K
  class space    used 3507K, capacity 3577K, committed 3708K, reserved 1048576K
2016-07-04T18:49:51.541-0530: 66.130: [GC (CMS Final Remark) 66.130: [ParNew: 37211K->37211K(109248K), 0.0000171 secs] 411508K->411508K(502464K), 0.0000400 secs] [Times: user=0.00 sys=0.00, real=0.00 secs] 
Heap after GC invocations=50 (full 27):
 par new generation   total 109248K, used 37211K [0x00000007a0000000, 0x00000007a8000000, 0x00000007a8000000)
  eden space 87424K,  42% used [0x00000007a0000000, 0x00000007a2456f98, 0x00000007a5560000)
  from space 21824K,   0% used [0x00000007a6ab0000, 0x00000007a6ab0000, 0x00000007a8000000)
  to   space 21824K,   0% used [0x00000007a5560000, 0x00000007a5560000, 0x00000007a6ab0000)
 concurrent mark-sweep generation total 393216K, used 374296K [0x00000007a8000000, 0x00000007c0000000, 0x00000007c0000000)
 Metaspace       used 28909K, capacity 29156K, committed 29564K, reserved 1075200K
  class space    used 3507K, capacity 3577K, committed 3708K, reserved 1048576K
}
66.130: [Rescan (parallel) , 0.0693547 secs]66.199: [weak refs processing, 0.0015312 secs]66.201: [class unloading, 0.0111383 secs]66.212: [scrub symbol table, 0.0042767 secs]66.216: [scrub string table, 0.0004082 secs][1 CMS-remark: 374296K(393216K)] 411508K(502464K), 0.0897783 secs] [Times: user=0.26 sys=0.01, real=0.09 secs] 
2016-07-04T18:49:51.630-0530: 66.220: Total time for which application threads were stopped: 0.0900282 seconds
2016-07-04T18:49:51.630-0530: 66.220: [CMS-concurrent-sweep-start]
2016-07-04T18:49:51.650-0530: 66.239: [CMS-concurrent-sweep: 0.019/0.019 secs] [Times: user=0.04 sys=0.00, real=0.02 secs] 
2016-07-04T18:49:51.650-0530: 66.239: [CMS-concurrent-reset-start]
2016-07-04T18:49:51.650-0530: 66.240: [CMS-concurrent-reset: 0.001/0.001 secs] [Times: user=0.00 sys=0.00, real=0.00 secs] 
{Heap before GC invocations=50 (full 27):
 par new generation   total 109248K, used 41264K [0x00000007a0000000, 0x00000007a8000000, 0x00000007a8000000)
  eden space 87424K,  47% used [0x00000007a0000000, 0x00000007a284c2c8, 0x00000007a5560000)
  from space 21824K,   0% used [0x00000007a6ab0000, 0x00000007a6ab0000, 0x00000007a8000000)
  to   space 21824K,   0% used [0x00000007a5560000, 0x00000007a5560000, 0x00000007a6ab0000)
 concurrent mark-sweep generation total 393216K, used 374296K [0x00000007a8000000, 0x00000007c0000000, 0x00000007c0000000)
 Metaspace       used 28909K, capacity 29156K, committed 29564K, reserved 1075200K
  class space    used 3507K, capacity 3577K, committed 3708K, reserved 1048576K
2016-07-04T18:49:51.969-0530: 66.558: [GC (Allocation Failure) 66.558: [ParNew: 41264K->41264K(109248K), 0.0000201 secs]66.558: [CMS: 374296K->388922K(393216K), 0.3200250 secs] 415560K->388922K(502464K), [Metaspace: 28909K->28909K(1075200K)], 0.3201288 secs] [Times: user=0.31 sys=0.01, real=0.32 secs] 
Heap after GC invocations=51 (full 28):
 par new generation   total 109248K, used 0K [0x00000007a0000000, 0x00000007a8000000, 0x00000007a8000000)
  eden space 87424K,   0% used [0x00000007a0000000, 0x00000007a0000000, 0x00000007a5560000)
  from space 21824K,   0% used [0x00000007a6ab0000, 0x00000007a6ab0000, 0x00000007a8000000)
  to   space 21824K,   0% used [0x00000007a5560000, 0x00000007a5560000, 0x00000007a6ab0000)
 concurrent mark-sweep generation total 393216K, used 388922K [0x00000007a8000000, 0x00000007c0000000, 0x00000007c0000000)
 Metaspace       used 28909K, capacity 29156K, committed 29564K, reserved 1075200K
  class space    used 3507K, capacity 3577K, committed 3708K, reserved 1048576K
}
2016-07-04T18:49:52.289-0530: 66.878: Total time for which application threads were stopped: 0.3203091 seconds
2016-07-04T18:49:52.296-0530: 66.885: [GC (CMS Initial Mark) [1 CMS-initial-mark: 388922K(393216K)] 438647K(502464K), 0.0006446 secs] [Times: user=0.01 sys=0.00, real=0.00 secs] 
2016-07-04T18:49:52.297-0530: 66.886: Total time for which application threads were stopped: 0.0072903 seconds
2016-07-04T18:49:52.297-0530: 66.886: [CMS-concurrent-mark-start]
{Heap before GC invocations=51 (full 29):
 par new generation   total 109248K, used 63313K [0x00000007a0000000, 0x00000007a8000000, 0x00000007a8000000)
  eden space 87424K,  72% used [0x00000007a0000000, 0x00000007a3dd44d8, 0x00000007a5560000)
  from space 21824K,   0% used [0x00000007a6ab0000, 0x00000007a6ab0000, 0x00000007a8000000)
  to   space 21824K,   0% used [0x00000007a5560000, 0x00000007a5560000, 0x00000007a6ab0000)
 concurrent mark-sweep generation total 393216K, used 388922K [0x00000007a8000000, 0x00000007c0000000, 0x00000007c0000000)
 Metaspace       used 28909K, capacity 29156K, committed 29564K, reserved 1075200K
  class space    used 3507K, capacity 3577K, committed 3708K, reserved 1048576K
2016-07-04T18:49:52.377-0530: 66.966: [GC (Allocation Failure) 66.966: [ParNew: 63313K->63313K(109248K), 0.0000212 secs]66.966: [CMS2016-07-04T18:49:52.380-0530: 66.970: [CMS-concurrent-mark: 0.083/0.084 secs] [Times: user=0.20 sys=0.00, real=0.09 secs] 
 (concurrent mode failure): 388922K->347484K(393216K), 0.2570622 secs] 452235K->409641K(502464K), [Metaspace: 28909K->28909K(1075200K)], 0.2571932 secs] [Times: user=0.26 sys=0.00, real=0.26 secs] 
Heap after GC invocations=52 (full 30):
 par new generation   total 109248K, used 62156K [0x00000007a0000000, 0x00000007a8000000, 0x00000007a8000000)
  eden space 87424K,  71% used [0x00000007a0000000, 0x00000007a3cb32a8, 0x00000007a5560000)
  from space 21824K,   0% used [0x00000007a6ab0000, 0x00000007a6ab0000, 0x00000007a8000000)
  to   space 21824K,   0% used [0x00000007a5560000, 0x00000007a5560000, 0x00000007a6ab0000)
 concurrent mark-sweep generation total 393216K, used 347484K [0x00000007a8000000, 0x00000007c0000000, 0x00000007c0000000)
 Metaspace       used 28909K, capacity 29156K, committed 29564K, reserved 1075200K
  class space    used 3507K, capacity 3577K, committed 3708K, reserved 1048576K
}
2016-07-04T18:49:52.634-0530: 67.224: Total time for which application threads were stopped: 0.2574086 seconds
{Heap before GC invocations=52 (full 30):
 par new generation   total 109248K, used 87424K [0x00000007a0000000, 0x00000007a8000000, 0x00000007a8000000)
  eden space 87424K, 100% used [0x00000007a0000000, 0x00000007a5560000, 0x00000007a5560000)
  from space 21824K,   0% used [0x00000007a6ab0000, 0x00000007a6ab0000, 0x00000007a8000000)
  to   space 21824K,   0% used [0x00000007a5560000, 0x00000007a5560000, 0x00000007a6ab0000)
 concurrent mark-sweep generation total 393216K, used 347484K [0x00000007a8000000, 0x00000007c0000000, 0x00000007c0000000)
 Metaspace       used 28909K, capacity 29156K, committed 29564K, reserved 1075200K
  class space    used 3507K, capacity 3577K, committed 3708K, reserved 1048576K
2016-07-04T18:49:52.708-0530: 67.297: [GC (Allocation Failure) 67.297: [ParNew (promotion failed): 87424K->104119K(109248K), 0.0304749 secs]67.327: [CMS: 372349K->355772K(393216K), 0.3321827 secs] 434908K->418314K(502464K), [Metaspace: 28909K->28909K(1075200K)], 0.3627647 secs] [Times: user=0.41 sys=0.01, real=0.37 secs] 
Heap after GC invocations=53 (full 31):
 par new generation   total 109248K, used 62542K [0x00000007a0000000, 0x00000007a8000000, 0x00000007a8000000)
  eden space 87424K,  71% used [0x00000007a0000000, 0x00000007a3d13948, 0x00000007a5560000)
  from space 21824K,   0% used [0x00000007a5560000, 0x00000007a5560000, 0x00000007a6ab0000)
  to   space 21824K,   0% used [0x00000007a6ab0000, 0x00000007a6ab0000, 0x00000007a8000000)
 concurrent mark-sweep generation total 393216K, used 355772K [0x00000007a8000000, 0x00000007c0000000, 0x00000007c0000000)
 Metaspace       used 28909K, capacity 29156K, committed 29564K, reserved 1075200K
  class space    used 3507K, capacity 3577K, committed 3708K, reserved 1048576K
}
2016-07-04T18:49:53.071-0530: 67.660: Total time for which application threads were stopped: 0.3629728 seconds
2016-07-04T18:49:53.071-0530: 67.660: [GC (CMS Initial Mark) [1 CMS-initial-mark: 355772K(393216K)] 419380K(502464K), 0.0007203 secs] [Times: user=0.00 sys=0.00, real=0.00 secs] 
2016-07-04T18:49:53.072-0530: 67.661: Total time for which application threads were stopped: 0.0009102 seconds
2016-07-04T18:49:53.072-0530: 67.661: [CMS-concurrent-mark-start]
{Heap before GC invocations=53 (full 32):
 par new generation   total 109248K, used 63608K [0x00000007a0000000, 0x00000007a8000000, 0x00000007a8000000)
  eden space 87424K,  72% used [0x00000007a0000000, 0x00000007a3e1e010, 0x00000007a5560000)
  from space 21824K,   0% used [0x00000007a5560000, 0x00000007a5560000, 0x00000007a6ab0000)
  to   space 21824K,   0% used [0x00000007a6ab0000, 0x00000007a6ab0000, 0x00000007a8000000)
 concurrent mark-sweep generation total 393216K, used 355772K [0x00000007a8000000, 0x00000007c0000000, 0x00000007c0000000)
 Metaspace       used 28909K, capacity 29156K, committed 29564K, reserved 1075200K
  class space    used 3507K, capacity 3577K, committed 3708K, reserved 1048576K
2016-07-04T18:49:53.166-0530: 67.755: [Full GC (Allocation Failure) 67.755: [CMS2016-07-04T18:49:53.167-0530: 67.757: [CMS-concurrent-mark: 0.094/0.096 secs] [Times: user=0.33 sys=0.01, real=0.09 secs] 
 (concurrent mode failure): 355772K->355772K(393216K), 0.2531148 secs] 419380K->418692K(502464K), [Metaspace: 28909K->28909K(1075200K)], 0.2532951 secs] [Times: user=0.25 sys=0.00, real=0.25 secs] 
Heap after GC invocations=54 (full 33):
 par new generation   total 109248K, used 62920K [0x00000007a0000000, 0x00000007a8000000, 0x00000007a8000000)
  eden space 87424K,  71% used [0x00000007a0000000, 0x00000007a3d72070, 0x00000007a5560000)
  from space 21824K,   0% used [0x00000007a5560000, 0x00000007a5560000, 0x00000007a6ab0000)
  to   space 21824K,   0% used [0x00000007a6ab0000, 0x00000007a6ab0000, 0x00000007a8000000)
 concurrent mark-sweep generation total 393216K, used 355772K [0x00000007a8000000, 0x00000007c0000000, 0x00000007c0000000)
 Metaspace       used 28909K, capacity 29156K, committed 29564K, reserved 1075200K
  class space    used 3507K, capacity 3577K, committed 3708K, reserved 1048576K
}
{Heap before GC invocations=54 (full 33):
 par new generation   total 109248K, used 62920K [0x00000007a0000000, 0x00000007a8000000, 0x00000007a8000000)
  eden space 87424K,  71% used [0x00000007a0000000, 0x00000007a3d72070, 0x00000007a5560000)
  from space 21824K,   0% used [0x00000007a5560000, 0x00000007a5560000, 0x00000007a6ab0000)
  to   space 21824K,   0% used [0x00000007a6ab0000, 0x00000007a6ab0000, 0x00000007a8000000)
 concurrent mark-sweep generation total 393216K, used 355772K [0x00000007a8000000, 0x00000007c0000000, 0x00000007c0000000)
 Metaspace       used 28909K, capacity 29156K, committed 29564K, reserved 1075200K
  class space    used 3507K, capacity 3577K, committed 3708K, reserved 1048576K
2016-07-04T18:49:53.420-0530: 68.009: [Full GC (Allocation Failure) 68.009: [CMS: 355772K->355728K(393216K), 0.3402924 secs] 418692K->418648K(502464K), [Metaspace: 28909K->28909K(1075200K)], 0.3403580 secs] [Times: user=0.32 sys=0.00, real=0.34 secs] 
Heap after GC invocations=55 (full 34):
 par new generation   total 109248K, used 62920K [0x00000007a0000000, 0x00000007a8000000, 0x00000007a8000000)
  eden space 87424K,  71% used [0x00000007a0000000, 0x00000007a3d72070, 0x00000007a5560000)
  from space 21824K,   0% used [0x00000007a5560000, 0x00000007a5560000, 0x00000007a6ab0000)
  to   space 21824K,   0% used [0x00000007a6ab0000, 0x00000007a6ab0000, 0x00000007a8000000)
 concurrent mark-sweep generation total 393216K, used 355728K [0x00000007a8000000, 0x00000007c0000000, 0x00000007c0000000)
 Metaspace       used 28909K, capacity 29156K, committed 29564K, reserved 1075200K
  class space    used 3507K, capacity 3577K, committed 3708K, reserved 1048576K
}
2016-07-04T18:49:53.760-0530: 68.349: Total time for which application threads were stopped: 0.5940780 seconds
2016-07-04T18:49:54.763-0530: 69.352: Total time for which application threads were stopped: 0.0002512 seconds
2016-07-04T18:49:55.761-0530: 70.350: [GC (CMS Initial Mark) [1 CMS-initial-mark: 355728K(393216K)] 419658K(502464K), 0.0013950 secs] [Times: user=0.01 sys=0.00, real=0.00 secs] 
2016-07-04T18:49:55.762-0530: 70.352: Total time for which application threads were stopped: 0.0015509 seconds
2016-07-04T18:49:55.762-0530: 70.352: [CMS-concurrent-mark-start]
2016-07-04T18:49:55.854-0530: 70.443: [CMS-concurrent-mark: 0.091/0.091 secs] [Times: user=0.33 sys=0.00, real=0.09 secs] 
2016-07-04T18:49:55.854-0530: 70.443: [CMS-concurrent-preclean-start]
2016-07-04T18:49:55.947-0530: 70.536: [CMS-concurrent-preclean: 0.093/0.093 secs] [Times: user=0.09 sys=0.00, real=0.09 secs] 
2016-07-04T18:49:55.947-0530: 70.536: [CMS-concurrent-abortable-preclean-start]
2016-07-04T18:49:55.947-0530: 70.536: [CMS-concurrent-abortable-preclean: 0.000/0.000 secs] [Times: user=0.00 sys=0.00, real=0.00 secs] 
2016-07-04T18:49:55.947-0530: 70.536: [GC (CMS Final Remark) [YG occupancy: 63930 K (109248 K)]{Heap before GC invocations=55 (full 35):
 par new generation   total 109248K, used 63930K [0x00000007a0000000, 0x00000007a8000000, 0x00000007a8000000)
  eden space 87424K,  73% used [0x00000007a0000000, 0x00000007a3e6e870, 0x00000007a5560000)
  from space 21824K,   0% used [0x00000007a5560000, 0x00000007a5560000, 0x00000007a6ab0000)
  to   space 21824K,   0% used [0x00000007a6ab0000, 0x00000007a6ab0000, 0x00000007a8000000)
 concurrent mark-sweep generation total 393216K, used 355728K [0x00000007a8000000, 0x00000007c0000000, 0x00000007c0000000)
 Metaspace       used 28922K, capacity 29162K, committed 29564K, reserved 1075200K
  class space    used 3508K, capacity 3578K, committed 3708K, reserved 1048576K
2016-07-04T18:49:55.947-0530: 70.536: [GC (CMS Final Remark) 70.536: [ParNew: 63930K->63930K(109248K), 0.0000190 secs] 419658K->419658K(502464K), 0.0000441 secs] [Times: user=0.00 sys=0.00, real=0.00 secs] 
Heap after GC invocations=56 (full 35):
 par new generation   total 109248K, used 63930K [0x00000007a0000000, 0x00000007a8000000, 0x00000007a8000000)
  eden space 87424K,  73% used [0x00000007a0000000, 0x00000007a3e6e870, 0x00000007a5560000)
  from space 21824K,   0% used [0x00000007a5560000, 0x00000007a5560000, 0x00000007a6ab0000)
  to   space 21824K,   0% used [0x00000007a6ab0000, 0x00000007a6ab0000, 0x00000007a8000000)
 concurrent mark-sweep generation total 393216K, used 355728K [0x00000007a8000000, 0x00000007c0000000, 0x00000007c0000000)
 Metaspace       used 28922K, capacity 29162K, committed 29564K, reserved 1075200K
  class space    used 3508K, capacity 3578K, committed 3708K, reserved 1048576K
}
70.536: [Rescan (parallel) , 0.0011638 secs]70.538: [weak refs processing, 0.0006876 secs]70.538: [class unloading, 0.0098027 secs]70.548: [scrub symbol table, 0.0043068 secs]70.553: [scrub string table, 0.0004133 secs][1 CMS-remark: 355728K(393216K)] 419658K(502464K), 0.0188174 secs] [Times: user=0.02 sys=0.00, real=0.02 secs] 
2016-07-04T18:49:55.966-0530: 70.555: Total time for which application threads were stopped: 0.0189384 seconds
2016-07-04T18:49:55.966-0530: 70.555: [CMS-concurrent-sweep-start]
2016-07-04T18:49:55.996-0530: 70.585: [CMS-concurrent-sweep: 0.030/0.030 secs] [Times: user=0.03 sys=0.00, real=0.03 secs] 
2016-07-04T18:49:55.996-0530: 70.585: [CMS-concurrent-reset-start]
2016-07-04T18:49:55.996-0530: 70.586: [CMS-concurrent-reset: 0.000/0.000 secs] [Times: user=0.00 sys=0.00, real=0.00 secs] 
2016-07-04T18:49:57.969-0530: 72.558: Total time for which application threads were stopped: 0.0001491 seconds
2016-07-04T18:49:57.999-0530: 72.588: [GC (CMS Initial Mark) [1 CMS-initial-mark: 221474K(393216K)] 285404K(502464K), 0.0012501 secs] [Times: user=0.00 sys=0.00, real=0.01 secs] 
2016-07-04T18:49:58.000-0530: 72.589: Total time for which application threads were stopped: 0.0013919 seconds
2016-07-04T18:49:58.000-0530: 72.589: [CMS-concurrent-mark-start]
2016-07-04T18:49:58.091-0530: 72.680: [CMS-concurrent-mark: 0.091/0.091 secs] [Times: user=0.32 sys=0.01, real=0.09 secs] 
2016-07-04T18:49:58.091-0530: 72.680: [CMS-concurrent-preclean-start]
2016-07-04T18:49:58.092-0530: 72.682: [CMS-concurrent-preclean: 0.001/0.001 secs] [Times: user=0.00 sys=0.00, real=0.00 secs] 
2016-07-04T18:49:58.092-0530: 72.682: [CMS-concurrent-abortable-preclean-start]
 CMS: abort preclean due to time 2016-07-04T18:50:04.143-0530: 78.732: [CMS-concurrent-abortable-preclean: 0.088/6.051 secs] [Times: user=0.09 sys=0.00, real=6.05 secs] 
2016-07-04T18:50:04.244-0530: 78.833: [GC (CMS Final Remark) [YG occupancy: 64032 K (109248 K)]{Heap before GC invocations=56 (full 36):
 par new generation   total 109248K, used 64032K [0x00000007a0000000, 0x00000007a8000000, 0x00000007a8000000)
  eden space 87424K,  73% used [0x00000007a0000000, 0x00000007a3e88018, 0x00000007a5560000)
  from space 21824K,   0% used [0x00000007a5560000, 0x00000007a5560000, 0x00000007a6ab0000)
  to   space 21824K,   0% used [0x00000007a6ab0000, 0x00000007a6ab0000, 0x00000007a8000000)
 concurrent mark-sweep generation total 393216K, used 221474K [0x00000007a8000000, 0x00000007c0000000, 0x00000007c0000000)
 Metaspace       used 28924K, capacity 29162K, committed 29564K, reserved 1075200K
  class space    used 3508K, capacity 3578K, committed 3708K, reserved 1048576K
2016-07-04T18:50:04.244-0530: 78.834: [GC (CMS Final Remark) 78.834: [ParNew (promotion failed): 64032K->77565K(109248K), 0.0285273 secs] 285506K->299042K(502464K), 0.0286191 secs] [Times: user=0.10 sys=0.01, real=0.03 secs] 
Heap after GC invocations=57 (full 36):
 par new generation   total 109248K, used 77565K [0x00000007a0000000, 0x00000007a8000000, 0x00000007a8000000)
  eden space 87424K,  73% used [0x00000007a0000000, 0x00000007a3e88018, 0x00000007a5560000)
  from space 21824K,  62% used [0x00000007a6ab0000, 0x00000007a77e7640, 0x00000007a8000000)
  to   space 21824K,   0% used [0x00000007a5560000, 0x00000007a5560000, 0x00000007a6ab0000)
 concurrent mark-sweep generation total 393216K, used 221476K [0x00000007a8000000, 0x00000007c0000000, 0x00000007c0000000)
 Metaspace       used 28924K, capacity 29162K, committed 29564K, reserved 1075200K
  class space    used 3508K, capacity 3578K, committed 3708K, reserved 1048576K
}
78.862: [Rescan (parallel) , 0.0340187 secs]78.896: [weak refs processing, 0.0021309 secs]78.898: [class unloading, 0.0123298 secs]78.911: [scrub symbol table, 0.0047731 secs]78.916: [scrub string table, 0.0004059 secs][1 CMS-remark: 221476K(393216K)] 299042K(502464K), 0.0846203 secs] [Times: user=0.26 sys=0.01, real=0.08 secs] 
2016-07-04T18:50:04.328-0530: 78.918: Total time for which application threads were stopped: 0.0847831 seconds
2016-07-04T18:50:04.329-0530: 78.918: [CMS-concurrent-sweep-start]
2016-07-04T18:50:04.347-0530: 78.937: [CMS-concurrent-sweep: 0.019/0.019 secs] [Times: user=0.02 sys=0.00, real=0.02 secs] 
2016-07-04T18:50:04.347-0530: 78.937: [CMS-concurrent-reset-start]
2016-07-04T18:50:04.348-0530: 78.937: [CMS-concurrent-reset: 0.001/0.001 secs] [Times: user=0.00 sys=0.00, real=0.00 secs] 
2016-07-04T18:50:06.348-0530: 80.938: [GC (CMS Initial Mark) [1 CMS-initial-mark: 221475K(393216K)] 299041K(502464K), 0.0012265 secs] [Times: user=0.00 sys=0.00, real=0.00 secs] 
2016-07-04T18:50:06.349-0530: 80.939: Total time for which application threads were stopped: 0.0014824 seconds
2016-07-04T18:50:06.349-0530: 80.939: [CMS-concurrent-mark-start]
2016-07-04T18:50:06.435-0530: 81.024: [CMS-concurrent-mark: 0.085/0.085 secs] [Times: user=0.29 sys=0.00, real=0.09 secs] 
2016-07-04T18:50:06.435-0530: 81.024: [CMS-concurrent-preclean-start]
2016-07-04T18:50:06.436-0530: 81.025: [CMS-concurrent-preclean: 0.001/0.001 secs] [Times: user=0.00 sys=0.00, real=0.00 secs] 
2016-07-04T18:50:06.436-0530: 81.026: [CMS-concurrent-abortable-preclean-start]
2016-07-04T18:50:11.640-0530: 86.230: Total time for which application threads were stopped: 0.0000890 seconds
2016-07-04T18:50:11.640-0530: 86.230: Total time for which application threads were stopped: 0.0000839 seconds
{Heap before GC invocations=57 (full 37):
 par new generation   total 109248K, used 109247K [0x00000007a0000000, 0x00000007a8000000, 0x00000007a8000000)
  eden space 87424K, 100% used [0x00000007a0000000, 0x00000007a5560000, 0x00000007a5560000)
  from space 21824K,  99% used [0x00000007a6ab0000, 0x00000007a7fffd38, 0x00000007a8000000)
  to   space 21824K,   0% used [0x00000007a5560000, 0x00000007a5560000, 0x00000007a6ab0000)
 concurrent mark-sweep generation total 393216K, used 221475K [0x00000007a8000000, 0x00000007c0000000, 0x00000007c0000000)
 Metaspace       used 28932K, capacity 29162K, committed 29564K, reserved 1075200K
  class space    used 3508K, capacity 3578K, committed 3708K, reserved 1048576K
2016-07-04T18:50:11.729-0530: 86.319: [GC (Allocation Failure) 86.334: [ParNew2016-07-04T18:50:11.750-0530: 86.340: [CMS-concurrent-abortable-preclean: 0.248/5.315 secs] [Times: user=0.41 sys=0.02, real=5.32 secs] 
 (promotion failed): 109247K->109248K(109248K), 0.0164019 secs]86.350: [CMS (concurrent mode failure): 230878K->161097K(393216K), 0.2614345 secs] 330723K->161097K(502464K), [Metaspace: 28932K->28932K(1075200K)], 0.2929657 secs] [Times: user=0.27 sys=0.04, real=0.30 secs] 
Heap after GC invocations=58 (full 38):
 par new generation   total 109248K, used 0K [0x00000007a0000000, 0x00000007a8000000, 0x00000007a8000000)
  eden space 87424K,   0% used [0x00000007a0000000, 0x00000007a0000000, 0x00000007a5560000)
  from space 21824K,   0% used [0x00000007a5560000, 0x00000007a5560000, 0x00000007a6ab0000)
  to   space 21824K,   0% used [0x00000007a6ab0000, 0x00000007a6ab0000, 0x00000007a8000000)
 concurrent mark-sweep generation total 393216K, used 161097K [0x00000007a8000000, 0x00000007c0000000, 0x00000007c0000000)
 Metaspace       used 28932K, capacity 29162K, committed 29564K, reserved 1075200K
  class space    used 3508K, capacity 3578K, committed 3708K, reserved 1048576K
}
2016-07-04T18:50:12.022-0530: 86.612: Total time for which application threads were stopped: 0.2932156 seconds
{Heap before GC invocations=58 (full 38):
 par new generation   total 109248K, used 87424K [0x00000007a0000000, 0x00000007a8000000, 0x00000007a8000000)
  eden space 87424K, 100% used [0x00000007a0000000, 0x00000007a5560000, 0x00000007a5560000)
  from space 21824K,   0% used [0x00000007a5560000, 0x00000007a5560000, 0x00000007a6ab0000)
  to   space 21824K,   0% used [0x00000007a6ab0000, 0x00000007a6ab0000, 0x00000007a8000000)
 concurrent mark-sweep generation total 393216K, used 161097K [0x00000007a8000000, 0x00000007c0000000, 0x00000007c0000000)
 Metaspace       used 28932K, capacity 29162K, committed 29564K, reserved 1075200K
  class space    used 3508K, capacity 3578K, committed 3708K, reserved 1048576K
2016-07-04T18:50:12.176-0530: 86.766: [GC (Allocation Failure) 86.766: [ParNew
Desired survivor size 20112992 bytes, new threshold 1 (max 8)
- age   1:   22216568 bytes,   22216568 total
: 87424K->21824K(109248K), 0.0178219 secs] 248521K->211993K(502464K), 0.0178926 secs] [Times: user=0.05 sys=0.01, real=0.02 secs] 
Heap after GC invocations=59 (full 38):
 par new generation   total 109248K, used 21824K [0x00000007a0000000, 0x00000007a8000000, 0x00000007a8000000)
  eden space 87424K,   0% used [0x00000007a0000000, 0x00000007a0000000, 0x00000007a5560000)
  from space 21824K, 100% used [0x00000007a6ab0000, 0x00000007a8000000, 0x00000007a8000000)
  to   space 21824K,   0% used [0x00000007a5560000, 0x00000007a5560000, 0x00000007a6ab0000)
 concurrent mark-sweep generation total 393216K, used 190169K [0x00000007a8000000, 0x00000007c0000000, 0x00000007c0000000)
 Metaspace       used 28932K, capacity 29162K, committed 29564K, reserved 1075200K
  class space    used 3508K, capacity 3578K, committed 3708K, reserved 1048576K
}
2016-07-04T18:50:12.194-0530: 86.783: Total time for which application threads were stopped: 0.0180670 seconds
{Heap before GC invocations=59 (full 38):
 par new generation   total 109248K, used 109248K [0x00000007a0000000, 0x00000007a8000000, 0x00000007a8000000)
  eden space 87424K, 100% used [0x00000007a0000000, 0x00000007a5560000, 0x00000007a5560000)
  from space 21824K, 100% used [0x00000007a6ab0000, 0x00000007a8000000, 0x00000007a8000000)
  to   space 21824K,   0% used [0x00000007a5560000, 0x00000007a5560000, 0x00000007a6ab0000)
 concurrent mark-sweep generation total 393216K, used 190169K [0x00000007a8000000, 0x00000007c0000000, 0x00000007c0000000)
 Metaspace       used 28936K, capacity 29162K, committed 29564K, reserved 1075200K
  class space    used 3508K, capacity 3578K, committed 3708K, reserved 1048576K
2016-07-04T18:50:12.343-0530: 86.933: [GC (Allocation Failure) 86.933: [ParNew
Desired survivor size 20112992 bytes, new threshold 1 (max 8)
- age   1:   22299464 bytes,   22299464 total
: 109248K->21824K(109248K), 0.0222285 secs] 299417K->262497K(502464K), 0.0223246 secs] [Times: user=0.07 sys=0.01, real=0.02 secs] 
Heap after GC invocations=60 (full 38):
 par new generation   total 109248K, used 21824K [0x00000007a0000000, 0x00000007a8000000, 0x00000007a8000000)
  eden space 87424K,   0% used [0x00000007a0000000, 0x00000007a0000000, 0x00000007a5560000)
  from space 21824K, 100% used [0x00000007a5560000, 0x00000007a6ab0000, 0x00000007a6ab0000)
  to   space 21824K,   0% used [0x00000007a6ab0000, 0x00000007a6ab0000, 0x00000007a8000000)
 concurrent mark-sweep generation total 393216K, used 240673K [0x00000007a8000000, 0x00000007c0000000, 0x00000007c0000000)
 Metaspace       used 28936K, capacity 29162K, committed 29564K, reserved 1075200K
  class space    used 3508K, capacity 3578K, committed 3708K, reserved 1048576K
}
2016-07-04T18:50:12.365-0530: 86.955: Total time for which application threads were stopped: 0.0226315 seconds
2016-07-04T18:50:12.365-0530: 86.955: [GC (CMS Initial Mark) [1 CMS-initial-mark: 240673K(393216K)] 264018K(502464K), 0.0013852 secs] [Times: user=0.00 sys=0.00, real=0.00 secs] 
2016-07-04T18:50:12.367-0530: 86.957: Total time for which application threads were stopped: 0.0015585 seconds
2016-07-04T18:50:12.367-0530: 86.957: [CMS-concurrent-mark-start]
{Heap before GC invocations=60 (full 39):
 par new generation   total 109248K, used 109248K [0x00000007a0000000, 0x00000007a8000000, 0x00000007a8000000)
  eden space 87424K, 100% used [0x00000007a0000000, 0x00000007a5560000, 0x00000007a5560000)
  from space 21824K, 100% used [0x00000007a5560000, 0x00000007a6ab0000, 0x00000007a6ab0000)
  to   space 21824K,   0% used [0x00000007a6ab0000, 0x00000007a6ab0000, 0x00000007a8000000)
 concurrent mark-sweep generation total 393216K, used 240673K [0x00000007a8000000, 0x00000007c0000000, 0x00000007c0000000)
 Metaspace       used 28936K, capacity 29162K, committed 29564K, reserved 1075200K
  class space    used 3508K, capacity 3578K, committed 3708K, reserved 1048576K
2016-07-04T18:50:12.455-0530: 87.045: [GC (Allocation Failure) 87.045: [ParNew
Desired survivor size 20112992 bytes, new threshold 1 (max 8)
- age   1:   22229384 bytes,   22229384 total
: 109248K->21824K(109248K), 0.0148102 secs] 349921K->291725K(502464K), 0.0148783 secs] [Times: user=0.04 sys=0.00, real=0.02 secs] 
Heap after GC invocations=61 (full 39):
 par new generation   total 109248K, used 21824K [0x00000007a0000000, 0x00000007a8000000, 0x00000007a8000000)
  eden space 87424K,   0% used [0x00000007a0000000, 0x00000007a0000000, 0x00000007a5560000)
  from space 21824K, 100% used [0x00000007a6ab0000, 0x00000007a8000000, 0x00000007a8000000)
  to   space 21824K,   0% used [0x00000007a5560000, 0x00000007a5560000, 0x00000007a6ab0000)
 concurrent mark-sweep generation total 393216K, used 269901K [0x00000007a8000000, 0x00000007c0000000, 0x00000007c0000000)
 Metaspace       used 28936K, capacity 29162K, committed 29564K, reserved 1075200K
  class space    used 3508K, capacity 3578K, committed 3708K, reserved 1048576K
}
2016-07-04T18:50:12.470-0530: 87.060: Total time for which application threads were stopped: 0.0150549 seconds
2016-07-04T18:50:12.483-0530: 87.073: [CMS-concurrent-mark: 0.101/0.116 secs] [Times: user=0.43 sys=0.00, real=0.12 secs] 
2016-07-04T18:50:12.483-0530: 87.073: [CMS-concurrent-preclean-start]
{Heap before GC invocations=61 (full 39):
 par new generation   total 109248K, used 109248K [0x00000007a0000000, 0x00000007a8000000, 0x00000007a8000000)
  eden space 87424K, 100% used [0x00000007a0000000, 0x00000007a5560000, 0x00000007a5560000)
  from space 21824K, 100% used [0x00000007a6ab0000, 0x00000007a8000000, 0x00000007a8000000)
  to   space 21824K,   0% used [0x00000007a5560000, 0x00000007a5560000, 0x00000007a6ab0000)
 concurrent mark-sweep generation total 393216K, used 269901K [0x00000007a8000000, 0x00000007c0000000, 0x00000007c0000000)
 Metaspace       used 28936K, capacity 29162K, committed 29564K, reserved 1075200K
  class space    used 3508K, capacity 3578K, committed 3708K, reserved 1048576K
2016-07-04T18:50:12.487-0530: 87.077: [GC (Allocation Failure) 87.077: [ParNew
Desired survivor size 20112992 bytes, new threshold 8 (max 8)
- age   1:   17697152 bytes,   17697152 total
: 109248K->21463K(109248K), 0.0117878 secs] 379149K->313073K(502464K), 0.0118770 secs] [Times: user=0.04 sys=0.01, real=0.01 secs] 
Heap after GC invocations=62 (full 39):
 par new generation   total 109248K, used 21463K [0x00000007a0000000, 0x00000007a8000000, 0x00000007a8000000)
  eden space 87424K,   0% used [0x00000007a0000000, 0x00000007a0000000, 0x00000007a5560000)
  from space 21824K,  98% used [0x00000007a5560000, 0x00000007a6a55d80, 0x00000007a6ab0000)
  to   space 21824K,   0% used [0x00000007a6ab0000, 0x00000007a6ab0000, 0x00000007a8000000)
 concurrent mark-sweep generation total 393216K, used 291610K [0x00000007a8000000, 0x00000007c0000000, 0x00000007c0000000)
 Metaspace       used 28936K, capacity 29162K, committed 29564K, reserved 1075200K
  class space    used 3508K, capacity 3578K, committed 3708K, reserved 1048576K
}
2016-07-04T18:50:12.499-0530: 87.089: Total time for which application threads were stopped: 0.0120622 seconds
2016-07-04T18:50:12.505-0530: 87.095: [CMS-concurrent-preclean: 0.009/0.022 secs] [Times: user=0.05 sys=0.01, real=0.02 secs] 
2016-07-04T18:50:12.505-0530: 87.095: [CMS-concurrent-abortable-preclean-start]
{Heap before GC invocations=62 (full 39):
 par new generation   total 109248K, used 108887K [0x00000007a0000000, 0x00000007a8000000, 0x00000007a8000000)
  eden space 87424K, 100% used [0x00000007a0000000, 0x00000007a5560000, 0x00000007a5560000)
  from space 21824K,  98% used [0x00000007a5560000, 0x00000007a6a55d80, 0x00000007a6ab0000)
  to   space 21824K,   0% used [0x00000007a6ab0000, 0x00000007a6ab0000, 0x00000007a8000000)
 concurrent mark-sweep generation total 393216K, used 291610K [0x00000007a8000000, 0x00000007c0000000, 0x00000007c0000000)
 Metaspace       used 28936K, capacity 29162K, committed 29564K, reserved 1075200K
  class space    used 3508K, capacity 3578K, committed 3708K, reserved 1048576K
2016-07-04T18:50:12.515-0530: 87.105: [GC (Allocation Failure) 87.105: [ParNew
Desired survivor size 20112992 bytes, new threshold 2 (max 8)
- age   1:    4582664 bytes,    4582664 total
- age   2:   17686456 bytes,   22269120 total
: 108887K->21824K(109248K), 0.0096269 secs] 400497K->326233K(502464K), 0.0096891 secs] [Times: user=0.03 sys=0.00, real=0.01 secs] 
Heap after GC invocations=63 (full 39):
 par new generation   total 109248K, used 21824K [0x00000007a0000000, 0x00000007a8000000, 0x00000007a8000000)
  eden space 87424K,   0% used [0x00000007a0000000, 0x00000007a0000000, 0x00000007a5560000)
  from space 21824K, 100% used [0x00000007a6ab0000, 0x00000007a8000000, 0x00000007a8000000)
  to   space 21824K,   0% used [0x00000007a5560000, 0x00000007a5560000, 0x00000007a6ab0000)
 concurrent mark-sweep generation total 393216K, used 304409K [0x00000007a8000000, 0x00000007c0000000, 0x00000007c0000000)
 Metaspace       used 28936K, capacity 29162K, committed 29564K, reserved 1075200K
  class space    used 3508K, capacity 3578K, committed 3708K, reserved 1048576K
}
2016-07-04T18:50:12.524-0530: 87.114: Total time for which application threads were stopped: 0.0098705 seconds
2016-07-04T18:50:12.524-0530: 87.114: [CMS-concurrent-abortable-preclean: 0.007/0.019 secs] [Times: user=0.06 sys=0.00, real=0.02 secs] 
2016-07-04T18:50:12.525-0530: 87.114: [GC (CMS Final Remark) [YG occupancy: 23510 K (109248 K)]{Heap before GC invocations=63 (full 39):
 par new generation   total 109248K, used 23510K [0x00000007a0000000, 0x00000007a8000000, 0x00000007a8000000)
  eden space 87424K,   1% used [0x00000007a0000000, 0x00000007a01a5b80, 0x00000007a5560000)
  from space 21824K, 100% used [0x00000007a6ab0000, 0x00000007a8000000, 0x00000007a8000000)
  to   space 21824K,   0% used [0x00000007a5560000, 0x00000007a5560000, 0x00000007a6ab0000)
 concurrent mark-sweep generation total 393216K, used 304409K [0x00000007a8000000, 0x00000007c0000000, 0x00000007c0000000)
 Metaspace       used 28936K, capacity 29162K, committed 29564K, reserved 1075200K
  class space    used 3508K, capacity 3578K, committed 3708K, reserved 1048576K
2016-07-04T18:50:12.525-0530: 87.114: [GC (CMS Final Remark) 87.114: [ParNew
Desired survivor size 20112992 bytes, new threshold 8 (max 8)
- age   1:      12112 bytes,      12112 total
- age   2:    4570968 bytes,    4583080 total
: 23510K->20892K(109248K), 0.0081129 secs] 327920K->342573K(502464K), 0.0081857 secs] [Times: user=0.02 sys=0.00, real=0.01 secs] 
Heap after GC invocations=64 (full 39):
 par new generation   total 109248K, used 20892K [0x00000007a0000000, 0x00000007a8000000, 0x00000007a8000000)
  eden space 87424K,   0% used [0x00000007a0000000, 0x00000007a0000000, 0x00000007a5560000)
  from space 21824K,  95% used [0x00000007a5560000, 0x00000007a69c7120, 0x00000007a6ab0000)
  to   space 21824K,   0% used [0x00000007a6ab0000, 0x00000007a6ab0000, 0x00000007a8000000)
 concurrent mark-sweep generation total 393216K, used 321681K [0x00000007a8000000, 0x00000007c0000000, 0x00000007c0000000)
 Metaspace       used 28936K, capacity 29162K, committed 29564K, reserved 1075200K
  class space    used 3508K, capacity 3578K, committed 3708K, reserved 1048576K
}
87.123: [Rescan (parallel) , 0.0016800 secs]87.124: [weak refs processing, 0.0006031 secs]87.125: [class unloading, 0.0097370 secs]87.135: [scrub symbol table, 0.0058228 secs]87.141: [scrub string table, 0.0004150 secs][1 CMS-remark: 321681K(393216K)] 342573K(502464K), 0.0288678 secs] [Times: user=0.04 sys=0.00, real=0.03 secs] 
2016-07-04T18:50:12.553-0530: 87.143: Total time for which application threads were stopped: 0.0289919 seconds
2016-07-04T18:50:12.553-0530: 87.143: [CMS-concurrent-sweep-start]
{Heap before GC invocations=64 (full 39):
 par new generation   total 109248K, used 108316K [0x00000007a0000000, 0x00000007a8000000, 0x00000007a8000000)
  eden space 87424K, 100% used [0x00000007a0000000, 0x00000007a5560000, 0x00000007a5560000)
  from space 21824K,  95% used [0x00000007a5560000, 0x00000007a69c7120, 0x00000007a6ab0000)
  to   space 21824K,   0% used [0x00000007a6ab0000, 0x00000007a6ab0000, 0x00000007a8000000)
 concurrent mark-sweep generation total 393216K, used 320680K [0x00000007a8000000, 0x00000007c0000000, 0x00000007c0000000)
 Metaspace       used 28936K, capacity 29162K, committed 29564K, reserved 1075200K
  class space    used 3508K, capacity 3578K, committed 3708K, reserved 1048576K
2016-07-04T18:50:12.569-0530: 87.159: [GC (Allocation Failure) 87.159: [ParNew
Desired survivor size 20112992 bytes, new threshold 3 (max 8)
- age   1:   17715768 bytes,   17715768 total
- age   2:      12072 bytes,   17727840 total
- age   3:    4227544 bytes,   21955384 total
: 108316K->21824K(109248K), 0.0061861 secs] 428997K->342840K(502464K), 0.0062448 secs] [Times: user=0.02 sys=0.00, real=0.01 secs] 
Heap after GC invocations=65 (full 39):
 par new generation   total 109248K, used 21824K [0x00000007a0000000, 0x00000007a8000000, 0x00000007a8000000)
  eden space 87424K,   0% used [0x00000007a0000000, 0x00000007a0000000, 0x00000007a5560000)
  from space 21824K, 100% used [0x00000007a6ab0000, 0x00000007a8000000, 0x00000007a8000000)
  to   space 21824K,   0% used [0x00000007a5560000, 0x00000007a5560000, 0x00000007a6ab0000)
 concurrent mark-sweep generation total 393216K, used 321016K [0x00000007a8000000, 0x00000007c0000000, 0x00000007c0000000)
 Metaspace       used 28936K, capacity 29162K, committed 29564K, reserved 1075200K
  class space    used 3508K, capacity 3578K, committed 3708K, reserved 1048576K
}
2016-07-04T18:50:12.575-0530: 87.165: Total time for which application threads were stopped: 0.0064248 seconds
2016-07-04T18:50:12.576-0530: 87.166: [CMS-concurrent-sweep: 0.016/0.023 secs] [Times: user=0.05 sys=0.00, real=0.02 secs] 
2016-07-04T18:50:12.577-0530: 87.166: [CMS-concurrent-reset-start]
2016-07-04T18:50:12.577-0530: 87.167: [CMS-concurrent-reset: 0.001/0.001 secs] [Times: user=0.00 sys=0.00, real=0.00 secs] 
{Heap before GC invocations=65 (full 39):
 par new generation   total 109248K, used 109248K [0x00000007a0000000, 0x00000007a8000000, 0x00000007a8000000)
  eden space 87424K, 100% used [0x00000007a0000000, 0x00000007a5560000, 0x00000007a5560000)
  from space 21824K, 100% used [0x00000007a6ab0000, 0x00000007a8000000, 0x00000007a8000000)
  to   space 21824K,   0% used [0x00000007a5560000, 0x00000007a5560000, 0x00000007a6ab0000)
 concurrent mark-sweep generation total 393216K, used 321016K [0x00000007a8000000, 0x00000007c0000000, 0x00000007c0000000)
 Metaspace       used 28936K, capacity 29162K, committed 29564K, reserved 1075200K
  class space    used 3508K, capacity 3578K, committed 3708K, reserved 1048576K
2016-07-04T18:50:12.590-0530: 87.180: [GC (Allocation Failure) 87.180: [ParNew
Desired survivor size 20112992 bytes, new threshold 2 (max 8)
- age   1:    6364096 bytes,    6364096 total
- age   2:   15948608 bytes,   22312704 total
- age   3:      12072 bytes,   22324776 total
: 109248K->21824K(109248K), 0.0112491 secs] 430264K->359757K(502464K), 0.0113415 secs] [Times: user=0.03 sys=0.01, real=0.01 secs] 
Heap after GC invocations=66 (full 39):
 par new generation   total 109248K, used 21824K [0x00000007a0000000, 0x00000007a8000000, 0x00000007a8000000)
  eden space 87424K,   0% used [0x00000007a0000000, 0x00000007a0000000, 0x00000007a5560000)
  from space 21824K, 100% used [0x00000007a5560000, 0x00000007a6ab0000, 0x00000007a6ab0000)
  to   space 21824K,   0% used [0x00000007a6ab0000, 0x00000007a6ab0000, 0x00000007a8000000)
 concurrent mark-sweep generation total 393216K, used 337933K [0x00000007a8000000, 0x00000007c0000000, 0x00000007c0000000)
 Metaspace       used 28936K, capacity 29162K, committed 29564K, reserved 1075200K
  class space    used 3508K, capacity 3578K, committed 3708K, reserved 1048576K
}
2016-07-04T18:50:12.601-0530: 87.191: Total time for which application threads were stopped: 0.0115363 seconds
2016-07-04T18:50:12.601-0530: 87.191: [GC (CMS Initial Mark) [1 CMS-initial-mark: 337933K(393216K)] 361501K(502464K), 0.0010540 secs] [Times: user=0.00 sys=0.00, real=0.00 secs] 
2016-07-04T18:50:12.603-0530: 87.193: Total time for which application threads were stopped: 0.0012017 seconds
2016-07-04T18:50:12.603-0530: 87.193: [CMS-concurrent-mark-start]
{Heap before GC invocations=66 (full 40):
 par new generation   total 109248K, used 109248K [0x00000007a0000000, 0x00000007a8000000, 0x00000007a8000000)
  eden space 87424K, 100% used [0x00000007a0000000, 0x00000007a5560000, 0x00000007a5560000)
  from space 21824K, 100% used [0x00000007a5560000, 0x00000007a6ab0000, 0x00000007a6ab0000)
  to   space 21824K,   0% used [0x00000007a6ab0000, 0x00000007a6ab0000, 0x00000007a8000000)
 concurrent mark-sweep generation total 393216K, used 337933K [0x00000007a8000000, 0x00000007c0000000, 0x00000007c0000000)
 Metaspace       used 28936K, capacity 29162K, committed 29564K, reserved 1075200K
  class space    used 3508K, capacity 3578K, committed 3708K, reserved 1048576K
2016-07-04T18:50:12.642-0530: 87.232: [GC (Allocation Failure) 87.232: [ParNew
Desired survivor size 20112992 bytes, new threshold 8 (max 8)
- age   1:   15214416 bytes,   15214416 total
- age   2:    4139520 bytes,   19353936 total
: 109248K->21824K(109248K), 0.0166697 secs] 447181K->379928K(502464K), 0.0167314 secs] [Times: user=0.03 sys=0.00, real=0.01 secs] 
Heap after GC invocations=67 (full 40):
 par new generation   total 109248K, used 21824K [0x00000007a0000000, 0x00000007a8000000, 0x00000007a8000000)
  eden space 87424K,   0% used [0x00000007a0000000, 0x00000007a0000000, 0x00000007a5560000)
  from space 21824K, 100% used [0x00000007a6ab0000, 0x00000007a8000000, 0x00000007a8000000)
  to   space 21824K,   0% used [0x00000007a5560000, 0x00000007a5560000, 0x00000007a6ab0000)
 concurrent mark-sweep generation total 393216K, used 358104K [0x00000007a8000000, 0x00000007c0000000, 0x00000007c0000000)
 Metaspace       used 28936K, capacity 29162K, committed 29564K, reserved 1075200K
  class space    used 3508K, capacity 3578K, committed 3708K, reserved 1048576K
}
2016-07-04T18:50:12.659-0530: 87.249: Total time for which application threads were stopped: 0.0169151 seconds
{Heap before GC invocations=67 (full 40):
 par new generation   total 109248K, used 109248K [0x00000007a0000000, 0x00000007a8000000, 0x00000007a8000000)
  eden space 87424K, 100% used [0x00000007a0000000, 0x00000007a5560000, 0x00000007a5560000)
  from space 21824K, 100% used [0x00000007a6ab0000, 0x00000007a8000000, 0x00000007a8000000)
  to   space 21824K,   0% used [0x00000007a5560000, 0x00000007a5560000, 0x00000007a6ab0000)
 concurrent mark-sweep generation total 393216K, used 358104K [0x00000007a8000000, 0x00000007c0000000, 0x00000007c0000000)
 Metaspace       used 28936K, capacity 29162K, committed 29564K, reserved 1075200K
  class space    used 3508K, capacity 3578K, committed 3708K, reserved 1048576K
2016-07-04T18:50:12.676-0530: 87.266: [GC (Allocation Failure) 87.266: [ParNew
Desired survivor size 20112992 bytes, new threshold 3 (max 8)
- age   1:    6438344 bytes,    6438344 total
- age   2:   12433080 bytes,   18871424 total
- age   3:    3441344 bytes,   22312768 total
: 109248K->21824K(109248K), 0.0107394 secs] 467352K->394320K(502464K), 0.0108235 secs] [Times: user=0.04 sys=0.00, real=0.01 secs] 
Heap after GC invocations=68 (full 40):
 par new generation   total 109248K, used 21824K [0x00000007a0000000, 0x00000007a8000000, 0x00000007a8000000)
  eden space 87424K,   0% used [0x00000007a0000000, 0x00000007a0000000, 0x00000007a5560000)
  from space 21824K, 100% used [0x00000007a5560000, 0x00000007a6ab0000, 0x00000007a6ab0000)
  to   space 21824K,   0% used [0x00000007a6ab0000, 0x00000007a6ab0000, 0x00000007a8000000)
 concurrent mark-sweep generation total 393216K, used 372496K [0x00000007a8000000, 0x00000007c0000000, 0x00000007c0000000)
 Metaspace       used 28936K, capacity 29162K, committed 29564K, reserved 1075200K
  class space    used 3508K, capacity 3578K, committed 3708K, reserved 1048576K
}
2016-07-04T18:50:12.687-0530: 87.277: Total time for which application threads were stopped: 0.0110239 seconds
{Heap before GC invocations=68 (full 40):
 par new generation   total 109248K, used 109248K [0x00000007a0000000, 0x00000007a8000000, 0x00000007a8000000)
  eden space 87424K, 100% used [0x00000007a0000000, 0x00000007a5560000, 0x00000007a5560000)
  from space 21824K, 100% used [0x00000007a5560000, 0x00000007a6ab0000, 0x00000007a6ab0000)
  to   space 21824K,   0% used [0x00000007a6ab0000, 0x00000007a6ab0000, 0x00000007a8000000)
 concurrent mark-sweep generation total 393216K, used 372496K [0x00000007a8000000, 0x00000007c0000000, 0x00000007c0000000)
 Metaspace       used 28936K, capacity 29162K, committed 29564K, reserved 1075200K
  class space    used 3508K, capacity 3578K, committed 3708K, reserved 1048576K
2016-07-04T18:50:12.704-0530: 87.294: [GC (Allocation Failure) 87.294: [ParNew: 109248K->109248K(109248K), 0.0000255 secs]87.294: [CMS2016-07-04T18:50:12.743-0530: 87.333: [CMS-concurrent-mark: 0.111/0.140 secs] [Times: user=0.41 sys=0.00, real=0.14 secs] 
 (concurrent mode failure): 372496K->393208K(393216K), 0.3240833 secs] 481744K->411118K(502464K), [Metaspace: 28936K->28936K(1075200K)], 0.3241960 secs] [Times: user=0.40 sys=0.01, real=0.32 secs] 
Heap after GC invocations=69 (full 41):
 par new generation   total 109248K, used 17909K [0x00000007a0000000, 0x00000007a8000000, 0x00000007a8000000)
  eden space 87424K,  20% used [0x00000007a0000000, 0x00000007a117d780, 0x00000007a5560000)
  from space 21824K,   0% used [0x00000007a5560000, 0x00000007a5560000, 0x00000007a6ab0000)
  to   space 21824K,   0% used [0x00000007a6ab0000, 0x00000007a6ab0000, 0x00000007a8000000)
 concurrent mark-sweep generation total 393216K, used 393208K [0x00000007a8000000, 0x00000007c0000000, 0x00000007c0000000)
 Metaspace       used 28936K, capacity 29162K, committed 29564K, reserved 1075200K
  class space    used 3508K, capacity 3578K, committed 3708K, reserved 1048576K
}
2016-07-04T18:50:13.029-0530: 87.618: Total time for which application threads were stopped: 0.3244012 seconds
{Heap before GC invocations=69 (full 41):
 par new generation   total 109248K, used 102482K [0x00000007a0000000, 0x00000007a8000000, 0x00000007a8000000)
  eden space 87424K,  97% used [0x00000007a0000000, 0x00000007a5388808, 0x00000007a5560000)
  from space 21824K,  77% used [0x00000007a5560000, 0x00000007a65ec140, 0x00000007a6ab0000)
  to   space 21824K,   0% used [0x00000007a6ab0000, 0x00000007a6ab0000, 0x00000007a8000000)
 concurrent mark-sweep generation total 393216K, used 393208K [0x00000007a8000000, 0x00000007c0000000, 0x00000007c0000000)
 Metaspace       used 28939K, capacity 29162K, committed 29564K, reserved 1075200K
  class space    used 3508K, capacity 3578K, committed 3708K, reserved 1048576K
2016-07-04T18:50:13.323-0530: 87.913: [Full GC (Allocation Failure) 87.913: [CMS: 393208K->309130K(393216K), 0.1858982 secs] 495691K->309130K(502464K), [Metaspace: 28939K->28939K(1075200K)], 0.1860108 secs] [Times: user=0.18 sys=0.00, real=0.18 secs] 
Heap after GC invocations=70 (full 42):
 par new generation   total 109248K, used 0K [0x00000007a0000000, 0x00000007a8000000, 0x00000007a8000000)
  eden space 87424K,   0% used [0x00000007a0000000, 0x00000007a0000000, 0x00000007a5560000)
  from space 21824K,   0% used [0x00000007a5560000, 0x00000007a5560000, 0x00000007a6ab0000)
  to   space 21824K,   0% used [0x00000007a6ab0000, 0x00000007a6ab0000, 0x00000007a8000000)
 concurrent mark-sweep generation total 393216K, used 309130K [0x00000007a8000000, 0x00000007c0000000, 0x00000007c0000000)
 Metaspace       used 28939K, capacity 29162K, committed 29564K, reserved 1075200K
  class space    used 3508K, capacity 3578K, committed 3708K, reserved 1048576K
}
2016-07-04T18:50:13.509-0530: 88.099: Total time for which application threads were stopped: 0.1862323 seconds
2016-07-04T18:50:13.510-0530: 88.100: [GC (CMS Initial Mark) [1 CMS-initial-mark: 309130K(393216K)] 314041K(502464K), 0.0006443 secs] [Times: user=0.01 sys=0.00, real=0.00 secs] 
2016-07-04T18:50:13.511-0530: 88.101: Total time for which application threads were stopped: 0.0013895 seconds
2016-07-04T18:50:13.511-0530: 88.101: [CMS-concurrent-mark-start]
2016-07-04T18:50:13.557-0530: 88.147: [CMS-concurrent-mark: 0.047/0.047 secs] [Times: user=0.17 sys=0.00, real=0.04 secs] 
2016-07-04T18:50:13.557-0530: 88.147: [CMS-concurrent-preclean-start]
2016-07-04T18:50:13.560-0530: 88.150: [CMS-concurrent-preclean: 0.003/0.003 secs] [Times: user=0.00 sys=0.00, real=0.01 secs] 
2016-07-04T18:50:13.560-0530: 88.150: [CMS-concurrent-abortable-preclean-start]
{Heap before GC invocations=70 (full 43):
 par new generation   total 109248K, used 82937K [0x00000007a0000000, 0x00000007a8000000, 0x00000007a8000000)
  eden space 87424K,  94% used [0x00000007a0000000, 0x00000007a50fe5c8, 0x00000007a5560000)
  from space 21824K,   0% used [0x00000007a5560000, 0x00000007a5560000, 0x00000007a6ab0000)
  to   space 21824K,   0% used [0x00000007a6ab0000, 0x00000007a6ab0000, 0x00000007a8000000)
 concurrent mark-sweep generation total 393216K, used 309130K [0x00000007a8000000, 0x00000007c0000000, 0x00000007c0000000)
 Metaspace       used 28939K, capacity 29162K, committed 29564K, reserved 1075200K
  class space    used 3508K, capacity 3578K, committed 3708K, reserved 1048576K
2016-07-04T18:50:13.884-0530: 88.474: [GC (Allocation Failure) 88.474: [ParNew2016-07-04T18:50:13.906-0530: 88.496: [CMS-concurrent-abortable-preclean: 0.035/0.346 secs] [Times: user=0.44 sys=0.00, real=0.34 secs] 

Desired survivor size 20112992 bytes, new threshold 8 (max 8)
- age   1:    6923976 bytes,    6923976 total
: 82937K->21824K(109248K), 0.0315710 secs] 392067K->376447K(502464K), 0.0316450 secs] [Times: user=0.11 sys=0.01, real=0.03 secs] 
Heap after GC invocations=71 (full 43):
 par new generation   total 109248K, used 21824K [0x00000007a0000000, 0x00000007a8000000, 0x00000007a8000000)
  eden space 87424K,   0% used [0x00000007a0000000, 0x00000007a0000000, 0x00000007a5560000)
  from space 21824K, 100% used [0x00000007a6ab0000, 0x00000007a8000000, 0x00000007a8000000)
  to   space 21824K,   0% used [0x00000007a5560000, 0x00000007a5560000, 0x00000007a6ab0000)
 concurrent mark-sweep generation total 393216K, used 354623K [0x00000007a8000000, 0x00000007c0000000, 0x00000007c0000000)
 Metaspace       used 28939K, capacity 29162K, committed 29564K, reserved 1075200K
  class space    used 3508K, capacity 3578K, committed 3708K, reserved 1048576K
}
2016-07-04T18:50:13.915-0530: 88.505: Total time for which application threads were stopped: 0.0318745 seconds
2016-07-04T18:50:13.917-0530: 88.507: [GC (CMS Final Remark) [YG occupancy: 27349 K (109248 K)]{Heap before GC invocations=71 (full 43):
 par new generation   total 109248K, used 27349K [0x00000007a0000000, 0x00000007a8000000, 0x00000007a8000000)
  eden space 87424K,   6% used [0x00000007a0000000, 0x00000007a0565438, 0x00000007a5560000)
  from space 21824K, 100% used [0x00000007a6ab0000, 0x00000007a8000000, 0x00000007a8000000)
  to   space 21824K,   0% used [0x00000007a5560000, 0x00000007a5560000, 0x00000007a6ab0000)
 concurrent mark-sweep generation total 393216K, used 354623K [0x00000007a8000000, 0x00000007c0000000, 0x00000007c0000000)
 Metaspace       used 28939K, capacity 29162K, committed 29564K, reserved 1075200K
  class space    used 3508K, capacity 3578K, committed 3708K, reserved 1048576K
2016-07-04T18:50:13.917-0530: 88.507: [GC (CMS Final Remark) 88.507: [ParNew
Desired survivor size 20112992 bytes, new threshold 8 (max 8)
- age   1:    5657656 bytes,    5657656 total
- age   2:    3152232 bytes,    8809888 total
: 27349K->11150K(109248K), 0.0101187 secs] 381973K->365774K(502464K), 0.0101622 secs] [Times: user=0.04 sys=0.00, real=0.01 secs] 
Heap after GC invocations=72 (full 43):
 par new generation   total 109248K, used 11150K [0x00000007a0000000, 0x00000007a8000000, 0x00000007a8000000)
  eden space 87424K,   0% used [0x00000007a0000000, 0x00000007a0000000, 0x00000007a5560000)
  from space 21824K,  51% used [0x00000007a5560000, 0x00000007a6043918, 0x00000007a6ab0000)
  to   space 21824K,   0% used [0x00000007a6ab0000, 0x00000007a6ab0000, 0x00000007a8000000)
 concurrent mark-sweep generation total 393216K, used 354623K [0x00000007a8000000, 0x00000007c0000000, 0x00000007c0000000)
 Metaspace       used 28939K, capacity 29162K, committed 29564K, reserved 1075200K
  class space    used 3508K, capacity 3578K, committed 3708K, reserved 1048576K
}
88.517: [Rescan (parallel) , 0.0116498 secs]88.528: [weak refs processing, 0.0006373 secs]88.529: [class unloading, 0.0116056 secs]88.541: [scrub symbol table, 0.0045705 secs]88.545: [scrub string table, 0.0004246 secs][1 CMS-remark: 354623K(393216K)] 365774K(502464K), 0.0414793 secs] [Times: user=0.10 sys=0.00, real=0.04 secs] 
2016-07-04T18:50:13.958-0530: 88.548: Total time for which application threads were stopped: 0.0426046 seconds
2016-07-04T18:50:13.958-0530: 88.548: [CMS-concurrent-sweep-start]
2016-07-04T18:50:13.976-0530: 88.566: [CMS-concurrent-sweep: 0.018/0.018 secs] [Times: user=0.03 sys=0.00, real=0.02 secs] 
2016-07-04T18:50:13.976-0530: 88.566: [CMS-concurrent-reset-start]
2016-07-04T18:50:13.976-0530: 88.566: [CMS-concurrent-reset: 0.000/0.000 secs] [Times: user=0.00 sys=0.00, real=0.00 secs] 
{Heap before GC invocations=72 (full 43):
 par new generation   total 109248K, used 91107K [0x00000007a0000000, 0x00000007a8000000, 0x00000007a8000000)
  eden space 87424K,  91% used [0x00000007a0000000, 0x00000007a4e153a0, 0x00000007a5560000)
  from space 21824K,  51% used [0x00000007a5560000, 0x00000007a6043918, 0x00000007a6ab0000)
  to   space 21824K,   0% used [0x00000007a6ab0000, 0x00000007a6ab0000, 0x00000007a8000000)
 concurrent mark-sweep generation total 393216K, used 354623K [0x00000007a8000000, 0x00000007c0000000, 0x00000007c0000000)
 Metaspace       used 28939K, capacity 29162K, committed 29564K, reserved 1075200K
  class space    used 3508K, capacity 3578K, committed 3708K, reserved 1048576K
2016-07-04T18:50:14.286-0530: 88.876: [GC (Allocation Failure) 88.876: [ParNew: 91107K->91107K(109248K), 0.0000217 secs]88.876: [CMS: 354623K->368793K(393216K), 0.2358358 secs] 445731K->368793K(502464K), [Metaspace: 28939K->28939K(1075200K)], 0.2359496 secs] [Times: user=0.24 sys=0.00, real=0.24 secs] 
Heap after GC invocations=73 (full 44):
 par new generation   total 109248K, used 0K [0x00000007a0000000, 0x00000007a8000000, 0x00000007a8000000)
  eden space 87424K,   0% used [0x00000007a0000000, 0x00000007a0000000, 0x00000007a5560000)
  from space 21824K,   0% used [0x00000007a5560000, 0x00000007a5560000, 0x00000007a6ab0000)
  to   space 21824K,   0% used [0x00000007a6ab0000, 0x00000007a6ab0000, 0x00000007a8000000)
 concurrent mark-sweep generation total 393216K, used 368793K [0x00000007a8000000, 0x00000007c0000000, 0x00000007c0000000)
 Metaspace       used 28939K, capacity 29162K, committed 29564K, reserved 1075200K
  class space    used 3508K, capacity 3578K, committed 3708K, reserved 1048576K
}
2016-07-04T18:50:14.522-0530: 89.112: Total time for which application threads were stopped: 0.2361487 seconds
2016-07-04T18:50:14.524-0530: 89.114: [GC (CMS Initial Mark) [1 CMS-initial-mark: 368793K(393216K)] 385368K(502464K), 0.0006511 secs] [Times: user=0.00 sys=0.00, real=0.00 secs] 
2016-07-04T18:50:14.525-0530: 89.115: Total time for which application threads were stopped: 0.0027172 seconds
2016-07-04T18:50:14.525-0530: 89.115: [CMS-concurrent-mark-start]
2016-07-04T18:50:14.623-0530: 89.213: [CMS-concurrent-mark: 0.097/0.097 secs] [Times: user=0.31 sys=0.00, real=0.10 secs] 
2016-07-04T18:50:14.623-0530: 89.213: [CMS-concurrent-preclean-start]
2016-07-04T18:50:14.630-0530: 89.220: [CMS-concurrent-preclean: 0.007/0.007 secs] [Times: user=0.02 sys=0.00, real=0.01 secs] 
2016-07-04T18:50:14.630-0530: 89.220: [CMS-concurrent-abortable-preclean-start]
2016-07-04T18:50:14.653-0530: 89.243: [CMS-concurrent-abortable-preclean: 0.023/0.023 secs] [Times: user=0.04 sys=0.01, real=0.02 secs] 
2016-07-04T18:50:14.657-0530: 89.247: [GC (CMS Final Remark) [YG occupancy: 54344 K (109248 K)]{Heap before GC invocations=73 (full 45):
 par new generation   total 109248K, used 54344K [0x00000007a0000000, 0x00000007a8000000, 0x00000007a8000000)
  eden space 87424K,  62% used [0x00000007a0000000, 0x00000007a3512240, 0x00000007a5560000)
  from space 21824K,   0% used [0x00000007a5560000, 0x00000007a5560000, 0x00000007a6ab0000)
  to   space 21824K,   0% used [0x00000007a6ab0000, 0x00000007a6ab0000, 0x00000007a8000000)
 concurrent mark-sweep generation total 393216K, used 368793K [0x00000007a8000000, 0x00000007c0000000, 0x00000007c0000000)
 Metaspace       used 28939K, capacity 29162K, committed 29564K, reserved 1075200K
  class space    used 3508K, capacity 3578K, committed 3708K, reserved 1048576K
2016-07-04T18:50:14.657-0530: 89.247: [GC (CMS Final Remark) 89.247: [ParNew: 54344K->54344K(109248K), 0.0000201 secs] 423137K->423137K(502464K), 0.0000478 secs] [Times: user=0.00 sys=0.00, real=0.00 secs] 
Heap after GC invocations=74 (full 45):
 par new generation   total 109248K, used 54344K [0x00000007a0000000, 0x00000007a8000000, 0x00000007a8000000)
  eden space 87424K,  62% used [0x00000007a0000000, 0x00000007a3512240, 0x00000007a5560000)
  from space 21824K,   0% used [0x00000007a5560000, 0x00000007a5560000, 0x00000007a6ab0000)
  to   space 21824K,   0% used [0x00000007a6ab0000, 0x00000007a6ab0000, 0x00000007a8000000)
 concurrent mark-sweep generation total 393216K, used 368793K [0x00000007a8000000, 0x00000007c0000000, 0x00000007c0000000)
 Metaspace       used 28939K, capacity 29162K, committed 29564K, reserved 1075200K
  class space    used 3508K, capacity 3578K, committed 3708K, reserved 1048576K
}
89.247: [Rescan (parallel) , 0.0386441 secs]89.286: [weak refs processing, 0.0017208 secs]89.288: [class unloading, 0.0097775 secs]89.298: [scrub symbol table, 0.0064666 secs]89.304: [scrub string table, 0.0004613 secs][1 CMS-remark: 368793K(393216K)] 423137K(502464K), 0.0593571 secs] [Times: user=0.14 sys=0.00, real=0.06 secs] 
2016-07-04T18:50:14.717-0530: 89.307: Total time for which application threads were stopped: 0.0637751 seconds
2016-07-04T18:50:14.717-0530: 89.307: [CMS-concurrent-sweep-start]
2016-07-04T18:50:14.737-0530: 89.327: [CMS-concurrent-sweep: 0.020/0.020 secs] [Times: user=0.04 sys=0.00, real=0.02 secs] 
2016-07-04T18:50:14.737-0530: 89.327: [CMS-concurrent-reset-start]
2016-07-04T18:50:14.737-0530: 89.327: [CMS-concurrent-reset: 0.000/0.000 secs] [Times: user=0.00 sys=0.00, real=0.00 secs] 
{Heap before GC invocations=74 (full 45):
 par new generation   total 109248K, used 57796K [0x00000007a0000000, 0x00000007a8000000, 0x00000007a8000000)
  eden space 87424K,  66% used [0x00000007a0000000, 0x00000007a3871148, 0x00000007a5560000)
  from space 21824K,   0% used [0x00000007a5560000, 0x00000007a5560000, 0x00000007a6ab0000)
  to   space 21824K,   0% used [0x00000007a6ab0000, 0x00000007a6ab0000, 0x00000007a8000000)
 concurrent mark-sweep generation total 393216K, used 368793K [0x00000007a8000000, 0x00000007c0000000, 0x00000007c0000000)
 Metaspace       used 28939K, capacity 29162K, committed 29564K, reserved 1075200K
  class space    used 3508K, capacity 3578K, committed 3708K, reserved 1048576K
2016-07-04T18:50:15.103-0530: 89.693: [GC (Allocation Failure) 89.694: [ParNew: 57796K->57796K(109248K), 0.0000210 secs]89.694: [CMS: 368793K->389561K(393216K), 0.2470494 secs] 426589K->389561K(502464K), [Metaspace: 28939K->28939K(1075200K)], 0.2471721 secs] [Times: user=0.25 sys=0.00, real=0.25 secs] 
Heap after GC invocations=75 (full 46):
 par new generation   total 109248K, used 0K [0x00000007a0000000, 0x00000007a8000000, 0x00000007a8000000)
  eden space 87424K,   0% used [0x00000007a0000000, 0x00000007a0000000, 0x00000007a5560000)
  from space 21824K,   0% used [0x00000007a5560000, 0x00000007a5560000, 0x00000007a6ab0000)
  to   space 21824K,   0% used [0x00000007a6ab0000, 0x00000007a6ab0000, 0x00000007a8000000)
 concurrent mark-sweep generation total 393216K, used 389561K [0x00000007a8000000, 0x00000007c0000000, 0x00000007c0000000)
 Metaspace       used 28939K, capacity 29162K, committed 29564K, reserved 1075200K
  class space    used 3508K, capacity 3578K, committed 3708K, reserved 1048576K
}
2016-07-04T18:50:15.351-0530: 89.941: Total time for which application threads were stopped: 0.2473551 seconds
2016-07-04T18:50:15.357-0530: 89.947: [GC (CMS Initial Mark) [1 CMS-initial-mark: 389561K(393216K)] 439287K(502464K), 0.0006191 secs] [Times: user=0.00 sys=0.00, real=0.00 secs] 
2016-07-04T18:50:15.357-0530: 89.947: Total time for which application threads were stopped: 0.0066971 seconds
2016-07-04T18:50:15.358-0530: 89.948: [CMS-concurrent-mark-start]
{Heap before GC invocations=75 (full 47):
 par new generation   total 109248K, used 63303K [0x00000007a0000000, 0x00000007a8000000, 0x00000007a8000000)
  eden space 87424K,  72% used [0x00000007a0000000, 0x00000007a3dd1ee0, 0x00000007a5560000)
  from space 21824K,   0% used [0x00000007a5560000, 0x00000007a5560000, 0x00000007a6ab0000)
  to   space 21824K,   0% used [0x00000007a6ab0000, 0x00000007a6ab0000, 0x00000007a8000000)
 concurrent mark-sweep generation total 393216K, used 389561K [0x00000007a8000000, 0x00000007c0000000, 0x00000007c0000000)
 Metaspace       used 28939K, capacity 29162K, committed 29564K, reserved 1075200K
  class space    used 3508K, capacity 3578K, committed 3708K, reserved 1048576K
2016-07-04T18:50:15.369-0530: 89.959: [GC (Allocation Failure) 89.959: [ParNew: 63303K->63303K(109248K), 0.0000206 secs]89.959: [CMS2016-07-04T18:50:15.462-0530: 90.052: [CMS-concurrent-mark: 0.103/0.105 secs] [Times: user=0.38 sys=0.01, real=0.11 secs] 
 (concurrent mode failure): 389561K->348124K(393216K), 0.3467088 secs] 452865K->410280K(502464K), [Metaspace: 28939K->28939K(1075200K)], 0.3468411 secs] [Times: user=0.58 sys=0.01, real=0.35 secs] 
Heap after GC invocations=76 (full 48):
 par new generation   total 109248K, used 62156K [0x00000007a0000000, 0x00000007a8000000, 0x00000007a8000000)
  eden space 87424K,  71% used [0x00000007a0000000, 0x00000007a3cb32a8, 0x00000007a5560000)
  from space 21824K,   0% used [0x00000007a5560000, 0x00000007a5560000, 0x00000007a6ab0000)
  to   space 21824K,   0% used [0x00000007a6ab0000, 0x00000007a6ab0000, 0x00000007a8000000)
 concurrent mark-sweep generation total 393216K, used 348124K [0x00000007a8000000, 0x00000007c0000000, 0x00000007c0000000)
 Metaspace       used 28939K, capacity 29162K, committed 29564K, reserved 1075200K
  class space    used 3508K, capacity 3578K, committed 3708K, reserved 1048576K
}
2016-07-04T18:50:15.716-0530: 90.306: Total time for which application threads were stopped: 0.3470872 seconds
{Heap before GC invocations=76 (full 48):
 par new generation   total 109248K, used 87424K [0x00000007a0000000, 0x00000007a8000000, 0x00000007a8000000)
  eden space 87424K, 100% used [0x00000007a0000000, 0x00000007a5560000, 0x00000007a5560000)
  from space 21824K,   0% used [0x00000007a5560000, 0x00000007a5560000, 0x00000007a6ab0000)
  to   space 21824K,   0% used [0x00000007a6ab0000, 0x00000007a6ab0000, 0x00000007a8000000)
 concurrent mark-sweep generation total 393216K, used 348124K [0x00000007a8000000, 0x00000007c0000000, 0x00000007c0000000)
 Metaspace       used 28939K, capacity 29162K, committed 29564K, reserved 1075200K
  class space    used 3508K, capacity 3578K, committed 3708K, reserved 1048576K
2016-07-04T18:50:15.804-0530: 90.394: [GC (Allocation Failure) 90.394: [ParNew (promotion failed): 87424K->101838K(109248K), 0.0287509 secs]90.423: [CMS: 372988K->356411K(393216K), 0.2423190 secs] 435548K->418954K(502464K), [Metaspace: 28939K->28939K(1075200K)], 0.2712293 secs] [Times: user=0.35 sys=0.00, real=0.27 secs] 
Heap after GC invocations=77 (full 49):
 par new generation   total 109248K, used 62542K [0x00000007a0000000, 0x00000007a8000000, 0x00000007a8000000)
  eden space 87424K,  71% used [0x00000007a0000000, 0x00000007a3d13968, 0x00000007a5560000)
  from space 21824K,   0% used [0x00000007a6ab0000, 0x00000007a6ab0000, 0x00000007a8000000)
  to   space 21824K,   0% used [0x00000007a5560000, 0x00000007a5560000, 0x00000007a6ab0000)
 concurrent mark-sweep generation total 393216K, used 356411K [0x00000007a8000000, 0x00000007c0000000, 0x00000007c0000000)
 Metaspace       used 28939K, capacity 29162K, committed 29564K, reserved 1075200K
  class space    used 3508K, capacity 3578K, committed 3708K, reserved 1048576K
}
2016-07-04T18:50:16.075-0530: 90.665: Total time for which application threads were stopped: 0.2715229 seconds
2016-07-04T18:50:16.075-0530: 90.665: [GC (CMS Initial Mark) [1 CMS-initial-mark: 356411K(393216K)] 420021K(502464K), 0.0008621 secs] [Times: user=0.00 sys=0.00, real=0.00 secs] 
2016-07-04T18:50:16.076-0530: 90.666: Total time for which application threads were stopped: 0.0011174 seconds
2016-07-04T18:50:16.076-0530: 90.666: [CMS-concurrent-mark-start]
{Heap before GC invocations=77 (full 50):
 par new generation   total 109248K, used 63610K [0x00000007a0000000, 0x00000007a8000000, 0x00000007a8000000)
  eden space 87424K,  72% used [0x00000007a0000000, 0x00000007a3e1e838, 0x00000007a5560000)
  from space 21824K,   0% used [0x00000007a6ab0000, 0x00000007a6ab0000, 0x00000007a8000000)
  to   space 21824K,   0% used [0x00000007a5560000, 0x00000007a5560000, 0x00000007a6ab0000)
 concurrent mark-sweep generation total 393216K, used 356411K [0x00000007a8000000, 0x00000007c0000000, 0x00000007c0000000)
 Metaspace       used 28939K, capacity 29162K, committed 29564K, reserved 1075200K
  class space    used 3508K, capacity 3578K, committed 3708K, reserved 1048576K
2016-07-04T18:50:16.182-0530: 90.772: [Full GC (Allocation Failure) 90.772: [CMS2016-07-04T18:50:16.185-0530: 90.775: [CMS-concurrent-mark: 0.108/0.109 secs] [Times: user=0.36 sys=0.01, real=0.11 secs] 
 (concurrent mode failure): 356411K->356411K(393216K), 0.2349142 secs] 420021K->419331K(502464K), [Metaspace: 28939K->28939K(1075200K)], 0.2350010 secs] [Times: user=0.24 sys=0.01, real=0.23 secs] 
Heap after GC invocations=78 (full 51):
 par new generation   total 109248K, used 62919K [0x00000007a0000000, 0x00000007a8000000, 0x00000007a8000000)
  eden space 87424K,  71% used [0x00000007a0000000, 0x00000007a3d71fb0, 0x00000007a5560000)
  from space 21824K,   0% used [0x00000007a6ab0000, 0x00000007a6ab0000, 0x00000007a8000000)
  to   space 21824K,   0% used [0x00000007a5560000, 0x00000007a5560000, 0x00000007a6ab0000)
 concurrent mark-sweep generation total 393216K, used 356411K [0x00000007a8000000, 0x00000007c0000000, 0x00000007c0000000)
 Metaspace       used 28939K, capacity 29162K, committed 29564K, reserved 1075200K
  class space    used 3508K, capacity 3578K, committed 3708K, reserved 1048576K
}
{Heap before GC invocations=78 (full 51):
 par new generation   total 109248K, used 62919K [0x00000007a0000000, 0x00000007a8000000, 0x00000007a8000000)
  eden space 87424K,  71% used [0x00000007a0000000, 0x00000007a3d71fb0, 0x00000007a5560000)
  from space 21824K,   0% used [0x00000007a6ab0000, 0x00000007a6ab0000, 0x00000007a8000000)
  to   space 21824K,   0% used [0x00000007a5560000, 0x00000007a5560000, 0x00000007a6ab0000)
 concurrent mark-sweep generation total 393216K, used 356411K [0x00000007a8000000, 0x00000007c0000000, 0x00000007c0000000)
 Metaspace       used 28939K, capacity 29162K, committed 29564K, reserved 1075200K
  class space    used 3508K, capacity 3578K, committed 3708K, reserved 1048576K
2016-07-04T18:50:16.417-0530: 91.007: [Full GC (Allocation Failure) 91.007: [CMS: 356411K->356404K(393216K), 0.3058390 secs] 419331K->419324K(502464K), [Metaspace: 28939K->28939K(1075200K)], 0.3059345 secs] [Times: user=0.30 sys=0.00, real=0.31 secs] 
Heap after GC invocations=79 (full 52):
 par new generation   total 109248K, used 62919K [0x00000007a0000000, 0x00000007a8000000, 0x00000007a8000000)
  eden space 87424K,  71% used [0x00000007a0000000, 0x00000007a3d71fb0, 0x00000007a5560000)
  from space 21824K,   0% used [0x00000007a6ab0000, 0x00000007a6ab0000, 0x00000007a8000000)
  to   space 21824K,   0% used [0x00000007a5560000, 0x00000007a5560000, 0x00000007a6ab0000)
 concurrent mark-sweep generation total 393216K, used 356404K [0x00000007a8000000, 0x00000007c0000000, 0x00000007c0000000)
 Metaspace       used 28939K, capacity 29162K, committed 29564K, reserved 1075200K
  class space    used 3508K, capacity 3578K, committed 3708K, reserved 1048576K
}
2016-07-04T18:50:16.723-0530: 91.313: Total time for which application threads were stopped: 0.5412454 seconds
2016-07-04T18:50:17.723-0530: 92.313: Total time for which application threads were stopped: 0.0001176 seconds
2016-07-04T18:50:18.724-0530: 93.314: [GC (CMS Initial Mark) [1 CMS-initial-mark: 356404K(393216K)] 420114K(502464K), 0.0327430 secs] [Times: user=0.01 sys=0.00, real=0.03 secs] 
2016-07-04T18:50:18.756-0530: 93.346: Total time for which application threads were stopped: 0.0328965 seconds
2016-07-04T18:50:18.756-0530: 93.346: [CMS-concurrent-mark-start]
2016-07-04T18:50:18.852-0530: 93.442: [CMS-concurrent-mark: 0.096/0.096 secs] [Times: user=0.26 sys=0.01, real=0.10 secs] 
2016-07-04T18:50:18.852-0530: 93.442: [CMS-concurrent-preclean-start]
2016-07-04T18:50:18.944-0530: 93.535: [CMS-concurrent-preclean: 0.092/0.092 secs] [Times: user=0.09 sys=0.00, real=0.09 secs] 
2016-07-04T18:50:18.944-0530: 93.535: [CMS-concurrent-abortable-preclean-start]
2016-07-04T18:50:18.944-0530: 93.535: [CMS-concurrent-abortable-preclean: 0.000/0.000 secs] [Times: user=0.00 sys=0.00, real=0.00 secs] 
2016-07-04T18:50:18.945-0530: 93.535: [GC (CMS Final Remark) [YG occupancy: 63710 K (109248 K)]{Heap before GC invocations=79 (full 53):
 par new generation   total 109248K, used 63710K [0x00000007a0000000, 0x00000007a8000000, 0x00000007a8000000)
  eden space 87424K,  72% used [0x00000007a0000000, 0x00000007a3e37918, 0x00000007a5560000)
  from space 21824K,   0% used [0x00000007a6ab0000, 0x00000007a6ab0000, 0x00000007a8000000)
  to   space 21824K,   0% used [0x00000007a5560000, 0x00000007a5560000, 0x00000007a6ab0000)
 concurrent mark-sweep generation total 393216K, used 356404K [0x00000007a8000000, 0x00000007c0000000, 0x00000007c0000000)
 Metaspace       used 28957K, capacity 29238K, committed 29820K, reserved 1075200K
  class space    used 3509K, capacity 3580K, committed 3708K, reserved 1048576K
2016-07-04T18:50:18.945-0530: 93.535: [GC (CMS Final Remark) 93.535: [ParNew: 63710K->63710K(109248K), 0.0000189 secs] 420114K->420114K(502464K), 0.0000423 secs] [Times: user=0.00 sys=0.00, real=0.00 secs] 
Heap after GC invocations=80 (full 53):
 par new generation   total 109248K, used 63710K [0x00000007a0000000, 0x00000007a8000000, 0x00000007a8000000)
  eden space 87424K,  72% used [0x00000007a0000000, 0x00000007a3e37918, 0x00000007a5560000)
  from space 21824K,   0% used [0x00000007a6ab0000, 0x00000007a6ab0000, 0x00000007a8000000)
  to   space 21824K,   0% used [0x00000007a5560000, 0x00000007a5560000, 0x00000007a6ab0000)
 concurrent mark-sweep generation total 393216K, used 356404K [0x00000007a8000000, 0x00000007c0000000, 0x00000007c0000000)
 Metaspace       used 28957K, capacity 29238K, committed 29820K, reserved 1075200K
  class space    used 3509K, capacity 3580K, committed 3708K, reserved 1048576K
}
93.535: [Rescan (parallel) , 0.0012390 secs]93.536: [weak refs processing, 0.0016450 secs]93.538: [class unloading, 0.0163630 secs]93.554: [scrub symbol table, 0.0075961 secs]93.562: [scrub string table, 0.0005898 secs][1 CMS-remark: 356404K(393216K)] 420114K(502464K), 0.0305757 secs] [Times: user=0.04 sys=0.01, real=0.03 secs] 
2016-07-04T18:50:18.975-0530: 93.565: Total time for which application threads were stopped: 0.0307128 seconds
2016-07-04T18:50:18.975-0530: 93.565: [CMS-concurrent-sweep-start]
2016-07-04T18:50:19.011-0530: 93.601: [CMS-concurrent-sweep: 0.036/0.036 secs] [Times: user=0.05 sys=0.00, real=0.04 secs] 
2016-07-04T18:50:19.011-0530: 93.601: [CMS-concurrent-reset-start]
2016-07-04T18:50:19.011-0530: 93.601: [CMS-concurrent-reset: 0.000/0.000 secs] [Times: user=0.00 sys=0.00, real=0.00 secs] 
2016-07-04T18:50:19.978-0530: 94.568: Total time for which application threads were stopped: 0.0001323 seconds
2016-07-04T18:50:21.012-0530: 95.602: [GC (CMS Initial Mark) [1 CMS-initial-mark: 222150K(393216K)] 287727K(502464K), 0.0016450 secs] [Times: user=0.01 sys=0.00, real=0.00 secs] 
2016-07-04T18:50:21.013-0530: 95.603: Total time for which application threads were stopped: 0.0018554 seconds
2016-07-04T18:50:21.013-0530: 95.604: [CMS-concurrent-mark-start]
2016-07-04T18:50:21.103-0530: 95.694: [CMS-concurrent-mark: 0.090/0.090 secs] [Times: user=0.32 sys=0.01, real=0.09 secs] 
2016-07-04T18:50:21.103-0530: 95.694: [CMS-concurrent-preclean-start]
2016-07-04T18:50:21.105-0530: 95.695: [CMS-concurrent-preclean: 0.001/0.001 secs] [Times: user=0.00 sys=0.00, real=0.00 secs] 
2016-07-04T18:50:21.105-0530: 95.695: [CMS-concurrent-abortable-preclean-start]
 CMS: abort preclean due to time 2016-07-04T18:50:27.165-0530: 101.755: [CMS-concurrent-abortable-preclean: 0.085/6.060 secs] [Times: user=0.09 sys=0.01, real=6.06 secs] 
2016-07-04T18:50:27.178-0530: 101.768: [GC (CMS Final Remark) [YG occupancy: 65577 K (109248 K)]{Heap before GC invocations=80 (full 54):
 par new generation   total 109248K, used 65577K [0x00000007a0000000, 0x00000007a8000000, 0x00000007a8000000)
  eden space 87424K,  75% used [0x00000007a0000000, 0x00000007a400a5a0, 0x00000007a5560000)
  from space 21824K,   0% used [0x00000007a6ab0000, 0x00000007a6ab0000, 0x00000007a8000000)
  to   space 21824K,   0% used [0x00000007a5560000, 0x00000007a5560000, 0x00000007a6ab0000)
 concurrent mark-sweep generation total 393216K, used 222150K [0x00000007a8000000, 0x00000007c0000000, 0x00000007c0000000)
 Metaspace       used 29019K, capacity 29366K, committed 29820K, reserved 1075200K
  class space    used 3514K, capacity 3580K, committed 3708K, reserved 1048576K
2016-07-04T18:50:27.178-0530: 101.768: [GC (CMS Final Remark) 101.768: [ParNew (promotion failed): 65577K->78948K(109248K), 0.0403022 secs] 287727K->301101K(502464K), 0.0403607 secs] [Times: user=0.10 sys=0.02, real=0.04 secs] 
Heap after GC invocations=81 (full 54):
 par new generation   total 109248K, used 78948K [0x00000007a0000000, 0x00000007a8000000, 0x00000007a8000000)
  eden space 87424K,  75% used [0x00000007a0000000, 0x00000007a400a5a0, 0x00000007a5560000)
  from space 21824K,  61% used [0x00000007a5560000, 0x00000007a626edb0, 0x00000007a6ab0000)
  to   space 21824K,   0% used [0x00000007a6ab0000, 0x00000007a6ab0000, 0x00000007a8000000)
 concurrent mark-sweep generation total 393216K, used 222152K [0x00000007a8000000, 0x00000007c0000000, 0x00000007c0000000)
 Metaspace       used 29019K, capacity 29366K, committed 29820K, reserved 1075200K
  class space    used 3514K, capacity 3580K, committed 3708K, reserved 1048576K
}
101.809: [Rescan (parallel) , 0.0374839 secs]101.846: [weak refs processing, 0.0010586 secs]101.847: [class unloading, 0.0100462 secs]101.857: [scrub symbol table, 0.0046182 secs]101.862: [scrub string table, 0.0004142 secs][1 CMS-remark: 222152K(393216K)] 301101K(502464K), 0.0962170 secs] [Times: user=0.26 sys=0.02, real=0.10 secs] 
2016-07-04T18:50:27.274-0530: 101.865: Total time for which application threads were stopped: 0.0963751 seconds
2016-07-04T18:50:27.274-0530: 101.865: [CMS-concurrent-sweep-start]
2016-07-04T18:50:27.292-0530: 101.882: [CMS-concurrent-sweep: 0.018/0.018 secs] [Times: user=0.02 sys=0.00, real=0.02 secs] 
2016-07-04T18:50:27.292-0530: 101.882: [CMS-concurrent-reset-start]
2016-07-04T18:50:27.292-0530: 101.883: [CMS-concurrent-reset: 0.000/0.000 secs] [Times: user=0.00 sys=0.00, real=0.00 secs] 
2016-07-04T18:50:29.292-0530: 103.882: [GC (CMS Initial Mark) [1 CMS-initial-mark: 222139K(393216K)] 301088K(502464K), 0.0026619 secs] [Times: user=0.00 sys=0.00, real=0.00 secs] 
2016-07-04T18:50:29.295-0530: 103.885: Total time for which application threads were stopped: 0.0028924 seconds
2016-07-04T18:50:29.295-0530: 103.885: [CMS-concurrent-mark-start]
2016-07-04T18:50:29.382-0530: 103.973: [CMS-concurrent-mark: 0.088/0.088 secs] [Times: user=0.32 sys=0.01, real=0.09 secs] 
2016-07-04T18:50:29.382-0530: 103.973: [CMS-concurrent-preclean-start]
2016-07-04T18:50:29.384-0530: 103.974: [CMS-concurrent-preclean: 0.001/0.001 secs] [Times: user=0.00 sys=0.00, real=0.00 secs] 
2016-07-04T18:50:29.384-0530: 103.974: [CMS-concurrent-abortable-preclean-start]
2016-07-04T18:50:32.550-0530: 107.140: Total time for which application threads were stopped: 0.0000810 seconds
2016-07-04T18:50:32.551-0530: 107.141: Total time for which application threads were stopped: 0.0001200 seconds
2016-07-04T18:50:32.551-0530: 107.142: Total time for which application threads were stopped: 0.0000728 seconds
2016-07-04T18:50:32.553-0530: 107.143: Total time for which application threads were stopped: 0.0001667 seconds
2016-07-04T18:50:32.553-0530: 107.143: Total time for which application threads were stopped: 0.0000624 seconds
2016-07-04T18:50:32.553-0530: 107.143: Total time for which application threads were stopped: 0.0000436 seconds
2016-07-04T18:50:32.553-0530: 107.143: Total time for which application threads were stopped: 0.0000404 seconds
2016-07-04T18:50:32.553-0530: 107.144: Total time for which application threads were stopped: 0.0000453 seconds
2016-07-04T18:50:32.554-0530: 107.144: Total time for which application threads were stopped: 0.0001251 seconds
2016-07-04T18:50:32.556-0530: 107.146: Total time for which application threads were stopped: 0.0001152 seconds
2016-07-04T18:50:32.556-0530: 107.147: Total time for which application threads were stopped: 0.0000673 seconds
2016-07-04T18:50:32.556-0530: 107.147: Total time for which application threads were stopped: 0.0000661 seconds
2016-07-04T18:50:32.556-0530: 107.147: Total time for which application threads were stopped: 0.0000542 seconds
2016-07-04T18:50:32.557-0530: 107.147: Total time for which application threads were stopped: 0.0000633 seconds
2016-07-04T18:50:32.557-0530: 107.147: Total time for which application threads were stopped: 0.0000514 seconds
2016-07-04T18:50:32.557-0530: 107.147: Total time for which application threads were stopped: 0.0000406 seconds
2016-07-04T18:50:32.557-0530: 107.147: Total time for which application threads were stopped: 0.0000598 seconds
2016-07-04T18:50:32.557-0530: 107.148: Total time for which application threads were stopped: 0.0000522 seconds
2016-07-04T18:50:32.557-0530: 107.148: Total time for which application threads were stopped: 0.0000401 seconds
2016-07-04T18:50:32.557-0530: 107.148: Total time for which application threads were stopped: 0.0001439 seconds
2016-07-04T18:50:32.612-0530: 107.203: Total time for which application threads were stopped: 0.0001695 seconds
2016-07-04T18:50:33.619-0530: 108.210: Total time for which application threads were stopped: 0.0045922 seconds
 CMS: abort preclean due to time 2016-07-04T18:50:35.463-0530: 110.054: [CMS-concurrent-abortable-preclean: 0.312/6.080 secs] [Times: user=0.50 sys=0.07, real=6.08 secs] 
2016-07-04T18:50:35.498-0530: 110.089: [GC (CMS Final Remark) [YG occupancy: 105716 K (109248 K)]{Heap before GC invocations=81 (full 55):
 par new generation   total 109248K, used 105716K [0x00000007a0000000, 0x00000007a8000000, 0x00000007a8000000)
  eden space 87424K, 100% used [0x00000007a0000000, 0x00000007a5560000, 0x00000007a5560000)
  from space 21824K,  83% used [0x00000007a5560000, 0x00000007a673d340, 0x00000007a6ab0000)
  to   space 21824K,   0% used [0x00000007a6ab0000, 0x00000007a6ab0000, 0x00000007a8000000)
 concurrent mark-sweep generation total 393216K, used 222139K [0x00000007a8000000, 0x00000007c0000000, 0x00000007c0000000)
 Metaspace       used 29027K, capacity 29366K, committed 29820K, reserved 1075200K
  class space    used 3514K, capacity 3580K, committed 3708K, reserved 1048576K
2016-07-04T18:50:35.498-0530: 110.089: [GC (CMS Final Remark) 110.089: [ParNew (promotion failed): 105716K->109246K(109248K), 0.0149458 secs] 327856K->338060K(502464K), 0.0149976 secs] [Times: user=0.04 sys=0.01, real=0.02 secs] 
Heap after GC invocations=82 (full 55):
 par new generation   total 109248K, used 109246K [0x00000007a0000000, 0x00000007a8000000, 0x00000007a8000000)
  eden space 87424K, 100% used [0x00000007a0000000, 0x00000007a5560000, 0x00000007a5560000)
  from space 21824K,  99% used [0x00000007a6ab0000, 0x00000007a7fff8d8, 0x00000007a8000000)
  to   space 21824K,  83% used [0x00000007a5560000, 0x00000007a673d340, 0x00000007a6ab0000)
 concurrent mark-sweep generation total 393216K, used 228814K [0x00000007a8000000, 0x00000007c0000000, 0x00000007c0000000)
 Metaspace       used 29027K, capacity 29366K, committed 29820K, reserved 1075200K
  class space    used 3514K, capacity 3580K, committed 3708K, reserved 1048576K
}
110.104: [Rescan (parallel) , 0.0074086 secs]110.112: [weak refs processing, 0.0007167 secs]110.112: [class unloading, 0.0104480 secs]110.123: [scrub symbol table, 0.0048536 secs]110.128: [scrub string table, 0.0004229 secs][1 CMS-remark: 228814K(393216K)] 338060K(502464K), 0.0419264 secs] [Times: user=0.08 sys=0.01, real=0.05 secs] 
2016-07-04T18:50:35.540-0530: 110.131: Total time for which application threads were stopped: 0.0509450 seconds
2016-07-04T18:50:35.540-0530: 110.131: [CMS-concurrent-sweep-start]
2016-07-04T18:50:35.562-0530: 110.153: [CMS-concurrent-sweep: 0.022/0.022 secs] [Times: user=0.03 sys=0.00, real=0.02 secs] 
2016-07-04T18:50:35.562-0530: 110.153: [CMS-concurrent-reset-start]
2016-07-04T18:50:35.563-0530: 110.153: [CMS-concurrent-reset: 0.000/0.000 secs] [Times: user=0.00 sys=0.00, real=0.00 secs] 
{Heap before GC invocations=82 (full 55):
 par new generation   total 109248K, used 109248K [0x00000007a0000000, 0x00000007a8000000, 0x00000007a8000000)
  eden space 87424K, 100% used [0x00000007a0000000, 0x00000007a5560000, 0x00000007a5560000)
  from space 21824K, 100% used [0x00000007a6ab0000, 0x00000007a8000000, 0x00000007a8000000)
  to   space 21824K,  83% used [0x00000007a5560000, 0x00000007a673d340, 0x00000007a6ab0000)
 concurrent mark-sweep generation total 393216K, used 228899K [0x00000007a8000000, 0x00000007c0000000, 0x00000007c0000000)
 Metaspace       used 29027K, capacity 29366K, committed 29820K, reserved 1075200K
  class space    used 3514K, capacity 3580K, committed 3708K, reserved 1048576K
2016-07-04T18:50:35.563-0530: 110.154: [GC (Allocation Failure) 110.154: [ParNew: 109248K->109248K(109248K), 0.0000212 secs]110.154: [CMS: 228899K->159268K(393216K), 0.3798325 secs] 338147K->159268K(502464K), [Metaspace: 29027K->29027K(1075200K)], 0.3799312 secs] [Times: user=0.23 sys=0.09, real=0.38 secs] 
Heap after GC invocations=83 (full 56):
 par new generation   total 109248K, used 0K [0x00000007a0000000, 0x00000007a8000000, 0x00000007a8000000)
  eden space 87424K,   0% used [0x00000007a0000000, 0x00000007a0000000, 0x00000007a5560000)
  from space 21824K,   0% used [0x00000007a6ab0000, 0x00000007a6ab0000, 0x00000007a8000000)
  to   space 21824K,   0% used [0x00000007a5560000, 0x00000007a5560000, 0x00000007a6ab0000)
 concurrent mark-sweep generation total 393216K, used 159268K [0x00000007a8000000, 0x00000007c0000000, 0x00000007c0000000)
 Metaspace       used 29027K, capacity 29366K, committed 29820K, reserved 1075200K
  class space    used 3514K, capacity 3580K, committed 3708K, reserved 1048576K
}
2016-07-04T18:50:35.943-0530: 110.534: Total time for which application threads were stopped: 0.3801301 seconds
{Heap before GC invocations=83 (full 56):
 par new generation   total 109248K, used 87296K [0x00000007a0000000, 0x00000007a8000000, 0x00000007a8000000)
  eden space 87424K,  99% used [0x00000007a0000000, 0x00000007a5540108, 0x00000007a5560000)
  from space 21824K,   0% used [0x00000007a6ab0000, 0x00000007a6ab0000, 0x00000007a8000000)
  to   space 21824K,   0% used [0x00000007a5560000, 0x00000007a5560000, 0x00000007a6ab0000)
 concurrent mark-sweep generation total 393216K, used 159268K [0x00000007a8000000, 0x00000007c0000000, 0x00000007c0000000)
 Metaspace       used 29032K, capacity 29366K, committed 29820K, reserved 1075200K
  class space    used 3514K, capacity 3580K, committed 3708K, reserved 1048576K
2016-07-04T18:50:36.314-0530: 110.905: [GC (Allocation Failure) 110.905: [ParNew
Desired survivor size 20112992 bytes, new threshold 8 (max 8)
- age   1:   19849560 bytes,   19849560 total
: 87296K->21304K(109248K), 0.0084978 secs] 246564K->180573K(502464K), 0.0085810 secs] [Times: user=0.02 sys=0.01, real=0.01 secs] 
Heap after GC invocations=84 (full 56):
 par new generation   total 109248K, used 21304K [0x00000007a0000000, 0x00000007a8000000, 0x00000007a8000000)
  eden space 87424K,   0% used [0x00000007a0000000, 0x00000007a0000000, 0x00000007a5560000)
  from space 21824K,  97% used [0x00000007a5560000, 0x00000007a6a2e1c8, 0x00000007a6ab0000)
  to   space 21824K,   0% used [0x00000007a6ab0000, 0x00000007a6ab0000, 0x00000007a8000000)
 concurrent mark-sweep generation total 393216K, used 159268K [0x00000007a8000000, 0x00000007c0000000, 0x00000007c0000000)
 Metaspace       used 29032K, capacity 29366K, committed 29820K, reserved 1075200K
  class space    used 3514K, capacity 3580K, committed 3708K, reserved 1048576K
}
2016-07-04T18:50:36.323-0530: 110.913: Total time for which application threads were stopped: 0.0087675 seconds
2016-07-04T18:50:36.672-0530: 111.263: Total time for which application threads were stopped: 0.0004062 seconds
2016-07-04T18:50:37.444-0530: 112.035: Total time for which application threads were stopped: 0.0003616 seconds
{Heap before GC invocations=84 (full 56):
 par new generation   total 109248K, used 108728K [0x00000007a0000000, 0x00000007a8000000, 0x00000007a8000000)
  eden space 87424K, 100% used [0x00000007a0000000, 0x00000007a5560000, 0x00000007a5560000)
  from space 21824K,  97% used [0x00000007a5560000, 0x00000007a6a2e1c8, 0x00000007a6ab0000)
  to   space 21824K,   0% used [0x00000007a6ab0000, 0x00000007a6ab0000, 0x00000007a8000000)
 concurrent mark-sweep generation total 393216K, used 159268K [0x00000007a8000000, 0x00000007c0000000, 0x00000007c0000000)
 Metaspace       used 29229K, capacity 29526K, committed 30076K, reserved 1075200K
  class space    used 3528K, capacity 3612K, committed 3708K, reserved 1048576K
2016-07-04T18:50:37.953-0530: 112.544: [GC (Allocation Failure) 112.544: [ParNew
Desired survivor size 20112992 bytes, new threshold 2 (max 8)
- age   1:    7535032 bytes,    7535032 total
- age   2:   12739000 bytes,   20274032 total
: 108728K->21824K(109248K), 0.0302042 secs] 267997K->203948K(502464K), 0.0302700 secs] [Times: user=0.11 sys=0.00, real=0.03 secs] 
Heap after GC invocations=85 (full 56):
 par new generation   total 109248K, used 21824K [0x00000007a0000000, 0x00000007a8000000, 0x00000007a8000000)
  eden space 87424K,   0% used [0x00000007a0000000, 0x00000007a0000000, 0x00000007a5560000)
  from space 21824K, 100% used [0x00000007a6ab0000, 0x00000007a8000000, 0x00000007a8000000)
  to   space 21824K,   0% used [0x00000007a5560000, 0x00000007a5560000, 0x00000007a6ab0000)
 concurrent mark-sweep generation total 393216K, used 182124K [0x00000007a8000000, 0x00000007c0000000, 0x00000007c0000000)
 Metaspace       used 29229K, capacity 29526K, committed 30076K, reserved 1075200K
  class space    used 3528K, capacity 3612K, committed 3708K, reserved 1048576K
}
2016-07-04T18:50:37.984-0530: 112.575: Total time for which application threads were stopped: 0.0304515 seconds
2016-07-04T18:50:38.294-0530: 112.885: Total time for which application threads were stopped: 0.0003904 seconds
2016-07-04T18:50:38.476-0530: 113.067: Total time for which application threads were stopped: 0.0005488 seconds
{Heap before GC invocations=85 (full 56):
 par new generation   total 109248K, used 109248K [0x00000007a0000000, 0x00000007a8000000, 0x00000007a8000000)
  eden space 87424K, 100% used [0x00000007a0000000, 0x00000007a5560000, 0x00000007a5560000)
  from space 21824K, 100% used [0x00000007a6ab0000, 0x00000007a8000000, 0x00000007a8000000)
  to   space 21824K,   0% used [0x00000007a5560000, 0x00000007a5560000, 0x00000007a6ab0000)
 concurrent mark-sweep generation total 393216K, used 182124K [0x00000007a8000000, 0x00000007c0000000, 0x00000007c0000000)
 Metaspace       used 29404K, capacity 29686K, committed 30076K, reserved 1075200K
  class space    used 3540K, capacity 3644K, committed 3708K, reserved 1048576K
2016-07-04T18:50:39.306-0530: 113.897: [GC (Allocation Failure) 113.897: [ParNew
Desired survivor size 20112992 bytes, new threshold 2 (max 8)
- age   1:   15919520 bytes,   15919520 total
- age   2:    6428128 bytes,   22347648 total
: 109248K->21824K(109248K), 0.0919653 secs] 291372K->243116K(502464K), 0.0920578 secs] [Times: user=0.17 sys=0.06, real=0.09 secs] 
Heap after GC invocations=86 (full 56):
 par new generation   total 109248K, used 21824K [0x00000007a0000000, 0x00000007a8000000, 0x00000007a8000000)
  eden space 87424K,   0% used [0x00000007a0000000, 0x00000007a0000000, 0x00000007a5560000)
  from space 21824K, 100% used [0x00000007a5560000, 0x00000007a6ab0000, 0x00000007a6ab0000)
  to   space 21824K,   0% used [0x00000007a6ab0000, 0x00000007a6ab0000, 0x00000007a8000000)
 concurrent mark-sweep generation total 393216K, used 221292K [0x00000007a8000000, 0x00000007c0000000, 0x00000007c0000000)
 Metaspace       used 29404K, capacity 29686K, committed 30076K, reserved 1075200K
  class space    used 3540K, capacity 3644K, committed 3708K, reserved 1048576K
}
2016-07-04T18:50:39.398-0530: 113.989: Total time for which application threads were stopped: 0.0922445 seconds
2016-07-04T18:50:39.398-0530: 113.989: [GC (CMS Initial Mark) [1 CMS-initial-mark: 221292K(393216K)] 243742K(502464K), 0.0052749 secs] [Times: user=0.02 sys=0.00, real=0.01 secs] 
2016-07-04T18:50:39.403-0530: 113.994: Total time for which application threads were stopped: 0.0054553 seconds
2016-07-04T18:50:39.404-0530: 113.994: [CMS-concurrent-mark-start]
2016-07-04T18:50:39.426-0530: 114.016: [CMS-concurrent-mark: 0.022/0.022 secs] [Times: user=0.08 sys=0.00, real=0.02 secs] 
2016-07-04T18:50:39.426-0530: 114.016: [CMS-concurrent-preclean-start]
2016-07-04T18:50:39.427-0530: 114.018: [CMS-concurrent-preclean: 0.002/0.002 secs] [Times: user=0.01 sys=0.00, real=0.00 secs] 
2016-07-04T18:50:39.427-0530: 114.018: [CMS-concurrent-abortable-preclean-start]
{Heap before GC invocations=86 (full 57):
 par new generation   total 109248K, used 109248K [0x00000007a0000000, 0x00000007a8000000, 0x00000007a8000000)
  eden space 87424K, 100% used [0x00000007a0000000, 0x00000007a5560000, 0x00000007a5560000)
  from space 21824K, 100% used [0x00000007a5560000, 0x00000007a6ab0000, 0x00000007a6ab0000)
  to   space 21824K,   0% used [0x00000007a6ab0000, 0x00000007a6ab0000, 0x00000007a8000000)
 concurrent mark-sweep generation total 393216K, used 221292K [0x00000007a8000000, 0x00000007c0000000, 0x00000007c0000000)
 Metaspace       used 29404K, capacity 29686K, committed 30076K, reserved 1075200K
  class space    used 3540K, capacity 3644K, committed 3708K, reserved 1048576K
2016-07-04T18:50:39.643-0530: 114.233: [GC (Allocation Failure) 114.233: [ParNew2016-07-04T18:50:39.686-0530: 114.277: [CMS-concurrent-abortable-preclean: 0.153/0.259 secs] [Times: user=0.70 sys=0.03, real=0.26 secs] 

Desired survivor size 20112992 bytes, new threshold 2 (max 8)
- age   1:    7005304 bytes,    7005304 total
- age   2:   15341208 bytes,   22346512 total
: 109248K->21824K(109248K), 0.1892957 secs] 330540K->318492K(502464K), 0.1893645 secs] [Times: user=0.48 sys=0.08, real=0.19 secs] 
Heap after GC invocations=87 (full 57):
 par new generation   total 109248K, used 21824K [0x00000007a0000000, 0x00000007a8000000, 0x00000007a8000000)
  eden space 87424K,   0% used [0x00000007a0000000, 0x00000007a0000000, 0x00000007a5560000)
  from space 21824K, 100% used [0x00000007a6ab0000, 0x00000007a8000000, 0x00000007a8000000)
  to   space 21824K,   0% used [0x00000007a5560000, 0x00000007a5560000, 0x00000007a6ab0000)
 concurrent mark-sweep generation total 393216K, used 296668K [0x00000007a8000000, 0x00000007c0000000, 0x00000007c0000000)
 Metaspace       used 29404K, capacity 29686K, committed 30076K, reserved 1075200K
  class space    used 3540K, capacity 3644K, committed 3708K, reserved 1048576K
}
2016-07-04T18:50:39.832-0530: 114.423: Total time for which application threads were stopped: 0.1895556 seconds
2016-07-04T18:50:39.832-0530: 114.423: [GC (CMS Final Remark) [YG occupancy: 23384 K (109248 K)]{Heap before GC invocations=87 (full 57):
 par new generation   total 109248K, used 23384K [0x00000007a0000000, 0x00000007a8000000, 0x00000007a8000000)
  eden space 87424K,   1% used [0x00000007a0000000, 0x00000007a0186300, 0x00000007a5560000)
  from space 21824K, 100% used [0x00000007a6ab0000, 0x00000007a8000000, 0x00000007a8000000)
  to   space 21824K,   0% used [0x00000007a5560000, 0x00000007a5560000, 0x00000007a6ab0000)
 concurrent mark-sweep generation total 393216K, used 296668K [0x00000007a8000000, 0x00000007c0000000, 0x00000007c0000000)
 Metaspace       used 29404K, capacity 29686K, committed 30076K, reserved 1075200K
  class space    used 3540K, capacity 3644K, committed 3708K, reserved 1048576K
2016-07-04T18:50:39.832-0530: 114.423: [GC (CMS Final Remark) 114.423: [ParNew
Desired survivor size 20112992 bytes, new threshold 8 (max 8)
- age   1:        208 bytes,        208 total
- age   2:    7005304 bytes,    7005512 total
: 23384K->21615K(109248K), 0.0287838 secs] 320053K->333266K(502464K), 0.0288307 secs] [Times: user=0.09 sys=0.00, real=0.03 secs] 
Heap after GC invocations=88 (full 57):
 par new generation   total 109248K, used 21615K [0x00000007a0000000, 0x00000007a8000000, 0x00000007a8000000)
  eden space 87424K,   0% used [0x00000007a0000000, 0x00000007a0000000, 0x00000007a5560000)
  from space 21824K,  99% used [0x00000007a5560000, 0x00000007a6a7bd40, 0x00000007a6ab0000)
  to   space 21824K,   0% used [0x00000007a6ab0000, 0x00000007a6ab0000, 0x00000007a8000000)
 concurrent mark-sweep generation total 393216K, used 311651K [0x00000007a8000000, 0x00000007c0000000, 0x00000007c0000000)
 Metaspace       used 29404K, capacity 29686K, committed 30076K, reserved 1075200K
  class space    used 3540K, capacity 3644K, committed 3708K, reserved 1048576K
}
114.452: [Rescan (parallel) , 0.0420240 secs]114.494: [weak refs processing, 0.0009717 secs]114.495: [class unloading, 0.0127839 secs]114.508: [scrub symbol table, 0.0049560 secs]114.513: [scrub string table, 0.0003878 secs][1 CMS-remark: 311651K(393216K)] 333266K(502464K), 0.0927444 secs] [Times: user=0.26 sys=0.00, real=0.09 secs] 
2016-07-04T18:50:39.925-0530: 114.516: Total time for which application threads were stopped: 0.0929379 seconds
2016-07-04T18:50:39.925-0530: 114.516: [CMS-concurrent-sweep-start]
2016-07-04T18:50:39.993-0530: 114.584: [CMS-concurrent-sweep: 0.068/0.068 secs] [Times: user=0.20 sys=0.01, real=0.07 secs] 
2016-07-04T18:50:39.993-0530: 114.584: [CMS-concurrent-reset-start]
2016-07-04T18:50:39.993-0530: 114.584: [CMS-concurrent-reset: 0.000/0.000 secs] [Times: user=0.00 sys=0.00, real=0.00 secs] 
2016-07-04T18:50:40.927-0530: 115.518: Total time for which application threads were stopped: 0.0001398 seconds
{Heap before GC invocations=88 (full 57):
 par new generation   total 109248K, used 108583K [0x00000007a0000000, 0x00000007a8000000, 0x00000007a8000000)
  eden space 87424K,  99% used [0x00000007a0000000, 0x00000007a54edfb0, 0x00000007a5560000)
  from space 21824K,  99% used [0x00000007a5560000, 0x00000007a6a7bd40, 0x00000007a6ab0000)
  to   space 21824K,   0% used [0x00000007a6ab0000, 0x00000007a6ab0000, 0x00000007a8000000)
 concurrent mark-sweep generation total 393216K, used 180525K [0x00000007a8000000, 0x00000007c0000000, 0x00000007c0000000)
 Metaspace       used 29430K, capacity 29750K, committed 30076K, reserved 1075200K
  class space    used 3541K, capacity 3644K, committed 3708K, reserved 1048576K
2016-07-04T18:50:41.306-0530: 115.897: [GC (Allocation Failure) 115.897: [ParNew
Desired survivor size 20112992 bytes, new threshold 3 (max 8)
- age   1:   18197696 bytes,   18197696 total
- age   3:    4147312 bytes,   22345008 total
: 108583K->21824K(109248K), 0.0851677 secs] 289108K->233805K(502464K), 0.0852627 secs] [Times: user=0.24 sys=0.01, real=0.09 secs] 
Heap after GC invocations=89 (full 57):
 par new generation   total 109248K, used 21824K [0x00000007a0000000, 0x00000007a8000000, 0x00000007a8000000)
  eden space 87424K,   0% used [0x00000007a0000000, 0x00000007a0000000, 0x00000007a5560000)
  from space 21824K, 100% used [0x00000007a6ab0000, 0x00000007a8000000, 0x00000007a8000000)
  to   space 21824K,   0% used [0x00000007a5560000, 0x00000007a5560000, 0x00000007a6ab0000)
 concurrent mark-sweep generation total 393216K, used 211981K [0x00000007a8000000, 0x00000007c0000000, 0x00000007c0000000)
 Metaspace       used 29430K, capacity 29750K, committed 30076K, reserved 1075200K
  class space    used 3541K, capacity 3644K, committed 3708K, reserved 1048576K
}
2016-07-04T18:50:41.391-0530: 115.982: Total time for which application threads were stopped: 0.0854324 seconds
2016-07-04T18:50:41.392-0530: 115.983: [GC (CMS Initial Mark) [1 CMS-initial-mark: 211981K(393216K)] 235540K(502464K), 0.0206618 secs] [Times: user=0.02 sys=0.00, real=0.02 secs] 
2016-07-04T18:50:41.413-0530: 116.003: Total time for which application threads were stopped: 0.0209929 seconds
2016-07-04T18:50:41.413-0530: 116.003: [CMS-concurrent-mark-start]
2016-07-04T18:50:41.591-0530: 116.182: [CMS-concurrent-mark: 0.178/0.178 secs] [Times: user=0.51 sys=0.00, real=0.18 secs] 
2016-07-04T18:50:41.591-0530: 116.182: [CMS-concurrent-preclean-start]
2016-07-04T18:50:41.592-0530: 116.183: [CMS-concurrent-preclean: 0.001/0.001 secs] [Times: user=0.01 sys=0.00, real=0.00 secs] 
2016-07-04T18:50:41.592-0530: 116.183: [CMS-concurrent-abortable-preclean-start]
2016-07-04T18:50:42.306-0530: 116.897: [CMS-concurrent-abortable-preclean: 0.403/0.713 secs] [Times: user=1.28 sys=0.01, real=0.71 secs] 
2016-07-04T18:50:42.311-0530: 116.902: [GC (CMS Final Remark) [YG occupancy: 102835 K (109248 K)]{Heap before GC invocations=89 (full 58):
 par new generation   total 109248K, used 102835K [0x00000007a0000000, 0x00000007a8000000, 0x00000007a8000000)
  eden space 87424K,  92% used [0x00000007a0000000, 0x00000007a4f1ce28, 0x00000007a5560000)
  from space 21824K, 100% used [0x00000007a6ab0000, 0x00000007a8000000, 0x00000007a8000000)
  to   space 21824K,   0% used [0x00000007a5560000, 0x00000007a5560000, 0x00000007a6ab0000)
 concurrent mark-sweep generation total 393216K, used 211981K [0x00000007a8000000, 0x00000007c0000000, 0x00000007c0000000)
 Metaspace       used 29450K, capacity 29750K, committed 30076K, reserved 1075200K
  class space    used 3541K, capacity 3644K, committed 3708K, reserved 1048576K
2016-07-04T18:50:42.311-0530: 116.902: [GC (CMS Final Remark) 116.902: [ParNew
Desired survivor size 20112992 bytes, new threshold 8 (max 8)
- age   1:    4029976 bytes,    4029976 total
- age   2:   14049784 bytes,   18079760 total
: 102835K->21482K(109248K), 0.0181736 secs] 314817K->237514K(502464K), 0.0182210 secs] [Times: user=0.06 sys=0.00, real=0.01 secs] 
Heap after GC invocations=90 (full 58):
 par new generation   total 109248K, used 21482K [0x00000007a0000000, 0x00000007a8000000, 0x00000007a8000000)
  eden space 87424K,   0% used [0x00000007a0000000, 0x00000007a0000000, 0x00000007a5560000)
  from space 21824K,  98% used [0x00000007a5560000, 0x00000007a6a5ab10, 0x00000007a6ab0000)
  to   space 21824K,   0% used [0x00000007a6ab0000, 0x00000007a6ab0000, 0x00000007a8000000)
 concurrent mark-sweep generation total 393216K, used 216031K [0x00000007a8000000, 0x00000007c0000000, 0x00000007c0000000)
 Metaspace       used 29450K, capacity 29750K, committed 30076K, reserved 1075200K
  class space    used 3541K, capacity 3644K, committed 3708K, reserved 1048576K
}
116.920: [Rescan (parallel) , 0.0067461 secs]116.927: [weak refs processing, 0.0006933 secs]116.928: [class unloading, 0.0117446 secs]116.940: [scrub symbol table, 0.0042221 secs]116.944: [scrub string table, 0.0003705 secs][1 CMS-remark: 216031K(393216K)] 237514K(502464K), 0.0447221 secs] [Times: user=0.10 sys=0.00, real=0.04 secs] 
2016-07-04T18:50:42.356-0530: 116.947: Total time for which application threads were stopped: 0.0449589 seconds
2016-07-04T18:50:42.356-0530: 116.947: [CMS-concurrent-sweep-start]
2016-07-04T18:50:42.424-0530: 117.014: [CMS-concurrent-sweep: 0.068/0.068 secs] [Times: user=0.13 sys=0.00, real=0.07 secs] 
2016-07-04T18:50:42.424-0530: 117.014: [CMS-concurrent-reset-start]
2016-07-04T18:50:42.424-0530: 117.015: [CMS-concurrent-reset: 0.000/0.000 secs] [Times: user=0.00 sys=0.00, real=0.00 secs] 
{Heap before GC invocations=90 (full 58):
 par new generation   total 109248K, used 108906K [0x00000007a0000000, 0x00000007a8000000, 0x00000007a8000000)
  eden space 87424K, 100% used [0x00000007a0000000, 0x00000007a5560000, 0x00000007a5560000)
  from space 21824K,  98% used [0x00000007a5560000, 0x00000007a6a5ab10, 0x00000007a6ab0000)
  to   space 21824K,   0% used [0x00000007a6ab0000, 0x00000007a6ab0000, 0x00000007a8000000)
 concurrent mark-sweep generation total 393216K, used 211448K [0x00000007a8000000, 0x00000007c0000000, 0x00000007c0000000)
 Metaspace       used 29450K, capacity 29750K, committed 30076K, reserved 1075200K
  class space    used 3541K, capacity 3644K, committed 3708K, reserved 1048576K
2016-07-04T18:50:43.069-0530: 117.660: [GC (Allocation Failure) 117.660: [ParNew
Desired survivor size 20112992 bytes, new threshold 8 (max 8)
- age   1:        320 bytes,        320 total
- age   2:    4027416 bytes,    4027736 total
- age   3:   14049784 bytes,   18077520 total
: 108906K->20522K(109248K), 0.0138157 secs] 320354K->231970K(502464K), 0.0138787 secs] [Times: user=0.04 sys=0.00, real=0.02 secs] 
Heap after GC invocations=91 (full 58):
 par new generation   total 109248K, used 20522K [0x00000007a0000000, 0x00000007a8000000, 0x00000007a8000000)
  eden space 87424K,   0% used [0x00000007a0000000, 0x00000007a0000000, 0x00000007a5560000)
  from space 21824K,  94% used [0x00000007a6ab0000, 0x00000007a7eba928, 0x00000007a8000000)
  to   space 21824K,   0% used [0x00000007a5560000, 0x00000007a5560000, 0x00000007a6ab0000)
 concurrent mark-sweep generation total 393216K, used 211448K [0x00000007a8000000, 0x00000007c0000000, 0x00000007c0000000)
 Metaspace       used 29450K, capacity 29750K, committed 30076K, reserved 1075200K
  class space    used 3541K, capacity 3644K, committed 3708K, reserved 1048576K
}
2016-07-04T18:50:43.083-0530: 117.674: Total time for which application threads were stopped: 0.0140670 seconds
2016-07-04T18:50:43.084-0530: 117.674: [GC (CMS Initial Mark) [1 CMS-initial-mark: 211448K(393216K)] 233657K(502464K), 0.0067180 secs] [Times: user=0.02 sys=0.00, real=0.01 secs] 
2016-07-04T18:50:43.090-0530: 117.681: Total time for which application threads were stopped: 0.0068744 seconds
2016-07-04T18:50:43.090-0530: 117.681: [CMS-concurrent-mark-start]
2016-07-04T18:50:43.141-0530: 117.732: [CMS-concurrent-mark: 0.051/0.051 secs] [Times: user=0.19 sys=0.01, real=0.05 secs] 
2016-07-04T18:50:43.141-0530: 117.732: [CMS-concurrent-preclean-start]
2016-07-04T18:50:43.143-0530: 117.734: [CMS-concurrent-preclean: 0.001/0.001 secs] [Times: user=0.01 sys=0.00, real=0.00 secs] 
2016-07-04T18:50:43.143-0530: 117.734: [CMS-concurrent-abortable-preclean-start]
2016-07-04T18:50:43.757-0530: 118.348: [CMS-concurrent-abortable-preclean: 0.303/0.614 secs] [Times: user=1.14 sys=0.00, real=0.61 secs] 
2016-07-04T18:50:43.757-0530: 118.348: [GC (CMS Final Remark) [YG occupancy: 75682 K (109248 K)]{Heap before GC invocations=91 (full 59):
 par new generation   total 109248K, used 75682K [0x00000007a0000000, 0x00000007a8000000, 0x00000007a8000000)
  eden space 87424K,  63% used [0x00000007a0000000, 0x00000007a35de288, 0x00000007a5560000)
  from space 21824K,  94% used [0x00000007a6ab0000, 0x00000007a7eba928, 0x00000007a8000000)
  to   space 21824K,   0% used [0x00000007a5560000, 0x00000007a5560000, 0x00000007a6ab0000)
 concurrent mark-sweep generation total 393216K, used 211448K [0x00000007a8000000, 0x00000007c0000000, 0x00000007c0000000)
 Metaspace       used 29475K, capacity 29750K, committed 30076K, reserved 1075200K
  class space    used 3543K, capacity 3644K, committed 3708K, reserved 1048576K
2016-07-04T18:50:43.757-0530: 118.348: [GC (CMS Final Remark) 118.348: [ParNew
Desired survivor size 20112992 bytes, new threshold 4 (max 8)
- age   1:    7701000 bytes,    7701000 total
- age   2:        128 bytes,    7701128 total
- age   3:    4027416 bytes,   11728544 total
- age   4:   10619064 bytes,   22347608 total
: 75682K->21824K(109248K), 0.0646729 secs] 287131K->245128K(502464K), 0.0647299 secs] [Times: user=0.22 sys=0.01, real=0.07 secs] 
Heap after GC invocations=92 (full 59):
 par new generation   total 109248K, used 21824K [0x00000007a0000000, 0x00000007a8000000, 0x00000007a8000000)
  eden space 87424K,   0% used [0x00000007a0000000, 0x00000007a0000000, 0x00000007a5560000)
  from space 21824K, 100% used [0x00000007a5560000, 0x00000007a6ab0000, 0x00000007a6ab0000)
  to   space 21824K,   0% used [0x00000007a6ab0000, 0x00000007a6ab0000, 0x00000007a8000000)
 concurrent mark-sweep generation total 393216K, used 223304K [0x00000007a8000000, 0x00000007c0000000, 0x00000007c0000000)
 Metaspace       used 29475K, capacity 29750K, committed 30076K, reserved 1075200K
  class space    used 3543K, capacity 3644K, committed 3708K, reserved 1048576K
}
118.413: [Rescan (parallel) , 0.0193638 secs]118.432: [weak refs processing, 0.0007676 secs]118.433: [class unloading, 0.0118795 secs]118.445: [scrub symbol table, 0.0047372 secs]118.450: [scrub string table, 0.0004628 secs][1 CMS-remark: 223304K(393216K)] 245128K(502464K), 0.1046425 secs] [Times: user=0.31 sys=0.01, real=0.11 secs] 
2016-07-04T18:50:43.862-0530: 118.453: Total time for which application threads were stopped: 0.1048129 seconds
2016-07-04T18:50:43.862-0530: 118.453: [CMS-concurrent-sweep-start]
2016-07-04T18:50:44.074-0530: 118.664: [CMS-concurrent-sweep: 0.212/0.212 secs] [Times: user=0.42 sys=0.00, real=0.21 secs] 
2016-07-04T18:50:44.074-0530: 118.665: [CMS-concurrent-reset-start]
2016-07-04T18:50:44.074-0530: 118.665: [CMS-concurrent-reset: 0.000/0.000 secs] [Times: user=0.00 sys=0.00, real=0.00 secs] 
2016-07-04T18:50:44.863-0530: 119.454: Total time for which application threads were stopped: 0.0001668 seconds
2016-07-04T18:50:45.868-0530: 120.459: Total time for which application threads were stopped: 0.0047414 seconds
{Heap before GC invocations=92 (full 59):
 par new generation   total 109248K, used 88476K [0x00000007a0000000, 0x00000007a8000000, 0x00000007a8000000)
  eden space 87424K,  76% used [0x00000007a0000000, 0x00000007a4117330, 0x00000007a5560000)
  from space 21824K, 100% used [0x00000007a5560000, 0x00000007a6ab0000, 0x00000007a6ab0000)
  to   space 21824K,   0% used [0x00000007a6ab0000, 0x00000007a6ab0000, 0x00000007a8000000)
 concurrent mark-sweep generation total 393216K, used 125281K [0x00000007a8000000, 0x00000007c0000000, 0x00000007c0000000)
 Metaspace       used 29766K, capacity 30038K, committed 30332K, reserved 1075200K
  class space    used 3589K, capacity 3676K, committed 3708K, reserved 1048576K
2016-07-04T18:50:46.527-0530: 121.118: [GC (Allocation Failure) 121.118: [ParNew
Desired survivor size 20112992 bytes, new threshold 8 (max 8)
- age   1:   10833856 bytes,   10833856 total
- age   2:       4176 bytes,   10838032 total
- age   3:        128 bytes,   10838160 total
- age   4:    3552496 bytes,   14390656 total
: 88476K->21311K(109248K), 0.0224369 secs] 213757K->154430K(502464K), 0.0225330 secs] [Times: user=0.07 sys=0.00, real=0.02 secs] 
Heap after GC invocations=93 (full 59):
 par new generation   total 109248K, used 21311K [0x00000007a0000000, 0x00000007a8000000, 0x00000007a8000000)
  eden space 87424K,   0% used [0x00000007a0000000, 0x00000007a0000000, 0x00000007a5560000)
  from space 21824K,  97% used [0x00000007a6ab0000, 0x00000007a7f7fd78, 0x00000007a8000000)
  to   space 21824K,   0% used [0x00000007a5560000, 0x00000007a5560000, 0x00000007a6ab0000)
 concurrent mark-sweep generation total 393216K, used 133119K [0x00000007a8000000, 0x00000007c0000000, 0x00000007c0000000)
 Metaspace       used 29766K, capacity 30038K, committed 30332K, reserved 1075200K
  class space    used 3589K, capacity 3676K, committed 3708K, reserved 1048576K
}
2016-07-04T18:50:46.549-0530: 121.140: Total time for which application threads were stopped: 0.0226947 seconds
2016-07-04T18:50:51.564-0530: 126.155: Total time for which application threads were stopped: 0.0001981 seconds
2016-07-04T18:50:51.957-0530: 126.549: Total time for which application threads were stopped: 0.0005658 seconds
2016-07-04T18:50:51.968-0530: 126.559: Total time for which application threads were stopped: 0.0001528 seconds
2016-07-04T18:50:52.968-0530: 127.559: Total time for which application threads were stopped: 0.0001399 seconds
2016-07-04T18:51:42.547-0530: 177.140: Total time for which application threads were stopped: 0.0001062 seconds
2016-07-04T18:51:44.556-0530: 179.149: Total time for which application threads were stopped: 0.0001517 seconds
2016-07-04T18:51:54.578-0530: 189.172: Total time for which application threads were stopped: 0.0001648 seconds
2016-07-04T18:52:03.607-0530: 198.201: Total time for which application threads were stopped: 0.0001642 seconds
2016-07-04T18:52:07.617-0530: 202.211: Total time for which application threads were stopped: 0.0001888 seconds
2016-07-04T18:52:29.678-0530: 224.272: Total time for which application threads were stopped: 0.0002226 seconds
2016-07-04T18:53:12.790-0530: 267.385: Total time for which application threads were stopped: 0.0002965 seconds
2016-07-04T18:53:24.828-0530: 279.424: Total time for which application threads were stopped: 0.0002015 seconds
2016-07-04T18:58:16.366-0530: 570.973: Total time for which application threads were stopped: 0.0082923 seconds
2016-07-04T18:58:16.378-0530: 570.984: Total time for which application threads were stopped: 0.0001295 seconds
2016-07-04T18:58:16.380-0530: 570.986: Total time for which application threads were stopped: 0.0004230 seconds
2016-07-04T18:58:16.382-0530: 570.988: Total time for which application threads were stopped: 0.0002387 seconds
Heap
 par new generation   total 109248K, used 95090K [0x00000007a0000000, 0x00000007a8000000, 0x00000007a8000000)
  eden space 87424K,  84% used [0x00000007a0000000, 0x00000007a480cbb8, 0x00000007a5560000)
  from space 21824K,  97% used [0x00000007a6ab0000, 0x00000007a7f7fd78, 0x00000007a8000000)
  to   space 21824K,   0% used [0x00000007a5560000, 0x00000007a5560000, 0x00000007a6ab0000)
 concurrent mark-sweep generation total 393216K, used 133119K [0x00000007a8000000, 0x00000007c0000000, 0x00000007c0000000)
 Metaspace       used 30123K, capacity 30370K, committed 30844K, reserved 1077248K
  class space    used 3610K, capacity 3678K, committed 3708K, reserved 1048576K
