Java HotSpot(TM) 64-Bit Server VM (25.31-b07) for bsd-amd64 JRE (1.8.0_31-b13), built on Dec 17 2014 20:45:36 by "java_re" with gcc 4.2.1 (Based on Apple Inc. build 5658) (LLVM build 2336.11.00)
Memory: 4k page, physical 4194304k(302228k free)

/proc/meminfo:

CommandLine flags: -XX:CMSInitiatingOccupancyFraction=50 -XX:CMSMaxAbortablePrecleanTime=6000 -XX:+CMSParallelRemarkEnabled -XX:+CMSScavengeBeforeRemark -XX:ConcGCThreads=4 -XX:InitialHeapSize=536870912 -XX:MaxHeapSize=536870912 -XX:MaxTenuringThreshold=8 -XX:NewRatio=3 -XX:OldPLABSize=16 -XX:ParallelGCThreads=4 -XX:+ParallelRefProcEnabled -XX:PretenureSizeThreshold=67108864 -XX:+PrintGC -XX:+PrintGCApplicationStoppedTime -XX:+PrintGCDateStamps -XX:+PrintGCDetails -XX:+PrintGCTimeStamps -XX:+PrintHeapAtGC -XX:+PrintTenuringDistribution -XX:SurvivorRatio=4 -XX:TargetSurvivorRatio=90 -XX:ThreadStackSize=256 -XX:+UseCMSInitiatingOccupancyOnly -XX:+UseCompressedClassPointers -XX:+UseCompressedOops -XX:+UseConcMarkSweepGC -XX:+UseParNewGC 
2016-07-04T18:58:25.225-0530: 0.167: Total time for which application threads were stopped: 0.0000928 seconds
2016-07-04T18:58:25.532-0530: 0.474: Total time for which application threads were stopped: 0.0001577 seconds
2016-07-04T18:58:25.656-0530: 0.598: Total time for which application threads were stopped: 0.0001227 seconds
2016-07-04T18:58:25.762-0530: 0.705: Total time for which application threads were stopped: 0.0001413 seconds
2016-07-04T18:58:25.818-0530: 0.760: Total time for which application threads were stopped: 0.0001557 seconds
2016-07-04T18:58:25.839-0530: 0.781: Total time for which application threads were stopped: 0.0002347 seconds
2016-07-04T18:58:25.854-0530: 0.796: Total time for which application threads were stopped: 0.0002131 seconds
{Heap before GC invocations=0 (full 0):
 par new generation   total 109248K, used 87424K [0x00000007a0000000, 0x00000007a8000000, 0x00000007a8000000)
  eden space 87424K, 100% used [0x00000007a0000000, 0x00000007a5560000, 0x00000007a5560000)
  from space 21824K,   0% used [0x00000007a5560000, 0x00000007a5560000, 0x00000007a6ab0000)
  to   space 21824K,   0% used [0x00000007a6ab0000, 0x00000007a6ab0000, 0x00000007a8000000)
 concurrent mark-sweep generation total 393216K, used 0K [0x00000007a8000000, 0x00000007c0000000, 0x00000007c0000000)
 Metaspace       used 10061K, capacity 10204K, committed 10496K, reserved 1058816K
  class space    used 1152K, capacity 1208K, committed 1280K, reserved 1048576K
2016-07-04T18:58:26.299-0530: 1.242: [GC (Allocation Failure) 1.242: [ParNew
Desired survivor size 20112992 bytes, new threshold 8 (max 8)
- age   1:    5234688 bytes,    5234688 total
: 87424K->5183K(109248K), 0.0086442 secs] 87424K->5183K(502464K), 0.0087371 secs] [Times: user=0.02 sys=0.00, real=0.01 secs] 
Heap after GC invocations=1 (full 0):
 par new generation   total 109248K, used 5183K [0x00000007a0000000, 0x00000007a8000000, 0x00000007a8000000)
  eden space 87424K,   0% used [0x00000007a0000000, 0x00000007a0000000, 0x00000007a5560000)
  from space 21824K,  23% used [0x00000007a6ab0000, 0x00000007a6fbfe90, 0x00000007a8000000)
  to   space 21824K,   0% used [0x00000007a5560000, 0x00000007a5560000, 0x00000007a6ab0000)
 concurrent mark-sweep generation total 393216K, used 0K [0x00000007a8000000, 0x00000007c0000000, 0x00000007c0000000)
 Metaspace       used 10061K, capacity 10204K, committed 10496K, reserved 1058816K
  class space    used 1152K, capacity 1208K, committed 1280K, reserved 1048576K
}
2016-07-04T18:58:26.308-0530: 1.250: Total time for which application threads were stopped: 0.0089659 seconds
2016-07-04T18:58:26.526-0530: 1.468: Total time for which application threads were stopped: 0.0001923 seconds
2016-07-04T18:58:26.580-0530: 1.522: Total time for which application threads were stopped: 0.0001858 seconds
2016-07-04T18:58:26.815-0530: 1.757: Total time for which application threads were stopped: 0.0002802 seconds
2016-07-04T18:58:26.817-0530: 1.759: Total time for which application threads were stopped: 0.0001697 seconds
2016-07-04T18:58:26.822-0530: 1.764: Total time for which application threads were stopped: 0.0002123 seconds
2016-07-04T18:58:27.107-0530: 2.049: Total time for which application threads were stopped: 0.0006173 seconds
{Heap before GC invocations=1 (full 0):
 par new generation   total 109248K, used 92607K [0x00000007a0000000, 0x00000007a8000000, 0x00000007a8000000)
  eden space 87424K, 100% used [0x00000007a0000000, 0x00000007a5560000, 0x00000007a5560000)
  from space 21824K,  23% used [0x00000007a6ab0000, 0x00000007a6fbfe90, 0x00000007a8000000)
  to   space 21824K,   0% used [0x00000007a5560000, 0x00000007a5560000, 0x00000007a6ab0000)
 concurrent mark-sweep generation total 393216K, used 0K [0x00000007a8000000, 0x00000007c0000000, 0x00000007c0000000)
 Metaspace       used 17917K, capacity 18168K, committed 18304K, reserved 1064960K
  class space    used 2081K, capacity 2155K, committed 2176K, reserved 1048576K
2016-07-04T18:58:27.472-0530: 2.414: [GC (Allocation Failure) 2.432: [ParNew
Desired survivor size 20112992 bytes, new threshold 8 (max 8)
- age   1:    7112224 bytes,    7112224 total
- age   2:    2484752 bytes,    9596976 total
: 92607K->11284K(109248K), 0.0114288 secs] 92607K->11284K(502464K), 0.0291149 secs] [Times: user=0.04 sys=0.01, real=0.03 secs] 
Heap after GC invocations=2 (full 0):
 par new generation   total 109248K, used 11284K [0x00000007a0000000, 0x00000007a8000000, 0x00000007a8000000)
  eden space 87424K,   0% used [0x00000007a0000000, 0x00000007a0000000, 0x00000007a5560000)
  from space 21824K,  51% used [0x00000007a5560000, 0x00000007a6065310, 0x00000007a6ab0000)
  to   space 21824K,   0% used [0x00000007a6ab0000, 0x00000007a6ab0000, 0x00000007a8000000)
 concurrent mark-sweep generation total 393216K, used 0K [0x00000007a8000000, 0x00000007c0000000, 0x00000007c0000000)
 Metaspace       used 17917K, capacity 18168K, committed 18304K, reserved 1064960K
  class space    used 2081K, capacity 2155K, committed 2176K, reserved 1048576K
}
2016-07-04T18:58:27.501-0530: 2.443: Total time for which application threads were stopped: 0.0293807 seconds
2016-07-04T18:58:27.646-0530: 2.588: Total time for which application threads were stopped: 0.0004406 seconds
2016-07-04T18:58:27.672-0530: 2.615: Total time for which application threads were stopped: 0.0003520 seconds
2016-07-04T18:58:27.697-0530: 2.639: Total time for which application threads were stopped: 0.0002626 seconds
2016-07-04T18:58:27.935-0530: 2.877: Total time for which application threads were stopped: 0.0003159 seconds
2016-07-04T18:58:28.024-0530: 2.966: Total time for which application threads were stopped: 0.0001631 seconds
{Heap before GC invocations=2 (full 0):
 par new generation   total 109248K, used 98708K [0x00000007a0000000, 0x00000007a8000000, 0x00000007a8000000)
  eden space 87424K, 100% used [0x00000007a0000000, 0x00000007a5560000, 0x00000007a5560000)
  from space 21824K,  51% used [0x00000007a5560000, 0x00000007a6065310, 0x00000007a6ab0000)
  to   space 21824K,   0% used [0x00000007a6ab0000, 0x00000007a6ab0000, 0x00000007a8000000)
 concurrent mark-sweep generation total 393216K, used 0K [0x00000007a8000000, 0x00000007c0000000, 0x00000007c0000000)
 Metaspace       used 20966K, capacity 21202K, committed 21504K, reserved 1069056K
  class space    used 2493K, capacity 2550K, committed 2560K, reserved 1048576K
2016-07-04T18:58:28.028-0530: 2.970: [GC (Allocation Failure) 2.970: [ParNew
Desired survivor size 20112992 bytes, new threshold 8 (max 8)
- age   1:    2708640 bytes,    2708640 total
- age   2:    2110456 bytes,    4819096 total
- age   3:    2467160 bytes,    7286256 total
: 98708K->13708K(109248K), 0.0114125 secs] 98708K->13708K(502464K), 0.0114644 secs] [Times: user=0.03 sys=0.01, real=0.01 secs] 
Heap after GC invocations=3 (full 0):
 par new generation   total 109248K, used 13708K [0x00000007a0000000, 0x00000007a8000000, 0x00000007a8000000)
  eden space 87424K,   0% used [0x00000007a0000000, 0x00000007a0000000, 0x00000007a5560000)
  from space 21824K,  62% used [0x00000007a6ab0000, 0x00000007a78133d0, 0x00000007a8000000)
  to   space 21824K,   0% used [0x00000007a5560000, 0x00000007a5560000, 0x00000007a6ab0000)
 concurrent mark-sweep generation total 393216K, used 0K [0x00000007a8000000, 0x00000007c0000000, 0x00000007c0000000)
 Metaspace       used 20966K, capacity 21202K, committed 21504K, reserved 1069056K
  class space    used 2493K, capacity 2550K, committed 2560K, reserved 1048576K
}
2016-07-04T18:58:28.039-0530: 2.981: Total time for which application threads were stopped: 0.0116209 seconds
2016-07-04T18:58:28.039-0530: 2.982: [GC (CMS Initial Mark) [1 CMS-initial-mark: 0K(393216K)] 13709K(502464K), 0.0026107 secs] [Times: user=0.01 sys=0.00, real=0.01 secs] 
2016-07-04T18:58:28.042-0530: 2.984: Total time for which application threads were stopped: 0.0027973 seconds
2016-07-04T18:58:28.042-0530: 2.984: [CMS-concurrent-mark-start]
2016-07-04T18:58:28.042-0530: 2.984: [CMS-concurrent-mark: 0.000/0.000 secs] [Times: user=0.00 sys=0.00, real=0.00 secs] 
2016-07-04T18:58:28.042-0530: 2.984: [CMS-concurrent-preclean-start]
2016-07-04T18:58:28.044-0530: 2.986: [CMS-concurrent-preclean: 0.001/0.001 secs] [Times: user=0.00 sys=0.00, real=0.00 secs] 
2016-07-04T18:58:28.044-0530: 2.986: [GC (CMS Final Remark) [YG occupancy: 14537 K (109248 K)]{Heap before GC invocations=3 (full 1):
 par new generation   total 109248K, used 14537K [0x00000007a0000000, 0x00000007a8000000, 0x00000007a8000000)
  eden space 87424K,   0% used [0x00000007a0000000, 0x00000007a00cf208, 0x00000007a5560000)
  from space 21824K,  62% used [0x00000007a6ab0000, 0x00000007a78133d0, 0x00000007a8000000)
  to   space 21824K,   0% used [0x00000007a5560000, 0x00000007a5560000, 0x00000007a6ab0000)
 concurrent mark-sweep generation total 393216K, used 0K [0x00000007a8000000, 0x00000007c0000000, 0x00000007c0000000)
 Metaspace       used 20966K, capacity 21202K, committed 21504K, reserved 1069056K
  class space    used 2493K, capacity 2550K, committed 2560K, reserved 1048576K
2016-07-04T18:58:28.044-0530: 2.986: [GC (CMS Final Remark) 2.986: [ParNew
Desired survivor size 20112992 bytes, new threshold 8 (max 8)
- age   1:        384 bytes,        384 total
- age   2:    1416352 bytes,    1416736 total
- age   3:    2103400 bytes,    3520136 total
- age   4:    2467184 bytes,    5987320 total
: 14537K->7408K(109248K), 0.0084731 secs] 14537K->7408K(502464K), 0.0085153 secs] [Times: user=0.02 sys=0.00, real=0.01 secs] 
Heap after GC invocations=4 (full 1):
 par new generation   total 109248K, used 7408K [0x00000007a0000000, 0x00000007a8000000, 0x00000007a8000000)
  eden space 87424K,   0% used [0x00000007a0000000, 0x00000007a0000000, 0x00000007a5560000)
  from space 21824K,  33% used [0x00000007a5560000, 0x00000007a5c9c110, 0x00000007a6ab0000)
  to   space 21824K,   0% used [0x00000007a6ab0000, 0x00000007a6ab0000, 0x00000007a8000000)
 concurrent mark-sweep generation total 393216K, used 0K [0x00000007a8000000, 0x00000007c0000000, 0x00000007c0000000)
 Metaspace       used 20966K, capacity 21202K, committed 21504K, reserved 1069056K
  class space    used 2493K, capacity 2550K, committed 2560K, reserved 1048576K
}
2.995: [Rescan (parallel) , 0.0021423 secs]2.997: [weak refs processing, 0.0007087 secs]2.998: [class unloading, 0.0073184 secs]3.005: [scrub symbol table, 0.0033346 secs]3.008: [scrub string table, 0.0003087 secs][1 CMS-remark: 0K(393216K)] 7408K(502464K), 0.0248348 secs] [Times: user=0.05 sys=0.00, real=0.02 secs] 
2016-07-04T18:58:28.069-0530: 3.011: Total time for which application threads were stopped: 0.0249860 seconds
2016-07-04T18:58:28.069-0530: 3.011: [CMS-concurrent-sweep-start]
2016-07-04T18:58:28.069-0530: 3.011: [CMS-concurrent-sweep: 0.000/0.000 secs] [Times: user=0.00 sys=0.00, real=0.00 secs] 
2016-07-04T18:58:28.069-0530: 3.011: [CMS-concurrent-reset-start]
2016-07-04T18:58:28.073-0530: 3.015: [CMS-concurrent-reset: 0.004/0.004 secs] [Times: user=0.00 sys=0.00, real=0.01 secs] 
2016-07-04T18:58:28.082-0530: 3.024: Total time for which application threads were stopped: 0.0002489 seconds
2016-07-04T18:58:28.766-0530: 3.708: Total time for which application threads were stopped: 0.0003384 seconds
2016-07-04T18:58:29.171-0530: 4.113: Total time for which application threads were stopped: 0.0003461 seconds
2016-07-04T18:58:30.174-0530: 5.117: Total time for which application threads were stopped: 0.0001414 seconds
2016-07-04T19:05:53.399-0530: 448.358: Total time for which application threads were stopped: 0.0005126 seconds
2016-07-04T19:05:53.406-0530: 448.364: Total time for which application threads were stopped: 0.0000744 seconds
2016-07-04T19:05:53.460-0530: 448.418: Total time for which application threads were stopped: 0.0001187 seconds
2016-07-04T19:05:53.483-0530: 448.442: Total time for which application threads were stopped: 0.0001059 seconds
2016-07-04T19:05:53.578-0530: 448.537: Total time for which application threads were stopped: 0.0007278 seconds
2016-07-04T19:05:53.723-0530: 448.681: Total time for which application threads were stopped: 0.0001193 seconds
2016-07-04T19:05:53.726-0530: 448.685: Total time for which application threads were stopped: 0.0000672 seconds
2016-07-04T19:05:53.777-0530: 448.736: Total time for which application threads were stopped: 0.0001007 seconds
{Heap before GC invocations=4 (full 1):
 par new generation   total 109248K, used 94832K [0x00000007a0000000, 0x00000007a8000000, 0x00000007a8000000)
  eden space 87424K, 100% used [0x00000007a0000000, 0x00000007a5560000, 0x00000007a5560000)
  from space 21824K,  33% used [0x00000007a5560000, 0x00000007a5c9c110, 0x00000007a6ab0000)
  to   space 21824K,   0% used [0x00000007a6ab0000, 0x00000007a6ab0000, 0x00000007a8000000)
 concurrent mark-sweep generation total 393216K, used 0K [0x00000007a8000000, 0x00000007c0000000, 0x00000007c0000000)
 Metaspace       used 26888K, capacity 27180K, committed 27392K, reserved 1073152K
  class space    used 3232K, capacity 3295K, committed 3328K, reserved 1048576K
2016-07-04T19:05:53.865-0530: 448.824: [GC (Allocation Failure) 448.856: [ParNew
Desired survivor size 20112992 bytes, new threshold 5 (max 8)
- age   1:   17508080 bytes,   17508080 total
- age   2:        128 bytes,   17508208 total
- age   3:     482656 bytes,   17990864 total
- age   4:    1918104 bytes,   19908968 total
- age   5:    2354640 bytes,   22263608 total
: 94832K->21824K(109248K), 0.1400205 secs] 94832K->29459K(502464K), 0.1722808 secs] [Times: user=0.11 sys=0.15, real=0.17 secs] 
Heap after GC invocations=5 (full 1):
 par new generation   total 109248K, used 21824K [0x00000007a0000000, 0x00000007a8000000, 0x00000007a8000000)
  eden space 87424K,   0% used [0x00000007a0000000, 0x00000007a0000000, 0x00000007a5560000)
  from space 21824K, 100% used [0x00000007a6ab0000, 0x00000007a8000000, 0x00000007a8000000)
  to   space 21824K,   0% used [0x00000007a5560000, 0x00000007a5560000, 0x00000007a6ab0000)
 concurrent mark-sweep generation total 393216K, used 7635K [0x00000007a8000000, 0x00000007c0000000, 0x00000007c0000000)
 Metaspace       used 26888K, capacity 27180K, committed 27392K, reserved 1073152K
  class space    used 3232K, capacity 3295K, committed 3328K, reserved 1048576K
}
2016-07-04T19:05:54.037-0530: 448.996: Total time for which application threads were stopped: 0.1725351 seconds
{Heap before GC invocations=5 (full 1):
 par new generation   total 109248K, used 109248K [0x00000007a0000000, 0x00000007a8000000, 0x00000007a8000000)
  eden space 87424K, 100% used [0x00000007a0000000, 0x00000007a5560000, 0x00000007a5560000)
  from space 21824K, 100% used [0x00000007a6ab0000, 0x00000007a8000000, 0x00000007a8000000)
  to   space 21824K,   0% used [0x00000007a5560000, 0x00000007a5560000, 0x00000007a6ab0000)
 concurrent mark-sweep generation total 393216K, used 7635K [0x00000007a8000000, 0x00000007c0000000, 0x00000007c0000000)
 Metaspace       used 26890K, capacity 27180K, committed 27392K, reserved 1073152K
  class space    used 3232K, capacity 3295K, committed 3328K, reserved 1048576K
2016-07-04T19:05:54.381-0530: 449.339: [GC (Allocation Failure) 449.339: [ParNew
Desired survivor size 20112992 bytes, new threshold 2 (max 8)
- age   1:    8767776 bytes,    8767776 total
- age   2:   11411456 bytes,   20179232 total
- age   3:        128 bytes,   20179360 total
- age   4:     325120 bytes,   20504480 total
- age   5:    1781496 bytes,   22285976 total
: 109248K->21824K(109248K), 0.1017926 secs] 116883K->78785K(502464K), 0.1018919 secs] [Times: user=0.14 sys=0.06, real=0.10 secs] 
Heap after GC invocations=6 (full 1):
 par new generation   total 109248K, used 21824K [0x00000007a0000000, 0x00000007a8000000, 0x00000007a8000000)
  eden space 87424K,   0% used [0x00000007a0000000, 0x00000007a0000000, 0x00000007a5560000)
  from space 21824K, 100% used [0x00000007a5560000, 0x00000007a6ab0000, 0x00000007a6ab0000)
  to   space 21824K,   0% used [0x00000007a6ab0000, 0x00000007a6ab0000, 0x00000007a8000000)
 concurrent mark-sweep generation total 393216K, used 56961K [0x00000007a8000000, 0x00000007c0000000, 0x00000007c0000000)
 Metaspace       used 26890K, capacity 27180K, committed 27392K, reserved 1073152K
  class space    used 3232K, capacity 3295K, committed 3328K, reserved 1048576K
}
2016-07-04T19:05:54.483-0530: 449.441: Total time for which application threads were stopped: 0.1021145 seconds
2016-07-04T19:05:54.499-0530: 449.458: Total time for which application threads were stopped: 0.0001272 seconds
2016-07-04T19:05:54.499-0530: 449.458: Total time for which application threads were stopped: 0.0000631 seconds
2016-07-04T19:05:54.501-0530: 449.460: Total time for which application threads were stopped: 0.0000795 seconds
{Heap before GC invocations=6 (full 1):
 par new generation   total 109248K, used 109248K [0x00000007a0000000, 0x00000007a8000000, 0x00000007a8000000)
  eden space 87424K, 100% used [0x00000007a0000000, 0x00000007a5560000, 0x00000007a5560000)
  from space 21824K, 100% used [0x00000007a5560000, 0x00000007a6ab0000, 0x00000007a6ab0000)
  to   space 21824K,   0% used [0x00000007a6ab0000, 0x00000007a6ab0000, 0x00000007a8000000)
 concurrent mark-sweep generation total 393216K, used 56961K [0x00000007a8000000, 0x00000007c0000000, 0x00000007c0000000)
 Metaspace       used 27013K, capacity 27340K, committed 27648K, reserved 1073152K
  class space    used 3248K, capacity 3327K, committed 3328K, reserved 1048576K
2016-07-04T19:05:54.557-0530: 449.515: [GC (Allocation Failure) 449.515: [ParNew
Desired survivor size 20112992 bytes, new threshold 8 (max 8)
- age   1:   11425792 bytes,   11425792 total
- age   2:    7896640 bytes,   19322432 total
: 109248K->21824K(109248K), 0.0530560 secs] 166209K->100740K(502464K), 0.0531393 secs] [Times: user=0.09 sys=0.02, real=0.06 secs] 
Heap after GC invocations=7 (full 1):
 par new generation   total 109248K, used 21824K [0x00000007a0000000, 0x00000007a8000000, 0x00000007a8000000)
  eden space 87424K,   0% used [0x00000007a0000000, 0x00000007a0000000, 0x00000007a5560000)
  from space 21824K, 100% used [0x00000007a6ab0000, 0x00000007a8000000, 0x00000007a8000000)
  to   space 21824K,   0% used [0x00000007a5560000, 0x00000007a5560000, 0x00000007a6ab0000)
 concurrent mark-sweep generation total 393216K, used 78916K [0x00000007a8000000, 0x00000007c0000000, 0x00000007c0000000)
 Metaspace       used 27013K, capacity 27340K, committed 27648K, reserved 1073152K
  class space    used 3248K, capacity 3327K, committed 3328K, reserved 1048576K
}
2016-07-04T19:05:54.610-0530: 449.569: Total time for which application threads were stopped: 0.0533810 seconds
{Heap before GC invocations=7 (full 1):
 par new generation   total 109248K, used 109248K [0x00000007a0000000, 0x00000007a8000000, 0x00000007a8000000)
  eden space 87424K, 100% used [0x00000007a0000000, 0x00000007a5560000, 0x00000007a5560000)
  from space 21824K, 100% used [0x00000007a6ab0000, 0x00000007a8000000, 0x00000007a8000000)
  to   space 21824K,   0% used [0x00000007a5560000, 0x00000007a5560000, 0x00000007a6ab0000)
 concurrent mark-sweep generation total 393216K, used 78916K [0x00000007a8000000, 0x00000007c0000000, 0x00000007c0000000)
 Metaspace       used 27013K, capacity 27340K, committed 27648K, reserved 1073152K
  class space    used 3248K, capacity 3327K, committed 3328K, reserved 1048576K
2016-07-04T19:05:54.639-0530: 449.598: [GC (Allocation Failure) 449.598: [ParNew
Desired survivor size 20112992 bytes, new threshold 3 (max 8)
- age   1:    3653656 bytes,    3653656 total
- age   2:   10737424 bytes,   14391080 total
- age   3:    7896680 bytes,   22287760 total
: 109248K->21824K(109248K), 0.0402251 secs] 188164K->115078K(502464K), 0.0402798 secs] [Times: user=0.05 sys=0.01, real=0.04 secs] 
Heap after GC invocations=8 (full 1):
 par new generation   total 109248K, used 21824K [0x00000007a0000000, 0x00000007a8000000, 0x00000007a8000000)
  eden space 87424K,   0% used [0x00000007a0000000, 0x00000007a0000000, 0x00000007a5560000)
  from space 21824K, 100% used [0x00000007a5560000, 0x00000007a6ab0000, 0x00000007a6ab0000)
  to   space 21824K,   0% used [0x00000007a6ab0000, 0x00000007a6ab0000, 0x00000007a8000000)
 concurrent mark-sweep generation total 393216K, used 93254K [0x00000007a8000000, 0x00000007c0000000, 0x00000007c0000000)
 Metaspace       used 27013K, capacity 27340K, committed 27648K, reserved 1073152K
  class space    used 3248K, capacity 3327K, committed 3328K, reserved 1048576K
}
2016-07-04T19:05:54.679-0530: 449.638: Total time for which application threads were stopped: 0.0404588 seconds
{Heap before GC invocations=8 (full 1):
 par new generation   total 109248K, used 109248K [0x00000007a0000000, 0x00000007a8000000, 0x00000007a8000000)
  eden space 87424K, 100% used [0x00000007a0000000, 0x00000007a5560000, 0x00000007a5560000)
  from space 21824K, 100% used [0x00000007a5560000, 0x00000007a6ab0000, 0x00000007a6ab0000)
  to   space 21824K,   0% used [0x00000007a6ab0000, 0x00000007a6ab0000, 0x00000007a8000000)
 concurrent mark-sweep generation total 393216K, used 93254K [0x00000007a8000000, 0x00000007c0000000, 0x00000007c0000000)
 Metaspace       used 27013K, capacity 27340K, committed 27648K, reserved 1073152K
  class space    used 3248K, capacity 3327K, committed 3328K, reserved 1048576K
2016-07-04T19:05:54.707-0530: 449.666: [GC (Allocation Failure) 449.666: [ParNew
Desired survivor size 20112992 bytes, new threshold 3 (max 8)
- age   1:    9871864 bytes,    9871864 total
- age   2:    2103864 bytes,   11975728 total
- age   3:   10310696 bytes,   22286424 total
: 109248K->21824K(109248K), 0.0290103 secs] 202502K->132337K(502464K), 0.0290767 secs] [Times: user=0.06 sys=0.01, real=0.03 secs] 
Heap after GC invocations=9 (full 1):
 par new generation   total 109248K, used 21824K [0x00000007a0000000, 0x00000007a8000000, 0x00000007a8000000)
  eden space 87424K,   0% used [0x00000007a0000000, 0x00000007a0000000, 0x00000007a5560000)
  from space 21824K, 100% used [0x00000007a6ab0000, 0x00000007a8000000, 0x00000007a8000000)
  to   space 21824K,   0% used [0x00000007a5560000, 0x00000007a5560000, 0x00000007a6ab0000)
 concurrent mark-sweep generation total 393216K, used 110513K [0x00000007a8000000, 0x00000007c0000000, 0x00000007c0000000)
 Metaspace       used 27013K, capacity 27340K, committed 27648K, reserved 1073152K
  class space    used 3248K, capacity 3327K, committed 3328K, reserved 1048576K
}
2016-07-04T19:05:54.736-0530: 449.695: Total time for which application threads were stopped: 0.0292579 seconds
2016-07-04T19:05:54.753-0530: 449.712: Total time for which application threads were stopped: 0.0000695 seconds
2016-07-04T19:05:54.756-0530: 449.715: Total time for which application threads were stopped: 0.0000945 seconds
2016-07-04T19:05:54.758-0530: 449.717: Total time for which application threads were stopped: 0.0000924 seconds
2016-07-04T19:05:54.761-0530: 449.720: Total time for which application threads were stopped: 0.0000966 seconds
2016-07-04T19:05:54.764-0530: 449.723: Total time for which application threads were stopped: 0.0001127 seconds
2016-07-04T19:05:54.785-0530: 449.743: Total time for which application threads were stopped: 0.0001101 seconds
2016-07-04T19:05:54.785-0530: 449.744: Total time for which application threads were stopped: 0.0000631 seconds
2016-07-04T19:05:54.785-0530: 449.744: Total time for which application threads were stopped: 0.0000572 seconds
2016-07-04T19:05:54.785-0530: 449.744: Total time for which application threads were stopped: 0.0000540 seconds
2016-07-04T19:05:54.785-0530: 449.744: Total time for which application threads were stopped: 0.0000578 seconds
2016-07-04T19:05:54.785-0530: 449.744: Total time for which application threads were stopped: 0.0000542 seconds
2016-07-04T19:05:54.785-0530: 449.744: Total time for which application threads were stopped: 0.0000571 seconds
2016-07-04T19:05:54.785-0530: 449.744: Total time for which application threads were stopped: 0.0000565 seconds
2016-07-04T19:05:54.785-0530: 449.744: Total time for which application threads were stopped: 0.0000495 seconds
2016-07-04T19:05:54.786-0530: 449.744: Total time for which application threads were stopped: 0.0000573 seconds
2016-07-04T19:05:54.786-0530: 449.745: Total time for which application threads were stopped: 0.0001284 seconds
2016-07-04T19:05:54.813-0530: 449.771: Total time for which application threads were stopped: 0.0000935 seconds
2016-07-04T19:05:54.813-0530: 449.771: Total time for which application threads were stopped: 0.0000391 seconds
2016-07-04T19:05:54.937-0530: 449.895: Total time for which application threads were stopped: 0.0001428 seconds
{Heap before GC invocations=9 (full 1):
 par new generation   total 109248K, used 109248K [0x00000007a0000000, 0x00000007a8000000, 0x00000007a8000000)
  eden space 87424K, 100% used [0x00000007a0000000, 0x00000007a5560000, 0x00000007a5560000)
  from space 21824K, 100% used [0x00000007a6ab0000, 0x00000007a8000000, 0x00000007a8000000)
  to   space 21824K,   0% used [0x00000007a5560000, 0x00000007a5560000, 0x00000007a6ab0000)
 concurrent mark-sweep generation total 393216K, used 110513K [0x00000007a8000000, 0x00000007c0000000, 0x00000007c0000000)
 Metaspace       used 28726K, capacity 29056K, committed 29568K, reserved 1075200K
  class space    used 3485K, capacity 3593K, committed 3712K, reserved 1048576K
2016-07-04T19:05:55.102-0530: 450.061: [GC (Allocation Failure) 450.061: [ParNew
Desired survivor size 20112992 bytes, new threshold 2 (max 8)
- age   1:   10869976 bytes,   10869976 total
- age   2:    9353032 bytes,   20223008 total
- age   3:    2103864 bytes,   22326872 total
: 109248K->21824K(109248K), 0.0466615 secs] 219761K->148324K(502464K), 0.0467633 secs] [Times: user=0.07 sys=0.01, real=0.04 secs] 
Heap after GC invocations=10 (full 1):
 par new generation   total 109248K, used 21824K [0x00000007a0000000, 0x00000007a8000000, 0x00000007a8000000)
  eden space 87424K,   0% used [0x00000007a0000000, 0x00000007a0000000, 0x00000007a5560000)
  from space 21824K, 100% used [0x00000007a5560000, 0x00000007a6ab0000, 0x00000007a6ab0000)
  to   space 21824K,   0% used [0x00000007a6ab0000, 0x00000007a6ab0000, 0x00000007a8000000)
 concurrent mark-sweep generation total 393216K, used 126500K [0x00000007a8000000, 0x00000007c0000000, 0x00000007c0000000)
 Metaspace       used 28726K, capacity 29056K, committed 29568K, reserved 1075200K
  class space    used 3485K, capacity 3593K, committed 3712K, reserved 1048576K
}
2016-07-04T19:05:55.149-0530: 450.108: Total time for which application threads were stopped: 0.0469993 seconds
{Heap before GC invocations=10 (full 1):
 par new generation   total 109248K, used 104477K [0x00000007a0000000, 0x00000007a8000000, 0x00000007a8000000)
  eden space 87424K,  94% used [0x00000007a0000000, 0x00000007a50b74d0, 0x00000007a5560000)
  from space 21824K, 100% used [0x00000007a5560000, 0x00000007a6ab0000, 0x00000007a6ab0000)
  to   space 21824K,   0% used [0x00000007a6ab0000, 0x00000007a6ab0000, 0x00000007a8000000)
 concurrent mark-sweep generation total 393216K, used 126500K [0x00000007a8000000, 0x00000007c0000000, 0x00000007c0000000)
 Metaspace       used 28738K, capacity 29056K, committed 29568K, reserved 1075200K
  class space    used 3485K, capacity 3593K, committed 3712K, reserved 1048576K
2016-07-04T19:05:56.112-0530: 451.071: [GC (Allocation Failure) 451.071: [ParNew
Desired survivor size 20112992 bytes, new threshold 8 (max 8)
- age   1:    4068816 bytes,    4068816 total
- age   2:   10363712 bytes,   14432528 total
: 104477K->21824K(109248K), 0.0547476 secs] 230978K->184270K(502464K), 0.0548085 secs] [Times: user=0.15 sys=0.02, real=0.05 secs] 
Heap after GC invocations=11 (full 1):
 par new generation   total 109248K, used 21824K [0x00000007a0000000, 0x00000007a8000000, 0x00000007a8000000)
  eden space 87424K,   0% used [0x00000007a0000000, 0x00000007a0000000, 0x00000007a5560000)
  from space 21824K, 100% used [0x00000007a6ab0000, 0x00000007a8000000, 0x00000007a8000000)
  to   space 21824K,   0% used [0x00000007a5560000, 0x00000007a5560000, 0x00000007a6ab0000)
 concurrent mark-sweep generation total 393216K, used 162446K [0x00000007a8000000, 0x00000007c0000000, 0x00000007c0000000)
 Metaspace       used 28738K, capacity 29056K, committed 29568K, reserved 1075200K
  class space    used 3485K, capacity 3593K, committed 3712K, reserved 1048576K
}
2016-07-04T19:05:56.167-0530: 451.126: Total time for which application threads were stopped: 0.0550440 seconds
{Heap before GC invocations=11 (full 1):
 par new generation   total 109248K, used 105254K [0x00000007a0000000, 0x00000007a8000000, 0x00000007a8000000)
  eden space 87424K,  95% used [0x00000007a0000000, 0x00000007a5179918, 0x00000007a5560000)
  from space 21824K, 100% used [0x00000007a6ab0000, 0x00000007a8000000, 0x00000007a8000000)
  to   space 21824K,   0% used [0x00000007a5560000, 0x00000007a5560000, 0x00000007a6ab0000)
 concurrent mark-sweep generation total 393216K, used 162446K [0x00000007a8000000, 0x00000007c0000000, 0x00000007c0000000)
 Metaspace       used 28738K, capacity 29056K, committed 29568K, reserved 1075200K
  class space    used 3485K, capacity 3593K, committed 3712K, reserved 1048576K
2016-07-04T19:05:56.556-0530: 451.515: [GC (Allocation Failure) 451.515: [ParNew
Desired survivor size 20112992 bytes, new threshold 8 (max 8)
- age   1:    8216720 bytes,    8216720 total
- age   2:    2831384 bytes,   11048104 total
- age   3:    8093744 bytes,   19141848 total
: 105254K->21824K(109248K), 0.1639074 secs] 267700K->233953K(502464K), 0.1639755 secs] [Times: user=0.38 sys=0.02, real=0.17 secs] 
Heap after GC invocations=12 (full 1):
 par new generation   total 109248K, used 21824K [0x00000007a0000000, 0x00000007a8000000, 0x00000007a8000000)
  eden space 87424K,   0% used [0x00000007a0000000, 0x00000007a0000000, 0x00000007a5560000)
  from space 21824K, 100% used [0x00000007a5560000, 0x00000007a6ab0000, 0x00000007a6ab0000)
  to   space 21824K,   0% used [0x00000007a6ab0000, 0x00000007a6ab0000, 0x00000007a8000000)
 concurrent mark-sweep generation total 393216K, used 212129K [0x00000007a8000000, 0x00000007c0000000, 0x00000007c0000000)
 Metaspace       used 28738K, capacity 29056K, committed 29568K, reserved 1075200K
  class space    used 3485K, capacity 3593K, committed 3712K, reserved 1048576K
}
2016-07-04T19:05:56.720-0530: 451.679: Total time for which application threads were stopped: 0.1641716 seconds
2016-07-04T19:05:56.722-0530: 451.681: [GC (CMS Initial Mark) [1 CMS-initial-mark: 212129K(393216K)] 245003K(502464K), 0.0051362 secs] [Times: user=0.00 sys=0.01, real=0.00 secs] 
2016-07-04T19:05:56.727-0530: 451.686: Total time for which application threads were stopped: 0.0066534 seconds
2016-07-04T19:05:56.727-0530: 451.686: [CMS-concurrent-mark-start]
2016-07-04T19:05:56.769-0530: 451.728: [CMS-concurrent-mark: 0.042/0.042 secs] [Times: user=0.14 sys=0.00, real=0.04 secs] 
2016-07-04T19:05:56.769-0530: 451.728: [CMS-concurrent-preclean-start]
2016-07-04T19:05:56.771-0530: 451.730: [CMS-concurrent-preclean: 0.002/0.002 secs] [Times: user=0.00 sys=0.00, real=0.01 secs] 
2016-07-04T19:05:56.771-0530: 451.730: [CMS-concurrent-abortable-preclean-start]
{Heap before GC invocations=12 (full 2):
 par new generation   total 109248K, used 100397K [0x00000007a0000000, 0x00000007a8000000, 0x00000007a8000000)
  eden space 87424K,  89% used [0x00000007a0000000, 0x00000007a4cbb530, 0x00000007a5560000)
  from space 21824K, 100% used [0x00000007a5560000, 0x00000007a6ab0000, 0x00000007a6ab0000)
  to   space 21824K,   0% used [0x00000007a6ab0000, 0x00000007a6ab0000, 0x00000007a8000000)
 concurrent mark-sweep generation total 393216K, used 212129K [0x00000007a8000000, 0x00000007c0000000, 0x00000007c0000000)
 Metaspace       used 28738K, capacity 29056K, committed 29568K, reserved 1075200K
  class space    used 3485K, capacity 3593K, committed 3712K, reserved 1048576K
2016-07-04T19:05:56.917-0530: 451.876: [GC (Allocation Failure) 451.876: [ParNew2016-07-04T19:05:56.970-0530: 451.928: [CMS-concurrent-abortable-preclean: 0.096/0.199 secs] [Times: user=0.43 sys=0.01, real=0.20 secs] 

Desired survivor size 20112992 bytes, new threshold 8 (max 8)
- age   1:   13051400 bytes,   13051400 total
- age   2:     551552 bytes,   13602952 total
- age   3:    2181872 bytes,   15784824 total
- age   4:    3019984 bytes,   18804808 total
: 100397K->21824K(109248K), 0.2104800 secs] 312526K->303330K(502464K), 0.2105686 secs] [Times: user=0.64 sys=0.04, real=0.21 secs] 
Heap after GC invocations=13 (full 2):
 par new generation   total 109248K, used 21824K [0x00000007a0000000, 0x00000007a8000000, 0x00000007a8000000)
  eden space 87424K,   0% used [0x00000007a0000000, 0x00000007a0000000, 0x00000007a5560000)
  from space 21824K, 100% used [0x00000007a6ab0000, 0x00000007a8000000, 0x00000007a8000000)
  to   space 21824K,   0% used [0x00000007a5560000, 0x00000007a5560000, 0x00000007a6ab0000)
 concurrent mark-sweep generation total 393216K, used 281506K [0x00000007a8000000, 0x00000007c0000000, 0x00000007c0000000)
 Metaspace       used 28738K, capacity 29056K, committed 29568K, reserved 1075200K
  class space    used 3485K, capacity 3593K, committed 3712K, reserved 1048576K
}
2016-07-04T19:05:57.128-0530: 452.087: Total time for which application threads were stopped: 0.2107623 seconds
2016-07-04T19:05:57.129-0530: 452.088: [GC (CMS Final Remark) [YG occupancy: 30692 K (109248 K)]{Heap before GC invocations=13 (full 2):
 par new generation   total 109248K, used 30692K [0x00000007a0000000, 0x00000007a8000000, 0x00000007a8000000)
  eden space 87424K,  10% used [0x00000007a0000000, 0x00000007a08a9248, 0x00000007a5560000)
  from space 21824K, 100% used [0x00000007a6ab0000, 0x00000007a8000000, 0x00000007a8000000)
  to   space 21824K,   0% used [0x00000007a5560000, 0x00000007a5560000, 0x00000007a6ab0000)
 concurrent mark-sweep generation total 393216K, used 281506K [0x00000007a8000000, 0x00000007c0000000, 0x00000007c0000000)
 Metaspace       used 28738K, capacity 29056K, committed 29568K, reserved 1075200K
  class space    used 3485K, capacity 3593K, committed 3712K, reserved 1048576K
2016-07-04T19:05:57.129-0530: 452.088: [GC (CMS Final Remark) 452.088: [ParNew
Desired survivor size 20112992 bytes, new threshold 8 (max 8)
- age   2:   13051400 bytes,   13051400 total
- age   3:     551552 bytes,   13602952 total
- age   4:    2182696 bytes,   15785648 total
- age   5:    3019984 bytes,   18805632 total
: 30692K->21570K(109248K), 0.1675982 secs] 312199K->311945K(502464K), 0.1676447 secs] [Times: user=0.52 sys=0.01, real=0.17 secs] 
Heap after GC invocations=14 (full 2):
 par new generation   total 109248K, used 21570K [0x00000007a0000000, 0x00000007a8000000, 0x00000007a8000000)
  eden space 87424K,   0% used [0x00000007a0000000, 0x00000007a0000000, 0x00000007a5560000)
  from space 21824K,  98% used [0x00000007a5560000, 0x00000007a6a70a98, 0x00000007a6ab0000)
  to   space 21824K,   0% used [0x00000007a6ab0000, 0x00000007a6ab0000, 0x00000007a8000000)
 concurrent mark-sweep generation total 393216K, used 290375K [0x00000007a8000000, 0x00000007c0000000, 0x00000007c0000000)
 Metaspace       used 28738K, capacity 29056K, committed 29568K, reserved 1075200K
  class space    used 3485K, capacity 3593K, committed 3712K, reserved 1048576K
}
452.256: [Rescan (parallel) , 0.0396119 secs]452.296: [weak refs processing, 0.0017565 secs]452.297: [class unloading, 0.0563752 secs]452.354: [scrub symbol table, 0.0064458 secs]452.360: [scrub string table, 0.0004309 secs][1 CMS-remark: 290375K(393216K)] 311945K(502464K), 0.2758554 secs] [Times: user=0.64 sys=0.03, real=0.28 secs] 
2016-07-04T19:05:57.405-0530: 452.364: Total time for which application threads were stopped: 0.2770453 seconds
2016-07-04T19:05:57.405-0530: 452.364: [CMS-concurrent-sweep-start]
2016-07-04T19:05:57.429-0530: 452.388: [CMS-concurrent-sweep: 0.024/0.024 secs] [Times: user=0.04 sys=0.01, real=0.02 secs] 
2016-07-04T19:05:57.429-0530: 452.388: [CMS-concurrent-reset-start]
2016-07-04T19:05:57.439-0530: 452.398: [CMS-concurrent-reset: 0.010/0.010 secs] [Times: user=0.01 sys=0.00, real=0.01 secs] 
2016-07-04T19:05:57.609-0530: 452.568: Total time for which application threads were stopped: 0.0006908 seconds
2016-07-04T19:05:58.611-0530: 453.570: Total time for which application threads were stopped: 0.0008648 seconds
2016-07-04T19:05:59.443-0530: 454.402: [GC (CMS Initial Mark) [1 CMS-initial-mark: 260447K(393216K)] 319192K(502464K), 0.0037415 secs] [Times: user=0.01 sys=0.00, real=0.00 secs] 
2016-07-04T19:05:59.447-0530: 454.406: Total time for which application threads were stopped: 0.0039645 seconds
2016-07-04T19:05:59.447-0530: 454.406: [CMS-concurrent-mark-start]
2016-07-04T19:05:59.482-0530: 454.441: [CMS-concurrent-mark: 0.035/0.035 secs] [Times: user=0.12 sys=0.00, real=0.04 secs] 
2016-07-04T19:05:59.482-0530: 454.441: [CMS-concurrent-preclean-start]
2016-07-04T19:05:59.483-0530: 454.442: [CMS-concurrent-preclean: 0.001/0.001 secs] [Times: user=0.00 sys=0.00, real=0.00 secs] 
2016-07-04T19:05:59.483-0530: 454.442: [CMS-concurrent-abortable-preclean-start]
2016-07-04T19:06:00.447-0530: 455.406: Total time for which application threads were stopped: 0.0002221 seconds
2016-07-04T19:06:00.526-0530: 455.486: Total time for which application threads were stopped: 0.0003728 seconds
{Heap before GC invocations=14 (full 3):
 par new generation   total 109248K, used 108994K [0x00000007a0000000, 0x00000007a8000000, 0x00000007a8000000)
  eden space 87424K, 100% used [0x00000007a0000000, 0x00000007a5560000, 0x00000007a5560000)
  from space 21824K,  98% used [0x00000007a5560000, 0x00000007a6a70a98, 0x00000007a6ab0000)
  to   space 21824K,   0% used [0x00000007a6ab0000, 0x00000007a6ab0000, 0x00000007a8000000)
 concurrent mark-sweep generation total 393216K, used 260447K [0x00000007a8000000, 0x00000007c0000000, 0x00000007c0000000)
 Metaspace       used 28891K, capacity 29214K, committed 29568K, reserved 1075200K
  class space    used 3497K, capacity 3624K, committed 3712K, reserved 1048576K
2016-07-04T19:06:01.105-0530: 456.064: [GC (Allocation Failure) 456.064: [ParNew2016-07-04T19:06:01.135-0530: 456.094: [CMS-concurrent-abortable-preclean: 0.462/1.652 secs] [Times: user=2.68 sys=0.03, real=1.65 secs] 

Desired survivor size 20112992 bytes, new threshold 5 (max 8)
- age   1:   18429880 bytes,   18429880 total
- age   3:     325552 bytes,   18755432 total
- age   4:     313152 bytes,   19068584 total
- age   5:    1913424 bytes,   20982008 total
- age   6:    1061176 bytes,   22043184 total
: 108994K->21824K(109248K), 0.1344980 secs] 369442K->313996K(502464K), 0.1345646 secs] [Times: user=0.48 sys=0.01, real=0.14 secs] 
Heap after GC invocations=15 (full 3):
 par new generation   total 109248K, used 21824K [0x00000007a0000000, 0x00000007a8000000, 0x00000007a8000000)
  eden space 87424K,   0% used [0x00000007a0000000, 0x00000007a0000000, 0x00000007a5560000)
  from space 21824K, 100% used [0x00000007a6ab0000, 0x00000007a8000000, 0x00000007a8000000)
  to   space 21824K,   0% used [0x00000007a5560000, 0x00000007a5560000, 0x00000007a6ab0000)
 concurrent mark-sweep generation total 393216K, used 292172K [0x00000007a8000000, 0x00000007c0000000, 0x00000007c0000000)
 Metaspace       used 28891K, capacity 29214K, committed 29568K, reserved 1075200K
  class space    used 3497K, capacity 3624K, committed 3712K, reserved 1048576K
}
2016-07-04T19:06:01.240-0530: 456.199: Total time for which application threads were stopped: 0.1347718 seconds
2016-07-04T19:06:01.240-0530: 456.199: [GC (CMS Final Remark) [YG occupancy: 21858 K (109248 K)]{Heap before GC invocations=15 (full 3):
 par new generation   total 109248K, used 21858K [0x00000007a0000000, 0x00000007a8000000, 0x00000007a8000000)
  eden space 87424K,   0% used [0x00000007a0000000, 0x00000007a0008a30, 0x00000007a5560000)
  from space 21824K, 100% used [0x00000007a6ab0000, 0x00000007a8000000, 0x00000007a8000000)
  to   space 21824K,   0% used [0x00000007a5560000, 0x00000007a5560000, 0x00000007a6ab0000)
 concurrent mark-sweep generation total 393216K, used 292172K [0x00000007a8000000, 0x00000007c0000000, 0x00000007c0000000)
 Metaspace       used 28891K, capacity 29214K, committed 29568K, reserved 1075200K
  class space    used 3497K, capacity 3624K, committed 3712K, reserved 1048576K
2016-07-04T19:06:01.240-0530: 456.199: [GC (CMS Final Remark) 456.199: [ParNew
Desired survivor size 20112992 bytes, new threshold 8 (max 8)
- age   1:      35376 bytes,      35376 total
- age   2:   18429840 bytes,   18465216 total
- age   4:     325552 bytes,   18790768 total
- age   5:     313152 bytes,   19103920 total
: 21858K->21311K(109248K), 0.1020852 secs] 314031K->316402K(502464K), 0.1021565 secs] [Times: user=0.37 sys=0.00, real=0.10 secs] 
Heap after GC invocations=16 (full 3):
 par new generation   total 109248K, used 21311K [0x00000007a0000000, 0x00000007a8000000, 0x00000007a8000000)
  eden space 87424K,   0% used [0x00000007a0000000, 0x00000007a0000000, 0x00000007a5560000)
  from space 21824K,  97% used [0x00000007a5560000, 0x00000007a6a2fde0, 0x00000007a6ab0000)
  to   space 21824K,   0% used [0x00000007a6ab0000, 0x00000007a6ab0000, 0x00000007a8000000)
 concurrent mark-sweep generation total 393216K, used 295090K [0x00000007a8000000, 0x00000007c0000000, 0x00000007c0000000)
 Metaspace       used 28891K, capacity 29214K, committed 29568K, reserved 1075200K
  class space    used 3497K, capacity 3624K, committed 3712K, reserved 1048576K
}
456.301: [Rescan (parallel) , 0.0177603 secs]456.319: [weak refs processing, 0.0009996 secs]456.320: [class unloading, 0.0129972 secs]456.333: [scrub symbol table, 0.0055979 secs]456.339: [scrub string table, 0.0005439 secs][1 CMS-remark: 295090K(393216K)] 316402K(502464K), 0.1428843 secs] [Times: user=0.46 sys=0.00, real=0.14 secs] 
2016-07-04T19:06:01.383-0530: 456.342: Total time for which application threads were stopped: 0.1430707 seconds
2016-07-04T19:06:01.383-0530: 456.342: [CMS-concurrent-sweep-start]
2016-07-04T19:06:01.401-0530: 456.360: [CMS-concurrent-sweep: 0.018/0.018 secs] [Times: user=0.03 sys=0.00, real=0.02 secs] 
2016-07-04T19:06:01.401-0530: 456.361: [CMS-concurrent-reset-start]
2016-07-04T19:06:01.402-0530: 456.361: [CMS-concurrent-reset: 0.000/0.000 secs] [Times: user=0.00 sys=0.00, real=0.00 secs] 
2016-07-04T19:06:02.082-0530: 457.041: Total time for which application threads were stopped: 0.0006316 seconds
{Heap before GC invocations=16 (full 3):
 par new generation   total 109248K, used 108735K [0x00000007a0000000, 0x00000007a8000000, 0x00000007a8000000)
  eden space 87424K, 100% used [0x00000007a0000000, 0x00000007a5560000, 0x00000007a5560000)
  from space 21824K,  97% used [0x00000007a5560000, 0x00000007a6a2fde0, 0x00000007a6ab0000)
  to   space 21824K,   0% used [0x00000007a6ab0000, 0x00000007a6ab0000, 0x00000007a8000000)
 concurrent mark-sweep generation total 393216K, used 227403K [0x00000007a8000000, 0x00000007c0000000, 0x00000007c0000000)
 Metaspace       used 29101K, capacity 29470K, committed 29824K, reserved 1075200K
  class space    used 3509K, capacity 3624K, committed 3712K, reserved 1048576K
2016-07-04T19:06:02.257-0530: 457.216: [GC (Allocation Failure) 457.216: [ParNew
Desired survivor size 20112992 bytes, new threshold 8 (max 8)
- age   1:   18925560 bytes,   18925560 total
- age   2:      35312 bytes,   18960872 total
- age   3:      65904 bytes,   19026776 total
- age   5:     325552 bytes,   19352328 total
- age   6:     313152 bytes,   19665480 total
: 108735K->19294K(109248K), 0.0168304 secs] 336139K->246698K(502464K), 0.0171210 secs] [Times: user=0.07 sys=0.00, real=0.02 secs] 
Heap after GC invocations=17 (full 3):
 par new generation   total 109248K, used 19294K [0x00000007a0000000, 0x00000007a8000000, 0x00000007a8000000)
  eden space 87424K,   0% used [0x00000007a0000000, 0x00000007a0000000, 0x00000007a5560000)
  from space 21824K,  88% used [0x00000007a6ab0000, 0x00000007a7d87a20, 0x00000007a8000000)
  to   space 21824K,   0% used [0x00000007a5560000, 0x00000007a5560000, 0x00000007a6ab0000)
 concurrent mark-sweep generation total 393216K, used 227403K [0x00000007a8000000, 0x00000007c0000000, 0x00000007c0000000)
 Metaspace       used 29101K, capacity 29470K, committed 29824K, reserved 1075200K
  class space    used 3509K, capacity 3624K, committed 3712K, reserved 1048576K
}
2016-07-04T19:06:02.274-0530: 457.233: Total time for which application threads were stopped: 0.0173324 seconds
2016-07-04T19:06:02.274-0530: 457.233: [GC (CMS Initial Mark) [1 CMS-initial-mark: 227403K(393216K)] 246698K(502464K), 0.0031726 secs] [Times: user=0.01 sys=0.00, real=0.00 secs] 
2016-07-04T19:06:02.278-0530: 457.237: Total time for which application threads were stopped: 0.0033986 seconds
2016-07-04T19:06:02.278-0530: 457.237: [CMS-concurrent-mark-start]
2016-07-04T19:06:02.336-0530: 457.296: [CMS-concurrent-mark: 0.059/0.059 secs] [Times: user=0.21 sys=0.00, real=0.06 secs] 
2016-07-04T19:06:02.337-0530: 457.296: [CMS-concurrent-preclean-start]
2016-07-04T19:06:02.338-0530: 457.297: [CMS-concurrent-preclean: 0.002/0.002 secs] [Times: user=0.00 sys=0.00, real=0.00 secs] 
2016-07-04T19:06:02.338-0530: 457.297: [CMS-concurrent-abortable-preclean-start]
2016-07-04T19:06:02.468-0530: 457.427: Total time for which application threads were stopped: 0.0005599 seconds
2016-07-04T19:06:02.675-0530: 457.634: [CMS-concurrent-abortable-preclean: 0.204/0.337 secs] [Times: user=1.05 sys=0.03, real=0.34 secs] 
2016-07-04T19:06:02.675-0530: 457.634: [GC (CMS Final Remark) [YG occupancy: 86243 K (109248 K)]{Heap before GC invocations=17 (full 4):
 par new generation   total 109248K, used 86243K [0x00000007a0000000, 0x00000007a8000000, 0x00000007a8000000)
  eden space 87424K,  76% used [0x00000007a0000000, 0x00000007a41614a8, 0x00000007a5560000)
  from space 21824K,  88% used [0x00000007a6ab0000, 0x00000007a7d87a20, 0x00000007a8000000)
  to   space 21824K,   0% used [0x00000007a5560000, 0x00000007a5560000, 0x00000007a6ab0000)
 concurrent mark-sweep generation total 393216K, used 227403K [0x00000007a8000000, 0x00000007c0000000, 0x00000007c0000000)
 Metaspace       used 29105K, capacity 29470K, committed 29824K, reserved 1075200K
  class space    used 3509K, capacity 3624K, committed 3712K, reserved 1048576K
2016-07-04T19:06:02.675-0530: 457.634: [GC (CMS Final Remark) 457.634: [ParNew
Desired survivor size 20112992 bytes, new threshold 8 (max 8)
- age   1:       2016 bytes,       2016 total
- age   2:   18053216 bytes,   18055232 total
- age   3:      35312 bytes,   18090544 total
- age   4:      65904 bytes,   18156448 total
- age   6:     325552 bytes,   18482000 total
- age   7:     313184 bytes,   18795184 total
: 86243K->21824K(109248K), 0.0554576 secs] 313647K->302730K(502464K), 0.0555161 secs] [Times: user=0.16 sys=0.02, real=0.06 secs] 
Heap after GC invocations=18 (full 4):
 par new generation   total 109248K, used 21824K [0x00000007a0000000, 0x00000007a8000000, 0x00000007a8000000)
  eden space 87424K,   0% used [0x00000007a0000000, 0x00000007a0000000, 0x00000007a5560000)
  from space 21824K, 100% used [0x00000007a5560000, 0x00000007a6ab0000, 0x00000007a6ab0000)
  to   space 21824K,   0% used [0x00000007a6ab0000, 0x00000007a6ab0000, 0x00000007a8000000)
 concurrent mark-sweep generation total 393216K, used 280906K [0x00000007a8000000, 0x00000007c0000000, 0x00000007c0000000)
 Metaspace       used 29105K, capacity 29470K, committed 29824K, reserved 1075200K
  class space    used 3509K, capacity 3624K, committed 3712K, reserved 1048576K
}
457.690: [Rescan (parallel) , 0.0087585 secs]457.699: [weak refs processing, 0.0013919 secs]457.700: [class unloading, 0.0151303 secs]457.715: [scrub symbol table, 0.0076720 secs]457.723: [scrub string table, 0.0005342 secs][1 CMS-remark: 280906K(393216K)] 302730K(502464K), 0.0920516 secs] [Times: user=0.25 sys=0.03, real=0.09 secs] 
2016-07-04T19:06:02.767-0530: 457.726: Total time for which application threads were stopped: 0.0922286 seconds
2016-07-04T19:06:02.767-0530: 457.726: [CMS-concurrent-sweep-start]
2016-07-04T19:06:02.788-0530: 457.747: [CMS-concurrent-sweep: 0.021/0.021 secs] [Times: user=0.06 sys=0.00, real=0.02 secs] 
2016-07-04T19:06:02.788-0530: 457.748: [CMS-concurrent-reset-start]
2016-07-04T19:06:02.789-0530: 457.748: [CMS-concurrent-reset: 0.000/0.000 secs] [Times: user=0.00 sys=0.00, real=0.00 secs] 
2016-07-04T19:06:03.769-0530: 458.728: Total time for which application threads were stopped: 0.0002149 seconds
2016-07-04T19:06:04.793-0530: 459.752: [GC (CMS Initial Mark) [1 CMS-initial-mark: 277791K(393216K)] 319065K(502464K), 0.0046016 secs] [Times: user=0.01 sys=0.00, real=0.00 secs] 
2016-07-04T19:06:04.798-0530: 459.757: Total time for which application threads were stopped: 0.0048671 seconds
2016-07-04T19:06:04.798-0530: 459.757: [CMS-concurrent-mark-start]
2016-07-04T19:06:04.860-0530: 459.820: [CMS-concurrent-mark: 0.063/0.063 secs] [Times: user=0.23 sys=0.00, real=0.07 secs] 
2016-07-04T19:06:04.861-0530: 459.820: [CMS-concurrent-preclean-start]
2016-07-04T19:06:04.862-0530: 459.822: [CMS-concurrent-preclean: 0.002/0.002 secs] [Times: user=0.01 sys=0.00, real=0.00 secs] 
2016-07-04T19:06:04.862-0530: 459.822: [CMS-concurrent-abortable-preclean-start]
{Heap before GC invocations=18 (full 5):
 par new generation   total 109248K, used 109248K [0x00000007a0000000, 0x00000007a8000000, 0x00000007a8000000)
  eden space 87424K, 100% used [0x00000007a0000000, 0x00000007a5560000, 0x00000007a5560000)
  from space 21824K, 100% used [0x00000007a5560000, 0x00000007a6ab0000, 0x00000007a6ab0000)
  to   space 21824K,   0% used [0x00000007a6ab0000, 0x00000007a6ab0000, 0x00000007a8000000)
 concurrent mark-sweep generation total 393216K, used 277791K [0x00000007a8000000, 0x00000007c0000000, 0x00000007c0000000)
 Metaspace       used 29086K, capacity 29428K, committed 29824K, reserved 1075200K
  class space    used 3506K, capacity 3617K, committed 3712K, reserved 1048576K
2016-07-04T19:06:04.982-0530: 459.942: [GC (Allocation Failure) 459.942: [ParNew2016-07-04T19:06:05.053-0530: 460.013: [CMS-concurrent-abortable-preclean: 0.088/0.191 secs] [Times: user=0.48 sys=0.03, real=0.19 secs] 

Desired survivor size 20112992 bytes, new threshold 3 (max 8)
- age   1:   10268272 bytes,   10268272 total
- age   2:        448 bytes,   10268720 total
- age   3:   11336128 bytes,   21604848 total
- age   4:      35312 bytes,   21640160 total
- age   5:      65904 bytes,   21706064 total
- age   7:     325552 bytes,   22031616 total
- age   8:     313152 bytes,   22344768 total
: 109248K->21824K(109248K), 0.2028459 secs] 387039K->373805K(502464K), 0.2029110 secs] [Times: user=0.37 sys=0.03, real=0.20 secs] 
Heap after GC invocations=19 (full 5):
 par new generation   total 109248K, used 21824K [0x00000007a0000000, 0x00000007a8000000, 0x00000007a8000000)
  eden space 87424K,   0% used [0x00000007a0000000, 0x00000007a0000000, 0x00000007a5560000)
  from space 21824K, 100% used [0x00000007a6ab0000, 0x00000007a8000000, 0x00000007a8000000)
  to   space 21824K,   0% used [0x00000007a5560000, 0x00000007a5560000, 0x00000007a6ab0000)
 concurrent mark-sweep generation total 393216K, used 351981K [0x00000007a8000000, 0x00000007c0000000, 0x00000007c0000000)
 Metaspace       used 29086K, capacity 29428K, committed 29824K, reserved 1075200K
  class space    used 3506K, capacity 3617K, committed 3712K, reserved 1048576K
}
2016-07-04T19:06:05.185-0530: 460.145: Total time for which application threads were stopped: 0.2031461 seconds
2016-07-04T19:06:05.186-0530: 460.145: [GC (CMS Final Remark) [YG occupancy: 23549 K (109248 K)]{Heap before GC invocations=19 (full 5):
 par new generation   total 109248K, used 23549K [0x00000007a0000000, 0x00000007a8000000, 0x00000007a8000000)
  eden space 87424K,   1% used [0x00000007a0000000, 0x00000007a01af480, 0x00000007a5560000)
  from space 21824K, 100% used [0x00000007a6ab0000, 0x00000007a8000000, 0x00000007a8000000)
  to   space 21824K,   0% used [0x00000007a5560000, 0x00000007a5560000, 0x00000007a6ab0000)
 concurrent mark-sweep generation total 393216K, used 351981K [0x00000007a8000000, 0x00000007c0000000, 0x00000007c0000000)
 Metaspace       used 29086K, capacity 29428K, committed 29824K, reserved 1075200K
  class space    used 3506K, capacity 3617K, committed 3712K, reserved 1048576K
2016-07-04T19:06:05.186-0530: 460.145: [GC (CMS Final Remark) 460.145: [ParNew
Desired survivor size 20112992 bytes, new threshold 8 (max 8)
- age   1:       1304 bytes,       1304 total
- age   2:   10268232 bytes,   10269536 total
- age   3:        448 bytes,   10269984 total
: 23549K->20592K(109248K), 0.0434916 secs] 375530K->384368K(502464K), 0.0435855 secs] [Times: user=0.09 sys=0.01, real=0.05 secs] 
Heap after GC invocations=20 (full 5):
 par new generation   total 109248K, used 20592K [0x00000007a0000000, 0x00000007a8000000, 0x00000007a8000000)
  eden space 87424K,   0% used [0x00000007a0000000, 0x00000007a0000000, 0x00000007a5560000)
  from space 21824K,  94% used [0x00000007a5560000, 0x00000007a697c2c0, 0x00000007a6ab0000)
  to   space 21824K,   0% used [0x00000007a6ab0000, 0x00000007a6ab0000, 0x00000007a8000000)
 concurrent mark-sweep generation total 393216K, used 363776K [0x00000007a8000000, 0x00000007c0000000, 0x00000007c0000000)
 Metaspace       used 29086K, capacity 29428K, committed 29824K, reserved 1075200K
  class space    used 3506K, capacity 3617K, committed 3712K, reserved 1048576K
}
460.189: [Rescan (parallel) , 0.0285178 secs]460.217: [weak refs processing, 0.0028886 secs]460.220: [class unloading, 0.0188981 secs]460.239: [scrub symbol table, 0.0066815 secs]460.246: [scrub string table, 0.0006079 secs][1 CMS-remark: 363776K(393216K)] 384368K(502464K), 0.1077722 secs] [Times: user=0.22 sys=0.01, real=0.11 secs] 
2016-07-04T19:06:05.294-0530: 460.253: Total time for which application threads were stopped: 0.1084915 seconds
2016-07-04T19:06:05.294-0530: 460.253: [CMS-concurrent-sweep-start]
2016-07-04T19:06:05.350-0530: 460.309: [CMS-concurrent-sweep: 0.055/0.055 secs] [Times: user=0.13 sys=0.00, real=0.06 secs] 
2016-07-04T19:06:05.350-0530: 460.309: [CMS-concurrent-reset-start]
2016-07-04T19:06:05.350-0530: 460.310: [CMS-concurrent-reset: 0.001/0.001 secs] [Times: user=0.00 sys=0.00, real=0.00 secs] 
{Heap before GC invocations=20 (full 5):
 par new generation   total 109248K, used 108016K [0x00000007a0000000, 0x00000007a8000000, 0x00000007a8000000)
  eden space 87424K, 100% used [0x00000007a0000000, 0x00000007a5560000, 0x00000007a5560000)
  from space 21824K,  94% used [0x00000007a5560000, 0x00000007a697c2c0, 0x00000007a6ab0000)
  to   space 21824K,   0% used [0x00000007a6ab0000, 0x00000007a6ab0000, 0x00000007a8000000)
 concurrent mark-sweep generation total 393216K, used 346039K [0x00000007a8000000, 0x00000007c0000000, 0x00000007c0000000)
 Metaspace       used 29086K, capacity 29428K, committed 29824K, reserved 1075200K
  class space    used 3506K, capacity 3617K, committed 3712K, reserved 1048576K
2016-07-04T19:06:05.585-0530: 460.544: [GC (Allocation Failure) 460.544: [ParNew: 108016K->108016K(109248K), 0.0000592 secs]460.544: [CMS: 346039K->393215K(393216K), 0.6986915 secs] 454055K->406264K(502464K), [Metaspace: 29086K->29086K(1075200K)], 0.6988578 secs] [Times: user=0.58 sys=0.09, real=0.70 secs] 
Heap after GC invocations=21 (full 6):
 par new generation   total 109248K, used 13048K [0x00000007a0000000, 0x00000007a8000000, 0x00000007a8000000)
  eden space 87424K,  14% used [0x00000007a0000000, 0x00000007a0cbe2a0, 0x00000007a5560000)
  from space 21824K,   0% used [0x00000007a5560000, 0x00000007a5560000, 0x00000007a6ab0000)
  to   space 21824K,   0% used [0x00000007a6ab0000, 0x00000007a6ab0000, 0x00000007a8000000)
 concurrent mark-sweep generation total 393216K, used 393215K [0x00000007a8000000, 0x00000007c0000000, 0x00000007c0000000)
 Metaspace       used 29086K, capacity 29428K, committed 29824K, reserved 1075200K
  class space    used 3506K, capacity 3617K, committed 3712K, reserved 1048576K
}
2016-07-04T19:06:06.284-0530: 461.243: Total time for which application threads were stopped: 0.6991392 seconds
2016-07-04T19:06:06.284-0530: 461.243: [GC (CMS Initial Mark) [1 CMS-initial-mark: 393215K(393216K)] 407997K(502464K), 0.0139700 secs] [Times: user=0.01 sys=0.00, real=0.01 secs] 
2016-07-04T19:06:06.298-0530: 461.258: Total time for which application threads were stopped: 0.0142197 seconds
2016-07-04T19:06:06.298-0530: 461.258: [CMS-concurrent-mark-start]
2016-07-04T19:06:06.406-0530: 461.365: [CMS-concurrent-mark: 0.107/0.107 secs] [Times: user=0.40 sys=0.00, real=0.11 secs] 
2016-07-04T19:06:06.406-0530: 461.365: [CMS-concurrent-preclean-start]
2016-07-04T19:06:06.625-0530: 461.584: [CMS-concurrent-preclean: 0.219/0.219 secs] [Times: user=0.37 sys=0.01, real=0.22 secs] 
2016-07-04T19:06:06.625-0530: 461.584: [CMS-concurrent-abortable-preclean-start]
2016-07-04T19:06:06.625-0530: 461.584: [CMS-concurrent-abortable-preclean: 0.000/0.000 secs] [Times: user=0.00 sys=0.00, real=0.00 secs] 
2016-07-04T19:06:06.625-0530: 461.584: [GC (CMS Final Remark) [YG occupancy: 102861 K (109248 K)]{Heap before GC invocations=21 (full 7):
 par new generation   total 109248K, used 102861K [0x00000007a0000000, 0x00000007a8000000, 0x00000007a8000000)
  eden space 87424K, 100% used [0x00000007a0000000, 0x00000007a5560000, 0x00000007a5560000)
  from space 21824K,  70% used [0x00000007a5560000, 0x00000007a64734e8, 0x00000007a6ab0000)
  to   space 21824K,   0% used [0x00000007a6ab0000, 0x00000007a6ab0000, 0x00000007a8000000)
 concurrent mark-sweep generation total 393216K, used 393215K [0x00000007a8000000, 0x00000007c0000000, 0x00000007c0000000)
 Metaspace       used 29086K, capacity 29428K, committed 29824K, reserved 1075200K
  class space    used 3506K, capacity 3617K, committed 3712K, reserved 1048576K
2016-07-04T19:06:06.625-0530: 461.584: [GC (CMS Final Remark) 461.584: [ParNew: 102861K->102861K(109248K), 0.0000183 secs] 496077K->496077K(502464K), 0.0000423 secs] [Times: user=0.00 sys=0.00, real=0.00 secs] 
Heap after GC invocations=22 (full 7):
 par new generation   total 109248K, used 102861K [0x00000007a0000000, 0x00000007a8000000, 0x00000007a8000000)
  eden space 87424K, 100% used [0x00000007a0000000, 0x00000007a5560000, 0x00000007a5560000)
  from space 21824K,  70% used [0x00000007a5560000, 0x00000007a64734e8, 0x00000007a6ab0000)
  to   space 21824K,   0% used [0x00000007a6ab0000, 0x00000007a6ab0000, 0x00000007a8000000)
 concurrent mark-sweep generation total 393216K, used 393215K [0x00000007a8000000, 0x00000007c0000000, 0x00000007c0000000)
 Metaspace       used 29086K, capacity 29428K, committed 29824K, reserved 1075200K
  class space    used 3506K, capacity 3617K, committed 3712K, reserved 1048576K
}
461.584: [Rescan (parallel) , 0.0633052 secs]461.648: [weak refs processing, 0.0009156 secs]461.649: [class unloading, 0.0122136 secs]461.661: [scrub symbol table, 0.0051034 secs]461.666: [scrub string table, 0.0004564 secs][1 CMS-remark: 393215K(393216K)] 496077K(502464K), 0.0846518 secs] [Times: user=0.20 sys=0.00, real=0.09 secs] 
2016-07-04T19:06:06.710-0530: 461.669: Total time for which application threads were stopped: 0.0848287 seconds
2016-07-04T19:06:06.710-0530: 461.669: [CMS-concurrent-sweep-start]
{Heap before GC invocations=22 (full 7):
 par new generation   total 109248K, used 106403K [0x00000007a0000000, 0x00000007a8000000, 0x00000007a8000000)
  eden space 87424K, 100% used [0x00000007a0000000, 0x00000007a5560000, 0x00000007a5560000)
  from space 21824K,  86% used [0x00000007a5560000, 0x00000007a67e8c40, 0x00000007a6ab0000)
  to   space 21824K,   0% used [0x00000007a6ab0000, 0x00000007a6ab0000, 0x00000007a8000000)
 concurrent mark-sweep generation total 393216K, used 393215K [0x00000007a8000000, 0x00000007c0000000, 0x00000007c0000000)
 Metaspace       used 29086K, capacity 29428K, committed 29824K, reserved 1075200K
  class space    used 3506K, capacity 3617K, committed 3712K, reserved 1048576K
2016-07-04T19:06:06.732-0530: 461.691: [Full GC (Allocation Failure) 461.691: [CMS2016-07-04T19:06:06.776-0530: 461.735: [CMS-concurrent-sweep: 0.066/0.066 secs] [Times: user=0.08 sys=0.01, real=0.06 secs] 
 (concurrent mode failure): 393215K->393215K(393216K), 0.8048008 secs] 499618K->479465K(502464K), [Metaspace: 29086K->29086K(1075200K)], 0.8062640 secs] [Times: user=0.72 sys=0.01, real=0.80 secs] 
Heap after GC invocations=23 (full 8):
 par new generation   total 109248K, used 86249K [0x00000007a0000000, 0x00000007a8000000, 0x00000007a8000000)
  eden space 87424K,  98% used [0x00000007a0000000, 0x00000007a543a748, 0x00000007a5560000)
  from space 21824K,   0% used [0x00000007a5560000, 0x00000007a5560000, 0x00000007a6ab0000)
  to   space 21824K,   0% used [0x00000007a6ab0000, 0x00000007a6ab0000, 0x00000007a8000000)
 concurrent mark-sweep generation total 393216K, used 393215K [0x00000007a8000000, 0x00000007c0000000, 0x00000007c0000000)
 Metaspace       used 29086K, capacity 29428K, committed 29824K, reserved 1075200K
  class space    used 3506K, capacity 3617K, committed 3712K, reserved 1048576K
}
2016-07-04T19:06:07.538-0530: 462.497: Total time for which application threads were stopped: 0.8065836 seconds
{Heap before GC invocations=23 (full 8):
 par new generation   total 109248K, used 109248K [0x00000007a0000000, 0x00000007a8000000, 0x00000007a8000000)
  eden space 87424K, 100% used [0x00000007a0000000, 0x00000007a5560000, 0x00000007a5560000)
  from space 21824K, 100% used [0x00000007a5560000, 0x00000007a6ab0000, 0x00000007a6ab0000)
  to   space 21824K,   0% used [0x00000007a6ab0000, 0x00000007a6ab0000, 0x00000007a8000000)
 concurrent mark-sweep generation total 393216K, used 393215K [0x00000007a8000000, 0x00000007c0000000, 0x00000007c0000000)
 Metaspace       used 29086K, capacity 29428K, committed 29824K, reserved 1075200K
  class space    used 3506K, capacity 3617K, committed 3712K, reserved 1048576K
2016-07-04T19:06:07.675-0530: 462.634: [Full GC (Allocation Failure) 462.634: [CMS: 393215K->393215K(393216K), 0.5901158 secs] 502463K->496199K(502464K), [Metaspace: 29086K->29086K(1075200K)], 0.5902037 secs] [Times: user=0.56 sys=0.01, real=0.59 secs] 
Heap after GC invocations=24 (full 9):
 par new generation   total 109248K, used 102983K [0x00000007a0000000, 0x00000007a8000000, 0x00000007a8000000)
  eden space 87424K,  96% used [0x00000007a0000000, 0x00000007a5218b10, 0x00000007a5560000)
  from space 21824K,  86% used [0x00000007a5560000, 0x00000007a67d9328, 0x00000007a6ab0000)
  to   space 21824K,   0% used [0x00000007a6ab0000, 0x00000007a6ab0000, 0x00000007a8000000)
 concurrent mark-sweep generation total 393216K, used 393215K [0x00000007a8000000, 0x00000007c0000000, 0x00000007c0000000)
 Metaspace       used 29086K, capacity 29428K, committed 29824K, reserved 1075200K
  class space    used 3506K, capacity 3617K, committed 3712K, reserved 1048576K
}
2016-07-04T19:06:08.265-0530: 463.224: Total time for which application threads were stopped: 0.5904034 seconds
2016-07-04T19:06:08.265-0530: 463.225: [GC (CMS Initial Mark) [1 CMS-initial-mark: 393215K(393216K)] 497490K(502464K), 0.0472234 secs] [Times: user=0.07 sys=0.00, real=0.05 secs] 
2016-07-04T19:06:08.313-0530: 463.272: Total time for which application threads were stopped: 0.0474318 seconds
2016-07-04T19:06:08.313-0530: 463.272: [CMS-concurrent-mark-start]
{Heap before GC invocations=24 (full 10):
 par new generation   total 109248K, used 109247K [0x00000007a0000000, 0x00000007a8000000, 0x00000007a8000000)
  eden space 87424K, 100% used [0x00000007a0000000, 0x00000007a5560000, 0x00000007a5560000)
  from space 21824K,  99% used [0x00000007a5560000, 0x00000007a6aaffe8, 0x00000007a6ab0000)
  to   space 21824K,   0% used [0x00000007a6ab0000, 0x00000007a6ab0000, 0x00000007a8000000)
 concurrent mark-sweep generation total 393216K, used 393216K [0x00000007a8000000, 0x00000007c0000000, 0x00000007c0000000)
 Metaspace       used 29086K, capacity 29428K, committed 29824K, reserved 1075200K
  class space    used 3506K, capacity 3617K, committed 3712K, reserved 1048576K
2016-07-04T19:06:08.385-0530: 463.344: [Full GC (Allocation Failure) 463.345: [CMS2016-07-04T19:06:08.446-0530: 463.405: [CMS-concurrent-mark: 0.132/0.133 secs] [Times: user=0.41 sys=0.00, real=0.13 secs] 
 (concurrent mode failure): 393216K->393216K(393216K), 0.6343922 secs] 502463K->501403K(502464K), [Metaspace: 29086K->29086K(1075200K)], 0.6344751 secs] [Times: user=0.74 sys=0.01, real=0.64 secs] 
Heap after GC invocations=25 (full 11):
 par new generation   total 109248K, used 108187K [0x00000007a0000000, 0x00000007a8000000, 0x00000007a8000000)
  eden space 87424K,  99% used [0x00000007a0000000, 0x00000007a54cf870, 0x00000007a5560000)
  from space 21824K,  97% used [0x00000007a5560000, 0x00000007a6a37510, 0x00000007a6ab0000)
  to   space 21824K,   0% used [0x00000007a6ab0000, 0x00000007a6ab0000, 0x00000007a8000000)
 concurrent mark-sweep generation total 393216K, used 393216K [0x00000007a8000000, 0x00000007c0000000, 0x00000007c0000000)
 Metaspace       used 29086K, capacity 29428K, committed 29824K, reserved 1075200K
  class space    used 3506K, capacity 3617K, committed 3712K, reserved 1048576K
}
2016-07-04T19:06:09.020-0530: 463.979: Total time for which application threads were stopped: 0.6347885 seconds
{Heap before GC invocations=25 (full 11):
 par new generation   total 109248K, used 109248K [0x00000007a0000000, 0x00000007a8000000, 0x00000007a8000000)
  eden space 87424K, 100% used [0x00000007a0000000, 0x00000007a5560000, 0x00000007a5560000)
  from space 21824K, 100% used [0x00000007a5560000, 0x00000007a6ab0000, 0x00000007a6ab0000)
  to   space 21824K,   0% used [0x00000007a6ab0000, 0x00000007a6ab0000, 0x00000007a8000000)
 concurrent mark-sweep generation total 393216K, used 393216K [0x00000007a8000000, 0x00000007c0000000, 0x00000007c0000000)
 Metaspace       used 29086K, capacity 29428K, committed 29824K, reserved 1075200K
  class space    used 3506K, capacity 3617K, committed 3712K, reserved 1048576K
2016-07-04T19:06:09.023-0530: 463.982: [Full GC (Allocation Failure) 463.982: [CMS: 393216K->393216K(393216K), 0.5028065 secs] 502464K->502295K(502464K), [Metaspace: 29086K->29086K(1075200K)], 0.5028691 secs] [Times: user=0.50 sys=0.00, real=0.50 secs] 
Heap after GC invocations=26 (full 12):
 par new generation   total 109248K, used 109079K [0x00000007a0000000, 0x00000007a8000000, 0x00000007a8000000)
  eden space 87424K,  99% used [0x00000007a0000000, 0x00000007a5547d78, 0x00000007a5560000)
  from space 21824K,  99% used [0x00000007a5560000, 0x00000007a6a9e190, 0x00000007a6ab0000)
  to   space 21824K,   0% used [0x00000007a6ab0000, 0x00000007a6ab0000, 0x00000007a8000000)
 concurrent mark-sweep generation total 393216K, used 393216K [0x00000007a8000000, 0x00000007c0000000, 0x00000007c0000000)
 Metaspace       used 29086K, capacity 29428K, committed 29824K, reserved 1075200K
  class space    used 3506K, capacity 3617K, committed 3712K, reserved 1048576K
}
2016-07-04T19:06:09.526-0530: 464.485: Total time for which application threads were stopped: 0.5030491 seconds
2016-07-04T19:06:09.526-0530: 464.486: [GC (CMS Initial Mark) [1 CMS-initial-mark: 393216K(393216K)] 502392K(502464K), 0.0520302 secs] [Times: user=0.07 sys=0.00, real=0.05 secs] 
2016-07-04T19:06:09.578-0530: 464.538: Total time for which application threads were stopped: 0.0522456 seconds
2016-07-04T19:06:09.578-0530: 464.538: [CMS-concurrent-mark-start]
{Heap before GC invocations=26 (full 13):
 par new generation   total 109248K, used 109247K [0x00000007a0000000, 0x00000007a8000000, 0x00000007a8000000)
  eden space 87424K, 100% used [0x00000007a0000000, 0x00000007a5560000, 0x00000007a5560000)
  from space 21824K,  99% used [0x00000007a5560000, 0x00000007a6aaffd8, 0x00000007a6ab0000)
  to   space 21824K,   0% used [0x00000007a6ab0000, 0x00000007a6ab0000, 0x00000007a8000000)
 concurrent mark-sweep generation total 393216K, used 393216K [0x00000007a8000000, 0x00000007c0000000, 0x00000007c0000000)
 Metaspace       used 29086K, capacity 29428K, committed 29824K, reserved 1075200K
  class space    used 3506K, capacity 3617K, committed 3712K, reserved 1048576K
2016-07-04T19:06:09.579-0530: 464.539: [Full GC (Allocation Failure) 464.539: [CMS2016-07-04T19:06:09.688-0530: 464.648: [CMS-concurrent-mark: 0.109/0.110 secs] [Times: user=0.37 sys=0.00, real=0.11 secs] 
 (concurrent mode failure): 393216K->393216K(393216K), 0.6155407 secs] 502463K->502436K(502464K), [Metaspace: 29086K->29086K(1075200K)], 0.6156058 secs] [Times: user=0.87 sys=0.01, real=0.62 secs] 
Heap after GC invocations=27 (full 14):
 par new generation   total 109248K, used 109220K [0x00000007a0000000, 0x00000007a8000000, 0x00000007a8000000)
  eden space 87424K,  99% used [0x00000007a0000000, 0x00000007a555c498, 0x00000007a5560000)
  from space 21824K,  99% used [0x00000007a5560000, 0x00000007a6aacf28, 0x00000007a6ab0000)
  to   space 21824K,   0% used [0x00000007a6ab0000, 0x00000007a6ab0000, 0x00000007a8000000)
 concurrent mark-sweep generation total 393216K, used 393216K [0x00000007a8000000, 0x00000007c0000000, 0x00000007c0000000)
 Metaspace       used 29086K, capacity 29428K, committed 29824K, reserved 1075200K
  class space    used 3506K, capacity 3617K, committed 3712K, reserved 1048576K
}
2016-07-04T19:06:10.195-0530: 465.155: Total time for which application threads were stopped: 0.6158193 seconds
{Heap before GC invocations=27 (full 14):
 par new generation   total 109248K, used 109246K [0x00000007a0000000, 0x00000007a8000000, 0x00000007a8000000)
  eden space 87424K, 100% used [0x00000007a0000000, 0x00000007a5560000, 0x00000007a5560000)
  from space 21824K,  99% used [0x00000007a5560000, 0x00000007a6aaf8e8, 0x00000007a6ab0000)
  to   space 21824K,   0% used [0x00000007a6ab0000, 0x00000007a6ab0000, 0x00000007a8000000)
 concurrent mark-sweep generation total 393216K, used 393216K [0x00000007a8000000, 0x00000007c0000000, 0x00000007c0000000)
 Metaspace       used 29086K, capacity 29428K, committed 29824K, reserved 1075200K
  class space    used 3506K, capacity 3617K, committed 3712K, reserved 1048576K
2016-07-04T19:06:10.196-0530: 465.155: [Full GC (Allocation Failure) 465.155: [CMS: 393216K->393216K(393216K), 0.5179010 secs] 502462K->502458K(502464K), [Metaspace: 29086K->29086K(1075200K)], 0.5179730 secs] [Times: user=0.51 sys=0.00, real=0.52 secs] 
Heap after GC invocations=28 (full 15):
 par new generation   total 109248K, used 109242K [0x00000007a0000000, 0x00000007a8000000, 0x00000007a8000000)
  eden space 87424K,  99% used [0x00000007a0000000, 0x00000007a555f938, 0x00000007a5560000)
  from space 21824K,  99% used [0x00000007a5560000, 0x00000007a6aaf268, 0x00000007a6ab0000)
  to   space 21824K,   0% used [0x00000007a6ab0000, 0x00000007a6ab0000, 0x00000007a8000000)
 concurrent mark-sweep generation total 393216K, used 393216K [0x00000007a8000000, 0x00000007c0000000, 0x00000007c0000000)
 Metaspace       used 29086K, capacity 29428K, committed 29824K, reserved 1075200K
  class space    used 3506K, capacity 3617K, committed 3712K, reserved 1048576K
}
2016-07-04T19:06:10.714-0530: 465.673: Total time for which application threads were stopped: 0.5181565 seconds
2016-07-04T19:06:10.714-0530: 465.673: [GC (CMS Initial Mark) [1 CMS-initial-mark: 393216K(393216K)] 502460K(502464K), 0.0463150 secs] [Times: user=0.07 sys=0.00, real=0.05 secs] 
2016-07-04T19:06:10.760-0530: 465.720: Total time for which application threads were stopped: 0.0464457 seconds
2016-07-04T19:06:10.760-0530: 465.720: [CMS-concurrent-mark-start]
{Heap before GC invocations=28 (full 16):
 par new generation   total 109248K, used 109244K [0x00000007a0000000, 0x00000007a8000000, 0x00000007a8000000)
  eden space 87424K,  99% used [0x00000007a0000000, 0x00000007a555f938, 0x00000007a5560000)
  from space 21824K,  99% used [0x00000007a5560000, 0x00000007a6aafa80, 0x00000007a6ab0000)
  to   space 21824K,   0% used [0x00000007a6ab0000, 0x00000007a6ab0000, 0x00000007a8000000)
 concurrent mark-sweep generation total 393216K, used 393216K [0x00000007a8000000, 0x00000007c0000000, 0x00000007c0000000)
 Metaspace       used 29086K, capacity 29428K, committed 29824K, reserved 1075200K
  class space    used 3506K, capacity 3617K, committed 3712K, reserved 1048576K
2016-07-04T19:06:10.760-0530: 465.720: [Full GC (Allocation Failure) 465.720: [CMS2016-07-04T19:06:10.860-0530: 465.820: [CMS-concurrent-mark: 0.099/0.100 secs] [Times: user=0.38 sys=0.00, real=0.10 secs] 
 (concurrent mode failure): 393216K->393216K(393216K), 0.5918951 secs] 502460K->502460K(502464K), [Metaspace: 29086K->29086K(1075200K)], 0.5919838 secs] [Times: user=0.86 sys=0.01, real=0.59 secs] 
Heap after GC invocations=29 (full 17):
 par new generation   total 109248K, used 109244K [0x00000007a0000000, 0x00000007a8000000, 0x00000007a8000000)
  eden space 87424K,  99% used [0x00000007a0000000, 0x00000007a555f938, 0x00000007a5560000)
  from space 21824K,  99% used [0x00000007a5560000, 0x00000007a6aafa80, 0x00000007a6ab0000)
  to   space 21824K,   0% used [0x00000007a6ab0000, 0x00000007a6ab0000, 0x00000007a8000000)
 concurrent mark-sweep generation total 393216K, used 393216K [0x00000007a8000000, 0x00000007c0000000, 0x00000007c0000000)
 Metaspace       used 29086K, capacity 29428K, committed 29824K, reserved 1075200K
  class space    used 3506K, capacity 3617K, committed 3712K, reserved 1048576K
}
{Heap before GC invocations=29 (full 17):
 par new generation   total 109248K, used 109244K [0x00000007a0000000, 0x00000007a8000000, 0x00000007a8000000)
  eden space 87424K,  99% used [0x00000007a0000000, 0x00000007a555f938, 0x00000007a5560000)
  from space 21824K,  99% used [0x00000007a5560000, 0x00000007a6aafa80, 0x00000007a6ab0000)
  to   space 21824K,   0% used [0x00000007a6ab0000, 0x00000007a6ab0000, 0x00000007a8000000)
 concurrent mark-sweep generation total 393216K, used 393216K [0x00000007a8000000, 0x00000007c0000000, 0x00000007c0000000)
 Metaspace       used 29086K, capacity 29428K, committed 29824K, reserved 1075200K
  class space    used 3506K, capacity 3617K, committed 3712K, reserved 1048576K
2016-07-04T19:06:11.352-0530: 466.312: [Full GC (Allocation Failure) 466.312: [CMS: 393216K->393215K(393216K), 0.6381335 secs] 502460K->502415K(502464K), [Metaspace: 29086K->29086K(1075200K)], 0.6382542 secs] [Times: user=0.63 sys=0.00, real=0.64 secs] 
Heap after GC invocations=30 (full 18):
 par new generation   total 109248K, used 109199K [0x00000007a0000000, 0x00000007a8000000, 0x00000007a8000000)
  eden space 87424K,  99% used [0x00000007a0000000, 0x00000007a55544a8, 0x00000007a5560000)
  from space 21824K,  99% used [0x00000007a5560000, 0x00000007a6aafa80, 0x00000007a6ab0000)
  to   space 21824K,   0% used [0x00000007a6ab0000, 0x00000007a6ab0000, 0x00000007a8000000)
 concurrent mark-sweep generation total 393216K, used 393215K [0x00000007a8000000, 0x00000007c0000000, 0x00000007c0000000)
 Metaspace       used 29056K, capacity 29380K, committed 29824K, reserved 1075200K
  class space    used 3502K, capacity 3609K, committed 3712K, reserved 1048576K
}
2016-07-04T19:06:11.991-0530: 466.950: Total time for which application threads were stopped: 1.2305091 seconds
{Heap before GC invocations=30 (full 18):
 par new generation   total 109248K, used 109247K [0x00000007a0000000, 0x00000007a8000000, 0x00000007a8000000)
  eden space 87424K, 100% used [0x00000007a0000000, 0x00000007a5560000, 0x00000007a5560000)
  from space 21824K,  99% used [0x00000007a5560000, 0x00000007a6aaffe8, 0x00000007a6ab0000)
  to   space 21824K,   0% used [0x00000007a6ab0000, 0x00000007a6ab0000, 0x00000007a8000000)
 concurrent mark-sweep generation total 393216K, used 393215K [0x00000007a8000000, 0x00000007c0000000, 0x00000007c0000000)
 Metaspace       used 29056K, capacity 29380K, committed 29824K, reserved 1075200K
  class space    used 3502K, capacity 3609K, committed 3712K, reserved 1048576K
2016-07-04T19:06:11.991-0530: 466.951: [Full GC (Allocation Failure) 466.951: [CMS: 393215K->393215K(393216K), 0.6055753 secs] 502463K->502416K(502464K), [Metaspace: 29056K->29056K(1075200K)], 0.6056385 secs] [Times: user=0.60 sys=0.01, real=0.60 secs] 
Heap after GC invocations=31 (full 19):
 par new generation   total 109248K, used 109200K [0x00000007a0000000, 0x00000007a8000000, 0x00000007a8000000)
  eden space 87424K,  99% used [0x00000007a0000000, 0x00000007a5554c80, 0x00000007a5560000)
  from space 21824K,  99% used [0x00000007a5560000, 0x00000007a6aaf758, 0x00000007a6ab0000)
  to   space 21824K,   0% used [0x00000007a6ab0000, 0x00000007a6ab0000, 0x00000007a8000000)
 concurrent mark-sweep generation total 393216K, used 393215K [0x00000007a8000000, 0x00000007c0000000, 0x00000007c0000000)
 Metaspace       used 29056K, capacity 29380K, committed 29824K, reserved 1075200K
  class space    used 3502K, capacity 3609K, committed 3712K, reserved 1048576K
}
2016-07-04T19:06:12.597-0530: 467.556: Total time for which application threads were stopped: 0.6058055 seconds
2016-07-04T19:06:12.597-0530: 467.557: [GC (CMS Initial Mark) [1 CMS-initial-mark: 393215K(393216K)] 502461K(502464K), 0.0433566 secs] [Times: user=0.06 sys=0.00, real=0.05 secs] 
2016-07-04T19:06:12.640-0530: 467.600: Total time for which application threads were stopped: 0.0435422 seconds
2016-07-04T19:06:12.641-0530: 467.600: [CMS-concurrent-mark-start]
{Heap before GC invocations=31 (full 20):
 par new generation   total 109248K, used 109247K [0x00000007a0000000, 0x00000007a8000000, 0x00000007a8000000)
  eden space 87424K, 100% used [0x00000007a0000000, 0x00000007a5560000, 0x00000007a5560000)
  from space 21824K,  99% used [0x00000007a5560000, 0x00000007a6aafff8, 0x00000007a6ab0000)
  to   space 21824K,   0% used [0x00000007a6ab0000, 0x00000007a6ab0000, 0x00000007a8000000)
 concurrent mark-sweep generation total 393216K, used 393216K [0x00000007a8000000, 0x00000007c0000000, 0x00000007c0000000)
 Metaspace       used 29056K, capacity 29380K, committed 29824K, reserved 1075200K
  class space    used 3502K, capacity 3609K, committed 3712K, reserved 1048576K
2016-07-04T19:06:12.641-0530: 467.600: [Full GC (Allocation Failure) 467.600: [CMS2016-07-04T19:06:12.752-0530: 467.711: [CMS-concurrent-mark: 0.110/0.111 secs] [Times: user=0.38 sys=0.00, real=0.11 secs] 
 (concurrent mode failure): 393216K->393216K(393216K), 0.6363204 secs] 502463K->502454K(502464K), [Metaspace: 29056K->29056K(1075200K)], 0.6363891 secs] [Times: user=0.88 sys=0.00, real=0.63 secs] 
Heap after GC invocations=32 (full 21):
 par new generation   total 109248K, used 109238K [0x00000007a0000000, 0x00000007a8000000, 0x00000007a8000000)
  eden space 87424K,  99% used [0x00000007a0000000, 0x00000007a555d9e0, 0x00000007a5560000)
  from space 21824K,  99% used [0x00000007a5560000, 0x00000007a6aafee0, 0x00000007a6ab0000)
  to   space 21824K,   0% used [0x00000007a6ab0000, 0x00000007a6ab0000, 0x00000007a8000000)
 concurrent mark-sweep generation total 393216K, used 393216K [0x00000007a8000000, 0x00000007c0000000, 0x00000007c0000000)
 Metaspace       used 29056K, capacity 29380K, committed 29824K, reserved 1075200K
  class space    used 3502K, capacity 3609K, committed 3712K, reserved 1048576K
}
2016-07-04T19:06:13.277-0530: 468.237: Total time for which application threads were stopped: 0.6365578 seconds
{Heap before GC invocations=32 (full 21):
 par new generation   total 109248K, used 109247K [0x00000007a0000000, 0x00000007a8000000, 0x00000007a8000000)
  eden space 87424K, 100% used [0x00000007a0000000, 0x00000007a5560000, 0x00000007a5560000)
  from space 21824K,  99% used [0x00000007a5560000, 0x00000007a6aaffd0, 0x00000007a6ab0000)
  to   space 21824K,   0% used [0x00000007a6ab0000, 0x00000007a6ab0000, 0x00000007a8000000)
 concurrent mark-sweep generation total 393216K, used 393216K [0x00000007a8000000, 0x00000007c0000000, 0x00000007c0000000)
 Metaspace       used 29056K, capacity 29380K, committed 29824K, reserved 1075200K
  class space    used 3502K, capacity 3609K, committed 3712K, reserved 1048576K
2016-07-04T19:06:13.278-0530: 468.237: [Full GC (Allocation Failure) 468.237: [CMS: 393216K->393216K(393216K), 0.5231337 secs] 502463K->502454K(502464K), [Metaspace: 29056K->29056K(1075200K)], 0.5232012 secs] [Times: user=0.52 sys=0.00, real=0.53 secs] 
Heap after GC invocations=33 (full 22):
 par new generation   total 109248K, used 109238K [0x00000007a0000000, 0x00000007a8000000, 0x00000007a8000000)
  eden space 87424K,  99% used [0x00000007a0000000, 0x00000007a555da18, 0x00000007a5560000)
  from space 21824K,  99% used [0x00000007a5560000, 0x00000007a6aaffd0, 0x00000007a6ab0000)
  to   space 21824K,   0% used [0x00000007a6ab0000, 0x00000007a6ab0000, 0x00000007a8000000)
 concurrent mark-sweep generation total 393216K, used 393216K [0x00000007a8000000, 0x00000007c0000000, 0x00000007c0000000)
 Metaspace       used 29056K, capacity 29380K, committed 29824K, reserved 1075200K
  class space    used 3502K, capacity 3609K, committed 3712K, reserved 1048576K
}
2016-07-04T19:06:13.801-0530: 468.760: Total time for which application threads were stopped: 0.5233684 seconds
2016-07-04T19:06:13.801-0530: 468.761: [GC (CMS Initial Mark) [1 CMS-initial-mark: 393216K(393216K)] 502463K(502464K), 0.0436171 secs] [Times: user=0.06 sys=0.00, real=0.04 secs] 
2016-07-04T19:06:13.845-0530: 468.804: Total time for which application threads were stopped: 0.0437496 seconds
2016-07-04T19:06:13.845-0530: 468.804: [CMS-concurrent-mark-start]
{Heap before GC invocations=33 (full 23):
 par new generation   total 109248K, used 109247K [0x00000007a0000000, 0x00000007a8000000, 0x00000007a8000000)
  eden space 87424K, 100% used [0x00000007a0000000, 0x00000007a5560000, 0x00000007a5560000)
  from space 21824K,  99% used [0x00000007a5560000, 0x00000007a6aaffd0, 0x00000007a6ab0000)
  to   space 21824K,   0% used [0x00000007a6ab0000, 0x00000007a6ab0000, 0x00000007a8000000)
 concurrent mark-sweep generation total 393216K, used 393216K [0x00000007a8000000, 0x00000007c0000000, 0x00000007c0000000)
 Metaspace       used 29056K, capacity 29380K, committed 29824K, reserved 1075200K
  class space    used 3502K, capacity 3609K, committed 3712K, reserved 1048576K
2016-07-04T19:06:13.845-0530: 468.804: [Full GC (Allocation Failure) 468.804: [CMS2016-07-04T19:06:13.948-0530: 468.908: [CMS-concurrent-mark: 0.102/0.103 secs] [Times: user=0.38 sys=0.00, real=0.10 secs] 
 (concurrent mode failure): 393216K->393216K(393216K), 0.6076071 secs] 502463K->502462K(502464K), [Metaspace: 29056K->29056K(1075200K)], 0.6076760 secs] [Times: user=0.88 sys=0.00, real=0.61 secs] 
Heap after GC invocations=34 (full 24):
 par new generation   total 109248K, used 109246K [0x00000007a0000000, 0x00000007a8000000, 0x00000007a8000000)
  eden space 87424K,  99% used [0x00000007a0000000, 0x00000007a555f8c0, 0x00000007a5560000)
  from space 21824K,  99% used [0x00000007a5560000, 0x00000007a6aaff60, 0x00000007a6ab0000)
  to   space 21824K,   0% used [0x00000007a6ab0000, 0x00000007a6ab0000, 0x00000007a8000000)
 concurrent mark-sweep generation total 393216K, used 393216K [0x00000007a8000000, 0x00000007c0000000, 0x00000007c0000000)
 Metaspace       used 29056K, capacity 29380K, committed 29824K, reserved 1075200K
  class space    used 3502K, capacity 3609K, committed 3712K, reserved 1048576K
}
2016-07-04T19:06:14.453-0530: 469.412: Total time for which application threads were stopped: 0.6079056 seconds
{Heap before GC invocations=34 (full 24):
 par new generation   total 109248K, used 109247K [0x00000007a0000000, 0x00000007a8000000, 0x00000007a8000000)
  eden space 87424K, 100% used [0x00000007a0000000, 0x00000007a5560000, 0x00000007a5560000)
  from space 21824K,  99% used [0x00000007a5560000, 0x00000007a6aafff8, 0x00000007a6ab0000)
  to   space 21824K,   0% used [0x00000007a6ab0000, 0x00000007a6ab0000, 0x00000007a8000000)
 concurrent mark-sweep generation total 393216K, used 393216K [0x00000007a8000000, 0x00000007c0000000, 0x00000007c0000000)
 Metaspace       used 29056K, capacity 29380K, committed 29824K, reserved 1075200K
  class space    used 3502K, capacity 3609K, committed 3712K, reserved 1048576K
2016-07-04T19:06:14.453-0530: 469.412: [Full GC (Allocation Failure) 469.412: [CMS: 393216K->393216K(393216K), 0.4935261 secs] 502463K->502463K(502464K), [Metaspace: 29056K->29056K(1075200K)], 0.4935889 secs] [Times: user=0.49 sys=0.01, real=0.49 secs] 
Heap after GC invocations=35 (full 25):
 par new generation   total 109248K, used 109247K [0x00000007a0000000, 0x00000007a8000000, 0x00000007a8000000)
  eden space 87424K,  99% used [0x00000007a0000000, 0x00000007a555fea0, 0x00000007a5560000)
  from space 21824K,  99% used [0x00000007a5560000, 0x00000007a6aafff8, 0x00000007a6ab0000)
  to   space 21824K,   0% used [0x00000007a6ab0000, 0x00000007a6ab0000, 0x00000007a8000000)
 concurrent mark-sweep generation total 393216K, used 393216K [0x00000007a8000000, 0x00000007c0000000, 0x00000007c0000000)
 Metaspace       used 29056K, capacity 29380K, committed 29824K, reserved 1075200K
  class space    used 3502K, capacity 3609K, committed 3712K, reserved 1048576K
}
2016-07-04T19:06:14.947-0530: 469.906: Total time for which application threads were stopped: 0.4937500 seconds
{Heap before GC invocations=35 (full 26):
 par new generation   total 109248K, used 109247K [0x00000007a0000000, 0x00000007a8000000, 0x00000007a8000000)
  eden space 87424K, 100% used [0x00000007a0000000, 0x00000007a5560000, 0x00000007a5560000)
  from space 21824K,  99% used [0x00000007a5560000, 0x00000007a6aafff8, 0x00000007a6ab0000)
  to   space 21824K,   0% used [0x00000007a6ab0000, 0x00000007a6ab0000, 0x00000007a8000000)
 concurrent mark-sweep generation total 393216K, used 393216K [0x00000007a8000000, 0x00000007c0000000, 0x00000007c0000000)
 Metaspace       used 29056K, capacity 29380K, committed 29824K, reserved 1075200K
  class space    used 3502K, capacity 3609K, committed 3712K, reserved 1048576K
2016-07-04T19:06:14.947-0530: 469.906: [Full GC (Allocation Failure) 469.906: [CMS (concurrent mode failure): 393216K->393216K(393216K), 0.4954568 secs] 502463K->502463K(502464K), [Metaspace: 29056K->29056K(1075200K)], 0.4955650 secs] [Times: user=0.49 sys=0.00, real=0.50 secs] 
Heap after GC invocations=36 (full 27):
 par new generation   total 109248K, used 109247K [0x00000007a0000000, 0x00000007a8000000, 0x00000007a8000000)
  eden space 87424K,  99% used [0x00000007a0000000, 0x00000007a555ffa0, 0x00000007a5560000)
  from space 21824K,  99% used [0x00000007a5560000, 0x00000007a6aafff8, 0x00000007a6ab0000)
  to   space 21824K,   0% used [0x00000007a6ab0000, 0x00000007a6ab0000, 0x00000007a8000000)
 concurrent mark-sweep generation total 393216K, used 393216K [0x00000007a8000000, 0x00000007c0000000, 0x00000007c0000000)
 Metaspace       used 29056K, capacity 29380K, committed 29824K, reserved 1075200K
  class space    used 3502K, capacity 3609K, committed 3712K, reserved 1048576K
}
2016-07-04T19:06:15.442-0530: 470.402: Total time for which application threads were stopped: 0.4957266 seconds
{Heap before GC invocations=36 (full 27):
 par new generation   total 109248K, used 109247K [0x00000007a0000000, 0x00000007a8000000, 0x00000007a8000000)
  eden space 87424K,  99% used [0x00000007a0000000, 0x00000007a555fff8, 0x00000007a5560000)
  from space 21824K,  99% used [0x00000007a5560000, 0x00000007a6aafff8, 0x00000007a6ab0000)
  to   space 21824K,   0% used [0x00000007a6ab0000, 0x00000007a6ab0000, 0x00000007a8000000)
 concurrent mark-sweep generation total 393216K, used 393216K [0x00000007a8000000, 0x00000007c0000000, 0x00000007c0000000)
 Metaspace       used 29056K, capacity 29380K, committed 29824K, reserved 1075200K
  class space    used 3502K, capacity 3609K, committed 3712K, reserved 1048576K
2016-07-04T19:06:15.443-0530: 470.402: [Full GC (Allocation Failure) 470.402: [CMS: 393216K->393216K(393216K), 0.4966229 secs] 502463K->502463K(502464K), [Metaspace: 29056K->29056K(1075200K)], 0.4966919 secs] [Times: user=0.49 sys=0.00, real=0.49 secs] 
Heap after GC invocations=37 (full 28):
 par new generation   total 109248K, used 109247K [0x00000007a0000000, 0x00000007a8000000, 0x00000007a8000000)
  eden space 87424K,  99% used [0x00000007a0000000, 0x00000007a555ff88, 0x00000007a5560000)
  from space 21824K,  99% used [0x00000007a5560000, 0x00000007a6aafff8, 0x00000007a6ab0000)
  to   space 21824K,   0% used [0x00000007a6ab0000, 0x00000007a6ab0000, 0x00000007a8000000)
 concurrent mark-sweep generation total 393216K, used 393216K [0x00000007a8000000, 0x00000007c0000000, 0x00000007c0000000)
 Metaspace       used 29056K, capacity 29380K, committed 29824K, reserved 1075200K
  class space    used 3502K, capacity 3609K, committed 3712K, reserved 1048576K
}
2016-07-04T19:06:15.939-0530: 470.899: Total time for which application threads were stopped: 0.4968805 seconds
2016-07-04T19:06:15.939-0530: 470.899: [GC (CMS Initial Mark) [1 CMS-initial-mark: 393216K(393216K)] 502463K(502464K), 0.0436998 secs] [Times: user=0.06 sys=0.00, real=0.05 secs] 
2016-07-04T19:06:15.983-0530: 470.943: Total time for which application threads were stopped: 0.0439885 seconds
2016-07-04T19:06:15.983-0530: 470.943: [CMS-concurrent-mark-start]
{Heap before GC invocations=37 (full 29):
 par new generation   total 109248K, used 109247K [0x00000007a0000000, 0x00000007a8000000, 0x00000007a8000000)
  eden space 87424K, 100% used [0x00000007a0000000, 0x00000007a5560000, 0x00000007a5560000)
  from space 21824K,  99% used [0x00000007a5560000, 0x00000007a6aafff8, 0x00000007a6ab0000)
  to   space 21824K,   0% used [0x00000007a6ab0000, 0x00000007a6ab0000, 0x00000007a8000000)
 concurrent mark-sweep generation total 393216K, used 393216K [0x00000007a8000000, 0x00000007c0000000, 0x00000007c0000000)
 Metaspace       used 29056K, capacity 29380K, committed 29824K, reserved 1075200K
  class space    used 3502K, capacity 3609K, committed 3712K, reserved 1048576K
2016-07-04T19:06:15.984-0530: 470.943: [Full GC (Allocation Failure) 470.943: [CMS2016-07-04T19:06:16.082-0530: 471.042: [CMS-concurrent-mark: 0.098/0.099 secs] [Times: user=0.38 sys=0.01, real=0.10 secs] 
 (concurrent mode failure): 393216K->393216K(393216K), 0.6010357 secs] 502463K->502463K(502464K), [Metaspace: 29056K->29056K(1075200K)], 0.6011013 secs] [Times: user=0.88 sys=0.01, real=0.60 secs] 
Heap after GC invocations=38 (full 30):
 par new generation   total 109248K, used 109247K [0x00000007a0000000, 0x00000007a8000000, 0x00000007a8000000)
  eden space 87424K,  99% used [0x00000007a0000000, 0x00000007a555ffe8, 0x00000007a5560000)
  from space 21824K,  99% used [0x00000007a5560000, 0x00000007a6aafff8, 0x00000007a6ab0000)
  to   space 21824K,   0% used [0x00000007a6ab0000, 0x00000007a6ab0000, 0x00000007a8000000)
 concurrent mark-sweep generation total 393216K, used 393216K [0x00000007a8000000, 0x00000007c0000000, 0x00000007c0000000)
 Metaspace       used 29056K, capacity 29380K, committed 29824K, reserved 1075200K
  class space    used 3502K, capacity 3609K, committed 3712K, reserved 1048576K
}
{Heap before GC invocations=38 (full 30):
 par new generation   total 109248K, used 109247K [0x00000007a0000000, 0x00000007a8000000, 0x00000007a8000000)
  eden space 87424K,  99% used [0x00000007a0000000, 0x00000007a555ffe8, 0x00000007a5560000)
  from space 21824K,  99% used [0x00000007a5560000, 0x00000007a6aafff8, 0x00000007a6ab0000)
  to   space 21824K,   0% used [0x00000007a6ab0000, 0x00000007a6ab0000, 0x00000007a8000000)
 concurrent mark-sweep generation total 393216K, used 393216K [0x00000007a8000000, 0x00000007c0000000, 0x00000007c0000000)
 Metaspace       used 29056K, capacity 29380K, committed 29824K, reserved 1075200K
  class space    used 3502K, capacity 3609K, committed 3712K, reserved 1048576K
2016-07-04T19:06:16.585-0530: 471.544: [Full GC (Allocation Failure) 471.544: [CMS: 393216K->393216K(393216K), 0.4983447 secs] 502463K->502463K(502464K), [Metaspace: 29056K->29056K(1075200K)], 0.4984047 secs] [Times: user=0.49 sys=0.00, real=0.50 secs] 
Heap after GC invocations=39 (full 31):
 par new generation   total 109248K, used 109247K [0x00000007a0000000, 0x00000007a8000000, 0x00000007a8000000)
  eden space 87424K,  99% used [0x00000007a0000000, 0x00000007a555ffe8, 0x00000007a5560000)
  from space 21824K,  99% used [0x00000007a5560000, 0x00000007a6aafff8, 0x00000007a6ab0000)
  to   space 21824K,   0% used [0x00000007a6ab0000, 0x00000007a6ab0000, 0x00000007a8000000)
 concurrent mark-sweep generation total 393216K, used 393216K [0x00000007a8000000, 0x00000007c0000000, 0x00000007c0000000)
 Metaspace       used 29056K, capacity 29380K, committed 29824K, reserved 1075200K
  class space    used 3502K, capacity 3609K, committed 3712K, reserved 1048576K
}
2016-07-04T19:06:17.083-0530: 472.043: Total time for which application threads were stopped: 1.0997727 seconds
{Heap before GC invocations=39 (full 31):
 par new generation   total 109248K, used 109247K [0x00000007a0000000, 0x00000007a8000000, 0x00000007a8000000)
  eden space 87424K,  99% used [0x00000007a0000000, 0x00000007a555ffe8, 0x00000007a5560000)
  from space 21824K,  99% used [0x00000007a5560000, 0x00000007a6aafff8, 0x00000007a6ab0000)
  to   space 21824K,   0% used [0x00000007a6ab0000, 0x00000007a6ab0000, 0x00000007a8000000)
 concurrent mark-sweep generation total 393216K, used 393216K [0x00000007a8000000, 0x00000007c0000000, 0x00000007c0000000)
 Metaspace       used 29056K, capacity 29380K, committed 29824K, reserved 1075200K
  class space    used 3502K, capacity 3609K, committed 3712K, reserved 1048576K
2016-07-04T19:06:17.084-0530: 472.043: [Full GC (Allocation Failure) 472.043: [CMS: 393216K->393216K(393216K), 0.5365171 secs] 502463K->502463K(502464K), [Metaspace: 29056K->29056K(1075200K)], 0.5366036 secs] [Times: user=0.53 sys=0.01, real=0.54 secs] 
Heap after GC invocations=40 (full 32):
 par new generation   total 109248K, used 109247K [0x00000007a0000000, 0x00000007a8000000, 0x00000007a8000000)
  eden space 87424K,  99% used [0x00000007a0000000, 0x00000007a555ffa8, 0x00000007a5560000)
  from space 21824K,  99% used [0x00000007a5560000, 0x00000007a6aaffd8, 0x00000007a6ab0000)
  to   space 21824K,   0% used [0x00000007a6ab0000, 0x00000007a6ab0000, 0x00000007a8000000)
 concurrent mark-sweep generation total 393216K, used 393216K [0x00000007a8000000, 0x00000007c0000000, 0x00000007c0000000)
 Metaspace       used 29056K, capacity 29380K, committed 29824K, reserved 1075200K
  class space    used 3502K, capacity 3609K, committed 3712K, reserved 1048576K
}
2016-07-04T19:06:17.620-0530: 472.580: Total time for which application threads were stopped: 0.5369047 seconds
2016-07-04T19:06:17.620-0530: 472.580: [GC (CMS Initial Mark) [1 CMS-initial-mark: 393216K(393216K)] 502463K(502464K), 0.0461483 secs] [Times: user=0.06 sys=0.00, real=0.04 secs] 
2016-07-04T19:06:17.667-0530: 472.626: Total time for which application threads were stopped: 0.0463464 seconds
2016-07-04T19:06:17.667-0530: 472.626: [CMS-concurrent-mark-start]
{Heap before GC invocations=40 (full 33):
 par new generation   total 109248K, used 109247K [0x00000007a0000000, 0x00000007a8000000, 0x00000007a8000000)
  eden space 87424K, 100% used [0x00000007a0000000, 0x00000007a5560000, 0x00000007a5560000)
  from space 21824K,  99% used [0x00000007a5560000, 0x00000007a6aafff8, 0x00000007a6ab0000)
  to   space 21824K,   0% used [0x00000007a6ab0000, 0x00000007a6ab0000, 0x00000007a8000000)
 concurrent mark-sweep generation total 393216K, used 393216K [0x00000007a8000000, 0x00000007c0000000, 0x00000007c0000000)
 Metaspace       used 29056K, capacity 29380K, committed 29824K, reserved 1075200K
  class space    used 3502K, capacity 3609K, committed 3712K, reserved 1048576K
2016-07-04T19:06:17.667-0530: 472.627: [Full GC (Allocation Failure) 472.627: [CMS2016-07-04T19:06:17.767-0530: 472.727: [CMS-concurrent-mark: 0.099/0.101 secs] [Times: user=0.38 sys=0.00, real=0.10 secs] 
 (concurrent mode failure): 393216K->393216K(393216K), 0.6114206 secs] 502463K->502463K(502464K), [Metaspace: 29056K->29056K(1075200K)], 0.6114906 secs] [Times: user=0.88 sys=0.00, real=0.61 secs] 
Heap after GC invocations=41 (full 34):
 par new generation   total 109248K, used 109247K [0x00000007a0000000, 0x00000007a8000000, 0x00000007a8000000)
  eden space 87424K,  99% used [0x00000007a0000000, 0x00000007a555ffe0, 0x00000007a5560000)
  from space 21824K,  99% used [0x00000007a5560000, 0x00000007a6aaffd8, 0x00000007a6ab0000)
  to   space 21824K,   0% used [0x00000007a6ab0000, 0x00000007a6ab0000, 0x00000007a8000000)
 concurrent mark-sweep generation total 393216K, used 393216K [0x00000007a8000000, 0x00000007c0000000, 0x00000007c0000000)
 Metaspace       used 29056K, capacity 29380K, committed 29824K, reserved 1075200K
  class space    used 3502K, capacity 3609K, committed 3712K, reserved 1048576K
}
{Heap before GC invocations=41 (full 34):
 par new generation   total 109248K, used 109247K [0x00000007a0000000, 0x00000007a8000000, 0x00000007a8000000)
  eden space 87424K,  99% used [0x00000007a0000000, 0x00000007a555ffe0, 0x00000007a5560000)
  from space 21824K,  99% used [0x00000007a5560000, 0x00000007a6aaffd8, 0x00000007a6ab0000)
  to   space 21824K,   0% used [0x00000007a6ab0000, 0x00000007a6ab0000, 0x00000007a8000000)
 concurrent mark-sweep generation total 393216K, used 393216K [0x00000007a8000000, 0x00000007c0000000, 0x00000007c0000000)
 Metaspace       used 29056K, capacity 29380K, committed 29824K, reserved 1075200K
  class space    used 3502K, capacity 3609K, committed 3712K, reserved 1048576K
2016-07-04T19:06:18.278-0530: 473.238: [Full GC (Allocation Failure) 473.238: [CMS: 393216K->393216K(393216K), 0.5021726 secs] 502463K->502463K(502464K), [Metaspace: 29056K->29056K(1075200K)], 0.5022553 secs] [Times: user=0.49 sys=0.01, real=0.51 secs] 
Heap after GC invocations=42 (full 35):
 par new generation   total 109248K, used 109247K [0x00000007a0000000, 0x00000007a8000000, 0x00000007a8000000)
  eden space 87424K,  99% used [0x00000007a0000000, 0x00000007a555ffe0, 0x00000007a5560000)
  from space 21824K,  99% used [0x00000007a5560000, 0x00000007a6aaffd8, 0x00000007a6ab0000)
  to   space 21824K,   0% used [0x00000007a6ab0000, 0x00000007a6ab0000, 0x00000007a8000000)
 concurrent mark-sweep generation total 393216K, used 393216K [0x00000007a8000000, 0x00000007c0000000, 0x00000007c0000000)
 Metaspace       used 29056K, capacity 29380K, committed 29824K, reserved 1075200K
  class space    used 3502K, capacity 3609K, committed 3712K, reserved 1048576K
}
2016-07-04T19:06:18.781-0530: 473.741: Total time for which application threads were stopped: 1.1139973 seconds
{Heap before GC invocations=42 (full 35):
 par new generation   total 109248K, used 109247K [0x00000007a0000000, 0x00000007a8000000, 0x00000007a8000000)
  eden space 87424K, 100% used [0x00000007a0000000, 0x00000007a5560000, 0x00000007a5560000)
  from space 21824K,  99% used [0x00000007a5560000, 0x00000007a6aafff8, 0x00000007a6ab0000)
  to   space 21824K,   0% used [0x00000007a6ab0000, 0x00000007a6ab0000, 0x00000007a8000000)
 concurrent mark-sweep generation total 393216K, used 393216K [0x00000007a8000000, 0x00000007c0000000, 0x00000007c0000000)
 Metaspace       used 29056K, capacity 29380K, committed 29824K, reserved 1075200K
  class space    used 3502K, capacity 3609K, committed 3712K, reserved 1048576K
2016-07-04T19:06:18.781-0530: 473.741: [Full GC (Allocation Failure) 473.741: [CMS: 393216K->141155K(393216K), 0.1581250 secs] 502463K->141155K(502464K), [Metaspace: 29056K->29056K(1075200K)], 0.1582115 secs] [Times: user=0.16 sys=0.00, real=0.15 secs] 
Heap after GC invocations=43 (full 36):
 par new generation   total 109248K, used 0K [0x00000007a0000000, 0x00000007a8000000, 0x00000007a8000000)
  eden space 87424K,   0% used [0x00000007a0000000, 0x00000007a0000000, 0x00000007a5560000)
  from space 21824K,   0% used [0x00000007a5560000, 0x00000007a5560000, 0x00000007a6ab0000)
  to   space 21824K,   0% used [0x00000007a6ab0000, 0x00000007a6ab0000, 0x00000007a8000000)
 concurrent mark-sweep generation total 393216K, used 141155K [0x00000007a8000000, 0x00000007c0000000, 0x00000007c0000000)
 Metaspace       used 29056K, capacity 29380K, committed 29824K, reserved 1075200K
  class space    used 3502K, capacity 3609K, committed 3712K, reserved 1048576K
}
2016-07-04T19:06:18.939-0530: 473.899: Total time for which application threads were stopped: 0.1584134 seconds
2016-07-04T19:06:19.945-0530: 474.904: Total time for which application threads were stopped: 0.0002568 seconds
2016-07-04T19:06:26.963-0530: 481.923: Total time for which application threads were stopped: 0.0002440 seconds
2016-07-04T19:07:09.054-0530: 524.016: Total time for which application threads were stopped: 0.0013982 seconds
2016-07-04T19:07:10.060-0530: 525.021: Total time for which application threads were stopped: 0.0001907 seconds
2016-07-04T19:27:05.473-0530: 1720.470: Total time for which application threads were stopped: 0.0010012 seconds
2016-07-04T19:28:28.712-0530: 1803.712: Total time for which application threads were stopped: 0.0001564 seconds
2016-07-05T02:10:03.406-0530: 3050.255: Total time for which application threads were stopped: 0.0019760 seconds
2016-07-05T02:11:03.659-0530: 3110.509: Total time for which application threads were stopped: 0.0001514 seconds
2016-07-05T02:19:04.688-0530: 3591.551: Total time for which application threads were stopped: 0.0001976 seconds
2016-07-05T02:22:44.609-0530: 3811.478: Total time for which application threads were stopped: 0.0000835 seconds
2016-07-05T02:22:49.630-0530: 3816.499: Total time for which application threads were stopped: 0.0001004 seconds
2016-07-05T02:24:30.006-0530: 3916.878: Total time for which application threads were stopped: 0.0001065 seconds
2016-07-05T17:33:45.070-0530: 7019.828: Total time for which application threads were stopped: 0.0011292 seconds
2016-07-05T17:42:14.561-0530: 7529.334: Total time for which application threads were stopped: 0.0008092 seconds
2016-07-05T17:42:44.650-0530: 7559.423: Total time for which application threads were stopped: 0.0002290 seconds
2016-07-05T17:43:14.752-0530: 7589.526: Total time for which application threads were stopped: 0.0002095 seconds
2016-07-05T17:45:15.102-0530: 7709.880: Total time for which application threads were stopped: 0.0009990 seconds
2016-07-05T17:45:45.205-0530: 7739.984: Total time for which application threads were stopped: 0.0001852 seconds
2016-07-05T17:46:44.376-0530: 7799.157: Total time for which application threads were stopped: 0.0003505 seconds
2016-07-05T18:48:45.253-0530: 11520.151: Total time for which application threads were stopped: 0.0009190 seconds
2016-07-05T19:52:45.744-0530: 15360.764: Total time for which application threads were stopped: 0.0010043 seconds
2016-07-06T16:29:39.212-0530: 30644.594: Total time for which application threads were stopped: 0.0204236 seconds
2016-07-06T16:29:39.238-0530: 30644.621: Total time for which application threads were stopped: 0.0000965 seconds
2016-07-06T16:29:40.092-0530: 30645.474: Total time for which application threads were stopped: 0.0100216 seconds
2016-07-06T16:29:41.093-0530: 30646.476: Total time for which application threads were stopped: 0.0003737 seconds
2016-07-06T16:29:42.105-0530: 30647.488: Total time for which application threads were stopped: 0.0093372 seconds
2016-07-06T16:29:43.133-0530: 30648.516: Total time for which application threads were stopped: 0.0276263 seconds
2016-07-06T16:29:44.144-0530: 30649.527: Total time for which application threads were stopped: 0.0073320 seconds
2016-07-06T16:29:46.165-0530: 30651.548: Total time for which application threads were stopped: 0.0158803 seconds
2016-07-06T16:29:49.237-0530: 30654.620: Total time for which application threads were stopped: 0.0099254 seconds
2016-07-06T16:29:53.287-0530: 30658.670: Total time for which application threads were stopped: 0.0371300 seconds
2016-07-06T16:30:07.327-0530: 30672.711: Total time for which application threads were stopped: 0.0033489 seconds
{Heap before GC invocations=43 (full 36):
 par new generation   total 109248K, used 87424K [0x00000007a0000000, 0x00000007a8000000, 0x00000007a8000000)
  eden space 87424K, 100% used [0x00000007a0000000, 0x00000007a5560000, 0x00000007a5560000)
  from space 21824K,   0% used [0x00000007a5560000, 0x00000007a5560000, 0x00000007a6ab0000)
  to   space 21824K,   0% used [0x00000007a6ab0000, 0x00000007a6ab0000, 0x00000007a8000000)
 concurrent mark-sweep generation total 393216K, used 141155K [0x00000007a8000000, 0x00000007c0000000, 0x00000007c0000000)
 Metaspace       used 29330K, capacity 29668K, committed 30080K, reserved 1075200K
  class space    used 3534K, capacity 3641K, committed 3712K, reserved 1048576K
2016-07-06T16:30:19.703-0530: 30685.088: [GC (Allocation Failure) 30685.106: [ParNew
Desired survivor size 20112992 bytes, new threshold 1 (max 8)
- age   1:   22235272 bytes,   22235272 total
: 87424K->21824K(109248K), 6.3605865 secs] 228579K->187801K(502464K), 6.3955571 secs] [Times: user=0.12 sys=0.43, real=6.39 secs] 
Heap after GC invocations=44 (full 36):
 par new generation   total 109248K, used 21824K [0x00000007a0000000, 0x00000007a8000000, 0x00000007a8000000)
  eden space 87424K,   0% used [0x00000007a0000000, 0x00000007a0000000, 0x00000007a5560000)
  from space 21824K, 100% used [0x00000007a6ab0000, 0x00000007a8000000, 0x00000007a8000000)
  to   space 21824K,   0% used [0x00000007a5560000, 0x00000007a5560000, 0x00000007a6ab0000)
 concurrent mark-sweep generation total 393216K, used 165977K [0x00000007a8000000, 0x00000007c0000000, 0x00000007c0000000)
 Metaspace       used 29330K, capacity 29668K, committed 30080K, reserved 1075200K
  class space    used 3534K, capacity 3641K, committed 3712K, reserved 1048576K
}
2016-07-06T16:30:26.115-0530: 30691.499: Total time for which application threads were stopped: 6.4927524 seconds
2016-07-06T16:30:27.120-0530: 30692.504: Total time for which application threads were stopped: 0.0007696 seconds
2016-07-06T16:30:30.131-0530: 30695.515: Total time for which application threads were stopped: 0.0015114 seconds
{Heap before GC invocations=44 (full 36):
 par new generation   total 109248K, used 109248K [0x00000007a0000000, 0x00000007a8000000, 0x00000007a8000000)
  eden space 87424K, 100% used [0x00000007a0000000, 0x00000007a5560000, 0x00000007a5560000)
  from space 21824K, 100% used [0x00000007a6ab0000, 0x00000007a8000000, 0x00000007a8000000)
  to   space 21824K,   0% used [0x00000007a5560000, 0x00000007a5560000, 0x00000007a6ab0000)
 concurrent mark-sweep generation total 393216K, used 165977K [0x00000007a8000000, 0x00000007c0000000, 0x00000007c0000000)
 Metaspace       used 29333K, capacity 29668K, committed 30080K, reserved 1075200K
  class space    used 3534K, capacity 3641K, committed 3712K, reserved 1048576K
2016-07-06T16:30:36.454-0530: 30701.839: [GC (Allocation Failure) 30701.883: [ParNew
Desired survivor size 20112992 bytes, new threshold 1 (max 8)
- age   1:   22298192 bytes,   22298192 total
: 109248K->21824K(109248K), 1.8280579 secs] 275225K->217600K(502464K), 1.8728333 secs] [Times: user=0.07 sys=0.22, real=1.87 secs] 
Heap after GC invocations=45 (full 36):
 par new generation   total 109248K, used 21824K [0x00000007a0000000, 0x00000007a8000000, 0x00000007a8000000)
  eden space 87424K,   0% used [0x00000007a0000000, 0x00000007a0000000, 0x00000007a5560000)
  from space 21824K, 100% used [0x00000007a5560000, 0x00000007a6ab0000, 0x00000007a6ab0000)
  to   space 21824K,   0% used [0x00000007a6ab0000, 0x00000007a6ab0000, 0x00000007a8000000)
 concurrent mark-sweep generation total 393216K, used 195776K [0x00000007a8000000, 0x00000007c0000000, 0x00000007c0000000)
 Metaspace       used 29333K, capacity 29668K, committed 30080K, reserved 1075200K
  class space    used 3534K, capacity 3641K, committed 3712K, reserved 1048576K
}
2016-07-06T16:30:38.327-0530: 30703.712: Total time for which application threads were stopped: 1.8730758 seconds
{Heap before GC invocations=45 (full 36):
 par new generation   total 109248K, used 109248K [0x00000007a0000000, 0x00000007a8000000, 0x00000007a8000000)
  eden space 87424K, 100% used [0x00000007a0000000, 0x00000007a5560000, 0x00000007a5560000)
  from space 21824K, 100% used [0x00000007a5560000, 0x00000007a6ab0000, 0x00000007a6ab0000)
  to   space 21824K,   0% used [0x00000007a6ab0000, 0x00000007a6ab0000, 0x00000007a8000000)
 concurrent mark-sweep generation total 393216K, used 195776K [0x00000007a8000000, 0x00000007c0000000, 0x00000007c0000000)
 Metaspace       used 29333K, capacity 29668K, committed 30080K, reserved 1075200K
  class space    used 3534K, capacity 3641K, committed 3712K, reserved 1048576K
2016-07-06T16:30:38.353-0530: 30703.738: [GC (Allocation Failure) 30703.738: [ParNew
Desired survivor size 20112992 bytes, new threshold 8 (max 8)
- age   1:   17283248 bytes,   17283248 total
: 109248K->21824K(109248K), 0.9290910 secs] 305024K->239748K(502464K), 0.9291672 secs] [Times: user=0.04 sys=0.16, real=0.93 secs] 
Heap after GC invocations=46 (full 36):
 par new generation   total 109248K, used 21824K [0x00000007a0000000, 0x00000007a8000000, 0x00000007a8000000)
  eden space 87424K,   0% used [0x00000007a0000000, 0x00000007a0000000, 0x00000007a5560000)
  from space 21824K, 100% used [0x00000007a6ab0000, 0x00000007a8000000, 0x00000007a8000000)
  to   space 21824K,   0% used [0x00000007a5560000, 0x00000007a5560000, 0x00000007a6ab0000)
 concurrent mark-sweep generation total 393216K, used 217924K [0x00000007a8000000, 0x00000007c0000000, 0x00000007c0000000)
 Metaspace       used 29333K, capacity 29668K, committed 30080K, reserved 1075200K
  class space    used 3534K, capacity 3641K, committed 3712K, reserved 1048576K
}
2016-07-06T16:30:39.282-0530: 30704.667: Total time for which application threads were stopped: 0.9294471 seconds
{Heap before GC invocations=46 (full 37):
 par new generation   total 109248K, used 109248K [0x00000007a0000000, 0x00000007a8000000, 0x00000007a8000000)
  eden space 87424K, 100% used [0x00000007a0000000, 0x00000007a5560000, 0x00000007a5560000)
  from space 21824K, 100% used [0x00000007a6ab0000, 0x00000007a8000000, 0x00000007a8000000)
  to   space 21824K,   0% used [0x00000007a5560000, 0x00000007a5560000, 0x00000007a6ab0000)
 concurrent mark-sweep generation total 393216K, used 217924K [0x00000007a8000000, 0x00000007c0000000, 0x00000007c0000000)
 Metaspace       used 29333K, capacity 29668K, committed 30080K, reserved 1075200K
  class space    used 3534K, capacity 3641K, committed 3712K, reserved 1048576K
2016-07-06T16:30:39.335-0530: 30704.720: [GC (Allocation Failure) 30704.720: [ParNew
Desired survivor size 20112992 bytes, new threshold 2 (max 8)
- age   1:    4965496 bytes,    4965496 total
- age   2:   17283072 bytes,   22248568 total
: 109248K->21824K(109248K), 0.7550849 secs] 327172K->252144K(502464K), 0.7551762 secs] [Times: user=0.04 sys=0.07, real=0.76 secs] 
Heap after GC invocations=47 (full 37):
 par new generation   total 109248K, used 21824K [0x00000007a0000000, 0x00000007a8000000, 0x00000007a8000000)
  eden space 87424K,   0% used [0x00000007a0000000, 0x00000007a0000000, 0x00000007a5560000)
  from space 21824K, 100% used [0x00000007a5560000, 0x00000007a6ab0000, 0x00000007a6ab0000)
  to   space 21824K,   0% used [0x00000007a6ab0000, 0x00000007a6ab0000, 0x00000007a8000000)
 concurrent mark-sweep generation total 393216K, used 230320K [0x00000007a8000000, 0x00000007c0000000, 0x00000007c0000000)
 Metaspace       used 29333K, capacity 29668K, committed 30080K, reserved 1075200K
  class space    used 3534K, capacity 3641K, committed 3712K, reserved 1048576K
}
2016-07-06T16:30:40.091-0530: 30705.475: Total time for which application threads were stopped: 0.7862881 seconds
2016-07-06T16:30:40.115-0530: 30705.500: [GC (CMS Initial Mark) [1 CMS-initial-mark: 230320K(393216K)] 253585K(502464K), 0.0194123 secs] [Times: user=0.01 sys=0.00, real=0.02 secs] 
2016-07-06T16:30:40.135-0530: 30705.520: Total time for which application threads were stopped: 0.0442463 seconds
2016-07-06T16:30:40.135-0530: 30705.520: [CMS-concurrent-mark-start]
{Heap before GC invocations=47 (full 37):
 par new generation   total 109248K, used 109248K [0x00000007a0000000, 0x00000007a8000000, 0x00000007a8000000)
  eden space 87424K, 100% used [0x00000007a0000000, 0x00000007a5560000, 0x00000007a5560000)
  from space 21824K, 100% used [0x00000007a5560000, 0x00000007a6ab0000, 0x00000007a6ab0000)
  to   space 21824K,   0% used [0x00000007a6ab0000, 0x00000007a6ab0000, 0x00000007a8000000)
 concurrent mark-sweep generation total 393216K, used 230320K [0x00000007a8000000, 0x00000007c0000000, 0x00000007c0000000)
 Metaspace       used 29333K, capacity 29668K, committed 30080K, reserved 1075200K
  class space    used 3534K, capacity 3641K, committed 3712K, reserved 1048576K
2016-07-06T16:30:40.259-0530: 30705.644: [GC (Allocation Failure) 30705.644: [ParNew
Desired survivor size 20112992 bytes, new threshold 2 (max 8)
- age   1:   17698232 bytes,   17698232 total
- age   2:    4291088 bytes,   21989320 total
: 109248K->21824K(109248K), 0.5051185 secs] 339568K->269672K(502464K), 0.5051807 secs] [Times: user=0.25 sys=0.10, real=0.51 secs] 
Heap after GC invocations=48 (full 37):
 par new generation   total 109248K, used 21824K [0x00000007a0000000, 0x00000007a8000000, 0x00000007a8000000)
  eden space 87424K,   0% used [0x00000007a0000000, 0x00000007a0000000, 0x00000007a5560000)
  from space 21824K, 100% used [0x00000007a6ab0000, 0x00000007a8000000, 0x00000007a8000000)
  to   space 21824K,   0% used [0x00000007a5560000, 0x00000007a5560000, 0x00000007a6ab0000)
 concurrent mark-sweep generation total 393216K, used 247848K [0x00000007a8000000, 0x00000007c0000000, 0x00000007c0000000)
 Metaspace       used 29333K, capacity 29668K, committed 30080K, reserved 1075200K
  class space    used 3534K, capacity 3641K, committed 3712K, reserved 1048576K
}
2016-07-06T16:30:40.764-0530: 30706.149: Total time for which application threads were stopped: 0.5053855 seconds
2016-07-06T16:30:40.787-0530: 30706.172: Total time for which application threads were stopped: 0.0001426 seconds
2016-07-06T16:30:40.837-0530: 30706.222: Total time for which application threads were stopped: 0.0001182 seconds
2016-07-06T16:30:40.838-0530: 30706.223: Total time for which application threads were stopped: 0.0001171 seconds
2016-07-06T16:30:40.838-0530: 30706.223: Total time for which application threads were stopped: 0.0000707 seconds
2016-07-06T16:30:40.839-0530: 30706.223: Total time for which application threads were stopped: 0.0000647 seconds
2016-07-06T16:30:40.839-0530: 30706.224: Total time for which application threads were stopped: 0.0000568 seconds
2016-07-06T16:30:40.839-0530: 30706.224: Total time for which application threads were stopped: 0.0000573 seconds
2016-07-06T16:30:40.839-0530: 30706.224: Total time for which application threads were stopped: 0.0000568 seconds
2016-07-06T16:30:40.839-0530: 30706.224: Total time for which application threads were stopped: 0.0000567 seconds
2016-07-06T16:30:40.839-0530: 30706.224: Total time for which application threads were stopped: 0.0000552 seconds
2016-07-06T16:30:40.840-0530: 30706.224: Total time for which application threads were stopped: 0.0000539 seconds
2016-07-06T16:30:40.840-0530: 30706.224: Total time for which application threads were stopped: 0.0000571 seconds
2016-07-06T16:30:40.840-0530: 30706.225: Total time for which application threads were stopped: 0.0000567 seconds
2016-07-06T16:30:40.840-0530: 30706.225: Total time for which application threads were stopped: 0.0000552 seconds
2016-07-06T16:30:40.843-0530: 30706.228: Total time for which application threads were stopped: 0.0001168 seconds
2016-07-06T16:30:40.843-0530: 30706.228: Total time for which application threads were stopped: 0.0000629 seconds
2016-07-06T16:30:40.843-0530: 30706.228: Total time for which application threads were stopped: 0.0000605 seconds
2016-07-06T16:30:40.843-0530: 30706.228: Total time for which application threads were stopped: 0.0000551 seconds
2016-07-06T16:30:40.844-0530: 30706.229: Total time for which application threads were stopped: 0.0001140 seconds
2016-07-06T16:30:40.845-0530: 30706.230: Total time for which application threads were stopped: 0.0001456 seconds
2016-07-06T16:30:40.845-0530: 30706.230: Total time for which application threads were stopped: 0.0000943 seconds
2016-07-06T16:30:40.846-0530: 30706.231: Total time for which application threads were stopped: 0.0002259 seconds
2016-07-06T16:30:40.847-0530: 30706.232: Total time for which application threads were stopped: 0.0001728 seconds
2016-07-06T16:30:40.856-0530: 30706.241: [CMS-concurrent-mark: 0.202/0.721 secs] [Times: user=0.54 sys=0.15, real=0.72 secs] 
2016-07-06T16:30:40.856-0530: 30706.241: [CMS-concurrent-preclean-start]
2016-07-06T16:30:40.861-0530: 30706.245: [CMS-concurrent-preclean: 0.004/0.004 secs] [Times: user=0.01 sys=0.00, real=0.01 secs] 
2016-07-06T16:30:40.861-0530: 30706.246: [CMS-concurrent-abortable-preclean-start]
{Heap before GC invocations=48 (full 37):
 par new generation   total 109248K, used 106071K [0x00000007a0000000, 0x00000007a8000000, 0x00000007a8000000)
  eden space 87424K,  96% used [0x00000007a0000000, 0x00000007a5245df8, 0x00000007a5560000)
  from space 21824K, 100% used [0x00000007a6ab0000, 0x00000007a8000000, 0x00000007a8000000)
  to   space 21824K,   0% used [0x00000007a5560000, 0x00000007a5560000, 0x00000007a6ab0000)
 concurrent mark-sweep generation total 393216K, used 247848K [0x00000007a8000000, 0x00000007c0000000, 0x00000007c0000000)
 Metaspace       used 29341K, capacity 29668K, committed 30080K, reserved 1075200K
  class space    used 3534K, capacity 3641K, committed 3712K, reserved 1048576K
2016-07-06T16:30:41.257-0530: 30706.642: [GC (Allocation Failure) 30706.642: [ParNew2016-07-06T16:30:41.321-0530: 30706.706: [CMS-concurrent-abortable-preclean: 0.049/0.460 secs] [Times: user=0.58 sys=0.03, real=0.46 secs] 

Desired survivor size 20112992 bytes, new threshold 2 (max 8)
- age   1:    7103544 bytes,    7103544 total
- age   2:   15221352 bytes,   22324896 total
: 106071K->21824K(109248K), 0.2844185 secs] 353919K->298507K(502464K), 0.2845108 secs] [Times: user=0.29 sys=0.08, real=0.29 secs] 
Heap after GC invocations=49 (full 37):
 par new generation   total 109248K, used 21824K [0x00000007a0000000, 0x00000007a8000000, 0x00000007a8000000)
  eden space 87424K,   0% used [0x00000007a0000000, 0x00000007a0000000, 0x00000007a5560000)
  from space 21824K, 100% used [0x00000007a5560000, 0x00000007a6ab0000, 0x00000007a6ab0000)
  to   space 21824K,   0% used [0x00000007a6ab0000, 0x00000007a6ab0000, 0x00000007a8000000)
 concurrent mark-sweep generation total 393216K, used 276683K [0x00000007a8000000, 0x00000007c0000000, 0x00000007c0000000)
 Metaspace       used 29341K, capacity 29668K, committed 30080K, reserved 1075200K
  class space    used 3534K, capacity 3641K, committed 3712K, reserved 1048576K
}
2016-07-06T16:30:41.542-0530: 30706.927: Total time for which application threads were stopped: 0.2848145 seconds
2016-07-06T16:30:41.543-0530: 30706.927: [GC (CMS Final Remark) [YG occupancy: 26735 K (109248 K)]{Heap before GC invocations=49 (full 37):
 par new generation   total 109248K, used 26735K [0x00000007a0000000, 0x00000007a8000000, 0x00000007a8000000)
  eden space 87424K,   5% used [0x00000007a0000000, 0x00000007a04cbca8, 0x00000007a5560000)
  from space 21824K, 100% used [0x00000007a5560000, 0x00000007a6ab0000, 0x00000007a6ab0000)
  to   space 21824K,   0% used [0x00000007a6ab0000, 0x00000007a6ab0000, 0x00000007a8000000)
 concurrent mark-sweep generation total 393216K, used 276683K [0x00000007a8000000, 0x00000007c0000000, 0x00000007c0000000)
 Metaspace       used 29341K, capacity 29668K, committed 30080K, reserved 1075200K
  class space    used 3534K, capacity 3641K, committed 3712K, reserved 1048576K
2016-07-06T16:30:41.543-0530: 30706.928: [GC (CMS Final Remark) 30706.928: [ParNew
Desired survivor size 20112992 bytes, new threshold 8 (max 8)
- age   1:    5029032 bytes,    5029032 total
- age   2:    6392672 bytes,   11421704 total
: 26735K->21824K(109248K), 0.0958960 secs] 303418K->314068K(502464K), 0.0959430 secs] [Times: user=0.04 sys=0.06, real=0.09 secs] 
Heap after GC invocations=50 (full 37):
 par new generation   total 109248K, used 21824K [0x00000007a0000000, 0x00000007a8000000, 0x00000007a8000000)
  eden space 87424K,   0% used [0x00000007a0000000, 0x00000007a0000000, 0x00000007a5560000)
  from space 21824K, 100% used [0x00000007a6ab0000, 0x00000007a8000000, 0x00000007a8000000)
  to   space 21824K,   0% used [0x00000007a5560000, 0x00000007a5560000, 0x00000007a6ab0000)
 concurrent mark-sweep generation total 393216K, used 292244K [0x00000007a8000000, 0x00000007c0000000, 0x00000007c0000000)
 Metaspace       used 29341K, capacity 29668K, committed 30080K, reserved 1075200K
  class space    used 3534K, capacity 3641K, committed 3712K, reserved 1048576K
}
30707.024: [Rescan (parallel) , 0.0101764 secs]30707.034: [weak refs processing, 0.0015780 secs]30707.035: [class unloading, 0.1693033 secs]30707.205: [scrub symbol table, 0.0168646 secs]30707.222: [scrub string table, 0.0004154 secs][1 CMS-remark: 292244K(393216K)] 314068K(502464K), 0.2968499 secs] [Times: user=0.10 sys=0.11, real=0.30 secs] 
2016-07-06T16:30:41.840-0530: 30707.224: Total time for which application threads were stopped: 0.2975314 seconds
2016-07-06T16:30:41.840-0530: 30707.224: [CMS-concurrent-sweep-start]
2016-07-06T16:30:42.108-0530: 30707.493: [CMS-concurrent-sweep: 0.269/0.269 secs] [Times: user=0.25 sys=0.07, real=0.26 secs] 
2016-07-06T16:30:42.133-0530: 30707.517: [CMS-concurrent-reset-start]
2016-07-06T16:30:42.135-0530: 30707.520: [CMS-concurrent-reset: 0.002/0.002 secs] [Times: user=0.00 sys=0.00, real=0.00 secs] 
{Heap before GC invocations=50 (full 37):
 par new generation   total 109248K, used 106725K [0x00000007a0000000, 0x00000007a8000000, 0x00000007a8000000)
  eden space 87424K,  97% used [0x00000007a0000000, 0x00000007a52e97e0, 0x00000007a5560000)
  from space 21824K, 100% used [0x00000007a6ab0000, 0x00000007a8000000, 0x00000007a8000000)
  to   space 21824K,   0% used [0x00000007a5560000, 0x00000007a5560000, 0x00000007a6ab0000)
 concurrent mark-sweep generation total 393216K, used 163236K [0x00000007a8000000, 0x00000007c0000000, 0x00000007c0000000)
 Metaspace       used 29341K, capacity 29668K, committed 30080K, reserved 1075200K
  class space    used 3534K, capacity 3641K, committed 3712K, reserved 1048576K
2016-07-06T16:30:42.282-0530: 30707.667: [GC (Allocation Failure) 30707.667: [ParNew
Desired survivor size 20112992 bytes, new threshold 8 (max 8)
- age   1:   16353360 bytes,   16353360 total
- age   3:    3039816 bytes,   19393176 total
: 106725K->20804K(109248K), 0.1356101 secs] 269962K->222166K(502464K), 0.1356713 secs] [Times: user=0.38 sys=0.06, real=0.13 secs] 
Heap after GC invocations=51 (full 37):
 par new generation   total 109248K, used 20804K [0x00000007a0000000, 0x00000007a8000000, 0x00000007a8000000)
  eden space 87424K,   0% used [0x00000007a0000000, 0x00000007a0000000, 0x00000007a5560000)
  from space 21824K,  95% used [0x00000007a5560000, 0x00000007a69b1380, 0x00000007a6ab0000)
  to   space 21824K,   0% used [0x00000007a6ab0000, 0x00000007a6ab0000, 0x00000007a8000000)
 concurrent mark-sweep generation total 393216K, used 201361K [0x00000007a8000000, 0x00000007c0000000, 0x00000007c0000000)
 Metaspace       used 29341K, capacity 29668K, committed 30080K, reserved 1075200K
  class space    used 3534K, capacity 3641K, committed 3712K, reserved 1048576K
}
2016-07-06T16:30:42.418-0530: 30707.803: Total time for which application threads were stopped: 0.1362290 seconds
2016-07-06T16:30:42.419-0530: 30707.804: [GC (CMS Initial Mark) [1 CMS-initial-mark: 201361K(393216K)] 233216K(502464K), 0.0017280 secs] [Times: user=0.00 sys=0.00, real=0.01 secs] 
2016-07-06T16:30:42.421-0530: 30707.806: Total time for which application threads were stopped: 0.0031864 seconds
2016-07-06T16:30:42.421-0530: 30707.806: [CMS-concurrent-mark-start]
2016-07-06T16:30:42.471-0530: 30707.856: [CMS-concurrent-mark: 0.049/0.049 secs] [Times: user=0.18 sys=0.01, real=0.05 secs] 
2016-07-06T16:30:42.471-0530: 30707.856: [CMS-concurrent-preclean-start]
2016-07-06T16:30:42.475-0530: 30707.859: [CMS-concurrent-preclean: 0.004/0.004 secs] [Times: user=0.01 sys=0.00, real=0.00 secs] 
2016-07-06T16:30:42.475-0530: 30707.859: [CMS-concurrent-abortable-preclean-start]
{Heap before GC invocations=51 (full 38):
 par new generation   total 109248K, used 107943K [0x00000007a0000000, 0x00000007a8000000, 0x00000007a8000000)
  eden space 87424K,  99% used [0x00000007a0000000, 0x00000007a5518a88, 0x00000007a5560000)
  from space 21824K,  95% used [0x00000007a5560000, 0x00000007a69b1380, 0x00000007a6ab0000)
  to   space 21824K,   0% used [0x00000007a6ab0000, 0x00000007a6ab0000, 0x00000007a8000000)
 concurrent mark-sweep generation total 393216K, used 201361K [0x00000007a8000000, 0x00000007c0000000, 0x00000007c0000000)
 Metaspace       used 29341K, capacity 29668K, committed 30080K, reserved 1075200K
  class space    used 3534K, capacity 3641K, committed 3712K, reserved 1048576K
2016-07-06T16:30:42.614-0530: 30707.999: [GC (Allocation Failure) 30707.999: [ParNew2016-07-06T16:30:42.655-0530: 30708.040: [CMS-concurrent-abortable-preclean: 0.078/0.180 secs] [Times: user=0.32 sys=0.00, real=0.18 secs] 

Desired survivor size 20112992 bytes, new threshold 8 (max 8)
- age   1:   11059384 bytes,   11059384 total
- age   2:    3152128 bytes,   14211512 total
- age   4:    3039632 bytes,   17251144 total
: 107943K->19517K(109248K), 0.3593778 secs] 309304K->260787K(502464K), 0.3594404 secs] [Times: user=0.78 sys=0.09, real=0.36 secs] 
Heap after GC invocations=52 (full 38):
 par new generation   total 109248K, used 19517K [0x00000007a0000000, 0x00000007a8000000, 0x00000007a8000000)
  eden space 87424K,   0% used [0x00000007a0000000, 0x00000007a0000000, 0x00000007a5560000)
  from space 21824K,  89% used [0x00000007a6ab0000, 0x00000007a7dbf7f0, 0x00000007a8000000)
  to   space 21824K,   0% used [0x00000007a5560000, 0x00000007a5560000, 0x00000007a6ab0000)
 concurrent mark-sweep generation total 393216K, used 241269K [0x00000007a8000000, 0x00000007c0000000, 0x00000007c0000000)
 Metaspace       used 29341K, capacity 29668K, committed 30080K, reserved 1075200K
  class space    used 3534K, capacity 3641K, committed 3712K, reserved 1048576K
}
2016-07-06T16:30:42.974-0530: 30708.359: Total time for which application threads were stopped: 0.3596463 seconds
2016-07-06T16:30:42.977-0530: 30708.362: [GC (CMS Final Remark) [YG occupancy: 37255 K (109248 K)]{Heap before GC invocations=52 (full 38):
 par new generation   total 109248K, used 37255K [0x00000007a0000000, 0x00000007a8000000, 0x00000007a8000000)
  eden space 87424K,  20% used [0x00000007a0000000, 0x00000007a1152480, 0x00000007a5560000)
  from space 21824K,  89% used [0x00000007a6ab0000, 0x00000007a7dbf7f0, 0x00000007a8000000)
  to   space 21824K,   0% used [0x00000007a5560000, 0x00000007a5560000, 0x00000007a6ab0000)
 concurrent mark-sweep generation total 393216K, used 241269K [0x00000007a8000000, 0x00000007c0000000, 0x00000007c0000000)
 Metaspace       used 29341K, capacity 29668K, committed 30080K, reserved 1075200K
  class space    used 3534K, capacity 3641K, committed 3712K, reserved 1048576K
2016-07-06T16:30:42.977-0530: 30708.362: [GC (CMS Final Remark) 30708.362: [ParNew
Desired survivor size 20112992 bytes, new threshold 8 (max 8)
- age   2:   11059384 bytes,   11059384 total
- age   3:    3152128 bytes,   14211512 total
- age   5:    3039584 bytes,   17251096 total
: 37255K->17925K(109248K), 0.2711456 secs] 278524K->276932K(502464K), 0.2712256 secs] [Times: user=0.70 sys=0.05, real=0.27 secs] 
Heap after GC invocations=53 (full 38):
 par new generation   total 109248K, used 17925K [0x00000007a0000000, 0x00000007a8000000, 0x00000007a8000000)
  eden space 87424K,   0% used [0x00000007a0000000, 0x00000007a0000000, 0x00000007a5560000)
  from space 21824K,  82% used [0x00000007a5560000, 0x00000007a66e1778, 0x00000007a6ab0000)
  to   space 21824K,   0% used [0x00000007a6ab0000, 0x00000007a6ab0000, 0x00000007a8000000)
 concurrent mark-sweep generation total 393216K, used 259006K [0x00000007a8000000, 0x00000007c0000000, 0x00000007c0000000)
 Metaspace       used 29341K, capacity 29668K, committed 30080K, reserved 1075200K
  class space    used 3534K, capacity 3641K, committed 3712K, reserved 1048576K
}
30708.633: [Rescan (parallel) , 0.0275228 secs]30708.661: [weak refs processing, 0.0015444 secs]30708.662: [class unloading, 0.0112689 secs]30708.673: [scrub symbol table, 0.0058650 secs]30708.679: [scrub string table, 0.0006233 secs][1 CMS-remark: 259006K(393216K)] 276932K(502464K), 0.3209201 secs] [Times: user=0.82 sys=0.05, real=0.32 secs] 
2016-07-06T16:30:43.298-0530: 30708.683: Total time for which application threads were stopped: 0.3237857 seconds
2016-07-06T16:30:43.298-0530: 30708.683: [CMS-concurrent-sweep-start]
2016-07-06T16:30:43.318-0530: 30708.703: [CMS-concurrent-sweep: 0.020/0.020 secs] [Times: user=0.04 sys=0.00, real=0.02 secs] 
2016-07-06T16:30:43.318-0530: 30708.703: [CMS-concurrent-reset-start]
2016-07-06T16:30:43.319-0530: 30708.704: [CMS-concurrent-reset: 0.001/0.001 secs] [Times: user=0.00 sys=0.00, real=0.00 secs] 
2016-07-06T16:30:45.325-0530: 30710.710: [GC (CMS Initial Mark) [1 CMS-initial-mark: 239594K(393216K)] 276922K(502464K), 0.0041513 secs] [Times: user=0.01 sys=0.00, real=0.00 secs] 
2016-07-06T16:30:45.329-0530: 30710.714: Total time for which application threads were stopped: 0.0090916 seconds
2016-07-06T16:30:45.329-0530: 30710.714: [CMS-concurrent-mark-start]
2016-07-06T16:30:45.390-0530: 30710.774: [CMS-concurrent-mark: 0.061/0.061 secs] [Times: user=0.21 sys=0.00, real=0.07 secs] 
2016-07-06T16:30:45.390-0530: 30710.775: [CMS-concurrent-preclean-start]
2016-07-06T16:30:45.391-0530: 30710.776: [CMS-concurrent-preclean: 0.001/0.001 secs] [Times: user=0.00 sys=0.00, real=0.00 secs] 
2016-07-06T16:30:45.391-0530: 30710.776: [CMS-concurrent-abortable-preclean-start]
{Heap before GC invocations=53 (full 39):
 par new generation   total 109248K, used 105349K [0x00000007a0000000, 0x00000007a8000000, 0x00000007a8000000)
  eden space 87424K, 100% used [0x00000007a0000000, 0x00000007a5560000, 0x00000007a5560000)
  from space 21824K,  82% used [0x00000007a5560000, 0x00000007a66e1778, 0x00000007a6ab0000)
  to   space 21824K,   0% used [0x00000007a6ab0000, 0x00000007a6ab0000, 0x00000007a8000000)
 concurrent mark-sweep generation total 393216K, used 239594K [0x00000007a8000000, 0x00000007c0000000, 0x00000007c0000000)
 Metaspace       used 29341K, capacity 29668K, committed 30080K, reserved 1075200K
  class space    used 3534K, capacity 3641K, committed 3712K, reserved 1048576K
2016-07-06T16:30:47.231-0530: 30712.616: [GC (Allocation Failure) 30712.616: [ParNew
Desired survivor size 20112992 bytes, new threshold 6 (max 8)
- age   1:   13565656 bytes,   13565656 total
- age   3:    1977944 bytes,   15543600 total
- age   4:    3155936 bytes,   18699536 total
- age   6:    3039496 bytes,   21739032 total
: 105349K->21824K(109248K), 0.2080790 secs] 344943K->290118K(502464K), 0.2081454 secs] [Times: user=0.59 sys=0.05, real=0.20 secs] 
Heap after GC invocations=54 (full 39):
 par new generation   total 109248K, used 21824K [0x00000007a0000000, 0x00000007a8000000, 0x00000007a8000000)
  eden space 87424K,   0% used [0x00000007a0000000, 0x00000007a0000000, 0x00000007a5560000)
  from space 21824K, 100% used [0x00000007a6ab0000, 0x00000007a8000000, 0x00000007a8000000)
  to   space 21824K,   0% used [0x00000007a5560000, 0x00000007a5560000, 0x00000007a6ab0000)
 concurrent mark-sweep generation total 393216K, used 268294K [0x00000007a8000000, 0x00000007c0000000, 0x00000007c0000000)
 Metaspace       used 29341K, capacity 29668K, committed 30080K, reserved 1075200K
  class space    used 3534K, capacity 3641K, committed 3712K, reserved 1048576K
}
2016-07-06T16:30:47.439-0530: 30712.824: Total time for which application threads were stopped: 0.2083227 seconds
{Heap before GC invocations=54 (full 39):
 par new generation   total 109248K, used 106239K [0x00000007a0000000, 0x00000007a8000000, 0x00000007a8000000)
  eden space 87424K,  96% used [0x00000007a0000000, 0x00000007a526fc90, 0x00000007a5560000)
  from space 21824K, 100% used [0x00000007a6ab0000, 0x00000007a8000000, 0x00000007a8000000)
  to   space 21824K,   0% used [0x00000007a5560000, 0x00000007a5560000, 0x00000007a6ab0000)
 concurrent mark-sweep generation total 393216K, used 268294K [0x00000007a8000000, 0x00000007c0000000, 0x00000007c0000000)
 Metaspace       used 29341K, capacity 29668K, committed 30080K, reserved 1075200K
  class space    used 3534K, capacity 3641K, committed 3712K, reserved 1048576K
2016-07-06T16:30:47.741-0530: 30713.126: [GC (Allocation Failure) 30713.126: [ParNew (promotion failed): 106239K->106239K(109248K), 0.0947214 secs]30713.220: [CMS2016-07-06T16:30:47.871-0530: 30713.256: [CMS-concurrent-abortable-preclean: 0.838/2.481 secs] [Times: user=4.61 sys=0.12, real=2.48 secs] 
 (concurrent mode failure): 277507K->260137K(393216K), 0.5242558 secs] 374533K->260137K(502464K), [Metaspace: 29341K->29341K(1075200K)], 0.6197706 secs] [Times: user=0.61 sys=0.14, real=0.62 secs] 
Heap after GC invocations=55 (full 40):
 par new generation   total 109248K, used 0K [0x00000007a0000000, 0x00000007a8000000, 0x00000007a8000000)
  eden space 87424K,   0% used [0x00000007a0000000, 0x00000007a0000000, 0x00000007a5560000)
  from space 21824K,   0% used [0x00000007a5560000, 0x00000007a5560000, 0x00000007a6ab0000)
  to   space 21824K,   0% used [0x00000007a6ab0000, 0x00000007a6ab0000, 0x00000007a8000000)
 concurrent mark-sweep generation total 393216K, used 260137K [0x00000007a8000000, 0x00000007c0000000, 0x00000007c0000000)
 Metaspace       used 29341K, capacity 29668K, committed 30080K, reserved 1075200K
  class space    used 3534K, capacity 3641K, committed 3712K, reserved 1048576K
}
2016-07-06T16:30:48.361-0530: 30713.746: Total time for which application threads were stopped: 0.6200631 seconds
2016-07-06T16:30:50.365-0530: 30715.751: [GC (CMS Initial Mark) [1 CMS-initial-mark: 260137K(393216K)] 332785K(502464K), 0.0176676 secs] [Times: user=0.02 sys=0.00, real=0.02 secs] 
2016-07-06T16:30:50.383-0530: 30715.768: Total time for which application threads were stopped: 0.0178542 seconds
2016-07-06T16:30:50.383-0530: 30715.768: [CMS-concurrent-mark-start]
{Heap before GC invocations=55 (full 41):
 par new generation   total 109248K, used 87424K [0x00000007a0000000, 0x00000007a8000000, 0x00000007a8000000)
  eden space 87424K, 100% used [0x00000007a0000000, 0x00000007a5560000, 0x00000007a5560000)
  from space 21824K,   0% used [0x00000007a5560000, 0x00000007a5560000, 0x00000007a6ab0000)
  to   space 21824K,   0% used [0x00000007a6ab0000, 0x00000007a6ab0000, 0x00000007a8000000)
 concurrent mark-sweep generation total 393216K, used 260137K [0x00000007a8000000, 0x00000007c0000000, 0x00000007c0000000)
 Metaspace       used 29341K, capacity 29668K, committed 30080K, reserved 1075200K
  class space    used 3534K, capacity 3641K, committed 3712K, reserved 1048576K
2016-07-06T16:30:50.448-0530: 30715.833: [GC (Allocation Failure) 30715.833: [ParNew
Desired survivor size 20112992 bytes, new threshold 1 (max 8)
- age   1:   22347744 bytes,   22347744 total
: 87424K->21824K(109248K), 0.0488272 secs] 347561K->345176K(502464K), 0.0488954 secs] [Times: user=0.18 sys=0.01, real=0.05 secs] 
Heap after GC invocations=56 (full 41):
 par new generation   total 109248K, used 21824K [0x00000007a0000000, 0x00000007a8000000, 0x00000007a8000000)
  eden space 87424K,   0% used [0x00000007a0000000, 0x00000007a0000000, 0x00000007a5560000)
  from space 21824K, 100% used [0x00000007a6ab0000, 0x00000007a8000000, 0x00000007a8000000)
  to   space 21824K,   0% used [0x00000007a5560000, 0x00000007a5560000, 0x00000007a6ab0000)
 concurrent mark-sweep generation total 393216K, used 323352K [0x00000007a8000000, 0x00000007c0000000, 0x00000007c0000000)
 Metaspace       used 29341K, capacity 29668K, committed 30080K, reserved 1075200K
  class space    used 3534K, capacity 3641K, committed 3712K, reserved 1048576K
}
2016-07-06T16:30:50.497-0530: 30715.882: Total time for which application threads were stopped: 0.0491189 seconds
2016-07-06T16:30:50.539-0530: 30715.924: [CMS-concurrent-mark: 0.107/0.156 secs] [Times: user=0.49 sys=0.01, real=0.15 secs] 
2016-07-06T16:30:50.539-0530: 30715.924: [CMS-concurrent-preclean-start]
2016-07-06T16:30:50.552-0530: 30715.937: [CMS-concurrent-preclean: 0.013/0.013 secs] [Times: user=0.04 sys=0.00, real=0.02 secs] 
2016-07-06T16:30:50.552-0530: 30715.937: [CMS-concurrent-abortable-preclean-start]
{Heap before GC invocations=56 (full 41):
 par new generation   total 109248K, used 109248K [0x00000007a0000000, 0x00000007a8000000, 0x00000007a8000000)
  eden space 87424K, 100% used [0x00000007a0000000, 0x00000007a5560000, 0x00000007a5560000)
  from space 21824K, 100% used [0x00000007a6ab0000, 0x00000007a8000000, 0x00000007a8000000)
  to   space 21824K,   0% used [0x00000007a5560000, 0x00000007a5560000, 0x00000007a6ab0000)
 concurrent mark-sweep generation total 393216K, used 323352K [0x00000007a8000000, 0x00000007c0000000, 0x00000007c0000000)
 Metaspace       used 29341K, capacity 29668K, committed 30080K, reserved 1075200K
  class space    used 3534K, capacity 3641K, committed 3712K, reserved 1048576K
2016-07-06T16:30:50.634-0530: 30716.020: [GC (Allocation Failure) 30716.020: [ParNew: 109248K->109248K(109248K), 0.0000201 secs]30716.020: [CMS2016-07-06T16:30:50.635-0530: 30716.020: [CMS-concurrent-abortable-preclean: 0.025/0.083 secs] [Times: user=0.11 sys=0.00, real=0.08 secs] 
 (concurrent mode failure): 323352K->378906K(393216K), 0.3850053 secs] 432600K->378906K(502464K), [Metaspace: 29341K->29341K(1075200K)], 0.3851077 secs] [Times: user=0.38 sys=0.00, real=0.39 secs] 
Heap after GC invocations=57 (full 42):
 par new generation   total 109248K, used 0K [0x00000007a0000000, 0x00000007a8000000, 0x00000007a8000000)
  eden space 87424K,   0% used [0x00000007a0000000, 0x00000007a0000000, 0x00000007a5560000)
  from space 21824K,   0% used [0x00000007a6ab0000, 0x00000007a6ab0000, 0x00000007a8000000)
  to   space 21824K,   0% used [0x00000007a5560000, 0x00000007a5560000, 0x00000007a6ab0000)
 concurrent mark-sweep generation total 393216K, used 378906K [0x00000007a8000000, 0x00000007c0000000, 0x00000007c0000000)
 Metaspace       used 29341K, capacity 29668K, committed 30080K, reserved 1075200K
  class space    used 3534K, capacity 3641K, committed 3712K, reserved 1048576K
}
2016-07-06T16:30:51.020-0530: 30716.405: Total time for which application threads were stopped: 0.3853875 seconds
{Heap before GC invocations=57 (full 42):
 par new generation   total 109248K, used 87424K [0x00000007a0000000, 0x00000007a8000000, 0x00000007a8000000)
  eden space 87424K, 100% used [0x00000007a0000000, 0x00000007a5560000, 0x00000007a5560000)
  from space 21824K,   0% used [0x00000007a6ab0000, 0x00000007a6ab0000, 0x00000007a8000000)
  to   space 21824K,   0% used [0x00000007a5560000, 0x00000007a5560000, 0x00000007a6ab0000)
 concurrent mark-sweep generation total 393216K, used 378906K [0x00000007a8000000, 0x00000007c0000000, 0x00000007c0000000)
 Metaspace       used 29341K, capacity 29668K, committed 30080K, reserved 1075200K
  class space    used 3534K, capacity 3641K, committed 3712K, reserved 1048576K
2016-07-06T16:30:51.146-0530: 30716.531: [GC (Allocation Failure) 30716.531: [ParNew: 87424K->87424K(109248K), 0.0000228 secs]30716.531: [CMS: 378906K->393215K(393216K), 0.6121638 secs] 466330K->448940K(502464K), [Metaspace: 29341K->29341K(1075200K)], 0.6122766 secs] [Times: user=0.56 sys=0.02, real=0.61 secs] 
Heap after GC invocations=58 (full 43):
 par new generation   total 109248K, used 55724K [0x00000007a0000000, 0x00000007a8000000, 0x00000007a8000000)
  eden space 87424K,  63% used [0x00000007a0000000, 0x00000007a366b180, 0x00000007a5560000)
  from space 21824K,   0% used [0x00000007a6ab0000, 0x00000007a6ab0000, 0x00000007a8000000)
  to   space 21824K,   0% used [0x00000007a5560000, 0x00000007a5560000, 0x00000007a6ab0000)
 concurrent mark-sweep generation total 393216K, used 393215K [0x00000007a8000000, 0x00000007c0000000, 0x00000007c0000000)
 Metaspace       used 29341K, capacity 29668K, committed 30080K, reserved 1075200K
  class space    used 3534K, capacity 3641K, committed 3712K, reserved 1048576K
}
2016-07-06T16:30:51.758-0530: 30717.143: Total time for which application threads were stopped: 0.6124748 seconds
2016-07-06T16:30:51.758-0530: 30717.144: [GC (CMS Initial Mark) [1 CMS-initial-mark: 393215K(393216K)] 450674K(502464K), 0.0359196 secs] [Times: user=0.03 sys=0.00, real=0.04 secs] 
2016-07-06T16:30:51.794-0530: 30717.179: Total time for which application threads were stopped: 0.0360963 seconds
2016-07-06T16:30:51.794-0530: 30717.180: [CMS-concurrent-mark-start]
2016-07-06T16:30:51.929-0530: 30717.314: [CMS-concurrent-mark: 0.135/0.135 secs] [Times: user=0.48 sys=0.01, real=0.13 secs] 
2016-07-06T16:30:51.929-0530: 30717.314: [CMS-concurrent-preclean-start]
{Heap before GC invocations=58 (full 44):
 par new generation   total 109248K, used 109247K [0x00000007a0000000, 0x00000007a8000000, 0x00000007a8000000)
  eden space 87424K, 100% used [0x00000007a0000000, 0x00000007a5560000, 0x00000007a5560000)
  from space 21824K,  99% used [0x00000007a6ab0000, 0x00000007a7ffffd8, 0x00000007a8000000)
  to   space 21824K,   0% used [0x00000007a5560000, 0x00000007a5560000, 0x00000007a6ab0000)
 concurrent mark-sweep generation total 393216K, used 393215K [0x00000007a8000000, 0x00000007c0000000, 0x00000007c0000000)
 Metaspace       used 29341K, capacity 29668K, committed 30080K, reserved 1075200K
  class space    used 3534K, capacity 3641K, committed 3712K, reserved 1048576K
2016-07-06T16:30:52.010-0530: 30717.395: [Full GC (Allocation Failure) 30717.395: [CMS2016-07-06T16:30:52.072-0530: 30717.457: [CMS-concurrent-preclean: 0.142/0.143 secs] [Times: user=0.22 sys=0.00, real=0.15 secs] 
 (concurrent mode failure): 393215K->393215K(393216K), 0.6190753 secs] 502463K->490294K(502464K), [Metaspace: 29341K->29341K(1075200K)], 0.6191955 secs] [Times: user=0.58 sys=0.00, real=0.61 secs] 
Heap after GC invocations=59 (full 45):
 par new generation   total 109248K, used 97078K [0x00000007a0000000, 0x00000007a8000000, 0x00000007a8000000)
  eden space 87424K,  95% used [0x00000007a0000000, 0x00000007a51cac70, 0x00000007a5560000)
  from space 21824K,  61% used [0x00000007a6ab0000, 0x00000007a77b2e30, 0x00000007a8000000)
  to   space 21824K,   0% used [0x00000007a5560000, 0x00000007a5560000, 0x00000007a6ab0000)
 concurrent mark-sweep generation total 393216K, used 393215K [0x00000007a8000000, 0x00000007c0000000, 0x00000007c0000000)
 Metaspace       used 29341K, capacity 29668K, committed 30080K, reserved 1075200K
  class space    used 3534K, capacity 3641K, committed 3712K, reserved 1048576K
}
2016-07-06T16:30:52.629-0530: 30718.014: Total time for which application threads were stopped: 0.6194768 seconds
{Heap before GC invocations=59 (full 45):
 par new generation   total 109248K, used 109247K [0x00000007a0000000, 0x00000007a8000000, 0x00000007a8000000)
  eden space 87424K, 100% used [0x00000007a0000000, 0x00000007a5560000, 0x00000007a5560000)
  from space 21824K,  99% used [0x00000007a6ab0000, 0x00000007a7fffff0, 0x00000007a8000000)
  to   space 21824K,   0% used [0x00000007a5560000, 0x00000007a5560000, 0x00000007a6ab0000)
 concurrent mark-sweep generation total 393216K, used 393215K [0x00000007a8000000, 0x00000007c0000000, 0x00000007c0000000)
 Metaspace       used 29341K, capacity 29668K, committed 30080K, reserved 1075200K
  class space    used 3534K, capacity 3641K, committed 3712K, reserved 1048576K
2016-07-06T16:30:52.682-0530: 30718.067: [Full GC (Allocation Failure) 30718.067: [CMS: 393215K->393215K(393216K), 0.5271037 secs] 502463K->500330K(502464K), [Metaspace: 29341K->29341K(1075200K)], 0.5271855 secs] [Times: user=0.51 sys=0.01, real=0.52 secs] 
Heap after GC invocations=60 (full 46):
 par new generation   total 109248K, used 107114K [0x00000007a0000000, 0x00000007a8000000, 0x00000007a8000000)
  eden space 87424K,  99% used [0x00000007a0000000, 0x00000007a54afc40, 0x00000007a5560000)
  from space 21824K,  93% used [0x00000007a6ab0000, 0x00000007a7e9ac88, 0x00000007a8000000)
  to   space 21824K,   0% used [0x00000007a5560000, 0x00000007a5560000, 0x00000007a6ab0000)
 concurrent mark-sweep generation total 393216K, used 393215K [0x00000007a8000000, 0x00000007c0000000, 0x00000007c0000000)
 Metaspace       used 29341K, capacity 29668K, committed 30080K, reserved 1075200K
  class space    used 3534K, capacity 3641K, committed 3712K, reserved 1048576K
}
2016-07-06T16:30:53.209-0530: 30718.594: Total time for which application threads were stopped: 0.5273870 seconds
2016-07-06T16:30:53.209-0530: 30718.595: [GC (CMS Initial Mark) [1 CMS-initial-mark: 393215K(393216K)] 501035K(502464K), 0.0489262 secs] [Times: user=0.07 sys=0.00, real=0.04 secs] 
2016-07-06T16:30:53.258-0530: 30718.644: Total time for which application threads were stopped: 0.0491321 seconds
2016-07-06T16:30:53.259-0530: 30718.644: [CMS-concurrent-mark-start]
{Heap before GC invocations=60 (full 47):
 par new generation   total 109248K, used 109247K [0x00000007a0000000, 0x00000007a8000000, 0x00000007a8000000)
  eden space 87424K, 100% used [0x00000007a0000000, 0x00000007a5560000, 0x00000007a5560000)
  from space 21824K,  99% used [0x00000007a6ab0000, 0x00000007a7fffff8, 0x00000007a8000000)
  to   space 21824K,   0% used [0x00000007a5560000, 0x00000007a5560000, 0x00000007a6ab0000)
 concurrent mark-sweep generation total 393216K, used 393216K [0x00000007a8000000, 0x00000007c0000000, 0x00000007c0000000)
 Metaspace       used 29341K, capacity 29668K, committed 30080K, reserved 1075200K
  class space    used 3534K, capacity 3641K, committed 3712K, reserved 1048576K
2016-07-06T16:30:53.279-0530: 30718.664: [Full GC (Allocation Failure) 30718.664: [CMS2016-07-06T16:30:53.386-0530: 30718.771: [CMS-concurrent-mark: 0.126/0.127 secs] [Times: user=0.41 sys=0.00, real=0.13 secs] 
 (concurrent mode failure): 393216K->393216K(393216K), 0.6158805 secs] 502463K->502104K(502464K), [Metaspace: 29341K->29341K(1075200K)], 0.6159715 secs] [Times: user=0.85 sys=0.00, real=0.62 secs] 
Heap after GC invocations=61 (full 48):
 par new generation   total 109248K, used 108888K [0x00000007a0000000, 0x00000007a8000000, 0x00000007a8000000)
  eden space 87424K,  99% used [0x00000007a0000000, 0x00000007a55462c0, 0x00000007a5560000)
  from space 21824K,  98% used [0x00000007a6ab0000, 0x00000007a7fbff70, 0x00000007a8000000)
  to   space 21824K,   0% used [0x00000007a5560000, 0x00000007a5560000, 0x00000007a6ab0000)
 concurrent mark-sweep generation total 393216K, used 393216K [0x00000007a8000000, 0x00000007c0000000, 0x00000007c0000000)
 Metaspace       used 29341K, capacity 29668K, committed 30080K, reserved 1075200K
  class space    used 3534K, capacity 3641K, committed 3712K, reserved 1048576K
}
2016-07-06T16:30:53.895-0530: 30719.280: Total time for which application threads were stopped: 0.6162391 seconds
{Heap before GC invocations=61 (full 48):
 par new generation   total 109248K, used 109247K [0x00000007a0000000, 0x00000007a8000000, 0x00000007a8000000)
  eden space 87424K, 100% used [0x00000007a0000000, 0x00000007a5560000, 0x00000007a5560000)
  from space 21824K,  99% used [0x00000007a6ab0000, 0x00000007a7ffffd8, 0x00000007a8000000)
  to   space 21824K,   0% used [0x00000007a5560000, 0x00000007a5560000, 0x00000007a6ab0000)
 concurrent mark-sweep generation total 393216K, used 393216K [0x00000007a8000000, 0x00000007c0000000, 0x00000007c0000000)
 Metaspace       used 29341K, capacity 29668K, committed 30080K, reserved 1075200K
  class space    used 3534K, capacity 3641K, committed 3712K, reserved 1048576K
2016-07-06T16:30:53.897-0530: 30719.282: [Full GC (Allocation Failure) 30719.282: [CMS: 393216K->393216K(393216K), 0.5248161 secs] 502463K->502403K(502464K), [Metaspace: 29341K->29341K(1075200K)], 0.5248871 secs] [Times: user=0.50 sys=0.01, real=0.53 secs] 
Heap after GC invocations=62 (full 49):
 par new generation   total 109248K, used 109187K [0x00000007a0000000, 0x00000007a8000000, 0x00000007a8000000)
  eden space 87424K,  99% used [0x00000007a0000000, 0x00000007a555c068, 0x00000007a5560000)
  from space 21824K,  99% used [0x00000007a6ab0000, 0x00000007a7ff4e98, 0x00000007a8000000)
  to   space 21824K,   0% used [0x00000007a5560000, 0x00000007a5560000, 0x00000007a6ab0000)
 concurrent mark-sweep generation total 393216K, used 393216K [0x00000007a8000000, 0x00000007c0000000, 0x00000007c0000000)
 Metaspace       used 29341K, capacity 29668K, committed 30080K, reserved 1075200K
  class space    used 3534K, capacity 3641K, committed 3712K, reserved 1048576K
}
2016-07-06T16:30:54.421-0530: 30719.807: Total time for which application threads were stopped: 0.5250591 seconds
2016-07-06T16:30:54.422-0530: 30719.807: [GC (CMS Initial Mark) [1 CMS-initial-mark: 393216K(393216K)] 502419K(502464K), 0.0431732 secs] [Times: user=0.07 sys=0.00, real=0.04 secs] 
2016-07-06T16:30:54.465-0530: 30719.850: Total time for which application threads were stopped: 0.0433905 seconds
2016-07-06T16:30:54.465-0530: 30719.850: [CMS-concurrent-mark-start]
{Heap before GC invocations=62 (full 50):
 par new generation   total 109248K, used 109247K [0x00000007a0000000, 0x00000007a8000000, 0x00000007a8000000)
  eden space 87424K, 100% used [0x00000007a0000000, 0x00000007a5560000, 0x00000007a5560000)
  from space 21824K,  99% used [0x00000007a6ab0000, 0x00000007a7fffff0, 0x00000007a8000000)
  to   space 21824K,   0% used [0x00000007a5560000, 0x00000007a5560000, 0x00000007a6ab0000)
 concurrent mark-sweep generation total 393216K, used 393216K [0x00000007a8000000, 0x00000007c0000000, 0x00000007c0000000)
 Metaspace       used 29341K, capacity 29668K, committed 30080K, reserved 1075200K
  class space    used 3534K, capacity 3641K, committed 3712K, reserved 1048576K
2016-07-06T16:30:54.466-0530: 30719.852: [Full GC (Allocation Failure) 30719.852: [CMS2016-07-06T16:30:54.570-0530: 30719.955: [CMS-concurrent-mark: 0.104/0.105 secs] [Times: user=0.38 sys=0.00, real=0.11 secs] 
 (concurrent mode failure): 393216K->393216K(393216K), 0.6198227 secs] 502463K->502451K(502464K), [Metaspace: 29341K->29341K(1075200K)], 0.6199358 secs] [Times: user=0.87 sys=0.01, real=0.62 secs] 
Heap after GC invocations=63 (full 51):
 par new generation   total 109248K, used 109235K [0x00000007a0000000, 0x00000007a8000000, 0x00000007a8000000)
  eden space 87424K,  99% used [0x00000007a0000000, 0x00000007a555f230, 0x00000007a5560000)
  from space 21824K,  99% used [0x00000007a6ab0000, 0x00000007a7ffdb98, 0x00000007a8000000)
  to   space 21824K,   0% used [0x00000007a5560000, 0x00000007a5560000, 0x00000007a6ab0000)
 concurrent mark-sweep generation total 393216K, used 393216K [0x00000007a8000000, 0x00000007c0000000, 0x00000007c0000000)
 Metaspace       used 29341K, capacity 29668K, committed 30080K, reserved 1075200K
  class space    used 3534K, capacity 3641K, committed 3712K, reserved 1048576K
}
2016-07-06T16:30:55.086-0530: 30720.472: Total time for which application threads were stopped: 0.6201638 seconds
{Heap before GC invocations=63 (full 51):
 par new generation   total 109248K, used 109247K [0x00000007a0000000, 0x00000007a8000000, 0x00000007a8000000)
  eden space 87424K, 100% used [0x00000007a0000000, 0x00000007a5560000, 0x00000007a5560000)
  from space 21824K,  99% used [0x00000007a6ab0000, 0x00000007a7ffffd0, 0x00000007a8000000)
  to   space 21824K,   0% used [0x00000007a5560000, 0x00000007a5560000, 0x00000007a6ab0000)
 concurrent mark-sweep generation total 393216K, used 393216K [0x00000007a8000000, 0x00000007c0000000, 0x00000007c0000000)
 Metaspace       used 29341K, capacity 29668K, committed 30080K, reserved 1075200K
  class space    used 3534K, capacity 3641K, committed 3712K, reserved 1048576K
2016-07-06T16:30:55.087-0530: 30720.472: [Full GC (Allocation Failure) 30720.472: [CMS: 393216K->393216K(393216K), 0.5093678 secs] 502463K->502462K(502464K), [Metaspace: 29341K->29341K(1075200K)], 0.5094435 secs] [Times: user=0.51 sys=0.00, real=0.51 secs] 
Heap after GC invocations=64 (full 52):
 par new generation   total 109248K, used 109246K [0x00000007a0000000, 0x00000007a8000000, 0x00000007a8000000)
  eden space 87424K,  99% used [0x00000007a0000000, 0x00000007a555fcc0, 0x00000007a5560000)
  from space 21824K,  99% used [0x00000007a6ab0000, 0x00000007a7fffc00, 0x00000007a8000000)
  to   space 21824K,   0% used [0x00000007a5560000, 0x00000007a5560000, 0x00000007a6ab0000)
 concurrent mark-sweep generation total 393216K, used 393216K [0x00000007a8000000, 0x00000007c0000000, 0x00000007c0000000)
 Metaspace       used 29341K, capacity 29668K, committed 30080K, reserved 1075200K
  class space    used 3534K, capacity 3641K, committed 3712K, reserved 1048576K
}
2016-07-06T16:30:55.596-0530: 30720.981: Total time for which application threads were stopped: 0.5097496 seconds
2016-07-06T16:30:55.596-0530: 30720.982: [GC (CMS Initial Mark) [1 CMS-initial-mark: 393216K(393216K)] 502463K(502464K), 0.0467013 secs] [Times: user=0.06 sys=0.00, real=0.05 secs] 
2016-07-06T16:30:55.643-0530: 30721.029: Total time for which application threads were stopped: 0.0469476 seconds
2016-07-06T16:30:55.643-0530: 30721.029: [CMS-concurrent-mark-start]
{Heap before GC invocations=64 (full 53):
 par new generation   total 109248K, used 109247K [0x00000007a0000000, 0x00000007a8000000, 0x00000007a8000000)
  eden space 87424K, 100% used [0x00000007a0000000, 0x00000007a5560000, 0x00000007a5560000)
  from space 21824K,  99% used [0x00000007a6ab0000, 0x00000007a7fffff0, 0x00000007a8000000)
  to   space 21824K,   0% used [0x00000007a5560000, 0x00000007a5560000, 0x00000007a6ab0000)
 concurrent mark-sweep generation total 393216K, used 393216K [0x00000007a8000000, 0x00000007c0000000, 0x00000007c0000000)
 Metaspace       used 29341K, capacity 29668K, committed 30080K, reserved 1075200K
  class space    used 3534K, capacity 3641K, committed 3712K, reserved 1048576K
2016-07-06T16:30:55.644-0530: 30721.029: [Full GC (Allocation Failure) 30721.029: [CMS2016-07-06T16:30:55.748-0530: 30721.133: [CMS-concurrent-mark: 0.103/0.105 secs] [Times: user=0.37 sys=0.00, real=0.10 secs] 
 (concurrent mode failure): 393216K->393216K(393216K), 0.6101146 secs] 502463K->502463K(502464K), [Metaspace: 29341K->29341K(1075200K)], 0.6102047 secs] [Times: user=0.87 sys=0.01, real=0.61 secs] 
Heap after GC invocations=65 (full 54):
 par new generation   total 109248K, used 109247K [0x00000007a0000000, 0x00000007a8000000, 0x00000007a8000000)
  eden space 87424K,  99% used [0x00000007a0000000, 0x00000007a555ffc8, 0x00000007a5560000)
  from space 21824K,  99% used [0x00000007a6ab0000, 0x00000007a7ffff78, 0x00000007a8000000)
  to   space 21824K,   0% used [0x00000007a5560000, 0x00000007a5560000, 0x00000007a6ab0000)
 concurrent mark-sweep generation total 393216K, used 393216K [0x00000007a8000000, 0x00000007c0000000, 0x00000007c0000000)
 Metaspace       used 29341K, capacity 29668K, committed 30080K, reserved 1075200K
  class space    used 3534K, capacity 3641K, committed 3712K, reserved 1048576K
}
2016-07-06T16:30:56.254-0530: 30721.639: Total time for which application threads were stopped: 0.6103859 seconds
{Heap before GC invocations=65 (full 54):
 par new generation   total 109248K, used 109247K [0x00000007a0000000, 0x00000007a8000000, 0x00000007a8000000)
  eden space 87424K, 100% used [0x00000007a0000000, 0x00000007a5560000, 0x00000007a5560000)
  from space 21824K,  99% used [0x00000007a6ab0000, 0x00000007a7fffff8, 0x00000007a8000000)
  to   space 21824K,   0% used [0x00000007a5560000, 0x00000007a5560000, 0x00000007a6ab0000)
 concurrent mark-sweep generation total 393216K, used 393216K [0x00000007a8000000, 0x00000007c0000000, 0x00000007c0000000)
 Metaspace       used 29341K, capacity 29668K, committed 30080K, reserved 1075200K
  class space    used 3534K, capacity 3641K, committed 3712K, reserved 1048576K
2016-07-06T16:30:56.254-0530: 30721.639: [Full GC (Allocation Failure) 30721.639: [CMS: 393216K->393215K(393216K), 0.5696649 secs] 502463K->502463K(502464K), [Metaspace: 29341K->29341K(1075200K)], 0.5697318 secs] [Times: user=0.57 sys=0.00, real=0.57 secs] 
Heap after GC invocations=66 (full 55):
 par new generation   total 109248K, used 109247K [0x00000007a0000000, 0x00000007a8000000, 0x00000007a8000000)
  eden space 87424K,  99% used [0x00000007a0000000, 0x00000007a555ffe0, 0x00000007a5560000)
  from space 21824K,  99% used [0x00000007a6ab0000, 0x00000007a7fffff8, 0x00000007a8000000)
  to   space 21824K,   0% used [0x00000007a5560000, 0x00000007a5560000, 0x00000007a6ab0000)
 concurrent mark-sweep generation total 393216K, used 393215K [0x00000007a8000000, 0x00000007c0000000, 0x00000007c0000000)
 Metaspace       used 29341K, capacity 29668K, committed 30080K, reserved 1075200K
  class space    used 3534K, capacity 3641K, committed 3712K, reserved 1048576K
}
{Heap before GC invocations=66 (full 55):
 par new generation   total 109248K, used 109247K [0x00000007a0000000, 0x00000007a8000000, 0x00000007a8000000)
  eden space 87424K,  99% used [0x00000007a0000000, 0x00000007a555ffe0, 0x00000007a5560000)
  from space 21824K,  99% used [0x00000007a6ab0000, 0x00000007a7fffff8, 0x00000007a8000000)
  to   space 21824K,   0% used [0x00000007a5560000, 0x00000007a5560000, 0x00000007a6ab0000)
 concurrent mark-sweep generation total 393216K, used 393215K [0x00000007a8000000, 0x00000007c0000000, 0x00000007c0000000)
 Metaspace       used 29341K, capacity 29668K, committed 30080K, reserved 1075200K
  class space    used 3534K, capacity 3641K, committed 3712K, reserved 1048576K
2016-07-06T16:30:56.824-0530: 30722.209: [Full GC (Allocation Failure) 30722.209: [CMS: 393215K->393215K(393216K), 0.5042968 secs] 502463K->502463K(502464K), [Metaspace: 29341K->29341K(1075200K)], 0.5043612 secs] [Times: user=0.50 sys=0.00, real=0.50 secs] 
Heap after GC invocations=67 (full 56):
 par new generation   total 109248K, used 109247K [0x00000007a0000000, 0x00000007a8000000, 0x00000007a8000000)
  eden space 87424K,  99% used [0x00000007a0000000, 0x00000007a555ffe0, 0x00000007a5560000)
  from space 21824K,  99% used [0x00000007a6ab0000, 0x00000007a7fffff8, 0x00000007a8000000)
  to   space 21824K,   0% used [0x00000007a5560000, 0x00000007a5560000, 0x00000007a6ab0000)
 concurrent mark-sweep generation total 393216K, used 393215K [0x00000007a8000000, 0x00000007c0000000, 0x00000007c0000000)
 Metaspace       used 29341K, capacity 29668K, committed 30080K, reserved 1075200K
  class space    used 3534K, capacity 3641K, committed 3712K, reserved 1048576K
}
2016-07-06T16:30:57.328-0530: 30722.714: Total time for which application threads were stopped: 1.0744022 seconds
2016-07-06T16:30:57.371-0530: 30722.756: [GC (CMS Initial Mark) [1 CMS-initial-mark: 393215K(393216K)] 502463K(502464K), 0.0475659 secs] [Times: user=0.07 sys=0.00, real=0.04 secs] 
2016-07-06T16:30:57.419-0530: 30722.804: Total time for which application threads were stopped: 0.0904167 seconds
2016-07-06T16:30:57.419-0530: 30722.804: [CMS-concurrent-mark-start]
{Heap before GC invocations=67 (full 57):
 par new generation   total 109248K, used 109247K [0x00000007a0000000, 0x00000007a8000000, 0x00000007a8000000)
  eden space 87424K,  99% used [0x00000007a0000000, 0x00000007a555fff8, 0x00000007a5560000)
  from space 21824K,  99% used [0x00000007a6ab0000, 0x00000007a7fffff8, 0x00000007a8000000)
  to   space 21824K,   0% used [0x00000007a5560000, 0x00000007a5560000, 0x00000007a6ab0000)
 concurrent mark-sweep generation total 393216K, used 393215K [0x00000007a8000000, 0x00000007c0000000, 0x00000007c0000000)
 Metaspace       used 29341K, capacity 29668K, committed 30080K, reserved 1075200K
  class space    used 3534K, capacity 3641K, committed 3712K, reserved 1048576K
2016-07-06T16:30:57.435-0530: 30722.820: [Full GC (Allocation Failure) 30722.820: [CMS2016-07-06T16:30:57.544-0530: 30722.929: [CMS-concurrent-mark: 0.109/0.125 secs] [Times: user=0.39 sys=0.00, real=0.13 secs] 
 (concurrent mode failure): 393215K->393215K(393216K), 0.7387876 secs] 502463K->502463K(502464K), [Metaspace: 29341K->29341K(1075200K)], 0.7392358 secs] [Times: user=0.99 sys=0.00, real=0.74 secs] 
Heap after GC invocations=68 (full 58):
 par new generation   total 109248K, used 109247K [0x00000007a0000000, 0x00000007a8000000, 0x00000007a8000000)
  eden space 87424K,  99% used [0x00000007a0000000, 0x00000007a555fff8, 0x00000007a5560000)
  from space 21824K,  99% used [0x00000007a6ab0000, 0x00000007a7fffff8, 0x00000007a8000000)
  to   space 21824K,   0% used [0x00000007a5560000, 0x00000007a5560000, 0x00000007a6ab0000)
 concurrent mark-sweep generation total 393216K, used 393215K [0x00000007a8000000, 0x00000007c0000000, 0x00000007c0000000)
 Metaspace       used 29341K, capacity 29668K, committed 30080K, reserved 1075200K
  class space    used 3534K, capacity 3641K, committed 3712K, reserved 1048576K
}
{Heap before GC invocations=68 (full 58):
 par new generation   total 109248K, used 109247K [0x00000007a0000000, 0x00000007a8000000, 0x00000007a8000000)
  eden space 87424K,  99% used [0x00000007a0000000, 0x00000007a555fff8, 0x00000007a5560000)
  from space 21824K,  99% used [0x00000007a6ab0000, 0x00000007a7fffff8, 0x00000007a8000000)
  to   space 21824K,   0% used [0x00000007a5560000, 0x00000007a5560000, 0x00000007a6ab0000)
 concurrent mark-sweep generation total 393216K, used 393215K [0x00000007a8000000, 0x00000007c0000000, 0x00000007c0000000)
 Metaspace       used 29341K, capacity 29668K, committed 30080K, reserved 1075200K
  class space    used 3534K, capacity 3641K, committed 3712K, reserved 1048576K
2016-07-06T16:30:58.174-0530: 30723.560: [Full GC (Allocation Failure) 30723.560: [CMS: 393215K->393215K(393216K), 0.5069635 secs] 502463K->502463K(502464K), [Metaspace: 29341K->29341K(1075200K)], 0.5070219 secs] [Times: user=0.49 sys=0.01, real=0.51 secs] 
Heap after GC invocations=69 (full 59):
 par new generation   total 109248K, used 109247K [0x00000007a0000000, 0x00000007a8000000, 0x00000007a8000000)
  eden space 87424K,  99% used [0x00000007a0000000, 0x00000007a555fff8, 0x00000007a5560000)
  from space 21824K,  99% used [0x00000007a6ab0000, 0x00000007a7fffff8, 0x00000007a8000000)
  to   space 21824K,   0% used [0x00000007a5560000, 0x00000007a5560000, 0x00000007a6ab0000)
 concurrent mark-sweep generation total 393216K, used 393215K [0x00000007a8000000, 0x00000007c0000000, 0x00000007c0000000)
 Metaspace       used 29341K, capacity 29668K, committed 30080K, reserved 1075200K
  class space    used 3534K, capacity 3641K, committed 3712K, reserved 1048576K
}
2016-07-06T16:30:58.681-0530: 30724.067: Total time for which application threads were stopped: 1.2625658 seconds
{Heap before GC invocations=69 (full 59):
 par new generation   total 109248K, used 109247K [0x00000007a0000000, 0x00000007a8000000, 0x00000007a8000000)
  eden space 87424K,  99% used [0x00000007a0000000, 0x00000007a555fff8, 0x00000007a5560000)
  from space 21824K,  99% used [0x00000007a6ab0000, 0x00000007a7fffff8, 0x00000007a8000000)
  to   space 21824K,   0% used [0x00000007a5560000, 0x00000007a5560000, 0x00000007a6ab0000)
 concurrent mark-sweep generation total 393216K, used 393215K [0x00000007a8000000, 0x00000007c0000000, 0x00000007c0000000)
 Metaspace       used 29341K, capacity 29668K, committed 30080K, reserved 1075200K
  class space    used 3534K, capacity 3641K, committed 3712K, reserved 1048576K
2016-07-06T16:30:58.682-0530: 30724.067: [Full GC (Allocation Failure) 30724.067: [CMS: 393215K->393215K(393216K), 0.5260666 secs] 502463K->502463K(502464K), [Metaspace: 29341K->29341K(1075200K)], 0.5261466 secs] [Times: user=0.52 sys=0.00, real=0.52 secs] 
Heap after GC invocations=70 (full 60):
 par new generation   total 109248K, used 109247K [0x00000007a0000000, 0x00000007a8000000, 0x00000007a8000000)
  eden space 87424K,  99% used [0x00000007a0000000, 0x00000007a555ffd8, 0x00000007a5560000)
  from space 21824K,  99% used [0x00000007a6ab0000, 0x00000007a7fffff8, 0x00000007a8000000)
  to   space 21824K,   0% used [0x00000007a5560000, 0x00000007a5560000, 0x00000007a6ab0000)
 concurrent mark-sweep generation total 393216K, used 393215K [0x00000007a8000000, 0x00000007c0000000, 0x00000007c0000000)
 Metaspace       used 29341K, capacity 29668K, committed 30080K, reserved 1075200K
  class space    used 3534K, capacity 3641K, committed 3712K, reserved 1048576K
}
{Heap before GC invocations=70 (full 60):
 par new generation   total 109248K, used 109247K [0x00000007a0000000, 0x00000007a8000000, 0x00000007a8000000)
  eden space 87424K,  99% used [0x00000007a0000000, 0x00000007a555ffd8, 0x00000007a5560000)
  from space 21824K,  99% used [0x00000007a6ab0000, 0x00000007a7fffff8, 0x00000007a8000000)
  to   space 21824K,   0% used [0x00000007a5560000, 0x00000007a5560000, 0x00000007a6ab0000)
 concurrent mark-sweep generation total 393216K, used 393215K [0x00000007a8000000, 0x00000007c0000000, 0x00000007c0000000)
 Metaspace       used 29341K, capacity 29668K, committed 30080K, reserved 1075200K
  class space    used 3534K, capacity 3641K, committed 3712K, reserved 1048576K
2016-07-06T16:30:59.208-0530: 30724.593: [Full GC (Allocation Failure) 30724.593: [CMS: 393215K->393215K(393216K), 0.4991742 secs] 502463K->502463K(502464K), [Metaspace: 29341K->29341K(1075200K)], 0.4992379 secs] [Times: user=0.50 sys=0.01, real=0.50 secs] 
Heap after GC invocations=71 (full 61):
 par new generation   total 109248K, used 109247K [0x00000007a0000000, 0x00000007a8000000, 0x00000007a8000000)
  eden space 87424K,  99% used [0x00000007a0000000, 0x00000007a555ffd8, 0x00000007a5560000)
  from space 21824K,  99% used [0x00000007a6ab0000, 0x00000007a7fffff8, 0x00000007a8000000)
  to   space 21824K,   0% used [0x00000007a5560000, 0x00000007a5560000, 0x00000007a6ab0000)
 concurrent mark-sweep generation total 393216K, used 393215K [0x00000007a8000000, 0x00000007c0000000, 0x00000007c0000000)
 Metaspace       used 29341K, capacity 29668K, committed 30080K, reserved 1075200K
  class space    used 3534K, capacity 3641K, committed 3712K, reserved 1048576K
}
2016-07-06T16:30:59.707-0530: 30725.093: Total time for which application threads were stopped: 1.0256974 seconds
2016-07-06T16:30:59.707-0530: 30725.093: [GC (CMS Initial Mark) [1 CMS-initial-mark: 393215K(393216K)] 502463K(502464K), 0.0458328 secs] [Times: user=0.06 sys=0.00, real=0.05 secs] 
2016-07-06T16:30:59.753-0530: 30725.139: Total time for which application threads were stopped: 0.0460558 seconds
2016-07-06T16:30:59.753-0530: 30725.139: [CMS-concurrent-mark-start]
{Heap before GC invocations=71 (full 62):
 par new generation   total 109248K, used 109247K [0x00000007a0000000, 0x00000007a8000000, 0x00000007a8000000)
  eden space 87424K,  99% used [0x00000007a0000000, 0x00000007a555fff8, 0x00000007a5560000)
  from space 21824K,  99% used [0x00000007a6ab0000, 0x00000007a7fffff8, 0x00000007a8000000)
  to   space 21824K,   0% used [0x00000007a5560000, 0x00000007a5560000, 0x00000007a6ab0000)
 concurrent mark-sweep generation total 393216K, used 393215K [0x00000007a8000000, 0x00000007c0000000, 0x00000007c0000000)
 Metaspace       used 29341K, capacity 29668K, committed 30080K, reserved 1075200K
  class space    used 3534K, capacity 3641K, committed 3712K, reserved 1048576K
2016-07-06T16:30:59.754-0530: 30725.139: [Full GC (Allocation Failure) 30725.139: [CMS2016-07-06T16:30:59.860-0530: 30725.246: [CMS-concurrent-mark: 0.106/0.107 secs] [Times: user=0.38 sys=0.00, real=0.11 secs] 
 (concurrent mode failure): 393215K->141870K(393216K), 0.2726553 secs] 502463K->141870K(502464K), [Metaspace: 29341K->29341K(1075200K)], 0.2727229 secs] [Times: user=0.54 sys=0.00, real=0.27 secs] 
