Java HotSpot(TM) 64-Bit Server VM (25.31-b07) for bsd-amd64 JRE (1.8.0_31-b13), built on Dec 17 2014 20:45:36 by "java_re" with gcc 4.2.1 (Based on Apple Inc. build 5658) (LLVM build 2336.11.00)
Memory: 4k page, physical 4194304k(378520k free)

/proc/meminfo:

CommandLine flags: -XX:CMSInitiatingOccupancyFraction=50 -XX:CMSMaxAbortablePrecleanTime=6000 -XX:+CMSParallelRemarkEnabled -XX:+CMSScavengeBeforeRemark -XX:ConcGCThreads=4 -XX:InitialHeapSize=536870912 -XX:MaxHeapSize=536870912 -XX:MaxTenuringThreshold=8 -XX:NewRatio=3 -XX:OldPLABSize=16 -XX:ParallelGCThreads=4 -XX:+ParallelRefProcEnabled -XX:PretenureSizeThreshold=67108864 -XX:+PrintGC -XX:+PrintGCApplicationStoppedTime -XX:+PrintGCDateStamps -XX:+PrintGCDetails -XX:+PrintGCTimeStamps -XX:+PrintHeapAtGC -XX:+PrintTenuringDistribution -XX:SurvivorRatio=4 -XX:TargetSurvivorRatio=90 -XX:ThreadStackSize=256 -XX:+UseCMSInitiatingOccupancyOnly -XX:+UseCompressedClassPointers -XX:+UseCompressedOops -XX:+UseConcMarkSweepGC -XX:+UseParNewGC 
2016-07-01T22:34:28.222-0530: 0.466: Total time for which application threads were stopped: 0.0001691 seconds
2016-07-01T22:34:28.374-0530: 0.618: Total time for which application threads were stopped: 0.0001392 seconds
2016-07-01T22:34:28.475-0530: 0.718: Total time for which application threads were stopped: 0.0001296 seconds
2016-07-01T22:34:28.525-0530: 0.768: Total time for which application threads were stopped: 0.0001685 seconds
2016-07-01T22:34:28.545-0530: 0.788: Total time for which application threads were stopped: 0.0001915 seconds
2016-07-01T22:34:28.559-0530: 0.802: Total time for which application threads were stopped: 0.0002078 seconds
{Heap before GC invocations=0 (full 0):
 par new generation   total 109248K, used 87424K [0x00000007a0000000, 0x00000007a8000000, 0x00000007a8000000)
  eden space 87424K, 100% used [0x00000007a0000000, 0x00000007a5560000, 0x00000007a5560000)
  from space 21824K,   0% used [0x00000007a5560000, 0x00000007a5560000, 0x00000007a6ab0000)
  to   space 21824K,   0% used [0x00000007a6ab0000, 0x00000007a6ab0000, 0x00000007a8000000)
 concurrent mark-sweep generation total 393216K, used 0K [0x00000007a8000000, 0x00000007c0000000, 0x00000007c0000000)
 Metaspace       used 10056K, capacity 10204K, committed 10496K, reserved 1058816K
  class space    used 1152K, capacity 1208K, committed 1280K, reserved 1048576K
2016-07-01T22:34:28.987-0530: 1.230: [GC (Allocation Failure) 1.230: [ParNew
Desired survivor size 20112992 bytes, new threshold 8 (max 8)
- age   1:    5233824 bytes,    5233824 total
: 87424K->5170K(109248K), 0.0073544 secs] 87424K->5170K(502464K), 0.0074477 secs] [Times: user=0.02 sys=0.01, real=0.01 secs] 
Heap after GC invocations=1 (full 0):
 par new generation   total 109248K, used 5170K [0x00000007a0000000, 0x00000007a8000000, 0x00000007a8000000)
  eden space 87424K,   0% used [0x00000007a0000000, 0x00000007a0000000, 0x00000007a5560000)
  from space 21824K,  23% used [0x00000007a6ab0000, 0x00000007a6fbc990, 0x00000007a8000000)
  to   space 21824K,   0% used [0x00000007a5560000, 0x00000007a5560000, 0x00000007a6ab0000)
 concurrent mark-sweep generation total 393216K, used 0K [0x00000007a8000000, 0x00000007c0000000, 0x00000007c0000000)
 Metaspace       used 10056K, capacity 10204K, committed 10496K, reserved 1058816K
  class space    used 1152K, capacity 1208K, committed 1280K, reserved 1048576K
}
2016-07-01T22:34:28.995-0530: 1.238: Total time for which application threads were stopped: 0.0076697 seconds
2016-07-01T22:34:29.201-0530: 1.444: Total time for which application threads were stopped: 0.0002041 seconds
2016-07-01T22:34:29.245-0530: 1.489: Total time for which application threads were stopped: 0.0001870 seconds
2016-07-01T22:34:29.300-0530: 1.543: Total time for which application threads were stopped: 0.0001981 seconds
2016-07-01T22:34:29.452-0530: 1.695: Total time for which application threads were stopped: 0.0002522 seconds
2016-07-01T22:34:29.453-0530: 1.697: Total time for which application threads were stopped: 0.0001334 seconds
2016-07-01T22:34:29.458-0530: 1.701: Total time for which application threads were stopped: 0.0001851 seconds
2016-07-01T22:34:29.724-0530: 1.967: Total time for which application threads were stopped: 0.0004817 seconds
{Heap before GC invocations=1 (full 0):
 par new generation   total 109248K, used 92594K [0x00000007a0000000, 0x00000007a8000000, 0x00000007a8000000)
  eden space 87424K, 100% used [0x00000007a0000000, 0x00000007a5560000, 0x00000007a5560000)
  from space 21824K,  23% used [0x00000007a6ab0000, 0x00000007a6fbc990, 0x00000007a8000000)
  to   space 21824K,   0% used [0x00000007a5560000, 0x00000007a5560000, 0x00000007a6ab0000)
 concurrent mark-sweep generation total 393216K, used 0K [0x00000007a8000000, 0x00000007c0000000, 0x00000007c0000000)
 Metaspace       used 17983K, capacity 18264K, committed 18432K, reserved 1064960K
  class space    used 2101K, capacity 2187K, committed 2304K, reserved 1048576K
2016-07-01T22:34:29.988-0530: 2.232: [GC (Allocation Failure) 2.232: [ParNew
Desired survivor size 20112992 bytes, new threshold 8 (max 8)
- age   1:    7216664 bytes,    7216664 total
- age   2:    2483664 bytes,    9700328 total
: 92594K->11356K(109248K), 0.0124067 secs] 92594K->11356K(502464K), 0.0125058 secs] [Times: user=0.03 sys=0.01, real=0.02 secs] 
Heap after GC invocations=2 (full 0):
 par new generation   total 109248K, used 11356K [0x00000007a0000000, 0x00000007a8000000, 0x00000007a8000000)
  eden space 87424K,   0% used [0x00000007a0000000, 0x00000007a0000000, 0x00000007a5560000)
  from space 21824K,  52% used [0x00000007a5560000, 0x00000007a6077360, 0x00000007a6ab0000)
  to   space 21824K,   0% used [0x00000007a6ab0000, 0x00000007a6ab0000, 0x00000007a8000000)
 concurrent mark-sweep generation total 393216K, used 0K [0x00000007a8000000, 0x00000007c0000000, 0x00000007c0000000)
 Metaspace       used 17983K, capacity 18264K, committed 18432K, reserved 1064960K
  class space    used 2101K, capacity 2187K, committed 2304K, reserved 1048576K
}
2016-07-01T22:34:30.001-0530: 2.244: Total time for which application threads were stopped: 0.0127388 seconds
2016-07-01T22:34:30.113-0530: 2.357: Total time for which application threads were stopped: 0.0004733 seconds
2016-07-01T22:34:30.140-0530: 2.383: Total time for which application threads were stopped: 0.0003475 seconds
2016-07-01T22:34:30.164-0530: 2.408: Total time for which application threads were stopped: 0.0003506 seconds
2016-07-01T22:34:30.408-0530: 2.652: Total time for which application threads were stopped: 0.0003238 seconds
2016-07-01T22:34:30.506-0530: 2.749: Total time for which application threads were stopped: 0.0001830 seconds
{Heap before GC invocations=2 (full 0):
 par new generation   total 109248K, used 98780K [0x00000007a0000000, 0x00000007a8000000, 0x00000007a8000000)
  eden space 87424K, 100% used [0x00000007a0000000, 0x00000007a5560000, 0x00000007a5560000)
  from space 21824K,  52% used [0x00000007a5560000, 0x00000007a6077360, 0x00000007a6ab0000)
  to   space 21824K,   0% used [0x00000007a6ab0000, 0x00000007a6ab0000, 0x00000007a8000000)
 concurrent mark-sweep generation total 393216K, used 0K [0x00000007a8000000, 0x00000007c0000000, 0x00000007c0000000)
 Metaspace       used 21109K, capacity 21362K, committed 21628K, reserved 1069056K
  class space    used 2505K, capacity 2582K, committed 2684K, reserved 1048576K
2016-07-01T22:34:30.519-0530: 2.763: [GC (Allocation Failure) 2.763: [ParNew
Desired survivor size 20112992 bytes, new threshold 8 (max 8)
- age   1:    2668232 bytes,    2668232 total
- age   2:    2128000 bytes,    4796232 total
- age   3:    2465016 bytes,    7261248 total
: 98780K->9894K(109248K), 0.0079067 secs] 98780K->9894K(502464K), 0.0079660 secs] [Times: user=0.02 sys=0.00, real=0.01 secs] 
Heap after GC invocations=3 (full 0):
 par new generation   total 109248K, used 9894K [0x00000007a0000000, 0x00000007a8000000, 0x00000007a8000000)
  eden space 87424K,   0% used [0x00000007a0000000, 0x00000007a0000000, 0x00000007a5560000)
  from space 21824K,  45% used [0x00000007a6ab0000, 0x00000007a7459a48, 0x00000007a8000000)
  to   space 21824K,   0% used [0x00000007a5560000, 0x00000007a5560000, 0x00000007a6ab0000)
 concurrent mark-sweep generation total 393216K, used 0K [0x00000007a8000000, 0x00000007c0000000, 0x00000007c0000000)
 Metaspace       used 21109K, capacity 21362K, committed 21628K, reserved 1069056K
  class space    used 2505K, capacity 2582K, committed 2684K, reserved 1048576K
}
2016-07-01T22:34:30.527-0530: 2.771: Total time for which application threads were stopped: 0.0081373 seconds
2016-07-01T22:34:30.527-0530: 2.771: [GC (CMS Initial Mark) [1 CMS-initial-mark: 0K(393216K)] 10727K(502464K), 0.0023221 secs] [Times: user=0.01 sys=0.00, real=0.01 secs] 
2016-07-01T22:34:30.530-0530: 2.773: Total time for which application threads were stopped: 0.0024628 seconds
2016-07-01T22:34:30.530-0530: 2.773: [CMS-concurrent-mark-start]
2016-07-01T22:34:30.530-0530: 2.773: [CMS-concurrent-mark: 0.000/0.000 secs] [Times: user=0.00 sys=0.00, real=0.00 secs] 
2016-07-01T22:34:30.530-0530: 2.773: [CMS-concurrent-preclean-start]
2016-07-01T22:34:30.531-0530: 2.775: [CMS-concurrent-preclean: 0.001/0.001 secs] [Times: user=0.00 sys=0.00, real=0.00 secs] 
2016-07-01T22:34:30.532-0530: 2.775: [GC (CMS Final Remark) [YG occupancy: 10727 K (109248 K)]{Heap before GC invocations=3 (full 1):
 par new generation   total 109248K, used 10727K [0x00000007a0000000, 0x00000007a8000000, 0x00000007a8000000)
  eden space 87424K,   0% used [0x00000007a0000000, 0x00000007a00d0380, 0x00000007a5560000)
  from space 21824K,  45% used [0x00000007a6ab0000, 0x00000007a7459a48, 0x00000007a8000000)
  to   space 21824K,   0% used [0x00000007a5560000, 0x00000007a5560000, 0x00000007a6ab0000)
 concurrent mark-sweep generation total 393216K, used 0K [0x00000007a8000000, 0x00000007c0000000, 0x00000007c0000000)
 Metaspace       used 21113K, capacity 21362K, committed 21628K, reserved 1069056K
  class space    used 2505K, capacity 2582K, committed 2684K, reserved 1048576K
2016-07-01T22:34:30.532-0530: 2.775: [GC (CMS Final Remark) 2.775: [ParNew
Desired survivor size 20112992 bytes, new threshold 8 (max 8)
- age   1:       6144 bytes,       6144 total
- age   2:     554656 bytes,     560800 total
- age   3:    2128000 bytes,    2688800 total
- age   4:    2464984 bytes,    5153784 total
: 10727K->8116K(109248K), 0.0083954 secs] 10727K->8116K(502464K), 0.0084422 secs] [Times: user=0.03 sys=0.00, real=0.01 secs] 
Heap after GC invocations=4 (full 1):
 par new generation   total 109248K, used 8116K [0x00000007a0000000, 0x00000007a8000000, 0x00000007a8000000)
  eden space 87424K,   0% used [0x00000007a0000000, 0x00000007a0000000, 0x00000007a5560000)
  from space 21824K,  37% used [0x00000007a5560000, 0x00000007a5d4d270, 0x00000007a6ab0000)
  to   space 21824K,   0% used [0x00000007a6ab0000, 0x00000007a6ab0000, 0x00000007a8000000)
 concurrent mark-sweep generation total 393216K, used 0K [0x00000007a8000000, 0x00000007c0000000, 0x00000007c0000000)
 Metaspace       used 21113K, capacity 21362K, committed 21628K, reserved 1069056K
  class space    used 2505K, capacity 2582K, committed 2684K, reserved 1048576K
}
2.784: [Rescan (parallel) , 0.0022723 secs]2.786: [weak refs processing, 0.0013249 secs]2.787: [class unloading, 0.0076408 secs]2.795: [scrub symbol table, 0.0033455 secs]2.798: [scrub string table, 0.0002964 secs][1 CMS-remark: 0K(393216K)] 8116K(502464K), 0.0257758 secs] [Times: user=0.05 sys=0.00, real=0.02 secs] 
2016-07-01T22:34:30.557-0530: 2.801: Total time for which application threads were stopped: 0.0259211 seconds
2016-07-01T22:34:30.558-0530: 2.801: [CMS-concurrent-sweep-start]
2016-07-01T22:34:30.558-0530: 2.801: [CMS-concurrent-sweep: 0.000/0.000 secs] [Times: user=0.00 sys=0.00, real=0.00 secs] 
2016-07-01T22:34:30.558-0530: 2.801: [CMS-concurrent-reset-start]
2016-07-01T22:34:30.561-0530: 2.805: Total time for which application threads were stopped: 0.0003033 seconds
2016-07-01T22:34:30.562-0530: 2.806: [CMS-concurrent-reset: 0.004/0.005 secs] [Times: user=0.01 sys=0.01, real=0.01 secs] 
2016-07-01T22:34:31.337-0530: 3.580: Total time for which application threads were stopped: 0.0003224 seconds
2016-07-01T22:34:31.865-0530: 4.108: Total time for which application threads were stopped: 0.0004014 seconds
2016-07-01T22:35:19.178-0530: 51.422: Total time for which application threads were stopped: 0.0000709 seconds
2016-07-01T22:35:19.178-0530: 51.422: Total time for which application threads were stopped: 0.0000578 seconds
2016-07-01T22:35:19.182-0530: 51.426: Total time for which application threads were stopped: 0.0000592 seconds
2016-07-01T22:35:19.220-0530: 51.464: Total time for which application threads were stopped: 0.0000880 seconds
2016-07-01T22:35:19.220-0530: 51.464: Total time for which application threads were stopped: 0.0000614 seconds
2016-07-01T22:35:19.224-0530: 51.468: Total time for which application threads were stopped: 0.0001013 seconds
2016-07-01T22:35:19.231-0530: 51.475: Total time for which application threads were stopped: 0.0000973 seconds
2016-07-01T22:35:19.268-0530: 51.513: Total time for which application threads were stopped: 0.0001224 seconds
2016-07-01T22:35:19.271-0530: 51.516: Total time for which application threads were stopped: 0.0001967 seconds
2016-07-01T22:35:19.272-0530: 51.516: Total time for which application threads were stopped: 0.0001090 seconds
2016-07-01T22:35:19.290-0530: 51.535: Total time for which application threads were stopped: 0.0001299 seconds
2016-07-01T22:35:19.291-0530: 51.536: Total time for which application threads were stopped: 0.0001073 seconds
2016-07-01T22:35:19.341-0530: 51.585: Total time for which application threads were stopped: 0.0001454 seconds
2016-07-01T22:35:19.350-0530: 51.594: Total time for which application threads were stopped: 0.0001194 seconds
2016-07-01T22:35:19.351-0530: 51.596: Total time for which application threads were stopped: 0.0002540 seconds
2016-07-01T22:35:19.353-0530: 51.598: Total time for which application threads were stopped: 0.0002624 seconds
2016-07-01T22:35:19.355-0530: 51.599: Total time for which application threads were stopped: 0.0001418 seconds
2016-07-01T22:35:19.355-0530: 51.600: Total time for which application threads were stopped: 0.0001070 seconds
2016-07-01T22:35:19.356-0530: 51.601: Total time for which application threads were stopped: 0.0001267 seconds
2016-07-01T22:35:19.357-0530: 51.601: Total time for which application threads were stopped: 0.0001338 seconds
2016-07-01T22:35:19.357-0530: 51.602: Total time for which application threads were stopped: 0.0000734 seconds
2016-07-01T22:35:19.359-0530: 51.604: Total time for which application threads were stopped: 0.0001420 seconds
2016-07-01T22:35:19.360-0530: 51.604: Total time for which application threads were stopped: 0.0001424 seconds
2016-07-01T22:35:19.360-0530: 51.605: Total time for which application threads were stopped: 0.0000909 seconds
2016-07-01T22:35:19.361-0530: 51.605: Total time for which application threads were stopped: 0.0001692 seconds
2016-07-01T22:35:19.371-0530: 51.616: Total time for which application threads were stopped: 0.0001743 seconds
2016-07-01T22:35:19.372-0530: 51.617: Total time for which application threads were stopped: 0.0001118 seconds
2016-07-01T22:35:19.374-0530: 51.619: Total time for which application threads were stopped: 0.0001381 seconds
2016-07-01T22:35:19.376-0530: 51.620: Total time for which application threads were stopped: 0.0002864 seconds
2016-07-01T22:35:19.384-0530: 51.628: Total time for which application threads were stopped: 0.0002470 seconds
2016-07-01T22:35:19.387-0530: 51.632: Total time for which application threads were stopped: 0.0002692 seconds
2016-07-01T22:35:19.389-0530: 51.634: Total time for which application threads were stopped: 0.0001873 seconds
2016-07-01T22:35:19.415-0530: 51.659: Total time for which application threads were stopped: 0.0002688 seconds
2016-07-01T22:35:19.441-0530: 51.685: Total time for which application threads were stopped: 0.0001745 seconds
2016-07-01T22:35:19.441-0530: 51.685: Total time for which application threads were stopped: 0.0001021 seconds
2016-07-01T22:35:19.443-0530: 51.687: Total time for which application threads were stopped: 0.0001309 seconds
2016-07-01T22:35:19.446-0530: 51.690: Total time for which application threads were stopped: 0.0001661 seconds
2016-07-01T22:35:19.447-0530: 51.691: Total time for which application threads were stopped: 0.0001124 seconds
2016-07-01T22:35:19.452-0530: 51.696: Total time for which application threads were stopped: 0.0001042 seconds
2016-07-01T22:35:19.462-0530: 51.706: Total time for which application threads were stopped: 0.0001413 seconds
2016-07-01T22:35:19.463-0530: 51.707: Total time for which application threads were stopped: 0.0001563 seconds
2016-07-01T22:35:19.463-0530: 51.707: Total time for which application threads were stopped: 0.0001085 seconds
2016-07-01T22:35:19.464-0530: 51.709: Total time for which application threads were stopped: 0.0001118 seconds
2016-07-01T22:35:19.465-0530: 51.709: Total time for which application threads were stopped: 0.0001104 seconds
2016-07-01T22:35:19.479-0530: 51.724: Total time for which application threads were stopped: 0.0001415 seconds
2016-07-01T22:35:19.480-0530: 51.724: Total time for which application threads were stopped: 0.0000631 seconds
2016-07-01T22:35:19.484-0530: 51.729: Total time for which application threads were stopped: 0.0001016 seconds
2016-07-01T22:35:19.549-0530: 51.793: Total time for which application threads were stopped: 0.0000911 seconds
2016-07-01T22:35:19.549-0530: 51.794: Total time for which application threads were stopped: 0.0000654 seconds
2016-07-01T22:35:19.550-0530: 51.794: Total time for which application threads were stopped: 0.0000745 seconds
2016-07-01T22:35:19.594-0530: 51.839: Total time for which application threads were stopped: 0.0001351 seconds
2016-07-01T22:35:19.596-0530: 51.841: Total time for which application threads were stopped: 0.0002489 seconds
2016-07-01T22:35:20.210-0530: 52.455: Total time for which application threads were stopped: 0.0001492 seconds
2016-07-01T22:35:20.212-0530: 52.456: Total time for which application threads were stopped: 0.0001050 seconds
2016-07-01T22:35:20.212-0530: 52.456: Total time for which application threads were stopped: 0.0000764 seconds
2016-07-01T22:35:20.212-0530: 52.457: Total time for which application threads were stopped: 0.0001239 seconds
2016-07-01T22:35:20.213-0530: 52.457: Total time for which application threads were stopped: 0.0001468 seconds
2016-07-01T22:35:20.217-0530: 52.462: Total time for which application threads were stopped: 0.0003473 seconds
2016-07-01T22:35:21.221-0530: 53.466: Total time for which application threads were stopped: 0.0002182 seconds
2016-07-01T22:35:21.652-0530: 53.897: Total time for which application threads were stopped: 0.0001033 seconds
2016-07-01T22:35:21.652-0530: 53.897: Total time for which application threads were stopped: 0.0000422 seconds
2016-07-01T22:35:21.653-0530: 53.898: Total time for which application threads were stopped: 0.0000504 seconds
{Heap before GC invocations=4 (full 1):
 par new generation   total 109248K, used 95540K [0x00000007a0000000, 0x00000007a8000000, 0x00000007a8000000)
  eden space 87424K, 100% used [0x00000007a0000000, 0x00000007a5560000, 0x00000007a5560000)
  from space 21824K,  37% used [0x00000007a5560000, 0x00000007a5d4d270, 0x00000007a6ab0000)
  to   space 21824K,   0% used [0x00000007a6ab0000, 0x00000007a6ab0000, 0x00000007a8000000)
 concurrent mark-sweep generation total 393216K, used 0K [0x00000007a8000000, 0x00000007c0000000, 0x00000007c0000000)
 Metaspace       used 27348K, capacity 27628K, committed 28028K, reserved 1073152K
  class space    used 3272K, capacity 3359K, committed 3452K, reserved 1048576K
2016-07-01T22:35:21.734-0530: 53.978: [GC (Allocation Failure) 53.979: [ParNew
Desired survivor size 20112992 bytes, new threshold 5 (max 8)
- age   1:   17235056 bytes,   17235056 total
- age   2:       1128 bytes,   17236184 total
- age   3:     481056 bytes,   17717240 total
- age   4:    2084776 bytes,   19802016 total
- age   5:    2463984 bytes,   22266000 total
: 95540K->21824K(109248K), 0.0214649 secs] 95540K->23315K(502464K), 0.0215523 secs] [Times: user=0.06 sys=0.02, real=0.02 secs] 
Heap after GC invocations=5 (full 1):
 par new generation   total 109248K, used 21824K [0x00000007a0000000, 0x00000007a8000000, 0x00000007a8000000)
  eden space 87424K,   0% used [0x00000007a0000000, 0x00000007a0000000, 0x00000007a5560000)
  from space 21824K, 100% used [0x00000007a6ab0000, 0x00000007a8000000, 0x00000007a8000000)
  to   space 21824K,   0% used [0x00000007a5560000, 0x00000007a5560000, 0x00000007a6ab0000)
 concurrent mark-sweep generation total 393216K, used 1491K [0x00000007a8000000, 0x00000007c0000000, 0x00000007c0000000)
 Metaspace       used 27348K, capacity 27628K, committed 28028K, reserved 1073152K
  class space    used 3272K, capacity 3359K, committed 3452K, reserved 1048576K
}
2016-07-01T22:35:21.756-0530: 54.000: Total time for which application threads were stopped: 0.0217603 seconds
2016-07-01T22:35:22.425-0530: 54.669: Total time for which application threads were stopped: 0.0005531 seconds
2016-07-01T22:35:22.618-0530: 54.862: Total time for which application threads were stopped: 0.0005696 seconds
2016-07-01T22:35:22.741-0530: 54.986: Total time for which application threads were stopped: 0.0005840 seconds
{Heap before GC invocations=5 (full 1):
 par new generation   total 109248K, used 109248K [0x00000007a0000000, 0x00000007a8000000, 0x00000007a8000000)
  eden space 87424K, 100% used [0x00000007a0000000, 0x00000007a5560000, 0x00000007a5560000)
  from space 21824K, 100% used [0x00000007a6ab0000, 0x00000007a8000000, 0x00000007a8000000)
  to   space 21824K,   0% used [0x00000007a5560000, 0x00000007a5560000, 0x00000007a6ab0000)
 concurrent mark-sweep generation total 393216K, used 1491K [0x00000007a8000000, 0x00000007c0000000, 0x00000007c0000000)
 Metaspace       used 29484K, capacity 29792K, committed 30076K, reserved 1075200K
  class space    used 3536K, capacity 3625K, committed 3708K, reserved 1048576K
2016-07-01T22:35:23.314-0530: 55.558: [GC (Allocation Failure) 55.563: [ParNew
Desired survivor size 20112992 bytes, new threshold 4 (max 8)
- age   1:    7381016 bytes,    7381016 total
- age   2:   12364592 bytes,   19745608 total
- age   3:        104 bytes,   19745712 total
- age   4:     477992 bytes,   20223704 total
- age   5:    2073136 bytes,   22296840 total
: 109248K->21824K(109248K), 0.1115660 secs] 110739K->47630K(502464K), 0.1160181 secs] [Times: user=0.22 sys=0.05, real=0.12 secs] 
Heap after GC invocations=6 (full 1):
 par new generation   total 109248K, used 21824K [0x00000007a0000000, 0x00000007a8000000, 0x00000007a8000000)
  eden space 87424K,   0% used [0x00000007a0000000, 0x00000007a0000000, 0x00000007a5560000)
  from space 21824K, 100% used [0x00000007a5560000, 0x00000007a6ab0000, 0x00000007a6ab0000)
  to   space 21824K,   0% used [0x00000007a6ab0000, 0x00000007a6ab0000, 0x00000007a8000000)
 concurrent mark-sweep generation total 393216K, used 25806K [0x00000007a8000000, 0x00000007c0000000, 0x00000007c0000000)
 Metaspace       used 29484K, capacity 29792K, committed 30076K, reserved 1075200K
  class space    used 3536K, capacity 3625K, committed 3708K, reserved 1048576K
}
2016-07-01T22:35:23.430-0530: 55.675: Total time for which application threads were stopped: 0.1162796 seconds
2016-07-01T22:35:24.435-0530: 56.680: Total time for which application threads were stopped: 0.0049845 seconds
2016-07-01T22:35:25.025-0530: 57.269: Total time for which application threads were stopped: 0.0001268 seconds
2016-07-01T22:35:26.027-0530: 58.271: Total time for which application threads were stopped: 0.0002375 seconds
2016-07-01T22:36:15.188-0530: 107.434: Total time for which application threads were stopped: 0.0001575 seconds
2016-07-01T22:36:15.189-0530: 107.434: Total time for which application threads were stopped: 0.0000575 seconds
2016-07-01T22:36:16.192-0530: 108.437: Total time for which application threads were stopped: 0.0001155 seconds
2016-07-01T22:36:42.279-0530: 134.526: Total time for which application threads were stopped: 0.0002136 seconds
2016-07-01T22:36:50.300-0530: 142.546: Total time for which application threads were stopped: 0.0001675 seconds
2016-07-01T22:36:57.316-0530: 149.562: Total time for which application threads were stopped: 0.0001713 seconds
2016-07-01T22:36:59.438-0530: 151.685: Total time for which application threads were stopped: 0.0001273 seconds
2016-07-01T22:36:59.604-0530: 151.850: Total time for which application threads were stopped: 0.0002563 seconds
2016-07-01T22:37:00.609-0530: 152.856: Total time for which application threads were stopped: 0.0002963 seconds
2016-07-01T22:37:01.610-0530: 153.856: Total time for which application threads were stopped: 0.0001076 seconds
2016-07-01T22:37:15.638-0530: 167.885: Total time for which application threads were stopped: 0.0000915 seconds
2016-07-01T22:37:42.784-0530: 195.031: Total time for which application threads were stopped: 0.0000909 seconds
2016-07-01T22:37:42.784-0530: 195.031: Total time for which application threads were stopped: 0.0000470 seconds
2016-07-01T22:37:42.784-0530: 195.032: Total time for which application threads were stopped: 0.0000473 seconds
2016-07-01T22:37:42.786-0530: 195.033: Total time for which application threads were stopped: 0.0001317 seconds
2016-07-01T22:37:42.923-0530: 195.170: Total time for which application threads were stopped: 0.0001939 seconds
2016-07-01T22:37:42.923-0530: 195.171: Total time for which application threads were stopped: 0.0001189 seconds
2016-07-01T22:37:42.930-0530: 195.178: Total time for which application threads were stopped: 0.0001239 seconds
2016-07-01T22:37:43.933-0530: 196.180: Total time for which application threads were stopped: 0.0001146 seconds
2016-07-01T22:37:43.938-0530: 196.186: Total time for which application threads were stopped: 0.0001132 seconds
2016-07-01T22:37:43.939-0530: 196.186: Total time for which application threads were stopped: 0.0000654 seconds
2016-07-01T22:37:43.939-0530: 196.187: Total time for which application threads were stopped: 0.0000902 seconds
2016-07-01T22:37:43.939-0530: 196.187: Total time for which application threads were stopped: 0.0000747 seconds
2016-07-01T22:37:43.940-0530: 196.188: Total time for which application threads were stopped: 0.0001108 seconds
2016-07-01T22:37:43.946-0530: 196.194: Total time for which application threads were stopped: 0.0003496 seconds
2016-07-01T22:37:43.947-0530: 196.195: Total time for which application threads were stopped: 0.0001132 seconds
2016-07-01T22:37:43.953-0530: 196.206: Total time for which application threads were stopped: 0.0061200 seconds
2016-07-01T22:37:43.966-0530: 196.214: Total time for which application threads were stopped: 0.0001550 seconds
2016-07-01T22:37:43.967-0530: 196.214: Total time for which application threads were stopped: 0.0000823 seconds
2016-07-01T22:37:43.977-0530: 196.225: Total time for which application threads were stopped: 0.0001873 seconds
2016-07-01T22:37:44.016-0530: 196.264: Total time for which application threads were stopped: 0.0001035 seconds
2016-07-01T22:37:44.016-0530: 196.264: Total time for which application threads were stopped: 0.0000560 seconds
2016-07-01T22:37:44.019-0530: 196.267: Total time for which application threads were stopped: 0.0001245 seconds
2016-07-01T22:37:44.067-0530: 196.315: Total time for which application threads were stopped: 0.0001987 seconds
2016-07-01T22:37:44.068-0530: 196.315: Total time for which application threads were stopped: 0.0001220 seconds
2016-07-01T22:37:44.071-0530: 196.319: Total time for which application threads were stopped: 0.0002913 seconds
2016-07-01T22:37:45.075-0530: 197.323: Total time for which application threads were stopped: 0.0002243 seconds
2016-07-01T22:37:46.077-0530: 198.325: Total time for which application threads were stopped: 0.0001292 seconds
2016-07-01T22:37:47.077-0530: 199.325: Total time for which application threads were stopped: 0.0001312 seconds
2016-07-01T22:37:47.389-0530: 199.637: Total time for which application threads were stopped: 0.0001115 seconds
2016-07-01T22:37:47.389-0530: 199.637: Total time for which application threads were stopped: 0.0000405 seconds
2016-07-01T22:37:47.390-0530: 199.638: Total time for which application threads were stopped: 0.0000843 seconds
{Heap before GC invocations=6 (full 1):
 par new generation   total 109248K, used 109248K [0x00000007a0000000, 0x00000007a8000000, 0x00000007a8000000)
  eden space 87424K, 100% used [0x00000007a0000000, 0x00000007a5560000, 0x00000007a5560000)
  from space 21824K, 100% used [0x00000007a5560000, 0x00000007a6ab0000, 0x00000007a6ab0000)
  to   space 21824K,   0% used [0x00000007a6ab0000, 0x00000007a6ab0000, 0x00000007a8000000)
 concurrent mark-sweep generation total 393216K, used 25806K [0x00000007a8000000, 0x00000007c0000000, 0x00000007c0000000)
 Metaspace       used 30278K, capacity 30662K, committed 30972K, reserved 1077248K
  class space    used 3616K, capacity 3722K, committed 3836K, reserved 1048576K
2016-07-01T22:37:47.417-0530: 199.665: [GC (Allocation Failure) 199.665: [ParNew
Desired survivor size 20112992 bytes, new threshold 3 (max 8)
- age   1:    5943072 bytes,    5943072 total
- age   2:    7341168 bytes,   13284240 total
- age   3:    9046144 bytes,   22330384 total
- age   4:        104 bytes,   22330488 total
: 109248K->21824K(109248K), 0.0493767 secs] 135054K->55851K(502464K), 0.0494731 secs] [Times: user=0.11 sys=0.05, real=0.05 secs] 
Heap after GC invocations=7 (full 1):
 par new generation   total 109248K, used 21824K [0x00000007a0000000, 0x00000007a8000000, 0x00000007a8000000)
  eden space 87424K,   0% used [0x00000007a0000000, 0x00000007a0000000, 0x00000007a5560000)
  from space 21824K, 100% used [0x00000007a6ab0000, 0x00000007a8000000, 0x00000007a8000000)
  to   space 21824K,   0% used [0x00000007a5560000, 0x00000007a5560000, 0x00000007a6ab0000)
 concurrent mark-sweep generation total 393216K, used 34027K [0x00000007a8000000, 0x00000007c0000000, 0x00000007c0000000)
 Metaspace       used 30278K, capacity 30662K, committed 30972K, reserved 1077248K
  class space    used 3616K, capacity 3722K, committed 3836K, reserved 1048576K
}
2016-07-01T22:37:47.467-0530: 199.714: Total time for which application threads were stopped: 0.0496850 seconds
2016-07-01T22:37:47.508-0530: 199.756: Total time for which application threads were stopped: 0.0000996 seconds
2016-07-01T22:37:47.509-0530: 199.756: Total time for which application threads were stopped: 0.0000464 seconds
2016-07-01T22:37:47.509-0530: 199.756: Total time for which application threads were stopped: 0.0000563 seconds
2016-07-01T22:37:47.509-0530: 199.757: Total time for which application threads were stopped: 0.0000711 seconds
2016-07-01T22:37:47.509-0530: 199.757: Total time for which application threads were stopped: 0.0000803 seconds
2016-07-01T22:37:47.509-0530: 199.757: Total time for which application threads were stopped: 0.0000698 seconds
2016-07-01T22:37:47.509-0530: 199.757: Total time for which application threads were stopped: 0.0000766 seconds
2016-07-01T22:37:47.510-0530: 199.757: Total time for which application threads were stopped: 0.0000778 seconds
2016-07-01T22:37:47.510-0530: 199.758: Total time for which application threads were stopped: 0.0000718 seconds
2016-07-01T22:37:47.510-0530: 199.758: Total time for which application threads were stopped: 0.0000712 seconds
2016-07-01T22:37:47.510-0530: 199.758: Total time for which application threads were stopped: 0.0000709 seconds
2016-07-01T22:37:47.510-0530: 199.758: Total time for which application threads were stopped: 0.0000751 seconds
2016-07-01T22:37:47.511-0530: 199.758: Total time for which application threads were stopped: 0.0002895 seconds
2016-07-01T22:37:47.511-0530: 199.759: Total time for which application threads were stopped: 0.0000800 seconds
2016-07-01T22:37:47.511-0530: 199.759: Total time for which application threads were stopped: 0.0004160 seconds
2016-07-01T22:37:47.511-0530: 199.759: Total time for which application threads were stopped: 0.0000778 seconds
2016-07-01T22:37:47.512-0530: 199.759: Total time for which application threads were stopped: 0.0000614 seconds
2016-07-01T22:37:47.512-0530: 199.760: Total time for which application threads were stopped: 0.0000762 seconds
2016-07-01T22:37:47.512-0530: 199.760: Total time for which application threads were stopped: 0.0000587 seconds
2016-07-01T22:37:47.512-0530: 199.760: Total time for which application threads were stopped: 0.0000642 seconds
2016-07-01T22:37:47.512-0530: 199.760: Total time for which application threads were stopped: 0.0001339 seconds
2016-07-01T22:37:47.938-0530: 200.186: Total time for which application threads were stopped: 0.0001556 seconds
{Heap before GC invocations=7 (full 1):
 par new generation   total 109248K, used 109248K [0x00000007a0000000, 0x00000007a8000000, 0x00000007a8000000)
  eden space 87424K, 100% used [0x00000007a0000000, 0x00000007a5560000, 0x00000007a5560000)
  from space 21824K, 100% used [0x00000007a6ab0000, 0x00000007a8000000, 0x00000007a8000000)
  to   space 21824K,   0% used [0x00000007a5560000, 0x00000007a5560000, 0x00000007a6ab0000)
 concurrent mark-sweep generation total 393216K, used 34027K [0x00000007a8000000, 0x00000007c0000000, 0x00000007c0000000)
 Metaspace       used 30283K, capacity 30662K, committed 30972K, reserved 1077248K
  class space    used 3616K, capacity 3722K, committed 3836K, reserved 1048576K
2016-07-01T22:37:48.169-0530: 200.417: [GC (Allocation Failure) 200.417: [ParNew
Desired survivor size 20112992 bytes, new threshold 3 (max 8)
- age   1:   14504872 bytes,   14504872 total
- age   2:    2971152 bytes,   17476024 total
- age   3:    4882544 bytes,   22358568 total
: 109248K->21824K(109248K), 0.0542112 secs] 143275K->81436K(502464K), 0.0543202 secs] [Times: user=0.16 sys=0.02, real=0.06 secs] 
Heap after GC invocations=8 (full 1):
 par new generation   total 109248K, used 21824K [0x00000007a0000000, 0x00000007a8000000, 0x00000007a8000000)
  eden space 87424K,   0% used [0x00000007a0000000, 0x00000007a0000000, 0x00000007a5560000)
  from space 21824K, 100% used [0x00000007a5560000, 0x00000007a6ab0000, 0x00000007a6ab0000)
  to   space 21824K,   0% used [0x00000007a6ab0000, 0x00000007a6ab0000, 0x00000007a8000000)
 concurrent mark-sweep generation total 393216K, used 59612K [0x00000007a8000000, 0x00000007c0000000, 0x00000007c0000000)
 Metaspace       used 30283K, capacity 30662K, committed 30972K, reserved 1077248K
  class space    used 3616K, capacity 3722K, committed 3836K, reserved 1048576K
}
2016-07-01T22:37:48.224-0530: 200.471: Total time for which application threads were stopped: 0.0545631 seconds
{Heap before GC invocations=8 (full 1):
 par new generation   total 109248K, used 109248K [0x00000007a0000000, 0x00000007a8000000, 0x00000007a8000000)
  eden space 87424K, 100% used [0x00000007a0000000, 0x00000007a5560000, 0x00000007a5560000)
  from space 21824K, 100% used [0x00000007a5560000, 0x00000007a6ab0000, 0x00000007a6ab0000)
  to   space 21824K,   0% used [0x00000007a6ab0000, 0x00000007a6ab0000, 0x00000007a8000000)
 concurrent mark-sweep generation total 393216K, used 59612K [0x00000007a8000000, 0x00000007c0000000, 0x00000007c0000000)
 Metaspace       used 30283K, capacity 30662K, committed 30972K, reserved 1077248K
  class space    used 3616K, capacity 3722K, committed 3836K, reserved 1048576K
2016-07-01T22:37:48.915-0530: 201.163: [GC (Allocation Failure) 201.163: [ParNew
Desired survivor size 20112992 bytes, new threshold 8 (max 8)
- age   1:    8772248 bytes,    8772248 total
- age   2:    6992104 bytes,   15764352 total
- age   3:    2971152 bytes,   18735504 total
: 109248K->21824K(109248K), 0.0366848 secs] 168860K->90645K(502464K), 0.0367475 secs] [Times: user=0.11 sys=0.01, real=0.04 secs] 
Heap after GC invocations=9 (full 1):
 par new generation   total 109248K, used 21824K [0x00000007a0000000, 0x00000007a8000000, 0x00000007a8000000)
  eden space 87424K,   0% used [0x00000007a0000000, 0x00000007a0000000, 0x00000007a5560000)
  from space 21824K, 100% used [0x00000007a6ab0000, 0x00000007a8000000, 0x00000007a8000000)
  to   space 21824K,   0% used [0x00000007a5560000, 0x00000007a5560000, 0x00000007a6ab0000)
 concurrent mark-sweep generation total 393216K, used 68821K [0x00000007a8000000, 0x00000007c0000000, 0x00000007c0000000)
 Metaspace       used 30283K, capacity 30662K, committed 30972K, reserved 1077248K
  class space    used 3616K, capacity 3722K, committed 3836K, reserved 1048576K
}
2016-07-01T22:37:48.952-0530: 201.200: Total time for which application threads were stopped: 0.0369494 seconds
2016-07-01T22:37:49.955-0530: 202.203: Total time for which application threads were stopped: 0.0001499 seconds
2016-07-01T22:37:51.395-0530: 203.642: Total time for which application threads were stopped: 0.0001945 seconds
2016-07-01T22:37:52.398-0530: 204.646: Total time for which application threads were stopped: 0.0001346 seconds
2016-07-01T22:38:27.486-0530: 239.734: Total time for which application threads were stopped: 0.0001698 seconds
2016-07-01T22:38:41.474-0530: 253.723: Total time for which application threads were stopped: 0.0001714 seconds
2016-07-01T22:38:42.476-0530: 254.725: Total time for which application threads were stopped: 0.0001563 seconds
2016-07-01T22:54:43.244-0530: 1215.515: Total time for which application threads were stopped: 0.0000848 seconds
2016-07-01T22:59:52.068-0530: 1524.347: Total time for which application threads were stopped: 0.0006525 seconds
2016-07-01T22:59:52.068-0530: 1524.347: Total time for which application threads were stopped: 0.0000468 seconds
2016-07-01T22:59:52.069-0530: 1524.347: Total time for which application threads were stopped: 0.0000496 seconds
2016-07-01T22:59:52.069-0530: 1524.348: Total time for which application threads were stopped: 0.0000396 seconds
2016-07-01T22:59:52.074-0530: 1524.352: Total time for which application threads were stopped: 0.0000914 seconds
2016-07-01T22:59:52.200-0530: 1524.479: Total time for which application threads were stopped: 0.0001188 seconds
2016-07-01T22:59:52.200-0530: 1524.479: Total time for which application threads were stopped: 0.0000818 seconds
2016-07-01T22:59:52.204-0530: 1524.483: Total time for which application threads were stopped: 0.0003827 seconds
2016-07-01T22:59:53.207-0530: 1525.486: Total time for which application threads were stopped: 0.0001727 seconds
2016-07-01T22:59:54.210-0530: 1526.489: Total time for which application threads were stopped: 0.0002209 seconds
2016-07-01T22:59:54.347-0530: 1526.625: Total time for which application threads were stopped: 0.0000797 seconds
2016-07-01T22:59:54.347-0530: 1526.626: Total time for which application threads were stopped: 0.0000367 seconds
2016-07-01T22:59:54.347-0530: 1526.626: Total time for which application threads were stopped: 0.0000340 seconds
2016-07-01T22:59:54.347-0530: 1526.626: Total time for which application threads were stopped: 0.0000360 seconds
2016-07-01T22:59:54.347-0530: 1526.626: Total time for which application threads were stopped: 0.0000323 seconds
2016-07-01T22:59:54.427-0530: 1526.705: Total time for which application threads were stopped: 0.0001010 seconds
2016-07-01T22:59:54.558-0530: 1526.836: Total time for which application threads were stopped: 0.0001753 seconds
2016-07-01T22:59:54.558-0530: 1526.837: Total time for which application threads were stopped: 0.0000722 seconds
2016-07-01T22:59:54.558-0530: 1526.837: Total time for which application threads were stopped: 0.0000820 seconds
2016-07-01T22:59:54.558-0530: 1526.837: Total time for which application threads were stopped: 0.0000735 seconds
2016-07-01T22:59:54.558-0530: 1526.837: Total time for which application threads were stopped: 0.0000772 seconds
2016-07-01T22:59:54.558-0530: 1526.837: Total time for which application threads were stopped: 0.0001313 seconds
2016-07-01T22:59:54.559-0530: 1526.852: Total time for which application threads were stopped: 0.0146208 seconds
2016-07-01T22:59:54.573-0530: 1526.852: Total time for which application threads were stopped: 0.0001377 seconds
2016-07-01T22:59:54.573-0530: 1526.852: Total time for which application threads were stopped: 0.0000530 seconds
2016-07-01T22:59:54.574-0530: 1526.853: Total time for which application threads were stopped: 0.0000591 seconds
2016-07-01T22:59:54.574-0530: 1526.853: Total time for which application threads were stopped: 0.0000846 seconds
2016-07-01T22:59:54.574-0530: 1526.853: Total time for which application threads were stopped: 0.0000909 seconds
2016-07-01T22:59:54.574-0530: 1526.853: Total time for which application threads were stopped: 0.0000759 seconds
2016-07-01T22:59:54.574-0530: 1526.853: Total time for which application threads were stopped: 0.0000678 seconds
2016-07-01T22:59:54.574-0530: 1526.853: Total time for which application threads were stopped: 0.0000713 seconds
2016-07-01T22:59:54.575-0530: 1526.853: Total time for which application threads were stopped: 0.0000788 seconds
2016-07-01T22:59:54.575-0530: 1526.854: Total time for which application threads were stopped: 0.0000679 seconds
2016-07-01T22:59:54.575-0530: 1526.854: Total time for which application threads were stopped: 0.0000525 seconds
2016-07-01T22:59:54.575-0530: 1526.854: Total time for which application threads were stopped: 0.0000504 seconds
2016-07-01T22:59:54.575-0530: 1526.854: Total time for which application threads were stopped: 0.0001341 seconds
{Heap before GC invocations=9 (full 1):
 par new generation   total 109248K, used 109248K [0x00000007a0000000, 0x00000007a8000000, 0x00000007a8000000)
  eden space 87424K, 100% used [0x00000007a0000000, 0x00000007a5560000, 0x00000007a5560000)
  from space 21824K, 100% used [0x00000007a6ab0000, 0x00000007a8000000, 0x00000007a8000000)
  to   space 21824K,   0% used [0x00000007a5560000, 0x00000007a5560000, 0x00000007a6ab0000)
 concurrent mark-sweep generation total 393216K, used 68821K [0x00000007a8000000, 0x00000007c0000000, 0x00000007c0000000)
 Metaspace       used 30381K, capacity 30796K, committed 31228K, reserved 1077248K
  class space    used 3617K, capacity 3723K, committed 3836K, reserved 1048576K
2016-07-01T22:59:54.779-0530: 1527.058: [GC (Allocation Failure) 1527.058: [ParNew
Desired survivor size 20112992 bytes, new threshold 8 (max 8)
- age   1:   12730624 bytes,   12730624 total
- age   3:    1029800 bytes,   13760424 total
- age   4:    2411792 bytes,   16172216 total
: 109248K->21824K(109248K), 0.0798778 secs] 178069K->90942K(502464K), 0.0799803 secs] [Times: user=0.11 sys=0.09, real=0.08 secs] 
Heap after GC invocations=10 (full 1):
 par new generation   total 109248K, used 21824K [0x00000007a0000000, 0x00000007a8000000, 0x00000007a8000000)
  eden space 87424K,   0% used [0x00000007a0000000, 0x00000007a0000000, 0x00000007a5560000)
  from space 21824K, 100% used [0x00000007a5560000, 0x00000007a6ab0000, 0x00000007a6ab0000)
  to   space 21824K,   0% used [0x00000007a6ab0000, 0x00000007a6ab0000, 0x00000007a8000000)
 concurrent mark-sweep generation total 393216K, used 69118K [0x00000007a8000000, 0x00000007c0000000, 0x00000007c0000000)
 Metaspace       used 30381K, capacity 30796K, committed 31228K, reserved 1077248K
  class space    used 3617K, capacity 3723K, committed 3836K, reserved 1048576K
}
2016-07-01T22:59:54.860-0530: 1527.138: Total time for which application threads were stopped: 0.0802256 seconds
2016-07-01T22:59:55.867-0530: 1528.146: Total time for which application threads were stopped: 0.0025958 seconds
2016-07-01T22:59:56.421-0530: 1528.700: Total time for which application threads were stopped: 0.0002064 seconds
2016-07-01T22:59:57.424-0530: 1529.703: Total time for which application threads were stopped: 0.0001296 seconds
2016-07-01T23:00:46.491-0530: 1578.771: Total time for which application threads were stopped: 0.0000970 seconds
2016-07-01T23:00:46.492-0530: 1578.772: Total time for which application threads were stopped: 0.0000469 seconds
2016-07-01T23:00:47.496-0530: 1579.776: Total time for which application threads were stopped: 0.0001134 seconds
2016-07-01T23:01:34.009-0530: 1626.290: Total time for which application threads were stopped: 0.0000909 seconds
2016-07-01T23:01:39.224-0530: 1631.504: Total time for which application threads were stopped: 0.0000908 seconds
2016-07-01T23:01:39.224-0530: 1631.505: Total time for which application threads were stopped: 0.0000433 seconds
2016-07-01T23:01:39.224-0530: 1631.505: Total time for which application threads were stopped: 0.0000481 seconds
2016-07-01T23:01:39.248-0530: 1631.529: Total time for which application threads were stopped: 0.0000917 seconds
2016-07-01T23:01:39.248-0530: 1631.529: Total time for which application threads were stopped: 0.0000516 seconds
2016-07-01T23:01:39.249-0530: 1631.530: Total time for which application threads were stopped: 0.0000981 seconds
2016-07-01T23:01:39.854-0530: 1632.135: Total time for which application threads were stopped: 0.0006204 seconds
2016-07-01T23:01:39.888-0530: 1632.169: Total time for which application threads were stopped: 0.0336275 seconds
2016-07-01T23:01:39.891-0530: 1632.172: Total time for which application threads were stopped: 0.0033011 seconds
2016-07-01T23:01:39.892-0530: 1632.173: Total time for which application threads were stopped: 0.0000948 seconds
2016-07-01T23:01:39.905-0530: 1632.186: Total time for which application threads were stopped: 0.0082175 seconds
2016-07-01T23:01:39.905-0530: 1632.186: Total time for which application threads were stopped: 0.0000723 seconds
2016-07-01T23:01:39.907-0530: 1632.188: Total time for which application threads were stopped: 0.0000849 seconds
2016-07-01T23:01:40.910-0530: 1633.190: Total time for which application threads were stopped: 0.0001185 seconds
2016-07-01T23:01:41.912-0530: 1634.192: Total time for which application threads were stopped: 0.0002056 seconds
2016-07-01T23:01:42.591-0530: 1634.872: Total time for which application threads were stopped: 0.0126387 seconds
2016-07-01T23:01:42.592-0530: 1634.873: Total time for which application threads were stopped: 0.0002422 seconds
2016-07-01T23:01:42.642-0530: 1634.923: Total time for which application threads were stopped: 0.0493294 seconds
2016-07-01T23:01:42.717-0530: 1634.998: Total time for which application threads were stopped: 0.0148766 seconds
2016-07-01T23:01:42.765-0530: 1635.046: Total time for which application threads were stopped: 0.0483096 seconds
2016-07-01T23:01:42.797-0530: 1635.078: Total time for which application threads were stopped: 0.0308101 seconds
2016-07-01T23:01:42.955-0530: 1635.236: Total time for which application threads were stopped: 0.0727404 seconds
2016-07-01T23:01:43.100-0530: 1635.381: Total time for which application threads were stopped: 0.1002431 seconds
2016-07-01T23:01:43.263-0530: 1635.544: Total time for which application threads were stopped: 0.1615160 seconds
2016-07-01T23:01:43.690-0530: 1635.970: Total time for which application threads were stopped: 0.0902712 seconds
2016-07-01T23:01:43.698-0530: 1635.979: Total time for which application threads were stopped: 0.0079319 seconds
2016-07-01T23:01:44.164-0530: 1636.445: Total time for which application threads were stopped: 0.0156010 seconds
2016-07-01T23:01:44.197-0530: 1636.478: Total time for which application threads were stopped: 0.0330531 seconds
2016-07-01T23:01:44.947-0530: 1637.228: Total time for which application threads were stopped: 0.0267337 seconds
2016-07-01T23:01:45.206-0530: 1637.487: Total time for which application threads were stopped: 0.2587618 seconds
2016-07-01T23:01:45.341-0530: 1637.622: Total time for which application threads were stopped: 0.1333551 seconds
2016-07-01T23:01:45.423-0530: 1637.704: Total time for which application threads were stopped: 0.0801032 seconds
2016-07-01T23:01:45.492-0530: 1637.773: Total time for which application threads were stopped: 0.0687424 seconds
2016-07-01T23:01:45.526-0530: 1637.807: Total time for which application threads were stopped: 0.0331666 seconds
2016-07-01T23:01:46.562-0530: 1638.843: Total time for which application threads were stopped: 0.0322542 seconds
{Heap before GC invocations=10 (full 1):
 par new generation   total 109248K, used 109248K [0x00000007a0000000, 0x00000007a8000000, 0x00000007a8000000)
  eden space 87424K, 100% used [0x00000007a0000000, 0x00000007a5560000, 0x00000007a5560000)
  from space 21824K, 100% used [0x00000007a5560000, 0x00000007a6ab0000, 0x00000007a6ab0000)
  to   space 21824K,   0% used [0x00000007a6ab0000, 0x00000007a6ab0000, 0x00000007a8000000)
 concurrent mark-sweep generation total 393216K, used 69118K [0x00000007a8000000, 0x00000007c0000000, 0x00000007c0000000)
 Metaspace       used 30491K, capacity 30872K, committed 31228K, reserved 1077248K
  class space    used 3618K, capacity 3725K, committed 3836K, reserved 1048576K
2016-07-01T23:01:49.987-0530: 1642.268: [GC (Allocation Failure) 1642.268: [ParNew
Desired survivor size 20112992 bytes, new threshold 8 (max 8)
- age   1:    6878184 bytes,    6878184 total
- age   2:    5026896 bytes,   11905080 total
- age   4:    1029832 bytes,   12934912 total
- age   5:    2363752 bytes,   15298664 total
: 109248K->19412K(109248K), 0.0319872 secs] 178366K->88531K(502464K), 0.0320768 secs] [Times: user=0.05 sys=0.05, real=0.03 secs] 
Heap after GC invocations=11 (full 1):
 par new generation   total 109248K, used 19412K [0x00000007a0000000, 0x00000007a8000000, 0x00000007a8000000)
  eden space 87424K,   0% used [0x00000007a0000000, 0x00000007a0000000, 0x00000007a5560000)
  from space 21824K,  88% used [0x00000007a6ab0000, 0x00000007a7da53c0, 0x00000007a8000000)
  to   space 21824K,   0% used [0x00000007a5560000, 0x00000007a5560000, 0x00000007a6ab0000)
 concurrent mark-sweep generation total 393216K, used 69118K [0x00000007a8000000, 0x00000007c0000000, 0x00000007c0000000)
 Metaspace       used 30491K, capacity 30872K, committed 31228K, reserved 1077248K
  class space    used 3618K, capacity 3725K, committed 3836K, reserved 1048576K
}
2016-07-01T23:01:50.019-0530: 1642.300: Total time for which application threads were stopped: 0.0322752 seconds
{Heap before GC invocations=11 (full 1):
 par new generation   total 109248K, used 106836K [0x00000007a0000000, 0x00000007a8000000, 0x00000007a8000000)
  eden space 87424K, 100% used [0x00000007a0000000, 0x00000007a5560000, 0x00000007a5560000)
  from space 21824K,  88% used [0x00000007a6ab0000, 0x00000007a7da53c0, 0x00000007a8000000)
  to   space 21824K,   0% used [0x00000007a5560000, 0x00000007a5560000, 0x00000007a6ab0000)
 concurrent mark-sweep generation total 393216K, used 69118K [0x00000007a8000000, 0x00000007c0000000, 0x00000007c0000000)
 Metaspace       used 30491K, capacity 30872K, committed 31228K, reserved 1077248K
  class space    used 3618K, capacity 3725K, committed 3836K, reserved 1048576K
2016-07-01T23:01:50.519-0530: 1642.800: [GC (Allocation Failure) 1642.800: [ParNew
Desired survivor size 20112992 bytes, new threshold 6 (max 8)
- age   1:    7017408 bytes,    7017408 total
- age   2:    6877760 bytes,   13895168 total
- age   3:    5021344 bytes,   18916512 total
- age   5:    1029800 bytes,   19946312 total
- age   6:    2363752 bytes,   22310064 total
: 106836K->21824K(109248K), 0.0970649 secs] 175955K->125393K(502464K), 0.0971315 secs] [Times: user=0.30 sys=0.06, real=0.10 secs] 
Heap after GC invocations=12 (full 1):
 par new generation   total 109248K, used 21824K [0x00000007a0000000, 0x00000007a8000000, 0x00000007a8000000)
  eden space 87424K,   0% used [0x00000007a0000000, 0x00000007a0000000, 0x00000007a5560000)
  from space 21824K, 100% used [0x00000007a5560000, 0x00000007a6ab0000, 0x00000007a6ab0000)
  to   space 21824K,   0% used [0x00000007a6ab0000, 0x00000007a6ab0000, 0x00000007a8000000)
 concurrent mark-sweep generation total 393216K, used 103569K [0x00000007a8000000, 0x00000007c0000000, 0x00000007c0000000)
 Metaspace       used 30491K, capacity 30872K, committed 31228K, reserved 1077248K
  class space    used 3618K, capacity 3725K, committed 3836K, reserved 1048576K
}
2016-07-01T23:01:50.616-0530: 1642.897: Total time for which application threads were stopped: 0.0973654 seconds
{Heap before GC invocations=12 (full 1):
 par new generation   total 109248K, used 106795K [0x00000007a0000000, 0x00000007a8000000, 0x00000007a8000000)
  eden space 87424K,  97% used [0x00000007a0000000, 0x00000007a52fac90, 0x00000007a5560000)
  from space 21824K, 100% used [0x00000007a5560000, 0x00000007a6ab0000, 0x00000007a6ab0000)
  to   space 21824K,   0% used [0x00000007a6ab0000, 0x00000007a6ab0000, 0x00000007a8000000)
 concurrent mark-sweep generation total 393216K, used 103569K [0x00000007a8000000, 0x00000007c0000000, 0x00000007c0000000)
 Metaspace       used 30495K, capacity 30872K, committed 31228K, reserved 1077248K
  class space    used 3618K, capacity 3725K, committed 3836K, reserved 1048576K
2016-07-01T23:01:51.630-0530: 1643.911: [GC (Allocation Failure) 1643.911: [ParNew
Desired survivor size 20112992 bytes, new threshold 4 (max 8)
- age   1:    7157856 bytes,    7157856 total
- age   2:    5284528 bytes,   12442384 total
- age   3:    6784824 bytes,   19227208 total
- age   4:    1871432 bytes,   21098640 total
- age   6:    1029800 bytes,   22128440 total
: 106795K->21824K(109248K), 0.0363367 secs] 210364K->132550K(502464K), 0.0364257 secs] [Times: user=0.10 sys=0.02, real=0.03 secs] 
Heap after GC invocations=13 (full 1):
 par new generation   total 109248K, used 21824K [0x00000007a0000000, 0x00000007a8000000, 0x00000007a8000000)
  eden space 87424K,   0% used [0x00000007a0000000, 0x00000007a0000000, 0x00000007a5560000)
  from space 21824K, 100% used [0x00000007a6ab0000, 0x00000007a8000000, 0x00000007a8000000)
  to   space 21824K,   0% used [0x00000007a5560000, 0x00000007a5560000, 0x00000007a6ab0000)
 concurrent mark-sweep generation total 393216K, used 110726K [0x00000007a8000000, 0x00000007c0000000, 0x00000007c0000000)
 Metaspace       used 30495K, capacity 30872K, committed 31228K, reserved 1077248K
  class space    used 3618K, capacity 3725K, committed 3836K, reserved 1048576K
}
2016-07-01T23:01:51.666-0530: 1643.947: Total time for which application threads were stopped: 0.0366214 seconds
2016-07-01T23:01:52.563-0530: 1644.844: Total time for which application threads were stopped: 0.0002026 seconds
2016-07-01T23:01:53.566-0530: 1645.847: Total time for which application threads were stopped: 0.0001424 seconds
{Heap before GC invocations=13 (full 1):
 par new generation   total 109248K, used 109248K [0x00000007a0000000, 0x00000007a8000000, 0x00000007a8000000)
  eden space 87424K, 100% used [0x00000007a0000000, 0x00000007a5560000, 0x00000007a5560000)
  from space 21824K, 100% used [0x00000007a6ab0000, 0x00000007a8000000, 0x00000007a8000000)
  to   space 21824K,   0% used [0x00000007a5560000, 0x00000007a5560000, 0x00000007a6ab0000)
 concurrent mark-sweep generation total 393216K, used 110726K [0x00000007a8000000, 0x00000007c0000000, 0x00000007c0000000)
 Metaspace       used 30517K, capacity 30872K, committed 31228K, reserved 1077248K
  class space    used 3618K, capacity 3725K, committed 3836K, reserved 1048576K
2016-07-01T23:02:26.173-0530: 1678.454: [GC (Allocation Failure) 1678.483: [ParNew
Desired survivor size 20112992 bytes, new threshold 4 (max 8)
- age   1:   14479816 bytes,   14479816 total
- age   3:    1407808 bytes,   15887624 total
- age   4:    6459800 bytes,   22347424 total
: 109248K->21824K(109248K), 0.0805314 secs] 219974K->154564K(502464K), 0.1096669 secs] [Times: user=0.17 sys=0.02, real=0.11 secs] 
Heap after GC invocations=14 (full 1):
 par new generation   total 109248K, used 21824K [0x00000007a0000000, 0x00000007a8000000, 0x00000007a8000000)
  eden space 87424K,   0% used [0x00000007a0000000, 0x00000007a0000000, 0x00000007a5560000)
  from space 21824K, 100% used [0x00000007a5560000, 0x00000007a6ab0000, 0x00000007a6ab0000)
  to   space 21824K,   0% used [0x00000007a6ab0000, 0x00000007a6ab0000, 0x00000007a8000000)
 concurrent mark-sweep generation total 393216K, used 132740K [0x00000007a8000000, 0x00000007c0000000, 0x00000007c0000000)
 Metaspace       used 30517K, capacity 30872K, committed 31228K, reserved 1077248K
  class space    used 3618K, capacity 3725K, committed 3836K, reserved 1048576K
}
2016-07-01T23:02:26.282-0530: 1678.564: Total time for which application threads were stopped: 0.1098776 seconds
{Heap before GC invocations=14 (full 1):
 par new generation   total 109248K, used 109248K [0x00000007a0000000, 0x00000007a8000000, 0x00000007a8000000)
  eden space 87424K, 100% used [0x00000007a0000000, 0x00000007a5560000, 0x00000007a5560000)
  from space 21824K, 100% used [0x00000007a5560000, 0x00000007a6ab0000, 0x00000007a6ab0000)
  to   space 21824K,   0% used [0x00000007a6ab0000, 0x00000007a6ab0000, 0x00000007a8000000)
 concurrent mark-sweep generation total 393216K, used 132740K [0x00000007a8000000, 0x00000007c0000000, 0x00000007c0000000)
 Metaspace       used 30517K, capacity 30872K, committed 31228K, reserved 1077248K
  class space    used 3618K, capacity 3725K, committed 3836K, reserved 1048576K
2016-07-01T23:02:26.959-0530: 1679.240: [GC (Allocation Failure) 1679.250: [ParNew
Desired survivor size 20112992 bytes, new threshold 2 (max 8)
- age   1:   12656424 bytes,   12656424 total
- age   2:    7588688 bytes,   20245112 total
- age   4:    1407808 bytes,   21652920 total
: 109248K->21824K(109248K), 0.0568385 secs] 241988K->173672K(502464K), 0.0659643 secs] [Times: user=0.12 sys=0.01, real=0.07 secs] 
Heap after GC invocations=15 (full 1):
 par new generation   total 109248K, used 21824K [0x00000007a0000000, 0x00000007a8000000, 0x00000007a8000000)
  eden space 87424K,   0% used [0x00000007a0000000, 0x00000007a0000000, 0x00000007a5560000)
  from space 21824K, 100% used [0x00000007a6ab0000, 0x00000007a8000000, 0x00000007a8000000)
  to   space 21824K,   0% used [0x00000007a5560000, 0x00000007a5560000, 0x00000007a6ab0000)
 concurrent mark-sweep generation total 393216K, used 151848K [0x00000007a8000000, 0x00000007c0000000, 0x00000007c0000000)
 Metaspace       used 30517K, capacity 30872K, committed 31228K, reserved 1077248K
  class space    used 3618K, capacity 3725K, committed 3836K, reserved 1048576K
}
2016-07-01T23:02:27.025-0530: 1679.306: Total time for which application threads were stopped: 0.0662045 seconds
2016-07-01T23:02:28.030-0530: 1680.312: Total time for which application threads were stopped: 0.0001415 seconds
2016-07-01T23:02:28.426-0530: 1680.708: Total time for which application threads were stopped: 0.0001784 seconds
2016-07-01T23:02:29.430-0530: 1681.712: Total time for which application threads were stopped: 0.0003665 seconds
2016-07-01T23:03:18.513-0530: 1730.795: Total time for which application threads were stopped: 0.0000988 seconds
2016-07-01T23:03:18.513-0530: 1730.795: Total time for which application threads were stopped: 0.0000965 seconds
2016-07-01T23:03:22.863-0530: 1735.145: Total time for which application threads were stopped: 0.0000988 seconds
2016-07-01T23:03:25.534-0530: 1737.817: Total time for which application threads were stopped: 0.0000810 seconds
2016-07-01T23:05:54.183-0530: 1886.468: Total time for which application threads were stopped: 0.0001098 seconds
2016-07-01T23:05:54.184-0530: 1886.469: Total time for which application threads were stopped: 0.0002154 seconds
2016-07-01T23:05:54.184-0530: 1886.469: Total time for which application threads were stopped: 0.0000917 seconds
2016-07-01T23:05:54.191-0530: 1886.476: Total time for which application threads were stopped: 0.0019696 seconds
2016-07-01T23:05:54.228-0530: 1886.513: Total time for which application threads were stopped: 0.0001362 seconds
2016-07-01T23:05:54.228-0530: 1886.513: Total time for which application threads were stopped: 0.0000668 seconds
2016-07-01T23:05:54.231-0530: 1886.516: Total time for which application threads were stopped: 0.0003551 seconds
2016-07-01T23:05:55.232-0530: 1887.517: Total time for which application threads were stopped: 0.0001937 seconds
2016-07-01T23:05:55.533-0530: 1887.818: Total time for which application threads were stopped: 0.0000895 seconds
2016-07-01T23:05:55.533-0530: 1887.818: Total time for which application threads were stopped: 0.0000489 seconds
2016-07-01T23:05:55.533-0530: 1887.818: Total time for which application threads were stopped: 0.0000442 seconds
2016-07-01T23:05:55.565-0530: 1887.850: Total time for which application threads were stopped: 0.0000874 seconds
2016-07-01T23:05:55.670-0530: 1887.955: Total time for which application threads were stopped: 0.0001786 seconds
2016-07-01T23:05:55.670-0530: 1887.955: Total time for which application threads were stopped: 0.0001010 seconds
2016-07-01T23:05:55.670-0530: 1887.955: Total time for which application threads were stopped: 0.0000736 seconds
2016-07-01T23:05:55.670-0530: 1887.955: Total time for which application threads were stopped: 0.0000806 seconds
2016-07-01T23:05:55.671-0530: 1887.956: Total time for which application threads were stopped: 0.0000569 seconds
2016-07-01T23:05:55.671-0530: 1887.956: Total time for which application threads were stopped: 0.0000770 seconds
2016-07-01T23:05:55.671-0530: 1887.956: Total time for which application threads were stopped: 0.0000843 seconds
2016-07-01T23:05:55.671-0530: 1887.956: Total time for which application threads were stopped: 0.0000857 seconds
2016-07-01T23:05:55.671-0530: 1887.956: Total time for which application threads were stopped: 0.0000658 seconds
2016-07-01T23:05:55.671-0530: 1887.956: Total time for which application threads were stopped: 0.0000484 seconds
2016-07-01T23:05:55.678-0530: 1887.963: Total time for which application threads were stopped: 0.0000987 seconds
2016-07-01T23:05:55.678-0530: 1887.963: Total time for which application threads were stopped: 0.0000608 seconds
2016-07-01T23:05:55.678-0530: 1887.963: Total time for which application threads were stopped: 0.0000634 seconds
2016-07-01T23:05:55.678-0530: 1887.963: Total time for which application threads were stopped: 0.0000582 seconds
2016-07-01T23:05:55.678-0530: 1887.963: Total time for which application threads were stopped: 0.0000587 seconds
2016-07-01T23:05:55.678-0530: 1887.963: Total time for which application threads were stopped: 0.0000563 seconds
2016-07-01T23:05:55.679-0530: 1887.964: Total time for which application threads were stopped: 0.0001472 seconds
2016-07-01T23:05:55.680-0530: 1887.965: Total time for which application threads were stopped: 0.0000944 seconds
2016-07-01T23:05:55.680-0530: 1887.965: Total time for which application threads were stopped: 0.0001780 seconds
2016-07-01T23:05:55.680-0530: 1887.965: Total time for which application threads were stopped: 0.0001911 seconds
{Heap before GC invocations=15 (full 1):
 par new generation   total 109248K, used 109248K [0x00000007a0000000, 0x00000007a8000000, 0x00000007a8000000)
  eden space 87424K, 100% used [0x00000007a0000000, 0x00000007a5560000, 0x00000007a5560000)
  from space 21824K, 100% used [0x00000007a6ab0000, 0x00000007a8000000, 0x00000007a8000000)
  to   space 21824K,   0% used [0x00000007a5560000, 0x00000007a5560000, 0x00000007a6ab0000)
 concurrent mark-sweep generation total 393216K, used 151848K [0x00000007a8000000, 0x00000007c0000000, 0x00000007c0000000)
 Metaspace       used 30551K, capacity 30872K, committed 31228K, reserved 1077248K
  class space    used 3618K, capacity 3725K, committed 3836K, reserved 1048576K
2016-07-01T23:05:56.060-0530: 1888.345: [GC (Allocation Failure) 1888.345: [ParNew
Desired survivor size 20112992 bytes, new threshold 8 (max 8)
- age   1:   14798944 bytes,   14798944 total
- age   2:    4561696 bytes,   19360640 total
: 109248K->21824K(109248K), 0.0740560 secs] 261096K->195335K(502464K), 0.0741351 secs] [Times: user=0.13 sys=0.09, real=0.07 secs] 
Heap after GC invocations=16 (full 1):
 par new generation   total 109248K, used 21824K [0x00000007a0000000, 0x00000007a8000000, 0x00000007a8000000)
  eden space 87424K,   0% used [0x00000007a0000000, 0x00000007a0000000, 0x00000007a5560000)
  from space 21824K, 100% used [0x00000007a5560000, 0x00000007a6ab0000, 0x00000007a6ab0000)
  to   space 21824K,   0% used [0x00000007a6ab0000, 0x00000007a6ab0000, 0x00000007a8000000)
 concurrent mark-sweep generation total 393216K, used 173511K [0x00000007a8000000, 0x00000007c0000000, 0x00000007c0000000)
 Metaspace       used 30551K, capacity 30872K, committed 31228K, reserved 1077248K
  class space    used 3618K, capacity 3725K, committed 3836K, reserved 1048576K
}
2016-07-01T23:05:56.134-0530: 1888.419: Total time for which application threads were stopped: 0.0743615 seconds
{Heap before GC invocations=16 (full 1):
 par new generation   total 109248K, used 109248K [0x00000007a0000000, 0x00000007a8000000, 0x00000007a8000000)
  eden space 87424K, 100% used [0x00000007a0000000, 0x00000007a5560000, 0x00000007a5560000)
  from space 21824K, 100% used [0x00000007a5560000, 0x00000007a6ab0000, 0x00000007a6ab0000)
  to   space 21824K,   0% used [0x00000007a6ab0000, 0x00000007a6ab0000, 0x00000007a8000000)
 concurrent mark-sweep generation total 393216K, used 173511K [0x00000007a8000000, 0x00000007c0000000, 0x00000007c0000000)
 Metaspace       used 30551K, capacity 30872K, committed 31228K, reserved 1077248K
  class space    used 3618K, capacity 3725K, committed 3836K, reserved 1048576K
2016-07-01T23:05:56.633-0530: 1888.918: [GC (Allocation Failure) 1888.918: [ParNew
Desired survivor size 20112992 bytes, new threshold 3 (max 8)
- age   1:    7748168 bytes,    7748168 total
- age   2:    9193640 bytes,   16941808 total
- age   3:    4561696 bytes,   21503504 total
: 109248K->21824K(109248K), 0.0338143 secs] 282759K->201324K(502464K), 0.0339049 secs] [Times: user=0.07 sys=0.01, real=0.03 secs] 
Heap after GC invocations=17 (full 1):
 par new generation   total 109248K, used 21824K [0x00000007a0000000, 0x00000007a8000000, 0x00000007a8000000)
  eden space 87424K,   0% used [0x00000007a0000000, 0x00000007a0000000, 0x00000007a5560000)
  from space 21824K, 100% used [0x00000007a6ab0000, 0x00000007a8000000, 0x00000007a8000000)
  to   space 21824K,   0% used [0x00000007a5560000, 0x00000007a5560000, 0x00000007a6ab0000)
 concurrent mark-sweep generation total 393216K, used 179500K [0x00000007a8000000, 0x00000007c0000000, 0x00000007c0000000)
 Metaspace       used 30551K, capacity 30872K, committed 31228K, reserved 1077248K
  class space    used 3618K, capacity 3725K, committed 3836K, reserved 1048576K
}
2016-07-01T23:05:56.667-0530: 1888.952: Total time for which application threads were stopped: 0.0341408 seconds
2016-07-01T23:05:57.669-0530: 1889.954: Total time for which application threads were stopped: 0.0002710 seconds
2016-07-01T23:05:58.199-0530: 1890.484: Total time for which application threads were stopped: 0.0001418 seconds
2016-07-01T23:05:59.201-0530: 1891.486: Total time for which application threads were stopped: 0.0002823 seconds
2016-07-01T23:06:09.859-0530: 1902.144: Total time for which application threads were stopped: 0.0000867 seconds
2016-07-01T23:06:09.859-0530: 1902.145: Total time for which application threads were stopped: 0.0000772 seconds
2016-07-01T23:06:09.906-0530: 1902.191: Total time for which application threads were stopped: 0.0002478 seconds
2016-07-01T23:06:10.906-0530: 1903.192: Total time for which application threads were stopped: 0.0001239 seconds
2016-07-01T23:06:14.920-0530: 1907.206: Total time for which application threads were stopped: 0.0002342 seconds
2016-07-01T23:06:42.999-0530: 1935.284: Total time for which application threads were stopped: 0.0000995 seconds
2016-07-01T23:06:44.002-0530: 1936.288: Total time for which application threads were stopped: 0.0001153 seconds
2016-07-01T23:06:45.006-0530: 1937.292: Total time for which application threads were stopped: 0.0001089 seconds
2016-07-01T23:06:46.012-0530: 1938.297: Total time for which application threads were stopped: 0.0002217 seconds
{Heap before GC invocations=17 (full 1):
 par new generation   total 109248K, used 109146K [0x00000007a0000000, 0x00000007a8000000, 0x00000007a8000000)
  eden space 87424K,  99% used [0x00000007a0000000, 0x00000007a55468f0, 0x00000007a5560000)
  from space 21824K, 100% used [0x00000007a6ab0000, 0x00000007a8000000, 0x00000007a8000000)
  to   space 21824K,   0% used [0x00000007a5560000, 0x00000007a5560000, 0x00000007a6ab0000)
 concurrent mark-sweep generation total 393216K, used 179500K [0x00000007a8000000, 0x00000007c0000000, 0x00000007c0000000)
 Metaspace       used 30610K, capacity 31000K, committed 31484K, reserved 1077248K
  class space    used 3620K, capacity 3725K, committed 3836K, reserved 1048576K
2016-07-01T23:06:48.021-0530: 1940.307: [GC (Allocation Failure) 1940.321: [ParNew
Desired survivor size 20112992 bytes, new threshold 3 (max 8)
- age   1:   12757384 bytes,   12757384 total
- age   2:    2434472 bytes,   15191856 total
- age   3:    7136592 bytes,   22328448 total
: 109146K->21824K(109248K), 0.0431797 secs] 288647K->219161K(502464K), 0.0577109 secs] [Times: user=0.14 sys=0.02, real=0.05 secs] 
Heap after GC invocations=18 (full 1):
 par new generation   total 109248K, used 21824K [0x00000007a0000000, 0x00000007a8000000, 0x00000007a8000000)
  eden space 87424K,   0% used [0x00000007a0000000, 0x00000007a0000000, 0x00000007a5560000)
  from space 21824K, 100% used [0x00000007a5560000, 0x00000007a6ab0000, 0x00000007a6ab0000)
  to   space 21824K,   0% used [0x00000007a6ab0000, 0x00000007a6ab0000, 0x00000007a8000000)
 concurrent mark-sweep generation total 393216K, used 197337K [0x00000007a8000000, 0x00000007c0000000, 0x00000007c0000000)
 Metaspace       used 30610K, capacity 31000K, committed 31484K, reserved 1077248K
  class space    used 3620K, capacity 3725K, committed 3836K, reserved 1048576K
}
2016-07-01T23:06:48.079-0530: 1940.365: Total time for which application threads were stopped: 0.0579308 seconds
2016-07-01T23:06:48.079-0530: 1940.365: [GC (CMS Initial Mark) [1 CMS-initial-mark: 197337K(393216K)] 219764K(502464K), 0.0075670 secs] [Times: user=0.02 sys=0.00, real=0.01 secs] 
2016-07-01T23:06:48.087-0530: 1940.373: Total time for which application threads were stopped: 0.0077484 seconds
2016-07-01T23:06:48.087-0530: 1940.373: [CMS-concurrent-mark-start]
2016-07-01T23:06:48.126-0530: 1940.411: [CMS-concurrent-mark: 0.039/0.039 secs] [Times: user=0.13 sys=0.02, real=0.04 secs] 
2016-07-01T23:06:48.126-0530: 1940.412: [CMS-concurrent-preclean-start]
2016-07-01T23:06:48.127-0530: 1940.413: [CMS-concurrent-preclean: 0.001/0.001 secs] [Times: user=0.00 sys=0.00, real=0.00 secs] 
2016-07-01T23:06:48.127-0530: 1940.413: [CMS-concurrent-abortable-preclean-start]
2016-07-01T23:06:48.631-0530: 1940.917: [CMS-concurrent-abortable-preclean: 0.197/0.504 secs] [Times: user=0.70 sys=0.01, real=0.51 secs] 
2016-07-01T23:06:48.631-0530: 1940.917: [GC (CMS Final Remark) [YG occupancy: 102604 K (109248 K)]{Heap before GC invocations=18 (full 2):
 par new generation   total 109248K, used 102604K [0x00000007a0000000, 0x00000007a8000000, 0x00000007a8000000)
  eden space 87424K,  92% used [0x00000007a0000000, 0x00000007a4ee32f0, 0x00000007a5560000)
  from space 21824K, 100% used [0x00000007a5560000, 0x00000007a6ab0000, 0x00000007a6ab0000)
  to   space 21824K,   0% used [0x00000007a6ab0000, 0x00000007a6ab0000, 0x00000007a8000000)
 concurrent mark-sweep generation total 393216K, used 197337K [0x00000007a8000000, 0x00000007c0000000, 0x00000007c0000000)
 Metaspace       used 30613K, capacity 31000K, committed 31484K, reserved 1077248K
  class space    used 3620K, capacity 3725K, committed 3836K, reserved 1048576K
2016-07-01T23:06:48.631-0530: 1940.917: [GC (CMS Final Remark) 1940.917: [ParNew
Desired survivor size 20112992 bytes, new threshold 8 (max 8)
- age   1:    7050264 bytes,    7050264 total
- age   2:   10275648 bytes,   17325912 total
- age   3:    2434472 bytes,   19760384 total
: 102604K->21824K(109248K), 0.0349172 secs] 299941K->235632K(502464K), 0.0349727 secs] [Times: user=0.10 sys=0.01, real=0.03 secs] 
Heap after GC invocations=19 (full 2):
 par new generation   total 109248K, used 21824K [0x00000007a0000000, 0x00000007a8000000, 0x00000007a8000000)
  eden space 87424K,   0% used [0x00000007a0000000, 0x00000007a0000000, 0x00000007a5560000)
  from space 21824K, 100% used [0x00000007a6ab0000, 0x00000007a8000000, 0x00000007a8000000)
  to   space 21824K,   0% used [0x00000007a5560000, 0x00000007a5560000, 0x00000007a6ab0000)
 concurrent mark-sweep generation total 393216K, used 213808K [0x00000007a8000000, 0x00000007c0000000, 0x00000007c0000000)
 Metaspace       used 30613K, capacity 31000K, committed 31484K, reserved 1077248K
  class space    used 3620K, capacity 3725K, committed 3836K, reserved 1048576K
}
1940.952: [Rescan (parallel) , 0.0084990 secs]1940.961: [weak refs processing, 0.0007389 secs]1940.961: [class unloading, 0.0464673 secs]1941.008: [scrub symbol table, 0.0109025 secs]1941.019: [scrub string table, 0.0006388 secs][1 CMS-remark: 213808K(393216K)] 235632K(502464K), 0.1070979 secs] [Times: user=0.17 sys=0.04, real=0.10 secs] 
2016-07-01T23:06:48.738-0530: 1941.024: Total time for which application threads were stopped: 0.1073034 seconds
2016-07-01T23:06:48.738-0530: 1941.024: [CMS-concurrent-sweep-start]
2016-07-01T23:06:48.940-0530: 1941.226: [CMS-concurrent-sweep: 0.202/0.202 secs] [Times: user=0.34 sys=0.05, real=0.21 secs] 
2016-07-01T23:06:48.940-0530: 1941.226: [CMS-concurrent-reset-start]
2016-07-01T23:06:48.943-0530: 1941.229: [CMS-concurrent-reset: 0.003/0.003 secs] [Times: user=0.00 sys=0.01, real=0.00 secs] 
2016-07-01T23:06:49.742-0530: 1942.028: Total time for which application threads were stopped: 0.0003072 seconds
2016-07-01T23:06:50.504-0530: 1942.790: Total time for which application threads were stopped: 0.0001519 seconds
2016-07-01T23:06:51.508-0530: 1943.794: Total time for which application threads were stopped: 0.0001814 seconds
2016-07-01T23:06:59.909-0530: 1952.195: Total time for which application threads were stopped: 0.0000940 seconds
2016-07-01T23:06:59.909-0530: 1952.195: Total time for which application threads were stopped: 0.0000572 seconds
2016-07-01T23:07:00.911-0530: 1953.197: Total time for which application threads were stopped: 0.0000893 seconds
2016-07-01T23:07:40.595-0530: 1992.882: Total time for which application threads were stopped: 0.0001322 seconds
2016-07-01T23:07:40.595-0530: 1992.882: Total time for which application threads were stopped: 0.0000738 seconds
2016-07-01T23:07:44.972-0530: 1997.259: Total time for which application threads were stopped: 0.0001286 seconds
2016-07-01T23:07:44.973-0530: 1997.259: Total time for which application threads were stopped: 0.0001130 seconds
2016-07-01T23:07:44.973-0530: 1997.260: Total time for which application threads were stopped: 0.0000664 seconds
2016-07-01T23:07:44.973-0530: 1997.260: Total time for which application threads were stopped: 0.0000467 seconds
2016-07-01T23:07:44.997-0530: 1997.284: Total time for which application threads were stopped: 0.0001134 seconds
2016-07-01T23:07:44.998-0530: 1997.284: Total time for which application threads were stopped: 0.0000514 seconds
2016-07-01T23:07:44.999-0530: 1997.286: Total time for which application threads were stopped: 0.0000852 seconds
2016-07-01T23:07:46.003-0530: 1998.290: Total time for which application threads were stopped: 0.0003050 seconds
2016-07-01T23:07:46.406-0530: 1998.693: Total time for which application threads were stopped: 0.0000983 seconds
2016-07-01T23:07:46.406-0530: 1998.693: Total time for which application threads were stopped: 0.0000720 seconds
2016-07-01T23:07:46.407-0530: 1998.694: Total time for which application threads were stopped: 0.0000845 seconds
{Heap before GC invocations=19 (full 2):
 par new generation   total 109248K, used 109248K [0x00000007a0000000, 0x00000007a8000000, 0x00000007a8000000)
  eden space 87424K, 100% used [0x00000007a0000000, 0x00000007a5560000, 0x00000007a5560000)
  from space 21824K, 100% used [0x00000007a6ab0000, 0x00000007a8000000, 0x00000007a8000000)
  to   space 21824K,   0% used [0x00000007a5560000, 0x00000007a5560000, 0x00000007a6ab0000)
 concurrent mark-sweep generation total 393216K, used 59952K [0x00000007a8000000, 0x00000007c0000000, 0x00000007c0000000)
 Metaspace       used 30576K, capacity 30972K, committed 31484K, reserved 1077248K
  class space    used 3611K, capacity 3709K, committed 3836K, reserved 1048576K
2016-07-01T23:07:46.432-0530: 1998.719: [GC (Allocation Failure) 1998.736: [ParNew
Desired survivor size 20112992 bytes, new threshold 3 (max 8)
- age   1:    7225848 bytes,    7225848 total
- age   2:    5281552 bytes,   12507400 total
- age   3:    8202016 bytes,   20709416 total
- age   4:     793336 bytes,   21502752 total
: 109248K->21824K(109248K), 0.0512508 secs] 169200K->88258K(502464K), 0.0685178 secs] [Times: user=0.07 sys=0.07, real=0.07 secs] 
Heap after GC invocations=20 (full 2):
 par new generation   total 109248K, used 21824K [0x00000007a0000000, 0x00000007a8000000, 0x00000007a8000000)
  eden space 87424K,   0% used [0x00000007a0000000, 0x00000007a0000000, 0x00000007a5560000)
  from space 21824K, 100% used [0x00000007a5560000, 0x00000007a6ab0000, 0x00000007a6ab0000)
  to   space 21824K,   0% used [0x00000007a6ab0000, 0x00000007a6ab0000, 0x00000007a8000000)
 concurrent mark-sweep generation total 393216K, used 66434K [0x00000007a8000000, 0x00000007c0000000, 0x00000007c0000000)
 Metaspace       used 30576K, capacity 30972K, committed 31484K, reserved 1077248K
  class space    used 3611K, capacity 3709K, committed 3836K, reserved 1048576K
}
2016-07-01T23:07:46.500-0530: 1998.787: Total time for which application threads were stopped: 0.0687009 seconds
2016-07-01T23:07:46.504-0530: 1998.791: Total time for which application threads were stopped: 0.0001097 seconds
2016-07-01T23:07:46.504-0530: 1998.791: Total time for which application threads were stopped: 0.0000838 seconds
2016-07-01T23:07:46.505-0530: 1998.791: Total time for which application threads were stopped: 0.0000631 seconds
2016-07-01T23:07:46.505-0530: 1998.792: Total time for which application threads were stopped: 0.0000542 seconds
2016-07-01T23:07:46.505-0530: 1998.792: Total time for which application threads were stopped: 0.0000444 seconds
2016-07-01T23:07:46.505-0530: 1998.792: Total time for which application threads were stopped: 0.0000660 seconds
2016-07-01T23:07:46.505-0530: 1998.792: Total time for which application threads were stopped: 0.0000565 seconds
2016-07-01T23:07:46.505-0530: 1998.792: Total time for which application threads were stopped: 0.0000583 seconds
2016-07-01T23:07:46.505-0530: 1998.792: Total time for which application threads were stopped: 0.0000712 seconds
2016-07-01T23:07:46.505-0530: 1998.792: Total time for which application threads were stopped: 0.0000488 seconds
2016-07-01T23:07:46.505-0530: 1998.792: Total time for which application threads were stopped: 0.0000774 seconds
2016-07-01T23:07:46.506-0530: 1998.792: Total time for which application threads were stopped: 0.0000573 seconds
2016-07-01T23:07:46.506-0530: 1998.793: Total time for which application threads were stopped: 0.0000547 seconds
2016-07-01T23:07:46.506-0530: 1998.793: Total time for which application threads were stopped: 0.0000538 seconds
2016-07-01T23:07:46.506-0530: 1998.793: Total time for which application threads were stopped: 0.0000515 seconds
2016-07-01T23:07:46.506-0530: 1998.793: Total time for which application threads were stopped: 0.0000776 seconds
2016-07-01T23:07:46.506-0530: 1998.793: Total time for which application threads were stopped: 0.0000524 seconds
2016-07-01T23:07:46.506-0530: 1998.793: Total time for which application threads were stopped: 0.0000722 seconds
2016-07-01T23:07:46.506-0530: 1998.793: Total time for which application threads were stopped: 0.0000626 seconds
2016-07-01T23:07:46.507-0530: 1998.793: Total time for which application threads were stopped: 0.0001133 seconds
{Heap before GC invocations=20 (full 2):
 par new generation   total 109248K, used 109248K [0x00000007a0000000, 0x00000007a8000000, 0x00000007a8000000)
  eden space 87424K, 100% used [0x00000007a0000000, 0x00000007a5560000, 0x00000007a5560000)
  from space 21824K, 100% used [0x00000007a5560000, 0x00000007a6ab0000, 0x00000007a6ab0000)
  to   space 21824K,   0% used [0x00000007a6ab0000, 0x00000007a6ab0000, 0x00000007a8000000)
 concurrent mark-sweep generation total 393216K, used 66434K [0x00000007a8000000, 0x00000007c0000000, 0x00000007c0000000)
 Metaspace       used 30577K, capacity 30972K, committed 31484K, reserved 1077248K
  class space    used 3611K, capacity 3709K, committed 3836K, reserved 1048576K
2016-07-01T23:07:46.997-0530: 1999.284: [GC (Allocation Failure) 1999.284: [ParNew
Desired survivor size 20112992 bytes, new threshold 3 (max 8)
- age   1:    9822360 bytes,    9822360 total
- age   2:    7210800 bytes,   17033160 total
- age   3:    5280456 bytes,   22313616 total
: 109248K->21824K(109248K), 0.1004138 secs] 175682K->130029K(502464K), 0.1005171 secs] [Times: user=0.21 sys=0.09, real=0.10 secs] 
Heap after GC invocations=21 (full 2):
 par new generation   total 109248K, used 21824K [0x00000007a0000000, 0x00000007a8000000, 0x00000007a8000000)
  eden space 87424K,   0% used [0x00000007a0000000, 0x00000007a0000000, 0x00000007a5560000)
  from space 21824K, 100% used [0x00000007a6ab0000, 0x00000007a8000000, 0x00000007a8000000)
  to   space 21824K,   0% used [0x00000007a5560000, 0x00000007a5560000, 0x00000007a6ab0000)
 concurrent mark-sweep generation total 393216K, used 108205K [0x00000007a8000000, 0x00000007c0000000, 0x00000007c0000000)
 Metaspace       used 30577K, capacity 30972K, committed 31484K, reserved 1077248K
  class space    used 3611K, capacity 3709K, committed 3836K, reserved 1048576K
}
2016-07-01T23:07:47.097-0530: 1999.384: Total time for which application threads were stopped: 0.1007268 seconds
2016-07-01T23:07:48.102-0530: 2000.389: Total time for which application threads were stopped: 0.0002282 seconds
2016-07-01T23:07:48.963-0530: 2001.250: Total time for which application threads were stopped: 0.0001507 seconds
2016-07-01T23:07:49.965-0530: 2002.252: Total time for which application threads were stopped: 0.0002586 seconds
2016-07-01T23:08:37.085-0530: 2049.373: Total time for which application threads were stopped: 0.0004387 seconds
2016-07-01T23:08:39.019-0530: 2051.307: Total time for which application threads were stopped: 0.0001032 seconds
2016-07-01T23:08:39.019-0530: 2051.307: Total time for which application threads were stopped: 0.0000529 seconds
2016-07-01T23:09:26.104-0530: 2098.393: Total time for which application threads were stopped: 0.0001063 seconds
2016-07-01T23:09:26.243-0530: 2098.532: Total time for which application threads were stopped: 0.0000892 seconds
2016-07-01T23:09:26.243-0530: 2098.532: Total time for which application threads were stopped: 0.0000613 seconds
2016-07-01T23:09:26.244-0530: 2098.533: Total time for which application threads were stopped: 0.0000822 seconds
2016-07-01T23:09:26.268-0530: 2098.557: Total time for which application threads were stopped: 0.0000843 seconds
2016-07-01T23:09:26.268-0530: 2098.557: Total time for which application threads were stopped: 0.0000525 seconds
2016-07-01T23:09:26.269-0530: 2098.558: Total time for which application threads were stopped: 0.0000733 seconds
2016-07-01T23:09:27.271-0530: 2099.560: Total time for which application threads were stopped: 0.0001367 seconds
2016-07-01T23:09:27.911-0530: 2100.200: Total time for which application threads were stopped: 0.0001304 seconds
2016-07-01T23:09:27.912-0530: 2100.200: Total time for which application threads were stopped: 0.0000536 seconds
2016-07-01T23:09:27.912-0530: 2100.201: Total time for which application threads were stopped: 0.0000923 seconds
2016-07-01T23:09:27.961-0530: 2100.250: Total time for which application threads were stopped: 0.0001072 seconds
2016-07-01T23:09:27.961-0530: 2100.250: Total time for which application threads were stopped: 0.0000799 seconds
2016-07-01T23:09:27.963-0530: 2100.252: Total time for which application threads were stopped: 0.0001295 seconds
2016-07-01T23:09:27.993-0530: 2100.282: Total time for which application threads were stopped: 0.0001015 seconds
2016-07-01T23:09:27.994-0530: 2100.282: Total time for which application threads were stopped: 0.0000624 seconds
2016-07-01T23:09:27.995-0530: 2100.284: Total time for which application threads were stopped: 0.0001212 seconds
{Heap before GC invocations=21 (full 2):
 par new generation   total 109248K, used 109248K [0x00000007a0000000, 0x00000007a8000000, 0x00000007a8000000)
  eden space 87424K, 100% used [0x00000007a0000000, 0x00000007a5560000, 0x00000007a5560000)
  from space 21824K, 100% used [0x00000007a6ab0000, 0x00000007a8000000, 0x00000007a8000000)
  to   space 21824K,   0% used [0x00000007a5560000, 0x00000007a5560000, 0x00000007a6ab0000)
 concurrent mark-sweep generation total 393216K, used 108205K [0x00000007a8000000, 0x00000007c0000000, 0x00000007c0000000)
 Metaspace       used 30591K, capacity 30972K, committed 31484K, reserved 1077248K
  class space    used 3611K, capacity 3709K, committed 3836K, reserved 1048576K
2016-07-01T23:09:28.031-0530: 2100.320: [GC (Allocation Failure) 2100.320: [ParNew
Desired survivor size 20112992 bytes, new threshold 8 (max 8)
- age   1:    2015600 bytes,    2015600 total
- age   2:    2807216 bytes,    4822816 total
- age   3:    6823200 bytes,   11646016 total
: 109248K->21520K(109248K), 0.0285993 secs] 217453K->134882K(502464K), 0.0286908 secs] [Times: user=0.06 sys=0.01, real=0.03 secs] 
Heap after GC invocations=22 (full 2):
 par new generation   total 109248K, used 21520K [0x00000007a0000000, 0x00000007a8000000, 0x00000007a8000000)
  eden space 87424K,   0% used [0x00000007a0000000, 0x00000007a0000000, 0x00000007a5560000)
  from space 21824K,  98% used [0x00000007a5560000, 0x00000007a6a64280, 0x00000007a6ab0000)
  to   space 21824K,   0% used [0x00000007a6ab0000, 0x00000007a6ab0000, 0x00000007a8000000)
 concurrent mark-sweep generation total 393216K, used 113361K [0x00000007a8000000, 0x00000007c0000000, 0x00000007c0000000)
 Metaspace       used 30591K, capacity 30972K, committed 31484K, reserved 1077248K
  class space    used 3611K, capacity 3709K, committed 3836K, reserved 1048576K
}
2016-07-01T23:09:28.060-0530: 2100.348: Total time for which application threads were stopped: 0.0530488 seconds
2016-07-01T23:09:28.079-0530: 2100.368: Total time for which application threads were stopped: 0.0001520 seconds
2016-07-01T23:09:28.079-0530: 2100.368: Total time for which application threads were stopped: 0.0001171 seconds
2016-07-01T23:09:28.080-0530: 2100.368: Total time for which application threads were stopped: 0.0000841 seconds
2016-07-01T23:09:28.080-0530: 2100.369: Total time for which application threads were stopped: 0.0000711 seconds
2016-07-01T23:09:28.080-0530: 2100.369: Total time for which application threads were stopped: 0.0000443 seconds
2016-07-01T23:09:28.080-0530: 2100.369: Total time for which application threads were stopped: 0.0000417 seconds
2016-07-01T23:09:28.081-0530: 2100.369: Total time for which application threads were stopped: 0.0000571 seconds
2016-07-01T23:09:28.081-0530: 2100.369: Total time for which application threads were stopped: 0.0000570 seconds
2016-07-01T23:09:28.081-0530: 2100.370: Total time for which application threads were stopped: 0.0000671 seconds
{Heap before GC invocations=22 (full 2):
 par new generation   total 109248K, used 108944K [0x00000007a0000000, 0x00000007a8000000, 0x00000007a8000000)
  eden space 87424K, 100% used [0x00000007a0000000, 0x00000007a5560000, 0x00000007a5560000)
  from space 21824K,  98% used [0x00000007a5560000, 0x00000007a6a64280, 0x00000007a6ab0000)
  to   space 21824K,   0% used [0x00000007a6ab0000, 0x00000007a6ab0000, 0x00000007a8000000)
 concurrent mark-sweep generation total 393216K, used 113361K [0x00000007a8000000, 0x00000007c0000000, 0x00000007c0000000)
 Metaspace       used 30593K, capacity 30972K, committed 31484K, reserved 1077248K
  class space    used 3611K, capacity 3709K, committed 3836K, reserved 1048576K
2016-07-01T23:09:28.443-0530: 2100.732: [GC (Allocation Failure) 2100.732: [ParNew
Desired survivor size 20112992 bytes, new threshold 4 (max 8)
- age   1:   11545656 bytes,   11545656 total
- age   2:    1745288 bytes,   13290944 total
- age   3:    2800664 bytes,   16091608 total
- age   4:    6233848 bytes,   22325456 total
: 108944K->21824K(109248K), 0.0886458 secs] 222306K->163060K(502464K), 0.0887225 secs] [Times: user=0.21 sys=0.06, real=0.09 secs] 
Heap after GC invocations=23 (full 2):
 par new generation   total 109248K, used 21824K [0x00000007a0000000, 0x00000007a8000000, 0x00000007a8000000)
  eden space 87424K,   0% used [0x00000007a0000000, 0x00000007a0000000, 0x00000007a5560000)
  from space 21824K, 100% used [0x00000007a6ab0000, 0x00000007a8000000, 0x00000007a8000000)
  to   space 21824K,   0% used [0x00000007a5560000, 0x00000007a5560000, 0x00000007a6ab0000)
 concurrent mark-sweep generation total 393216K, used 141236K [0x00000007a8000000, 0x00000007c0000000, 0x00000007c0000000)
 Metaspace       used 30593K, capacity 30972K, committed 31484K, reserved 1077248K
  class space    used 3611K, capacity 3709K, committed 3836K, reserved 1048576K
}
2016-07-01T23:09:28.532-0530: 2100.821: Total time for which application threads were stopped: 0.0889671 seconds
{Heap before GC invocations=23 (full 2):
 par new generation   total 109248K, used 109248K [0x00000007a0000000, 0x00000007a8000000, 0x00000007a8000000)
  eden space 87424K, 100% used [0x00000007a0000000, 0x00000007a5560000, 0x00000007a5560000)
  from space 21824K, 100% used [0x00000007a6ab0000, 0x00000007a8000000, 0x00000007a8000000)
  to   space 21824K,   0% used [0x00000007a5560000, 0x00000007a5560000, 0x00000007a6ab0000)
 concurrent mark-sweep generation total 393216K, used 141236K [0x00000007a8000000, 0x00000007c0000000, 0x00000007c0000000)
 Metaspace       used 30593K, capacity 30972K, committed 31484K, reserved 1077248K
  class space    used 3611K, capacity 3709K, committed 3836K, reserved 1048576K
2016-07-01T23:09:29.244-0530: 2101.533: [GC (Allocation Failure) 2101.533: [ParNew
Desired survivor size 20112992 bytes, new threshold 4 (max 8)
- age   1:    9368952 bytes,    9368952 total
- age   2:    8537256 bytes,   17906208 total
- age   3:    1741640 bytes,   19647848 total
- age   4:    2698144 bytes,   22345992 total
: 109248K->21824K(109248K), 0.0320632 secs] 250484K->176268K(502464K), 0.0321521 secs] [Times: user=0.09 sys=0.03, real=0.03 secs] 
Heap after GC invocations=24 (full 2):
 par new generation   total 109248K, used 21824K [0x00000007a0000000, 0x00000007a8000000, 0x00000007a8000000)
  eden space 87424K,   0% used [0x00000007a0000000, 0x00000007a0000000, 0x00000007a5560000)
  from space 21824K, 100% used [0x00000007a5560000, 0x00000007a6ab0000, 0x00000007a6ab0000)
  to   space 21824K,   0% used [0x00000007a6ab0000, 0x00000007a6ab0000, 0x00000007a8000000)
 concurrent mark-sweep generation total 393216K, used 154444K [0x00000007a8000000, 0x00000007c0000000, 0x00000007c0000000)
 Metaspace       used 30593K, capacity 30972K, committed 31484K, reserved 1077248K
  class space    used 3611K, capacity 3709K, committed 3836K, reserved 1048576K
}
2016-07-01T23:09:29.276-0530: 2101.565: Total time for which application threads were stopped: 0.0323624 seconds
2016-07-01T23:09:30.563-0530: 2102.851: Total time for which application threads were stopped: 0.0001680 seconds
2016-07-01T23:09:31.564-0530: 2103.852: Total time for which application threads were stopped: 0.0002331 seconds
2016-07-01T23:10:20.617-0530: 2152.906: Total time for which application threads were stopped: 0.0001196 seconds
2016-07-01T23:10:20.617-0530: 2152.907: Total time for which application threads were stopped: 0.0000552 seconds
2016-07-01T23:10:39.435-0530: 2171.726: Total time for which application threads were stopped: 0.0001543 seconds
2016-07-01T23:10:39.436-0530: 2171.726: Total time for which application threads were stopped: 0.0000523 seconds
2016-07-01T23:10:39.436-0530: 2171.726: Total time for which application threads were stopped: 0.0000470 seconds
2016-07-01T23:10:39.436-0530: 2171.726: Total time for which application threads were stopped: 0.0000669 seconds
2016-07-01T23:10:39.475-0530: 2171.765: Total time for which application threads were stopped: 0.0000852 seconds
2016-07-01T23:10:39.475-0530: 2171.765: Total time for which application threads were stopped: 0.0000586 seconds
2016-07-01T23:10:39.477-0530: 2171.767: Total time for which application threads were stopped: 0.0002187 seconds
2016-07-01T23:10:39.528-0530: 2171.818: Total time for which application threads were stopped: 0.0000972 seconds
2016-07-01T23:10:40.182-0530: 2172.472: Total time for which application threads were stopped: 0.0001797 seconds
2016-07-01T23:10:40.182-0530: 2172.472: Total time for which application threads were stopped: 0.0001210 seconds
2016-07-01T23:10:40.183-0530: 2172.473: Total time for which application threads were stopped: 0.0000935 seconds
2016-07-01T23:10:40.183-0530: 2172.473: Total time for which application threads were stopped: 0.0001252 seconds
2016-07-01T23:10:40.201-0530: 2172.491: Total time for which application threads were stopped: 0.0001075 seconds
2016-07-01T23:10:40.201-0530: 2172.491: Total time for which application threads were stopped: 0.0000431 seconds
2016-07-01T23:10:40.202-0530: 2172.493: Total time for which application threads were stopped: 0.0000925 seconds
2016-07-01T23:10:40.336-0530: 2172.626: Total time for which application threads were stopped: 0.0000970 seconds
2016-07-01T23:10:40.336-0530: 2172.626: Total time for which application threads were stopped: 0.0000662 seconds
2016-07-01T23:10:40.337-0530: 2172.627: Total time for which application threads were stopped: 0.0001314 seconds
{Heap before GC invocations=24 (full 2):
 par new generation   total 109248K, used 109248K [0x00000007a0000000, 0x00000007a8000000, 0x00000007a8000000)
  eden space 87424K, 100% used [0x00000007a0000000, 0x00000007a5560000, 0x00000007a5560000)
  from space 21824K, 100% used [0x00000007a5560000, 0x00000007a6ab0000, 0x00000007a6ab0000)
  to   space 21824K,   0% used [0x00000007a6ab0000, 0x00000007a6ab0000, 0x00000007a8000000)
 concurrent mark-sweep generation total 393216K, used 154444K [0x00000007a8000000, 0x00000007c0000000, 0x00000007c0000000)
 Metaspace       used 30632K, capacity 30972K, committed 31484K, reserved 1077248K
  class space    used 3611K, capacity 3709K, committed 3836K, reserved 1048576K
2016-07-01T23:10:40.679-0530: 2172.969: [GC (Allocation Failure) 2173.013: [ParNew
Desired survivor size 20112992 bytes, new threshold 2 (max 8)
- age   1:   19581840 bytes,   19581840 total
- age   2:    2141752 bytes,   21723592 total
- age   3:     513744 bytes,   22237336 total
- age   4:      90600 bytes,   22327936 total
: 109248K->21824K(109248K), 0.0580803 secs] 263692K->199125K(502464K), 0.1024403 secs] [Times: user=0.13 sys=0.05, real=0.11 secs] 
Heap after GC invocations=25 (full 2):
 par new generation   total 109248K, used 21824K [0x00000007a0000000, 0x00000007a8000000, 0x00000007a8000000)
  eden space 87424K,   0% used [0x00000007a0000000, 0x00000007a0000000, 0x00000007a5560000)
  from space 21824K, 100% used [0x00000007a6ab0000, 0x00000007a8000000, 0x00000007a8000000)
  to   space 21824K,   0% used [0x00000007a5560000, 0x00000007a5560000, 0x00000007a6ab0000)
 concurrent mark-sweep generation total 393216K, used 177301K [0x00000007a8000000, 0x00000007c0000000, 0x00000007c0000000)
 Metaspace       used 30632K, capacity 30972K, committed 31484K, reserved 1077248K
  class space    used 3611K, capacity 3709K, committed 3836K, reserved 1048576K
}
2016-07-01T23:10:40.781-0530: 2173.071: Total time for which application threads were stopped: 0.1026387 seconds
{Heap before GC invocations=25 (full 2):
 par new generation   total 109248K, used 109248K [0x00000007a0000000, 0x00000007a8000000, 0x00000007a8000000)
  eden space 87424K, 100% used [0x00000007a0000000, 0x00000007a5560000, 0x00000007a5560000)
  from space 21824K, 100% used [0x00000007a6ab0000, 0x00000007a8000000, 0x00000007a8000000)
  to   space 21824K,   0% used [0x00000007a5560000, 0x00000007a5560000, 0x00000007a6ab0000)
 concurrent mark-sweep generation total 393216K, used 177301K [0x00000007a8000000, 0x00000007c0000000, 0x00000007c0000000)
 Metaspace       used 30632K, capacity 30972K, committed 31484K, reserved 1077248K
  class space    used 3611K, capacity 3709K, committed 3836K, reserved 1048576K
2016-07-01T23:10:41.276-0530: 2173.566: [GC (Allocation Failure) 2173.566: [ParNew
Desired survivor size 20112992 bytes, new threshold 2 (max 8)
- age   1:    7724696 bytes,    7724696 total
- age   2:   14073920 bytes,   21798616 total
: 109248K->21824K(109248K), 0.0174263 secs] 286549K->204205K(502464K), 0.0174968 secs] [Times: user=0.06 sys=0.00, real=0.02 secs] 
Heap after GC invocations=26 (full 2):
 par new generation   total 109248K, used 21824K [0x00000007a0000000, 0x00000007a8000000, 0x00000007a8000000)
  eden space 87424K,   0% used [0x00000007a0000000, 0x00000007a0000000, 0x00000007a5560000)
  from space 21824K, 100% used [0x00000007a5560000, 0x00000007a6ab0000, 0x00000007a6ab0000)
  to   space 21824K,   0% used [0x00000007a6ab0000, 0x00000007a6ab0000, 0x00000007a8000000)
 concurrent mark-sweep generation total 393216K, used 182381K [0x00000007a8000000, 0x00000007c0000000, 0x00000007c0000000)
 Metaspace       used 30632K, capacity 30972K, committed 31484K, reserved 1077248K
  class space    used 3611K, capacity 3709K, committed 3836K, reserved 1048576K
}
2016-07-01T23:10:41.294-0530: 2173.584: Total time for which application threads were stopped: 0.0176806 seconds
2016-07-01T23:10:42.827-0530: 2175.117: Total time for which application threads were stopped: 0.0001803 seconds
2016-07-01T23:10:43.828-0530: 2176.118: Total time for which application threads were stopped: 0.0002095 seconds
2016-07-01T23:11:25.941-0530: 2218.232: Total time for which application threads were stopped: 0.0001581 seconds
2016-07-01T23:11:26.945-0530: 2219.236: Total time for which application threads were stopped: 0.0001493 seconds
2016-07-01T23:11:27.120-0530: 2219.411: Total time for which application threads were stopped: 0.0002049 seconds
2016-07-01T23:11:27.120-0530: 2219.411: Total time for which application threads were stopped: 0.0001603 seconds
2016-07-01T23:11:27.122-0530: 2219.413: Total time for which application threads were stopped: 0.0003020 seconds
2016-07-01T23:11:27.328-0530: 2219.619: Total time for which application threads were stopped: 0.0001233 seconds
2016-07-01T23:11:27.329-0530: 2219.620: Total time for which application threads were stopped: 0.0001014 seconds
2016-07-01T23:11:27.331-0530: 2219.621: Total time for which application threads were stopped: 0.0001439 seconds
2016-07-01T23:11:27.565-0530: 2219.856: Total time for which application threads were stopped: 0.0001083 seconds
2016-07-01T23:11:27.565-0530: 2219.856: Total time for which application threads were stopped: 0.0000610 seconds
{Heap before GC invocations=26 (full 2):
 par new generation   total 109248K, used 108123K [0x00000007a0000000, 0x00000007a8000000, 0x00000007a8000000)
  eden space 87424K,  98% used [0x00000007a0000000, 0x00000007a5446da0, 0x00000007a5560000)
  from space 21824K, 100% used [0x00000007a5560000, 0x00000007a6ab0000, 0x00000007a6ab0000)
  to   space 21824K,   0% used [0x00000007a6ab0000, 0x00000007a6ab0000, 0x00000007a8000000)
 concurrent mark-sweep generation total 393216K, used 182381K [0x00000007a8000000, 0x00000007c0000000, 0x00000007c0000000)
 Metaspace       used 30714K, capacity 31100K, committed 31740K, reserved 1077248K
  class space    used 3611K, capacity 3709K, committed 3836K, reserved 1048576K
2016-07-01T23:11:27.647-0530: 2219.938: [GC (Allocation Failure) 2220.038: [ParNew
Desired survivor size 20112992 bytes, new threshold 2 (max 8)
- age   1:   18062336 bytes,   18062336 total
- age   2:    4283848 bytes,   22346184 total
: 108123K->21824K(109248K), 0.0792312 secs] 290505K->221246K(502464K), 0.1798562 secs] [Times: user=0.11 sys=0.06, real=0.18 secs] 
Heap after GC invocations=27 (full 2):
 par new generation   total 109248K, used 21824K [0x00000007a0000000, 0x00000007a8000000, 0x00000007a8000000)
  eden space 87424K,   0% used [0x00000007a0000000, 0x00000007a0000000, 0x00000007a5560000)
  from space 21824K, 100% used [0x00000007a6ab0000, 0x00000007a8000000, 0x00000007a8000000)
  to   space 21824K,   0% used [0x00000007a5560000, 0x00000007a5560000, 0x00000007a6ab0000)
 concurrent mark-sweep generation total 393216K, used 199422K [0x00000007a8000000, 0x00000007c0000000, 0x00000007c0000000)
 Metaspace       used 30714K, capacity 31100K, committed 31740K, reserved 1077248K
  class space    used 3611K, capacity 3709K, committed 3836K, reserved 1048576K
}
2016-07-01T23:11:27.827-0530: 2220.118: Total time for which application threads were stopped: 0.1800768 seconds
2016-07-01T23:11:27.827-0530: 2220.118: [GC (CMS Initial Mark) [1 CMS-initial-mark: 199422K(393216K)] 223186K(502464K), 0.0056344 secs] [Times: user=0.01 sys=0.00, real=0.01 secs] 
2016-07-01T23:11:27.833-0530: 2220.124: Total time for which application threads were stopped: 0.0060312 seconds
2016-07-01T23:11:27.833-0530: 2220.124: [CMS-concurrent-mark-start]
2016-07-01T23:11:27.849-0530: 2220.140: [CMS-concurrent-mark: 0.017/0.017 secs] [Times: user=0.05 sys=0.01, real=0.01 secs] 
2016-07-01T23:11:27.849-0530: 2220.140: [CMS-concurrent-preclean-start]
2016-07-01T23:11:27.851-0530: 2220.142: [CMS-concurrent-preclean: 0.002/0.002 secs] [Times: user=0.00 sys=0.00, real=0.01 secs] 
2016-07-01T23:11:27.851-0530: 2220.142: [CMS-concurrent-abortable-preclean-start]
2016-07-01T23:11:28.324-0530: 2220.615: [CMS-concurrent-abortable-preclean: 0.163/0.473 secs] [Times: user=0.66 sys=0.00, real=0.47 secs] 
2016-07-01T23:11:28.324-0530: 2220.615: [GC (CMS Final Remark) [YG occupancy: 97000 K (109248 K)]{Heap before GC invocations=27 (full 3):
 par new generation   total 109248K, used 97000K [0x00000007a0000000, 0x00000007a8000000, 0x00000007a8000000)
  eden space 87424K,  85% used [0x00000007a0000000, 0x00000007a496a350, 0x00000007a5560000)
  from space 21824K, 100% used [0x00000007a6ab0000, 0x00000007a8000000, 0x00000007a8000000)
  to   space 21824K,   0% used [0x00000007a5560000, 0x00000007a5560000, 0x00000007a6ab0000)
 concurrent mark-sweep generation total 393216K, used 199422K [0x00000007a8000000, 0x00000007c0000000, 0x00000007c0000000)
 Metaspace       used 30714K, capacity 31100K, committed 31740K, reserved 1077248K
  class space    used 3611K, capacity 3709K, committed 3836K, reserved 1048576K
2016-07-01T23:11:28.324-0530: 2220.615: [GC (CMS Final Remark) 2220.615: [ParNew
Desired survivor size 20112992 bytes, new threshold 2 (max 8)
- age   1:   10679648 bytes,   10679648 total
- age   2:   11460712 bytes,   22140360 total
: 97000K->21824K(109248K), 0.1159885 secs] 296423K->260602K(502464K), 0.1160458 secs] [Times: user=0.23 sys=0.06, real=0.12 secs] 
Heap after GC invocations=28 (full 3):
 par new generation   total 109248K, used 21824K [0x00000007a0000000, 0x00000007a8000000, 0x00000007a8000000)
  eden space 87424K,   0% used [0x00000007a0000000, 0x00000007a0000000, 0x00000007a5560000)
  from space 21824K, 100% used [0x00000007a5560000, 0x00000007a6ab0000, 0x00000007a6ab0000)
  to   space 21824K,   0% used [0x00000007a6ab0000, 0x00000007a6ab0000, 0x00000007a8000000)
 concurrent mark-sweep generation total 393216K, used 238778K [0x00000007a8000000, 0x00000007c0000000, 0x00000007c0000000)
 Metaspace       used 30714K, capacity 31100K, committed 31740K, reserved 1077248K
  class space    used 3611K, capacity 3709K, committed 3836K, reserved 1048576K
}
2220.731: [Rescan (parallel) , 0.0179102 secs]2220.749: [weak refs processing, 0.0012770 secs]2220.750: [class unloading, 0.0214544 secs]2220.772: [scrub symbol table, 0.0061094 secs]2220.778: [scrub string table, 0.0004076 secs][1 CMS-remark: 238778K(393216K)] 260602K(502464K), 0.1668607 secs] [Times: user=0.32 sys=0.07, real=0.17 secs] 
2016-07-01T23:11:28.491-0530: 2220.782: Total time for which application threads were stopped: 0.1670467 seconds
2016-07-01T23:11:28.491-0530: 2220.782: [CMS-concurrent-sweep-start]
2016-07-01T23:11:28.628-0530: 2220.919: [CMS-concurrent-sweep: 0.137/0.137 secs] [Times: user=0.27 sys=0.00, real=0.13 secs] 
2016-07-01T23:11:28.628-0530: 2220.919: [CMS-concurrent-reset-start]
2016-07-01T23:11:28.628-0530: 2220.919: [CMS-concurrent-reset: 0.001/0.001 secs] [Times: user=0.00 sys=0.00, real=0.00 secs] 
{Heap before GC invocations=28 (full 3):
 par new generation   total 109248K, used 109248K [0x00000007a0000000, 0x00000007a8000000, 0x00000007a8000000)
  eden space 87424K, 100% used [0x00000007a0000000, 0x00000007a5560000, 0x00000007a5560000)
  from space 21824K, 100% used [0x00000007a5560000, 0x00000007a6ab0000, 0x00000007a6ab0000)
  to   space 21824K,   0% used [0x00000007a6ab0000, 0x00000007a6ab0000, 0x00000007a8000000)
 concurrent mark-sweep generation total 393216K, used 62949K [0x00000007a8000000, 0x00000007c0000000, 0x00000007c0000000)
 Metaspace       used 30714K, capacity 31100K, committed 31740K, reserved 1077248K
  class space    used 3611K, capacity 3709K, committed 3836K, reserved 1048576K
2016-07-01T23:11:29.105-0530: 2221.396: [GC (Allocation Failure) 2221.396: [ParNew
Desired survivor size 20112992 bytes, new threshold 2 (max 8)
- age   1:   12026600 bytes,   12026600 total
- age   2:    8200488 bytes,   20227088 total
: 109248K->21824K(109248K), 0.0319022 secs] 172197K->97151K(502464K), 0.0319708 secs] [Times: user=0.09 sys=0.01, real=0.03 secs] 
Heap after GC invocations=29 (full 3):
 par new generation   total 109248K, used 21824K [0x00000007a0000000, 0x00000007a8000000, 0x00000007a8000000)
  eden space 87424K,   0% used [0x00000007a0000000, 0x00000007a0000000, 0x00000007a5560000)
  from space 21824K, 100% used [0x00000007a6ab0000, 0x00000007a8000000, 0x00000007a8000000)
  to   space 21824K,   0% used [0x00000007a5560000, 0x00000007a5560000, 0x00000007a6ab0000)
 concurrent mark-sweep generation total 393216K, used 75327K [0x00000007a8000000, 0x00000007c0000000, 0x00000007c0000000)
 Metaspace       used 30714K, capacity 31100K, committed 31740K, reserved 1077248K
  class space    used 3611K, capacity 3709K, committed 3836K, reserved 1048576K
}
2016-07-01T23:11:29.137-0530: 2221.428: Total time for which application threads were stopped: 0.0321863 seconds
2016-07-01T23:11:30.142-0530: 2222.433: Total time for which application threads were stopped: 0.0002642 seconds
2016-07-01T23:11:30.935-0530: 2223.226: Total time for which application threads were stopped: 0.0001788 seconds
2016-07-01T23:11:30.959-0530: 2223.250: Total time for which application threads were stopped: 0.0001286 seconds
2016-07-01T23:12:18.121-0530: 2270.413: Total time for which application threads were stopped: 0.0002523 seconds
2016-07-01T23:12:21.004-0530: 2273.296: Total time for which application threads were stopped: 0.0000840 seconds
2016-07-02T15:57:45.362-0530: 2319.629: Total time for which application threads were stopped: 0.0001046 seconds
2016-07-02T15:57:45.474-0530: 2319.742: Total time for which application threads were stopped: 0.0000845 seconds
2016-07-02T16:19:52.140-0530: 3646.431: Total time for which application threads were stopped: 0.0010184 seconds
2016-07-02T16:20:07.181-0530: 3661.471: Total time for which application threads were stopped: 0.0002026 seconds
2016-07-02T16:44:59.918-0530: 5155.857: Total time for which application threads were stopped: 0.0014899 seconds
2016-07-02T16:45:30.009-0530: 5185.948: Total time for which application threads were stopped: 0.0002104 seconds
2016-07-02T16:46:00.087-0530: 5216.028: Total time for which application threads were stopped: 0.0000938 seconds
2016-07-02T16:47:30.322-0530: 5306.266: Total time for which application threads were stopped: 0.0001718 seconds
2016-07-02T16:48:00.409-0530: 5336.355: Total time for which application threads were stopped: 0.0001692 seconds
2016-07-02T17:28:00.295-0530: 7736.306: Total time for which application threads were stopped: 0.0010047 seconds
2016-07-04T17:37:10.695-0530: 21446.081: Total time for which application threads were stopped: 0.0032103 seconds
2016-07-04T17:37:10.709-0530: 21446.095: Total time for which application threads were stopped: 0.0001382 seconds
2016-07-04T17:37:10.709-0530: 21446.096: Total time for which application threads were stopped: 0.0000947 seconds
2016-07-04T17:37:10.717-0530: 21446.103: Total time for which application threads were stopped: 0.0002833 seconds
2016-07-04T17:37:10.733-0530: 21446.119: Total time for which application threads were stopped: 0.0004073 seconds
2016-07-04T17:37:10.733-0530: 21446.119: Total time for which application threads were stopped: 0.0001213 seconds
2016-07-04T17:37:10.735-0530: 21446.121: Total time for which application threads were stopped: 0.0011929 seconds
2016-07-04T17:37:10.829-0530: 21446.215: Total time for which application threads were stopped: 0.0063973 seconds
2016-07-04T17:37:10.829-0530: 21446.215: Total time for which application threads were stopped: 0.0001631 seconds
2016-07-04T17:37:10.874-0530: 21446.260: Total time for which application threads were stopped: 0.0418225 seconds
2016-07-04T17:37:10.981-0530: 21446.368: Total time for which application threads were stopped: 0.0001158 seconds
2016-07-04T17:37:10.981-0530: 21446.368: Total time for which application threads were stopped: 0.0000456 seconds
2016-07-04T17:37:10.984-0530: 21446.371: Total time for which application threads were stopped: 0.0007009 seconds
2016-07-04T17:37:11.003-0530: 21446.389: Total time for which application threads were stopped: 0.0001161 seconds
2016-07-04T17:37:12.288-0530: 21447.674: Total time for which application threads were stopped: 0.0005101 seconds
2016-07-04T17:37:13.288-0530: 21448.674: Total time for which application threads were stopped: 0.0001231 seconds
2016-07-04T17:37:13.374-0530: 21448.760: Total time for which application threads were stopped: 0.0000909 seconds
2016-07-04T17:37:13.374-0530: 21448.760: Total time for which application threads were stopped: 0.0000622 seconds
2016-07-04T17:37:13.376-0530: 21448.762: Total time for which application threads were stopped: 0.0000861 seconds
2016-07-04T17:37:14.017-0530: 21449.403: Total time for which application threads were stopped: 0.0019698 seconds
2016-07-04T17:37:14.017-0530: 21449.404: Total time for which application threads were stopped: 0.0000685 seconds
2016-07-04T17:37:14.020-0530: 21449.406: Total time for which application threads were stopped: 0.0000993 seconds
2016-07-04T17:37:14.028-0530: 21449.414: Total time for which application threads were stopped: 0.0001008 seconds
2016-07-04T17:37:14.028-0530: 21449.414: Total time for which application threads were stopped: 0.0000572 seconds
2016-07-04T17:37:14.029-0530: 21449.415: Total time for which application threads were stopped: 0.0000572 seconds
{Heap before GC invocations=29 (full 3):
 par new generation   total 109248K, used 107227K [0x00000007a0000000, 0x00000007a8000000, 0x00000007a8000000)
  eden space 87424K,  97% used [0x00000007a0000000, 0x00000007a5366cd0, 0x00000007a5560000)
  from space 21824K, 100% used [0x00000007a6ab0000, 0x00000007a8000000, 0x00000007a8000000)
  to   space 21824K,   0% used [0x00000007a5560000, 0x00000007a5560000, 0x00000007a6ab0000)
 concurrent mark-sweep generation total 393216K, used 75327K [0x00000007a8000000, 0x00000007c0000000, 0x00000007c0000000)
 Metaspace       used 30773K, capacity 31164K, committed 31740K, reserved 1077248K
  class space    used 3612K, capacity 3709K, committed 3836K, reserved 1048576K
2016-07-04T17:37:14.650-0530: 21450.037: [GC (Allocation Failure) 21450.037: [ParNew
Desired survivor size 20112992 bytes, new threshold 2 (max 8)
- age   1:   18455824 bytes,   18455824 total
- age   2:    3883944 bytes,   22339768 total
: 107227K->21824K(109248K), 0.3441599 secs] 182554K->112125K(502464K), 0.3442779 secs] [Times: user=0.12 sys=0.27, real=0.34 secs] 
Heap after GC invocations=30 (full 3):
 par new generation   total 109248K, used 21824K [0x00000007a0000000, 0x00000007a8000000, 0x00000007a8000000)
  eden space 87424K,   0% used [0x00000007a0000000, 0x00000007a0000000, 0x00000007a5560000)
  from space 21824K, 100% used [0x00000007a5560000, 0x00000007a6ab0000, 0x00000007a6ab0000)
  to   space 21824K,   0% used [0x00000007a6ab0000, 0x00000007a6ab0000, 0x00000007a8000000)
 concurrent mark-sweep generation total 393216K, used 90301K [0x00000007a8000000, 0x00000007c0000000, 0x00000007c0000000)
 Metaspace       used 30773K, capacity 31164K, committed 31740K, reserved 1077248K
  class space    used 3612K, capacity 3709K, committed 3836K, reserved 1048576K
}
2016-07-04T17:37:14.995-0530: 21450.381: Total time for which application threads were stopped: 0.3445589 seconds
{Heap before GC invocations=30 (full 3):
 par new generation   total 109248K, used 109248K [0x00000007a0000000, 0x00000007a8000000, 0x00000007a8000000)
  eden space 87424K, 100% used [0x00000007a0000000, 0x00000007a5560000, 0x00000007a5560000)
  from space 21824K, 100% used [0x00000007a5560000, 0x00000007a6ab0000, 0x00000007a6ab0000)
  to   space 21824K,   0% used [0x00000007a6ab0000, 0x00000007a6ab0000, 0x00000007a8000000)
 concurrent mark-sweep generation total 393216K, used 90301K [0x00000007a8000000, 0x00000007c0000000, 0x00000007c0000000)
 Metaspace       used 30773K, capacity 31164K, committed 31740K, reserved 1077248K
  class space    used 3612K, capacity 3709K, committed 3836K, reserved 1048576K
2016-07-04T17:37:15.677-0530: 21451.063: [GC (Allocation Failure) 21451.063: [ParNew
Desired survivor size 20112992 bytes, new threshold 2 (max 8)
- age   1:    9434432 bytes,    9434432 total
- age   2:   11679160 bytes,   21113592 total
: 109248K->21824K(109248K), 0.0794845 secs] 199549K->130288K(502464K), 0.0795848 secs] [Times: user=0.11 sys=0.08, real=0.08 secs] 
Heap after GC invocations=31 (full 3):
 par new generation   total 109248K, used 21824K [0x00000007a0000000, 0x00000007a8000000, 0x00000007a8000000)
  eden space 87424K,   0% used [0x00000007a0000000, 0x00000007a0000000, 0x00000007a5560000)
  from space 21824K, 100% used [0x00000007a6ab0000, 0x00000007a8000000, 0x00000007a8000000)
  to   space 21824K,   0% used [0x00000007a5560000, 0x00000007a5560000, 0x00000007a6ab0000)
 concurrent mark-sweep generation total 393216K, used 108464K [0x00000007a8000000, 0x00000007c0000000, 0x00000007c0000000)
 Metaspace       used 30773K, capacity 31164K, committed 31740K, reserved 1077248K
  class space    used 3612K, capacity 3709K, committed 3836K, reserved 1048576K
}
2016-07-04T17:37:15.757-0530: 21451.143: Total time for which application threads were stopped: 0.0798585 seconds
2016-07-04T17:37:15.757-0530: 21451.143: Total time for which application threads were stopped: 0.0001621 seconds
2016-07-04T17:37:15.757-0530: 21451.144: Total time for which application threads were stopped: 0.0001390 seconds
2016-07-04T17:37:15.757-0530: 21451.144: Total time for which application threads were stopped: 0.0000919 seconds
2016-07-04T17:37:15.758-0530: 21451.144: Total time for which application threads were stopped: 0.0002073 seconds
2016-07-04T17:37:15.758-0530: 21451.145: Total time for which application threads were stopped: 0.0001885 seconds
2016-07-04T17:37:15.761-0530: 21451.148: Total time for which application threads were stopped: 0.0003900 seconds
2016-07-04T17:37:15.764-0530: 21451.151: Total time for which application threads were stopped: 0.0002656 seconds
2016-07-04T17:37:15.810-0530: 21451.197: Total time for which application threads were stopped: 0.0006764 seconds
2016-07-04T17:37:15.811-0530: 21451.197: Total time for which application threads were stopped: 0.0001396 seconds
2016-07-04T17:37:15.812-0530: 21451.199: Total time for which application threads were stopped: 0.0002139 seconds
2016-07-04T17:37:16.150-0530: 21451.536: Total time for which application threads were stopped: 0.0003285 seconds
2016-07-04T17:37:17.152-0530: 21452.539: Total time for which application threads were stopped: 0.0002293 seconds
2016-07-04T17:37:18.542-0530: 21453.928: Total time for which application threads were stopped: 0.0001683 seconds
{Heap before GC invocations=31 (full 3):
 par new generation   total 109248K, used 109248K [0x00000007a0000000, 0x00000007a8000000, 0x00000007a8000000)
  eden space 87424K, 100% used [0x00000007a0000000, 0x00000007a5560000, 0x00000007a5560000)
  from space 21824K, 100% used [0x00000007a6ab0000, 0x00000007a8000000, 0x00000007a8000000)
  to   space 21824K,   0% used [0x00000007a5560000, 0x00000007a5560000, 0x00000007a6ab0000)
 concurrent mark-sweep generation total 393216K, used 108464K [0x00000007a8000000, 0x00000007c0000000, 0x00000007c0000000)
 Metaspace       used 30879K, capacity 31292K, committed 31740K, reserved 1077248K
  class space    used 3612K, capacity 3709K, committed 3836K, reserved 1048576K
2016-07-04T17:37:18.563-0530: 21453.950: [GC (Allocation Failure) 21453.961: [ParNew
Desired survivor size 20112992 bytes, new threshold 8 (max 8)
- age   1:    3491296 bytes,    3491296 total
- age   2:    1541240 bytes,    5032536 total
: 109248K->20720K(109248K), 0.0225132 secs] 217712K->137637K(502464K), 0.0339567 secs] [Times: user=0.03 sys=0.03, real=0.03 secs] 
Heap after GC invocations=32 (full 3):
 par new generation   total 109248K, used 20720K [0x00000007a0000000, 0x00000007a8000000, 0x00000007a8000000)
  eden space 87424K,   0% used [0x00000007a0000000, 0x00000007a0000000, 0x00000007a5560000)
  from space 21824K,  94% used [0x00000007a5560000, 0x00000007a699c300, 0x00000007a6ab0000)
  to   space 21824K,   0% used [0x00000007a6ab0000, 0x00000007a6ab0000, 0x00000007a8000000)
 concurrent mark-sweep generation total 393216K, used 116916K [0x00000007a8000000, 0x00000007c0000000, 0x00000007c0000000)
 Metaspace       used 30879K, capacity 31292K, committed 31740K, reserved 1077248K
  class space    used 3612K, capacity 3709K, committed 3836K, reserved 1048576K
}
2016-07-04T17:37:18.597-0530: 21453.984: Total time for which application threads were stopped: 0.0341847 seconds
2016-07-04T17:38:01.696-0530: 21497.083: Total time for which application threads were stopped: 0.0001339 seconds
2016-07-04T17:38:08.632-0530: 21504.020: Total time for which application threads were stopped: 0.0001704 seconds
2016-07-04T17:38:08.632-0530: 21504.020: Total time for which application threads were stopped: 0.0000575 seconds
2016-07-04T17:38:56.778-0530: 21552.168: Total time for which application threads were stopped: 0.0001508 seconds
2016-07-04T17:38:56.903-0530: 21552.293: Total time for which application threads were stopped: 0.0001550 seconds
2016-07-04T17:38:57.904-0530: 21553.293: Total time for which application threads were stopped: 0.0003597 seconds
2016-07-04T18:46:52.090-0530: 25627.596: Total time for which application threads were stopped: 0.0026212 seconds
2016-07-04T18:46:52.091-0530: 25627.596: Total time for which application threads were stopped: 0.0001034 seconds
2016-07-04T18:46:52.092-0530: 25627.597: Total time for which application threads were stopped: 0.0001136 seconds
2016-07-04T18:46:52.092-0530: 25627.598: Total time for which application threads were stopped: 0.0000623 seconds
2016-07-04T18:46:52.099-0530: 25627.605: Total time for which application threads were stopped: 0.0002012 seconds
2016-07-04T18:46:53.057-0530: 25628.562: Total time for which application threads were stopped: 0.0000885 seconds
2016-07-04T18:46:53.057-0530: 25628.562: Total time for which application threads were stopped: 0.0000463 seconds
2016-07-04T18:46:53.057-0530: 25628.563: Total time for which application threads were stopped: 0.0000330 seconds
2016-07-04T18:46:53.057-0530: 25628.563: Total time for which application threads were stopped: 0.0000316 seconds
2016-07-04T18:46:53.123-0530: 25628.629: Total time for which application threads were stopped: 0.0001735 seconds
{Heap before GC invocations=32 (full 3):
 par new generation   total 109248K, used 106996K [0x00000007a0000000, 0x00000007a8000000, 0x00000007a8000000)
  eden space 87424K,  98% used [0x00000007a0000000, 0x00000007a5440e70, 0x00000007a5560000)
  from space 21824K,  94% used [0x00000007a5560000, 0x00000007a699c300, 0x00000007a6ab0000)
  to   space 21824K,   0% used [0x00000007a6ab0000, 0x00000007a6ab0000, 0x00000007a8000000)
 concurrent mark-sweep generation total 393216K, used 116916K [0x00000007a8000000, 0x00000007c0000000, 0x00000007c0000000)
 Metaspace       used 30894K, capacity 31292K, committed 31740K, reserved 1077248K
  class space    used 3612K, capacity 3709K, committed 3836K, reserved 1048576K
2016-07-04T18:46:53.719-0530: 25629.224: [GC (Allocation Failure) 25629.277: [ParNew
Desired survivor size 20112992 bytes, new threshold 2 (max 8)
- age   1:   19296008 bytes,   19296008 total
- age   2:     831392 bytes,   20127400 total
- age   3:    1541240 bytes,   21668640 total
: 106996K->21824K(109248K), 0.0761160 secs] 223913K->143655K(502464K), 0.1287238 secs] [Times: user=0.08 sys=0.16, real=0.13 secs] 
Heap after GC invocations=33 (full 3):
 par new generation   total 109248K, used 21824K [0x00000007a0000000, 0x00000007a8000000, 0x00000007a8000000)
  eden space 87424K,   0% used [0x00000007a0000000, 0x00000007a0000000, 0x00000007a5560000)
  from space 21824K, 100% used [0x00000007a6ab0000, 0x00000007a8000000, 0x00000007a8000000)
  to   space 21824K,   0% used [0x00000007a5560000, 0x00000007a5560000, 0x00000007a6ab0000)
 concurrent mark-sweep generation total 393216K, used 121831K [0x00000007a8000000, 0x00000007c0000000, 0x00000007c0000000)
 Metaspace       used 30894K, capacity 31292K, committed 31740K, reserved 1077248K
  class space    used 3612K, capacity 3709K, committed 3836K, reserved 1048576K
}
2016-07-04T18:46:53.848-0530: 25629.353: Total time for which application threads were stopped: 0.1290192 seconds
{Heap before GC invocations=33 (full 3):
 par new generation   total 109248K, used 109248K [0x00000007a0000000, 0x00000007a8000000, 0x00000007a8000000)
  eden space 87424K, 100% used [0x00000007a0000000, 0x00000007a5560000, 0x00000007a5560000)
  from space 21824K, 100% used [0x00000007a6ab0000, 0x00000007a8000000, 0x00000007a8000000)
  to   space 21824K,   0% used [0x00000007a5560000, 0x00000007a5560000, 0x00000007a6ab0000)
 concurrent mark-sweep generation total 393216K, used 121831K [0x00000007a8000000, 0x00000007c0000000, 0x00000007c0000000)
 Metaspace       used 30894K, capacity 31292K, committed 31740K, reserved 1077248K
  class space    used 3612K, capacity 3709K, committed 3836K, reserved 1048576K
2016-07-04T18:46:54.364-0530: 25629.870: [GC (Allocation Failure) 25629.870: [ParNew
Desired survivor size 20112992 bytes, new threshold 2 (max 8)
- age   1:    5003672 bytes,    5003672 total
- age   2:   17331680 bytes,   22335352 total
: 109248K->21824K(109248K), 0.0772282 secs] 231079K->156592K(502464K), 0.0773259 secs] [Times: user=0.11 sys=0.14, real=0.08 secs] 
Heap after GC invocations=34 (full 3):
 par new generation   total 109248K, used 21824K [0x00000007a0000000, 0x00000007a8000000, 0x00000007a8000000)
  eden space 87424K,   0% used [0x00000007a0000000, 0x00000007a0000000, 0x00000007a5560000)
  from space 21824K, 100% used [0x00000007a5560000, 0x00000007a6ab0000, 0x00000007a6ab0000)
  to   space 21824K,   0% used [0x00000007a6ab0000, 0x00000007a6ab0000, 0x00000007a8000000)
 concurrent mark-sweep generation total 393216K, used 134768K [0x00000007a8000000, 0x00000007c0000000, 0x00000007c0000000)
 Metaspace       used 30894K, capacity 31292K, committed 31740K, reserved 1077248K
  class space    used 3612K, capacity 3709K, committed 3836K, reserved 1048576K
}
2016-07-04T18:46:54.442-0530: 25629.948: Total time for which application threads were stopped: 0.0776738 seconds
2016-07-04T18:46:56.629-0530: 25632.134: Total time for which application threads were stopped: 0.0001873 seconds
2016-07-04T18:47:13.824-0530: 25649.331: Total time for which application threads were stopped: 0.0001533 seconds
2016-07-04T18:47:13.825-0530: 25649.331: Total time for which application threads were stopped: 0.0000413 seconds
{Heap before GC invocations=34 (full 3):
 par new generation   total 109248K, used 109248K [0x00000007a0000000, 0x00000007a8000000, 0x00000007a8000000)
  eden space 87424K, 100% used [0x00000007a0000000, 0x00000007a5560000, 0x00000007a5560000)
  from space 21824K, 100% used [0x00000007a5560000, 0x00000007a6ab0000, 0x00000007a6ab0000)
  to   space 21824K,   0% used [0x00000007a6ab0000, 0x00000007a6ab0000, 0x00000007a8000000)
 concurrent mark-sweep generation total 393216K, used 134768K [0x00000007a8000000, 0x00000007c0000000, 0x00000007c0000000)
 Metaspace       used 30895K, capacity 31292K, committed 31740K, reserved 1077248K
  class space    used 3612K, capacity 3709K, committed 3836K, reserved 1048576K
2016-07-04T18:47:13.836-0530: 25649.342: [GC (Allocation Failure) 25649.370: [ParNew
Desired survivor size 20112992 bytes, new threshold 8 (max 8)
- age   1:    3121160 bytes,    3121160 total
: 109248K->20418K(109248K), 0.0320955 secs] 244016K->167179K(502464K), 0.0599039 secs] [Times: user=0.03 sys=0.05, real=0.06 secs] 
Heap after GC invocations=35 (full 3):
 par new generation   total 109248K, used 20418K [0x00000007a0000000, 0x00000007a8000000, 0x00000007a8000000)
  eden space 87424K,   0% used [0x00000007a0000000, 0x00000007a0000000, 0x00000007a5560000)
  from space 21824K,  93% used [0x00000007a6ab0000, 0x00000007a7ea0940, 0x00000007a8000000)
  to   space 21824K,   0% used [0x00000007a5560000, 0x00000007a5560000, 0x00000007a6ab0000)
 concurrent mark-sweep generation total 393216K, used 146761K [0x00000007a8000000, 0x00000007c0000000, 0x00000007c0000000)
 Metaspace       used 30895K, capacity 31292K, committed 31740K, reserved 1077248K
  class space    used 3612K, capacity 3709K, committed 3836K, reserved 1048576K
}
2016-07-04T18:47:13.896-0530: 25649.402: Total time for which application threads were stopped: 0.0601077 seconds
{Heap before GC invocations=35 (full 3):
 par new generation   total 109248K, used 107842K [0x00000007a0000000, 0x00000007a8000000, 0x00000007a8000000)
  eden space 87424K, 100% used [0x00000007a0000000, 0x00000007a5560000, 0x00000007a5560000)
  from space 21824K,  93% used [0x00000007a6ab0000, 0x00000007a7ea0940, 0x00000007a8000000)
  to   space 21824K,   0% used [0x00000007a5560000, 0x00000007a5560000, 0x00000007a6ab0000)
 concurrent mark-sweep generation total 393216K, used 146761K [0x00000007a8000000, 0x00000007c0000000, 0x00000007c0000000)
 Metaspace       used 30895K, capacity 31292K, committed 31740K, reserved 1077248K
  class space    used 3612K, capacity 3709K, committed 3836K, reserved 1048576K
2016-07-04T18:47:14.362-0530: 25649.868: [GC (Allocation Failure) 25649.868: [ParNew
Desired survivor size 20112992 bytes, new threshold 2 (max 8)
- age   1:   19227616 bytes,   19227616 total
- age   2:    3105168 bytes,   22332784 total
: 107842K->21824K(109248K), 0.0784895 secs] 254603K->188521K(502464K), 0.0785825 secs] [Times: user=0.13 sys=0.09, real=0.08 secs] 
Heap after GC invocations=36 (full 3):
 par new generation   total 109248K, used 21824K [0x00000007a0000000, 0x00000007a8000000, 0x00000007a8000000)
  eden space 87424K,   0% used [0x00000007a0000000, 0x00000007a0000000, 0x00000007a5560000)
  from space 21824K, 100% used [0x00000007a5560000, 0x00000007a6ab0000, 0x00000007a6ab0000)
  to   space 21824K,   0% used [0x00000007a6ab0000, 0x00000007a6ab0000, 0x00000007a8000000)
 concurrent mark-sweep generation total 393216K, used 166697K [0x00000007a8000000, 0x00000007c0000000, 0x00000007c0000000)
 Metaspace       used 30895K, capacity 31292K, committed 31740K, reserved 1077248K
  class space    used 3612K, capacity 3709K, committed 3836K, reserved 1048576K
}
2016-07-04T18:47:14.441-0530: 25649.947: Total time for which application threads were stopped: 0.0788360 seconds
{Heap before GC invocations=36 (full 3):
 par new generation   total 109248K, used 109248K [0x00000007a0000000, 0x00000007a8000000, 0x00000007a8000000)
  eden space 87424K, 100% used [0x00000007a0000000, 0x00000007a5560000, 0x00000007a5560000)
  from space 21824K, 100% used [0x00000007a5560000, 0x00000007a6ab0000, 0x00000007a6ab0000)
  to   space 21824K,   0% used [0x00000007a6ab0000, 0x00000007a6ab0000, 0x00000007a8000000)
 concurrent mark-sweep generation total 393216K, used 166697K [0x00000007a8000000, 0x00000007c0000000, 0x00000007c0000000)
 Metaspace       used 30895K, capacity 31292K, committed 31740K, reserved 1077248K
  class space    used 3612K, capacity 3709K, committed 3836K, reserved 1048576K
2016-07-04T18:47:15.046-0530: 25650.552: [GC (Allocation Failure) 25650.552: [ParNew
Desired survivor size 20112992 bytes, new threshold 2 (max 8)
- age   1:   10087872 bytes,   10087872 total
- age   2:   11955376 bytes,   22043248 total
: 109248K->21824K(109248K), 0.0280911 secs] 275945K->196738K(502464K), 0.0281585 secs] [Times: user=0.07 sys=0.03, real=0.03 secs] 
Heap after GC invocations=37 (full 3):
 par new generation   total 109248K, used 21824K [0x00000007a0000000, 0x00000007a8000000, 0x00000007a8000000)
  eden space 87424K,   0% used [0x00000007a0000000, 0x00000007a0000000, 0x00000007a5560000)
  from space 21824K, 100% used [0x00000007a6ab0000, 0x00000007a8000000, 0x00000007a8000000)
  to   space 21824K,   0% used [0x00000007a5560000, 0x00000007a5560000, 0x00000007a6ab0000)
 concurrent mark-sweep generation total 393216K, used 174914K [0x00000007a8000000, 0x00000007c0000000, 0x00000007c0000000)
 Metaspace       used 30895K, capacity 31292K, committed 31740K, reserved 1077248K
  class space    used 3612K, capacity 3709K, committed 3836K, reserved 1048576K
}
2016-07-04T18:47:15.074-0530: 25650.580: Total time for which application threads were stopped: 0.0283504 seconds
2016-07-04T18:47:16.937-0530: 25652.443: Total time for which application threads were stopped: 0.0001730 seconds
2016-07-04T18:47:16.976-0530: 25652.482: Total time for which application threads were stopped: 0.0002698 seconds
2016-07-04T18:47:17.979-0530: 25653.485: Total time for which application threads were stopped: 0.0001330 seconds
2016-07-04T18:47:58.820-0530: 25694.328: Total time for which application threads were stopped: 0.0001270 seconds
2016-07-04T18:47:58.820-0530: 25694.328: Total time for which application threads were stopped: 0.0000649 seconds
2016-07-04T18:47:58.821-0530: 25694.329: Total time for which application threads were stopped: 0.0001027 seconds
2016-07-04T18:47:59.826-0530: 25695.334: Total time for which application threads were stopped: 0.0028819 seconds
2016-07-04T18:48:01.835-0530: 25697.343: Total time for which application threads were stopped: 0.0005011 seconds
2016-07-04T18:48:06.856-0530: 25702.364: Total time for which application threads were stopped: 0.0054206 seconds
2016-07-04T18:48:07.025-0530: 25702.533: Total time for which application threads were stopped: 0.0173739 seconds
{Heap before GC invocations=37 (full 3):
 par new generation   total 109248K, used 109222K [0x00000007a0000000, 0x00000007a8000000, 0x00000007a8000000)
  eden space 87424K,  99% used [0x00000007a0000000, 0x00000007a5559948, 0x00000007a5560000)
  from space 21824K, 100% used [0x00000007a6ab0000, 0x00000007a8000000, 0x00000007a8000000)
  to   space 21824K,   0% used [0x00000007a5560000, 0x00000007a5560000, 0x00000007a6ab0000)
 concurrent mark-sweep generation total 393216K, used 174914K [0x00000007a8000000, 0x00000007c0000000, 0x00000007c0000000)
 Metaspace       used 30900K, capacity 31292K, committed 31740K, reserved 1077248K
  class space    used 3612K, capacity 3709K, committed 3836K, reserved 1048576K
2016-07-04T18:48:14.858-0530: 25710.366: [GC (Allocation Failure) 25710.431: [ParNew
Desired survivor size 20112992 bytes, new threshold 1 (max 8)
- age   1:   22314200 bytes,   22314200 total
: 109222K->21824K(109248K), 0.0410353 secs] 284136K->205138K(502464K), 0.1066283 secs] [Times: user=0.04 sys=0.08, real=0.11 secs] 
Heap after GC invocations=38 (full 3):
 par new generation   total 109248K, used 21824K [0x00000007a0000000, 0x00000007a8000000, 0x00000007a8000000)
  eden space 87424K,   0% used [0x00000007a0000000, 0x00000007a0000000, 0x00000007a5560000)
  from space 21824K, 100% used [0x00000007a5560000, 0x00000007a6ab0000, 0x00000007a6ab0000)
  to   space 21824K,   0% used [0x00000007a6ab0000, 0x00000007a6ab0000, 0x00000007a8000000)
 concurrent mark-sweep generation total 393216K, used 183314K [0x00000007a8000000, 0x00000007c0000000, 0x00000007c0000000)
 Metaspace       used 30900K, capacity 31292K, committed 31740K, reserved 1077248K
  class space    used 3612K, capacity 3709K, committed 3836K, reserved 1048576K
}
2016-07-04T18:48:14.965-0530: 25710.473: Total time for which application threads were stopped: 0.1069168 seconds
2016-07-04T18:48:24.006-0530: 25719.515: Total time for which application threads were stopped: 0.0177420 seconds
2016-07-04T18:48:32.211-0530: 25727.719: Total time for which application threads were stopped: 0.0277709 seconds
2016-07-04T18:48:34.940-0530: 25735.927: Total time for which application threads were stopped: 0.0211681 seconds
2016-07-04T18:48:34.952-0530: 25735.939: Total time for which application threads were stopped: 0.0085154 seconds
2016-07-04T18:48:35.103-0530: 25736.090: Total time for which application threads were stopped: 0.0016452 seconds
2016-07-04T18:48:35.111-0530: 25736.098: Total time for which application threads were stopped: 0.0068827 seconds
2016-07-04T18:48:35.132-0530: 25736.119: Total time for which application threads were stopped: 0.0180922 seconds
2016-07-04T18:48:36.137-0530: 25737.124: Total time for which application threads were stopped: 0.0047708 seconds
{Heap before GC invocations=38 (full 3):
 par new generation   total 109248K, used 109248K [0x00000007a0000000, 0x00000007a8000000, 0x00000007a8000000)
  eden space 87424K, 100% used [0x00000007a0000000, 0x00000007a5560000, 0x00000007a5560000)
  from space 21824K, 100% used [0x00000007a5560000, 0x00000007a6ab0000, 0x00000007a6ab0000)
  to   space 21824K,   0% used [0x00000007a6ab0000, 0x00000007a6ab0000, 0x00000007a8000000)
 concurrent mark-sweep generation total 393216K, used 183314K [0x00000007a8000000, 0x00000007c0000000, 0x00000007c0000000)
 Metaspace       used 30945K, capacity 31292K, committed 31740K, reserved 1077248K
  class space    used 3618K, capacity 3709K, committed 3836K, reserved 1048576K
2016-07-04T18:48:38.709-0530: 25739.696: [GC (Allocation Failure) 25739.700: [ParNew
Desired survivor size 20112992 bytes, new threshold 1 (max 8)
- age   1:   22271184 bytes,   22271184 total
: 109248K->21824K(109248K), 0.1459676 secs] 292562K->253127K(502464K), 0.1504743 secs] [Times: user=0.08 sys=0.25, real=0.15 secs] 
Heap after GC invocations=39 (full 3):
 par new generation   total 109248K, used 21824K [0x00000007a0000000, 0x00000007a8000000, 0x00000007a8000000)
  eden space 87424K,   0% used [0x00000007a0000000, 0x00000007a0000000, 0x00000007a5560000)
  from space 21824K, 100% used [0x00000007a6ab0000, 0x00000007a8000000, 0x00000007a8000000)
  to   space 21824K,   0% used [0x00000007a5560000, 0x00000007a5560000, 0x00000007a6ab0000)
 concurrent mark-sweep generation total 393216K, used 231303K [0x00000007a8000000, 0x00000007c0000000, 0x00000007c0000000)
 Metaspace       used 30945K, capacity 31292K, committed 31740K, reserved 1077248K
  class space    used 3618K, capacity 3709K, committed 3836K, reserved 1048576K
}
2016-07-04T18:48:38.859-0530: 25739.846: Total time for which application threads were stopped: 0.1506534 seconds
2016-07-04T18:48:38.907-0530: 25739.894: [GC (CMS Initial Mark) [1 CMS-initial-mark: 231303K(393216K)] 253933K(502464K), 0.0234271 secs] [Times: user=0.00 sys=0.00, real=0.03 secs] 
2016-07-04T18:48:38.931-0530: 25739.918: Total time for which application threads were stopped: 0.0442182 seconds
2016-07-04T18:48:38.931-0530: 25739.918: [CMS-concurrent-mark-start]
2016-07-04T18:48:38.987-0530: 25739.974: [CMS-concurrent-mark: 0.056/0.056 secs] [Times: user=0.05 sys=0.05, real=0.05 secs] 
2016-07-04T18:48:38.987-0530: 25739.974: [CMS-concurrent-preclean-start]
2016-07-04T18:48:38.989-0530: 25739.976: [CMS-concurrent-preclean: 0.002/0.002 secs] [Times: user=0.00 sys=0.00, real=0.00 secs] 
2016-07-04T18:48:39.000-0530: 25739.987: [GC (CMS Final Remark) [YG occupancy: 22630 K (109248 K)]{Heap before GC invocations=39 (full 4):
 par new generation   total 109248K, used 22630K [0x00000007a0000000, 0x00000007a8000000, 0x00000007a8000000)
  eden space 87424K,   0% used [0x00000007a0000000, 0x00000007a00c9828, 0x00000007a5560000)
  from space 21824K, 100% used [0x00000007a6ab0000, 0x00000007a8000000, 0x00000007a8000000)
  to   space 21824K,   0% used [0x00000007a5560000, 0x00000007a5560000, 0x00000007a6ab0000)
 concurrent mark-sweep generation total 393216K, used 231303K [0x00000007a8000000, 0x00000007c0000000, 0x00000007c0000000)
 Metaspace       used 30945K, capacity 31292K, committed 31740K, reserved 1077248K
  class space    used 3618K, capacity 3709K, committed 3836K, reserved 1048576K
2016-07-04T18:48:39.001-0530: 25739.988: [GC (CMS Final Remark) 25739.988: [ParNew
Desired survivor size 20112992 bytes, new threshold 8 (max 8)
- age   1:     281224 bytes,     281224 total
: 22630K->21379K(109248K), 0.0364398 secs] 253933K->274434K(502464K), 0.0364856 secs] [Times: user=0.03 sys=0.02, real=0.03 secs] 
Heap after GC invocations=40 (full 4):
 par new generation   total 109248K, used 21379K [0x00000007a0000000, 0x00000007a8000000, 0x00000007a8000000)
  eden space 87424K,   0% used [0x00000007a0000000, 0x00000007a0000000, 0x00000007a5560000)
  from space 21824K,  97% used [0x00000007a5560000, 0x00000007a6a40dc0, 0x00000007a6ab0000)
  to   space 21824K,   0% used [0x00000007a6ab0000, 0x00000007a6ab0000, 0x00000007a8000000)
 concurrent mark-sweep generation total 393216K, used 253055K [0x00000007a8000000, 0x00000007c0000000, 0x00000007c0000000)
 Metaspace       used 30945K, capacity 31292K, committed 31740K, reserved 1077248K
  class space    used 3618K, capacity 3709K, committed 3836K, reserved 1048576K
}
25740.024: [Rescan (parallel) , 0.0019978 secs]25740.026: [weak refs processing, 0.0017212 secs]25740.028: [class unloading, 0.0544955 secs]25740.082: [scrub symbol table, 0.0119781 secs]25740.094: [scrub string table, 0.0005075 secs][1 CMS-remark: 253055K(393216K)] 274434K(502464K), 0.1110460 secs] [Times: user=0.08 sys=0.06, real=0.11 secs] 
2016-07-04T18:48:39.112-0530: 25740.099: Total time for which application threads were stopped: 0.1228958 seconds
2016-07-04T18:48:39.112-0530: 25740.099: [CMS-concurrent-sweep-start]
2016-07-04T18:48:39.484-0530: 25740.471: [CMS-concurrent-sweep: 0.372/0.372 secs] [Times: user=0.17 sys=0.17, real=0.37 secs] 
2016-07-04T18:48:39.484-0530: 25740.471: [CMS-concurrent-reset-start]
2016-07-04T18:48:39.487-0530: 25740.474: [CMS-concurrent-reset: 0.003/0.003 secs] [Times: user=0.00 sys=0.01, real=0.00 secs] 
