Java HotSpot(TM) 64-Bit Server VM (25.31-b07) for bsd-amd64 JRE (1.8.0_31-b13), built on Dec 17 2014 20:45:36 by "java_re" with gcc 4.2.1 (Based on Apple Inc. build 5658) (LLVM build 2336.11.00)
Memory: 4k page, physical 4194304k(174416k free)

/proc/meminfo:

CommandLine flags: -XX:CMSInitiatingOccupancyFraction=50 -XX:CMSMaxAbortablePrecleanTime=6000 -XX:+CMSParallelRemarkEnabled -XX:+CMSScavengeBeforeRemark -XX:ConcGCThreads=4 -XX:InitialHeapSize=536870912 -XX:MaxHeapSize=536870912 -XX:MaxTenuringThreshold=8 -XX:NewRatio=3 -XX:OldPLABSize=16 -XX:ParallelGCThreads=4 -XX:+ParallelRefProcEnabled -XX:PretenureSizeThreshold=67108864 -XX:+PrintGC -XX:+PrintGCApplicationStoppedTime -XX:+PrintGCDateStamps -XX:+PrintGCDetails -XX:+PrintGCTimeStamps -XX:+PrintHeapAtGC -XX:+PrintTenuringDistribution -XX:SurvivorRatio=4 -XX:TargetSurvivorRatio=90 -XX:ThreadStackSize=256 -XX:+UseCMSInitiatingOccupancyOnly -XX:+UseCompressedClassPointers -XX:+UseCompressedOops -XX:+UseConcMarkSweepGC -XX:+UseParNewGC 
2016-06-26T13:08:41.805-0530: 0.516: Total time for which application threads were stopped: 0.0001636 seconds
2016-06-26T13:08:41.973-0530: 0.684: Total time for which application threads were stopped: 0.0001346 seconds
2016-06-26T13:08:42.075-0530: 0.786: Total time for which application threads were stopped: 0.0001227 seconds
2016-06-26T13:08:42.143-0530: 0.855: Total time for which application threads were stopped: 0.0002113 seconds
2016-06-26T13:08:42.166-0530: 0.877: Total time for which application threads were stopped: 0.0002533 seconds
2016-06-26T13:08:42.181-0530: 0.892: Total time for which application threads were stopped: 0.0002169 seconds
{Heap before GC invocations=0 (full 0):
 par new generation   total 109248K, used 87424K [0x00000007a0000000, 0x00000007a8000000, 0x00000007a8000000)
  eden space 87424K, 100% used [0x00000007a0000000, 0x00000007a5560000, 0x00000007a5560000)
  from space 21824K,   0% used [0x00000007a5560000, 0x00000007a5560000, 0x00000007a6ab0000)
  to   space 21824K,   0% used [0x00000007a6ab0000, 0x00000007a6ab0000, 0x00000007a8000000)
 concurrent mark-sweep generation total 393216K, used 0K [0x00000007a8000000, 0x00000007c0000000, 0x00000007c0000000)
 Metaspace       used 10065K, capacity 10204K, committed 10496K, reserved 1058816K
  class space    used 1152K, capacity 1208K, committed 1280K, reserved 1048576K
2016-06-26T13:08:42.640-0530: 1.352: [GC (Allocation Failure) 1.352: [ParNew
Desired survivor size 20112992 bytes, new threshold 8 (max 8)
- age   1:    5275272 bytes,    5275272 total
: 87424K->5211K(109248K), 0.0077595 secs] 87424K->5211K(502464K), 0.0078487 secs] [Times: user=0.02 sys=0.00, real=0.00 secs] 
Heap after GC invocations=1 (full 0):
 par new generation   total 109248K, used 5211K [0x00000007a0000000, 0x00000007a8000000, 0x00000007a8000000)
  eden space 87424K,   0% used [0x00000007a0000000, 0x00000007a0000000, 0x00000007a5560000)
  from space 21824K,  23% used [0x00000007a6ab0000, 0x00000007a6fc6e30, 0x00000007a8000000)
  to   space 21824K,   0% used [0x00000007a5560000, 0x00000007a5560000, 0x00000007a6ab0000)
 concurrent mark-sweep generation total 393216K, used 0K [0x00000007a8000000, 0x00000007c0000000, 0x00000007c0000000)
 Metaspace       used 10065K, capacity 10204K, committed 10496K, reserved 1058816K
  class space    used 1152K, capacity 1208K, committed 1280K, reserved 1048576K
}
2016-06-26T13:08:42.648-0530: 1.360: Total time for which application threads were stopped: 0.0080701 seconds
2016-06-26T13:08:42.882-0530: 1.594: Total time for which application threads were stopped: 0.0002509 seconds
2016-06-26T13:08:42.927-0530: 1.638: Total time for which application threads were stopped: 0.0001906 seconds
2016-06-26T13:08:43.124-0530: 1.835: Total time for which application threads were stopped: 0.0002414 seconds
2016-06-26T13:08:43.125-0530: 1.837: Total time for which application threads were stopped: 0.0001634 seconds
2016-06-26T13:08:43.130-0530: 1.841: Total time for which application threads were stopped: 0.0002155 seconds
2016-06-26T13:08:43.426-0530: 2.137: Total time for which application threads were stopped: 0.0003137 seconds
{Heap before GC invocations=1 (full 0):
 par new generation   total 109248K, used 92635K [0x00000007a0000000, 0x00000007a8000000, 0x00000007a8000000)
  eden space 87424K, 100% used [0x00000007a0000000, 0x00000007a5560000, 0x00000007a5560000)
  from space 21824K,  23% used [0x00000007a6ab0000, 0x00000007a6fc6e30, 0x00000007a8000000)
  to   space 21824K,   0% used [0x00000007a5560000, 0x00000007a5560000, 0x00000007a6ab0000)
 concurrent mark-sweep generation total 393216K, used 0K [0x00000007a8000000, 0x00000007c0000000, 0x00000007c0000000)
 Metaspace       used 18179K, capacity 18424K, committed 18688K, reserved 1064960K
  class space    used 2150K, capacity 2219K, committed 2304K, reserved 1048576K
2016-06-26T13:08:43.735-0530: 2.447: [GC (Allocation Failure) 2.447: [ParNew
Desired survivor size 20112992 bytes, new threshold 8 (max 8)
- age   1:    7484080 bytes,    7484080 total
- age   2:    2484232 bytes,    9968312 total
: 92635K->11382K(109248K), 0.0130645 secs] 92635K->11382K(502464K), 0.0131528 secs] [Times: user=0.03 sys=0.01, real=0.01 secs] 
Heap after GC invocations=2 (full 0):
 par new generation   total 109248K, used 11382K [0x00000007a0000000, 0x00000007a8000000, 0x00000007a8000000)
  eden space 87424K,   0% used [0x00000007a0000000, 0x00000007a0000000, 0x00000007a5560000)
  from space 21824K,  52% used [0x00000007a5560000, 0x00000007a607d870, 0x00000007a6ab0000)
  to   space 21824K,   0% used [0x00000007a6ab0000, 0x00000007a6ab0000, 0x00000007a8000000)
 concurrent mark-sweep generation total 393216K, used 0K [0x00000007a8000000, 0x00000007c0000000, 0x00000007c0000000)
 Metaspace       used 18179K, capacity 18424K, committed 18688K, reserved 1064960K
  class space    used 2150K, capacity 2219K, committed 2304K, reserved 1048576K
}
2016-06-26T13:08:43.749-0530: 2.460: Total time for which application threads were stopped: 0.0133482 seconds
2016-06-26T13:08:43.840-0530: 2.552: Total time for which application threads were stopped: 0.0005416 seconds
2016-06-26T13:08:43.867-0530: 2.578: Total time for which application threads were stopped: 0.0003891 seconds
2016-06-26T13:08:43.892-0530: 2.604: Total time for which application threads were stopped: 0.0002566 seconds
2016-06-26T13:08:44.138-0530: 2.849: Total time for which application threads were stopped: 0.0002909 seconds
2016-06-26T13:08:44.248-0530: 2.959: Total time for which application threads were stopped: 0.0001062 seconds
2016-06-26T13:08:44.262-0530: 2.973: Total time for which application threads were stopped: 0.0002631 seconds
2016-06-26T13:08:44.272-0530: 2.984: Total time for which application threads were stopped: 0.0000936 seconds
{Heap before GC invocations=2 (full 0):
 par new generation   total 109248K, used 98806K [0x00000007a0000000, 0x00000007a8000000, 0x00000007a8000000)
  eden space 87424K, 100% used [0x00000007a0000000, 0x00000007a5560000, 0x00000007a5560000)
  from space 21824K,  52% used [0x00000007a5560000, 0x00000007a607d870, 0x00000007a6ab0000)
  to   space 21824K,   0% used [0x00000007a6ab0000, 0x00000007a6ab0000, 0x00000007a8000000)
 concurrent mark-sweep generation total 393216K, used 0K [0x00000007a8000000, 0x00000007c0000000, 0x00000007c0000000)
 Metaspace       used 21445K, capacity 21682K, committed 21884K, reserved 1069056K
  class space    used 2558K, capacity 2646K, committed 2684K, reserved 1048576K
2016-06-26T13:08:44.294-0530: 3.006: [GC (Allocation Failure) 3.006: [ParNew
Desired survivor size 20112992 bytes, new threshold 8 (max 8)
- age   1:    2615160 bytes,    2615160 total
- age   2:    2196136 bytes,    4811296 total
- age   3:    2467712 bytes,    7279008 total
: 98806K->12170K(109248K), 0.0084272 secs] 98806K->12170K(502464K), 0.0084870 secs] [Times: user=0.03 sys=0.01, real=0.01 secs] 
Heap after GC invocations=3 (full 0):
 par new generation   total 109248K, used 12170K [0x00000007a0000000, 0x00000007a8000000, 0x00000007a8000000)
  eden space 87424K,   0% used [0x00000007a0000000, 0x00000007a0000000, 0x00000007a5560000)
  from space 21824K,  55% used [0x00000007a6ab0000, 0x00000007a76929c0, 0x00000007a8000000)
  to   space 21824K,   0% used [0x00000007a5560000, 0x00000007a5560000, 0x00000007a6ab0000)
 concurrent mark-sweep generation total 393216K, used 0K [0x00000007a8000000, 0x00000007c0000000, 0x00000007c0000000)
 Metaspace       used 21445K, capacity 21682K, committed 21884K, reserved 1069056K
  class space    used 2558K, capacity 2646K, committed 2684K, reserved 1048576K
}
2016-06-26T13:08:44.303-0530: 3.014: Total time for which application threads were stopped: 0.0086693 seconds
2016-06-26T13:08:44.303-0530: 3.014: [GC (CMS Initial Mark) [1 CMS-initial-mark: 0K(393216K)] 13023K(502464K), 0.0022329 secs] [Times: user=0.01 sys=0.00, real=0.00 secs] 
2016-06-26T13:08:44.305-0530: 3.017: Total time for which application threads were stopped: 0.0023764 seconds
2016-06-26T13:08:44.305-0530: 3.017: [CMS-concurrent-mark-start]
2016-06-26T13:08:44.306-0530: 3.018: [CMS-concurrent-mark: 0.001/0.001 secs] [Times: user=0.00 sys=0.00, real=0.00 secs] 
2016-06-26T13:08:44.306-0530: 3.018: [CMS-concurrent-preclean-start]
2016-06-26T13:08:44.307-0530: 3.019: [CMS-concurrent-preclean: 0.001/0.001 secs] [Times: user=0.00 sys=0.00, real=0.00 secs] 
2016-06-26T13:08:44.308-0530: 3.019: [GC (CMS Final Remark) [YG occupancy: 13023 K (109248 K)]3.019: [Rescan (parallel) , 0.0026593 secs]3.022: [weak refs processing, 0.0006802 secs]3.023: [class unloading, 0.0075489 secs]3.030: [scrub symbol table, 0.0029174 secs]3.033: [scrub string table, 0.0002838 secs][1 CMS-remark: 0K(393216K)] 13023K(502464K), 0.0164496 secs] [Times: user=0.02 sys=0.00, real=0.02 secs] 
2016-06-26T13:08:44.324-0530: 3.036: Total time for which application threads were stopped: 0.0165647 seconds
2016-06-26T13:08:44.324-0530: 3.036: [CMS-concurrent-sweep-start]
{Heap before GC invocations=3 (full 1):
 par new generation   total 109248K, used 13023K [0x00000007a0000000, 0x00000007a8000000, 0x00000007a8000000)
  eden space 87424K,   0% used [0x00000007a0000000, 0x00000007a00d5340, 0x00000007a5560000)
  from space 21824K,  55% used [0x00000007a6ab0000, 0x00000007a76929c0, 0x00000007a8000000)
  to   space 21824K,   0% used [0x00000007a5560000, 0x00000007a5560000, 0x00000007a6ab0000)
 concurrent mark-sweep generation total 393216K, used 0K [0x00000007a8000000, 0x00000007c0000000, 0x00000007c0000000)
 Metaspace       used 21462K, capacity 21746K, committed 21884K, reserved 1069056K
  class space    used 2561K, capacity 2646K, committed 2684K, reserved 1048576K
2016-06-26T13:08:44.324-0530: 3.036: [GC (GCLocker Initiated GC) 3.036: [ParNew
Desired survivor size 20112992 bytes, new threshold 8 (max 8)
- age   1:      30552 bytes,      30552 total
- age   2:     464376 bytes,     494928 total
- age   3:    2196160 bytes,    2691088 total
- age   4:    2467616 bytes,    5158704 total
: 13023K->7610K(109248K), 0.0070778 secs] 13023K->7610K(502464K), 0.0071284 secs] [Times: user=0.02 sys=0.00, real=0.01 secs] 
Heap after GC invocations=4 (full 1):
 par new generation   total 109248K, used 7610K [0x00000007a0000000, 0x00000007a8000000, 0x00000007a8000000)
  eden space 87424K,   0% used [0x00000007a0000000, 0x00000007a0000000, 0x00000007a5560000)
  from space 21824K,  34% used [0x00000007a5560000, 0x00000007a5ccebc0, 0x00000007a6ab0000)
  to   space 21824K,   0% used [0x00000007a6ab0000, 0x00000007a6ab0000, 0x00000007a8000000)
 concurrent mark-sweep generation total 393216K, used 0K [0x00000007a8000000, 0x00000007c0000000, 0x00000007c0000000)
 Metaspace       used 21462K, capacity 21746K, committed 21884K, reserved 1069056K
  class space    used 2561K, capacity 2646K, committed 2684K, reserved 1048576K
}
2016-06-26T13:08:44.332-0530: 3.043: Total time for which application threads were stopped: 0.0073069 seconds
2016-06-26T13:08:44.332-0530: 3.043: [CMS-concurrent-sweep: 0.007/0.007 secs] [Times: user=0.02 sys=0.00, real=0.01 secs] 
2016-06-26T13:08:44.332-0530: 3.043: [CMS-concurrent-reset-start]
2016-06-26T13:08:44.337-0530: 3.048: [CMS-concurrent-reset: 0.005/0.005 secs] [Times: user=0.01 sys=0.00, real=0.00 secs] 
2016-06-26T13:08:45.333-0530: 4.045: Total time for which application threads were stopped: 0.0005879 seconds
2016-06-26T13:08:45.442-0530: 4.154: Total time for which application threads were stopped: 0.0003521 seconds
2016-06-26T13:08:45.497-0530: 4.208: Total time for which application threads were stopped: 0.0003046 seconds
2016-06-26T13:08:46.499-0530: 5.210: Total time for which application threads were stopped: 0.0004452 seconds
2016-06-26T13:08:47.503-0530: 6.214: Total time for which application threads were stopped: 0.0005010 seconds
2016-06-26T13:08:49.576-0530: 8.288: Total time for which application threads were stopped: 0.0000686 seconds
2016-06-26T13:08:49.583-0530: 8.295: Total time for which application threads were stopped: 0.0000718 seconds
2016-06-26T13:08:49.623-0530: 8.334: Total time for which application threads were stopped: 0.0000720 seconds
2016-06-26T13:08:49.639-0530: 8.351: Total time for which application threads were stopped: 0.0000660 seconds
2016-06-26T13:08:49.993-0530: 8.705: Total time for which application threads were stopped: 0.0000993 seconds
2016-06-26T13:08:50.000-0530: 8.712: Total time for which application threads were stopped: 0.0000862 seconds
2016-06-26T13:08:50.286-0530: 8.998: Total time for which application threads were stopped: 0.0004297 seconds
2016-06-26T13:08:50.391-0530: 9.103: Total time for which application threads were stopped: 0.0001146 seconds
2016-06-26T13:08:50.570-0530: 9.282: Total time for which application threads were stopped: 0.0000853 seconds
2016-06-26T13:08:50.604-0530: 9.316: Total time for which application threads were stopped: 0.0001108 seconds
2016-06-26T13:08:50.604-0530: 9.316: Total time for which application threads were stopped: 0.0000482 seconds
2016-06-26T13:08:50.605-0530: 9.317: Total time for which application threads were stopped: 0.0000922 seconds
2016-06-26T13:08:50.619-0530: 9.331: Total time for which application threads were stopped: 0.0000842 seconds
2016-06-26T13:08:50.642-0530: 9.354: Total time for which application threads were stopped: 0.0001047 seconds
2016-06-26T13:08:50.642-0530: 9.354: Total time for which application threads were stopped: 0.0001005 seconds
2016-06-26T13:08:50.654-0530: 9.365: Total time for which application threads were stopped: 0.0000802 seconds
2016-06-26T13:08:50.654-0530: 9.366: Total time for which application threads were stopped: 0.0000949 seconds
2016-06-26T13:08:50.655-0530: 9.366: Total time for which application threads were stopped: 0.0000701 seconds
2016-06-26T13:08:50.953-0530: 9.665: Total time for which application threads were stopped: 0.0000869 seconds
2016-06-26T13:08:50.953-0530: 9.665: Total time for which application threads were stopped: 0.0000427 seconds
2016-06-26T13:08:50.953-0530: 9.665: Total time for which application threads were stopped: 0.0000517 seconds
2016-06-26T13:08:50.953-0530: 9.665: Total time for which application threads were stopped: 0.0000523 seconds
2016-06-26T13:08:50.953-0530: 9.665: Total time for which application threads were stopped: 0.0000404 seconds
2016-06-26T13:08:51.031-0530: 9.743: Total time for which application threads were stopped: 0.0000983 seconds
2016-06-26T13:08:51.031-0530: 9.743: Total time for which application threads were stopped: 0.0001450 seconds
2016-06-26T13:08:52.043-0530: 10.755: Total time for which application threads were stopped: 0.0066244 seconds
2016-06-26T13:08:53.044-0530: 11.756: Total time for which application threads were stopped: 0.0006561 seconds
2016-06-26T13:08:54.046-0530: 12.758: Total time for which application threads were stopped: 0.0004571 seconds
2016-06-26T13:08:55.062-0530: 13.774: Total time for which application threads were stopped: 0.0147351 seconds
2016-06-26T13:08:56.065-0530: 14.777: Total time for which application threads were stopped: 0.0026754 seconds
2016-06-26T13:08:57.079-0530: 15.791: Total time for which application threads were stopped: 0.0103627 seconds
2016-06-26T13:08:58.082-0530: 16.794: Total time for which application threads were stopped: 0.0004238 seconds
2016-06-26T13:08:59.085-0530: 17.825: Total time for which application threads were stopped: 0.0290007 seconds
2016-06-26T13:09:00.137-0530: 18.849: Total time for which application threads were stopped: 0.0191037 seconds
{Heap before GC invocations=4 (full 1):
 par new generation   total 109248K, used 95034K [0x00000007a0000000, 0x00000007a8000000, 0x00000007a8000000)
  eden space 87424K, 100% used [0x00000007a0000000, 0x00000007a5560000, 0x00000007a5560000)
  from space 21824K,  34% used [0x00000007a5560000, 0x00000007a5ccebc0, 0x00000007a6ab0000)
  to   space 21824K,   0% used [0x00000007a6ab0000, 0x00000007a6ab0000, 0x00000007a8000000)
 concurrent mark-sweep generation total 393216K, used 0K [0x00000007a8000000, 0x00000007c0000000, 0x00000007c0000000)
 Metaspace       used 26984K, capacity 27276K, committed 27772K, reserved 1073152K
  class space    used 3247K, capacity 3327K, committed 3452K, reserved 1048576K
2016-06-26T13:09:00.467-0530: 19.179: [GC (Allocation Failure) 19.179: [ParNew
Desired survivor size 20112992 bytes, new threshold 5 (max 8)
- age   1:   17217608 bytes,   17217608 total
- age   2:       2544 bytes,   17220152 total
- age   3:     383776 bytes,   17603928 total
- age   4:    2151816 bytes,   19755744 total
- age   5:    2465832 bytes,   22221576 total
: 95034K->21824K(109248K), 0.0530185 secs] 95034K->31205K(502464K), 0.0531195 secs] [Times: user=0.09 sys=0.02, real=0.06 secs] 
Heap after GC invocations=5 (full 1):
 par new generation   total 109248K, used 21824K [0x00000007a0000000, 0x00000007a8000000, 0x00000007a8000000)
  eden space 87424K,   0% used [0x00000007a0000000, 0x00000007a0000000, 0x00000007a5560000)
  from space 21824K, 100% used [0x00000007a6ab0000, 0x00000007a8000000, 0x00000007a8000000)
  to   space 21824K,   0% used [0x00000007a5560000, 0x00000007a5560000, 0x00000007a6ab0000)
 concurrent mark-sweep generation total 393216K, used 9381K [0x00000007a8000000, 0x00000007c0000000, 0x00000007c0000000)
 Metaspace       used 26984K, capacity 27276K, committed 27772K, reserved 1073152K
  class space    used 3247K, capacity 3327K, committed 3452K, reserved 1048576K
}
2016-06-26T13:09:00.520-0530: 19.232: Total time for which application threads were stopped: 0.0533175 seconds
2016-06-26T13:09:00.524-0530: 19.236: Total time for which application threads were stopped: 0.0002108 seconds
2016-06-26T13:09:00.541-0530: 19.253: Total time for which application threads were stopped: 0.0000710 seconds
2016-06-26T13:09:00.563-0530: 19.275: Total time for which application threads were stopped: 0.0000763 seconds
2016-06-26T13:09:00.631-0530: 19.343: Total time for which application threads were stopped: 0.0000936 seconds
2016-06-26T13:09:00.632-0530: 19.344: Total time for which application threads were stopped: 0.0000822 seconds
2016-06-26T13:09:01.009-0530: 19.721: Total time for which application threads were stopped: 0.0001061 seconds
{Heap before GC invocations=5 (full 1):
 par new generation   total 109248K, used 109068K [0x00000007a0000000, 0x00000007a8000000, 0x00000007a8000000)
  eden space 87424K,  99% used [0x00000007a0000000, 0x00000007a55333d8, 0x00000007a5560000)
  from space 21824K, 100% used [0x00000007a6ab0000, 0x00000007a8000000, 0x00000007a8000000)
  to   space 21824K,   0% used [0x00000007a5560000, 0x00000007a5560000, 0x00000007a6ab0000)
 concurrent mark-sweep generation total 393216K, used 9381K [0x00000007a8000000, 0x00000007c0000000, 0x00000007c0000000)
 Metaspace       used 28713K, capacity 29056K, committed 29564K, reserved 1075200K
  class space    used 3485K, capacity 3593K, committed 3708K, reserved 1048576K
2016-06-26T13:09:01.523-0530: 20.235: [GC (Allocation Failure) 20.235: [ParNew
Desired survivor size 20112992 bytes, new threshold 4 (max 8)
- age   1:    5160096 bytes,    5160096 total
- age   2:   14797904 bytes,   19958000 total
- age   3:       2336 bytes,   19960336 total
- age   4:     382080 bytes,   20342416 total
- age   5:    1987200 bytes,   22329616 total
: 109068K->21824K(109248K), 0.0910104 secs] 118450K->50336K(502464K), 0.0910791 secs] [Times: user=0.12 sys=0.02, real=0.09 secs] 
Heap after GC invocations=6 (full 1):
 par new generation   total 109248K, used 21824K [0x00000007a0000000, 0x00000007a8000000, 0x00000007a8000000)
  eden space 87424K,   0% used [0x00000007a0000000, 0x00000007a0000000, 0x00000007a5560000)
  from space 21824K, 100% used [0x00000007a5560000, 0x00000007a6ab0000, 0x00000007a6ab0000)
  to   space 21824K,   0% used [0x00000007a6ab0000, 0x00000007a6ab0000, 0x00000007a8000000)
 concurrent mark-sweep generation total 393216K, used 28512K [0x00000007a8000000, 0x00000007c0000000, 0x00000007c0000000)
 Metaspace       used 28713K, capacity 29056K, committed 29564K, reserved 1075200K
  class space    used 3485K, capacity 3593K, committed 3708K, reserved 1048576K
}
2016-06-26T13:09:01.614-0530: 20.326: Total time for which application threads were stopped: 0.0913697 seconds
2016-06-26T13:09:01.993-0530: 20.705: Total time for which application threads were stopped: 0.0005172 seconds
2016-06-26T13:09:02.576-0530: 21.289: Total time for which application threads were stopped: 0.0003566 seconds
2016-06-26T13:09:03.148-0530: 21.861: Total time for which application threads were stopped: 0.0003584 seconds
2016-06-26T13:09:03.319-0530: 22.031: Total time for which application threads were stopped: 0.0004731 seconds
{Heap before GC invocations=6 (full 1):
 par new generation   total 109248K, used 109248K [0x00000007a0000000, 0x00000007a8000000, 0x00000007a8000000)
  eden space 87424K, 100% used [0x00000007a0000000, 0x00000007a5560000, 0x00000007a5560000)
  from space 21824K, 100% used [0x00000007a5560000, 0x00000007a6ab0000, 0x00000007a6ab0000)
  to   space 21824K,   0% used [0x00000007a6ab0000, 0x00000007a6ab0000, 0x00000007a8000000)
 concurrent mark-sweep generation total 393216K, used 28512K [0x00000007a8000000, 0x00000007c0000000, 0x00000007c0000000)
 Metaspace       used 29092K, capacity 29408K, committed 29820K, reserved 1075200K
  class space    used 3511K, capacity 3625K, committed 3708K, reserved 1048576K
2016-06-26T13:09:03.832-0530: 22.544: [GC (Allocation Failure) 22.544: [ParNew
Desired survivor size 20112992 bytes, new threshold 3 (max 8)
- age   1:   11113576 bytes,   11113576 total
- age   2:    1100008 bytes,   12213584 total
- age   3:   10130712 bytes,   22344296 total
- age   4:       2336 bytes,   22346632 total
: 109248K->21824K(109248K), 0.0599144 secs] 137760K->89009K(502464K), 0.0599792 secs] [Times: user=0.17 sys=0.02, real=0.06 secs] 
Heap after GC invocations=7 (full 1):
 par new generation   total 109248K, used 21824K [0x00000007a0000000, 0x00000007a8000000, 0x00000007a8000000)
  eden space 87424K,   0% used [0x00000007a0000000, 0x00000007a0000000, 0x00000007a5560000)
  from space 21824K, 100% used [0x00000007a6ab0000, 0x00000007a8000000, 0x00000007a8000000)
  to   space 21824K,   0% used [0x00000007a5560000, 0x00000007a5560000, 0x00000007a6ab0000)
 concurrent mark-sweep generation total 393216K, used 67185K [0x00000007a8000000, 0x00000007c0000000, 0x00000007c0000000)
 Metaspace       used 29092K, capacity 29408K, committed 29820K, reserved 1075200K
  class space    used 3511K, capacity 3625K, committed 3708K, reserved 1048576K
}
2016-06-26T13:09:03.892-0530: 22.604: Total time for which application threads were stopped: 0.0601598 seconds
{Heap before GC invocations=7 (full 1):
 par new generation   total 109248K, used 109248K [0x00000007a0000000, 0x00000007a8000000, 0x00000007a8000000)
  eden space 87424K, 100% used [0x00000007a0000000, 0x00000007a5560000, 0x00000007a5560000)
  from space 21824K, 100% used [0x00000007a6ab0000, 0x00000007a8000000, 0x00000007a8000000)
  to   space 21824K,   0% used [0x00000007a5560000, 0x00000007a5560000, 0x00000007a6ab0000)
 concurrent mark-sweep generation total 393216K, used 67185K [0x00000007a8000000, 0x00000007c0000000, 0x00000007c0000000)
 Metaspace       used 29115K, capacity 29472K, committed 29820K, reserved 1075200K
  class space    used 3512K, capacity 3625K, committed 3708K, reserved 1048576K
2016-06-26T13:09:04.334-0530: 23.046: [GC (Allocation Failure) 23.046: [ParNew
Desired survivor size 20112992 bytes, new threshold 2 (max 8)
- age   1:   10141928 bytes,   10141928 total
- age   2:   11105576 bytes,   21247504 total
- age   3:    1105264 bytes,   22352768 total
: 109248K->21824K(109248K), 0.1769894 secs] 176433K->159488K(502464K), 0.1932239 secs] [Times: user=0.43 sys=0.04, real=0.19 secs] 
Heap after GC invocations=8 (full 1):
 par new generation   total 109248K, used 21824K [0x00000007a0000000, 0x00000007a8000000, 0x00000007a8000000)
  eden space 87424K,   0% used [0x00000007a0000000, 0x00000007a0000000, 0x00000007a5560000)
  from space 21824K, 100% used [0x00000007a5560000, 0x00000007a6ab0000, 0x00000007a6ab0000)
  to   space 21824K,   0% used [0x00000007a6ab0000, 0x00000007a6ab0000, 0x00000007a8000000)
 concurrent mark-sweep generation total 393216K, used 137664K [0x00000007a8000000, 0x00000007c0000000, 0x00000007c0000000)
 Metaspace       used 29115K, capacity 29472K, committed 29820K, reserved 1075200K
  class space    used 3512K, capacity 3625K, committed 3708K, reserved 1048576K
}
2016-06-26T13:09:04.528-0530: 23.240: Total time for which application threads were stopped: 0.1934696 seconds
{Heap before GC invocations=8 (full 1):
 par new generation   total 109248K, used 109248K [0x00000007a0000000, 0x00000007a8000000, 0x00000007a8000000)
  eden space 87424K, 100% used [0x00000007a0000000, 0x00000007a5560000, 0x00000007a5560000)
  from space 21824K, 100% used [0x00000007a5560000, 0x00000007a6ab0000, 0x00000007a6ab0000)
  to   space 21824K,   0% used [0x00000007a6ab0000, 0x00000007a6ab0000, 0x00000007a8000000)
 concurrent mark-sweep generation total 393216K, used 137664K [0x00000007a8000000, 0x00000007c0000000, 0x00000007c0000000)
 Metaspace       used 29137K, capacity 29472K, committed 29820K, reserved 1075200K
  class space    used 3512K, capacity 3625K, committed 3708K, reserved 1048576K
2016-06-26T13:09:05.493-0530: 24.205: [GC (Allocation Failure) 24.205: [ParNew
Desired survivor size 20112992 bytes, new threshold 2 (max 8)
- age   1:   12467784 bytes,   12467784 total
- age   2:    9878968 bytes,   22346752 total
: 109248K->21824K(109248K), 0.0853193 secs] 246912K->185499K(502464K), 0.0872193 secs] [Times: user=0.25 sys=0.02, real=0.09 secs] 
Heap after GC invocations=9 (full 1):
 par new generation   total 109248K, used 21824K [0x00000007a0000000, 0x00000007a8000000, 0x00000007a8000000)
  eden space 87424K,   0% used [0x00000007a0000000, 0x00000007a0000000, 0x00000007a5560000)
  from space 21824K, 100% used [0x00000007a6ab0000, 0x00000007a8000000, 0x00000007a8000000)
  to   space 21824K,   0% used [0x00000007a5560000, 0x00000007a5560000, 0x00000007a6ab0000)
 concurrent mark-sweep generation total 393216K, used 163675K [0x00000007a8000000, 0x00000007c0000000, 0x00000007c0000000)
 Metaspace       used 29137K, capacity 29472K, committed 29820K, reserved 1075200K
  class space    used 3512K, capacity 3625K, committed 3708K, reserved 1048576K
}
2016-06-26T13:09:05.580-0530: 24.293: Total time for which application threads were stopped: 0.0875377 seconds
{Heap before GC invocations=9 (full 1):
 par new generation   total 109248K, used 109248K [0x00000007a0000000, 0x00000007a8000000, 0x00000007a8000000)
  eden space 87424K, 100% used [0x00000007a0000000, 0x00000007a5560000, 0x00000007a5560000)
  from space 21824K, 100% used [0x00000007a6ab0000, 0x00000007a8000000, 0x00000007a8000000)
  to   space 21824K,   0% used [0x00000007a5560000, 0x00000007a5560000, 0x00000007a6ab0000)
 concurrent mark-sweep generation total 393216K, used 163675K [0x00000007a8000000, 0x00000007c0000000, 0x00000007c0000000)
 Metaspace       used 29138K, capacity 29472K, committed 29820K, reserved 1075200K
  class space    used 3512K, capacity 3625K, committed 3708K, reserved 1048576K
2016-06-26T13:09:06.308-0530: 25.020: [GC (Allocation Failure) 25.020: [ParNew
Desired survivor size 20112992 bytes, new threshold 8 (max 8)
- age   1:        200 bytes,        200 total
- age   2:   12467568 bytes,   12467768 total
: 109248K->21824K(109248K), 0.0321211 secs] 272923K->195146K(502464K), 0.0321947 secs] [Times: user=0.09 sys=0.00, real=0.04 secs] 
Heap after GC invocations=10 (full 1):
 par new generation   total 109248K, used 21824K [0x00000007a0000000, 0x00000007a8000000, 0x00000007a8000000)
  eden space 87424K,   0% used [0x00000007a0000000, 0x00000007a0000000, 0x00000007a5560000)
  from space 21824K, 100% used [0x00000007a5560000, 0x00000007a6ab0000, 0x00000007a6ab0000)
  to   space 21824K,   0% used [0x00000007a6ab0000, 0x00000007a6ab0000, 0x00000007a8000000)
 concurrent mark-sweep generation total 393216K, used 173322K [0x00000007a8000000, 0x00000007c0000000, 0x00000007c0000000)
 Metaspace       used 29138K, capacity 29472K, committed 29820K, reserved 1075200K
  class space    used 3512K, capacity 3625K, committed 3708K, reserved 1048576K
}
2016-06-26T13:09:06.348-0530: 25.060: Total time for which application threads were stopped: 0.0402100 seconds
2016-06-26T13:09:07.351-0530: 26.063: Total time for which application threads were stopped: 0.0001769 seconds
2016-06-26T13:09:08.360-0530: 27.073: Total time for which application threads were stopped: 0.0055366 seconds
{Heap before GC invocations=10 (full 1):
 par new generation   total 109248K, used 96778K [0x00000007a0000000, 0x00000007a8000000, 0x00000007a8000000)
  eden space 87424K,  85% used [0x00000007a0000000, 0x00000007a4932810, 0x00000007a5560000)
  from space 21824K, 100% used [0x00000007a5560000, 0x00000007a6ab0000, 0x00000007a6ab0000)
  to   space 21824K,   0% used [0x00000007a6ab0000, 0x00000007a6ab0000, 0x00000007a8000000)
 concurrent mark-sweep generation total 393216K, used 173322K [0x00000007a8000000, 0x00000007c0000000, 0x00000007c0000000)
 Metaspace       used 29454K, capacity 29824K, committed 30076K, reserved 1075200K
  class space    used 3561K, capacity 3657K, committed 3708K, reserved 1048576K
2016-06-26T13:09:09.037-0530: 27.749: [GC (Allocation Failure) 27.749: [ParNew
Desired survivor size 20112992 bytes, new threshold 8 (max 8)
- age   1:    7333848 bytes,    7333848 total
- age   3:   12151264 bytes,   19485112 total
: 96778K->21178K(109248K), 0.0146328 secs] 270100K->194500K(502464K), 0.0146940 secs] [Times: user=0.05 sys=0.00, real=0.02 secs] 
Heap after GC invocations=11 (full 1):
 par new generation   total 109248K, used 21178K [0x00000007a0000000, 0x00000007a8000000, 0x00000007a8000000)
  eden space 87424K,   0% used [0x00000007a0000000, 0x00000007a0000000, 0x00000007a5560000)
  from space 21824K,  97% used [0x00000007a6ab0000, 0x00000007a7f5e8a8, 0x00000007a8000000)
  to   space 21824K,   0% used [0x00000007a5560000, 0x00000007a5560000, 0x00000007a6ab0000)
 concurrent mark-sweep generation total 393216K, used 173322K [0x00000007a8000000, 0x00000007c0000000, 0x00000007c0000000)
 Metaspace       used 29454K, capacity 29824K, committed 30076K, reserved 1075200K
  class space    used 3561K, capacity 3657K, committed 3708K, reserved 1048576K
}
2016-06-26T13:09:09.052-0530: 27.764: Total time for which application threads were stopped: 0.0148622 seconds
2016-06-26T13:09:12.061-0530: 30.773: Total time for which application threads were stopped: 0.0001529 seconds
2016-06-26T13:09:12.269-0530: 30.981: Total time for which application threads were stopped: 0.0001407 seconds
2016-06-26T13:09:12.418-0530: 31.130: Total time for which application threads were stopped: 0.0005425 seconds
2016-06-26T13:09:13.420-0530: 32.132: Total time for which application threads were stopped: 0.0001662 seconds
2016-06-26T13:09:44.186-0530: 62.758: Total time for which application threads were stopped: 0.0000804 seconds
2016-06-26T13:09:44.186-0530: 62.759: Total time for which application threads were stopped: 0.0000554 seconds
2016-06-26T13:09:44.188-0530: 62.760: Total time for which application threads were stopped: 0.0001559 seconds
2016-06-26T13:09:44.189-0530: 62.761: Total time for which application threads were stopped: 0.0001229 seconds
2016-06-26T13:09:44.189-0530: 62.762: Total time for which application threads were stopped: 0.0000934 seconds
2016-06-26T13:09:44.190-0530: 62.762: Total time for which application threads were stopped: 0.0001156 seconds
2016-06-26T13:09:44.191-0530: 62.763: Total time for which application threads were stopped: 0.0001010 seconds
2016-06-26T13:09:44.192-0530: 62.765: Total time for which application threads were stopped: 0.0001347 seconds
2016-06-26T13:09:44.192-0530: 62.765: Total time for which application threads were stopped: 0.0001209 seconds
2016-06-26T13:09:44.193-0530: 62.765: Total time for which application threads were stopped: 0.0000875 seconds
2016-06-26T13:09:44.193-0530: 62.765: Total time for which application threads were stopped: 0.0000727 seconds
2016-06-26T13:09:44.193-0530: 62.766: Total time for which application threads were stopped: 0.0001214 seconds
2016-06-26T13:09:44.193-0530: 62.766: Total time for which application threads were stopped: 0.0000791 seconds
2016-06-26T13:09:44.193-0530: 62.766: Total time for which application threads were stopped: 0.0000815 seconds
2016-06-26T13:09:44.193-0530: 62.766: Total time for which application threads were stopped: 0.0000804 seconds
2016-06-26T13:09:44.194-0530: 62.766: Total time for which application threads were stopped: 0.0000779 seconds
2016-06-26T13:09:44.194-0530: 62.766: Total time for which application threads were stopped: 0.0000610 seconds
2016-06-26T13:09:44.194-0530: 62.767: Total time for which application threads were stopped: 0.0000667 seconds
2016-06-26T13:09:44.194-0530: 62.767: Total time for which application threads were stopped: 0.0001865 seconds
2016-06-26T13:09:44.194-0530: 62.767: Total time for which application threads were stopped: 0.0001074 seconds
2016-06-26T13:09:44.195-0530: 62.768: Total time for which application threads were stopped: 0.0001038 seconds
2016-06-26T13:09:44.209-0530: 62.782: Total time for which application threads were stopped: 0.0002515 seconds
2016-06-26T13:09:44.211-0530: 62.784: Total time for which application threads were stopped: 0.0002062 seconds
2016-06-26T13:09:44.212-0530: 62.785: Total time for which application threads were stopped: 0.0001953 seconds
2016-06-26T13:09:44.266-0530: 62.839: Total time for which application threads were stopped: 0.0002442 seconds
2016-06-26T13:09:44.272-0530: 62.845: Total time for which application threads were stopped: 0.0000922 seconds
2016-06-26T13:09:44.329-0530: 62.902: Total time for which application threads were stopped: 0.0056934 seconds
2016-06-26T13:09:44.354-0530: 62.926: Total time for which application threads were stopped: 0.0236871 seconds
2016-06-26T13:09:44.631-0530: 63.204: Total time for which application threads were stopped: 0.0125435 seconds
2016-06-26T13:09:44.821-0530: 63.394: Total time for which application threads were stopped: 0.0222933 seconds
2016-06-26T13:09:44.847-0530: 63.419: Total time for which application threads were stopped: 0.0253971 seconds
2016-06-26T13:09:44.847-0530: 63.420: Total time for which application threads were stopped: 0.0001534 seconds
2016-06-26T13:09:44.847-0530: 63.420: Total time for which application threads were stopped: 0.0001034 seconds
2016-06-26T13:09:44.848-0530: 63.420: Total time for which application threads were stopped: 0.0001247 seconds
2016-06-26T13:09:44.849-0530: 63.421: Total time for which application threads were stopped: 0.0001273 seconds
2016-06-26T13:09:44.849-0530: 63.422: Total time for which application threads were stopped: 0.0001209 seconds
2016-06-26T13:09:44.850-0530: 63.423: Total time for which application threads were stopped: 0.0001406 seconds
2016-06-26T13:09:44.851-0530: 63.423: Total time for which application threads were stopped: 0.0001564 seconds
2016-06-26T13:09:44.851-0530: 63.424: Total time for which application threads were stopped: 0.0001115 seconds
2016-06-26T13:09:44.851-0530: 63.424: Total time for which application threads were stopped: 0.0001072 seconds
2016-06-26T13:09:44.852-0530: 63.425: Total time for which application threads were stopped: 0.0000980 seconds
2016-06-26T13:09:44.853-0530: 63.425: Total time for which application threads were stopped: 0.0002096 seconds
2016-06-26T13:09:44.931-0530: 63.504: Total time for which application threads were stopped: 0.0138968 seconds
2016-06-26T13:09:44.931-0530: 63.504: Total time for which application threads were stopped: 0.0001196 seconds
2016-06-26T13:09:44.963-0530: 63.536: Total time for which application threads were stopped: 0.0244476 seconds
2016-06-26T13:09:44.964-0530: 63.536: Total time for which application threads were stopped: 0.0001134 seconds
2016-06-26T13:09:44.964-0530: 63.537: Total time for which application threads were stopped: 0.0000989 seconds
2016-06-26T13:09:45.021-0530: 63.594: Total time for which application threads were stopped: 0.0546833 seconds
2016-06-26T13:09:45.059-0530: 63.632: Total time for which application threads were stopped: 0.0378535 seconds
2016-06-26T13:09:45.102-0530: 63.675: Total time for which application threads were stopped: 0.0425617 seconds
2016-06-26T13:09:45.172-0530: 63.745: Total time for which application threads were stopped: 0.0677669 seconds
2016-06-26T13:09:45.172-0530: 63.745: Total time for which application threads were stopped: 0.0001094 seconds
2016-06-26T13:09:45.204-0530: 63.776: Total time for which application threads were stopped: 0.0310627 seconds
2016-06-26T13:09:45.239-0530: 63.812: Total time for which application threads were stopped: 0.0350150 seconds
2016-06-26T13:09:45.267-0530: 63.840: Total time for which application threads were stopped: 0.0274549 seconds
2016-06-26T13:09:45.267-0530: 63.840: Total time for which application threads were stopped: 0.0000903 seconds
2016-06-26T13:09:45.380-0530: 63.953: Total time for which application threads were stopped: 0.0605828 seconds
2016-06-26T13:09:45.414-0530: 63.987: Total time for which application threads were stopped: 0.0334017 seconds
2016-06-26T13:09:45.464-0530: 64.036: Total time for which application threads were stopped: 0.0490696 seconds
2016-06-26T13:09:45.464-0530: 64.037: Total time for which application threads were stopped: 0.0001142 seconds
2016-06-26T13:09:45.464-0530: 64.037: Total time for which application threads were stopped: 0.0001009 seconds
2016-06-26T13:09:45.515-0530: 64.088: Total time for which application threads were stopped: 0.0505486 seconds
2016-06-26T13:09:45.548-0530: 64.121: Total time for which application threads were stopped: 0.0317138 seconds
2016-06-26T13:09:45.670-0530: 64.242: Total time for which application threads were stopped: 0.0365766 seconds
2016-06-26T13:09:45.670-0530: 64.243: Total time for which application threads were stopped: 0.0001649 seconds
2016-06-26T13:09:45.732-0530: 64.305: Total time for which application threads were stopped: 0.0621875 seconds
2016-06-26T13:09:45.765-0530: 64.338: Total time for which application threads were stopped: 0.0315631 seconds
2016-06-26T13:09:45.766-0530: 64.338: Total time for which application threads were stopped: 0.0001225 seconds
2016-06-26T13:09:45.798-0530: 64.371: Total time for which application threads were stopped: 0.0319231 seconds
2016-06-26T13:09:45.821-0530: 64.393: Total time for which application threads were stopped: 0.0224682 seconds
2016-06-26T13:09:45.821-0530: 64.394: Total time for which application threads were stopped: 0.0003531 seconds
2016-06-26T13:09:45.863-0530: 64.436: Total time for which application threads were stopped: 0.0412749 seconds
2016-06-26T13:09:45.935-0530: 64.508: Total time for which application threads were stopped: 0.0635041 seconds
2016-06-26T13:09:45.970-0530: 64.543: Total time for which application threads were stopped: 0.0340262 seconds
2016-06-26T13:09:46.020-0530: 64.593: Total time for which application threads were stopped: 0.0489544 seconds
2016-06-26T13:09:46.125-0530: 64.698: Total time for which application threads were stopped: 0.0266936 seconds
2016-06-26T13:09:46.202-0530: 64.775: Total time for which application threads were stopped: 0.0233717 seconds
2016-06-26T13:09:46.247-0530: 64.819: Total time for which application threads were stopped: 0.0149761 seconds
2016-06-26T13:09:46.300-0530: 64.873: Total time for which application threads were stopped: 0.0521431 seconds
2016-06-26T13:09:46.420-0530: 64.992: Total time for which application threads were stopped: 0.0822565 seconds
2016-06-26T13:09:46.471-0530: 65.044: Total time for which application threads were stopped: 0.0507712 seconds
2016-06-26T13:09:46.572-0530: 65.145: Total time for which application threads were stopped: 0.1008973 seconds
2016-06-26T13:09:46.630-0530: 65.203: Total time for which application threads were stopped: 0.0570743 seconds
2016-06-26T13:09:46.699-0530: 65.272: Total time for which application threads were stopped: 0.0659791 seconds
2016-06-26T13:09:47.798-0530: 66.371: Total time for which application threads were stopped: 0.0955166 seconds
2016-06-26T13:09:49.033-0530: 67.606: Total time for which application threads were stopped: 0.2320792 seconds
2016-06-26T13:09:49.892-0530: 68.464: Total time for which application threads were stopped: 0.1553688 seconds
2016-06-26T13:09:50.058-0530: 68.631: Total time for which application threads were stopped: 0.1661715 seconds
2016-06-26T13:09:50.308-0530: 68.881: Total time for which application threads were stopped: 0.2498753 seconds
2016-06-26T13:09:50.342-0530: 68.915: Total time for which application threads were stopped: 0.0333720 seconds
2016-06-26T13:09:50.472-0530: 69.044: Total time for which application threads were stopped: 0.1288547 seconds
2016-06-26T13:09:50.684-0530: 69.257: Total time for which application threads were stopped: 0.2119509 seconds
2016-06-26T13:09:50.803-0530: 69.376: Total time for which application threads were stopped: 0.1185354 seconds
2016-06-26T13:09:50.953-0530: 69.526: Total time for which application threads were stopped: 0.1499649 seconds
2016-06-26T13:09:51.013-0530: 69.586: Total time for which application threads were stopped: 0.0589865 seconds
2016-06-26T13:09:51.015-0530: 69.588: Total time for which application threads were stopped: 0.0001593 seconds
2016-06-26T13:09:52.022-0530: 70.594: Total time for which application threads were stopped: 0.0029984 seconds
2016-06-26T13:09:52.050-0530: 70.623: Total time for which application threads were stopped: 0.0118287 seconds
2016-06-26T13:09:52.092-0530: 70.665: Total time for which application threads were stopped: 0.0411925 seconds
2016-06-26T13:09:52.146-0530: 70.719: Total time for which application threads were stopped: 0.0435951 seconds
2016-06-26T13:09:52.475-0530: 71.048: Total time for which application threads were stopped: 0.0240919 seconds
2016-06-26T13:09:52.944-0530: 71.517: Total time for which application threads were stopped: 0.0259412 seconds
2016-06-26T13:09:53.081-0530: 71.654: Total time for which application threads were stopped: 0.0199422 seconds
2016-06-26T13:09:54.230-0530: 72.803: Total time for which application threads were stopped: 0.1449560 seconds
2016-06-26T13:09:54.531-0530: 73.104: Total time for which application threads were stopped: 0.0415370 seconds
2016-06-26T13:09:54.676-0530: 73.248: Total time for which application threads were stopped: 0.0358877 seconds
2016-06-26T13:09:54.731-0530: 73.304: Total time for which application threads were stopped: 0.0551734 seconds
2016-06-26T13:09:54.760-0530: 73.333: Total time for which application threads were stopped: 0.0282085 seconds
2016-06-26T13:09:54.786-0530: 73.359: Total time for which application threads were stopped: 0.0261735 seconds
2016-06-26T13:09:54.858-0530: 73.431: Total time for which application threads were stopped: 0.0714512 seconds
2016-06-26T13:09:54.993-0530: 73.566: Total time for which application threads were stopped: 0.1350922 seconds
2016-06-26T13:09:55.043-0530: 73.616: Total time for which application threads were stopped: 0.0500166 seconds
2016-06-26T13:09:55.125-0530: 73.698: Total time for which application threads were stopped: 0.0812921 seconds
2016-06-26T13:09:55.187-0530: 73.759: Total time for which application threads were stopped: 0.0613692 seconds
2016-06-26T13:09:55.240-0530: 73.813: Total time for which application threads were stopped: 0.0535098 seconds
2016-06-26T13:09:55.321-0530: 73.893: Total time for which application threads were stopped: 0.0799433 seconds
2016-06-26T13:09:55.430-0530: 74.003: Total time for which application threads were stopped: 0.1089937 seconds
2016-06-26T13:09:55.454-0530: 74.027: Total time for which application threads were stopped: 0.0242441 seconds
2016-06-26T13:09:55.490-0530: 74.063: Total time for which application threads were stopped: 0.0353564 seconds
2016-06-26T13:09:55.532-0530: 74.105: Total time for which application threads were stopped: 0.0419499 seconds
2016-06-26T13:09:55.575-0530: 74.148: Total time for which application threads were stopped: 0.0428509 seconds
2016-06-26T13:09:55.610-0530: 74.183: Total time for which application threads were stopped: 0.0342654 seconds
2016-06-26T13:09:56.214-0530: 74.787: Total time for which application threads were stopped: 0.0239261 seconds
2016-06-26T13:09:57.255-0530: 75.828: Total time for which application threads were stopped: 0.0388708 seconds
{Heap before GC invocations=11 (full 1):
 par new generation   total 109248K, used 108602K [0x00000007a0000000, 0x00000007a8000000, 0x00000007a8000000)
  eden space 87424K, 100% used [0x00000007a0000000, 0x00000007a5560000, 0x00000007a5560000)
  from space 21824K,  97% used [0x00000007a6ab0000, 0x00000007a7f5e8a8, 0x00000007a8000000)
  to   space 21824K,   0% used [0x00000007a5560000, 0x00000007a5560000, 0x00000007a6ab0000)
 concurrent mark-sweep generation total 393216K, used 173322K [0x00000007a8000000, 0x00000007c0000000, 0x00000007c0000000)
 Metaspace       used 30168K, capacity 30534K, committed 30972K, reserved 1077248K
  class space    used 3617K, capacity 3722K, committed 3836K, reserved 1048576K
2016-06-26T13:10:06.039-0530: 84.612: [GC (Allocation Failure) 84.620: [ParNew
Desired survivor size 20112992 bytes, new threshold 4 (max 8)
- age   1:   10645328 bytes,   10645328 total
- age   2:    3572912 bytes,   14218240 total
- age   4:    8010520 bytes,   22228760 total
: 108602K->21824K(109248K), 0.0283912 secs] 281924K->201206K(502464K), 0.0357153 secs] [Times: user=0.07 sys=0.01, real=0.04 secs] 
Heap after GC invocations=12 (full 1):
 par new generation   total 109248K, used 21824K [0x00000007a0000000, 0x00000007a8000000, 0x00000007a8000000)
  eden space 87424K,   0% used [0x00000007a0000000, 0x00000007a0000000, 0x00000007a5560000)
  from space 21824K, 100% used [0x00000007a5560000, 0x00000007a6ab0000, 0x00000007a6ab0000)
  to   space 21824K,   0% used [0x00000007a6ab0000, 0x00000007a6ab0000, 0x00000007a8000000)
 concurrent mark-sweep generation total 393216K, used 179382K [0x00000007a8000000, 0x00000007c0000000, 0x00000007c0000000)
 Metaspace       used 30168K, capacity 30534K, committed 30972K, reserved 1077248K
  class space    used 3617K, capacity 3722K, committed 3836K, reserved 1048576K
}
2016-06-26T13:10:06.075-0530: 84.648: Total time for which application threads were stopped: 0.0359651 seconds
2016-06-26T13:10:07.081-0530: 85.654: Total time for which application threads were stopped: 0.0043994 seconds
2016-06-26T13:10:07.800-0530: 86.373: Total time for which application threads were stopped: 0.0001482 seconds
2016-06-26T13:10:08.028-0530: 86.601: Total time for which application threads were stopped: 0.0001396 seconds
2016-06-26T13:10:09.031-0530: 87.604: Total time for which application threads were stopped: 0.0001130 seconds
{Heap before GC invocations=12 (full 1):
 par new generation   total 109248K, used 109248K [0x00000007a0000000, 0x00000007a8000000, 0x00000007a8000000)
  eden space 87424K, 100% used [0x00000007a0000000, 0x00000007a5560000, 0x00000007a5560000)
  from space 21824K, 100% used [0x00000007a5560000, 0x00000007a6ab0000, 0x00000007a6ab0000)
  to   space 21824K,   0% used [0x00000007a6ab0000, 0x00000007a6ab0000, 0x00000007a8000000)
 concurrent mark-sweep generation total 393216K, used 179382K [0x00000007a8000000, 0x00000007c0000000, 0x00000007c0000000)
 Metaspace       used 30202K, capacity 30540K, committed 30972K, reserved 1077248K
  class space    used 3617K, capacity 3723K, committed 3836K, reserved 1048576K
2016-06-26T13:10:11.220-0530: 89.793: [GC (Allocation Failure) 89.793: [ParNew
Desired survivor size 20112992 bytes, new threshold 8 (max 8)
- age   1:    1260552 bytes,    1260552 total
- age   2:    9533560 bytes,   10794112 total
- age   3:    3463448 bytes,   14257560 total
: 109248K->21824K(109248K), 0.0345778 secs] 288630K->209716K(502464K), 0.0789819 secs] [Times: user=0.06 sys=0.00, real=0.07 secs] 
Heap after GC invocations=13 (full 1):
 par new generation   total 109248K, used 21824K [0x00000007a0000000, 0x00000007a8000000, 0x00000007a8000000)
  eden space 87424K,   0% used [0x00000007a0000000, 0x00000007a0000000, 0x00000007a5560000)
  from space 21824K, 100% used [0x00000007a6ab0000, 0x00000007a8000000, 0x00000007a8000000)
  to   space 21824K,   0% used [0x00000007a5560000, 0x00000007a5560000, 0x00000007a6ab0000)
 concurrent mark-sweep generation total 393216K, used 187892K [0x00000007a8000000, 0x00000007c0000000, 0x00000007c0000000)
 Metaspace       used 30202K, capacity 30540K, committed 30972K, reserved 1077248K
  class space    used 3617K, capacity 3723K, committed 3836K, reserved 1048576K
}
2016-06-26T13:10:11.299-0530: 89.872: Total time for which application threads were stopped: 0.0792661 seconds
2016-06-26T13:10:58.039-0530: 136.613: Total time for which application threads were stopped: 0.0000898 seconds
2016-06-26T13:11:46.139-0530: 184.714: Total time for which application threads were stopped: 0.0000926 seconds
2016-06-26T13:11:46.139-0530: 184.714: Total time for which application threads were stopped: 0.0000542 seconds
2016-06-26T13:11:46.139-0530: 184.714: Total time for which application threads were stopped: 0.0000466 seconds
2016-06-26T13:11:46.139-0530: 184.714: Total time for which application threads were stopped: 0.0000584 seconds
2016-06-26T13:11:46.139-0530: 184.714: Total time for which application threads were stopped: 0.0000451 seconds
2016-06-26T13:11:46.139-0530: 184.714: Total time for which application threads were stopped: 0.0000468 seconds
2016-06-26T13:11:46.140-0530: 184.715: Total time for which application threads were stopped: 0.0000465 seconds
2016-06-26T13:11:46.221-0530: 184.796: Total time for which application threads were stopped: 0.0000934 seconds
2016-06-26T13:11:46.221-0530: 184.796: Total time for which application threads were stopped: 0.0000555 seconds
2016-06-26T13:11:46.223-0530: 184.798: Total time for which application threads were stopped: 0.0002292 seconds
2016-06-26T13:11:47.225-0530: 185.800: Total time for which application threads were stopped: 0.0002216 seconds
2016-06-26T13:11:48.226-0530: 186.801: Total time for which application threads were stopped: 0.0001212 seconds
2016-06-26T13:11:48.349-0530: 186.924: Total time for which application threads were stopped: 0.0000901 seconds
2016-06-26T13:11:48.349-0530: 186.924: Total time for which application threads were stopped: 0.0000627 seconds
2016-06-26T13:11:48.349-0530: 186.924: Total time for which application threads were stopped: 0.0000551 seconds
2016-06-26T13:11:48.349-0530: 186.924: Total time for which application threads were stopped: 0.0000502 seconds
2016-06-26T13:11:48.349-0530: 186.924: Total time for which application threads were stopped: 0.0000457 seconds
2016-06-26T13:11:48.349-0530: 186.924: Total time for which application threads were stopped: 0.0000598 seconds
2016-06-26T13:11:48.350-0530: 186.925: Total time for which application threads were stopped: 0.0000885 seconds
2016-06-26T13:11:48.385-0530: 186.960: Total time for which application threads were stopped: 0.0002334 seconds
2016-06-26T13:11:48.385-0530: 186.960: Total time for which application threads were stopped: 0.0000763 seconds
2016-06-26T13:11:48.385-0530: 186.960: Total time for which application threads were stopped: 0.0000741 seconds
2016-06-26T13:11:48.385-0530: 186.960: Total time for which application threads were stopped: 0.0000753 seconds
2016-06-26T13:11:48.385-0530: 186.960: Total time for which application threads were stopped: 0.0000696 seconds
2016-06-26T13:11:48.385-0530: 186.960: Total time for which application threads were stopped: 0.0000668 seconds
2016-06-26T13:11:48.386-0530: 186.961: Total time for which application threads were stopped: 0.0000794 seconds
2016-06-26T13:11:48.386-0530: 186.961: Total time for which application threads were stopped: 0.0000814 seconds
2016-06-26T13:11:48.386-0530: 186.961: Total time for which application threads were stopped: 0.0000711 seconds
2016-06-26T13:11:48.386-0530: 187.301: Total time for which application threads were stopped: 0.3400065 seconds
2016-06-26T13:11:48.726-0530: 187.301: Total time for which application threads were stopped: 0.0001720 seconds
2016-06-26T13:11:48.726-0530: 187.301: Total time for which application threads were stopped: 0.0001117 seconds
2016-06-26T13:11:48.727-0530: 187.302: Total time for which application threads were stopped: 0.0001151 seconds
2016-06-26T13:11:48.727-0530: 187.302: Total time for which application threads were stopped: 0.0000994 seconds
2016-06-26T13:11:48.727-0530: 187.302: Total time for which application threads were stopped: 0.0000827 seconds
2016-06-26T13:11:48.727-0530: 187.302: Total time for which application threads were stopped: 0.0000709 seconds
2016-06-26T13:11:48.727-0530: 187.302: Total time for which application threads were stopped: 0.0000771 seconds
2016-06-26T13:11:48.727-0530: 187.302: Total time for which application threads were stopped: 0.0000743 seconds
2016-06-26T13:11:48.727-0530: 187.303: Total time for which application threads were stopped: 0.0000804 seconds
2016-06-26T13:11:48.728-0530: 187.303: Total time for which application threads were stopped: 0.0000728 seconds
2016-06-26T13:11:48.728-0530: 187.303: Total time for which application threads were stopped: 0.0000917 seconds
2016-06-26T13:11:48.728-0530: 187.303: Total time for which application threads were stopped: 0.0001767 seconds
2016-06-26T13:11:48.922-0530: 187.497: Total time for which application threads were stopped: 0.0001513 seconds
{Heap before GC invocations=13 (full 1):
 par new generation   total 109248K, used 109248K [0x00000007a0000000, 0x00000007a8000000, 0x00000007a8000000)
  eden space 87424K, 100% used [0x00000007a0000000, 0x00000007a5560000, 0x00000007a5560000)
  from space 21824K, 100% used [0x00000007a6ab0000, 0x00000007a8000000, 0x00000007a8000000)
  to   space 21824K,   0% used [0x00000007a5560000, 0x00000007a5560000, 0x00000007a6ab0000)
 concurrent mark-sweep generation total 393216K, used 187892K [0x00000007a8000000, 0x00000007c0000000, 0x00000007c0000000)
 Metaspace       used 30248K, capacity 30540K, committed 30972K, reserved 1077248K
  class space    used 3617K, capacity 3723K, committed 3836K, reserved 1048576K
2016-06-26T13:11:49.244-0530: 187.819: [GC (Allocation Failure) 187.819: [ParNew
Desired survivor size 20112992 bytes, new threshold 4 (max 8)
- age   1:   12708432 bytes,   12708432 total
- age   2:     917584 bytes,   13626016 total
- age   3:    5715608 bytes,   19341624 total
- age   4:    2934104 bytes,   22275728 total
: 109248K->21824K(109248K), 0.0261310 secs] 297140K->217116K(502464K), 0.0262057 secs] [Times: user=0.07 sys=0.01, real=0.03 secs] 
Heap after GC invocations=14 (full 1):
 par new generation   total 109248K, used 21824K [0x00000007a0000000, 0x00000007a8000000, 0x00000007a8000000)
  eden space 87424K,   0% used [0x00000007a0000000, 0x00000007a0000000, 0x00000007a5560000)
  from space 21824K, 100% used [0x00000007a5560000, 0x00000007a6ab0000, 0x00000007a6ab0000)
  to   space 21824K,   0% used [0x00000007a6ab0000, 0x00000007a6ab0000, 0x00000007a8000000)
 concurrent mark-sweep generation total 393216K, used 195292K [0x00000007a8000000, 0x00000007c0000000, 0x00000007c0000000)
 Metaspace       used 30248K, capacity 30540K, committed 30972K, reserved 1077248K
  class space    used 3617K, capacity 3723K, committed 3836K, reserved 1048576K
}
2016-06-26T13:11:49.270-0530: 187.845: Total time for which application threads were stopped: 0.0264324 seconds
2016-06-26T13:11:49.708-0530: 188.283: Total time for which application threads were stopped: 0.0062261 seconds
2016-06-26T13:11:49.709-0530: 188.285: Total time for which application threads were stopped: 0.0011470 seconds
2016-06-26T13:11:49.714-0530: 188.289: Total time for which application threads were stopped: 0.0042928 seconds
2016-06-26T13:11:49.716-0530: 188.291: Total time for which application threads were stopped: 0.0017363 seconds
2016-06-26T13:11:49.717-0530: 188.292: Total time for which application threads were stopped: 0.0001428 seconds
2016-06-26T13:11:49.739-0530: 188.314: Total time for which application threads were stopped: 0.0009861 seconds
2016-06-26T13:11:49.740-0530: 188.315: Total time for which application threads were stopped: 0.0009058 seconds
2016-06-26T13:11:49.748-0530: 188.323: Total time for which application threads were stopped: 0.0045521 seconds
2016-06-26T13:11:49.801-0530: 188.376: Total time for which application threads were stopped: 0.0028182 seconds
2016-06-26T13:11:49.809-0530: 188.384: Total time for which application threads were stopped: 0.0054470 seconds
2016-06-26T13:11:50.368-0530: 188.943: Total time for which application threads were stopped: 0.0001677 seconds
2016-06-26T13:11:50.370-0530: 188.945: Total time for which application threads were stopped: 0.0001346 seconds
2016-06-26T13:11:51.373-0530: 189.948: Total time for which application threads were stopped: 0.0003142 seconds
2016-06-26T13:12:40.419-0530: 238.995: Total time for which application threads were stopped: 0.0001293 seconds
2016-06-26T13:12:54.864-0530: 253.440: Total time for which application threads were stopped: 0.0000966 seconds
2016-06-26T13:12:54.864-0530: 253.441: Total time for which application threads were stopped: 0.0000779 seconds
2016-06-26T13:12:54.864-0530: 253.441: Total time for which application threads were stopped: 0.0000599 seconds
2016-06-26T13:12:54.865-0530: 253.441: Total time for which application threads were stopped: 0.0000571 seconds
2016-06-26T13:12:54.966-0530: 253.543: Total time for which application threads were stopped: 0.0001160 seconds
2016-06-26T13:12:54.967-0530: 253.543: Total time for which application threads were stopped: 0.0000555 seconds
2016-06-26T13:12:54.969-0530: 253.545: Total time for which application threads were stopped: 0.0001095 seconds
2016-06-26T13:12:55.974-0530: 254.550: Total time for which application threads were stopped: 0.0001317 seconds
2016-06-26T13:12:56.977-0530: 255.553: Total time for which application threads were stopped: 0.0003828 seconds
2016-06-26T13:12:57.685-0530: 256.262: Total time for which application threads were stopped: 0.0000974 seconds
2016-06-26T13:12:57.685-0530: 256.262: Total time for which application threads were stopped: 0.0000598 seconds
2016-06-26T13:12:57.685-0530: 256.262: Total time for which application threads were stopped: 0.0000486 seconds
2016-06-26T13:12:57.686-0530: 256.263: Total time for which application threads were stopped: 0.0000574 seconds
2016-06-26T13:12:57.716-0530: 256.293: Total time for which application threads were stopped: 0.0001350 seconds
2016-06-26T13:12:57.716-0530: 256.293: Total time for which application threads were stopped: 0.0000792 seconds
2016-06-26T13:12:57.716-0530: 256.305: Total time for which application threads were stopped: 0.0124132 seconds
2016-06-26T13:12:57.729-0530: 256.306: Total time for which application threads were stopped: 0.0002392 seconds
2016-06-26T13:12:57.730-0530: 256.306: Total time for which application threads were stopped: 0.0000998 seconds
2016-06-26T13:12:57.730-0530: 256.306: Total time for which application threads were stopped: 0.0000792 seconds
2016-06-26T13:12:57.730-0530: 256.306: Total time for which application threads were stopped: 0.0001069 seconds
2016-06-26T13:12:57.730-0530: 256.306: Total time for which application threads were stopped: 0.0000535 seconds
2016-06-26T13:12:57.730-0530: 256.307: Total time for which application threads were stopped: 0.0000544 seconds
2016-06-26T13:12:57.730-0530: 256.307: Total time for which application threads were stopped: 0.0000551 seconds
2016-06-26T13:12:57.730-0530: 256.307: Total time for which application threads were stopped: 0.0000538 seconds
2016-06-26T13:12:57.730-0530: 256.307: Total time for which application threads were stopped: 0.0000543 seconds
2016-06-26T13:12:57.731-0530: 256.307: Total time for which application threads were stopped: 0.0000536 seconds
2016-06-26T13:12:57.731-0530: 256.307: Total time for which application threads were stopped: 0.0000771 seconds
2016-06-26T13:12:57.731-0530: 256.307: Total time for which application threads were stopped: 0.0000739 seconds
2016-06-26T13:12:57.731-0530: 256.307: Total time for which application threads were stopped: 0.0000818 seconds
2016-06-26T13:12:57.731-0530: 256.308: Total time for which application threads were stopped: 0.0000713 seconds
2016-06-26T13:12:57.731-0530: 256.308: Total time for which application threads were stopped: 0.0000806 seconds
2016-06-26T13:12:57.731-0530: 256.308: Total time for which application threads were stopped: 0.0000652 seconds
2016-06-26T13:12:57.732-0530: 256.308: Total time for which application threads were stopped: 0.0001742 seconds
{Heap before GC invocations=14 (full 1):
 par new generation   total 109248K, used 109248K [0x00000007a0000000, 0x00000007a8000000, 0x00000007a8000000)
  eden space 87424K, 100% used [0x00000007a0000000, 0x00000007a5560000, 0x00000007a5560000)
  from space 21824K, 100% used [0x00000007a5560000, 0x00000007a6ab0000, 0x00000007a6ab0000)
  to   space 21824K,   0% used [0x00000007a6ab0000, 0x00000007a6ab0000, 0x00000007a8000000)
 concurrent mark-sweep generation total 393216K, used 195292K [0x00000007a8000000, 0x00000007c0000000, 0x00000007c0000000)
 Metaspace       used 30401K, capacity 30744K, committed 31228K, reserved 1077248K
  class space    used 3619K, capacity 3725K, committed 3836K, reserved 1048576K
2016-06-26T13:12:57.977-0530: 256.553: [GC (Allocation Failure) 256.553: [ParNew
Desired survivor size 20112992 bytes, new threshold 4 (max 8)
- age   1:   13169304 bytes,   13169304 total
- age   2:    1694112 bytes,   14863416 total
- age   3:     812288 bytes,   15675704 total
- age   4:    4815360 bytes,   20491064 total
: 109248K->21824K(109248K), 0.0370074 secs] 304540K->228386K(502464K), 0.0371106 secs] [Times: user=0.11 sys=0.01, real=0.04 secs] 
Heap after GC invocations=15 (full 1):
 par new generation   total 109248K, used 21824K [0x00000007a0000000, 0x00000007a8000000, 0x00000007a8000000)
  eden space 87424K,   0% used [0x00000007a0000000, 0x00000007a0000000, 0x00000007a5560000)
  from space 21824K, 100% used [0x00000007a6ab0000, 0x00000007a8000000, 0x00000007a8000000)
  to   space 21824K,   0% used [0x00000007a5560000, 0x00000007a5560000, 0x00000007a6ab0000)
 concurrent mark-sweep generation total 393216K, used 206562K [0x00000007a8000000, 0x00000007c0000000, 0x00000007c0000000)
 Metaspace       used 30401K, capacity 30744K, committed 31228K, reserved 1077248K
  class space    used 3619K, capacity 3725K, committed 3836K, reserved 1048576K
}
2016-06-26T13:12:58.014-0530: 256.591: Total time for which application threads were stopped: 0.0373451 seconds
2016-06-26T13:12:58.015-0530: 256.591: [GC (CMS Initial Mark) [1 CMS-initial-mark: 206562K(393216K)] 228939K(502464K), 0.0067307 secs] [Times: user=0.02 sys=0.00, real=0.01 secs] 
2016-06-26T13:12:58.021-0530: 256.598: Total time for which application threads were stopped: 0.0069343 seconds
2016-06-26T13:12:58.022-0530: 256.598: [CMS-concurrent-mark-start]
2016-06-26T13:12:58.090-0530: 256.666: [CMS-concurrent-mark: 0.068/0.068 secs] [Times: user=0.18 sys=0.01, real=0.07 secs] 
2016-06-26T13:12:58.090-0530: 256.666: [CMS-concurrent-preclean-start]
2016-06-26T13:12:58.092-0530: 256.668: [CMS-concurrent-preclean: 0.002/0.002 secs] [Times: user=0.01 sys=0.00, real=0.00 secs] 
2016-06-26T13:12:58.092-0530: 256.668: [CMS-concurrent-abortable-preclean-start]
2016-06-26T13:12:59.024-0530: 257.601: Total time for which application threads were stopped: 0.0002059 seconds
2016-06-26T13:12:59.373-0530: 257.950: Total time for which application threads were stopped: 0.0001740 seconds
2016-06-26T13:13:00.373-0530: 258.950: Total time for which application threads were stopped: 0.0001074 seconds
 CMS: abort preclean due to time 2016-06-26T13:13:04.131-0530: 262.708: [CMS-concurrent-abortable-preclean: 1.548/6.039 secs] [Times: user=3.96 sys=0.07, real=6.04 secs] 
2016-06-26T13:13:04.151-0530: 262.728: [GC (CMS Final Remark) [YG occupancy: 78924 K (109248 K)]{Heap before GC invocations=15 (full 2):
 par new generation   total 109248K, used 78924K [0x00000007a0000000, 0x00000007a8000000, 0x00000007a8000000)
  eden space 87424K,  65% used [0x00000007a0000000, 0x00000007a37c3140, 0x00000007a5560000)
  from space 21824K, 100% used [0x00000007a6ab0000, 0x00000007a8000000, 0x00000007a8000000)
  to   space 21824K,   0% used [0x00000007a5560000, 0x00000007a5560000, 0x00000007a6ab0000)
 concurrent mark-sweep generation total 393216K, used 206562K [0x00000007a8000000, 0x00000007c0000000, 0x00000007c0000000)
 Metaspace       used 30421K, capacity 30744K, committed 31228K, reserved 1077248K
  class space    used 3619K, capacity 3725K, committed 3836K, reserved 1048576K
2016-06-26T13:13:04.152-0530: 262.728: [GC (CMS Final Remark) 262.728: [ParNew
Desired survivor size 20112992 bytes, new threshold 8 (max 8)
- age   1:    5195944 bytes,    5195944 total
- age   2:    7580360 bytes,   12776304 total
- age   3:    1694088 bytes,   14470392 total
- age   4:     812288 bytes,   15282680 total
: 78924K->21824K(109248K), 0.0259176 secs] 285487K->236246K(502464K), 0.0259718 secs] [Times: user=0.05 sys=0.00, real=0.02 secs] 
Heap after GC invocations=16 (full 2):
 par new generation   total 109248K, used 21824K [0x00000007a0000000, 0x00000007a8000000, 0x00000007a8000000)
  eden space 87424K,   0% used [0x00000007a0000000, 0x00000007a0000000, 0x00000007a5560000)
  from space 21824K, 100% used [0x00000007a5560000, 0x00000007a6ab0000, 0x00000007a6ab0000)
  to   space 21824K,   0% used [0x00000007a6ab0000, 0x00000007a6ab0000, 0x00000007a8000000)
 concurrent mark-sweep generation total 393216K, used 214422K [0x00000007a8000000, 0x00000007c0000000, 0x00000007c0000000)
 Metaspace       used 30421K, capacity 30744K, committed 31228K, reserved 1077248K
  class space    used 3619K, capacity 3725K, committed 3836K, reserved 1048576K
}
262.754: [Rescan (parallel) , 0.0050477 secs]262.759: [weak refs processing, 0.0040411 secs]262.763: [class unloading, 0.0246377 secs]262.788: [scrub symbol table, 0.0081787 secs]262.796: [scrub string table, 0.0005372 secs][1 CMS-remark: 214422K(393216K)] 236246K(502464K), 0.0730547 secs] [Times: user=0.10 sys=0.01, real=0.07 secs] 
2016-06-26T13:13:04.225-0530: 262.801: Total time for which application threads were stopped: 0.0732276 seconds
2016-06-26T13:13:04.225-0530: 262.801: [CMS-concurrent-sweep-start]
2016-06-26T13:13:04.372-0530: 262.949: [CMS-concurrent-sweep: 0.148/0.148 secs] [Times: user=0.13 sys=0.02, real=0.15 secs] 
2016-06-26T13:13:04.372-0530: 262.949: [CMS-concurrent-reset-start]
2016-06-26T13:13:04.376-0530: 262.953: [CMS-concurrent-reset: 0.004/0.004 secs] [Times: user=0.00 sys=0.00, real=0.00 secs] 
2016-06-26T13:13:49.428-0530: 308.006: Total time for which application threads were stopped: 0.0001061 seconds
2016-06-26T13:13:49.429-0530: 308.006: Total time for which application threads were stopped: 0.0000758 seconds
2016-06-26T13:13:49.429-0530: 308.006: Total time for which application threads were stopped: 0.0000706 seconds
2016-06-26T13:14:37.435-0530: 356.014: Total time for which application threads were stopped: 0.0001261 seconds
2016-06-26T13:23:58.155-0530: 916.744: Total time for which application threads were stopped: 0.0003969 seconds
2016-06-26T13:27:16.504-0530: 1115.097: Total time for which application threads were stopped: 0.0003437 seconds
2016-06-26T13:27:16.504-0530: 1115.097: Total time for which application threads were stopped: 0.0000584 seconds
2016-06-26T13:27:16.504-0530: 1115.097: Total time for which application threads were stopped: 0.0000912 seconds
2016-06-26T13:27:16.506-0530: 1115.099: Total time for which application threads were stopped: 0.0000587 seconds
2016-06-26T13:27:16.569-0530: 1115.163: Total time for which application threads were stopped: 0.0001036 seconds
2016-06-26T13:27:16.570-0530: 1115.163: Total time for which application threads were stopped: 0.0000732 seconds
2016-06-26T13:27:16.572-0530: 1115.165: Total time for which application threads were stopped: 0.0001644 seconds
2016-06-26T13:27:17.577-0530: 1116.171: Total time for which application threads were stopped: 0.0002067 seconds
2016-06-26T13:27:18.582-0530: 1117.175: Total time for which application threads were stopped: 0.0002917 seconds
2016-06-26T13:27:19.587-0530: 1118.180: Total time for which application threads were stopped: 0.0002140 seconds
2016-06-26T13:27:19.648-0530: 1118.241: Total time for which application threads were stopped: 0.0002031 seconds
2016-06-26T13:27:19.648-0530: 1118.241: Total time for which application threads were stopped: 0.0002382 seconds
2016-06-26T13:27:19.648-0530: 1118.242: Total time for which application threads were stopped: 0.0001184 seconds
2016-06-26T13:27:19.649-0530: 1118.242: Total time for which application threads were stopped: 0.0001242 seconds
2016-06-26T13:27:19.665-0530: 1118.258: Total time for which application threads were stopped: 0.0002113 seconds
2016-06-26T13:27:19.665-0530: 1118.259: Total time for which application threads were stopped: 0.0001119 seconds
2016-06-26T13:27:19.668-0530: 1118.261: Total time for which application threads were stopped: 0.0001117 seconds
2016-06-26T13:27:19.880-0530: 1118.474: Total time for which application threads were stopped: 0.0000912 seconds
2016-06-26T13:27:19.880-0530: 1118.474: Total time for which application threads were stopped: 0.0000605 seconds
2016-06-26T13:27:19.881-0530: 1118.474: Total time for which application threads were stopped: 0.0000626 seconds
{Heap before GC invocations=16 (full 2):
 par new generation   total 109248K, used 109248K [0x00000007a0000000, 0x00000007a8000000, 0x00000007a8000000)
  eden space 87424K, 100% used [0x00000007a0000000, 0x00000007a5560000, 0x00000007a5560000)
  from space 21824K, 100% used [0x00000007a5560000, 0x00000007a6ab0000, 0x00000007a6ab0000)
  to   space 21824K,   0% used [0x00000007a6ab0000, 0x00000007a6ab0000, 0x00000007a8000000)
 concurrent mark-sweep generation total 393216K, used 45253K [0x00000007a8000000, 0x00000007c0000000, 0x00000007c0000000)
 Metaspace       used 30471K, capacity 30806K, committed 31228K, reserved 1077248K
  class space    used 3619K, capacity 3724K, committed 3836K, reserved 1048576K
2016-06-26T13:27:20.433-0530: 1119.026: [GC (Allocation Failure) 1119.046: [ParNew
Desired survivor size 20112992 bytes, new threshold 3 (max 8)
- age   1:   14218064 bytes,   14218064 total
- age   2:    2742320 bytes,   16960384 total
- age   3:    4064960 bytes,   21025344 total
- age   4:    1174024 bytes,   22199368 total
- age   5:      16704 bytes,   22216072 total
: 109248K->21824K(109248K), 0.0395704 secs] 154501K->73668K(502464K), 0.0592899 secs] [Times: user=0.07 sys=0.06, real=0.06 secs] 
Heap after GC invocations=17 (full 2):
 par new generation   total 109248K, used 21824K [0x00000007a0000000, 0x00000007a8000000, 0x00000007a8000000)
  eden space 87424K,   0% used [0x00000007a0000000, 0x00000007a0000000, 0x00000007a5560000)
  from space 21824K, 100% used [0x00000007a6ab0000, 0x00000007a8000000, 0x00000007a8000000)
  to   space 21824K,   0% used [0x00000007a5560000, 0x00000007a5560000, 0x00000007a6ab0000)
 concurrent mark-sweep generation total 393216K, used 51844K [0x00000007a8000000, 0x00000007c0000000, 0x00000007c0000000)
 Metaspace       used 30471K, capacity 30806K, committed 31228K, reserved 1077248K
  class space    used 3619K, capacity 3724K, committed 3836K, reserved 1048576K
}
2016-06-26T13:27:20.492-0530: 1119.086: Total time for which application threads were stopped: 0.0595004 seconds
2016-06-26T13:27:21.362-0530: 1119.956: Total time for which application threads were stopped: 0.0002163 seconds
2016-06-26T13:27:22.364-0530: 1120.957: Total time for which application threads were stopped: 0.0001898 seconds
2016-06-26T13:27:43.420-0530: 1142.014: Total time for which application threads were stopped: 0.0001074 seconds
2016-06-26T13:28:00.477-0530: 1159.071: Total time for which application threads were stopped: 0.0002229 seconds
2016-06-26T13:28:01.481-0530: 1160.075: Total time for which application threads were stopped: 0.0006668 seconds
2016-06-26T13:28:02.388-0530: 1160.982: Total time for which application threads were stopped: 0.0001132 seconds
2016-06-26T13:28:02.388-0530: 1160.983: Total time for which application threads were stopped: 0.0000895 seconds
2016-06-26T13:28:02.417-0530: 1161.011: Total time for which application threads were stopped: 0.0001391 seconds
2016-06-26T13:28:02.417-0530: 1161.011: Total time for which application threads were stopped: 0.0001189 seconds
2016-06-26T13:28:02.417-0530: 1161.011: Total time for which application threads were stopped: 0.0001076 seconds
2016-06-26T13:28:02.417-0530: 1161.012: Total time for which application threads were stopped: 0.0000984 seconds
2016-06-26T13:28:02.418-0530: 1161.012: Total time for which application threads were stopped: 0.0000580 seconds
2016-06-26T13:28:02.418-0530: 1161.012: Total time for which application threads were stopped: 0.0000821 seconds
2016-06-26T13:28:02.418-0530: 1161.012: Total time for which application threads were stopped: 0.0000947 seconds
2016-06-26T13:28:02.418-0530: 1161.012: Total time for which application threads were stopped: 0.0000727 seconds
2016-06-26T13:28:02.418-0530: 1161.012: Total time for which application threads were stopped: 0.0000654 seconds
2016-06-26T13:28:02.418-0530: 1161.012: Total time for which application threads were stopped: 0.0000714 seconds
2016-06-26T13:28:02.418-0530: 1161.012: Total time for which application threads were stopped: 0.0000512 seconds
2016-06-26T13:28:02.418-0530: 1161.013: Total time for which application threads were stopped: 0.0000572 seconds
2016-06-26T13:28:02.419-0530: 1161.013: Total time for which application threads were stopped: 0.0000524 seconds
2016-06-26T13:28:02.419-0530: 1161.013: Total time for which application threads were stopped: 0.0000489 seconds
2016-06-26T13:28:02.419-0530: 1161.013: Total time for which application threads were stopped: 0.0000606 seconds
2016-06-26T13:28:02.419-0530: 1161.013: Total time for which application threads were stopped: 0.0000558 seconds
2016-06-26T13:28:02.419-0530: 1161.013: Total time for which application threads were stopped: 0.0000824 seconds
2016-06-26T13:28:02.419-0530: 1161.013: Total time for which application threads were stopped: 0.0000795 seconds
2016-06-26T13:28:02.419-0530: 1161.013: Total time for which application threads were stopped: 0.0000591 seconds
2016-06-26T13:28:02.420-0530: 1161.014: Total time for which application threads were stopped: 0.0001922 seconds
{Heap before GC invocations=17 (full 2):
 par new generation   total 109248K, used 109248K [0x00000007a0000000, 0x00000007a8000000, 0x00000007a8000000)
  eden space 87424K, 100% used [0x00000007a0000000, 0x00000007a5560000, 0x00000007a5560000)
  from space 21824K, 100% used [0x00000007a6ab0000, 0x00000007a8000000, 0x00000007a8000000)
  to   space 21824K,   0% used [0x00000007a5560000, 0x00000007a5560000, 0x00000007a6ab0000)
 concurrent mark-sweep generation total 393216K, used 51844K [0x00000007a8000000, 0x00000007c0000000, 0x00000007c0000000)
 Metaspace       used 30528K, capacity 30870K, committed 31228K, reserved 1077248K
  class space    used 3619K, capacity 3724K, committed 3836K, reserved 1048576K
2016-06-26T13:28:02.688-0530: 1161.282: [GC (Allocation Failure) 1161.282: [ParNew
Desired survivor size 20112992 bytes, new threshold 3 (max 8)
- age   1:   14015816 bytes,   14015816 total
- age   2:    5643672 bytes,   19659488 total
- age   3:    2673248 bytes,   22332736 total
: 109248K->21824K(109248K), 0.0890249 secs] 161092K->91013K(502464K), 0.0891036 secs] [Times: user=0.10 sys=0.10, real=0.09 secs] 
Heap after GC invocations=18 (full 2):
 par new generation   total 109248K, used 21824K [0x00000007a0000000, 0x00000007a8000000, 0x00000007a8000000)
  eden space 87424K,   0% used [0x00000007a0000000, 0x00000007a0000000, 0x00000007a5560000)
  from space 21824K, 100% used [0x00000007a5560000, 0x00000007a6ab0000, 0x00000007a6ab0000)
  to   space 21824K,   0% used [0x00000007a6ab0000, 0x00000007a6ab0000, 0x00000007a8000000)
 concurrent mark-sweep generation total 393216K, used 69189K [0x00000007a8000000, 0x00000007c0000000, 0x00000007c0000000)
 Metaspace       used 30528K, capacity 30870K, committed 31228K, reserved 1077248K
  class space    used 3619K, capacity 3724K, committed 3836K, reserved 1048576K
}
2016-06-26T13:28:02.777-0530: 1161.371: Total time for which application threads were stopped: 0.1019911 seconds
2016-06-26T13:28:03.782-0530: 1162.376: Total time for which application threads were stopped: 0.0002117 seconds
2016-06-26T13:28:03.874-0530: 1162.468: Total time for which application threads were stopped: 0.0001626 seconds
2016-06-26T13:28:03.880-0530: 1162.475: Total time for which application threads were stopped: 0.0001929 seconds
2016-06-26T13:28:04.886-0530: 1163.480: Total time for which application threads were stopped: 0.0002762 seconds
2016-06-26T13:28:26.954-0530: 1185.549: Total time for which application threads were stopped: 0.0001300 seconds
2016-06-26T13:28:27.956-0530: 1186.551: Total time for which application threads were stopped: 0.0000997 seconds
2016-06-26T13:28:28.959-0530: 1187.553: Total time for which application threads were stopped: 0.0002619 seconds
2016-06-26T13:28:29.770-0530: 1188.365: Total time for which application threads were stopped: 0.0001247 seconds
2016-06-26T13:28:29.770-0530: 1188.365: Total time for which application threads were stopped: 0.0000899 seconds
2016-06-26T13:28:29.770-0530: 1188.365: Total time for which application threads were stopped: 0.0000994 seconds
2016-06-26T13:28:29.771-0530: 1188.365: Total time for which application threads were stopped: 0.0000861 seconds
2016-06-26T13:28:29.771-0530: 1188.365: Total time for which application threads were stopped: 0.0000883 seconds
2016-06-26T13:28:29.771-0530: 1188.365: Total time for which application threads were stopped: 0.0000834 seconds
2016-06-26T13:28:29.771-0530: 1188.366: Total time for which application threads were stopped: 0.0000771 seconds
2016-06-26T13:28:29.771-0530: 1188.366: Total time for which application threads were stopped: 0.0000848 seconds
2016-06-26T13:28:29.771-0530: 1188.366: Total time for which application threads were stopped: 0.0001090 seconds
2016-06-26T13:28:29.771-0530: 1188.366: Total time for which application threads were stopped: 0.0000631 seconds
2016-06-26T13:28:29.772-0530: 1188.366: Total time for which application threads were stopped: 0.0001243 seconds
2016-06-26T13:28:29.772-0530: 1188.366: Total time for which application threads were stopped: 0.0000627 seconds
2016-06-26T13:28:29.772-0530: 1188.366: Total time for which application threads were stopped: 0.0000566 seconds
2016-06-26T13:28:29.772-0530: 1188.367: Total time for which application threads were stopped: 0.0001296 seconds
2016-06-26T13:28:29.772-0530: 1188.367: Total time for which application threads were stopped: 0.0000593 seconds
2016-06-26T13:28:29.772-0530: 1188.367: Total time for which application threads were stopped: 0.0000707 seconds
2016-06-26T13:28:29.772-0530: 1188.367: Total time for which application threads were stopped: 0.0000707 seconds
2016-06-26T13:28:29.773-0530: 1188.367: Total time for which application threads were stopped: 0.0000599 seconds
2016-06-26T13:28:29.773-0530: 1188.367: Total time for which application threads were stopped: 0.0000991 seconds
2016-06-26T13:28:29.773-0530: 1188.368: Total time for which application threads were stopped: 0.0002936 seconds
{Heap before GC invocations=18 (full 2):
 par new generation   total 109248K, used 109248K [0x00000007a0000000, 0x00000007a8000000, 0x00000007a8000000)
  eden space 87424K, 100% used [0x00000007a0000000, 0x00000007a5560000, 0x00000007a5560000)
  from space 21824K, 100% used [0x00000007a5560000, 0x00000007a6ab0000, 0x00000007a6ab0000)
  to   space 21824K,   0% used [0x00000007a6ab0000, 0x00000007a6ab0000, 0x00000007a8000000)
 concurrent mark-sweep generation total 393216K, used 69189K [0x00000007a8000000, 0x00000007c0000000, 0x00000007c0000000)
 Metaspace       used 30598K, capacity 30934K, committed 31484K, reserved 1077248K
  class space    used 3620K, capacity 3724K, committed 3836K, reserved 1048576K
2016-06-26T13:28:29.934-0530: 1188.528: [GC (Allocation Failure) 1188.528: [ParNew
Desired survivor size 20112992 bytes, new threshold 8 (max 8)
- age   1:   10426552 bytes,   10426552 total
- age   2:    1207648 bytes,   11634200 total
- age   3:    5595800 bytes,   17230000 total
: 109248K->21824K(109248K), 0.0213317 secs] 178437K->95697K(502464K), 0.0214460 secs] [Times: user=0.05 sys=0.02, real=0.02 secs] 
Heap after GC invocations=19 (full 2):
 par new generation   total 109248K, used 21824K [0x00000007a0000000, 0x00000007a8000000, 0x00000007a8000000)
  eden space 87424K,   0% used [0x00000007a0000000, 0x00000007a0000000, 0x00000007a5560000)
  from space 21824K, 100% used [0x00000007a6ab0000, 0x00000007a8000000, 0x00000007a8000000)
  to   space 21824K,   0% used [0x00000007a5560000, 0x00000007a5560000, 0x00000007a6ab0000)
 concurrent mark-sweep generation total 393216K, used 73873K [0x00000007a8000000, 0x00000007c0000000, 0x00000007c0000000)
 Metaspace       used 30598K, capacity 30934K, committed 31484K, reserved 1077248K
  class space    used 3620K, capacity 3724K, committed 3836K, reserved 1048576K
}
2016-06-26T13:28:29.955-0530: 1188.550: Total time for which application threads were stopped: 0.0334031 seconds
2016-06-26T13:28:31.109-0530: 1189.704: Total time for which application threads were stopped: 0.0001444 seconds
2016-06-26T13:28:32.114-0530: 1190.709: Total time for which application threads were stopped: 0.0002408 seconds
2016-06-26T13:29:21.157-0530: 1239.753: Total time for which application threads were stopped: 0.0000961 seconds
2016-06-26T13:34:50.287-0530: 1568.889: Total time for which application threads were stopped: 0.0002632 seconds
2016-06-26T13:35:40.482-0530: 1619.085: Total time for which application threads were stopped: 0.0001888 seconds
2016-06-26T13:39:44.751-0530: 1863.359: Total time for which application threads were stopped: 0.0000989 seconds
2016-06-26T13:39:44.752-0530: 1863.359: Total time for which application threads were stopped: 0.0000658 seconds
2016-06-26T13:39:44.752-0530: 1863.359: Total time for which application threads were stopped: 0.0000548 seconds
2016-06-26T13:39:44.752-0530: 1863.360: Total time for which application threads were stopped: 0.0000606 seconds
2016-06-26T13:39:44.912-0530: 1863.520: Total time for which application threads were stopped: 0.0000869 seconds
2016-06-26T13:39:44.913-0530: 1863.520: Total time for which application threads were stopped: 0.0000601 seconds
2016-06-26T13:39:44.914-0530: 1863.522: Total time for which application threads were stopped: 0.0001064 seconds
2016-06-26T13:39:45.917-0530: 1864.525: Total time for which application threads were stopped: 0.0003415 seconds
2016-06-26T13:39:48.924-0530: 1867.532: Total time for which application threads were stopped: 0.0001207 seconds
2016-06-26T13:39:49.294-0530: 1867.902: Total time for which application threads were stopped: 0.0001020 seconds
2016-06-26T13:39:49.294-0530: 1867.902: Total time for which application threads were stopped: 0.0000675 seconds
2016-06-26T13:39:49.294-0530: 1867.902: Total time for which application threads were stopped: 0.0001113 seconds
2016-06-26T13:39:49.295-0530: 1867.903: Total time for which application threads were stopped: 0.0000909 seconds
{Heap before GC invocations=19 (full 2):
 par new generation   total 109248K, used 109248K [0x00000007a0000000, 0x00000007a8000000, 0x00000007a8000000)
  eden space 87424K, 100% used [0x00000007a0000000, 0x00000007a5560000, 0x00000007a5560000)
  from space 21824K, 100% used [0x00000007a6ab0000, 0x00000007a8000000, 0x00000007a8000000)
  to   space 21824K,   0% used [0x00000007a5560000, 0x00000007a5560000, 0x00000007a6ab0000)
 concurrent mark-sweep generation total 393216K, used 73873K [0x00000007a8000000, 0x00000007c0000000, 0x00000007c0000000)
 Metaspace       used 30635K, capacity 31062K, committed 31484K, reserved 1077248K
  class space    used 3620K, capacity 3724K, committed 3836K, reserved 1048576K
2016-06-26T13:39:49.318-0530: 1867.926: [GC (Allocation Failure) 1867.936: [ParNew
Desired survivor size 20112992 bytes, new threshold 8 (max 8)
- age   1:    6614424 bytes,    6614424 total
- age   2:    3250216 bytes,    9864640 total
- age   3:    1162040 bytes,   11026680 total
- age   4:    5571512 bytes,   16598192 total
: 109248K->21824K(109248K), 0.0076209 secs] 183121K->95801K(502464K), 0.0170354 secs] [Times: user=0.02 sys=0.00, real=0.02 secs] 
Heap after GC invocations=20 (full 2):
 par new generation   total 109248K, used 21824K [0x00000007a0000000, 0x00000007a8000000, 0x00000007a8000000)
  eden space 87424K,   0% used [0x00000007a0000000, 0x00000007a0000000, 0x00000007a5560000)
  from space 21824K, 100% used [0x00000007a5560000, 0x00000007a6ab0000, 0x00000007a6ab0000)
  to   space 21824K,   0% used [0x00000007a6ab0000, 0x00000007a6ab0000, 0x00000007a8000000)
 concurrent mark-sweep generation total 393216K, used 73977K [0x00000007a8000000, 0x00000007c0000000, 0x00000007c0000000)
 Metaspace       used 30635K, capacity 31062K, committed 31484K, reserved 1077248K
  class space    used 3620K, capacity 3724K, committed 3836K, reserved 1048576K
}
2016-06-26T13:39:49.336-0530: 1867.943: Total time for which application threads were stopped: 0.0172693 seconds
2016-06-26T13:39:50.341-0530: 1868.948: Total time for which application threads were stopped: 0.0001804 seconds
2016-06-26T13:39:50.677-0530: 1869.284: Total time for which application threads were stopped: 0.0001509 seconds
2016-06-26T13:39:51.681-0530: 1870.289: Total time for which application threads were stopped: 0.0002376 seconds
2016-06-26T13:40:40.731-0530: 1919.340: Total time for which application threads were stopped: 0.0001109 seconds
2016-06-26T13:40:40.731-0530: 1919.340: Total time for which application threads were stopped: 0.0000646 seconds
2016-06-26T13:40:43.738-0530: 1922.347: Total time for which application threads were stopped: 0.0001397 seconds
2016-06-26T13:41:28.915-0530: 1967.525: Total time for which application threads were stopped: 0.0001000 seconds
2016-06-26T13:43:13.926-0530: 2072.538: Total time for which application threads were stopped: 0.0000909 seconds
2016-06-26T13:43:13.926-0530: 2072.538: Total time for which application threads were stopped: 0.0000622 seconds
2016-06-26T13:43:13.927-0530: 2072.539: Total time for which application threads were stopped: 0.0001313 seconds
2016-06-26T13:43:13.996-0530: 2072.607: Total time for which application threads were stopped: 0.0000894 seconds
2016-06-26T13:43:13.996-0530: 2072.608: Total time for which application threads were stopped: 0.0000446 seconds
2016-06-26T13:43:13.996-0530: 2072.608: Total time for which application threads were stopped: 0.0000382 seconds
2016-06-26T13:43:13.997-0530: 2072.609: Total time for which application threads were stopped: 0.0000989 seconds
2016-06-26T13:43:15.002-0530: 2073.614: Total time for which application threads were stopped: 0.0001492 seconds
{Heap before GC invocations=20 (full 2):
 par new generation   total 109248K, used 109248K [0x00000007a0000000, 0x00000007a8000000, 0x00000007a8000000)
  eden space 87424K, 100% used [0x00000007a0000000, 0x00000007a5560000, 0x00000007a5560000)
  from space 21824K, 100% used [0x00000007a5560000, 0x00000007a6ab0000, 0x00000007a6ab0000)
  to   space 21824K,   0% used [0x00000007a6ab0000, 0x00000007a6ab0000, 0x00000007a8000000)
 concurrent mark-sweep generation total 393216K, used 73977K [0x00000007a8000000, 0x00000007c0000000, 0x00000007c0000000)
 Metaspace       used 30645K, capacity 31062K, committed 31484K, reserved 1077248K
  class space    used 3620K, capacity 3724K, committed 3836K, reserved 1048576K
2016-06-26T13:43:15.034-0530: 2073.646: [GC (Allocation Failure) 2073.670: [ParNew
Desired survivor size 20112992 bytes, new threshold 8 (max 8)
- age   1:    1664192 bytes,    1664192 total
- age   2:    5771456 bytes,    7435648 total
- age   3:     689144 bytes,    8124792 total
- age   4:    1161912 bytes,    9286704 total
- age   5:    5571480 bytes,   14858184 total
: 109248K->18455K(109248K), 0.0090543 secs] 183225K->92433K(502464K), 0.0332689 secs] [Times: user=0.02 sys=0.00, real=0.03 secs] 
Heap after GC invocations=21 (full 2):
 par new generation   total 109248K, used 18455K [0x00000007a0000000, 0x00000007a8000000, 0x00000007a8000000)
  eden space 87424K,   0% used [0x00000007a0000000, 0x00000007a0000000, 0x00000007a5560000)
  from space 21824K,  84% used [0x00000007a6ab0000, 0x00000007a7cb5ff8, 0x00000007a8000000)
  to   space 21824K,   0% used [0x00000007a5560000, 0x00000007a5560000, 0x00000007a6ab0000)
 concurrent mark-sweep generation total 393216K, used 73977K [0x00000007a8000000, 0x00000007c0000000, 0x00000007c0000000)
 Metaspace       used 30645K, capacity 31062K, committed 31484K, reserved 1077248K
  class space    used 3620K, capacity 3724K, committed 3836K, reserved 1048576K
}
2016-06-26T13:43:15.067-0530: 2073.679: Total time for which application threads were stopped: 0.0335715 seconds
2016-06-26T13:43:15.987-0530: 2074.598: Total time for which application threads were stopped: 0.0001056 seconds
2016-06-26T13:43:15.987-0530: 2074.599: Total time for which application threads were stopped: 0.0001261 seconds
2016-06-26T13:43:15.987-0530: 2074.599: Total time for which application threads were stopped: 0.0001209 seconds
2016-06-26T13:43:15.988-0530: 2074.600: Total time for which application threads were stopped: 0.0000887 seconds
2016-06-26T13:43:16.017-0530: 2074.629: Total time for which application threads were stopped: 0.0001966 seconds
2016-06-26T13:43:16.017-0530: 2074.629: Total time for which application threads were stopped: 0.0000758 seconds
2016-06-26T13:43:16.017-0530: 2074.629: Total time for which application threads were stopped: 0.0001060 seconds
2016-06-26T13:43:16.017-0530: 2074.629: Total time for which application threads were stopped: 0.0000846 seconds
2016-06-26T13:43:16.017-0530: 2074.629: Total time for which application threads were stopped: 0.0000943 seconds
2016-06-26T13:43:16.017-0530: 2074.629: Total time for which application threads were stopped: 0.0000627 seconds
2016-06-26T13:43:16.018-0530: 2074.629: Total time for which application threads were stopped: 0.0000563 seconds
2016-06-26T13:43:16.018-0530: 2074.629: Total time for which application threads were stopped: 0.0000617 seconds
2016-06-26T13:43:16.018-0530: 2074.630: Total time for which application threads were stopped: 0.0000606 seconds
{Heap before GC invocations=21 (full 2):
 par new generation   total 109248K, used 105879K [0x00000007a0000000, 0x00000007a8000000, 0x00000007a8000000)
  eden space 87424K, 100% used [0x00000007a0000000, 0x00000007a5560000, 0x00000007a5560000)
  from space 21824K,  84% used [0x00000007a6ab0000, 0x00000007a7cb5ff8, 0x00000007a8000000)
  to   space 21824K,   0% used [0x00000007a5560000, 0x00000007a5560000, 0x00000007a6ab0000)
 concurrent mark-sweep generation total 393216K, used 73977K [0x00000007a8000000, 0x00000007c0000000, 0x00000007c0000000)
 Metaspace       used 30669K, capacity 31062K, committed 31484K, reserved 1077248K
  class space    used 3620K, capacity 3724K, committed 3836K, reserved 1048576K
2016-06-26T13:43:16.453-0530: 2075.065: [GC (Allocation Failure) 2075.065: [ParNew
Desired survivor size 20112992 bytes, new threshold 6 (max 8)
- age   1:   11202976 bytes,   11202976 total
- age   2:     715104 bytes,   11918080 total
- age   3:    2825168 bytes,   14743248 total
- age   4:     615776 bytes,   15359024 total
- age   5:    1161896 bytes,   16520920 total
- age   6:    5571480 bytes,   22092400 total
: 105879K->21824K(109248K), 0.0279664 secs] 179857K->103235K(502464K), 0.0280337 secs] [Times: user=0.05 sys=0.02, real=0.03 secs] 
Heap after GC invocations=22 (full 2):
 par new generation   total 109248K, used 21824K [0x00000007a0000000, 0x00000007a8000000, 0x00000007a8000000)
  eden space 87424K,   0% used [0x00000007a0000000, 0x00000007a0000000, 0x00000007a5560000)
  from space 21824K, 100% used [0x00000007a5560000, 0x00000007a6ab0000, 0x00000007a6ab0000)
  to   space 21824K,   0% used [0x00000007a6ab0000, 0x00000007a6ab0000, 0x00000007a8000000)
 concurrent mark-sweep generation total 393216K, used 81411K [0x00000007a8000000, 0x00000007c0000000, 0x00000007c0000000)
 Metaspace       used 30669K, capacity 31062K, committed 31484K, reserved 1077248K
  class space    used 3620K, capacity 3724K, committed 3836K, reserved 1048576K
}
2016-06-26T13:43:16.481-0530: 2075.093: Total time for which application threads were stopped: 0.0282253 seconds
2016-06-26T13:43:17.440-0530: 2076.052: Total time for which application threads were stopped: 0.0002028 seconds
2016-06-26T13:43:18.446-0530: 2077.058: Total time for which application threads were stopped: 0.0009535 seconds
2016-06-26T13:44:06.572-0530: 2125.185: Total time for which application threads were stopped: 0.0001070 seconds
2016-06-26T13:44:07.486-0530: 2126.099: Total time for which application threads were stopped: 0.0001753 seconds
2016-06-26T13:44:08.489-0530: 2127.101: Total time for which application threads were stopped: 0.0001807 seconds
2016-06-26T13:47:04.580-0530: 2303.197: Total time for which application threads were stopped: 0.0001367 seconds
2016-06-26T13:47:04.581-0530: 2303.197: Total time for which application threads were stopped: 0.0001556 seconds
2016-06-26T13:47:04.581-0530: 2303.198: Total time for which application threads were stopped: 0.0001150 seconds
2016-06-26T13:47:04.582-0530: 2303.199: Total time for which application threads were stopped: 0.0001331 seconds
2016-06-26T13:47:04.735-0530: 2303.352: Total time for which application threads were stopped: 0.0001001 seconds
2016-06-26T13:47:04.736-0530: 2303.352: Total time for which application threads were stopped: 0.0001042 seconds
2016-06-26T13:47:04.738-0530: 2303.355: Total time for which application threads were stopped: 0.0001376 seconds
2016-06-26T13:47:05.742-0530: 2304.358: Total time for which application threads were stopped: 0.0001977 seconds
2016-06-26T13:47:07.749-0530: 2306.365: Total time for which application threads were stopped: 0.0001169 seconds
2016-06-26T13:47:08.579-0530: 2307.195: Total time for which application threads were stopped: 0.0001030 seconds
2016-06-26T13:47:08.579-0530: 2307.195: Total time for which application threads were stopped: 0.0000648 seconds
2016-06-26T13:47:08.579-0530: 2307.195: Total time for which application threads were stopped: 0.0000546 seconds
2016-06-26T13:47:08.579-0530: 2307.196: Total time for which application threads were stopped: 0.0000669 seconds
{Heap before GC invocations=22 (full 2):
 par new generation   total 109248K, used 109248K [0x00000007a0000000, 0x00000007a8000000, 0x00000007a8000000)
  eden space 87424K, 100% used [0x00000007a0000000, 0x00000007a5560000, 0x00000007a5560000)
  from space 21824K, 100% used [0x00000007a5560000, 0x00000007a6ab0000, 0x00000007a6ab0000)
  to   space 21824K,   0% used [0x00000007a6ab0000, 0x00000007a6ab0000, 0x00000007a8000000)
 concurrent mark-sweep generation total 393216K, used 81411K [0x00000007a8000000, 0x00000007c0000000, 0x00000007c0000000)
 Metaspace       used 30712K, capacity 31126K, committed 31484K, reserved 1077248K
  class space    used 3620K, capacity 3724K, committed 3836K, reserved 1048576K
2016-06-26T13:47:08.891-0530: 2307.507: [GC (Allocation Failure) 2307.517: [ParNew
Desired survivor size 20112992 bytes, new threshold 2 (max 8)
- age   1:   18250832 bytes,   18250832 total
- age   2:    2063880 bytes,   20314712 total
- age   3:      77128 bytes,   20391840 total
- age   4:     206224 bytes,   20598064 total
- age   5:     615776 bytes,   21213840 total
- age   6:    1132944 bytes,   22346784 total
: 109248K->21824K(109248K), 0.0729325 secs] 190659K->118997K(502464K), 0.0829270 secs] [Times: user=0.18 sys=0.04, real=0.08 secs] 
Heap after GC invocations=23 (full 2):
 par new generation   total 109248K, used 21824K [0x00000007a0000000, 0x00000007a8000000, 0x00000007a8000000)
  eden space 87424K,   0% used [0x00000007a0000000, 0x00000007a0000000, 0x00000007a5560000)
  from space 21824K, 100% used [0x00000007a6ab0000, 0x00000007a8000000, 0x00000007a8000000)
  to   space 21824K,   0% used [0x00000007a5560000, 0x00000007a5560000, 0x00000007a6ab0000)
 concurrent mark-sweep generation total 393216K, used 97173K [0x00000007a8000000, 0x00000007c0000000, 0x00000007c0000000)
 Metaspace       used 30712K, capacity 31126K, committed 31484K, reserved 1077248K
  class space    used 3620K, capacity 3724K, committed 3836K, reserved 1048576K
}
2016-06-26T13:47:08.974-0530: 2307.590: Total time for which application threads were stopped: 0.0831384 seconds
2016-06-26T13:47:10.038-0530: 2308.655: Total time for which application threads were stopped: 0.0001757 seconds
2016-06-26T13:47:11.039-0530: 2309.655: Total time for which application threads were stopped: 0.0001823 seconds
2016-06-26T13:47:14.049-0530: 2312.665: Total time for which application threads were stopped: 0.0001332 seconds
2016-06-26T13:47:47.142-0530: 2345.759: Total time for which application threads were stopped: 0.0003397 seconds
2016-06-26T13:47:49.151-0530: 2347.768: Total time for which application threads were stopped: 0.0001436 seconds
2016-06-26T13:47:51.159-0530: 2349.776: Total time for which application threads were stopped: 0.0001279 seconds
2016-06-26T13:47:51.327-0530: 2349.944: Total time for which application threads were stopped: 0.0001002 seconds
2016-06-26T13:47:51.327-0530: 2349.944: Total time for which application threads were stopped: 0.0000693 seconds
{Heap before GC invocations=23 (full 2):
 par new generation   total 109248K, used 109096K [0x00000007a0000000, 0x00000007a8000000, 0x00000007a8000000)
  eden space 87424K,  99% used [0x00000007a0000000, 0x00000007a553a2e8, 0x00000007a5560000)
  from space 21824K, 100% used [0x00000007a6ab0000, 0x00000007a8000000, 0x00000007a8000000)
  to   space 21824K,   0% used [0x00000007a5560000, 0x00000007a5560000, 0x00000007a6ab0000)
 concurrent mark-sweep generation total 393216K, used 97173K [0x00000007a8000000, 0x00000007c0000000, 0x00000007c0000000)
 Metaspace       used 30735K, capacity 31126K, committed 31484K, reserved 1077248K
  class space    used 3620K, capacity 3724K, committed 3836K, reserved 1048576K
2016-06-26T13:47:51.553-0530: 2350.170: [GC (Allocation Failure) 2350.176: [ParNew
Desired survivor size 20112992 bytes, new threshold 8 (max 8)
- age   1:   14238024 bytes,   14238024 total
- age   2:    3574288 bytes,   17812312 total
: 109096K->21824K(109248K), 0.0187818 secs] 206270K->123005K(502464K), 0.0247033 secs] [Times: user=0.05 sys=0.01, real=0.02 secs] 
Heap after GC invocations=24 (full 2):
 par new generation   total 109248K, used 21824K [0x00000007a0000000, 0x00000007a8000000, 0x00000007a8000000)
  eden space 87424K,   0% used [0x00000007a0000000, 0x00000007a0000000, 0x00000007a5560000)
  from space 21824K, 100% used [0x00000007a5560000, 0x00000007a6ab0000, 0x00000007a6ab0000)
  to   space 21824K,   0% used [0x00000007a6ab0000, 0x00000007a6ab0000, 0x00000007a8000000)
 concurrent mark-sweep generation total 393216K, used 101181K [0x00000007a8000000, 0x00000007c0000000, 0x00000007c0000000)
 Metaspace       used 30735K, capacity 31126K, committed 31484K, reserved 1077248K
  class space    used 3620K, capacity 3724K, committed 3836K, reserved 1048576K
}
2016-06-26T13:47:51.577-0530: 2350.194: Total time for which application threads were stopped: 0.0248982 seconds
2016-06-26T13:47:52.705-0530: 2351.322: Total time for which application threads were stopped: 0.0001818 seconds
2016-06-26T13:47:52.709-0530: 2351.326: Total time for which application threads were stopped: 0.0001102 seconds
2016-06-26T13:47:53.713-0530: 2352.330: Total time for which application threads were stopped: 0.0001348 seconds
2016-06-26T13:48:41.862-0530: 2400.480: Total time for which application threads were stopped: 0.0001186 seconds
2016-06-26T13:48:42.742-0530: 2401.360: Total time for which application threads were stopped: 0.0001052 seconds
2016-06-26T13:49:31.019-0530: 2449.638: Total time for which application threads were stopped: 0.0001244 seconds
2016-06-26T13:57:32.438-0530: 2931.066: Total time for which application threads were stopped: 0.0001155 seconds
2016-06-26T13:57:32.438-0530: 2931.066: Total time for which application threads were stopped: 0.0000751 seconds
2016-06-26T13:57:32.441-0530: 2931.069: Total time for which application threads were stopped: 0.0001493 seconds
2016-06-26T13:57:33.475-0530: 2932.103: Total time for which application threads were stopped: 0.0318533 seconds
2016-06-26T13:57:34.483-0530: 2933.111: Total time for which application threads were stopped: 0.0035608 seconds
{Heap before GC invocations=24 (full 2):
 par new generation   total 109248K, used 109238K [0x00000007a0000000, 0x00000007a8000000, 0x00000007a8000000)
  eden space 87424K,  99% used [0x00000007a0000000, 0x00000007a555d928, 0x00000007a5560000)
  from space 21824K, 100% used [0x00000007a5560000, 0x00000007a6ab0000, 0x00000007a6ab0000)
  to   space 21824K,   0% used [0x00000007a6ab0000, 0x00000007a6ab0000, 0x00000007a8000000)
 concurrent mark-sweep generation total 393216K, used 101181K [0x00000007a8000000, 0x00000007c0000000, 0x00000007c0000000)
 Metaspace       used 30736K, capacity 31126K, committed 31484K, reserved 1077248K
  class space    used 3620K, capacity 3724K, committed 3836K, reserved 1048576K
2016-06-26T13:57:35.262-0530: 2933.890: [GC (Allocation Failure) 2933.921: [ParNew
Desired survivor size 20112992 bytes, new threshold 8 (max 8)
- age   1:    9044912 bytes,    9044912 total
- age   2:    6192168 bytes,   15237080 total
- age   3:     412480 bytes,   15649560 total
: 109238K->21470K(109248K), 0.0117924 secs] 210420K->122652K(502464K), 0.0427871 secs] [Times: user=0.03 sys=0.01, real=0.04 secs] 
Heap after GC invocations=25 (full 2):
 par new generation   total 109248K, used 21470K [0x00000007a0000000, 0x00000007a8000000, 0x00000007a8000000)
  eden space 87424K,   0% used [0x00000007a0000000, 0x00000007a0000000, 0x00000007a5560000)
  from space 21824K,  98% used [0x00000007a6ab0000, 0x00000007a7fa7be8, 0x00000007a8000000)
  to   space 21824K,   0% used [0x00000007a5560000, 0x00000007a5560000, 0x00000007a6ab0000)
 concurrent mark-sweep generation total 393216K, used 101181K [0x00000007a8000000, 0x00000007c0000000, 0x00000007c0000000)
 Metaspace       used 30736K, capacity 31126K, committed 31484K, reserved 1077248K
  class space    used 3620K, capacity 3724K, committed 3836K, reserved 1048576K
}
2016-06-26T13:57:35.305-0530: 2933.933: Total time for which application threads were stopped: 0.0430031 seconds
{Heap before GC invocations=25 (full 2):
 par new generation   total 109248K, used 108894K [0x00000007a0000000, 0x00000007a8000000, 0x00000007a8000000)
  eden space 87424K, 100% used [0x00000007a0000000, 0x00000007a5560000, 0x00000007a5560000)
  from space 21824K,  98% used [0x00000007a6ab0000, 0x00000007a7fa7be8, 0x00000007a8000000)
  to   space 21824K,   0% used [0x00000007a5560000, 0x00000007a5560000, 0x00000007a6ab0000)
 concurrent mark-sweep generation total 393216K, used 101181K [0x00000007a8000000, 0x00000007c0000000, 0x00000007c0000000)
 Metaspace       used 30736K, capacity 31126K, committed 31484K, reserved 1077248K
  class space    used 3620K, capacity 3724K, committed 3836K, reserved 1048576K
2016-06-26T13:57:35.987-0530: 2934.616: [GC (Allocation Failure) 2934.616: [ParNew
Desired survivor size 20112992 bytes, new threshold 3 (max 8)
- age   1:    9364920 bytes,    9364920 total
- age   2:    8764688 bytes,   18129608 total
- age   3:    3788048 bytes,   21917656 total
- age   4:     412480 bytes,   22330136 total
: 108894K->21824K(109248K), 0.0985702 secs] 210076K->150555K(502464K), 0.0986334 secs] [Times: user=0.13 sys=0.10, real=0.10 secs] 
Heap after GC invocations=26 (full 2):
 par new generation   total 109248K, used 21824K [0x00000007a0000000, 0x00000007a8000000, 0x00000007a8000000)
  eden space 87424K,   0% used [0x00000007a0000000, 0x00000007a0000000, 0x00000007a5560000)
  from space 21824K, 100% used [0x00000007a5560000, 0x00000007a6ab0000, 0x00000007a6ab0000)
  to   space 21824K,   0% used [0x00000007a6ab0000, 0x00000007a6ab0000, 0x00000007a8000000)
 concurrent mark-sweep generation total 393216K, used 128731K [0x00000007a8000000, 0x00000007c0000000, 0x00000007c0000000)
 Metaspace       used 30736K, capacity 31126K, committed 31484K, reserved 1077248K
  class space    used 3620K, capacity 3724K, committed 3836K, reserved 1048576K
}
2016-06-26T13:57:36.086-0530: 2934.714: Total time for which application threads were stopped: 0.0988682 seconds
{Heap before GC invocations=26 (full 2):
 par new generation   total 109248K, used 109135K [0x00000007a0000000, 0x00000007a8000000, 0x00000007a8000000)
  eden space 87424K,  99% used [0x00000007a0000000, 0x00000007a5543d78, 0x00000007a5560000)
  from space 21824K, 100% used [0x00000007a5560000, 0x00000007a6ab0000, 0x00000007a6ab0000)
  to   space 21824K,   0% used [0x00000007a6ab0000, 0x00000007a6ab0000, 0x00000007a8000000)
 concurrent mark-sweep generation total 393216K, used 128731K [0x00000007a8000000, 0x00000007c0000000, 0x00000007c0000000)
 Metaspace       used 30736K, capacity 31126K, committed 31484K, reserved 1077248K
  class space    used 3620K, capacity 3724K, committed 3836K, reserved 1048576K
2016-06-26T13:57:36.782-0530: 2935.410: [GC (Allocation Failure) 2935.410: [ParNew
Desired survivor size 20112992 bytes, new threshold 3 (max 8)
- age   1:    9815608 bytes,    9815608 total
- age   2:    3712632 bytes,   13528240 total
- age   3:    8763296 bytes,   22291536 total
: 109135K->21824K(109248K), 0.0510967 secs] 237867K->163562K(502464K), 0.0512079 secs] [Times: user=0.07 sys=0.05, real=0.05 secs] 
Heap after GC invocations=27 (full 2):
 par new generation   total 109248K, used 21824K [0x00000007a0000000, 0x00000007a8000000, 0x00000007a8000000)
  eden space 87424K,   0% used [0x00000007a0000000, 0x00000007a0000000, 0x00000007a5560000)
  from space 21824K, 100% used [0x00000007a6ab0000, 0x00000007a8000000, 0x00000007a8000000)
  to   space 21824K,   0% used [0x00000007a5560000, 0x00000007a5560000, 0x00000007a6ab0000)
 concurrent mark-sweep generation total 393216K, used 141738K [0x00000007a8000000, 0x00000007c0000000, 0x00000007c0000000)
 Metaspace       used 30736K, capacity 31126K, committed 31484K, reserved 1077248K
  class space    used 3620K, capacity 3724K, committed 3836K, reserved 1048576K
}
2016-06-26T13:57:36.833-0530: 2935.462: Total time for which application threads were stopped: 0.0514341 seconds
2016-06-26T13:57:37.840-0530: 2936.469: Total time for which application threads were stopped: 0.0023864 seconds
2016-06-26T13:57:39.011-0530: 2937.639: Total time for which application threads were stopped: 0.0001609 seconds
2016-06-26T13:57:40.016-0530: 2938.645: Total time for which application threads were stopped: 0.0001219 seconds
2016-06-26T13:58:29.150-0530: 2987.780: Total time for which application threads were stopped: 0.0001015 seconds
2016-06-26T13:58:29.150-0530: 2987.780: Total time for which application threads were stopped: 0.0000703 seconds
2016-06-26T14:08:57.133-0530: 3615.775: Total time for which application threads were stopped: 0.0002144 seconds
2016-06-26T14:09:49.303-0530: 3667.946: Total time for which application threads were stopped: 0.0003404 seconds
2016-06-26T14:09:50.306-0530: 3668.948: Total time for which application threads were stopped: 0.0001209 seconds
2016-06-26T14:11:57.706-0530: 3796.351: Total time for which application threads were stopped: 0.0002078 seconds
2016-06-26T14:40:14.328-0530: 5493.006: Total time for which application threads were stopped: 0.0002711 seconds
2016-06-26T14:40:44.402-0530: 5523.081: Total time for which application threads were stopped: 0.0002868 seconds
2016-06-26T14:41:14.500-0530: 5553.179: Total time for which application threads were stopped: 0.0002119 seconds
2016-06-26T14:42:43.757-0530: 5642.438: Total time for which application threads were stopped: 0.0002018 seconds
2016-06-26T14:43:13.848-0530: 5672.530: Total time for which application threads were stopped: 0.0002342 seconds
2016-06-26T14:46:43.161-0530: 5881.846: Total time for which application threads were stopped: 0.0001234 seconds
2016-06-26T14:46:43.161-0530: 5881.847: Total time for which application threads were stopped: 0.0001929 seconds
2016-06-26T14:46:43.164-0530: 5881.850: Total time for which application threads were stopped: 0.0001670 seconds
2016-06-26T14:46:43.248-0530: 5881.934: Total time for which application threads were stopped: 0.0001715 seconds
2016-06-26T14:46:43.248-0530: 5881.934: Total time for which application threads were stopped: 0.0000528 seconds
2016-06-26T14:46:43.451-0530: 5882.136: Total time for which application threads were stopped: 0.0001002 seconds
2016-06-26T14:46:43.454-0530: 5882.139: Total time for which application threads were stopped: 0.0002856 seconds
2016-06-26T14:46:44.455-0530: 5883.141: Total time for which application threads were stopped: 0.0001314 seconds
2016-06-26T14:46:45.460-0530: 5884.145: Total time for which application threads were stopped: 0.0001689 seconds
2016-06-26T14:46:45.518-0530: 5884.204: Total time for which application threads were stopped: 0.0000997 seconds
2016-06-26T14:46:45.518-0530: 5884.204: Total time for which application threads were stopped: 0.0000719 seconds
2016-06-26T14:46:45.519-0530: 5884.204: Total time for which application threads were stopped: 0.0000857 seconds
{Heap before GC invocations=27 (full 2):
 par new generation   total 109248K, used 109248K [0x00000007a0000000, 0x00000007a8000000, 0x00000007a8000000)
  eden space 87424K, 100% used [0x00000007a0000000, 0x00000007a5560000, 0x00000007a5560000)
  from space 21824K, 100% used [0x00000007a6ab0000, 0x00000007a8000000, 0x00000007a8000000)
  to   space 21824K,   0% used [0x00000007a5560000, 0x00000007a5560000, 0x00000007a6ab0000)
 concurrent mark-sweep generation total 393216K, used 141738K [0x00000007a8000000, 0x00000007c0000000, 0x00000007c0000000)
 Metaspace       used 30803K, capacity 31190K, committed 31740K, reserved 1077248K
  class space    used 3621K, capacity 3724K, committed 3836K, reserved 1048576K
2016-06-26T14:46:45.699-0530: 5884.384: [GC (Allocation Failure) 5884.385: [ParNew
Desired survivor size 20112992 bytes, new threshold 3 (max 8)
- age   1:   10992920 bytes,   10992920 total
- age   2:    7641120 bytes,   18634040 total
- age   3:    3707336 bytes,   22341376 total
: 109248K->21824K(109248K), 0.0632491 secs] 250986K->177638K(502464K), 0.0633313 secs] [Times: user=0.08 sys=0.10, real=0.07 secs] 
Heap after GC invocations=28 (full 2):
 par new generation   total 109248K, used 21824K [0x00000007a0000000, 0x00000007a8000000, 0x00000007a8000000)
  eden space 87424K,   0% used [0x00000007a0000000, 0x00000007a0000000, 0x00000007a5560000)
  from space 21824K, 100% used [0x00000007a5560000, 0x00000007a6ab0000, 0x00000007a6ab0000)
  to   space 21824K,   0% used [0x00000007a6ab0000, 0x00000007a6ab0000, 0x00000007a8000000)
 concurrent mark-sweep generation total 393216K, used 155814K [0x00000007a8000000, 0x00000007c0000000, 0x00000007c0000000)
 Metaspace       used 30803K, capacity 31190K, committed 31740K, reserved 1077248K
  class space    used 3621K, capacity 3724K, committed 3836K, reserved 1048576K
}
2016-06-26T14:46:45.762-0530: 5884.448: Total time for which application threads were stopped: 0.0718351 seconds
2016-06-26T14:46:47.003-0530: 5885.689: Total time for which application threads were stopped: 0.0001764 seconds
2016-06-26T14:46:47.054-0530: 5885.740: Total time for which application threads were stopped: 0.0001709 seconds
2016-06-26T14:47:33.190-0530: 5931.876: Total time for which application threads were stopped: 0.0003351 seconds
2016-06-26T14:47:37.064-0530: 5935.751: Total time for which application threads were stopped: 0.0001130 seconds
2016-06-26T14:47:37.065-0530: 5935.751: Total time for which application threads were stopped: 0.0000670 seconds
2016-06-26T14:48:09.192-0530: 5967.879: Total time for which application threads were stopped: 0.0001031 seconds
2016-06-26T14:48:09.192-0530: 5967.879: Total time for which application threads were stopped: 0.0000497 seconds
2016-06-26T14:48:09.192-0530: 5967.880: Total time for which application threads were stopped: 0.0000440 seconds
2016-06-26T14:48:09.193-0530: 5967.880: Total time for which application threads were stopped: 0.0000655 seconds
2016-06-26T14:48:09.293-0530: 5967.981: Total time for which application threads were stopped: 0.0001100 seconds
2016-06-26T14:48:09.294-0530: 5967.981: Total time for which application threads were stopped: 0.0000495 seconds
2016-06-26T14:48:09.295-0530: 5967.983: Total time for which application threads were stopped: 0.0001038 seconds
2016-06-26T14:48:11.305-0530: 5969.992: Total time for which application threads were stopped: 0.0001234 seconds
2016-06-26T14:48:11.386-0530: 5970.074: Total time for which application threads were stopped: 0.0001114 seconds
2016-06-26T14:48:11.386-0530: 5970.074: Total time for which application threads were stopped: 0.0000544 seconds
2016-06-26T14:48:11.387-0530: 5970.074: Total time for which application threads were stopped: 0.0000937 seconds
{Heap before GC invocations=28 (full 2):
 par new generation   total 109248K, used 109248K [0x00000007a0000000, 0x00000007a8000000, 0x00000007a8000000)
  eden space 87424K, 100% used [0x00000007a0000000, 0x00000007a5560000, 0x00000007a5560000)
  from space 21824K, 100% used [0x00000007a5560000, 0x00000007a6ab0000, 0x00000007a6ab0000)
  to   space 21824K,   0% used [0x00000007a6ab0000, 0x00000007a6ab0000, 0x00000007a8000000)
 concurrent mark-sweep generation total 393216K, used 155814K [0x00000007a8000000, 0x00000007c0000000, 0x00000007c0000000)
 Metaspace       used 30839K, capacity 31190K, committed 31740K, reserved 1077248K
  class space    used 3621K, capacity 3724K, committed 3836K, reserved 1048576K
2016-06-26T14:48:11.426-0530: 5970.114: [GC (Allocation Failure) 5970.123: [ParNew
Desired survivor size 20112992 bytes, new threshold 8 (max 8)
- age   1:    6316712 bytes,    6316712 total
- age   2:    4654568 bytes,   10971280 total
- age   3:    7641120 bytes,   18612400 total
: 109248K->21824K(109248K), 0.0214133 secs] 265062K->181478K(502464K), 0.0305904 secs] [Times: user=0.05 sys=0.01, real=0.03 secs] 
Heap after GC invocations=29 (full 2):
 par new generation   total 109248K, used 21824K [0x00000007a0000000, 0x00000007a8000000, 0x00000007a8000000)
  eden space 87424K,   0% used [0x00000007a0000000, 0x00000007a0000000, 0x00000007a5560000)
  from space 21824K, 100% used [0x00000007a6ab0000, 0x00000007a8000000, 0x00000007a8000000)
  to   space 21824K,   0% used [0x00000007a5560000, 0x00000007a5560000, 0x00000007a6ab0000)
 concurrent mark-sweep generation total 393216K, used 159654K [0x00000007a8000000, 0x00000007c0000000, 0x00000007c0000000)
 Metaspace       used 30839K, capacity 31190K, committed 31740K, reserved 1077248K
  class space    used 3621K, capacity 3724K, committed 3836K, reserved 1048576K
}
2016-06-26T14:48:11.457-0530: 5970.144: Total time for which application threads were stopped: 0.0308337 seconds
2016-06-26T14:48:12.827-0530: 5971.515: Total time for which application threads were stopped: 0.0002211 seconds
2016-06-26T14:48:13.830-0530: 5972.517: Total time for which application threads were stopped: 0.0001353 seconds
2016-06-26T14:49:02.876-0530: 6021.564: Total time for which application threads were stopped: 0.0001184 seconds
2016-06-26T14:49:02.876-0530: 6021.565: Total time for which application threads were stopped: 0.0000660 seconds
2016-06-26T14:49:03.881-0530: 6022.569: Total time for which application threads were stopped: 0.0001265 seconds
2016-06-26T14:49:13.915-0530: 6032.603: Total time for which application threads were stopped: 0.0002031 seconds
2016-06-26T14:49:51.249-0530: 6069.938: Total time for which application threads were stopped: 0.0001368 seconds
2016-06-26T15:16:44.544-0530: 7683.265: Total time for which application threads were stopped: 0.0003525 seconds
2016-06-26T15:28:44.517-0530: 8403.252: Total time for which application threads were stopped: 0.0013478 seconds
2016-06-26T15:40:14.540-0530: 9093.288: Total time for which application threads were stopped: 0.0002333 seconds
2016-06-26T23:08:16.322-0530: 35975.594: Total time for which application threads were stopped: 0.0219511 seconds
2016-06-27T00:12:17.155-0530: 39816.502: Total time for which application threads were stopped: 0.0004034 seconds
2016-06-27T00:49:25.885-0530: 42045.275: Total time for which application threads were stopped: 0.0082075 seconds
2016-06-27T00:49:25.898-0530: 42045.288: Total time for which application threads were stopped: 0.0001109 seconds
{Heap before GC invocations=29 (full 2):
 par new generation   total 109248K, used 109248K [0x00000007a0000000, 0x00000007a8000000, 0x00000007a8000000)
  eden space 87424K, 100% used [0x00000007a0000000, 0x00000007a5560000, 0x00000007a5560000)
  from space 21824K, 100% used [0x00000007a6ab0000, 0x00000007a8000000, 0x00000007a8000000)
  to   space 21824K,   0% used [0x00000007a5560000, 0x00000007a5560000, 0x00000007a6ab0000)
 concurrent mark-sweep generation total 393216K, used 159654K [0x00000007a8000000, 0x00000007c0000000, 0x00000007c0000000)
 Metaspace       used 30852K, capacity 31190K, committed 31740K, reserved 1077248K
  class space    used 3621K, capacity 3724K, committed 3836K, reserved 1048576K
2016-06-27T00:49:25.935-0530: 42045.325: [GC (Allocation Failure) 42045.352: [ParNew
Desired survivor size 20112992 bytes, new threshold 8 (max 8)
- age   1:     689640 bytes,     689640 total
- age   2:    6031144 bytes,    6720784 total
- age   3:    4648984 bytes,   11369768 total
- age   4:    7641120 bytes,   19010888 total
: 109248K->21824K(109248K), 0.2241170 secs] 268902K->181478K(502464K), 0.2510844 secs] [Times: user=0.06 sys=0.23, real=0.25 secs] 
Heap after GC invocations=30 (full 2):
 par new generation   total 109248K, used 21824K [0x00000007a0000000, 0x00000007a8000000, 0x00000007a8000000)
  eden space 87424K,   0% used [0x00000007a0000000, 0x00000007a0000000, 0x00000007a5560000)
  from space 21824K, 100% used [0x00000007a5560000, 0x00000007a6ab0000, 0x00000007a6ab0000)
  to   space 21824K,   0% used [0x00000007a6ab0000, 0x00000007a6ab0000, 0x00000007a8000000)
 concurrent mark-sweep generation total 393216K, used 159654K [0x00000007a8000000, 0x00000007c0000000, 0x00000007c0000000)
 Metaspace       used 30852K, capacity 31190K, committed 31740K, reserved 1077248K
  class space    used 3621K, capacity 3724K, committed 3836K, reserved 1048576K
}
2016-06-27T00:49:26.186-0530: 42045.576: Total time for which application threads were stopped: 0.2777767 seconds
2016-06-27T00:49:26.187-0530: 42045.577: Total time for which application threads were stopped: 0.0000774 seconds
2016-06-27T00:49:26.187-0530: 42045.577: Total time for which application threads were stopped: 0.0002389 seconds
2016-06-27T00:49:26.221-0530: 42045.611: Total time for which application threads were stopped: 0.0312060 seconds
2016-06-27T00:49:26.349-0530: 42045.739: Total time for which application threads were stopped: 0.1280727 seconds
2016-06-27T00:49:26.350-0530: 42045.740: Total time for which application threads were stopped: 0.0001348 seconds
2016-06-27T00:49:27.379-0530: 42046.769: Total time for which application threads were stopped: 0.0244112 seconds
2016-06-27T00:49:27.520-0530: 42046.910: Total time for which application threads were stopped: 0.0636257 seconds
2016-06-27T00:49:27.559-0530: 42046.949: Total time for which application threads were stopped: 0.0387772 seconds
2016-06-27T00:49:27.663-0530: 42047.053: Total time for which application threads were stopped: 0.1018449 seconds
2016-06-27T00:49:27.709-0530: 42047.099: Total time for which application threads were stopped: 0.0460938 seconds
2016-06-27T00:49:27.739-0530: 42047.129: Total time for which application threads were stopped: 0.0296414 seconds
2016-06-27T00:49:27.791-0530: 42047.182: Total time for which application threads were stopped: 0.0512621 seconds
2016-06-27T00:49:28.784-0530: 42048.175: Total time for which application threads were stopped: 0.0028993 seconds
2016-06-27T00:49:28.785-0530: 42048.175: Total time for which application threads were stopped: 0.0001413 seconds
2016-06-27T00:49:28.818-0530: 42048.208: Total time for which application threads were stopped: 0.0325367 seconds
2016-06-27T00:49:29.880-0530: 42049.270: Total time for which application threads were stopped: 0.0589973 seconds
2016-06-27T00:49:31.654-0530: 42051.044: Total time for which application threads were stopped: 0.0048475 seconds
2016-06-27T00:49:31.767-0530: 42051.157: Total time for which application threads were stopped: 0.1125702 seconds
2016-06-27T00:49:31.798-0530: 42051.188: Total time for which application threads were stopped: 0.0309534 seconds
2016-06-27T00:49:31.905-0530: 42051.295: Total time for which application threads were stopped: 0.0064333 seconds
2016-06-27T00:49:32.148-0530: 42051.538: Total time for which application threads were stopped: 0.0437090 seconds
2016-06-27T00:49:33.139-0530: 42052.529: Total time for which application threads were stopped: 0.1878952 seconds
2016-06-27T00:49:33.180-0530: 42052.570: Total time for which application threads were stopped: 0.0405427 seconds
2016-06-27T00:49:33.231-0530: 42052.621: Total time for which application threads were stopped: 0.0495163 seconds
2016-06-27T00:49:33.359-0530: 42052.749: Total time for which application threads were stopped: 0.1278948 seconds
2016-06-27T00:49:33.483-0530: 42052.873: Total time for which application threads were stopped: 0.1219596 seconds
2016-06-27T00:49:33.635-0530: 42053.025: Total time for which application threads were stopped: 0.1513849 seconds
2016-06-27T00:49:33.702-0530: 42053.092: Total time for which application threads were stopped: 0.0664182 seconds
2016-06-27T00:49:33.882-0530: 42053.273: Total time for which application threads were stopped: 0.0620440 seconds
2016-06-27T00:49:34.257-0530: 42053.647: Total time for which application threads were stopped: 0.1835525 seconds
2016-06-27T00:49:35.987-0530: 42055.377: Total time for which application threads were stopped: 0.1418271 seconds
2016-06-27T00:49:36.168-0530: 42055.559: Total time for which application threads were stopped: 0.1811377 seconds
2016-06-27T00:49:37.064-0530: 42056.454: Total time for which application threads were stopped: 0.1378413 seconds
2016-06-27T00:49:45.086-0530: 42064.476: Total time for which application threads were stopped: 0.0005733 seconds
{Heap before GC invocations=30 (full 2):
 par new generation   total 109248K, used 109248K [0x00000007a0000000, 0x00000007a8000000, 0x00000007a8000000)
  eden space 87424K, 100% used [0x00000007a0000000, 0x00000007a5560000, 0x00000007a5560000)
  from space 21824K, 100% used [0x00000007a5560000, 0x00000007a6ab0000, 0x00000007a6ab0000)
  to   space 21824K,   0% used [0x00000007a6ab0000, 0x00000007a6ab0000, 0x00000007a8000000)
 concurrent mark-sweep generation total 393216K, used 159654K [0x00000007a8000000, 0x00000007c0000000, 0x00000007c0000000)
 Metaspace       used 30955K, capacity 31318K, committed 31740K, reserved 1077248K
  class space    used 3621K, capacity 3724K, committed 3836K, reserved 1048576K
2016-06-27T00:49:45.236-0530: 42064.626: [GC (Allocation Failure) 42064.652: [ParNew
Desired survivor size 20112992 bytes, new threshold 5 (max 8)
- age   1:    8379928 bytes,    8379928 total
- age   2:     462728 bytes,    8842656 total
- age   3:    1877032 bytes,   10719688 total
- age   4:    4529088 bytes,   15248776 total
- age   5:    7087416 bytes,   22336192 total
: 109248K->21824K(109248K), 0.0938260 secs] 268902K->193359K(502464K), 0.1198358 secs] [Times: user=0.09 sys=0.07, real=0.12 secs] 
Heap after GC invocations=31 (full 2):
 par new generation   total 109248K, used 21824K [0x00000007a0000000, 0x00000007a8000000, 0x00000007a8000000)
  eden space 87424K,   0% used [0x00000007a0000000, 0x00000007a0000000, 0x00000007a5560000)
  from space 21824K, 100% used [0x00000007a6ab0000, 0x00000007a8000000, 0x00000007a8000000)
  to   space 21824K,   0% used [0x00000007a5560000, 0x00000007a5560000, 0x00000007a6ab0000)
 concurrent mark-sweep generation total 393216K, used 171535K [0x00000007a8000000, 0x00000007c0000000, 0x00000007c0000000)
 Metaspace       used 30955K, capacity 31318K, committed 31740K, reserved 1077248K
  class space    used 3621K, capacity 3724K, committed 3836K, reserved 1048576K
}
2016-06-27T00:49:45.355-0530: 42064.746: Total time for which application threads were stopped: 0.1201055 seconds
2016-06-27T00:49:46.371-0530: 42065.761: Total time for which application threads were stopped: 0.0001814 seconds
2016-06-27T00:49:46.488-0530: 42065.878: Total time for which application threads were stopped: 0.0002988 seconds
2016-06-27T00:49:46.488-0530: 42065.879: Total time for which application threads were stopped: 0.0000770 seconds
{Heap before GC invocations=31 (full 2):
 par new generation   total 109248K, used 109248K [0x00000007a0000000, 0x00000007a8000000, 0x00000007a8000000)
  eden space 87424K, 100% used [0x00000007a0000000, 0x00000007a5560000, 0x00000007a5560000)
  from space 21824K, 100% used [0x00000007a6ab0000, 0x00000007a8000000, 0x00000007a8000000)
  to   space 21824K,   0% used [0x00000007a5560000, 0x00000007a5560000, 0x00000007a6ab0000)
 concurrent mark-sweep generation total 393216K, used 171535K [0x00000007a8000000, 0x00000007c0000000, 0x00000007c0000000)
 Metaspace       used 30960K, capacity 31324K, committed 31740K, reserved 1077248K
  class space    used 3622K, capacity 3725K, committed 3836K, reserved 1048576K
2016-06-27T00:49:47.052-0530: 42066.442: [GC (Allocation Failure) 42066.443: [ParNew
Desired survivor size 20112992 bytes, new threshold 8 (max 8)
- age   1:    8070240 bytes,    8070240 total
- age   2:    4835832 bytes,   12906072 total
- age   3:     439136 bytes,   13345208 total
- age   4:    1767424 bytes,   15112632 total
- age   5:    4433400 bytes,   19546032 total
: 109248K->21824K(109248K), 0.0648203 secs] 280783K->209551K(502464K), 0.0649229 secs] [Times: user=0.10 sys=0.06, real=0.06 secs] 
Heap after GC invocations=32 (full 2):
 par new generation   total 109248K, used 21824K [0x00000007a0000000, 0x00000007a8000000, 0x00000007a8000000)
  eden space 87424K,   0% used [0x00000007a0000000, 0x00000007a0000000, 0x00000007a5560000)
  from space 21824K, 100% used [0x00000007a5560000, 0x00000007a6ab0000, 0x00000007a6ab0000)
  to   space 21824K,   0% used [0x00000007a6ab0000, 0x00000007a6ab0000, 0x00000007a8000000)
 concurrent mark-sweep generation total 393216K, used 187727K [0x00000007a8000000, 0x00000007c0000000, 0x00000007c0000000)
 Metaspace       used 30960K, capacity 31324K, committed 31740K, reserved 1077248K
  class space    used 3622K, capacity 3725K, committed 3836K, reserved 1048576K
}
2016-06-27T00:49:47.117-0530: 42066.508: Total time for which application threads were stopped: 0.0651846 seconds
2016-06-27T00:49:48.135-0530: 42067.526: Total time for which application threads were stopped: 0.0002063 seconds
2016-06-27T00:49:49.135-0530: 42068.526: Total time for which application threads were stopped: 0.0002555 seconds
2016-06-27T11:38:36.921-0530: 43094.126: Total time for which application threads were stopped: 0.0442612 seconds
2016-06-27T11:38:37.977-0530: 43095.181: Total time for which application threads were stopped: 0.0535085 seconds
2016-06-27T11:38:39.416-0530: 43096.620: Total time for which application threads were stopped: 0.0000985 seconds
2016-06-27T11:38:39.652-0530: 43096.856: Total time for which application threads were stopped: 0.1227012 seconds
2016-06-27T11:38:41.447-0530: 43098.651: Total time for which application threads were stopped: 0.2602587 seconds
2016-06-27T11:38:41.478-0530: 43098.682: Total time for which application threads were stopped: 0.0284170 seconds
2016-06-27T11:38:42.535-0530: 43099.739: Total time for which application threads were stopped: 0.0531945 seconds
2016-06-27T11:38:43.671-0530: 43100.874: Total time for which application threads were stopped: 0.1304225 seconds
2016-06-27T11:38:45.761-0530: 43102.964: Total time for which application threads were stopped: 0.0853450 seconds
2016-06-27T11:38:46.773-0530: 43103.977: Total time for which application threads were stopped: 0.0104453 seconds
2016-06-27T11:38:47.895-0530: 43105.098: Total time for which application threads were stopped: 0.1215820 seconds
2016-06-27T11:38:49.010-0530: 43106.214: Total time for which application threads were stopped: 0.1137894 seconds
2016-06-27T11:38:50.061-0530: 43107.264: Total time for which application threads were stopped: 0.0472616 seconds
{Heap before GC invocations=32 (full 2):
 par new generation   total 109248K, used 109248K [0x00000007a0000000, 0x00000007a8000000, 0x00000007a8000000)
  eden space 87424K, 100% used [0x00000007a0000000, 0x00000007a5560000, 0x00000007a5560000)
  from space 21824K, 100% used [0x00000007a5560000, 0x00000007a6ab0000, 0x00000007a6ab0000)
  to   space 21824K,   0% used [0x00000007a6ab0000, 0x00000007a6ab0000, 0x00000007a8000000)
 concurrent mark-sweep generation total 393216K, used 187727K [0x00000007a8000000, 0x00000007c0000000, 0x00000007c0000000)
 Metaspace       used 30989K, capacity 31324K, committed 31740K, reserved 1077248K
  class space    used 3622K, capacity 3725K, committed 3836K, reserved 1048576K
2016-06-27T11:38:58.578-0530: 43115.782: [GC (Allocation Failure) 43115.801: [ParNew
Desired survivor size 20112992 bytes, new threshold 6 (max 8)
- age   1:   12159184 bytes,   12159184 total
- age   2:    3246336 bytes,   15405520 total
- age   3:     644264 bytes,   16049784 total
- age   4:     434192 bytes,   16483976 total
- age   5:    1764968 bytes,   18248944 total
- age   6:    3753528 bytes,   22002472 total
: 109248K->21824K(109248K), 0.0967386 secs] 296975K->217529K(502464K), 0.1154862 secs] [Times: user=0.08 sys=0.20, real=0.12 secs] 
Heap after GC invocations=33 (full 2):
 par new generation   total 109248K, used 21824K [0x00000007a0000000, 0x00000007a8000000, 0x00000007a8000000)
  eden space 87424K,   0% used [0x00000007a0000000, 0x00000007a0000000, 0x00000007a5560000)
  from space 21824K, 100% used [0x00000007a6ab0000, 0x00000007a8000000, 0x00000007a8000000)
  to   space 21824K,   0% used [0x00000007a5560000, 0x00000007a5560000, 0x00000007a6ab0000)
 concurrent mark-sweep generation total 393216K, used 195705K [0x00000007a8000000, 0x00000007c0000000, 0x00000007c0000000)
 Metaspace       used 30989K, capacity 31324K, committed 31740K, reserved 1077248K
  class space    used 3622K, capacity 3725K, committed 3836K, reserved 1048576K
}
2016-06-27T11:38:58.694-0530: 43115.898: Total time for which application threads were stopped: 0.1157244 seconds
2016-06-27T11:39:00.704-0530: 43117.908: Total time for which application threads were stopped: 0.0001910 seconds
2016-06-27T11:39:52.830-0530: 43170.035: Total time for which application threads were stopped: 0.0001076 seconds
2016-06-27T11:52:55.281-0530: 43952.502: Total time for which application threads were stopped: 0.0001673 seconds
2016-06-27T11:52:55.392-0530: 43952.612: Total time for which application threads were stopped: 0.0000973 seconds
2016-06-27T11:52:56.393-0530: 43953.613: Total time for which application threads were stopped: 0.0003712 seconds
2016-06-27T11:52:56.945-0530: 43954.166: Total time for which application threads were stopped: 0.0001064 seconds
2016-06-27T11:52:57.104-0530: 43954.324: Total time for which application threads were stopped: 0.0001011 seconds
2016-06-27T11:52:57.528-0530: 43954.748: Total time for which application threads were stopped: 0.0001040 seconds
{Heap before GC invocations=33 (full 2):
 par new generation   total 109248K, used 109142K [0x00000007a0000000, 0x00000007a8000000, 0x00000007a8000000)
  eden space 87424K,  99% used [0x00000007a0000000, 0x00000007a55459e0, 0x00000007a5560000)
  from space 21824K, 100% used [0x00000007a6ab0000, 0x00000007a8000000, 0x00000007a8000000)
  to   space 21824K,   0% used [0x00000007a5560000, 0x00000007a5560000, 0x00000007a6ab0000)
 concurrent mark-sweep generation total 393216K, used 195705K [0x00000007a8000000, 0x00000007c0000000, 0x00000007c0000000)
 Metaspace       used 31017K, capacity 31388K, committed 31740K, reserved 1077248K
  class space    used 3622K, capacity 3725K, committed 3836K, reserved 1048576K
2016-06-27T11:52:57.651-0530: 43954.871: [GC (Allocation Failure) 43954.907: [ParNew
Desired survivor size 20112992 bytes, new threshold 6 (max 8)
- age   1:    9839528 bytes,    9839528 total
- age   2:    4283240 bytes,   14122768 total
- age   3:    3246128 bytes,   17368896 total
- age   4:     644208 bytes,   18013104 total
- age   5:     434128 bytes,   18447232 total
- age   6:    1764808 bytes,   20212040 total
: 109142K->21824K(109248K), 0.0348202 secs] 304848K->221597K(502464K), 0.0705002 secs] [Times: user=0.08 sys=0.03, real=0.07 secs] 
Heap after GC invocations=34 (full 2):
 par new generation   total 109248K, used 21824K [0x00000007a0000000, 0x00000007a8000000, 0x00000007a8000000)
  eden space 87424K,   0% used [0x00000007a0000000, 0x00000007a0000000, 0x00000007a5560000)
  from space 21824K, 100% used [0x00000007a5560000, 0x00000007a6ab0000, 0x00000007a6ab0000)
  to   space 21824K,   0% used [0x00000007a6ab0000, 0x00000007a6ab0000, 0x00000007a8000000)
 concurrent mark-sweep generation total 393216K, used 199773K [0x00000007a8000000, 0x00000007c0000000, 0x00000007c0000000)
 Metaspace       used 31017K, capacity 31388K, committed 31740K, reserved 1077248K
  class space    used 3622K, capacity 3725K, committed 3836K, reserved 1048576K
}
2016-06-27T11:52:57.721-0530: 43954.942: Total time for which application threads were stopped: 0.0707654 seconds
2016-06-27T11:52:57.807-0530: 43955.027: [GC (CMS Initial Mark) [1 CMS-initial-mark: 199773K(393216K)] 228669K(502464K), 0.0851943 secs] [Times: user=0.02 sys=0.00, real=0.09 secs] 
2016-06-27T11:52:57.892-0530: 43955.112: Total time for which application threads were stopped: 0.0854918 seconds
2016-06-27T11:52:57.892-0530: 43955.112: [CMS-concurrent-mark-start]
2016-06-27T11:52:57.945-0530: 43955.165: [CMS-concurrent-mark: 0.053/0.053 secs] [Times: user=0.08 sys=0.04, real=0.05 secs] 
2016-06-27T11:52:57.945-0530: 43955.165: [CMS-concurrent-preclean-start]
2016-06-27T11:52:57.946-0530: 43955.167: [CMS-concurrent-preclean: 0.002/0.002 secs] [Times: user=0.00 sys=0.00, real=0.00 secs] 
2016-06-27T11:52:57.946-0530: 43955.167: [CMS-concurrent-abortable-preclean-start]
2016-06-27T11:52:59.894-0530: 43957.114: Total time for which application threads were stopped: 0.0001101 seconds
 CMS: abort preclean due to time 2016-06-27T11:53:03.950-0530: 43961.170: [CMS-concurrent-abortable-preclean: 1.710/6.003 secs] [Times: user=2.93 sys=0.02, real=6.01 secs] 
2016-06-27T11:53:03.950-0530: 43961.170: [GC (CMS Final Remark) [YG occupancy: 97285 K (109248 K)]{Heap before GC invocations=34 (full 3):
 par new generation   total 109248K, used 97285K [0x00000007a0000000, 0x00000007a8000000, 0x00000007a8000000)
  eden space 87424K,  86% used [0x00000007a0000000, 0x00000007a49b1598, 0x00000007a5560000)
  from space 21824K, 100% used [0x00000007a5560000, 0x00000007a6ab0000, 0x00000007a6ab0000)
  to   space 21824K,   0% used [0x00000007a6ab0000, 0x00000007a6ab0000, 0x00000007a8000000)
 concurrent mark-sweep generation total 393216K, used 199773K [0x00000007a8000000, 0x00000007c0000000, 0x00000007c0000000)
 Metaspace       used 31020K, capacity 31388K, committed 31740K, reserved 1077248K
  class space    used 3622K, capacity 3725K, committed 3836K, reserved 1048576K
2016-06-27T11:53:03.950-0530: 43961.170: [GC (CMS Final Remark) 43961.170: [ParNew
Desired survivor size 20112992 bytes, new threshold 8 (max 8)
- age   1:     238632 bytes,     238632 total
- age   2:    6565000 bytes,    6803632 total
- age   3:    4283240 bytes,   11086872 total
- age   4:    3246104 bytes,   14332976 total
- age   5:     644208 bytes,   14977184 total
- age   6:     434128 bytes,   15411312 total
: 97285K->20055K(109248K), 0.0173301 secs] 297059K->221553K(502464K), 0.0173814 secs] [Times: user=0.06 sys=0.01, real=0.01 secs] 
Heap after GC invocations=35 (full 3):
 par new generation   total 109248K, used 20055K [0x00000007a0000000, 0x00000007a8000000, 0x00000007a8000000)
  eden space 87424K,   0% used [0x00000007a0000000, 0x00000007a0000000, 0x00000007a5560000)
  from space 21824K,  91% used [0x00000007a6ab0000, 0x00000007a7e45ee0, 0x00000007a8000000)
  to   space 21824K,   0% used [0x00000007a5560000, 0x00000007a5560000, 0x00000007a6ab0000)
 concurrent mark-sweep generation total 393216K, used 201497K [0x00000007a8000000, 0x00000007c0000000, 0x00000007c0000000)
 Metaspace       used 31020K, capacity 31388K, committed 31740K, reserved 1077248K
  class space    used 3622K, capacity 3725K, committed 3836K, reserved 1048576K
}
43961.188: [Rescan (parallel) , 0.0029468 secs]43961.191: [weak refs processing, 0.0014471 secs]43961.192: [class unloading, 0.0623001 secs]43961.254: [scrub symbol table, 0.0117851 secs]43961.266: [scrub string table, 0.0012156 secs][1 CMS-remark: 201497K(393216K)] 221553K(502464K), 0.1018974 secs] [Times: user=0.11 sys=0.04, real=0.10 secs] 
2016-06-27T11:53:04.052-0530: 43961.272: Total time for which application threads were stopped: 0.1020587 seconds
2016-06-27T11:53:04.052-0530: 43961.272: [CMS-concurrent-sweep-start]
2016-06-27T11:53:04.052-0530: 43961.273: Total time for which application threads were stopped: 0.0001260 seconds
2016-06-27T11:53:04.053-0530: 43961.273: Total time for which application threads were stopped: 0.0001352 seconds
2016-06-27T11:53:04.408-0530: 43961.628: [CMS-concurrent-sweep: 0.356/0.356 secs] [Times: user=0.13 sys=0.19, real=0.35 secs] 
2016-06-27T11:53:04.430-0530: 43961.650: [CMS-concurrent-reset-start]
2016-06-27T11:53:04.435-0530: 43961.655: [CMS-concurrent-reset: 0.005/0.005 secs] [Times: user=0.01 sys=0.00, real=0.00 secs] 
2016-06-27T11:53:47.174-0530: 44004.395: Total time for which application threads were stopped: 0.0004405 seconds
2016-06-27T11:53:51.186-0530: 44008.407: Total time for which application threads were stopped: 0.0003044 seconds
2016-06-27T13:07:11.636-0530: 48410.543: Total time for which application threads were stopped: 0.0009654 seconds
2016-06-27T13:07:11.720-0530: 48410.626: Total time for which application threads were stopped: 0.0589130 seconds
2016-06-27T13:07:11.764-0530: 48410.671: Total time for which application threads were stopped: 0.0002824 seconds
2016-06-27T13:07:11.884-0530: 48410.790: Total time for which application threads were stopped: 0.1173108 seconds
2016-06-27T13:07:12.617-0530: 48411.523: Total time for which application threads were stopped: 0.0001344 seconds
2016-06-27T13:07:13.620-0530: 48412.526: Total time for which application threads were stopped: 0.0004235 seconds
2016-06-27T13:07:14.487-0530: 48413.394: Total time for which application threads were stopped: 0.3810610 seconds
2016-06-27T13:07:14.492-0530: 48413.399: Total time for which application threads were stopped: 0.0002071 seconds
2016-06-27T13:07:14.579-0530: 48413.485: Total time for which application threads were stopped: 0.0841787 seconds
2016-06-27T13:07:14.915-0530: 48413.821: Total time for which application threads were stopped: 0.0292246 seconds
2016-06-27T13:07:15.025-0530: 48413.931: Total time for which application threads were stopped: 0.1005110 seconds
2016-06-27T13:07:15.083-0530: 48413.990: Total time for which application threads were stopped: 0.0558830 seconds
2016-06-27T13:07:15.115-0530: 48414.022: Total time for which application threads were stopped: 0.0293942 seconds
2016-06-27T13:07:15.533-0530: 48414.439: Total time for which application threads were stopped: 0.2458253 seconds
2016-06-27T13:07:15.792-0530: 48414.698: Total time for which application threads were stopped: 0.0126946 seconds
2016-06-27T13:07:15.837-0530: 48414.744: Total time for which application threads were stopped: 0.0002457 seconds
{Heap before GC invocations=35 (full 3):
 par new generation   total 109248K, used 107479K [0x00000007a0000000, 0x00000007a8000000, 0x00000007a8000000)
  eden space 87424K, 100% used [0x00000007a0000000, 0x00000007a5560000, 0x00000007a5560000)
  from space 21824K,  91% used [0x00000007a6ab0000, 0x00000007a7e45ee0, 0x00000007a8000000)
  to   space 21824K,   0% used [0x00000007a5560000, 0x00000007a5560000, 0x00000007a6ab0000)
 concurrent mark-sweep generation total 393216K, used 25440K [0x00000007a8000000, 0x00000007c0000000, 0x00000007c0000000)
 Metaspace       used 30984K, capacity 31362K, committed 31996K, reserved 1077248K
  class space    used 3613K, capacity 3710K, committed 3836K, reserved 1048576K
2016-06-27T13:07:16.087-0530: 48414.993: [GC (Allocation Failure) 48415.107: [ParNew
Desired survivor size 20112992 bytes, new threshold 6 (max 8)
- age   1:   15958288 bytes,   15958288 total
- age   2:      93216 bytes,   16051504 total
- age   3:    3171944 bytes,   19223448 total
- age   4:     772416 bytes,   19995864 total
- age   5:      29648 bytes,   20025512 total
- age   6:     312432 bytes,   20337944 total
- age   7:      12096 bytes,   20350040 total
: 107479K->21824K(109248K), 1.1119139 secs] 132920K->50683K(502464K), 1.2260408 secs] [Times: user=2.37 sys=0.18, real=1.23 secs] 
Heap after GC invocations=36 (full 3):
 par new generation   total 109248K, used 21824K [0x00000007a0000000, 0x00000007a8000000, 0x00000007a8000000)
  eden space 87424K,   0% used [0x00000007a0000000, 0x00000007a0000000, 0x00000007a5560000)
  from space 21824K, 100% used [0x00000007a5560000, 0x00000007a6ab0000, 0x00000007a6ab0000)
  to   space 21824K,   0% used [0x00000007a6ab0000, 0x00000007a6ab0000, 0x00000007a8000000)
 concurrent mark-sweep generation total 393216K, used 28859K [0x00000007a8000000, 0x00000007c0000000, 0x00000007c0000000)
 Metaspace       used 30984K, capacity 31362K, committed 31996K, reserved 1077248K
  class space    used 3613K, capacity 3710K, committed 3836K, reserved 1048576K
}
2016-06-27T13:07:17.313-0530: 48416.219: Total time for which application threads were stopped: 1.2263402 seconds
2016-06-27T13:07:17.314-0530: 48416.221: Total time for which application threads were stopped: 0.0002358 seconds
2016-06-27T13:07:18.339-0530: 48417.246: Total time for which application threads were stopped: 0.0196285 seconds
2016-06-27T13:08:05.463-0530: 48464.371: Total time for which application threads were stopped: 0.0003325 seconds
2016-06-27T14:27:51.731-0530: 53250.873: Total time for which application threads were stopped: 0.0018965 seconds
2016-06-27T14:27:51.752-0530: 53250.894: Total time for which application threads were stopped: 0.0004112 seconds
2016-06-27T14:27:52.107-0530: 53251.249: Total time for which application threads were stopped: 0.0001250 seconds
2016-06-27T14:27:52.139-0530: 53251.281: Total time for which application threads were stopped: 0.0003219 seconds
2016-06-27T14:27:53.182-0530: 53252.323: Total time for which application threads were stopped: 0.0001489 seconds
2016-06-27T14:27:54.046-0530: 53253.188: Total time for which application threads were stopped: 0.3789819 seconds
2016-06-27T14:27:54.190-0530: 53253.332: Total time for which application threads were stopped: 0.1395814 seconds
2016-06-27T14:27:54.358-0530: 53253.500: Total time for which application threads were stopped: 0.1560084 seconds
2016-06-27T14:27:54.717-0530: 53253.859: Total time for which application threads were stopped: 0.3016866 seconds
2016-06-27T14:27:54.904-0530: 53254.045: Total time for which application threads were stopped: 0.1296493 seconds
{Heap before GC invocations=36 (full 3):
 par new generation   total 109248K, used 109248K [0x00000007a0000000, 0x00000007a8000000, 0x00000007a8000000)
  eden space 87424K, 100% used [0x00000007a0000000, 0x00000007a5560000, 0x00000007a5560000)
  from space 21824K, 100% used [0x00000007a5560000, 0x00000007a6ab0000, 0x00000007a6ab0000)
  to   space 21824K,   0% used [0x00000007a6ab0000, 0x00000007a6ab0000, 0x00000007a8000000)
 concurrent mark-sweep generation total 393216K, used 28859K [0x00000007a8000000, 0x00000007c0000000, 0x00000007c0000000)
 Metaspace       used 31031K, capacity 31426K, committed 31996K, reserved 1077248K
  class space    used 3613K, capacity 3710K, committed 3836K, reserved 1048576K
2016-06-27T14:27:55.385-0530: 53254.526: [GC (Allocation Failure) 53254.718: [ParNew
Desired survivor size 20112992 bytes, new threshold 2 (max 8)
- age   1:   16971456 bytes,   16971456 total
- age   2:    4121992 bytes,   21093448 total
- age   3:        240 bytes,   21093688 total
- age   4:     442640 bytes,   21536328 total
- age   5:     726128 bytes,   22262456 total
- age   6:      29624 bytes,   22292080 total
: 109248K->21824K(109248K), 0.5338013 secs] 138107K->57215K(502464K), 0.7255344 secs] [Times: user=0.58 sys=0.13, real=0.73 secs] 
Heap after GC invocations=37 (full 3):
 par new generation   total 109248K, used 21824K [0x00000007a0000000, 0x00000007a8000000, 0x00000007a8000000)
  eden space 87424K,   0% used [0x00000007a0000000, 0x00000007a0000000, 0x00000007a5560000)
  from space 21824K, 100% used [0x00000007a6ab0000, 0x00000007a8000000, 0x00000007a8000000)
  to   space 21824K,   0% used [0x00000007a5560000, 0x00000007a5560000, 0x00000007a6ab0000)
 concurrent mark-sweep generation total 393216K, used 35391K [0x00000007a8000000, 0x00000007c0000000, 0x00000007c0000000)
 Metaspace       used 31031K, capacity 31426K, committed 31996K, reserved 1077248K
  class space    used 3613K, capacity 3710K, committed 3836K, reserved 1048576K
}
2016-06-27T14:27:56.110-0530: 53255.252: Total time for which application threads were stopped: 0.7258863 seconds
2016-06-27T14:27:57.147-0530: 53256.289: Total time for which application threads were stopped: 0.0334958 seconds
2016-06-27T14:50:29.845-0530: 54609.064: Total time for which application threads were stopped: 0.0017307 seconds
2016-06-27T14:50:29.955-0530: 54609.174: Total time for which application threads were stopped: 0.0003512 seconds
2016-06-27T14:50:30.036-0530: 54609.254: Total time for which application threads were stopped: 0.0276427 seconds
2016-06-27T14:50:31.036-0530: 54610.255: Total time for which application threads were stopped: 0.0001562 seconds
2016-06-27T14:50:32.579-0530: 54611.798: Total time for which application threads were stopped: 0.3192486 seconds
{Heap before GC invocations=37 (full 3):
 par new generation   total 109248K, used 109248K [0x00000007a0000000, 0x00000007a8000000, 0x00000007a8000000)
  eden space 87424K, 100% used [0x00000007a0000000, 0x00000007a5560000, 0x00000007a5560000)
  from space 21824K, 100% used [0x00000007a6ab0000, 0x00000007a8000000, 0x00000007a8000000)
  to   space 21824K,   0% used [0x00000007a5560000, 0x00000007a5560000, 0x00000007a6ab0000)
 concurrent mark-sweep generation total 393216K, used 35391K [0x00000007a8000000, 0x00000007c0000000, 0x00000007c0000000)
 Metaspace       used 31095K, capacity 31426K, committed 31996K, reserved 1077248K
  class space    used 3613K, capacity 3710K, committed 3836K, reserved 1048576K
2016-06-27T14:50:33.242-0530: 54612.461: [GC (Allocation Failure) 54612.627: [ParNew
Desired survivor size 20112992 bytes, new threshold 2 (max 8)
- age   1:   15385728 bytes,   15385728 total
- age   2:    5104576 bytes,   20490304 total
: 109248K->21824K(109248K), 1.8291551 secs] 144639K->66456K(502464K), 1.9954395 secs] [Times: user=0.91 sys=0.17, real=1.99 secs] 
Heap after GC invocations=38 (full 3):
 par new generation   total 109248K, used 21824K [0x00000007a0000000, 0x00000007a8000000, 0x00000007a8000000)
  eden space 87424K,   0% used [0x00000007a0000000, 0x00000007a0000000, 0x00000007a5560000)
  from space 21824K, 100% used [0x00000007a5560000, 0x00000007a6ab0000, 0x00000007a6ab0000)
  to   space 21824K,   0% used [0x00000007a6ab0000, 0x00000007a6ab0000, 0x00000007a8000000)
 concurrent mark-sweep generation total 393216K, used 44632K [0x00000007a8000000, 0x00000007c0000000, 0x00000007c0000000)
 Metaspace       used 31095K, capacity 31426K, committed 31996K, reserved 1077248K
  class space    used 3613K, capacity 3710K, committed 3836K, reserved 1048576K
}
2016-06-27T14:50:35.237-0530: 54614.456: Total time for which application threads were stopped: 1.9957336 seconds
2016-06-27T14:50:35.245-0530: 54614.464: Total time for which application threads were stopped: 0.0005836 seconds
2016-06-27T14:50:35.349-0530: 54614.568: Total time for which application threads were stopped: 0.0969497 seconds
2016-06-27T14:50:35.407-0530: 54614.626: Total time for which application threads were stopped: 0.0532355 seconds
2016-06-27T14:50:35.513-0530: 54614.732: Total time for which application threads were stopped: 0.1051533 seconds
2016-06-27T14:50:36.517-0530: 54615.736: Total time for which application threads were stopped: 0.0002338 seconds
2016-06-27T14:51:26.587-0530: 54665.809: Total time for which application threads were stopped: 0.0001483 seconds
2016-06-27T14:51:26.627-0530: 54665.848: Total time for which application threads were stopped: 0.0001271 seconds
2016-06-27T14:51:26.733-0530: 54665.955: Total time for which application threads were stopped: 0.0000932 seconds
2016-06-27T14:51:27.733-0530: 54666.955: Total time for which application threads were stopped: 0.0001019 seconds
2016-06-27T14:51:28.388-0530: 54667.610: Total time for which application threads were stopped: 0.0002397 seconds
2016-06-27T14:51:28.693-0530: 54667.915: Total time for which application threads were stopped: 0.0001351 seconds
{Heap before GC invocations=38 (full 3):
 par new generation   total 109248K, used 109248K [0x00000007a0000000, 0x00000007a8000000, 0x00000007a8000000)
  eden space 87424K, 100% used [0x00000007a0000000, 0x00000007a5560000, 0x00000007a5560000)
  from space 21824K, 100% used [0x00000007a5560000, 0x00000007a6ab0000, 0x00000007a6ab0000)
  to   space 21824K,   0% used [0x00000007a6ab0000, 0x00000007a6ab0000, 0x00000007a8000000)
 concurrent mark-sweep generation total 393216K, used 44632K [0x00000007a8000000, 0x00000007c0000000, 0x00000007c0000000)
 Metaspace       used 31101K, capacity 31426K, committed 31996K, reserved 1077248K
  class space    used 3613K, capacity 3710K, committed 3836K, reserved 1048576K
2016-06-27T14:51:28.717-0530: 54667.938: [GC (Allocation Failure) 54668.041: [ParNew
Desired survivor size 20112992 bytes, new threshold 8 (max 8)
- age   1:    4724832 bytes,    4724832 total
- age   2:    9090248 bytes,   13815080 total
: 109248K->21824K(109248K), 1.9899854 secs] 153880K->71820K(502464K), 2.0930119 secs] [Times: user=0.32 sys=0.06, real=2.09 secs] 
Heap after GC invocations=39 (full 3):
 par new generation   total 109248K, used 21824K [0x00000007a0000000, 0x00000007a8000000, 0x00000007a8000000)
  eden space 87424K,   0% used [0x00000007a0000000, 0x00000007a0000000, 0x00000007a5560000)
  from space 21824K, 100% used [0x00000007a6ab0000, 0x00000007a8000000, 0x00000007a8000000)
  to   space 21824K,   0% used [0x00000007a5560000, 0x00000007a5560000, 0x00000007a6ab0000)
 concurrent mark-sweep generation total 393216K, used 49996K [0x00000007a8000000, 0x00000007c0000000, 0x00000007c0000000)
 Metaspace       used 31101K, capacity 31426K, committed 31996K, reserved 1077248K
  class space    used 3613K, capacity 3710K, committed 3836K, reserved 1048576K
}
2016-06-27T14:51:30.810-0530: 54670.032: Total time for which application threads were stopped: 2.0935311 seconds
{Heap before GC invocations=39 (full 3):
 par new generation   total 109248K, used 109248K [0x00000007a0000000, 0x00000007a8000000, 0x00000007a8000000)
  eden space 87424K, 100% used [0x00000007a0000000, 0x00000007a5560000, 0x00000007a5560000)
  from space 21824K, 100% used [0x00000007a6ab0000, 0x00000007a8000000, 0x00000007a8000000)
  to   space 21824K,   0% used [0x00000007a5560000, 0x00000007a5560000, 0x00000007a6ab0000)
 concurrent mark-sweep generation total 393216K, used 49996K [0x00000007a8000000, 0x00000007c0000000, 0x00000007c0000000)
 Metaspace       used 31101K, capacity 31426K, committed 31996K, reserved 1077248K
  class space    used 3613K, capacity 3710K, committed 3836K, reserved 1048576K
2016-06-27T14:51:31.403-0530: 54670.625: [GC (Allocation Failure) 54670.625: [ParNew
Desired survivor size 20112992 bytes, new threshold 3 (max 8)
- age   1:    8522384 bytes,    8522384 total
- age   2:    4715232 bytes,   13237616 total
- age   3:    9090072 bytes,   22327688 total
: 109248K->21824K(109248K), 0.2233327 secs] 159244K->77775K(502464K), 0.2234104 secs] [Times: user=0.06 sys=0.04, real=0.22 secs] 
Heap after GC invocations=40 (full 3):
 par new generation   total 109248K, used 21824K [0x00000007a0000000, 0x00000007a8000000, 0x00000007a8000000)
  eden space 87424K,   0% used [0x00000007a0000000, 0x00000007a0000000, 0x00000007a5560000)
  from space 21824K, 100% used [0x00000007a5560000, 0x00000007a6ab0000, 0x00000007a6ab0000)
  to   space 21824K,   0% used [0x00000007a6ab0000, 0x00000007a6ab0000, 0x00000007a8000000)
 concurrent mark-sweep generation total 393216K, used 55951K [0x00000007a8000000, 0x00000007c0000000, 0x00000007c0000000)
 Metaspace       used 31101K, capacity 31426K, committed 31996K, reserved 1077248K
  class space    used 3613K, capacity 3710K, committed 3836K, reserved 1048576K
}
2016-06-27T14:51:31.627-0530: 54670.849: Total time for which application threads were stopped: 0.2597543 seconds
2016-06-27T14:51:32.629-0530: 54671.851: Total time for which application threads were stopped: 0.0001189 seconds
2016-06-27T14:52:22.762-0530: 54721.987: Total time for which application threads were stopped: 0.0003075 seconds
2016-06-27T15:37:28.741-0530: 57428.121: Total time for which application threads were stopped: 0.0012183 seconds
2016-06-27T15:37:28.764-0530: 57428.144: Total time for which application threads were stopped: 0.0006122 seconds
2016-06-27T15:37:28.852-0530: 57428.232: Total time for which application threads were stopped: 0.0001152 seconds
2016-06-27T15:37:30.058-0530: 57429.439: Total time for which application threads were stopped: 0.2024821 seconds
2016-06-27T15:37:30.059-0530: 57429.439: Total time for which application threads were stopped: 0.0002266 seconds
2016-06-27T15:37:30.502-0530: 57429.882: Total time for which application threads were stopped: 0.0003312 seconds
2016-06-27T15:37:30.772-0530: 57430.153: Total time for which application threads were stopped: 0.0001299 seconds
{Heap before GC invocations=40 (full 3):
 par new generation   total 109248K, used 109248K [0x00000007a0000000, 0x00000007a8000000, 0x00000007a8000000)
  eden space 87424K, 100% used [0x00000007a0000000, 0x00000007a5560000, 0x00000007a5560000)
  from space 21824K, 100% used [0x00000007a5560000, 0x00000007a6ab0000, 0x00000007a6ab0000)
  to   space 21824K,   0% used [0x00000007a6ab0000, 0x00000007a6ab0000, 0x00000007a8000000)
 concurrent mark-sweep generation total 393216K, used 55951K [0x00000007a8000000, 0x00000007c0000000, 0x00000007c0000000)
 Metaspace       used 31105K, capacity 31426K, committed 31996K, reserved 1077248K
  class space    used 3613K, capacity 3710K, committed 3836K, reserved 1048576K
2016-06-27T15:37:31.903-0530: 57431.283: [GC (Allocation Failure) 57431.316: [ParNew
Desired survivor size 20112992 bytes, new threshold 8 (max 8)
- age   1:   14478896 bytes,   14478896 total
- age   2:     382520 bytes,   14861416 total
- age   3:    1020240 bytes,   15881656 total
: 109248K->21824K(109248K), 1.3329655 secs] 165199K->90768K(502464K), 1.3655584 secs] [Times: user=0.69 sys=0.20, real=1.36 secs] 
Heap after GC invocations=41 (full 3):
 par new generation   total 109248K, used 21824K [0x00000007a0000000, 0x00000007a8000000, 0x00000007a8000000)
  eden space 87424K,   0% used [0x00000007a0000000, 0x00000007a0000000, 0x00000007a5560000)
  from space 21824K, 100% used [0x00000007a6ab0000, 0x00000007a8000000, 0x00000007a8000000)
  to   space 21824K,   0% used [0x00000007a5560000, 0x00000007a5560000, 0x00000007a6ab0000)
 concurrent mark-sweep generation total 393216K, used 68944K [0x00000007a8000000, 0x00000007c0000000, 0x00000007c0000000)
 Metaspace       used 31105K, capacity 31426K, committed 31996K, reserved 1077248K
  class space    used 3613K, capacity 3710K, committed 3836K, reserved 1048576K
}
2016-06-27T15:37:33.269-0530: 57432.649: Total time for which application threads were stopped: 1.3660235 seconds
2016-06-27T15:37:33.271-0530: 57432.651: Total time for which application threads were stopped: 0.0002830 seconds
2016-06-27T15:37:33.355-0530: 57432.735: Total time for which application threads were stopped: 0.0583125 seconds
2016-06-27T15:37:33.355-0530: 57432.736: Total time for which application threads were stopped: 0.0002266 seconds
2016-06-27T15:37:33.356-0530: 57432.736: Total time for which application threads were stopped: 0.0002079 seconds
2016-06-27T15:37:33.386-0530: 57432.766: Total time for which application threads were stopped: 0.0302693 seconds
2016-06-27T15:37:33.387-0530: 57432.767: Total time for which application threads were stopped: 0.0003746 seconds
2016-06-27T15:37:33.387-0530: 57432.768: Total time for which application threads were stopped: 0.0003470 seconds
{Heap before GC invocations=41 (full 3):
 par new generation   total 109248K, used 109248K [0x00000007a0000000, 0x00000007a8000000, 0x00000007a8000000)
  eden space 87424K, 100% used [0x00000007a0000000, 0x00000007a5560000, 0x00000007a5560000)
  from space 21824K, 100% used [0x00000007a6ab0000, 0x00000007a8000000, 0x00000007a8000000)
  to   space 21824K,   0% used [0x00000007a5560000, 0x00000007a5560000, 0x00000007a6ab0000)
 concurrent mark-sweep generation total 393216K, used 68944K [0x00000007a8000000, 0x00000007c0000000, 0x00000007c0000000)
 Metaspace       used 31106K, capacity 31426K, committed 31996K, reserved 1077248K
  class space    used 3613K, capacity 3710K, committed 3836K, reserved 1048576K
2016-06-27T15:37:33.654-0530: 57433.035: [GC (Allocation Failure) 57433.035: [ParNew
Desired survivor size 20112992 bytes, new threshold 2 (max 8)
- age   1:    8781248 bytes,    8781248 total
- age   2:   12047432 bytes,   20828680 total
- age   3:     382520 bytes,   21211200 total
- age   4:    1020240 bytes,   22231440 total
: 109248K->21824K(109248K), 0.3694788 secs] 178192K->103195K(502464K), 0.3695773 secs] [Times: user=0.30 sys=0.09, real=0.37 secs] 
Heap after GC invocations=42 (full 3):
 par new generation   total 109248K, used 21824K [0x00000007a0000000, 0x00000007a8000000, 0x00000007a8000000)
  eden space 87424K,   0% used [0x00000007a0000000, 0x00000007a0000000, 0x00000007a5560000)
  from space 21824K, 100% used [0x00000007a5560000, 0x00000007a6ab0000, 0x00000007a6ab0000)
  to   space 21824K,   0% used [0x00000007a6ab0000, 0x00000007a6ab0000, 0x00000007a8000000)
 concurrent mark-sweep generation total 393216K, used 81371K [0x00000007a8000000, 0x00000007c0000000, 0x00000007c0000000)
 Metaspace       used 31106K, capacity 31426K, committed 31996K, reserved 1077248K
  class space    used 3613K, capacity 3710K, committed 3836K, reserved 1048576K
}
2016-06-27T15:37:34.024-0530: 57433.404: Total time for which application threads were stopped: 0.4089595 seconds
{Heap before GC invocations=42 (full 3):
 par new generation   total 109248K, used 109248K [0x00000007a0000000, 0x00000007a8000000, 0x00000007a8000000)
  eden space 87424K, 100% used [0x00000007a0000000, 0x00000007a5560000, 0x00000007a5560000)
  from space 21824K, 100% used [0x00000007a5560000, 0x00000007a6ab0000, 0x00000007a6ab0000)
  to   space 21824K,   0% used [0x00000007a6ab0000, 0x00000007a6ab0000, 0x00000007a8000000)
 concurrent mark-sweep generation total 393216K, used 81371K [0x00000007a8000000, 0x00000007c0000000, 0x00000007c0000000)
 Metaspace       used 31106K, capacity 31426K, committed 31996K, reserved 1077248K
  class space    used 3613K, capacity 3710K, committed 3836K, reserved 1048576K
2016-06-27T15:37:34.377-0530: 57433.757: [GC (Allocation Failure) 57433.757: [ParNew
Desired survivor size 20112992 bytes, new threshold 8 (max 8)
- age   1:   10770776 bytes,   10770776 total
- age   2:    7166248 bytes,   17937024 total
: 109248K->21824K(109248K), 0.5029528 secs] 190619K->120995K(502464K), 0.5030264 secs] [Times: user=0.20 sys=0.09, real=0.51 secs] 
Heap after GC invocations=43 (full 3):
 par new generation   total 109248K, used 21824K [0x00000007a0000000, 0x00000007a8000000, 0x00000007a8000000)
  eden space 87424K,   0% used [0x00000007a0000000, 0x00000007a0000000, 0x00000007a5560000)
  from space 21824K, 100% used [0x00000007a6ab0000, 0x00000007a8000000, 0x00000007a8000000)
  to   space 21824K,   0% used [0x00000007a5560000, 0x00000007a5560000, 0x00000007a6ab0000)
 concurrent mark-sweep generation total 393216K, used 99171K [0x00000007a8000000, 0x00000007c0000000, 0x00000007c0000000)
 Metaspace       used 31106K, capacity 31426K, committed 31996K, reserved 1077248K
  class space    used 3613K, capacity 3710K, committed 3836K, reserved 1048576K
}
2016-06-27T15:37:34.880-0530: 57434.260: Total time for which application threads were stopped: 0.5037290 seconds
2016-06-27T15:37:36.889-0530: 57436.269: Total time for which application threads were stopped: 0.0002171 seconds
2016-06-27T15:38:29.795-0530: 57489.179: Total time for which application threads were stopped: 0.0038151 seconds
2016-06-27T15:38:29.855-0530: 57489.238: Total time for which application threads were stopped: 0.0047402 seconds
2016-06-27T15:38:29.930-0530: 57489.314: Total time for which application threads were stopped: 0.0004245 seconds
2016-06-27T15:38:30.401-0530: 57489.784: Total time for which application threads were stopped: 0.0002910 seconds
2016-06-27T15:38:30.624-0530: 57490.008: Total time for which application threads were stopped: 0.0001982 seconds
2016-06-27T15:38:30.992-0530: 57490.376: Total time for which application threads were stopped: 0.1151136 seconds
2016-06-27T15:38:31.851-0530: 57491.234: Total time for which application threads were stopped: 0.0001977 seconds
{Heap before GC invocations=43 (full 3):
 par new generation   total 109248K, used 109248K [0x00000007a0000000, 0x00000007a8000000, 0x00000007a8000000)
  eden space 87424K, 100% used [0x00000007a0000000, 0x00000007a5560000, 0x00000007a5560000)
  from space 21824K, 100% used [0x00000007a6ab0000, 0x00000007a8000000, 0x00000007a8000000)
  to   space 21824K,   0% used [0x00000007a5560000, 0x00000007a5560000, 0x00000007a6ab0000)
 concurrent mark-sweep generation total 393216K, used 99171K [0x00000007a8000000, 0x00000007c0000000, 0x00000007c0000000)
 Metaspace       used 31112K, capacity 31426K, committed 31996K, reserved 1077248K
  class space    used 3613K, capacity 3710K, committed 3836K, reserved 1048576K
2016-06-27T15:38:32.681-0530: 57492.065: [GC (Allocation Failure) 57492.386: [ParNew
Desired survivor size 20112992 bytes, new threshold 3 (max 8)
- age   1:    9660096 bytes,    9660096 total
- age   2:    6351048 bytes,   16011144 total
- age   3:    6320680 bytes,   22331824 total
: 109248K->21824K(109248K), 4.1727074 secs] 208419K->125140K(502464K), 4.4941173 secs] [Times: user=0.17 sys=0.51, real=4.49 secs] 
Heap after GC invocations=44 (full 3):
 par new generation   total 109248K, used 21824K [0x00000007a0000000, 0x00000007a8000000, 0x00000007a8000000)
  eden space 87424K,   0% used [0x00000007a0000000, 0x00000007a0000000, 0x00000007a5560000)
  from space 21824K, 100% used [0x00000007a5560000, 0x00000007a6ab0000, 0x00000007a6ab0000)
  to   space 21824K,   0% used [0x00000007a6ab0000, 0x00000007a6ab0000, 0x00000007a8000000)
 concurrent mark-sweep generation total 393216K, used 103316K [0x00000007a8000000, 0x00000007c0000000, 0x00000007c0000000)
 Metaspace       used 31112K, capacity 31426K, committed 31996K, reserved 1077248K
  class space    used 3613K, capacity 3710K, committed 3836K, reserved 1048576K
}
2016-06-27T15:38:37.175-0530: 57496.559: Total time for which application threads were stopped: 4.7367063 seconds
2016-06-27T15:38:37.179-0530: 57496.563: Total time for which application threads were stopped: 0.0008260 seconds
2016-06-27T15:38:37.340-0530: 57496.724: Total time for which application threads were stopped: 0.1517657 seconds
2016-06-27T15:38:37.393-0530: 57496.777: Total time for which application threads were stopped: 0.0077534 seconds
2016-06-27T15:38:37.510-0530: 57496.894: Total time for which application threads were stopped: 0.1166204 seconds
2016-06-27T15:38:37.521-0530: 57496.905: Total time for which application threads were stopped: 0.0006186 seconds
2016-06-27T15:38:37.795-0530: 57497.179: Total time for which application threads were stopped: 0.0013147 seconds
2016-06-27T15:38:38.800-0530: 57498.184: Total time for which application threads were stopped: 0.0004091 seconds
2016-06-27T15:40:19.037-0530: 57598.427: Total time for which application threads were stopped: 0.0009541 seconds
2016-06-27T15:53:06.827-0530: 58366.261: Total time for which application threads were stopped: 0.0017397 seconds
2016-06-27T15:53:06.892-0530: 58366.326: Total time for which application threads were stopped: 0.0008040 seconds
2016-06-27T15:53:06.984-0530: 58366.418: Total time for which application threads were stopped: 0.0000932 seconds
2016-06-27T15:53:07.989-0530: 58367.424: Total time for which application threads were stopped: 0.0003760 seconds
2016-06-27T15:53:08.349-0530: 58367.783: Total time for which application threads were stopped: 0.0002250 seconds
2016-06-27T15:53:08.349-0530: 58367.783: Total time for which application threads were stopped: 0.0000841 seconds
2016-06-27T15:53:08.474-0530: 58367.908: Total time for which application threads were stopped: 0.0001755 seconds
2016-06-27T15:53:08.678-0530: 58368.112: Total time for which application threads were stopped: 0.0643875 seconds
2016-06-27T15:53:08.680-0530: 58368.114: Total time for which application threads were stopped: 0.0002330 seconds
2016-06-27T15:53:08.942-0530: 58368.376: Total time for which application threads were stopped: 0.2116188 seconds
2016-06-27T15:53:09.348-0530: 58368.783: Total time for which application threads were stopped: 0.0001591 seconds
2016-06-27T15:53:09.526-0530: 58368.961: Total time for which application threads were stopped: 0.0382998 seconds
{Heap before GC invocations=44 (full 3):
 par new generation   total 109248K, used 109242K [0x00000007a0000000, 0x00000007a8000000, 0x00000007a8000000)
  eden space 87424K,  99% used [0x00000007a0000000, 0x00000007a555e828, 0x00000007a5560000)
  from space 21824K, 100% used [0x00000007a5560000, 0x00000007a6ab0000, 0x00000007a6ab0000)
  to   space 21824K,   0% used [0x00000007a6ab0000, 0x00000007a6ab0000, 0x00000007a8000000)
 concurrent mark-sweep generation total 393216K, used 103316K [0x00000007a8000000, 0x00000007c0000000, 0x00000007c0000000)
 Metaspace       used 31296K, capacity 31618K, committed 32252K, reserved 1077248K
  class space    used 3613K, capacity 3710K, committed 3836K, reserved 1048576K
2016-06-27T15:53:10.508-0530: 58369.943: [GC (Allocation Failure) 58370.205: [ParNew
Desired survivor size 20112992 bytes, new threshold 8 (max 8)
- age   1:    5466608 bytes,    5466608 total
- age   2:    4111128 bytes,    9577736 total
- age   3:    6351048 bytes,   15928784 total
: 109242K->21824K(109248K), 2.5370160 secs] 212558K->131581K(502464K), 2.7994327 secs] [Times: user=0.14 sys=0.18, real=2.80 secs] 
Heap after GC invocations=45 (full 3):
 par new generation   total 109248K, used 21824K [0x00000007a0000000, 0x00000007a8000000, 0x00000007a8000000)
  eden space 87424K,   0% used [0x00000007a0000000, 0x00000007a0000000, 0x00000007a5560000)
  from space 21824K, 100% used [0x00000007a6ab0000, 0x00000007a8000000, 0x00000007a8000000)
  to   space 21824K,   0% used [0x00000007a5560000, 0x00000007a5560000, 0x00000007a6ab0000)
 concurrent mark-sweep generation total 393216K, used 109757K [0x00000007a8000000, 0x00000007c0000000, 0x00000007c0000000)
 Metaspace       used 31296K, capacity 31618K, committed 32252K, reserved 1077248K
  class space    used 3613K, capacity 3710K, committed 3836K, reserved 1048576K
}
2016-06-27T15:53:13.309-0530: 58372.744: Total time for which application threads were stopped: 3.0521003 seconds
{Heap before GC invocations=45 (full 3):
 par new generation   total 109248K, used 109139K [0x00000007a0000000, 0x00000007a8000000, 0x00000007a8000000)
  eden space 87424K,  99% used [0x00000007a0000000, 0x00000007a5544fd0, 0x00000007a5560000)
  from space 21824K, 100% used [0x00000007a6ab0000, 0x00000007a8000000, 0x00000007a8000000)
  to   space 21824K,   0% used [0x00000007a5560000, 0x00000007a5560000, 0x00000007a6ab0000)
 concurrent mark-sweep generation total 393216K, used 109757K [0x00000007a8000000, 0x00000007c0000000, 0x00000007c0000000)
 Metaspace       used 31296K, capacity 31618K, committed 32252K, reserved 1077248K
  class space    used 3613K, capacity 3710K, committed 3836K, reserved 1048576K
2016-06-27T15:53:14.040-0530: 58373.475: [GC (Allocation Failure) 58373.475: [ParNew
Desired survivor size 20112992 bytes, new threshold 4 (max 8)
- age   1:    6968856 bytes,    6968856 total
- age   2:    5371080 bytes,   12339936 total
- age   3:    4111088 bytes,   16451024 total
- age   4:    5873312 bytes,   22324336 total
: 109139K->21824K(109248K), 0.3673530 secs] 218897K->139801K(502464K), 0.3674225 secs] [Times: user=0.60 sys=0.06, real=0.36 secs] 
Heap after GC invocations=46 (full 3):
 par new generation   total 109248K, used 21824K [0x00000007a0000000, 0x00000007a8000000, 0x00000007a8000000)
  eden space 87424K,   0% used [0x00000007a0000000, 0x00000007a0000000, 0x00000007a5560000)
  from space 21824K, 100% used [0x00000007a5560000, 0x00000007a6ab0000, 0x00000007a6ab0000)
  to   space 21824K,   0% used [0x00000007a6ab0000, 0x00000007a6ab0000, 0x00000007a8000000)
 concurrent mark-sweep generation total 393216K, used 117977K [0x00000007a8000000, 0x00000007c0000000, 0x00000007c0000000)
 Metaspace       used 31296K, capacity 31618K, committed 32252K, reserved 1077248K
  class space    used 3613K, capacity 3710K, committed 3836K, reserved 1048576K
}
2016-06-27T15:53:14.408-0530: 58373.843: Total time for which application threads were stopped: 0.3676655 seconds
2016-06-27T15:54:54.248-0530: 58473.689: Total time for which application threads were stopped: 0.0009696 seconds
2016-06-27T15:54:54.514-0530: 58473.955: Total time for which application threads were stopped: 0.1141994 seconds
2016-06-27T15:54:54.537-0530: 58473.978: Total time for which application threads were stopped: 0.0001584 seconds
2016-06-27T15:54:55.538-0530: 58474.978: Total time for which application threads were stopped: 0.0001228 seconds
2016-06-27T15:54:58.986-0530: 58478.427: Total time for which application threads were stopped: 0.0001488 seconds
{Heap before GC invocations=46 (full 3):
 par new generation   total 109248K, used 109248K [0x00000007a0000000, 0x00000007a8000000, 0x00000007a8000000)
  eden space 87424K, 100% used [0x00000007a0000000, 0x00000007a5560000, 0x00000007a5560000)
  from space 21824K, 100% used [0x00000007a5560000, 0x00000007a6ab0000, 0x00000007a6ab0000)
  to   space 21824K,   0% used [0x00000007a6ab0000, 0x00000007a6ab0000, 0x00000007a8000000)
 concurrent mark-sweep generation total 393216K, used 117977K [0x00000007a8000000, 0x00000007c0000000, 0x00000007c0000000)
 Metaspace       used 31297K, capacity 31618K, committed 32252K, reserved 1077248K
  class space    used 3613K, capacity 3710K, committed 3836K, reserved 1048576K
2016-06-27T15:54:59.487-0530: 58478.928: [GC (Allocation Failure) 58478.945: [ParNew
Desired survivor size 20112992 bytes, new threshold 8 (max 8)
- age   1:    9863264 bytes,    9863264 total
- age   2:    3198552 bytes,   13061816 total
- age   3:    2460288 bytes,   15522104 total
- age   4:    4038944 bytes,   19561048 total
: 109248K->21824K(109248K), 1.4726662 secs] 227225K->155690K(502464K), 1.4894488 secs] [Times: user=0.33 sys=0.24, real=1.49 secs] 
Heap after GC invocations=47 (full 3):
 par new generation   total 109248K, used 21824K [0x00000007a0000000, 0x00000007a8000000, 0x00000007a8000000)
  eden space 87424K,   0% used [0x00000007a0000000, 0x00000007a0000000, 0x00000007a5560000)
  from space 21824K, 100% used [0x00000007a6ab0000, 0x00000007a8000000, 0x00000007a8000000)
  to   space 21824K,   0% used [0x00000007a5560000, 0x00000007a5560000, 0x00000007a6ab0000)
 concurrent mark-sweep generation total 393216K, used 133866K [0x00000007a8000000, 0x00000007c0000000, 0x00000007c0000000)
 Metaspace       used 31297K, capacity 31618K, committed 32252K, reserved 1077248K
  class space    used 3613K, capacity 3710K, committed 3836K, reserved 1048576K
}
2016-06-27T15:55:00.977-0530: 58480.417: Total time for which application threads were stopped: 1.4898394 seconds
2016-06-27T15:55:53.723-0530: 58533.167: Total time for which application threads were stopped: 0.0012327 seconds
2016-06-27T15:55:53.799-0530: 58533.243: Total time for which application threads were stopped: 0.0002014 seconds
2016-06-27T15:55:55.806-0530: 58535.250: Total time for which application threads were stopped: 0.0002210 seconds
2016-06-27T15:55:56.355-0530: 58535.799: Total time for which application threads were stopped: 0.0002003 seconds
{Heap before GC invocations=47 (full 3):
 par new generation   total 109248K, used 109248K [0x00000007a0000000, 0x00000007a8000000, 0x00000007a8000000)
  eden space 87424K, 100% used [0x00000007a0000000, 0x00000007a5560000, 0x00000007a5560000)
  from space 21824K, 100% used [0x00000007a6ab0000, 0x00000007a8000000, 0x00000007a8000000)
  to   space 21824K,   0% used [0x00000007a5560000, 0x00000007a5560000, 0x00000007a6ab0000)
 concurrent mark-sweep generation total 393216K, used 133866K [0x00000007a8000000, 0x00000007c0000000, 0x00000007c0000000)
 Metaspace       used 31298K, capacity 31618K, committed 32252K, reserved 1077248K
  class space    used 3613K, capacity 3710K, committed 3836K, reserved 1048576K
2016-06-27T15:55:56.589-0530: 58536.033: [GC (Allocation Failure) 58536.048: [ParNew
Desired survivor size 20112992 bytes, new threshold 5 (max 8)
- age   1:    8044480 bytes,    8044480 total
- age   2:    6727152 bytes,   14771632 total
- age   3:    2590104 bytes,   17361736 total
- age   4:    1491576 bytes,   18853312 total
- age   5:    3476128 bytes,   22329440 total
: 109248K->21824K(109248K), 0.7130863 secs] 243114K->170046K(502464K), 0.7280128 secs] [Times: user=0.18 sys=0.08, real=0.73 secs] 
Heap after GC invocations=48 (full 3):
 par new generation   total 109248K, used 21824K [0x00000007a0000000, 0x00000007a8000000, 0x00000007a8000000)
  eden space 87424K,   0% used [0x00000007a0000000, 0x00000007a0000000, 0x00000007a5560000)
  from space 21824K, 100% used [0x00000007a5560000, 0x00000007a6ab0000, 0x00000007a6ab0000)
  to   space 21824K,   0% used [0x00000007a6ab0000, 0x00000007a6ab0000, 0x00000007a8000000)
 concurrent mark-sweep generation total 393216K, used 148222K [0x00000007a8000000, 0x00000007c0000000, 0x00000007c0000000)
 Metaspace       used 31298K, capacity 31618K, committed 32252K, reserved 1077248K
  class space    used 3613K, capacity 3710K, committed 3836K, reserved 1048576K
}
2016-06-27T15:55:57.317-0530: 58536.761: Total time for which application threads were stopped: 0.7283965 seconds
2016-06-27T15:56:12.391-0530: 58551.836: Total time for which application threads were stopped: 0.0424553 seconds
2016-06-27T15:56:12.792-0530: 58552.237: Total time for which application threads were stopped: 0.0770893 seconds
2016-06-27T15:56:12.903-0530: 58552.348: Total time for which application threads were stopped: 0.0575356 seconds
2016-06-27T15:56:14.881-0530: 58554.326: Total time for which application threads were stopped: 0.0060573 seconds
{Heap before GC invocations=48 (full 3):
 par new generation   total 109248K, used 108687K [0x00000007a0000000, 0x00000007a8000000, 0x00000007a8000000)
  eden space 87424K,  99% used [0x00000007a0000000, 0x00000007a54d3ef0, 0x00000007a5560000)
  from space 21824K, 100% used [0x00000007a5560000, 0x00000007a6ab0000, 0x00000007a6ab0000)
  to   space 21824K,   0% used [0x00000007a6ab0000, 0x00000007a6ab0000, 0x00000007a8000000)
 concurrent mark-sweep generation total 393216K, used 148222K [0x00000007a8000000, 0x00000007c0000000, 0x00000007c0000000)
 Metaspace       used 31301K, capacity 31618K, committed 32252K, reserved 1077248K
  class space    used 3613K, capacity 3710K, committed 3836K, reserved 1048576K
2016-06-27T15:56:14.980-0530: 58554.425: [GC (Allocation Failure) 58554.483: [ParNew
Desired survivor size 20112992 bytes, new threshold 4 (max 8)
- age   1:    6769232 bytes,    6769232 total
- age   2:    6662664 bytes,   13431896 total
- age   3:    5714416 bytes,   19146312 total
- age   4:    2244128 bytes,   21390440 total
- age   5:     903024 bytes,   22293464 total
: 108687K->21824K(109248K), 2.0116861 secs] 256910K->187508K(502464K), 2.0694316 secs] [Times: user=0.11 sys=0.17, real=2.06 secs] 
Heap after GC invocations=49 (full 3):
 par new generation   total 109248K, used 21824K [0x00000007a0000000, 0x00000007a8000000, 0x00000007a8000000)
  eden space 87424K,   0% used [0x00000007a0000000, 0x00000007a0000000, 0x00000007a5560000)
  from space 21824K, 100% used [0x00000007a6ab0000, 0x00000007a8000000, 0x00000007a8000000)
  to   space 21824K,   0% used [0x00000007a5560000, 0x00000007a5560000, 0x00000007a6ab0000)
 concurrent mark-sweep generation total 393216K, used 165684K [0x00000007a8000000, 0x00000007c0000000, 0x00000007c0000000)
 Metaspace       used 31301K, capacity 31618K, committed 32252K, reserved 1077248K
  class space    used 3613K, capacity 3710K, committed 3836K, reserved 1048576K
}
2016-06-27T15:56:17.049-0530: 58556.494: Total time for which application threads were stopped: 2.1141833 seconds
2016-06-27T15:56:19.057-0530: 58558.502: Total time for which application threads were stopped: 0.0001379 seconds
2016-06-27T15:57:16.634-0530: 58616.083: Total time for which application threads were stopped: 0.0002508 seconds
2016-06-27T15:57:16.729-0530: 58616.178: Total time for which application threads were stopped: 0.0001980 seconds
2016-06-27T15:57:16.867-0530: 58616.315: Total time for which application threads were stopped: 0.0003240 seconds
2016-06-27T15:57:18.243-0530: 58617.692: Total time for which application threads were stopped: 0.0535544 seconds
2016-06-27T15:57:18.501-0530: 58617.950: Total time for which application threads were stopped: 0.0001187 seconds
{Heap before GC invocations=49 (full 3):
 par new generation   total 109248K, used 109245K [0x00000007a0000000, 0x00000007a8000000, 0x00000007a8000000)
  eden space 87424K,  99% used [0x00000007a0000000, 0x00000007a555f4d0, 0x00000007a5560000)
  from space 21824K, 100% used [0x00000007a6ab0000, 0x00000007a8000000, 0x00000007a8000000)
  to   space 21824K,   0% used [0x00000007a5560000, 0x00000007a5560000, 0x00000007a6ab0000)
 concurrent mark-sweep generation total 393216K, used 165684K [0x00000007a8000000, 0x00000007c0000000, 0x00000007c0000000)
 Metaspace       used 31301K, capacity 31618K, committed 32252K, reserved 1077248K
  class space    used 3613K, capacity 3710K, committed 3836K, reserved 1048576K
2016-06-27T15:57:18.543-0530: 58617.992: [GC (Allocation Failure) 58617.997: [ParNew
Desired survivor size 20112992 bytes, new threshold 8 (max 8)
- age   1:    5096960 bytes,    5096960 total
- age   2:    4240256 bytes,    9337216 total
- age   3:    3435688 bytes,   12772904 total
- age   4:    5232560 bytes,   18005464 total
: 109245K->21824K(109248K), 0.3831116 secs] 274930K->194172K(502464K), 0.3885831 secs] [Times: user=0.22 sys=0.11, real=0.39 secs] 
Heap after GC invocations=50 (full 3):
 par new generation   total 109248K, used 21824K [0x00000007a0000000, 0x00000007a8000000, 0x00000007a8000000)
  eden space 87424K,   0% used [0x00000007a0000000, 0x00000007a0000000, 0x00000007a5560000)
  from space 21824K, 100% used [0x00000007a5560000, 0x00000007a6ab0000, 0x00000007a6ab0000)
  to   space 21824K,   0% used [0x00000007a6ab0000, 0x00000007a6ab0000, 0x00000007a8000000)
 concurrent mark-sweep generation total 393216K, used 172348K [0x00000007a8000000, 0x00000007c0000000, 0x00000007c0000000)
 Metaspace       used 31301K, capacity 31618K, committed 32252K, reserved 1077248K
  class space    used 3613K, capacity 3710K, committed 3836K, reserved 1048576K
}
2016-06-27T15:57:18.932-0530: 58618.380: Total time for which application threads were stopped: 0.3888864 seconds
{Heap before GC invocations=50 (full 3):
 par new generation   total 109248K, used 109248K [0x00000007a0000000, 0x00000007a8000000, 0x00000007a8000000)
  eden space 87424K, 100% used [0x00000007a0000000, 0x00000007a5560000, 0x00000007a5560000)
  from space 21824K, 100% used [0x00000007a5560000, 0x00000007a6ab0000, 0x00000007a6ab0000)
  to   space 21824K,   0% used [0x00000007a6ab0000, 0x00000007a6ab0000, 0x00000007a8000000)
 concurrent mark-sweep generation total 393216K, used 172348K [0x00000007a8000000, 0x00000007c0000000, 0x00000007c0000000)
 Metaspace       used 31301K, capacity 31618K, committed 32252K, reserved 1077248K
  class space    used 3613K, capacity 3710K, committed 3836K, reserved 1048576K
2016-06-27T15:57:19.773-0530: 58619.221: [GC (Allocation Failure) 58619.222: [ParNew
Desired survivor size 20112992 bytes, new threshold 5 (max 8)
- age   1:    4707968 bytes,    4707968 total
- age   2:    4719776 bytes,    9427744 total
- age   3:    4240256 bytes,   13668000 total
- age   4:    3435688 bytes,   17103688 total
- age   5:    5232536 bytes,   22336224 total
: 109248K->21824K(109248K), 0.7756890 secs] 281596K->203665K(502464K), 0.7757594 secs] [Times: user=0.33 sys=0.07, real=0.77 secs] 
Heap after GC invocations=51 (full 3):
 par new generation   total 109248K, used 21824K [0x00000007a0000000, 0x00000007a8000000, 0x00000007a8000000)
  eden space 87424K,   0% used [0x00000007a0000000, 0x00000007a0000000, 0x00000007a5560000)
  from space 21824K, 100% used [0x00000007a6ab0000, 0x00000007a8000000, 0x00000007a8000000)
  to   space 21824K,   0% used [0x00000007a5560000, 0x00000007a5560000, 0x00000007a6ab0000)
 concurrent mark-sweep generation total 393216K, used 181841K [0x00000007a8000000, 0x00000007c0000000, 0x00000007c0000000)
 Metaspace       used 31301K, capacity 31618K, committed 32252K, reserved 1077248K
  class space    used 3613K, capacity 3710K, committed 3836K, reserved 1048576K
}
2016-06-27T15:57:20.549-0530: 58619.997: Total time for which application threads were stopped: 0.7760075 seconds
2016-06-27T15:57:22.553-0530: 58622.002: Total time for which application threads were stopped: 0.0001141 seconds
2016-06-27T16:10:35.585-0530: 59414.658: Total time for which application threads were stopped: 0.0152705 seconds
2016-06-27T16:10:36.586-0530: 59415.659: Total time for which application threads were stopped: 0.0004298 seconds
2016-06-27T16:52:31.574-0530: 61930.764: Total time for which application threads were stopped: 0.0011673 seconds
2016-06-27T16:52:31.595-0530: 61930.784: Total time for which application threads were stopped: 0.0003825 seconds
2016-06-27T16:52:31.712-0530: 61930.901: Total time for which application threads were stopped: 0.0001440 seconds
2016-06-27T16:52:32.070-0530: 61931.259: Total time for which application threads were stopped: 0.1771200 seconds
2016-06-27T16:52:34.017-0530: 61933.206: Total time for which application threads were stopped: 0.0001217 seconds
{Heap before GC invocations=51 (full 3):
 par new generation   total 109248K, used 109248K [0x00000007a0000000, 0x00000007a8000000, 0x00000007a8000000)
  eden space 87424K, 100% used [0x00000007a0000000, 0x00000007a5560000, 0x00000007a5560000)
  from space 21824K, 100% used [0x00000007a6ab0000, 0x00000007a8000000, 0x00000007a8000000)
  to   space 21824K,   0% used [0x00000007a5560000, 0x00000007a5560000, 0x00000007a6ab0000)
 concurrent mark-sweep generation total 393216K, used 181841K [0x00000007a8000000, 0x00000007c0000000, 0x00000007c0000000)
 Metaspace       used 31304K, capacity 31618K, committed 32252K, reserved 1077248K
  class space    used 3613K, capacity 3710K, committed 3836K, reserved 1048576K
2016-06-27T16:52:34.609-0530: 61933.799: [GC (Allocation Failure) 61933.827: [ParNew
Desired survivor size 20112992 bytes, new threshold 5 (max 8)
- age   1:    8932296 bytes,    8932296 total
- age   2:    4702344 bytes,   13634640 total
- age   3:    2972672 bytes,   16607312 total
- age   4:    2693472 bytes,   19300784 total
- age   5:    3029280 bytes,   22330064 total
: 109248K->21824K(109248K), 0.5129074 secs] 291089K->221864K(502464K), 0.5412100 secs] [Times: user=0.11 sys=0.21, real=0.55 secs] 
Heap after GC invocations=52 (full 3):
 par new generation   total 109248K, used 21824K [0x00000007a0000000, 0x00000007a8000000, 0x00000007a8000000)
  eden space 87424K,   0% used [0x00000007a0000000, 0x00000007a0000000, 0x00000007a5560000)
  from space 21824K, 100% used [0x00000007a5560000, 0x00000007a6ab0000, 0x00000007a6ab0000)
  to   space 21824K,   0% used [0x00000007a6ab0000, 0x00000007a6ab0000, 0x00000007a8000000)
 concurrent mark-sweep generation total 393216K, used 200040K [0x00000007a8000000, 0x00000007c0000000, 0x00000007c0000000)
 Metaspace       used 31304K, capacity 31618K, committed 32252K, reserved 1077248K
  class space    used 3613K, capacity 3710K, committed 3836K, reserved 1048576K
}
2016-06-27T16:52:35.151-0530: 61934.340: Total time for which application threads were stopped: 0.5415548 seconds
2016-06-27T16:52:35.182-0530: 61934.372: [GC (CMS Initial Mark) [1 CMS-initial-mark: 200040K(393216K)] 225934K(502464K), 0.1209736 secs] [Times: user=0.02 sys=0.00, real=0.12 secs] 
2016-06-27T16:52:35.303-0530: 61934.493: Total time for which application threads were stopped: 0.1212166 seconds
2016-06-27T16:52:35.304-0530: 61934.493: [CMS-concurrent-mark-start]
2016-06-27T16:52:35.526-0530: 61934.715: [CMS-concurrent-mark: 0.222/0.222 secs] [Times: user=0.31 sys=0.09, real=0.22 secs] 
2016-06-27T16:52:35.526-0530: 61934.715: [CMS-concurrent-preclean-start]
2016-06-27T16:52:35.542-0530: 61934.732: [CMS-concurrent-preclean: 0.017/0.017 secs] [Times: user=0.02 sys=0.00, real=0.02 secs] 
2016-06-27T16:52:35.543-0530: 61934.732: [CMS-concurrent-abortable-preclean-start]
 CMS: abort preclean due to time 2016-06-27T16:52:41.575-0530: 61940.765: [CMS-concurrent-abortable-preclean: 2.137/6.033 secs] [Times: user=2.80 sys=0.04, real=6.03 secs] 
2016-06-27T16:52:41.575-0530: 61940.765: [GC (CMS Final Remark) [YG occupancy: 48476 K (109248 K)]{Heap before GC invocations=52 (full 4):
 par new generation   total 109248K, used 48476K [0x00000007a0000000, 0x00000007a8000000, 0x00000007a8000000)
  eden space 87424K,  30% used [0x00000007a0000000, 0x00000007a1a07140, 0x00000007a5560000)
  from space 21824K, 100% used [0x00000007a5560000, 0x00000007a6ab0000, 0x00000007a6ab0000)
  to   space 21824K,   0% used [0x00000007a6ab0000, 0x00000007a6ab0000, 0x00000007a8000000)
 concurrent mark-sweep generation total 393216K, used 200040K [0x00000007a8000000, 0x00000007c0000000, 0x00000007c0000000)
 Metaspace       used 31305K, capacity 31618K, committed 32252K, reserved 1077248K
  class space    used 3613K, capacity 3710K, committed 3836K, reserved 1048576K
2016-06-27T16:52:41.576-0530: 61940.765: [GC (CMS Final Remark) 61940.765: [ParNew
Desired survivor size 20112992 bytes, new threshold 8 (max 8)
- age   1:     232992 bytes,     232992 total
- age   2:    4397768 bytes,    4630760 total
- age   3:    4475704 bytes,    9106464 total
- age   4:    2097880 bytes,   11204344 total
- age   5:    2083816 bytes,   13288160 total
: 48476K->21824K(109248K), 0.0580162 secs] 248516K->226512K(502464K), 0.0580640 secs] [Times: user=0.09 sys=0.01, real=0.06 secs] 
Heap after GC invocations=53 (full 4):
 par new generation   total 109248K, used 21824K [0x00000007a0000000, 0x00000007a8000000, 0x00000007a8000000)
  eden space 87424K,   0% used [0x00000007a0000000, 0x00000007a0000000, 0x00000007a5560000)
  from space 21824K, 100% used [0x00000007a6ab0000, 0x00000007a8000000, 0x00000007a8000000)
  to   space 21824K,   0% used [0x00000007a5560000, 0x00000007a5560000, 0x00000007a6ab0000)
 concurrent mark-sweep generation total 393216K, used 204688K [0x00000007a8000000, 0x00000007c0000000, 0x00000007c0000000)
 Metaspace       used 31305K, capacity 31618K, committed 32252K, reserved 1077248K
  class space    used 3613K, capacity 3710K, committed 3836K, reserved 1048576K
}
61940.823: [Rescan (parallel) , 0.0045806 secs]61940.828: [weak refs processing, 0.0016973 secs]61940.829: [class unloading, 0.3778867 secs]61941.207: [scrub symbol table, 0.0481853 secs]61941.256: [scrub string table, 0.0004996 secs][1 CMS-remark: 204688K(393216K)] 226512K(502464K), 0.4963370 secs] [Times: user=0.15 sys=0.08, real=0.50 secs] 
2016-06-27T16:52:42.072-0530: 61941.261: Total time for which application threads were stopped: 0.4965068 seconds
2016-06-27T16:52:42.072-0530: 61941.261: [CMS-concurrent-sweep-start]
2016-06-27T16:52:42.849-0530: 61942.038: [CMS-concurrent-sweep: 0.777/0.777 secs] [Times: user=0.14 sys=0.20, real=0.77 secs] 
2016-06-27T16:52:42.891-0530: 61942.081: [CMS-concurrent-reset-start]
2016-06-27T16:52:42.928-0530: 61942.117: [CMS-concurrent-reset: 0.036/0.036 secs] [Times: user=0.00 sys=0.00, real=0.03 secs] 
2016-06-27T17:53:04.832-0530: 65564.110: Total time for which application threads were stopped: 0.0013842 seconds
{Heap before GC invocations=53 (full 4):
 par new generation   total 109248K, used 109210K [0x00000007a0000000, 0x00000007a8000000, 0x00000007a8000000)
  eden space 87424K,  99% used [0x00000007a0000000, 0x00000007a5556bc8, 0x00000007a5560000)
  from space 21824K, 100% used [0x00000007a6ab0000, 0x00000007a8000000, 0x00000007a8000000)
  to   space 21824K,   0% used [0x00000007a5560000, 0x00000007a5560000, 0x00000007a6ab0000)
 concurrent mark-sweep generation total 393216K, used 65412K [0x00000007a8000000, 0x00000007c0000000, 0x00000007c0000000)
 Metaspace       used 31305K, capacity 31618K, committed 32252K, reserved 1077248K
  class space    used 3613K, capacity 3710K, committed 3836K, reserved 1048576K
2016-06-27T17:53:05.497-0530: 65564.775: [GC (Allocation Failure) 65564.831: [ParNew
Desired survivor size 20112992 bytes, new threshold 4 (max 8)
- age   1:   11684680 bytes,   11684680 total
- age   2:     232680 bytes,   11917360 total
- age   3:    4045104 bytes,   15962464 total
- age   4:    4175552 bytes,   20138016 total
- age   5:    1274168 bytes,   21412184 total
- age   6:     297248 bytes,   21709432 total
: 109210K->21824K(109248K), 0.0992869 secs] 174623K->90476K(502464K), 0.1554091 secs] [Times: user=0.06 sys=0.14, real=0.16 secs] 
Heap after GC invocations=54 (full 4):
 par new generation   total 109248K, used 21824K [0x00000007a0000000, 0x00000007a8000000, 0x00000007a8000000)
  eden space 87424K,   0% used [0x00000007a0000000, 0x00000007a0000000, 0x00000007a5560000)
  from space 21824K, 100% used [0x00000007a5560000, 0x00000007a6ab0000, 0x00000007a6ab0000)
  to   space 21824K,   0% used [0x00000007a6ab0000, 0x00000007a6ab0000, 0x00000007a8000000)
 concurrent mark-sweep generation total 393216K, used 68652K [0x00000007a8000000, 0x00000007c0000000, 0x00000007c0000000)
 Metaspace       used 31305K, capacity 31618K, committed 32252K, reserved 1077248K
  class space    used 3613K, capacity 3710K, committed 3836K, reserved 1048576K
}
2016-06-27T17:53:05.652-0530: 65564.930: Total time for which application threads were stopped: 0.1558988 seconds
2016-06-27T17:53:06.658-0530: 65565.936: Total time for which application threads were stopped: 0.0003533 seconds
2016-06-27T17:53:07.659-0530: 65566.937: Total time for which application threads were stopped: 0.0009188 seconds
2016-06-30T13:10:03.390-0530: 127406.749: Total time for which application threads were stopped: 0.6642760 seconds
2016-06-30T13:10:05.695-0530: 127409.054: Total time for which application threads were stopped: 0.3024299 seconds
2016-06-30T13:10:06.013-0530: 127409.372: Total time for which application threads were stopped: 0.1778234 seconds
2016-06-30T13:10:06.272-0530: 127409.631: Total time for which application threads were stopped: 0.1485912 seconds
2016-06-30T13:10:06.673-0530: 127410.031: Total time for which application threads were stopped: 0.2694186 seconds
2016-06-30T13:10:07.840-0530: 127411.199: Total time for which application threads were stopped: 0.1646689 seconds
2016-06-30T13:10:08.925-0530: 127412.284: Total time for which application threads were stopped: 0.1553845 seconds
2016-06-30T13:10:09.154-0530: 127412.512: Total time for which application threads were stopped: 0.2035043 seconds
2016-06-30T13:10:09.735-0530: 127413.093: Total time for which application threads were stopped: 0.1557372 seconds
2016-06-30T13:10:10.431-0530: 127413.790: Total time for which application threads were stopped: 0.0002100 seconds
2016-06-30T13:10:10.735-0530: 127414.093: Total time for which application threads were stopped: 0.1245251 seconds
2016-06-30T13:10:10.950-0530: 127414.308: Total time for which application threads were stopped: 0.0689847 seconds
2016-06-30T13:10:11.326-0530: 127414.685: Total time for which application threads were stopped: 0.0511656 seconds
2016-06-30T13:10:11.484-0530: 127414.843: Total time for which application threads were stopped: 0.0235014 seconds
2016-06-30T13:10:11.813-0530: 127415.172: Total time for which application threads were stopped: 0.1439233 seconds
2016-06-30T13:10:12.040-0530: 127415.399: Total time for which application threads were stopped: 0.0347629 seconds
2016-06-30T13:10:12.237-0530: 127415.596: Total time for which application threads were stopped: 0.0008982 seconds
2016-06-30T13:10:12.542-0530: 127415.901: Total time for which application threads were stopped: 0.0001899 seconds
2016-06-30T13:10:13.052-0530: 127416.411: Total time for which application threads were stopped: 0.1333041 seconds
2016-06-30T13:10:13.538-0530: 127416.898: Total time for which application threads were stopped: 0.0001482 seconds
2016-06-30T13:10:13.959-0530: 127417.318: Total time for which application threads were stopped: 0.0002094 seconds
2016-06-30T13:10:14.079-0530: 127417.438: Total time for which application threads were stopped: 0.0003852 seconds
2016-06-30T13:10:14.225-0530: 127417.584: Total time for which application threads were stopped: 0.0001829 seconds
2016-06-30T13:10:14.683-0530: 127418.042: Total time for which application threads were stopped: 0.3180310 seconds
2016-06-30T13:10:14.878-0530: 127418.237: Total time for which application threads were stopped: 0.1943667 seconds
2016-06-30T13:10:14.964-0530: 127418.324: Total time for which application threads were stopped: 0.0034380 seconds
2016-06-30T13:10:14.965-0530: 127418.324: Total time for which application threads were stopped: 0.0001744 seconds
2016-06-30T13:10:15.180-0530: 127418.540: Total time for which application threads were stopped: 0.0546550 seconds
2016-06-30T13:10:15.472-0530: 127418.831: Total time for which application threads were stopped: 0.2044571 seconds
2016-06-30T13:10:15.777-0530: 127419.136: Total time for which application threads were stopped: 0.1979830 seconds
2016-06-30T13:10:17.205-0530: 127420.564: Total time for which application threads were stopped: 0.5768218 seconds
2016-06-30T13:10:17.346-0530: 127420.706: Total time for which application threads were stopped: 0.1397286 seconds
2016-06-30T13:10:18.465-0530: 127421.824: Total time for which application threads were stopped: 0.1869406 seconds
2016-06-30T13:10:20.212-0530: 127423.571: Total time for which application threads were stopped: 0.3891206 seconds
2016-06-30T13:10:20.395-0530: 127423.755: Total time for which application threads were stopped: 0.1834911 seconds
2016-06-30T13:10:20.454-0530: 127423.814: Total time for which application threads were stopped: 0.0589371 seconds
2016-06-30T13:10:20.645-0530: 127424.004: Total time for which application threads were stopped: 0.1897530 seconds
2016-06-30T13:10:20.706-0530: 127424.065: Total time for which application threads were stopped: 0.0613435 seconds
2016-06-30T13:10:20.707-0530: 127424.067: Total time for which application threads were stopped: 0.0010241 seconds
2016-06-30T13:10:20.829-0530: 127424.188: Total time for which application threads were stopped: 0.1209913 seconds
2016-06-30T13:10:20.896-0530: 127424.256: Total time for which application threads were stopped: 0.0674646 seconds
2016-06-30T13:10:20.978-0530: 127424.338: Total time for which application threads were stopped: 0.0819555 seconds
2016-06-30T13:10:21.047-0530: 127424.407: Total time for which application threads were stopped: 0.0685175 seconds
2016-06-30T13:10:21.059-0530: 127424.419: Total time for which application threads were stopped: 0.0115143 seconds
2016-06-30T13:10:21.111-0530: 127424.471: Total time for which application threads were stopped: 0.0486787 seconds
2016-06-30T13:10:21.112-0530: 127424.471: Total time for which application threads were stopped: 0.0003034 seconds
2016-06-30T13:10:21.139-0530: 127424.499: Total time for which application threads were stopped: 0.0272174 seconds
2016-06-30T13:10:21.306-0530: 127424.665: Total time for which application threads were stopped: 0.0638796 seconds
2016-06-30T13:10:21.366-0530: 127424.726: Total time for which application threads were stopped: 0.0592250 seconds
2016-06-30T13:10:21.578-0530: 127424.937: Total time for which application threads were stopped: 0.0959782 seconds
{Heap before GC invocations=54 (full 4):
 par new generation   total 109248K, used 109235K [0x00000007a0000000, 0x00000007a8000000, 0x00000007a8000000)
  eden space 87424K,  99% used [0x00000007a0000000, 0x00000007a555ced8, 0x00000007a5560000)
  from space 21824K, 100% used [0x00000007a5560000, 0x00000007a6ab0000, 0x00000007a6ab0000)
  to   space 21824K,   0% used [0x00000007a6ab0000, 0x00000007a6ab0000, 0x00000007a8000000)
 concurrent mark-sweep generation total 393216K, used 68652K [0x00000007a8000000, 0x00000007c0000000, 0x00000007c0000000)
 Metaspace       used 31315K, capacity 31618K, committed 32252K, reserved 1077248K
  class space    used 3613K, capacity 3710K, committed 3836K, reserved 1048576K
2016-06-30T13:10:29.507-0530: 127432.866: [GC (Allocation Failure) 127432.902: [ParNew
Desired survivor size 20112992 bytes, new threshold 4 (max 8)
- age   1:   15572344 bytes,   15572344 total
- age   2:    3111520 bytes,   18683864 total
- age   3:     100160 bytes,   18784024 total
- age   4:    3529728 bytes,   22313752 total
: 109235K->21824K(109248K), 13.0769574 secs] 177888K->100894K(502464K), 13.1622789 secs] [Times: user=0.39 sys=0.41, real=13.16 secs] 
Heap after GC invocations=55 (full 4):
 par new generation   total 109248K, used 21824K [0x00000007a0000000, 0x00000007a8000000, 0x00000007a8000000)
  eden space 87424K,   0% used [0x00000007a0000000, 0x00000007a0000000, 0x00000007a5560000)
  from space 21824K, 100% used [0x00000007a6ab0000, 0x00000007a8000000, 0x00000007a8000000)
  to   space 21824K,   0% used [0x00000007a5560000, 0x00000007a5560000, 0x00000007a6ab0000)
 concurrent mark-sweep generation total 393216K, used 79070K [0x00000007a8000000, 0x00000007c0000000, 0x00000007c0000000)
 Metaspace       used 31315K, capacity 31618K, committed 32252K, reserved 1077248K
  class space    used 3613K, capacity 3710K, committed 3836K, reserved 1048576K
}
2016-06-30T13:10:42.669-0530: 127446.030: Total time for which application threads were stopped: 13.2585128 seconds
{Heap before GC invocations=55 (full 4):
 par new generation   total 109248K, used 109248K [0x00000007a0000000, 0x00000007a8000000, 0x00000007a8000000)
  eden space 87424K, 100% used [0x00000007a0000000, 0x00000007a5560000, 0x00000007a5560000)
  from space 21824K, 100% used [0x00000007a6ab0000, 0x00000007a8000000, 0x00000007a8000000)
  to   space 21824K,   0% used [0x00000007a5560000, 0x00000007a5560000, 0x00000007a6ab0000)
 concurrent mark-sweep generation total 393216K, used 79070K [0x00000007a8000000, 0x00000007c0000000, 0x00000007c0000000)
 Metaspace       used 31315K, capacity 31618K, committed 32252K, reserved 1077248K
  class space    used 3613K, capacity 3710K, committed 3836K, reserved 1048576K
2016-06-30T13:10:46.011-0530: 127449.372: [GC (Allocation Failure) 127449.372: [ParNew
Desired survivor size 20112992 bytes, new threshold 2 (max 8)
- age   1:   13254552 bytes,   13254552 total
- age   2:    8981992 bytes,   22236544 total
- age   3:         56 bytes,   22236600 total
- age   4:      92560 bytes,   22329160 total
: 109248K->21824K(109248K), 3.7171878 secs] 188318K->141639K(502464K), 3.7461642 secs] [Times: user=0.31 sys=0.24, real=3.74 secs] 
Heap after GC invocations=56 (full 4):
 par new generation   total 109248K, used 21824K [0x00000007a0000000, 0x00000007a8000000, 0x00000007a8000000)
  eden space 87424K,   0% used [0x00000007a0000000, 0x00000007a0000000, 0x00000007a5560000)
  from space 21824K, 100% used [0x00000007a5560000, 0x00000007a6ab0000, 0x00000007a6ab0000)
  to   space 21824K,   0% used [0x00000007a6ab0000, 0x00000007a6ab0000, 0x00000007a8000000)
 concurrent mark-sweep generation total 393216K, used 119815K [0x00000007a8000000, 0x00000007c0000000, 0x00000007c0000000)
 Metaspace       used 31315K, capacity 31618K, committed 32252K, reserved 1077248K
  class space    used 3613K, capacity 3710K, committed 3836K, reserved 1048576K
}
2016-06-30T13:10:49.757-0530: 127453.118: Total time for which application threads were stopped: 5.2736088 seconds
{Heap before GC invocations=56 (full 4):
 par new generation   total 109248K, used 109248K [0x00000007a0000000, 0x00000007a8000000, 0x00000007a8000000)
  eden space 87424K, 100% used [0x00000007a0000000, 0x00000007a5560000, 0x00000007a5560000)
  from space 21824K, 100% used [0x00000007a5560000, 0x00000007a6ab0000, 0x00000007a6ab0000)
  to   space 21824K,   0% used [0x00000007a6ab0000, 0x00000007a6ab0000, 0x00000007a8000000)
 concurrent mark-sweep generation total 393216K, used 119815K [0x00000007a8000000, 0x00000007c0000000, 0x00000007c0000000)
 Metaspace       used 31315K, capacity 31618K, committed 32252K, reserved 1077248K
  class space    used 3613K, capacity 3710K, committed 3836K, reserved 1048576K
2016-06-30T13:10:50.092-0530: 127453.452: [GC (Allocation Failure) 127453.452: [ParNew
Desired survivor size 20112992 bytes, new threshold 2 (max 8)
- age   1:   10844120 bytes,   10844120 total
- age   2:   10224400 bytes,   21068520 total
: 109248K->21824K(109248K), 1.5713060 secs] 229063K->165454K(502464K), 1.5714000 secs] [Times: user=0.87 sys=0.13, real=1.57 secs] 
Heap after GC invocations=57 (full 4):
 par new generation   total 109248K, used 21824K [0x00000007a0000000, 0x00000007a8000000, 0x00000007a8000000)
  eden space 87424K,   0% used [0x00000007a0000000, 0x00000007a0000000, 0x00000007a5560000)
  from space 21824K, 100% used [0x00000007a6ab0000, 0x00000007a8000000, 0x00000007a8000000)
  to   space 21824K,   0% used [0x00000007a5560000, 0x00000007a5560000, 0x00000007a6ab0000)
 concurrent mark-sweep generation total 393216K, used 143630K [0x00000007a8000000, 0x00000007c0000000, 0x00000007c0000000)
 Metaspace       used 31315K, capacity 31618K, committed 32252K, reserved 1077248K
  class space    used 3613K, capacity 3710K, committed 3836K, reserved 1048576K
}
2016-06-30T13:10:51.663-0530: 127455.024: Total time for which application threads were stopped: 1.6241945 seconds
2016-06-30T13:10:53.359-0530: 127456.720: Total time for which application threads were stopped: 0.3106022 seconds
2016-06-30T13:10:53.465-0530: 127456.825: Total time for which application threads were stopped: 0.1052623 seconds
2016-06-30T13:10:53.500-0530: 127456.861: Total time for which application threads were stopped: 0.0349345 seconds
2016-06-30T13:10:53.501-0530: 127456.861: Total time for which application threads were stopped: 0.0002363 seconds
2016-06-30T13:10:53.501-0530: 127456.862: Total time for which application threads were stopped: 0.0002729 seconds
2016-06-30T13:10:53.563-0530: 127456.923: Total time for which application threads were stopped: 0.0609197 seconds
2016-06-30T13:10:53.563-0530: 127456.924: Total time for which application threads were stopped: 0.0001880 seconds
2016-06-30T13:10:53.563-0530: 127456.924: Total time for which application threads were stopped: 0.0001639 seconds
2016-06-30T13:10:53.564-0530: 127456.924: Total time for which application threads were stopped: 0.0001570 seconds
2016-06-30T13:10:53.564-0530: 127456.925: Total time for which application threads were stopped: 0.0001840 seconds
2016-06-30T13:10:53.564-0530: 127456.925: Total time for which application threads were stopped: 0.0001524 seconds
2016-06-30T13:10:53.566-0530: 127456.927: Total time for which application threads were stopped: 0.0013515 seconds
2016-06-30T13:10:53.566-0530: 127456.927: Total time for which application threads were stopped: 0.0004737 seconds
2016-06-30T13:10:53.567-0530: 127456.928: Total time for which application threads were stopped: 0.0008103 seconds
2016-06-30T13:10:53.569-0530: 127456.930: Total time for which application threads were stopped: 0.0003817 seconds
2016-06-30T13:10:53.627-0530: 127456.988: Total time for which application threads were stopped: 0.0562050 seconds
2016-06-30T13:10:53.632-0530: 127456.992: Total time for which application threads were stopped: 0.0003848 seconds
2016-06-30T13:10:53.752-0530: 127457.112: Total time for which application threads were stopped: 0.1179820 seconds
2016-06-30T13:10:53.777-0530: 127457.138: Total time for which application threads were stopped: 0.0215721 seconds
2016-06-30T13:10:53.787-0530: 127457.148: Total time for which application threads were stopped: 0.0003246 seconds
2016-06-30T13:10:53.791-0530: 127457.151: Total time for which application threads were stopped: 0.0004022 seconds
2016-06-30T13:10:53.792-0530: 127457.152: Total time for which application threads were stopped: 0.0002252 seconds
2016-06-30T13:10:53.792-0530: 127457.153: Total time for which application threads were stopped: 0.0002223 seconds
2016-06-30T13:10:53.793-0530: 127457.153: Total time for which application threads were stopped: 0.0001894 seconds
2016-06-30T13:10:53.793-0530: 127457.154: Total time for which application threads were stopped: 0.0001934 seconds
2016-06-30T13:10:53.793-0530: 127457.154: Total time for which application threads were stopped: 0.0001973 seconds
2016-06-30T13:10:53.793-0530: 127457.154: Total time for which application threads were stopped: 0.0001798 seconds
2016-06-30T13:10:53.794-0530: 127457.154: Total time for which application threads were stopped: 0.0001631 seconds
2016-06-30T13:10:53.794-0530: 127457.155: Total 