Java HotSpot(TM) 64-Bit Server VM (25.31-b07) for bsd-amd64 JRE (1.8.0_31-b13), built on Dec 17 2014 20:45:36 by "java_re" with gcc 4.2.1 (Based on Apple Inc. build 5658) (LLVM build 2336.11.00)
Memory: 4k page, physical 4194304k(120752k free)

/proc/meminfo:

CommandLine flags: -XX:CMSInitiatingOccupancyFraction=50 -XX:CMSMaxAbortablePrecleanTime=6000 -XX:+CMSParallelRemarkEnabled -XX:+CMSScavengeBeforeRemark -XX:ConcGCThreads=4 -XX:InitialHeapSize=536870912 -XX:MaxHeapSize=536870912 -XX:MaxTenuringThreshold=8 -XX:NewRatio=3 -XX:OldPLABSize=16 -XX:ParallelGCThreads=4 -XX:+ParallelRefProcEnabled -XX:PretenureSizeThreshold=67108864 -XX:+PrintGC -XX:+PrintGCApplicationStoppedTime -XX:+PrintGCDateStamps -XX:+PrintGCDetails -XX:+PrintGCTimeStamps -XX:+PrintHeapAtGC -XX:+PrintTenuringDistribution -XX:SurvivorRatio=4 -XX:TargetSurvivorRatio=90 -XX:ThreadStackSize=256 -XX:+UseCMSInitiatingOccupancyOnly -XX:+UseCompressedClassPointers -XX:+UseCompressedOops -XX:+UseConcMarkSweepGC -XX:+UseParNewGC 
2016-06-08T15:45:49.523-0530: 1.093: Total time for which application threads were stopped: 0.0001431 seconds
2016-06-08T15:45:49.576-0530: 1.145: Total time for which application threads were stopped: 0.0000752 seconds
2016-06-08T15:45:50.580-0530: 2.150: Total time for which application threads were stopped: 0.0004268 seconds
2016-06-08T15:45:50.669-0530: 2.239: Total time for which application threads were stopped: 0.0001057 seconds
2016-06-08T15:45:51.503-0530: 3.073: Total time for which application threads were stopped: 0.0001761 seconds
2016-06-08T15:45:51.882-0530: 3.452: Total time for which application threads were stopped: 0.0001621 seconds
2016-06-08T15:45:52.051-0530: 3.621: Total time for which application threads were stopped: 0.0001744 seconds
2016-06-08T15:45:52.075-0530: 3.645: Total time for which application threads were stopped: 0.0001931 seconds
2016-06-08T15:45:52.116-0530: 3.686: Total time for which application threads were stopped: 0.0002267 seconds
2016-06-08T15:45:52.606-0530: 4.176: Total time for which application threads were stopped: 0.0001839 seconds
{Heap before GC invocations=0 (full 0):
 par new generation   total 109248K, used 87424K [0x00000007a0000000, 0x00000007a8000000, 0x00000007a8000000)
  eden space 87424K, 100% used [0x00000007a0000000, 0x00000007a5560000, 0x00000007a5560000)
  from space 21824K,   0% used [0x00000007a5560000, 0x00000007a5560000, 0x00000007a6ab0000)
  to   space 21824K,   0% used [0x00000007a6ab0000, 0x00000007a6ab0000, 0x00000007a8000000)
 concurrent mark-sweep generation total 393216K, used 0K [0x00000007a8000000, 0x00000007c0000000, 0x00000007c0000000)
 Metaspace       used 10086K, capacity 10268K, committed 10496K, reserved 1058816K
  class space    used 1152K, capacity 1208K, committed 1280K, reserved 1048576K
2016-06-08T15:45:52.813-0530: 4.383: [GC (Allocation Failure) 4.383: [ParNew
Desired survivor size 20112992 bytes, new threshold 8 (max 8)
- age   1:    5289224 bytes,    5289224 total
: 87424K->5231K(109248K), 0.0108853 secs] 87424K->5231K(502464K), 0.0110019 secs] [Times: user=0.02 sys=0.01, real=0.01 secs] 
Heap after GC invocations=1 (full 0):
 par new generation   total 109248K, used 5231K [0x00000007a0000000, 0x00000007a8000000, 0x00000007a8000000)
  eden space 87424K,   0% used [0x00000007a0000000, 0x00000007a0000000, 0x00000007a5560000)
  from space 21824K,  23% used [0x00000007a6ab0000, 0x00000007a6fcbc10, 0x00000007a8000000)
  to   space 21824K,   0% used [0x00000007a5560000, 0x00000007a5560000, 0x00000007a6ab0000)
 concurrent mark-sweep generation total 393216K, used 0K [0x00000007a8000000, 0x00000007c0000000, 0x00000007c0000000)
 Metaspace       used 10086K, capacity 10268K, committed 10496K, reserved 1058816K
  class space    used 1152K, capacity 1208K, committed 1280K, reserved 1048576K
}
2016-06-08T15:45:52.824-0530: 4.394: Total time for which application threads were stopped: 0.0112899 seconds
2016-06-08T15:45:52.826-0530: 4.396: Total time for which application threads were stopped: 0.0001126 seconds
2016-06-08T15:45:52.826-0530: 4.396: Total time for which application threads were stopped: 0.0001027 seconds
2016-06-08T15:45:52.826-0530: 4.396: Total time for which application threads were stopped: 0.0000961 seconds
2016-06-08T15:45:52.826-0530: 4.396: Total time for which application threads were stopped: 0.0001339 seconds
2016-06-08T15:45:52.828-0530: 4.398: Total time for which application threads were stopped: 0.0002051 seconds
2016-06-08T15:45:52.829-0530: 4.398: Total time for which application threads were stopped: 0.0000670 seconds
2016-06-08T15:45:52.829-0530: 4.399: Total time for which application threads were stopped: 0.0000557 seconds
2016-06-08T15:45:52.829-0530: 4.399: Total time for which application threads were stopped: 0.0000739 seconds
2016-06-08T15:45:52.829-0530: 4.399: Total time for which application threads were stopped: 0.0000583 seconds
2016-06-08T15:45:52.829-0530: 4.399: Total time for which application threads were stopped: 0.0000804 seconds
2016-06-08T15:45:52.829-0530: 4.399: Total time for which application threads were stopped: 0.0000917 seconds
2016-06-08T15:45:52.829-0530: 4.399: Total time for which application threads were stopped: 0.0000728 seconds
2016-06-08T15:45:52.829-0530: 4.399: Total time for which application threads were stopped: 0.0000718 seconds
2016-06-08T15:45:52.830-0530: 4.399: Total time for which application threads were stopped: 0.0000975 seconds
2016-06-08T15:45:52.830-0530: 4.400: Total time for which application threads were stopped: 0.0000781 seconds
2016-06-08T15:45:52.830-0530: 4.400: Total time for which application threads were stopped: 0.0000932 seconds
2016-06-08T15:45:52.830-0530: 4.400: Total time for which application threads were stopped: 0.0000797 seconds
2016-06-08T15:45:52.830-0530: 4.400: Total time for which application threads were stopped: 0.0000763 seconds
2016-06-08T15:45:52.830-0530: 4.400: Total time for which application threads were stopped: 0.0000879 seconds
2016-06-08T15:45:52.830-0530: 4.400: Total time for which application threads were stopped: 0.0000988 seconds
2016-06-08T15:45:53.092-0530: 4.662: Total time for which application threads were stopped: 0.0002497 seconds
2016-06-08T15:45:53.489-0530: 5.059: Total time for which application threads were stopped: 0.0002245 seconds
2016-06-08T15:45:54.492-0530: 6.062: Total time for which application threads were stopped: 0.0002422 seconds
2016-06-08T15:45:54.747-0530: 6.316: Total time for which application threads were stopped: 0.0002339 seconds
2016-06-08T15:45:54.749-0530: 6.319: Total time for which application threads were stopped: 0.0001366 seconds
2016-06-08T15:45:54.780-0530: 6.350: Total time for which application threads were stopped: 0.0002229 seconds
2016-06-08T15:45:55.781-0530: 7.351: Total time for which application threads were stopped: 0.0001955 seconds
2016-06-08T15:45:55.833-0530: 7.403: Total time for which application threads were stopped: 0.0001781 seconds
2016-06-08T15:45:55.833-0530: 7.403: Total time for which application threads were stopped: 0.0000883 seconds
2016-06-08T15:45:55.833-0530: 7.403: Total time for which application threads were stopped: 0.0000726 seconds
2016-06-08T15:45:55.834-0530: 7.404: Total time for which application threads were stopped: 0.0000659 seconds
2016-06-08T15:45:55.834-0530: 7.404: Total time for which application threads were stopped: 0.0000557 seconds
2016-06-08T15:45:55.834-0530: 7.404: Total time for which application threads were stopped: 0.0000553 seconds
2016-06-08T15:45:55.834-0530: 7.404: Total time for which application threads were stopped: 0.0000563 seconds
2016-06-08T15:45:55.834-0530: 7.404: Total time for which application threads were stopped: 0.0000498 seconds
2016-06-08T15:45:55.834-0530: 7.404: Total time for which application threads were stopped: 0.0000508 seconds
2016-06-08T15:45:55.834-0530: 7.404: Total time for which application threads were stopped: 0.0000522 seconds
2016-06-08T15:45:55.834-0530: 7.404: Total time for which application threads were stopped: 0.0000513 seconds
2016-06-08T15:45:55.834-0530: 7.404: Total time for which application threads were stopped: 0.0000498 seconds
2016-06-08T15:45:55.834-0530: 7.404: Total time for which application threads were stopped: 0.0000487 seconds
2016-06-08T15:45:55.835-0530: 7.405: Total time for which application threads were stopped: 0.0000517 seconds
2016-06-08T15:45:55.835-0530: 7.405: Total time for which application threads were stopped: 0.0000484 seconds
2016-06-08T15:45:55.835-0530: 7.405: Total time for which application threads were stopped: 0.0000468 seconds
2016-06-08T15:45:55.835-0530: 7.405: Total time for which application threads were stopped: 0.0000487 seconds
2016-06-08T15:45:55.835-0530: 7.405: Total time for which application threads were stopped: 0.0000512 seconds
2016-06-08T15:45:55.835-0530: 7.405: Total time for which application threads were stopped: 0.0000475 seconds
2016-06-08T15:45:55.835-0530: 7.405: Total time for which application threads were stopped: 0.0001026 seconds
2016-06-08T15:45:55.835-0530: 7.405: Total time for which application threads were stopped: 0.0000583 seconds
2016-06-08T15:45:55.835-0530: 7.405: Total time for which application threads were stopped: 0.0000512 seconds
2016-06-08T15:45:55.836-0530: 7.406: Total time for which application threads were stopped: 0.0000495 seconds
2016-06-08T15:45:55.836-0530: 7.406: Total time for which application threads were stopped: 0.0000538 seconds
2016-06-08T15:45:55.836-0530: 7.406: Total time for which application threads were stopped: 0.0000394 seconds
2016-06-08T15:45:55.836-0530: 7.406: Total time for which application threads were stopped: 0.0000413 seconds
2016-06-08T15:45:55.836-0530: 7.406: Total time for which application threads were stopped: 0.0000375 seconds
2016-06-08T15:45:55.836-0530: 7.406: Total time for which application threads were stopped: 0.0000374 seconds
2016-06-08T15:45:55.836-0530: 7.406: Total time for which application threads were stopped: 0.0000406 seconds
2016-06-08T15:45:55.836-0530: 7.406: Total time for which application threads were stopped: 0.0000362 seconds
2016-06-08T15:45:55.837-0530: 7.407: Total time for which application threads were stopped: 0.0000367 seconds
2016-06-08T15:45:55.837-0530: 7.407: Total time for which application threads were stopped: 0.0000358 seconds
2016-06-08T15:45:55.837-0530: 7.407: Total time for which application threads were stopped: 0.0000370 seconds
2016-06-08T15:45:55.837-0530: 7.407: Total time for which application threads were stopped: 0.0000407 seconds
2016-06-08T15:45:55.837-0530: 7.407: Total time for which application threads were stopped: 0.0000406 seconds
2016-06-08T15:45:55.837-0530: 7.407: Total time for which application threads were stopped: 0.0000361 seconds
2016-06-08T15:45:55.837-0530: 7.407: Total time for which application threads were stopped: 0.0000369 seconds
2016-06-08T15:45:55.837-0530: 7.407: Total time for which application threads were stopped: 0.0000360 seconds
2016-06-08T15:45:55.837-0530: 7.407: Total time for which application threads were stopped: 0.0000371 seconds
2016-06-08T15:45:55.837-0530: 7.407: Total time for which application threads were stopped: 0.0000407 seconds
2016-06-08T15:45:55.837-0530: 7.407: Total time for which application threads were stopped: 0.0000620 seconds
2016-06-08T15:45:55.837-0530: 7.407: Total time for which application threads were stopped: 0.0000368 seconds
2016-06-08T15:45:55.838-0530: 7.407: Total time for which application threads were stopped: 0.0000405 seconds
2016-06-08T15:45:55.838-0530: 7.408: Total time for which application threads were stopped: 0.0000981 seconds
2016-06-08T15:45:55.839-0530: 7.409: Total time for which application threads were stopped: 0.0001006 seconds
2016-06-08T15:45:55.839-0530: 7.409: Total time for which application threads were stopped: 0.0001662 seconds
2016-06-08T15:45:55.839-0530: 7.409: Total time for which application threads were stopped: 0.0000600 seconds
2016-06-08T15:45:55.840-0530: 7.410: Total time for which application threads were stopped: 0.0001009 seconds
2016-06-08T15:45:55.840-0530: 7.410: Total time for which application threads were stopped: 0.0000912 seconds
2016-06-08T15:45:55.840-0530: 7.410: Total time for which application threads were stopped: 0.0001039 seconds
2016-06-08T15:45:55.840-0530: 7.410: Total time for which application threads were stopped: 0.0001031 seconds
2016-06-08T15:45:55.936-0530: 7.505: Total time for which application threads were stopped: 0.0002647 seconds
2016-06-08T15:45:55.943-0530: 7.513: Total time for which application threads were stopped: 0.0001606 seconds
2016-06-08T15:45:55.945-0530: 7.515: Total time for which application threads were stopped: 0.0001443 seconds
2016-06-08T15:45:55.945-0530: 7.515: Total time for which application threads were stopped: 0.0002791 seconds
2016-06-08T15:45:55.946-0530: 7.516: Total time for which application threads were stopped: 0.0001009 seconds
2016-06-08T15:45:56.005-0530: 7.575: Total time for which application threads were stopped: 0.0001935 seconds
2016-06-08T15:45:56.005-0530: 7.575: Total time for which application threads were stopped: 0.0001089 seconds
2016-06-08T15:45:56.019-0530: 7.589: Total time for which application threads were stopped: 0.0000759 seconds
2016-06-08T15:45:56.019-0530: 7.589: Total time for which application threads were stopped: 0.0000615 seconds
2016-06-08T15:45:56.019-0530: 7.589: Total time for which application threads were stopped: 0.0000533 seconds
2016-06-08T15:45:56.053-0530: 7.623: Total time for which application threads were stopped: 0.0001358 seconds
2016-06-08T15:45:56.083-0530: 7.653: Total time for which application threads were stopped: 0.0001203 seconds
2016-06-08T15:45:56.083-0530: 7.653: Total time for which application threads were stopped: 0.0001513 seconds
2016-06-08T15:45:56.084-0530: 7.654: Total time for which application threads were stopped: 0.0002936 seconds
2016-06-08T15:45:56.096-0530: 7.666: Total time for which application threads were stopped: 0.0001784 seconds
2016-06-08T15:45:56.097-0530: 7.667: Total time for which application threads were stopped: 0.0001045 seconds
2016-06-08T15:45:56.097-0530: 7.667: Total time for which application threads were stopped: 0.0001618 seconds
2016-06-08T15:45:56.097-0530: 7.667: Total time for which application threads were stopped: 0.0002326 seconds
2016-06-08T15:45:56.100-0530: 7.670: Total time for which application threads were stopped: 0.0001062 seconds
2016-06-08T15:45:56.106-0530: 7.676: Total time for which application threads were stopped: 0.0001494 seconds
2016-06-08T15:45:56.106-0530: 7.676: Total time for which application threads were stopped: 0.0000968 seconds
2016-06-08T15:45:56.106-0530: 7.676: Total time for which application threads were stopped: 0.0001012 seconds
2016-06-08T15:45:56.115-0530: 7.685: Total time for which application threads were stopped: 0.0001002 seconds
2016-06-08T15:45:56.115-0530: 7.685: Total time for which application threads were stopped: 0.0000817 seconds
2016-06-08T15:45:56.133-0530: 7.703: Total time for which application threads were stopped: 0.0001126 seconds
2016-06-08T15:45:56.246-0530: 7.816: Total time for which application threads were stopped: 0.0000914 seconds
2016-06-08T15:45:56.247-0530: 7.817: Total time for which application threads were stopped: 0.0000935 seconds
2016-06-08T15:45:56.248-0530: 7.818: Total time for which application threads were stopped: 0.0000486 seconds
2016-06-08T15:45:56.248-0530: 7.818: Total time for which application threads were stopped: 0.0000418 seconds
2016-06-08T15:45:56.248-0530: 7.818: Total time for which application threads were stopped: 0.0000384 seconds
2016-06-08T15:45:56.248-0530: 7.818: Total time for which application threads were stopped: 0.0000369 seconds
2016-06-08T15:45:56.248-0530: 7.818: Total time for which application threads were stopped: 0.0000709 seconds
2016-06-08T15:45:56.248-0530: 7.818: Total time for which application threads were stopped: 0.0000401 seconds
2016-06-08T15:45:56.250-0530: 7.820: Total time for which application threads were stopped: 0.0000823 seconds
2016-06-08T15:45:56.250-0530: 7.820: Total time for which application threads were stopped: 0.0000630 seconds
2016-06-08T15:45:56.250-0530: 7.820: Total time for which application threads were stopped: 0.0000431 seconds
2016-06-08T15:45:56.251-0530: 7.820: Total time for which application threads were stopped: 0.0000383 seconds
2016-06-08T15:45:56.251-0530: 7.821: Total time for which application threads were stopped: 0.0000358 seconds
2016-06-08T15:45:56.251-0530: 7.821: Total time for which application threads were stopped: 0.0000349 seconds
2016-06-08T15:45:56.251-0530: 7.821: Total time for which application threads were stopped: 0.0000342 seconds
2016-06-08T15:45:56.251-0530: 7.821: Total time for which application threads were stopped: 0.0000350 seconds
2016-06-08T15:45:56.251-0530: 7.821: Total time for which application threads were stopped: 0.0000345 seconds
2016-06-08T15:45:56.251-0530: 7.821: Total time for which application threads were stopped: 0.0000335 seconds
2016-06-08T15:45:56.251-0530: 7.821: Total time for which application threads were stopped: 0.0000336 seconds
2016-06-08T15:45:56.251-0530: 7.821: Total time for which application threads were stopped: 0.0001076 seconds
2016-06-08T15:45:56.428-0530: 7.998: Total time for which application threads were stopped: 0.0002501 seconds
{Heap before GC invocations=1 (full 0):
 par new generation   total 109248K, used 92655K [0x00000007a0000000, 0x00000007a8000000, 0x00000007a8000000)
  eden space 87424K, 100% used [0x00000007a0000000, 0x00000007a5560000, 0x00000007a5560000)
  from space 21824K,  23% used [0x00000007a6ab0000, 0x00000007a6fcbc10, 0x00000007a8000000)
  to   space 21824K,   0% used [0x00000007a5560000, 0x00000007a5560000, 0x00000007a6ab0000)
 concurrent mark-sweep generation total 393216K, used 0K [0x00000007a8000000, 0x00000007c0000000, 0x00000007c0000000)
 Metaspace       used 16974K, capacity 17240K, committed 17536K, reserved 1064960K
  class space    used 1981K, capacity 2059K, committed 2176K, reserved 1048576K
2016-06-08T15:45:56.439-0530: 8.009: [GC (Allocation Failure) 8.009: [ParNew
Desired survivor size 20112992 bytes, new threshold 8 (max 8)
- age   1:    5605616 bytes,    5605616 total
- age   2:    2473512 bytes,    8079128 total
: 92655K->9834K(109248K), 0.0115299 secs] 92655K->9834K(502464K), 0.0116294 secs] [Times: user=0.03 sys=0.01, real=0.02 secs] 
Heap after GC invocations=2 (full 0):
 par new generation   total 109248K, used 9834K [0x00000007a0000000, 0x00000007a8000000, 0x00000007a8000000)
  eden space 87424K,   0% used [0x00000007a0000000, 0x00000007a0000000, 0x00000007a5560000)
  from space 21824K,  45% used [0x00000007a5560000, 0x00000007a5efab00, 0x00000007a6ab0000)
  to   space 21824K,   0% used [0x00000007a6ab0000, 0x00000007a6ab0000, 0x00000007a8000000)
 concurrent mark-sweep generation total 393216K, used 0K [0x00000007a8000000, 0x00000007c0000000, 0x00000007c0000000)
 Metaspace       used 16974K, capacity 17240K, committed 17536K, reserved 1064960K
  class space    used 1981K, capacity 2059K, committed 2176K, reserved 1048576K
}
2016-06-08T15:45:56.451-0530: 8.021: Total time for which application threads were stopped: 0.0118521 seconds
2016-06-08T15:45:56.452-0530: 8.022: Total time for which application threads were stopped: 0.0001230 seconds
2016-06-08T15:45:56.453-0530: 8.023: Total time for which application threads were stopped: 0.0000639 seconds
2016-06-08T15:45:56.453-0530: 8.023: Total time for which application threads were stopped: 0.0000690 seconds
2016-06-08T15:45:56.453-0530: 8.023: Total time for which application threads were stopped: 0.0000766 seconds
2016-06-08T15:45:56.453-0530: 8.023: Total time for which application threads were stopped: 0.0000654 seconds
2016-06-08T15:45:56.453-0530: 8.023: Total time for which application threads were stopped: 0.0000660 seconds
2016-06-08T15:45:56.453-0530: 8.023: Total time for which application threads were stopped: 0.0000586 seconds
2016-06-08T15:45:56.453-0530: 8.023: Total time for which application threads were stopped: 0.0000542 seconds
2016-06-08T15:45:56.453-0530: 8.023: Total time for which application threads were stopped: 0.0000528 seconds
2016-06-08T15:45:56.453-0530: 8.023: Total time for which application threads were stopped: 0.0000524 seconds
2016-06-08T15:45:56.454-0530: 8.024: Total time for which application threads were stopped: 0.0000489 seconds
2016-06-08T15:45:56.454-0530: 8.024: Total time for which application threads were stopped: 0.0000537 seconds
2016-06-08T15:45:56.454-0530: 8.024: Total time for which application threads were stopped: 0.0000507 seconds
2016-06-08T15:45:56.454-0530: 8.024: Total time for which application threads were stopped: 0.0000433 seconds
2016-06-08T15:45:56.454-0530: 8.024: Total time for which application threads were stopped: 0.0000518 seconds
2016-06-08T15:45:56.454-0530: 8.024: Total time for which application threads were stopped: 0.0000539 seconds
2016-06-08T15:45:56.454-0530: 8.024: Total time for which application threads were stopped: 0.0000586 seconds
2016-06-08T15:45:56.454-0530: 8.024: Total time for which application threads were stopped: 0.0001217 seconds
2016-06-08T15:45:56.454-0530: 8.024: Total time for which application threads were stopped: 0.0000475 seconds
2016-06-08T15:45:56.454-0530: 8.024: Total time for which application threads were stopped: 0.0000626 seconds
2016-06-08T15:45:56.455-0530: 8.025: Total time for which application threads were stopped: 0.0000439 seconds
2016-06-08T15:45:56.455-0530: 8.025: Total time for which application threads were stopped: 0.0001759 seconds
2016-06-08T15:45:56.543-0530: 8.113: Total time for which application threads were stopped: 0.0003248 seconds
2016-06-08T15:45:56.583-0530: 8.153: Total time for which application threads were stopped: 0.0000886 seconds
2016-06-08T15:45:56.583-0530: 8.153: Total time for which application threads were stopped: 0.0000419 seconds
2016-06-08T15:45:56.583-0530: 8.153: Total time for which application threads were stopped: 0.0000527 seconds
2016-06-08T15:45:56.637-0530: 8.207: Total time for which application threads were stopped: 0.0001173 seconds
2016-06-08T15:45:56.713-0530: 8.283: Total time for which application threads were stopped: 0.0001188 seconds
2016-06-08T15:45:56.713-0530: 8.283: Total time for which application threads were stopped: 0.0000530 seconds
2016-06-08T15:45:56.713-0530: 8.283: Total time for which application threads were stopped: 0.0000502 seconds
2016-06-08T15:45:56.722-0530: 8.292: Total time for which application threads were stopped: 0.0000839 seconds
2016-06-08T15:45:56.739-0530: 8.309: Total time for which application threads were stopped: 0.0000834 seconds
2016-06-08T15:45:56.739-0530: 8.309: Total time for which application threads were stopped: 0.0000656 seconds
2016-06-08T15:45:56.782-0530: 8.352: Total time for which application threads were stopped: 0.0000803 seconds
2016-06-08T15:45:56.782-0530: 8.352: Total time for which application threads were stopped: 0.0000513 seconds
2016-06-08T15:45:56.782-0530: 8.352: Total time for which application threads were stopped: 0.0000521 seconds
2016-06-08T15:45:56.786-0530: 8.356: Total time for which application threads were stopped: 0.0001030 seconds
2016-06-08T15:45:56.897-0530: 8.468: Total time for which application threads were stopped: 0.0001041 seconds
2016-06-08T15:45:57.009-0530: 8.579: Total time for which application threads were stopped: 0.0000785 seconds
2016-06-08T15:45:57.009-0530: 8.579: Total time for which application threads were stopped: 0.0000615 seconds
2016-06-08T15:45:57.009-0530: 8.579: Total time for which application threads were stopped: 0.0000515 seconds
2016-06-08T15:45:57.011-0530: 8.581: Total time for which application threads were stopped: 0.0000886 seconds
2016-06-08T15:45:57.045-0530: 8.615: Total time for which application threads were stopped: 0.0000751 seconds
2016-06-08T15:45:57.045-0530: 8.615: Total time for which application threads were stopped: 0.0000671 seconds
2016-06-08T15:45:57.045-0530: 8.615: Total time for which application threads were stopped: 0.0000742 seconds
2016-06-08T15:45:57.052-0530: 8.622: Total time for which application threads were stopped: 0.0000760 seconds
2016-06-08T15:45:57.054-0530: 8.624: Total time for which application threads were stopped: 0.0000592 seconds
2016-06-08T15:45:57.054-0530: 8.624: Total time for which application threads were stopped: 0.0000505 seconds
2016-06-08T15:45:57.054-0530: 8.624: Total time for which application threads were stopped: 0.0000411 seconds
2016-06-08T15:45:57.063-0530: 8.633: Total time for which application threads were stopped: 0.0001136 seconds
2016-06-08T15:45:57.995-0530: 9.566: Total time for which application threads were stopped: 0.0003057 seconds
2016-06-08T15:45:58.051-0530: 9.621: Total time for which application threads were stopped: 0.0000769 seconds
2016-06-08T15:45:58.054-0530: 9.624: Total time for which application threads were stopped: 0.0000612 seconds
2016-06-08T15:45:58.428-0530: 9.998: Total time for which application threads were stopped: 0.0000971 seconds
2016-06-08T15:45:58.491-0530: 10.061: Total time for which application threads were stopped: 0.0000850 seconds
2016-06-08T15:45:58.491-0530: 10.061: Total time for which application threads were stopped: 0.0000613 seconds
2016-06-08T15:45:58.491-0530: 10.061: Total time for which application threads were stopped: 0.0000415 seconds
2016-06-08T15:45:58.495-0530: 10.065: Total time for which application threads were stopped: 0.0001077 seconds
2016-06-08T15:45:58.586-0530: 10.156: Total time for which application threads were stopped: 0.0002735 seconds
2016-06-08T15:45:58.688-0530: 10.258: Total time for which application threads were stopped: 0.0000722 seconds
2016-06-08T15:45:58.688-0530: 10.259: Total time for which application threads were stopped: 0.0000494 seconds
2016-06-08T15:45:58.689-0530: 10.259: Total time for which application threads were stopped: 0.0000449 seconds
2016-06-08T15:45:58.709-0530: 10.279: Total time for which application threads were stopped: 0.0001102 seconds
2016-06-08T15:45:58.714-0530: 10.284: Total time for which application threads were stopped: 0.0000736 seconds
2016-06-08T15:45:58.714-0530: 10.284: Total time for which application threads were stopped: 0.0000609 seconds
2016-06-08T15:45:58.714-0530: 10.284: Total time for which application threads were stopped: 0.0000569 seconds
2016-06-08T15:45:58.715-0530: 10.285: Total time for which application threads were stopped: 0.0000506 seconds
2016-06-08T15:45:58.738-0530: 10.309: Total time for which application threads were stopped: 0.0000932 seconds
2016-06-08T15:45:58.739-0530: 10.309: Total time for which application threads were stopped: 0.0000622 seconds
2016-06-08T15:45:58.739-0530: 10.309: Total time for which application threads were stopped: 0.0000784 seconds
2016-06-08T15:45:58.748-0530: 10.318: Total time for which application threads were stopped: 0.0000939 seconds
2016-06-08T15:45:58.793-0530: 10.363: Total time for which application threads were stopped: 0.0002434 seconds
2016-06-08T15:45:58.926-0530: 10.496: Total time for which application threads were stopped: 0.0001825 seconds
2016-06-08T15:45:58.950-0530: 10.520: Total time for which application threads were stopped: 0.0000774 seconds
2016-06-08T15:45:58.951-0530: 10.522: Total time for which application threads were stopped: 0.0000603 seconds
2016-06-08T15:45:59.001-0530: 10.571: Total time for which application threads were stopped: 0.0001018 seconds
2016-06-08T15:45:59.075-0530: 10.646: Total time for which application threads were stopped: 0.0000954 seconds
2016-06-08T15:45:59.095-0530: 10.665: Total time for which application threads were stopped: 0.0000792 seconds
2016-06-08T15:45:59.095-0530: 10.665: Total time for which application threads were stopped: 0.0000533 seconds
2016-06-08T15:45:59.095-0530: 10.665: Total time for which application threads were stopped: 0.0000548 seconds
2016-06-08T15:45:59.116-0530: 10.686: Total time for which application threads were stopped: 0.0001129 seconds
{Heap before GC invocations=2 (full 0):
 par new generation   total 109248K, used 97258K [0x00000007a0000000, 0x00000007a8000000, 0x00000007a8000000)
  eden space 87424K, 100% used [0x00000007a0000000, 0x00000007a5560000, 0x00000007a5560000)
  from space 21824K,  45% used [0x00000007a5560000, 0x00000007a5efab00, 0x00000007a6ab0000)
  to   space 21824K,   0% used [0x00000007a6ab0000, 0x00000007a6ab0000, 0x00000007a8000000)
 concurrent mark-sweep generation total 393216K, used 0K [0x00000007a8000000, 0x00000007c0000000, 0x00000007c0000000)
 Metaspace       used 21690K, capacity 21938K, committed 22216K, reserved 1069056K
  class space    used 2629K, capacity 2710K, committed 2760K, reserved 1048576K
2016-06-08T15:45:59.148-0530: 10.719: [GC (Allocation Failure) 10.719: [ParNew
Desired survivor size 20112992 bytes, new threshold 8 (max 8)
- age   1:    4601744 bytes,    4601744 total
- age   2:    2006368 bytes,    6608112 total
- age   3:    2469744 bytes,    9077856 total
: 97258K->13473K(109248K), 0.0105074 secs] 97258K->13473K(502464K), 0.0105977 secs] [Times: user=0.04 sys=0.00, real=0.01 secs] 
Heap after GC invocations=3 (full 0):
 par new generation   total 109248K, used 13473K [0x00000007a0000000, 0x00000007a8000000, 0x00000007a8000000)
  eden space 87424K,   0% used [0x00000007a0000000, 0x00000007a0000000, 0x00000007a5560000)
  from space 21824K,  61% used [0x00000007a6ab0000, 0x00000007a77d85c0, 0x00000007a8000000)
  to   space 21824K,   0% used [0x00000007a5560000, 0x00000007a5560000, 0x00000007a6ab0000)
 concurrent mark-sweep generation total 393216K, used 0K [0x00000007a8000000, 0x00000007c0000000, 0x00000007c0000000)
 Metaspace       used 21690K, capacity 21938K, committed 22216K, reserved 1069056K
  class space    used 2629K, capacity 2710K, committed 2760K, reserved 1048576K
}
2016-06-08T15:45:59.159-0530: 10.729: Total time for which application threads were stopped: 0.0108494 seconds
2016-06-08T15:45:59.159-0530: 10.729: [GC (CMS Initial Mark) [1 CMS-initial-mark: 0K(393216K)] 13489K(502464K), 0.0021256 secs] [Times: user=0.00 sys=0.00, real=0.01 secs] 
2016-06-08T15:45:59.162-0530: 10.732: Total time for which application threads were stopped: 0.0022631 seconds
2016-06-08T15:45:59.162-0530: 10.732: [CMS-concurrent-mark-start]
2016-06-08T15:45:59.162-0530: 10.732: [CMS-concurrent-mark: 0.001/0.001 secs] [Times: user=0.01 sys=0.00, real=0.00 secs] 
2016-06-08T15:45:59.162-0530: 10.732: [CMS-concurrent-preclean-start]
2016-06-08T15:45:59.164-0530: 10.734: [CMS-concurrent-preclean: 0.001/0.001 secs] [Times: user=0.00 sys=0.00, real=0.00 secs] 
2016-06-08T15:45:59.164-0530: 10.734: [GC (CMS Final Remark) [YG occupancy: 14351 K (109248 K)]{Heap before GC invocations=3 (full 1):
 par new generation   total 109248K, used 14351K [0x00000007a0000000, 0x00000007a8000000, 0x00000007a8000000)
  eden space 87424K,   1% used [0x00000007a0000000, 0x00000007a00db980, 0x00000007a5560000)
  from space 21824K,  61% used [0x00000007a6ab0000, 0x00000007a77d85c0, 0x00000007a8000000)
  to   space 21824K,   0% used [0x00000007a5560000, 0x00000007a5560000, 0x00000007a6ab0000)
 concurrent mark-sweep generation total 393216K, used 0K [0x00000007a8000000, 0x00000007c0000000, 0x00000007c0000000)
 Metaspace       used 21709K, capacity 22002K, committed 22216K, reserved 1069056K
  class space    used 2630K, capacity 2710K, committed 2760K, reserved 1048576K
2016-06-08T15:45:59.164-0530: 10.734: [GC (CMS Final Remark) 10.734: [ParNew
Desired survivor size 20112992 bytes, new threshold 8 (max 8)
- age   1:      17280 bytes,      17280 total
- age   2:    1623224 bytes,    1640504 total
- age   3:    2006368 bytes,    3646872 total
- age   4:    2469728 bytes,    6116600 total
: 14351K->7800K(109248K), 0.0068305 secs] 14351K->7800K(502464K), 0.0068786 secs] [Times: user=0.02 sys=0.00, real=0.01 secs] 
Heap after GC invocations=4 (full 1):
 par new generation   total 109248K, used 7800K [0x00000007a0000000, 0x00000007a8000000, 0x00000007a8000000)
  eden space 87424K,   0% used [0x00000007a0000000, 0x00000007a0000000, 0x00000007a5560000)
  from space 21824K,  35% used [0x00000007a5560000, 0x00000007a5cfe340, 0x00000007a6ab0000)
  to   space 21824K,   0% used [0x00000007a6ab0000, 0x00000007a6ab0000, 0x00000007a8000000)
 concurrent mark-sweep generation total 393216K, used 0K [0x00000007a8000000, 0x00000007c0000000, 0x00000007c0000000)
 Metaspace       used 21709K, capacity 22002K, committed 22216K, reserved 1069056K
  class space    used 2630K, capacity 2710K, committed 2760K, reserved 1048576K
}
10.741: [Rescan (parallel) , 0.0022557 secs]10.743: [weak refs processing, 0.0007159 secs]10.744: [class unloading, 0.0079584 secs]10.752: [scrub symbol table, 0.0035952 secs]10.756: [scrub string table, 0.0003000 secs][1 CMS-remark: 0K(393216K)] 7800K(502464K), 0.0238973 secs] [Times: user=0.05 sys=0.01, real=0.02 secs] 
2016-06-08T15:45:59.188-0530: 10.758: Total time for which application threads were stopped: 0.0240990 seconds
2016-06-08T15:45:59.188-0530: 10.758: [CMS-concurrent-sweep-start]
2016-06-08T15:45:59.188-0530: 10.758: [CMS-concurrent-sweep: 0.000/0.000 secs] [Times: user=0.00 sys=0.00, real=0.00 secs] 
2016-06-08T15:45:59.188-0530: 10.758: [CMS-concurrent-reset-start]
2016-06-08T15:45:59.192-0530: 10.762: [CMS-concurrent-reset: 0.004/0.004 secs] [Times: user=0.01 sys=0.00, real=0.01 secs] 
2016-06-08T15:45:59.226-0530: 10.796: Total time for which application threads were stopped: 0.0000761 seconds
2016-06-08T15:45:59.226-0530: 10.796: Total time for which application threads were stopped: 0.0000546 seconds
2016-06-08T15:45:59.457-0530: 11.028: Total time for which application threads were stopped: 0.0001007 seconds
2016-06-08T15:45:59.458-0530: 11.028: Total time for which application threads were stopped: 0.0000641 seconds
2016-06-08T15:45:59.458-0530: 11.028: Total time for which application threads were stopped: 0.0000633 seconds
2016-06-08T15:45:59.460-0530: 11.030: Total time for which application threads were stopped: 0.0001137 seconds
2016-06-08T15:45:59.462-0530: 11.032: Total time for which application threads were stopped: 0.0000784 seconds
2016-06-08T15:45:59.462-0530: 11.032: Total time for which application threads were stopped: 0.0000430 seconds
2016-06-08T15:45:59.462-0530: 11.032: Total time for which application threads were stopped: 0.0000393 seconds
2016-06-08T15:45:59.466-0530: 11.036: Total time for which application threads were stopped: 0.0000819 seconds
2016-06-08T15:45:59.529-0530: 11.099: Total time for which application threads were stopped: 0.0000854 seconds
2016-06-08T15:45:59.569-0530: 11.139: Total time for which application threads were stopped: 0.0001060 seconds
2016-06-08T15:46:00.580-0530: 12.150: Total time for which application threads were stopped: 0.0061097 seconds
2016-06-08T15:46:00.647-0530: 12.217: Total time for which application threads were stopped: 0.0002900 seconds
2016-06-08T15:46:01.345-0530: 12.915: Total time for which application threads were stopped: 0.0001430 seconds
2016-06-08T15:46:01.345-0530: 12.915: Total time for which application threads were stopped: 0.0000563 seconds
2016-06-08T15:46:01.345-0530: 12.915: Total time for which application threads were stopped: 0.0001483 seconds
2016-06-08T15:46:01.352-0530: 12.922: Total time for which application threads were stopped: 0.0001122 seconds
2016-06-08T15:46:01.371-0530: 12.941: Total time for which application threads were stopped: 0.0000799 seconds
2016-06-08T15:46:01.371-0530: 12.941: Total time for which application threads were stopped: 0.0001043 seconds
2016-06-08T15:46:01.382-0530: 12.952: Total time for which application threads were stopped: 0.0001056 seconds
2016-06-08T15:46:01.438-0530: 13.008: Total time for which application threads were stopped: 0.0001811 seconds
2016-06-08T15:46:01.438-0530: 13.008: Total time for which application threads were stopped: 0.0001130 seconds
2016-06-08T15:46:01.449-0530: 13.019: Total time for which application threads were stopped: 0.0002235 seconds
2016-06-08T15:46:01.467-0530: 13.037: Total time for which application threads were stopped: 0.0001278 seconds
2016-06-08T15:46:01.467-0530: 13.037: Total time for which application threads were stopped: 0.0001178 seconds
2016-06-08T15:46:01.467-0530: 13.037: Total time for which application threads were stopped: 0.0000812 seconds
2016-06-08T15:46:01.639-0530: 13.210: Total time for which application threads were stopped: 0.0000887 seconds
2016-06-08T15:46:01.640-0530: 13.210: Total time for which application threads were stopped: 0.0000411 seconds
2016-06-08T15:47:02.820-0530: 74.393: Total time for which application threads were stopped: 0.0002596 seconds
2016-06-08T15:47:21.590-0530: 93.162: Total time for which application threads were stopped: 0.0000566 seconds
2016-06-08T15:47:21.590-0530: 93.162: Total time for which application threads were stopped: 0.0000365 seconds
2016-06-08T15:47:21.630-0530: 93.202: Total time for which application threads were stopped: 0.0000657 seconds
2016-06-08T15:47:21.630-0530: 93.203: Total time for which application threads were stopped: 0.0000442 seconds
2016-06-08T15:47:21.630-0530: 93.203: Total time for which application threads were stopped: 0.0000372 seconds
2016-06-08T15:47:21.630-0530: 93.203: Total time for which application threads were stopped: 0.0000354 seconds
2016-06-08T15:47:21.630-0530: 93.203: Total time for which application threads were stopped: 0.0000344 seconds
2016-06-08T15:47:21.668-0530: 93.241: Total time for which application threads were stopped: 0.0001018 seconds
2016-06-08T15:47:21.668-0530: 93.241: Total time for which application threads were stopped: 0.0000788 seconds
2016-06-08T15:47:21.669-0530: 93.241: Total time for which application threads were stopped: 0.0000500 seconds
2016-06-08T15:47:21.669-0530: 93.241: Total time for which application threads were stopped: 0.0000597 seconds
2016-06-08T15:47:21.669-0530: 93.241: Total time for which application threads were stopped: 0.0000448 seconds
2016-06-08T15:47:21.669-0530: 93.242: Total time for which application threads were stopped: 0.0000712 seconds
2016-06-08T15:47:21.669-0530: 93.242: Total time for which application threads were stopped: 0.0000525 seconds
2016-06-08T15:47:21.669-0530: 93.242: Total time for which application threads were stopped: 0.0000652 seconds
2016-06-08T15:47:21.669-0530: 93.242: Total time for which application threads were stopped: 0.0000602 seconds
2016-06-08T15:47:21.669-0530: 93.242: Total time for which application threads were stopped: 0.0000411 seconds
2016-06-08T15:47:21.670-0530: 93.242: Total time for which application threads were stopped: 0.0000352 seconds
2016-06-08T15:47:21.672-0530: 93.244: Total time for which application threads were stopped: 0.0001470 seconds
2016-06-08T15:47:21.673-0530: 93.245: Total time for which application threads were stopped: 0.0000646 seconds
2016-06-08T15:47:21.673-0530: 93.246: Total time for which application threads were stopped: 0.0000479 seconds
2016-06-08T15:47:21.755-0530: 93.327: Total time for which application threads were stopped: 0.0001073 seconds
2016-06-08T15:47:21.756-0530: 93.328: Total time for which application threads were stopped: 0.0000676 seconds
2016-06-08T15:47:21.760-0530: 93.333: Total time for which application threads were stopped: 0.0000634 seconds
2016-06-08T15:47:21.760-0530: 93.333: Total time for which application threads were stopped: 0.0001414 seconds
2016-06-08T15:47:21.767-0530: 93.339: Total time for which application threads were stopped: 0.0000762 seconds
2016-06-08T15:47:21.767-0530: 93.339: Total time for which application threads were stopped: 0.0000513 seconds
2016-06-08T15:47:21.863-0530: 93.435: Total time for which application threads were stopped: 0.0000727 seconds
2016-06-08T15:47:21.863-0530: 93.436: Total time for which application threads were stopped: 0.0000537 seconds
2016-06-08T15:47:21.886-0530: 93.459: Total time for which application threads were stopped: 0.0000778 seconds
2016-06-08T15:47:21.886-0530: 93.459: Total time for which application threads were stopped: 0.0000332 seconds
2016-06-08T15:47:21.887-0530: 93.460: Total time for which application threads were stopped: 0.0000479 seconds
2016-06-08T15:47:21.892-0530: 93.465: Total time for which application threads were stopped: 0.0000796 seconds
2016-06-08T15:47:21.893-0530: 93.465: Total time for which application threads were stopped: 0.0000508 seconds
2016-06-08T15:47:21.926-0530: 93.499: Total time for which application threads were stopped: 0.0000931 seconds
2016-06-08T15:47:21.926-0530: 93.499: Total time for which application threads were stopped: 0.0000516 seconds
2016-06-08T15:47:22.179-0530: 93.752: Total time for which application threads were stopped: 0.0001350 seconds
2016-06-08T15:47:22.181-0530: 93.753: Total time for which application threads were stopped: 0.0000541 seconds
2016-06-08T15:47:22.304-0530: 93.876: Total time for which application threads were stopped: 0.0000808 seconds
2016-06-08T15:47:22.325-0530: 93.897: Total time for which application threads were stopped: 0.0002773 seconds
2016-06-08T15:47:22.325-0530: 93.898: Total time for which application threads were stopped: 0.0000683 seconds
2016-06-08T15:47:22.422-0530: 93.994: Total time for which application threads were stopped: 0.0000792 seconds
2016-06-08T15:47:22.422-0530: 93.995: Total time for which application threads were stopped: 0.0000559 seconds
2016-06-08T15:47:22.423-0530: 93.995: Total time for which application threads were stopped: 0.0000530 seconds
2016-06-08T15:47:22.457-0530: 94.030: Total time for which application threads were stopped: 0.0000690 seconds
2016-06-08T15:47:22.457-0530: 94.030: Total time for which application threads were stopped: 0.0000432 seconds
2016-06-08T15:47:22.470-0530: 94.043: Total time for which application threads were stopped: 0.0000733 seconds
2016-06-08T15:47:22.470-0530: 94.043: Total time for which application threads were stopped: 0.0000440 seconds
2016-06-08T15:47:22.488-0530: 94.061: Total time for which application threads were stopped: 0.0000686 seconds
2016-06-08T15:47:22.516-0530: 94.088: Total time for which application threads were stopped: 0.0000900 seconds
2016-06-08T15:47:22.552-0530: 94.124: Total time for which application threads were stopped: 0.0005609 seconds
2016-06-08T15:47:22.553-0530: 94.126: Total time for which application threads were stopped: 0.0003709 seconds
2016-06-08T15:47:22.554-0530: 94.127: Total time for which application threads were stopped: 0.0002741 seconds
2016-06-08T15:47:22.566-0530: 94.139: Total time for which application threads were stopped: 0.0000762 seconds
2016-06-08T15:47:22.569-0530: 94.142: Total time for which application threads were stopped: 0.0000592 seconds
2016-06-08T15:47:22.572-0530: 94.145: Total time for which application threads were stopped: 0.0000805 seconds
2016-06-08T15:47:22.606-0530: 94.178: Total time for which application threads were stopped: 0.0000922 seconds
2016-06-08T15:47:22.627-0530: 94.199: Total time for which application threads were stopped: 0.0003064 seconds
2016-06-08T15:47:22.638-0530: 94.210: Total time for which application threads were stopped: 0.0000952 seconds
2016-06-08T15:47:22.640-0530: 94.213: Total time for which application threads were stopped: 0.0000705 seconds
2016-06-08T15:47:22.643-0530: 94.216: Total time for which application threads were stopped: 0.0000699 seconds
2016-06-08T15:47:22.649-0530: 94.221: Total time for which application threads were stopped: 0.0000904 seconds
2016-06-08T15:47:22.652-0530: 94.225: Total time for which application threads were stopped: 0.0000699 seconds
2016-06-08T15:47:22.655-0530: 94.227: Total time for which application threads were stopped: 0.0000844 seconds
2016-06-08T15:47:22.658-0530: 94.231: Total time for which application threads were stopped: 0.0000900 seconds
2016-06-08T15:47:22.662-0530: 94.234: Total time for which application threads were stopped: 0.0001167 seconds
2016-06-08T15:47:22.668-0530: 94.240: Total time for which application threads were stopped: 0.0001082 seconds
2016-06-08T15:47:22.673-0530: 94.246: Total time for which application threads were stopped: 0.0000960 seconds
2016-06-08T15:47:22.678-0530: 94.250: Total time for which application threads were stopped: 0.0001698 seconds
2016-06-08T15:47:22.681-0530: 94.254: Total time for which application threads were stopped: 0.0001152 seconds
2016-06-08T15:47:22.685-0530: 94.258: Total time for which application threads were stopped: 0.0000935 seconds
2016-06-08T15:47:22.690-0530: 94.263: Total time for which application threads were stopped: 0.0000875 seconds
2016-06-08T15:47:22.695-0530: 94.268: Total time for which application threads were stopped: 0.0001758 seconds
2016-06-08T15:47:23.434-0530: 95.006: Total time for which application threads were stopped: 0.0002651 seconds
{Heap before GC invocations=4 (full 1):
 par new generation   total 109248K, used 95224K [0x00000007a0000000, 0x00000007a8000000, 0x00000007a8000000)
  eden space 87424K, 100% used [0x00000007a0000000, 0x00000007a5560000, 0x00000007a5560000)
  from space 21824K,  35% used [0x00000007a5560000, 0x00000007a5cfe340, 0x00000007a6ab0000)
  to   space 21824K,   0% used [0x00000007a6ab0000, 0x00000007a6ab0000, 0x00000007a8000000)
 concurrent mark-sweep generation total 393216K, used 0K [0x00000007a8000000, 0x00000007c0000000, 0x00000007c0000000)
 Metaspace       used 27137K, capacity 27456K, committed 27592K, reserved 1073152K
  class space    used 3188K, capacity 3255K, committed 3272K, reserved 1048576K
2016-06-08T15:47:23.622-0530: 95.195: [GC (Allocation Failure) 95.195: [ParNew
Desired survivor size 20112992 bytes, new threshold 8 (max 8)
- age   1:   13160000 bytes,   13160000 total
- age   2:        312 bytes,   13160312 total
- age   3:     605096 bytes,   13765408 total
- age   4:    1965792 bytes,   15731200 total
- age   5:    2469312 bytes,   18200512 total
: 95224K->19310K(109248K), 0.0179838 secs] 95224K->19310K(502464K), 0.0181145 secs] [Times: user=0.06 sys=0.01, real=0.02 secs] 
Heap after GC invocations=5 (full 1):
 par new generation   total 109248K, used 19310K [0x00000007a0000000, 0x00000007a8000000, 0x00000007a8000000)
  eden space 87424K,   0% used [0x00000007a0000000, 0x00000007a0000000, 0x00000007a5560000)
  from space 21824K,  88% used [0x00000007a6ab0000, 0x00000007a7d8bbc8, 0x00000007a8000000)
  to   space 21824K,   0% used [0x00000007a5560000, 0x00000007a5560000, 0x00000007a6ab0000)
 concurrent mark-sweep generation total 393216K, used 0K [0x00000007a8000000, 0x00000007c0000000, 0x00000007c0000000)
 Metaspace       used 27137K, capacity 27456K, committed 27592K, reserved 1073152K
  class space    used 3188K, capacity 3255K, committed 3272K, reserved 1048576K
}
2016-06-08T15:47:23.640-0530: 95.213: Total time for which application threads were stopped: 0.0183967 seconds
2016-06-08T15:47:23.913-0530: 95.486: Total time for which application threads were stopped: 0.0002033 seconds
2016-06-08T15:47:23.913-0530: 95.486: Total time for which application threads were stopped: 0.0001749 seconds
2016-06-08T15:47:23.913-0530: 95.486: Total time for which application threads were stopped: 0.0000560 seconds
2016-06-08T15:47:23.914-0530: 95.486: Total time for which application threads were stopped: 0.0000514 seconds
2016-06-08T15:47:24.308-0530: 95.880: Total time for which application threads were stopped: 0.0001624 seconds
2016-06-08T15:47:24.311-0530: 95.884: Total time for which application threads were stopped: 0.0000789 seconds
2016-06-08T15:47:24.311-0530: 95.884: Total time for which application threads were stopped: 0.0000425 seconds
2016-06-08T15:47:24.311-0530: 95.884: Total time for which application threads were stopped: 0.0000453 seconds
2016-06-08T15:47:24.311-0530: 95.884: Total time for which application threads were stopped: 0.0000476 seconds
2016-06-08T15:47:24.312-0530: 95.884: Total time for which application threads were stopped: 0.0000432 seconds
2016-06-08T15:47:24.312-0530: 95.884: Total time for which application threads were stopped: 0.0000464 seconds
2016-06-08T15:47:24.312-0530: 95.884: Total time for which application threads were stopped: 0.0000445 seconds
2016-06-08T15:47:24.312-0530: 95.885: Total time for which application threads were stopped: 0.0000460 seconds
2016-06-08T15:47:24.312-0530: 95.885: Total time for which application threads were stopped: 0.0000422 seconds
2016-06-08T15:47:24.312-0530: 95.885: Total time for which application threads were stopped: 0.0000460 seconds
2016-06-08T15:47:24.312-0530: 95.885: Total time for which application threads were stopped: 0.0000406 seconds
2016-06-08T15:47:24.312-0530: 95.885: Total time for which application threads were stopped: 0.0000452 seconds
2016-06-08T15:47:24.312-0530: 95.885: Total time for which application threads were stopped: 0.0000425 seconds
2016-06-08T15:47:24.312-0530: 95.885: Total time for which application threads were stopped: 0.0000449 seconds
2016-06-08T15:47:24.312-0530: 95.885: Total time for which application threads were stopped: 0.0000461 seconds
2016-06-08T15:47:24.312-0530: 95.885: Total time for which application threads were stopped: 0.0000449 seconds
2016-06-08T15:47:24.313-0530: 95.885: Total time for which application threads were stopped: 0.0000407 seconds
2016-06-08T15:47:24.774-0530: 96.347: Total time for which application threads were stopped: 0.0001916 seconds
2016-06-08T15:47:24.774-0530: 96.347: Total time for which application threads were stopped: 0.0000578 seconds
2016-06-08T15:47:24.776-0530: 96.349: Total time for which application threads were stopped: 0.0001163 seconds
2016-06-08T15:47:24.777-0530: 96.349: Total time for which application threads were stopped: 0.0000598 seconds
2016-06-08T15:47:24.777-0530: 96.350: Total time for which application threads were stopped: 0.0000624 seconds
2016-06-08T15:47:24.778-0530: 96.350: Total time for which application threads were stopped: 0.0000456 seconds
2016-06-08T15:47:24.778-0530: 96.350: Total time for which application threads were stopped: 0.0000431 seconds
2016-06-08T15:47:24.778-0530: 96.350: Total time for which application threads were stopped: 0.0000404 seconds
2016-06-08T15:47:24.778-0530: 96.351: Total time for which application threads were stopped: 0.0000597 seconds
2016-06-08T15:47:24.778-0530: 96.351: Total time for which application threads were stopped: 0.0000645 seconds
2016-06-08T15:47:24.778-0530: 96.351: Total time for which application threads were stopped: 0.0000635 seconds
2016-06-08T15:47:24.778-0530: 96.351: Total time for which application threads were stopped: 0.0000620 seconds
2016-06-08T15:47:24.778-0530: 96.351: Total time for which application threads were stopped: 0.0000698 seconds
2016-06-08T15:47:24.778-0530: 96.351: Total time for which application threads were stopped: 0.0000511 seconds
2016-06-08T15:47:24.779-0530: 96.351: Total time for which application threads were stopped: 0.0000670 seconds
2016-06-08T15:47:24.779-0530: 96.351: Total time for which application threads were stopped: 0.0000539 seconds
2016-06-08T15:47:24.779-0530: 96.351: Total time for which application threads were stopped: 0.0000461 seconds
2016-06-08T15:47:24.779-0530: 96.352: Total time for which application threads were stopped: 0.0000585 seconds
2016-06-08T15:47:24.779-0530: 96.352: Total time for which application threads were stopped: 0.0000537 seconds
2016-06-08T15:47:24.781-0530: 96.353: Total time for which application threads were stopped: 0.0000713 seconds
2016-06-08T15:47:24.783-0530: 96.355: Total time for which application threads were stopped: 0.0001068 seconds
2016-06-08T15:47:24.783-0530: 96.356: Total time for which application threads were stopped: 0.0000762 seconds
2016-06-08T15:47:24.783-0530: 96.356: Total time for which application threads were stopped: 0.0001174 seconds
2016-06-08T15:47:24.831-0530: 96.404: Total time for which application threads were stopped: 0.0001567 seconds
2016-06-08T15:47:24.831-0530: 96.404: Total time for which application threads were stopped: 0.0000910 seconds
2016-06-08T15:47:24.831-0530: 96.404: Total time for which application threads were stopped: 0.0000895 seconds
2016-06-08T15:47:24.832-0530: 96.404: Total time for which application threads were stopped: 0.0001400 seconds
2016-06-08T15:47:24.832-0530: 96.405: Total time for which application threads were stopped: 0.0001410 seconds
2016-06-08T15:47:25.837-0530: 97.410: Total time for which application threads were stopped: 0.0001292 seconds
2016-06-08T15:47:29.854-0530: 101.427: Total time for which application threads were stopped: 0.0001410 seconds
{Heap before GC invocations=5 (full 1):
 par new generation   total 109248K, used 106734K [0x00000007a0000000, 0x00000007a8000000, 0x00000007a8000000)
  eden space 87424K, 100% used [0x00000007a0000000, 0x00000007a5560000, 0x00000007a5560000)
  from space 21824K,  88% used [0x00000007a6ab0000, 0x00000007a7d8bbc8, 0x00000007a8000000)
  to   space 21824K,   0% used [0x00000007a5560000, 0x00000007a5560000, 0x00000007a6ab0000)
 concurrent mark-sweep generation total 393216K, used 0K [0x00000007a8000000, 0x00000007c0000000, 0x00000007c0000000)
 Metaspace       used 27835K, capacity 28160K, committed 28488K, reserved 1075200K
  class space    used 3245K, capacity 3319K, committed 3400K, reserved 1048576K
2016-06-08T15:47:30.377-0530: 101.950: [GC (Allocation Failure) 101.963: [ParNew
Desired survivor size 20112992 bytes, new threshold 8 (max 8)
- age   1:    5498808 bytes,    5498808 total
- age   2:    6950464 bytes,   12449272 total
- age   3:        312 bytes,   12449584 total
- age   4:     604360 bytes,   13053944 total
- age   5:    1964848 bytes,   15018792 total
- age   6:    2469232 bytes,   17488024 total
: 106734K->21824K(109248K), 0.0221145 secs] 106734K->21824K(502464K), 0.0355824 secs] [Times: user=0.05 sys=0.01, real=0.04 secs] 
Heap after GC invocations=6 (full 1):
 par new generation   total 109248K, used 21824K [0x00000007a0000000, 0x00000007a8000000, 0x00000007a8000000)
  eden space 87424K,   0% used [0x00000007a0000000, 0x00000007a0000000, 0x00000007a5560000)
  from space 21824K, 100% used [0x00000007a5560000, 0x00000007a6ab0000, 0x00000007a6ab0000)
  to   space 21824K,   0% used [0x00000007a6ab0000, 0x00000007a6ab0000, 0x00000007a8000000)
 concurrent mark-sweep generation total 393216K, used 0K [0x00000007a8000000, 0x00000007c0000000, 0x00000007c0000000)
 Metaspace       used 27835K, capacity 28160K, committed 28488K, reserved 1075200K
  class space    used 3245K, capacity 3319K, committed 3400K, reserved 1048576K
}
2016-06-08T15:47:30.413-0530: 101.986: Total time for which application threads were stopped: 0.0358312 seconds
2016-06-08T15:47:30.413-0530: 101.986: Total time for which application threads were stopped: 0.0002079 seconds
2016-06-08T15:47:31.414-0530: 102.987: Total time for which application threads were stopped: 0.0002025 seconds
2016-06-08T15:47:36.245-0530: 107.819: Total time for which application threads were stopped: 0.0000884 seconds
2016-06-08T15:47:36.246-0530: 107.819: Total time for which application threads were stopped: 0.0000710 seconds
2016-06-08T15:47:36.246-0530: 107.819: Total time for which application threads were stopped: 0.0000911 seconds
2016-06-08T15:47:36.247-0530: 107.820: Total time for which application threads were stopped: 0.0000503 seconds
2016-06-08T15:47:36.247-0530: 107.820: Total time for which application threads were stopped: 0.0000512 seconds
2016-06-08T15:47:36.247-0530: 107.820: Total time for which application threads were stopped: 0.0000493 seconds
2016-06-08T15:47:36.247-0530: 107.820: Total time for which application threads were stopped: 0.0000447 seconds
2016-06-08T15:47:36.248-0530: 107.821: Total time for which application threads were stopped: 0.0000970 seconds
2016-06-08T15:47:36.249-0530: 107.823: Total time for which application threads were stopped: 0.0000612 seconds
2016-06-08T15:47:36.307-0530: 107.880: Total time for which application threads were stopped: 0.0001034 seconds
2016-06-08T15:47:36.314-0530: 107.887: Total time for which application threads were stopped: 0.0000856 seconds
2016-06-08T15:47:36.329-0530: 107.902: Total time for which application threads were stopped: 0.0002354 seconds
2016-06-08T15:47:36.330-0530: 107.903: Total time for which application threads were stopped: 0.0000883 seconds
2016-06-08T15:47:36.346-0530: 107.919: Total time for which application threads were stopped: 0.0000891 seconds
2016-06-08T15:47:36.362-0530: 107.935: Total time for which application threads were stopped: 0.0000938 seconds
2016-06-08T15:47:36.366-0530: 107.939: Total time for which application threads were stopped: 0.0000746 seconds
2016-06-08T15:47:36.451-0530: 108.024: Total time for which application threads were stopped: 0.0001946 seconds
2016-06-08T15:47:36.470-0530: 108.043: Total time for which application threads were stopped: 0.0001134 seconds
2016-06-08T15:47:36.494-0530: 108.067: Total time for which application threads were stopped: 0.0001108 seconds
2016-06-08T15:47:36.517-0530: 108.090: Total time for which application threads were stopped: 0.0000851 seconds
2016-06-08T15:47:36.532-0530: 108.105: Total time for which application threads were stopped: 0.0000883 seconds
2016-06-08T15:47:36.548-0530: 108.121: Total time for which application threads were stopped: 0.0001079 seconds
2016-06-08T15:47:36.588-0530: 108.161: Total time for which application threads were stopped: 0.0000994 seconds
2016-06-08T15:47:36.593-0530: 108.166: Total time for which application threads were stopped: 0.0000784 seconds
2016-06-08T15:47:36.611-0530: 108.184: Total time for which application threads were stopped: 0.0001127 seconds
2016-06-08T15:47:36.619-0530: 108.192: Total time for which application threads were stopped: 0.0000863 seconds
{Heap before GC invocations=6 (full 1):
 par new generation   total 109248K, used 109248K [0x00000007a0000000, 0x00000007a8000000, 0x00000007a8000000)
  eden space 87424K, 100% used [0x00000007a0000000, 0x00000007a5560000, 0x00000007a5560000)
  from space 21824K, 100% used [0x00000007a5560000, 0x00000007a6ab0000, 0x00000007a6ab0000)
  to   space 21824K,   0% used [0x00000007a6ab0000, 0x00000007a6ab0000, 0x00000007a8000000)
 concurrent mark-sweep generation total 393216K, used 0K [0x00000007a8000000, 0x00000007c0000000, 0x00000007c0000000)
 Metaspace       used 27889K, capacity 28160K, committed 28488K, reserved 1075200K
  class space    used 3245K, capacity 3319K, committed 3400K, reserved 1048576K
2016-06-08T15:47:36.659-0530: 108.233: [GC (Allocation Failure) 108.233: [ParNew
Desired survivor size 20112992 bytes, new threshold 8 (max 8)
- age   1:    5041520 bytes,    5041520 total
- age   2:    2606424 bytes,    7647944 total
- age   3:    6735952 bytes,   14383896 total
- age   4:        312 bytes,   14384208 total
- age   5:     604360 bytes,   14988568 total
- age   6:    1964848 bytes,   16953416 total
- age   7:    2469184 bytes,   19422600 total
: 109248K->21824K(109248K), 0.0161805 secs] 109248K->22226K(502464K), 0.0162354 secs] [Times: user=0.04 sys=0.01, real=0.02 secs] 
Heap after GC invocations=7 (full 1):
 par new generation   total 109248K, used 21824K [0x00000007a0000000, 0x00000007a8000000, 0x00000007a8000000)
  eden space 87424K,   0% used [0x00000007a0000000, 0x00000007a0000000, 0x00000007a5560000)
  from space 21824K, 100% used [0x00000007a6ab0000, 0x00000007a8000000, 0x00000007a8000000)
  to   space 21824K,   0% used [0x00000007a5560000, 0x00000007a5560000, 0x00000007a6ab0000)
 concurrent mark-sweep generation total 393216K, used 402K [0x00000007a8000000, 0x00000007c0000000, 0x00000007c0000000)
 Metaspace       used 27889K, capacity 28160K, committed 28488K, reserved 1075200K
  class space    used 3245K, capacity 3319K, committed 3400K, reserved 1048576K
}
2016-06-08T15:47:36.676-0530: 108.249: Total time for which application threads were stopped: 0.0164761 seconds
2016-06-08T15:47:36.729-0530: 108.302: Total time for which application threads were stopped: 0.0000971 seconds
2016-06-08T15:47:36.737-0530: 108.310: Total time for which application threads were stopped: 0.0000837 seconds
2016-06-08T15:47:36.760-0530: 108.333: Total time for which application threads were stopped: 0.0001541 seconds
2016-06-08T15:47:36.862-0530: 108.435: Total time for which application threads were stopped: 0.0000864 seconds
2016-06-08T15:47:36.862-0530: 108.435: Total time for which application threads were stopped: 0.0000641 seconds
2016-06-08T15:47:36.862-0530: 108.435: Total time for which application threads were stopped: 0.0000454 seconds
2016-06-08T15:47:36.862-0530: 108.435: Total time for which application threads were stopped: 0.0000429 seconds
2016-06-08T15:47:36.862-0530: 108.435: Total time for which application threads were stopped: 0.0000471 seconds
2016-06-08T15:47:36.995-0530: 108.569: Total time for which application threads were stopped: 0.0005497 seconds
2016-06-08T15:47:36.996-0530: 108.569: Total time for which application threads were stopped: 0.0000809 seconds
2016-06-08T15:47:36.998-0530: 108.571: Total time for which application threads were stopped: 0.0001422 seconds
2016-06-08T15:47:36.999-0530: 108.572: Total time for which application threads were stopped: 0.0000938 seconds
2016-06-08T15:47:36.999-0530: 108.572: Total time for which application threads were stopped: 0.0000656 seconds
2016-06-08T15:47:37.013-0530: 108.586: Total time for which application threads were stopped: 0.0035940 seconds
2016-06-08T15:47:37.014-0530: 108.587: Total time for which application threads were stopped: 0.0001563 seconds
2016-06-08T15:47:37.041-0530: 108.614: Total time for which application threads were stopped: 0.0001342 seconds
2016-06-08T15:47:37.041-0530: 108.614: Total time for which application threads were stopped: 0.0000522 seconds
2016-06-08T15:47:37.041-0530: 108.615: Total time for which application threads were stopped: 0.0000703 seconds
2016-06-08T15:47:37.042-0530: 108.615: Total time for which application threads were stopped: 0.0000506 seconds
2016-06-08T15:47:37.042-0530: 108.615: Total time for which application threads were stopped: 0.0000555 seconds
2016-06-08T15:47:37.042-0530: 108.615: Total time for which application threads were stopped: 0.0000465 seconds
2016-06-08T15:47:37.042-0530: 108.615: Total time for which application threads were stopped: 0.0000554 seconds
2016-06-08T15:47:37.042-0530: 108.615: Total time for which application threads were stopped: 0.0000465 seconds
2016-06-08T15:47:37.042-0530: 108.615: Total time for which application threads were stopped: 0.0000524 seconds
2016-06-08T15:47:37.042-0530: 108.615: Total time for which application threads were stopped: 0.0000461 seconds
2016-06-08T15:47:37.042-0530: 108.615: Total time for which application threads were stopped: 0.0000523 seconds
2016-06-08T15:47:37.042-0530: 108.615: Total time for which application threads were stopped: 0.0000505 seconds
2016-06-08T15:47:37.042-0530: 108.615: Total time for which application threads were stopped: 0.0000540 seconds
2016-06-08T15:47:37.042-0530: 108.616: Total time for which application threads were stopped: 0.0000713 seconds
2016-06-08T15:47:37.043-0530: 108.616: Total time for which application threads were stopped: 0.0000948 seconds
2016-06-08T15:47:37.043-0530: 108.616: Total time for which application threads were stopped: 0.0000553 seconds
2016-06-08T15:47:37.043-0530: 108.616: Total time for which application threads were stopped: 0.0000491 seconds
2016-06-08T15:47:37.047-0530: 108.620: Total time for which application threads were stopped: 0.0001247 seconds
2016-06-08T15:47:37.048-0530: 108.621: Total time for which application threads were stopped: 0.0001683 seconds
2016-06-08T15:47:37.048-0530: 108.621: Total time for which application threads were stopped: 0.0000992 seconds
2016-06-08T15:47:37.048-0530: 108.621: Total time for which application threads were stopped: 0.0000803 seconds
2016-06-08T15:47:37.048-0530: 108.622: Total time for which application threads were stopped: 0.0000818 seconds
2016-06-08T15:47:37.093-0530: 108.666: Total time for which application threads were stopped: 0.0001103 seconds
2016-06-08T15:47:37.094-0530: 108.667: Total time for which application threads were stopped: 0.0001018 seconds
2016-06-08T15:47:38.098-0530: 109.671: Total time for which application threads were stopped: 0.0001281 seconds
{Heap before GC invocations=7 (full 1):
 par new generation   total 109248K, used 109248K [0x00000007a0000000, 0x00000007a8000000, 0x00000007a8000000)
  eden space 87424K, 100% used [0x00000007a0000000, 0x00000007a5560000, 0x00000007a5560000)
  from space 21824K, 100% used [0x00000007a6ab0000, 0x00000007a8000000, 0x00000007a8000000)
  to   space 21824K,   0% used [0x00000007a5560000, 0x00000007a5560000, 0x00000007a6ab0000)
 concurrent mark-sweep generation total 393216K, used 402K [0x00000007a8000000, 0x00000007c0000000, 0x00000007c0000000)
 Metaspace       used 27922K, capacity 28224K, committed 28488K, reserved 1075200K
  class space    used 3245K, capacity 3319K, committed 3400K, reserved 1048576K
2016-06-08T15:47:42.687-0530: 114.260: [GC (Allocation Failure) 114.267: [ParNew
Desired survivor size 20112992 bytes, new threshold 8 (max 8)
- age   1:    4386488 bytes,    4386488 total
- age   2:    2683704 bytes,    7070192 total
- age   3:    2518448 bytes,    9588640 total
- age   4:    4963640 bytes,   14552280 total
- age   5:        312 bytes,   14552592 total
- age   6:     546064 bytes,   15098656 total
- age   7:    1956184 bytes,   17054840 total
- age   8:    2469048 bytes,   19523888 total
: 109248K->21824K(109248K), 0.0353233 secs] 109650K->25236K(502464K), 0.0423651 secs] [Times: user=0.08 sys=0.01, real=0.04 secs] 
Heap after GC invocations=8 (full 1):
 par new generation   total 109248K, used 21824K [0x00000007a0000000, 0x00000007a8000000, 0x00000007a8000000)
  eden space 87424K,   0% used [0x00000007a0000000, 0x00000007a0000000, 0x00000007a5560000)
  from space 21824K, 100% used [0x00000007a5560000, 0x00000007a6ab0000, 0x00000007a6ab0000)
  to   space 21824K,   0% used [0x00000007a6ab0000, 0x00000007a6ab0000, 0x00000007a8000000)
 concurrent mark-sweep generation total 393216K, used 3412K [0x00000007a8000000, 0x00000007c0000000, 0x00000007c0000000)
 Metaspace       used 27922K, capacity 28224K, committed 28488K, reserved 1075200K
  class space    used 3245K, capacity 3319K, committed 3400K, reserved 1048576K
}
2016-06-08T15:47:42.729-0530: 114.303: Total time for which application threads were stopped: 0.0426149 seconds
2016-06-08T15:47:43.086-0530: 114.659: Total time for which application threads were stopped: 0.0001045 seconds
2016-06-08T15:47:43.088-0530: 114.661: Total time for which application threads were stopped: 0.0001063 seconds
2016-06-08T15:47:43.197-0530: 114.770: Total time for which application threads were stopped: 0.0001054 seconds
2016-06-08T15:47:43.197-0530: 114.770: Total time for which application threads were stopped: 0.0000466 seconds
2016-06-08T15:47:43.201-0530: 114.774: Total time for which application threads were stopped: 0.0001588 seconds
2016-06-08T15:47:43.201-0530: 114.774: Total time for which application threads were stopped: 0.0000607 seconds
2016-06-08T15:47:43.201-0530: 114.775: Total time for which application threads were stopped: 0.0001814 seconds
2016-06-08T15:47:43.201-0530: 114.775: Total time for which application threads were stopped: 0.0000700 seconds
2016-06-08T15:47:43.202-0530: 114.776: Total time for which application threads were stopped: 0.0001035 seconds
2016-06-08T15:47:43.202-0530: 114.776: Total time for which application threads were stopped: 0.0000758 seconds
2016-06-08T15:47:43.203-0530: 114.776: Total time for which application threads were stopped: 0.0000398 seconds
2016-06-08T15:47:44.206-0530: 115.780: Total time for which application threads were stopped: 0.0000986 seconds
{Heap before GC invocations=8 (full 1):
 par new generation   total 109248K, used 109248K [0x00000007a0000000, 0x00000007a8000000, 0x00000007a8000000)
  eden space 87424K, 100% used [0x00000007a0000000, 0x00000007a5560000, 0x00000007a5560000)
  from space 21824K, 100% used [0x00000007a5560000, 0x00000007a6ab0000, 0x00000007a6ab0000)
  to   space 21824K,   0% used [0x00000007a6ab0000, 0x00000007a6ab0000, 0x00000007a8000000)
 concurrent mark-sweep generation total 393216K, used 3412K [0x00000007a8000000, 0x00000007c0000000, 0x00000007c0000000)
 Metaspace       used 27936K, capacity 28224K, committed 28488K, reserved 1075200K
  class space    used 3246K, capacity 3319K, committed 3400K, reserved 1048576K
2016-06-08T15:47:49.185-0530: 120.759: [GC (Allocation Failure) 120.759: [ParNew
Desired survivor size 20112992 bytes, new threshold 8 (max 8)
- age   1:    4513896 bytes,    4513896 total
- age   2:    2671360 bytes,    7185256 total
- age   3:    1105288 bytes,    8290544 total
- age   4:    1009880 bytes,    9300424 total
- age   5:    3656672 bytes,   12957096 total
- age   6:        312 bytes,   12957408 total
- age   7:     471216 bytes,   13428624 total
- age   8:    1622208 bytes,   15050832 total
: 109248K->21824K(109248K), 0.0311269 secs] 112660K->36096K(502464K), 0.0315649 secs] [Times: user=0.05 sys=0.01, real=0.03 secs] 
Heap after GC invocations=9 (full 1):
 par new generation   total 109248K, used 21824K [0x00000007a0000000, 0x00000007a8000000, 0x00000007a8000000)
  eden space 87424K,   0% used [0x00000007a0000000, 0x00000007a0000000, 0x00000007a5560000)
  from space 21824K, 100% used [0x00000007a6ab0000, 0x00000007a8000000, 0x00000007a8000000)
  to   space 21824K,   0% used [0x00000007a5560000, 0x00000007a5560000, 0x00000007a6ab0000)
 concurrent mark-sweep generation total 393216K, used 14272K [0x00000007a8000000, 0x00000007c0000000, 0x00000007c0000000)
 Metaspace       used 27936K, capacity 28224K, committed 28488K, reserved 1075200K
  class space    used 3246K, capacity 3319K, committed 3400K, reserved 1048576K
}
2016-06-08T15:47:49.217-0530: 120.790: Total time for which application threads were stopped: 0.0318219 seconds
2016-06-08T15:47:49.495-0530: 121.068: Total time for which application threads were stopped: 0.0001861 seconds
2016-06-08T15:47:49.496-0530: 121.070: Total time for which application threads were stopped: 0.0001207 seconds
2016-06-08T15:47:49.553-0530: 121.126: Total time for which application threads were stopped: 0.0001225 seconds
2016-06-08T15:47:49.557-0530: 121.130: Total time for which application threads were stopped: 0.0001233 seconds
2016-06-08T15:47:49.557-0530: 121.130: Total time for which application threads were stopped: 0.0000794 seconds
2016-06-08T15:47:49.557-0530: 121.131: Total time for which application threads were stopped: 0.0000512 seconds
2016-06-08T15:47:49.557-0530: 121.131: Total time for which application threads were stopped: 0.0001063 seconds
2016-06-08T15:47:49.558-0530: 121.131: Total time for which application threads were stopped: 0.0000868 seconds
2016-06-08T15:47:49.558-0530: 121.132: Total time for which application threads were stopped: 0.0001151 seconds
2016-06-08T15:47:49.559-0530: 121.132: Total time for which application threads were stopped: 0.0000774 seconds
{Heap before GC invocations=9 (full 1):
 par new generation   total 109248K, used 109248K [0x00000007a0000000, 0x00000007a8000000, 0x00000007a8000000)
  eden space 87424K, 100% used [0x00000007a0000000, 0x00000007a5560000, 0x00000007a5560000)
  from space 21824K, 100% used [0x00000007a6ab0000, 0x00000007a8000000, 0x00000007a8000000)
  to   space 21824K,   0% used [0x00000007a5560000, 0x00000007a5560000, 0x00000007a6ab0000)
 concurrent mark-sweep generation total 393216K, used 14272K [0x00000007a8000000, 0x00000007c0000000, 0x00000007c0000000)
 Metaspace       used 27957K, capacity 28230K, committed 28488K, reserved 1075200K
  class space    used 3246K, capacity 3320K, committed 3400K, reserved 1048576K
2016-06-08T15:47:55.405-0530: 126.979: [GC (Allocation Failure) 126.979: [ParNew
Desired survivor size 20112992 bytes, new threshold 8 (max 8)
- age   1:    5283776 bytes,    5283776 total
- age   2:    2199832 bytes,    7483608 total
- age   3:    2671360 bytes,   10154968 total
- age   4:    1105216 bytes,   11260184 total
- age   5:    1009808 bytes,   12269992 total
- age   6:    3653024 bytes,   15923016 total
- age   7:        312 bytes,   15923328 total
- age   8:     471216 bytes,   16394544 total
: 109248K->21824K(109248K), 0.0219887 secs] 123520K->37731K(502464K), 0.0220605 secs] [Times: user=0.04 sys=0.01, real=0.02 secs] 
Heap after GC invocations=10 (full 1):
 par new generation   total 109248K, used 21824K [0x00000007a0000000, 0x00000007a8000000, 0x00000007a8000000)
  eden space 87424K,   0% used [0x00000007a0000000, 0x00000007a0000000, 0x00000007a5560000)
  from space 21824K, 100% used [0x00000007a5560000, 0x00000007a6ab0000, 0x00000007a6ab0000)
  to   space 21824K,   0% used [0x00000007a6ab0000, 0x00000007a6ab0000, 0x00000007a8000000)
 concurrent mark-sweep generation total 393216K, used 15907K [0x00000007a8000000, 0x00000007c0000000, 0x00000007c0000000)
 Metaspace       used 27957K, capacity 28230K, committed 28488K, reserved 1075200K
  class space    used 3246K, capacity 3320K, committed 3400K, reserved 1048576K
}
2016-06-08T15:47:55.427-0530: 127.001: Total time for which application threads were stopped: 0.0222769 seconds
2016-06-08T15:47:55.707-0530: 127.281: Total time for which application threads were stopped: 0.0001141 seconds
2016-06-08T15:47:55.707-0530: 127.281: Total time for which application threads were stopped: 0.0000551 seconds
2016-06-08T15:47:55.709-0530: 127.282: Total time for which application threads were stopped: 0.0001304 seconds
2016-06-08T15:47:55.709-0530: 127.283: Total time for which application threads were stopped: 0.0000845 seconds
2016-06-08T15:47:55.709-0530: 127.283: Total time for which application threads were stopped: 0.0000929 seconds
2016-06-08T15:47:55.725-0530: 127.299: Total time for which application threads were stopped: 0.0001276 seconds
2016-06-08T15:47:55.727-0530: 127.301: Total time for which application threads were stopped: 0.0001280 seconds
2016-06-08T15:47:55.733-0530: 127.307: Total time for which application threads were stopped: 0.0001540 seconds
2016-06-08T15:47:55.746-0530: 127.320: Total time for which application threads were stopped: 0.0016076 seconds
2016-06-08T15:47:55.756-0530: 127.329: Total time for which application threads were stopped: 0.0006482 seconds
2016-06-08T15:47:55.767-0530: 127.341: Total time for which application threads were stopped: 0.0001146 seconds
2016-06-08T15:47:55.770-0530: 127.344: Total time for which application threads were stopped: 0.0001679 seconds
2016-06-08T15:47:55.773-0530: 127.347: Total time for which application threads were stopped: 0.0001492 seconds
2016-06-08T15:47:55.773-0530: 127.347: Total time for which application threads were stopped: 0.0001657 seconds
2016-06-08T15:47:55.773-0530: 127.347: Total time for which application threads were stopped: 0.0001244 seconds
2016-06-08T15:47:55.774-0530: 127.348: Total time for which application threads were stopped: 0.0001108 seconds
2016-06-08T15:47:55.775-0530: 127.348: Total time for which application threads were stopped: 0.0000896 seconds
2016-06-08T15:47:55.775-0530: 127.348: Total time for which application threads were stopped: 0.0000611 seconds
2016-06-08T15:47:55.775-0530: 127.348: Total time for which application threads were stopped: 0.0000615 seconds
2016-06-08T15:47:55.789-0530: 127.363: Total time for which application threads were stopped: 0.0001591 seconds
2016-06-08T15:47:55.797-0530: 127.370: Total time for which application threads were stopped: 0.0001042 seconds
2016-06-08T15:47:56.514-0530: 128.087: Total time for which application threads were stopped: 0.0001314 seconds
2016-06-08T15:47:56.514-0530: 128.088: Total time for which application threads were stopped: 0.0000567 seconds
2016-06-08T15:47:56.515-0530: 128.088: Total time for which application threads were stopped: 0.0001032 seconds
2016-06-08T15:47:56.516-0530: 128.089: Total time for which application threads were stopped: 0.0000615 seconds
2016-06-08T15:47:56.516-0530: 128.090: Total time for which application threads were stopped: 0.0000496 seconds
2016-06-08T15:47:56.517-0530: 128.091: Total time for which application threads were stopped: 0.0000868 seconds
2016-06-08T15:47:56.517-0530: 128.091: Total time for which application threads were stopped: 0.0000766 seconds
2016-06-08T15:47:56.518-0530: 128.092: Total time for which application threads were stopped: 0.0001151 seconds
2016-06-08T15:47:56.519-0530: 128.159: Total time for which application threads were stopped: 0.0667148 seconds
2016-06-08T15:47:57.590-0530: 129.164: Total time for which application threads were stopped: 0.0002344 seconds
{Heap before GC invocations=10 (full 1):
 par new generation   total 109248K, used 109248K [0x00000007a0000000, 0x00000007a8000000, 0x00000007a8000000)
  eden space 87424K, 100% used [0x00000007a0000000, 0x00000007a5560000, 0x00000007a5560000)
  from space 21824K, 100% used [0x00000007a5560000, 0x00000007a6ab0000, 0x00000007a6ab0000)
  to   space 21824K,   0% used [0x00000007a6ab0000, 0x00000007a6ab0000, 0x00000007a8000000)
 concurrent mark-sweep generation total 393216K, used 15907K [0x00000007a8000000, 0x00000007c0000000, 0x00000007c0000000)
 Metaspace       used 28112K, capacity 28390K, committed 28744K, reserved 1075200K
  class space    used 3264K, capacity 3352K, committed 3400K, reserved 1048576K
2016-06-08T15:47:58.217-0530: 129.790: [GC (Allocation Failure) 129.790: [ParNew
Desired survivor size 20112992 bytes, new threshold 8 (max 8)
- age   1:    2169112 bytes,    2169112 total
- age   2:    2812504 bytes,    4981616 total
- age   3:    2199800 bytes,    7181416 total
- age   4:    2671280 bytes,    9852696 total
- age   5:    1105192 bytes,   10957888 total
- age   6:    1008864 bytes,   11966752 total
- age   7:    3651392 bytes,   15618144 total
- age   8:        312 bytes,   15618456 total
: 109248K->21435K(109248K), 0.0131456 secs] 125155K->37818K(502464K), 0.0132404 secs] [Times: user=0.04 sys=0.00, real=0.02 secs] 
Heap after GC invocations=11 (full 1):
 par new generation   total 109248K, used 21435K [0x00000007a0000000, 0x00000007a8000000, 0x00000007a8000000)
  eden space 87424K,   0% used [0x00000007a0000000, 0x00000007a0000000, 0x00000007a5560000)
  from space 21824K,  98% used [0x00000007a6ab0000, 0x00000007a7f9eea8, 0x00000007a8000000)
  to   space 21824K,   0% used [0x00000007a5560000, 0x00000007a5560000, 0x00000007a6ab0000)
 concurrent mark-sweep generation total 393216K, used 16382K [0x00000007a8000000, 0x00000007c0000000, 0x00000007c0000000)
 Metaspace       used 28112K, capacity 28390K, committed 28744K, reserved 1075200K
  class space    used 3264K, capacity 3352K, committed 3400K, reserved 1048576K
}
2016-06-08T15:47:58.230-0530: 129.804: Total time for which application threads were stopped: 0.0135364 seconds
2016-06-08T15:47:58.688-0530: 130.262: Total time for which application threads were stopped: 0.0001694 seconds
2016-06-08T15:47:59.692-0530: 131.266: Total time for which application threads were stopped: 0.0001789 seconds
{Heap before GC invocations=11 (full 1):
 par new generation   total 109248K, used 108859K [0x00000007a0000000, 0x00000007a8000000, 0x00000007a8000000)
  eden space 87424K, 100% used [0x00000007a0000000, 0x00000007a5560000, 0x00000007a5560000)
  from space 21824K,  98% used [0x00000007a6ab0000, 0x00000007a7f9eea8, 0x00000007a8000000)
  to   space 21824K,   0% used [0x00000007a5560000, 0x00000007a5560000, 0x00000007a6ab0000)
 concurrent mark-sweep generation total 393216K, used 16382K [0x00000007a8000000, 0x00000007c0000000, 0x00000007c0000000)
 Metaspace       used 28138K, capacity 28390K, committed 28744K, reserved 1075200K
  class space    used 3266K, capacity 3352K, committed 3400K, reserved 1048576K
2016-06-08T15:48:03.411-0530: 134.985: [GC (Allocation Failure) 134.985: [ParNew
Desired survivor size 20112992 bytes, new threshold 8 (max 8)
- age   1:    3707568 bytes,    3707568 total
- age   2:    1796752 bytes,    5504320 total
- age   3:    2811456 bytes,    8315776 total
- age   4:    2199768 bytes,   10515544 total
- age   5:    2671072 bytes,   13186616 total
- age   6:    1105024 bytes,   14291640 total
- age   7:    1008792 bytes,   15300432 total
- age   8:    3648680 bytes,   18949112 total
: 108859K->21545K(109248K), 0.0120815 secs] 125242K->37928K(502464K), 0.0121397 secs] [Times: user=0.03 sys=0.00, real=0.01 secs] 
Heap after GC invocations=12 (full 1):
 par new generation   total 109248K, used 21545K [0x00000007a0000000, 0x00000007a8000000, 0x00000007a8000000)
  eden space 87424K,   0% used [0x00000007a0000000, 0x00000007a0000000, 0x00000007a5560000)
  from space 21824K,  98% used [0x00000007a5560000, 0x00000007a6a6a798, 0x00000007a6ab0000)
  to   space 21824K,   0% used [0x00000007a6ab0000, 0x00000007a6ab0000, 0x00000007a8000000)
 concurrent mark-sweep generation total 393216K, used 16382K [0x00000007a8000000, 0x00000007c0000000, 0x00000007c0000000)
 Metaspace       used 28138K, capacity 28390K, committed 28744K, reserved 1075200K
  class space    used 3266K, capacity 3352K, committed 3400K, reserved 1048576K
}
2016-06-08T15:48:03.423-0530: 134.997: Total time for which application threads were stopped: 0.0124063 seconds
2016-06-08T15:48:03.423-0530: 134.997: Total time for which application threads were stopped: 0.0002866 seconds
2016-06-08T15:48:03.817-0530: 135.391: Total time for which application threads were stopped: 0.0001395 seconds
2016-06-08T15:48:03.818-0530: 135.392: Total time for which application threads were stopped: 0.0000761 seconds
2016-06-08T15:48:03.818-0530: 135.392: Total time for which application threads were stopped: 0.0000584 seconds
2016-06-08T15:48:03.819-0530: 135.393: Total time for which application threads were stopped: 0.0001404 seconds
2016-06-08T15:48:03.820-0530: 135.394: Total time for which application threads were stopped: 0.0000870 seconds
2016-06-08T15:48:03.820-0530: 135.394: Total time for which application threads were stopped: 0.0000501 seconds
2016-06-08T15:48:03.820-0530: 135.394: Total time for which application threads were stopped: 0.0000489 seconds
2016-06-08T15:48:03.821-0530: 135.395: Total time for which application threads were stopped: 0.0000678 seconds
2016-06-08T15:48:03.821-0530: 135.395: Total time for which application threads were stopped: 0.0000775 seconds
2016-06-08T15:48:03.821-0530: 135.395: Total time for which application threads were stopped: 0.0000611 seconds
2016-06-08T15:48:03.821-0530: 135.395: Total time for which application threads were stopped: 0.0000519 seconds
2016-06-08T15:48:03.821-0530: 135.395: Total time for which application threads were stopped: 0.0000488 seconds
2016-06-08T15:48:03.821-0530: 135.395: Total time for which application threads were stopped: 0.0000479 seconds
2016-06-08T15:48:03.822-0530: 135.395: Total time for which application threads were stopped: 0.0000442 seconds
2016-06-08T15:48:03.822-0530: 135.396: Total time for which application threads were stopped: 0.0000481 seconds
2016-06-08T15:48:03.822-0530: 135.396: Total time for which application threads were stopped: 0.0000461 seconds
2016-06-08T15:48:03.822-0530: 135.396: Total time for which application threads were stopped: 0.0000525 seconds
2016-06-08T15:48:03.822-0530: 135.396: Total time for which application threads were stopped: 0.0000527 seconds
2016-06-08T15:48:03.822-0530: 135.396: Total time for which application threads were stopped: 0.0000509 seconds
2016-06-08T15:48:03.823-0530: 135.397: Total time for which application threads were stopped: 0.0000644 seconds
2016-06-08T15:48:03.823-0530: 135.397: Total time for which application threads were stopped: 0.0000652 seconds
2016-06-08T15:48:03.823-0530: 135.397: Total time for which application threads were stopped: 0.0001465 seconds
2016-06-08T15:48:03.823-0530: 135.397: Total time for which application threads were stopped: 0.0000515 seconds
2016-06-08T15:48:03.824-0530: 135.397: Total time for which application threads were stopped: 0.0000532 seconds
2016-06-08T15:48:03.824-0530: 135.398: Total time for which application threads were stopped: 0.0000547 seconds
2016-06-08T15:48:03.824-0530: 135.398: Total time for which application threads were stopped: 0.0000535 seconds
2016-06-08T15:48:03.824-0530: 135.398: Total time for which application threads were stopped: 0.0000505 seconds
2016-06-08T15:48:03.826-0530: 135.400: Total time for which application threads were stopped: 0.0001432 seconds
2016-06-08T15:48:04.829-0530: 136.403: Total time for which application threads were stopped: 0.0001540 seconds
2016-06-08T15:48:09.458-0530: 141.032: Total time for which application threads were stopped: 0.0000849 seconds
2016-06-08T15:48:09.458-0530: 141.032: Total time for which application threads were stopped: 0.0000653 seconds
2016-06-08T15:48:09.458-0530: 141.032: Total time for which application threads were stopped: 0.0000588 seconds
2016-06-08T15:48:09.458-0530: 141.032: Total time for which application threads were stopped: 0.0000563 seconds
2016-06-08T15:48:09.458-0530: 141.032: Total time for which application threads were stopped: 0.0000450 seconds
2016-06-08T15:48:09.458-0530: 141.033: Total time for which application threads were stopped: 0.0000463 seconds
2016-06-08T15:48:09.459-0530: 141.033: Total time for which application threads were stopped: 0.0000444 seconds
2016-06-08T15:48:09.459-0530: 141.033: Total time for which application threads were stopped: 0.0000439 seconds
2016-06-08T15:48:09.459-0530: 141.033: Total time for which application threads were stopped: 0.0000432 seconds
2016-06-08T15:48:09.459-0530: 141.033: Total time for which application threads were stopped: 0.0001279 seconds
{Heap before GC invocations=12 (full 1):
 par new generation   total 109248K, used 108969K [0x00000007a0000000, 0x00000007a8000000, 0x00000007a8000000)
  eden space 87424K, 100% used [0x00000007a0000000, 0x00000007a5560000, 0x00000007a5560000)
  from space 21824K,  98% used [0x00000007a5560000, 0x00000007a6a6a798, 0x00000007a6ab0000)
  to   space 21824K,   0% used [0x00000007a6ab0000, 0x00000007a6ab0000, 0x00000007a8000000)
 concurrent mark-sweep generation total 393216K, used 16382K [0x00000007a8000000, 0x00000007c0000000, 0x00000007c0000000)
 Metaspace       used 28162K, capacity 28462K, committed 28744K, reserved 1075200K
  class space    used 3268K, capacity 3354K, committed 3400K, reserved 1048576K
2016-06-08T15:48:09.815-0530: 141.389: [GC (Allocation Failure) 141.405: [ParNew
Desired survivor size 20112992 bytes, new threshold 8 (max 8)
- age   1:    5502160 bytes,    5502160 total
- age   2:    1175816 bytes,    6677976 total
- age   3:      25280 bytes,    6703256 total
- age   4:     129408 bytes,    6832664 total
- age   5:    1139192 bytes,    7971856 total
- age   6:    2662936 bytes,   10634792 total
- age   7:    1104424 bytes,   11739216 total
- age   8:    1008744 bytes,   12747960 total
: 108969K->21011K(109248K), 0.0127638 secs] 125352K->40957K(502464K), 0.0285150 secs] [Times: user=0.05 sys=0.00, real=0.03 secs] 
Heap after GC invocations=13 (full 1):
 par new generation   total 109248K, used 21011K [0x00000007a0000000, 0x00000007a8000000, 0x00000007a8000000)
  eden space 87424K,   0% used [0x00000007a0000000, 0x00000007a0000000, 0x00000007a5560000)
  from space 21824K,  96% used [0x00000007a6ab0000, 0x00000007a7f34df0, 0x00000007a8000000)
  to   space 21824K,   0% used [0x00000007a5560000, 0x00000007a5560000, 0x00000007a6ab0000)
 concurrent mark-sweep generation total 393216K, used 19945K [0x00000007a8000000, 0x00000007c0000000, 0x00000007c0000000)
 Metaspace       used 28162K, capacity 28462K, committed 28744K, reserved 1075200K
  class space    used 3268K, capacity 3354K, committed 3400K, reserved 1048576K
}
2016-06-08T15:48:09.844-0530: 141.418: Total time for which application threads were stopped: 0.0287193 seconds
2016-06-08T15:48:10.025-0530: 141.599: Total time for which application threads were stopped: 0.0001029 seconds
2016-06-08T15:48:10.025-0530: 141.599: Total time for which application threads were stopped: 0.0000519 seconds
2016-06-08T15:48:10.026-0530: 141.600: Total time for which application threads were stopped: 0.0000942 seconds
2016-06-08T15:48:10.056-0530: 141.630: Total time for which application threads were stopped: 0.0001046 seconds
2016-06-08T15:48:10.059-0530: 141.633: Total time for which application threads were stopped: 0.0001074 seconds
2016-06-08T15:48:10.059-0530: 141.633: Total time for which application threads were stopped: 0.0000569 seconds
{Heap before GC invocations=13 (full 1):
 par new generation   total 109248K, used 108435K [0x00000007a0000000, 0x00000007a8000000, 0x00000007a8000000)
  eden space 87424K, 100% used [0x00000007a0000000, 0x00000007a5560000, 0x00000007a5560000)
  from space 21824K,  96% used [0x00000007a6ab0000, 0x00000007a7f34df0, 0x00000007a8000000)
  to   space 21824K,   0% used [0x00000007a5560000, 0x00000007a5560000, 0x00000007a6ab0000)
 concurrent mark-sweep generation total 393216K, used 19945K [0x00000007a8000000, 0x00000007c0000000, 0x00000007c0000000)
 Metaspace       used 28181K, capacity 28462K, committed 28744K, reserved 1075200K
  class space    used 3268K, capacity 3354K, committed 3400K, reserved 1048576K
2016-06-08T15:48:15.522-0530: 147.096: [GC (Allocation Failure) 147.096: [ParNew
Desired survivor size 20112992 bytes, new threshold 8 (max 8)
- age   1:    5664432 bytes,    5664432 total
- age   2:    2745848 bytes,    8410280 total
- age   3:    1175816 bytes,    9586096 total
- age   4:      23328 bytes,    9609424 total
- age   5:      62080 bytes,    9671504 total
- age   6:    1139192 bytes,   10810696 total
- age   7:    2662936 bytes,   13473632 total
- age   8:    1104376 bytes,   14578008 total
: 108435K->18189K(109248K), 0.0075873 secs] 128381K->39120K(502464K), 0.0076672 secs] [Times: user=0.02 sys=0.00, real=0.00 secs] 
Heap after GC invocations=14 (full 1):
 par new generation   total 109248K, used 18189K [0x00000007a0000000, 0x00000007a8000000, 0x00000007a8000000)
  eden space 87424K,   0% used [0x00000007a0000000, 0x00000007a0000000, 0x00000007a5560000)
  from space 21824K,  83% used [0x00000007a5560000, 0x00000007a6723410, 0x00000007a6ab0000)
  to   space 21824K,   0% used [0x00000007a6ab0000, 0x00000007a6ab0000, 0x00000007a8000000)
 concurrent mark-sweep generation total 393216K, used 20931K [0x00000007a8000000, 0x00000007c0000000, 0x00000007c0000000)
 Metaspace       used 28181K, capacity 28462K, committed 28744K, reserved 1075200K
  class space    used 3268K, capacity 3354K, committed 3400K, reserved 1048576K
}
2016-06-08T15:48:15.529-0530: 147.104: Total time for which application threads were stopped: 0.0078510 seconds
2016-06-08T15:48:15.685-0530: 147.260: Total time for which application threads were stopped: 0.0000762 seconds
2016-06-08T15:48:15.687-0530: 147.261: Total time for which application threads were stopped: 0.0000913 seconds
2016-06-08T15:48:15.769-0530: 147.344: Total time for which application threads were stopped: 0.0001175 seconds
2016-06-08T15:48:15.770-0530: 147.344: Total time for which application threads were stopped: 0.0001882 seconds
2016-06-08T15:48:15.770-0530: 147.344: Total time for which application threads were stopped: 0.0000645 seconds
2016-06-08T15:48:15.772-0530: 147.346: Total time for which application threads were stopped: 0.0000913 seconds
2016-06-08T15:48:15.772-0530: 147.346: Total time for which application threads were stopped: 0.0000761 seconds
2016-06-08T15:48:15.772-0530: 147.346: Total time for which application threads were stopped: 0.0000694 seconds
2016-06-08T15:48:15.824-0530: 147.398: Total time for which application threads were stopped: 0.0001241 seconds
2016-06-08T15:48:15.824-0530: 147.398: Total time for which application threads were stopped: 0.0001063 seconds
2016-06-08T15:48:15.824-0530: 147.398: Total time for which application threads were stopped: 0.0000655 seconds
2016-06-08T15:48:15.824-0530: 147.398: Total time for which application threads were stopped: 0.0000550 seconds
2016-06-08T15:48:20.840-0530: 152.415: Total time for which application threads were stopped: 0.0001610 seconds
{Heap before GC invocations=14 (full 1):
 par new generation   total 109248K, used 105613K [0x00000007a0000000, 0x00000007a8000000, 0x00000007a8000000)
  eden space 87424K, 100% used [0x00000007a0000000, 0x00000007a5560000, 0x00000007a5560000)
  from space 21824K,  83% used [0x00000007a5560000, 0x00000007a6723410, 0x00000007a6ab0000)
  to   space 21824K,   0% used [0x00000007a6ab0000, 0x00000007a6ab0000, 0x00000007a8000000)
 concurrent mark-sweep generation total 393216K, used 20931K [0x00000007a8000000, 0x00000007c0000000, 0x00000007c0000000)
 Metaspace       used 28192K, capacity 28526K, committed 28744K, reserved 1075200K
  class space    used 3268K, capacity 3354K, committed 3400K, reserved 1048576K
2016-06-08T15:48:21.077-0530: 152.651: [GC (Allocation Failure) 152.651: [ParNew
Desired survivor size 20112992 bytes, new threshold 8 (max 8)
- age   1:    5742728 bytes,    5742728 total
- age   2:    2730880 bytes,    8473608 total
- age   3:    2743928 bytes,   11217536 total
- age   4:    1108832 bytes,   12326368 total
- age   5:      23176 bytes,   12349544 total
- age   6:      62080 bytes,   12411624 total
- age   7:    1139192 bytes,   13550816 total
- age   8:    2662936 bytes,   16213752 total
: 105613K->21578K(109248K), 0.0100025 secs] 126544K->43588K(502464K), 0.0100830 secs] [Times: user=0.03 sys=0.00, real=0.01 secs] 
Heap after GC invocations=15 (full 1):
 par new generation   total 109248K, used 21578K [0x00000007a0000000, 0x00000007a8000000, 0x00000007a8000000)
  eden space 87424K,   0% used [0x00000007a0000000, 0x00000007a0000000, 0x00000007a5560000)
  from space 21824K,  98% used [0x00000007a6ab0000, 0x00000007a7fc2bb0, 0x00000007a8000000)
  to   space 21824K,   0% used [0x00000007a5560000, 0x00000007a5560000, 0x00000007a6ab0000)
 concurrent mark-sweep generation total 393216K, used 22009K [0x00000007a8000000, 0x00000007c0000000, 0x00000007c0000000)
 Metaspace       used 28192K, capacity 28526K, committed 28744K, reserved 1075200K
  class space    used 3268K, capacity 3354K, committed 3400K, reserved 1048576K
}
2016-06-08T15:48:21.087-0530: 152.661: Total time for which application threads were stopped: 0.0102696 seconds
2016-06-08T15:48:21.401-0530: 152.976: Total time for which application threads were stopped: 0.0001302 seconds
2016-06-08T15:48:21.402-0530: 152.976: Total time for which application threads were stopped: 0.0000857 seconds
2016-06-08T15:48:21.402-0530: 152.976: Total time for which application threads were stopped: 0.0000980 seconds
2016-06-08T15:48:21.402-0530: 152.976: Total time for which application threads were stopped: 0.0000742 seconds
2016-06-08T15:48:22.404-0530: 153.979: Total time for which application threads were stopped: 0.0001000 seconds
2016-06-08T15:48:27.418-0530: 158.993: Total time for which application threads were stopped: 0.0001515 seconds
{Heap before GC invocations=15 (full 1):
 par new generation   total 109248K, used 109002K [0x00000007a0000000, 0x00000007a8000000, 0x00000007a8000000)
  eden space 87424K, 100% used [0x00000007a0000000, 0x00000007a5560000, 0x00000007a5560000)
  from space 21824K,  98% used [0x00000007a6ab0000, 0x00000007a7fc2bb0, 0x00000007a8000000)
  to   space 21824K,   0% used [0x00000007a5560000, 0x00000007a5560000, 0x00000007a6ab0000)
 concurrent mark-sweep generation total 393216K, used 22009K [0x00000007a8000000, 0x00000007c0000000, 0x00000007c0000000)
 Metaspace       used 28209K, capacity 28526K, committed 28744K, reserved 1075200K
  class space    used 3268K, capacity 3354K, committed 3400K, reserved 1048576K
2016-06-08T15:48:27.524-0530: 159.099: [GC (Allocation Failure) 159.121: [ParNew
Desired survivor size 20112992 bytes, new threshold 8 (max 8)
- age   1:    5251168 bytes,    5251168 total
- age   2:    2773576 bytes,    8024744 total
- age   3:    2728880 bytes,   10753624 total
- age   4:    2676752 bytes,   13430376 total
- age   5:    1108608 bytes,   14538984 total
- age   6:      23176 bytes,   14562160 total
- age   7:      61960 bytes,   14624120 total
- age   8:    1139192 bytes,   15763312 total
: 109002K->20295K(109248K), 0.0098356 secs] 131012K->44906K(502464K), 0.0321549 secs] [Times: user=0.03 sys=0.00, real=0.03 secs] 
Heap after GC invocations=16 (full 1):
 par new generation   total 109248K, used 20295K [0x00000007a0000000, 0x00000007a8000000, 0x00000007a8000000)
  eden space 87424K,   0% used [0x00000007a0000000, 0x00000007a0000000, 0x00000007a5560000)
  from space 21824K,  92% used [0x00000007a5560000, 0x00000007a6931f18, 0x00000007a6ab0000)
  to   space 21824K,   0% used [0x00000007a6ab0000, 0x00000007a6ab0000, 0x00000007a8000000)
 concurrent mark-sweep generation total 393216K, used 24610K [0x00000007a8000000, 0x00000007c0000000, 0x00000007c0000000)
 Metaspace       used 28209K, capacity 28526K, committed 28744K, reserved 1075200K
  class space    used 3268K, capacity 3354K, committed 3400K, reserved 1048576K
}
2016-06-08T15:48:27.557-0530: 159.131: Total time for which application threads were stopped: 0.0323432 seconds
2016-06-08T15:48:27.750-0530: 159.325: Total time for which application threads were stopped: 0.0000888 seconds
2016-06-08T15:48:27.750-0530: 159.325: Total time for which application threads were stopped: 0.0000663 seconds
2016-06-08T15:48:27.751-0530: 159.326: Total time for which application threads were stopped: 0.0000907 seconds
2016-06-08T15:48:27.751-0530: 159.326: Total time for which application threads were stopped: 0.0000873 seconds
2016-06-08T15:48:27.751-0530: 159.326: Total time for which application threads were stopped: 0.0000612 seconds
2016-06-08T15:48:27.782-0530: 159.357: Total time for which application threads were stopped: 0.0000858 seconds
2016-06-08T15:48:27.782-0530: 159.357: Total time for which application threads were stopped: 0.0000590 seconds
2016-06-08T15:48:27.782-0530: 159.357: Total time for which application threads were stopped: 0.0001429 seconds
2016-06-08T15:48:27.782-0530: 159.357: Total time for which application threads were stopped: 0.0000553 seconds
2016-06-08T15:48:27.782-0530: 159.357: Total time for which application threads were stopped: 0.0000383 seconds
2016-06-08T15:48:27.784-0530: 159.359: Total time for which application threads were stopped: 0.0001077 seconds
2016-06-08T15:48:27.784-0530: 159.359: Total time for which application threads were stopped: 0.0000827 seconds
2016-06-08T15:48:27.784-0530: 159.359: Total time for which application threads were stopped: 0.0000497 seconds
2016-06-08T15:48:27.785-0530: 159.360: Total time for which application threads were stopped: 0.0000593 seconds
2016-06-08T15:48:27.785-0530: 159.360: Total time for which application threads were stopped: 0.0000401 seconds
2016-06-08T15:48:27.785-0530: 159.360: Total time for which application threads were stopped: 0.0000396 seconds
2016-06-08T15:48:27.785-0530: 159.360: Total time for which application threads were stopped: 0.0000385 seconds
{Heap before GC invocations=16 (full 1):
 par new generation   total 109248K, used 107719K [0x00000007a0000000, 0x00000007a8000000, 0x00000007a8000000)
  eden space 87424K, 100% used [0x00000007a0000000, 0x00000007a5560000, 0x00000007a5560000)
  from space 21824K,  92% used [0x00000007a5560000, 0x00000007a6931f18, 0x00000007a6ab0000)
  to   space 21824K,   0% used [0x00000007a6ab0000, 0x00000007a6ab0000, 0x00000007a8000000)
 concurrent mark-sweep generation total 393216K, used 24610K [0x00000007a8000000, 0x00000007c0000000, 0x00000007c0000000)
 Metaspace       used 28216K, capacity 28526K, committed 28744K, reserved 1075200K
  class space    used 3268K, capacity 3354K, committed 3400K, reserved 1048576K
2016-06-08T15:48:33.286-0530: 164.860: [GC (Allocation Failure) 164.860: [ParNew
Desired survivor size 20112992 bytes, new threshold 8 (max 8)
- age   1:    5103680 bytes,    5103680 total
- age   2:    2630952 bytes,    7734632 total
- age   3:    2771464 bytes,   10506096 total
- age   4:    2661704 bytes,   13167800 total
- age   5:    2676376 bytes,   15844176 total
- age   6:    1108608 bytes,   16952784 total
- age   7:      22280 bytes,   16975064 total
- age   8:      61960 bytes,   17037024 total
: 107719K->21824K(109248K), 0.0087986 secs] 132330K->47548K(502464K), 0.0088612 secs] [Times: user=0.02 sys=0.00, real=0.01 secs] 
Heap after GC invocations=17 (full 1):
 par new generation   total 109248K, used 21824K [0x00000007a0000000, 0x00000007a8000000, 0x00000007a8000000)
  eden space 87424K,   0% used [0x00000007a0000000, 0x00000007a0000000, 0x00000007a5560000)
  from space 21824K, 100% used [0x00000007a6ab0000, 0x00000007a8000000, 0x00000007a8000000)
  to   space 21824K,   0% used [0x00000007a5560000, 0x00000007a5560000, 0x00000007a6ab0000)
 concurrent mark-sweep generation total 393216K, used 25724K [0x00000007a8000000, 0x00000007c0000000, 0x00000007c0000000)
 Metaspace       used 28216K, capacity 28526K, committed 28744K, reserved 1075200K
  class space    used 3268K, capacity 3354K, committed 3400K, reserved 1048576K
}
2016-06-08T15:48:33.294-0530: 164.869: Total time for which application threads were stopped: 0.0090356 seconds
2016-06-08T15:48:33.464-0530: 165.039: Total time for which application threads were stopped: 0.0000826 seconds
2016-06-08T15:48:33.465-0530: 165.040: Total time for which application threads were stopped: 0.0000894 seconds
2016-06-08T15:48:33.500-0530: 165.074: Total time for which application threads were stopped: 0.0001435 seconds
2016-06-08T15:48:33.500-0530: 165.075: Total time for which application threads were stopped: 0.0000805 seconds
2016-06-08T15:48:33.500-0530: 165.075: Total time for which application threads were stopped: 0.0000720 seconds
2016-06-08T15:48:33.503-0530: 165.078: Total time for which application threads were stopped: 0.0001222 seconds
2016-06-08T15:48:33.503-0530: 165.078: Total time for which application threads were stopped: 0.0000563 seconds
2016-06-08T15:48:33.503-0530: 165.078: Total time for which application threads were stopped: 0.0001217 seconds
2016-06-08T15:48:33.503-0530: 165.078: Total time for which application threads were stopped: 0.0000757 seconds
2016-06-08T15:48:33.504-0530: 165.078: Total time for which application threads were stopped: 0.0001005 seconds
2016-06-08T15:48:33.504-0530: 165.079: Total time for which application threads were stopped: 0.0001020 seconds
2016-06-08T15:48:33.504-0530: 165.079: Total time for which application threads were stopped: 0.0000860 seconds
2016-06-08T15:48:34.508-0530: 166.083: Total time for which application threads were stopped: 0.0001748 seconds
{Heap before GC invocations=17 (full 1):
 par new generation   total 109248K, used 109248K [0x00000007a0000000, 0x00000007a8000000, 0x00000007a8000000)
  eden space 87424K, 100% used [0x00000007a0000000, 0x00000007a5560000, 0x00000007a5560000)
  from space 21824K, 100% used [0x00000007a6ab0000, 0x00000007a8000000, 0x00000007a8000000)
  to   space 21824K,   0% used [0x00000007a5560000, 0x00000007a5560000, 0x00000007a6ab0000)
 concurrent mark-sweep generation total 393216K, used 25724K [0x00000007a8000000, 0x00000007c0000000, 0x00000007c0000000)
 Metaspace       used 28224K, capacity 28526K, committed 28744K, reserved 1075200K
  class space    used 3268K, capacity 3354K, committed 3400K, reserved 1048576K
2016-06-08T15:48:39.519-0530: 171.094: [GC (Allocation Failure) 171.094: [ParNew
Desired survivor size 20112992 bytes, new threshold 8 (max 8)
- age   1:    5122488 bytes,    5122488 total
- age   2:    2623584 bytes,    7746072 total
- age   3:    2628568 bytes,   10374640 total
- age   4:    2704256 bytes,   13078896 total
- age   5:    2661552 bytes,   15740448 total
- age   6:    2676376 bytes,   18416824 total
- age   7:    1108608 bytes,   19525432 total
- age   8:      22280 bytes,   19547712 total
: 109248K->21824K(109248K), 0.0091283 secs] 134972K->47609K(502464K), 0.0091986 secs] [Times: user=0.03 sys=0.01, real=0.01 secs] 
Heap after GC invocations=18 (full 1):
 par new generation   total 109248K, used 21824K [0x00000007a0000000, 0x00000007a8000000, 0x00000007a8000000)
  eden space 87424K,   0% used [0x00000007a0000000, 0x00000007a0000000, 0x00000007a5560000)
  from space 21824K, 100% used [0x00000007a5560000, 0x00000007a6ab0000, 0x00000007a6ab0000)
  to   space 21824K,   0% used [0x00000007a6ab0000, 0x00000007a6ab0000, 0x00000007a8000000)
 concurrent mark-sweep generation total 393216K, used 25785K [0x00000007a8000000, 0x00000007c0000000, 0x00000007c0000000)
 Metaspace       used 28224K, capacity 28526K, committed 28744K, reserved 1075200K
  class space    used 3268K, capacity 3354K, committed 3400K, reserved 1048576K
}
2016-06-08T15:48:39.528-0530: 171.103: Total time for which application threads were stopped: 0.0094053 seconds
2016-06-08T15:48:39.820-0530: 171.395: Total time for which application threads were stopped: 0.0001959 seconds
2016-06-08T15:48:39.853-0530: 171.428: Total time for which application threads were stopped: 0.0001050 seconds
2016-06-08T15:48:39.853-0530: 171.428: Total time for which application threads were stopped: 0.0000918 seconds
2016-06-08T15:48:39.903-0530: 171.478: Total time for which application threads were stopped: 0.0001305 seconds
2016-06-08T15:48:39.903-0530: 171.478: Total time for which application threads were stopped: 0.0000622 seconds
2016-06-08T15:48:39.905-0530: 171.480: Total time for which application threads were stopped: 0.0001005 seconds
2016-06-08T15:48:39.907-0530: 171.482: Total time for which application threads were stopped: 0.0001253 seconds
2016-06-08T15:48:39.907-0530: 171.482: Total time for which application threads were stopped: 0.0001115 seconds
2016-06-08T15:48:39.909-0530: 171.484: Total time for which application threads were stopped: 0.0001127 seconds
2016-06-08T15:48:39.909-0530: 171.484: Total time for which application threads were stopped: 0.0000585 seconds
{Heap before GC invocations=18 (full 1):
 par new generation   total 109248K, used 109248K [0x00000007a0000000, 0x00000007a8000000, 0x00000007a8000000)
  eden space 87424K, 100% used [0x00000007a0000000, 0x00000007a5560000, 0x00000007a5560000)
  from space 21824K, 100% used [0x00000007a5560000, 0x00000007a6ab0000, 0x00000007a6ab0000)
  to   space 21824K,   0% used [0x00000007a6ab0000, 0x00000007a6ab0000, 0x00000007a8000000)
 concurrent mark-sweep generation total 393216K, used 25785K [0x00000007a8000000, 0x00000007c0000000, 0x00000007c0000000)
 Metaspace       used 28234K, capacity 28526K, committed 28744K, reserved 1075200K
  class space    used 3268K, capacity 3354K, committed 3400K, reserved 1048576K
2016-06-08T15:48:48.866-0530: 180.441: [GC (Allocation Failure) 180.458: [ParNew
Desired survivor size 20112992 bytes, new threshold 7 (max 8)
- age   1:    4795104 bytes,    4795104 total
- age   2:    2647152 bytes,    7442256 total
- age   3:    2621272 bytes,   10063528 total
- age   4:    2561432 bytes,   12624960 total
- age   5:    2677216 bytes,   15302176 total
- age   6:    2562752 bytes,   17864928 total
- age   7:    2676376 bytes,   20541304 total
- age   8:    1108608 bytes,   21649912 total
: 109248K->21824K(109248K), 0.0098725 secs] 135033K->47754K(502464K), 0.0266696 secs] [Times: user=0.03 sys=0.00, real=0.03 secs] 
Heap after GC invocations=19 (full 1):
 par new generation   total 109248K, used 21824K [0x00000007a0000000, 0x00000007a8000000, 0x00000007a8000000)
  eden space 87424K,   0% used [0x00000007a0000000, 0x00000007a0000000, 0x00000007a5560000)
  from space 21824K, 100% used [0x00000007a6ab0000, 0x00000007a8000000, 0x00000007a8000000)
  to   space 21824K,   0% used [0x00000007a5560000, 0x00000007a5560000, 0x00000007a6ab0000)
 concurrent mark-sweep generation total 393216K, used 25930K [0x00000007a8000000, 0x00000007c0000000, 0x00000007c0000000)
 Metaspace       used 28234K, capacity 28526K, committed 28744K, reserved 1075200K
  class space    used 3268K, capacity 3354K, committed 3400K, reserved 1048576K
}
2016-06-08T15:48:48.893-0530: 180.468: Total time for which application threads were stopped: 0.0268835 seconds
2016-06-08T15:48:49.313-0530: 180.888: Total time for which application threads were stopped: 0.0001596 seconds
2016-06-08T15:48:49.313-0530: 180.888: Total time for which application threads were stopped: 0.0000912 seconds
2016-06-08T15:48:49.313-0530: 180.888: Total time for which application threads were stopped: 0.0000659 seconds
2016-06-08T15:48:49.313-0530: 180.889: Total time for which application threads were stopped: 0.0000603 seconds
{Heap before GC invocations=19 (full 1):
 par new generation   total 109248K, used 109248K [0x00000007a0000000, 0x00000007a8000000, 0x00000007a8000000)
  eden space 87424K, 100% used [0x00000007a0000000, 0x00000007a5560000, 0x00000007a5560000)
  from space 21824K, 100% used [0x00000007a6ab0000, 0x00000007a8000000, 0x00000007a8000000)
  to   space 21824K,   0% used [0x00000007a5560000, 0x00000007a5560000, 0x00000007a6ab0000)
 concurrent mark-sweep generation total 393216K, used 25930K [0x00000007a8000000, 0x00000007c0000000, 0x00000007c0000000)
 Metaspace       used 28248K, capacity 28526K, committed 28744K, reserved 1075200K
  class space    used 3268K, capacity 3354K, committed 3400K, reserved 1048576K
2016-06-08T15:48:55.177-0530: 186.753: [GC (Allocation Failure) 186.753: [ParNew
Desired survivor size 20112992 bytes, new threshold 8 (max 8)
- age   1:    4259552 bytes,    4259552 total
- age   2:    2850216 bytes,    7109768 total
- age   3:    1161944 bytes,    8271712 total
- age   4:    2190760 bytes,   10462472 total
- age   5:    1718856 bytes,   12181328 total
- age   6:    2417152 bytes,   14598480 total
- age   7:    1984512 bytes,   16582992 total
: 109248K->21824K(109248K), 0.0116279 secs] 135178K->54964K(502464K), 0.0117144 secs] [Times: user=0.03 sys=0.01, real=0.01 secs] 
Heap after GC invocations=20 (full 1):
 par new generation   total 109248K, used 21824K [0x00000007a0000000, 0x00000007a8000000, 0x00000007a8000000)
  eden space 87424K,   0% used [0x00000007a0000000, 0x00000007a0000000, 0x00000007a5560000)
  from space 21824K, 100% used [0x00000007a5560000, 0x00000007a6ab0000, 0x00000007a6ab0000)
  to   space 21824K,   0% used [0x00000007a6ab0000, 0x00000007a6ab0000, 0x00000007a8000000)
 concurrent mark-sweep generation total 393216K, used 33140K [0x00000007a8000000, 0x00000007c0000000, 0x00000007c0000000)
 Metaspace       used 28248K, capacity 28526K, committed 28744K, reserved 1075200K
  class space    used 3268K, capacity 3354K, committed 3400K, reserved 1048576K
}
2016-06-08T15:48:55.189-0530: 186.764: Total time for which application threads were stopped: 0.0119047 seconds
2016-06-08T15:48:55.650-0530: 187.225: Total time for which application threads were stopped: 0.0001102 seconds
2016-06-08T15:48:55.650-0530: 187.225: Total time for which application threads were stopped: 0.0000631 seconds
2016-06-08T15:48:55.651-0530: 187.226: Total time for which application threads were stopped: 0.0000926 seconds
2016-06-08T15:48:55.651-0530: 187.226: Total time for which application threads were stopped: 0.0000628 seconds
2016-06-08T15:48:55.651-0530: 187.226: Total time for which application threads were stopped: 0.0000768 seconds
2016-06-08T15:48:55.689-0530: 187.265: Total time for which application threads were stopped: 0.0001217 seconds
2016-06-08T15:48:55.690-0530: 187.266: Total time for which application threads were stopped: 0.0001084 seconds
2016-06-08T15:48:55.691-0530: 187.266: Total time for which application threads were stopped: 0.0001301 seconds
2016-06-08T15:48:55.693-0530: 187.268: Total time for which application threads were stopped: 0.0002622 seconds
2016-06-08T15:48:55.694-0530: 187.270: Total time for which application threads were stopped: 0.0001542 seconds
2016-06-08T15:48:55.702-0530: 187.278: Total time for which application threads were stopped: 0.0000898 seconds
2016-06-08T15:48:55.708-0530: 187.283: Total time for which application threads were stopped: 0.0000831 seconds
2016-06-08T15:48:55.708-0530: 187.283: Total time for which application threads were stopped: 0.0000881 seconds
2016-06-08T15:48:55.709-0530: 187.285: Total time for which application threads were stopped: 0.0001154 seconds
2016-06-08T15:48:55.710-0530: 187.285: Total time for which application threads were stopped: 0.0000957 seconds
2016-06-08T15:48:55.710-0530: 187.285: Total time for which application threads were stopped: 0.0000811 seconds
2016-06-08T15:48:55.711-0530: 187.286: Total time for which application threads were stopped: 0.0001239 seconds
2016-06-08T15:48:55.711-0530: 187.286: Total time for which application threads were stopped: 0.0001001 seconds
2016-06-08T15:48:55.711-0530: 187.287: Total time for which application threads were stopped: 0.0000777 seconds
2016-06-08T15:48:55.711-0530: 187.287: Total time for which application threads were stopped: 0.0000796 seconds
2016-06-08T15:48:55.711-0530: 187.287: Total time for which application threads were stopped: 0.0001388 seconds
2016-06-08T15:48:55.716-0530: 187.292: Total time for which application threads were stopped: 0.0001589 seconds
2016-06-08T15:48:55.722-0530: 187.298: Total time for which application threads were stopped: 0.0001043 seconds
2016-06-08T15:48:55.728-0530: 187.304: Total time for which application threads were stopped: 0.0001132 seconds
2016-06-08T15:48:55.831-0530: 187.406: Total time for which application threads were stopped: 0.0001011 seconds
2016-06-08T15:48:55.837-0530: 187.412: Total time for which application threads were stopped: 0.0000893 seconds
2016-06-08T15:48:55.841-0530: 187.416: Total time for which application threads were stopped: 0.0001048 seconds
2016-06-08T15:48:56.596-0530: 188.172: Total time for which application threads were stopped: 0.0001049 seconds
2016-06-08T15:48:56.597-0530: 188.172: Total time for which application threads were stopped: 0.0001150 seconds
2016-06-08T15:48:56.598-0530: 188.174: Total time for which application threads were stopped: 0.0001166 seconds
2016-06-08T15:48:56.598-0530: 188.174: Total time for which application threads were stopped: 0.0000962 seconds
2016-06-08T15:48:56.599-0530: 188.175: Total time for which application threads were stopped: 0.0002994 seconds
{Heap before GC invocations=20 (full 1):
 par new generation   total 109248K, used 109248K [0x00000007a0000000, 0x00000007a8000000, 0x00000007a8000000)
  eden space 87424K, 100% used [0x00000007a0000000, 0x00000007a5560000, 0x00000007a5560000)
  from space 21824K, 100% used [0x00000007a5560000, 0x00000007a6ab0000, 0x00000007a6ab0000)
  to   space 21824K,   0% used [0x00000007a6ab0000, 0x00000007a6ab0000, 0x00000007a8000000)
 concurrent mark-sweep generation total 393216K, used 33140K [0x00000007a8000000, 0x00000007c0000000, 0x00000007c0000000)
 Metaspace       used 28268K, capacity 28526K, committed 28744K, reserved 1075200K
  class space    used 3268K, capacity 3354K, committed 3400K, reserved 1048576K
2016-06-08T15:48:56.860-0530: 188.435: [GC (Allocation Failure) 188.435: [ParNew
Desired survivor size 20112992 bytes, new threshold 8 (max 8)
- age   1:    2753064 bytes,    2753064 total
- age   2:    2926184 bytes,    5679248 total
- age   3:    2850056 bytes,    8529304 total
- age   4:    1095032 bytes,    9624336 total
- age   5:    2190680 bytes,   11815016 total
- age   6:    1718776 bytes,   13533792 total
- age   7:    2417072 bytes,   15950864 total
- age   8:    1984432 bytes,   17935296 total
: 109248K->21824K(109248K), 0.0073531 secs] 142388K->54964K(502464K), 0.0074023 secs] [Times: user=0.02 sys=0.00, real=0.00 secs] 
Heap after GC invocations=21 (full 1):
 par new generation   total 109248K, used 21824K [0x00000007a0000000, 0x00000007a8000000, 0x00000007a8000000)
  eden space 87424K,   0% used [0x00000007a0000000, 0x00000007a0000000, 0x00000007a5560000)
  from space 21824K, 100% used [0x00000007a6ab0000, 0x00000007a8000000, 0x00000007a8000000)
  to   space 21824K,   0% used [0x00000007a5560000, 0x00000007a5560000, 0x00000007a6ab0000)
 concurrent mark-sweep generation total 393216K, used 33140K [0x00000007a8000000, 0x00000007c0000000, 0x00000007c0000000)
 Metaspace       used 28268K, capacity 28526K, committed 28744K, reserved 1075200K
  class space    used 3268K, capacity 3354K, committed 3400K, reserved 1048576K
}
2016-06-08T15:48:56.867-0530: 188.443: Total time for which application threads were stopped: 0.0076416 seconds
2016-06-08T15:48:57.870-0530: 189.446: Total time for which application threads were stopped: 0.0001177 seconds
2016-06-08T15:48:58.875-0530: 190.450: Total time for which application threads were stopped: 0.0000903 seconds
{Heap before GC invocations=21 (full 1):
 par new generation   total 109248K, used 109248K [0x00000007a0000000, 0x00000007a8000000, 0x00000007a8000000)
  eden space 87424K, 100% used [0x00000007a0000000, 0x00000007a5560000, 0x00000007a5560000)
  from space 21824K, 100% used [0x00000007a6ab0000, 0x00000007a8000000, 0x00000007a8000000)
  to   space 21824K,   0% used [0x00000007a5560000, 0x00000007a5560000, 0x00000007a6ab0000)
 concurrent mark-sweep generation total 393216K, used 33140K [0x00000007a8000000, 0x00000007c0000000, 0x00000007c0000000)
 Metaspace       used 28274K, capacity 28526K, committed 28744K, reserved 1075200K
  class space    used 3268K, capacity 3354K, committed 3400K, reserved 1048576K
2016-06-08T15:49:03.431-0530: 195.007: [GC (Allocation Failure) 195.007: [ParNew
Desired survivor size 20112992 bytes, new threshold 8 (max 8)
- age   1:     698536 bytes,     698536 total
- age   2:    2591424 bytes,    3289960 total
- age   3:    2925008 bytes,    6214968 total
- age   4:    2849872 bytes,    9064840 total
- age   5:    1094696 bytes,   10159536 total
- age   6:    2190312 bytes,   12349848 total
- age   7:    1718592 bytes,   14068440 total
- age   8:    2416888 bytes,   16485328 total
: 109248K->21824K(109248K), 0.0078041 secs] 142388K->56902K(502464K), 0.0079216 secs] [Times: user=0.02 sys=0.01, real=0.00 secs] 
Heap after GC invocations=22 (full 1):
 par new generation   total 109248K, used 21824K [0x00000007a0000000, 0x00000007a8000000, 0x00000007a8000000)
  eden space 87424K,   0% used [0x00000007a0000000, 0x00000007a0000000, 0x00000007a5560000)
  from space 21824K, 100% used [0x00000007a5560000, 0x00000007a6ab0000, 0x00000007a6ab0000)
  to   space 21824K,   0% used [0x00000007a6ab0000, 0x00000007a6ab0000, 0x00000007a8000000)
 concurrent mark-sweep generation total 393216K, used 35078K [0x00000007a8000000, 0x00000007c0000000, 0x00000007c0000000)
 Metaspace       used 28274K, capacity 28526K, committed 28744K, reserved 1075200K
  class space    used 3268K, capacity 3354K, committed 3400K, reserved 1048576K
}
2016-06-08T15:49:03.439-0530: 195.015: Total time for which application threads were stopped: 0.0081042 seconds
2016-06-08T15:49:03.439-0530: 195.015: Total time for which application threads were stopped: 0.0002702 seconds
2016-06-08T15:49:04.016-0530: 195.592: Total time for which application threads were stopped: 0.0000918 seconds
2016-06-08T15:49:04.037-0530: 195.613: Total time for which application threads were stopped: 0.0001327 seconds
2016-06-08T15:49:04.037-0530: 195.613: Total time for which application threads were stopped: 0.0000725 seconds
2016-06-08T15:49:04.038-0530: 195.613: Total time for which application threads were stopped: 0.0000729 seconds
2016-06-08T15:49:04.039-0530: 195.615: Total time for which application threads were stopped: 0.0011041 seconds
2016-06-08T15:49:04.040-0530: 195.616: Total time for which application threads were stopped: 0.0001168 seconds
2016-06-08T15:49:05.041-0530: 196.617: Total time for which application threads were stopped: 0.0001429 seconds
{Heap before GC invocations=22 (full 1):
 par new generation   total 109248K, used 109248K [0x00000007a0000000, 0x00000007a8000000, 0x00000007a8000000)
  eden space 87424K, 100% used [0x00000007a0000000, 0x00000007a5560000, 0x00000007a5560000)
  from space 21824K, 100% used [0x00000007a5560000, 0x00000007a6ab0000, 0x00000007a6ab0000)
  to   space 21824K,   0% used [0x00000007a6ab0000, 0x00000007a6ab0000, 0x00000007a8000000)
 concurrent mark-sweep generation total 393216K, used 35078K [0x00000007a8000000, 0x00000007c0000000, 0x00000007c0000000)
 Metaspace       used 28283K, capacity 28526K, committed 28744K, reserved 1075200K
  class space    used 3268K, capacity 3354K, committed 3400K, reserved 1048576K
2016-06-08T15:49:08.920-0530: 200.496: [GC (Allocation Failure) 200.496: [ParNew
Desired survivor size 20112992 bytes, new threshold 8 (max 8)
- age   1:    3301144 bytes,    3301144 total
- age   2:     169456 bytes,    3470600 total
- age   3:      10632 bytes,    3481232 total
- age   4:    2488440 bytes,    5969672 total
- age   5:    2773720 bytes,    8743392 total
- age   6:    1093552 bytes,    9836944 total
- age   7:    2181472 bytes,   12018416 total
- age   8:    1710328 bytes,   13728744 total
: 109248K->20024K(109248K), 0.0076921 secs] 144326K->57454K(502464K), 0.0077598 secs] [Times: user=0.02 sys=0.00, real=0.00 secs] 
Heap after GC invocations=23 (full 1):
 par new generation   total 109248K, used 20024K [0x00000007a0000000, 0x00000007a8000000, 0x00000007a8000000)
  eden space 87424K,   0% used [0x00000007a0000000, 0x00000007a0000000, 0x00000007a5560000)
  from space 21824K,  91% used [0x00000007a6ab0000, 0x00000007a7e3e3c0, 0x00000007a8000000)
  to   space 21824K,   0% used [0x00000007a5560000, 0x00000007a5560000, 0x00000007a6ab0000)
 concurrent mark-sweep generation total 393216K, used 37429K [0x00000007a8000000, 0x00000007c0000000, 0x00000007c0000000)
 Metaspace       used 28283K, capacity 28526K, committed 28744K, reserved 1075200K
  class space    used 3268K, capacity 3354K, committed 3400K, reserved 1048576K
}
2016-06-08T15:49:08.928-0530: 200.504: Total time for which application threads were stopped: 0.0079558 seconds
2016-06-08T15:49:09.404-0530: 200.980: Total time for which application threads were stopped: 0.0001735 seconds
2016-06-08T15:49:09.404-0530: 200.980: Total time for which application threads were stopped: 0.0002415 seconds
2016-06-08T15:49:09.404-0530: 200.980: Total time for which application threads were stopped: 0.0000557 seconds
2016-06-08T15:49:09.404-0530: 200.980: Total time for which application threads were stopped: 0.0000613 seconds
{Heap before GC invocations=23 (full 1):
 par new generation   total 109248K, used 107448K [0x00000007a0000000, 0x00000007a8000000, 0x00000007a8000000)
  eden space 87424K, 100% used [0x00000007a0000000, 0x00000007a5560000, 0x00000007a5560000)
  from space 21824K,  91% used [0x00000007a6ab0000, 0x00000007a7e3e3c0, 0x00000007a8000000)
  to   space 21824K,   0% used [0x00000007a5560000, 0x00000007a5560000, 0x00000007a6ab0000)
 concurrent mark-sweep generation total 393216K, used 37429K [0x00000007a8000000, 0x00000007c0000000, 0x00000007c0000000)
 Metaspace       used 28291K, capacity 28590K, committed 28744K, reserved 1075200K
  class space    used 3268K, capacity 3354K, committed 3400K, reserved 1048576K
2016-06-08T15:49:14.454-0530: 206.030: [GC (Allocation Failure) 206.030: [ParNew
Desired survivor size 20112992 bytes, new threshold 8 (max 8)
- age   1:    3585256 bytes,    3585256 total
- age   2:    2761552 bytes,    6346808 total
- age   3:     169456 bytes,    6516264 total
- age   4:       8936 bytes,    6525200 total
- age   5:    2421424 bytes,    8946624 total
- age   6:    2773720 bytes,   11720344 total
- age   7:    1093552 bytes,   12813896 total
- age   8:    2181472 bytes,   14995368 total
: 107448K->18826K(109248K), 0.0102380 secs] 144878K->57927K(502464K), 0.0103138 secs] [Times: user=0.02 sys=0.00, real=0.01 secs] 
Heap after GC invocations=24 (full 1):
 par new generation   total 109248K, used 18826K [0x00000007a0000000, 0x00000007a8000000, 0x00000007a8000000)
  eden space 87424K,   0% used [0x00000007a0000000, 0x00000007a0000000, 0x00000007a5560000)
  from space 21824K,  86% used [0x00000007a5560000, 0x00000007a67c2b30, 0x00000007a6ab0000)
  to   space 21824K,   0% used [0x00000007a6ab0000, 0x00000007a6ab0000, 0x00000007a8000000)
 concurrent mark-sweep generation total 393216K, used 39100K [0x00000007a8000000, 0x00000007c0000000, 0x00000007c0000000)
 Metaspace       used 28291K, capacity 28590K, committed 28744K, reserved 1075200K
  class space    used 3268K, capacity 3354K, committed 3400K, reserved 1048576K
}
2016-06-08T15:49:14.465-0530: 206.041: Total time for which application threads were stopped: 0.0105041 seconds
2016-06-08T15:49:14.884-0530: 206.460: Total time for which application threads were stopped: 0.0001542 seconds
2016-06-08T15:49:14.884-0530: 206.460: Total time for which application threads were stopped: 0.0000935 seconds
2016-06-08T15:49:14.884-0530: 206.460: Total time for which application threads were stopped: 0.0000801 seconds
2016-06-08T15:49:14.884-0530: 206.460: Total time for which application threads were stopped: 0.0000972 seconds
{Heap before GC invocations=24 (full 1):
 par new generation   total 109248K, used 106250K [0x00000007a0000000, 0x00000007a8000000, 0x00000007a8000000)
  eden space 87424K, 100% used [0x00000007a0000000, 0x00000007a5560000, 0x00000007a5560000)
  from space 21824K,  86% used [0x00000007a5560000, 0x00000007a67c2b30, 0x00000007a6ab0000)
  to   space 21824K,   0% used [0x00000007a6ab0000, 0x00000007a6ab0000, 0x00000007a8000000)
 concurrent mark-sweep generation total 393216K, used 39100K [0x00000007a8000000, 0x00000007c0000000, 0x00000007c0000000)
 Metaspace       used 28302K, capacity 28590K, committed 28744K, reserved 1075200K
  class space    used 3268K, capacity 3354K, committed 3400K, reserved 1048576K
2016-06-08T15:49:20.530-0530: 212.106: [GC (Allocation Failure) 212.106: [ParNew
Desired survivor size 20112992 bytes, new threshold 8 (max 8)
- age   1:    3324856 bytes,    3324856 total
- age   2:    2567544 bytes,    5892400 total
- age   3:    2759632 bytes,    8652032 total
- age   4:     102472 bytes,    8754504 total
- age   5:       8720 bytes,    8763224 total
- age   6:    2420872 bytes,   11184096 total
- age   7:    2773720 bytes,   13957816 total
- age   8:    1093552 bytes,   15051368 total
: 106250K->21824K(109248K), 0.0101829 secs] 145351K->63767K(502464K), 0.0158403 secs] [Times: user=0.02 sys=0.00, real=0.01 secs] 
Heap after GC invocations=25 (full 1):
 par new generation   total 109248K, used 21824K [0x00000007a0000000, 0x00000007a8000000, 0x00000007a8000000)
  eden space 87424K,   0% used [0x00000007a0000000, 0x00000007a0000000, 0x00000007a5560000)
  from space 21824K, 100% used [0x00000007a6ab0000, 0x00000007a8000000, 0x00000007a8000000)
  to   space 21824K,   0% used [0x00000007a5560000, 0x00000007a5560000, 0x00000007a6ab0000)
 concurrent mark-sweep generation total 393216K, used 41943K [0x00000007a8000000, 0x00000007c0000000, 0x00000007c0000000)
 Metaspace       used 28302K, capacity 28590K, committed 28744K, reserved 1075200K
  class space    used 3268K, capacity 3354K, committed 3400K, reserved 1048576K
}
2016-06-08T15:49:20.546-0530: 212.122: Total time for which application threads were stopped: 0.0160332 seconds
2016-06-08T15:49:20.842-0530: 212.419: Total time for which application threads were stopped: 0.0000951 seconds
2016-06-08T15:49:20.842-0530: 212.419: Total time for which application threads were stopped: 0.0001133 seconds
2016-06-08T15:49:20.843-0530: 212.419: Total time for which application threads were stopped: 0.0000520 seconds
2016-06-08T15:49:20.843-0530: 212.419: Total time for which application threads were stopped: 0.0001125 seconds
2016-06-08T15:49:20.843-0530: 212.420: Total time for which application threads were stopped: 0.0000418 seconds
2016-06-08T15:49:20.844-0530: 212.420: Total time for which application threads were stopped: 0.0000425 seconds
2016-06-08T15:49:20.844-0530: 212.420: Total time for which application threads were stopped: 0.0000405 seconds
2016-06-08T15:49:20.844-0530: 212.420: Total time for which application threads were stopped: 0.0000360 seconds
2016-06-08T15:49:20.844-0530: 212.420: Total time for which application threads were stopped: 0.0000341 seconds
2016-06-08T15:49:20.872-0530: 212.449: Total time for which application threads were stopped: 0.0000884 seconds
2016-06-08T15:49:20.872-0530: 212.449: Total time for which application threads were stopped: 0.0000536 seconds
2016-06-08T15:49:20.873-0530: 212.449: Total time for which application threads were stopped: 0.0000573 seconds
2016-06-08T15:49:20.873-0530: 212.449: Total time for which application threads were stopped: 0.0000494 seconds
2016-06-08T15:49:20.873-0530: 212.449: Total time for which application threads were stopped: 0.0000367 seconds
2016-06-08T15:49:20.873-0530: 212.449: Total time for which application threads were stopped: 0.0000391 seconds
2016-06-08T15:49:20.874-0530: 212.450: Total time for which application threads were stopped: 0.0000596 seconds
2016-06-08T15:49:20.874-0530: 212.450: Total time for which application threads were stopped: 0.0000818 seconds
2016-06-08T15:49:20.874-0530: 212.450: Total time for which application threads were stopped: 0.0000721 seconds
2016-06-08T15:49:20.875-0530: 212.451: Total time for which application threads were stopped: 0.0000641 seconds
2016-06-08T15:49:20.875-0530: 212.451: Total time for which application threads were stopped: 0.0000427 seconds
2016-06-08T15:49:20.875-0530: 212.451: Total time for which application threads were stopped: 0.0000405 seconds
2016-06-08T15:49:20.875-0530: 212.451: Total time for which application threads were stopped: 0.0000384 seconds
2016-06-08T15:49:21.879-0530: 213.456: Total time for which application threads were stopped: 0.0001557 seconds
{Heap before GC invocations=25 (full 1):
 par new generation   total 109248K, used 109248K [0x00000007a0000000, 0x00000007a8000000, 0x00000007a8000000)
  eden space 87424K, 100% used [0x00000007a0000000, 0x00000007a5560000, 0x00000007a5560000)
  from space 21824K, 100% used [0x00000007a6ab0000, 0x00000007a8000000, 0x00000007a8000000)
  to   space 21824K,   0% used [0x00000007a5560000, 0x00000007a5560000, 0x00000007a6ab0000)
 concurrent mark-sweep generation total 393216K, used 41943K [0x00000007a8000000, 0x00000007c0000000, 0x00000007c0000000)
 Metaspace       used 28305K, capacity 28590K, committed 28744K, reserved 1075200K
  class space    used 3268K, capacity 3354K, committed 3400K, reserved 1048576K
2016-06-08T15:49:26.474-0530: 218.051: [GC (Allocation Failure) 218.051: [ParNew
Desired survivor size 20112992 bytes, new threshold 8 (max 8)
- age   1:    5922816 bytes,    5922816 total
- age   2:    2941912 bytes,    8864728 total
- age   3:    2565544 bytes,   11430272 total
- age   4:    2692648 bytes,   14122920 total
- age   5:     102472 bytes,   14225392 total
- age   6:       8568 bytes,   14233960 total
- age   7:    2420752 bytes,   16654712 total
- age   8:    2773680 bytes,   19428392 total
: 109248K->21824K(109248K), 0.0117406 secs] 151191K->65134K(502464K), 0.0118170 secs] [Times: user=0.02 sys=0.00, real=0.01 secs] 
Heap after GC invocations=26 (full 1):
 par new generation   total 109248K, used 21824K [0x00000007a0000000, 0x00000007a8000000, 0x00000007a8000000)
  eden space 87424K,   0% used [0x00000007a0000000, 0x00000007a0000000, 0x00000007a5560000)
  from space 21824K, 100% used [0x00000007a5560000, 0x00000007a6ab0000, 0x00000007a6ab0000)
  to   space 21824K,   0% used [0x00000007a6ab0000, 0x00000007a6ab0000, 0x00000007a8000000)
 concurrent mark-sweep generation total 393216K, used 43310K [0x00000007a8000000, 0x00000007c0000000, 0x00000007c0000000)
 Metaspace       used 28305K, capacity 28590K, committed 28744K, reserved 1075200K
  class space    used 3268K, capacity 3354K, committed 3400K, reserved 1048576K
}
2016-06-08T15:49:26.486-0530: 218.063: Total time for which application threads were stopped: 0.0638214 seconds
2016-06-08T15:49:26.733-0530: 218.310: Total time for which application threads were stopped: 0.0002093 seconds
2016-06-08T15:49:26.734-0530: 218.310: Total time for which application threads were stopped: 0.0000894 seconds
2016-06-08T15:49:26.762-0530: 218.338: Total time for which application threads were stopped: 0.0000958 seconds
2016-06-08T15:49:26.762-0530: 218.339: Total time for which application threads were stopped: 0.0000516 seconds
2016-06-08T15:49:26.763-0530: 218.340: Total time for which application threads were stopped: 0.0000964 seconds
2016-06-08T15:49:26.764-0530: 218.340: Total time for which application threads were stopped: 0.0000711 seconds
2016-06-08T15:49:26.764-0530: 218.340: Total time for which application threads were stopped: 0.0000840 seconds
2016-06-08T15:49:26.764-0530: 218.341: Total time for which application threads were stopped: 0.0000791 seconds
2016-06-08T15:49:26.764-0530: 218.341: Total time for which application threads were stopped: 0.0000653 seconds
2016-06-08T15:49:26.765-0530: 218.341: Total time for which application threads were stopped: 0.0001049 seconds
2016-06-08T15:49:26.765-0530: 218.341: Total time for which application threads were stopped: 0.0000760 seconds
{Heap before GC invocations=26 (full 1):
 par new generation   total 109248K, used 109244K [0x00000007a0000000, 0x00000007a8000000, 0x00000007a8000000)
  eden space 87424K,  99% used [0x00000007a0000000, 0x00000007a555f1e0, 0x00000007a5560000)
  from space 21824K, 100% used [0x00000007a5560000, 0x00000007a6ab0000, 0x00000007a6ab0000)
  to   space 21824K,   0% used [0x00000007a6ab0000, 0x00000007a6ab0000, 0x00000007a8000000)
 concurrent mark-sweep generation total 393216K, used 43310K [0x00000007a8000000, 0x00000007c0000000, 0x00000007c0000000)
 Metaspace       used 28314K, capacity 28654K, committed 29000K, reserved 1075200K
  class space    used 3268K, capacity 3354K, committed 3400K, reserved 1048576K
2016-06-08T15:49:33.056-0530: 224.632: [GC (Allocation Failure) 224.685: [ParNew
Desired survivor size 20112992 bytes, new threshold 8 (max 8)
- age   1:    4702280 bytes,    4702280 total
- age   2:    4135312 bytes,    8837592 total
- age   3:    2776304 bytes,   11613896 total
- age   4:    2498560 bytes,   14112456 total
- age   5:    2690448 bytes,   16802904 total
- age   6:     102432 bytes,   16905336 total
- age   7:       7880 bytes,   16913216 total
- age   8:    2399328 bytes,   19312544 total
: 109244K->21824K(109248K), 0.0126397 secs] 152554K->70777K(502464K), 0.0651141 secs] [Times: user=0.03 sys=0.01, real=0.07 secs] 
Heap after GC invocations=27 (full 1):
 par new generation   total 109248K, used 21824K [0x00000007a0000000, 0x00000007a8000000, 0x00000007a8000000)
  eden space 87424K,   0% used [0x00000007a0000000, 0x00000007a0000000, 0x00000007a5560000)
  from space 21824K, 100% used [0x00000007a6ab0000, 0x00000007a8000000, 0x00000007a8000000)
  to   space 21824K,   0% used [0x00000007a5560000, 0x00000007a5560000, 0x00000007a6ab0000)
 concurrent mark-sweep generation total 393216K, used 48953K [0x00000007a8000000, 0x00000007c0000000, 0x00000007c0000000)
 Metaspace       used 28314K, capacity 28654K, committed 29000K, reserved 1075200K
  class space    used 3268K, capacity 3354K, committed 3400K, reserved 1048576K
}
2016-06-08T15:49:33.121-0530: 224.698: Total time for which application threads were stopped: 0.0652993 seconds
2016-06-08T15:49:33.328-0530: 224.904: Total time for which application threads were stopped: 0.0000832 seconds
2016-06-08T15:49:33.328-0530: 224.905: Total time for which application threads were stopped: 0.0000569 seconds
2016-06-08T15:49:33.362-0530: 224.939: Total time for which application threads were stopped: 0.0000888 seconds
2016-06-08T15:49:33.362-0530: 224.939: Total time for which application threads were stopped: 0.0000443 seconds
2016-06-08T15:49:33.364-0530: 224.940: Total time for which application threads were stopped: 0.0001306 seconds
2016-06-08T15:49:33.364-0530: 224.940: Total time for which application threads were stopped: 0.0000777 seconds
2016-06-08T15:49:33.364-0530: 224.940: Total time for which application threads were stopped: 0.0000548 seconds
2016-06-08T15:49:33.365-0530: 224.941: Total time for which application threads were stopped: 0.0001072 seconds
2016-06-08T15:49:33.365-0530: 224.941: Total time for which application threads were stopped: 0.0000898 seconds
2016-06-08T15:49:33.365-0530: 224.941: Total time for which application threads were stopped: 0.0000786 seconds
2016-06-08T15:49:33.365-0530: 224.942: Total time for which application threads were stopped: 0.0000867 seconds
{Heap before GC invocations=27 (full 1):
 par new generation   total 109248K, used 109248K [0x00000007a0000000, 0x00000007a8000000, 0x00000007a8000000)
  eden space 87424K, 100% used [0x00000007a0000000, 0x00000007a5560000, 0x00000007a5560000)
  from space 21824K, 100% used [0x00000007a6ab0000, 0x00000007a8000000, 0x00000007a8000000)
  to   space 21824K,   0% used [0x00000007a5560000, 0x00000007a5560000, 0x00000007a6ab0000)
 concurrent mark-sweep generation total 393216K, used 48953K [0x00000007a8000000, 0x00000007c0000000, 0x00000007c0000000)
 Metaspace       used 28328K, capacity 28660K, committed 29000K, reserved 1075200K
  class space    used 3269K, capacity 3355K, committed 3400K, reserved 1048576K
2016-06-08T15:49:40.244-0530: 231.821: [GC (Allocation Failure) 231.854: [ParNew
Desired survivor size 20112992 bytes, new threshold 8 (max 8)
- age   1:    6561840 bytes,    6561840 total
- age   2:    3144320 bytes,    9706160 total
- age   3:    2719696 bytes,   12425856 total
- age   4:    2708648 bytes,   15134504 total
- age   5:    1871728 bytes,   17006232 total
- age   6:    2073944 bytes,   19080176 total
- age   7:     102384 bytes,   19182560 total
- age   8:       7800 bytes,   19190360 total
: 109248K->21824K(109248K), 0.0237895 secs] 158201K->76505K(502464K), 0.0565933 secs] [Times: user=0.03 sys=0.00, real=0.06 secs] 
Heap after GC invocations=28 (full 1):
 par new generation   total 109248K, used 21824K [0x00000007a0000000, 0x00000007a8000000, 0x00000007a8000000)
  eden space 87424K,   0% used [0x00000007a0000000, 0x00000007a0000000, 0x00000007a5560000)
  from space 21824K, 100% used [0x00000007a5560000, 0x00000007a6ab0000, 0x00000007a6ab0000)
  to   space 21824K,   0% used [0x00000007a6ab0000, 0x00000007a6ab0000, 0x00000007a8000000)
 concurrent mark-sweep generation total 393216K, used 54681K [0x00000007a8000000, 0x00000007c0000000, 0x00000007c0000000)
 Metaspace       used 28328K, capacity 28660K, committed 29000K, reserved 1075200K
  class space    used 3269K, capacity 3355K, committed 3400K, reserved 1048576K
}
2016-06-08T15:49:40.301-0530: 231.878: Total time for which application threads were stopped: 0.0567738 seconds
2016-06-08T15:49:40.585-0530: 232.162: Total time for which application threads were stopped: 0.0001172 seconds
2016-06-08T15:49:40.586-0530: 232.162: Total time for which application threads were stopped: 0.0000998 seconds
2016-06-08T15:49:40.622-0530: 232.199: Total time for which application threads were stopped: 0.0000854 seconds
2016-06-08T15:49:40.623-0530: 232.200: Total time for which application threads were stopped: 0.0001116 seconds
2016-06-08T15:49:40.623-0530: 232.200: Total time for which application threads were stopped: 0.0000667 seconds
2016-06-08T15:49:40.623-0530: 232.200: Total time for which application threads were stopped: 0.0000787 seconds
2016-06-08T15:49:40.624-0530: 232.201: Total time for which application threads were stopped: 0.0001738 seconds
{Heap before GC invocations=28 (full 1):
 par new generation   total 109248K, used 109248K [0x00000007a0000000, 0x00000007a8000000, 0x00000007a8000000)
  eden space 87424K, 100% used [0x00000007a0000000, 0x00000007a5560000, 0x00000007a5560000)
  from space 21824K, 100% used [0x00000007a5560000, 0x00000007a6ab0000, 0x00000007a6ab0000)
  to   space 21824K,   0% used [0x00000007a6ab0000, 0x00000007a6ab0000, 0x00000007a8000000)
 concurrent mark-sweep generation total 393216K, used 54681K [0x00000007a8000000, 0x00000007c0000000, 0x00000007c0000000)
 Metaspace       used 28337K, capacity 28660K, committed 29000K, reserved 1075200K
  class space    used 3269K, capacity 3355K, committed 3400K, reserved 1048576K
2016-06-08T15:49:47.987-0530: 239.565: [GC (Allocation Failure) 239.565: [ParNew
Desired survivor size 20112992 bytes, new threshold 7 (max 8)
- age   1:    4949104 bytes,    4949104 total
- age   2:    3692344 bytes,    8641448 total
- age   3:    3041696 bytes,   11683144 total
- age   4:    2612872 bytes,   14296016 total
- age   5:    1936976 bytes,   16232992 total
- age   6:    1871728 bytes,   18104720 total
- age   7:    2013504 bytes,   20118224 total
- age   8:     102264 bytes,   20220488 total
: 109248K->21824K(109248K), 0.0081668 secs] 163929K->77857K(502464K), 0.0082329 secs] [Times: user=0.02 sys=0.00, real=0.01 secs] 
Heap after GC invocations=29 (full 1):
 par new generation   total 109248K, used 21824K [0x00000007a0000000, 0x00000007a8000000, 0x00000007a8000000)
  eden space 87424K,   0% used [0x00000007a0000000, 0x00000007a0000000, 0x00000007a5560000)
  from space 21824K, 100% used [0x00000007a6ab0000, 0x00000007a8000000, 0x00000007a8000000)
  to   space 21824K,   0% used [0x00000007a5560000, 0x00000007a5560000, 0x00000007a6ab0000)
 concurrent mark-sweep generation total 393216K, used 56033K [0x00000007a8000000, 0x00000007c0000000, 0x00000007c0000000)
 Metaspace       used 28337K, capacity 28660K, committed 29000K, reserved 1075200K
  class space    used 3269K, capacity 3355K, committed 3400K, reserved 1048576K
}
2016-06-08T15:49:47.996-0530: 239.573: Total time for which application threads were stopped: 0.0084061 seconds
2016-06-08T15:49:48.253-0530: 239.830: Total time for which application threads were stopped: 0.0001115 seconds
2016-06-08T15:49:48.254-0530: 239.831: Total time for which application threads were stopped: 0.0000626 seconds
2016-06-08T15:49:48.254-0530: 239.831: Total time for which application threads were stopped: 0.0000565 seconds
2016-06-08T15:49:48.320-0530: 239.897: Total time for which application threads were stopped: 0.0001278 seconds
2016-06-08T15:49:48.320-0530: 239.897: Total time for which application threads were stopped: 0.0000833 seconds
2016-06-08T15:49:48.320-0530: 239.898: Total time for which application threads were stopped: 0.0000869 seconds
{Heap before GC invocations=29 (full 1):
 par new generation   total 109248K, used 109248K [0x00000007a0000000, 0x00000007a8000000, 0x00000007a8000000)
  eden space 87424K, 100% used [0x00000007a0000000, 0x00000007a5560000, 0x00000007a5560000)
  from space 21824K, 100% used [0x00000007a6ab0000, 0x00000007a8000000, 0x00000007a8000000)
  to   space 21824K,   0% used [0x00000007a5560000, 0x00000007a5560000, 0x00000007a6ab0000)
 concurrent mark-sweep generation total 393216K, used 56033K [0x00000007a8000000, 0x00000007c0000000, 0x00000007c0000000)
 Metaspace       used 28345K, capacity 28660K, committed 29000K, reserved 1075200K
  class space    used 3269K, capacity 3355K, committed 3400K, reserved 1048576K
2016-06-08T15:49:54.321-0530: 245.899: [GC (Allocation Failure) 245.899: [ParNew
Desired survivor size 20112992 bytes, new threshold 8 (max 8)
- age   1:    4213920 bytes,    4213920 total
- age   2:    2296464 bytes,    6510384 total
- age   3:    3680376 bytes,   10190760 total
- age   4:    2548496 bytes,   12739256 total
- age   5:    2612752 bytes,   15352008 total
- age   6:    1936904 bytes,   17288912 total
- age   7:    1871728 bytes,   19160640 total
: 109248K->21824K(109248K), 0.0098632 secs] 165281K->80777K(502464K), 0.0099531 secs] [Times: user=0.02 sys=0.00, real=0.01 secs] 
Heap after GC invocations=30 (full 1):
 par new generation   total 109248K, used 21824K [0x00000007a0000000, 0x00000007a8000000, 0x00000007a8000000)
  eden space 87424K,   0% used [0x00000007a0000000, 0x00000007a0000000, 0x00000007a5560000)
  from space 21824K, 100% used [0x00000007a5560000, 0x00000007a6ab0000, 0x00000007a6ab0000)
  to   space 21824K,   0% used [0x00000007a6ab0000, 0x00000007a6ab0000, 0x00000007a8000000)
 concurrent mark-sweep generation total 393216K, used 58953K [0x00000007a8000000, 0x00000007c0000000, 0x00000007c0000000)
 Metaspace       used 28345K, capacity 28660K, committed 29000K, reserved 1075200K
  class space    used 3269K, capacity 3355K, committed 3400K, reserved 1048576K
}
2016-06-08T15:49:54.331-0530: 245.909: Total time for which application threads were stopped: 0.0101733 seconds
2016-06-08T15:49:54.550-0530: 246.127: Total time for which application threads were stopped: 0.0001220 seconds
2016-06-08T15:49:54.552-0530: 246.129: Total time for which application threads were stopped: 0.0001015 seconds
2016-06-08T15:49:54.552-0530: 246.129: Total time for which application threads were stopped: 0.0000790 seconds
2016-06-08T15:49:54.555-0530: 246.132: Total time for which application threads were stopped: 0.0001171 seconds
2016-06-08T15:49:54.555-0530: 246.132: Total time for which application threads were stopped: 0.0000792 seconds
2016-06-08T15:49:54.576-0530: 246.153: Total time for which application threads were stopped: 0.0001425 seconds
2016-06-08T15:49:54.576-0530: 246.153: Total time for which application threads were stopped: 0.0000876 seconds
2016-06-08T15:49:54.577-0530: 246.154: Total time for which application threads were stopped: 0.0001669 seconds
2016-06-08T15:49:54.578-0530: 246.155: Total time for which application threads were stopped: 0.0002879 seconds
2016-06-08T15:49:54.579-0530: 246.156: Total time for which application threads were stopped: 0.0002185 seconds
2016-06-08T15:49:54.581-0530: 246.158: Total time for which application threads were stopped: 0.0001821 seconds
2016-06-08T15:49:54.581-0530: 246.159: Total time for which application threads were stopped: 0.0001524 seconds
2016-06-08T15:49:55.619-0530: 247.196: Total time for which application threads were stopped: 0.0373350 seconds
2016-06-08T15:50:03.647-0530: 255.224: Total time for which application threads were stopped: 0.0000996 seconds
2016-06-08T15:50:04.652-0530: 256.230: Total time for which application threads were stopped: 0.0001938 seconds
2016-06-08T15:50:05.655-0530: 257.233: Total time for which application threads were stopped: 0.0003006 seconds
2016-06-08T15:50:06.660-0530: 258.238: Total time for which application threads were stopped: 0.0041015 seconds
2016-06-08T15:50:07.663-0530: 259.241: Total time for which application threads were stopped: 0.0001542 seconds
{Heap before GC invocations=30 (full 1):
 par new generation   total 109248K, used 109248K [0x00000007a0000000, 0x00000007a8000000, 0x00000007a8000000)
  eden space 87424K, 100% used [0x00000007a0000000, 0x00000007a5560000, 0x00000007a5560000)
  from space 21824K, 100% used [0x00000007a5560000, 0x00000007a6ab0000, 0x00000007a6ab0000)
  to   space 21824K,   0% used [0x00000007a6ab0000, 0x00000007a6ab0000, 0x00000007a8000000)
 concurrent mark-sweep generation total 393216K, used 58953K [0x00000007a8000000, 0x00000007c0000000, 0x00000007c0000000)
 Metaspace       used 28420K, capacity 28724K, committed 29000K, reserved 1075200K
  class space    used 3274K, capacity 3355K, committed 3400K, reserved 1048576K
2016-06-08T15:50:08.603-0530: 260.180: [GC (Allocation Failure) 260.195: [ParNew
Desired survivor size 20112992 bytes, new threshold 8 (max 8)
- age   1:    4348600 bytes,    4348600 total
- age   2:    2331376 bytes,    6679976 total
- age   3:    2228032 bytes,    8908008 total
- age   4:    3613080 bytes,   12521088 total
- age   5:    2463056 bytes,   14984144 total
- age   6:    2182232 bytes,   17166376 total
- age   7:    1468448 bytes,   18634824 total
- age   8:    1471832 bytes,   20106656 total
: 109248K->21824K(109248K), 0.0116962 secs] 168201K->82392K(502464K), 0.0263252 secs] [Times: user=0.03 sys=0.01, real=0.02 secs] 
Heap after GC invocations=31 (full 1):
 par new generation   total 109248K, used 21824K [0x00000007a0000000, 0x00000007a8000000, 0x00000007a8000000)
  eden space 87424K,   0% used [0x00000007a0000000, 0x00000007a0000000, 0x00000007a5560000)
  from space 21824K, 100% used [0x00000007a6ab0000, 0x00000007a8000000, 0x00000007a8000000)
  to   space 21824K,   0% used [0x00000007a5560000, 0x00000007a5560000, 0x00000007a6ab0000)
 concurrent mark-sweep generation total 393216K, used 60568K [0x00000007a8000000, 0x00000007c0000000, 0x00000007c0000000)
 Metaspace       used 28420K, capacity 28724K, committed 29000K, reserved 1075200K
  class space    used 3274K, capacity 3355K, committed 3400K, reserved 1048576K
}
2016-06-08T15:50:08.629-0530: 260.207: Total time for which application threads were stopped: 0.0265256 seconds
2016-06-08T15:50:08.851-0530: 260.428: Total time for which application threads were stopped: 0.0000935 seconds
2016-06-08T15:50:08.851-0530: 260.429: Total time for which application threads were stopped: 0.0000572 seconds
2016-06-08T15:50:08.852-0530: 260.430: Total time for which application threads were stopped: 0.0000678 seconds
2016-06-08T15:50:08.924-0530: 260.502: Total time for which application threads were stopped: 0.0000979 seconds
2016-06-08T15:50:08.926-0530: 260.504: Total time for which application threads were stopped: 0.0002086 seconds
2016-06-08T15:50:08.927-0530: 260.504: Total time for which application threads were stopped: 0.0001098 seconds
2016-06-08T15:50:08.927-0530: 260.505: Total time for which application threads were stopped: 0.0000939 seconds
2016-06-08T15:50:08.927-0530: 260.505: Total time for which application threads were stopped: 0.0000792 seconds
2016-06-08T15:50:08.927-0530: 260.505: Total time for which application threads were stopped: 0.0000833 seconds
2016-06-08T15:50:12.936-0530: 264.514: Total time for which application threads were stopped: 0.0002763 seconds
2016-06-08T15:50:21.961-0530: 273.540: Total time for which application threads were stopped: 0.0013412 seconds
2016-06-08T15:50:23.828-0530: 275.407: Total time for which application threads were stopped: 0.0000861 seconds
2016-06-08T15:50:24.392-0530: 275.971: Total time for which application threads were stopped: 0.0001332 seconds
{Heap before GC invocations=31 (full 1):
 par new generation   total 109248K, used 109248K [0x00000007a0000000, 0x00000007a8000000, 0x00000007a8000000)
  eden space 87424K, 100% used [0x00000007a0000000, 0x00000007a5560000, 0x00000007a5560000)
  from space 21824K, 100% used [0x00000007a6ab0000, 0x00000007a8000000, 0x00000007a8000000)
  to   space 21824K,   0% used [0x00000007a5560000, 0x00000007a5560000, 0x00000007a6ab0000)
 concurrent mark-sweep generation total 393216K, used 60568K [0x00000007a8000000, 0x00000007c0000000, 0x00000007c0000000)
 Metaspace       used 28425K, capacity 28724K, committed 29000K, reserved 1075200K
  class space    used 3274K, capacity 3355K, committed 3400K, reserved 1048576K
2016-06-08T15:50:24.426-0530: 276.004: [GC (Allocation Failure) 276.004: [ParNew
Desired survivor size 20112992 bytes, new threshold 8 (max 8)
- age   1:    1636888 bytes,    1636888 total
- age   2:    2169160 bytes,    3806048 total
- age   3:    2330952 bytes,    6137000 total
- age   4:    1112360 bytes,    7249360 total
- age   5:    3278088 bytes,   10527448 total
- age   6:    2024800 bytes,   12552248 total
- age   7:    2138096 bytes,   14690344 total
- age   8:    1375888 bytes,   16066232 total
: 109248K->21824K(109248K), 0.0128544 secs] 169816K->86137K(502464K), 0.0129269 secs] [Times: user=0.02 sys=0.00, real=0.01 secs] 
Heap after GC invocations=32 (full 1):
 par new generation   total 109248K, used 21824K [0x00000007a0000000, 0x00000007a8000000, 0x00000007a8000000)
  eden space 87424K,   0% used [0x00000007a0000000, 0x00000007a0000000, 0x00000007a5560000)
  from space 21824K, 100% used [0x00000007a5560000, 0x00000007a6ab0000, 0x00000007a6ab0000)
  to   space 21824K,   0% used [0x00000007a6ab0000, 0x00000007a6ab0000, 0x00000007a8000000)
 concurrent mark-sweep generation total 393216K, used 64313K [0x00000007a8000000, 0x00000007c0000000, 0x00000007c0000000)
 Metaspace       used 28425K, capacity 28724K, committed 29000K, reserved 1075200K
  class space    used 3274K, capacity 3355K, committed 3400K, reserved 1048576K
}
2016-06-08T15:50:24.439-0530: 276.017: Total time for which application threads were stopped: 0.0131455 seconds
2016-06-08T15:50:24.440-0530: 276.018: Total time for which application threads were stopped: 0.0001911 seconds
{Heap before GC invocations=32 (full 1):
 par new generation   total 109248K, used 109248K [0x00000007a0000000, 0x00000007a8000000, 0x00000007a8000000)
  eden space 87424K, 100% used [0x00000007a0000000, 0x00000007a5560000, 0x00000007a5560000)
  from space 21824K, 100% used [0x00000007a5560000, 0x00000007a6ab0000, 0x00000007a6ab0000)
  to   space 21824K,   0% used [0x00000007a6ab0000, 0x00000007a6ab0000, 0x00000007a8000000)
 concurrent mark-sweep generation total 393216K, used 64313K [0x00000007a8000000, 0x00000007c0000000, 0x00000007c0000000)
 Metaspace       used 28425K, capacity 28724K, committed 29000K, reserved 1075200K
  class space    used 3274K, capacity 3355K, committed 3400K, reserved 1048576K
2016-06-08T15:50:24.592-0530: 276.170: [GC (Allocation Failure) 276.170: [ParNew
Desired survivor size 20112992 bytes, new threshold 8 (max 8)
- age   1:     170992 bytes,     170992 total
- age   2:    1633480 bytes,    1804472 total
- age   3:    2168744 bytes,    3973216 total
- age   4:    2330952 bytes,    6304168 total
- age   5:    1112360 bytes,    7416528 total
- age   6:    3278088 bytes,   10694616 total
- age   7:    2024800 bytes,   12719416 total
- age   8:    2138096 bytes,   14857512 total
: 109248K->21493K(109248K), 0.0089183 secs] 173561K->87150K(502464K), 0.0089734 secs] [Times: user=0.02 sys=0.01, real=0.01 secs] 
Heap after GC invocations=33 (full 1):
 par new generation   total 109248K, used 21493K [0x00000007a0000000, 0x00000007a8000000, 0x00000007a8000000)
  eden space 87424K,   0% used [0x00000007a0000000, 0x00000007a0000000, 0x00000007a5560000)
  from space 21824K,  98% used [0x00000007a6ab0000, 0x00000007a7fad400, 0x00000007a8000000)
  to   space 21824K,   0% used [0x00000007a5560000, 0x00000007a5560000, 0x00000007a6ab0000)
 concurrent mark-sweep generation total 393216K, used 65657K [0x00000007a8000000, 0x00000007c0000000, 0x00000007c0000000)
 Metaspace       used 28425K, capacity 28724K, committed 29000K, reserved 1075200K
  class space    used 3274K, capacity 3355K, committed 3400K, reserved 1048576K
}
2016-06-08T15:50:24.601-0530: 276.179: Total time for which application threads were stopped: 0.0091570 seconds
2016-06-08T15:50:24.636-0530: 276.214: Total time for which application threads were stopped: 0.0000928 seconds
2016-06-08T15:50:25.637-0530: 277.215: Total time for which application threads were stopped: 0.0001544 seconds
{Heap before GC invocations=33 (full 1):
 par new generation   total 109248K, used 108917K [0x00000007a0000000, 0x00000007a8000000, 0x00000007a8000000)
  eden space 87424K, 100% used [0x00000007a0000000, 0x00000007a5560000, 0x00000007a5560000)
  from space 21824K,  98% used [0x00000007a6ab0000, 0x00000007a7fad400, 0x00000007a8000000)
  to   space 21824K,   0% used [0x00000007a5560000, 0x00000007a5560000, 0x00000007a6ab0000)
 concurrent mark-sweep generation total 393216K, used 65657K [0x00000007a8000000, 0x00000007c0000000, 0x00000007c0000000)
 Metaspace       used 28425K, capacity 28724K, committed 29000K, reserved 1075200K
  class space    used 3274K, capacity 3355K, committed 3400K, reserved 1048576K
2016-06-08T15:50:26.135-0530: 277.713: [GC (Allocation Failure) 277.713: [ParNew
Desired survivor size 20112992 bytes, new threshold 8 (max 8)
- age   1:     189128 bytes,     189128 total
- age   2:      25856 bytes,     214984 total
- age   3:    1632040 bytes,    1847024 total
- age   4:    2168744 bytes,    4015768 total
- age   5:    2330952 bytes,    6346720 total
- age   6:    1112360 bytes,    7459080 total
- age   7:    3278088 bytes,   10737168 total
- age   8:    2024800 bytes,   12761968 total
: 108917K->18287K(109248K), 0.0086547 secs] 174574K->86033K(502464K), 0.0087278 secs] [Times: user=0.01 sys=0.01, real=0.01 secs] 
Heap after GC invocations=34 (full 1):
 par new generation   total 109248K, used 18287K [0x00000007a0000000, 0x00000007a8000000, 0x00000007a8000000)
  eden space 87424K,   0% used [0x00000007a0000000, 0x00000007a0000000, 0x00000007a5560000)
  from space 21824K,  83% used [0x00000007a5560000, 0x00000007a673bc58, 0x00000007a6ab0000)
  to   space 21824K,   0% used [0x00000007a6ab0000, 0x00000007a6ab0000, 0x00000007a8000000)
 concurrent mark-sweep generation total 393216K, used 67746K [0x00000007a8000000, 0x00000007c0000000, 0x00000007c0000000)
 Metaspace       used 28425K, capacity 28724K, committed 29000K, reserved 1075200K
  class space    used 3274K, capacity 3355K, committed 3400K, reserved 1048576K
}
2016-06-08T15:50:26.143-0530: 277.722: Total time for which application threads were stopped: 0.0089169 seconds
{Heap before GC invocations=34 (full 1):
 par new generation   total 109248K, used 105711K [0x00000007a0000000, 0x00000007a8000000, 0x00000007a8000000)
  eden space 87424K, 100% used [0x00000007a0000000, 0x00000007a5560000, 0x00000007a5560000)
  from space 21824K,  83% used [0x00000007a5560000, 0x00000007a673bc58, 0x00000007a6ab0000)
  to   space 21824K,   0% used [0x00000007a6ab0000, 0x00000007a6ab0000, 0x00000007a8000000)
 concurrent mark-sweep generation total 393216K, used 67746K [0x00000007a8000000, 0x00000007c0000000, 0x00000007c0000000)
 Metaspace       used 28425K, capacity 28724K, committed 29000K, reserved 1075200K
  class space    used 3274K, capacity 3355K, committed 3400K, reserved 1048576K
2016-06-08T15:50:26.455-0530: 278.034: [GC (Allocation Failure) 278.034: [ParNew
Desired survivor size 20112992 bytes, new threshold 8 (max 8)
- age   1:     141592 bytes,     141592 total
- age   2:     154664 bytes,     296256 total
- age   3:      25856 bytes,     322112 total
- age   4:    1632040 bytes,    1954152 total
- age   5:    2168744 bytes,    4122896 total
- age   6:    2330952 bytes,    6453848 total
- age   7:    1112360 bytes,    7566208 total
- age   8:    3278088 bytes,   10844296 total
: 105711K->15087K(109248K), 0.0145147 secs] 173457K->84812K(502464K), 0.0145749 secs] [Times: user=0.03 sys=0.00, real=0.02 secs] 
Heap after GC invocations=35 (full 1):
 par new generation   total 109248K, used 15087K [0x00000007a0000000, 0x00000007a8000000, 0x00000007a8000000)
  eden space 87424K,   0% used [0x00000007a0000000, 0x00000007a0000000, 0x00000007a5560000)
  from space 21824K,  69% used [0x00000007a6ab0000, 0x00000007a796bd38, 0x00000007a8000000)
  to   space 21824K,   0% used [0x00000007a5560000, 0x00000007a5560000, 0x00000007a6ab0000)
 concurrent mark-sweep generation total 393216K, used 69725K [0x00000007a8000000, 0x00000007c0000000, 0x00000007c0000000)
 Metaspace       used 28425K, capacity 28724K, committed 29000K, reserved 1075200K
  class space    used 3274K, capacity 3355K, committed 3400K, reserved 1048576K
}
2016-06-08T15:50:26.470-0530: 278.048: Total time for which application threads were stopped: 0.0148005 seconds
{Heap before GC invocations=35 (full 1):
 par new generation   total 109248K, used 102511K [0x00000007a0000000, 0x00000007a8000000, 0x00000007a8000000)
  eden space 87424K,  99% used [0x00000007a0000000, 0x00000007a555ff10, 0x00000007a5560000)
  from space 21824K,  69% used [0x00000007a6ab0000, 0x00000007a796bd38, 0x00000007a8000000)
  to   space 21824K,   0% used [0x00000007a5560000, 0x00000007a5560000, 0x00000007a6ab0000)
 concurrent mark-sweep generation total 393216K, used 69725K [0x00000007a8000000, 0x00000007c0000000, 0x00000007c0000000)
 Metaspace       used 28429K, capacity 28724K, committed 29000K, reserved 1075200K
  class space    used 3274K, capacity 3355K, committed 3400K, reserved 1048576K
2016-06-08T15:50:27.187-0530: 278.766: [GC (Allocation Failure) 278.766: [ParNew
Desired survivor size 20112992 bytes, new threshold 8 (max 8)
- age   1:    2677704 bytes,    2677704 total
- age   2:      81224 bytes,    2758928 total
- age   3:     150792 bytes,    2909720 total
- age   4:      25856 bytes,    2935576 total
- age   5:    1631848 bytes,    4567424 total
- age   6:    2168744 bytes,    6736168 total
- age   7:    2330952 bytes,    9067120 total
- age   8:    1112360 bytes,   10179480 total
: 102511K->14119K(109248K), 0.0128239 secs] 172236K->87048K(502464K), 0.0129031 secs] [Times: user=0.02 sys=0.00, real=0.02 secs] 
Heap after GC invocations=36 (full 1):
 par new generation   total 109248K, used 14119K [0x00000007a0000000, 0x00000007a8000000, 0x00000007a8000000)
  eden space 87424K,   0% used [0x00000007a0000000, 0x00000007a0000000, 0x00000007a5560000)
  from space 21824K,  64% used [0x00000007a5560000, 0x00000007a6329ce0, 0x00000007a6ab0000)
  to   space 21824K,   0% used [0x00000007a6ab0000, 0x00000007a6ab0000, 0x00000007a8000000)
 concurrent mark-sweep generation total 393216K, used 72928K [0x00000007a8000000, 0x00000007c0000000, 0x00000007c0000000)
 Metaspace       used 28429K, capacity 28724K, committed 29000K, reserved 1075200K
  class space    used 3274K, capacity 3355K, committed 3400K, reserved 1048576K
}
2016-06-08T15:50:27.200-0530: 278.779: Total time for which application threads were stopped: 0.0131401 seconds
2016-06-08T15:50:27.724-0530: 279.302: Total time for which application threads were stopped: 0.0001009 seconds
2016-06-08T15:50:27.725-0530: 279.303: Total time for which application threads were stopped: 0.0000812 seconds
2016-06-08T15:50:27.725-0530: 279.303: Total time for which application threads were stopped: 0.0000523 seconds
2016-06-08T15:50:27.725-0530: 279.303: Total time for which application threads were stopped: 0.0000473 seconds
2016-06-08T15:50:27.725-0530: 279.303: Total time for which application threads were stopped: 0.0000510 seconds
{Heap before GC invocations=36 (full 1):
 par new generation   total 109248K, used 101543K [0x00000007a0000000, 0x00000007a8000000, 0x00000007a8000000)
  eden space 87424K, 100% used [0x00000007a0000000, 0x00000007a5560000, 0x00000007a5560000)
  from space 21824K,  64% used [0x00000007a5560000, 0x00000007a6329ce0, 0x00000007a6ab0000)
  to   space 21824K,   0% used [0x00000007a6ab0000, 0x00000007a6ab0000, 0x00000007a8000000)
 concurrent mark-sweep generation total 393216K, used 72928K [0x00000007a8000000, 0x00000007c0000000, 0x00000007c0000000)
 Metaspace       used 28443K, capacity 28724K, committed 29000K, reserved 1075200K
  class space    used 3274K, capacity 3355K, committed 3400K, reserved 1048576K
2016-06-08T15:50:27.849-0530: 279.427: [GC (Allocation Failure) 279.427: [ParNew
Desired survivor size 20112992 bytes, new threshold 8 (max 8)
- age   1:    2756520 bytes,    2756520 total
- age   2:     827288 bytes,    3583808 total
- age   3:      80848 bytes,    3664656 total
- age   4:     149760 bytes,    3814416 total
- age   5:      25216 bytes,    3839632 total
- age   6:    1630440 bytes,    5470072 total
- age   7:    2168744 bytes,    7638816 total
- age   8:    2330856 bytes,    9969672 total
: 101543K->12849K(109248K), 0.0080804 secs] 174472K->86864K(502464K), 0.0081586 secs] [Times: user=0.02 sys=0.00, real=0.01 secs] 
Heap after GC invocations=37 (full 1):
 par new generation   total 109248K, used 12849K [0x00000007a0000000, 0x00000007a8000000, 0x00000007a8000000)
  eden space 87424K,   0% used [0x00000007a0000000, 0x00000007a0000000, 0x00000007a5560000)
  from space 21824K,  58% used [0x00000007a6ab0000, 0x00000007a773c580, 0x00000007a8000000)
  to   space 21824K,   0% used [0x00000007a5560000, 0x00000007a5560000, 0x00000007a6ab0000)
 concurrent mark-sweep generation total 393216K, used 74015K [0x00000007a8000000, 0x00000007c0000000, 0x00000007c0000000)
 Metaspace       used 28443K, capacity 28724K, committed 29000K, reserved 1075200K
  class space    used 3274K, capacity 3355K, committed 3400K, reserved 1048576K
}
2016-06-08T15:50:27.857-0530: 279.435: Total time for which application threads were stopped: 0.0083903 seconds
2016-06-08T15:50:27.858-0530: 279.436: Total time for which application threads were stopped: 0.0001246 seconds
2016-06-08T15:50:27.859-0530: 279.438: Total time for which application threads were stopped: 0.0001202 seconds
2016-06-08T15:50:27.860-0530: 279.438: Total time for which application threads were stopped: 0.0000829 seconds
2016-06-08T15:50:27.860-0530: 279.438: Total time for which application threads were stopped: 0.0000495 seconds
2016-06-08T15:50:27.860-0530: 279.438: Total time for which application threads were stopped: 0.0000421 seconds
2016-06-08T15:50:27.860-0530: 279.439: Total time for which application threads were stopped: 0.0000415 seconds
2016-06-08T15:50:27.860-0530: 279.439: Total time for which application threads were stopped: 0.0000419 seconds
2016-06-08T15:50:27.860-0530: 279.439: Total time for which application threads were stopped: 0.0000481 seconds
2016-06-08T15:50:27.860-0530: 279.439: Total time for which application threads were stopped: 0.0000390 seconds
2016-06-08T15:50:27.861-0530: 279.439: Total time for which application threads were stopped: 0.0000490 seconds
2016-06-08T15:50:28.863-0530: 280.441: Total time for which application threads were stopped: 0.0001623 seconds
{Heap before GC invocations=37 (full 1):
 par new generation   total 109248K, used 100273K [0x00000007a0000000, 0x00000007a8000000, 0x00000007a8000000)
  eden space 87424K, 100% used [0x00000007a0000000, 0x00000007a5560000, 0x00000007a5560000)
  from space 21824K,  58% used [0x00000007a6ab0000, 0x00000007a773c580, 0x00000007a8000000)
  to   space 21824K,   0% used [0x00000007a5560000, 0x00000007a5560000, 0x00000007a6ab0000)
 concurrent mark-sweep generation total 393216K, used 74015K [0x00000007a8000000, 0x00000007c0000000, 0x00000007c0000000)
 Metaspace       used 28444K, capacity 28724K, committed 29000K, reserved 1075200K
  class space    used 3274K, capacity 3355K, committed 3400K, reserved 1048576K
2016-06-08T15:50:29.469-0530: 281.047: [GC (Allocation Failure) 281.047: [ParNew
Desired survivor size 20112992 bytes, new threshold 8 (max 8)
- age   1:     152520 bytes,     152520 total
- age   2:    2605344 bytes,    2757864 total
- age   3:     723592 bytes,    3481456 total
- age   4:      79904 bytes,    3561360 total
- age   5:     147376 bytes,    3708736 total
- age   6:      25216 bytes,    3733952 total
- age   7:    1610920 bytes,    5344872 total
- age   8:    2168400 bytes,    7513272 total
: 100273K->11105K(109248K), 0.0062980 secs] 174288K->87397K(502464K), 0.0063471 secs] [Times: user=0.01 sys=0.00, real=0.01 secs] 
Heap after GC invocations=38 (full 1):
 par new generation   total 109248K, used 11105K [0x00000007a0000000, 0x00000007a8000000, 0x00000007a8000000)
  eden space 87424K,   0% used [0x00000007a0000000, 0x00000007a0000000, 0x00000007a5560000)
  from space 21824K,  50% used [0x00000007a5560000, 0x00000007a6038770, 0x00000007a6ab0000)
  to   space 21824K,   0% used [0x00000007a6ab0000, 0x00000007a6ab0000, 0x00000007a8000000)
 concurrent mark-sweep generation total 393216K, used 76292K [0x00000007a8000000, 0x00000007c0000000, 0x00000007c0000000)
 Metaspace       used 28444K, capacity 28724K, committed 29000K, reserved 1075200K
  class space    used 3274K, capacity 3355K, committed 3400K, reserved 1048576K
}
2016-06-08T15:50:29.475-0530: 281.054: Total time for which application threads were stopped: 0.0065278 seconds
{Heap before GC invocations=38 (full 1):
 par new generation   total 109248K, used 98529K [0x00000007a0000000, 0x00000007a8000000, 0x00000007a8000000)
  eden space 87424K, 100% used [0x00000007a0000000, 0x00000007a5560000, 0x00000007a5560000)
  from space 21824K,  50% used [0x00000007a5560000, 0x00000007a6038770, 0x00000007a6ab0000)
  to   space 21824K,   0% used [0x00000007a6ab0000, 0x00000007a6ab0000, 0x00000007a8000000)
 concurrent mark-sweep generation total 393216K, used 76292K [0x00000007a8000000, 0x00000007c0000000, 0x00000007c0000000)
 Metaspace       used 28444K, capacity 28724K, committed 29000K, reserved 1075200K
  class space    used 3274K, capacity 3355K, committed 3400K, reserved 1048576K
2016-06-08T15:50:31.424-0530: 283.003: [GC (Allocation Failure) 283.003: [ParNew
Desired survivor size 20112992 bytes, new threshold 8 (max 8)
- age   1:      59360 bytes,      59360 total
- age   2:     112896 bytes,     172256 total
- age   3:    2604736 bytes,    2776992 total
- age   4:     723592 bytes,    3500584 total
- age   5:      79520 bytes,    3580104 total
- age   6:     146080 bytes,    3726184 total
- age   7:      25216 bytes,    3751400 total
- age   8:    1610120 bytes,    5361520 total
: 98529K->7670K(109248K), 0.0079550 secs] 174821K->86081K(502464K), 0.0080198 secs] [Times: user=0.01 sys=0.00, real=0.01 secs] 
Heap after GC invocations=39 (full 1):
 par new generation   total 109248K, used 7670K [0x00000007a0000000, 0x00000007a8000000, 0x00000007a8000000)
  eden space 87424K,   0% used [0x00000007a0000000, 0x00000007a0000000, 0x00000007a5560000)
  from space 21824K,  35% used [0x00000007a6ab0000, 0x00000007a722da80, 0x00000007a8000000)
  to   space 21824K,   0% used [0x00000007a5560000, 0x00000007a5560000, 0x00000007a6ab0000)
 concurrent mark-sweep generation total 393216K, used 78410K [0x00000007a8000000, 0x00000007c0000000, 0x00000007c0000000)
 Metaspace       used 28444K, capacity 28724K, committed 29000K, reserved 1075200K
  class space    used 3274K, capacity 3355K, committed 3400K, reserved 1048576K
}
2016-06-08T15:50:31.432-0530: 283.011: Total time for which application threads were stopped: 0.0082628 seconds
2016-06-08T15:50:33.437-0530: 285.015: Total time for which application threads were stopped: 0.0001743 seconds
2016-06-08T15:50:33.866-0530: 285.445: Total time for which application threads were stopped: 0.0001387 seconds
2016-06-08T15:50:33.955-0530: 285.533: Total time for which application threads were stopped: 0.0001541 seconds
2016-06-08T15:50:33.964-0530: 285.542: Total time for which application threads were stopped: 0.0001228 seconds
2016-06-08T15:50:33.964-0530: 285.543: Total time for which application threads were stopped: 0.0002291 seconds
2016-06-08T15:50:33.965-0530: 285.544: Total time for which application threads were stopped: 0.0001094 seconds
2016-06-08T15:50:33.966-0530: 285.544: Total time for which application threads were stopped: 0.0001000 seconds
2016-06-08T15:50:33.966-0530: 285.545: Total time for which application threads were stopped: 0.0000966 seconds
2016-06-08T15:50:33.966-0530: 285.545: Total time for which application threads were stopped: 0.0000765 seconds
2016-06-08T15:50:33.967-0530: 285.545: Total time for which application threads were stopped: 0.0001693 seconds
2016-06-08T15:50:33.967-0530: 285.545: Total time for which application threads were stopped: 0.0000785 seconds
2016-06-08T15:50:33.967-0530: 285.545: Total time for which application threads were stopped: 0.0000797 seconds
2016-06-08T15:50:33.967-0530: 285.546: Total time for which application threads were stopped: 0.0000752 seconds
2016-06-08T15:50:33.967-0530: 285.546: Total time for which application threads were stopped: 0.0000785 seconds
2016-06-08T15:50:34.971-0530: 286.550: Total time for which application threads were stopped: 0.0001800 seconds
{Heap before GC invocations=39 (full 1):
 par new generation   total 109248K, used 95092K [0x00000007a0000000, 0x00000007a8000000, 0x00000007a8000000)
  eden space 87424K,  99% used [0x00000007a0000000, 0x00000007a555f830, 0x00000007a5560000)
  from space 21824K,  35% used [0x00000007a6ab0000, 0x00000007a722da80, 0x00000007a8000000)
  to   space 21824K,   0% used [0x00000007a5560000, 0x00000007a5560000, 0x00000007a6ab0000)
 concurrent mark-sweep generation total 393216K, used 78410K [0x00000007a8000000, 0x00000007c0000000, 0x00000007c0000000)
 Metaspace       used 28471K, capacity 28724K, committed 29000K, reserved 1075200K
  class space    used 3274K, capacity 3355K, committed 3400K, reserved 1048576K
2016-06-08T15:50:44.939-0530: 296.518: [GC (Allocation Failure) 296.518: [ParNew
Desired survivor size 20112992 bytes, new threshold 8 (max 8)
- age   1:    1483496 bytes,    1483496 total
- age   2:       2264 bytes,    1485760 total
- age   3:      84680 bytes,    1570440 total
- age   4:    2597064 bytes,    4167504 total
- age   5:     698600 bytes,    4866104 total
- age   6:      62752 bytes,    4928856 total
- age   7:      94224 bytes,    5023080 total
- age   8:      25216 bytes,    5048296 total
: 95092K->6826K(109248K), 0.0067852 secs] 173503K->86811K(502464K), 0.0068595 secs] [Times: user=0.02 sys=0.01, real=0.01 secs] 
Heap after GC invocations=40 (full 1):
 par new generation   total 109248K, used 6826K [0x00000007a0000000, 0x00000007a8000000, 0x00000007a8000000)
  eden space 87424K,   0% used [0x00000007a0000000, 0x00000007a0000000, 0x00000007a5560000)
  from space 21824K,  31% used [0x00000007a5560000, 0x00000007a5c0a900, 0x00000007a6ab0000)
  to   space 21824K,   0% used [0x00000007a6ab0000, 0x00000007a6ab0000, 0x00000007a8000000)
 concurrent mark-sweep generation total 393216K, used 79985K [0x00000007a8000000, 0x00000007c0000000, 0x00000007c0000000)
 Metaspace       used 28471K, capacity 28724K, committed 29000K, reserved 1075200K
  class space    used 3274K, capacity 3355K, committed 3400K, reserved 1048576K
}
2016-06-08T15:50:44.946-0530: 296.525: Total time for which application threads were stopped: 0.0070476 seconds
{Heap before GC invocations=40 (full 1):
 par new generation   total 109248K, used 94250K [0x00000007a0000000, 0x00000007a8000000, 0x00000007a8000000)
  eden space 87424K, 100% used [0x00000007a0000000, 0x00000007a5560000, 0x00000007a5560000)
  from space 21824K,  31% used [0x00000007a5560000, 0x00000007a5c0a900, 0x00000007a6ab0000)
  to   space 21824K,   0% used [0x00000007a6ab0000, 0x00000007a6ab0000, 0x00000007a8000000)
 concurrent mark-sweep generation total 393216K, used 79985K [0x00000007a8000000, 0x00000007c0000000, 0x00000007c0000000)
 Metaspace       used 28471K, capacity 28724K, committed 29000K, reserved 1075200K
  class space    used 3274K, capacity 3355K, committed 3400K, reserved 1048576K
2016-06-08T15:50:45.615-0530: 297.194: [GC (Allocation Failure) 297.194: [ParNew
Desired survivor size 20112992 bytes, new threshold 8 (max 8)
- age   1:    5278040 bytes,    5278040 total
- age   2:    1241736 bytes,    6519776 total
- age   3:       2264 bytes,    6522040 total
- age   4:      84680 bytes,    6606720 total
- age   5:    2597064 bytes,    9203784 total
- age   6:     698600 bytes,    9902384 total
- age   7:      62752 bytes,    9965136 total
- age   8:      94224 bytes,   10059360 total
: 94250K->10540K(109248K), 0.0061106 secs] 174235K->90551K(502464K), 0.0061738 secs] [Times: user=0.02 sys=0.00, real=0.01 secs] 
Heap after GC invocations=41 (full 1):
 par new generation   total 109248K, used 10540K [0x00000007a0000000, 0x00000007a8000000, 0x00000007a8000000)
  eden space 87424K,   0% used [0x00000007a0000000, 0x00000007a0000000, 0x00000007a5560000)
  from space 21824K,  48% used [0x00000007a6ab0000, 0x00000007a74fb310, 0x00000007a8000000)
  to   space 21824K,   0% used [0x00000007a5560000, 0x00000007a5560000, 0x00000007a6ab0000)
 concurrent mark-sweep generation total 393216K, used 80010K [0x00000007a8000000, 0x00000007c0000000, 0x00000007c0000000)
 Metaspace       used 28471K, capacity 28724K, committed 29000K, reserved 1075200K
  class space    used 3274K, capacity 3355K, committed 3400K, reserved 1048576K
}
2016-06-08T15:50:45.622-0530: 297.200: Total time for which application threads were stopped: 0.0064341 seconds
2016-06-08T15:50:45.746-0530: 297.325: Total time for which application threads were stopped: 0.0001197 seconds
2016-06-08T15:50:45.855-0530: 297.434: Total time for which application threads were stopped: 0.0000780 seconds
2016-06-08T15:50:45.895-0530: 297.474: Total time for which application threads were stopped: 0.0001088 seconds
2016-06-08T15:50:46.037-0530: 297.616: Total time for which application threads were stopped: 0.0001442 seconds
2016-06-08T15:50:46.037-0530: 297.616: Total time for which application threads were stopped: 0.0001161 seconds
2016-06-08T15:50:46.038-0530: 297.617: Total time for which application threads were stopped: 0.0000988 seconds
2016-06-08T15:50:46.045-0530: 297.623: Total time for which application threads were stopped: 0.0000970 seconds
2016-06-08T15:50:46.045-0530: 297.624: Total time for which application threads were stopped: 0.0000748 seconds
2016-06-08T15:50:46.045-0530: 297.624: Total time for which application threads were stopped: 0.0001495 seconds
2016-06-08T15:50:46.047-0530: 297.626: Total time for which application threads were stopped: 0.0000786 seconds
2016-06-08T15:50:46.062-0530: 297.641: Total time for which application threads were stopped: 0.0002230 seconds
2016-06-08T15:50:46.063-0530: 297.642: Total time for which application threads were stopped: 0.0000873 seconds
2016-06-08T15:50:46.063-0530: 297.642: Total time for which application threads were stopped: 0.0000851 seconds
2016-06-08T15:50:46.063-0530: 297.642: Total time for which application threads were stopped: 0.0000653 seconds
2016-06-08T15:50:46.063-0530: 297.642: Total time for which application threads were stopped: 0.0000470 seconds
2016-06-08T15:50:46.063-0530: 297.642: Total time for which application threads were stopped: 0.0000439 seconds
2016-06-08T15:50:46.063-0530: 297.642: Total time for which application threads were stopped: 0.0000426 seconds
2016-06-08T15:50:46.063-0530: 297.642: Total time for which application threads were stopped: 0.0000425 seconds
2016-06-08T15:50:46.063-0530: 297.642: Total time for which application threads were stopped: 0.0000417 seconds
2016-06-08T15:50:46.064-0530: 297.642: Total time for which application threads were stopped: 0.0000412 seconds
2016-06-08T15:50:46.064-0530: 297.643: Total time for which application threads were stopped: 0.0000410 seconds
2016-06-08T15:50:46.064-0530: 297.643: Total time for which application threads were stopped: 0.0000406 seconds
2016-06-08T15:50:46.064-0530: 297.643: Total time for which application threads were stopped: 0.0000414 seconds
2016-06-08T15:50:46.064-0530: 297.643: Total time for which application threads were stopped: 0.0000415 seconds
2016-06-08T15:50:46.064-0530: 297.643: Total time for which application threads were stopped: 0.0000414 seconds
2016-06-08T15:50:46.064-0530: 297.643: Total time for which application threads were stopped: 0.0001253 seconds
2016-06-08T15:50:46.064-0530: 297.643: Total time for which application threads were stopped: 0.0000500 seconds
2016-06-08T15:50:46.065-0530: 297.644: Total time for which application threads were stopped: 0.0001354 seconds
2016-06-08T15:50:46.066-0530: 297.645: Total time for which application threads were stopped: 0.0001172 seconds
2016-06-08T15:50:46.067-0530: 297.646: Total time for which application threads were stopped: 0.0000872 seconds
2016-06-08T15:50:46.069-0530: 297.647: Total time for which application threads were stopped: 0.0000660 seconds
2016-06-08T15:50:46.070-0530: 297.649: Total time for which application threads were stopped: 0.0000697 seconds
2016-06-08T15:50:46.070-0530: 297.649: Total time for which application threads were stopped: 0.0000590 seconds
{Heap before GC invocations=41 (full 1):
 par new generation   total 109248K, used 97946K [0x00000007a0000000, 0x00000007a8000000, 0x00000007a8000000)
  eden space 87424K,  99% used [0x00000007a0000000, 0x00000007a555b4f8, 0x00000007a5560000)
  from space 21824K,  48% used [0x00000007a6ab0000, 0x00000007a74fb310, 0x00000007a8000000)
  to   space 21824K,   0% used [0x00000007a5560000, 0x00000007a5560000, 0x00000007a6ab0000)
 concurrent mark-sweep generation total 393216K, used 80010K [0x00000007a8000000, 0x00000007c0000000, 0x00000007c0000000)
 Metaspace       used 28478K, capacity 28724K, committed 29000K, reserved 1075200K
  class space    used 3274K, capacity 3355K, committed 3400K, reserved 1048576K
2016-06-08T15:50:58.014-0530: 309.593: [GC (Allocation Failure) 309.593: [ParNew
Desired survivor size 20112992 bytes, new threshold 8 (max 8)
- age   1:    6321672 bytes,    6321672 total
- age   2:    1847760 bytes,    8169432 total
- age   3:     424736 bytes,    8594168 total
- age   4:       2264 bytes,    8596432 total
- age   5:      12624 bytes,    8609056 total
- age   6:    2581584 bytes,   11190640 total
- age   7:     698408 bytes,   11889048 total
- age   8:      62752 bytes,   11951800 total
: 97946K->17246K(109248K), 0.0066881 secs] 177956K->97342K(502464K), 0.0067637 secs] [Times: user=0.02 sys=0.00, real=0.01 secs] 
Heap after GC invocations=42 (full 1):
 par new generation   total 109248K, used 17246K [0x00000007a0000000, 0x00000007a8000000, 0x00000007a8000000)
  eden space 87424K,   0% used [0x00000007a0000000, 0x00000007a0000000, 0x00000007a5560000)
  from space 21824K,  79% used [0x00000007a5560000, 0x00000007a6637a20, 0x00000007a6ab0000)
  to   space 21824K,   0% used [0x00000007a6ab0000, 0x00000007a6ab0000, 0x00000007a8000000)
 concurrent mark-sweep generation total 393216K, used 80096K [0x00000007a8000000, 0x00000007c0000000, 0x00000007c0000000)
 Metaspace       used 28478K, capacity 28724K, committed 29000K, reserved 1075200K
  class space    used 3274K, capacity 3355K, committed 3400K, reserved 1048576K
}
2016-06-08T15:50:58.021-0530: 309.600: Total time for which application threads were stopped: 0.0069520 seconds
2016-06-08T15:50:58.388-0530: 309.967: Total time for which application threads were stopped: 0.0000917 seconds
2016-06-08T15:50:58.389-0530: 309.968: Total time for which application threads were stopped: 0.0000732 seconds
2016-06-08T15:50:58.439-0530: 310.019: Total time for which application threads were stopped: 0.0001212 seconds
2016-06-08T15:50:58.441-0530: 310.020: Total time for which application threads were stopped: 0.0001564 seconds
2016-06-08T15:50:58.441-0530: 310.020: Total time for which application threads were stopped: 0.0000661 seconds
2016-06-08T15:50:58.441-0530: 310.021: Total time for which application threads were stopped: 0.0000942 seconds
2016-06-08T15:50:59.443-0530: 311.022: Total time for which application threads were stopped: 0.0002988 seconds
{Heap before GC invocations=42 (full 1):
 par new generation   total 109248K, used 104670K [0x00000007a0000000, 0x00000007a8000000, 0x00000007a8000000)
  eden space 87424K, 100% used [0x00000007a0000000, 0x00000007a5560000, 0x00000007a5560000)
  from space 21824K,  79% used [0x00000007a5560000, 0x00000007a6637a20, 0x00000007a6ab0000)
  to   space 21824K,   0% used [0x00000007a6ab0000, 0x00000007a6ab0000, 0x00000007a8000000)
 concurrent mark-sweep generation total 393216K, used 80096K [0x00000007a8000000, 0x00000007c0000000, 0x00000007c0000000)
 Metaspace       used 28485K, capacity 28724K, committed 29000K, reserved 1075200K
  class space    used 3274K, capacity 3355K, committed 3400K, reserved 1048576K
2016-06-08T15:51:08.209-0530: 319.789: [GC (Allocation Failure) 319.789: [ParNew
Desired survivor size 20112992 bytes, new threshold 8 (max 8)
- age   1:    4674680 bytes,    4674680 total
- age   2:    3502920 bytes,    8177600 total
- age   3:    1847760 bytes,   10025360 total
- age   4:     412304 bytes,   10437664 total
- age   5:       2264 bytes,   10439928 total
- age   6:       9760 bytes,   10449688 total
- age   7:    2581432 bytes,   13031120 total
- age   8:     631632 bytes,   13662752 total
: 104670K->15732K(109248K), 0.0071932 secs] 184766K->95890K(502464K), 0.0072898 secs] [Times: user=0.02 sys=0.00, real=0.01 secs] 
Heap after GC invocations=43 (full 1):
 par new generation   total 109248K, used 15732K [0x00000007a0000000, 0x00000007a8000000, 0x00000007a8000000)
  eden space 87424K,   0% used [0x00000007a0000000, 0x00000007a0000000, 0x00000007a5560000)
  from space 21824K,  72% used [0x00000007a6ab0000, 0x00000007a7a0d390, 0x00000007a8000000)
  to   space 21824K,   0% used [0x00000007a5560000, 0x00000007a5560000, 0x00000007a6ab0000)
 concurrent mark-sweep generation total 393216K, used 80157K [0x00000007a8000000, 0x00000007c0000000, 0x00000007c0000000)
 Metaspace       used 28485K, capacity 28724K, committed 29000K, reserved 1075200K
  class space    used 3274K, capacity 3355K, committed 3400K, reserved 1048576K
}
2016-06-08T15:51:08.217-0530: 319.796: Total time for which application threads were stopped: 0.0075015 seconds
{Heap before GC invocations=43 (full 1):
 par new generation   total 109248K, used 103149K [0x00000007a0000000, 0x00000007a8000000, 0x00000007a8000000)
  eden space 87424K,  99% used [0x00000007a0000000, 0x00000007a555e3f0, 0x00000007a5560000)
  from space 21824K,  72% used [0x00000007a6ab0000, 0x00000007a7a0d390, 0x00000007a8000000)
  to   space 21824K,   0% used [0x00000007a5560000, 0x00000007a5560000, 0x00000007a6ab0000)
 concurrent mark-sweep generation total 393216K, used 80157K [0x00000007a8000000, 0x00000007c0000000, 0x00000007c0000000)
 Metaspace       used 28485K, capacity 28724K, committed 29000K, reserved 1075200K
  class space    used 3274K, capacity 3355K, committed 3400K, reserved 1048576K
2016-06-08T15:51:08.819-0530: 320.399: [GC (Allocation Failure) 320.399: [ParNew
Desired survivor size 20112992 bytes, new threshold 8 (max 8)
- age   1:    5589416 bytes,    5589416 total
- age   2:    4251120 bytes,    9840536 total
- age   3:    3502152 bytes,   13342688 total
- age   4:    1847760 bytes,   15190448 total
- age   5:     345392 bytes,   15535840 total
- age   6:       2264 bytes,   15538104 total
- age   7:       9760 bytes,   15547864 total
- age   8:    2581432 bytes,   18129296 total
: 103149K->21824K(109248K), 0.0077263 secs] 183307K->102749K(502464K), 0.0077869 secs] [Times: user=0.03 sys=0.00, real=0.01 secs] 
Heap after GC invocations=44 (full 1):
 par new generation   total 109248K, used 21824K [0x00000007a0000000, 0x00000007a8000000, 0x00000007a8000000)
  eden space 87424K,   0% used [0x00000007a0000000, 0x00000007a0000000, 0x00000007a5560000)
  from space 21824K, 100% used [0x00000007a5560000, 0x00000007a6ab0000, 0x00000007a6ab0000)
  to   space 21824K,   0% used [0x00000007a6ab0000, 0x00000007a6ab0000, 0x00000007a8000000)
 concurrent mark-sweep generation total 393216K, used 80925K [0x00000007a8000000, 0x00000007c0000000, 0x00000007c0000000)
 Metaspace       used 28485K, capacity 28724K, committed 29000K, reserved 1075200K
  class space    used 3274K, capacity 3355K, committed 3400K, reserved 1048576K
}
2016-06-08T15:51:08.827-0530: 320.406: Total time for which application threads were stopped: 0.0079791 seconds
{Heap before GC invocations=44 (full 1):
 par new generation   total 109248K, used 109248K [0x00000007a0000000, 0x00000007a8000000, 0x00000007a8000000)
  eden space 87424K, 100% used [0x00000007a0000000, 0x00000007a5560000, 0x00000007a5560000)
  from space 21824K, 100% used [0x00000007a5560000, 0x00000007a6ab0000, 0x00000007a6ab0000)
  to   space 21824K,   0% used [0x00000007a6ab0000, 0x00000007a6ab0000, 0x00000007a8000000)
 concurrent mark-sweep generation total 393216K, used 80925K [0x00000007a8000000, 0x00000007c0000000, 0x00000007c0000000)
 Metaspace       used 28496K, capacity 28732K, committed 29000K, reserved 1075200K
  class space    used 3277K, capacity 3359K, committed 3400K, reserved 1048576K
2016-06-08T15:51:18.771-0530: 330.351: [GC (Allocation Failure) 330.351: [ParNew
Desired survivor size 20112992 bytes, new threshold 8 (max 8)
- age   1:    5700696 bytes,    5700696 total
- age   2:    2434856 bytes,    8135552 total
- age   3:    3149264 bytes,   11284816 total
- age   4:    3150112 bytes,   14434928 total
- age   5:    1847760 bytes,   16282688 total
- age   6:     345280 bytes,   16627968 total
- age   7:       2144 bytes,   16630112 total
- age   8:       9624 bytes,   16639736 total
: 109248K->21824K(109248K), 0.0082400 secs] 190173K->105672K(502464K), 0.0083134 secs] [Times: user=0.02 sys=0.00, real=0.00 secs] 
Heap after GC invocations=45 (full 1):
 par new generation   total 109248K, used 21824K [0x00000007a0000000, 0x00000007a8000000, 0x00000007a8000000)
  eden space 87424K,   0% used [0x00000007a0000000, 0x00000007a0000000, 0x00000007a5560000)
  from space 21824K, 100% used [0x00000007a6ab0000, 0x00000007a8000000, 0x00000007a8000000)
  to   space 21824K,   0% used [0x00000007a5560000, 0x00000007a5560000, 0x00000007a6ab0000)
 concurrent mark-sweep generation total 393216K, used 83848K [0x00000007a8000000, 0x00000007c0000000, 0x00000007c0000000)
 Metaspace       used 28496K, capacity 28732K, committed 29000K, reserved 1075200K
  class space    used 3277K, capacity 3359K, committed 3400K, reserved 1048576K
}
2016-06-08T15:51:18.779-0530: 330.359: Total time for which application threads were stopped: 0.0085016 seconds
2016-06-08T15:51:19.028-0530: 330.608: Total time for which application threads were stopped: 0.0001052 seconds
2016-06-08T15:51:19.029-0530: 330.609: Total time for which application threads were stopped: 0.0000709 seconds
2016-06-08T15:51:19.029-0530: 330.609: Total time for which application threads were stopped: 0.0000579 seconds
2016-06-08T15:51:19.030-0530: 330.610: Total time for which application threads were stopped: 0.0000636 seconds
2016-06-08T15:51:19.090-0530: 330.670: Total time for which application threads were stopped: 0.0001241 seconds
2016-06-08T15:51:19.091-0530: 330.671: Total time for which application threads were stopped: 0.0000803 seconds
2016-06-08T15:51:19.091-0530: 330.671: Total time for which application threads were stopped: 0.0000760 seconds
2016-06-08T15:51:20.096-0530: 331.676: Total time for which application threads were stopped: 0.0001410 seconds
{Heap before GC invocations=45 (full 1):
 par new generation   total 109248K, used 109248K [0x00000007a0000000, 0x00000007a8000000, 0x00000007a8000000)
  eden space 87424K, 100% used [0x00000007a0000000, 0x00000007a5560000, 0x00000007a5560000)
  from space 21824K, 100% used [0x00000007a6ab0000, 0x00000007a8000000, 0x00000007a8000000)
  to   space 21824K,   0% used [0x00000007a5560000, 0x00000007a5560000, 0x00000007a6ab0000)
 concurrent mark-sweep generation total 393216K, used 83848K [0x00000007a8000000, 0x00000007c0000000, 0x00000007c0000000)
 Metaspace       used 28504K, capacity 28796K, committed 29000K, reserved 1075200K
  class space    used 3277K, capacity 3359K, committed 3400K, reserved 1048576K
2016-06-08T15:51:28.371-0530: 339.952: [GC (Allocation Failure) 339.952: [ParNew
Desired survivor size 20112992 bytes, new threshold 8 (max 8)
- age   1:    5242424 bytes,    5242424 total
- age   2:    2474720 bytes,    7717144 total
- age   3:    2434704 bytes,   10151848 total
- age   4:    3148088 bytes,   13299936 total
- age   5:    3083080 bytes,   16383016 total
- age   6:    1847760 bytes,   18230776 total
- age   7:     345280 bytes,   18576056 total
- age   8:       2144 bytes,   18578200 total
: 109248K->21824K(109248K), 0.0097058 secs] 193096K->105682K(502464K), 0.0097619 secs] [Times: user=0.02 sys=0.01, real=0.01 secs] 
Heap after GC invocations=46 (full 1):
 par new generation   total 109248K, used 21824K [0x00000007a0000000, 0x00000007a8000000, 0x00000007a8000000)
  eden space 87424K,   0% used [0x00000007a0000000, 0x00000007a0000000, 0x00000007a5560000)
  from space 21824K, 100% used [0x00000007a5560000, 0x00000007a6ab0000, 0x00000007a6ab0000)
  to   space 21824K,   0% used [0x00000007a6ab0000, 0x00000007a6ab0000, 0x00000007a8000000)
 concurrent mark-sweep generation total 393216K, used 83858K [0x00000007a8000000, 0x00000007c0000000, 0x00000007c0000000)
 Metaspace       used 28504K, capacity 28796K, committed 29000K, reserved 1075200K
  class space    used 3277K, capacity 3359K, committed 3400K, reserved 1048576K
}
2016-06-08T15:51:28.381-0530: 339.961: Total time for which application threads were stopped: 0.0099524 seconds
2016-06-08T15:51:28.909-0530: 340.489: Total time for which application threads were stopped: 0.0000939 seconds
2016-06-08T15:51:28.910-0530: 340.490: Total time for which application threads were stopped: 0.0000684 seconds
2016-06-08T15:51:28.938-0530: 340.518: Total time for which application threads were stopped: 0.0001174 seconds
2016-06-08T15:51:28.938-0530: 340.518: Total time for which application threads were stopped: 0.0000816 seconds
2016-06-08T15:51:28.938-0530: 340.518: Total time for which application threads were stopped: 0.0000726 seconds
{Heap before GC invocations=46 (full 1):
 par new generation   total 109248K, used 109248K [0x00000007a0000000, 0x00000007a8000000, 0x00000007a8000000)
  eden space 87424K, 100% used [0x00000007a0000000, 0x00000007a5560000, 0x00000007a5560000)
  from space 21824K, 100% used [0x00000007a5560000, 0x00000007a6ab0000, 0x00000007a6ab0000)
  to   space 21824K,   0% used [0x00000007a6ab0000, 0x00000007a6ab0000, 0x00000007a8000000)
 concurrent mark-sweep generation total 393216K, used 83858K [0x00000007a8000000, 0x00000007c0000000, 0x00000007c0000000)
 Metaspace       used 28507K, capacity 28796K, committed 29000K, reserved 1075200K
  class space    used 3277K, capacity 3359K, committed 3400K, reserved 1048576K
2016-06-08T15:51:37.748-0530: 349.328: [GC (Allocation Failure) 349.328: [ParNew
Desired survivor size 20112992 bytes, new threshold 8 (max 8)
- age   1:    3037864 bytes,    3037864 total
- age   2:    3060416 bytes,    6098280 total
- age   3:    1920680 bytes,    8018960 total
- age   4:    2434704 bytes,   10453664 total
- age   5:    3080280 bytes,   13533944 total
- age   6:    3082816 bytes,   16616760 total
- age   7:    1847760 bytes,   18464520 total
- age   8:     345120 bytes,   18809640 total
: 109248K->21824K(109248K), 0.0078673 secs] 193106K->106958K(502464K), 0.0079955 secs] [Times: user=0.02 sys=0.00, real=0.01 secs] 
Heap after GC invocations=47 (full 1):
 par new generation   total 109248K, used 21824K [0x00000007a0000000, 0x00000007a8000000, 0x00000007a8000000)
  eden space 87424K,   0% used [0x00000007a0000000, 0x00000007a0000000, 0x00000007a5560000)
  from space 21824K, 100% used [0x00000007a6ab0000, 0x00000007a8000000, 0x00000007a8000000)
  to   space 21824K,   0% used [0x00000007a5560000, 0x00000007a5560000, 0x00000007a6ab0000)
 concurrent mark-sweep generation total 393216K, used 85134K [0x00000007a8000000, 0x00000007c0000000, 0x00000007c0000000)
 Metaspace       used 28507K, capacity 28796K, committed 29000K, reserved 1075200K
  class space    used 3277K, capacity 3359K, committed 3400K, reserved 1048576K
}
2016-06-08T15:51:37.756-0530: 349.336: Total time for which application threads were stopped: 0.0082286 seconds
{Heap before GC invocations=47 (full 1):
 par new generation   total 109248K, used 109248K [0x00000007a0000000, 0x00000007a8000000, 0x00000007a8000000)
  eden space 87424K, 100% used [0x00000007a0000000, 0x00000007a5560000, 0x00000007a5560000)
  from space 21824K, 100% used [0x00000007a6ab0000, 0x00000007a8000000, 0x00000007a8000000)
  to   space 21824K,   0% used [0x00000007a5560000, 0x00000007a5560000, 0x00000007a6ab0000)
 concurrent mark-sweep generation total 393216K, used 85134K [0x00000007a8000000, 0x00000007c0000000, 0x00000007c0000000)
 Metaspace       used 28507K, capacity 28796K, committed 29000K, reserved 1075200K
  class space    used 3277K, capacity 3359K, committed 3400K, reserved 1048576K
2016-06-08T15:51:38.361-0530: 349.941: [GC (Allocation Failure) 349.941: [ParNew
Desired survivor size 20112992 bytes, new threshold 8 (max 8)
- age   1:    2872328 bytes,    2872328 total
- age   2:    2940672 bytes,    5813000 total
- age   3:    3059168 bytes,    8872168 total
- age   4:    1920312 bytes,   10792480 total
- age   5:    2434704 bytes,   13227184 total
- age   6:    3079808 bytes,   16306992 total
- age   7:    3082632 bytes,   19389624 total
- age   8:    1847760 bytes,   21237384 total
: 109248K->21824K(109248K), 0.0098880 secs] 194382K->109654K(502464K), 0.0099679 secs] [Times: user=0.03 sys=0.00, real=0.01 secs] 
Heap after GC invocations=48 (full 1):
 par new generation   total 109248K, used 21824K [0x00000007a0000000, 0x00000007a8000000, 0x00000007a8000000)
  eden space 87424K,   0% used [0x00000007a0000000, 0x00000007a0000000, 0x00000007a5560000)
  from space 21824K, 100% used [0x00000007a5560000, 0x00000007a6ab0000, 0x00000007a6ab0000)
  to   space 21824K,   0% used [0x00000007a6ab0000, 0x00000007a6ab0000, 0x00000007a8000000)
 concurrent mark-sweep generation total 393216K, used 87830K [0x00000007a8000000, 0x00000007c0000000, 0x00000007c0000000)
 Metaspace       used 28507K, capacity 28796K, committed 29000K, reserved 1075200K
  class space    used 3277K, capacity 3359K, committed 3400K, reserved 1048576K
}
2016-06-08T15:51:38.371-0530: 349.951: Total time for which application threads were stopped: 0.0101602 seconds
2016-06-08T15:51:39.376-0530: 350.956: Total time for which application threads were stopped: 0.0002598 seconds
{Heap before GC invocations=48 (full 1):
 par new generation   total 109248K, used 109248K [0x00000007a0000000, 0x00000007a8000000, 0x00000007a8000000)
  eden space 87424K, 100% used [0x00000007a0000000, 0x00000007a5560000, 0x00000007a5560000)
  from space 21824K, 100% used [0x00000007a5560000, 0x00000007a6ab0000, 0x00000007a6ab0000)
  to   space 21824K,   0% used [0x00000007a6ab0000, 0x00000007a6ab0000, 0x00000007a8000000)
 concurrent mark-sweep generation total 393216K, used 87830K [0x00000007a8000000, 0x00000007c0000000, 0x00000007c0000000)
 Metaspace       used 28522K, capacity 28796K, committed 29000K, reserved 1075200K
  class space    used 3277K, capacity 3359K, committed 3400K, reserved 1048576K
2016-06-08T15:51:48.349-0530: 359.930: [GC (Allocation Failure) 359.930: [ParNew
Desired survivor size 20112992 bytes, new threshold 8 (max 8)
- age   1:    4587960 bytes,    4587960 total
- age   2:    1941408 bytes,    6529368 total
- age   3:    1527984 bytes,    8057352 total
- age   4:    2912344 bytes,   10969696 total
- age   5:    1851688 bytes,   12821384 total
- age   6:    2434704 bytes,   15256088 total
- age   7:    3079808 bytes,   18335896 total
- age   8:    3082584 bytes,   21418480 total
: 109248K->21824K(109248K), 0.0104304 secs] 197078K->115005K(502464K), 0.0104936 secs] [Times: user=0.03 sys=0.01, real=0.02 secs] 
Heap after GC invocations=49 (full 1):
 par new generation   total 109248K, used 21824K [0x00000007a0000000, 0x00000007a8000000, 0x00000007a8000000)
  eden space 87424K,   0% used [0x00000007a0000000, 0x00000007a0000000, 0x00000007a5560000)
  from space 21824K, 100% used [0x00000007a6ab0000, 0x00000007a8000000, 0x00000007a8000000)
  to   space 21824K,   0% used [0x00000007a5560000, 0x00000007a5560000, 0x00000007a6ab0000)
 concurrent mark-sweep generation total 393216K, used 93181K [0x00000007a8000000, 0x00000007c0000000, 0x00000007c0000000)
 Metaspace       used 28522K, capacity 28796K, committed 29000K, reserved 1075200K
  class space    used 3277K, capacity 3359K, committed 3400K, reserved 1048576K
}
2016-06-08T15:51:48.360-0530: 359.940: Total time for which application threads were stopped: 0.0106799 seconds
2016-06-08T15:51:48.360-0530: 359.941: Total time for which application threads were stopped: 0.0001328 seconds
2016-06-08T15:51:48.881-0530: 360.462: Total time for which application threads were stopped: 0.0001374 seconds
2016-06-08T15:51:48.883-0530: 360.464: Total time for which application threads were stopped: 0.0001445 seconds
2016-06-08T15:51:48.883-0530: 360.464: Total time for which application threads were stopped: 0.0001252 seconds
2016-06-08T15:51:48.883-0530: 360.464: Total time for which application threads were stopped: 0.0000798 seconds
2016-06-08T15:51:48.884-0530: 360.465: Total time for which application threads were stopped: 0.0000975 seconds
2016-06-08T15:51:48.893-0530: 360.474: Total time for which application threads were stopped: 0.0001049 seconds
2016-06-08T15:51:48.893-0530: 360.474: Total time for which application threads were stopped: 0.0000720 seconds
2016-06-08T15:51:48.900-0530: 360.481: Total time for which application threads were stopped: 0.0001042 seconds
2016-06-08T15:51:48.906-0530: 360.487: Total time for which application threads were stopped: 0.0001733 seconds
2016-06-08T15:51:49.011-0530: 360.592: Total time for which application threads were stopped: 0.0001325 seconds
2016-06-08T15:51:49.017-0530: 360.598: Total time for which application threads were stopped: 0.0001358 seconds
2016-06-08T15:51:49.023-0530: 360.604: Total time for which application threads were stopped: 0.0001001 seconds
2016-06-08T15:51:49.269-0530: 360.850: Total time for which application threads were stopped: 0.0001717 seconds
{Heap before GC invocations=49 (full 1):
 par new generation   total 109248K, used 109248K [0x00000007a0000000, 0x00000007a8000000, 0x00000007a8000000)
  eden space 87424K, 100% used [0x00000007a0000000, 0x00000007a5560000, 0x00000007a5560000)
  from space 21824K, 100% used [0x00000007a6ab0000, 0x00000007a8000000, 0x00000007a8000000)
  to   space 21824K,   0% used [0x00000007a5560000, 0x00000007a5560000, 0x00000007a6ab0000)
 concurrent mark-sweep generation total 393216K, used 93181K [0x00000007a8000000, 0x00000007c0000000, 0x00000007c0000000)
 Metaspace       used 28535K, capacity 28860K, committed 29256K, reserved 1075200K
  class space    used 3277K, capacity 3359K, committed 3400K, reserved 1048576K
2016-06-08T15:51:50.002-0530: 361.583: [GC (Allocation Failure) 361.583: [ParNew
Desired survivor size 20112992 bytes, new threshold 8 (max 8)
- age   1:    5732912 bytes,    5732912 total
- age   2:    3258416 bytes,    8991328 total
- age   3:    1618192 bytes,   10609520 total
- age   4:    1443136 bytes,   12052656 total
- age   5:    2617416 bytes,   14670072 total
- age   6:    1830784 bytes,   16500856 total
- age   7:    2434552 bytes,   18935408 total
- age   8:    1820168 bytes,   20755576 total
: 109248K->21824K(109248K), 0.0138470 secs] 202429K->121007K(502464K), 0.0139416 secs] [Times: user=0.04 sys=0.01, real=0.01 secs] 
Heap after GC invocations=50 (full 1):
 par new generation   total 109248K, used 21824K [0x00000007a0000000, 0x00000007a8000000, 0x00000007a8000000)
  eden space 87424K,   0% used [0x00000007a0000000, 0x00000007a0000000, 0x00000007a5560000)
  from space 21824K, 100% used [0x00000007a5560000, 0x00000007a6ab0000, 0x00000007a6ab0000)
  to   space 21824K,   0% used [0x00000007a6ab0000, 0x00000007a6ab0000, 0x00000007a8000000)
 concurrent mark-sweep generation total 393216K, used 99183K [0x00000007a8000000, 0x00000007c0000000, 0x00000007c0000000)
 Metaspace       used 28535K, capacity 28860K, committed 29256K, reserved 1075200K
  class space    used 3277K, capacity 3359K, committed 3400K, reserved 1048576K
}
2016-06-08T15:51:50.016-0530: 361.597: Total time for which application threads were stopped: 0.0142113 seconds
{Heap before GC invocations=50 (full 1):
 par new generation   total 109248K, used 109248K [0x00000007a0000000, 0x00000007a8000000, 0x00000007a8000000)
  eden space 87424K, 100% used [0x00000007a0000000, 0x00000007a5560000, 0x00000007a5560000)
  from space 21824K, 100% used [0x00000007a5560000, 0x00000007a6ab0000, 0x00000007a6ab0000)
  to   space 21824K,   0% used [0x00000007a6ab0000, 0x00000007a6ab0000, 0x00000007a8000000)
 concurrent mark-sweep generation total 393216K, used 99183K [0x00000007a8000000, 0x00000007c0000000, 0x00000007c0000000)
 Metaspace       used 28535K, capacity 28860K, committed 29256K, reserved 1075200K
  class space    used 3277K, capacity 3359K, committed 3400K, reserved 1048576K
2016-06-08T15:51:50.618-0530: 362.199: [GC (Allocation Failure) 362.199: [ParNew
Desired survivor size 20112992 bytes, new threshold 8 (max 8)
- age   1:     284672 bytes,     284672 total
- age   2:    5013144 bytes,    5297816 total
- age   3:    3234768 bytes,    8532584 total
- age   4:    1618192 bytes,   10150776 total
- age   5:    1442456 bytes,   11593232 total
- age   6:    2217072 bytes,   13810304 total
- age   7:    1829016 bytes,   15639320 total
- age   8:    2092712 bytes,   17732032 total
: 109248K->21824K(109248K), 0.0083417 secs] 208431K->124145K(502464K), 0.0084195 secs] [Times: user=0.02 sys=0.01, real=0.01 secs] 
Heap after GC invocations=51 (full 1):
 par new generation   total 109248K, used 21824K [0x00000007a0000000, 0x00000007a8000000, 0x00000007a8000000)
  eden space 87424K,   0% used [0x00000007a0000000, 0x00000007a0000000, 0x00000007a5560000)
  from space 21824K, 100% used [0x00000007a6ab0000, 0x00000007a8000000, 0x00000007a8000000)
  to   space 21824K,   0% used [0x00000007a5560000, 0x00000007a5560000, 0x00000007a6ab0000)
 concurrent mark-sweep generation total 393216K, used 102321K [0x00000007a8000000, 0x00000007c0000000, 0x00000007c0000000)
 Metaspace       used 28535K, capacity 28860K, committed 29256K, reserved 1075200K
  class space    used 3277K, capacity 3359K, committed 3400K, reserved 1048576K
}
2016-06-08T15:51:50.627-0530: 362.208: Total time for which application threads were stopped: 0.0086144 seconds
2016-06-08T15:51:51.628-0530: 363.209: Total time for which application threads were stopped: 0.0001398 seconds
{Heap before GC invocations=51 (full 1):
 par new generation   total 109248K, used 109248K [0x00000007a0000000, 0x00000007a8000000, 0x00000007a8000000)
  eden space 87424K, 100% used [0x00000007a0000000, 0x00000007a5560000, 0x00000007a5560000)
  from space 21824K, 100% used [0x00000007a6ab0000, 0x00000007a8000000, 0x00000007a8000000)
  to   space 21824K,   0% used [0x00000007a5560000, 0x00000007a5560000, 0x00000007a6ab0000)
 concurrent mark-sweep generation total 393216K, used 102321K [0x00000007a8000000, 0x00000007c0000000, 0x00000007c0000000)
 Metaspace       used 28536K, capacity 28860K, committed 29256K, reserved 1075200K
  class space    used 3277K, capacity 3359K, committed 3400K, reserved 1048576K
2016-06-08T15:51:58.596-0530: 370.177: [GC (Allocation Failure) 370.177: [ParNew
Desired survivor size 20112992 bytes, new threshold 8 (max 8)
- age   1:    3378608 bytes,    3378608 total
- age   2:        448 bytes,    3379056 total
- age   3:    4256632 bytes,    7635688 total
- age   4:    3004752 bytes,   10640440 total
- age   5:    1618192 bytes,   12258632 total
- age   6:    1442208 bytes,   13700840 total
- age   7:    2216592 bytes,   15917432 total
- age   8:    1828872 bytes,   17746304 total
: 109248K->21824K(109248K), 0.0098533 secs] 211569K->129144K(502464K), 0.0099212 secs] [Times: user=0.03 sys=0.00, real=0.01 secs] 
Heap after GC invocations=52 (full 1):
 par new generation   total 109248K, used 21824K [0x00000007a0000000, 0x00000007a8000000, 0x00000007a8000000)
  eden space 87424K,   0% used [0x00000007a0000000, 0x00000007a0000000, 0x00000007a5560000)
  from space 21824K, 100% used [0x00000007a5560000, 0x00000007a6ab0000, 0x00000007a6ab0000)
  to   space 21824K,   0% used [0x00000007a6ab0000, 0x00000007a6ab0000, 0x00000007a8000000)
 concurrent mark-sweep generation total 393216K, used 107320K [0x00000007a8000000, 0x00000007c0000000, 0x00000007c0000000)
 Metaspace       used 28536K, capacity 28860K, committed 29256K, reserved 1075200K
  class space    used 3277K, capacity 3359K, committed 3400K, reserved 1048576K
}
2016-06-08T15:51:58.606-0530: 370.187: Total time for which application threads were stopped: 0.0101422 seconds
2016-06-08T15:51:58.782-0530: 370.364: Total time for which application threads were stopped: 0.0001155 seconds
2016-06-08T15:51:58.783-0530: 370.364: Total time for which application threads were stopped: 0.0000720 seconds
2016-06-08T15:51:58.783-0530: 370.364: Total time for which application threads were stopped: 0.0000585 seconds
2016-06-08T15:51:58.783-0530: 370.365: Total time for which application threads were stopped: 0.0000444 seconds
2016-06-08T15:51:59.785-0530: 371.366: Total time for which application threads were stopped: 0.0001793 seconds
{Heap before GC invocations=52 (full 1):
 par new generation   total 109248K, used 109246K [0x00000007a0000000, 0x00000007a8000000, 0x00000007a8000000)
  eden space 87424K,  99% used [0x00000007a0000000, 0x00000007a555f878, 0x00000007a5560000)
  from space 21824K, 100% used [0x00000007a5560000, 0x00000007a6ab0000, 0x00000007a6ab0000)
  to   space 21824K,   0% used [0x00000007a6ab0000, 0x00000007a6ab0000, 0x00000007a8000000)
 concurrent mark-sweep generation total 393216K, used 107320K [0x00000007a8000000, 0x00000007c0000000, 0x00000007c0000000)
 Metaspace       used 28548K, capacity 28864K, committed 29256K, reserved 1075200K
  class space    used 3277K, capacity 3359K, committed 3400K, reserved 1048576K
2016-06-08T15:52:07.641-0530: 379.222: [GC (Allocation Failure) 379.222: [ParNew
Desired survivor size 20112992 bytes, new threshold 8 (max 8)
- age   1:    6204632 bytes,    6204632 total
- age   2:    2459840 bytes,    8664472 total
- age   4:    4226784 bytes,   12891256 total
- age   5:    2996432 bytes,   15887688 total
- age   6:    1517808 bytes,   17405496 total
- age   7:     726896 bytes,   18132392 total
- age   8:    2163528 bytes,   20295920 total
: 109246K->21824K(109248K), 0.0102927 secs] 216566K->132161K(502464K), 0.0103748 secs] [Times: user=0.03 sys=0.00, real=0.01 secs] 
Heap after GC invocations=53 (full 1):
 par new generation   total 109248K, used 21824K [0x00000007a0000000, 0x00000007a8000000, 0x00000007a8000000)
  eden space 87424K,   0% used [0x00000007a0000000, 0x00000007a0000000, 0x00000007a5560000)
  from space 21824K, 100% used [0x00000007a6ab0000, 0x00000007a8000000, 0x00000007a8000000)
  to   space 21824K,   0% used [0x00000007a5560000, 0x00000007a5560000, 0x00000007a6ab0000)
 concurrent mark-sweep generation total 393216K, used 110337K [0x00000007a8000000, 0x00000007c0000000, 0x00000007c0000000)
 Metaspace       used 28548K, capacity 28864K, committed 29256K, reserved 1075200K
  class space    used 3277K, capacity 3359K, committed 3400K, reserved 1048576K
}
2016-06-08T15:52:07.651-0530: 379.233: Total time for which application threads were stopped: 0.0105796 seconds
2016-06-08T15:52:08.055-0530: 379.636: Total time for which application threads were stopped: 0.0001028 seconds
2016-06-08T15:52:08.055-0530: 379.637: Total time for which application threads were stopped: 0.0000974 seconds
2016-06-08T15:52:08.056-0530: 379.637: Total time for which application threads were stopped: 0.0000605 seconds
2016-06-08T15:52:08.091-0530: 379.673: Total time for which application threads were stopped: 0.0001193 seconds
2016-06-08T15:52:08.091-0530: 379.673: Total time for which application threads were stopped: 0.0000852 seconds
2016-06-08T15:52:08.092-0530: 379.673: Total time for which application threads were stopped: 0.0000852 seconds
{Heap before GC invocations=53 (full 1):
 par new generation   total 109248K, used 109221K [0x00000007a0000000, 0x00000007a8000000, 0x00000007a8000000)
  eden space 87424K,  99% used [0x00000007a0000000, 0x00000007a5559590, 0x00000007a5560000)
  from space 21824K, 100% used [0x00000007a6ab0000, 0x00000007a8000000, 0x00000007a8000000)
  to   space 21824K,   0% used [0x00000007a5560000, 0x00000007a5560000, 0x00000007a6ab0000)
 concurrent mark-sweep generation total 393216K, used 110337K [0x00000007a8000000, 0x00000007c0000000, 0x00000007c0000000)
 Metaspace       used 28551K, capacity 28864K, committed 29256K, reserved 1075200K
  class space    used 3277K, capacity 3359K, committed 3400K, reserved 1048576K
2016-06-08T15:52:16.549-0530: 388.131: [GC (Allocation Failure) 388.131: [ParNew
Desired survivor size 20112992 bytes, new threshold 8 (max 8)
- age   1:    4253408 bytes,    4253408 total
- age   2:    3611576 bytes,    7864984 total
- age   3:    2392824 bytes,   10257808 total
- age   5:    3622352 bytes,   13880160 total
- age   6:    2011568 bytes,   15891728 total
- age   7:    1517808 bytes,   17409536 total
- age   8:     714208 bytes,   18123744 total
: 109221K->21824K(109248K), 0.0086850 secs] 219558K->135937K(502464K), 0.0087443 secs] [Times: user=0.02 sys=0.01, real=0.01 secs] 
Heap after GC invocations=54 (full 1):
 par new generation   total 109248K, used 21824K [0x00000007a0000000, 0x00000007a8000000, 0x00000007a8000000)
  eden space 87424K,   0% used [0x00000007a0000000, 0x00000007a0000000, 0x00000007a5560000)
  from space 21824K, 100% used [0x00000007a5560000, 0x00000007a6ab0000, 0x00000007a6ab0000)
  to   space 21824K,   0% used [0x00000007a6ab0000, 0x00000007a6ab0000, 0x00000007a8000000)
 concurrent mark-sweep generation total 393216K, used 114113K [0x00000007a8000000, 0x00000007c0000000, 0x00000007c0000000)
 Metaspace       used 28551K, capacity 28864K, committed 29256K, reserved 1075200K
  class space    used 3277K, capacity 3359K, committed 3400K, reserved 1048576K
}
2016-06-08T15:52:16.558-0530: 388.140: Total time for which application threads were stopped: 0.0089550 seconds
{Heap before GC invocations=54 (full 1):
 par new generation   total 109248K, used 109216K [0x00000007a0000000, 0x00000007a8000000, 0x00000007a8000000)
  eden space 87424K,  99% used [0x00000007a0000000, 0x00000007a5558148, 0x00000007a5560000)
  from space 21824K, 100% used [0x00000007a5560000, 0x00000007a6ab0000, 0x00000007a6ab0000)
  to   space 21824K,   0% used [0x00000007a6ab0000, 0x00000007a6ab0000, 0x00000007a8000000)
 concurrent mark-sweep generation total 393216K, used 114113K [0x00000007a8000000, 0x00000007c0000000, 0x00000007c0000000)
 Metaspace       used 28551K, capacity 28864K, committed 29256K, reserved 1075200K
  class space    used 3277K, capacity 3359K, committed 3400K, reserved 1048576K
2016-06-08T15:52:17.134-0530: 388.716: [GC (Allocation Failure) 388.716: [ParNew
Desired survivor size 20112992 bytes, new threshold 8 (max 8)
- age   1:    3691688 bytes,    3691688 total
- age   2:    2226320 bytes,    5918008 total
- age   3:    3489888 bytes,    9407896 total
- age   4:    2392824 bytes,   11800720 total
- age   6:    3622352 bytes,   15423072 total
- age   7:    2011568 bytes,   17434640 total
- age   8:    1517808 bytes,   18952448 total
: 109216K->21824K(109248K), 0.0093350 secs] 223329K->140166K(502464K), 0.0094177 secs] [Times: user=0.03 sys=0.00, real=0.01 secs] 
Heap after GC invocations=55 (full 1):
 par new generation   total 109248K, used 21824K [0x00000007a0000000, 0x00000007a8000000, 0x00000007a8000000)
  eden space 87424K,   0% used [0x00000007a0000000, 0x00000007a0000000, 0x00000007a5560000)
  from space 21824K, 100% used [0x00000007a6ab0000, 0x00000007a8000000, 0x00000007a8000000)
  to   space 21824K,   0% used [0x00000007a5560000, 0x00000007a5560000, 0x00000007a6ab0000)
 concurrent mark-sweep generation total 393216K, used 118342K [0x00000007a8000000, 0x00000007c0000000, 0x00000007c0000000)
 Metaspace       used 28551K, capacity 28864K, committed 29256K, reserved 1075200K
  class space    used 3277K, capacity 3359K, committed 3400K, reserved 1048576K
}
2016-06-08T15:52:17.143-0530: 388.725: Total time for which application threads were stopped: 0.0097098 seconds
2016-06-08T15:52:17.189-0530: 388.770: Total time for which application threads were stopped: 0.0000803 seconds
2016-06-08T15:52:17.189-0530: 388.771: Total time for which application threads were stopped: 0.0000582 seconds
2016-06-08T15:52:17.270-0530: 388.852: Total time for which application threads were stopped: 0.0001009 seconds
2016-06-08T15:52:17.270-0530: 388.852: Total time for which application threads were stopped: 0.0000826 seconds
2016-06-08T15:52:17.270-0530: 388.852: Total time for which application threads were stopped: 0.0000575 seconds
2016-06-08T15:52:17.270-0530: 388.852: Total time for which application threads were stopped: 0.0000876 seconds
2016-06-08T15:52:17.270-0530: 388.852: Total time for which application threads were stopped: 0.0000684 seconds
2016-06-08T15:52:17.272-0530: 388.854: Total time for which application threads were stopped: 0.0001003 seconds
2016-06-08T15:52:17.272-0530: 388.854: Total time for which application threads were stopped: 0.0000925 seconds
2016-06-08T15:52:17.272-0530: 388.854: Total time for which application threads were stopped: 0.0000888 seconds
{Heap before GC invocations=55 (full 1):
 par new generation   total 109248K, used 109248K [0x00000007a0000000, 0x00000007a8000000, 0x00000007a8000000)
  eden space 87424K, 100% used [0x00000007a0000000, 0x00000007a5560000, 0x00000007a5560000)
  from space 21824K, 100% used [0x00000007a6ab0000, 0x00000007a8000000, 0x00000007a8000000)
  to   space 21824K,   0% used [0x00000007a5560000, 0x00000007a5560000, 0x00000007a6ab0000)
 concurrent mark-sweep generation total 393216K, used 118342K [0x00000007a8000000, 0x00000007c0000000, 0x00000007c0000000)
 Metaspace       used 28568K, capacity 28928K, committed 29256K, reserved 1075200K
  class space    used 3277K, capacity 3359K, committed 3400K, reserved 1048576K
2016-06-08T15:52:27.150-0530: 398.732: [GC (Allocation Failure) 398.732: [ParNew
Desired survivor size 20112992 bytes, new threshold 8 (max 8)
- age   1:    4097048 bytes,    4097048 total
- age   2:    2245192 bytes,    6342240 total
- age   3:    1911096 bytes,    8253336 total
- age   4:    3489208 bytes,   11742544 total
- age   5:    2392664 bytes,   14135208 total
- age   7:    3621848 bytes,   17757056 total
- age   8:    2009440 bytes,   19766496 total
: 109248K->21824K(109248K), 0.0098599 secs] 227590K->143606K(502464K), 0.0099415 secs] [Times: user=0.03 sys=0.01, real=0.01 secs] 
Heap after GC invocations=56 (full 1):
 par new generation   total 109248K, used 21824K [0x00000007a0000000, 0x00000007a8000000, 0x00000007a8000000)
  eden space 87424K,   0% used [0x00000007a0000000, 0x00000007a0000000, 0x00000007a5560000)
  from space 21824K, 100% used [0x00000007a5560000, 0x00000007a6ab0000, 0x00000007a6ab0000)
  to   space 21824K,   0% used [0x00000007a6ab0000, 0x00000007a6ab0000, 0x00000007a8000000)
 concurrent mark-sweep generation total 393216K, used 121782K [0x00000007a8000000, 0x00000007c0000000, 0x00000007c0000000)
 Metaspace       used 28568K, capacity 28928K, committed 29256K, reserved 1075200K
  class space    used 3277K, capacity 3359K, committed 3400K, reserved 1048576K
}
2016-06-08T15:52:27.160-0530: 398.742: Total time for which application threads were stopped: 0.0101282 seconds
2016-06-08T15:52:28.163-0530: 399.745: Total time for which application threads were stopped: 0.0002725 seconds
{Heap before GC invocations=56 (full 1):
 par new generation   total 109248K, used 109247K [0x00000007a0000000, 0x00000007a8000000, 0x00000007a8000000)
  eden space 87424K,  99% used [0x00000007a0000000, 0x00000007a555fce8, 0x00000007a5560000)
  from space 21824K, 100% used [0x00000007a5560000, 0x00000007a6ab0000, 0x00000007a6ab0000)
  to   space 21824K,   0% used [0x00000007a6ab0000, 0x00000007a6ab0000, 0x00000007a8000000)
 concurrent mark-sweep generation total 393216K, used 121782K [0x00000007a8000000, 0x00000007c0000000, 0x00000007c0000000)
 Metaspace       used 28576K, capacity 28928K, committed 29256K, reserved 1075200K
  class space    used 3277K, capacity 3359K, committed 3400K, reserved 1048576K
2016-06-08T15:52:36.047-0530: 407.629: [GC (Allocation Failure) 407.629: [ParNew
Desired survivor size 20112992 bytes, new threshold 8 (max 8)
- age   1:    5642600 bytes,    5642600 total
- age   2:    2356920 bytes,    7999520 total
- age   3:    2245040 bytes,   10244560 total
- age   4:    1910432 bytes,   12154992 total
- age   5:    3422296 bytes,   15577288 total
- age   6:    2392664 bytes,   17969952 total
- age   8:    3621848 bytes,   21591800 total
: 109247K->21824K(109248K), 0.0088593 secs] 231030K->147344K(502464K), 0.0089155 secs] [Times: user=0.02 sys=0.01, real=0.01 secs] 
Heap after GC invocations=57 (full 1):
 par new generation   total 109248K, used 21824K [0x00000007a0000000, 0x00000007a8000000, 0x00000007a8000000)
  eden space 87424K,   0% used [0x00000007a0000000, 0x00000007a0000000, 0x00000007a5560000)
  from space 21824K, 100% used [0x00000007a6ab0000, 0x00000007a8000000, 0x00000007a8000000)
  to   space 21824K,   0% used [0x00000007a5560000, 0x00000007a5560000, 0x00000007a6ab0000)
 concurrent mark-sweep generation total 393216K, used 125520K [0x00000007a8000000, 0x00000007c0000000, 0x00000007c0000000)
 Metaspace       used 28576K, capacity 28928K, committed 29256K, reserved 1075200K
  class space    used 3277K, capacity 3359K, committed 3400K, reserved 1048576K
}
2016-06-08T15:52:36.056-0530: 407.638: Total time for which application threads were stopped: 0.0090946 seconds
{Heap before GC invocations=57 (full 1):
 par new generation   total 109248K, used 109248K [0x00000007a0000000, 0x00000007a8000000, 0x00000007a8000000)
  eden space 87424K, 100% used [0x00000007a0000000, 0x00000007a5560000, 0x00000007a5560000)
  from space 21824K, 100% used [0x00000007a6ab0000, 0x00000007a8000000, 0x00000007a8000000)
  to   space 21824K,   0% used [0x00000007a5560000, 0x00000007a5560000, 0x00000007a6ab0000)
 concurrent mark-sweep generation total 393216K, used 125520K [0x00000007a8000000, 0x00000007c0000000, 0x00000007c0000000)
 Metaspace       used 28577K, capacity 28928K, committed 29256K, reserved 1075200K
  class space    used 3277K, capacity 3359K, committed 3400K, reserved 1048576K
2016-06-08T15:52:36.585-0530: 408.167: [GC (Allocation Failure) 408.167: [ParNew
Desired survivor size 20112992 bytes, new threshold 8 (max 8)
- age   1:    4361032 bytes,    4361032 total
- age   2:    3526160 bytes,    7887192 total
- age   3:    1882000 bytes,    9769192 total
- age   4:    2237448 bytes,   12006640 total
- age   5:    1909424 bytes,   13916064 total
- age   6:    3422088 bytes,   17338152 total
- age   7:    2392296 bytes,   19730448 total
: 109248K->21824K(109248K), 0.0108753 secs] 234768K->154443K(502464K), 0.0109614 secs] [Times: user=0.03 sys=0.00, real=0.01 secs] 
Heap after GC invocations=58 (full 1):
 par new generation   total 109248K, used 21824K [0x00000007a0000000, 0x00000007a8000000, 0x00000007a8000000)
  eden space 87424K,   0% used [0x00000007a0000000, 0x00000007a0000000, 0x00000007a5560000)
  from space 21824K, 100% used [0x00000007a5560000, 0x00000007a6ab0000, 0x00000007a6ab0000)
  to   space 21824K,   0% used [0x00000007a6ab0000, 0x00000007a6ab0000, 0x00000007a8000000)
 concurrent mark-sweep generation total 393216K, used 132619K [0x00000007a8000000, 0x00000007c0000000, 0x00000007c0000000)
 Metaspace       used 28577K, capacity 28928K, committed 29256K, reserved 1075200K
  class space    used 3277K, capacity 3359K, committed 3400K, reserved 1048576K
}
2016-06-08T15:52:36.596-0530: 408.178: Total time for which application threads were stopped: 0.0111489 seconds
2016-06-08T15:52:36.603-0530: 408.186: Total time for which application threads were stopped: 0.0001379 seconds
2016-06-08T15:52:36.603-0530: 408.186: Total time for which application threads were stopped: 0.0000418 seconds
2016-06-08T15:52:36.604-0530: 408.186: Total time for which application threads were stopped: 0.0001106 seconds
2016-06-08T15:52:36.604-0530: 408.187: Total time for which application threads were stopped: 0.0000764 seconds
2016-06-08T15:52:36.638-0530: 408.220: Total time for which application threads were stopped: 0.0000777 seconds
2016-06-08T15:52:36.638-0530: 408.220: Total time for which application threads were stopped: 0.0000622 seconds
2016-06-08T15:52:36.638-0530: 408.220: Total time for which application threads were stopped: 0.0000473 seconds
2016-06-08T15:52:36.639-0530: 408.221: Total time for which application threads were stopped: 0.0000790 seconds
2016-06-08T15:52:36.639-0530: 408.222: Total time for which application threads were stopped: 0.0000715 seconds
2016-06-08T15:52:36.639-0530: 408.222: Total time for which application threads were stopped: 0.0000658 seconds
{Heap before GC invocations=58 (full 1):
 par new generation   total 109248K, used 109244K [0x00000007a0000000, 0x00000007a8000000, 0x00000007a8000000)
  eden space 87424K,  99% used [0x00000007a0000000, 0x00000007a555f0e0, 0x00000007a5560000)
  from space 21824K, 100% used [0x00000007a5560000, 0x00000007a6ab0000, 0x00000007a6ab0000)
  to   space 21824K,   0% used [0x00000007a6ab0000, 0x00000007a6ab0000, 0x00000007a8000000)
 concurrent mark-sweep generation total 393216K, used 132619K [0x00000007a8000000, 0x00000007c0000000, 0x00000007c0000000)
 Metaspace       used 28580K, capacity 28928K, committed 29256K, reserved 1075200K
  class space    used 3277K, capacity 3359K, committed 3400K, reserved 1048576K
2016-06-08T15:52:45.279-0530: 416.861: [GC (Allocation Failure) 416.861: [ParNew
Desired survivor size 20112992 bytes, new threshold 8 (max 8)
- age   1:    5316624 bytes,    5316624 total
- age   2:    2840072 bytes,    8156696 total
- age   3:    2981512 bytes,   11138208 total
- age   4:    1163976 bytes,   12302184 total
- age   5:    1920120 bytes,   14222304 total
- age   6:    1909384 bytes,   16131688 total
- age   7:    2851232 bytes,   18982920 total
- age   8:    2384064 bytes,   21366984 total
: 109244K->21824K(109248K), 0.0085370 secs] 241863K->156179K(502464K), 0.0086099 secs] [Times: user=0.02 sys=0.00, real=0.01 secs] 
Heap after GC invocations=59 (full 1):
 par new generation   total 109248K, used 21824K [0x00000007a0000000, 0x00000007a8000000, 0x00000007a8000000)
  eden space 87424K,   0% used [0x00000007a0000000, 0x00000007a0000000, 0x00000007a5560000)
  from space 21824K, 100% used [0x00000007a6ab0000, 0x00000007a8000000, 0x00000007a8000000)
  to   space 21824K,   0% used [0x00000007a5560000, 0x00000007a5560000, 0x00000007a6ab0000)
 concurrent mark-sweep generation total 393216K, used 134355K [0x00000007a8000000, 0x00000007c0000000, 0x00000007c0000000)
 Metaspace       used 28580K, capacity 28928K, committed 29256K, reserved 1075200K
  class space    used 3277K, capacity 3359K, committed 3400K, reserved 1048576K
}
2016-06-08T15:52:45.287-0530: 416.870: Total time for which application threads were stopped: 0.0088227 seconds
2016-06-08T15:52:45.471-0530: 417.054: Total time for which application threads were stopped: 0.0000934 seconds
2016-06-08T15:52:45.472-0530: 417.055: Total time for which application threads were stopped: 0.0000552 seconds
2016-06-08T15:52:45.509-0530: 417.092: Total time for which application threads were stopped: 0.0001268 seconds
2016-06-08T15:52:45.509-0530: 417.092: Total time for which application threads were stopped: 0.0000714 seconds
2016-06-08T15:52:45.509-0530: 417.092: Total time for which application threads were stopped: 0.0000654 seconds
{Heap before GC invocations=59 (full 1):
 par new generation   total 109248K, used 109237K [0x00000007a0000000, 0x00000007a8000000, 0x00000007a8000000)
  eden space 87424K,  99% used [0x00000007a0000000, 0x00000007a555d518, 0x00000007a5560000)
  from space 21824K, 100% used [0x00000007a6ab0000, 0x00000007a8000000, 0x00000007a8000000)
  to   space 21824K,   0% used [0x00000007a5560000, 0x00000007a5560000, 0x00000007a6ab0000)
 concurrent mark-sweep generation total 393216K, used 134355K [0x00000007a8000000, 0x00000007c0000000, 0x00000007c0000000)
 Metaspace       used 28584K, capacity 28928K, committed 29256K, reserved 1075200K
  class space    used 3277K, capacity 3359K, committed 3400K, reserved 1048576K
2016-06-08T15:52:54.681-0530: 426.264: [GC (Allocation Failure) 426.264: [ParNew
Desired survivor size 20112992 bytes, new threshold 8 (max 8)
- age   1:    2963656 bytes,    2963656 total
- age   2:    1770088 bytes,    4733744 total
- age   3:    2839920 bytes,    7573664 total
- age   4:    2816936 bytes,   10390600 total
- age   5:     946472 bytes,   11337072 total
- age   6:    1868056 bytes,   13205128 total
- age   7:    1905552 bytes,   15110680 total
- age   8:    2832464 bytes,   17943144 total
: 109237K->21824K(109248K), 0.0097991 secs] 243592K->161159K(502464K), 0.0098575 secs] [Times: user=0.03 sys=0.00, real=0.01 secs] 
Heap after GC invocations=60 (full 1):
 par new generation   total 109248K, used 21824K [0x00000007a0000000, 0x00000007a8000000, 0x00000007a8000000)
  eden space 87424K,   0% used [0x00000007a0000000, 0x00000007a0000000, 0x00000007a5560000)
  from space 21824K, 100% used [0x00000007a5560000, 0x00000007a6ab0000, 0x00000007a6ab0000)
  to   space 21824K,   0% used [0x00000007a6ab0000, 0x00000007a6ab0000, 0x00000007a8000000)
 concurrent mark-sweep generation total 393216K, used 139335K [0x00000007a8000000, 0x00000007c0000000, 0x00000007c0000000)
 Metaspace       used 28584K, capacity 28928K, committed 29256K, reserved 1075200K
  class space    used 3277K, capacity 3359K, committed 3400K, reserved 1048576K
}
2016-06-08T15:52:54.691-0530: 426.273: Total time for which application threads were stopped: 0.0100427 seconds
2016-06-08T15:52:55.696-0530: 427.279: Total time for which application threads were stopped: 0.0002129 seconds
2016-06-08T15:52:56.700-0530: 428.283: Total time for which application threads were stopped: 0.0001516 seconds
{Heap before GC invocations=60 (full 1):
 par new generation   total 109248K, used 109248K [0x00000007a0000000, 0x00000007a8000000, 0x00000007a8000000)
  eden space 87424K, 100% used [0x00000007a0000000, 0x00000007a5560000, 0x00000007a5560000)
  from space 21824K, 100% used [0x00000007a5560000, 0x00000007a6ab0000, 0x00000007a6ab0000)
  to   space 21824K,   0% used [0x00000007a6ab0000, 0x00000007a6ab0000, 0x00000007a8000000)
 concurrent mark-sweep generation total 393216K, used 139335K [0x00000007a8000000, 0x00000007c0000000, 0x00000007c0000000)
 Metaspace       used 28586K, capacity 28928K, committed 29256K, reserved 1075200K
  class space    used 3277K, capacity 3359K, committed 3400K, reserved 1048576K
2016-06-08T15:53:06.638-0530: 438.221: [GC (Allocation Failure) 438.221: [ParNew
Desired survivor size 20112992 bytes, new threshold 8 (max 8)
- age   1:    4777104 bytes,    4777104 total
- age   2:    2691440 bytes,    7468544 total
- age   3:    1767008 bytes,    9235552 total
- age   4:    2839920 bytes,   12075472 total
- age   5:    2749960 bytes,   14825432 total
- age   6:     946440 bytes,   15771872 total
- age   7:    1867864 bytes,   17639736 total
- age   8:    1884080 bytes,   19523816 total
: 109248K->21824K(109248K), 0.0099718 secs] 248583K->165648K(502464K), 0.0100432 secs] [Times: user=0.03 sys=0.00, real=0.01 secs] 
Heap after GC invocations=61 (full 1):
 par new generation   total 109248K, used 21824K [0x00000007a0000000, 0x00000007a8000000, 0x00000007a8000000)
  eden space 87424K,   0% used [0x00000007a0000000, 0x00000007a0000000, 0x00000007a5560000)
  from space 21824K, 100% used [0x00000007a6ab0000, 0x00000007a8000000, 0x00000007a8000000)
  to   space 21824K,   0% used [0x00000007a5560000, 0x00000007a5560000, 0x00000007a6ab0000)
 concurrent mark-sweep generation total 393216K, used 143824K [0x00000007a8000000, 0x00000007c0000000, 0x00000007c0000000)
 Metaspace       used 28586K, capacity 28928K, committed 29256K, reserved 1075200K
  class space    used 3277K, capacity 3359K, committed 3400K, reserved 1048576K
}
2016-06-08T15:53:06.648-0530: 438.231: Total time for which application threads were stopped: 0.0102117 seconds
{Heap before GC invocations=61 (full 1):
 par new generation   total 109248K, used 109248K [0x00000007a0000000, 0x00000007a8000000, 0x00000007a8000000)
  eden space 87424K, 100% used [0x00000007a0000000, 0x00000007a5560000, 0x00000007a5560000)
  from space 21824K, 100% used [0x00000007a6ab0000, 0x00000007a8000000, 0x00000007a8000000)
  to   space 21824K,   0% used [0x00000007a5560000, 0x00000007a5560000, 0x00000007a6ab0000)
 concurrent mark-sweep generation total 393216K, used 143824K [0x00000007a8000000, 0x00000007c0000000, 0x00000007c0000000)
 Metaspace       used 28586K, capacity 28928K, committed 29256K, reserved 1075200K
  class space    used 3277K, capacity 3359K, committed 3400K, reserved 1048576K
2016-06-08T15:53:07.211-0530: 438.794: [GC (Allocation Failure) 438.794: [ParNew
Desired survivor size 20112992 bytes, new threshold 8 (max 8)
- age   1:    2708208 bytes,    2708208 total
- age   2:    4198040 bytes,    6906248 total
- age   3:    2686208 bytes,    9592456 total
- age   4:    1764384 bytes,   11356840 total
- age   5:    2839920 bytes,   14196760 total
- age   6:    2749960 bytes,   16946720 total
- age   7:     751960 bytes,   17698680 total
- age   8:    1827304 bytes,   19525984 total
: 109248K->21824K(109248K), 0.0097401 secs] 253072K->170826K(502464K), 0.0097939 secs] [Times: user=0.02 sys=0.01, real=0.01 secs] 
Heap after GC invocations=62 (full 1):
 par new generation   total 109248K, used 21824K [0x00000007a0000000, 0x00000007a8000000, 0x00000007a8000000)
  eden space 87424K,   0% used [0x00000007a0000000, 0x00000007a0000000, 0x00000007a5560000)
  from space 21824K, 100% used [0x00000007a5560000, 0x00000007a6ab0000, 0x00000007a6ab0000)
  to   space 21824K,   0% used [0x00000007a6ab0000, 0x00000007a6ab0000, 0x00000007a8000000)
 concurrent mark-sweep generation total 393216K, used 149002K [0x00000007a8000000, 0x00000007c0000000, 0x00000007c0000000)
 Metaspace       used 28586K, capacity 28928K, committed 29256K, reserved 1075200K
  class space    used 3277K, capacity 3359K, committed 3400K, reserved 1048576K
}
2016-06-08T15:53:07.221-0530: 438.804: Total time for which application threads were stopped: 0.0099641 seconds
2016-06-08T15:53:07.318-0530: 438.901: Total time for which application threads were stopped: 0.0000870 seconds
2016-06-08T15:53:07.318-0530: 438.901: Total time for which application threads were stopped: 0.0000558 seconds
2016-06-08T15:53:07.319-0530: 438.902: Total time for which application threads were stopped: 0.0001143 seconds
2016-06-08T15:53:07.319-0530: 438.902: Total time for which application threads were stopped: 0.0000875 seconds
2016-06-08T15:53:07.361-0530: 438.944: Total time for which application threads were stopped: 0.0001359 seconds
2016-06-08T15:53:07.361-0530: 438.945: Total time for which application threads were stopped: 0.0000789 seconds
2016-06-08T15:53:07.361-0530: 438.945: Total time for which application threads were stopped: 0.0000710 seconds
{Heap before GC invocations=62 (full 1):
 par new generation   total 109248K, used 109232K [0x00000007a0000000, 0x00000007a8000000, 0x00000007a8000000)
  eden space 87424K,  99% used [0x00000007a0000000, 0x00000007a555c168, 0x00000007a5560000)
  from space 21824K, 100% used [0x00000007a5560000, 0x00000007a6ab0000, 0x00000007a6ab0000)
  to   space 21824K,   0% used [0x00000007a6ab0000, 0x00000007a6ab0000, 0x00000007a8000000)
 concurrent mark-sweep generation total 393216K, used 149002K [0x00000007a8000000, 0x00000007c0000000, 0x00000007c0000000)
 Metaspace       used 28589K, capacity 28928K, committed 29256K, reserved 1075200K
  class space    used 3277K, capacity 3359K, committed 3400K, reserved 1048576K
2016-06-08T15:53:16.342-0530: 447.925: [GC (Allocation Failure) 447.925: [ParNew
Desired survivor size 20112992 bytes, new threshold 8 (max 8)
- age   1:    4416768 bytes,    4416768 total
- age   2:    1147224 bytes,    5563992 total
- age   3:    4133232 bytes,    9697224 total
- age   4:    2685712 bytes,   12382936 total
- age   5:    1697312 bytes,   14080248 total
- age   6:    2839920 bytes,   16920168 total
- age   7:    2749800 bytes,   19669968 total
- age   8:     751704 bytes,   20421672 total
: 109232K->21824K(109248K), 0.0110873 secs] 258234K->176007K(502464K), 0.0111536 secs] [Times: user=0.03 sys=0.01, real=0.01 secs] 
Heap after GC invocations=63 (full 1):
 par new generation   total 109248K, used 21824K [0x00000007a0000000, 0x00000007a8000000, 0x00000007a8000000)
  eden space 87424K,   0% used [0x00000007a0000000, 0x00000007a0000000, 0x00000007a5560000)
  from space 21824K, 100% used [0x00000007a6ab0000, 0x00000007a8000000, 0x00000007a8000000)
  to   space 21824K,   0% used [0x00000007a5560000, 0x00000007a5560000, 0x00000007a6ab0000)
 concurrent mark-sweep generation total 393216K, used 154183K [0x00000007a8000000, 0x00000007c0000000, 0x00000007c0000000)
 Metaspace       used 28589K, capacity 28928K, committed 29256K, reserved 1075200K
  class space    used 3277K, capacity 3359K, committed 3400K, reserved 1048576K
}
2016-06-08T15:53:16.353-0530: 447.936: Total time for which application threads were stopped: 0.0113340 seconds
2016-06-08T15:53:16.746-0530: 448.329: Total time for which application threads were stopped: 0.0000886 seconds
2016-06-08T15:53:16.746-0530: 448.330: Total time for which application threads were stopped: 0.0000625 seconds
2016-06-08T15:53:16.749-0530: 448.333: Total time for which application threads were stopped: 0.0001168 seconds
2016-06-08T15:53:16.751-0530: 448.334: Total time for which application threads were stopped: 0.0001080 seconds
2016-06-08T15:53:16.775-0530: 448.359: Total time for which application threads were stopped: 0.0001305 seconds
2016-06-08T15:53:16.775-0530: 448.359: Total time for which application threads were stopped: 0.0000769 seconds
2016-06-08T15:53:16.775-0530: 448.359: Total time for which application threads were stopped: 0.0000688 seconds
{Heap before GC invocations=63 (full 1):
 par new generation   total 109248K, used 109248K [0x00000007a0000000, 0x00000007a8000000, 0x00000007a8000000)
  eden space 87424K, 100% used [0x00000007a0000000, 0x00000007a5560000, 0x00000007a5560000)
  from space 21824K, 100% used [0x00000007a6ab0000, 0x00000007a8000000, 0x00000007a8000000)
  to   space 21824K,   0% used [0x00000007a5560000, 0x00000007a5560000, 0x00000007a6ab0000)
 concurrent mark-sweep generation total 393216K, used 154183K [0x00000007a8000000, 0x00000007c0000000, 0x00000007c0000000)
 Metaspace       used 28593K, capacity 28928K, committed 29256K, reserved 1075200K
  class space    used 3277K, capacity 3359K, committed 3400K, reserved 1048576K
2016-06-08T15:53:17.229-0530: 448.812: [GC (Allocation Failure) 448.812: [ParNew
Desired survivor size 20112992 bytes, new threshold 8 (max 8)
- age   1:    2849528 bytes,    2849528 total
- age   2:    2825680 bytes,    5675208 total
- age   3:      20128 bytes,    5695336 total
- age   4:    4098536 bytes,    9793872 total
- age   5:    2617872 bytes,   12411744 total
- age   6:    1676520 bytes,   14088264 total
- age   7:    2839848 bytes,   16928112 total
- age   8:    1843320 bytes,   18771432 total
: 109248K->21824K(109248K), 0.0089491 secs] 263431K->179047K(502464K), 0.0090130 secs] [Times: user=0.03 sys=0.00, real=0.01 secs] 
Heap after GC invocations=64 (full 1):
 par new generation   total 109248K, used 21824K [0x00000007a0000000, 0x00000007a8000000, 0x00000007a8000000)
  eden space 87424K,   0% used [0x00000007a0000000, 0x00000007a0000000, 0x00000007a5560000)
  from space 21824K, 100% used [0x00000007a5560000, 0x00000007a6ab0000, 0x00000007a6ab0000)
  to   space 21824K,   0% used [0x00000007a6ab0000, 0x00000007a6ab0000, 0x00000007a8000000)
 concurrent mark-sweep generation total 393216K, used 157223K [0x00000007a8000000, 0x00000007c0000000, 0x00000007c0000000)
 Metaspace       used 28593K, capacity 28928K, committed 29256K, reserved 1075200K
  class space    used 3277K, capacity 3359K, committed 3400K, reserved 1048576K
}
2016-06-08T15:53:17.238-0530: 448.821: Total time for which application threads were stopped: 0.0092109 seconds
2016-06-08T15:53:17.238-0530: 448.822: Total time for which application threads were stopped: 0.0001753 seconds
2016-06-08T15:53:17.531-0530: 449.115: Total time for which application threads were stopped: 0.0000935 seconds
{Heap before GC invocations=64 (full 1):
 par new generation   total 109248K, used 109248K [0x00000007a0000000, 0x00000007a8000000, 0x00000007a8000000)
  eden space 87424K, 100% used [0x00000007a0000000, 0x00000007a5560000, 0x00000007a5560000)
  from space 21824K, 100% used [0x00000007a5560000, 0x00000007a6ab0000, 0x00000007a6ab0000)
  to   space 21824K,   0% used [0x00000007a6ab0000, 0x00000007a6ab0000, 0x00000007a8000000)
 concurrent mark-sweep generation total 393216K, used 157223K [0x00000007a8000000, 0x00000007c0000000, 0x00000007c0000000)
 Metaspace       used 28595K, capacity 28928K, committed 29256K, reserved 1075200K
  class space    used 3277K, capacity 3359K, committed 3400K, reserved 1048576K
2016-06-08T15:53:25.974-0530: 457.558: [GC (Allocation Failure) 457.558: [ParNew
Desired survivor size 20112992 bytes, new threshold 8 (max 8)
- age   1:    2359552 bytes,    2359552 total
- age   2:    1797504 bytes,    4157056 total
- age   3:    2823880 bytes,    6980936 total
- age   4:      17912 bytes,    6998848 total
- age   5:    4097424 bytes,   11096272 total
- age   6:    2617104 bytes,   13713376 total
- age   7:    1675936 bytes,   15389312 total
- age   8:    2839848 bytes,   18229160 total
: 109248K->21824K(109248K), 0.0090366 secs] 266471K->181847K(502464K), 0.0091149 secs] [Times: user=0.03 sys=0.01, real=0.01 secs] 
Heap after GC invocations=65 (full 1):
 par new generation   total 109248K, used 21824K [0x00000007a0000000, 0x00000007a8000000, 0x00000007a8000000)
  eden space 87424K,   0% used [0x00000007a0000000, 0x00000007a0000000, 0x00000007a5560000)
  from space 21824K, 100% used [0x00000007a6ab0000, 0x00000007a8000000, 0x00000007a8000000)
  to   space 21824K,   0% used [0x00000007a5560000, 0x00000007a5560000, 0x00000007a6ab0000)
 concurrent mark-sweep generation total 393216K, used 160023K [0x00000007a8000000, 0x00000007c0000000, 0x00000007c0000000)
 Metaspace       used 28595K, capacity 28928K, committed 29256K, reserved 1075200K
  class space    used 3277K, capacity 3359K, committed 3400K, reserved 1048576K
}
2016-06-08T15:53:25.983-0530: 457.567: Total time for which application threads were stopped: 0.0093020 seconds
{Heap before GC invocations=65 (full 1):
 par new generation   total 109248K, used 109248K [0x00000007a0000000, 0x00000007a8000000, 0x00000007a8000000)
  eden space 87424K, 100% used [0x00000007a0000000, 0x00000007a5560000, 0x00000007a5560000)
  from space 21824K, 100% used [0x00000007a6ab0000, 0x00000007a8000000, 0x00000007a8000000)
  to   space 21824K,   0% used [0x00000007a5560000, 0x00000007a5560000, 0x00000007a6ab0000)
 concurrent mark-sweep generation total 393216K, used 160023K [0x00000007a8000000, 0x00000007c0000000, 0x00000007c0000000)
 Metaspace       used 28597K, capacity 28928K, committed 29256K, reserved 1075200K
  class space    used 3277K, capacity 3359K, committed 3400K, reserved 1048576K
2016-06-08T15:53:26.575-0530: 458.158: [GC (Allocation Failure) 458.159: [ParNew
Desired survivor size 20112992 bytes, new threshold 8 (max 8)
- age   1:    4546712 bytes,    4546712 total
- age   2:    1873064 bytes,    6419776 total
- age   3:    1796936 bytes,    8216712 total
- age   4:    2823760 bytes,   11040472 total
- age   5:      17912 bytes,   11058384 total
- age   6:    4030512 bytes,   15088896 total
- age   7:    2617104 bytes,   17706000 total
- age   8:    1675912 bytes,   19381912 total
: 109248K->21824K(109248K), 0.0092474 secs] 269271K->185817K(502464K), 0.0093130 secs] [Times: user=0.02 sys=0.00, real=0.01 secs] 
Heap after GC invocations=66 (full 1):
 par new generation   total 109248K, used 21824K [0x00000007a0000000, 0x00000007a8000000, 0x00000007a8000000)
  eden space 87424K,   0% used [0x00000007a0000000, 0x00000007a0000000, 0x00000007a5560000)
  from space 21824K, 100% used [0x00000007a5560000, 0x00000007a6ab0000, 0x00000007a6ab0000)
  to   space 21824K,   0% used [0x00000007a6ab0000, 0x00000007a6ab0000, 0x00000007a8000000)
 concurrent mark-sweep generation total 393216K, used 163993K [0x00000007a8000000, 0x00000007c0000000, 0x00000007c0000000)
 Metaspace       used 28597K, capacity 28928K, committed 29256K, reserved 1075200K
  class space    used 3277K, capacity 3359K, committed 3400K, reserved 1048576K
}
2016-06-08T15:53:26.584-0530: 458.168: Total time for which application threads were stopped: 0.0095234 seconds
2016-06-08T15:53:26.609-0530: 458.193: Total time for which application threads were stopped: 0.0001278 seconds
2016-06-08T15:53:26.638-0530: 458.222: Total time for which application threads were stopped: 0.0002153 seconds
2016-06-08T15:53:26.638-0530: 458.222: Total time for which application threads were stopped: 0.0000804 seconds
2016-06-08T15:53:26.638-0530: 458.222: Total time for which application threads were stopped: 0.0000766 seconds
2016-06-08T15:53:26.722-0530: 458.305: Total time for which application threads were stopped: 0.0001760 seconds
2016-06-08T15:53:26.722-0530: 458.306: Total time for which application threads were stopped: 0.0000494 seconds
2016-06-08T15:53:26.722-0530: 458.306: Total time for which application threads were stopped: 0.0000594 seconds
2016-06-08T15:53:31.743-0530: 463.327: Total time for which application threads were stopped: 0.0000820 seconds
2016-06-08T15:53:37.758-0530: 469.342: Total time for which application threads were stopped: 0.0001911 seconds
{Heap before GC invocations=66 (full 1):
 par new generation   total 109248K, used 109232K [0x00000007a0000000, 0x00000007a8000000, 0x00000007a8000000)
  eden space 87424K,  99% used [0x00000007a0000000, 0x00000007a555c210, 0x00000007a5560000)
  from space 21824K, 100% used [0x00000007a5560000, 0x00000007a6ab0000, 0x00000007a6ab0000)
  to   space 21824K,   0% used [0x00000007a6ab0000, 0x00000007a6ab0000, 0x00000007a8000000)
 concurrent mark-sweep generation total 393216K, used 163993K [0x00000007a8000000, 0x00000007c0000000, 0x00000007c0000000)
 Metaspace       used 28606K, capacity 28928K, committed 29256K, reserved 1075200K
  class space    used 3277K, capacity 3359K, committed 3400K, reserved 1048576K
2016-06-08T15:53:37.965-0530: 469.549: [GC (Allocation Failure) 469.549: [ParNew
Desired survivor size 20112992 bytes, new threshold 8 (max 8)
- age   1:    5581696 bytes,    5581696 total
- age   2:    1031808 bytes,    6613504 total
- age   3:     735664 bytes,    7349168 total
- age   4:    1778224 bytes,    9127392 total
- age   5:    2823576 bytes,   11950968 total
- age   6:      17912 bytes,   11968880 total
- age   7:    4030440 bytes,   15999320 total
- age   8:    2617000 bytes,   18616320 total
: 109232K->21824K(109248K), 0.0088001 secs] 273226K->188437K(502464K), 0.0088742 secs] [Times: user=0.02 sys=0.00, real=0.01 secs] 
Heap after GC invocations=67 (full 1):
 par new generation   total 109248K, used 21824K [0x00000007a0000000, 0x00000007a8000000, 0x00000007a8000000)
  eden space 87424K,   0% used [0x00000007a0000000, 0x00000007a0000000, 0x00000007a5560000)
  from space 21824K, 100% used [0x00000007a6ab0000, 0x00000007a8000000, 0x00000007a8000000)
  to   space 21824K,   0% used [0x00000007a5560000, 0x00000007a5560000, 0x00000007a6ab0000)
 concurrent mark-sweep generation total 393216K, used 166613K [0x00000007a8000000, 0x00000007c0000000, 0x00000007c0000000)
 Metaspace       used 28606K, capacity 28928K, committed 29256K, reserved 1075200K
  class space    used 3277K, capacity 3359K, committed 3400K, reserved 1048576K
}
2016-06-08T15:53:37.974-0530: 469.558: Total time for which application threads were stopped: 0.0090564 seconds
2016-06-08T15:53:38.254-0530: 469.839: Total time for which application threads were stopped: 0.0000857 seconds
2016-06-08T15:53:38.254-0530: 469.839: Total time for which application threads were stopped: 0.0000557 seconds
2016-06-08T15:53:38.255-0530: 469.839: Total time for which application threads were stopped: 0.0000526 seconds
2016-06-08T15:53:38.255-0530: 469.839: Total time for which application threads were stopped: 0.0000562 seconds
2016-06-08T15:53:38.255-0530: 469.839: Total time for which application threads were stopped: 0.0000578 seconds
2016-06-08T15:53:38.255-0530: 469.839: Total time for which application threads were stopped: 0.0000449 seconds
2016-06-08T15:53:38.255-0530: 469.840: Total time for which application threads were stopped: 0.0000458 seconds
2016-06-08T15:53:38.255-0530: 469.840: Total time for which application threads were stopped: 0.0000465 seconds
2016-06-08T15:53:38.256-0530: 469.840: Total time for which application threads were stopped: 0.0000428 seconds
2016-06-08T15:53:38.256-0530: 469.840: Total time for which application threads were stopped: 0.0000432 seconds
2016-06-08T15:53:38.256-0530: 469.840: Total time for which application threads were stopped: 0.0000514 seconds
2016-06-08T15:53:38.331-0530: 469.916: Total time for which application threads were stopped: 0.0001086 seconds
2016-06-08T15:53:38.331-0530: 469.916: Total time for which application threads were stopped: 0.0000891 seconds
2016-06-08T15:53:38.332-0530: 469.916: Total time for which application threads were stopped: 0.0000905 seconds
2016-06-08T15:53:39.337-0530: 470.921: Total time for which application threads were stopped: 0.0002943 seconds
{Heap before GC invocations=67 (full 1):
 par new generation   total 109248K, used 109248K [0x00000007a0000000, 0x00000007a8000000, 0x00000007a8000000)
  eden space 87424K, 100% used [0x00000007a0000000, 0x00000007a5560000, 0x00000007a5560000)
  from space 21824K, 100% used [0x00000007a6ab0000, 0x00000007a8000000, 0x00000007a8000000)
  to   space 21824K,   0% used [0x00000007a5560000, 0x00000007a5560000, 0x00000007a6ab0000)
 concurrent mark-sweep generation total 393216K, used 166613K [0x00000007a8000000, 0x00000007c0000000, 0x00000007c0000000)
 Metaspace       used 28611K, capacity 28928K, committed 29256K, reserved 1075200K
  class space    used 3277K, capacity 3359K, committed 3400K, reserved 1048576K
2016-06-08T15:53:47.821-0530: 479.405: [GC (Allocation Failure) 479.405: [ParNew
Desired survivor size 20112992 bytes, new threshold 8 (max 8)
- age   1:    5025752 bytes,    5025752 total
- age   2:    2349728 bytes,    7375480 total
- age   3:    1031656 bytes,    8407136 total
- age   4:     735560 bytes,    9142696 total
- age   5:    1778192 bytes,   10920888 total
- age   6:    2756664 bytes,   13677552 total
- age   7:      17912 bytes,   13695464 total
- age   8:    4030440 bytes,   17725904 total
: 109248K->21824K(109248K), 0.0085164 secs] 275861K->190995K(502464K), 0.0085845 secs] [Times: user=0.03 sys=0.00, real=0.00 secs] 
Heap after GC invocations=68 (full 1):
 par new generation   total 109248K, used 21824K [0x00000007a0000000, 0x00000007a8000000, 0x00000007a8000000)
  eden space 87424K,   0% used [0x00000007a0000000, 0x00000007a0000000, 0x00000007a5560000)
  from space 21824K, 100% used [0x00000007a5560000, 0x00000007a6ab0000, 0x00000007a6ab0000)
  to   space 21824K,   0% used [0x00000007a6ab0000, 0x00000007a6ab0000, 0x00000007a8000000)
 concurrent mark-sweep generation total 393216K, used 169171K [0x00000007a8000000, 0x00000007c0000000, 0x00000007c0000000)
 Metaspace       used 28611K, capacity 28928K, committed 29256K, reserved 1075200K
  class space    used 3277K, capacity 3359K, committed 3400K, reserved 1048576K
}
2016-06-08T15:53:47.829-0530: 479.414: Total time for which application threads were stopped: 0.0087863 seconds
{Heap before GC invocations=68 (full 1):
 par new generation   total 109248K, used 109248K [0x00000007a0000000, 0x00000007a8000000, 0x00000007a8000000)
  eden space 87424K, 100% used [0x00000007a0000000, 0x00000007a5560000, 0x00000007a5560000)
  from space 21824K, 100% used [0x00000007a5560000, 0x00000007a6ab0000, 0x00000007a6ab0000)
  to   space 21824K,   0% used [0x00000007a6ab0000, 0x00000007a6ab0000, 0x00000007a8000000)
 concurrent mark-sweep generation total 393216K, used 169171K [0x00000007a8000000, 0x00000007c0000000, 0x00000007c0000000)
 Metaspace       used 28611K, capacity 28928K, committed 29256K, reserved 1075200K
  class space    used 3277K, capacity 3359K, committed 3400K, reserved 1048576K
2016-06-08T15:53:48.414-0530: 479.999: [GC (Allocation Failure) 479.999: [ParNew
Desired survivor size 20112992 bytes, new threshold 8 (max 8)
- age   1:    4841000 bytes,    4841000 total
- age   2:    4469200 bytes,    9310200 total
- age   3:    2348960 bytes,   11659160 total
- age   4:    1031656 bytes,   12690816 total
- age   5:     668648 bytes,   13359464 total
- age   6:    1778192 bytes,   15137656 total
- age   7:    2704640 bytes,   17842296 total
- age   8:      17808 bytes,   17860104 total
: 109248K->21824K(109248K), 0.0098756 secs] 278419K->196087K(502464K), 0.0099442 secs] [Times: user=0.02 sys=0.01, real=0.01 secs] 
Heap after GC invocations=69 (full 1):
 par new generation   total 109248K, used 21824K [0x00000007a0000000, 0x00000007a8000000, 0x00000007a8000000)
  eden space 87424K,   0% used [0x00000007a0000000, 0x00000007a0000000, 0x00000007a5560000)
  from space 21824K, 100% used [0x00000007a6ab0000, 0x00000007a8000000, 0x00000007a8000000)
  to   space 21824K,   0% used [0x00000007a5560000, 0x00000007a5560000, 0x00000007a6ab0000)
 concurrent mark-sweep generation total 393216K, used 174263K [0x00000007a8000000, 0x00000007c0000000, 0x00000007c0000000)
 Metaspace       used 28611K, capacity 28928K, committed 29256K, reserved 1075200K
  class space    used 3277K, capacity 3359K, committed 3400K, reserved 1048576K
}
2016-06-08T15:53:48.424-0530: 480.009: Total time for which application threads were stopped: 0.0101429 seconds
2016-06-08T15:53:48.444-0530: 480.028: Total time for which application threads were stopped: 0.0000813 seconds
2016-06-08T15:53:48.444-0530: 480.029: Total time for which application threads were stopped: 0.0000714 seconds
2016-06-08T15:53:48.445-0530: 480.029: Total time for which application threads were stopped: 0.0000733 seconds
2016-06-08T15:53:48.472-0530: 480.057: Total time for which application threads were stopped: 0.0001291 seconds
2016-06-08T15:53:48.472-0530: 480.057: Total time for which application threads were stopped: 0.0000817 seconds
2016-06-08T15:53:48.473-0530: 480.057: Total time for which application threads were stopped: 0.0000441 seconds
2016-06-08T15:53:49.477-0530: 481.062: Total time for which application threads were stopped: 0.0002805 seconds
{Heap before GC invocations=69 (full 1):
 par new generation   total 109248K, used 109248K [0x00000007a0000000, 0x00000007a8000000, 0x00000007a8000000)
  eden space 87424K, 100% used [0x00000007a0000000, 0x00000007a5560000, 0x00000007a5560000)
  from space 21824K, 100% used [0x00000007a6ab0000, 0x00000007a8000000, 0x00000007a8000000)
  to   space 21824K,   0% used [0x00000007a5560000, 0x00000007a5560000, 0x00000007a6ab0000)
 concurrent mark-sweep generation total 393216K, used 174263K [0x00000007a8000000, 0x00000007c0000000, 0x00000007c0000000)
 Metaspace       used 28613K, capacity 28928K, committed 29256K, reserved 1075200K
  class space    used 3277K, capacity 3359K, committed 3400K, reserved 1048576K
2016-06-08T15:53:58.077-0530: 489.662: [GC (Allocation Failure) 489.662: [ParNew
Desired survivor size 20112992 bytes, new threshold 8 (max 8)
- age   1:    5370736 bytes,    5370736 total
- age   2:    3223976 bytes,    8594712 total
- age   3:    3765136 bytes,   12359848 total
- age   4:    2347960 bytes,   14707808 total
- age   5:    1031656 bytes,   15739464 total
- age   6:     668472 bytes,   16407936 total
- age   7:    1769280 bytes,   18177216 total
- age   8:    2704472 bytes,   20881688 total
: 109248K->21824K(109248K), 0.0088979 secs] 283511K->198273K(502464K), 0.0089744 secs] [Times: user=0.03 sys=0.01, real=0.01 secs] 
Heap after GC invocations=70 (full 1):
 par new generation   total 109248K, used 21824K [0x00000007a0000000, 0x00000007a8000000, 0x00000007a8000000)
  eden space 87424K,   0% used [0x00000007a0000000, 0x00000007a0000000, 0x00000007a5560000)
  from space 21824K, 100% used [0x00000007a5560000, 0x00000007a6ab0000, 0x00000007a6ab0000)
  to   space 21824K,   0% used [0x00000007a6ab0000, 0x00000007a6ab0000, 0x00000007a8000000)
 concurrent mark-sweep generation total 393216K, used 176449K [0x00000007a8000000, 0x00000007c0000000, 0x00000007c0000000)
 Metaspace       used 28613K, capacity 28928K, committed 29256K, reserved 1075200K
  class space    used 3277K, capacity 3359K, committed 3400K, reserved 1048576K
}
2016-06-08T15:53:58.086-0530: 489.671: Total time for which application threads were stopped: 0.0091535 seconds
2016-06-08T15:53:58.359-0530: 489.944: Total time for which application threads were stopped: 0.0001467 seconds
2016-06-08T15:53:58.359-0530: 489.944: Total time for which application threads were stopped: 0.0000727 seconds
2016-06-08T15:53:58.395-0530: 489.980: Total time for which application threads were stopped: 0.0001178 seconds
2016-06-08T15:53:58.396-0530: 489.980: Total time for which application threads were stopped: 0.0000867 seconds
2016-06-08T15:53:58.396-0530: 489.981: Total time for which application threads were stopped: 0.0001561 seconds
2016-06-08T15:53:59.396-0530: 490.981: Total time for which application threads were stopped: 0.0001072 seconds
{Heap before GC invocations=70 (full 1):
 par new generation   total 109248K, used 109248K [0x00000007a0000000, 0x00000007a8000000, 0x00000007a8000000)
  eden space 87424K, 100% used [0x00000007a0000000, 0x00000007a5560000, 0x00000007a5560000)
  from space 21824K, 100% used [0x00000007a5560000, 0x00000007a6ab0000, 0x00000007a6ab0000)
  to   space 21824K,   0% used [0x00000007a6ab0000, 0x00000007a6ab0000, 0x00000007a8000000)
 concurrent mark-sweep generation total 393216K, used 176449K [0x00000007a8000000, 0x00000007c0000000, 0x00000007c0000000)
 Metaspace       used 28615K, capacity 28928K, committed 29256K, reserved 1075200K
  class space    used 3277K, capacity 3359K, committed 3400K, reserved 1048576K
2016-06-08T15:54:06.915-0530: 498.500: [GC (Allocation Failure) 498.500: [ParNew
Desired survivor size 20112992 bytes, new threshold 8 (max 8)
- age   1:    6101264 bytes,    6101264 total
- age   2:    2778232 bytes,    8879496 total
- age   3:    2518640 bytes,   11398136 total
- age   4:    3764640 bytes,   15162776 total
- age   5:    2280696 bytes,   17443472 total
- age   6:    1031656 bytes,   18475128 total
- age   7:     666840 bytes,   19141968 total
- age   8:    1610016 bytes,   20751984 total
: 109248K->21824K(109248K), 0.0108893 secs] 285697K->204171K(502464K), 0.0109619 secs] [Times: user=0.03 sys=0.01, real=0.01 secs] 
Heap after GC invocations=71 (full 1):
 par new generation   total 109248K, used 21824K [0x00000007a0000000, 0x00000007a8000000, 0x00000007a8000000)
  eden space 87424K,   0% used [0x00000007a0000000, 0x00000007a0000000, 0x00000007a5560000)
  from space 21824K, 100% used [0x00000007a6ab0000, 0x00000007a8000000, 0x00000007a8000000)
  to   space 21824K,   0% used [0x00000007a5560000, 0x00000007a5560000, 0x00000007a6ab0000)
 concurrent mark-sweep generation total 393216K, used 182347K [0x00000007a8000000, 0x00000007c0000000, 0x00000007c0000000)
 Metaspace       used 28615K, capacity 28928K, committed 29256K, reserved 1075200K
  class space    used 3277K, capacity 3359K, committed 3400K, reserved 1048576K
}
2016-06-08T15:54:06.926-0530: 498.511: Total time for which application threads were stopped: 0.0111345 seconds
2016-06-08T15:54:07.450-0530: 499.035: Total time for which application threads were stopped: 0.0000775 seconds
2016-06-08T15:54:07.450-0530: 499.035: Total time for which application threads were stopped: 0.0000447 seconds
2016-06-08T15:54:07.451-0530: 499.036: Total time for which application threads were stopped: 0.0000780 seconds
2016-06-08T15:54:07.474-0530: 499.060: Total time for which application threads were stopped: 0.0000942 seconds
2016-06-08T15:54:07.475-0530: 499.060: Total time for which application threads were stopped: 0.0000755 seconds
2016-06-08T15:54:07.475-0530: 499.060: Total time for which application threads were stopped: 0.0000882 seconds
{Heap before GC invocations=71 (full 1):
 par new generation   total 109248K, used 109248K [0x00000007a0000000, 0x00000007a8000000, 0x00000007a8000000)
  eden space 87424K, 100% used [0x00000007a0000000, 0x00000007a5560000, 0x00000007a5560000)
  from space 21824K, 100% used [0x00000007a6ab0000, 0x00000007a8000000, 0x00000007a8000000)
  to   space 21824K,   0% used [0x00000007a5560000, 0x00000007a5560000, 0x00000007a6ab0000)
 concurrent mark-sweep generation total 393216K, used 182347K [0x00000007a8000000, 0x00000007c0000000, 0x00000007c0000000)
 Metaspace       used 28624K, capacity 28928K, committed 29256K, reserved 1075200K
  class space    used 3277K, capacity 3359K, committed 3400K, reserved 1048576K
2016-06-08T15:54:16.080-0530: 507.665: [GC (Allocation Failure) 507.665: [ParNew
Desired survivor size 20112992 bytes, new threshold 8 (max 8)
- age   1:    2431912 bytes,    2431912 total
- age   2:    4075896 bytes,    6507808 total
- age   3:    2741808 bytes,    9249616 total
- age   4:    2518640 bytes,   11768256 total
- age   5:    3697384 bytes,   15465640 total
- age   6:    2280408 bytes,   17746048 total
- age   7:    1031656 bytes,   18777704 total
- age   8:     666840 bytes,   19444544 total
: 109248K->21824K(109248K), 0.0107330 secs] 291595K->207026K(502464K), 0.0107949 secs] [Times: user=0.04 sys=0.00, real=0.01 secs] 
Heap after GC invocations=72 (full 1):
 par new generation   total 109248K, used 21824K [0x00000007a0000000, 0x00000007a8000000, 0x00000007a8000000)
  eden space 87424K,   0% used [0x00000007a0000000, 0x00000007a0000000, 0x00000007a5560000)
  from space 21824K, 100% used [0x00000007a5560000, 0x00000007a6ab0000, 0x00000007a6ab0000)
  to   space 21824K,   0% used [0x00000007a6ab0000, 0x00000007a6ab0000, 0x00000007a8000000)
 concurrent mark-sweep generation total 393216K, used 185202K [0x00000007a8000000, 0x00000007c0000000, 0x00000007c0000000)
 Metaspace       used 28624K, capacity 28928K, committed 29256K, reserved 1075200K
  class space    used 3277K, capacity 3359K, committed 3400K, reserved 1048576K
}
2016-06-08T15:54:16.091-0530: 507.676: Total time for which application threads were stopped: 0.0109794 seconds
{Heap before GC invocations=72 (full 1):
 par new generation   total 109248K, used 109248K [0x00000007a0000000, 0x00000007a8000000, 0x00000007a8000000)
  eden space 87424K, 100% used [0x00000007a0000000, 0x00000007a5560000, 0x00000007a5560000)
  from space 21824K, 100% used [0x00000007a5560000, 0x00000007a6ab0000, 0x00000007a6ab0000)
  to   space 21824K,   0% used [0x00000007a6ab0000, 0x00000007a6ab0000, 0x00000007a8000000)
 concurrent mark-sweep generation total 393216K, used 185202K [0x00000007a8000000, 0x00000007c0000000, 0x00000007c0000000)
 Metaspace       used 28624K, capacity 28928K, committed 29256K, reserved 1075200K
  class space    used 3277K, capacity 3359K, committed 3400K, reserved 1048576K
2016-06-08T15:54:16.651-0530: 508.236: [GC (Allocation Failure) 508.236: [ParNew
Desired survivor size 20112992 bytes, new threshold 8 (max 8)
- age   1:    5259888 bytes,    5259888 total
- age   2:    2307184 bytes,    7567072 total
- age   3:    3387560 bytes,   10954632 total
- age   4:    2739512 bytes,   13694144 total
- age   5:     695008 bytes,   14389152 total
- age   6:    2600584 bytes,   16989736 total
- age   7:    2280408 bytes,   19270144 total
- age   8:    1031656 bytes,   20301800 total
: 109248K->21824K(109248K), 0.0104505 secs] 294450K->211203K(502464K), 0.0105250 secs] [Times: user=0.03 sys=0.00, real=0.01 secs] 
Heap after GC invocations=73 (full 1):
 par new generation   total 109248K, used 21824K [0x00000007a0000000, 0x00000007a8000000, 0x00000007a8000000)
  eden space 87424K,   0% used [0x00000007a0000000, 0x00000007a0000000, 0x00000007a5560000)
  from space 21824K, 100% used [0x00000007a6ab0000, 0x00000007a8000000, 0x00000007a8000000)
  to   space 21824K,   0% used [0x00000007a5560000, 0x00000007a5560000, 0x00000007a6ab0000)
 concurrent mark-sweep generation total 393216K, used 189379K [0x00000007a8000000, 0x00000007c0000000, 0x00000007c0000000)
 Metaspace       used 28624K, capacity 28928K, committed 29256K, reserved 1075200K
  class space    used 3277K, capacity 3359K, committed 3400K, reserved 1048576K
}
2016-06-08T15:54:16.661-0530: 508.247: Total time for which application threads were stopped: 0.0107098 seconds
2016-06-08T15:54:16.807-0530: 508.393: Total time for which application threads were stopped: 0.0000959 seconds
2016-06-08T15:54:16.808-0530: 508.393: Total time for which application threads were stopped: 0.0000666 seconds
2016-06-08T15:54:16.848-0530: 508.434: Total time for which application threads were stopped: 0.0001384 seconds
2016-06-08T15:54:16.848-0530: 508.434: Total time for which application threads were stopped: 0.0001050 seconds
2016-06-08T15:54:16.849-0530: 508.434: Total time for which application threads were stopped: 0.0001048 seconds
{Heap before GC invocations=73 (full 1):
 par new generation   total 109248K, used 109248K [0x00000007a0000000, 0x00000007a8000000, 0x00000007a8000000)
  eden space 87424K, 100% used [0x00000007a0000000, 0x00000007a5560000, 0x00000007a5560000)
  from space 21824K, 100% used [0x00000007a6ab0000, 0x00000007a8000000, 0x00000007a8000000)
  to   space 21824K,   0% used [0x00000007a5560000, 0x00000007a5560000, 0x00000007a6ab0000)
 concurrent mark-sweep generation total 393216K, used 189379K [0x00000007a8000000, 0x00000007c0000000, 0x00000007c0000000)
 Metaspace       used 28625K, capacity 28928K, committed 29256K, reserved 1075200K
  class space    used 3277K, capacity 3359K, committed 3400K, reserved 1048576K
2016-06-08T15:54:26.157-0530: 517.743: [GC (Allocation Failure) 517.743: [ParNew
Desired survivor size 20112992 bytes, new threshold 8 (max 8)
- age   1:    4961104 bytes,    4961104 total
- age   2:    1738880 bytes,    6699984 total
- age   3:    2044368 bytes,    8744352 total
- age   4:    3387456 bytes,   12131808 total
- age   5:    2672280 bytes,   14804088 total
- age   6:     695008 bytes,   15499096 total
- age   7:    2600544 bytes,   18099640 total
- age   8:    2280232 bytes,   20379872 total
: 109248K->21824K(109248K), 0.0099532 secs] 298627K->212991K(502464K), 0.0100338 secs] [Times: user=0.03 sys=0.01, real=0.01 secs] 
Heap after GC invocations=74 (full 1):
 par new generation   total 109248K, used 21824K [0x00000007a0000000, 0x00000007a8000000, 0x00000007a8000000)
  eden space 87424K,   0% used [0x00000007a0000000, 0x00000007a0000000, 0x00000007a5560000)
  from space 21824K, 100% used [0x00000007a5560000, 0x00000007a6ab0000, 0x00000007a6ab0000)
  to   space 21824K,   0% used [0x00000007a6ab0000, 0x00000007a6ab0000, 0x00000007a8000000)
 concurrent mark-sweep generation total 393216K, used 191167K [0x00000007a8000000, 0x00000007c0000000, 0x00000007c0000000)
 Metaspace       used 28625K, capacity 28928K, committed 29256K, reserved 1075200K
  class space    used 3277K, capacity 3359K, committed 3400K, reserved 1048576K
}
2016-06-08T15:54:26.167-0530: 517.753: Total time for which application threads were stopped: 0.0102266 seconds
2016-06-08T15:54:27.172-0530: 518.758: Total time for which application threads were stopped: 0.0002033 seconds
{Heap before GC invocations=74 (full 1):
 par new generation   total 109248K, used 109248K [0x00000007a0000000, 0x00000007a8000000, 0x00000007a8000000)
  eden space 87424K, 100% used [0x00000007a0000000, 0x00000007a5560000, 0x00000007a5560000)
  from space 21824K, 100% used [0x00000007a5560000, 0x00000007a6ab0000, 0x00000007a6ab0000)
  to   space 21824K,   0% used [0x00000007a6ab0000, 0x00000007a6ab0000, 0x00000007a8000000)
 concurrent mark-sweep generation total 393216K, used 191167K [0x00000007a8000000, 0x00000007c0000000, 0x00000007c0000000)
 Metaspace       used 28627K, capacity 28928K, committed 29256K, reserved 1075200K
  class space    used 3277K, capacity 3359K, committed 3400K, reserved 1048576K
2016-06-08T15:54:37.786-0530: 529.373: [GC (Allocation Failure) 529.373: [ParNew
Desired survivor size 20112992 bytes, new threshold 8 (max 8)
- age   1:    4562408 bytes,    4562408 total
- age   2:    3842624 bytes,    8405032 total
- age   3:    1738880 bytes,   10143912 total
- age   4:    1974080 bytes,   12117992 total
- age   5:    3304952 bytes,   15422944 total
- age   6:    1775240 bytes,   17198184 total
- age   7:     643008 bytes,   17841192 total
- age   8:    2599992 bytes,   20441184 total
: 109248K->21824K(109248K), 0.0105189 secs] 300415K->218343K(502464K), 0.0105796 secs] [Times: user=0.02 sys=0.00, real=0.01 secs] 
Heap after GC invocations=75 (full 1):
 par new generation   total 109248K, used 21824K [0x00000007a0000000, 0x00000007a8000000, 0x00000007a8000000)
  eden space 87424K,   0% used [0x00000007a0000000, 0x00000007a0000000, 0x00000007a5560000)
  from space 21824K, 100% used [0x00000007a6ab0000, 0x00000007a8000000, 0x00000007a8000000)
  to   space 21824K,   0% used [0x00000007a5560000, 0x00000007a5560000, 0x00000007a6ab0000)
 concurrent mark-sweep generation total 393216K, used 196519K [0x00000007a8000000, 0x00000007c0000000, 0x00000007c0000000)
 Metaspace       used 28627K, capacity 28928K, committed 29256K, reserved 1075200K
  class space    used 3277K, capacity 3359K, committed 3400K, reserved 1048576K
}
2016-06-08T15:54:37.797-0530: 529.383: Total time for which application threads were stopped: 0.0107607 seconds
{Heap before GC invocations=75 (full 1):
 par new generation   total 109248K, used 109248K [0x00000007a0000000, 0x00000007a8000000, 0x00000007a8000000)
  eden space 87424K, 100% used [0x00000007a0000000, 0x00000007a5560000, 0x00000007a5560000)
  from space 21824K, 100% used [0x00000007a6ab0000, 0x00000007a8000000, 0x00000007a8000000)
  to   space 21824K,   0% used [0x00000007a5560000, 0x00000007a5560000, 0x00000007a6ab0000)
 concurrent mark-sweep generation total 393216K, used 196519K [0x00000007a8000000, 0x00000007c0000000, 0x00000007c0000000)
 Metaspace       used 28627K, capacity 28928K, committed 29256K, reserved 1075200K
  class space    used 3277K, capacity 3359K, committed 3400K, reserved 1048576K
2016-06-08T15:54:38.366-0530: 529.952: [GC (Allocation Failure) 529.952: [ParNew
Desired survivor size 20112992 bytes, new threshold 8 (max 8)
- age   1:    4436368 bytes,    4436368 total
- age   2:    4208776 bytes,    8645144 total
- age   3:    2196488 bytes,   10841632 total
- age   4:    1738880 bytes,   12580512 total
- age   5:    1971472 bytes,   14551984 total
- age   6:    3271128 bytes,   17823112 total
- age   7:     955152 bytes,   18778264 total
- age   8:     643008 bytes,   19421272 total
: 109248K->21824K(109248K), 0.0108442 secs] 305767K->224179K(502464K), 0.0109285 secs] [Times: user=0.02 sys=0.01, real=0.01 secs] 
Heap after GC invocations=76 (full 1):
 par new generation   total 109248K, used 21824K [0x00000007a0000000, 0x00000007a8000000, 0x00000007a8000000)
  eden space 87424K,   0% used [0x00000007a0000000, 0x00000007a0000000, 0x00000007a5560000)
  from space 21824K, 100% used [0x00000007a5560000, 0x00000007a6ab0000, 0x00000007a6ab0000)
  to   space 21824K,   0% used [0x00000007a6ab0000, 0x00000007a6ab0000, 0x00000007a8000000)
 concurrent mark-sweep generation total 393216K, used 202355K [0x00000007a8000000, 0x00000007c0000000, 0x00000007c0000000)
 Metaspace       used 28627K, capacity 28928K, committed 29256K, reserved 1075200K
  class space    used 3277K, capacity 3359K, committed 3400K, reserved 1048576K
}
2016-06-08T15:54:38.377-0530: 529.963: Total time for which application threads were stopped: 0.0111052 seconds
2016-06-08T15:54:38.377-0530: 529.963: [GC (CMS Initial Mark) [1 CMS-initial-mark: 202355K(393216K)] 225043K(502464K), 0.0021128 secs] [Times: user=0.01 sys=0.00, real=0.00 secs] 
2016-06-08T15:54:38.379-0530: 529.965: Total time for which application threads were stopped: 0.0022823 seconds
2016-06-08T15:54:38.379-0530: 529.966: [CMS-concurrent-mark-start]
2016-06-08T15:54:38.442-0530: 530.028: [CMS-concurrent-mark: 0.062/0.062 secs] [Times: user=0.09 sys=0.01, real=0.07 secs] 
2016-06-08T15:54:38.442-0530: 530.028: [CMS-concurrent-preclean-start]
2016-06-08T15:54:38.443-0530: 530.029: [CMS-concurrent-preclean: 0.001/0.001 secs] [Times: user=0.00 sys=0.00, real=0.00 secs] 
2016-06-08T15:54:38.443-0530: 530.029: [CMS-concurrent-abortable-preclean-start]
2016-06-08T15:54:38.474-0530: 530.060: Total time for which application threads were stopped: 0.0000873 seconds
2016-06-08T15:54:38.474-0530: 530.060: Total time for which application threads were stopped: 0.0000473 seconds
2016-06-08T15:54:38.475-0530: 530.061: Total time for which application threads were stopped: 0.0000961 seconds
2016-06-08T15:54:38.475-0530: 530.061: Total time for which application threads were stopped: 0.0000620 seconds
2016-06-08T15:54:38.535-0530: 530.121: Total time for which application threads were stopped: 0.0001609 seconds
2016-06-08T15:54:38.535-0530: 530.121: Total time for which application threads were stopped: 0.0001199 seconds
2016-06-08T15:54:38.536-0530: 530.122: Total time for which application threads were stopped: 0.0001016 seconds
2016-06-08T15:54:39.538-0530: 531.124: Total time for which application threads were stopped: 0.0001194 seconds
 CMS: abort preclean due to time 2016-06-08T15:54:44.502-0530: 536.088: [CMS-concurrent-abortable-preclean: 0.636/6.058 secs] [Times: user=0.71 sys=0.03, real=6.06 secs] 
2016-06-08T15:54:44.502-0530: 536.088: [GC (CMS Final Remark) [YG occupancy: 46323 K (109248 K)]{Heap before GC invocations=76 (full 2):
 par new generation   total 109248K, used 46323K [0x00000007a0000000, 0x00000007a8000000, 0x00000007a8000000)
  eden space 87424K,  28% used [0x00000007a0000000, 0x00000007a17eceb0, 0x00000007a5560000)
  from space 21824K, 100% used [0x00000007a5560000, 0x00000007a6ab0000, 0x00000007a6ab0000)
  to   space 21824K,   0% used [0x00000007a6ab0000, 0x00000007a6ab0000, 0x00000007a8000000)
 concurrent mark-sweep generation total 393216K, used 202355K [0x00000007a8000000, 0x00000007c0000000, 0x00000007c0000000)
 Metaspace       used 28636K, capacity 28928K, committed 29256K, reserved 1075200K
  class space    used 3277K, capacity 3359K, committed 3400K, reserved 1048576K
2016-06-08T15:54:44.502-0530: 536.088: [GC (CMS Final Remark) 536.088: [ParNew
Desired survivor size 20112992 bytes, new threshold 8 (max 8)
- age   1:    1974160 bytes,    1974160 total
- age   2:    1667384 bytes,    3641544 total
- age   3:    3583152 bytes,    7224696 total
- age   4:    2196304 bytes,    9421000 total
- age   5:    1738880 bytes,   11159880 total
- age   6:    1971472 bytes,   13131352 total
- age   7:    3271128 bytes,   16402480 total
- age   8:     955072 bytes,   17357552 total
: 46323K->21824K(109248K), 0.0090104 secs] 248679K->224807K(502464K), 0.0090699 secs] [Times: user=0.02 sys=0.00, real=0.01 secs] 
Heap after GC invocations=77 (full 2):
 par new generation   total 109248K, used 21824K [0x00000007a0000000, 0x00000007a8000000, 0x00000007a8000000)
  eden space 87424K,   0% used [0x00000007a0000000, 0x00000007a0000000, 0x00000007a5560000)
  from space 21824K, 100% used [0x00000007a6ab0000, 0x00000007a8000000, 0x00000007a8000000)
  to   space 21824K,   0% used [0x00000007a5560000, 0x00000007a5560000, 0x00000007a6ab0000)
 concurrent mark-sweep generation total 393216K, used 202983K [0x00000007a8000000, 0x00000007c0000000, 0x00000007c0000000)
 Metaspace       used 28636K, capacity 28928K, committed 29256K, reserved 1075200K
  class space    used 3277K, capacity 3359K, committed 3400K, reserved 1048576K
}
536.097: [Rescan (parallel) , 0.0013187 secs]536.098: [weak refs processing, 0.0007362 secs]536.099: [class unloading, 0.0236572 secs]536.123: [scrub symbol table, 0.0048599 secs]536.128: [scrub string table, 0.0004224 secs][1 CMS-remark: 202983K(393216K)] 224807K(502464K), 0.0448531 secs] [Times: user=0.06 sys=0.00, real=0.04 secs] 
2016-06-08T15:54:44.547-0530: 536.133: Total time for which application threads were stopped: 0.0449847 seconds
2016-06-08T15:54:44.547-0530: 536.133: [CMS-concurrent-sweep-start]
2016-06-08T15:54:44.547-0530: 536.133: Total time for which application threads were stopped: 0.0001173 seconds
2016-06-08T15:54:44.548-0530: 536.134: Total time for which application threads were stopped: 0.0001246 seconds
2016-06-08T15:54:44.586-0530: 536.172: [CMS-concurrent-sweep: 0.039/0.039 secs] [Times: user=0.04 sys=0.01, real=0.04 secs] 
2016-06-08T15:54:44.586-0530: 536.172: [CMS-concurrent-reset-start]
2016-06-08T15:54:44.589-0530: 536.176: [CMS-concurrent-reset: 0.003/0.003 secs] [Times: user=0.00 sys=0.01, real=0.00 secs] 
2016-06-08T15:54:49.563-0530: 541.149: Total time for which application threads were stopped: 0.0002328 seconds
{Heap before GC invocations=77 (full 2):
 par new generation   total 109248K, used 109248K [0x00000007a0000000, 0x00000007a8000000, 0x00000007a8000000)
  eden space 87424K, 100% used [0x00000007a0000000, 0x00000007a5560000, 0x00000007a5560000)
  from space 21824K, 100% used [0x00000007a6ab0000, 0x00000007a8000000, 0x00000007a8000000)
  to   space 21824K,   0% used [0x00000007a5560000, 0x00000007a5560000, 0x00000007a6ab0000)
 concurrent mark-sweep generation total 393216K, used 70993K [0x00000007a8000000, 0x00000007c0000000, 0x00000007c0000000)
 Metaspace       used 28618K, capacity 28896K, committed 29256K, reserved 1075200K
  class space    used 3274K, capacity 3353K, committed 3400K, reserved 1048576K
2016-06-08T15:54:50.073-0530: 541.659: [GC (Allocation Failure) 541.659: [ParNew
Desired survivor size 20112992 bytes, new threshold 8 (max 8)
- age   1:    4472648 bytes,    4472648 total
- age   2:    1922336 bytes,    6394984 total
- age   3:    1554928 bytes,    7949912 total
- age   4:    3580728 bytes,   11530640 total
- age   5:    2192328 bytes,   13722968 total
- age   6:    1738880 bytes,   15461848 total
- age   7:    1860296 bytes,   17322144 total
- age   8:    3223272 bytes,   20545416 total
: 109248K->21824K(109248K), 0.0078647 secs] 180241K->94935K(502464K), 0.0079525 secs] [Times: user=0.02 sys=0.00, real=0.01 secs] 
Heap after GC invocations=78 (full 2):
 par new generation   total 109248K, used 21824K [0x00000007a0000000, 0x00000007a8000000, 0x00000007a8000000)
  eden space 87424K,   0% used [0x00000007a0000000, 0x00000007a0000000, 0x00000007a5560000)
  from space 21824K, 100% used [0x00000007a5560000, 0x00000007a6ab0000, 0x00000007a6ab0000)
  to   space 21824K,   0% used [0x00000007a6ab0000, 0x00000007a6ab0000, 0x00000007a8000000)
 concurrent mark-sweep generation total 393216K, used 73111K [0x00000007a8000000, 0x00000007c0000000, 0x00000007c0000000)
 Metaspace       used 28618K, capacity 28896K, committed 29256K, reserved 1075200K
  class space    used 3274K, capacity 3353K, committed 3400K, reserved 1048576K
}
2016-06-08T15:54:50.081-0530: 541.667: Total time for which application threads were stopped: 0.0082902 seconds
2016-06-08T15:54:50.253-0530: 541.840: Total time for which application threads were stopped: 0.0001133 seconds
2016-06-08T15:54:50.254-0530: 541.841: Total time for which application threads were stopped: 0.0000786 seconds
2016-06-08T15:54:50.257-0530: 541.843: Total time for which application threads were stopped: 0.0001178 seconds
2016-06-08T15:54:50.259-0530: 541.845: Total time for which application threads were stopped: 0.0001293 seconds
2016-06-08T15:54:50.304-0530: 541.891: Total time for which application threads were stopped: 0.0001159 seconds
2016-06-08T15:54:50.305-0530: 541.891: Total time for which application threads were stopped: 0.0000585 seconds
2016-06-08T15:54:50.312-0530: 541.898: Total time for which application threads were stopped: 0.0001296 seconds
2016-06-08T15:54:50.316-0530: 541.902: Total time for which application threads were stopped: 0.0000831 seconds
2016-06-08T15:54:50.316-0530: 541.902: Total time for which application threads were stopped: 0.0001117 seconds
2016-06-08T15:54:50.316-0530: 541.902: Total time for which application threads were stopped: 0.0000486 seconds
2016-06-08T15:54:50.316-0530: 541.902: Total time for which application threads were stopped: 0.0000446 seconds
2016-06-08T15:54:50.316-0530: 541.903: Total time for which application threads were stopped: 0.0001261 seconds
2016-06-08T15:54:50.317-0530: 541.904: Total time for which application threads were stopped: 0.0001253 seconds
2016-06-08T15:54:50.318-0530: 541.904: Total time for which application threads were stopped: 0.0000796 seconds
2016-06-08T15:54:50.318-0530: 541.904: Total time for which application threads were stopped: 0.0000893 seconds
2016-06-08T15:54:50.405-0530: 541.992: Total time for which application threads were stopped: 0.0001891 seconds
{Heap before GC invocations=78 (full 2):
 par new generation   total 109248K, used 109248K [0x00000007a0000000, 0x00000007a8000000, 0x00000007a8000000)
  eden space 87424K, 100% used [0x00000007a0000000, 0x00000007a5560000, 0x00000007a5560000)
  from space 21824K, 100% used [0x00000007a5560000, 0x00000007a6ab0000, 0x00000007a6ab0000)
  to   space 21824K,   0% used [0x00000007a6ab0000, 0x00000007a6ab0000, 0x00000007a8000000)
 concurrent mark-sweep generation total 393216K, used 73111K [0x00000007a8000000, 0x00000007c0000000, 0x00000007c0000000)
 Metaspace       used 28624K, capacity 28896K, committed 29256K, reserved 1075200K
  class space    used 3274K, capacity 3353K, committed 3400K, reserved 1048576K
2016-06-08T15:54:51.056-0530: 542.642: [GC (Allocation Failure) 542.642: [ParNew
Desired survivor size 20112992 bytes, new threshold 8 (max 8)
- age   1:    2585688 bytes,    2585688 total
- age   2:    2496040 bytes,    5081728 total
- age   3:    1903536 bytes,    6985264 total
- age   4:    1554928 bytes,    8540192 total
- age   5:    3579824 bytes,   12120016 total
- age   6:    2192328 bytes,   14312344 total
- age   7:    1738880 bytes,   16051224 total
- age   8:    1860296 bytes,   17911520 total
: 109248K->21824K(109248K), 0.0068958 secs] 182359K->100335K(502464K), 0.0069485 secs] [Times: user=0.03 sys=0.01, real=0.01 secs] 
Heap after GC invocations=79 (full 2):
 par new generation   total 109248K, used 21824K [0x00000007a0000000, 0x00000007a8000000, 0x00000007a8000000)
  eden space 87424K,   0% used [0x00000007a0000000, 0x00000007a0000000, 0x00000007a5560000)
  from space 21824K, 100% used [0x00000007a6ab0000, 0x00000007a8000000, 0x00000007a8000000)
  to   space 21824K,   0% used [0x00000007a5560000, 0x00000007a5560000, 0x00000007a6ab0000)
 concurrent mark-sweep generation total 393216K, used 78511K [0x00000007a8000000, 0x00000007c0000000, 0x00000007c0000000)
 Metaspace       used 28624K, capacity 28896K, committed 29256K, reserved 1075200K
  class space    used 3274K, capacity 3353K, committed 3400K, reserved 1048576K
}
2016-06-08T15:54:51.063-0530: 542.649: Total time for which application threads were stopped: 0.0071587 seconds
2016-06-08T15:54:51.505-0530: 543.091: Total time for which application threads were stopped: 0.0000882 seconds
2016-06-08T15:54:52.506-0530: 544.093: Total time for which application threads were stopped: 0.0001024 seconds
2016-06-08T15:54:53.508-0530: 545.095: Total time for which application threads were stopped: 0.0001696 seconds
{Heap before GC invocations=79 (full 2):
 par new generation   total 109248K, used 109248K [0x00000007a0000000, 0x00000007a8000000, 0x00000007a8000000)
  eden space 87424K, 100% used [0x00000007a0000000, 0x00000007a5560000, 0x00000007a5560000)
  from space 21824K, 100% used [0x00000007a6ab0000, 0x00000007a8000000, 0x00000007a8000000)
  to   space 21824K,   0% used [0x00000007a5560000, 0x00000007a5560000, 0x00000007a6ab0000)
 concurrent mark-sweep generation total 393216K, used 78511K [0x00000007a8000000, 0x00000007c0000000, 0x00000007c0000000)
 Metaspace       used 28627K, capacity 28896K, committed 29256K, reserved 1075200K
  class space    used 3274K, capacity 3353K, committed 3400K, reserved 1048576K
2016-06-08T15:55:00.316-0530: 551.903: [GC (Allocation Failure) 551.916: [ParNew
Desired survivor size 20112992 bytes, new threshold 8 (max 8)
- age   1:    3058720 bytes,    3058720 total
- age   2:    2306208 bytes,    5364928 total
- age   3:    2266000 bytes,    7630928 total
- age   4:    1902968 bytes,    9533896 total
- age   5:    1554776 bytes,   11088672 total
- age   6:    3579680 bytes,   14668352 total
- age   7:    2192208 bytes,   16860560 total
- age   8:    1738880 bytes,   18599440 total
: 109248K->21824K(109248K), 0.0067246 secs] 187759K->102376K(502464K), 0.0204076 secs] [Times: user=0.02 sys=0.00, real=0.02 secs] 
Heap after GC invocations=80 (full 2):
 par new generation   total 109248K, used 21824K [0x00000007a0000000, 0x00000007a8000000, 0x00000007a8000000)
  eden space 87424K,   0% used [0x00000007a0000000, 0x00000007a0000000, 0x00000007a5560000)
  from space 21824K, 100% used [0x00000007a5560000, 0x00000007a6ab0000, 0x00000007a6ab0000)
  to   space 21824K,   0% used [0x00000007a6ab0000, 0x00000007a6ab0000, 0x00000007a8000000)
 concurrent mark-sweep generation total 393216K, used 80552K [0x00000007a8000000, 0x00000007c0000000, 0x00000007c0000000)
 Metaspace       used 28627K, capacity 28896K, committed 29256K, reserved 1075200K
  class space    used 3274K, capacity 3353K, committed 3400K, reserved 1048576K
}
2016-06-08T15:55:00.336-0530: 551.923: Total time for which application threads were stopped: 0.0207055 seconds
2016-06-08T15:55:01.341-0530: 552.927: Total time for which application threads were stopped: 0.0001822 seconds
{Heap before GC invocations=80 (full 2):
 par new generation   total 109248K, used 109247K [0x00000007a0000000, 0x00000007a8000000, 0x00000007a8000000)
  eden space 87424K,  99% used [0x00000007a0000000, 0x00000007a555ff90, 0x00000007a5560000)
  from space 21824K, 100% used [0x00000007a5560000, 0x00000007a6ab0000, 0x00000007a6ab0000)
  to   space 21824K,   0% used [0x00000007a6ab0000, 0x00000007a6ab0000, 0x00000007a8000000)
 concurrent mark-sweep generation total 393216K, used 80552K [0x00000007a8000000, 0x00000007c0000000, 0x00000007c0000000)
 Metaspace       used 28635K, capacity 28900K, committed 29256K, reserved 1075200K
  class space    used 3274K, capacity 3353K, committed 3400K, reserved 1048576K
2016-06-08T15:55:12.065-0530: 563.652: [GC (Allocation Failure) 563.652: [ParNew
Desired survivor size 20112992 bytes, new threshold 8 (max 8)
- age   1:    3861616 bytes,    3861616 total
- age   2:     990104 bytes,    4851720 total
- age   3:    2005936 bytes,    6857656 total
- age   4:    2265928 bytes,    9123584 total
- age   5:    1894024 bytes,   11017608 total
- age   6:    1554776 bytes,   12572384 total
- age   7:    3570672 bytes,   16143056 total
- age   8:    2139296 bytes,   18282352 total
: 109247K->21824K(109248K), 0.0058512 secs] 189800K->104355K(502464K), 0.0059237 secs] [Times: user=0.02 sys=0.00, real=0.01 secs] 
Heap after GC invocations=81 (full 2):
 par new generation   total 109248K, used 21824K [0x00000007a0000000, 0x00000007a8000000, 0x00000007a8000000)
  eden space 87424K,   0% used [0x00000007a0000000, 0x00000007a0000000, 0x00000007a5560000)
  from space 21824K, 100% used [0x00000007a6ab0000, 0x00000007a8000000, 0x00000007a8000000)
  to   space 21824K,   0% used [0x00000007a5560000, 0x00000007a5560000, 0x00000007a6ab0000)
 concurrent mark-sweep generation total 393216K, used 82531K [0x00000007a8000000, 0x00000007c0000000, 0x00000007c0000000)
 Metaspace       used 28635K, capacity 28900K, committed 29256K, reserved 1075200K
  class space    used 3274K, capacity 3353K, committed 3400K, reserved 1048576K
}
2016-06-08T15:55:12.071-0530: 563.658: Total time for which application threads were stopped: 0.0061089 seconds
{Heap before GC invocations=81 (full 2):
 par new generation   total 109248K, used 109248K [0x00000007a0000000, 0x00000007a8000000, 0x00000007a8000000)
  eden space 87424K, 100% used [0x00000007a0000000, 0x00000007a5560000, 0x00000007a5560000)
  from space 21824K, 100% used [0x00000007a6ab0000, 0x00000007a8000000, 0x00000007a8000000)
  to   space 21824K,   0% used [0x00000007a5560000, 0x00000007a5560000, 0x00000007a6ab0000)
 concurrent mark-sweep generation total 393216K, used 82531K [0x00000007a8000000, 0x00000007c0000000, 0x00000007c0000000)
 Metaspace       used 28635K, capacity 28900K, committed 29256K, reserved 1075200K
  class space    used 3274K, capacity 3353K, committed 3400K, reserved 1048576K
2016-06-08T15:55:12.678-0530: 564.265: [GC (Allocation Failure) 564.265: [ParNew
Desired survivor size 20112992 bytes, new threshold 8 (max 8)
- age   1:    4482640 bytes,    4482640 total
- age   2:    3601592 bytes,    8084232 total
- age   3:     990104 bytes,    9074336 total
- age   4:    2005376 bytes,   11079712 total
- age   5:    2265616 bytes,   13345328 total
- age   6:    1893960 bytes,   15239288 total
- age   7:    1554648 bytes,   16793936 total
- age   8:    3519616 bytes,   20313552 total
: 109248K->21824K(109248K), 0.0065555 secs] 191779K->107264K(502464K), 0.0066097 secs] [Times: user=0.02 sys=0.00, real=0.01 secs] 
Heap after GC invocations=82 (full 2):
 par new generation   total 109248K, used 21824K [0x00000007a0000000, 0x00000007a8000000, 0x00000007a8000000)
  eden space 87424K,   0% used [0x00000007a0000000, 0x00000007a0000000, 0x00000007a5560000)
  from space 21824K, 100% used [0x00000007a5560000, 0x00000007a6ab0000, 0x00000007a6ab0000)
  to   space 21824K,   0% used [0x00000007a6ab0000, 0x00000007a6ab0000, 0x00000007a8000000)
 concurrent mark-sweep generation total 393216K, used 85440K [0x00000007a8000000, 0x00000007c0000000, 0x00000007c0000000)
 Metaspace       used 28635K, capacity 28900K, committed 29256K, reserved 1075200K
  class space    used 3274K, capacity 3353K, committed 3400K, reserved 1048576K
}
2016-06-08T15:55:12.685-0530: 564.272: Total time for which application threads were stopped: 0.0067935 seconds
2016-06-08T15:55:12.805-0530: 564.392: Total time for which application threads were stopped: 0.0000913 seconds
2016-06-08T15:55:12.805-0530: 564.392: Total time for which application threads were stopped: 0.0000448 seconds
2016-06-08T15:55:12.805-0530: 564.393: Total time for which application threads were stopped: 0.0000611 seconds
2016-06-08T15:55:12.806-0530: 564.393: Total time for which application threads were stopped: 0.0000534 seconds
2016-06-08T15:55:12.874-0530: 564.461: Total time for which application threads were stopped: 0.0001571 seconds
2016-06-08T15:55:12.874-0530: 564.461: Total time for which application threads were stopped: 0.0000629 seconds
2016-06-08T15:55:12.874-0530: 564.461: Total time for which application threads were stopped: 0.0000548 seconds
2016-06-08T15:55:12.874-0530: 564.462: Total time for which application threads were stopped: 0.0000723 seconds
2016-06-08T15:55:12.875-0530: 564.463: Total time for which application threads were stopped: 0.0000784 seconds
2016-06-08T15:55:12.876-0530: 564.463: Total time for which application threads were stopped: 0.0001535 seconds
2016-06-08T15:55:12.876-0530: 564.463: Total time for which application threads were stopped: 0.0001155 seconds
2016-06-08T15:55:13.879-0530: 565.466: Total time for which application threads were stopped: 0.0002785 seconds
{Heap before GC invocations=82 (full 2):
 par new generation   total 109248K, used 109248K [0x00000007a0000000, 0x00000007a8000000, 0x00000007a8000000)
  eden space 87424K, 100% used [0x00000007a0000000, 0x00000007a5560000, 0x00000007a5560000)
  from space 21824K, 100% used [0x00000007a5560000, 0x00000007a6ab0000, 0x00000007a6ab0000)
  to   space 21824K,   0% used [0x00000007a6ab0000, 0x00000007a6ab0000, 0x00000007a8000000)
 concurrent mark-sweep generation total 393216K, used 85440K [0x00000007a8000000, 0x00000007c0000000, 0x00000007c0000000)
 Metaspace       used 28637K, capacity 28900K, committed 29256K, reserved 1075200K
  class space    used 3274K, capacity 3353K, committed 3400K, reserved 1048576K
2016-06-08T15:55:21.486-0530: 573.073: [GC (Allocation Failure) 573.073: [ParNew
Desired survivor size 20112992 bytes, new threshold 8 (max 8)
- age   1:    6616512 bytes,    6616512 total
- age   2:    3957192 bytes,   10573704 total
- age   3:    3011448 bytes,   13585152 total
- age   4:     990000 bytes,   14575152 total
- age   5:     478792 bytes,   15053944 total
- age   6:    2264552 bytes,   17318496 total
- age   7:    1893960 bytes,   19212456 total
- age   8:    1554648 bytes,   20767104 total
: 109248K->21824K(109248K), 0.0082512 secs] 194688K->112739K(502464K), 0.0083205 secs] [Times: user=0.03 sys=0.00, real=0.01 secs] 
Heap after GC invocations=83 (full 2):
 par new generation   total 109248K, used 21824K [0x00000007a0000000, 0x00000007a8000000, 0x00000007a8000000)
  eden space 87424K,   0% used [0x00000007a0000000, 0x00000007a0000000, 0x00000007a5560000)
  from space 21824K, 100% used [0x00000007a6ab0000, 0x00000007a8000000, 0x00000007a8000000)
  to   space 21824K,   0% used [0x00000007a5560000, 0x00000007a5560000, 0x00000007a6ab0000)
 concurrent mark-sweep generation total 393216K, used 90915K [0x00000007a8000000, 0x00000007c0000000, 0x00000007c0000000)
 Metaspace       used 28637K, capacity 28900K, committed 29256K, reserved 1075200K
  class space    used 3274K, capacity 3353K, committed 3400K, reserved 1048576K
}
2016-06-08T15:55:21.494-0530: 573.082: Total time for which application threads were stopped: 0.0085117 seconds
2016-06-08T15:55:21.842-0530: 573.429: Total time for which application threads were stopped: 0.0000902 seconds
2016-06-08T15:55:21.842-0530: 573.430: Total time for which application threads were stopped: 0.0000702 seconds
2016-06-08T15:55:21.870-0530: 573.457: Total time for which application threads were stopped: 0.0001965 seconds
{Heap before GC invocations=83 (full 2):
 par new generation   total 109248K, used 109248K [0x00000007a0000000, 0x00000007a8000000, 0x00000007a8000000)
  eden space 87424K, 100% used [0x00000007a0000000, 0x00000007a5560000, 0x00000007a5560000)
  from space 21824K, 100% used [0x00000007a6ab0000, 0x00000007a8000000, 0x00000007a8000000)
  to   space 21824K,   0% used [0x00000007a5560000, 0x00000007a5560000, 0x00000007a6ab0000)
 concurrent mark-sweep generation total 393216K, used 90915K [0x00000007a8000000, 0x00000007c0000000, 0x00000007c0000000)
 Metaspace       used 28639K, capacity 28900K, committed 29256K, reserved 1075200K
  class space    used 3274K, capacity 3353K, committed 3400K, reserved 1048576K
2016-06-08T15:55:31.237-0530: 582.825: [GC (Allocation Failure) 582.825: [ParNew
Desired survivor size 20112992 bytes, new threshold 8 (max 8)
- age   1:    4507240 bytes,    4507240 total
- age   2:    3473368 bytes,    7980608 total
- age   3:    3957192 bytes,   11937800 total
- age   4:    2629904 bytes,   14567704 total
- age   5:     877208 bytes,   15444912 total
- age   6:     478280 bytes,   15923192 total
- age   7:    2264232 bytes,   18187424 total
- age   8:    1892048 bytes,   20079472 total
: 109248K->21824K(109248K), 0.0062343 secs] 200163K->115151K(502464K), 0.0063051 secs] [Times: user=0.03 sys=0.00, real=0.01 secs] 
Heap after GC invocations=84 (full 2):
 par new generation   total 109248K, used 21824K [0x00000007a0000000, 0x00000007a8000000, 0x00000007a8000000)
  eden space 87424K,   0% used [0x00000007a0000000, 0x00000007a0000000, 0x00000007a5560000)
  from space 21824K, 100% used [0x00000007a5560000, 0x00000007a6ab0000, 0x00000007a6ab0000)
  to   space 21824K,   0% used [0x00000007a6ab0000, 0x00000007a6ab0000, 0x00000007a8000000)
 concurrent mark-sweep generation total 393216K, used 93327K [0x00000007a8000000, 0x00000007c0000000, 0x00000007c0000000)
 Metaspace       used 28639K, capacity 28900K, committed 29256K, reserved 1075200K
  class space    used 3274K, capacity 3353K, committed 3400K, reserved 1048576K
}
2016-06-08T15:55:31.243-0530: 582.831: Total time for which application threads were stopped: 0.0064835 seconds
{Heap before GC invocations=84 (full 2):
 par new generation   total 109248K, used 109248K [0x00000007a0000000, 0x00000007a8000000, 0x00000007a8000000)
  eden space 87424K, 100% used [0x00000007a0000000, 0x00000007a5560000, 0x00000007a5560000)
  from space 21824K, 100% used [0x00000007a5560000, 0x00000007a6ab0000, 0x00000007a6ab0000)
  to   space 21824K,   0% used [0x00000007a6ab0000, 0x00000007a6ab0000, 0x00000007a8000000)
 concurrent mark-sweep generation total 393216K, used 93327K [0x00000007a8000000, 0x00000007c0000000, 0x00000007c0000000)
 Metaspace       used 28639K, capacity 28900K, committed 29256K, reserved 1075200K
  class space    used 3274K, capacity 3353K, committed 3400K, reserved 1048576K
2016-06-08T15:55:31.862-0530: 583.450: [GC (Allocation Failure) 583.450: [ParNew
Desired survivor size 20112992 bytes, new threshold 8 (max 8)
- age   1:    2560696 bytes,    2560696 total
- age   2:    3577480 bytes,    6138176 total
- age   3:    3472944 bytes,    9611120 total
- age   4:    3957192 bytes,   13568312 total
- age   5:    2563048 bytes,   16131360 total
- age   6:     877208 bytes,   17008568 total
- age   7:     411656 bytes,   17420224 total
- age   8:    2100096 bytes,   19520320 total
: 109248K->21824K(109248K), 0.0070480 secs] 202575K->120730K(502464K), 0.0071083 secs] [Times: user=0.03 sys=0.00, real=0.00 secs] 
Heap after GC invocations=85 (full 2):
 par new generation   total 109248K, used 21824K [0x00000007a0000000, 0x00000007a8000000, 0x00000007a8000000)
  eden space 87424K,   0% used [0x00000007a0000000, 0x00000007a0000000, 0x00000007a5560000)
  from space 21824K, 100% used [0x00000007a6ab0000, 0x00000007a8000000, 0x00000007a8000000)
  to   space 21824K,   0% used [0x00000007a5560000, 0x00000007a5560000, 0x00000007a6ab0000)
 concurrent mark-sweep generation total 393216K, used 98906K [0x00000007a8000000, 0x00000007c0000000, 0x00000007c0000000)
 Metaspace       used 28639K, capacity 28900K, committed 29256K, reserved 1075200K
  class space    used 3274K, capacity 3353K, committed 3400K, reserved 1048576K
}
2016-06-08T15:55:31.869-0530: 583.457: Total time for which application threads were stopped: 0.0073116 seconds
{Heap before GC invocations=85 (full 2):
 par new generation   total 109248K, used 109248K [0x00000007a0000000, 0x00000007a8000000, 0x00000007a8000000)
  eden space 87424K, 100% used [0x00000007a0000000, 0x00000007a5560000, 0x00000007a5560000)
  from space 21824K, 100% used [0x00000007a6ab0000, 0x00000007a8000000, 0x00000007a8000000)
  to   space 21824K,   0% used [0x00000007a5560000, 0x00000007a5560000, 0x00000007a6ab0000)
 concurrent mark-sweep generation total 393216K, used 98906K [0x00000007a8000000, 0x00000007c0000000, 0x00000007c0000000)
 Metaspace       used 28656K, capacity 28900K, committed 29256K, reserved 1075200K
  class space    used 3274K, capacity 3353K, committed 3400K, reserved 1048576K
2016-06-08T15:55:42.434-0530: 594.022: [GC (Allocation Failure) 594.022: [ParNew
Desired survivor size 20112992 bytes, new threshold 7 (max 8)
- age   1:    5982496 bytes,    5982496 total
- age   2:    2295600 bytes,    8278096 total
- age   3:    3382512 bytes,   11660608 total
- age   4:    1941928 bytes,   13602536 total
- age   5:    3238760 bytes,   16841296 total
- age   6:    2560992 bytes,   19402288 total
- age   7:     877136 bytes,   20279424 total
- age   8:     408840 bytes,   20688264 total
: 109248K->21824K(109248K), 0.0075288 secs] 208154K->125121K(502464K), 0.0075981 secs] [Times: user=0.02 sys=0.00, real=0.01 secs] 
Heap after GC invocations=86 (full 2):
 par new generation   total 109248K, used 21824K [0x00000007a0000000, 0x00000007a8000000, 0x00000007a8000000)
  eden space 87424K,   0% used [0x00000007a0000000, 0x00000007a0000000, 0x00000007a5560000)
  from space 21824K, 100% used [0x00000007a5560000, 0x00000007a6ab0000, 0x00000007a6ab0000)
  to   space 21824K,   0% used [0x00000007a6ab0000, 0x00000007a6ab0000, 0x00000007a8000000)
 concurrent mark-sweep generation total 393216K, used 103297K [0x00000007a8000000, 0x00000007c0000000, 0x00000007c0000000)
 Metaspace       used 28656K, capacity 28900K, committed 29256K, reserved 1075200K
  class space    used 3274K, capacity 3353K, committed 3400K, reserved 1048576K
}
2016-06-08T15:55:42.441-0530: 594.029: Total time for which application threads were stopped: 0.0077749 seconds
2016-06-08T15:55:42.930-0530: 594.518: Total time for which application threads were stopped: 0.0000868 seconds
2016-06-08T15:55:42.930-0530: 594.518: Total time for which application threads were stopped: 0.0000493 seconds
2016-06-08T15:55:42.931-0530: 594.519: Total time for which application threads were stopped: 0.0000701 seconds
2016-06-08T15:55:42.931-0530: 594.519: Total time for which application threads were stopped: 0.0000461 seconds
2016-06-08T15:55:43.210-0530: 594.798: Total time for which application threads were stopped: 0.0001537 seconds
2016-06-08T15:55:43.210-0530: 594.798: Total time for which application threads were stopped: 0.0000972 seconds
2016-06-08T15:55:43.210-0530: 594.799: Total time for which application threads were stopped: 0.0001018 seconds
2016-06-08T15:55:46.217-0530: 597.805: Total time for which application threads were stopped: 0.0001208 seconds
2016-06-08T15:55:51.232-0530: 602.821: Total time for which application threads were stopped: 0.0000980 seconds
{Heap before GC invocations=86 (full 2):
 par new generation   total 109248K, used 109248K [0x00000007a0000000, 0x00000007a8000000, 0x00000007a8000000)
  eden space 87424K, 100% used [0x00000007a0000000, 0x00000007a5560000, 0x00000007a5560000)
  from space 21824K, 100% used [0x00000007a5560000, 0x00000007a6ab0000, 0x00000007a6ab0000)
  to   space 21824K,   0% used [0x00000007a6ab0000, 0x00000007a6ab0000, 0x00000007a8000000)
 concurrent mark-sweep generation total 393216K, used 103297K [0x00000007a8000000, 0x00000007c0000000, 0x00000007c0000000)
 Metaspace       used 28674K, capacity 28964K, committed 29256K, reserved 1075200K
  class space    used 3274K, capacity 3353K, committed 3400K, reserved 1048576K
2016-06-08T15:55:54.929-0530: 606.517: [GC (Allocation Failure) 606.517: [ParNew
Desired survivor size 20112992 bytes, new threshold 7 (max 8)
- age   1:    4564320 bytes,    4564320 total
- age   2:    3112152 bytes,    7676472 total
- age   3:    2295424 bytes,    9971896 total
- age   4:    3214320 bytes,   13186216 total
- age   5:    1562944 bytes,   14749160 total
- age   6:    3238760 bytes,   17987920 total
- age   7:    2404952 bytes,   20392872 total
: 109248K->21824K(109248K), 0.0063623 secs] 212545K->126998K(502464K), 0.0064227 secs] [Times: user=0.02 sys=0.00, real=0.01 secs] 
Heap after GC invocations=87 (full 2):
 par new generation   total 109248K, used 21824K [0x00000007a0000000, 0x00000007a8000000, 0x00000007a8000000)
  eden space 87424K,   0% used [0x00000007a0000000, 0x00000007a0000000, 0x00000007a5560000)
  from space 21824K, 100% used [0x00000007a6ab0000, 0x00000007a8000000, 0x00000007a8000000)
  to   space 21824K,   0% used [0x00000007a5560000, 0x00000007a5560000, 0x00000007a6ab0000)
 concurrent mark-sweep generation total 393216K, used 105174K [0x00000007a8000000, 0x00000007c0000000, 0x00000007c0000000)
 Metaspace       used 28674K, capacity 28964K, committed 29256K, reserved 1075200K
  class space    used 3274K, capacity 3353K, committed 3400K, reserved 1048576K
}
2016-06-08T15:55:54.936-0530: 606.524: Total time for which application threads were stopped: 0.0066315 seconds
{Heap before GC invocations=87 (full 2):
 par new generation   total 109248K, used 109248K [0x00000007a0000000, 0x00000007a8000000, 0x00000007a8000000)
  eden space 87424K, 100% used [0x00000007a0000000, 0x00000007a5560000, 0x00000007a5560000)
  from space 21824K, 100% used [0x00000007a6ab0000, 0x00000007a8000000, 0x00000007a8000000)
  to   space 21824K,   0% used [0x00000007a5560000, 0x00000007a5560000, 0x00000007a6ab0000)
 concurrent mark-sweep generation total 393216K, used 105174K [0x00000007a8000000, 0x00000007c0000000, 0x00000007c0000000)
 Metaspace       used 28674K, capacity 28964K, committed 29256K, reserved 1075200K
  class space    used 3274K, capacity 3353K, committed 3400K, reserved 1048576K
2016-06-08T15:55:55.495-0530: 607.084: [GC (Allocation Failure) 607.084: [ParNew
Desired survivor size 20112992 bytes, new threshold 7 (max 8)
- age   1:    5516920 bytes,    5516920 total
- age   2:    4171528 bytes,    9688448 total
- age   3:    1801776 bytes,   11490224 total
- age   4:    2051360 bytes,   13541584 total
- age   5:    3048048 bytes,   16589632 total
- age   6:    1548048 bytes,   18137680 total
- age   7:    2721880 bytes,   20859560 total
: 109248K->21824K(109248K), 0.0071351 secs] 214422K->131595K(502464K), 0.0071898 secs] [Times: user=0.02 sys=0.01, real=0.01 secs] 
Heap after GC invocations=88 (full 2):
 par new generation   total 109248K, used 21824K [0x00000007a0000000, 0x00000007a8000000, 0x00000007a8000000)
  eden space 87424K,   0% used [0x00000007a0000000, 0x00000007a0000000, 0x00000007a5560000)
  from space 21824K, 100% used [0x00000007a5560000, 0x00000007a6ab0000, 0x00000007a6ab0000)
  to   space 21824K,   0% used [0x00000007a6ab0000, 0x00000007a6ab0000, 0x00000007a8000000)
 concurrent mark-sweep generation total 393216K, used 109771K [0x00000007a8000000, 0x00000007c0000000, 0x00000007c0000000)
 Metaspace       used 28674K, capacity 28964K, committed 29256K, reserved 1075200K
  class space    used 3274K, capacity 3353K, committed 3400K, reserved 1048576K
}
2016-06-08T15:55:55.503-0530: 607.091: Total time for which application threads were stopped: 0.0073735 seconds
2016-06-08T15:55:55.613-0530: 607.201: Total time for which application threads were stopped: 0.0000844 seconds
2016-06-08T15:55:55.613-0530: 607.202: Total time for which application threads were stopped: 0.0000578 seconds
2016-06-08T15:55:55.614-0530: 607.202: Total time for which application threads were stopped: 0.0000409 seconds
2016-06-08T15:55:55.711-0530: 607.300: Total time for which application threads were stopped: 0.0001347 seconds
2016-06-08T15:55:55.711-0530: 607.300: Total time for which application threads were stopped: 0.0001007 seconds
2016-06-08T15:55:55.711-0530: 607.300: Total time for which application threads were stopped: 0.0000940 seconds
{Heap before GC invocations=88 (full 2):
 par new generation   total 109248K, used 109248K [0x00000007a0000000, 0x00000007a8000000, 0x00000007a8000000)
  eden space 87424K, 100% used [0x00000007a0000000, 0x00000007a5560000, 0x00000007a5560000)
  from space 21824K, 100% used [0x00000007a5560000, 0x00000007a6ab0000, 0x00000007a6ab0000)
  to   space 21824K,   0% used [0x00000007a6ab0000, 0x00000007a6ab0000, 0x00000007a8000000)
 concurrent mark-sweep generation total 393216K, used 109771K [0x00000007a8000000, 0x00000007c0000000, 0x00000007c0000000)
 Metaspace       used 28680K, capacity 28964K, committed 29256K, reserved 1075200K
  class space    used 3274K, capacity 3353K, committed 3400K, reserved 1048576K
2016-06-08T15:56:06.497-0530: 618.086: [GC (Allocation Failure) 618.086: [ParNew
Desired survivor size 20112992 bytes, new threshold 8 (max 8)
- age   1:    6285840 bytes,    6285840 total
- age   2:    1863360 bytes,    8149200 total
- age   3:    3569600 bytes,   11718800 total
- age   4:    1801008 bytes,   13519808 total
- age   5:    1583360 bytes,   15103168 total
- age   6:    2774232 bytes,   17877400 total
- age   7:    1548048 bytes,   19425448 total
: 109248K->21824K(109248K), 0.0063775 secs] 219019K->134978K(502464K), 0.0064523 secs] [Times: user=0.02 sys=0.00, real=0.01 secs] 
Heap after GC invocations=89 (full 2):
 par new generation   total 109248K, used 21824K [0x00000007a0000000, 0x00000007a8000000, 0x00000007a8000000)
  eden space 87424K,   0% used [0x00000007a0000000, 0x00000007a0000000, 0x00000007a5560000)
  from space 21824K, 100% used [0x00000007a6ab0000, 0x00000007a8000000, 0x00000007a8000000)
  to   space 21824K,   0% used [0x00000007a5560000, 0x00000007a5560000, 0x00000007a6ab0000)
 concurrent mark-sweep generation total 393216K, used 113154K [0x00000007a8000000, 0x00000007c0000000, 0x00000007c0000000)
 Metaspace       used 28680K, capacity 28964K, committed 29256K, reserved 1075200K
  class space    used 3274K, capacity 3353K, committed 3400K, reserved 1048576K
}
2016-06-08T15:56:06.504-0530: 618.093: Total time for which application threads were stopped: 0.0066636 seconds
2016-06-08T15:56:06.950-0530: 618.539: Total time for which application threads were stopped: 0.0000869 seconds
2016-06-08T15:56:06.950-0530: 618.539: Total time for which application threads were stopped: 0.0000576 seconds
2016-06-08T15:56:06.977-0530: 618.566: Total time for which application threads were stopped: 0.0001115 seconds
2016-06-08T15:56:06.977-0530: 618.566: Total time for which application threads were stopped: 0.0000825 seconds
2016-06-08T15:56:06.978-0530: 618.566: Total time for which application threads were stopped: 0.0000735 seconds
{Heap before GC invocations=89 (full 2):
 par new generation   total 109248K, used 109248K [0x00000007a0000000, 0x00000007a8000000, 0x00000007a8000000)
  eden space 87424K, 100% used [0x00000007a0000000, 0x00000007a5560000, 0x00000007a5560000)
  from space 21824K, 100% used [0x00000007a6ab0000, 0x00000007a8000000, 0x00000007a8000000)
  to   space 21824K,   0% used [0x00000007a5560000, 0x00000007a5560000, 0x00000007a6ab0000)
 concurrent mark-sweep generation total 393216K, used 113154K [0x00000007a8000000, 0x00000007c0000000, 0x00000007c0000000)
 Metaspace       used 28689K, capacity 29028K, committed 29256K, reserved 1075200K
  class space    used 3274K, capacity 3353K, committed 3400K, reserved 1048576K
2016-06-08T15:56:16.972-0530: 628.561: [GC (Allocation Failure) 628.561: [ParNew
Desired survivor size 20112992 bytes, new threshold 8 (max 8)
- age   1:    4340776 bytes,    4340776 total
- age   2:    3293176 bytes,    7633952 total
- age   3:    1863360 bytes,    9497312 total
- age   4:    3544456 bytes,   13041768 total
- age   5:    1733048 bytes,   14774816 total
- age   6:    1583360 bytes,   16358176 total
- age   7:    2774232 bytes,   19132408 total
- age   8:    1548048 bytes,   20680456 total
: 109248K->21824K(109248K), 0.0060880 secs] 222402K->135003K(502464K), 0.0061491 secs] [Times: user=0.02 sys=0.00, real=0.00 secs] 
Heap after GC invocations=90 (full 2):
 par new generation   total 109248K, used 21824K [0x00000007a0000000, 0x00000007a8000000, 0x00000007a8000000)
  eden space 87424K,   0% used [0x00000007a0000000, 0x00000007a0000000, 0x00000007a5560000)
  from space 21824K, 100% used [0x00000007a5560000, 0x00000007a6ab0000, 0x00000007a6ab0000)
  to   space 21824K,   0% used [0x00000007a6ab0000, 0x00000007a6ab0000, 0x00000007a8000000)
 concurrent mark-sweep generation total 393216K, used 113179K [0x00000007a8000000, 0x00000007c0000000, 0x00000007c0000000)
 Metaspace       used 28689K, capacity 29028K, committed 29256K, reserved 1075200K
  class space    used 3274K, capacity 3353K, committed 3400K, reserved 1048576K
}
2016-06-08T15:56:16.978-0530: 628.567: Total time for which application threads were stopped: 0.0063435 seconds
{Heap before GC invocations=90 (full 2):
 par new generation   total 109248K, used 109248K [0x00000007a0000000, 0x00000007a8000000, 0x00000007a8000000)
  eden space 87424K, 100% used [0x00000007a0000000, 0x00000007a5560000, 0x00000007a5560000)
  from space 21824K, 100% used [0x00000007a5560000, 0x00000007a6ab0000, 0x00000007a6ab0000)
  to   space 21824K,   0% used [0x00000007a6ab0000, 0x00000007a6ab0000, 0x00000007a8000000)
 concurrent mark-sweep generation total 393216K, used 113179K [0x00000007a8000000, 0x00000007c0000000, 0x00000007c0000000)
 Metaspace       used 28689K, capacity 29028K, committed 29256K, reserved 1075200K
  class space    used 3274K, capacity 3353K, committed 3400K, reserved 1048576K
2016-06-08T15:56:17.554-0530: 629.144: [GC (Allocation Failure) 629.144: [ParNew
Desired survivor size 20112992 bytes, new threshold 8 (max 8)
- age   1:    5363576 bytes,    5363576 total
- age   2:    3970736 bytes,    9334312 total
- age   3:    1924392 bytes,   11258704 total
- age   4:    1863360 bytes,   13122064 total
- age   5:    2797960 bytes,   15920024 total
- age   6:     690848 bytes,   16610872 total
- age   7:    1372240 bytes,   17983112 total
- age   8:    2774232 bytes,   20757344 total
: 109248K->21824K(109248K), 0.0073230 secs] 222427K->139860K(502464K), 0.0073913 secs] [Times: user=0.02 sys=0.00, real=0.01 secs] 
Heap after GC invocations=91 (full 2):
 par new generation   total 109248K, used 21824K [0x00000007a0000000, 0x00000007a8000000, 0x00000007a8000000)
  eden space 87424K,   0% used [0x00000007a0000000, 0x00000007a0000000, 0x00000007a5560000)
  from space 21824K, 100% used [0x00000007a6ab0000, 0x00000007a8000000, 0x00000007a8000000)
  to   space 21824K,   0% used [0x00000007a5560000, 0x00000007a5560000, 0x00000007a6ab0000)
 concurrent mark-sweep generation total 393216K, used 118036K [0x00000007a8000000, 0x00000007c0000000, 0x00000007c0000000)
 Metaspace       used 28689K, capacity 29028K, committed 29256K, reserved 1075200K
  class space    used 3274K, capacity 3353K, committed 3400K, reserved 1048576K
}
2016-06-08T15:56:17.562-0530: 629.151: Total time for which application threads were stopped: 0.0075706 seconds
2016-06-08T15:56:17.791-0530: 629.381: Total time for which application threads were stopped: 0.0001003 seconds
{Heap before GC invocations=91 (full 2):
 par new generation   total 109248K, used 109248K [0x00000007a0000000, 0x00000007a8000000, 0x00000007a8000000)
  eden space 87424K, 100% used [0x00000007a0000000, 0x00000007a5560000, 0x00000007a5560000)
  from space 21824K, 100% used [0x00000007a6ab0000, 0x00000007a8000000, 0x00000007a8000000)
  to   space 21824K,   0% used [0x00000007a5560000, 0x00000007a5560000, 0x00000007a6ab0000)
 concurrent mark-sweep generation total 393216K, used 118036K [0x00000007a8000000, 0x00000007c0000000, 0x00000007c0000000)
 Metaspace       used 28694K, capacity 29028K, committed 29256K, reserved 1075200K
  class space    used 3274K, capacity 3353K, committed 3400K, reserved 1048576K
2016-06-08T15:56:30.775-0530: 642.365: [GC (Allocation Failure) 642.365: [ParNew
Desired survivor size 20112992 bytes, new threshold 8 (max 8)
- age   1:    5877232 bytes,    5877232 total
- age   2:    1869600 bytes,    7746832 total
- age   3:    3369584 bytes,   11116416 total
- age   4:    1922776 bytes,   13039192 total
- age   5:    1863360 bytes,   14902552 total
- age   6:    2730872 bytes,   17633424 total
- age   7:     688968 bytes,   18322392 total
- age   8:     977360 bytes,   19299752 total
: 109248K->21824K(109248K), 0.0067038 secs] 227284K->142967K(502464K), 0.0067622 secs] [Times: user=0.02 sys=0.00, real=0.01 secs] 
Heap after GC invocations=92 (full 2):
 par new generation   total 109248K, used 21824K [0x00000007a0000000, 0x00000007a8000000, 0x00000007a8000000)
  eden space 87424K,   0% used [0x00000007a0000000, 0x00000007a0000000, 0x00000007a5560000)
  from space 21824K, 100% used [0x00000007a5560000, 0x00000007a6ab0000, 0x00000007a6ab0000)
  to   space 21824K,   0% used [0x00000007a6ab0000, 0x00000007a6ab0000, 0x00000007a8000000)
 concurrent mark-sweep generation total 393216K, used 121143K [0x00000007a8000000, 0x00000007c0000000, 0x00000007c0000000)
 Metaspace       used 28694K, capacity 29028K, committed 29256K, reserved 1075200K
  class space    used 3274K, capacity 3353K, committed 3400K, reserved 1048576K
}
2016-06-08T15:56:30.782-0530: 642.372: Total time for which application threads were stopped: 0.0069649 seconds
2016-06-08T15:56:31.284-0530: 642.873: Total time for which application threads were stopped: 0.0000871 seconds
2016-06-08T15:56:31.284-0530: 642.873: Total time for which application threads were stopped: 0.0000509 seconds
2016-06-08T15:56:31.284-0530: 642.874: Total time for which application threads were stopped: 0.0000542 seconds
2016-06-08T15:56:31.284-0530: 642.874: Total time for which application threads were stopped: 0.0000490 seconds
2016-06-08T15:56:31.287-0530: 642.876: Total time for which application threads were stopped: 0.0001081 seconds
2016-06-08T15:56:31.318-0530: 642.907: Total time for which application threads were stopped: 0.0001880 seconds
2016-06-08T15:56:31.319-0530: 642.908: Total time for which application threads were stopped: 0.0002053 seconds
2016-06-08T15:56:31.319-0530: 642.908: Total time for which application threads were stopped: 0.0001077 seconds
2016-06-08T15:56:31.326-0530: 642.915: Total time for which application threads were stopped: 0.0001192 seconds
2016-06-08T15:56:31.333-0530: 642.923: Total time for which application threads were stopped: 0.0001110 seconds
2016-06-08T15:56:31.885-0530: 643.474: Total time for which application threads were stopped: 0.0001010 seconds
2016-06-08T15:56:31.885-0530: 643.475: Total time for which application threads were stopped: 0.0000708 seconds
2016-06-08T15:56:31.886-0530: 643.475: Total time for which application threads were stopped: 0.0000731 seconds
2016-06-08T15:56:31.886-0530: 643.476: Total time for which application threads were stopped: 0.0000677 seconds
{Heap before GC invocations=92 (full 2):
 par new generation   total 109248K, used 109220K [0x00000007a0000000, 0x00000007a8000000, 0x00000007a8000000)
  eden space 87424K,  99% used [0x00000007a0000000, 0x00000007a55591f0, 0x00000007a5560000)
  from space 21824K, 100% used [0x00000007a5560000, 0x00000007a6ab0000, 0x00000007a6ab0000)
  to   space 21824K,   0% used [0x00000007a6ab0000, 0x00000007a6ab0000, 0x00000007a8000000)
 concurrent mark-sweep generation total 393216K, used 121143K [0x00000007a8000000, 0x00000007c0000000, 0x00000007c0000000)
 Metaspace       used 28695K, capacity 29028K, committed 29256K, reserved 1075200K
  class space    used 3274K, capacity 3353K, committed 3400K, reserved 1048576K
2016-06-08T15:56:31.900-0530: 643.489: [GC (Allocation Failure) 643.489: [ParNew
Desired survivor size 20112992 bytes, new threshold 8 (max 8)
- age   1:    3499184 bytes,    3499184 total
- age   2:    3132768 bytes,    6631952 total
- age   3:    1869600 bytes,    8501552 total
- age   4:    3095032 bytes,   11596584 total
- age   5:    1855712 bytes,   13452296 total
- age   6:    1863360 bytes,   15315656 total
- age   7:    2730792 bytes,   18046448 total
- age   8:     688792 bytes,   18735240 total
: 109220K->21824K(109248K), 0.0070981 secs] 230363K->144563K(502464K), 0.0071580 secs] [Times: user=0.02 sys=0.00, real=0.00 secs] 
Heap after GC invocations=93 (full 2):
 par new generation   total 109248K, used 21824K [0x00000007a0000000, 0x00000007a8000000, 0x00000007a8000000)
  eden space 87424K,   0% used [0x00000007a0000000, 0x00000007a0000000, 0x00000007a5560000)
  from space 21824K, 100% used [0x00000007a6ab0000, 0x00000007a8000000, 0x00000007a8000000)
  to   space 21824K,   0% used [0x00000007a5560000, 0x00000007a5560000, 0x00000007a6ab0000)
 concurrent mark-sweep generation total 393216K, used 122739K [0x00000007a8000000, 0x00000007c0000000, 0x00000007c0000000)
 Metaspace       used 28695K, capacity 29028K, committed 29256K, reserved 1075200K
  class space    used 3274K, capacity 3353K, committed 3400K, reserved 1048576K
}
2016-06-08T15:56:31.907-0530: 643.497: Total time for which application threads were stopped: 0.0073443 seconds
2016-06-08T15:56:32.788-0530: 644.377: Total time for which application threads were stopped: 0.0000940 seconds
2016-06-08T15:56:32.788-0530: 644.378: Total time for which application threads were stopped: 0.0000630 seconds
2016-06-08T15:56:32.790-0530: 644.380: Total time for which application threads were stopped: 0.0000769 seconds
{Heap before GC invocations=93 (full 2):
 par new generation   total 109248K, used 109248K [0x00000007a0000000, 0x00000007a8000000, 0x00000007a8000000)
  eden space 87424K, 100% used [0x00000007a0000000, 0x00000007a5560000, 0x00000007a5560000)
  from space 21824K, 100% used [0x00000007a6ab0000, 0x00000007a8000000, 0x00000007a8000000)
  to   space 21824K,   0% used [0x00000007a5560000, 0x00000007a5560000, 0x00000007a6ab0000)
 concurrent mark-sweep generation total 393216K, used 122739K [0x00000007a8000000, 0x00000007c0000000, 0x00000007c0000000)
 Metaspace       used 28702K, capacity 29028K, committed 29256K, reserved 1075200K
  class space    used 3274K, capacity 3353K, committed 3400K, reserved 1048576K
2016-06-08T15:56:43.104-0530: 654.694: [GC (Allocation Failure) 654.778: [ParNew
Desired survivor size 20112992 bytes, new threshold 8 (max 8)
- age   1:       1480 bytes,       1480 total
- age   2:    3352400 bytes,    3353880 total
- age   3:    2930832 bytes,    6284712 total
- age   4:    1869600 bytes,    8154312 total
- age   5:    3003512 bytes,   11157824 total
- age   6:    1855712 bytes,   13013536 total
- age   7:    1863360 bytes,   14876896 total
- age   8:    2730672 bytes,   17607568 total
: 109248K->21824K(109248K), 0.0059380 secs] 231987K->145522K(502464K), 0.0900356 secs] [Times: user=0.02 sys=0.00, real=0.09 secs] 
Heap after GC invocations=94 (full 2):
 par new generation   total 109248K, used 21824K [0x00000007a0000000, 0x00000007a8000000, 0x00000007a8000000)
  eden space 87424K,   0% used [0x00000007a0000000, 0x00000007a0000000, 0x00000007a5560000)
  from space 21824K, 100% used [0x00000007a5560000, 0x00000007a6ab0000, 0x00000007a6ab0000)
  to   space 21824K,   0% used [0x00000007a6ab0000, 0x00000007a6ab0000, 0x00000007a8000000)
 concurrent mark-sweep generation total 393216K, used 123698K [0x00000007a8000000, 0x00000007c0000000, 0x00000007c0000000)
 Metaspace       used 28702K, capacity 29028K, committed 29256K, reserved 1075200K
  class space    used 3274K, capacity 3353K, committed 3400K, reserved 1048576K
}
2016-06-08T15:56:43.194-0530: 654.784: Total time for which application threads were stopped: 0.0903343 seconds
{Heap before GC invocations=94 (full 2):
 par new generation   total 109248K, used 109248K [0x00000007a0000000, 0x00000007a8000000, 0x00000007a8000000)
  eden space 87424K, 100% used [0x00000007a0000000, 0x00000007a5560000, 0x00000007a5560000)
  from space 21824K, 100% used [0x00000007a5560000, 0x00000007a6ab0000, 0x00000007a6ab0000)
  to   space 21824K,   0% used [0x00000007a6ab0000, 0x00000007a6ab0000, 0x00000007a8000000)
 concurrent mark-sweep generation total 393216K, used 123698K [0x00000007a8000000, 0x00000007c0000000, 0x00000007c0000000)
 Metaspace       used 28713K, capacity 29028K, committed 29256K, reserved 1075200K
  class space    used 3274K, capacity 3353K, committed 3400K, reserved 1048576K
2016-06-08T15:56:43.758-0530: 655.348: [GC (Allocation Failure) 655.348: [ParNew
Desired survivor size 20112992 bytes, new threshold 8 (max 8)
- age   1:    5508616 bytes,    5508616 total
- age   2:       1280 bytes,    5509896 total
- age   3:    3318440 bytes,    8828336 total
- age   4:    2692592 bytes,   11520928 total
- age   5:    1869600 bytes,   13390528 total
- age   6:    2300992 bytes,   15691520 total
- age   7:    1508352 bytes,   17199872 total
- age   8:    1863360 bytes,   19063232 total
: 109248K->21824K(109248K), 0.0070493 secs] 232946K->149482K(502464K), 0.0071288 secs] [Times: user=0.02 sys=0.00, real=0.01 secs] 
Heap after GC invocations=95 (full 2):
 par new generation   total 109248K, used 21824K [0x00000007a0000000, 0x00000007a8000000, 0x00000007a8000000)
  eden space 87424K,   0% used [0x00000007a0000000, 0x00000007a0000000, 0x00000007a5560000)
  from space 21824K, 100% used [0x00000007a6ab0000, 0x00000007a8000000, 0x00000007a8000000)
  to   space 21824K,   0% used [0x00000007a5560000, 0x00000007a5560000, 0x00000007a6ab0000)
 concurrent mark-sweep generation total 393216K, used 127658K [0x00000007a8000000, 0x00000007c0000000, 0x00000007c0000000)
 Metaspace       used 28713K, capacity 29028K, committed 29256K, reserved 1075200K
  class space    used 3274K, capacity 3353K, committed 3400K, reserved 1048576K
}
2016-06-08T15:56:43.765-0530: 655.355: Total time for which application threads were stopped: 0.0073134 seconds
2016-06-08T15:56:44.080-0530: 655.670: Total time for which application threads were stopped: 0.0000964 seconds
2016-06-08T15:56:44.202-0530: 655.792: Total time for which application threads were stopped: 0.0001095 seconds
2016-06-08T15:56:44.202-0530: 655.792: Total time for which application threads were stopped: 0.0001034 seconds
2016-06-08T15:56:44.202-0530: 655.792: Total time for which application threads were stopped: 0.0000554 seconds
{Heap before GC invocations=95 (full 2):
 par new generation   total 109248K, used 109248K [0x00000007a0000000, 0x00000007a8000000, 0x00000007a8000000)
  eden space 87424K, 100% used [0x00000007a0000000, 0x00000007a5560000, 0x00000007a5560000)
  from space 21824K, 100% used [0x00000007a6ab0000, 0x00000007a8000000, 0x00000007a8000000)
  to   space 21824K,   0% used [0x00000007a5560000, 0x00000007a5560000, 0x00000007a6ab0000)
 concurrent mark-sweep generation total 393216K, used 127658K [0x00000007a8000000, 0x00000007c0000000, 0x00000007c0000000)
 Metaspace       used 28722K, capacity 29028K, committed 29256K, reserved 1075200K
  class space    used 3274K, capacity 3353K, committed 3400K, reserved 1048576K
2016-06-08T15:56:56.640-0530: 668.230: [GC (Allocation Failure) 668.230: [ParNew
Desired survivor size 20112992 bytes, new threshold 8 (max 8)
- age   1:    5487912 bytes,    5487912 total
- age   2:    1866768 bytes,    7354680 total
- age   3:        960 bytes,    7355640 total
- age   4:    3190248 bytes,   10545888 total
- age   5:    2614096 bytes,   13159984 total
- age   6:    1483760 bytes,   14643744 total
- age   7:    2232960 bytes,   16876704 total
- age   8:    1488592 bytes,   18365296 total
: 109248K->21824K(109248K), 0.0060463 secs] 236906K->151875K(502464K), 0.0061068 secs] [Times: user=0.02 sys=0.00, real=0.00 secs] 
Heap after GC invocations=96 (full 2):
 par new generation   total 109248K, used 21824K [0x00000007a0000000, 0x00000007a8000000, 0x00000007a8000000)
  eden space 87424K,   0% used [0x00000007a0000000, 0x00000007a0000000, 0x00000007a5560000)
  from space 21824K, 100% used [0x00000007a5560000, 0x00000007a6ab0000, 0x00000007a6ab0000)
  to   space 21824K,   0% used [0x00000007a6ab0000, 0x00000007a6ab0000, 0x00000007a8000000)
 concurrent mark-sweep generation total 393216K, used 130051K [0x00000007a8000000, 0x00000007c0000000, 0x00000007c0000000)
 Metaspace       used 28722K, capacity 29028K, committed 29256K, reserved 1075200K
  class space    used 3274K, capacity 3353K, committed 3400K, reserved 1048576K
}
2016-06-08T15:56:56.646-0530: 668.236: Total time for which application threads were stopped: 0.0063110 seconds
{Heap before GC invocations=96 (full 2):
 par new generation   total 109248K, used 109248K [0x00000007a0000000, 0x00000007a8000000, 0x00000007a8000000)
  eden space 87424K, 100% used [0x00000007a0000000, 0x00000007a5560000, 0x00000007a5560000)
  from space 21824K, 100% used [0x00000007a5560000, 0x00000007a6ab0000, 0x00000007a6ab0000)
  to   space 21824K,   0% used [0x00000007a6ab0000, 0x00000007a6ab0000, 0x00000007a8000000)
 concurrent mark-sweep generation total 393216K, used 130051K [0x00000007a8000000, 0x00000007c0000000, 0x00000007c0000000)
 Metaspace       used 28722K, capacity 29028K, committed 29256K, reserved 1075200K
  class space    used 3274K, capacity 3353K, committed 3400K, reserved 1048576K
2016-06-08T15:56:57.287-0530: 668.877: [GC (Allocation Failure) 668.877: [ParNew
Desired survivor size 20112992 bytes, new threshold 8 (max 8)
- age   1:    3518600 bytes,    3518600 total
- age   2:    4794320 bytes,    8312920 total
- age   3:    1866768 bytes,   10179688 total
- age   4:        960 bytes,   10180648 total
- age   5:    3189480 bytes,   13370128 total
- age   6:    2547144 bytes,   15917272 total
- age   7:    1483760 bytes,   17401032 total
- age   8:    2232912 bytes,   19633944 total
: 109248K->21824K(109248K), 0.0073106 secs] 239299K->156066K(502464K), 0.0073958 secs] [Times: user=0.03 sys=0.00, real=0.01 secs] 
Heap after GC invocations=97 (full 2):
 par new generation   total 109248K, used 21824K [0x00000007a0000000, 0x00000007a8000000, 0x00000007a8000000)
  eden space 87424K,   0% used [0x00000007a0000000, 0x00000007a0000000, 0x00000007a5560000)
  from space 21824K, 100% used [0x00000007a6ab0000, 0x00000007a8000000, 0x00000007a8000000)
  to   space 21824K,   0% used [0x00000007a5560000, 0x00000007a5560000, 0x00000007a6ab0000)
 concurrent mark-sweep generation total 393216K, used 134242K [0x00000007a8000000, 0x00000007c0000000, 0x00000007c0000000)
 Metaspace       used 28722K, capacity 29028K, committed 29256K, reserved 1075200K
  class space    used 3274K, capacity 3353K, committed 3400K, reserved 1048576K
}
2016-06-08T15:56:57.294-0530: 668.885: Total time for which application threads were stopped: 0.0075865 seconds
2016-06-08T15:56:57.301-0530: 668.891: Total time for which application threads were stopped: 0.0000895 seconds
2016-06-08T15:56:57.301-0530: 668.891: Total time for which application threads were stopped: 0.0000576 seconds
2016-06-08T15:56:57.301-0530: 668.892: Total time for which application threads were stopped: 0.0000548 seconds
2016-06-08T15:56:57.301-0530: 668.892: Total time for which application threads were stopped: 0.0000511 seconds
2016-06-08T15:56:57.301-0530: 668.892: Total time for which application threads were stopped: 0.0001120 seconds
2016-06-08T15:56:57.302-0530: 668.892: Total time for which application threads were stopped: 0.0000406 seconds
2016-06-08T15:56:57.523-0530: 669.113: Total time for which application threads were stopped: 0.0001572 seconds
2016-06-08T15:56:57.523-0530: 669.114: Total time for which application threads were stopped: 0.0001889 seconds
2016-06-08T15:56:57.524-0530: 669.114: Total time for which application threads were stopped: 0.0000766 seconds
2016-06-08T15:56:58.528-0530: 670.119: Total time for which application threads were stopped: 0.0001829 seconds
2016-06-08T15:57:06.557-0530: 678.148: Total time for which application threads were stopped: 0.0001567 seconds
{Heap before GC invocations=97 (full 2):
 par new generation   total 109248K, used 109246K [0x00000007a0000000, 0x00000007a8000000, 0x00000007a8000000)
  eden space 87424K,  99% used [0x00000007a0000000, 0x00000007a555f958, 0x00000007a5560000)
  from space 21824K, 100% used [0x00000007a6ab0000, 0x00000007a8000000, 0x00000007a8000000)
  to   space 21824K,   0% used [0x00000007a5560000, 0x00000007a5560000, 0x00000007a6ab0000)
 concurrent mark-sweep generation total 393216K, used 134242K [0x00000007a8000000, 0x00000007c0000000, 0x00000007c0000000)
 Metaspace       used 28734K, capacity 29028K, committed 29256K, reserved 1075200K
  class space    used 3274K, capacity 3353K, committed 3400K, reserved 1048576K
2016-06-08T15:57:06.587-0530: 678.178: [GC (Allocation Failure) 678.178: [ParNew
Desired survivor size 20112992 bytes, new threshold 7 (max 8)
- age   1:    5583040 bytes,    5583040 total
- age   2:    3261904 bytes,    8844944 total
- age   3:    4457024 bytes,   13301968 total
- age   4:    1671992 bytes,   14973960 total
- age   5:        960 bytes,   14974920 total
- age   6:    3182408 bytes,   18157328 total
- age   7:    2534784 bytes,   20692112 total
- age   8:    1483760 bytes,   22175872 total
: 109246K->21824K(109248K), 0.0072925 secs] 243488K->158616K(502464K), 0.0073755 secs] [Times: user=0.03 sys=0.01, real=0.01 secs] 
Heap after GC invocations=98 (full 2):
 par new generation   total 109248K, used 21824K [0x00000007a0000000, 0x00000007a8000000, 0x00000007a8000000)
  eden space 87424K,   0% used [0x00000007a0000000, 0x00000007a0000000, 0x00000007a5560000)
  from space 21824K, 100% used [0x00000007a5560000, 0x00000007a6ab0000, 0x00000007a6ab0000)
  to   space 21824K,   0% used [0x00000007a6ab0000, 0x00000007a6ab0000, 0x00000007a8000000)
 concurrent mark-sweep generation total 393216K, used 136792K [0x00000007a8000000, 0x00000007c0000000, 0x00000007c0000000)
 Metaspace       used 28734K, capacity 29028K, committed 29256K, reserved 1075200K
  class space    used 3274K, capacity 3353K, committed 3400K, reserved 1048576K
}
2016-06-08T15:57:06.594-0530: 678.185: Total time for which application threads were stopped: 0.0075633 seconds
2016-06-08T15:57:06.835-0530: 678.426: Total time for which application threads were stopped: 0.0000963 seconds
2016-06-08T15:57:06.836-0530: 678.427: Total time for which application threads were stopped: 0.0000670 seconds
2016-06-08T15:57:06.836-0530: 678.427: Total time for which application threads were stopped: 0.0000822 seconds
2016-06-08T15:57:06.953-0530: 678.544: Total time for which application threads were stopped: 0.0001395 seconds
2016-06-08T15:57:06.953-0530: 678.544: Total time for which application threads were stopped: 0.0004106 seconds
2016-06-08T15:57:06.954-0530: 678.544: Total time for which application threads were stopped: 0.0000908 seconds
2016-06-08T15:57:06.954-0530: 678.544: Total time for which application threads were stopped: 0.0000686 seconds
2016-06-08T15:57:06.954-0530: 678.544: Total time for which application threads were stopped: 0.0000612 seconds
2016-06-08T15:57:06.955-0530: 678.545: Total time for which application threads were stopped: 0.0001215 seconds
2016-06-08T15:57:06.955-0530: 678.545: Total time for which application threads were stopped: 0.0000895 seconds
2016-06-08T15:57:06.955-0530: 678.546: Total time for which application threads were stopped: 0.0000716 seconds
{Heap before GC invocations=98 (full 2):
 par new generation   total 109248K, used 109248K [0x00000007a0000000, 0x00000007a8000000, 0x00000007a8000000)
  eden space 87424K, 100% used [0x00000007a0000000, 0x00000007a5560000, 0x00000007a5560000)
  from space 21824K, 100% used [0x00000007a5560000, 0x00000007a6ab0000, 0x00000007a6ab0000)
  to   space 21824K,   0% used [0x00000007a6ab0000, 0x00000007a6ab0000, 0x00000007a8000000)
 concurrent mark-sweep generation total 393216K, used 136792K [0x00000007a8000000, 0x00000007c0000000, 0x00000007c0000000)
 Metaspace       used 28738K, capacity 29028K, committed 29256K, reserved 1075200K
  class space    used 3274K, capacity 3353K, committed 3400K, reserved 1048576K
2016-06-08T15:57:16.281-0530: 687.872: [GC (Allocation Failure) 687.872: [ParNew
Desired survivor size 20112992 bytes, new threshold 8 (max 8)
- age   1:    5342064 bytes,    5342064 total
- age   2:    1972952 bytes,    7315016 total
- age   3:    3260592 bytes,   10575608 total
- age   4:    4118088 bytes,   14693696 total
- age   5:    1605080 bytes,   16298776 total
- age   6:        960 bytes,   16299736 total
- age   7:    1590088 bytes,   17889824 total
: 109248K->21824K(109248K), 0.0078056 secs] 246040K->164477K(502464K), 0.0078600 secs] [Times: user=0.02 sys=0.00, real=0.00 secs] 
Heap after GC invocations=99 (full 2):
 par new generation   total 109248K, used 21824K [0x00000007a0000000, 0x00000007a8000000, 0x00000007a8000000)
  eden space 87424K,   0% used [0x00000007a0000000, 0x00000007a0000000, 0x00000007a5560000)
  from space 21824K, 100% used [0x00000007a6ab0000, 0x00000007a8000000, 0x00000007a8000000)
  to   space 21824K,   0% used [0x00000007a5560000, 0x00000007a5560000, 0x00000007a6ab0000)
 concurrent mark-sweep generation total 393216K, used 142653K [0x00000007a8000000, 0x00000007c0000000, 0x00000007c0000000)
 Metaspace       used 28738K, capacity 29028K, committed 29256K, reserved 1075200K
  class space    used 3274K, capacity 3353K, committed 3400K, reserved 1048576K
}
2016-06-08T15:57:16.289-0530: 687.880: Total time for which application threads were stopped: 0.0080571 seconds
2016-06-08T15:57:17.289-0530: 688.880: Total time for which application threads were stopped: 0.0001798 seconds
{Heap before GC invocations=99 (full 2):
 par new generation   total 109248K, used 109248K [0x00000007a0000000, 0x00000007a8000000, 0x00000007a8000000)
  eden space 87424K, 100% used [0x00000007a0000000, 0x00000007a5560000, 0x00000007a5560000)
  from space 21824K, 100% used [0x00000007a6ab0000, 0x00000007a8000000, 0x00000007a8000000)
  to   space 21824K,   0% used [0x00000007a5560000, 0x00000007a5560000, 0x00000007a6ab0000)
 concurrent mark-sweep generation total 393216K, used 142653K [0x00000007a8000000, 0x00000007c0000000, 0x00000007c0000000)
 Metaspace       used 28745K, capacity 29028K, committed 29256K, reserved 1075200K
  class space    used 3274K, capacity 3353K, committed 3400K, reserved 1048576K
2016-06-08T15:57:26.099-0530: 697.690: [GC (Allocation Failure) 697.691: [ParNew
Desired survivor size 20112992 bytes, new threshold 8 (max 8)
- age   1:    3691840 bytes,    3691840 total
- age   2:    3318160 bytes,    7010000 total
- age   3:    1944656 bytes,    8954656 total
- age   4:    1737968 bytes,   10692624 total
- age   5:    3591184 bytes,   14283808 total
- age   6:    1605080 bytes,   15888888 total
- age   7:        840 bytes,   15889728 total
- age   8:    1382088 bytes,   17271816 total
: 109248K->21824K(109248K), 0.0066768 secs] 251901K->166644K(502464K), 0.0067383 secs] [Times: user=0.01 sys=0.00, real=0.01 secs] 
Heap after GC invocations=100 (full 2):
 par new generation   total 109248K, used 21824K [0x00000007a0000000, 0x00000007a8000000, 0x00000007a8000000)
  eden space 87424K,   0% used [0x00000007a0000000, 0x00000007a0000000, 0x00000007a5560000)
  from space 21824K, 100% used [0x00000007a5560000, 0x00000007a6ab0000, 0x00000007a6ab0000)
  to   space 21824K,   0% used [0x00000007a6ab0000, 0x00000007a6ab0000, 0x00000007a8000000)
 concurrent mark-sweep generation total 393216K, used 144820K [0x00000007a8000000, 0x00000007c0000000, 0x00000007c0000000)
 Metaspace       used 28745K, capacity 29028K, committed 29256K, reserved 1075200K
  class space    used 3274K, capacity 3353K, committed 3400K, reserved 1048576K
}
2016-06-08T15:57:26.106-0530: 697.697: Total time for which application threads were stopped: 0.0069198 seconds
{Heap before GC invocations=100 (full 2):
 par new generation   total 109248K, used 109248K [0x00000007a0000000, 0x00000007a8000000, 0x00000007a8000000)
  eden space 87424K, 100% used [0x00000007a0000000, 0x00000007a5560000, 0x00000007a5560000)
  from space 21824K, 100% used [0x00000007a5560000, 0x00000007a6ab0000, 0x00000007a6ab0000)
  to   space 21824K,   0% used [0x00000007a6ab0000, 0x00000007a6ab0000, 0x00000007a8000000)
 concurrent mark-sweep generation total 393216K, used 144820K [0x00000007a8000000, 0x00000007c0000000, 0x00000007c0000000)
 Metaspace       used 28745K, capacity 29028K, committed 29256K, reserved 1075200K
  class space    used 3274K, capacity 3353K, committed 3400K, reserved 1048576K
2016-06-08T15:57:26.700-0530: 698.291: [GC (Allocation Failure) 698.291: [ParNew
Desired survivor size 20112992 bytes, new threshold 7 (max 8)
- age   1:    5315312 bytes,    5315312 total
- age   2:    3547888 bytes,    8863200 total
- age   3:    3309448 bytes,   12172648 total
- age   4:    1934920 bytes,   14107568 total
- age   5:    1675504 bytes,   15783072 total
- age   6:    3030760 bytes,   18813832 total
- age   7:    1605080 bytes,   20418912 total
- age   8:        752 bytes,   20419664 total
: 109248K->21822K(109248K), 0.0067132 secs] 254068K->168797K(502464K), 0.0067703 secs] [Times: user=0.03 sys=0.00, real=0.00 secs] 
Heap after GC invocations=101 (full 2):
 par new generation   total 109248K, used 21822K [0x00000007a0000000, 0x00000007a8000000, 0x00000007a8000000)
  eden space 87424K,   0% used [0x00000007a0000000, 0x00000007a0000000, 0x00000007a5560000)
  from space 21824K,  99% used [0x00000007a6ab0000, 0x00000007a7fff900, 0x00000007a8000000)
  to   space 21824K,   0% used [0x00000007a5560000, 0x00000007a5560000, 0x00000007a6ab0000)
 concurrent mark-sweep generation total 393216K, used 146975K [0x00000007a8000000, 0x00000007c0000000, 0x00000007c0000000)
 Metaspace       used 28745K, capacity 29028K, committed 29256K, reserved 1075200K
  class space    used 3274K, capacity 3353K, committed 3400K, reserved 1048576K
}
2016-06-08T15:57:26.707-0530: 698.298: Total time for which application threads were stopped: 0.0069647 seconds
2016-06-08T15:57:26.973-0530: 698.565: Total time for which application threads were stopped: 0.0001078 seconds
{Heap before GC invocations=101 (full 2):
 par new generation   total 109248K, used 109246K [0x00000007a0000000, 0x00000007a8000000, 0x00000007a8000000)
  eden space 87424K, 100% used [0x00000007a0000000, 0x00000007a5560000, 0x00000007a5560000)
  from space 21824K,  99% used [0x00000007a6ab0000, 0x00000007a7fff900, 0x00000007a8000000)
  to   space 21824K,   0% used [0x00000007a5560000, 0x00000007a5560000, 0x00000007a6ab0000)
 concurrent mark-sweep generation total 393216K, used 146975K [0x00000007a8000000, 0x00000007c0000000, 0x00000007c0000000)
 Metaspace       used 28745K, capacity 29028K, committed 29256K, reserved 1075200K
  class space    used 3274K, capacity 3353K, committed 3400K, reserved 1048576K
2016-06-08T15:57:38.290-0530: 709.881: [GC (Allocation Failure) 709.891: [ParNew
Desired survivor size 20112992 bytes, new threshold 8 (max 8)
- age   1:    5491328 bytes,    5491328 total
- age   2:    1696240 bytes,    7187568 total
- age   3:    3320112 bytes,   10507680 total
- age   4:    3284000 bytes,   13791680 total
- age   5:    1511288 bytes,   15302968 total
- age   6:    1647424 bytes,   16950392 total
- age   7:    2747360 bytes,   19697752 total
: 109246K->21824K(109248K), 0.0065429 secs] 256221K->171049K(502464K), 0.0165803 secs] [Times: user=0.02 sys=0.01, real=0.01 secs] 
Heap after GC invocations=102 (full 2):
 par new generation   total 109248K, used 21824K [0x00000007a0000000, 0x00000007a8000000, 0x00000007a8000000)
  eden space 87424K,   0% used [0x00000007a0000000, 0x00000007a0000000, 0x00000007a5560000)
  from space 21824K, 100% used [0x00000007a5560000, 0x00000007a6ab0000, 0x00000007a6ab0000)
  to   space 21824K,   0% used [0x00000007a6ab0000, 0x00000007a6ab0000, 0x00000007a8000000)
 concurrent mark-sweep generation total 393216K, used 149225K [0x00000007a8000000, 0x00000007c0000000, 0x00000007c0000000)
 Metaspace       used 28745K, capacity 29028K, committed 29256K, reserved 1075200K
  class space    used 3274K, capacity 3353K, committed 3400K, reserved 1048576K
}
2016-06-08T15:57:38.306-0530: 709.898: Total time for which application threads were stopped: 0.0167657 seconds
{Heap before GC invocations=102 (full 2):
 par new generation   total 109248K, used 109248K [0x00000007a0000000, 0x00000007a8000000, 0x00000007a8000000)
  eden space 87424K, 100% used [0x00000007a0000000, 0x00000007a5560000, 0x00000007a5560000)
  from space 21824K, 100% used [0x00000007a5560000, 0x00000007a6ab0000, 0x00000007a6ab0000)
  to   space 21824K,   0% used [0x00000007a6ab0000, 0x00000007a6ab0000, 0x00000007a8000000)
 concurrent mark-sweep generation total 393216K, used 149225K [0x00000007a8000000, 0x00000007c0000000, 0x00000007c0000000)
 Metaspace       used 28745K, capacity 29028K, committed 29256K, reserved 1075200K
  class space    used 3274K, capacity 3353K, committed 3400K, reserved 1048576K
2016-06-08T15:57:38.911-0530: 710.503: [GC (Allocation Failure) 710.503: [ParNew
Desired survivor size 20112992 bytes, new threshold 8 (max 8)
- age   1:    3759368 bytes,    3759368 total
- age   2:    3901864 bytes,    7661232 total
- age   3:    1696240 bytes,    9357472 total
- age   4:    3319688 bytes,   12677160 total
- age   5:    1855424 bytes,   14532584 total
- age   6:    1511288 bytes,   16043872 total
- age   7:    1647424 bytes,   17691296 total
- age   8:    2747360 bytes,   20438656 total
: 109248K->21824K(109248K), 0.0069016 secs] 258473K->175792K(502464K), 0.0069890 secs] [Times: user=0.03 sys=0.00, real=0.00 secs] 
Heap after GC invocations=103 (full 2):
 par new generation   total 109248K, used 21824K [0x00000007a0000000, 0x00000007a8000000, 0x00000007a8000000)
  eden space 87424K,   0% used [0x00000007a0000000, 0x00000007a0000000, 0x00000007a5560000)
  from space 21824K, 100% used [0x00000007a6ab0000, 0x00000007a8000000, 0x00000007a8000000)
  to   space 21824K,   0% used [0x00000007a5560000, 0x00000007a5560000, 0x00000007a6ab0000)
 concurrent mark-sweep generation total 393216K, used 153968K [0x00000007a8000000, 0x00000007c0000000, 0x00000007c0000000)
 Metaspace       used 28745K, capacity 29028K, committed 29256K, reserved 1075200K
  class space    used 3274K, capacity 3353K, committed 3400K, reserved 1048576K
}
2016-06-08T15:57:38.918-0530: 710.510: Total time for which application threads were stopped: 0.0071839 seconds
2016-06-08T15:57:38.929-0530: 710.521: Total time for which application threads were stopped: 0.0001573 seconds
2016-06-08T15:57:38.929-0530: 710.521: Total time for which application threads were stopped: 0.0000844 seconds
2016-06-08T15:57:38.930-0530: 710.521: Total time for which application threads were stopped: 0.0003035 seconds
2016-06-08T15:57:38.930-0530: 710.522: Total time for which application threads were stopped: 0.0000674 seconds
2016-06-08T15:57:38.930-0530: 710.522: Total time for which application threads were stopped: 0.0001250 seconds
2016-06-08T15:57:38.991-0530: 710.583: Total time for which application threads were stopped: 0.0001126 seconds
2016-06-08T15:57:38.991-0530: 710.583: Total time for which application threads were stopped: 0.0000950 seconds
2016-06-08T15:57:38.991-0530: 710.583: Total time for which application threads were stopped: 0.0000796 seconds
2016-06-08T15:57:38.992-0530: 710.583: Total time for which application threads were stopped: 0.0000906 seconds
2016-06-08T15:57:38.992-0530: 710.583: Total time for which application threads were stopped: 0.0000757 seconds
2016-06-08T15:57:38.992-0530: 710.583: Total time for which application threads were stopped: 0.0000702 seconds
2016-06-08T15:57:38.992-0530: 710.584: Total time for which application threads were stopped: 0.0000887 seconds
2016-06-08T15:57:38.993-0530: 710.585: Total time for which application threads were stopped: 0.0000772 seconds
2016-06-08T15:57:38.993-0530: 710.585: Total time for which application threads were stopped: 0.0000667 seconds
2016-06-08T15:57:38.993-0530: 710.585: Total time for which application threads were stopped: 0.0000610 seconds
{Heap before GC invocations=103 (full 2):
 par new generation   total 109248K, used 109248K [0x00000007a0000000, 0x00000007a8000000, 0x00000007a8000000)
  eden space 87424K, 100% used [0x00000007a0000000, 0x00000007a5560000, 0x00000007a5560000)
  from space 21824K, 100% used [0x00000007a6ab0000, 0x00000007a8000000, 0x00000007a8000000)
  to   space 21824K,   0% used [0x00000007a5560000, 0x00000007a5560000, 0x00000007a6ab0000)
 concurrent mark-sweep generation total 393216K, used 153968K [0x00000007a8000000, 0x00000007c0000000, 0x00000007c0000000)
 Metaspace       used 28745K, capacity 29028K, committed 29256K, reserved 1075200K
  class space    used 3274K, capacity 3353K, committed 3400K, reserved 1048576K
2016-06-08T15:57:57.788-0530: 729.380: [GC (Allocation Failure) 729.416: [ParNew
Desired survivor size 20112992 bytes, new threshold 8 (max 8)
- age   1:    5699256 bytes,    5699256 total
- age   2:    3462832 bytes,    9162088 total
- age   3:    2594184 bytes,   11756272 total
- age   4:    1696240 bytes,   13452512 total
- age   5:    3311792 bytes,   16764304 total
- age   6:    1695624 bytes,   18459928 total
- age   7:    1509312 bytes,   19969240 total
- age   8:    1519384 bytes,   21488624 total
: 109248K->21824K(109248K), 0.0085393 secs] 263216K->179954K(502464K), 0.0450553 secs] [Times: user=0.03 sys=0.01, real=0.05 secs] 
Heap after GC invocations=104 (full 2):
 par new generation   total 109248K, used 21824K [0x00000007a0000000, 0x00000007a8000000, 0x00000007a8000000)
  eden space 87424K,   0% used [0x00000007a0000000, 0x00000007a0000000, 0x00000007a5560000)
  from space 21824K, 100% used [0x00000007a5560000, 0x00000007a6ab0000, 0x00000007a6ab0000)
  to   space 21824K,   0% used [0x00000007a6ab0000, 0x00000007a6ab0000, 0x00000007a8000000)
 concurrent mark-sweep generation total 393216K, used 158130K [0x00000007a8000000, 0x00000007c0000000, 0x00000007c0000000)
 Metaspace       used 28745K, capacity 29028K, committed 29256K, reserved 1075200K
  class space    used 3274K, capacity 3353K, committed 3400K, reserved 1048576K
}
2016-06-08T15:57:57.833-0530: 729.425: Total time for which application threads were stopped: 0.0452445 seconds
2016-06-08T15:57:58.172-0530: 729.764: Total time for which application threads were stopped: 0.0001084 seconds
2016-06-08T15:57:58.172-0530: 729.765: Total time for which application threads were stopped: 0.0001366 seconds
2016-06-08T15:57:58.173-0530: 729.765: Total time for which application threads were stopped: 0.0001029 seconds
2016-06-08T15:57:58.173-0530: 729.765: Total time for which application threads were stopped: 0.0000557 seconds
2016-06-08T15:57:58.173-0530: 729.766: Total time for which application threads were stopped: 0.0000627 seconds
2016-06-08T15:57:58.174-0530: 729.766: Total time for which application threads were stopped: 0.0000476 seconds
2016-06-08T15:57:58.174-0530: 729.766: Total time for which application threads were stopped: 0.0000466 seconds
2016-06-08T15:57:58.174-0530: 729.766: Total time for which application threads were stopped: 0.0000451 seconds
2016-06-08T15:57:58.204-0530: 729.796: Total time for which application threads were stopped: 0.0001227 seconds
2016-06-08T15:57:58.207-0530: 729.799: Total time for which application threads were stopped: 0.0001301 seconds
2016-06-08T15:57:58.213-0530: 729.805: Total time for which application threads were stopped: 0.0001171 seconds
2016-06-08T15:57:58.231-0530: 729.824: Total time for which application threads were stopped: 0.0001316 seconds
2016-06-08T15:57:58.233-0530: 729.825: Total time for which application threads were stopped: 0.0003362 seconds
2016-06-08T15:57:58.233-0530: 729.825: Total time for which application threads were stopped: 0.0000812 seconds
2016-06-08T15:57:58.892-0530: 730.484: Total time for which application threads were stopped: 0.0001029 seconds
2016-06-08T15:57:58.892-0530: 730.485: Total time for which application threads were stopped: 0.0000479 seconds
{Heap before GC invocations=104 (full 2):
 par new generation   total 109248K, used 109248K [0x00000007a0000000, 0x00000007a8000000, 0x00000007a8000000)
  eden space 87424K, 100% used [0x00000007a0000000, 0x00000007a5560000, 0x00000007a5560000)
  from space 21824K, 100% used [0x00000007a5560000, 0x00000007a6ab0000, 0x00000007a6ab0000)
  to   space 21824K,   0% used [0x00000007a6ab0000, 0x00000007a6ab0000, 0x00000007a8000000)
 concurrent mark-sweep generation total 393216K, used 158130K [0x00000007a8000000, 0x00000007c0000000, 0x00000007c0000000)
 Metaspace       used 28747K, capacity 29028K, committed 29256K, reserved 1075200K
  class space    used 3274K, capacity 3353K, committed 3400K, reserved 1048576K
2016-06-08T15:57:59.597-0530: 731.189: [GC (Allocation Failure) 731.189: [ParNew
Desired survivor size 20112992 bytes, new threshold 8 (max 8)
- age   1:    3114592 bytes,    3114592 total
- age   2:    2162960 bytes,    5277552 total
- age   3:    2937480 bytes,    8215032 total
- age   4:    2497032 bytes,   10712064 total
- age   5:    1696240 bytes,   12408304 total
- age   6:    3235512 bytes,   15643816 total
- age   7:    1695304 bytes,   17339120 total
- age   8:    1509176 bytes,   18848296 total
: 109248K->21824K(109248K), 0.0071630 secs] 267378K->182055K(502464K), 0.0072276 secs] [Times: user=0.02 sys=0.00, real=0.01 secs] 
Heap after GC invocations=105 (full 2):
 par new generation   total 109248K, used 21824K [0x00000007a0000000, 0x00000007a8000000, 0x00000007a8000000)
  eden space 87424K,   0% used [0x00000007a0000000, 0x00000007a0000000, 0x00000007a5560000)
  from space 21824K, 100% used [0x00000007a6ab0000, 0x00000007a8000000, 0x00000007a8000000)
  to   space 21824K,   0% used [0x00000007a5560000, 0x00000007a5560000, 0x00000007a6ab0000)
 concurrent mark-sweep generation total 393216K, used 160231K [0x00000007a8000000, 0x00000007c0000000, 0x00000007c0000000)
 Metaspace       used 28747K, capacity 29028K, committed 29256K, reserved 1075200K
  class space    used 3274K, capacity 3353K, committed 3400K, reserved 1048576K
}
2016-06-08T15:57:59.604-0530: 731.196: Total time for which application threads were stopped: 0.0074167 seconds
2016-06-08T15:58:00.514-0530: 732.107: Total time for which application threads were stopped: 0.0001093 seconds
2016-06-08T15:58:00.518-0530: 732.111: Total time for which application threads were stopped: 0.0001253 seconds
{Heap before GC invocations=105 (full 2):
 par new generation   total 109248K, used 109248K [0x00000007a0000000, 0x00000007a8000000, 0x00000007a8000000)
  eden space 87424K, 100% used [0x00000007a0000000, 0x00000007a5560000, 0x00000007a5560000)
  from space 21824K, 100% used [0x00000007a6ab0000, 0x00000007a8000000, 0x00000007a8000000)
  to   space 21824K,   0% used [0x00000007a5560000, 0x00000007a5560000, 0x00000007a6ab0000)
 concurrent mark-sweep generation total 393216K, used 160231K [0x00000007a8000000, 0x00000007c0000000, 0x00000007c0000000)
 Metaspace       used 28748K, capacity 29028K, committed 29256K, reserved 1075200K
  class space    used 3274K, capacity 3353K, committed 3400K, reserved 1048576K
2016-06-08T15:58:18.960-0530: 750.553: [GC (Allocation Failure) 750.553: [ParNew
Desired survivor size 20112992 bytes, new threshold 8 (max 8)
- age   1:    1110480 bytes,    1110480 total
- age   2:    2842960 bytes,    3953440 total
- age   3:    2073056 bytes,    6026496 total
- age   4:    2593816 bytes,    8620312 total
- age   5:    2491568 bytes,   11111880 total
- age   6:    1696240 bytes,   12808120 total
- age   7:    3235392 bytes,   16043512 total
- age   8:    1638104 bytes,   17681616 total
: 109248K->21824K(109248K), 0.0064761 secs] 269479K->184012K(502464K), 0.0065555 secs] [Times: user=0.02 sys=0.00, real=0.00 secs] 
Heap after GC invocations=106 (full 2):
 par new generation   total 109248K, used 21824K [0x00000007a0000000, 0x00000007a8000000, 0x00000007a8000000)
  eden space 87424K,   0% used [0x00000007a0000000, 0x00000007a0000000, 0x00000007a5560000)
  from space 21824K, 100% used [0x00000007a5560000, 0x00000007a6ab0000, 0x00000007a6ab0000)
  to   space 21824K,   0% used [0x00000007a6ab0000, 0x00000007a6ab0000, 0x00000007a8000000)
 concurrent mark-sweep generation total 393216K, used 162188K [0x00000007a8000000, 0x00000007c0000000, 0x00000007c0000000)
 Metaspace       used 28748K, capacity 29028K, committed 29256K, reserved 1075200K
  class space    used 3274K, capacity 3353K, committed 3400K, reserved 1048576K
}
2016-06-08T15:58:18.966-0530: 750.559: Total time for which application threads were stopped: 0.0067676 seconds
{Heap before GC invocations=106 (full 2):
 par new generation   total 109248K, used 109248K [0x00000007a0000000, 0x00000007a8000000, 0x00000007a8000000)
  eden space 87424K, 100% used [0x00000007a0000000, 0x00000007a5560000, 0x00000007a5560000)
  from space 21824K, 100% used [0x00000007a5560000, 0x00000007a6ab0000, 0x00000007a6ab0000)
  to   space 21824K,   0% used [0x00000007a6ab0000, 0x00000007a6ab0000, 0x00000007a8000000)
 concurrent mark-sweep generation total 393216K, used 162188K [0x00000007a8000000, 0x00000007c0000000, 0x00000007c0000000)
 Metaspace       used 28748K, capacity 29028K, committed 29256K, reserved 1075200K
  class space    used 3274K, capacity 3353K, committed 3400K, reserved 1048576K
2016-06-08T15:58:19.545-0530: 751.138: [GC (Allocation Failure) 751.138: [ParNew
Desired survivor size 20112992 bytes, new threshold 8 (max 8)
- age   1:    5018784 bytes,    5018784 total
- age   2:     775464 bytes,    5794248 total
- age   3:    2790824 bytes,    8585072 total
- age   4:    2066720 bytes,   10651792 total
- age   5:    2488776 bytes,   13140568 total
- age   6:    2281360 bytes,   15421928 total
- age   7:    1696240 bytes,   17118168 total
- age   8:    3235208 bytes,   20353376 total
: 109248K->21824K(109248K), 0.0087949 secs] 271436K->186338K(502464K), 0.0088740 secs] [Times: user=0.02 sys=0.01, real=0.01 secs] 
Heap after GC invocations=107 (full 2):
 par new generation   total 109248K, used 21824K [0x00000007a0000000, 0x00000007a8000000, 0x00000007a8000000)
  eden space 87424K,   0% used [0x00000007a0000000, 0x00000007a0000000, 0x00000007a5560000)
  from space 21824K, 100% used [0x00000007a6ab0000, 0x00000007a8000000, 0x00000007a8000000)
  to   space 21824K,   0% used [0x00000007a5560000, 0x00000007a5560000, 0x00000007a6ab0000)
 concurrent mark-sweep generation total 393216K, used 164514K [0x00000007a8000000, 0x00000007c0000000, 0x00000007c0000000)
 Metaspace       used 28748K, capacity 29028K, committed 29256K, reserved 1075200K
  class space    used 3274K, capacity 3353K, committed 3400K, reserved 1048576K
}
2016-06-08T15:58:19.554-0530: 751.147: Total time for which application threads were stopped: 0.0091055 seconds
2016-06-08T15:58:19.750-0530: 751.343: Total time for which application threads were stopped: 0.0002023 seconds
2016-06-08T15:58:19.751-0530: 751.344: Total time for which application threads were stopped: 0.0001216 seconds
2016-06-08T15:58:19.892-0530: 751.485: Total time for which application threads were stopped: 0.0001320 seconds
2016-06-08T15:58:19.893-0530: 751.485: Total time for which application threads were stopped: 0.0001082 seconds
2016-06-08T15:58:19.893-0530: 751.486: Total time for which application threads were stopped: 0.0000577 seconds
2016-06-08T15:58:19.893-0530: 751.486: Total time for which application threads were stopped: 0.0000702 seconds
{Heap before GC invocations=107 (full 2):
 par new generation   total 109248K, used 109248K [0x00000007a0000000, 0x00000007a8000000, 0x00000007a8000000)
  eden space 87424K, 100% used [0x00000007a0000000, 0x00000007a5560000, 0x00000007a5560000)
  from space 21824K, 100% used [0x00000007a6ab0000, 0x00000007a8000000, 0x00000007a8000000)
  to   space 21824K,   0% used [0x00000007a5560000, 0x00000007a5560000, 0x00000007a6ab0000)
 concurrent mark-sweep generation total 393216K, used 164514K [0x00000007a8000000, 0x00000007c0000000, 0x00000007c0000000)
 Metaspace       used 28749K, capacity 29028K, committed 29256K, reserved 1075200K
  class space    used 3274K, capacity 3353K, committed 3400K, reserved 1048576K
2016-06-08T15:58:35.180-0530: 766.773: [GC (Allocation Failure) 766.773: [ParNew
Desired survivor size 20112992 bytes, new threshold 8 (max 8)
- age   1:    5641240 bytes,    5641240 total
- age   2:    4026376 bytes,    9667616 total
- age   3:     626336 bytes,   10293952 total
- age   4:    2592440 bytes,   12886392 total
- age   5:    2050024 bytes,   14936416 total
- age   6:    2488512 bytes,   17424928 total
- age   7:    2204192 bytes,   19629120 total
- age   8:    1696240 bytes,   21325360 total
: 109248K->21824K(109248K), 0.0081938 secs] 273762K->191032K(502464K), 0.0082512 secs] [Times: user=0.03 sys=0.01, real=0.00 secs] 
Heap after GC invocations=108 (full 2):
 par new generation   total 109248K, used 21824K [0x00000007a0000000, 0x00000007a8000000, 0x00000007a8000000)
  eden space 87424K,   0% used [0x00000007a0000000, 0x00000007a0000000, 0x00000007a5560000)
  from space 21824K, 100% used [0x00000007a5560000, 0x00000007a6ab0000, 0x00000007a6ab0000)
  to   space 21824K,   0% used [0x00000007a6ab0000, 0x00000007a6ab0000, 0x00000007a8000000)
 concurrent mark-sweep generation total 393216K, used 169208K [0x00000007a8000000, 0x00000007c0000000, 0x00000007c0000000)
 Metaspace       used 28749K, capacity 29028K, committed 29256K, reserved 1075200K
  class space    used 3274K, capacity 3353K, committed 3400K, reserved 1048576K
}
2016-06-08T15:58:35.188-0530: 766.782: Total time for which application threads were stopped: 0.0084392 seconds
2016-06-08T15:58:36.193-0530: 767.786: Total time for which application threads were stopped: 0.0002771 seconds
{Heap before GC invocations=108 (full 2):
 par new generation   total 109248K, used 109248K [0x00000007a0000000, 0x00000007a8000000, 0x00000007a8000000)
  eden space 87424K, 100% used [0x00000007a0000000, 0x00000007a5560000, 0x00000007a5560000)
  from space 21824K, 100% used [0x00000007a5560000, 0x00000007a6ab0000, 0x00000007a6ab0000)
  to   space 21824K,   0% used [0x00000007a6ab0000, 0x00000007a6ab0000, 0x00000007a8000000)
 concurrent mark-sweep generation total 393216K, used 169208K [0x00000007a8000000, 0x00000007c0000000, 0x00000007c0000000)
 Metaspace       used 28749K, capacity 29028K, committed 29256K, reserved 1075200K
  class space    used 3274K, capacity 3353K, committed 3400K, reserved 1048576K
2016-06-08T15:58:48.099-0530: 779.693: [GC (Allocation Failure) 779.700: [ParNew
Desired survivor size 20112992 bytes, new threshold 8 (max 8)
- age   1:    4310952 bytes,    4310952 total
- age   2:    2980432 bytes,    7291384 total
- age   3:    3403480 bytes,   10694864 total
- age   4:     626336 bytes,   11321200 total
- age   5:    2591272 bytes,   13912472 total
- age   6:    1982888 bytes,   15895360 total
- age   7:    2487680 bytes,   18383040 total
- age   8:    2204192 bytes,   20587232 total
: 109248K->21824K(109248K), 0.0067548 secs] 278456K->193424K(502464K), 0.0139513 secs] [Times: user=0.02 sys=0.00, real=0.02 secs] 
Heap after GC invocations=109 (full 2):
 par new generation   total 109248K, used 21824K [0x00000007a0000000, 0x00000007a8000000, 0x00000007a8000000)
  eden space 87424K,   0% used [0x00000007a0000000, 0x00000007a0000000, 0x00000007a5560000)
  from space 21824K, 100% used [0x00000007a6ab0000, 0x00000007a8000000, 0x00000007a8000000)
  to   space 21824K,   0% used [0x00000007a5560000, 0x00000007a5560000, 0x00000007a6ab0000)
 concurrent mark-sweep generation total 393216K, used 171600K [0x00000007a8000000, 0x00000007c0000000, 0x00000007c0000000)
 Metaspace       used 28749K, capacity 29028K, committed 29256K, reserved 1075200K
  class space    used 3274K, capacity 3353K, committed 3400K, reserved 1048576K
}
2016-06-08T15:58:48.113-0530: 779.707: Total time for which application threads were stopped: 0.0141394 seconds
{Heap before GC invocations=109 (full 2):
 par new generation   total 109248K, used 109245K [0x00000007a0000000, 0x00000007a8000000, 0x00000007a8000000)
  eden space 87424K,  99% used [0x00000007a0000000, 0x00000007a555f608, 0x00000007a5560000)
  from space 21824K, 100% used [0x00000007a6ab0000, 0x00000007a8000000, 0x00000007a8000000)
  to   space 21824K,   0% used [0x00000007a5560000, 0x00000007a5560000, 0x00000007a6ab0000)
 concurrent mark-sweep generation total 393216K, used 171600K [0x00000007a8000000, 0x00000007c0000000, 0x00000007c0000000)
 Metaspace       used 28749K, capacity 29028K, committed 29256K, reserved 1075200K
  class space    used 3274K, capacity 3353K, committed 3400K, reserved 1048576K
2016-06-08T15:58:48.694-0530: 780.288: [GC (Allocation Failure) 780.288: [ParNew
Desired survivor size 20112992 bytes, new threshold 8 (max 8)
- age   1:    4027416 bytes,    4027416 total
- age   2:    3967104 bytes,    7994520 total
- age   3:    2146672 bytes,   10141192 total
- age   4:    3403480 bytes,   13544672 total
- age   5:     626152 bytes,   14170824 total
- age   6:    2591120 bytes,   16761944 total
- age   7:    1982888 bytes,   18744832 total
- age   8:    2487680 bytes,   21232512 total
: 109245K->21824K(109248K), 0.0100855 secs] 280846K->197674K(502464K), 0.0101435 secs] [Times: user=0.02 sys=0.00, real=0.01 secs] 
Heap after GC invocations=110 (full 2):
 par new generation   total 109248K, used 21824K [0x00000007a0000000, 0x00000007a8000000, 0x00000007a8000000)
  eden space 87424K,   0% used [0x00000007a0000000, 0x00000007a0000000, 0x00000007a5560000)
  from space 21824K, 100% used [0x00000007a5560000, 0x00000007a6ab0000, 0x00000007a6ab0000)
  to   space 21824K,   0% used [0x00000007a6ab0000, 0x00000007a6ab0000, 0x00000007a8000000)
 concurrent mark-sweep generation total 393216K, used 175850K [0x00000007a8000000, 0x00000007c0000000, 0x00000007c0000000)
 Metaspace       used 28749K, capacity 29028K, committed 29256K, reserved 1075200K
  class space    used 3274K, capacity 3353K, committed 3400K, reserved 1048576K
}
2016-06-08T15:58:48.704-0530: 780.298: Total time for which application threads were stopped: 0.0103198 seconds
2016-06-08T15:58:48.867-0530: 780.461: Total time for which application threads were stopped: 0.0000839 seconds
2016-06-08T15:58:48.868-0530: 780.461: Total time for which application threads were stopped: 0.0000749 seconds
2016-06-08T15:58:48.868-0530: 780.461: Total time for which application threads were stopped: 0.0000448 seconds
2016-06-08T15:58:48.868-0530: 780.462: Total time for which application threads were stopped: 0.0000947 seconds
2016-06-08T15:58:48.868-0530: 780.462: Total time for which application threads were stopped: 0.0000487 seconds
2016-06-08T15:58:48.955-0530: 780.549: Total time for which application threads were stopped: 0.0001010 seconds
2016-06-08T15:58:48.955-0530: 780.549: Total time for which application threads were stopped: 0.0000867 seconds
2016-06-08T15:58:48.956-0530: 780.550: Total time for which application threads were stopped: 0.0001317 seconds
{Heap before GC invocations=110 (full 2):
 par new generation   total 109248K, used 109218K [0x00000007a0000000, 0x00000007a8000000, 0x00000007a8000000)
  eden space 87424K,  99% used [0x00000007a0000000, 0x00000007a5558a28, 0x00000007a5560000)
  from space 21824K, 100% used [0x00000007a5560000, 0x00000007a6ab0000, 0x00000007a6ab0000)
  to   space 21824K,   0% used [0x00000007a6ab0000, 0x00000007a6ab0000, 0x00000007a8000000)
 concurrent mark-sweep generation total 393216K, used 175850K [0x00000007a8000000, 0x00000007c0000000, 0x00000007c0000000)
 Metaspace       used 28750K, capacity 29028K, committed 29256K, reserved 1075200K
  class space    used 3274K, capacity 3353K, committed 3400K, reserved 1048576K
2016-06-08T15:59:03.632-0530: 795.226: [GC (Allocation Failure) 795.237: [ParNew
Desired survivor size 20112992 bytes, new threshold 8 (max 8)
- age   1:    5877712 bytes,    5877712 total
- age   2:    1384072 bytes,    7261784 total
- age   3:    3304904 bytes,   10566688 total
- age   4:    2124448 bytes,   12691136 total
- age   5:    2648440 bytes,   15339576 total
- age   6:     559216 bytes,   15898792 total
- age   7:    2505464 bytes,   18404256 total
- age   8:    1982520 bytes,   20386776 total
: 109218K->21824K(109248K), 0.0081859 secs] 285069K->200947K(502464K), 0.0195921 secs] [Times: user=0.03 sys=0.00, real=0.02 secs] 
Heap after GC invocations=111 (full 2):
 par new generation   total 109248K, used 21824K [0x00000007a0000000, 0x00000007a8000000, 0x00000007a8000000)
  eden space 87424K,   0% used [0x00000007a0000000, 0x00000007a0000000, 0x00000007a5560000)
  from space 21824K, 100% used [0x00000007a6ab0000, 0x00000007a8000000, 0x00000007a8000000)
  to   space 21824K,   0% used [0x00000007a5560000, 0x00000007a5560000, 0x00000007a6ab0000)
 concurrent mark-sweep generation total 393216K, used 179123K [0x00000007a8000000, 0x00000007c0000000, 0x00000007c0000000)
 Metaspace       used 28750K, capacity 29028K, committed 29256K, reserved 1075200K
  class space    used 3274K, capacity 3353K, committed 3400K, reserved 1048576K
}
2016-06-08T15:59:03.651-0530: 795.246: Total time for which application threads were stopped: 0.0197972 seconds
2016-06-08T15:59:04.160-0530: 795.754: Total time for which application threads were stopped: 0.0000843 seconds
2016-06-08T15:59:04.161-0530: 795.755: Total time for which application threads were stopped: 0.0000781 seconds
2016-06-08T15:59:04.213-0530: 795.807: Total time for which application threads were stopped: 0.0000879 seconds
2016-06-08T15:59:04.213-0530: 795.808: Total time for which application threads were stopped: 0.0000825 seconds
2016-06-08T15:59:04.214-0530: 795.808: Total time for which application threads were stopped: 0.0000474 seconds
2016-06-08T15:59:04.214-0530: 795.808: Total time for which application threads were stopped: 0.0000787 seconds
{Heap before GC invocations=111 (full 2):
 par new generation   total 109248K, used 109243K [0x00000007a0000000, 0x00000007a8000000, 0x00000007a8000000)
  eden space 87424K,  99% used [0x00000007a0000000, 0x00000007a555efe0, 0x00000007a5560000)
  from space 21824K, 100% used [0x00000007a6ab0000, 0x00000007a8000000, 0x00000007a8000000)
  to   space 21824K,   0% used [0x00000007a5560000, 0x00000007a5560000, 0x00000007a6ab0000)
 concurrent mark-sweep generation total 393216K, used 179123K [0x00000007a8000000, 0x00000007c0000000, 0x00000007c0000000)
 Metaspace       used 28750K, capacity 29028K, committed 29256K, reserved 1075200K
  class space    used 3274K, capacity 3353K, committed 3400K, reserved 1048576K
2016-06-08T15:59:19.077-0530: 810.672: [GC (Allocation Failure) 810.672: [ParNew
Desired survivor size 20112992 bytes, new threshold 8 (max 8)
- age   1:    3582032 bytes,    3582032 total
- age   2:    3285848 bytes,    6867880 total
- age   3:    1384072 bytes,    8251952 total
- age   4:    3303864 bytes,   11555816 total
- age   5:    2038360 bytes,   13594176 total
- age   6:    2648440 bytes,   16242616 total
- age   7:     559216 bytes,   16801832 total
- age   8:    2371304 bytes,   19173136 total
: 109243K->21824K(109248K), 0.0077150 secs] 288367K->203564K(502464K), 0.0077938 secs] [Times: user=0.02 sys=0.01, real=0.01 secs] 
Heap after GC invocations=112 (full 2):
 par new generation   total 109248K, used 21824K [0x00000007a0000000, 0x00000007a8000000, 0x00000007a8000000)
  eden space 87424K,   0% used [0x00000007a0000000, 0x00000007a0000000, 0x00000007a5560000)
  from space 21824K, 100% used [0x00000007a5560000, 0x00000007a6ab0000, 0x00000007a6ab0000)
  to   space 21824K,   0% used [0x00000007a6ab0000, 0x00000007a6ab0000, 0x00000007a8000000)
 concurrent mark-sweep generation total 393216K, used 181740K [0x00000007a8000000, 0x00000007c0000000, 0x00000007c0000000)
 Metaspace       used 28750K, capacity 29028K, committed 29256K, reserved 1075200K
  class space    used 3274K, capacity 3353K, committed 3400K, reserved 1048576K
}
2016-06-08T15:59:19.085-0530: 810.680: Total time for which application threads were stopped: 0.0079735 seconds
{Heap before GC invocations=112 (full 2):
 par new generation   total 109248K, used 109248K [0x00000007a0000000, 0x00000007a8000000, 0x00000007a8000000)
  eden space 87424K, 100% used [0x00000007a0000000, 0x00000007a5560000, 0x00000007a5560000)
  from space 21824K, 100% used [0x00000007a5560000, 0x00000007a6ab0000, 0x00000007a6ab0000)
  to   space 21824K,   0% used [0x00000007a6ab0000, 0x00000007a6ab0000, 0x00000007a8000000)
 concurrent mark-sweep generation total 393216K, used 181740K [0x00000007a8000000, 0x00000007c0000000, 0x00000007c0000000)
 Metaspace       used 28750K, capacity 29028K, committed 29256K, reserved 1075200K
  class space    used 3274K, capacity 3353K, committed 3400K, reserved 1048576K
2016-06-08T15:59:19.779-0530: 811.374: [GC (Allocation Failure) 811.374: [ParNew
Desired survivor size 20112992 bytes, new threshold 8 (max 8)
- age   1:    4773864 bytes,    4773864 total
- age   2:    3371184 bytes,    8145048 total
- age   3:    3285216 bytes,   11430264 total
- age   4:    1384072 bytes,   12814336 total
- age   5:    3302824 bytes,   16117160 total
- age   6:    1491808 bytes,   17608968 total
- age   7:    2411320 bytes,   20020288 total
- age   8:     559216 bytes,   20579504 total
: 109248K->21824K(109248K), 0.0095304 secs] 290988K->207220K(502464K), 0.0095984 secs] [Times: user=0.02 sys=0.01, real=0.01 secs] 
Heap after GC invocations=113 (full 2):
 par new generation   total 109248K, used 21824K [0x00000007a0000000, 0x00000007a8000000, 0x00000007a8000000)
  eden space 87424K,   0% used [0x00000007a0000000, 0x00000007a0000000, 0x00000007a5560000)
  from space 21824K, 100% used [0x00000007a6ab0000, 0x00000007a8000000, 0x00000007a8000000)
  to   space 21824K,   0% used [0x00000007a5560000, 0x00000007a5560000, 0x00000007a6ab0000)
 concurrent mark-sweep generation total 393216K, used 185396K [0x00000007a8000000, 0x00000007c0000000, 0x00000007c0000000)
 Metaspace       used 28750K, capacity 29028K, committed 29256K, reserved 1075200K
  class space    used 3274K, capacity 3353K, committed 3400K, reserved 1048576K
}
2016-06-08T15:59:19.789-0530: 811.384: Total time for which application threads were stopped: 0.0097995 seconds
2016-06-08T15:59:19.959-0530: 811.554: Total time for which application threads were stopped: 0.0000794 seconds
2016-06-08T15:59:19.960-0530: 811.554: Total time for which application threads were stopped: 0.0000739 seconds
2016-06-08T15:59:19.960-0530: 811.555: Total time for which application threads were stopped: 0.0000516 seconds
2016-06-08T15:59:19.994-0530: 811.589: Total time for which application threads were stopped: 0.0000825 seconds
2016-06-08T15:59:19.995-0530: 811.589: Total time for which application threads were stopped: 0.0000499 seconds
2016-06-08T15:59:19.995-0530: 811.589: Total time for which application threads were stopped: 0.0000497 seconds
2016-06-08T15:59:19.995-0530: 811.590: Total time for which application threads were stopped: 0.0000431 seconds
2016-06-08T15:59:19.996-0530: 811.590: Total time for which application threads were stopped: 0.0000885 seconds
2016-06-08T15:59:19.996-0530: 811.590: Total time for which application threads were stopped: 0.0001227 seconds
2016-06-08T15:59:19.996-0530: 811.591: Total time for which application threads were stopped: 0.0000534 seconds
{Heap before GC invocations=113 (full 2):
 par new generation   total 109248K, used 109243K [0x00000007a0000000, 0x00000007a8000000, 0x00000007a8000000)
  eden space 87424K,  99% used [0x00000007a0000000, 0x00000007a555ef30, 0x00000007a5560000)
  from space 21824K, 100% used [0x00000007a6ab0000, 0x00000007a8000000, 0x00000007a8000000)
  to   space 21824K,   0% used [0x00000007a5560000, 0x00000007a5560000, 0x00000007a6ab0000)
 concurrent mark-sweep generation total 393216K, used 185396K [0x00000007a8000000, 0x00000007c0000000, 0x00000007c0000000)
 Metaspace       used 28751K, capacity 29028K, committed 29256K, reserved 1075200K
  class space    used 3274K, capacity 3353K, committed 3400K, reserved 1048576K
2016-06-08T15:59:37.894-0530: 829.490: [GC (Allocation Failure) 829.499: [ParNew
Desired survivor size 20112992 bytes, new threshold 8 (max 8)
- age   1:    5716944 bytes,    5716944 total
- age   2:    1225840 bytes,    6942784 total
- age   3:    2945176 bytes,    9887960 total
- age   4:    3283896 bytes,   13171856 total
- age   5:    1384072 bytes,   14555928 total
- age   6:    2929600 bytes,   17485528 total
- age   7:     649392 bytes,   18134920 total
- age   8:    1427800 bytes,   19562720 total
: 109243K->21824K(109248K), 0.0087638 secs] 294640K->209880K(502464K), 0.0182202 secs] [Times: user=0.02 sys=0.01, real=0.02 secs] 
Heap after GC invocations=114 (full 2):
 par new generation   total 109248K, used 21824K [0x00000007a0000000, 0x00000007a8000000, 0x00000007a8000000)
  eden space 87424K,   0% used [0x00000007a0000000, 0x00000007a0000000, 0x00000007a5560000)
  from space 21824K, 100% used [0x00000007a5560000, 0x00000007a6ab0000, 0x00000007a6ab0000)
  to   space 21824K,   0% used [0x00000007a6ab0000, 0x00000007a6ab0000, 0x00000007a8000000)
 concurrent mark-sweep generation total 393216K, used 188056K [0x00000007a8000000, 0x00000007c0000000, 0x00000007c0000000)
 Metaspace       used 28751K, capacity 29028K, committed 29256K, reserved 1075200K
  class space    used 3274K, capacity 3353K, committed 3400K, reserved 1048576K
}
2016-06-08T15:59:37.913-0530: 829.508: Total time for which application threads were stopped: 0.0184023 seconds
2016-06-08T15:59:38.411-0530: 830.006: Total time for which application threads were stopped: 0.0000918 seconds
2016-06-08T15:59:38.412-0530: 830.007: Total time for which application threads were stopped: 0.0000958 seconds
2016-06-08T15:59:38.448-0530: 830.043: Total time for which application threads were stopped: 0.0000891 seconds
2016-06-08T15:59:38.449-0530: 830.044: Total time for which application threads were stopped: 0.0000593 seconds
2016-06-08T15:59:38.449-0530: 830.044: Total time for which application threads were stopped: 0.0000801 seconds
2016-06-08T15:59:38.449-0530: 830.044: Total time for which application threads were stopped: 0.0000583 seconds
{Heap before GC invocations=114 (full 2):
 par new generation   total 109248K, used 109248K [0x00000007a0000000, 0x00000007a8000000, 0x00000007a8000000)
  eden space 87424K, 100% used [0x00000007a0000000, 0x00000007a5560000, 0x00000007a5560000)
  from space 21824K, 100% used [0x00000007a5560000, 0x00000007a6ab0000, 0x00000007a6ab0000)
  to   space 21824K,   0% used [0x00000007a6ab0000, 0x00000007a6ab0000, 0x00000007a8000000)
 concurrent mark-sweep generation total 393216K, used 188056K [0x00000007a8000000, 0x00000007c0000000, 0x00000007c0000000)
 Metaspace       used 28754K, capacity 29028K, committed 29256K, reserved 1075200K
  class space    used 3274K, capacity 3353K, committed 3400K, reserved 1048576K
2016-06-08T15:59:52.455-0530: 844.051: [GC (Allocation Failure) 844.051: [ParNew
Desired survivor size 20112992 bytes, new threshold 8 (max 8)
- age   1:    3694016 bytes,    3694016 total
- age   2:    3250480 bytes,    6944496 total
- age   3:    1225840 bytes,    8170336 total
- age   4:    2944008 bytes,   11114344 total
- age   5:    3023960 bytes,   14138304 total
- age   6:    1383952 bytes,   15522256 total
- age   7:    2929600 bytes,   18451856 total
- age   8:     649392 bytes,   19101248 total
: 109248K->21824K(109248K), 0.0063438 secs] 297304K->211798K(502464K), 0.0064115 secs] [Times: user=0.01 sys=0.00, real=0.01 secs] 
Heap after GC invocations=115 (full 2):
 par new generation   total 109248K, used 21824K [0x00000007a0000000, 0x00000007a8000000, 0x00000007a8000000)
  eden space 87424K,   0% used [0x00000007a0000000, 0x00000007a0000000, 0x00000007a5560000)
  from space 21824K, 100% used [0x00000007a6ab0000, 0x00000007a8000000, 0x00000007a8000000)
  to   space 21824K,   0% used [0x00000007a5560000, 0x00000007a5560000, 0x00000007a6ab0000)
 concurrent mark-sweep generation total 393216K, used 189974K [0x00000007a8000000, 0x00000007c0000000, 0x00000007c0000000)
 Metaspace       used 28754K, capacity 29028K, committed 29256K, reserved 1075200K
  class space    used 3274K, capacity 3353K, committed 3400K, reserved 1048576K
}
2016-06-08T15:59:52.462-0530: 844.057: Total time for which application threads were stopped: 0.0065879 seconds
{Heap before GC invocations=115 (full 2):
 par new generation   total 109248K, used 109248K [0x00000007a0000000, 0x00000007a8000000, 0x00000007a8000000)
  eden space 87424K, 100% used [0x00000007a0000000, 0x00000007a5560000, 0x00000007a5560000)
  from space 21824K, 100% used [0x00000007a6ab0000, 0x00000007a8000000, 0x00000007a8000000)
  to   space 21824K,   0% used [0x00000007a5560000, 0x00000007a5560000, 0x00000007a6ab0000)
 concurrent mark-sweep generation total 393216K, used 189974K [0x00000007a8000000, 0x00000007c0000000, 0x00000007c0000000)
 Metaspace       used 28754K, capacity 29028K, committed 29256K, reserved 1075200K
  class space    used 3274K, capacity 3353K, committed 3400K, reserved 1048576K
2016-06-08T15:59:53.032-0530: 844.628: [GC (Allocation Failure) 844.628: [ParNew
Desired survivor size 20112992 bytes, new threshold 8 (max 8)
- age   1:    5331016 bytes,    5331016 total
- age   2:    3533864 bytes,    8864880 total
- age   3:    3250296 bytes,   12115176 total
- age   4:    1225840 bytes,   13341016 total
- age   5:    2944008 bytes,   16285024 total
- age   6:    2571144 bytes,   18856168 total
- age   7:    1104192 bytes,   19960360 total
- age   8:    1959224 bytes,   21919584 total
: 109248K->21824K(109248K), 0.0069952 secs] 299222K->214096K(502464K), 0.0070534 secs] [Times: user=0.02 sys=0.01, real=0.01 secs] 
Heap after GC invocations=116 (full 2):
 par new generation   total 109248K, used 21824K [0x00000007a0000000, 0x00000007a8000000, 0x00000007a8000000)
  eden space 87424K,   0% used [0x00000007a0000000, 0x00000007a0000000, 0x00000007a5560000)
  from space 21824K, 100% used [0x00000007a5560000, 0x00000007a6ab0000, 0x00000007a6ab0000)
  to   space 21824K,   0% used [0x00000007a6ab0000, 0x00000007a6ab0000, 0x00000007a8000000)
 concurrent mark-sweep generation total 393216K, used 192272K [0x00000007a8000000, 0x00000007c0000000, 0x00000007c0000000)
 Metaspace       used 28754K, capacity 29028K, committed 29256K, reserved 1075200K
  class space    used 3274K, capacity 3353K, committed 3400K, reserved 1048576K
}
2016-06-08T15:59:53.040-0530: 844.635: Total time for which application threads were stopped: 0.0072376 seconds
2016-06-08T15:59:54.042-0530: 845.638: Total time for which application threads were stopped: 0.0003137 seconds
{Heap before GC invocations=116 (full 2):
 par new generation   total 109248K, used 109226K [0x00000007a0000000, 0x00000007a8000000, 0x00000007a8000000)
  eden space 87424K,  99% used [0x00000007a0000000, 0x00000007a555aa00, 0x00000007a5560000)
  from space 21824K, 100% used [0x00000007a5560000, 0x00000007a6ab0000, 0x00000007a6ab0000)
  to   space 21824K,   0% used [0x00000007a6ab0000, 0x00000007a6ab0000, 0x00000007a8000000)
 concurrent mark-sweep generation total 393216K, used 192272K [0x00000007a8000000, 0x00000007c0000000, 0x00000007c0000000)
 Metaspace       used 28757K, capacity 29028K, committed 29256K, reserved 1075200K
  class space    used 3274K, capacity 3353K, committed 3400K, reserved 1048576K
2016-06-08T16:00:10.457-0530: 862.054: [GC (Allocation Failure) 862.054: [ParNew
Desired survivor size 20112992 bytes, new threshold 8 (max 8)
- age   1:    5819464 bytes,    5819464 total
- age   2:    1849840 bytes,    7669304 total
- age   3:    2073888 bytes,    9743192 total
- age   4:    3249216 bytes,   12992408 total
- age   5:    1225840 bytes,   14218248 total
- age   6:    2877096 bytes,   17095344 total
- age   7:    2518904 bytes,   19614248 total
- age   8:    1104192 bytes,   20718440 total
: 109226K->21824K(109248K), 0.0071701 secs] 301499K->216914K(502464K), 0.0072499 secs] [Times: user=0.03 sys=0.00, real=0.01 secs] 
Heap after GC invocations=117 (full 2):
 par new generation   total 109248K, used 21824K [0x00000007a0000000, 0x00000007a8000000, 0x00000007a8000000)
  eden space 87424K,   0% used [0x00000007a0000000, 0x00000007a0000000, 0x00000007a5560000)
  from space 21824K, 100% used [0x00000007a6ab0000, 0x00000007a8000000, 0x00000007a8000000)
  to   space 21824K,   0% used [0x00000007a5560000, 0x00000007a5560000, 0x00000007a6ab0000)
 concurrent mark-sweep generation total 393216K, used 195090K [0x00000007a8000000, 0x00000007c0000000, 0x00000007c0000000)
 Metaspace       used 28757K, capacity 29028K, committed 29256K, reserved 1075200K
  class space    used 3274K, capacity 3353K, committed 3400K, reserved 1048576K
}
2016-06-08T16:00:10.465-0530: 862.061: Total time for which application threads were stopped: 0.0074486 seconds
2016-06-08T16:00:10.961-0530: 862.557: Total time for which application threads were stopped: 0.0000908 seconds
2016-06-08T16:00:10.961-0530: 862.557: Total time for which application threads were stopped: 0.0000580 seconds
2016-06-08T16:00:10.961-0530: 862.558: Total time for which application threads were stopped: 0.0000540 seconds
2016-06-08T16:00:10.962-0530: 862.558: Total time for which application threads were stopped: 0.0000388 seconds
2016-06-08T16:00:10.962-0530: 862.558: Total time for which application threads were stopped: 0.0000356 seconds
2016-06-08T16:00:10.986-0530: 862.582: Total time for which application threads were stopped: 0.0001603 seconds
2016-06-08T16:00:10.987-0530: 862.583: Total time for which application threads were stopped: 0.0001035 seconds
2016-06-08T16:00:10.987-0530: 862.583: Total time for which application threads were stopped: 0.0001091 seconds
2016-06-08T16:00:10.987-0530: 862.583: Total time for which application threads were stopped: 0.0000719 seconds
{Heap before GC invocations=117 (full 2):
 par new generation   total 109248K, used 109248K [0x00000007a0000000, 0x00000007a8000000, 0x00000007a8000000)
  eden space 87424K, 100% used [0x00000007a0000000, 0x00000007a5560000, 0x00000007a5560000)
  from space 21824K, 100% used [0x00000007a6ab0000, 0x00000007a8000000, 0x00000007a8000000)
  to   space 21824K,   0% used [0x00000007a5560000, 0x00000007a5560000, 0x00000007a6ab0000)
 concurrent mark-sweep generation total 393216K, used 195090K [0x00000007a8000000, 0x00000007c0000000, 0x00000007c0000000)
 Metaspace       used 28758K, capacity 29028K, committed 29256K, reserved 1075200K
  class space    used 3274K, capacity 3353K, committed 3400K, reserved 1048576K
2016-06-08T16:00:19.794-0530: 871.390: [GC (Allocation Failure) 871.390: [ParNew
Desired survivor size 20112992 bytes, new threshold 8 (max 8)
- age   1:    3093872 bytes,    3093872 total
- age   2:    3325088 bytes,    6418960 total
- age   3:    1849840 bytes,    8268800 total
- age   4:    1479296 bytes,    9748096 total
- age   5:    2937680 bytes,   12685776 total
- age   6:    1225840 bytes,   13911616 total
- age   7:    2876872 bytes,   16788488 total
- age   8:    2518904 bytes,   19307392 total
: 109248K->21824K(109248K), 0.0060515 secs] 304338K->219614K(502464K), 0.0061299 secs] [Times: user=0.02 sys=0.00, real=0.01 secs] 
Heap after GC invocations=118 (full 2):
 par new generation   total 109248K, used 21824K [0x00000007a0000000, 0x00000007a8000000, 0x00000007a8000000)
  eden space 87424K,   0% used [0x00000007a0000000, 0x00000007a0000000, 0x00000007a5560000)
  from space 21824K, 100% used [0x00000007a5560000, 0x00000007a6ab0000, 0x00000007a6ab0000)
  to   space 21824K,   0% used [0x00000007a6ab0000, 0x00000007a6ab0000, 0x00000007a8000000)
 concurrent mark-sweep generation total 393216K, used 197790K [0x00000007a8000000, 0x00000007c0000000, 0x00000007c0000000)
 Metaspace       used 28758K, capacity 29028K, committed 29256K, reserved 1075200K
  class space    used 3274K, capacity 3353K, committed 3400K, reserved 1048576K
}
2016-06-08T16:00:19.800-0530: 871.397: Total time for which application threads were stopped: 0.0063092 seconds
2016-06-08T16:00:19.800-0530: 871.397: [GC (CMS Initial Mark) [1 CMS-initial-mark: 197790K(393216K)] 219831K(502464K), 0.0009452 secs] [Times: user=0.00 sys=0.00, real=0.00 secs] 
2016-06-08T16:00:19.801-0530: 871.398: Total time for which application threads were stopped: 0.0011172 seconds
2016-06-08T16:00:19.801-0530: 871.398: [CMS-concurrent-mark-start]
2016-06-08T16:00:19.811-0530: 871.408: [CMS-concurrent-mark: 0.010/0.010 secs] [Times: user=0.04 sys=0.00, real=0.01 secs] 
2016-06-08T16:00:19.811-0530: 871.408: [CMS-concurrent-preclean-start]
2016-06-08T16:00:19.812-0530: 871.409: [CMS-concurrent-preclean: 0.001/0.001 secs] [Times: user=0.00 sys=0.00, real=0.00 secs] 
2016-06-08T16:00:19.813-0530: 871.409: [GC (CMS Final Remark) [YG occupancy: 23131 K (109248 K)]{Heap before GC invocations=118 (full 3):
 par new generation   total 109248K, used 23131K [0x00000007a0000000, 0x00000007a8000000, 0x00000007a8000000)
  eden space 87424K,   1% used [0x00000007a0000000, 0x00000007a0146f90, 0x00000007a5560000)
  from space 21824K, 100% used [0x00000007a5560000, 0x00000007a6ab0000, 0x00000007a6ab0000)
  to   space 21824K,   0% used [0x00000007a6ab0000, 0x00000007a6ab0000, 0x00000007a8000000)
 concurrent mark-sweep generation total 393216K, used 197790K [0x00000007a8000000, 0x00000007c0000000, 0x00000007c0000000)
 Metaspace       used 28758K, capacity 29028K, committed 29256K, reserved 1075200K
  class space    used 3274K, capacity 3353K, committed 3400K, reserved 1048576K
2016-06-08T16:00:19.813-0530: 871.409: [GC (CMS Final Remark) 871.409: [ParNew
Desired survivor size 20112992 bytes, new threshold 8 (max 8)
- age   1:     160112 bytes,     160112 total
- age   2:    3003072 bytes,    3163184 total
- age   3:    3324608 bytes,    6487792 total
- age   4:    1446320 bytes,    7934112 total
- age   5:    1479296 bytes,    9413408 total
- age   6:    2937680 bytes,   12351088 total
- age   7:    1225840 bytes,   13576928 total
- age   8:    2876872 bytes,   16453800 total
: 23131K->21824K(109248K), 0.0056993 secs] 220922K->222469K(502464K), 0.0057425 secs] [Times: user=0.02 sys=0.00, real=0.00 secs] 
Heap after GC invocations=119 (full 3):
 par new generation   total 109248K, used 21824K [0x00000007a0000000, 0x00000007a8000000, 0x00000007a8000000)
  eden space 87424K,   0% used [0x00000007a0000000, 0x00000007a0000000, 0x00000007a5560000)
  from space 21824K, 100% used [0x00000007a6ab0000, 0x00000007a8000000, 0x00000007a8000000)
  to   space 21824K,   0% used [0x00000007a5560000, 0x00000007a5560000, 0x00000007a6ab0000)
 concurrent mark-sweep generation total 393216K, used 200645K [0x00000007a8000000, 0x00000007c0000000, 0x00000007c0000000)
 Metaspace       used 28758K, capacity 29028K, committed 29256K, reserved 1075200K
  class space    used 3274K, capacity 3353K, committed 3400K, reserved 1048576K
}
871.415: [Rescan (parallel) , 0.0014028 secs]871.417: [weak refs processing, 0.0007453 secs]871.417: [class unloading, 0.0178483 secs]871.435: [scrub symbol table, 0.0057988 secs]871.441: [scrub string table, 0.0003911 secs][1 CMS-remark: 200645K(393216K)] 222469K(502464K), 0.0358784 secs] [Times: user=0.05 sys=0.00, real=0.03 secs] 
2016-06-08T16:00:19.849-0530: 871.445: Total time for which application threads were stopped: 0.0360732 seconds
2016-06-08T16:00:19.849-0530: 871.445: [CMS-concurrent-sweep-start]
2016-06-08T16:00:19.875-0530: 871.472: [CMS-concurrent-sweep: 0.026/0.026 secs] [Times: user=0.05 sys=0.01, real=0.03 secs] 
2016-06-08T16:00:19.875-0530: 871.472: [CMS-concurrent-reset-start]
2016-06-08T16:00:19.876-0530: 871.473: [CMS-concurrent-reset: 0.001/0.001 secs] [Times: user=0.00 sys=0.00, real=0.00 secs] 
{Heap before GC invocations=119 (full 3):
 par new generation   total 109248K, used 109248K [0x00000007a0000000, 0x00000007a8000000, 0x00000007a8000000)
  eden space 87424K, 100% used [0x00000007a0000000, 0x00000007a5560000, 0x00000007a5560000)
  from space 21824K, 100% used [0x00000007a6ab0000, 0x00000007a8000000, 0x00000007a8000000)
  to   space 21824K,   0% used [0x00000007a5560000, 0x00000007a5560000, 0x00000007a6ab0000)
 concurrent mark-sweep generation total 393216K, used 49436K [0x00000007a8000000, 0x00000007c0000000, 0x00000007c0000000)
 Metaspace       used 28758K, capacity 29028K, committed 29256K, reserved 1075200K
  class space    used 3274K, capacity 3353K, committed 3400K, reserved 1048576K
2016-06-08T16:00:20.431-0530: 872.028: [GC (Allocation Failure) 872.028: [ParNew
Desired survivor size 20112992 bytes, new threshold 8 (max 8)
- age   1:    5428248 bytes,    5428248 total
- age   2:      57104 bytes,    5485352 total
- age   3:    2903048 bytes,    8388400 total
- age   4:    3324608 bytes,   11713008 total
- age   5:    1446320 bytes,   13159328 total
- age   6:    1479264 bytes,   14638592 total
- age   7:    2937224 bytes,   17575816 total
- age   8:    1225840 bytes,   18801656 total
: 109248K->21667K(109248K), 0.0063475 secs] 158684K->73912K(502464K), 0.0064177 secs] [Times: user=0.02 sys=0.00, real=0.00 secs] 
Heap after GC invocations=120 (full 3):
 par new generation   total 109248K, used 21667K [0x00000007a0000000, 0x00000007a8000000, 0x00000007a8000000)
  eden space 87424K,   0% used [0x00000007a0000000, 0x00000007a0000000, 0x00000007a5560000)
  from space 21824K,  99% used [0x00000007a5560000, 0x00000007a6a88cc0, 0x00000007a6ab0000)
  to   space 21824K,   0% used [0x00000007a6ab0000, 0x00000007a6ab0000, 0x00000007a8000000)
 concurrent mark-sweep generation total 393216K, used 52245K [0x00000007a8000000, 0x00000007c0000000, 0x00000007c0000000)
 Metaspace       used 28758K, capacity 29028K, committed 29256K, reserved 1075200K
  class space    used 3274K, capacity 3353K, committed 3400K, reserved 1048576K
}
2016-06-08T16:00:20.437-0530: 872.034: Total time for which application threads were stopped: 0.0067319 seconds
2016-06-08T16:00:20.623-0530: 872.219: Total time for which application threads were stopped: 0.0000931 seconds
2016-06-08T16:00:20.623-0530: 872.220: Total time for which application threads were stopped: 0.0000758 seconds
2016-06-08T16:00:20.624-0530: 872.220: Total time for which application threads were stopped: 0.0000843 seconds
2016-06-08T16:00:20.627-0530: 872.223: Total time for which application threads were stopped: 0.0001425 seconds
2016-06-08T16:00:20.628-0530: 872.224: Total time for which application threads were stopped: 0.0001392 seconds
2016-06-08T16:00:20.628-0530: 872.225: Total time for which application threads were stopped: 0.0001068 seconds
2016-06-08T16:00:20.629-0530: 872.225: Total time for which application threads were stopped: 0.0000692 seconds
2016-06-08T16:00:20.639-0530: 872.236: Total time for which application threads were stopped: 0.0001214 seconds
2016-06-08T16:00:20.647-0530: 872.243: Total time for which application threads were stopped: 0.0000899 seconds
2016-06-08T16:00:20.653-0530: 872.249: Total time for which application threads were stopped: 0.0000902 seconds
2016-06-08T16:00:20.659-0530: 872.255: Total time for which application threads were stopped: 0.0001021 seconds
2016-06-08T16:00:20.661-0530: 872.257: Total time for which application threads were stopped: 0.0001018 seconds
2016-06-08T16:00:20.661-0530: 872.257: Total time for which application threads were stopped: 0.0000883 seconds
2016-06-08T16:00:20.661-0530: 872.257: Total time for which application threads were stopped: 0.0000750 seconds
2016-06-08T16:00:20.663-0530: 872.259: Total time for which application threads were stopped: 0.0000914 seconds
2016-06-08T16:00:20.664-0530: 872.260: Total time for which application threads were stopped: 0.0001144 seconds
2016-06-08T16:00:20.664-0530: 872.260: Total time for which application threads were stopped: 0.0000668 seconds
2016-06-08T16:00:20.806-0530: 872.402: Total time for which application threads were stopped: 0.0001118 seconds
2016-06-08T16:00:20.813-0530: 872.410: Total time for which application threads were stopped: 0.0000971 seconds
2016-06-08T16:00:20.820-0530: 872.417: Total time for which application threads were stopped: 0.0001056 seconds
2016-06-08T16:00:20.857-0530: 872.453: Total time for which application threads were stopped: 0.0000976 seconds
2016-06-08T16:00:20.937-0530: 872.534: Total time for which application threads were stopped: 0.0001139 seconds
2016-06-08T16:00:20.937-0530: 872.534: Total time for which application threads were stopped: 0.0001204 seconds
{Heap before GC invocations=120 (full 3):
 par new generation   total 109248K, used 109091K [0x00000007a0000000, 0x00000007a8000000, 0x00000007a8000000)
  eden space 87424K, 100% used [0x00000007a0000000, 0x00000007a5560000, 0x00000007a5560000)
  from space 21824K,  99% used [0x00000007a5560000, 0x00000007a6a88cc0, 0x00000007a6ab0000)
  to   space 21824K,   0% used [0x00000007a6ab0000, 0x00000007a6ab0000, 0x00000007a8000000)
 concurrent mark-sweep generation total 393216K, used 52245K [0x00000007a8000000, 0x00000007c0000000, 0x00000007c0000000)
 Metaspace       used 28761K, capacity 29028K, committed 29256K, reserved 1075200K
  class space    used 3274K, capacity 3353K, committed 3400K, reserved 1048576K
2016-06-08T16:00:21.218-0530: 872.814: [GC (Allocation Failure) 872.814: [ParNew
Desired survivor size 20112992 bytes, new threshold 8 (max 8)
- age   1:    2620576 bytes,    2620576 total
- age   2:    1818960 bytes,    4439536 total
- age   3:      19760 bytes,    4459296 total
- age   4:    2547008 bytes,    7006304 total
- age   5:    3323136 bytes,   10329440 total
- age   6:    1446320 bytes,   11775760 total
- age   7:    1412272 bytes,   13188032 total
- age   8:    2936992 bytes,   16125024 total
: 109091K->21824K(109248K), 0.0059417 secs] 161336K->75266K(502464K), 0.0059908 secs] [Times: user=0.02 sys=0.00, real=0.01 secs] 
Heap after GC invocations=121 (full 3):
 par new generation   total 109248K, used 21824K [0x00000007a0000000, 0x00000007a8000000, 0x00000007a8000000)
  eden space 87424K,   0% used [0x00000007a0000000, 0x00000007a0000000, 0x00000007a5560000)
  from space 21824K, 100% used [0x00000007a6ab0000, 0x00000007a8000000, 0x00000007a8000000)
  to   space 21824K,   0% used [0x00000007a5560000, 0x00000007a5560000, 0x00000007a6ab0000)
 concurrent mark-sweep generation total 393216K, used 53442K [0x00000007a8000000, 0x00000007c0000000, 0x00000007c0000000)
 Metaspace       used 28761K, capacity 29028K, committed 29256K, reserved 1075200K
  class space    used 3274K, capacity 3353K, committed 3400K, reserved 1048576K
}
2016-06-08T16:00:21.224-0530: 872.820: Total time for which application threads were stopped: 0.0061944 seconds
{Heap before GC invocations=121 (full 3):
 par new generation   total 109248K, used 109248K [0x00000007a0000000, 0x00000007a8000000, 0x00000007a8000000)
  eden space 87424K, 100% used [0x00000007a0000000, 0x00000007a5560000, 0x00000007a5560000)
  from space 21824K, 100% used [0x00000007a6ab0000, 0x00000007a8000000, 0x00000007a8000000)
  to   space 21824K,   0% used [0x00000007a5560000, 0x00000007a5560000, 0x00000007a6ab0000)
 concurrent mark-sweep generation total 393216K, used 53442K [0x00000007a8000000, 0x00000007c0000000, 0x00000007c0000000)
 Metaspace       used 28763K, capacity 29028K, committed 29256K, reserved 1075200K
  class space    used 3274K, capacity 3353K, committed 3400K, reserved 1048576K
2016-06-08T16:00:32.122-0530: 883.719: [GC (Allocation Failure) 883.730: [ParNew
Desired survivor size 20112992 bytes, new threshold 8 (max 8)
- age   1:    2300192 bytes,    2300192 total
- age   2:    2322968 bytes,    4623160 total
- age   3:    1818960 bytes,    6442120 total
- age   4:      19760 bytes,    6461880 total
- age   5:    2545864 bytes,    9007744 total
- age   6:    3322536 bytes,   12330280 total
- age   7:    1446320 bytes,   13776600 total
- age   8:    1411744 bytes,   15188344 total
: 109248K->20048K(109248K), 0.0071112 secs] 162690K->76360K(502464K), 0.0180808 secs] [Times: user=0.02 sys=0.01, real=0.02 secs] 
Heap after GC invocations=122 (full 3):
 par new generation   total 109248K, used 20048K [0x00000007a0000000, 0x00000007a8000000, 0x00000007a8000000)
  eden space 87424K,   0% used [0x00000007a0000000, 0x00000007a0000000, 0x00000007a5560000)
  from space 21824K,  91% used [0x00000007a5560000, 0x00000007a68f4180, 0x00000007a6ab0000)
  to   space 21824K,   0% used [0x00000007a6ab0000, 0x00000007a6ab0000, 0x00000007a8000000)
 concurrent mark-sweep generation total 393216K, used 56311K [0x00000007a8000000, 0x00000007c0000000, 0x00000007c0000000)
 Metaspace       used 28763K, capacity 29028K, committed 29256K, reserved 1075200K
  class space    used 3274K, capacity 3353K, committed 3400K, reserved 1048576K
}
2016-06-08T16:00:32.140-0530: 883.737: Total time for which application threads were stopped: 0.0182728 seconds
{Heap before GC invocations=122 (full 3):
 par new generation   total 109248K, used 107472K [0x00000007a0000000, 0x00000007a8000000, 0x00000007a8000000)
  eden space 87424K, 100% used [0x00000007a0000000, 0x00000007a5560000, 0x00000007a5560000)
  from space 21824K,  91% used [0x00000007a5560000, 0x00000007a68f4180, 0x00000007a6ab0000)
  to   space 21824K,   0% used [0x00000007a6ab0000, 0x00000007a6ab0000, 0x00000007a8000000)
 concurrent mark-sweep generation total 393216K, used 56311K [0x00000007a8000000, 0x00000007c0000000, 0x00000007c0000000)
 Metaspace       used 28763K, capacity 29028K, committed 29256K, reserved 1075200K
  class space    used 3274K, capacity 3353K, committed 3400K, reserved 1048576K
2016-06-08T16:00:32.791-0530: 884.388: [GC (Allocation Failure) 884.388: [ParNew
Desired survivor size 20112992 bytes, new threshold 8 (max 8)
- age   1:    5696512 bytes,    5696512 total
- age   2:    1798704 bytes,    7495216 total
- age   3:    2322480 bytes,    9817696 total
- age   4:    1818960 bytes,   11636656 total
- age   5:      19760 bytes,   11656416 total
- age   6:    2545864 bytes,   14202280 total
- age   7:    3255624 bytes,   17457904 total
- age   8:    1446320 bytes,   18904224 total
: 107472K->20170K(109248K), 0.0062462 secs] 163784K->77861K(502464K), 0.0063301 secs] [Times: user=0.02 sys=0.00, real=0.00 secs] 
Heap after GC invocations=123 (full 3):
 par new generation   total 109248K, used 20170K [0x00000007a0000000, 0x00000007a8000000, 0x00000007a8000000)
  eden space 87424K,   0% used [0x00000007a0000000, 0x00000007a0000000, 0x00000007a5560000)
  from space 21824K,  92% used [0x00000007a6ab0000, 0x00000007a7e629e0, 0x00000007a8000000)
  to   space 21824K,   0% used [0x00000007a5560000, 0x00000007a5560000, 0x00000007a6ab0000)
 concurrent mark-sweep generation total 393216K, used 57690K [0x00000007a8000000, 0x00000007c0000000, 0x00000007c0000000)
 Metaspace       used 28763K, capacity 29028K, committed 29256K, reserved 1075200K
  class space    used 3274K, capacity 3353K, committed 3400K, reserved 1048576K
}
2016-06-08T16:00:32.797-0530: 884.394: Total time for which application threads were stopped: 0.0066366 seconds
2016-06-08T16:00:32.899-0530: 884.496: Total time for which application threads were stopped: 0.0001187 seconds
2016-06-08T16:00:32.955-0530: 884.552: Total time for which application threads were stopped: 0.0001695 seconds
2016-06-08T16:00:32.955-0530: 884.552: Total time for which application threads were stopped: 0.0000827 seconds
2016-06-08T16:00:32.955-0530: 884.552: Total time for which application threads were stopped: 0.0000822 seconds
2016-06-08T16:00:32.955-0530: 884.552: Total time for which application threads were stopped: 0.0000539 seconds
2016-06-08T16:00:47.997-0530: 899.594: Total time for which application threads were stopped: 0.0002316 seconds
{Heap before GC invocations=123 (full 3):
 par new generation   total 109248K, used 107594K [0x00000007a0000000, 0x00000007a8000000, 0x00000007a8000000)
  eden space 87424K, 100% used [0x00000007a0000000, 0x00000007a5560000, 0x00000007a5560000)
  from space 21824K,  92% used [0x00000007a6ab0000, 0x00000007a7e629e0, 0x00000007a8000000)
  to   space 21824K,   0% used [0x00000007a5560000, 0x00000007a5560000, 0x00000007a6ab0000)
 concurrent mark-sweep generation total 393216K, used 57690K [0x00000007a8000000, 0x00000007c0000000, 0x00000007c0000000)
 Metaspace       used 28773K, capacity 29032K, committed 29256K, reserved 1075200K
  class space    used 3274K, capacity 3353K, committed 3400K, reserved 1048576K
2016-06-08T16:00:48.274-0530: 899.871: [GC (Allocation Failure) 899.887: [ParNew
Desired survivor size 20112992 bytes, new threshold 8 (max 8)
- age   1:    6138168 bytes,    6138168 total
- age   2:    2391176 bytes,    8529344 total
- age   3:     670552 bytes,    9199896 total
- age   4:       8752 bytes,    9208648 total
- age   7:      70104 bytes,    9278752 total
- age   8:     276480 bytes,    9555232 total
: 107594K->21824K(109248K), 0.0073072 secs] 165285K->80927K(502464K), 0.0230086 secs] [Times: user=0.02 sys=0.00, real=0.02 secs] 
Heap after GC invocations=124 (full 3):
 par new generation   total 109248K, used 21824K [0x00000007a0000000, 0x00000007a8000000, 0x00000007a8000000)
  eden space 87424K,   0% used [0x00000007a0000000, 0x00000007a0000000, 0x00000007a5560000)
  from space 21824K, 100% used [0x00000007a5560000, 0x00000007a6ab0000, 0x00000007a6ab0000)
  to   space 21824K,   0% used [0x00000007a6ab0000, 0x00000007a6ab0000, 0x00000007a8000000)
 concurrent mark-sweep generation total 393216K, used 59103K [0x00000007a8000000, 0x00000007c0000000, 0x00000007c0000000)
 Metaspace       used 28773K, capacity 29032K, committed 29256K, reserved 1075200K
  class space    used 3274K, capacity 3353K, committed 3400K, reserved 1048576K
}
2016-06-08T16:00:48.297-0530: 899.895: Total time for which application threads were stopped: 0.0232400 seconds
2016-06-08T16:00:48.933-0530: 900.531: Total time for which application threads were stopped: 0.0001161 seconds
2016-06-08T16:00:49.936-0530: 901.534: Total time for which application threads were stopped: 0.0001736 seconds
2016-06-08T16:01:01.970-0530: 913.568: Total time for which application threads were stopped: 0.0002262 seconds
{Heap before GC invocations=124 (full 3):
 par new generation   total 109248K, used 109248K [0x00000007a0000000, 0x00000007a8000000, 0x00000007a8000000)
  eden space 87424K, 100% used [0x00000007a0000000, 0x00000007a5560000, 0x00000007a5560000)
  from space 21824K, 100% used [0x00000007a5560000, 0x00000007a6ab0000, 0x00000007a6ab0000)
  to   space 21824K,   0% used [0x00000007a6ab0000, 0x00000007a6ab0000, 0x00000007a8000000)
 concurrent mark-sweep generation total 393216K, used 59103K [0x00000007a8000000, 0x00000007c0000000, 0x00000007c0000000)
 Metaspace       used 28775K, capacity 29032K, committed 29256K, reserved 1075200K
  class space    used 3274K, capacity 3353K, committed 3400K, reserved 1048576K
2016-06-08T16:01:02.005-0530: 913.603: [GC (Allocation Failure) 913.603: [ParNew
Desired survivor size 20112992 bytes, new threshold 8 (max 8)
- age   1:    2835304 bytes,    2835304 total
- age   2:    2938384 bytes,    5773688 total
- age   3:    2390952 bytes,    8164640 total
- age   4:     670432 bytes,    8835072 total
- age   5:       7264 bytes,    8842336 total
- age   8:       3192 bytes,    8845528 total
: 109248K->12072K(109248K), 0.0041786 secs] 168351K->71445K(502464K), 0.0042500 secs] [Times: user=0.01 sys=0.00, real=0.01 secs] 
Heap after GC invocations=125 (full 3):
 par new generation   total 109248K, used 12072K [0x00000007a0000000, 0x00000007a8000000, 0x00000007a8000000)
  eden space 87424K,   0% used [0x00000007a0000000, 0x00000007a0000000, 0x00000007a5560000)
  from space 21824K,  55% used [0x00000007a6ab0000, 0x00000007a767a0a8, 0x00000007a8000000)
  to   space 21824K,   0% used [0x00000007a5560000, 0x00000007a5560000, 0x00000007a6ab0000)
 concurrent mark-sweep generation total 393216K, used 59373K [0x00000007a8000000, 0x00000007c0000000, 0x00000007c0000000)
 Metaspace       used 28775K, capacity 29032K, committed 29256K, reserved 1075200K
  class space    used 3274K, capacity 3353K, committed 3400K, reserved 1048576K
}
2016-06-08T16:01:02.010-0530: 913.608: Total time for which application threads were stopped: 0.0044348 seconds
{Heap before GC invocations=125 (full 3):
 par new generation   total 109248K, used 99496K [0x00000007a0000000, 0x00000007a8000000, 0x00000007a8000000)
  eden space 87424K, 100% used [0x00000007a0000000, 0x00000007a5560000, 0x00000007a5560000)
  from space 21824K,  55% used [0x00000007a6ab0000, 0x00000007a767a0a8, 0x00000007a8000000)
  to   space 21824K,   0% used [0x00000007a5560000, 0x00000007a5560000, 0x00000007a6ab0000)
 concurrent mark-sweep generation total 393216K, used 59373K [0x00000007a8000000, 0x00000007c0000000, 0x00000007c0000000)
 Metaspace       used 28775K, capacity 29032K, committed 29256K, reserved 1075200K
  class space    used 3274K, capacity 3353K, committed 3400K, reserved 1048576K
2016-06-08T16:01:02.595-0530: 914.193: [GC (Allocation Failure) 914.193: [ParNew
Desired survivor size 20112992 bytes, new threshold 8 (max 8)
- age   1:    5706336 bytes,    5706336 total
- age   2:    2380056 bytes,    8086392 total
- age   3:    2937616 bytes,   11024008 total
- age   4:    2390952 bytes,   13414960 total
- age   5:     603520 bytes,   14018480 total
- age   6:       7264 bytes,   14025744 total
: 99496K->17177K(109248K), 0.0045391 secs] 158869K->76554K(502464K), 0.0046019 secs] [Times: user=0.01 sys=0.00, real=0.01 secs] 
Heap after GC invocations=126 (full 3):
 par new generation   total 109248K, used 17177K [0x00000007a0000000, 0x00000007a8000000, 0x00000007a8000000)
  eden space 87424K,   0% used [0x00000007a0000000, 0x00000007a0000000, 0x00000007a5560000)
  from space 21824K,  78% used [0x00000007a5560000, 0x00000007a6626650, 0x00000007a6ab0000)
  to   space 21824K,   0% used [0x00000007a6ab0000, 0x00000007a6ab0000, 0x00000007a8000000)
 concurrent mark-sweep generation total 393216K, used 59376K [0x00000007a8000000, 0x00000007c0000000, 0x00000007c0000000)
 Metaspace       used 28775K, capacity 29032K, committed 29256K, reserved 1075200K
  class space    used 3274K, capacity 3353K, committed 3400K, reserved 1048576K
}
2016-06-08T16:01:02.600-0530: 914.198: Total time for which application threads were stopped: 0.0048036 seconds
2016-06-08T16:01:03.604-0530: 915.202: Total time for which application threads were stopped: 0.0001372 seconds
{Heap before GC invocations=126 (full 3):
 par new generation   total 109248K, used 104601K [0x00000007a0000000, 0x00000007a8000000, 0x00000007a8000000)
  eden space 87424K, 100% used [0x00000007a0000000, 0x00000007a5560000, 0x00000007a5560000)
  from space 21824K,  78% used [0x00000007a5560000, 0x00000007a6626650, 0x00000007a6ab0000)
  to   space 21824K,   0% used [0x00000007a6ab0000, 0x00000007a6ab0000, 0x00000007a8000000)
 concurrent mark-sweep generation total 393216K, used 59376K [0x00000007a8000000, 0x00000007c0000000, 0x00000007c0000000)
 Metaspace       used 28777K, capacity 29032K, committed 29256K, reserved 1075200K
  class space    used 3274K, capacity 3353K, committed 3400K, reserved 1048576K
2016-06-08T16:01:12.364-0530: 923.962: [GC (Allocation Failure) 923.962: [ParNew
Desired survivor size 20112992 bytes, new threshold 8 (max 8)
- age   1:    5993544 bytes,    5993544 total
- age   2:    2167576 bytes,    8161120 total
- age   3:    1533728 bytes,    9694848 total
- age   4:    2936632 bytes,   12631480 total
- age   5:    2390952 bytes,   15022432 total
- age   6:     603400 bytes,   15625832 total
- age   7:       7264 bytes,   15633096 total
: 104601K->17126K(109248K), 0.0052122 secs] 163978K->76503K(502464K), 0.0052898 secs] [Times: user=0.01 sys=0.01, real=0.00 secs] 
Heap after GC invocations=127 (full 3):
 par new generation   total 109248K, used 17126K [0x00000007a0000000, 0x00000007a8000000, 0x00000007a8000000)
  eden space 87424K,   0% used [0x00000007a0000000, 0x00000007a0000000, 0x00000007a5560000)
  from space 21824K,  78% used [0x00000007a6ab0000, 0x00000007a7b69bd0, 0x00000007a8000000)
  to   space 21824K,   0% used [0x00000007a5560000, 0x00000007a5560000, 0x00000007a6ab0000)
 concurrent mark-sweep generation total 393216K, used 59376K [0x00000007a8000000, 0x00000007c0000000, 0x00000007c0000000)
 Metaspace       used 28777K, capacity 29032K, committed 29256K, reserved 1075200K
  class space    used 3274K, capacity 3353K, committed 3400K, reserved 1048576K
}
2016-06-08T16:01:12.369-0530: 923.967: Total time for which application threads were stopped: 0.0054956 seconds
2016-06-08T16:01:13.371-0530: 924.969: Total time for which application threads were stopped: 0.0003253 seconds
2016-06-08T16:01:17.380-0530: 928.978: Total time for which application threads were stopped: 0.0001105 seconds
{Heap before GC invocations=127 (full 3):
 par new generation   total 109248K, used 104550K [0x00000007a0000000, 0x00000007a8000000, 0x00000007a8000000)
  eden space 87424K, 100% used [0x00000007a0000000, 0x00000007a5560000, 0x00000007a5560000)
  from space 21824K,  78% used [0x00000007a6ab0000, 0x00000007a7b69bd0, 0x00000007a8000000)
  to   space 21824K,   0% used [0x00000007a5560000, 0x00000007a5560000, 0x00000007a6ab0000)
 concurrent mark-sweep generation total 393216K, used 59376K [0x00000007a8000000, 0x00000007c0000000, 0x00000007c0000000)
 Metaspace       used 28779K, capacity 29032K, committed 29256K, reserved 1075200K
  class space    used 3274K, capacity 3353K, committed 3400K, reserved 1048576K
2016-06-08T16:01:21.999-0530: 933.597: [GC (Allocation Failure) 933.597: [ParNew
Desired survivor size 20112992 bytes, new threshold 8 (max 8)
- age   1:    4734928 bytes,    4734928 total
- age   2:    2979608 bytes,    7714536 total
- age   3:    2167352 bytes,    9881888 total
- age   4:    1297928 bytes,   11179816 total
- age   5:    2868792 bytes,   14048608 total
- age   6:    2390952 bytes,   16439560 total
- age   7:     603400 bytes,   17042960 total
- age   8:       7264 bytes,   17050224 total
: 104550K->21824K(109248K), 0.0051236 secs] 163927K->81534K(502464K), 0.0051888 secs] [Times: user=0.02 sys=0.00, real=0.01 secs] 
Heap after GC invocations=128 (full 3):
 par new generation   total 109248K, used 21824K [0x00000007a0000000, 0x00000007a8000000, 0x00000007a8000000)
  eden space 87424K,   0% used [0x00000007a0000000, 0x00000007a0000000, 0x00000007a5560000)
  from space 21824K, 100% used [0x00000007a5560000, 0x00000007a6ab0000, 0x00000007a6ab0000)
  to   space 21824K,   0% used [0x00000007a6ab0000, 0x00000007a6ab0000, 0x00000007a8000000)
 concurrent mark-sweep generation total 393216K, used 59710K [0x00000007a8000000, 0x00000007c0000000, 0x00000007c0000000)
 Metaspace       used 28779K, capacity 29032K, committed 29256K, reserved 1075200K
  class space    used 3274K, capacity 3353K, committed 3400K, reserved 1048576K
}
2016-06-08T16:01:22.004-0530: 933.602: Total time for which application threads were stopped: 0.0053851 seconds
{Heap before GC invocations=128 (full 3):
 par new generation   total 109248K, used 109248K [0x00000007a0000000, 0x00000007a8000000, 0x00000007a8000000)
  eden space 87424K, 100% used [0x00000007a0000000, 0x00000007a5560000, 0x00000007a5560000)
  from space 21824K, 100% used [0x00000007a5560000, 0x00000007a6ab0000, 0x00000007a6ab0000)
  to   space 21824K,   0% used [0x00000007a6ab0000, 0x00000007a6ab0000, 0x00000007a8000000)
 concurrent mark-sweep generation total 393216K, used 59710K [0x00000007a8000000, 0x00000007c0000000, 0x00000007c0000000)
 Metaspace       used 28779K, capacity 29032K, committed 29256K, reserved 1075200K
  class space    used 3274K, capacity 3353K, committed 3400K, reserved 1048576K
2016-06-08T16:01:22.585-0530: 934.184: [GC (Allocation Failure) 934.184: [ParNew
Desired survivor size 20112992 bytes, new threshold 8 (max 8)
- age   1:    4820016 bytes,    4820016 total
- age   2:    4140672 bytes,    8960688 total
- age   3:    2979272 bytes,   11939960 total
- age   4:    2167352 bytes,   14107312 total
- age   5:    1230920 bytes,   15338232 total
- age   6:    1570560 bytes,   16908792 total
- age   7:    1498320 bytes,   18407112 total
- age   8:     603288 bytes,   19010400 total
: 109248K->21824K(109248K), 0.0071351 secs] 168958K->84633K(502464K), 0.0072213 secs] [Times: user=0.01 sys=0.00, real=0.01 secs] 
Heap after GC invocations=129 (full 3):
 par new generation   total 109248K, used 21824K [0x00000007a0000000, 0x00000007a8000000, 0x00000007a8000000)
  eden space 87424K,   0% used [0x00000007a0000000, 0x00000007a0000000, 0x00000007a5560000)
  from space 21824K, 100% used [0x00000007a6ab0000, 0x00000007a8000000, 0x00000007a8000000)
  to   space 21824K,   0% used [0x00000007a5560000, 0x00000007a5560000, 0x00000007a6ab0000)
 concurrent mark-sweep generation total 393216K, used 62809K [0x00000007a8000000, 0x00000007c0000000, 0x00000007c0000000)
 Metaspace       used 28779K, capacity 29032K, committed 29256K, reserved 1075200K
  class space    used 3274K, capacity 3353K, committed 3400K, reserved 1048576K
}
2016-06-08T16:01:22.592-0530: 934.191: Total time for which application threads were stopped: 0.0074274 seconds
{Heap before GC invocations=129 (full 3):
 par new generation   total 109248K, used 109248K [0x00000007a0000000, 0x00000007a8000000, 0x00000007a8000000)
  eden space 87424K, 100% used [0x00000007a0000000, 0x00000007a5560000, 0x00000007a5560000)
  from space 21824K, 100% used [0x00000007a6ab0000, 0x00000007a8000000, 0x00000007a8000000)
  to   space 21824K,   0% used [0x00000007a5560000, 0x00000007a5560000, 0x00000007a6ab0000)
 concurrent mark-sweep generation total 393216K, used 62809K [0x00000007a8000000, 0x00000007c0000000, 0x00000007c0000000)
 Metaspace       used 28783K, capacity 29032K, committed 29256K, reserved 1075200K
  class space    used 3274K, capacity 3353K, committed 3400K, reserved 1048576K
2016-06-08T16:01:32.441-0530: 944.040: [GC (Allocation Failure) 944.040: [ParNew
Desired survivor size 20112992 bytes, new threshold 8 (max 8)
- age   1:    4261712 bytes,    4261712 total
- age   2:    4552928 bytes,    8814640 total
- age   3:    4030816 bytes,   12845456 total
- age   4:    2978128 bytes,   15823584 total
- age   5:    2167352 bytes,   17990936 total
- age   6:     494064 bytes,   18485000 total
- age   7:    1567608 bytes,   20052608 total
- age   8:     787280 bytes,   20839888 total
: 109248K->21824K(109248K), 0.0068016 secs] 172057K->88367K(502464K), 0.0068543 secs] [Times: user=0.03 sys=0.00, real=0.00 secs] 
Heap after GC invocations=130 (full 3):
 par new generation   total 109248K, used 21824K [0x00000007a0000000, 0x00000007a8000000, 0x00000007a8000000)
  eden space 87424K,   0% used [0x00000007a0000000, 0x00000007a0000000, 0x00000007a5560000)
  from space 21824K, 100% used [0x00000007a5560000, 0x00000007a6ab0000, 0x00000007a6ab0000)
  to   space 21824K,   0% used [0x00000007a6ab0000, 0x00000007a6ab0000, 0x00000007a8000000)
 concurrent mark-sweep generation total 393216K, used 66543K [0x00000007a8000000, 0x00000007c0000000, 0x00000007c0000000)
 Metaspace       used 28783K, capacity 29032K, committed 29256K, reserved 1075200K
  class space    used 3274K, capacity 3353K, committed 3400K, reserved 1048576K
}
2016-06-08T16:01:32.448-0530: 944.047: Total time for which application threads were stopped: 0.0070339 seconds
2016-06-08T16:01:33.449-0530: 945.048: Total time for which application threads were stopped: 0.0002021 seconds
{Heap before GC invocations=130 (full 3):
 par new generation   total 109248K, used 109248K [0x00000007a0000000, 0x00000007a8000000, 0x00000007a8000000)
  eden space 87424K, 100% used [0x00000007a0000000, 0x00000007a5560000, 0x00000007a5560000)
  from space 21824K, 100% used [0x00000007a5560000, 0x00000007a6ab0000, 0x00000007a6ab0000)
  to   space 21824K,   0% used [0x00000007a6ab0000, 0x00000007a6ab0000, 0x00000007a8000000)
 concurrent mark-sweep generation total 393216K, used 66543K [0x00000007a8000000, 0x00000007c0000000, 0x00000007c0000000)
 Metaspace       used 28785K, capacity 29032K, committed 29256K, reserved 1075200K
  class space    used 3274K, capacity 3353K, committed 3400K, reserved 1048576K
2016-06-08T16:01:47.031-0530: 958.631: [GC (Allocation Failure) 958.631: [ParNew
Desired survivor size 20112992 bytes, new threshold 7 (max 8)
- age   1:    5946768 bytes,    5946768 total
- age   2:    3137600 bytes,    9084368 total
- age   3:    4552776 bytes,   13637144 total
- age   4:    3378760 bytes,   17015904 total
- age   5:    1903120 bytes,   18919024 total
- age   6:     851632 bytes,   19770656 total
- age   7:     446744 bytes,   20217400 total
- age   8:     517144 bytes,   20734544 total
: 109248K->21824K(109248K), 0.0072260 secs] 175791K->94108K(502464K), 0.0073059 secs] [Times: user=0.02 sys=0.00, real=0.00 secs] 
Heap after GC invocations=131 (full 3):
 par new generation   total 109248K, used 21824K [0x00000007a0000000, 0x00000007a8000000, 0x00000007a8000000)
  eden space 87424K,   0% used [0x00000007a0000000, 0x00000007a0000000, 0x00000007a5560000)
  from space 21824K, 100% used [0x00000007a6ab0000, 0x00000007a8000000, 0x00000007a8000000)
  to   space 21824K,   0% used [0x00000007a5560000, 0x00000007a5560000, 0x00000007a6ab0000)
 concurrent mark-sweep generation total 393216K, used 72284K [0x00000007a8000000, 0x00000007c0000000, 0x00000007c0000000)
 Metaspace       used 28785K, capacity 29032K, committed 29256K, reserved 1075200K
  class space    used 3274K, capacity 3353K, committed 3400K, reserved 1048576K
}
2016-06-08T16:01:47.039-0530: 958.638: Total time for which application threads were stopped: 0.0075070 seconds
{Heap before GC invocations=131 (full 3):
 par new generation   total 109248K, used 109248K [0x00000007a0000000, 0x00000007a8000000, 0x00000007a8000000)
  eden space 87424K, 100% used [0x00000007a0000000, 0x00000007a5560000, 0x00000007a5560000)
  from space 21824K, 100% used [0x00000007a6ab0000, 0x00000007a8000000, 0x00000007a8000000)
  to   space 21824K,   0% used [0x00000007a5560000, 0x00000007a5560000, 0x00000007a6ab0000)
 concurrent mark-sweep generation total 393216K, used 72284K [0x00000007a8000000, 0x00000007c0000000, 0x00000007c0000000)
 Metaspace       used 28785K, capacity 29032K, committed 29256K, reserved 1075200K
  class space    used 3274K, capacity 3353K, committed 3400K, reserved 1048576K
2016-06-08T16:01:47.595-0530: 959.194: [GC (Allocation Failure) 959.195: [ParNew
Desired survivor size 20112992 bytes, new threshold 6 (max 8)
- age   1:    3110152 bytes,    3110152 total
- age   2:    5475824 bytes,    8585976 total
- age   3:    3137560 bytes,   11723536 total
- age   4:    4552776 bytes,   16276312 total
- age   5:    3311776 bytes,   19588088 total
- age   6:    1902536 bytes,   21490624 total
- age   7:     628032 bytes,   22118656 total
: 109248K->21824K(109248K), 0.0069413 secs] 181532K->97900K(502464K), 0.0070054 secs] [Times: user=0.02 sys=0.00, real=0.01 secs] 
Heap after GC invocations=132 (full 3):
 par new generation   total 109248K, used 21824K [0x00000007a0000000, 0x00000007a8000000, 0x00000007a8000000)
  eden space 87424K,   0% used [0x00000007a0000000, 0x00000007a0000000, 0x00000007a5560000)
  from space 21824K, 100% used [0x00000007a5560000, 0x00000007a6ab0000, 0x00000007a6ab0000)
  to   space 21824K,   0% used [0x00000007a6ab0000, 0x00000007a6ab0000, 0x00000007a8000000)
 concurrent mark-sweep generation total 393216K, used 76076K [0x00000007a8000000, 0x00000007c0000000, 0x00000007c0000000)
 Metaspace       used 28785K, capacity 29032K, committed 29256K, reserved 1075200K
  class space    used 3274K, capacity 3353K, committed 3400K, reserved 1048576K
}
2016-06-08T16:01:47.602-0530: 959.202: Total time for which application threads were stopped: 0.0072077 seconds
2016-06-08T16:01:47.708-0530: 959.307: Total time for which application threads were stopped: 0.0001099 seconds
{Heap before GC invocations=132 (full 3):
 par new generation   total 109248K, used 109248K [0x00000007a0000000, 0x00000007a8000000, 0x00000007a8000000)
  eden space 87424K, 100% used [0x00000007a0000000, 0x00000007a5560000, 0x00000007a5560000)
  from space 21824K, 100% used [0x00000007a5560000, 0x00000007a6ab0000, 0x00000007a6ab0000)
  to   space 21824K,   0% used [0x00000007a6ab0000, 0x00000007a6ab0000, 0x00000007a8000000)
 concurrent mark-sweep generation total 393216K, used 76076K [0x00000007a8000000, 0x00000007c0000000, 0x00000007c0000000)
 Metaspace       used 28788K, capacity 29032K, committed 29256K, reserved 1075200K
  class space    used 3274K, capacity 3353K, committed 3400K, reserved 1048576K
2016-06-08T16:01:57.764-0530: 969.364: [GC (Allocation Failure) 969.364: [ParNew
Desired survivor size 20112992 bytes, new threshold 6 (max 8)
- age   1:    5835424 bytes,    5835424 total
- age   2:     812528 bytes,    6647952 total
- age   3:    4100080 bytes,   10748032 total
- age   4:    2922488 bytes,   13670520 total
- age   5:    4519992 bytes,   18190512 total
- age   6:    3132848 bytes,   21323360 total
: 109248K->21824K(109248K), 0.0070521 secs] 185324K->101791K(502464K), 0.0071329 secs] [Times: user=0.02 sys=0.00, real=0.01 secs] 
Heap after GC invocations=133 (full 3):
 par new generation   total 109248K, used 21824K [0x00000007a0000000, 0x00000007a8000000, 0x00000007a8000000)
  eden space 87424K,   0% used [0x00000007a0000000, 0x00000007a0000000, 0x00000007a5560000)
  from space 21824K, 100% used [0x00000007a6ab0000, 0x00000007a8000000, 0x00000007a8000000)
  to   space 21824K,   0% used [0x00000007a5560000, 0x00000007a5560000, 0x00000007a6ab0000)
 concurrent mark-sweep generation total 393216K, used 79967K [0x00000007a8000000, 0x00000007c0000000, 0x00000007c0000000)
 Metaspace       used 28788K, capacity 29032K, committed 29256K, reserved 1075200K
  class space    used 3274K, capacity 3353K, committed 3400K, reserved 1048576K
}
2016-06-08T16:01:57.771-0530: 969.371: Total time for which application threads were stopped: 0.0073348 seconds
{Heap before GC invocations=133 (full 3):
 par new generation   total 109248K, used 109248K [0x00000007a0000000, 0x00000007a8000000, 0x00000007a8000000)
  eden space 87424K, 100% used [0x00000007a0000000, 0x00000007a5560000, 0x00000007a5560000)
  from space 21824K, 100% used [0x00000007a6ab0000, 0x00000007a8000000, 0x00000007a8000000)
  to   space 21824K,   0% used [0x00000007a5560000, 0x00000007a5560000, 0x00000007a6ab0000)
 concurrent mark-sweep generation total 393216K, used 79967K [0x00000007a8000000, 0x00000007c0000000, 0x00000007c0000000)
 Metaspace       used 28792K, capacity 29032K, committed 29256K, reserved 1075200K
  class space    used 3274K, capacity 3353K, committed 3400K, reserved 1048576K
2016-06-08T16:02:07.385-0530: 978.985: [GC (Allocation Failure) 978.985: [ParNew
Desired survivor size 20112992 bytes, new threshold 8 (max 8)
- age   1:    5094256 bytes,    5094256 total
- age   2:    2641872 bytes,    7736128 total
- age   3:     812480 bytes,    8548608 total
- age   4:    4099472 bytes,   12648080 total
- age   5:    2381816 bytes,   15029896 total
- age   6:    4475208 bytes,   19505104 total
: 109248K->21824K(109248K), 0.0061956 secs] 189215K->105358K(502464K), 0.0062659 secs] [Times: user=0.02 sys=0.00, real=0.01 secs] 
Heap after GC invocations=134 (full 3):
 par new generation   total 109248K, used 21824K [0x00000007a0000000, 0x00000007a8000000, 0x00000007a8000000)
  eden space 87424K,   0% used [0x00000007a0000000, 0x00000007a0000000, 0x00000007a5560000)
  from space 21824K, 100% used [0x00000007a5560000, 0x00000007a6ab0000, 0x00000007a6ab0000)
  to   space 21824K,   0% used [0x00000007a6ab0000, 0x00000007a6ab0000, 0x00000007a8000000)
 concurrent mark-sweep generation total 393216K, used 83534K [0x00000007a8000000, 0x00000007c0000000, 0x00000007c0000000)
 Metaspace       used 28792K, capacity 29032K, committed 29256K, reserved 1075200K
  class space    used 3274K, capacity 3353K, committed 3400K, reserved 1048576K
}
2016-06-08T16:02:07.392-0530: 978.992: Total time for which application threads were stopped: 0.0064495 seconds
{Heap before GC invocations=134 (full 3):
 par new generation   total 109248K, used 109248K [0x00000007a0000000, 0x00000007a8000000, 0x00000007a8000000)
  eden space 87424K, 100% used [0x00000007a0000000, 0x00000007a5560000, 0x00000007a5560000)
  from space 21824K, 100% used [0x00000007a5560000, 0x00000007a6ab0000, 0x00000007a6ab0000)
  to   space 21824K,   0% used [0x00000007a6ab0000, 0x00000007a6ab0000, 0x00000007a8000000)
 concurrent mark-sweep generation total 393216K, used 83534K [0x00000007a8000000, 0x00000007c0000000, 0x00000007c0000000)
 Metaspace       used 28793K, capacity 29032K, committed 29256K, reserved 1075200K
  class space    used 3274K, capacity 3353K, committed 3400K, reserved 1048576K
2016-06-08T16:02:07.978-0530: 979.578: [GC (Allocation Failure) 979.578: [ParNew
Desired survivor size 20112992 bytes, new threshold 7 (max 8)
- age   1:    2922136 bytes,    2922136 total
- age   2:    4040392 bytes,    6962528 total
- age   3:    2641320 bytes,    9603848 total
- age   4:     812432 bytes,   10416280 total
- age   5:    4032296 bytes,   14448576 total
- age   6:    2162600 bytes,   16611176 total
- age   7:    3924792 bytes,   20535968 total
: 109248K->21824K(109248K), 0.0067585 secs] 192782K->109465K(502464K), 0.0068561 secs] [Times: user=0.03 sys=0.00, real=0.01 secs] 
Heap after GC invocations=135 (full 3):
 par new generation   total 109248K, used 21824K [0x00000007a0000000, 0x00000007a8000000, 0x00000007a8000000)
  eden space 87424K,   0% used [0x00000007a0000000, 0x00000007a0000000, 0x00000007a5560000)
  from space 21824K, 100% used [0x00000007a6ab0000, 0x00000007a8000000, 0x00000007a8000000)
  to   space 21824K,   0% used [0x00000007a5560000, 0x00000007a5560000, 0x00000007a6ab0000)
 concurrent mark-sweep generation total 393216K, used 87641K [0x00000007a8000000, 0x00000007c0000000, 0x00000007c0000000)
 Metaspace       used 28793K, capacity 29032K, committed 29256K, reserved 1075200K
  class space    used 3274K, capacity 3353K, committed 3400K, reserved 1048576K
}
2016-06-08T16:02:07.985-0530: 979.585: Total time for which application threads were stopped: 0.0070673 seconds
2016-06-08T16:02:08.016-0530: 979.616: Total time for which application threads were stopped: 0.0001224 seconds
2016-06-08T16:02:08.017-0530: 979.617: Total time for which application threads were stopped: 0.0001153 seconds
2016-06-08T16:02:08.017-0530: 979.617: Total time for which application threads were stopped: 0.0000814 seconds
2016-06-08T16:02:08.018-0530: 979.617: Total time for which application threads were stopped: 0.0000722 seconds
2016-06-08T16:02:08.018-0530: 979.618: Total time for which application threads were stopped: 0.0000709 seconds
2016-06-08T16:02:08.018-0530: 979.618: Total time for which application threads were stopped: 0.0000587 seconds
2016-06-08T16:02:08.018-0530: 979.618: Total time for which application threads were stopped: 0.0000640 seconds
2016-06-08T16:02:08.018-0530: 979.618: Total time for which application threads were stopped: 0.0000679 seconds
2016-06-08T16:02:08.018-0530: 979.618: Total time for which application threads were stopped: 0.0000877 seconds
2016-06-08T16:02:08.024-0530: 979.624: Total time for which application threads were stopped: 0.0001172 seconds
2016-06-08T16:02:08.028-0530: 979.628: Total time for which application threads were stopped: 0.0001486 seconds
2016-06-08T16:02:08.035-0530: 979.635: Total time for which application threads were stopped: 0.0001119 seconds
2016-06-08T16:02:08.042-0530: 979.642: Total time for which application threads were stopped: 0.0005340 seconds
2016-06-08T16:02:09.360-0530: 980.960: Total time for which application threads were stopped: 0.0001235 seconds
2016-06-08T16:02:09.369-0530: 980.969: Total time for which application threads were stopped: 0.0001143 seconds
2016-06-08T16:02:09.378-0530: 980.978: Total time for which application threads were stopped: 0.0001139 seconds
2016-06-08T16:02:09.403-0530: 981.003: Total time for which application threads were stopped: 0.0001149 seconds
2016-06-08T16:02:09.411-0530: 981.011: Total time for which application threads were stopped: 0.0000994 seconds
2016-06-08T16:02:09.628-0530: 981.228: Total time for which application threads were stopped: 0.0001022 seconds
2016-06-08T16:02:09.629-0530: 981.229: Total time for which application threads were stopped: 0.0000618 seconds
2016-06-08T16:02:09.629-0530: 981.229: Total time for which application threads were stopped: 0.0000610 seconds
2016-06-08T16:02:09.630-0530: 981.230: Total time for which application threads were stopped: 0.0000670 seconds
2016-06-08T16:02:09.630-0530: 981.231: Total time for which application threads were stopped: 0.0000705 seconds
2016-06-08T16:02:09.631-0530: 981.231: Total time for which application threads were stopped: 0.0000605 seconds
2016-06-08T16:02:09.632-0530: 981.232: Total time for which application threads were stopped: 0.0000510 seconds
2016-06-08T16:02:09.632-0530: 981.232: Total time for which application threads were stopped: 0.0000491 seconds
2016-06-08T16:02:09.632-0530: 981.232: Total time for which application threads were stopped: 0.0000480 seconds
2016-06-08T16:02:09.633-0530: 981.233: Total time for which application threads were stopped: 0.0000487 seconds
2016-06-08T16:02:09.634-0530: 981.234: Total time for which application threads were stopped: 0.0000469 seconds
2016-06-08T16:02:09.634-0530: 981.234: Total time for which application threads were stopped: 0.0001594 seconds
{Heap before GC invocations=135 (full 3):
 par new generation   total 109248K, used 109248K [0x00000007a0000000, 0x00000007a8000000, 0x00000007a8000000)
  eden space 87424K, 100% used [0x00000007a0000000, 0x00000007a5560000, 0x00000007a5560000)
  from space 21824K, 100% used [0x00000007a6ab0000, 0x00000007a8000000, 0x00000007a8000000)
  to   space 21824K,   0% used [0x00000007a5560000, 0x00000007a5560000, 0x00000007a6ab0000)
 concurrent mark-sweep generation total 393216K, used 87641K [0x00000007a8000000, 0x00000007c0000000, 0x00000007c0000000)
 Metaspace       used 28797K, capacity 29032K, committed 29256K, reserved 1075200K
  class space    used 3274K, capacity 3353K, committed 3400K, reserved 1048576K
2016-06-08T16:02:10.351-0530: 981.951: [GC (Allocation Failure) 981.951: [ParNew
Desired survivor size 20112992 bytes, new threshold 8 (max 8)
- age   1:    1120632 bytes,    1120632 total
- age   2:    1450304 bytes,    2570936 total
- age   3:    3804792 bytes,    6375728 total
- age   4:    2641240 bytes,    9016968 total
- age   5:     812312 bytes,    9829280 total
- age   6:    3580032 bytes,   13409312 total
- age   7:    2162600 bytes,   15571912 total
: 109248K->21824K(109248K), 0.0066436 secs] 196889K->115116K(502464K), 0.0066975 secs] [Times: user=0.02 sys=0.00, real=0.00 secs] 
Heap after GC invocations=136 (full 3):
 par new generation   total 109248K, used 21824K [0x00000007a0000000, 0x00000007a8000000, 0x00000007a8000000)
  eden space 87424K,   0% used [0x00000007a0000000, 0x00000007a0000000, 0x00000007a5560000)
  from space 21824K, 100% used [0x00000007a5560000, 0x00000007a6ab0000, 0x00000007a6ab0000)
  to   space 21824K,   0% used [0x00000007a6ab0000, 0x00000007a6ab0000, 0x00000007a8000000)
 concurrent mark-sweep generation total 393216K, used 93292K [0x00000007a8000000, 0x00000007c0000000, 0x00000007c0000000)
 Metaspace       used 28797K, capacity 29032K, committed 29256K, reserved 1075200K
  class space    used 3274K, capacity 3353K, committed 3400K, reserved 1048576K
}
2016-06-08T16:02:10.357-0530: 981.957: Total time for which application threads were stopped: 0.0069000 seconds
2016-06-08T16:02:11.166-0530: 982.766: Total time for which application threads were stopped: 0.0001037 seconds
2016-06-08T16:02:11.166-0530: 982.766: Total time for which application threads were stopped: 0.0001383 seconds
{Heap before GC invocations=136 (full 3):
 par new generation   total 109248K, used 109247K [0x00000007a0000000, 0x00000007a8000000, 0x00000007a8000000)
  eden space 87424K,  99% used [0x00000007a0000000, 0x00000007a555fd90, 0x00000007a5560000)
  from space 21824K, 100% used [0x00000007a5560000, 0x00000007a6ab0000, 0x00000007a6ab0000)
  to   space 21824K,   0% used [0x00000007a6ab0000, 0x00000007a6ab0000, 0x00000007a8000000)
 concurrent mark-sweep generation total 393216K, used 93292K [0x00000007a8000000, 0x00000007c0000000, 0x00000007c0000000)
 Metaspace       used 28799K, capacity 29032K, committed 29256K, reserved 1075200K
  class space    used 3274K, capacity 3353K, committed 3400K, reserved 1048576K
2016-06-08T16:02:19.927-0530: 991.527: [GC (Allocation Failure) 991.527: [ParNew
Desired survivor size 20112992 bytes, new threshold 8 (max 8)
- age   1:    3919240 bytes,    3919240 total
- age   2:    1016712 bytes,    4935952 total
- age   3:    1450304 bytes,    6386256 total
- age   4:    3804232 bytes,   10190488 total
- age   5:    2641024 bytes,   12831512 total
- age   6:     812312 bytes,   13643824 total
- age   7:    3579960 bytes,   17223784 total
- age   8:    2162600 bytes,   19386384 total
: 109247K->21824K(109248K), 0.0056665 secs] 202539K->115116K(502464K), 0.0057535 secs] [Times: user=0.02 sys=0.00, real=0.01 secs] 
Heap after GC invocations=137 (full 3):
 par new generation   total 109248K, used 21824K [0x00000007a0000000, 0x00000007a8000000, 0x00000007a8000000)
  eden space 87424K,   0% used [0x00000007a0000000, 0x00000007a0000000, 0x00000007a5560000)
  from space 21824K, 100% used [0x00000007a6ab0000, 0x00000007a8000000, 0x00000007a8000000)
  to   space 21824K,   0% used [0x00000007a5560000, 0x00000007a5560000, 0x00000007a6ab0000)
 concurrent mark-sweep generation total 393216K, used 93292K [0x00000007a8000000, 0x00000007c0000000, 0x00000007c0000000)
 Metaspace       used 28799K, capacity 29032K, committed 29256K, reserved 1075200K
  class space    used 3274K, capacity 3353K, committed 3400K, reserved 1048576K
}
2016-06-08T16:02:19.933-0530: 991.533: Total time for which application threads were stopped: 0.0059422 seconds
2016-06-08T16:02:20.318-0530: 991.919: Total time for which application threads were stopped: 0.0000841 seconds
2016-06-08T16:02:20.319-0530: 991.919: Total time for which application threads were stopped: 0.0000653 seconds
2016-06-08T16:02:20.515-0530: 992.116: Total time for which application threads were stopped: 0.0000913 seconds
2016-06-08T16:02:20.515-0530: 992.116: Total time for which application threads were stopped: 0.0000715 seconds
2016-06-08T16:02:20.516-0530: 992.117: Total time for which application threads were stopped: 0.0001021 seconds
2016-06-08T16:02:20.517-0530: 992.117: Total time for which application threads were stopped: 0.0000785 seconds
2016-06-08T16:02:20.517-0530: 992.117: Total time for which application threads were stopped: 0.0001005 seconds
2016-06-08T16:02:20.541-0530: 992.141: Total time for which application threads were stopped: 0.0001496 seconds
2016-06-08T16:02:20.542-0530: 992.142: Total time for which application threads were stopped: 0.0001422 seconds
2016-06-08T16:02:21.547-0530: 993.147: Total time for which application threads were stopped: 0.0002308 seconds
{Heap before GC invocations=137 (full 3):
 par new generation   total 109248K, used 109248K [0x00000007a0000000, 0x00000007a8000000, 0x00000007a8000000)
  eden space 87424K, 100% used [0x00000007a0000000, 0x00000007a5560000, 0x00000007a5560000)
  from space 21824K, 100% used [0x00000007a6ab0000, 0x00000007a8000000, 0x00000007a8000000)
  to   space 21824K,   0% used [0x00000007a5560000, 0x00000007a5560000, 0x00000007a6ab0000)
 concurrent mark-sweep generation total 393216K, used 93292K [0x00000007a8000000, 0x00000007c0000000, 0x00000007c0000000)
 Metaspace       used 28806K, capacity 29032K, committed 29256K, reserved 1075200K
  class space    used 3274K, capacity 3353K, committed 3400K, reserved 1048576K
2016-06-08T16:02:30.830-0530: 1002.430: [GC (Allocation Failure) 1002.430: [ParNew
Desired survivor size 20112992 bytes, new threshold 8 (max 8)
- age   1:    4499000 bytes,    4499000 total
- age   2:    1284848 bytes,    5783848 total
- age   3:     994912 bytes,    6778760 total
- age   4:    1450152 bytes,    8228912 total
- age   5:    3784064 bytes,   12012976 total
- age   6:    2572424 bytes,   14585400 total
- age   7:     812312 bytes,   15397712 total
- age   8:    3578320 bytes,   18976032 total
: 109248K->21824K(109248K), 0.0061115 secs] 202540K->117247K(502464K), 0.0061859 secs] [Times: user=0.02 sys=0.00, real=0.00 secs] 
Heap after GC invocations=138 (full 3):
 par new generation   total 109248K, used 21824K [0x00000007a0000000, 0x00000007a8000000, 0x00000007a8000000)
  eden space 87424K,   0% used [0x00000007a0000000, 0x00000007a0000000, 0x00000007a5560000)
  from space 21824K, 100% used [0x00000007a5560000, 0x00000007a6ab0000, 0x00000007a6ab0000)
  to   space 21824K,   0% used [0x00000007a6ab0000, 0x00000007a6ab0000, 0x00000007a8000000)
 concurrent mark-sweep generation total 393216K, used 95423K [0x00000007a8000000, 0x00000007c0000000, 0x00000007c0000000)
 Metaspace       used 28806K, capacity 29032K, committed 29256K, reserved 1075200K
  class space    used 3274K, capacity 3353K, committed 3400K, reserved 1048576K
}
2016-06-08T16:02:30.836-0530: 1002.437: Total time for which application threads were stopped: 0.0063757 seconds
{Heap before GC invocations=138 (full 3):
 par new generation   total 109248K, used 109248K [0x00000007a0000000, 0x00000007a8000000, 0x00000007a8000000)
  eden space 87424K, 100% used [0x00000007a0000000, 0x00000007a5560000, 0x00000007a5560000)
  from space 21824K, 100% used [0x00000007a5560000, 0x00000007a6ab0000, 0x00000007a6ab0000)
  to   space 21824K,   0% used [0x00000007a6ab0000, 0x00000007a6ab0000, 0x00000007a8000000)
 concurrent mark-sweep generation total 393216K, used 95423K [0x00000007a8000000, 0x00000007c0000000, 0x00000007c0000000)
 Metaspace       used 28806K, capacity 29032K, committed 29256K, reserved 1075200K
  class space    used 3274K, capacity 3353K, committed 3400K, reserved 1048576K
2016-06-08T16:02:31.510-0530: 1003.111: [GC (Allocation Failure) 1003.111: [ParNew
Desired survivor size 20112992 bytes, new threshold 8 (max 8)
- age   1:    5417776 bytes,    5417776 total
- age   2:    4032464 bytes,    9450240 total
- age   3:    1284848 bytes,   10735088 total
- age   4:     994832 bytes,   11729920 total
- age   5:    1450152 bytes,   13180072 total
- age   6:    3717152 bytes,   16897224 total
- age   7:    2572424 bytes,   19469648 total
- age   8:     812312 bytes,   20281960 total
: 109248K->21824K(109248K), 0.0064264 secs] 204671K->120936K(502464K), 0.0064898 secs] [Times: user=0.02 sys=0.00, real=0.00 secs] 
Heap after GC invocations=139 (full 3):
 par new generation   total 109248K, used 21824K [0x00000007a0000000, 0x00000007a8000000, 0x00000007a8000000)
  eden space 87424K,   0% used [0x00000007a0000000, 0x00000007a0000000, 0x00000007a5560000)
  from space 21824K, 100% used [0x00000007a6ab0000, 0x00000007a8000000, 0x00000007a8000000)
  to   space 21824K,   0% used [0x00000007a5560000, 0x00000007a5560000, 0x00000007a6ab0000)
 concurrent mark-sweep generation total 393216K, used 99112K [0x00000007a8000000, 0x00000007c0000000, 0x00000007c0000000)
 Metaspace       used 28806K, capacity 29032K, committed 29256K, reserved 1075200K
  class space    used 3274K, capacity 3353K, committed 3400K, reserved 1048576K
}
2016-06-08T16:02:31.517-0530: 1003.117: Total time for which application threads were stopped: 0.0067018 seconds
2016-06-08T16:02:32.519-0530: 1004.120: Total time for which application threads were stopped: 0.0001751 seconds
{Heap before GC invocations=139 (full 3):
 par new generation   total 109248K, used 109247K [0x00000007a0000000, 0x00000007a8000000, 0x00000007a8000000)
  eden space 87424K,  99% used [0x00000007a0000000, 0x00000007a555fea8, 0x00000007a5560000)
  from space 21824K, 100% used [0x00000007a6ab0000, 0x00000007a8000000, 0x00000007a8000000)
  to   space 21824K,   0% used [0x00000007a5560000, 0x00000007a5560000, 0x00000007a6ab0000)
 concurrent mark-sweep generation total 393216K, used 99112K [0x00000007a8000000, 0x00000007c0000000, 0x00000007c0000000)
 Metaspace       used 28806K, capacity 29032K, committed 29256K, reserved 1075200K
  class space    used 3274K, capacity 3353K, committed 3400K, reserved 1048576K
2016-06-08T16:02:40.830-0530: 1012.431: [GC (Allocation Failure) 1012.431: [ParNew
Desired survivor size 20112992 bytes, new threshold 7 (max 8)
- age   1:    5732472 bytes,    5732472 total
- age   2:    5089480 bytes,   10821952 total
- age   3:    3432728 bytes,   14254680 total
- age   4:    1283496 bytes,   15538176 total
- age   5:     852512 bytes,   16390688 total
- age   6:    1152600 bytes,   17543288 total
- age   7:    2799544 bytes,   20342832 total
- age   8:    1911904 bytes,   22254736 total
: 109247K->21824K(109248K), 0.0073553 secs] 208359K->124411K(502464K), 0.0074269 secs] [Times: user=0.02 sys=0.00, real=0.00 secs] 
Heap after GC invocations=140 (full 3):
 par new generation   total 109248K, used 21824K [0x00000007a0000000, 0x00000007a8000000, 0x00000007a8000000)
  eden space 87424K,   0% used [0x00000007a0000000, 0x00000007a0000000, 0x00000007a5560000)
  from space 21824K, 100% used [0x00000007a5560000, 0x00000007a6ab0000, 0x00000007a6ab0000)
  to   space 21824K,   0% used [0x00000007a6ab0000, 0x00000007a6ab0000, 0x00000007a8000000)
 concurrent mark-sweep generation total 393216K, used 102587K [0x00000007a8000000, 0x00000007c0000000, 0x00000007c0000000)
 Metaspace       used 28806K, capacity 29032K, committed 29256K, reserved 1075200K
  class space    used 3274K, capacity 3353K, committed 3400K, reserved 1048576K
}
2016-06-08T16:02:40.837-0530: 1012.438: Total time for which application threads were stopped: 0.0076127 seconds
2016-06-08T16:02:41.173-0530: 1012.774: Total time for which application threads were stopped: 0.0000988 seconds
2016-06-08T16:02:41.173-0530: 1012.774: Total time for which application threads were stopped: 0.0000797 seconds
2016-06-08T16:02:41.174-0530: 1012.775: Total time for which application threads were stopped: 0.0000564 seconds
2016-06-08T16:02:41.174-0530: 1012.775: Total time for which application threads were stopped: 0.0001637 seconds
2016-06-08T16:02:41.175-0530: 1012.776: Total time for which application threads were stopped: 0.0001417 seconds
2016-06-08T16:02:41.256-0530: 1012.857: Total time for which application threads were stopped: 0.0001333 seconds
2016-06-08T16:02:41.257-0530: 1012.858: Total time for which application threads were stopped: 0.0000894 seconds
2016-06-08T16:02:41.257-0530: 1012.858: Total time for which application threads were stopped: 0.0001045 seconds
{Heap before GC invocations=140 (full 3):
 par new generation   total 109248K, used 109236K [0x00000007a0000000, 0x00000007a8000000, 0x00000007a8000000)
  eden space 87424K,  99% used [0x00000007a0000000, 0x00000007a555d288, 0x00000007a5560000)
  from space 21824K, 100% used [0x00000007a5560000, 0x00000007a6ab0000, 0x00000007a6ab0000)
  to   space 21824K,   0% used [0x00000007a6ab0000, 0x00000007a6ab0000, 0x00000007a8000000)
 concurrent mark-sweep generation total 393216K, used 102587K [0x00000007a8000000, 0x00000007c0000000, 0x00000007c0000000)
 Metaspace       used 28806K, capacity 29032K, committed 29256K, reserved 1075200K
  class space    used 3274K, capacity 3353K, committed 3400K, reserved 1048576K
2016-06-08T16:02:58.101-0530: 1029.702: [GC (Allocation Failure) 1029.702: [ParNew
Desired survivor size 20112992 bytes, new threshold 8 (max 8)
- age   1:    4892064 bytes,    4892064 total
- age   2:    2734016 bytes,    7626080 total
- age   3:    5170792 bytes,   12796872 total
- age   4:    3431200 bytes,   16228072 total
- age   5:    1216584 bytes,   17444656 total
- age   6:     852512 bytes,   18297168 total
- age   7:    1152600 bytes,   19449768 total
: 109236K->21824K(109248K), 0.0068690 secs] 211824K->129269K(502464K), 0.0069559 secs] [Times: user=0.03 sys=0.00, real=0.00 secs] 
Heap after GC invocations=141 (full 3):
 par new generation   total 109248K, used 21824K [0x00000007a0000000, 0x00000007a8000000, 0x00000007a8000000)
  eden space 87424K,   0% used [0x00000007a0000000, 0x00000007a0000000, 0x00000007a5560000)
  from space 21824K, 100% used [0x00000007a6ab0000, 0x00000007a8000000, 0x00000007a8000000)
  to   space 21824K,   0% used [0x00000007a5560000, 0x00000007a5560000, 0x00000007a6ab0000)
 concurrent mark-sweep generation total 393216K, used 107445K [0x00000007a8000000, 0x00000007c0000000, 0x00000007c0000000)
 Metaspace       used 28806K, capacity 29032K, committed 29256K, reserved 1075200K
  class space    used 3274K, capacity 3353K, committed 3400K, reserved 1048576K
}
2016-06-08T16:02:58.108-0530: 1029.709: Total time for which application threads were stopped: 0.0071510 seconds
{Heap before GC invocations=141 (full 3):
 par new generation   total 109248K, used 109248K [0x00000007a0000000, 0x00000007a8000000, 0x00000007a8000000)
  eden space 87424K, 100% used [0x00000007a0000000, 0x00000007a5560000, 0x00000007a5560000)
  from space 21824K, 100% used [0x00000007a6ab0000, 0x00000007a8000000, 0x00000007a8000000)
  to   space 21824K,   0% used [0x00000007a5560000, 0x00000007a5560000, 0x00000007a6ab0000)
 concurrent mark-sweep generation total 393216K, used 107445K [0x00000007a8000000, 0x00000007c0000000, 0x00000007c0000000)
 Metaspace       used 28806K, capacity 29032K, committed 29256K, reserved 1075200K
  class space    used 3274K, capacity 3353K, committed 3400K, reserved 1048576K
2016-06-08T16:02:58.753-0530: 1030.355: [GC (Allocation Failure) 1030.355: [ParNew
Desired survivor size 20112992 bytes, new threshold 8 (max 8)
- age   1:    5370944 bytes,    5370944 total
- age   2:    4441792 bytes,    9812736 total
- age   3:    2733168 bytes,   12545904 total
- age   4:    2203344 bytes,   14749248 total
- age   5:    2840256 bytes,   17589504 total
- age   6:    1216544 bytes,   18806048 total
- age   7:     671624 bytes,   19477672 total
- age   8:    1061080 bytes,   20538752 total
: 109248K->21824K(109248K), 0.0068082 secs] 216693K->132675K(502464K), 0.0068661 secs] [Times: user=0.03 sys=0.00, real=0.01 secs] 
Heap after GC invocations=142 (full 3):
 par new generation   total 109248K, used 21824K [0x00000007a0000000, 0x00000007a8000000, 0x00000007a8000000)
  eden space 87424K,   0% used [0x00000007a0000000, 0x00000007a0000000, 0x00000007a5560000)
  from space 21824K, 100% used [0x00000007a5560000, 0x00000007a6ab0000, 0x00000007a6ab0000)
  to   space 21824K,   0% used [0x00000007a6ab0000, 0x00000007a6ab0000, 0x00000007a8000000)
 concurrent mark-sweep generation total 393216K, used 110851K [0x00000007a8000000, 0x00000007c0000000, 0x00000007c0000000)
 Metaspace       used 28806K, capacity 29032K, committed 29256K, reserved 1075200K
  class space    used 3274K, capacity 3353K, committed 3400K, reserved 1048576K
}
2016-06-08T16:02:58.760-0530: 1030.362: Total time for which application threads were stopped: 0.0070483 seconds
2016-06-08T16:02:58.880-0530: 1030.481: Total time for which application threads were stopped: 0.0001253 seconds
2016-06-08T16:02:58.881-0530: 1030.482: Total time for which application threads were stopped: 0.0000914 seconds
2016-06-08T16:02:58.914-0530: 1030.515: Total time for which application threads were stopped: 0.0000856 seconds
2016-06-08T16:02:58.914-0530: 1030.515: Total time for which application threads were stopped: 0.0000591 seconds
2016-06-08T16:02:58.914-0530: 1030.516: Total time for which application threads were stopped: 0.0000521 seconds
2016-06-08T16:02:58.915-0530: 1030.516: Total time for which application threads were stopped: 0.0001362 seconds
2016-06-08T16:02:58.915-0530: 1030.516: Total time for which application threads were stopped: 0.0001023 seconds
{Heap before GC invocations=142 (full 3):
 par new generation   total 109248K, used 109248K [0x00000007a0000000, 0x00000007a8000000, 0x00000007a8000000)
  eden space 87424K, 100% used [0x00000007a0000000, 0x00000007a5560000, 0x00000007a5560000)
  from space 21824K, 100% used [0x00000007a5560000, 0x00000007a6ab0000, 0x00000007a6ab0000)
  to   space 21824K,   0% used [0x00000007a6ab0000, 0x00000007a6ab0000, 0x00000007a8000000)
 concurrent mark-sweep generation total 393216K, used 110851K [0x00000007a8000000, 0x00000007c0000000, 0x00000007c0000000)
 Metaspace       used 28806K, capacity 29032K, committed 29256K, reserved 1075200K
  class space    used 3274K, capacity 3353K, committed 3400K, reserved 1048576K
2016-06-08T16:03:09.360-0530: 1040.962: [GC (Allocation Failure) 1040.962: [ParNew
Desired survivor size 20112992 bytes, new threshold 8 (max 8)
- age   1:    4052664 bytes,    4052664 total
- age   2:    1909120 bytes,    5961784 total
- age   3:    3272064 bytes,    9233848 total
- age   4:    2731968 bytes,   11965816 total
- age   5:    2203344 bytes,   14169160 total
- age   6:    2772160 bytes,   16941320 total
- age   7:    1216328 bytes,   18157648 total
- age   8:     669600 bytes,   18827248 total
: 109248K->21824K(109248K), 0.0057930 secs] 220099K->134010K(502464K), 0.0058911 secs] [Times: user=0.02 sys=0.00, real=0.00 secs] 
Heap after GC invocations=143 (full 3):
 par new generation   total 109248K, used 21824K [0x00000007a0000000, 0x00000007a8000000, 0x00000007a8000000)
  eden space 87424K,   0% used [0x00000007a0000000, 0x00000007a0000000, 0x00000007a5560000)
  from space 21824K, 100% used [0x00000007a6ab0000, 0x00000007a8000000, 0x00000007a8000000)
  to   space 21824K,   0% used [0x00000007a5560000, 0x00000007a5560000, 0x00000007a6ab0000)
 concurrent mark-sweep generation total 393216K, used 112186K [0x00000007a8000000, 0x00000007c0000000, 0x00000007c0000000)
 Metaspace       used 28806K, capacity 29032K, committed 29256K, reserved 1075200K
  class space    used 3274K, capacity 3353K, committed 3400K, reserved 1048576K
}
2016-06-08T16:03:09.366-0530: 1040.968: Total time for which application threads were stopped: 0.0060868 seconds
2016-06-08T16:03:09.865-0530: 1041.467: Total time for which application threads were stopped: 0.0000998 seconds
{Heap before GC invocations=143 (full 3):
 par new generation   total 109248K, used 109246K [0x00000007a0000000, 0x00000007a8000000, 0x00000007a8000000)
  eden space 87424K,  99% used [0x00000007a0000000, 0x00000007a555f830, 0x00000007a5560000)
  from space 21824K, 100% used [0x00000007a6ab0000, 0x00000007a8000000, 0x00000007a8000000)
  to   space 21824K,   0% used [0x00000007a5560000, 0x00000007a5560000, 0x00000007a6ab0000)
 concurrent mark-sweep generation total 393216K, used 112186K [0x00000007a8000000, 0x00000007c0000000, 0x00000007c0000000)
 Metaspace       used 28808K, capacity 29032K, committed 29256K, reserved 1075200K
  class space    used 3274K, capacity 3353K, committed 3400K, reserved 1048576K
2016-06-08T16:03:24.516-0530: 1056.119: [GC (Allocation Failure) 1056.151: [ParNew
Desired survivor size 20112992 bytes, new threshold 8 (max 8)
- age   1:    4348792 bytes,    4348792 total
- age   2:    1329456 bytes,    5678248 total
- age   3:    1909120 bytes,    7587368 total
- age   4:    2864144 bytes,   10451512 total
- age   5:    2663568 bytes,   13115080 total
- age   6:    1916184 bytes,   15031264 total
- age   7:    2720128 bytes,   17751392 total
- age   8:    1216328 bytes,   18967720 total
: 109246K->21824K(109248K), 0.0067929 secs] 221432K->135395K(502464K), 0.0391640 secs] [Times: user=0.02 sys=0.00, real=0.04 secs] 
Heap after GC invocations=144 (full 3):
 par new generation   total 109248K, used 21824K [0x00000007a0000000, 0x00000007a8000000, 0x00000007a8000000)
  eden space 87424K,   0% used [0x00000007a0000000, 0x00000007a0000000, 0x00000007a5560000)
  from space 21824K, 100% used [0x00000007a5560000, 0x00000007a6ab0000, 0x00000007a6ab0000)
  to   space 21824K,   0% used [0x00000007a6ab0000, 0x00000007a6ab0000, 0x00000007a8000000)
 concurrent mark-sweep generation total 393216K, used 113571K [0x00000007a8000000, 0x00000007c0000000, 0x00000007c0000000)
 Metaspace       used 28808K, capacity 29032K, committed 29256K, reserved 1075200K
  class space    used 3274K, capacity 3353K, committed 3400K, reserved 1048576K
}
2016-06-08T16:03:24.556-0530: 1056.158: Total time for which application threads were stopped: 0.0393646 seconds
{Heap before GC invocations=144 (full 3):
 par new generation   total 109248K, used 109248K [0x00000007a0000000, 0x00000007a8000000, 0x00000007a8000000)
  eden space 87424K, 100% used [0x00000007a0000000, 0x00000007a5560000, 0x00000007a5560000)
  from space 21824K, 100% used [0x00000007a5560000, 0x00000007a6ab0000, 0x00000007a6ab0000)
  to   space 21824K,   0% used [0x00000007a6ab0000, 0x00000007a6ab0000, 0x00000007a8000000)
 concurrent mark-sweep generation total 393216K, used 113571K [0x00000007a8000000, 0x00000007c0000000, 0x00000007c0000000)
 Metaspace       used 28808K, capacity 29032K, committed 29256K, reserved 1075200K
  class space    used 3274K, capacity 3353K, committed 3400K, reserved 1048576K
2016-06-08T16:03:25.120-0530: 1056.723: [GC (Allocation Failure) 1056.723: [ParNew
Desired survivor size 20112992 bytes, new threshold 8 (max 8)
- age   1:    4206032 bytes,    4206032 total
- age   2:    4087248 bytes,    8293280 total
- age   3:    1328520 bytes,    9621800 total
- age   4:    1909120 bytes,   11530920 total
- age   5:    2708000 bytes,   14238920 total
- age   6:    2663568 bytes,   16902488 total
- age   7:    1916184 bytes,   18818672 total
- age   8:    2171504 bytes,   20990176 total
: 109248K->21824K(109248K), 0.0063193 secs] 222819K->138280K(502464K), 0.0063800 secs] [Times: user=0.02 sys=0.00, real=0.00 secs] 
Heap after GC invocations=145 (full 3):
 par new generation   total 109248K, used 21824K [0x00000007a0000000, 0x00000007a8000000, 0x00000007a8000000)
  eden space 87424K,   0% used [0x00000007a0000000, 0x00000007a0000000, 0x00000007a5560000)
  from space 21824K, 100% used [0x00000007a6ab0000, 0x00000007a8000000, 0x00000007a8000000)
  to   space 21824K,   0% used [0x00000007a5560000, 0x00000007a5560000, 0x00000007a6ab0000)
 concurrent mark-sweep generation total 393216K, used 116456K [0x00000007a8000000, 0x00000007c0000000, 0x00000007c0000000)
 Metaspace       used 28808K, capacity 29032K, committed 29256K, reserved 1075200K
  class space    used 3274K, capacity 3353K, committed 3400K, reserved 1048576K
}
2016-06-08T16:03:25.127-0530: 1056.729: Total time for which application threads were stopped: 0.0065625 seconds
2016-06-08T16:03:25.325-0530: 1056.927: Total time for which application threads were stopped: 0.0000899 seconds
2016-06-08T16:03:25.325-0530: 1056.927: Total time for which application threads were stopped: 0.0000503 seconds
2016-06-08T16:03:25.325-0530: 1056.928: Total time for which application threads were stopped: 0.0000555 seconds
2016-06-08T16:03:25.378-0530: 1056.980: Total time for which application threads were stopped: 0.0001674 seconds
2016-06-08T16:03:25.378-0530: 1056.980: Total time for which application threads were stopped: 0.0000723 seconds
2016-06-08T16:03:25.378-0530: 1056.981: Total time for which application threads were stopped: 0.0000802 seconds
{Heap before GC invocations=145 (full 3):
 par new generation   total 109248K, used 109247K [0x00000007a0000000, 0x00000007a8000000, 0x00000007a8000000)
  eden space 87424K,  99% used [0x00000007a0000000, 0x00000007a555fd48, 0x00000007a5560000)
  from space 21824K, 100% used [0x00000007a6ab0000, 0x00000007a8000000, 0x00000007a8000000)
  to   space 21824K,   0% used [0x00000007a5560000, 0x00000007a5560000, 0x00000007a6ab0000)
 concurrent mark-sweep generation total 393216K, used 116456K [0x00000007a8000000, 0x00000007c0000000, 0x00000007c0000000)
 Metaspace       used 28809K, capacity 29032K, committed 29256K, reserved 1075200K
  class space    used 3274K, capacity 3353K, committed 3400K, reserved 1048576K
2016-06-08T16:03:43.836-0530: 1075.439: [GC (Allocation Failure) 1075.464: [ParNew
Desired survivor size 20112992 bytes, new threshold 8 (max 8)
- age   1:    5659224 bytes,    5659224 total
- age   2:     842080 bytes,    6501304 total
- age   3:    3423344 bytes,    9924648 total
- age   4:    1328440 bytes,   11253088 total
- age   5:    1909120 bytes,   13162208 total
- age   6:    2641144 bytes,   15803352 total
- age   7:    2663568 bytes,   18466920 total
- age   8:    1916184 bytes,   20383104 total
: 109247K->21824K(109248K), 0.0073299 secs] 225703K->140401K(502464K), 0.0326939 secs] [Times: user=0.02 sys=0.00, real=0.03 secs] 
Heap after GC invocations=146 (full 3):
 par new generation   total 109248K, used 21824K [0x00000007a0000000, 0x00000007a8000000, 0x00000007a8000000)
  eden space 87424K,   0% used [0x00000007a0000000, 0x00000007a0000000, 0x00000007a5560000)
  from space 21824K, 100% used [0x00000007a5560000, 0x00000007a6ab0000, 0x00000007a6ab0000)
  to   space 21824K,   0% used [0x00000007a6ab0000, 0x00000007a6ab0000, 0x00000007a8000000)
 concurrent mark-sweep generation total 393216K, used 118577K [0x00000007a8000000, 0x00000007c0000000, 0x00000007c0000000)
 Metaspace       used 28809K, capacity 29032K, committed 29256K, reserved 1075200K
  class space    used 3274K, capacity 3353K, committed 3400K, reserved 1048576K
}
2016-06-08T16:03:43.869-0530: 1075.472: Total time for which application threads were stopped: 0.0328848 seconds
{Heap before GC invocations=146 (full 3):
 par new generation   total 109248K, used 109248K [0x00000007a0000000, 0x00000007a8000000, 0x00000007a8000000)
  eden space 87424K, 100% used [0x00000007a0000000, 0x00000007a5560000, 0x00000007a5560000)
  from space 21824K, 100% used [0x00000007a5560000, 0x00000007a6ab0000, 0x00000007a6ab0000)
  to   space 21824K,   0% used [0x00000007a6ab0000, 0x00000007a6ab0000, 0x00000007a8000000)
 concurrent mark-sweep generation total 393216K, used 118577K [0x00000007a8000000, 0x00000007c0000000, 0x00000007c0000000)
 Metaspace       used 28809K, capacity 29032K, committed 29256K, reserved 1075200K
  class space    used 3274K, capacity 3353K, committed 3400K, reserved 1048576K
2016-06-08T16:03:44.491-0530: 1076.094: [GC (Allocation Failure) 1076.094: [ParNew
Desired survivor size 20112992 bytes, new threshold 8 (max 8)
- age   1:    3720208 bytes,    3720208 total
- age   2:    4733184 bytes,    8453392 total
- age   3:     842080 bytes,    9295472 total
- age   4:    3422576 bytes,   12718048 total
- age   5:    1258600 bytes,   13976648 total
- age   6:    1909120 bytes,   15885768 total
- age   7:    1794280 bytes,   17680048 total
- age   8:    2332512 bytes,   20012560 total
: 109248K->21824K(109248K), 0.0067351 secs] 227825K->144756K(502464K), 0.0067967 secs] [Times: user=0.02 sys=0.00, real=0.00 secs] 
Heap after GC invocations=147 (full 3):
 par new generation   total 109248K, used 21824K [0x00000007a0000000, 0x00000007a8000000, 0x00000007a8000000)
  eden space 87424K,   0% used [0x00000007a0000000, 0x00000007a0000000, 0x00000007a5560000)
  from space 21824K, 100% used [0x00000007a6ab0000, 0x00000007a8000000, 0x00000007a8000000)
  to   space 21824K,   0% used [0x00000007a5560000, 0x00000007a5560000, 0x00000007a6ab0000)
 concurrent mark-sweep generation total 393216K, used 122932K [0x00000007a8000000, 0x00000007c0000000, 0x00000007c0000000)
 Metaspace       used 28809K, capacity 29032K, committed 29256K, reserved 1075200K
  class space    used 3274K, capacity 3353K, committed 3400K, reserved 1048576K
}
2016-06-08T16:03:44.497-0530: 1076.100: Total time for which application threads were stopped: 0.0069879 seconds
2016-06-08T16:03:44.526-0530: 1076.129: Total time for which application threads were stopped: 0.0001147 seconds
2016-06-08T16:03:44.527-0530: 1076.130: Total time for which application threads were stopped: 0.0001078 seconds
2016-06-08T16:03:44.571-0530: 1076.174: Total time for which application threads were stopped: 0.0000888 seconds
2016-06-08T16:03:44.572-0530: 1076.174: Total time for which application threads were stopped: 0.0000520 seconds
2016-06-08T16:03:44.572-0530: 1076.175: Total time for which application threads were stopped: 0.0001081 seconds
2016-06-08T16:03:44.572-0530: 1076.175: Total time for which application threads were stopped: 0.0000667 seconds
2016-06-08T16:03:45.574-0530: 1077.177: Total time for which application threads were stopped: 0.0001855 seconds
{Heap before GC invocations=147 (full 3):
 par new generation   total 109248K, used 109248K [0x00000007a0000000, 0x00000007a8000000, 0x00000007a8000000)
  eden space 87424K, 100% used [0x00000007a0000000, 0x00000007a5560000, 0x00000007a5560000)
  from space 21824K, 100% used [0x00000007a6ab0000, 0x00000007a8000000, 0x00000007a8000000)
  to   space 21824K,   0% used [0x00000007a5560000, 0x00000007a5560000, 0x00000007a6ab0000)
 concurrent mark-sweep generation total 393216K, used 122932K [0x00000007a8000000, 0x00000007c0000000, 0x00000007c0000000)
 Metaspace       used 28811K, capacity 29036K, committed 29256K, reserved 1075200K
  class space    used 3274K, capacity 3353K, committed 3400K, reserved 1048576K
2016-06-08T16:04:00.343-0530: 1091.947: [GC (Allocation Failure) 1091.947: [ParNew
Desired survivor size 20112992 bytes, new threshold 8 (max 8)
- age   1:    5227680 bytes,    5227680 total
- age   2:    2019624 bytes,    7247304 total
- age   3:    3919384 bytes,   11166688 total
- age   4:     507200 bytes,   11673888 total
- age   5:    3420864 bytes,   15094752 total
- age   6:    1209392 bytes,   16304144 total
- age   7:     661120 bytes,   16965264 total
- age   8:    1794248 bytes,   18759512 total
: 109248K->21824K(109248K), 0.0081909 secs] 232180K->150765K(502464K), 0.0082544 secs] [Times: user=0.02 sys=0.00, real=0.01 secs] 
Heap after GC invocations=148 (full 3):
 par new generation   total 109248K, used 21824K [0x00000007a0000000, 0x00000007a8000000, 0x00000007a8000000)
  eden space 87424K,   0% used [0x00000007a0000000, 0x00000007a0000000, 0x00000007a5560000)
  from space 21824K, 100% used [0x00000007a5560000, 0x00000007a6ab0000, 0x00000007a6ab0000)
  to   space 21824K,   0% used [0x00000007a6ab0000, 0x00000007a6ab0000, 0x00000007a8000000)
 concurrent mark-sweep generation total 393216K, used 128941K [0x00000007a8000000, 0x00000007c0000000, 0x00000007c0000000)
 Metaspace       used 28811K, capacity 29036K, committed 29256K, reserved 1075200K
  class space    used 3274K, capacity 3353K, committed 3400K, reserved 1048576K
}
2016-06-08T16:04:00.351-0530: 1091.955: Total time for which application threads were stopped: 0.0084592 seconds
2016-06-08T16:04:00.787-0530: 1092.391: Total time for which application threads were stopped: 0.0001316 seconds
2016-06-08T16:04:00.876-0530: 1092.480: Total time for which application threads were stopped: 0.0001500 seconds
2016-06-08T16:04:00.876-0530: 1092.480: Total time for which application threads were stopped: 0.0000735 seconds
2016-06-08T16:04:00.876-0530: 1092.480: Total time for which application threads were stopped: 0.0000758 seconds
{Heap before GC invocations=148 (full 3):
 par new generation   total 109248K, used 109248K [0x00000007a0000000, 0x00000007a8000000, 0x00000007a8000000)
  eden space 87424K, 100% used [0x00000007a0000000, 0x00000007a5560000, 0x00000007a5560000)
  from space 21824K, 100% used [0x00000007a5560000, 0x00000007a6ab0000, 0x00000007a6ab0000)
  to   space 21824K,   0% used [0x00000007a6ab0000, 0x00000007a6ab0000, 0x00000007a8000000)
 concurrent mark-sweep generation total 393216K, used 128941K [0x00000007a8000000, 0x00000007c0000000, 0x00000007c0000000)
 Metaspace       used 28819K, capacity 29100K, committed 29512K, reserved 1075200K
  class space    used 3274K, capacity 3353K, committed 3400K, reserved 1048576K
2016-06-08T16:04:18.592-0530: 1110.196: [GC (Allocation Failure) 1110.209: [ParNew
Desired survivor size 20112992 bytes, new threshold 8 (max 8)
- age   1:    4935048 bytes,    4935048 total
- age   2:    1831032 bytes,    6766080 total
- age   3:    1903144 bytes,    8669224 total
- age   4:    3488568 bytes,   12157792 total
- age   5:     507200 bytes,   12664992 total
- age   6:    3353880 bytes,   16018872 total
- age   7:    1172520 bytes,   17191392 total
- age   8:     508240 bytes,   17699632 total
: 109248K->21824K(109248K), 0.0075993 secs] 238189K->153249K(502464K), 0.0205034 secs] [Times: user=0.03 sys=0.00, real=0.02 secs] 
Heap after GC invocations=149 (full 3):
 par new generation   total 109248K, used 21824K [0x00000007a0000000, 0x00000007a8000000, 0x00000007a8000000)
  eden space 87424K,   0% used [0x00000007a0000000, 0x00000007a0000000, 0x00000007a5560000)
  from space 21824K, 100% used [0x00000007a6ab0000, 0x00000007a8000000, 0x00000007a8000000)
  to   space 21824K,   0% used [0x00000007a5560000, 0x00000007a5560000, 0x00000007a6ab0000)
 concurrent mark-sweep generation total 393216K, used 131425K [0x00000007a8000000, 0x00000007c0000000, 0x00000007c0000000)
 Metaspace       used 28819K, capacity 29100K, committed 29512K, reserved 1075200K
  class space    used 3274K, capacity 3353K, committed 3400K, reserved 1048576K
}
2016-06-08T16:04:18.612-0530: 1110.216: Total time for which application threads were stopped: 0.0207152 seconds
{Heap before GC invocations=149 (full 3):
 par new generation   total 109248K, used 109248K [0x00000007a0000000, 0x00000007a8000000, 0x00000007a8000000)
  eden space 87424K, 100% used [0x00000007a0000000, 0x00000007a5560000, 0x00000007a5560000)
  from space 21824K, 100% used [0x00000007a6ab0000, 0x00000007a8000000, 0x00000007a8000000)
  to   space 21824K,   0% used [0x00000007a5560000, 0x00000007a5560000, 0x00000007a6ab0000)
 concurrent mark-sweep generation total 393216K, used 131425K [0x00000007a8000000, 0x00000007c0000000, 0x00000007c0000000)
 Metaspace       used 28819K, capacity 29100K, committed 29512K, reserved 1075200K
  class space    used 3274K, capacity 3353K, committed 3400K, reserved 1048576K
2016-06-08T16:04:19.233-0530: 1110.837: [GC (Allocation Failure) 1110.837: [ParNew
Desired survivor size 20112992 bytes, new threshold 7 (max 8)
- age   1:    5455360 bytes,    5455360 total
- age   2:    4507272 bytes,    9962632 total
- age   3:    1830264 bytes,   11792896 total
- age   4:    1903144 bytes,   13696040 total
- age   5:    3421656 bytes,   17117696 total
- age   6:      63120 bytes,   17180816 total
- age   7:    3152120 bytes,   20332936 total
- age   8:    1172520 bytes,   21505456 total
: 109248K->21824K(109248K), 0.0078713 secs] 240673K->154396K(502464K), 0.0079352 secs] [Times: user=0.02 sys=0.00, real=0.01 secs] 
Heap after GC invocations=150 (full 3):
 par new generation   total 109248K, used 21824K [0x00000007a0000000, 0x00000007a8000000, 0x00000007a8000000)
  eden space 87424K,   0% used [0x00000007a0000000, 0x00000007a0000000, 0x00000007a5560000)
  from space 21824K, 100% used [0x00000007a5560000, 0x00000007a6ab0000, 0x00000007a6ab0000)
  to   space 21824K,   0% used [0x00000007a6ab0000, 0x00000007a6ab0000, 0x00000007a8000000)
 concurrent mark-sweep generation total 393216K, used 132572K [0x00000007a8000000, 0x00000007c0000000, 0x00000007c0000000)
 Metaspace       used 28819K, capacity 29100K, committed 29512K, reserved 1075200K
  class space    used 3274K, capacity 3353K, committed 3400K, reserved 1048576K
}
2016-06-08T16:04:19.241-0530: 1110.845: Total time for which application threads were stopped: 0.0081537 seconds
2016-06-08T16:04:19.293-0530: 1110.897: Total time for which application threads were stopped: 0.0000955 seconds
2016-06-08T16:04:19.293-0530: 1110.897: Total time for which application threads were stopped: 0.0000638 seconds
2016-06-08T16:04:19.334-0530: 1110.938: Total time for which application threads were stopped: 0.0001080 seconds
2016-06-08T16:04:19.335-0530: 1110.939: Total time for which application threads were stopped: 0.0001074 seconds
2016-06-08T16:04:19.336-0530: 1110.940: Total time for which application threads were stopped: 0.0001417 seconds
2016-06-08T16:04:19.336-0530: 1110.940: Total time for which application threads were stopped: 0.0001068 seconds
{Heap before GC invocations=150 (full 3):
 par new generation   total 109248K, used 109248K [0x00000007a0000000, 0x00000007a8000000, 0x00000007a8000000)
  eden space 87424K, 100% used [0x00000007a0000000, 0x00000007a5560000, 0x00000007a5560000)
  from space 21824K, 100% used [0x00000007a5560000, 0x00000007a6ab0000, 0x00000007a6ab0000)
  to   space 21824K,   0% used [0x00000007a6ab0000, 0x00000007a6ab0000, 0x00000007a8000000)
 concurrent mark-sweep generation total 393216K, used 132572K [0x00000007a8000000, 0x00000007c0000000, 0x00000007c0000000)
 Metaspace       used 28830K, capacity 29164K, committed 29512K, reserved 1075200K
  class space    used 3274K, capacity 3353K, committed 3400K, reserved 1048576K
2016-06-08T16:04:34.129-0530: 1125.733: [GC (Allocation Failure) 1125.743: [ParNew
Desired survivor size 20112992 bytes, new threshold 8 (max 8)
- age   1:    5695624 bytes,    5695624 total
- age   2:    2111568 bytes,    7807192 total
- age   3:    3467880 bytes,   11275072 total
- age   4:    1794664 bytes,   13069736 total
- age   5:    1869368 bytes,   14939104 total
- age   6:    2503272 bytes,   17442376 total
- age   7:      63120 bytes,   17505496 total
: 109248K->21824K(109248K), 0.0071281 secs] 241820K->159897K(502464K), 0.0167342 secs] [Times: user=0.02 sys=0.00, real=0.02 secs] 
Heap after GC invocations=151 (full 3):
 par new generation   total 109248K, used 21824K [0x00000007a0000000, 0x00000007a8000000, 0x00000007a8000000)
  eden space 87424K,   0% used [0x00000007a0000000, 0x00000007a0000000, 0x00000007a5560000)
  from space 21824K, 100% used [0x00000007a6ab0000, 0x00000007a8000000, 0x00000007a8000000)
  to   space 21824K,   0% used [0x00000007a5560000, 0x00000007a5560000, 0x00000007a6ab0000)
 concurrent mark-sweep generation total 393216K, used 138073K [0x00000007a8000000, 0x00000007c0000000, 0x00000007c0000000)
 Metaspace       used 28830K, capacity 29164K, committed 29512K, reserved 1075200K
  class space    used 3274K, capacity 3353K, committed 3400K, reserved 1048576K
}
2016-06-08T16:04:34.146-0530: 1125.750: Total time for which application threads were stopped: 0.0169157 seconds
2016-06-08T16:04:34.545-0530: 1126.150: Total time for which application threads were stopped: 0.0001348 seconds
2016-06-08T16:04:34.546-0530: 1126.151: Total time for which application threads were stopped: 0.0001058 seconds
2016-06-08T16:04:34.546-0530: 1126.151: Total time for which application threads were stopped: 0.0001051 seconds
2016-06-08T16:04:34.558-0530: 1126.162: Total time for which application threads were stopped: 0.0001318 seconds
2016-06-08T16:04:34.558-0530: 1126.162: Total time for which application threads were stopped: 0.0001591 seconds
2016-06-08T16:04:34.564-0530: 1126.168: Total time for which application threads were stopped: 0.0000960 seconds
2016-06-08T16:04:34.581-0530: 1126.185: Total time for which application threads were stopped: 0.0000928 seconds
2016-06-08T16:04:34.588-0530: 1126.192: Total time for which application threads were stopped: 0.0000971 seconds
2016-06-08T16:04:34.595-0530: 1126.199: Total time for which application threads were stopped: 0.0000960 seconds
2016-06-08T16:04:34.646-0530: 1126.250: Total time for which application threads were stopped: 0.0001063 seconds
2016-06-08T16:04:34.728-0530: 1126.332: Total time for which application threads were stopped: 0.0001037 seconds
2016-06-08T16:04:34.843-0530: 1126.448: Total time for which application threads were stopped: 0.0000942 seconds
2016-06-08T16:04:41.743-0530: 1133.348: Total time for which application threads were stopped: 0.0001245 seconds
2016-06-08T16:04:41.744-0530: 1133.348: Total time for which application threads were stopped: 0.0000802 seconds
2016-06-08T16:04:41.746-0530: 1133.351: Total time for which application threads were stopped: 0.0000715 seconds
2016-06-08T16:04:41.747-0530: 1133.351: Total time for which application threads were stopped: 0.0000724 seconds
2016-06-08T16:04:41.748-0530: 1133.352: Total time for which application threads were stopped: 0.0000501 seconds
2016-06-08T16:04:41.748-0530: 1133.353: Total time for which application threads were stopped: 0.0001186 seconds
{Heap before GC invocations=151 (full 3):
 par new generation   total 109248K, used 109248K [0x00000007a0000000, 0x00000007a8000000, 0x00000007a8000000)
  eden space 87424K, 100% used [0x00000007a0000000, 0x00000007a5560000, 0x00000007a5560000)
  from space 21824K, 100% used [0x00000007a6ab0000, 0x00000007a8000000, 0x00000007a8000000)
  to   space 21824K,   0% used [0x00000007a5560000, 0x00000007a5560000, 0x00000007a6ab0000)
 concurrent mark-sweep generation total 393216K, used 138073K [0x00000007a8000000, 0x00000007c0000000, 0x00000007c0000000)
 Metaspace       used 28832K, capacity 29164K, committed 29512K, reserved 1075200K
  class space    used 3274K, capacity 3353K, committed 3400K, reserved 1048576K
2016-06-08T16:04:41.933-0530: 1133.537: [GC (Allocation Failure) 1133.537: [ParNew
Desired survivor size 20112992 bytes, new threshold 8 (max 8)
- age   1:    2831112 bytes,    2831112 total
- age   2:    2823688 bytes,    5654800 total
- age   3:    2111224 bytes,    7766024 total
- age   4:    2716352 bytes,   10482376 total
- age   5:    1104792 bytes,   11587168 total
- age   6:    1869368 bytes,   13456536 total
- age   7:    2503272 bytes,   15959808 total
- age   8:      63120 bytes,   16022928 total
: 109248K->21824K(109248K), 0.0061789 secs] 247321K->161320K(502464K), 0.0062370 secs] [Times: user=0.02 sys=0.00, real=0.00 secs] 
Heap after GC invocations=152 (full 3):
 par new generation   total 109248K, used 21824K [0x00000007a0000000, 0x00000007a8000000, 0x00000007a8000000)
  eden space 87424K,   0% used [0x00000007a0000000, 0x00000007a0000000, 0x00000007a5560000)
  from space 21824K, 100% used [0x00000007a5560000, 0x00000007a6ab0000, 0x00000007a6ab0000)
  to   space 21824K,   0% used [0x00000007a6ab0000, 0x00000007a6ab0000, 0x00000007a8000000)
 concurrent mark-sweep generation total 393216K, used 139496K [0x00000007a8000000, 0x00000007c0000000, 0x00000007c0000000)
 Metaspace       used 28832K, capacity 29164K, committed 29512K, reserved 1075200K
  class space    used 3274K, capacity 3353K, committed 3400K, reserved 1048576K
}
2016-06-08T16:04:41.939-0530: 1133.544: Total time for which application threads were stopped: 0.0065180 seconds
{Heap before GC invocations=152 (full 3):
 par new generation   total 109248K, used 109248K [0x00000007a0000000, 0x00000007a8000000, 0x00000007a8000000)
  eden space 87424K, 100% used [0x00000007a0000000, 0x00000007a5560000, 0x00000007a5560000)
  from space 21824K, 100% used [0x00000007a5560000, 0x00000007a6ab0000, 0x00000007a6ab0000)
  to   space 21824K,   0% used [0x00000007a6ab0000, 0x00000007a6ab0000, 0x00000007a8000000)
 concurrent mark-sweep generation total 393216K, used 139496K [0x00000007a8000000, 0x00000007c0000000, 0x00000007c0000000)
 Metaspace       used 28835K, capacity 29164K, committed 29512K, reserved 1075200K
  class space    used 3274K, capacity 3353K, committed 3400K, reserved 1048576K
2016-06-08T16:04:48.293-0530: 1139.898: [GC (Allocation Failure) 1139.898: [ParNew
Desired survivor size 20112992 bytes, new threshold 8 (max 8)
- age   1:     697000 bytes,     697000 total
- age   2:    2723256 bytes,    3420256 total
- age   3:    2822896 bytes,    6243152 total
- age   4:    2111184 bytes,    8354336 total
- age   5:    2716280 bytes,   11070616 total
- age   6:    1104792 bytes,   12175408 total
- age   7:    1869368 bytes,   14044776 total
- age   8:    2503296 bytes,   16548072 total
: 109248K->20665K(109248K), 0.0053191 secs] 248744K->160224K(502464K), 0.0053835 secs] [Times: user=0.02 sys=0.00, real=0.00 secs] 
Heap after GC invocations=153 (full 3):
 par new generation   total 109248K, used 20665K [0x00000007a0000000, 0x00000007a8000000, 0x00000007a8000000)
  eden space 87424K,   0% used [0x00000007a0000000, 0x00000007a0000000, 0x00000007a5560000)
  from space 21824K,  94% used [0x00000007a6ab0000, 0x00000007a7ede7c0, 0x00000007a8000000)
  to   space 21824K,   0% used [0x00000007a5560000, 0x00000007a5560000, 0x00000007a6ab0000)
 concurrent mark-sweep generation total 393216K, used 139558K [0x00000007a8000000, 0x00000007c0000000, 0x00000007c0000000)
 Metaspace       used 28835K, capacity 29164K, committed 29512K, reserved 1075200K
  class space    used 3274K, capacity 3353K, committed 3400K, reserved 1048576K
}
2016-06-08T16:04:48.298-0530: 1139.903: Total time for which application threads were stopped: 0.0055867 seconds
2016-06-08T16:04:48.781-0530: 1140.386: Total time for which application threads were stopped: 0.0001614 seconds
2016-06-08T16:04:48.781-0530: 1140.386: Total time for which application threads were stopped: 0.0001512 seconds
2016-06-08T16:04:48.781-0530: 1140.386: Total time for which application threads were stopped: 0.0000556 seconds
2016-06-08T16:04:48.782-0530: 1140.387: Total time for which application threads were stopped: 0.0000548 seconds
2016-06-08T16:04:48.782-0530: 1140.387: Total time for which application threads were stopped: 0.0000458 seconds
2016-06-08T16:04:48.782-0530: 1140.387: Total time for which application threads were stopped: 0.0000901 seconds
{Heap before GC invocations=153 (full 3):
 par new generation   total 109248K, used 108089K [0x00000007a0000000, 0x00000007a8000000, 0x00000007a8000000)
  eden space 87424K, 100% used [0x00000007a0000000, 0x00000007a5560000, 0x00000007a5560000)
  from space 21824K,  94% used [0x00000007a6ab0000, 0x00000007a7ede7c0, 0x00000007a8000000)
  to   space 21824K,   0% used [0x00000007a5560000, 0x00000007a5560000, 0x00000007a6ab0000)
 concurrent mark-sweep generation total 393216K, used 139558K [0x00000007a8000000, 0x00000007c0000000, 0x00000007c0000000)
 Metaspace       used 28843K, capacity 29164K, committed 29512K, reserved 1075200K
  class space    used 3274K, capacity 3353K, committed 3400K, reserved 1048576K
2016-06-08T16:04:59.648-0530: 1151.253: [GC (Allocation Failure) 1151.253: [ParNew
Desired survivor size 20112992 bytes, new threshold 8 (max 8)
- age   1:    3236840 bytes,    3236840 total
- age   2:     186952 bytes,    3423792 total
- age   3:    2637392 bytes,    6061184 total
- age   4:    2805208 bytes,    8866392 total
- age   5:    1930224 bytes,   10796616 total
- age   6:    2647352 bytes,   13443968 total
- age   7:    1104368 bytes,   14548336 total
- age   8:    1869368 bytes,   16417704 total
: 108089K->21824K(109248K), 0.0056130 secs] 247648K->164013K(502464K), 0.0056774 secs] [Times: user=0.01 sys=0.00, real=0.01 secs] 
Heap after GC invocations=154 (full 3):
 par new generation   total 109248K, used 21824K [0x00000007a0000000, 0x00000007a8000000, 0x00000007a8000000)
  eden space 87424K,   0% used [0x00000007a0000000, 0x00000007a0000000, 0x00000007a5560000)
  from space 21824K, 100% used [0x00000007a5560000, 0x00000007a6ab0000, 0x00000007a6ab0000)
  to   space 21824K,   0% used [0x00000007a6ab0000, 0x00000007a6ab0000, 0x00000007a8000000)
 concurrent mark-sweep generation total 393216K, used 142189K [0x00000007a8000000, 0x00000007c0000000, 0x00000007c0000000)
 Metaspace       used 28843K, capacity 29164K, committed 29512K, reserved 1075200K
  class space    used 3274K, capacity 3353K, committed 3400K, reserved 1048576K
}
2016-06-08T16:04:59.653-0530: 1151.259: Total time for which application threads were stopped: 0.0058640 seconds
2016-06-08T16:04:59.999-0530: 1151.604: Total time for which application threads were stopped: 0.0000910 seconds
2016-06-08T16:04:59.999-0530: 1151.604: Total time for which application threads were stopped: 0.0000458 seconds
2016-06-08T16:04:59.999-0530: 1151.605: Total time for which application threads were stopped: 0.0000593 seconds
2016-06-08T16:05:00.013-0530: 1151.619: Total time for which application threads were stopped: 0.0000899 seconds
2016-06-08T16:05:00.014-0530: 1151.619: Total time for which application threads were stopped: 0.0000989 seconds
2016-06-08T16:05:00.014-0530: 1151.619: Total time for which application threads were stopped: 0.0000766 seconds
2016-06-08T16:05:00.014-0530: 1151.620: Total time for which application threads were stopped: 0.0000690 seconds
2016-06-08T16:05:01.017-0530: 1152.622: Total time for which application threads were stopped: 0.0002466 seconds
{Heap before GC invocations=154 (full 3):
 par new generation   total 109248K, used 109248K [0x00000007a0000000, 0x00000007a8000000, 0x00000007a8000000)
  eden space 87424K, 100% used [0x00000007a0000000, 0x00000007a5560000, 0x00000007a5560000)
  from space 21824K, 100% used [0x00000007a5560000, 0x00000007a6ab0000, 0x00000007a6ab0000)
  to   space 21824K,   0% used [0x00000007a6ab0000, 0x00000007a6ab0000, 0x00000007a8000000)
 concurrent mark-sweep generation total 393216K, used 142189K [0x00000007a8000000, 0x00000007c0000000, 0x00000007c0000000)
 Metaspace       used 28845K, capacity 29164K, committed 29512K, reserved 1075200K
  class space    used 3274K, capacity 3353K, committed 3400K, reserved 1048576K
2016-06-08T16:05:06.101-0530: 1157.706: [GC (Allocation Failure) 1157.707: [ParNew
Desired survivor size 20112992 bytes, new threshold 8 (max 8)
- age   1:    3670632 bytes,    3670632 total
- age   2:    2199344 bytes,    5869976 total
- age   3:     186880 bytes,    6056856 total
- age   4:    2635824 bytes,    8692680 total
- age   5:    2737616 bytes,   11430296 total
- age   6:    1930224 bytes,   13360520 total
- age   7:    2647312 bytes,   16007832 total
- age   8:    1103992 bytes,   17111824 total
: 109248K->21798K(109248K), 0.0074874 secs] 251437K->165813K(502464K), 0.0075631 secs] [Times: user=0.02 sys=0.01, real=0.00 secs] 
Heap after GC invocations=155 (full 3):
 par new generation   total 109248K, used 21798K [0x00000007a0000000, 0x00000007a8000000, 0x00000007a8000000)
  eden space 87424K,   0% used [0x00000007a0000000, 0x00000007a0000000, 0x00000007a5560000)
  from space 21824K,  99% used [0x00000007a6ab0000, 0x00000007a7ff99b0, 0x00000007a8000000)
  to   space 21824K,   0% used [0x00000007a5560000, 0x00000007a5560000, 0x00000007a6ab0000)
 concurrent mark-sweep generation total 393216K, used 144015K [0x00000007a8000000, 0x00000007c0000000, 0x00000007c0000000)
 Metaspace       used 28845K, capacity 29164K, committed 29512K, reserved 1075200K
  class space    used 3274K, capacity 3353K, committed 3400K, reserved 1048576K
}
2016-06-08T16:05:06.109-0530: 1157.714: Total time for which application threads were stopped: 0.0077616 seconds
2016-06-08T16:05:06.431-0530: 1158.037: Total time for which application threads were stopped: 0.0000879 seconds
2016-06-08T16:05:06.432-0530: 1158.037: Total time for which application threads were stopped: 0.0000669 seconds
2016-06-08T16:05:06.460-0530: 1158.066: Total time for which application threads were stopped: 0.0001082 seconds
2016-06-08T16:05:06.460-0530: 1158.066: Total time for which application threads were stopped: 0.0000735 seconds
2016-06-08T16:05:06.460-0530: 1158.066: Total time for which application threads were stopped: 0.0001086 seconds
2016-06-08T16:05:07.465-0530: 1159.071: Total time for which application threads were stopped: 0.0000972 seconds
{Heap before GC invocations=155 (full 3):
 par new generation   total 109248K, used 109222K [0x00000007a0000000, 0x00000007a8000000, 0x00000007a8000000)
  eden space 87424K, 100% used [0x00000007a0000000, 0x00000007a5560000, 0x00000007a5560000)
  from space 21824K,  99% used [0x00000007a6ab0000, 0x00000007a7ff99b0, 0x00000007a8000000)
  to   space 21824K,   0% used [0x00000007a5560000, 0x00000007a5560000, 0x00000007a6ab0000)
 concurrent mark-sweep generation total 393216K, used 144015K [0x00000007a8000000, 0x00000007c0000000, 0x00000007c0000000)
 Metaspace       used 28847K, capacity 29164K, committed 29512K, reserved 1075200K
  class space    used 3274K, capacity 3353K, committed 3400K, reserved 1048576K
2016-06-08T16:05:12.385-0530: 1163.991: [GC (Allocation Failure) 1163.991: [ParNew
Desired survivor size 20112992 bytes, new threshold 8 (max 8)
- age   1:    4017984 bytes,    4017984 total
- age   2:    2201344 bytes,    6219328 total
- age   3:    2197424 bytes,    8416752 total
- age   4:     119744 bytes,    8536496 total
- age   5:    2635824 bytes,   11172320 total
- age   6:    2737616 bytes,   13909936 total
- age   7:    1930224 bytes,   15840160 total
- age   8:    2647160 bytes,   18487320 total
: 109222K->21721K(109248K), 0.0059119 secs] 253237K->166816K(502464K), 0.0059685 secs] [Times: user=0.02 sys=0.00, real=0.01 secs] 
Heap after GC invocations=156 (full 3):
 par new generation   total 109248K, used 21721K [0x00000007a0000000, 0x00000007a8000000, 0x00000007a8000000)
  eden space 87424K,   0% used [0x00000007a0000000, 0x00000007a0000000, 0x00000007a5560000)
  from space 21824K,  99% used [0x00000007a5560000, 0x00000007a6a965f0, 0x00000007a6ab0000)
  to   space 21824K,   0% used [0x00000007a6ab0000, 0x00000007a6ab0000, 0x00000007a8000000)
 concurrent mark-sweep generation total 393216K, used 145094K [0x00000007a8000000, 0x00000007c0000000, 0x00000007c0000000)
 Metaspace       used 28847K, capacity 29164K, committed 29512K, reserved 1075200K
  class space    used 3274K, capacity 3353K, committed 3400K, reserved 1048576K
}
2016-06-08T16:05:12.391-0530: 1163.997: Total time for which application threads were stopped: 0.0061546 seconds
2016-06-08T16:05:12.635-0530: 1164.240: Total time for which application threads were stopped: 0.0001281 seconds
2016-06-08T16:05:12.635-0530: 1164.241: Total time for which application threads were stopped: 0.0000737 seconds
2016-06-08T16:05:12.651-0530: 1164.257: Total time for which application threads were stopped: 0.0000882 seconds
2016-06-08T16:05:12.652-0530: 1164.257: Total time for which application threads were stopped: 0.0000581 seconds
2016-06-08T16:05:12.652-0530: 1164.258: Total time for which application threads were stopped: 0.0000613 seconds
2016-06-08T16:05:12.652-0530: 1164.258: Total time for which application threads were stopped: 0.0000706 seconds
2016-06-08T16:05:12.652-0530: 1164.258: Total time for which application threads were stopped: 0.0000696 seconds
{Heap before GC invocations=156 (full 3):
 par new generation   total 109248K, used 109145K [0x00000007a0000000, 0x00000007a8000000, 0x00000007a8000000)
  eden space 87424K, 100% used [0x00000007a0000000, 0x00000007a5560000, 0x00000007a5560000)
  from space 21824K,  99% used [0x00000007a5560000, 0x00000007a6a965f0, 0x00000007a6ab0000)
  to   space 21824K,   0% used [0x00000007a6ab0000, 0x00000007a6ab0000, 0x00000007a8000000)
 concurrent mark-sweep generation total 393216K, used 145094K [0x00000007a8000000, 0x00000007c0000000, 0x00000007c0000000)
 Metaspace       used 28866K, capacity 29164K, committed 29512K, reserved 1075200K
  class space    used 3274K, capacity 3353K, committed 3400K, reserved 1048576K
2016-06-08T16:05:19.156-0530: 1170.762: [GC (Allocation Failure) 1170.762: [ParNew
Desired survivor size 20112992 bytes, new threshold 8 (max 8)
- age   1:    4275992 bytes,    4275992 total
- age   2:    2288208 bytes,    6564200 total
- age   3:    2199344 bytes,    8763544 total
- age   4:    2130280 bytes,   10893824 total
- age   5:     119744 bytes,   11013568 total
- age   6:    2635824 bytes,   13649392 total
- age   7:    2737616 bytes,   16387008 total
- age   8:    1930224 bytes,   18317232 total
: 109145K->21824K(109248K), 0.0079051 secs] 254240K->169506K(502464K), 0.0079847 secs] [Times: user=0.03 sys=0.00, real=0.01 secs] 
Heap after GC invocations=157 (full 3):
 par new generation   total 109248K, used 21824K [0x00000007a0000000, 0x00000007a8000000, 0x00000007a8000000)
  eden space 87424K,   0% used [0x00000007a0000000, 0x00000007a0000000, 0x00000007a5560000)
  from space 21824K, 100% used [0x00000007a6ab0000, 0x00000007a8000000, 0x00000007a8000000)
  to   space 21824K,   0% used [0x00000007a5560000, 0x00000007a5560000, 0x00000007a6ab0000)
 concurrent mark-sweep generation total 393216K, used 147682K [0x00000007a8000000, 0x00000007c0000000, 0x00000007c0000000)
 Metaspace       used 28866K, capacity 29164K, committed 29512K, reserved 1075200K
  class space    used 3274K, capacity 3353K, committed 3400K, reserved 1048576K
}
2016-06-08T16:05:19.164-0530: 1170.770: Total time for which application threads were stopped: 0.0083381 seconds
2016-06-08T16:05:19.476-0530: 1171.082: Total time for which application threads were stopped: 0.0001090 seconds
2016-06-08T16:05:19.477-0530: 1171.083: Total time for which application threads were stopped: 0.0000927 seconds
2016-06-08T16:05:19.544-0530: 1171.149: Total time for which application threads were stopped: 0.0000882 seconds
2016-06-08T16:05:19.544-0530: 1171.150: Total time for which application threads were stopped: 0.0001209 seconds
2016-06-08T16:05:19.545-0530: 1171.150: Total time for which application threads were stopped: 0.0000814 seconds
2016-06-08T16:05:19.545-0530: 1171.151: Total time for which application threads were stopped: 0.0000876 seconds
{Heap before GC invocations=157 (full 3):
 par new generation   total 109248K, used 109246K [0x00000007a0000000, 0x00000007a8000000, 0x00000007a8000000)
  eden space 87424K,  99% used [0x00000007a0000000, 0x00000007a555fa10, 0x00000007a5560000)
  from space 21824K, 100% used [0x00000007a6ab0000, 0x00000007a8000000, 0x00000007a8000000)
  to   space 21824K,   0% used [0x00000007a5560000, 0x00000007a5560000, 0x00000007a6ab0000)
 concurrent mark-sweep generation total 393216K, used 147682K [0x00000007a8000000, 0x00000007c0000000, 0x00000007c0000000)
 Metaspace       used 28866K, capacity 29164K, committed 29512K, reserved 1075200K
  class space    used 3274K, capacity 3353K, committed 3400K, reserved 1048576K
2016-06-08T16:05:25.826-0530: 1177.432: [GC (Allocation Failure) 1177.432: [ParNew
Desired survivor size 20112992 bytes, new threshold 8 (max 8)
- age   1:    4464800 bytes,    4464800 total
- age   2:    2288512 bytes,    6753312 total
- age   3:    2286320 bytes,    9039632 total
- age   4:    1892240 bytes,   10931872 total
- age   5:    2129536 bytes,   13061408 total
- age   6:     119744 bytes,   13181152 total
- age   7:    2635824 bytes,   15816976 total
- age   8:    2203024 bytes,   18020000 total
: 109246K->21824K(109248K), 0.0067425 secs] 256929K->172148K(502464K), 0.0068160 secs] [Times: user=0.02 sys=0.00, real=0.01 secs] 
Heap after GC invocations=158 (full 3):
 par new generation   total 109248K, used 21824K [0x00000007a0000000, 0x00000007a8000000, 0x00000007a8000000)
  eden space 87424K,   0% used [0x00000007a0000000, 0x00000007a0000000, 0x00000007a5560000)
  from space 21824K, 100% used [0x00000007a5560000, 0x00000007a6ab0000, 0x00000007a6ab0000)
  to   space 21824K,   0% used [0x00000007a6ab0000, 0x00000007a6ab0000, 0x00000007a8000000)
 concurrent mark-sweep generation total 393216K, used 150324K [0x00000007a8000000, 0x00000007c0000000, 0x00000007c0000000)
 Metaspace       used 28866K, capacity 29164K, committed 29512K, reserved 1075200K
  class space    used 3274K, capacity 3353K, committed 3400K, reserved 1048576K
}
2016-06-08T16:05:25.833-0530: 1177.439: Total time for which application threads were stopped: 0.0070056 seconds
2016-06-08T16:05:25.982-0530: 1177.588: Total time for which application threads were stopped: 0.0000936 seconds
2016-06-08T16:05:25.983-0530: 1177.589: Total time for which application threads were stopped: 0.0001219 seconds
2016-06-08T16:05:25.983-0530: 1177.589: Total time for which application threads were stopped: 0.0000930 seconds
2016-06-08T16:05:26.033-0530: 1177.639: Total time for which application threads were stopped: 0.0000930 seconds
2016-06-08T16:05:26.034-0530: 1177.641: Total time for which application threads were stopped: 0.0001260 seconds
2016-06-08T16:05:26.035-0530: 1177.641: Total time for which application threads were stopped: 0.0001118 seconds
2016-06-08T16:05:26.035-0530: 1177.641: Total time for which application threads were stopped: 0.0000590 seconds
{Heap before GC invocations=158 (full 3):
 par new generation   total 109248K, used 109248K [0x00000007a0000000, 0x00000007a8000000, 0x00000007a8000000)
  eden space 87424K, 100% used [0x00000007a0000000, 0x00000007a5560000, 0x00000007a5560000)
  from space 21824K, 100% used [0x00000007a5560000, 0x00000007a6ab0000, 0x00000007a6ab0000)
  to   space 21824K,   0% used [0x00000007a6ab0000, 0x00000007a6ab0000, 0x00000007a8000000)
 concurrent mark-sweep generation total 393216K, used 150324K [0x00000007a8000000, 0x00000007c0000000, 0x00000007c0000000)
 Metaspace       used 28867K, capacity 29164K, committed 29512K, reserved 1075200K
  class space    used 3274K, capacity 3353K, committed 3400K, reserved 1048576K
2016-06-08T16:05:32.299-0530: 1183.905: [GC (Allocation Failure) 1183.905: [ParNew
Desired survivor size 20112992 bytes, new threshold 8 (max 8)
- age   1:    4747648 bytes,    4747648 total
- age   2:    2303120 bytes,    7050768 total
- age   3:    2286320 bytes,    9337088 total
- age   4:    2219112 bytes,   11556200 total
- age   5:    1528304 bytes,   13084504 total
- age   6:    2129536 bytes,   15214040 total
- age   7:     119744 bytes,   15333784 total
- age   8:    2635824 bytes,   17969608 total
: 109248K->21824K(109248K), 0.0061798 secs] 259572K->174668K(502464K), 0.0062638 secs] [Times: user=0.02 sys=0.00, real=0.01 secs] 
Heap after GC invocations=159 (full 3):
 par new generation   total 109248K, used 21824K [0x00000007a0000000, 0x00000007a8000000, 0x00000007a8000000)
  eden space 87424K,   0% used [0x00000007a0000000, 0x00000007a0000000, 0x00000007a5560000)
  from space 21824K, 100% used [0x00000007a6ab0000, 0x00000007a8000000, 0x00000007a8000000)
  to   space 21824K,   0% used [0x00000007a5560000, 0x00000007a5560000, 0x00000007a6ab0000)
 concurrent mark-sweep generation total 393216K, used 152844K [0x00000007a8000000, 0x00000007c0000000, 0x00000007c0000000)
 Metaspace       used 28867K, capacity 29164K, committed 29512K, reserved 1075200K
  class space    used 3274K, capacity 3353K, committed 3400K, reserved 1048576K
}
2016-06-08T16:05:32.305-0530: 1183.911: Total time for which application threads were stopped: 0.0064621 seconds
2016-06-08T16:05:32.419-0530: 1184.025: Total time for which application threads were stopped: 0.0000966 seconds
2016-06-08T16:05:32.420-0530: 1184.026: Total time for which application threads were stopped: 0.0002986 seconds
2016-06-08T16:05:32.448-0530: 1184.054: Total time for which application threads were stopped: 0.0000987 seconds
2016-06-08T16:05:32.449-0530: 1184.055: Total time for which application threads were stopped: 0.0001004 seconds
2016-06-08T16:05:32.449-0530: 1184.055: Total time for which application threads were stopped: 0.0000509 seconds
2016-06-08T16:05:32.449-0530: 1184.056: Total time for which application threads were stopped: 0.0000719 seconds
2016-06-08T16:05:33.451-0530: 1185.057: Total time for which application threads were stopped: 0.0001183 seconds
{Heap before GC invocations=159 (full 3):
 par new generation   total 109248K, used 109248K [0x00000007a0000000, 0x00000007a8000000, 0x00000007a8000000)
  eden space 87424K, 100% used [0x00000007a0000000, 0x00000007a5560000, 0x00000007a5560000)
  from space 21824K, 100% used [0x00000007a6ab0000, 0x00000007a8000000, 0x00000007a8000000)
  to   space 21824K,   0% used [0x00000007a5560000, 0x00000007a5560000, 0x00000007a6ab0000)
 concurrent mark-sweep generation total 393216K, used 152844K [0x00000007a8000000, 0x00000007c0000000, 0x00000007c0000000)
 Metaspace       used 28870K, capacity 29164K, committed 29512K, reserved 1075200K
  class space    used 3274K, capacity 3353K, committed 3400K, reserved 1048576K
2016-06-08T16:05:38.431-0530: 1190.037: [GC (Allocation Failure) 1190.037: [ParNew
Desired survivor size 20112992 bytes, new threshold 8 (max 8)
- age   1:    4833552 bytes,    4833552 total
- age   2:    2173304 bytes,    7006856 total
- age   3:    2234408 bytes,    9241264 total
- age   4:    2218816 bytes,   11460080 total
- age   5:    1057440 bytes,   12517520 total
- age   6:    1522360 bytes,   14039880 total
- age   7:    2129056 bytes,   16168936 total
- age   8:     119704 bytes,   16288640 total
: 109248K->21824K(109248K), 0.0089426 secs] 262092K->178644K(502464K), 0.0090202 secs] [Times: user=0.02 sys=0.00, real=0.01 secs] 
Heap after GC invocations=160 (full 3):
 par new generation   total 109248K, used 21824K [0x00000007a0000000, 0x00000007a8000000, 0x00000007a8000000)
  eden space 87424K,   0% used [0x00000007a0000000, 0x00000007a0000000, 0x00000007a5560000)
  from space 21824K, 100% used [0x00000007a5560000, 0x00000007a6ab0000, 0x00000007a6ab0000)
  to   space 21824K,   0% used [0x00000007a6ab0000, 0x00000007a6ab0000, 0x00000007a8000000)
 concurrent mark-sweep generation total 393216K, used 156820K [0x00000007a8000000, 0x00000007c0000000, 0x00000007c0000000)
 Metaspace       used 28870K, capacity 29164K, committed 29512K, reserved 1075200K
  class space    used 3274K, capacity 3353K, committed 3400K, reserved 1048576K
}
2016-06-08T16:05:38.440-0530: 1190.046: Total time for which application threads were stopped: 0.0092669 seconds
2016-06-08T16:05:38.464-0530: 1190.070: Total time for which application threads were stopped: 0.0001054 seconds
2016-06-08T16:05:38.464-0530: 1190.071: Total time for which application threads were stopped: 0.0000813 seconds
2016-06-08T16:05:38.515-0530: 1190.122: Total time for which application threads were stopped: 0.0001225 seconds
2016-06-08T16:05:38.516-0530: 1190.123: Total time for which application threads were stopped: 0.0001182 seconds
2016-06-08T16:05:38.516-0530: 1190.123: Total time for which application threads were stopped: 0.0000548 seconds
2016-06-08T16:05:38.517-0530: 1190.123: Total time for which application threads were stopped: 0.0001109 seconds
2016-06-08T16:05:44.164-0530: 1195.770: Total time for which application threads were stopped: 0.0001679 seconds
2016-06-08T16:05:44.164-0530: 1195.771: Total time for which application threads were stopped: 0.0000582 seconds
2016-06-08T16:05:44.198-0530: 1195.805: Total time for which application threads were stopped: 0.0003070 seconds
2016-06-08T16:05:44.198-0530: 1195.805: Total time for which application threads were stopped: 0.0000908 seconds
2016-06-08T16:05:44.199-0530: 1195.805: Total time for which application threads were stopped: 0.0000957 seconds
{Heap before GC invocations=160 (full 3):
 par new generation   total 109248K, used 109247K [0x00000007a0000000, 0x00000007a8000000, 0x00000007a8000000)
  eden space 87424K,  99% used [0x00000007a0000000, 0x00000007a555fd40, 0x00000007a5560000)
  from space 21824K, 100% used [0x00000007a5560000, 0x00000007a6ab0000, 0x00000007a6ab0000)
  to   space 21824K,   0% used [0x00000007a6ab0000, 0x00000007a6ab0000, 0x00000007a8000000)
 concurrent mark-sweep generation total 393216K, used 156820K [0x00000007a8000000, 0x00000007c0000000, 0x00000007c0000000)
 Metaspace       used 28871K, capacity 29164K, committed 29512K, reserved 1075200K
  class space    used 3274K, capacity 3353K, committed 3400K, reserved 1048576K
2016-06-08T16:05:49.698-0530: 1201.305: [GC (Allocation Failure) 1201.305: [ParNew
Desired survivor size 20112992 bytes, new threshold 8 (max 8)
- age   1:    3513160 bytes,    3513160 total
- age   2:    2196832 bytes,    5709992 total
- age   3:    2104800 bytes,    7814792 total
- age   4:    2233960 bytes,   10048752 total
- age   5:    2218816 bytes,   12267568 total
- age   6:    1057440 bytes,   13325008 total
- age   7:    1522360 bytes,   14847368 total
- age   8:    2128936 bytes,   16976304 total
: 109247K->21824K(109248K), 0.0074714 secs] 266067K->178761K(502464K), 0.0075339 secs] [Times: user=0.01 sys=0.01, real=0.01 secs] 
Heap after GC invocations=161 (full 3):
 par new generation   total 109248K, used 21824K [0x00000007a0000000, 0x00000007a8000000, 0x00000007a8000000)
  eden space 87424K,   0% used [0x00000007a0000000, 0x00000007a0000000, 0x00000007a5560000)
  from space 21824K, 100% used [0x00000007a6ab0000, 0x00000007a8000000, 0x00000007a8000000)
  to   space 21824K,   0% used [0x00000007a5560000, 0x00000007a5560000, 0x00000007a6ab0000)
 concurrent mark-sweep generation total 393216K, used 156937K [0x00000007a8000000, 0x00000007c0000000, 0x00000007c0000000)
 Metaspace       used 28871K, capacity 29164K, committed 29512K, reserved 1075200K
  class space    used 3274K, capacity 3353K, committed 3400K, reserved 1048576K
}
2016-06-08T16:05:49.706-0530: 1201.313: Total time for which application threads were stopped: 0.0077178 seconds
2016-06-08T16:05:50.099-0530: 1201.705: Total time for which application threads were stopped: 0.0001387 seconds
2016-06-08T16:05:50.099-0530: 1201.706: Total time for which application threads were stopped: 0.0000687 seconds
2016-06-08T16:05:50.099-0530: 1201.706: Total time for which application threads were stopped: 0.0000647 seconds
2016-06-08T16:05:50.102-0530: 1201.709: Total time for which application threads were stopped: 0.0001357 seconds
2016-06-08T16:05:50.146-0530: 1201.752: Total time for which application threads were stopped: 0.0277781 seconds
2016-06-08T16:05:50.147-0530: 1201.753: Total time for which application threads were stopped: 0.0001481 seconds
2016-06-08T16:05:50.147-0530: 1201.754: Total time for which application threads were stopped: 0.0001116 seconds
2016-06-08T16:05:50.147-0530: 1201.754: Total time for which application threads were stopped: 0.0000993 seconds
2016-06-08T16:06:04.185-0530: 1215.793: Total time for which application threads were stopped: 0.0001771 seconds
2016-06-08T16:06:06.190-0530: 1217.797: Total time for which application threads were stopped: 0.0001342 seconds
{Heap before GC invocations=161 (full 3):
 par new generation   total 109248K, used 109248K [0x00000007a0000000, 0x00000007a8000000, 0x00000007a8000000)
  eden space 87424K, 100% used [0x00000007a0000000, 0x00000007a5560000, 0x00000007a5560000)
  from space 21824K, 100% used [0x00000007a6ab0000, 0x00000007a8000000, 0x00000007a8000000)
  to   space 21824K,   0% used [0x00000007a5560000, 0x00000007a5560000, 0x00000007a6ab0000)
 concurrent mark-sweep generation total 393216K, used 156937K [0x00000007a8000000, 0x00000007c0000000, 0x00000007c0000000)
 Metaspace       used 28873K, capacity 29164K, committed 29512K, reserved 1075200K
  class space    used 3274K, capacity 3353K, committed 3400K, reserved 1048576K
2016-06-08T16:06:06.930-0530: 1218.538: [GC (Allocation Failure) 1218.558: [ParNew
Desired survivor size 20112992 bytes, new threshold 8 (max 8)
- age   1:    3487856 bytes,    3487856 total
- age   2:    2685536 bytes,    6173392 total
- age   3:    2127720 bytes,    8301112 total
- age   4:    2104800 bytes,   10405912 total
- age   5:    2233840 bytes,   12639752 total
- age   6:    2218816 bytes,   14858568 total
- age   7:    1057440 bytes,   15916008 total
- age   8:    1522360 bytes,   17438368 total
: 109248K->21824K(109248K), 0.0076864 secs] 266185K->180841K(502464K), 0.0279002 secs] [Times: user=0.02 sys=0.00, real=0.02 secs] 
Heap after GC invocations=162 (full 3):
 par new generation   total 109248K, used 21824K [0x00000007a0000000, 0x00000007a8000000, 0x00000007a8000000)
  eden space 87424K,   0% used [0x00000007a0000000, 0x00000007a0000000, 0x00000007a5560000)
  from space 21824K, 100% used [0x00000007a5560000, 0x00000007a6ab0000, 0x00000007a6ab0000)
  to   space 21824K,   0% used [0x00000007a6ab0000, 0x00000007a6ab0000, 0x00000007a8000000)
 concurrent mark-sweep generation total 393216K, used 159017K [0x00000007a8000000, 0x00000007c0000000, 0x00000007c0000000)
 Metaspace       used 28873K, capacity 29164K, committed 29512K, reserved 1075200K
  class space    used 3274K, capacity 3353K, committed 3400K, reserved 1048576K
}
2016-06-08T16:06:06.958-0530: 1218.566: Total time for which application threads were stopped: 0.0299147 seconds
2016-06-08T16:06:07.351-0530: 1218.959: Total time for which application threads were stopped: 0.0001014 seconds
2016-06-08T16:06:07.352-0530: 1218.959: Total time for which application threads were stopped: 0.0000839 seconds
2016-06-08T16:06:07.352-0530: 1218.959: Total time for which application threads were stopped: 0.0000746 seconds
2016-06-08T16:06:07.395-0530: 1219.002: Total time for which application threads were stopped: 0.0002380 seconds
2016-06-08T16:06:07.395-0530: 1219.003: Total time for which application threads were stopped: 0.0001335 seconds
2016-06-08T16:06:07.396-0530: 1219.003: Total time for which application threads were stopped: 0.0000912 seconds
2016-06-08T16:06:07.396-0530: 1219.003: Total time for which application threads were stopped: 0.0001036 seconds
{Heap before GC invocations=162 (full 3):
 par new generation   total 109248K, used 109248K [0x00000007a0000000, 0x00000007a8000000, 0x00000007a8000000)
  eden space 87424K, 100% used [0x00000007a0000000, 0x00000007a5560000, 0x00000007a5560000)
  from space 21824K, 100% used [0x00000007a5560000, 0x00000007a6ab0000, 0x00000007a6ab0000)
  to   space 21824K,   0% used [0x00000007a6ab0000, 0x00000007a6ab0000, 0x00000007a8000000)
 concurrent mark-sweep generation total 393216K, used 159017K [0x00000007a8000000, 0x00000007c0000000, 0x00000007c0000000)
 Metaspace       used 28874K, capacity 29164K, committed 29512K, reserved 1075200K
  class space    used 3274K, capacity 3353K, committed 3400K, reserved 1048576K
2016-06-08T16:06:21.450-0530: 1233.058: [GC (Allocation Failure) 1233.070: [ParNew
Desired survivor size 20112992 bytes, new threshold 8 (max 8)
- age   1:    3766912 bytes,    3766912 total
- age   2:    2352072 bytes,    6118984 total
- age   3:    2616192 bytes,    8735176 total
- age   4:    2126824 bytes,   10862000 total
- age   5:    2104800 bytes,   12966800 total
- age   6:    2233840 bytes,   15200640 total
- age   7:    2218816 bytes,   17419456 total
- age   8:    1057248 bytes,   18476704 total
: 109248K->21824K(109248K), 0.0065955 secs] 268265K->182327K(502464K), 0.0184170 secs] [Times: user=0.02 sys=0.01, real=0.01 secs] 
Heap after GC invocations=163 (full 3):
 par new generation   total 109248K, used 21824K [0x00000007a0000000, 0x00000007a8000000, 0x00000007a8000000)
  eden space 87424K,   0% used [0x00000007a0000000, 0x00000007a0000000, 0x00000007a5560000)
  from space 21824K, 100% used [0x00000007a6ab0000, 0x00000007a8000000, 0x00000007a8000000)
  to   space 21824K,   0% used [0x00000007a5560000, 0x00000007a5560000, 0x00000007a6ab0000)
 concurrent mark-sweep generation total 393216K, used 160503K [0x00000007a8000000, 0x00000007c0000000, 0x00000007c0000000)
 Metaspace       used 28874K, capacity 29164K, committed 29512K, reserved 1075200K
  class space    used 3274K, capacity 3353K, committed 3400K, reserved 1048576K
}
2016-06-08T16:06:21.469-0530: 1233.077: Total time for which application threads were stopped: 0.0186044 seconds
2016-06-08T16:06:21.648-0530: 1233.256: Total time for which application threads were stopped: 0.0001120 seconds
2016-06-08T16:06:21.648-0530: 1233.256: Total time for which application threads were stopped: 0.0000593 seconds
2016-06-08T16:06:21.737-0530: 1233.345: Total time for which application threads were stopped: 0.0001032 seconds
2016-06-08T16:06:21.737-0530: 1233.345: Total time for which application threads were stopped: 0.0000765 seconds
2016-06-08T16:06:21.737-0530: 1233.345: Total time for which application threads were stopped: 0.0000574 seconds
2016-06-08T16:06:21.738-0530: 1233.346: Total time for which application threads were stopped: 0.0001069 seconds
2016-06-08T16:06:21.738-0530: 1233.346: Total time for which application threads were stopped: 0.0000951 seconds
2016-06-08T16:06:21.738-0530: 1233.346: Total time for which application threads were stopped: 0.0000582 seconds
{Heap before GC invocations=163 (full 3):
 par new generation   total 109248K, used 109248K [0x00000007a0000000, 0x00000007a8000000, 0x00000007a8000000)
  eden space 87424K, 100% used [0x00000007a0000000, 0x00000007a5560000, 0x00000007a5560000)
  from space 21824K, 100% used [0x00000007a6ab0000, 0x00000007a8000000, 0x00000007a8000000)
  to   space 21824K,   0% used [0x00000007a5560000, 0x00000007a5560000, 0x00000007a6ab0000)
 concurrent mark-sweep generation total 393216K, used 160503K [0x00000007a8000000, 0x00000007c0000000, 0x00000007c0000000)
 Metaspace       used 28874K, capacity 29164K, committed 29512K, reserved 1075200K
  class space    used 3274K, capacity 3353K, committed 3400K, reserved 1048576K
2016-06-08T16:06:36.612-0530: 1248.220: [GC (Allocation Failure) 1248.249: [ParNew
Desired survivor size 20112992 bytes, new threshold 8 (max 8)
- age   1:    4495016 bytes,    4495016 total
- age   2:    1970552 bytes,    6465568 total
- age   3:    2225024 bytes,    8690592 total
- age   4:    2549160 bytes,   11239752 total
- age   5:    2116232 bytes,   13355984 total
- age   6:    2104800 bytes,   15460784 total
- age   7:    2105480 bytes,   17566264 total
- age   8:    2218816 bytes,   19785080 total
: 109248K->21824K(109248K), 0.0078651 secs] 269751K->183496K(502464K), 0.0366451 secs] [Times: user=0.03 sys=0.00, real=0.03 secs] 
Heap after GC invocations=164 (full 3):
 par new generation   total 109248K, used 21824K [0x00000007a0000000, 0x00000007a8000000, 0x00000007a8000000)
  eden space 87424K,   0% used [0x00000007a0000000, 0x00000007a0000000, 0x00000007a5560000)
  from space 21824K, 100% used [0x00000007a5560000, 0x00000007a6ab0000, 0x00000007a6ab0000)
  to   space 21824K,   0% used [0x00000007a6ab0000, 0x00000007a6ab0000, 0x00000007a8000000)
 concurrent mark-sweep generation total 393216K, used 161672K [0x00000007a8000000, 0x00000007c0000000, 0x00000007c0000000)
 Metaspace       used 28874K, capacity 29164K, committed 29512K, reserved 1075200K
  class space    used 3274K, capacity 3353K, committed 3400K, reserved 1048576K
}
2016-06-08T16:06:36.648-0530: 1248.257: Total time for which application threads were stopped: 0.1057943 seconds
2016-06-08T16:06:36.807-0530: 1248.415: Total time for which application threads were stopped: 0.0038712 seconds
{Heap before GC invocations=164 (full 3):
 par new generation   total 109248K, used 109248K [0x00000007a0000000, 0x00000007a8000000, 0x00000007a8000000)
  eden space 87424K, 100% used [0x00000007a0000000, 0x00000007a5560000, 0x00000007a5560000)
  from space 21824K, 100% used [0x00000007a5560000, 0x00000007a6ab0000, 0x00000007a6ab0000)
  to   space 21824K,   0% used [0x00000007a6ab0000, 0x00000007a6ab0000, 0x00000007a8000000)
 concurrent mark-sweep generation total 393216K, used 161672K [0x00000007a8000000, 0x00000007c0000000, 0x00000007c0000000)
 Metaspace       used 28874K, capacity 29164K, committed 29512K, reserved 1075200K
  class space    used 3274K, capacity 3353K, committed 3400K, reserved 1048576K
2016-06-08T16:06:41.404-0530: 1253.013: [GC (Allocation Failure) 1253.013: [ParNew
Desired survivor size 20112992 bytes, new threshold 8 (max 8)
- age   1:    1397008 bytes,    1397008 total
- age   2:    2051456 bytes,    3448464 total
- age   3:    1968280 bytes,    5416744 total
- age   4:    2157760 bytes,    7574504 total
- age   5:    2549160 bytes,   10123664 total
- age   6:    2116232 bytes,   12239896 total
- age   7:    2104800 bytes,   14344696 total
- age   8:    2105480 bytes,   16450176 total
: 109248K->21824K(109248K), 0.0079376 secs] 270920K->185663K(502464K), 0.0080029 secs] [Times: user=0.02 sys=0.00, real=0.01 secs] 
Heap after GC invocations=165 (full 3):
 par new generation   total 109248K, used 21824K [0x00000007a0000000, 0x00000007a8000000, 0x00000007a8000000)
  eden space 87424K,   0% used [0x00000007a0000000, 0x00000007a0000000, 0x00000007a5560000)
  from space 21824K, 100% used [0x00000007a6ab0000, 0x00000007a8000000, 0x00000007a8000000)
  to   space 21824K,   0% used [0x00000007a5560000, 0x00000007a5560000, 0x00000007a6ab0000)
 concurrent mark-sweep generation total 393216K, used 163839K [0x00000007a8000000, 0x00000007c0000000, 0x00000007c0000000)
 Metaspace       used 28874K, capacity 29164K, committed 29512K, reserved 1075200K
  class space    used 3274K, capacity 3353K, committed 3400K, reserved 1048576K
}
2016-06-08T16:06:41.412-0530: 1253.021: Total time for which application threads were stopped: 0.0082334 seconds
{Heap before GC invocations=165 (full 3):
 par new generation   total 109248K, used 109248K [0x00000007a0000000, 0x00000007a8000000, 0x00000007a8000000)
  eden space 87424K, 100% used [0x00000007a0000000, 0x00000007a5560000, 0x00000007a5560000)
  from space 21824K, 100% used [0x00000007a6ab0000, 0x00000007a8000000, 0x00000007a8000000)
  to   space 21824K,   0% used [0x00000007a5560000, 0x00000007a5560000, 0x00000007a6ab0000)
 concurrent mark-sweep generation total 393216K, used 163839K [0x00000007a8000000, 0x00000007c0000000, 0x00000007c0000000)
 Metaspace       used 28874K, capacity 29164K, committed 29512K, reserved 1075200K
  class space    used 3274K, capacity 3353K, committed 3400K, reserved 1048576K
2016-06-08T16:06:41.538-0530: 1253.146: [GC (Allocation Failure) 1253.146: [ParNew
Desired survivor size 20112992 bytes, new threshold 8 (max 8)
- age   1:     167744 bytes,     167744 total
- age   2:    1260960 bytes,    1428704 total
- age   3:    2050688 bytes,    3479392 total
- age   4:    1968280 bytes,    5447672 total
- age   5:    2157760 bytes,    7605432 total
- age   6:    2549160 bytes,   10154592 total
- age   7:    2116232 bytes,   12270824 total
- age   8:    2104800 bytes,   14375624 total
: 109248K->18771K(109248K), 0.0055887 secs] 273087K->184667K(502464K), 0.0056570 secs] [Times: user=0.02 sys=0.00, real=0.01 secs] 
Heap after GC invocations=166 (full 3):
 par new generation   total 109248K, used 18771K [0x00000007a0000000, 0x00000007a8000000, 0x00000007a8000000)
  eden space 87424K,   0% used [0x00000007a0000000, 0x00000007a0000000, 0x00000007a5560000)
  from space 21824K,  86% used [0x00000007a5560000, 0x00000007a67b4f40, 0x00000007a6ab0000)
  to   space 21824K,   0% used [0x00000007a6ab0000, 0x00000007a6ab0000, 0x00000007a8000000)
 concurrent mark-sweep generation total 393216K, used 165896K [0x00000007a8000000, 0x00000007c0000000, 0x00000007c0000000)
 Metaspace       used 28874K, capacity 29164K, committed 29512K, reserved 1075200K
  class space    used 3274K, capacity 3353K, committed 3400K, reserved 1048576K
}
2016-06-08T16:06:41.544-0530: 1253.152: Total time for which application threads were stopped: 0.0058514 seconds
{Heap before GC invocations=166 (full 3):
 par new generation   total 109248K, used 106195K [0x00000007a0000000, 0x00000007a8000000, 0x00000007a8000000)
  eden space 87424K, 100% used [0x00000007a0000000, 0x00000007a5560000, 0x00000007a5560000)
  from space 21824K,  86% used [0x00000007a5560000, 0x00000007a67b4f40, 0x00000007a6ab0000)
  to   space 21824K,   0% used [0x00000007a6ab0000, 0x00000007a6ab0000, 0x00000007a8000000)
 concurrent mark-sweep generation total 393216K, used 165896K [0x00000007a8000000, 0x00000007c0000000, 0x00000007c0000000)
 Metaspace       used 28874K, capacity 29164K, committed 29512K, reserved 1075200K
  class space    used 3274K, capacity 3353K, committed 3400K, reserved 1048576K
2016-06-08T16:06:44.249-0530: 1255.857: [GC (Allocation Failure) 1255.857: [ParNew
Desired survivor size 20112992 bytes, new threshold 8 (max 8)
- age   1:     210552 bytes,     210552 total
- age   2:       1152 bytes,     211704 total
- age   3:    1259488 bytes,    1471192 total
- age   4:    2050208 bytes,    3521400 total
- age   5:    1968280 bytes,    5489680 total
- age   6:    2157760 bytes,    7647440 total
- age   7:    2549160 bytes,   10196600 total
- age   8:    2116232 bytes,   12312832 total
: 106195K->15892K(109248K), 0.0048256 secs] 272091K->183845K(502464K), 0.0048725 secs] [Times: user=0.02 sys=0.01, real=0.01 secs] 
Heap after GC invocations=167 (full 3):
 par new generation   total 109248K, used 15892K [0x00000007a0000000, 0x00000007a8000000, 0x00000007a8000000)
  eden space 87424K,   0% used [0x00000007a0000000, 0x00000007a0000000, 0x00000007a5560000)
  from space 21824K,  72% used [0x00000007a6ab0000, 0x00000007a7a351c0, 0x00000007a8000000)
  to   space 21824K,   0% used [0x00000007a5560000, 0x00000007a5560000, 0x00000007a6ab0000)
 concurrent mark-sweep generation total 393216K, used 167952K [0x00000007a8000000, 0x00000007c0000000, 0x00000007c0000000)
 Metaspace       used 28874K, capacity 29164K, committed 29512K, reserved 1075200K
  class space    used 3274K, capacity 3353K, committed 3400K, reserved 1048576K
}
2016-06-08T16:06:44.254-0530: 1255.862: Total time for which application threads were stopped: 0.0050738 seconds
{Heap before GC invocations=167 (full 3):
 par new generation   total 109248K, used 103316K [0x00000007a0000000, 0x00000007a8000000, 0x00000007a8000000)
  eden space 87424K, 100% used [0x00000007a0000000, 0x00000007a5560000, 0x00000007a5560000)
  from space 21824K,  72% used [0x00000007a6ab0000, 0x00000007a7a351c0, 0x00000007a8000000)
  to   space 21824K,   0% used [0x00000007a5560000, 0x00000007a5560000, 0x00000007a6ab0000)
 concurrent mark-sweep generation total 393216K, used 167952K [0x00000007a8000000, 0x00000007c0000000, 0x00000007c0000000)
 Metaspace       used 28874K, capacity 29164K, committed 29512K, reserved 1075200K
  class space    used 3274K, capacity 3353K, committed 3400K, reserved 1048576K
2016-06-08T16:06:44.624-0530: 1256.233: [GC (Allocation Failure) 1256.233: [ParNew
Desired survivor size 20112992 bytes, new threshold 8 (max 8)
- age   1:     131696 bytes,     131696 total
- age   2:     164496 bytes,     296192 total
- age   3:       1152 bytes,     297344 total
- age   4:    1259888 bytes,    1557232 total
- age   5:    2050208 bytes,    3607440 total
- age   6:    1968280 bytes,    5575720 total
- age   7:    2157760 bytes,    7733480 total
- age   8:    2549160 bytes,   10282640 total
: 103316K->14615K(109248K), 0.0048144 secs] 271269K->184634K(502464K), 0.0048711 secs] [Times: user=0.02 sys=0.00, real=0.00 secs] 
Heap after GC invocations=168 (full 3):
 par new generation   total 109248K, used 14615K [0x00000007a0000000, 0x00000007a8000000, 0x00000007a8000000)
  eden space 87424K,   0% used [0x00000007a0000000, 0x00000007a0000000, 0x00000007a5560000)
  from space 21824K,  66% used [0x00000007a5560000, 0x00000007a63a5ce8, 0x00000007a6ab0000)
  to   space 21824K,   0% used [0x00000007a6ab0000, 0x00000007a6ab0000, 0x00000007a8000000)
 concurrent mark-sweep generation total 393216K, used 170019K [0x00000007a8000000, 0x00000007c0000000, 0x00000007c0000000)
 Metaspace       used 28874K, capacity 29164K, committed 29512K, reserved 1075200K
  class space    used 3274K, capacity 3353K, committed 3400K, reserved 1048576K
}
2016-06-08T16:06:44.629-0530: 1256.238: Total time for which application threads were stopped: 0.0050928 seconds
{Heap before GC invocations=168 (full 3):
 par new generation   total 109248K, used 102039K [0x00000007a0000000, 0x00000007a8000000, 0x00000007a8000000)
  eden space 87424K, 100% used [0x00000007a0000000, 0x00000007a5560000, 0x00000007a5560000)
  from space 21824K,  66% used [0x00000007a5560000, 0x00000007a63a5ce8, 0x00000007a6ab0000)
  to   space 21824K,   0% used [0x00000007a6ab0000, 0x00000007a6ab0000, 0x00000007a8000000)
 concurrent mark-sweep generation total 393216K, used 170019K [0x00000007a8000000, 0x00000007c0000000, 0x00000007c0000000)
 Metaspace       used 28874K, capacity 29164K, committed 29512K, reserved 1075200K
  class space    used 3274K, capacity 3353K, committed 3400K, reserved 1048576K
2016-06-08T16:06:47.051-0530: 1258.659: [GC (Allocation Failure) 1258.659: [ParNew
Desired survivor size 20112992 bytes, new threshold 8 (max 8)
- age   1:     118976 bytes,     118976 total
- age   2:      77968 bytes,     196944 total
- age   3:     158752 bytes,     355696 total
- age   4:       1152 bytes,     356848 total
- age   5:    1259392 bytes,    1616240 total
- age   6:    2050208 bytes,    3666448 total
- age   7:    1968280 bytes,    5634728 total
- age   8:    2157760 bytes,    7792488 total
: 102039K->10778K(109248K), 0.0051038 secs] 272058K->183288K(502464K), 0.0051887 secs] [Times: user=0.02 sys=0.00, real=0.00 secs] 
Heap after GC invocations=169 (full 3):
 par new generation   total 109248K, used 10778K [0x00000007a0000000, 0x00000007a8000000, 0x00000007a8000000)
  eden space 87424K,   0% used [0x00000007a0000000, 0x00000007a0000000, 0x00000007a5560000)
  from space 21824K,  49% used [0x00000007a6ab0000, 0x00000007a7536b00, 0x00000007a8000000)
  to   space 21824K,   0% used [0x00000007a5560000, 0x00000007a5560000, 0x00000007a6ab0000)
 concurrent mark-sweep generation total 393216K, used 172509K [0x00000007a8000000, 0x00000007c0000000, 0x00000007c0000000)
 Metaspace       used 28874K, capacity 29164K, committed 29512K, reserved 1075200K
  class space    used 3274K, capacity 3353K, committed 3400K, reserved 1048576K
}
2016-06-08T16:06:47.056-0530: 1258.665: Total time for which application threads were stopped: 0.2519015 seconds
{Heap before GC invocations=169 (full 3):
 par new generation   total 109248K, used 98202K [0x00000007a0000000, 0x00000007a8000000, 0x00000007a8000000)
  eden space 87424K, 100% used [0x00000007a0000000, 0x00000007a5560000, 0x00000007a5560000)
  from space 21824K,  49% used [0x00000007a6ab0000, 0x00000007a7536b00, 0x00000007a8000000)
  to   space 21824K,   0% used [0x00000007a5560000, 0x00000007a5560000, 0x00000007a6ab0000)
 concurrent mark-sweep generation total 393216K, used 172509K [0x00000007a8000000, 0x00000007c0000000, 0x00000007c0000000)
 Metaspace       used 28874K, capacity 29164K, committed 29512K, reserved 1075200K
  class space    used 3274K, capacity 3353K, committed 3400K, reserved 1048576K
2016-06-08T16:06:48.865-0530: 1260.474: [GC (Allocation Failure) 1260.474: [ParNew
Desired survivor size 20112992 bytes, new threshold 8 (max 8)
- age   1:      94832 bytes,      94832 total
- age   2:      52760 bytes,     147592 total
- age   3:      77496 bytes,     225088 total
- age   4:     156592 bytes,     381680 total
- age   5:       1152 bytes,     382832 total
- age   6:    1259392 bytes,    1642224 total
- age   7:    2050208 bytes,    3692432 total
- age   8:    1968280 bytes,    5660712 total
: 98202K->7351K(109248K), 0.0037192 secs] 270712K->181970K(502464K), 0.0037817 secs] [Times: user=0.01 sys=0.00, real=0.00 secs] 
Heap after GC invocations=170 (full 3):
 par new generation   total 109248K, used 7351K [0x00000007a0000000, 0x00000007a8000000, 0x00000007a8000000)
  eden space 87424K,   0% used [0x00000007a0000000, 0x00000007a0000000, 0x00000007a5560000)
  from space 21824K,  33% used [0x00000007a5560000, 0x00000007a5c8df38, 0x00000007a6ab0000)
  to   space 21824K,   0% used [0x00000007a6ab0000, 0x00000007a6ab0000, 0x00000007a8000000)
 concurrent mark-sweep generation total 393216K, used 174618K [0x00000007a8000000, 0x00000007c0000000, 0x00000007c0000000)
 Metaspace       used 28874K, capacity 29164K, committed 29512K, reserved 1075200K
  class space    used 3274K, capacity 3353K, committed 3400K, reserved 1048576K
}
2016-06-08T16:06:48.869-0530: 1260.478: Total time for which application threads were stopped: 0.0039651 seconds
{Heap before GC invocations=170 (full 3):
 par new generation   total 109248K, used 94775K [0x00000007a0000000, 0x00000007a8000000, 0x00000007a8000000)
  eden space 87424K, 100% used [0x00000007a0000000, 0x00000007a5560000, 0x00000007a5560000)
  from space 21824K,  33% used [0x00000007a5560000, 0x00000007a5c8df38, 0x00000007a6ab0000)
  to   space 21824K,   0% used [0x00000007a6ab0000, 0x00000007a6ab0000, 0x00000007a8000000)
 concurrent mark-sweep generation total 393216K, used 174618K [0x00000007a8000000, 0x00000007c0000000, 0x00000007c0000000)
 Metaspace       used 28874K, capacity 29164K, committed 29512K, reserved 1075200K
  class space    used 3274K, capacity 3353K, committed 3400K, reserved 1048576K
2016-06-08T16:06:50.752-0530: 1262.361: [GC (Allocation Failure) 1262.404: [ParNew
Desired survivor size 20112992 bytes, new threshold 8 (max 8)
- age   1:      91248 bytes,      91248 total
- age   2:      31352 bytes,     122600 total
- age   3:      51912 bytes,     174512 total
- age   4:      77360 bytes,     251872 total
- age   5:     155360 bytes,     407232 total
- age   6:       1152 bytes,     408384 total
- age   7:    1259392 bytes,    1667776 total
- age   8:    2050208 bytes,    3717984 total
: 94775K->5465K(109248K), 0.0037586 secs] 269394K->182006K(502464K), 0.0473855 secs] [Times: user=0.01 sys=0.00, real=0.05 secs] 
Heap after GC invocations=171 (full 3):
 par new generation   total 109248K, used 5465K [0x00000007a0000000, 0x00000007a8000000, 0x00000007a8000000)
  eden space 87424K,   0% used [0x00000007a0000000, 0x00000007a0000000, 0x00000007a5560000)
  from space 21824K,  25% used [0x00000007a6ab0000, 0x00000007a70066f8, 0x00000007a8000000)
  to   space 21824K,   0% used [0x00000007a5560000, 0x00000007a5560000, 0x00000007a6ab0000)
 concurrent mark-sweep generation total 393216K, used 176540K [0x00000007a8000000, 0x00000007c0000000, 0x00000007c0000000)
 Metaspace       used 28874K, capacity 29164K, committed 29512K, reserved 1075200K
  class space    used 3274K, capacity 3353K, committed 3400K, reserved 1048576K
}
2016-06-08T16:06:50.800-0530: 1262.408: Total time for which application threads were stopped: 0.0475872 seconds
2016-06-08T16:06:52.719-0530: 1264.328: Total time for which application threads were stopped: 0.0001013 seconds
2016-06-08T16:06:52.719-0530: 1264.328: Total time for which application threads were stopped: 0.0000654 seconds
{Heap before GC invocations=171 (full 3):
 par new generation   total 109248K, used 92889K [0x00000007a0000000, 0x00000007a8000000, 0x00000007a8000000)
  eden space 87424K, 100% used [0x00000007a0000000, 0x00000007a5560000, 0x00000007a5560000)
  from space 21824K,  25% used [0x00000007a6ab0000, 0x00000007a70066f8, 0x00000007a8000000)
  to   space 21824K,   0% used [0x00000007a5560000, 0x00000007a5560000, 0x00000007a6ab0000)
 concurrent mark-sweep generation total 393216K, used 176540K [0x00000007a8000000, 0x00000007c0000000, 0x00000007c0000000)
 Metaspace       used 28877K, capacity 29164K, committed 29512K, reserved 1075200K
  class space    used 3274K, capacity 3353K, committed 3400K, reserved 1048576K
2016-06-08T16:06:56.296-0530: 1267.905: [GC (Allocation Failure) 1267.905: [ParNew
Desired survivor size 20112992 bytes, new threshold 8 (max 8)
- age   1:    1868512 bytes,    1868512 total
- age   6:       1920 bytes,    1870432 total
- age   7:        512 bytes,    1870944 total
- age   8:    1206296 bytes,    3077240 total
: 92889K->3377K(109248K), 0.0035674 secs] 269430K->181919K(502464K), 0.0036681 secs] [Times: user=0.01 sys=0.00, real=0.01 secs] 
Heap after GC invocations=172 (full 3):
 par new generation   total 109248K, used 3377K [0x00000007a0000000, 0x00000007a8000000, 0x00000007a8000000)
  eden space 87424K,   0% used [0x00000007a0000000, 0x00000007a0000000, 0x00000007a5560000)
  from space 21824K,  15% used [0x00000007a5560000, 0x00000007a58ac440, 0x00000007a6ab0000)
  to   space 21824K,   0% used [0x00000007a6ab0000, 0x00000007a6ab0000, 0x00000007a8000000)
 concurrent mark-sweep generation total 393216K, used 178542K [0x00000007a8000000, 0x00000007c0000000, 0x00000007c0000000)
 Metaspace       used 28877K, capacity 29164K, committed 29512K, reserved 1075200K
  class space    used 3274K, capacity 3353K, committed 3400K, reserved 1048576K
}
2016-06-08T16:06:56.300-0530: 1267.908: Total time for which application threads were stopped: 0.0038801 seconds
2016-06-08T16:06:56.692-0530: 1268.301: Total time for which application threads were stopped: 0.0000999 seconds
2016-06-08T16:06:56.758-0530: 1268.367: Total time for which application threads were stopped: 0.0001257 seconds
2016-06-08T16:06:56.758-0530: 1268.367: Total time for which application threads were stopped: 0.0000735 seconds
2016-06-08T16:06:56.776-0530: 1268.385: Total time for which application threads were stopped: 0.0001006 seconds
2016-06-08T16:06:56.776-0530: 1268.385: Total time for which application threads were stopped: 0.0000603 seconds
2016-06-08T16:06:56.818-0530: 1268.427: Total time for which application threads were stopped: 0.0001297 seconds
2016-06-08T16:06:56.818-0530: 1268.427: Total time for which application threads were stopped: 0.0001018 seconds
2016-06-08T16:06:56.819-0530: 1268.427: Total time for which application threads were stopped: 0.0000845 seconds
2016-06-08T16:06:56.827-0530: 1268.436: Total time for which application threads were stopped: 0.0000942 seconds
2016-06-08T16:06:56.827-0530: 1268.436: Total time for which application threads were stopped: 0.0000738 seconds
2016-06-08T16:06:56.827-0530: 1268.436: Total time for which application threads were stopped: 0.0000775 seconds
2016-06-08T16:06:56.828-0530: 1268.437: Total time for which application threads were stopped: 0.0001091 seconds
2016-06-08T16:06:56.829-0530: 1268.438: Total time for which application threads were stopped: 0.0001023 seconds
2016-06-08T16:06:56.830-0530: 1268.438: Total time for which application threads were stopped: 0.0000881 seconds
2016-06-08T16:06:56.831-0530: 1268.440: Total time for which application threads were stopped: 0.0000855 seconds
2016-06-08T16:06:56.833-0530: 1268.442: Total time for which application threads were stopped: 0.0001799 seconds
2016-06-08T16:06:56.836-0530: 1268.444: Total time for which application threads were stopped: 0.0000746 seconds
{Heap before GC invocations=172 (full 3):
 par new generation   total 109248K, used 90801K [0x00000007a0000000, 0x00000007a8000000, 0x00000007a8000000)
  eden space 87424K, 100% used [0x00000007a0000000, 0x00000007a5560000, 0x00000007a5560000)
  from space 21824K,  15% used [0x00000007a5560000, 0x00000007a58ac440, 0x00000007a6ab0000)
  to   space 21824K,   0% used [0x00000007a6ab0000, 0x00000007a6ab0000, 0x00000007a8000000)
 concurrent mark-sweep generation total 393216K, used 178542K [0x00000007a8000000, 0x00000007c0000000, 0x00000007c0000000)
 Metaspace       used 28888K, capacity 29164K, committed 29512K, reserved 1075200K
  class space    used 3274K, capacity 3353K, committed 3400K, reserved 1048576K
2016-06-08T16:07:12.223-0530: 1283.833: [GC (Allocation Failure) 1283.833: [ParNew
Desired survivor size 20112992 bytes, new threshold 8 (max 8)
- age   1:    4102888 bytes,    4102888 total
- age   2:     569672 bytes,    4672560 total
: 90801K->6021K(109248K), 0.0042850 secs] 269343K->185722K(502464K), 0.0043916 secs] [Times: user=0.01 sys=0.00, real=0.00 secs] 
Heap after GC invocations=173 (full 3):
 par new generation   total 109248K, used 6021K [0x00000007a0000000, 0x00000007a8000000, 0x00000007a8000000)
  eden space 87424K,   0% used [0x00000007a0000000, 0x00000007a0000000, 0x00000007a5560000)
  from space 21824K,  27% used [0x00000007a6ab0000, 0x00000007a7091400, 0x00000007a8000000)
  to   space 21824K,   0% used [0x00000007a5560000, 0x00000007a5560000, 0x00000007a6ab0000)
 concurrent mark-sweep generation total 393216K, used 179701K [0x00000007a8000000, 0x00000007c0000000, 0x00000007c0000000)
 Metaspace       used 28888K, capacity 29164K, committed 29512K, reserved 1075200K
  class space    used 3274K, capacity 3353K, committed 3400K, reserved 1048576K
}
2016-06-08T16:07:12.228-0530: 1283.837: Total time for which application threads were stopped: 0.0045835 seconds
{Heap before GC invocations=173 (full 3):
 par new generation   total 109248K, used 93437K [0x00000007a0000000, 0x00000007a8000000, 0x00000007a8000000)
  eden space 87424K,  99% used [0x00000007a0000000, 0x00000007a555e0a0, 0x00000007a5560000)
  from space 21824K,  27% used [0x00000007a6ab0000, 0x00000007a7091400, 0x00000007a8000000)
  to   space 21824K,   0% used [0x00000007a5560000, 0x00000007a5560000, 0x00000007a6ab0000)
 concurrent mark-sweep generation total 393216K, used 179701K [0x00000007a8000000, 0x00000007c0000000, 0x00000007c0000000)
 Metaspace       used 28889K, capacity 29164K, committed 29512K, reserved 1075200K
  class space    used 3274K, capacity 3353K, committed 3400K, reserved 1048576K
2016-06-08T16:07:19.748-0530: 1291.358: [GC (Allocation Failure) 1291.358: [ParNew
Desired survivor size 20112992 bytes, new threshold 8 (max 8)
- age   1:    4974488 bytes,    4974488 total
- age   2:    2566840 bytes,    7541328 total
- age   3:     557368 bytes,    8098696 total
: 93437K->8710K(109248K), 0.0037236 secs] 273138K->188411K(502464K), 0.0038140 secs] [Times: user=0.01 sys=0.00, real=0.01 secs] 
Heap after GC invocations=174 (full 3):
 par new generation   total 109248K, used 8710K [0x00000007a0000000, 0x00000007a8000000, 0x00000007a8000000)
  eden space 87424K,   0% used [0x00000007a0000000, 0x00000007a0000000, 0x00000007a5560000)
  from space 21824K,  39% used [0x00000007a5560000, 0x00000007a5de1870, 0x00000007a6ab0000)
  to   space 21824K,   0% used [0x00000007a6ab0000, 0x00000007a6ab0000, 0x00000007a8000000)
 concurrent mark-sweep generation total 393216K, used 179701K [0x00000007a8000000, 0x00000007c0000000, 0x00000007c0000000)
 Metaspace       used 28889K, capacity 29164K, committed 29512K, reserved 1075200K
  class space    used 3274K, capacity 3353K, committed 3400K, reserved 1048576K
}
2016-06-08T16:07:19.752-0530: 1291.362: Total time for which application threads were stopped: 0.0039945 seconds
2016-06-08T16:07:20.096-0530: 1291.705: Total time for which application threads were stopped: 0.0000928 seconds
2016-06-08T16:07:20.096-0530: 1291.705: Total time for which application threads were stopped: 0.0001063 seconds
2016-06-08T16:07:20.096-0530: 1291.706: Total time for which application threads were stopped: 0.0001558 seconds
2016-06-08T16:07:20.096-0530: 1291.706: Total time for which application threads were stopped: 0.0000751 seconds
2016-06-08T16:07:20.117-0530: 1291.726: Total time for which application threads were stopped: 0.0000909 seconds
2016-06-08T16:07:20.117-0530: 1291.727: Total time for which application threads were stopped: 0.0000702 seconds
2016-06-08T16:07:20.117-0530: 1291.727: Total time for which application threads were stopped: 0.0000674 seconds
2016-06-08T16:07:20.118-0530: 1291.727: Total time for which application threads were stopped: 0.0000572 seconds
{Heap before GC invocations=174 (full 3):
 par new generation   total 109248K, used 96119K [0x00000007a0000000, 0x00000007a8000000, 0x00000007a8000000)
  eden space 87424K,  99% used [0x00000007a0000000, 0x00000007a555c728, 0x00000007a5560000)
  from space 21824K,  39% used [0x00000007a5560000, 0x00000007a5de1870, 0x00000007a6ab0000)
  to   space 21824K,   0% used [0x00000007a6ab0000, 0x00000007a6ab0000, 0x00000007a8000000)
 concurrent mark-sweep generation total 393216K, used 179701K [0x00000007a8000000, 0x00000007c0000000, 0x00000007c0000000)
 Metaspace       used 28889K, capacity 29164K, committed 29512K, reserved 1075200K
  class space    used 3274K, capacity 3353K, committed 3400K, reserved 1048576K
2016-06-08T16:07:28.220-0530: 1299.830: [GC (Allocation Failure) 1299.830: [ParNew
Desired survivor size 20112992 bytes, new threshold 8 (max 8)
- age   1:    4584632 bytes,    4584632 total
- age   2:    2788112 bytes,    7372744 total
- age   3:    2564656 bytes,    9937400 total
- age   4:     490336 bytes,   10427736 total
: 96119K->14044K(109248K), 0.0046045 secs] 275821K->193745K(502464K), 0.0046915 secs] [Times: user=0.01 sys=0.00, real=0.00 secs] 
Heap after GC invocations=175 (full 3):
 par new generation   total 109248K, used 14044K [0x00000007a0000000, 0x00000007a8000000, 0x00000007a8000000)
  eden space 87424K,   0% used [0x00000007a0000000, 0x00000007a0000000, 0x00000007a5560000)
  from space 21824K,  64% used [0x00000007a6ab0000, 0x00000007a78671b8, 0x00000007a8000000)
  to   space 21824K,   0% used [0x00000007a5560000, 0x00000007a5560000, 0x00000007a6ab0000)
 concurrent mark-sweep generation total 393216K, used 179701K [0x00000007a8000000, 0x00000007c0000000, 0x00000007c0000000)
 Metaspace       used 28889K, capacity 29164K, committed 29512K, reserved 1075200K
  class space    used 3274K, capacity 3353K, committed 3400K, reserved 1048576K
}
2016-06-08T16:07:28.225-0530: 1299.835: Total time for which application threads were stopped: 0.0049086 seconds
2016-06-08T16:07:28.684-0530: 1300.294: Total time for which application threads were stopped: 0.0000938 seconds
2016-06-08T16:07:28.685-0530: 1300.295: Total time for which application threads were stopped: 0.0001311 seconds
2016-06-08T16:07:28.727-0530: 1300.337: Total time for which application threads were stopped: 0.0000950 seconds
2016-06-08T16:07:28.728-0530: 1300.337: Total time for which application threads were stopped: 0.0000518 seconds
2016-06-08T16:07:28.728-0530: 1300.338: Total time for which application threads were stopped: 0.0000966 seconds
2016-06-08T16:07:28.728-0530: 1300.338: Total time for which application threads were stopped: 0.0000856 seconds
2016-06-08T16:07:28.729-0530: 1300.338: Total time for which application threads were stopped: 0.0000548 seconds
{Heap before GC invocations=175 (full 3):
 par new generation   total 109248K, used 101468K [0x00000007a0000000, 0x00000007a8000000, 0x00000007a8000000)
  eden space 87424K, 100% used [0x00000007a0000000, 0x00000007a5560000, 0x00000007a5560000)
  from space 21824K,  64% used [0x00000007a6ab0000, 0x00000007a78671b8, 0x00000007a8000000)
  to   space 21824K,   0% used [0x00000007a5560000, 0x00000007a5560000, 0x00000007a6ab0000)
 concurrent mark-sweep generation total 393216K, used 179701K [0x00000007a8000000, 0x00000007c0000000, 0x00000007c0000000)
 Metaspace       used 28889K, capacity 29164K, committed 29512K, reserved 1075200K
  class space    used 3274K, capacity 3353K, committed 3400K, reserved 1048576K
2016-06-08T16:07:35.916-0530: 1307.526: [GC (Allocation Failure) 1307.526: [ParNew
Desired survivor size 20112992 bytes, new threshold 8 (max 8)
- age   1:    3794528 bytes,    3794528 total
- age   2:    2981968 bytes,    6776496 total
- age   3:    2785832 bytes,    9562328 total
- age   4:    2496768 bytes,   12059096 total
- age   5:     490336 bytes,   12549432 total
: 101468K->14792K(109248K), 0.0046602 secs] 281169K->194494K(502464K), 0.0047421 secs] [Times: user=0.02 sys=0.00, real=0.01 secs] 
Heap after GC invocations=176 (full 3):
 par new generation   total 109248K, used 14792K [0x00000007a0000000, 0x00000007a8000000, 0x00000007a8000000)
  eden space 87424K,   0% used [0x00000007a0000000, 0x00000007a0000000, 0x00000007a5560000)
  from space 21824K,  67% used [0x00000007a5560000, 0x00000007a63d2310, 0x00000007a6ab0000)
  to   space 21824K,   0% used [0x00000007a6ab0000, 0x00000007a6ab0000, 0x00000007a8000000)
 concurrent mark-sweep generation total 393216K, used 179701K [0x00000007a8000000, 0x00000007c0000000, 0x00000007c0000000)
 Metaspace       used 28889K, capacity 29164K, committed 29512K, reserved 1075200K
  class space    used 3274K, capacity 3353K, committed 3400K, reserved 1048576K
}
2016-06-08T16:07:35.921-0530: 1307.531: Total time for which application threads were stopped: 0.0049312 seconds
{Heap before GC invocations=176 (full 3):
 par new generation   total 109248K, used 102216K [0x00000007a0000000, 0x00000007a8000000, 0x00000007a8000000)
  eden space 87424K, 100% used [0x00000007a0000000, 0x00000007a5560000, 0x00000007a5560000)
  from space 21824K,  67% used [0x00000007a5560000, 0x00000007a63d2310, 0x00000007a6ab0000)
  to   space 21824K,   0% used [0x00000007a6ab0000, 0x00000007a6ab0000, 0x00000007a8000000)
 concurrent mark-sweep generation total 393216K, used 179701K [0x00000007a8000000, 0x00000007c0000000, 0x00000007c0000000)
 Metaspace       used 28889K, capacity 29164K, committed 29512K, reserved 1075200K
  class space    used 3274K, capacity 3353K, committed 3400K, reserved 1048576K
2016-06-08T16:07:36.460-0530: 1308.071: [GC (Allocation Failure) 1308.071: [ParNew
Desired survivor size 20112992 bytes, new threshold 8 (max 8)
- age   1:    6201000 bytes,    6201000 total
- age   2:    3468680 bytes,    9669680 total
- age   3:    2981200 bytes,   12650880 total
- age   4:    2718920 bytes,   15369800 total
- age   5:    2316776 bytes,   17686576 total
- age   6:     490336 bytes,   18176912 total
: 102216K->21824K(109248K), 0.0063484 secs] 281918K->201713K(502464K), 0.0064185 secs] [Times: user=0.02 sys=0.00, real=0.00 secs] 
Heap after GC invocations=177 (full 3):
 par new generation   total 109248K, used 21824K [0x00000007a0000000, 0x00000007a8000000, 0x00000007a8000000)
  eden space 87424K,   0% used [0x00000007a0000000, 0x00000007a0000000, 0x00000007a5560000)
  from space 21824K, 100% used [0x00000007a6ab0000, 0x00000007a8000000, 0x00000007a8000000)
  to   space 21824K,   0% used [0x00000007a5560000, 0x00000007a5560000, 0x00000007a6ab0000)
 concurrent mark-sweep generation total 393216K, used 179889K [0x00000007a8000000, 0x00000007c0000000, 0x00000007c0000000)
 Metaspace       used 28889K, capacity 29164K, committed 29512K, reserved 1075200K
  class space    used 3274K, capacity 3353K, committed 3400K, reserved 1048576K
}
2016-06-08T16:07:36.467-0530: 1308.077: Total time for which application threads were stopped: 0.0066371 seconds
2016-06-08T16:07:36.474-0530: 1308.084: Total time for which application threads were stopped: 0.0000916 seconds
2016-06-08T16:07:36.474-0530: 1308.085: Total time for which application threads were stopped: 0.0000602 seconds
2016-06-08T16:07:36.526-0530: 1308.137: Total time for which application threads were stopped: 0.0000945 seconds
2016-06-08T16:07:36.528-0530: 1308.138: Total time for which application threads were stopped: 0.0001473 seconds
2016-06-08T16:07:36.528-0530: 1308.138: Total time for which application threads were stopped: 0.0001562 seconds
2016-06-08T16:07:36.528-0530: 1308.138: Total time for which application threads were stopped: 0.0000918 seconds
{Heap before GC invocations=177 (full 3):
 par new generation   total 109248K, used 109248K [0x00000007a0000000, 0x00000007a8000000, 0x00000007a8000000)
  eden space 87424K, 100% used [0x00000007a0000000, 0x00000007a5560000, 0x00000007a5560000)
  from space 21824K, 100% used [0x00000007a6ab0000, 0x00000007a8000000, 0x00000007a8000000)
  to   space 21824K,   0% used [0x00000007a5560000, 0x00000007a5560000, 0x00000007a6ab0000)
 concurrent mark-sweep generation total 393216K, used 179889K [0x00000007a8000000, 0x00000007c0000000, 0x00000007c0000000)
 Metaspace       used 28891K, capacity 29164K, committed 29512K, reserved 1075200K
  class space    used 3274K, capacity 3353K, committed 3400K, reserved 1048576K
2016-06-08T16:07:43.954-0530: 1315.564: [GC (Allocation Failure) 1315.564: [ParNew
Desired survivor size 20112992 bytes, new threshold 8 (max 8)
- age   1:    6303240 bytes,    6303240 total
- age   2:    2834768 bytes,    9138008 total
- age   3:    3004152 bytes,   12142160 total
- age   4:    2826048 bytes,   14968208 total
- age   5:    2246664 bytes,   17214872 total
- age   6:    2316752 bytes,   19531624 total
- age   7:     490336 bytes,   20021960 total
: 109248K->21824K(109248K), 0.0061021 secs] 289137K->202259K(502464K), 0.0061863 secs] [Times: user=0.02 sys=0.00, real=0.01 secs] 
Heap after GC invocations=178 (full 3):
 par new generation   total 109248K, used 21824K [0x00000007a0000000, 0x00000007a8000000, 0x00000007a8000000)
  eden space 87424K,   0% used [0x00000007a0000000, 0x00000007a0000000, 0x00000007a5560000)
  from space 21824K, 100% used [0x00000007a5560000, 0x00000007a6ab0000, 0x00000007a6ab0000)
  to   space 21824K,   0% used [0x00000007a6ab0000, 0x00000007a6ab0000, 0x00000007a8000000)
 concurrent mark-sweep generation total 393216K, used 180435K [0x00000007a8000000, 0x00000007c0000000, 0x00000007c0000000)
 Metaspace       used 28891K, capacity 29164K, committed 29512K, reserved 1075200K
  class space    used 3274K, capacity 3353K, committed 3400K, reserved 1048576K
}
2016-06-08T16:07:43.960-0530: 1315.571: Total time for which application threads were stopped: 0.0063856 seconds
2016-06-08T16:07:44.003-0530: 1315.614: Total time for which application threads were stopped: 0.0000882 seconds
2016-06-08T16:07:44.004-0530: 1315.614: Total time for which application threads were stopped: 0.0000592 seconds
2016-06-08T16:07:44.006-0530: 1315.616: Total time for which application threads were stopped: 0.0001006 seconds
2016-06-08T16:07:44.007-0530: 1315.618: Total time for which application threads were stopped: 0.0001300 seconds
2016-06-08T16:07:44.008-0530: 1315.618: Total time for which application threads were stopped: 0.0000633 seconds
2016-06-08T16:07:44.011-0530: 1315.621: Total time for which application threads were stopped: 0.0001168 seconds
2016-06-08T16:07:44.015-0530: 1315.625: Total time for which application threads were stopped: 0.0001427 seconds
2016-06-08T16:07:44.018-0530: 1315.629: Total time for which application threads were stopped: 0.0002068 seconds
2016-06-08T16:07:44.025-0530: 1315.635: Total time for which application threads were stopped: 0.0001111 seconds
2016-06-08T16:07:44.027-0530: 1315.637: Total time for which application threads were stopped: 0.0001367 seconds
2016-06-08T16:07:44.027-0530: 1315.638: Total time for which application threads were stopped: 0.0001819 seconds
2016-06-08T16:07:44.027-0530: 1315.638: Total time for which application threads were stopped: 0.0001151 seconds
2016-06-08T16:07:44.513-0530: 1316.124: Total time for which application threads were stopped: 0.0000833 seconds
{Heap before GC invocations=178 (full 3):
 par new generation   total 109248K, used 109248K [0x00000007a0000000, 0x00000007a8000000, 0x00000007a8000000)
  eden space 87424K, 100% used [0x00000007a0000000, 0x00000007a5560000, 0x00000007a5560000)
  from space 21824K, 100% used [0x00000007a5560000, 0x00000007a6ab0000, 0x00000007a6ab0000)
  to   space 21824K,   0% used [0x00000007a6ab0000, 0x00000007a6ab0000, 0x00000007a8000000)
 concurrent mark-sweep generation total 393216K, used 180435K [0x00000007a8000000, 0x00000007c0000000, 0x00000007c0000000)
 Metaspace       used 28898K, capacity 29164K, committed 29512K, reserved 1075200K
  class space    used 3275K, capacity 3353K, committed 3400K, reserved 1048576K
2016-06-08T16:07:54.630-0530: 1326.240: [GC (Allocation Failure) 1326.240: [ParNew
Desired survivor size 20112992 bytes, new threshold 8 (max 8)
- age   1:    2496760 bytes,    2496760 total
- age   2:    2435960 bytes,    4932720 total
- age   3:    2834648 bytes,    7767368 total
- age   4:    3001872 bytes,   10769240 total
- age   5:    2825736 bytes,   13594976 total
- age   6:    2246440 bytes,   15841416 total
- age   7:    2316632 bytes,   18158048 total
- age   8:     490304 bytes,   18648352 total
: 109248K->21824K(109248K), 0.0055957 secs] 289683K->202259K(502464K), 0.0056785 secs] [Times: user=0.02 sys=0.00, real=0.00 secs] 
Heap after GC invocations=179 (full 3):
 par new generation   total 109248K, used 21824K [0x00000007a0000000, 0x00000007a8000000, 0x00000007a8000000)
  eden space 87424K,   0% used [0x00000007a0000000, 0x00000007a0000000, 0x00000007a5560000)
  from space 21824K, 100% used [0x00000007a6ab0000, 0x00000007a8000000, 0x00000007a8000000)
  to   space 21824K,   0% used [0x00000007a5560000, 0x00000007a5560000, 0x00000007a6ab0000)
 concurrent mark-sweep generation total 393216K, used 180435K [0x00000007a8000000, 0x00000007c0000000, 0x00000007c0000000)
 Metaspace       used 28898K, capacity 29164K, committed 29512K, reserved 1075200K
  class space    used 3275K, capacity 3353K, committed 3400K, reserved 1048576K
}
2016-06-08T16:07:54.635-0530: 1326.246: Total time for which application threads were stopped: 0.0059015 seconds
{Heap before GC invocations=179 (full 3):
 par new generation   total 109248K, used 109248K [0x00000007a0000000, 0x00000007a8000000, 0x00000007a8000000)
  eden space 87424K, 100% used [0x00000007a0000000, 0x00000007a5560000, 0x00000007a5560000)
  from space 21824K, 100% used [0x00000007a6ab0000, 0x00000007a8000000, 0x00000007a8000000)
  to   space 21824K,   0% used [0x00000007a5560000, 0x00000007a5560000, 0x00000007a6ab0000)
 concurrent mark-sweep generation total 393216K, used 180435K [0x00000007a8000000, 0x00000007c0000000, 0x00000007c0000000)
 Metaspace       used 28901K, capacity 29164K, committed 29512K, reserved 1075200K
  class space    used 3275K, capacity 3353K, committed 3400K, reserved 1048576K
2016-06-08T16:07:55.181-0530: 1326.791: [GC (Allocation Failure) 1326.791: [ParNew
Desired survivor size 20112992 bytes, new threshold 8 (max 8)
- age   1:    6217144 bytes,    6217144 total
- age   2:    2175864 bytes,    8393008 total
- age   3:    2305328 bytes,   10698336 total
- age   4:    1719392 bytes,   12417728 total
- age   5:    2880424 bytes,   15298152 total
- age   6:    2721736 bytes,   18019888 total
- age   7:    2008280 bytes,   20028168 total
- age   8:    2316632 bytes,   22344800 total
: 109248K->21824K(109248K), 0.0073410 secs] 289683K->204341K(502464K), 0.0074035 secs] [Times: user=0.02 sys=0.00, real=0.00 secs] 
Heap after GC invocations=180 (full 3):
 par new generation   total 109248K, used 21824K [0x00000007a0000000, 0x00000007a8000000, 0x00000007a8000000)
  eden space 87424K,   0% used [0x00000007a0000000, 0x00000007a0000000, 0x00000007a5560000)
  from space 21824K, 100% used [0x00000007a5560000, 0x00000007a6ab0000, 0x00000007a6ab0000)
  to   space 21824K,   0% used [0x00000007a6ab0000, 0x00000007a6ab0000, 0x00000007a8000000)
 concurrent mark-sweep generation total 393216K, used 182517K [0x00000007a8000000, 0x00000007c0000000, 0x00000007c0000000)
 Metaspace       used 28901K, capacity 29164K, committed 29512K, reserved 1075200K
  class space    used 3275K, capacity 3353K, committed 3400K, reserved 1048576K
}
2016-06-08T16:07:55.188-0530: 1326.799: Total time for which application threads were stopped: 0.0076035 seconds
2016-06-08T16:07:55.243-0530: 1326.854: Total time for which application threads were stopped: 0.0000891 seconds
2016-06-08T16:07:55.244-0530: 1326.855: Total time for which application threads were stopped: 0.0000796 seconds
2016-06-08T16:07:56.249-0530: 1327.860: Total time for which application threads were stopped: 0.0001737 seconds
{Heap before GC invocations=180 (full 3):
 par new generation   total 109248K, used 109248K [0x00000007a0000000, 0x00000007a8000000, 0x00000007a8000000)
  eden space 87424K, 100% used [0x00000007a0000000, 0x00000007a5560000, 0x00000007a5560000)
  from space 21824K, 100% used [0x00000007a5560000, 0x00000007a6ab0000, 0x00000007a6ab0000)
  to   space 21824K,   0% used [0x00000007a6ab0000, 0x00000007a6ab0000, 0x00000007a8000000)
 concurrent mark-sweep generation total 393216K, used 182517K [0x00000007a8000000, 0x00000007c0000000, 0x00000007c0000000)
 Metaspace       used 28914K, capacity 29164K, committed 29512K, reserved 1075200K
  class space    used 3275K, capacity 3353K, committed 3400K, reserved 1048576K
2016-06-08T16:08:02.188-0530: 1333.799: [GC (Allocation Failure) 1333.799: [ParNew
Desired survivor size 20112992 bytes, new threshold 8 (max 8)
- age   1:    6016816 bytes,    6016816 total
- age   2:    3014040 bytes,    9030856 total
- age   3:    1149192 bytes,   10180048 total
- age   4:    2202280 bytes,   12382328 total
- age   5:    1719392 bytes,   14101720 total
- age   6:     410096 bytes,   14511816 total
- age   7:    2721296 bytes,   17233112 total
- age   8:    2007856 bytes,   19240968 total
: 109248K->21824K(109248K), 0.0079141 secs] 291765K->209717K(502464K), 0.0080283 secs] [Times: user=0.03 sys=0.01, real=0.01 secs] 
Heap after GC invocations=181 (full 3):
 par new generation   total 109248K, used 21824K [0x00000007a0000000, 0x00000007a8000000, 0x00000007a8000000)
  eden space 87424K,   0% used [0x00000007a0000000, 0x00000007a0000000, 0x00000007a5560000)
  from space 21824K, 100% used [0x00000007a6ab0000, 0x00000007a8000000, 0x00000007a8000000)
  to   space 21824K,   0% used [0x00000007a5560000, 0x00000007a5560000, 0x00000007a6ab0000)
 concurrent mark-sweep generation total 393216K, used 187893K [0x00000007a8000000, 0x00000007c0000000, 0x00000007c0000000)
 Metaspace       used 28914K, capacity 29164K, committed 29512K, reserved 1075200K
  class space    used 3275K, capacity 3353K, committed 3400K, reserved 1048576K
}
2016-06-08T16:08:02.196-0530: 1333.807: Total time for which application threads were stopped: 0.0082703 seconds
2016-06-08T16:08:02.235-0530: 1333.846: Total time for which application threads were stopped: 0.0000924 seconds
2016-06-08T16:08:02.235-0530: 1333.846: Total time for which application threads were stopped: 0.0000528 seconds
2016-06-08T16:08:02.236-0530: 1333.847: Total time for which application threads were stopped: 0.0000575 seconds
2016-06-08T16:08:02.236-0530: 1333.847: Total time for which application threads were stopped: 0.0000446 seconds
2016-06-08T16:08:02.236-0530: 1333.847: Total time for which application threads were stopped: 0.0000601 seconds
2016-06-08T16:08:02.236-0530: 1333.847: Total time for which application threads were stopped: 0.0001020 seconds
2016-06-08T16:08:02.236-0530: 1333.847: Total time for which application threads were stopped: 0.0000955 seconds
2016-06-08T16:08:02.237-0530: 1333.847: Total time for which application threads were stopped: 0.0001150 seconds
2016-06-08T16:08:02.237-0530: 1333.848: Total time for which application threads were stopped: 0.0000768 seconds
2016-06-08T16:08:02.256-0530: 1333.867: Total time for which application threads were stopped: 0.0001975 seconds
2016-06-08T16:08:02.257-0530: 1333.868: Total time for which application threads were stopped: 0.0000896 seconds
2016-06-08T16:08:02.257-0530: 1333.868: Total time for which application threads were stopped: 0.0000444 seconds
{Heap before GC invocations=181 (full 3):
 par new generation   total 109248K, used 109244K [0x00000007a0000000, 0x00000007a8000000, 0x00000007a8000000)
  eden space 87424K,  99% used [0x00000007a0000000, 0x00000007a555f3c0, 0x00000007a5560000)
  from space 21824K, 100% used [0x00000007a6ab0000, 0x00000007a8000000, 0x00000007a8000000)
  to   space 21824K,   0% used [0x00000007a5560000, 0x00000007a5560000, 0x00000007a6ab0000)
 concurrent mark-sweep generation total 393216K, used 187893K [0x00000007a8000000, 0x00000007c0000000, 0x00000007c0000000)
 Metaspace       used 28914K, capacity 29164K, committed 29512K, reserved 1075200K
  class space    used 3275K, capacity 3353K, committed 3400K, reserved 1048576K
2016-06-08T16:08:08.013-0530: 1339.624: [GC (Allocation Failure) 1339.624: [ParNew
Desired survivor size 20112992 bytes, new threshold 8 (max 8)
- age   1:    6190344 bytes,    6190344 total
- age   2:    4543016 bytes,   10733360 total
- age   3:    3013992 bytes,   13747352 total
- age   4:    1147640 bytes,   14894992 total
- age   5:    1166472 bytes,   16061464 total
- age   6:    1275168 bytes,   17336632 total
- age   7:     247984 bytes,   17584616 total
- age   8:    2430096 bytes,   20014712 total
: 109244K->21824K(109248K), 0.0078190 secs] 297138K->214659K(502464K), 0.0078995 secs] [Times: user=0.03 sys=0.00, real=0.01 secs] 
Heap after GC invocations=182 (full 3):
 par new generation   total 109248K, used 21824K [0x00000007a0000000, 0x00000007a8000000, 0x00000007a8000000)
  eden space 87424K,   0% used [0x00000007a0000000, 0x00000007a0000000, 0x00000007a5560000)
  from space 21824K, 100% used [0x00000007a5560000, 0x00000007a6ab0000, 0x00000007a6ab0000)
  to   space 21824K,   0% used [0x00000007a6ab0000, 0x00000007a6ab0000, 0x00000007a8000000)
 concurrent mark-sweep generation total 393216K, used 192835K [0x00000007a8000000, 0x00000007c0000000, 0x00000007c0000000)
 Metaspace       used 28914K, capacity 29164K, committed 29512K, reserved 1075200K
  class space    used 3275K, capacity 3353K, committed 3400K, reserved 1048576K
}
2016-06-08T16:08:08.021-0530: 1339.632: Total time for which application threads were stopped: 0.0080972 seconds
2016-06-08T16:08:08.174-0530: 1339.786: Total time for which application threads were stopped: 0.0000952 seconds
2016-06-08T16:08:08.175-0530: 1339.786: Total time for which application threads were stopped: 0.0000801 seconds
2016-06-08T16:08:08.175-0530: 1339.786: Total time for which application threads were stopped: 0.0000608 seconds
2016-06-08T16:08:08.193-0530: 1339.804: Total time for which application threads were stopped: 0.0001231 seconds
2016-06-08T16:08:08.194-0530: 1339.805: Total time for which application threads were stopped: 0.0004250 seconds
{Heap before GC invocations=182 (full 3):
 par new generation   total 109248K, used 109248K [0x00000007a0000000, 0x00000007a8000000, 0x00000007a8000000)
  eden space 87424K, 100% used [0x00000007a0000000, 0x00000007a5560000, 0x00000007a5560000)
  from space 21824K, 100% used [0x00000007a5560000, 0x00000007a6ab0000, 0x00000007a6ab0000)
  to   space 21824K,   0% used [0x00000007a6ab0000, 0x00000007a6ab0000, 0x00000007a8000000)
 concurrent mark-sweep generation total 393216K, used 192835K [0x00000007a8000000, 0x00000007c0000000, 0x00000007c0000000)
 Metaspace       used 28914K, capacity 29164K, committed 29512K, reserved 1075200K
  class space    used 3275K, capacity 3353K, committed 3400K, reserved 1048576K
2016-06-08T16:08:13.930-0530: 1345.541: [GC (Allocation Failure) 1345.541: [ParNew
Desired survivor size 20112992 bytes, new threshold 8 (max 8)
- age   1:    5814328 bytes,    5814328 total
- age   2:    2634232 bytes,    8448560 total
- age   3:    4453152 bytes,   12901712 total
- age   4:    2556392 bytes,   15458104 total
- age   5:    1080432 bytes,   16538536 total
- age   6:    1166248 bytes,   17704784 total
- age   7:    1275168 bytes,   18979952 total
- age   8:     247936 bytes,   19227888 total
: 109248K->21824K(109248K), 0.0065356 secs] 302083K->217668K(502464K), 0.0065969 secs] [Times: user=0.03 sys=0.00, real=0.00 secs] 
Heap after GC invocations=183 (full 3):
 par new generation   total 109248K, used 21824K [0x00000007a0000000, 0x00000007a8000000, 0x00000007a8000000)
  eden space 87424K,   0% used [0x00000007a0000000, 0x00000007a0000000, 0x00000007a5560000)
  from space 21824K, 100% used [0x00000007a6ab0000, 0x00000007a8000000, 0x00000007a8000000)
  to   space 21824K,   0% used [0x00000007a5560000, 0x00000007a5560000, 0x00000007a6ab0000)
 concurrent mark-sweep generation total 393216K, used 195844K [0x00000007a8000000, 0x00000007c0000000, 0x00000007c0000000)
 Metaspace       used 28914K, capacity 29164K, committed 29512K, reserved 1075200K
  class space    used 3275K, capacity 3353K, committed 3400K, reserved 1048576K
}
2016-06-08T16:08:13.937-0530: 1345.548: Total time for which application threads were stopped: 0.0067939 seconds
2016-06-08T16:08:14.211-0530: 1345.822: Total time for which application threads were stopped: 0.0001053 seconds
2016-06-08T16:08:14.211-0530: 1345.823: Total time for which application threads were stopped: 0.0000665 seconds
2016-06-08T16:08:14.231-0530: 1345.843: Total time for which application threads were stopped: 0.0000824 seconds
2016-06-08T16:08:14.232-0530: 1345.843: Total time for which application threads were stopped: 0.0000652 seconds
2016-06-08T16:08:14.232-0530: 1345.843: Total time for which application threads were stopped: 0.0000954 seconds
2016-06-08T16:08:14.232-0530: 1345.844: Total time for which application threads were stopped: 0.0001369 seconds
{Heap before GC invocations=183 (full 3):
 par new generation   total 109248K, used 109248K [0x00000007a0000000, 0x00000007a8000000, 0x00000007a8000000)
  eden space 87424K, 100% used [0x00000007a0000000, 0x00000007a5560000, 0x00000007a5560000)
  from space 21824K, 100% used [0x00000007a6ab0000, 0x00000007a8000000, 0x00000007a8000000)
  to   space 21824K,   0% used [0x00000007a5560000, 0x00000007a5560000, 0x00000007a6ab0000)
 concurrent mark-sweep generation total 393216K, used 195844K [0x00000007a8000000, 0x00000007c0000000, 0x00000007c0000000)
 Metaspace       used 28915K, capacity 29164K, committed 29512K, reserved 1075200K
  class space    used 3275K, capacity 3353K, committed 3400K, reserved 1048576K
2016-06-08T16:08:19.953-0530: 1351.564: [GC (Allocation Failure) 1351.564: [ParNew
Desired survivor size 20112992 bytes, new threshold 8 (max 8)
- age   1:    5012928 bytes,    5012928 total
- age   2:    3007808 bytes,    8020736 total
- age   3:    2632952 bytes,   10653688 total
- age   4:    4020984 bytes,   14674672 total
- age   5:    2556392 bytes,   17231064 total
- age   6:    1080056 bytes,   18311120 total
- age   7:    1166248 bytes,   19477368 total
- age   8:    1275168 bytes,   20752536 total
: 109248K->21824K(109248K), 0.0060281 secs] 305092K->218267K(502464K), 0.0061048 secs] [Times: user=0.02 sys=0.00, real=0.00 secs] 
Heap after GC invocations=184 (full 3):
 par new generation   total 109248K, used 21824K [0x00000007a0000000, 0x00000007a8000000, 0x00000007a8000000)
  eden space 87424K,   0% used [0x00000007a0000000, 0x00000007a0000000, 0x00000007a5560000)
  from space 21824K, 100% used [0x00000007a5560000, 0x00000007a6ab0000, 0x00000007a6ab0000)
  to   space 21824K,   0% used [0x00000007a6ab0000, 0x00000007a6ab0000, 0x00000007a8000000)
 concurrent mark-sweep generation total 393216K, used 196443K [0x00000007a8000000, 0x00000007c0000000, 0x00000007c0000000)
 Metaspace       used 28915K, capacity 29164K, committed 29512K, reserved 1075200K
  class space    used 3275K, capacity 3353K, committed 3400K, reserved 1048576K
}
2016-06-08T16:08:19.959-0530: 1351.571: Total time for which application threads were stopped: 0.0062908 seconds
2016-06-08T16:08:20.356-0530: 1351.968: Total time for which application threads were stopped: 0.0001731 seconds
2016-06-08T16:08:20.357-0530: 1351.969: Total time for which application threads were stopped: 0.0000746 seconds
2016-06-08T16:08:20.376-0530: 1351.987: Total time for which application threads were stopped: 0.0000899 seconds
2016-06-08T16:08:20.376-0530: 1351.987: Total time for which application threads were stopped: 0.0000606 seconds
2016-06-08T16:08:20.376-0530: 1351.987: Total time for which application threads were stopped: 0.0000419 seconds
2016-06-08T16:08:20.376-0530: 1351.988: Total time for which application threads were stopped: 0.0000488 seconds
2016-06-08T16:08:20.377-0530: 1351.988: Total time for which application threads were stopped: 0.0000854 seconds
2016-06-08T16:08:20.377-0530: 1351.989: Total time for which application threads were stopped: 0.0000944 seconds
2016-06-08T16:08:20.377-0530: 1351.989: Total time for which application threads were stopped: 0.0000887 seconds
{Heap before GC invocations=184 (full 3):
 par new generation   total 109248K, used 109248K [0x00000007a0000000, 0x00000007a8000000, 0x00000007a8000000)
  eden space 87424K, 100% used [0x00000007a0000000, 0x00000007a5560000, 0x00000007a5560000)
  from space 21824K, 100% used [0x00000007a5560000, 0x00000007a6ab0000, 0x00000007a6ab0000)
  to   space 21824K,   0% used [0x00000007a6ab0000, 0x00000007a6ab0000, 0x00000007a8000000)
 concurrent mark-sweep generation total 393216K, used 196443K [0x00000007a8000000, 0x00000007c0000000, 0x00000007c0000000)
 Metaspace       used 28927K, capacity 29164K, committed 29512K, reserved 1075200K
  class space    used 3275K, capacity 3353K, committed 3400K, reserved 1048576K
2016-06-08T16:08:25.793-0530: 1357.405: [GC (Allocation Failure) 1357.405: [ParNew
Desired survivor size 20112992 bytes, new threshold 8 (max 8)
- age   1:    4050832 bytes,    4050832 total
- age   2:    2166424 bytes,    6217256 total
- age   3:    2861856 bytes,    9079112 total
- age   4:    2538928 bytes,   11618040 total
- age   5:    4020832 bytes,   15638872 total
- age   6:    1850232 bytes,   17489104 total
- age   7:    1079936 bytes,   18569040 total
- age   8:    1166096 bytes,   19735136 total
: 109248K->21824K(109248K), 0.0074033 secs] 305691K->221258K(502464K), 0.0074771 secs] [Times: user=0.02 sys=0.00, real=0.01 secs] 
Heap after GC invocations=185 (full 3):
 par new generation   total 109248K, used 21824K [0x00000007a0000000, 0x00000007a8000000, 0x00000007a8000000)
  eden space 87424K,   0% used [0x00000007a0000000, 0x00000007a0000000, 0x00000007a5560000)
  from space 21824K, 100% used [0x00000007a6ab0000, 0x00000007a8000000, 0x00000007a8000000)
  to   space 21824K,   0% used [0x00000007a5560000, 0x00000007a5560000, 0x00000007a6ab0000)
 concurrent mark-sweep generation total 393216K, used 199434K [0x00000007a8000000, 0x00000007c0000000, 0x00000007c0000000)
 Metaspace       used 28927K, capacity 29164K, committed 29512K, reserved 1075200K
  class space    used 3275K, capacity 3353K, committed 3400K, reserved 1048576K
}
2016-06-08T16:08:25.800-0530: 1357.412: Total time for which application threads were stopped: 0.0076789 seconds
2016-06-08T16:08:25.801-0530: 1357.412: [GC (CMS Initial Mark) [1 CMS-initial-mark: 199434K(393216K)] 221378K(502464K), 0.0009625 secs] [Times: user=0.01 sys=0.00, real=0.00 secs] 
2016-06-08T16:08:25.802-0530: 1357.413: Total time for which application threads were stopped: 0.0011388 seconds
2016-06-08T16:08:25.802-0530: 1357.413: [CMS-concurrent-mark-start]
2016-06-08T16:08:25.814-0530: 1357.426: [CMS-concurrent-mark: 0.013/0.013 secs] [Times: user=0.04 sys=0.01, real=0.01 secs] 
2016-06-08T16:08:25.814-0530: 1357.426: [CMS-concurrent-preclean-start]
2016-06-08T16:08:25.816-0530: 1357.427: [CMS-concurrent-preclean: 0.001/0.001 secs] [Times: user=0.00 sys=0.00, real=0.00 secs] 
2016-06-08T16:08:25.816-0530: 1357.428: [GC (CMS Final Remark) [YG occupancy: 22954 K (109248 K)]{Heap before GC invocations=185 (full 4):
 par new generation   total 109248K, used 22954K [0x00000007a0000000, 0x00000007a8000000, 0x00000007a8000000)
  eden space 87424K,   1% used [0x00000007a0000000, 0x00000007a011aab0, 0x00000007a5560000)
  from space 21824K, 100% used [0x00000007a6ab0000, 0x00000007a8000000, 0x00000007a8000000)
  to   space 21824K,   0% used [0x00000007a5560000, 0x00000007a5560000, 0x00000007a6ab0000)
 concurrent mark-sweep generation total 393216K, used 199434K [0x00000007a8000000, 0x00000007c0000000, 0x00000007c0000000)
 Metaspace       used 28927K, capacity 29164K, committed 29512K, reserved 1075200K
  class space    used 3275K, capacity 3353K, committed 3400K, reserved 1048576K
2016-06-08T16:08:25.816-0530: 1357.428: [GC (CMS Final Remark) 1357.428: [ParNew
Desired survivor size 20112992 bytes, new threshold 8 (max 8)
- age   1:     299288 bytes,     299288 total
- age   2:    3832072 bytes,    4131360 total
- age   3:    2166120 bytes,    6297480 total
- age   4:    2861856 bytes,    9159336 total
- age   5:    2379928 bytes,   11539264 total
- age   6:    3678384 bytes,   15217648 total
- age   7:    1850232 bytes,   17067880 total
- age   8:    1055752 bytes,   18123632 total
: 22954K->21824K(109248K), 0.0071855 secs] 222389K->222911K(502464K), 0.0072560 secs] [Times: user=0.02 sys=0.00, real=0.01 secs] 
Heap after GC invocations=186 (full 4):
 par new generation   total 109248K, used 21824K [0x00000007a0000000, 0x00000007a8000000, 0x00000007a8000000)
  eden space 87424K,   0% used [0x00000007a0000000, 0x00000007a0000000, 0x00000007a5560000)
  from space 21824K, 100% used [0x00000007a5560000, 0x00000007a6ab0000, 0x00000007a6ab0000)
  to   space 21824K,   0% used [0x00000007a6ab0000, 0x00000007a6ab0000, 0x00000007a8000000)
 concurrent mark-sweep generation total 393216K, used 201087K [0x00000007a8000000, 0x00000007c0000000, 0x00000007c0000000)
 Metaspace       used 28927K, capacity 29164K, committed 29512K, reserved 1075200K
  class space    used 3275K, capacity 3353K, committed 3400K, reserved 1048576K
}
1357.435: [Rescan (parallel) , 0.0017376 secs]1357.437: [weak refs processing, 0.0010728 secs]1357.438: [class unloading, 0.0211828 secs]1357.459: [scrub symbol table, 0.0048433 secs]1357.464: [scrub string table, 0.0003687 secs][1 CMS-remark: 201087K(393216K)] 222911K(502464K), 0.0406003 secs] [Times: user=0.06 sys=0.00, real=0.04 secs] 
2016-06-08T16:08:25.857-0530: 1357.468: Total time for which application threads were stopped: 0.0408294 seconds
2016-06-08T16:08:25.857-0530: 1357.468: [CMS-concurrent-sweep-start]
2016-06-08T16:08:25.901-0530: 1357.513: [CMS-concurrent-sweep: 0.045/0.045 secs] [Times: user=0.07 sys=0.02, real=0.05 secs] 
2016-06-08T16:08:25.901-0530: 1357.513: [CMS-concurrent-reset-start]
2016-06-08T16:08:25.902-0530: 1357.513: [CMS-concurrent-reset: 0.000/0.000 secs] [Times: user=0.00 sys=0.00, real=0.00 secs] 
2016-06-08T16:08:26.381-0530: 1357.993: Total time for which application threads were stopped: 0.0000939 seconds
2016-06-08T16:08:26.381-0530: 1357.993: Total time for which application threads were stopped: 0.0000684 seconds
2016-06-08T16:08:26.402-0530: 1358.014: Total time for which application threads were stopped: 0.0001142 seconds
2016-06-08T16:08:26.402-0530: 1358.014: Total time for which application threads were stopped: 0.0000785 seconds
2016-06-08T16:08:26.402-0530: 1358.014: Total time for which application threads were stopped: 0.0000758 seconds
{Heap before GC invocations=186 (full 4):
 par new generation   total 109248K, used 109248K [0x00000007a0000000, 0x00000007a8000000, 0x00000007a8000000)
  eden space 87424K, 100% used [0x00000007a0000000, 0x00000007a5560000, 0x00000007a5560000)
  from space 21824K, 100% used [0x00000007a5560000, 0x00000007a6ab0000, 0x00000007a6ab0000)
  to   space 21824K,   0% used [0x00000007a6ab0000, 0x00000007a6ab0000, 0x00000007a8000000)
 concurrent mark-sweep generation total 393216K, used 64171K [0x00000007a8000000, 0x00000007c0000000, 0x00000007c0000000)
 Metaspace       used 28927K, capacity 29164K, committed 29512K, reserved 1075200K
  class space    used 3275K, capacity 3353K, committed 3400K, reserved 1048576K
2016-06-08T16:08:26.404-0530: 1358.016: [GC (Allocation Failure) 1358.016: [ParNew
Desired survivor size 20112992 bytes, new threshold 8 (max 8)
- age   1:    3061688 bytes,    3061688 total
- age   2:      21840 bytes,    3083528 total
- age   3:    2970056 bytes,    6053584 total
- age   4:    2166016 bytes,    8219600 total
- age   5:    2794944 bytes,   11014544 total
- age   6:    2379848 bytes,   13394392 total
- age   7:    3677904 bytes,   17072296 total
- age   8:    1850232 bytes,   18922528 total
: 109248K->21824K(109248K), 0.0059811 secs] 173419K->87165K(502464K), 0.0060475 secs] [Times: user=0.02 sys=0.00, real=0.01 secs] 
Heap after GC invocations=187 (full 4):
 par new generation   total 109248K, used 21824K [0x00000007a0000000, 0x00000007a8000000, 0x00000007a8000000)
  eden space 87424K,   0% used [0x00000007a0000000, 0x00000007a0000000, 0x00000007a5560000)
  from space 21824K, 100% used [0x00000007a6ab0000, 0x00000007a8000000, 0x00000007a8000000)
  to   space 21824K,   0% used [0x00000007a5560000, 0x00000007a5560000, 0x00000007a6ab0000)
 concurrent mark-sweep generation total 393216K, used 65341K [0x00000007a8000000, 0x00000007c0000000, 0x00000007c0000000)
 Metaspace       used 28927K, capacity 29164K, committed 29512K, reserved 1075200K
  class space    used 3275K, capacity 3353K, committed 3400K, reserved 1048576K
}
2016-06-08T16:08:26.410-0530: 1358.022: Total time for which application threads were stopped: 0.0062846 seconds
{Heap before GC invocations=187 (full 4):
 par new generation   total 109248K, used 109248K [0x00000007a0000000, 0x00000007a8000000, 0x00000007a8000000)
  eden space 87424K, 100% used [0x00000007a0000000, 0x00000007a5560000, 0x00000007a5560000)
  from space 21824K, 100% used [0x00000007a6ab0000, 0x00000007a8000000, 0x00000007a8000000)
  to   space 21824K,   0% used [0x00000007a5560000, 0x00000007a5560000, 0x00000007a6ab0000)
 concurrent mark-sweep generation total 393216K, used 65341K [0x00000007a8000000, 0x00000007c0000000, 0x00000007c0000000)
 Metaspace       used 28935K, capacity 29164K, committed 29512K, reserved 1075200K
  class space    used 3275K, capacity 3353K, committed 3400K, reserved 1048576K
2016-06-08T16:08:32.203-0530: 1363.815: [GC (Allocation Failure) 1363.815: [ParNew
Desired survivor size 20112992 bytes, new threshold 8 (max 8)
- age   1:    6269408 bytes,    6269408 total
- age   2:    1779848 bytes,    8049256 total
- age   3:      21840 bytes,    8071096 total
- age   4:    2935352 bytes,   11006448 total
- age   5:    2098184 bytes,   13104632 total
- age   6:    2487320 bytes,   15591952 total
- age   7:    2379072 bytes,   17971024 total
- age   8:    3675832 bytes,   21646856 total
: 109248K->21824K(109248K), 0.0070646 secs] 174589K->90546K(502464K), 0.0071549 secs] [Times: user=0.03 sys=0.01, real=0.01 secs] 
Heap after GC invocations=188 (full 4):
 par new generation   total 109248K, used 21824K [0x00000007a0000000, 0x00000007a8000000, 0x00000007a8000000)
  eden space 87424K,   0% used [0x00000007a0000000, 0x00000007a0000000, 0x00000007a5560000)
  from space 21824K, 100% used [0x00000007a5560000, 0x00000007a6ab0000, 0x00000007a6ab0000)
  to   space 21824K,   0% used [0x00000007a6ab0000, 0x00000007a6ab0000, 0x00000007a8000000)
 concurrent mark-sweep generation total 393216K, used 68722K [0x00000007a8000000, 0x00000007c0000000, 0x00000007c0000000)
 Metaspace       used 28935K, capacity 29164K, committed 29512K, reserved 1075200K
  class space    used 3275K, capacity 3353K, committed 3400K, reserved 1048576K
}
2016-06-08T16:08:32.210-0530: 1363.822: Total time for which application threads were stopped: 0.0073503 seconds
2016-06-08T16:08:32.239-0530: 1363.851: Total time for which application threads were stopped: 0.0001245 seconds
2016-06-08T16:08:32.239-0530: 1363.851: Total time for which application threads were stopped: 0.0000630 seconds
2016-06-08T16:08:32.240-0530: 1363.851: Total time for which application threads were stopped: 0.0000487 seconds
2016-06-08T16:08:32.258-0530: 1363.870: Total time for which application threads were stopped: 0.0001213 seconds
2016-06-08T16:08:32.258-0530: 1363.870: Total time for which application threads were stopped: 0.0000719 seconds
2016-06-08T16:08:32.258-0530: 1363.870: Total time for which application threads were stopped: 0.0000841 seconds
{Heap before GC invocations=188 (full 4):
 par new generation   total 109248K, used 109243K [0x00000007a0000000, 0x00000007a8000000, 0x00000007a8000000)
  eden space 87424K,  99% used [0x00000007a0000000, 0x00000007a555eeb8, 0x00000007a5560000)
  from space 21824K, 100% used [0x00000007a5560000, 0x00000007a6ab0000, 0x00000007a6ab0000)
  to   space 21824K,   0% used [0x00000007a6ab0000, 0x00000007a6ab0000, 0x00000007a8000000)
 concurrent mark-sweep generation total 393216K, used 68722K [0x00000007a8000000, 0x00000007c0000000, 0x00000007c0000000)
 Metaspace       used 28939K, capacity 29228K, committed 29512K, reserved 1075200K
  class space    used 3275K, capacity 3353K, committed 3400K, reserved 1048576K
2016-06-08T16:08:37.980-0530: 1369.592: [GC (Allocation Failure) 1369.592: [ParNew
Desired survivor size 20112992 bytes, new threshold 8 (max 8)
- age   1:    6139800 bytes,    6139800 total
- age   2:    2467840 bytes,    8607640 total
- age   3:    1759576 bytes,   10367216 total
- age   4:      21840 bytes,   10389056 total
- age   5:    2933896 bytes,   13322952 total
- age   6:    1347304 bytes,   14670256 total
- age   7:    1203496 bytes,   15873752 total
- age   8:     742088 bytes,   16615840 total
: 109243K->21824K(109248K), 0.0083975 secs] 177965K->97869K(502464K), 0.0084838 secs] [Times: user=0.03 sys=0.00, real=0.00 secs] 
Heap after GC invocations=189 (full 4):
 par new generation   total 109248K, used 21824K [0x00000007a0000000, 0x00000007a8000000, 0x00000007a8000000)
  eden space 87424K,   0% used [0x00000007a0000000, 0x00000007a0000000, 0x00000007a5560000)
  from space 21824K, 100% used [0x00000007a6ab0000, 0x00000007a8000000, 0x00000007a8000000)
  to   space 21824K,   0% used [0x00000007a5560000, 0x00000007a5560000, 0x00000007a6ab0000)
 concurrent mark-sweep generation total 393216K, used 76045K [0x00000007a8000000, 0x00000007c0000000, 0x00000007c0000000)
 Metaspace       used 28939K, capacity 29228K, committed 29512K, reserved 1075200K
  class space    used 3275K, capacity 3353K, committed 3400K, reserved 1048576K
}
2016-06-08T16:08:37.988-0530: 1369.600: Total time for which application threads were stopped: 0.0086940 seconds
2016-06-08T16:08:38.099-0530: 1369.711: Total time for which application threads were stopped: 0.0001079 seconds
2016-06-08T16:08:38.100-0530: 1369.712: Total time for which application threads were stopped: 0.0002273 seconds
2016-06-08T16:08:38.147-0530: 1369.759: Total time for which application threads were stopped: 0.0000985 seconds
2016-06-08T16:08:38.147-0530: 1369.759: Total time for which application threads were stopped: 0.0000786 seconds
2016-06-08T16:08:38.147-0530: 1369.759: Total time for which application threads were stopped: 0.0001133 seconds
2016-06-08T16:08:39.149-0530: 1370.761: Total time for which application threads were stopped: 0.0001348 seconds
{Heap before GC invocations=189 (full 4):
 par new generation   total 109248K, used 109247K [0x00000007a0000000, 0x00000007a8000000, 0x00000007a8000000)
  eden space 87424K,  99% used [0x00000007a0000000, 0x00000007a555fc38, 0x00000007a5560000)
  from space 21824K, 100% used [0x00000007a6ab0000, 0x00000007a8000000, 0x00000007a8000000)
  to   space 21824K,   0% used [0x00000007a5560000, 0x00000007a5560000, 0x00000007a6ab0000)
 concurrent mark-sweep generation total 393216K, used 76045K [0x00000007a8000000, 0x00000007c0000000, 0x00000007c0000000)
 Metaspace       used 28941K, capacity 29228K, committed 29512K, reserved 1075200K
  class space    used 3275K, capacity 3353K, committed 3400K, reserved 1048576K
2016-06-08T16:08:43.786-0530: 1375.398: [GC (Allocation Failure) 1375.398: [ParNew
Desired survivor size 20112992 bytes, new threshold 8 (max 8)
- age   1:    5999776 bytes,    5999776 total
- age   2:    2568184 bytes,    8567960 total
- age   3:    2467624 bytes,   11035584 total
- age   4:    1759496 bytes,   12795080 total
- age   5:      21840 bytes,   12816920 total
- age   6:    2866840 bytes,   15683760 total
- age   7:    1347232 bytes,   17030992 total
- age   8:    1203424 bytes,   18234416 total
: 109247K->21824K(109248K), 0.0067416 secs] 185292K->98609K(502464K), 0.0067961 secs] [Times: user=0.02 sys=0.00, real=0.01 secs] 
Heap after GC invocations=190 (full 4):
 par new generation   total 109248K, used 21824K [0x00000007a0000000, 0x00000007a8000000, 0x00000007a8000000)
  eden space 87424K,   0% used [0x00000007a0000000, 0x00000007a0000000, 0x00000007a5560000)
  from space 21824K, 100% used [0x00000007a5560000, 0x00000007a6ab0000, 0x00000007a6ab0000)
  to   space 21824K,   0% used [0x00000007a6ab0000, 0x00000007a6ab0000, 0x00000007a8000000)
 concurrent mark-sweep generation total 393216K, used 76785K [0x00000007a8000000, 0x00000007c0000000, 0x00000007c0000000)
 Metaspace       used 28941K, capacity 29228K, committed 29512K, reserved 1075200K
  class space    used 3275K, capacity 3353K, committed 3400K, reserved 1048576K
}
2016-06-08T16:08:43.793-0530: 1375.405: Total time for which application threads were stopped: 0.0069807 seconds
2016-06-08T16:08:44.012-0530: 1375.625: Total time for which application threads were stopped: 0.0000907 seconds
2016-06-08T16:08:44.013-0530: 1375.625: Total time for which application threads were stopped: 0.0000589 seconds
2016-06-08T16:08:44.015-0530: 1375.627: Total time for which application threads were stopped: 0.0000870 seconds
2016-06-08T16:08:44.016-0530: 1375.628: Total time for which application threads were stopped: 0.0001809 seconds
2016-06-08T16:08:44.029-0530: 1375.641: Total time for which application threads were stopped: 0.0001163 seconds
2016-06-08T16:08:44.033-0530: 1375.645: Total time for which application threads were stopped: 0.0000926 seconds
2016-06-08T16:08:44.035-0530: 1375.648: Total time for which application threads were stopped: 0.0001117 seconds
2016-06-08T16:08:44.036-0530: 1375.649: Total time for which application threads were stopped: 0.0001443 seconds
2016-06-08T16:08:44.036-0530: 1375.649: Total time for which application threads were stopped: 0.0000913 seconds
2016-06-08T16:08:44.037-0530: 1375.649: Total time for which application threads were stopped: 0.0000833 seconds
2016-06-08T16:08:44.115-0530: 1375.727: Total time for which application threads were stopped: 0.0001161 seconds
2016-06-08T16:08:44.129-0530: 1375.741: Total time for which application threads were stopped: 0.0001001 seconds
2016-06-08T16:08:44.134-0530: 1375.746: Total time for which application threads were stopped: 0.0000993 seconds
2016-06-08T16:08:44.145-0530: 1375.757: Total time for which application threads were stopped: 0.0001043 seconds
2016-06-08T16:08:44.263-0530: 1375.875: Total time for which application threads were stopped: 0.0000983 seconds
2016-06-08T16:08:44.264-0530: 1375.876: Total time for which application threads were stopped: 0.0000505 seconds
2016-06-08T16:08:44.264-0530: 1375.877: Total time for which application threads were stopped: 0.0000830 seconds
2016-06-08T16:08:44.265-0530: 1375.877: Total time for which application threads were stopped: 0.0000550 seconds
2016-06-08T16:08:44.265-0530: 1375.878: Total time for which application threads were stopped: 0.0000814 seconds
2016-06-08T16:08:44.266-0530: 1375.878: Total time for which application threads were stopped: 0.0000410 seconds
2016-06-08T16:08:44.267-0530: 1375.880: Total time for which application threads were stopped: 0.0000941 seconds
2016-06-08T16:08:44.268-0530: 1375.880: Total time for which application threads were stopped: 0.0001144 seconds
{Heap before GC invocations=190 (full 4):
 par new generation   total 109248K, used 109248K [0x00000007a0000000, 0x00000007a8000000, 0x00000007a8000000)
  eden space 87424K, 100% used [0x00000007a0000000, 0x00000007a5560000, 0x00000007a5560000)
  from space 21824K, 100% used [0x00000007a5560000, 0x00000007a6ab0000, 0x00000007a6ab0000)
  to   space 21824K,   0% used [0x00000007a6ab0000, 0x00000007a6ab0000, 0x00000007a8000000)
 concurrent mark-sweep generation total 393216K, used 76785K [0x00000007a8000000, 0x00000007c0000000, 0x00000007c0000000)
 Metaspace       used 28941K, capacity 29228K, committed 29512K, reserved 1075200K
  class space    used 3275K, capacity 3353K, committed 3400K, reserved 1048576K
2016-06-08T16:08:44.446-0530: 1376.059: [GC (Allocation Failure) 1376.059: [ParNew
Desired survivor size 20112992 bytes, new threshold 8 (max 8)
- age   1:    2316048 bytes,    2316048 total
- age   2:    2948632 bytes,    5264680 total
- age   3:    2568104 bytes,    7832784 total
- age   4:    2400632 bytes,   10233416 total
- age   5:    1759496 bytes,   11992912 total
- age   6:      21840 bytes,   12014752 total
- age   7:    2866840 bytes,   14881592 total
- age   8:    1347232 bytes,   16228824 total
: 109248K->21824K(109248K), 0.0059543 secs] 186033K->99784K(502464K), 0.0060346 secs] [Times: user=0.02 sys=0.00, real=0.01 secs] 
Heap after GC invocations=191 (full 4):
 par new generation   total 109248K, used 21824K [0x00000007a0000000, 0x00000007a8000000, 0x00000007a8000000)
  eden space 87424K,   0% used [0x00000007a0000000, 0x00000007a0000000, 0x00000007a5560000)
  from space 21824K, 100% used [0x00000007a6ab0000, 0x00000007a8000000, 0x00000007a8000000)
  to   space 21824K,   0% used [0x00000007a5560000, 0x00000007a5560000, 0x00000007a6ab0000)
 concurrent mark-sweep generation total 393216K, used 77960K [0x00000007a8000000, 0x00000007c0000000, 0x00000007c0000000)
 Metaspace       used 28941K, capacity 29228K, committed 29512K, reserved 1075200K
  class space    used 3275K, capacity 3353K, committed 3400K, reserved 1048576K
}
2016-06-08T16:08:44.453-0530: 1376.065: Total time for which application threads were stopped: 0.0062221 seconds
{Heap before GC invocations=191 (full 4):
 par new generation   total 109248K, used 109248K [0x00000007a0000000, 0x00000007a8000000, 0x00000007a8000000)
  eden space 87424K, 100% used [0x00000007a0000000, 0x00000007a5560000, 0x00000007a5560000)
  from space 21824K, 100% used [0x00000007a6ab0000, 0x00000007a8000000, 0x00000007a8000000)
  to   space 21824K,   0% used [0x00000007a5560000, 0x00000007a5560000, 0x00000007a6ab0000)
 concurrent mark-sweep generation total 393216K, used 77960K [0x00000007a8000000, 0x00000007c0000000, 0x00000007c0000000)
 Metaspace       used 28941K, capacity 29228K, committed 29512K, reserved 1075200K
  class space    used 3275K, capacity 3353K, committed 3400K, reserved 1048576K
2016-06-08T16:08:49.553-0530: 1381.165: [GC (Allocation Failure) 1381.165: [ParNew
Desired survivor size 20112992 bytes, new threshold 8 (max 8)
- age   1:    1152552 bytes,    1152552 total
- age   2:    2000800 bytes,    3153352 total
- age   3:    2947488 bytes,    6100840 total
- age   4:    2568072 bytes,    8668912 total
- age   5:    2400520 bytes,   11069432 total
- age   6:    1759456 bytes,   12828888 total
- age   7:      21840 bytes,   12850728 total
- age   8:    2866688 bytes,   15717416 total
: 109248K->19963K(109248K), 0.0069853 secs] 187208K->99240K(502464K), 0.0070528 secs] [Times: user=0.02 sys=0.00, real=0.01 secs] 
Heap after GC invocations=192 (full 4):
 par new generation   total 109248K, used 19963K [0x00000007a0000000, 0x00000007a8000000, 0x00000007a8000000)
  eden space 87424K,   0% used [0x00000007a0000000, 0x00000007a0000000, 0x00000007a5560000)
  from space 21824K,  91% used [0x00000007a5560000, 0x00000007a68def00, 0x00000007a6ab0000)
  to   space 21824K,   0% used [0x00000007a6ab0000, 0x00000007a6ab0000, 0x00000007a8000000)
 concurrent mark-sweep generation total 393216K, used 79276K [0x00000007a8000000, 0x00000007c0000000, 0x00000007c0000000)
 Metaspace       used 28941K, capacity 29228K, committed 29512K, reserved 1075200K
  class space    used 3275K, capacity 3353K, committed 3400K, reserved 1048576K
}
2016-06-08T16:08:49.560-0530: 1381.172: Total time for which application threads were stopped: 0.0072729 seconds
{Heap before GC invocations=192 (full 4):
 par new generation   total 109248K, used 107386K [0x00000007a0000000, 0x00000007a8000000, 0x00000007a8000000)
  eden space 87424K,  99% used [0x00000007a0000000, 0x00000007a555fb30, 0x00000007a5560000)
  from space 21824K,  91% used [0x00000007a5560000, 0x00000007a68def00, 0x00000007a6ab0000)
  to   space 21824K,   0% used [0x00000007a6ab0000, 0x00000007a6ab0000, 0x00000007a8000000)
 concurrent mark-sweep generation total 393216K, used 79276K [0x00000007a8000000, 0x00000007c0000000, 0x00000007c0000000)
 Metaspace       used 28943K, capacity 29228K, committed 29512K, reserved 1075200K
  class space    used 3275K, capacity 3353K, committed 3400K, reserved 1048576K
2016-06-08T16:08:50.172-0530: 1381.785: [GC (Allocation Failure) 1381.785: [ParNew
Desired survivor size 20112992 bytes, new threshold 8 (max 8)
- age   1:    5692392 bytes,    5692392 total
- age   2:     846328 bytes,    6538720 total
- age   3:    2000312 bytes,    8539032 total
- age   4:    2947488 bytes,   11486520 total
- age   5:    2501160 bytes,   13987680 total
- age   6:    2400520 bytes,   16388200 total
- age   7:    1759456 bytes,   18147656 total
- age   8:      21840 bytes,   18169496 total
: 107386K->21824K(109248K), 0.0087040 secs] 186663K->104354K(502464K), 0.0088422 secs] [Times: user=0.03 sys=0.00, real=0.01 secs] 
Heap after GC invocations=193 (full 4):
 par new generation   total 109248K, used 21824K [0x00000007a0000000, 0x00000007a8000000, 0x00000007a8000000)
  eden space 87424K,   0% used [0x00000007a0000000, 0x00000007a0000000, 0x00000007a5560000)
  from space 21824K, 100% used [0x00000007a6ab0000, 0x00000007a8000000, 0x00000007a8000000)
  to   space 21824K,   0% used [0x00000007a5560000, 0x00000007a5560000, 0x00000007a6ab0000)
 concurrent mark-sweep generation total 393216K, used 82530K [0x00000007a8000000, 0x00000007c0000000, 0x00000007c0000000)
 Metaspace       used 28943K, capacity 29228K, committed 29512K, reserved 1075200K
  class space    used 3275K, capacity 3353K, committed 3400K, reserved 1048576K
}
2016-06-08T16:08:50.181-0530: 1381.794: Total time for which application threads were stopped: 0.0090801 seconds
2016-06-08T16:08:50.206-0530: 1381.819: Total time for which application threads were stopped: 0.0001120 seconds
2016-06-08T16:08:50.208-0530: 1381.820: Total time for which application threads were stopped: 0.0001650 seconds
2016-06-08T16:08:50.208-0530: 1381.820: Total time for which application threads were stopped: 0.0000966 seconds
2016-06-08T16:08:50.208-0530: 1381.821: Total time for which application threads were stopped: 0.0001342 seconds
2016-06-08T16:08:56.222-0530: 1387.834: Total time for which application threads were stopped: 0.0002179 seconds
{Heap before GC invocations=193 (full 4):
 par new generation   total 109248K, used 109248K [0x00000007a0000000, 0x00000007a8000000, 0x00000007a8000000)
  eden space 87424K, 100% used [0x00000007a0000000, 0x00000007a5560000, 0x00000007a5560000)
  from space 21824K, 100% used [0x00000007a6ab0000, 0x00000007a8000000, 0x00000007a8000000)
  to   space 21824K,   0% used [0x00000007a5560000, 0x00000007a5560000, 0x00000007a6ab0000)
 concurrent mark-sweep generation total 393216K, used 82530K [0x00000007a8000000, 0x00000007c0000000, 0x00000007c0000000)
 Metaspace       used 28944K, capacity 29228K, committed 29512K, reserved 1075200K
  class space    used 3275K, capacity 3353K, committed 3400K, reserved 1048576K
2016-06-08T16:08:56.266-0530: 1387.878: [GC (Allocation Failure) 1387.878: [ParNew
Desired survivor size 20112992 bytes, new threshold 8 (max 8)
- age   1:    6274904 bytes,    6274904 total
- age   2:    2480520 bytes,    8755424 total
- age   3:     284672 bytes,    9040096 total
- age   4:       8832 bytes,    9048928 total
- age   5:       4832 bytes,    9053760 total
- age   6:     771864 bytes,    9825624 total
- age   7:    2400520 bytes,   12226144 total
- age   8:    1750424 bytes,   13976568 total
: 109248K->21824K(109248K), 0.0046782 secs] 191778K->104376K(502464K), 0.0047510 secs] [Times: user=0.01 sys=0.00, real=0.01 secs] 
Heap after GC invocations=194 (full 4):
 par new generation   total 109248K, used 21824K [0x00000007a0000000, 0x00000007a8000000, 0x00000007a8000000)
  eden space 87424K,   0% used [0x00000007a0000000, 0x00000007a0000000, 0x00000007a5560000)
  from space 21824K, 100% used [0x00000007a5560000, 0x00000007a6ab0000, 0x00000007a6ab0000)
  to   space 21824K,   0% used [0x00000007a6ab0000, 0x00000007a6ab0000, 0x00000007a8000000)
 concurrent mark-sweep generation total 393216K, used 82552K [0x00000007a8000000, 0x00000007c0000000, 0x00000007c0000000)
 Metaspace       used 28944K, capacity 29228K, committed 29512K, reserved 1075200K
  class space    used 3275K, capacity 3353K, committed 3400K, reserved 1048576K
}
2016-06-08T16:08:56.270-0530: 1387.883: Total time for which application threads were stopped: 0.0049388 seconds
2016-06-08T16:08:56.316-0530: 1387.928: Total time for which application threads were stopped: 0.0001123 seconds
2016-06-08T16:08:56.316-0530: 1387.928: Total time for which application threads were stopped: 0.0000417 seconds
2016-06-08T16:08:56.316-0530: 1387.929: Total time for which application threads were stopped: 0.0001314 seconds
2016-06-08T16:08:56.316-0530: 1387.929: Total time for which application threads were stopped: 0.0000696 seconds
2016-06-08T16:08:56.317-0530: 1387.929: Total time for which application threads were stopped: 0.0001491 seconds
2016-06-08T16:08:56.317-0530: 1387.929: Total time for which application threads were stopped: 0.0000412 seconds
2016-06-08T16:08:56.336-0530: 1387.949: Total time for which application threads were stopped: 0.0000918 seconds
2016-06-08T16:08:56.337-0530: 1387.949: Total time for which application threads were stopped: 0.0000428 seconds
2016-06-08T16:08:56.337-0530: 1387.950: Total time for which application threads were stopped: 0.0000905 seconds
2016-06-08T16:08:56.337-0530: 1387.950: Total time for which application threads were stopped: 0.0000713 seconds
2016-06-08T16:08:56.338-0530: 1387.950: Total time for which application threads were stopped: 0.0000655 seconds
{Heap before GC invocations=194 (full 4):
 par new generation   total 109248K, used 109248K [0x00000007a0000000, 0x00000007a8000000, 0x00000007a8000000)
  eden space 87424K, 100% used [0x00000007a0000000, 0x00000007a5560000, 0x00000007a5560000)
  from space 21824K, 100% used [0x00000007a5560000, 0x00000007a6ab0000, 0x00000007a6ab0000)
  to   space 21824K,   0% used [0x00000007a6ab0000, 0x00000007a6ab0000, 0x00000007a8000000)
 concurrent mark-sweep generation total 393216K, used 82552K [0x00000007a8000000, 0x00000007c0000000, 0x00000007c0000000)
 Metaspace       used 28947K, capacity 29228K, committed 29512K, reserved 1075200K
  class space    used 3275K, capacity 3353K, committed 3400K, reserved 1048576K
2016-06-08T16:09:02.150-0530: 1393.763: [GC (Allocation Failure) 1393.763: [ParNew
Desired survivor size 20112992 bytes, new threshold 8 (max 8)
- age   1:    6175736 bytes,    6175736 total
- age   2:    2409848 bytes,    8585584 total
- age   3:    2480400 bytes,   11065984 total
- age   4:     284640 bytes,   11350624 total
- age   5:       7136 bytes,   11357760 total
- age   6:       4760 bytes,   11362520 total
- age   7:     771792 bytes,   12134312 total
- age   8:    2400296 bytes,   14534608 total
: 109248K->16305K(109248K), 0.0056862 secs] 191800K->100568K(502464K), 0.0057801 secs] [Times: user=0.02 sys=0.00, real=0.00 secs] 
Heap after GC invocations=195 (full 4):
 par new generation   total 109248K, used 16305K [0x00000007a0000000, 0x00000007a8000000, 0x00000007a8000000)
  eden space 87424K,   0% used [0x00000007a0000000, 0x00000007a0000000, 0x00000007a5560000)
  from space 21824K,  74% used [0x00000007a6ab0000, 0x00000007a7a9c5e0, 0x00000007a8000000)
  to   space 21824K,   0% used [0x00000007a5560000, 0x00000007a5560000, 0x00000007a6ab0000)
 concurrent mark-sweep generation total 393216K, used 84262K [0x00000007a8000000, 0x00000007c0000000, 0x00000007c0000000)
 Metaspace       used 28947K, capacity 29228K, committed 29512K, reserved 1075200K
  class space    used 3275K, capacity 3353K, committed 3400K, reserved 1048576K
}
2016-06-08T16:09:02.156-0530: 1393.769: Total time for which application threads were stopped: 0.0060259 seconds
2016-06-08T16:09:02.309-0530: 1393.922: Total time for which application threads were stopped: 0.0001125 seconds
2016-06-08T16:09:02.310-0530: 1393.923: Total time for which application threads were stopped: 0.0000672 seconds
2016-06-08T16:09:02.331-0530: 1393.943: Total time for which application threads were stopped: 0.0001136 seconds
2016-06-08T16:09:02.331-0530: 1393.944: Total time for which application threads were stopped: 0.0000752 seconds
2016-06-08T16:09:02.331-0530: 1393.944: Total time for which application threads were stopped: 0.0000483 seconds
2016-06-08T16:09:07.339-0530: 1398.952: Total time for which application threads were stopped: 0.0001408 seconds
{Heap before GC invocations=195 (full 4):
 par new generation   total 109248K, used 103729K [0x00000007a0000000, 0x00000007a8000000, 0x00000007a8000000)
  eden space 87424K, 100% used [0x00000007a0000000, 0x00000007a5560000, 0x00000007a5560000)
  from space 21824K,  74% used [0x00000007a6ab0000, 0x00000007a7a9c5e0, 0x00000007a8000000)
  to   space 21824K,   0% used [0x00000007a5560000, 0x00000007a5560000, 0x00000007a6ab0000)
 concurrent mark-sweep generation total 393216K, used 84262K [0x00000007a8000000, 0x00000007c0000000, 0x00000007c0000000)
 Metaspace       used 28957K, capacity 29228K, committed 29512K, reserved 1075200K
  class space    used 3275K, capacity 3353K, committed 3400K, reserved 1048576K
2016-06-08T16:09:07.614-0530: 1399.227: [GC (Allocation Failure) 1399.227: [ParNew
Desired survivor size 20112992 bytes, new threshold 8 (max 8)
- age   1:    5786800 bytes,    5786800 total
- age   2:    2790872 bytes,    8577672 total
- age   3:    2407704 bytes,   10985376 total
- age   4:    2480400 bytes,   13465776 total
- age   5:     217656 bytes,   13683432 total
- age   6:       7136 bytes,   13690568 total
- age   7:       4760 bytes,   13695328 total
- age   8:     771560 bytes,   14466888 total
: 103729K->21800K(109248K), 0.0065901 secs] 187992K->108407K(502464K), 0.0066824 secs] [Times: user=0.02 sys=0.00, real=0.01 secs] 
Heap after GC invocations=196 (full 4):
 par new generation   total 109248K, used 21800K [0x00000007a0000000, 0x00000007a8000000, 0x00000007a8000000)
  eden space 87424K,   0% used [0x00000007a0000000, 0x00000007a0000000, 0x00000007a5560000)
  from space 21824K,  99% used [0x00000007a5560000, 0x00000007a6aaa088, 0x00000007a6ab0000)
  to   space 21824K,   0% used [0x00000007a6ab0000, 0x00000007a6ab0000, 0x00000007a8000000)
 concurrent mark-sweep generation total 393216K, used 86606K [0x00000007a8000000, 0x00000007c0000000, 0x00000007c0000000)
 Metaspace       used 28957K, capacity 29228K, committed 29512K, reserved 1075200K
  class space    used 3275K, capacity 3353K, committed 3400K, reserved 1048576K
}
2016-06-08T16:09:07.620-0530: 1399.233: Total time for which application threads were stopped: 0.0068749 seconds
2016-06-08T16:09:08.624-0530: 1400.236: Total time for which application threads were stopped: 0.0001297 seconds
2016-06-08T16:09:13.639-0530: 1405.252: Total time for which application threads were stopped: 0.0001988 seconds
{Heap before GC invocations=196 (full 4):
 par new generation   total 109248K, used 109224K [0x00000007a0000000, 0x00000007a8000000, 0x00000007a8000000)
  eden space 87424K, 100% used [0x00000007a0000000, 0x00000007a5560000, 0x00000007a5560000)
  from space 21824K,  99% used [0x00000007a5560000, 0x00000007a6aaa088, 0x00000007a6ab0000)
  to   space 21824K,   0% used [0x00000007a6ab0000, 0x00000007a6ab0000, 0x00000007a8000000)
 concurrent mark-sweep generation total 393216K, used 86606K [0x00000007a8000000, 0x00000007c0000000, 0x00000007c0000000)
 Metaspace       used 28980K, capacity 29292K, committed 29512K, reserved 1075200K
  class space    used 3275K, capacity 3353K, committed 3400K, reserved 1048576K
2016-06-08T16:09:13.646-0530: 1405.259: [GC (Allocation Failure) 1405.259: [ParNew
Desired survivor size 20112992 bytes, new threshold 8 (max 8)
- age   1:    5509784 bytes,    5509784 total
- age   2:    2950264 bytes,    8460048 total
- age   3:    2788872 bytes,   11248920 total
- age   4:    2340720 bytes,   13589640 total
- age   5:    2480400 bytes,   16070040 total
- age   6:     217656 bytes,   16287696 total
- age   7:       6944 bytes,   16294640 total
- age   8:       4536 bytes,   16299176 total
: 109224K->18277K(109248K), 0.0063837 secs] 195831K->105638K(502464K), 0.0064428 secs] [Times: user=0.02 sys=0.00, real=0.01 secs] 
Heap after GC invocations=197 (full 4):
 par new generation   total 109248K, used 18277K [0x00000007a0000000, 0x00000007a8000000, 0x00000007a8000000)
  eden space 87424K,   0% used [0x00000007a0000000, 0x00000007a0000000, 0x00000007a5560000)
  from space 21824K,  83% used [0x00000007a6ab0000, 0x00000007a7c894c0, 0x00000007a8000000)
  to   space 21824K,   0% used [0x00000007a5560000, 0x00000007a5560000, 0x00000007a6ab0000)
 concurrent mark-sweep generation total 393216K, used 87361K [0x00000007a8000000, 0x00000007c0000000, 0x00000007c0000000)
 Metaspace       used 28980K, capacity 29292K, committed 29512K, reserved 1075200K
  class space    used 3275K, capacity 3353K, committed 3400K, reserved 1048576K
}
2016-06-08T16:09:13.653-0530: 1405.266: Total time for which application threads were stopped: 0.0066240 seconds
2016-06-08T16:09:13.985-0530: 1405.598: Total time for which application threads were stopped: 0.0000825 seconds
2016-06-08T16:09:13.985-0530: 1405.599: Total time for which application threads were stopped: 0.0000417 seconds
2016-06-08T16:09:13.986-0530: 1405.599: Total time for which application threads were stopped: 0.0000548 seconds
2016-06-08T16:09:13.986-0530: 1405.599: Total time for which application threads were stopped: 0.0000435 seconds
2016-06-08T16:09:14.021-0530: 1405.634: Total time for which application threads were stopped: 0.0001074 seconds
2016-06-08T16:09:14.021-0530: 1405.634: Total time for which application threads were stopped: 0.0000661 seconds
2016-06-08T16:09:14.021-0530: 1405.634: Total time for which application threads were stopped: 0.0000621 seconds
2016-06-08T16:09:14.022-0530: 1405.635: Total time for which application threads were stopped: 0.0000903 seconds
2016-06-08T16:09:14.022-0530: 1405.636: Total time for which application threads were stopped: 0.0000770 seconds
2016-06-08T16:09:14.023-0530: 1405.636: Total time for which application threads were stopped: 0.0001396 seconds
2016-06-08T16:09:15.028-0530: 1406.641: Total time for which application threads were stopped: 0.0001280 seconds
{Heap before GC invocations=197 (full 4):
 par new generation   total 109248K, used 105690K [0x00000007a0000000, 0x00000007a8000000, 0x00000007a8000000)
  eden space 87424K,  99% used [0x00000007a0000000, 0x00000007a555d598, 0x00000007a5560000)
  from space 21824K,  83% used [0x00000007a6ab0000, 0x00000007a7c894c0, 0x00000007a8000000)
  to   space 21824K,   0% used [0x00000007a5560000, 0x00000007a5560000, 0x00000007a6ab0000)
 concurrent mark-sweep generation total 393216K, used 87361K [0x00000007a8000000, 0x00000007c0000000, 0x00000007c0000000)
 Metaspace       used 29025K, capacity 29292K, committed 29512K, reserved 1075200K
  class space    used 3275K, capacity 3353K, committed 3400K, reserved 1048576K
2016-06-08T16:09:19.530-0530: 1411.143: [GC (Allocation Failure) 1411.143: [ParNew
Desired survivor size 20112992 bytes, new threshold 8 (max 8)
- age   1:    4786440 bytes,    4786440 total
- age   2:    2848520 bytes,    7634960 total
- age   3:    2948184 bytes,   10583144 total
- age   4:    2721888 bytes,   13305032 total
- age   5:    2340688 bytes,   15645720 total
- age   6:    2480400 bytes,   18126120 total
- age   7:     217656 bytes,   18343776 total
- age   8:       6792 bytes,   18350568 total
: 105690K->20399K(109248K), 0.0069355 secs] 193052K->107765K(502464K), 0.0070214 secs] [Times: user=0.02 sys=0.01, real=0.00 secs] 
Heap after GC invocations=198 (full 4):
 par new generation   total 109248K, used 20399K [0x00000007a0000000, 0x00000007a8000000, 0x00000007a8000000)
  eden space 87424K,   0% used [0x00000007a0000000, 0x00000007a0000000, 0x00000007a5560000)
  from space 21824K,  93% used [0x00000007a5560000, 0x00000007a694bcd0, 0x00000007a6ab0000)
  to   space 21824K,   0% used [0x00000007a6ab0000, 0x00000007a6ab0000, 0x00000007a8000000)
 concurrent mark-sweep generation total 393216K, used 87366K [0x00000007a8000000, 0x00000007c0000000, 0x00000007c0000000)
 Metaspace       used 29025K, capacity 29292K, committed 29512K, reserved 1075200K
  class space    used 3275K, capacity 3353K, committed 3400K, reserved 1048576K
}
2016-06-08T16:09:19.537-0530: 1411.150: Total time for which application threads were stopped: 0.0072285 seconds
2016-06-08T16:09:19.986-0530: 1411.599: Total time for which application threads were stopped: 0.0001488 seconds
2016-06-08T16:09:19.986-0530: 1411.600: Total time for which application threads were stopped: 0.0001249 seconds
2016-06-08T16:09:19.987-0530: 1411.600: Total time for which application threads were stopped: 0.0000668 seconds
2016-06-08T16:09:20.021-0530: 1411.634: Total time for which application threads were stopped: 0.0001919 seconds
2016-06-08T16:09:20.021-0530: 1411.635: Total time for which application threads were stopped: 0.0000687 seconds
2016-06-08T16:09:20.022-0530: 1411.635: Total time for which application threads were stopped: 0.0000761 seconds
2016-06-08T16:09:20.022-0530: 1411.635: Total time for which application threads were stopped: 0.0001086 seconds
2016-06-08T16:09:21.024-0530: 1412.638: Total time for which application threads were stopped: 0.0000842 seconds
{Heap before GC invocations=198 (full 4):
 par new generation   total 109248K, used 107802K [0x00000007a0000000, 0x00000007a8000000, 0x00000007a8000000)
  eden space 87424K,  99% used [0x00000007a0000000, 0x00000007a555aba8, 0x00000007a5560000)
  from space 21824K,  93% used [0x00000007a5560000, 0x00000007a694bcd0, 0x00000007a6ab0000)
  to   space 21824K,   0% used [0x00000007a6ab0000, 0x00000007a6ab0000, 0x00000007a8000000)
 concurrent mark-sweep generation total 393216K, used 87366K [0x00000007a8000000, 0x00000007c0000000, 0x00000007c0000000)
 Metaspace       used 29025K, capacity 29292K, committed 29512K, reserved 1075200K
  class space    used 3275K, capacity 3353K, committed 3400K, reserved 1048576K
2016-06-08T16:09:25.467-0530: 1417.081: [GC (Allocation Failure) 1417.081: [ParNew
Desired survivor size 20112992 bytes, new threshold 8 (max 8)
- age   1:    3878640 bytes,    3878640 total
- age   2:    3070800 bytes,    6949440 total
- age   3:    2846328 bytes,    9795768 total
- age   4:    2624320 bytes,   12420088 total
- age   5:    2519936 bytes,   14940024 total
- age   6:    2340344 bytes,   17280368 total
- age   7:    2480400 bytes,   19760768 total
- age   8:     217656 bytes,   19978424 total
: 107802K->21824K(109248K), 0.0068769 secs] 195168K->109645K(502464K), 0.0069487 secs] [Times: user=0.02 sys=0.00, real=0.01 secs] 
Heap after GC invocations=199 (full 4):
 par new generation   total 109248K, used 21824K [0x00000007a0000000, 0x00000007a8000000, 0x00000007a8000000)
  eden space 87424K,   0% used [0x00000007a0000000, 0x00000007a0000000, 0x00000007a5560000)
  from space 21824K, 100% used [0x00000007a6ab0000, 0x00000007a8000000, 0x00000007a8000000)
  to   space 21824K,   0% used [0x00000007a5560000, 0x00000007a5560000, 0x00000007a6ab0000)
 concurrent mark-sweep generation total 393216K, used 87821K [0x00000007a8000000, 0x00000007c0000000, 0x00000007c0000000)
 Metaspace       used 29025K, capacity 29292K, committed 29512K, reserved 1075200K
  class space    used 3275K, capacity 3353K, committed 3400K, reserved 1048576K
}
2016-06-08T16:09:25.474-0530: 1417.088: Total time for which application threads were stopped: 0.0071373 seconds
{Heap before GC invocations=199 (full 4):
 par new generation   total 109248K, used 109248K [0x00000007a0000000, 0x00000007a8000000, 0x00000007a8000000)
  eden space 87424K, 100% used [0x00000007a0000000, 0x00000007a5560000, 0x00000007a5560000)
  from space 21824K, 100% used [0x00000007a6ab0000, 0x00000007a8000000, 0x00000007a8000000)
  to   space 21824K,   0% used [0x00000007a5560000, 0x00000007a5560000, 0x00000007a6ab0000)
 concurrent mark-sweep generation total 393216K, used 87821K [0x00000007a8000000, 0x00000007c0000000, 0x00000007c0000000)
 Metaspace       used 29025K, capacity 29292K, committed 29512K, reserved 1075200K
  class space    used 3275K, capacity 3353K, committed 3400K, reserved 1048576K
2016-06-08T16:09:26.001-0530: 1417.614: [GC (Allocation Failure) 1417.614: [ParNew
Desired survivor size 20112992 bytes, new threshold 8 (max 8)
- age   1:    5865520 bytes,    5865520 total
- age   2:    3494520 bytes,    9360040 total
- age   3:    2196264 bytes,   11556304 total
- age   4:    2507016 bytes,   14063320 total
- age   5:    1740184 bytes,   15803504 total
- age   6:    1714064 bytes,   17517568 total
- age   7:    2203976 bytes,   19721544 total
- age   8:    2480400 bytes,   22201944 total
: 109248K->21824K(109248K), 0.0092560 secs] 197069K->113168K(502464K), 0.0093177 secs] [Times: user=0.02 sys=0.01, real=0.01 secs] 
Heap after GC invocations=200 (full 4):
 par new generation   total 109248K, used 21824K [0x00000007a0000000, 0x00000007a8000000, 0x00000007a8000000)
  eden space 87424K,   0% used [0x00000007a0000000, 0x00000007a0000000, 0x00000007a5560000)
  from space 21824K, 100% used [0x00000007a5560000, 0x00000007a6ab0000, 0x00000007a6ab0000)
  to   space 21824K,   0% used [0x00000007a6ab0000, 0x00000007a6ab0000, 0x00000007a8000000)
 concurrent mark-sweep generation total 393216K, used 91344K [0x00000007a8000000, 0x00000007c0000000, 0x00000007c0000000)
 Metaspace       used 29025K, capacity 29292K, committed 29512K, reserved 1075200K
  class space    used 3275K, capacity 3353K, committed 3400K, reserved 1048576K
}
2016-06-08T16:09:26.010-0530: 1417.624: Total time for which application threads were stopped: 0.0095347 seconds
2016-06-08T16:09:26.019-0530: 1417.633: Total time for which application threads were stopped: 0.0000863 seconds
2016-06-08T16:09:26.020-0530: 1417.634: Total time for which application threads were stopped: 0.0001278 seconds
2016-06-08T16:09:26.054-0530: 1417.667: Total time for which application threads were stopped: 0.0002292 seconds
2016-06-08T16:09:26.054-0530: 1417.667: Total time for which application threads were stopped: 0.0000736 seconds
2016-06-08T16:09:26.055-0530: 1417.668: Total time for which application threads were stopped: 0.0001408 seconds
2016-06-08T16:09:26.055-0530: 1417.668: Total time for which application threads were stopped: 0.0000635 seconds
2016-06-08T16:09:26.055-0530: 1417.669: Total time for which application threads were stopped: 0.0000839 seconds
{Heap before GC invocations=200 (full 4):
 par new generation   total 109248K, used 109236K [0x00000007a0000000, 0x00000007a8000000, 0x00000007a8000000)
  eden space 87424K,  99% used [0x00000007a0000000, 0x00000007a555d180, 0x00000007a5560000)
  from space 21824K, 100% used [0x00000007a5560000, 0x00000007a6ab0000, 0x00000007a6ab0000)
  to   space 21824K,   0% used [0x00000007a6ab0000, 0x00000007a6ab0000, 0x00000007a8000000)
 concurrent mark-sweep generation total 393216K, used 91344K [0x00000007a8000000, 0x00000007c0000000, 0x00000007c0000000)
 Metaspace       used 29025K, capacity 29292K, committed 29512K, reserved 1075200K
  class space    used 3275K, capacity 3353K, committed 3400K, reserved 1048576K
2016-06-08T16:09:32.811-0530: 1424.425: [GC (Allocation Failure) 1424.425: [ParNew
Desired survivor size 20112992 bytes, new threshold 8 (max 8)
- age   1:    4775640 bytes,    4775640 total
- age   2:    2464920 bytes,    7240560 total
- age   3:    2769912 bytes,   10010472 total
- age   4:    1801696 bytes,   11812168 total
- age   5:    1986544 bytes,   13798712 total
- age   6:    1739960 bytes,   15538672 total
- age   7:    1713768 bytes,   17252440 total
- age   8:    2199328 bytes,   19451768 total
: 109236K->21824K(109248K), 0.0069199 secs] 200580K->118074K(502464K), 0.0069783 secs] [Times: user=0.02 sys=0.01, real=0.00 secs] 
Heap after GC invocations=201 (full 4):
 par new generation   total 109248K, used 21824K [0x00000007a0000000, 0x00000007a8000000, 0x00000007a8000000)
  eden space 87424K,   0% used [0x00000007a0000000, 0x00000007a0000000, 0x00000007a5560000)
  from space 21824K, 100% used [0x00000007a6ab0000, 0x00000007a8000000, 0x00000007a8000000)
  to   space 21824K,   0% used [0x00000007a5560000, 0x00000007a5560000, 0x00000007a6ab0000)
 concurrent mark-sweep generation total 393216K, used 96250K [0x00000007a8000000, 0x00000007c0000000, 0x00000007c0000000)
 Metaspace       used 29025K, capacity 29292K, committed 29512K, reserved 1075200K
  class space    used 3275K, capacity 3353K, committed 3400K, reserved 1048576K
}
2016-06-08T16:09:32.818-0530: 1424.432: Total time for which application threads were stopped: 0.0071584 seconds
2016-06-08T16:09:32.870-0530: 1424.484: Total time for which application threads were stopped: 0.0001189 seconds
2016-06-08T16:09:32.871-0530: 1424.484: Total time for which application threads were stopped: 0.0000755 seconds
2016-06-08T16:09:32.894-0530: 1424.508: Total time for which application threads were stopped: 0.0001226 seconds
2016-06-08T16:09:32.894-0530: 1424.508: Total time for which application threads were stopped: 0.0000626 seconds
2016-06-08T16:09:32.894-0530: 1424.508: Total time for which application threads were stopped: 0.0000471 seconds
{Heap before GC invocations=201 (full 4):
 par new generation   total 109248K, used 109248K [0x00000007a0000000, 0x00000007a8000000, 0x00000007a8000000)
  eden space 87424K, 100% used [0x00000007a0000000, 0x00000007a5560000, 0x00000007a5560000)
  from space 21824K, 100% used [0x00000007a6ab0000, 0x00000007a8000000, 0x00000007a8000000)
  to   space 21824K,   0% used [0x00000007a5560000, 0x00000007a5560000, 0x00000007a6ab0000)
 concurrent mark-sweep generation total 393216K, used 96250K [0x00000007a8000000, 0x00000007c0000000, 0x00000007c0000000)
 Metaspace       used 29026K, capacity 29292K, committed 29512K, reserved 1075200K
  class space    used 3275K, capacity 3353K, committed 3400K, reserved 1048576K
2016-06-08T16:09:38.753-0530: 1430.367: [GC (Allocation Failure) 1430.367: [ParNew
Desired survivor size 20112992 bytes, new threshold 8 (max 8)
- age   1:    6070808 bytes,    6070808 total
- age   2:     910136 bytes,    6980944 total
- age   3:    2464872 bytes,    9445816 total
- age   4:    2768984 bytes,   12214800 total
- age   5:    1801192 bytes,   14015992 total
- age   6:    1986168 bytes,   16002160 total
- age   7:    1672448 bytes,   17674608 total
- age   8:     330904 bytes,   18005512 total
: 109248K->21824K(109248K), 0.0071026 secs] 205498K->121870K(502464K), 0.0071878 secs] [Times: user=0.02 sys=0.00, real=0.01 secs] 
Heap after GC invocations=202 (full 4):
 par new generation   total 109248K, used 21824K [0x00000007a0000000, 0x00000007a8000000, 0x00000007a8000000)
  eden space 87424K,   0% used [0x00000007a0000000, 0x00000007a0000000, 0x00000007a5560000)
  from space 21824K, 100% used [0x00000007a5560000, 0x00000007a6ab0000, 0x00000007a6ab0000)
  to   space 21824K,   0% used [0x00000007a6ab0000, 0x00000007a6ab0000, 0x00000007a8000000)
 concurrent mark-sweep generation total 393216K, used 100046K [0x00000007a8000000, 0x00000007c0000000, 0x00000007c0000000)
 Metaspace       used 29026K, capacity 29292K, committed 29512K, reserved 1075200K
  class space    used 3275K, capacity 3353K, committed 3400K, reserved 1048576K
}
2016-06-08T16:09:38.760-0530: 1430.374: Total time for which application threads were stopped: 0.0073839 seconds
2016-06-08T16:09:38.938-0530: 1430.552: Total time for which application threads were stopped: 0.0001163 seconds
2016-06-08T16:09:38.938-0530: 1430.552: Total time for which application threads were stopped: 0.0001474 seconds
2016-06-08T16:09:38.941-0530: 1430.554: Total time for which application threads were stopped: 0.0001456 seconds
2016-06-08T16:09:38.942-0530: 1430.555: Total time for which application threads were stopped: 0.0001212 seconds
2016-06-08T16:09:38.951-0530: 1430.565: Total time for which application threads were stopped: 0.0001813 seconds
2016-06-08T16:09:38.954-0530: 1430.568: Total time for which application threads were stopped: 0.0001003 seconds
2016-06-08T16:09:38.960-0530: 1430.574: Total time for which application threads were stopped: 0.0001008 seconds
2016-06-08T16:09:38.962-0530: 1430.576: Total time for which application threads were stopped: 0.0001180 seconds
2016-06-08T16:09:38.963-0530: 1430.576: Total time for which application threads were stopped: 0.0000940 seconds
2016-06-08T16:09:38.963-0530: 1430.577: Total time for which application threads were stopped: 0.0000913 seconds
2016-06-08T16:09:39.066-0530: 1430.680: Total time for which application threads were stopped: 0.0001242 seconds
2016-06-08T16:09:39.074-0530: 1430.688: Total time for which application threads were stopped: 0.0001141 seconds
2016-06-08T16:09:39.080-0530: 1430.693: Total time for which application threads were stopped: 0.0004207 seconds
2016-06-08T16:09:39.085-0530: 1430.699: Total time for which application threads were stopped: 0.0001012 seconds
2016-06-08T16:09:39.093-0530: 1430.706: Total time for which application threads were stopped: 0.0000988 seconds
2016-06-08T16:09:39.108-0530: 1430.722: Total time for which application threads were stopped: 0.0001575 seconds
2016-06-08T16:09:39.379-0530: 1430.993: Total time for which application threads were stopped: 0.0001138 seconds
2016-06-08T16:09:39.379-0530: 1430.993: Total time for which application threads were stopped: 0.0000803 seconds
2016-06-08T16:09:39.380-0530: 1430.994: Total time for which application threads were stopped: 0.0000791 seconds
2016-06-08T16:09:39.380-0530: 1430.994: Total time for which application threads were stopped: 0.0000678 seconds
2016-06-08T16:09:39.381-0530: 1430.995: Total time for which application threads were stopped: 0.0001440 seconds
2016-06-08T16:09:39.381-0530: 1430.995: Total time for which application threads were stopped: 0.0001518 seconds
{Heap before GC invocations=202 (full 4):
 par new generation   total 109248K, used 109248K [0x00000007a0000000, 0x00000007a8000000, 0x00000007a8000000)
  eden space 87424K, 100% used [0x00000007a0000000, 0x00000007a5560000, 0x00000007a5560000)
  from space 21824K, 100% used [0x00000007a5560000, 0x00000007a6ab0000, 0x00000007a6ab0000)
  to   space 21824K,   0% used [0x00000007a6ab0000, 0x00000007a6ab0000, 0x00000007a8000000)
 concurrent mark-sweep generation total 393216K, used 100046K [0x00000007a8000000, 0x00000007c0000000, 0x00000007c0000000)
 Metaspace       used 29027K, capacity 29292K, committed 29512K, reserved 1075200K
  class space    used 3275K, capacity 3353K, committed 3400K, reserved 1048576K
2016-06-08T16:09:39.595-0530: 1431.209: [GC (Allocation Failure) 1431.209: [ParNew
Desired survivor size 20112992 bytes, new threshold 8 (max 8)
- age   1:    2195160 bytes,    2195160 total
- age   2:    2751392 bytes,    4946552 total
- age   3:     909136 bytes,    5855688 total
- age   4:    2464872 bytes,    8320560 total
- age   5:    2702000 bytes,   11022560 total
- age   6:    1801040 bytes,   12823600 total
- age   7:    1986088 bytes,   14809688 total
- age   8:    1672344 bytes,   16482032 total
: 109248K->21824K(109248K), 0.0070355 secs] 209294K->122193K(502464K), 0.0070989 secs] [Times: user=0.01 sys=0.00, real=0.01 secs] 
Heap after GC invocations=203 (full 4):
 par new generation   total 109248K, used 21824K [0x00000007a0000000, 0x00000007a8000000, 0x00000007a8000000)
  eden space 87424K,   0% used [0x00000007a0000000, 0x00000007a0000000, 0x00000007a5560000)
  from space 21824K, 100% used [0x00000007a6ab0000, 0x00000007a8000000, 0x00000007a8000000)
  to   space 21824K,   0% used [0x00000007a5560000, 0x00000007a5560000, 0x00000007a6ab0000)
 concurrent mark-sweep generation total 393216K, used 100369K [0x00000007a8000000, 0x00000007c0000000, 0x00000007c0000000)
 Metaspace       used 29027K, capacity 29292K, committed 29512K, reserved 1075200K
  class space    used 3275K, capacity 3353K, committed 3400K, reserved 1048576K
}
2016-06-08T16:09:39.602-0530: 1431.216: Total time for which application threads were stopped: 0.0072922 seconds
{Heap before GC invocations=203 (full 4):
 par new generation   total 109248K, used 109248K [0x00000007a0000000, 0x00000007a8000000, 0x00000007a8000000)
  eden space 87424K, 100% used [0x00000007a0000000, 0x00000007a5560000, 0x00000007a5560000)
  from space 21824K, 100% used [0x00000007a6ab0000, 0x00000007a8000000, 0x00000007a8000000)
  to   space 21824K,   0% used [0x00000007a5560000, 0x00000007a5560000, 0x00000007a6ab0000)
 concurrent mark-sweep generation total 393216K, used 100369K [0x00000007a8000000, 0x00000007c0000000, 0x00000007c0000000)
 Metaspace       used 29028K, capacity 29292K, committed 29512K, reserved 1075200K
  class space    used 3275K, capacity 3353K, committed 3400K, reserved 1048576K
2016-06-08T16:09:44.816-0530: 1436.431: [GC (Allocation Failure) 1436.431: [ParNew
Desired survivor size 20112992 bytes, new threshold 8 (max 8)
- age   1:    1448376 bytes,    1448376 total
- age   2:    1877656 bytes,    3326032 total
- age   3:    2750256 bytes,    6076288 total
- age   4:     908960 bytes,    6985248 total
- age   5:    2464832 bytes,    9450080 total
- age   6:    2701848 bytes,   12151928 total
- age   7:    1800816 bytes,   13952744 total
- age   8:    1986088 bytes,   15938832 total
: 109248K->18464K(109248K), 0.0053838 secs] 209617K->120466K(502464K), 0.0054681 secs] [Times: user=0.02 sys=0.00, real=0.01 secs] 
Heap after GC invocations=204 (full 4):
 par new generation   total 109248K, used 18464K [0x00000007a0000000, 0x00000007a8000000, 0x00000007a8000000)
  eden space 87424K,   0% used [0x00000007a0000000, 0x00000007a0000000, 0x00000007a5560000)
  from space 21824K,  84% used [0x00000007a5560000, 0x00000007a6768058, 0x00000007a6ab0000)
  to   space 21824K,   0% used [0x00000007a6ab0000, 0x00000007a6ab0000, 0x00000007a8000000)
 concurrent mark-sweep generation total 393216K, used 102002K [0x00000007a8000000, 0x00000007c0000000, 0x00000007c0000000)
 Metaspace       used 29028K, capacity 29292K, committed 29512K, reserved 1075200K
  class space    used 3275K, capacity 3353K, committed 3400K, reserved 1048576K
}
2016-06-08T16:09:44.822-0530: 1436.436: Total time for which application threads were stopped: 0.0056549 seconds
2016-06-08T16:09:45.368-0530: 1436.982: Total time for which application threads were stopped: 0.0000952 seconds
2016-06-08T16:09:45.368-0530: 1436.983: Total time for which application threads were stopped: 0.0000795 seconds
2016-06-08T16:09:45.369-0530: 1436.983: Total time for which application threads were stopped: 0.0000593 seconds
2016-06-08T16:09:45.369-0530: 1436.983: Total time for which application threads were stopped: 0.0001242 seconds
{Heap before GC invocations=204 (full 4):
 par new generation   total 109248K, used 105888K [0x00000007a0000000, 0x00000007a8000000, 0x00000007a8000000)
  eden space 87424K, 100% used [0x00000007a0000000, 0x00000007a5560000, 0x00000007a5560000)
  from space 21824K,  84% used [0x00000007a5560000, 0x00000007a6768058, 0x00000007a6ab0000)
  to   space 21824K,   0% used [0x00000007a6ab0000, 0x00000007a6ab0000, 0x00000007a8000000)
 concurrent mark-sweep generation total 393216K, used 102002K [0x00000007a8000000, 0x00000007c0000000, 0x00000007c0000000)
 Metaspace       used 29028K, capacity 29292K, committed 29512K, reserved 1075200K
  class space    used 3275K, capacity 3353K, committed 3400K, reserved 1048576K
2016-06-08T16:10:02.187-0530: 1453.802: [GC (Allocation Failure) 1453.802: [ParNew
Desired survivor size 20112992 bytes, new threshold 8 (max 8)
- age   1:    3555032 bytes,    3555032 total
- age   2:     405336 bytes,    3960368 total
- age   3:       8512 bytes,    3968880 total
- age   4:    1207072 bytes,    5175952 total
- age   5:     831752 bytes,    6007704 total
- age   6:    2464832 bytes,    8472536 total
- age   7:    2691816 bytes,   11164352 total
- age   8:    1800816 bytes,   12965168 total
: 105888K->21824K(109248K), 0.0068428 secs] 207890K->125782K(502464K), 0.0069208 secs] [Times: user=0.02 sys=0.00, real=0.01 secs] 
Heap after GC invocations=205 (full 4):
 par new generation   total 109248K, used 21824K [0x00000007a0000000, 0x00000007a8000000, 0x00000007a8000000)
  eden space 87424K,   0% used [0x00000007a0000000, 0x00000007a0000000, 0x00000007a5560000)
  from space 21824K, 100% used [0x00000007a6ab0000, 0x00000007a8000000, 0x00000007a8000000)
  to   space 21824K,   0% used [0x00000007a5560000, 0x00000007a5560000, 0x00000007a6ab0000)
 concurrent mark-sweep generation total 393216K, used 103958K [0x00000007a8000000, 0x00000007c0000000, 0x00000007c0000000)
 Metaspace       used 29028K, capacity 29292K, committed 29512K, reserved 1075200K
  class space    used 3275K, capacity 3353K, committed 3400K, reserved 1048576K
}
2016-06-08T16:10:02.194-0530: 1453.809: Total time for which application threads were stopped: 0.0071449 seconds
{Heap before GC invocations=205 (full 4):
 par new generation   total 109248K, used 109248K [0x00000007a0000000, 0x00000007a8000000, 0x00000007a8000000)
  eden space 87424K, 100% used [0x00000007a0000000, 0x00000007a5560000, 0x00000007a5560000)
  from space 21824K, 100% used [0x00000007a6ab0000, 0x00000007a8000000, 0x00000007a8000000)
  to   space 21824K,   0% used [0x00000007a5560000, 0x00000007a5560000, 0x00000007a6ab0000)
 concurrent mark-sweep generation total 393216K, used 103958K [0x00000007a8000000, 0x00000007c0000000, 0x00000007c0000000)
 Metaspace       used 29028K, capacity 29292K, committed 29512K, reserved 1075200K
  class space    used 3275K, capacity 3353K, committed 3400K, reserved 1048576K
2016-06-08T16:10:02.798-0530: 1454.413: [GC (Allocation Failure) 1454.413: [ParNew
Desired survivor size 20112992 bytes, new threshold 8 (max 8)
- age   1:    6122680 bytes,    6122680 total
- age   2:    3279896 bytes,    9402576 total
- age   3:     405336 bytes,    9807912 total
- age   4:       8088 bytes,    9816000 total
- age   5:    1140160 bytes,   10956160 total
- age   6:     831752 bytes,   11787912 total
- age   7:    2464832 bytes,   14252744 total
- age   8:    2691816 bytes,   16944560 total
: 109248K->20229K(109248K), 0.0081760 secs] 213206K->125947K(502464K), 0.0082628 secs] [Times: user=0.02 sys=0.00, real=0.01 secs] 
Heap after GC invocations=206 (full 4):
 par new generation   total 109248K, used 20229K [0x00000007a0000000, 0x00000007a8000000, 0x00000007a8000000)
  eden space 87424K,   0% used [0x00000007a0000000, 0x00000007a0000000, 0x00000007a5560000)
  from space 21824K,  92% used [0x00000007a5560000, 0x00000007a6921700, 0x00000007a6ab0000)
  to   space 21824K,   0% used [0x00000007a6ab0000, 0x00000007a6ab0000, 0x00000007a8000000)
 concurrent mark-sweep generation total 393216K, used 105717K [0x00000007a8000000, 0x00000007c0000000, 0x00000007c0000000)
 Metaspace       used 29028K, capacity 29292K, committed 29512K, reserved 1075200K
  class space    used 3275K, capacity 3353K, committed 3400K, reserved 1048576K
}
2016-06-08T16:10:02.807-0530: 1454.421: Total time for which application threads were stopped: 0.0084569 seconds
2016-06-08T16:10:02.820-0530: 1454.435: Total time for which application threads were stopped: 0.0001130 seconds
2016-06-08T16:10:02.820-0530: 1454.435: Total time for which application threads were stopped: 0.0000944 seconds
2016-06-08T16:10:02.821-0530: 1454.435: Total time for which application threads were stopped: 0.0000808 seconds
2016-06-08T16:10:02.821-0530: 1454.435: Total time for which application threads were stopped: 0.0000760 seconds
2016-06-08T16:10:02.821-0530: 1454.436: Total time for which application threads were stopped: 0.0000779 seconds
2016-06-08T16:10:02.821-0530: 1454.436: Total time for which application threads were stopped: 0.0000463 seconds
2016-06-08T16:10:02.821-0530: 1454.436: Total time for which application threads were stopped: 0.0000464 seconds
2016-06-08T16:10:02.839-0530: 1454.454: Total time for which application threads were stopped: 0.0001355 seconds
2016-06-08T16:10:02.839-0530: 1454.454: Total time for which application threads were stopped: 0.0000839 seconds
2016-06-08T16:10:02.840-0530: 1454.454: Total time for which application threads were stopped: 0.0001631 seconds
{Heap before GC invocations=206 (full 4):
 par new generation   total 109248K, used 107653K [0x00000007a0000000, 0x00000007a8000000, 0x00000007a8000000)
  eden space 87424K, 100% used [0x00000007a0000000, 0x00000007a5560000, 0x00000007a5560000)
  from space 21824K,  92% used [0x00000007a5560000, 0x00000007a6921700, 0x00000007a6ab0000)
  to   space 21824K,   0% used [0x00000007a6ab0000, 0x00000007a6ab0000, 0x00000007a8000000)
 concurrent mark-sweep generation total 393216K, used 105717K [0x00000007a8000000, 0x00000007c0000000, 0x00000007c0000000)
 Metaspace       used 29028K, capacity 29292K, committed 29512K, reserved 1075200K
  class space    used 3275K, capacity 3353K, committed 3400K, reserved 1048576K
2016-06-08T16:10:09.257-0530: 1460.871: [GC (Allocation Failure) 1460.872: [ParNew
Desired survivor size 20112992 bytes, new threshold 8 (max 8)
- age   1:    6379184 bytes,    6379184 total
- age   2:    2716160 bytes,    9095344 total
- age   3:    3017312 bytes,   12112656 total
- age   4:     338424 bytes,   12451080 total
- age   5:       6936 bytes,   12458016 total
- age   6:    1139784 bytes,   13597800 total
- age   7:     831752 bytes,   14429552 total
- age   8:    2464832 bytes,   16894384 total
: 107653K->21824K(109248K), 0.0085766 secs] 213371K->130170K(502464K), 0.0086746 secs] [Times: user=0.02 sys=0.00, real=0.01 secs] 
Heap after GC invocations=207 (full 4):
 par new generation   total 109248K, used 21824K [0x00000007a0000000, 0x00000007a8000000, 0x00000007a8000000)
  eden space 87424K,   0% used [0x00000007a0000000, 0x00000007a0000000, 0x00000007a5560000)
  from space 21824K, 100% used [0x00000007a6ab0000, 0x00000007a8000000, 0x00000007a8000000)
  to   space 21824K,   0% used [0x00000007a5560000, 0x00000007a5560000, 0x00000007a6ab0000)
 concurrent mark-sweep generation total 393216K, used 108346K [0x00000007a8000000, 0x00000007c0000000, 0x00000007c0000000)
 Metaspace       used 29028K, capacity 29292K, committed 29512K, reserved 1075200K
  class space    used 3275K, capacity 3353K, committed 3400K, reserved 1048576K
}
2016-06-08T16:10:09.265-0530: 1460.880: Total time for which application threads were stopped: 0.0089096 seconds
2016-06-08T16:10:09.309-0530: 1460.924: Total time for which application threads were stopped: 0.0000951 seconds
2016-06-08T16:10:09.310-0530: 1460.925: Total time for which application threads were stopped: 0.0000517 seconds
2016-06-08T16:10:09.447-0530: 1461.062: Total time for which application threads were stopped: 0.0001223 seconds
2016-06-08T16:10:09.447-0530: 1461.062: Total time for which application threads were stopped: 0.0000572 seconds
2016-06-08T16:10:09.447-0530: 1461.062: Total time for which application threads were stopped: 0.0000669 seconds
{Heap before GC invocations=207 (full 4):
 par new generation   total 109248K, used 109248K [0x00000007a0000000, 0x00000007a8000000, 0x00000007a8000000)
  eden space 87424K, 100% used [0x00000007a0000000, 0x00000007a5560000, 0x00000007a5560000)
  from space 21824K, 100% used [0x00000007a6ab0000, 0x00000007a8000000, 0x00000007a8000000)
  to   space 21824K,   0% used [0x00000007a5560000, 0x00000007a5560000, 0x00000007a6ab0000)
 concurrent mark-sweep generation total 393216K, used 108346K [0x00000007a8000000, 0x00000007c0000000, 0x00000007c0000000)
 Metaspace       used 29029K, capacity 29292K, committed 29512K, reserved 1075200K
  class space    used 3275K, capacity 3353K, committed 3400K, reserved 1048576K
2016-06-08T16:10:16.114-0530: 1467.729: [GC (Allocation Failure) 1467.729: [ParNew
Desired survivor size 20112992 bytes, new threshold 8 (max 8)
- age   1:    6163768 bytes,    6163768 total
- age   2:    2500856 bytes,    8664624 total
- age   3:    2716040 bytes,   11380664 total
- age   4:    3015232 bytes,   14395896 total
- age   5:     338200 bytes,   14734096 total
- age   6:       6784 bytes,   14740880 total
- age   7:    1138888 bytes,   15879768 total
- age   8:     831752 bytes,   16711520 total
: 109248K->21633K(109248K), 0.0059856 secs] 217594K->132387K(502464K), 0.0060431 secs] [Times: user=0.02 sys=0.00, real=0.01 secs] 
Heap after GC invocations=208 (full 4):
 par new generation   total 109248K, used 21633K [0x00000007a0000000, 0x00000007a8000000, 0x00000007a8000000)
  eden space 87424K,   0% used [0x00000007a0000000, 0x00000007a0000000, 0x00000007a5560000)
  from space 21824K,  99% used [0x00000007a5560000, 0x00000007a6a80700, 0x00000007a6ab0000)
  to   space 21824K,   0% used [0x00000007a6ab0000, 0x00000007a6ab0000, 0x00000007a8000000)
 concurrent mark-sweep generation total 393216K, used 110753K [0x00000007a8000000, 0x00000007c0000000, 0x00000007c0000000)
 Metaspace       used 29029K, capacity 29292K, committed 29512K, reserved 1075200K
  class space    used 3275K, capacity 3353K, committed 3400K, reserved 1048576K
}
2016-06-08T16:10:16.120-0530: 1467.735: Total time for which application threads were stopped: 0.0062276 seconds
2016-06-08T16:10:16.293-0530: 1467.909: Total time for which application threads were stopped: 0.0000962 seconds
2016-06-08T16:10:16.294-0530: 1467.909: Total time for which application threads were stopped: 0.0000666 seconds
2016-06-08T16:10:16.294-0530: 1467.909: Total time for which application threads were stopped: 0.0000404 seconds
2016-06-08T16:10:16.313-0530: 1467.928: Total time for which application threads were stopped: 0.0000907 seconds
2016-06-08T16:10:16.313-0530: 1467.928: Total time for which application threads were stopped: 0.0000416 seconds
2016-06-08T16:10:16.314-0530: 1467.929: Total time for which application threads were stopped: 0.0000822 seconds
2016-06-08T16:10:16.314-0530: 1467.929: Total time for which application threads were stopped: 0.0000445 seconds
2016-06-08T16:10:16.314-0530: 1467.929: Total time for which application threads were stopped: 0.0000410 seconds
{Heap before GC invocations=208 (full 4):
 par new generation   total 109248K, used 109057K [0x00000007a0000000, 0x00000007a8000000, 0x00000007a8000000)
  eden space 87424K, 100% used [0x00000007a0000000, 0x00000007a5560000, 0x00000007a5560000)
  from space 21824K,  99% used [0x00000007a5560000, 0x00000007a6a80700, 0x00000007a6ab0000)
  to   space 21824K,   0% used [0x00000007a6ab0000, 0x00000007a6ab0000, 0x00000007a8000000)
 concurrent mark-sweep generation total 393216K, used 110753K [0x00000007a8000000, 0x00000007c0000000, 0x00000007c0000000)
 Metaspace       used 29029K, capacity 29292K, committed 29512K, reserved 1075200K
  class space    used 3275K, capacity 3353K, committed 3400K, reserved 1048576K
2016-06-08T16:10:22.878-0530: 1474.493: [GC (Allocation Failure) 1474.493: [ParNew
Desired survivor size 20112992 bytes, new threshold 8 (max 8)
- age   1:    5917160 bytes,    5917160 total
- age   2:    2735680 bytes,    8652840 total
- age   3:    2498472 bytes,   11151312 total
- age   4:    2716040 bytes,   13867352 total
- age   5:    2947840 bytes,   16815192 total
- age   6:     338200 bytes,   17153392 total
- age   7:       6784 bytes,   17160176 total
- age   8:    1138888 bytes,   18299064 total
: 109057K->21824K(109248K), 0.0063780 secs] 219811K->133392K(502464K), 0.0064624 secs] [Times: user=0.02 sys=0.00, real=0.01 secs] 
Heap after GC invocations=209 (full 4):
 par new generation   total 109248K, used 21824K [0x00000007a0000000, 0x00000007a8000000, 0x00000007a8000000)
  eden space 87424K,   0% used [0x00000007a0000000, 0x00000007a0000000, 0x00000007a5560000)
  from space 21824K, 100% used [0x00000007a6ab0000, 0x00000007a8000000, 0x00000007a8000000)
  to   space 21824K,   0% used [0x00000007a5560000, 0x00000007a5560000, 0x00000007a6ab0000)
 concurrent mark-sweep generation total 393216K, used 111568K [0x00000007a8000000, 0x00000007c0000000, 0x00000007c0000000)
 Metaspace       used 29029K, capacity 29292K, committed 29512K, reserved 1075200K
  class space    used 3275K, capacity 3353K, committed 3400K, reserved 1048576K
}
2016-06-08T16:10:22.884-0530: 1474.500: Total time for which application threads were stopped: 0.0066763 seconds
2016-06-08T16:10:23.116-0530: 1474.731: Total time for which application threads were stopped: 0.0001103 seconds
2016-06-08T16:10:23.117-0530: 1474.732: Total time for which application threads were stopped: 0.0001219 seconds
2016-06-08T16:10:23.136-0530: 1474.752: Total time for which application threads were stopped: 0.0001057 seconds
2016-06-08T16:10:23.137-0530: 1474.752: Total time for which application threads were stopped: 0.0000750 seconds
2016-06-08T16:10:23.137-0530: 1474.753: Total time for which application threads were stopped: 0.0000692 seconds
2016-06-08T16:10:23.137-0530: 1474.753: Total time for which application threads were stopped: 0.0000726 seconds
{Heap before GC invocations=209 (full 4):
 par new generation   total 109248K, used 109229K [0x00000007a0000000, 0x00000007a8000000, 0x00000007a8000000)
  eden space 87424K,  99% used [0x00000007a0000000, 0x00000007a555b7d0, 0x00000007a5560000)
  from space 21824K, 100% used [0x00000007a6ab0000, 0x00000007a8000000, 0x00000007a8000000)
  to   space 21824K,   0% used [0x00000007a5560000, 0x00000007a5560000, 0x00000007a6ab0000)
 concurrent mark-sweep generation total 393216K, used 111568K [0x00000007a8000000, 0x00000007c0000000, 0x00000007c0000000)
 Metaspace       used 29029K, capacity 29292K, committed 29512K, reserved 1075200K
  class space    used 3275K, capacity 3353K, committed 3400K, reserved 1048576K
2016-06-08T16:10:29.013-0530: 1480.629: [GC (Allocation Failure) 1480.629: [ParNew
Desired survivor size 20112992 bytes, new threshold 8 (max 8)
- age   1:    5370264 bytes,    5370264 total
- age   2:    2937232 bytes,    8307496 total
- age   3:    2733440 bytes,   11040936 total
- age   4:    2431112 bytes,   13472048 total
- age   5:    2716040 bytes,   16188088 total
- age   6:    2751128 bytes,   18939216 total
- age   7:     338200 bytes,   19277416 total
- age   8:       6784 bytes,   19284200 total
: 109229K->21824K(109248K), 0.0080751 secs] 220798K->134698K(502464K), 0.0081683 secs] [Times: user=0.02 sys=0.01, real=0.01 secs] 
Heap after GC invocations=210 (full 4):
 par new generation   total 109248K, used 21824K [0x00000007a0000000, 0x00000007a8000000, 0x00000007a8000000)
  eden space 87424K,   0% used [0x00000007a0000000, 0x00000007a0000000, 0x00000007a5560000)
  from space 21824K, 100% used [0x00000007a5560000, 0x00000007a6ab0000, 0x00000007a6ab0000)
  to   space 21824K,   0% used [0x00000007a6ab0000, 0x00000007a6ab0000, 0x00000007a8000000)
 concurrent mark-sweep generation total 393216K, used 112874K [0x00000007a8000000, 0x00000007c0000000, 0x00000007c0000000)
 Metaspace       used 29029K, capacity 29292K, committed 29512K, reserved 1075200K
  class space    used 3275K, capacity 3353K, committed 3400K, reserved 1048576K
}
2016-06-08T16:10:29.022-0530: 1480.637: Total time for which application threads were stopped: 0.0083999 seconds
2016-06-08T16:10:29.323-0530: 1480.939: Total time for which application threads were stopped: 0.0000834 seconds
2016-06-08T16:10:29.324-0530: 1480.939: Total time for which application threads were stopped: 0.0000686 seconds
2016-06-08T16:10:29.394-0530: 1481.010: Total time for which application threads were stopped: 0.0000954 seconds
2016-06-08T16:10:29.395-0530: 1481.010: Total time for which application threads were stopped: 0.0001206 seconds
2016-06-08T16:10:29.395-0530: 1481.011: Total time for which application threads were stopped: 0.0001553 seconds
2016-06-08T16:10:29.395-0530: 1481.011: Total time for which application threads were stopped: 0.0001143 seconds
{Heap before GC invocations=210 (full 4):
 par new generation   total 109248K, used 109247K [0x00000007a0000000, 0x00000007a8000000, 0x00000007a8000000)
  eden space 87424K,  99% used [0x00000007a0000000, 0x00000007a555fd78, 0x00000007a5560000)
  from space 21824K, 100% used [0x00000007a5560000, 0x00000007a6ab0000, 0x00000007a6ab0000)
  to   space 21824K,   0% used [0x00000007a6ab0000, 0x00000007a6ab0000, 0x00000007a8000000)
 concurrent mark-sweep generation total 393216K, used 112874K [0x00000007a8000000, 0x00000007c0000000, 0x00000007c0000000)
 Metaspace       used 29029K, capacity 29292K, committed 29512K, reserved 1075200K
  class space    used 3275K, capacity 3353K, committed 3400K, reserved 1048576K
2016-06-08T16:10:34.830-0530: 1486.446: [GC (Allocation Failure) 1486.446: [ParNew
Desired survivor size 20112992 bytes, new threshold 7 (max 8)
- age   1:    4910992 bytes,    4910992 total
- age   2:    2958288 bytes,    7869280 total
- age   3:    2807488 bytes,   10676768 total
- age   4:    2221960 bytes,   12898728 total
- age   5:    1905232 bytes,   14803960 total
- age   6:    2559976 bytes,   17363936 total
- age   7:    2751128 bytes,   20115064 total
- age   8:     338200 bytes,   20453264 total
: 109247K->21824K(109248K), 0.0063667 secs] 222121K->135930K(502464K), 0.0064391 secs] [Times: user=0.02 sys=0.00, real=0.00 secs] 
Heap after GC invocations=211 (full 4):
 par new generation   total 109248K, used 21824K [0x00000007a0000000, 0x00000007a8000000, 0x00000007a8000000)
  eden space 87424K,   0% used [0x00000007a0000000, 0x00000007a0000000, 0x00000007a5560000)
  from space 21824K, 100% used [0x00000007a6ab0000, 0x00000007a8000000, 0x00000007a8000000)
  to   space 21824K,   0% used [0x00000007a5560000, 0x00000007a5560000, 0x00000007a6ab0000)
 concurrent mark-sweep generation total 393216K, used 114106K [0x00000007a8000000, 0x00000007c0000000, 0x00000007c0000000)
 Metaspace       used 29029K, capacity 29292K, committed 29512K, reserved 1075200K
  class space    used 3275K, capacity 3353K, committed 3400K, reserved 1048576K
}
2016-06-08T16:10:34.837-0530: 1486.452: Total time for which application threads were stopped: 0.0066249 seconds
2016-06-08T16:10:35.188-0530: 1486.803: Total time for which application threads were stopped: 0.0000932 seconds
2016-06-08T16:10:35.188-0530: 1486.804: Total time for which application threads were stopped: 0.0000844 seconds
2016-06-08T16:10:35.259-0530: 1486.874: Total time for which application threads were stopped: 0.0000911 seconds
2016-06-08T16:10:35.259-0530: 1486.875: Total time for which application threads were stopped: 0.0000817 seconds
2016-06-08T16:10:36.264-0530: 1487.880: Total time for which application threads were stopped: 0.0000977 seconds
{Heap before GC invocations=211 (full 4):
 par new generation   total 109248K, used 109248K [0x00000007a0000000, 0x00000007a8000000, 0x00000007a8000000)
  eden space 87424K, 100% used [0x00000007a0000000, 0x00000007a5560000, 0x00000007a5560000)
  from space 21824K, 100% used [0x00000007a6ab0000, 0x00000007a8000000, 0x00000007a8000000)
  to   space 21824K,   0% used [0x00000007a5560000, 0x00000007a5560000, 0x00000007a6ab0000)
 concurrent mark-sweep generation total 393216K, used 114106K [0x00000007a8000000, 0x00000007c0000000, 0x00000007c0000000)
 Metaspace       used 29031K, capacity 29292K, committed 29512K, reserved 1075200K
  class space    used 3275K, capacity 3353K, committed 3400K, reserved 1048576K
2016-06-08T16:10:41.188-0530: 1492.804: [GC (Allocation Failure) 1492.804: [ParNew
Desired survivor size 20112992 bytes, new threshold 8 (max 8)
- age   1:    4500312 bytes,    4500312 total
- age   2:    2882096 bytes,    7382408 total
- age   3:    2764920 bytes,   10147328 total
- age   4:    2636504 bytes,   12783832 total
- age   5:    2221960 bytes,   15005792 total
- age   6:    1905232 bytes,   16911024 total
- age   7:    2559976 bytes,   19471000 total
: 109248K->21824K(109248K), 0.0064990 secs] 223354K->139266K(502464K), 0.0065777 secs] [Times: user=0.03 sys=0.00, real=0.01 secs] 
Heap after GC invocations=212 (full 4):
 par new generation   total 109248K, used 21824K [0x00000007a0000000, 0x00000007a8000000, 0x00000007a8000000)
  eden space 87424K,   0% used [0x00000007a0000000, 0x00000007a0000000, 0x00000007a5560000)
  from space 21824K, 100% used [0x00000007a5560000, 0x00000007a6ab0000, 0x00000007a6ab0000)
  to   space 21824K,   0% used [0x00000007a6ab0000, 0x00000007a6ab0000, 0x00000007a8000000)
 concurrent mark-sweep generation total 393216K, used 117442K [0x00000007a8000000, 0x00000007c0000000, 0x00000007c0000000)
 Metaspace       used 29031K, capacity 29292K, committed 29512K, reserved 1075200K
  class space    used 3275K, capacity 3353K, committed 3400K, reserved 1048576K
}
2016-06-08T16:10:41.194-0530: 1492.810: Total time for which application threads were stopped: 0.0067706 seconds
2016-06-08T16:10:41.835-0530: 1493.451: Total time for which application threads were stopped: 0.0001005 seconds
2016-06-08T16:10:41.836-0530: 1493.451: Total time for which application threads were stopped: 0.0000639 seconds
2016-06-08T16:10:42.036-0530: 1493.652: Total time for which application threads were stopped: 0.0000988 seconds
2016-06-08T16:10:42.037-0530: 1493.652: Total time for which application threads were stopped: 0.0000758 seconds
2016-06-08T16:10:42.037-0530: 1493.653: Total time for which application threads were stopped: 0.0000885 seconds
2016-06-08T16:10:42.037-0530: 1493.653: Total time for which application threads were stopped: 0.0000586 seconds
{Heap before GC invocations=212 (full 4):
 par new generation   total 109248K, used 109247K [0x00000007a0000000, 0x00000007a8000000, 0x00000007a8000000)
  eden space 87424K,  99% used [0x00000007a0000000, 0x00000007a555fdd0, 0x00000007a5560000)
  from space 21824K, 100% used [0x00000007a5560000, 0x00000007a6ab0000, 0x00000007a6ab0000)
  to   space 21824K,   0% used [0x00000007a6ab0000, 0x00000007a6ab0000, 0x00000007a8000000)
 concurrent mark-sweep generation total 393216K, used 117442K [0x00000007a8000000, 0x00000007c0000000, 0x00000007c0000000)
 Metaspace       used 29031K, capacity 29292K, committed 29512K, reserved 1075200K
  class space    used 3275K, capacity 3353K, committed 3400K, reserved 1048576K
2016-06-08T16:10:49.540-0530: 1501.156: [GC (Allocation Failure) 1501.156: [ParNew
Desired survivor size 20112992 bytes, new threshold 8 (max 8)
- age   1:    4066960 bytes,    4066960 total
- age   2:    2850144 bytes,    6917104 total
- age   3:    2736720 bytes,    9653824 total
- age   4:    2697992 bytes,   12351816 total
- age   5:    1960368 bytes,   14312184 total
- age   6:    2178264 bytes,   16490448 total
- age   7:    1905232 bytes,   18395680 total
- age   8:    2559976 bytes,   20955656 total
: 109247K->21824K(109248K), 0.0060945 secs] 226689K->140148K(502464K), 0.0061689 secs] [Times: user=0.03 sys=0.00, real=0.00 secs] 
Heap after GC invocations=213 (full 4):
 par new generation   total 109248K, used 21824K [0x00000007a0000000, 0x00000007a8000000, 0x00000007a8000000)
  eden space 87424K,   0% used [0x00000007a0000000, 0x00000007a0000000, 0x00000007a5560000)
  from space 21824K, 100% used [0x00000007a6ab0000, 0x00000007a8000000, 0x00000007a8000000)
  to   space 21824K,   0% used [0x00000007a5560000, 0x00000007a5560000, 0x00000007a6ab0000)
 concurrent mark-sweep generation total 393216K, used 118324K [0x00000007a8000000, 0x00000007c0000000, 0x00000007c0000000)
 Metaspace       used 29031K, capacity 29292K, committed 29512K, reserved 1075200K
  class space    used 3275K, capacity 3353K, committed 3400K, reserved 1048576K
}
2016-06-08T16:10:49.546-0530: 1501.162: Total time for which application threads were stopped: 0.0063519 seconds
2016-06-08T16:10:50.269-0530: 1501.885: Total time for which application threads were stopped: 0.0001266 seconds
2016-06-08T16:10:50.269-0530: 1501.885: Total time for which application threads were stopped: 0.0000919 seconds
2016-06-08T16:10:50.271-0530: 1501.887: Total time for which application threads were stopped: 0.0001256 seconds
2016-06-08T16:10:50.293-0530: 1501.909: Total time for which application threads were stopped: 0.0001693 seconds
2016-06-08T16:10:50.294-0530: 1501.910: Total time for which application threads were stopped: 0.0001628 seconds
2016-06-08T16:10:50.294-0530: 1501.910: Total time for which application threads were stopped: 0.0000829 seconds
2016-06-08T16:10:50.302-0530: 1501.918: Total time for which application threads were stopped: 0.0001123 seconds
2016-06-08T16:10:50.308-0530: 1501.924: Total time for which application threads were stopped: 0.0001155 seconds
2016-06-08T16:10:50.312-0530: 1501.928: Total time for which application threads were stopped: 0.0001005 seconds
2016-06-08T16:10:50.316-0530: 1501.932: Total time for which application threads were stopped: 0.0001045 seconds
2016-06-08T16:10:50.479-0530: 1502.095: Total time for which application threads were stopped: 0.0001509 seconds
2016-06-08T16:10:50.480-0530: 1502.096: Total time for which application threads were stopped: 0.0002942 seconds
2016-06-08T16:10:50.481-0530: 1502.097: Total time for which application threads were stopped: 0.0002069 seconds
2016-06-08T16:10:50.481-0530: 1502.098: Total time for which application threads were stopped: 0.0001687 seconds
2016-06-08T16:10:50.633-0530: 1502.249: Total time for which application threads were stopped: 0.0001069 seconds
2016-06-08T16:10:50.640-0530: 1502.256: Total time for which application threads were stopped: 0.0000918 seconds
2016-06-08T16:10:50.646-0530: 1502.262: Total time for which application threads were stopped: 0.0001264 seconds
2016-06-08T16:10:50.980-0530: 1502.597: Total time for which application threads were stopped: 0.0001215 seconds
2016-06-08T16:10:50.981-0530: 1502.597: Total time for which application threads were stopped: 0.0000702 seconds
2016-06-08T16:10:50.982-0530: 1502.598: Total time for which application threads were stopped: 0.0000864 seconds
2016-06-08T16:10:50.982-0530: 1502.598: Total time for which application threads were stopped: 0.0001360 seconds
2016-06-08T16:10:50.988-0530: 1502.604: Total time for which application threads were stopped: 0.0000947 seconds
2016-06-08T16:10:50.988-0530: 1502.605: Total time for which application threads were stopped: 0.0000664 seconds
{Heap before GC invocations=213 (full 4):
 par new generation   total 109248K, used 109248K [0x00000007a0000000, 0x00000007a8000000, 0x00000007a8000000)
  eden space 87424K, 100% used [0x00000007a0000000, 0x00000007a5560000, 0x00000007a5560000)
  from space 21824K, 100% used [0x00000007a6ab0000, 0x00000007a8000000, 0x00000007a8000000)
  to   space 21824K,   0% used [0x00000007a5560000, 0x00000007a5560000, 0x00000007a6ab0000)
 concurrent mark-sweep generation total 393216K, used 118324K [0x00000007a8000000, 0x00000007c0000000, 0x00000007c0000000)
 Metaspace       used 29031K, capacity 29292K, committed 29512K, reserved 1075200K
  class space    used 3275K, capacity 3353K, committed 3400K, reserved 1048576K
2016-06-08T16:10:50.995-0530: 1502.611: [GC (Allocation Failure) 1502.611: [ParNew
Desired survivor size 20112992 bytes, new threshold 8 (max 8)
- age   1:    3183064 bytes,    3183064 total
- age   2:    2978408 bytes,    6161472 total
- age   3:    2849664 bytes,    9011136 total
- age   4:    2517816 bytes,   11528952 total
- age   5:    2697912 bytes,   14226864 total
- age   6:    1959984 bytes,   16186848 total
- age   7:    2178264 bytes,   18365112 total
- age   8:    1524512 bytes,   19889624 total
: 109248K->21824K(109248K), 0.0064527 secs] 227572K->143169K(502464K), 0.0065008 secs] [Times: user=0.03 sys=0.00, real=0.01 secs] 
Heap after GC invocations=214 (full 4):
 par new generation   total 109248K, used 21824K [0x00000007a0000000, 0x00000007a8000000, 0x00000007a8000000)
  eden space 87424K,   0% used [0x00000007a0000000, 0x00000007a0000000, 0x00000007a5560000)
  from space 21824K, 100% used [0x00000007a5560000, 0x00000007a6ab0000, 0x00000007a6ab0000)
  to   space 21824K,   0% used [0x00000007a6ab0000, 0x00000007a6ab0000, 0x00000007a8000000)
 concurrent mark-sweep generation total 393216K, used 121345K [0x00000007a8000000, 0x00000007c0000000, 0x00000007c0000000)
 Metaspace       used 29031K, capacity 29292K, committed 29512K, reserved 1075200K
  class space    used 3275K, capacity 3353K, committed 3400K, reserved 1048576K
}
2016-06-08T16:10:51.002-0530: 1502.618: Total time for which application threads were stopped: 0.0066968 seconds
{Heap before GC invocations=214 (full 4):
 par new generation   total 109248K, used 109248K [0x00000007a0000000, 0x00000007a8000000, 0x00000007a8000000)
  eden space 87424K, 100% used [0x00000007a0000000, 0x00000007a5560000, 0x00000007a5560000)
  from space 21824K, 100% used [0x00000007a5560000, 0x00000007a6ab0000, 0x00000007a6ab0000)
  to   space 21824K,   0% used [0x00000007a6ab0000, 0x00000007a6ab0000, 0x00000007a8000000)
 concurrent mark-sweep generation total 393216K, used 121345K [0x00000007a8000000, 0x00000007c0000000, 0x00000007c0000000)
 Metaspace       used 29031K, capacity 29292K, committed 29512K, reserved 1075200K
  class space    used 3275K, capacity 3353K, committed 3400K, reserved 1048576K
2016-06-08T16:10:51.419-0530: 1503.035: [GC (Allocation Failure) 1503.035: [ParNew
Desired survivor size 20112992 bytes, new threshold 8 (max 8)
- age   1:     201376 bytes,     201376 total
- age   2:    3037800 bytes,    3239176 total
- age   3:    2977560 bytes,    6216736 total
- age   4:    2849584 bytes,    9066320 total
- age   5:    2084256 bytes,   11150576 total
- age   6:    2191368 bytes,   13341944 total
- age   7:    1754064 bytes,   15096008 total
- age   8:    2178264 bytes,   17274272 total
: 109248K->21824K(109248K), 0.0056011 secs] 230593K->145778K(502464K), 0.0056636 secs] [Times: user=0.02 sys=0.00, real=0.01 secs] 
Heap after GC invocations=215 (full 4):
 par new generation   total 109248K, used 21824K [0x00000007a0000000, 0x00000007a8000000, 0x00000007a8000000)
  eden space 87424K,   0% used [0x00000007a0000000, 0x00000007a0000000, 0x00000007a5560000)
  from space 21824K, 100% used [0x00000007a6ab0000, 0x00000007a8000000, 0x00000007a8000000)
  to   space 21824K,   0% used [0x00000007a5560000, 0x00000007a5560000, 0x00000007a6ab0000)
 concurrent mark-sweep generation total 393216K, used 123954K [0x00000007a8000000, 0x00000007c0000000, 0x00000007c0000000)
 Metaspace       used 29031K, capacity 29292K, committed 29512K, reserved 1075200K
  class space    used 3275K, capacity 3353K, committed 3400K, reserved 1048576K
}
2016-06-08T16:10:51.425-0530: 1503.041: Total time for which application threads were stopped: 0.0058541 seconds
2016-06-08T16:10:51.565-0530: 1503.181: Total time for which application threads were stopped: 0.0001209 seconds
{Heap before GC invocations=215 (full 4):
 par new generation   total 109248K, used 109248K [0x00000007a0000000, 0x00000007a8000000, 0x00000007a8000000)
  eden space 87424K, 100% used [0x00000007a0000000, 0x00000007a5560000, 0x00000007a5560000)
  from space 21824K, 100% used [0x00000007a6ab0000, 0x00000007a8000000, 0x00000007a8000000)
  to   space 21824K,   0% used [0x00000007a5560000, 0x00000007a5560000, 0x00000007a6ab0000)
 concurrent mark-sweep generation total 393216K, used 123954K [0x00000007a8000000, 0x00000007c0000000, 0x00000007c0000000)
 Metaspace       used 29034K, capacity 29356K, committed 29768K, reserved 1075200K
  class space    used 3275K, capacity 3353K, committed 3400K, reserved 1048576K
2016-06-08T16:10:58.471-0530: 1510.087: [GC (Allocation Failure) 1510.087: [ParNew
Desired survivor size 20112992 bytes, new threshold 8 (max 8)
- age   1:    5035744 bytes,    5035744 total
- age   3:    2974904 bytes,    8010648 total
- age   4:    2977120 bytes,   10987768 total
- age   5:    2849328 bytes,   13837096 total
- age   6:    2081416 bytes,   15918512 total
- age   7:    2023616 bytes,   17942128 total
- age   8:    1336616 bytes,   19278744 total
: 109248K->21824K(109248K), 0.0066060 secs] 233202K->148479K(502464K), 0.0066817 secs] [Times: user=0.02 sys=0.00, real=0.00 secs] 
Heap after GC invocations=216 (full 4):
 par new generation   total 109248K, used 21824K [0x00000007a0000000, 0x00000007a8000000, 0x00000007a8000000)
  eden space 87424K,   0% used [0x00000007a0000000, 0x00000007a0000000, 0x00000007a5560000)
  from space 21824K, 100% used [0x00000007a5560000, 0x00000007a6ab0000, 0x00000007a6ab0000)
  to   space 21824K,   0% used [0x00000007a6ab0000, 0x00000007a6ab0000, 0x00000007a8000000)
 concurrent mark-sweep generation total 393216K, used 126655K [0x00000007a8000000, 0x00000007c0000000, 0x00000007c0000000)
 Metaspace       used 29034K, capacity 29356K, committed 29768K, reserved 1075200K
  class space    used 3275K, capacity 3353K, committed 3400K, reserved 1048576K
}
2016-06-08T16:10:58.477-0530: 1510.094: Total time for which application threads were stopped: 0.0068640 seconds
2016-06-08T16:10:59.480-0530: 1511.097: Total time for which application threads were stopped: 0.0001971 seconds
2016-06-08T16:11:00.790-0530: 1512.407: Total time for which application threads were stopped: 0.0001523 seconds
2016-06-08T16:11:00.791-0530: 1512.407: Total time for which application threads were stopped: 0.0001586 seconds
2016-06-08T16:11:08.803-0530: 1520.420: Total time for which application threads were stopped: 0.0001224 seconds
{Heap before GC invocations=216 (full 4):
 par new generation   total 109248K, used 109234K [0x00000007a0000000, 0x00000007a8000000, 0x00000007a8000000)
  eden space 87424K,  99% used [0x00000007a0000000, 0x00000007a555c900, 0x00000007a5560000)
  from space 21824K, 100% used [0x00000007a5560000, 0x00000007a6ab0000, 0x00000007a6ab0000)
  to   space 21824K,   0% used [0x00000007a6ab0000, 0x00000007a6ab0000, 0x00000007a8000000)
 concurrent mark-sweep generation total 393216K, used 126655K [0x00000007a8000000, 0x00000007c0000000, 0x00000007c0000000)
 Metaspace       used 29035K, capacity 29356K, committed 29768K, reserved 1075200K
  class space    used 3275K, capacity 3353K, committed 3400K, reserved 1048576K
2016-06-08T16:11:27.974-0530: 1539.591: [GC (Allocation Failure) 1539.606: [ParNew
Desired survivor size 20112992 bytes, new threshold 8 (max 8)
- age   1:    5540040 bytes,    5540040 total
- age   2:    1670136 bytes,    7210176 total
- age   4:     690976 bytes,    7901152 total
- age   5:    2665832 bytes,   10566984 total
- age   6:    1874520 bytes,   12441504 total
- age   7:    1748496 bytes,   14190000 total
- age   8:    2013032 bytes,   16203032 total
: 109234K->21824K(109248K), 0.0086539 secs] 235889K->153823K(502464K), 0.0228717 secs] [Times: user=0.02 sys=0.00, real=0.02 secs] 
Heap after GC invocations=217 (full 4):
 par new generation   total 109248K, used 21824K [0x00000007a0000000, 0x00000007a8000000, 0x00000007a8000000)
  eden space 87424K,   0% used [0x00000007a0000000, 0x00000007a0000000, 0x00000007a5560000)
  from space 21824K, 100% used [0x00000007a6ab0000, 0x00000007a8000000, 0x00000007a8000000)
  to   space 21824K,   0% used [0x00000007a5560000, 0x00000007a5560000, 0x00000007a6ab0000)
 concurrent mark-sweep generation total 393216K, used 131999K [0x00000007a8000000, 0x00000007c0000000, 0x00000007c0000000)
 Metaspace       used 29035K, capacity 29356K, committed 29768K, reserved 1075200K
  class space    used 3275K, capacity 3353K, committed 3400K, reserved 1048576K
}
2016-06-08T16:11:27.997-0530: 1539.614: Total time for which application threads were stopped: 0.0230678 seconds
2016-06-08T16:11:28.201-0530: 1539.818: Total time for which application threads were stopped: 0.0001056 seconds
2016-06-08T16:11:28.201-0530: 1539.818: Total time for which application threads were stopped: 0.0001728 seconds
2016-06-08T16:11:28.201-0530: 1539.819: Total time for which application threads were stopped: 0.0000722 seconds
2016-06-08T16:11:28.202-0530: 1539.819: Total time for which application threads were stopped: 0.0000544 seconds
2016-06-08T16:11:28.202-0530: 1539.819: Total time for which application threads were stopped: 0.0000529 seconds
2016-06-08T16:11:28.202-0530: 1539.819: Total time for which application threads were stopped: 0.0000472 seconds
2016-06-08T16:11:28.202-0530: 1539.819: Total time for which application threads were stopped: 0.0000494 seconds
2016-06-08T16:11:28.221-0530: 1539.838: Total time for which application threads were stopped: 0.0001127 seconds
2016-06-08T16:11:28.221-0530: 1539.838: Total time for which application threads were stopped: 0.0000893 seconds
2016-06-08T16:11:28.221-0530: 1539.839: Total time for which application threads were stopped: 0.0000525 seconds
2016-06-08T16:11:42.248-0530: 1553.866: Total time for which application threads were stopped: 0.0001654 seconds
{Heap before GC invocations=217 (full 4):
 par new generation   total 109248K, used 109248K [0x00000007a0000000, 0x00000007a8000000, 0x00000007a8000000)
  eden space 87424K, 100% used [0x00000007a0000000, 0x00000007a5560000, 0x00000007a5560000)
  from space 21824K, 100% used [0x00000007a6ab0000, 0x00000007a8000000, 0x00000007a8000000)
  to   space 21824K,   0% used [0x00000007a5560000, 0x00000007a5560000, 0x00000007a6ab0000)
 concurrent mark-sweep generation total 393216K, used 131999K [0x00000007a8000000, 0x00000007c0000000, 0x00000007c0000000)
 Metaspace       used 29035K, capacity 29356K, committed 29768K, reserved 1075200K
  class space    used 3275K, capacity 3353K, committed 3400K, reserved 1048576K
2016-06-08T16:11:42.346-0530: 1553.963: [GC (Allocation Failure) 1553.963: [ParNew
Desired survivor size 20112992 bytes, new threshold 8 (max 8)
- age   1:    5350888 bytes,    5350888 total
- age   2:    2984768 bytes,    8335656 total
- age   3:    1670136 bytes,   10005792 total
- age   5:     690472 bytes,   10696264 total
- age   6:    2597912 bytes,   13294176 total
- age   7:    1874296 bytes,   15168472 total
- age   8:    1748496 bytes,   16916968 total
: 109248K->20330K(109248K), 0.0055840 secs] 241247K->154295K(502464K), 0.0056469 secs] [Times: user=0.02 sys=0.00, real=0.01 secs] 
Heap after GC invocations=218 (full 4):
 par new generation   total 109248K, used 20330K [0x00000007a0000000, 0x00000007a8000000, 0x00000007a8000000)
  eden space 87424K,   0% used [0x00000007a0000000, 0x00000007a0000000, 0x00000007a5560000)
  from space 21824K,  93% used [0x00000007a5560000, 0x00000007a693ab00, 0x00000007a6ab0000)
  to   space 21824K,   0% used [0x00000007a6ab0000, 0x00000007a6ab0000, 0x00000007a8000000)
 concurrent mark-sweep generation total 393216K, used 133965K [0x00000007a8000000, 0x00000007c0000000, 0x00000007c0000000)
 Metaspace       used 29035K, capacity 29356K, committed 29768K, reserved 1075200K
  class space    used 3275K, capacity 3353K, committed 3400K, reserved 1048576K
}
2016-06-08T16:11:42.351-0530: 1553.969: Total time for which application threads were stopped: 0.0058353 seconds
2016-06-08T16:11:42.613-0530: 1554.230: Total time for which application threads were stopped: 0.0001919 seconds
2016-06-08T16:11:42.613-0530: 1554.231: Total time for which application threads were stopped: 0.0000691 seconds
2016-06-08T16:11:42.613-0530: 1554.231: Total time for which application threads were stopped: 0.0000709 seconds
2016-06-08T16:11:42.633-0530: 1554.250: Total time for which application threads were stopped: 0.0000952 seconds
2016-06-08T16:11:42.633-0530: 1554.251: Total time for which application threads were stopped: 0.0001151 seconds
2016-06-08T16:11:42.633-0530: 1554.251: Total time for which application threads were stopped: 0.0000692 seconds
{Heap before GC invocations=218 (full 4):
 par new generation   total 109248K, used 107754K [0x00000007a0000000, 0x00000007a8000000, 0x00000007a8000000)
  eden space 87424K, 100% used [0x00000007a0000000, 0x00000007a5560000, 0x00000007a5560000)
  from space 21824K,  93% used [0x00000007a5560000, 0x00000007a693ab00, 0x00000007a6ab0000)
  to   space 21824K,   0% used [0x00000007a6ab0000, 0x00000007a6ab0000, 0x00000007a8000000)
 concurrent mark-sweep generation total 393216K, used 133965K [0x00000007a8000000, 0x00000007c0000000, 0x00000007c0000000)
 Metaspace       used 29035K, capacity 29356K, committed 29768K, reserved 1075200K
  class space    used 3275K, capacity 3353K, committed 3400K, reserved 1048576K
2016-06-08T16:11:59.048-0530: 1570.667: [GC (Allocation Failure) 1570.667: [ParNew
Desired survivor size 20112992 bytes, new threshold 8 (max 8)
- age   1:    4945080 bytes,    4945080 total
- age   2:    2924952 bytes,    7870032 total
- age   3:    2982504 bytes,   10852536 total
- age   4:    1603192 bytes,   12455728 total
- age   6:     690472 bytes,   13146200 total
- age   7:    2597760 bytes,   15743960 total
- age   8:    1874296 bytes,   17618256 total
: 107754K->21824K(109248K), 0.0056538 secs] 241719K->157496K(502464K), 0.0057327 secs] [Times: user=0.02 sys=0.00, real=0.01 secs] 
Heap after GC invocations=219 (full 4):
 par new generation   total 109248K, used 21824K [0x00000007a0000000, 0x00000007a8000000, 0x00000007a8000000)
  eden space 87424K,   0% used [0x00000007a0000000, 0x00000007a0000000, 0x00000007a5560000)
  from space 21824K, 100% used [0x00000007a6ab0000, 0x00000007a8000000, 0x00000007a8000000)
  to   space 21824K,   0% used [0x00000007a5560000, 0x00000007a5560000, 0x00000007a6ab0000)
 concurrent mark-sweep generation total 393216K, used 135672K [0x00000007a8000000, 0x00000007c0000000, 0x00000007c0000000)
 Metaspace       used 29035K, capacity 29356K, committed 29768K, reserved 1075200K
  class space    used 3275K, capacity 3353K, committed 3400K, reserved 1048576K
}
2016-06-08T16:11:59.054-0530: 1570.672: Total time for which application threads were stopped: 0.0059245 seconds
2016-06-08T16:11:59.435-0530: 1571.053: Total time for which application threads were stopped: 0.0000914 seconds
2016-06-08T16:11:59.435-0530: 1571.053: Total time for which application threads were stopped: 0.0000563 seconds
2016-06-08T16:11:59.436-0530: 1571.054: Total time for which application threads were stopped: 0.0000618 seconds
2016-06-08T16:11:59.465-0530: 1571.083: Total time for which application threads were stopped: 0.0000919 seconds
2016-06-08T16:11:59.465-0530: 1571.083: Total time for which application threads were stopped: 0.0000395 seconds
2016-06-08T16:11:59.466-0530: 1571.084: Total time for which application threads were stopped: 0.0001739 seconds
2016-06-08T16:11:59.466-0530: 1571.084: Total time for which application threads were stopped: 0.0001231 seconds
2016-06-08T16:11:59.466-0530: 1571.085: Total time for which application threads were stopped: 0.0000865 seconds
{Heap before GC invocations=219 (full 4):
 par new generation   total 109248K, used 109248K [0x00000007a0000000, 0x00000007a8000000, 0x00000007a8000000)
  eden space 87424K, 100% used [0x00000007a0000000, 0x00000007a5560000, 0x00000007a5560000)
  from space 21824K, 100% used [0x00000007a6ab0000, 0x00000007a8000000, 0x00000007a8000000)
  to   space 21824K,   0% used [0x00000007a5560000, 0x00000007a5560000, 0x00000007a6ab0000)
 concurrent mark-sweep generation total 393216K, used 135672K [0x00000007a8000000, 0x00000007c0000000, 0x00000007c0000000)
 Metaspace       used 29035K, capacity 29356K, committed 29768K, reserved 1075200K
  class space    used 3275K, capacity 3353K, committed 3400K, reserved 1048576K
2016-06-08T16:12:15.239-0530: 1586.857: [GC (Allocation Failure) 1586.875: [ParNew
Desired survivor size 20112992 bytes, new threshold 8 (max 8)
- age   1:    4569472 bytes,    4569472 total
- age   2:    2723104 bytes,    7292576 total
- age   3:    2870088 bytes,   10162664 total
- age   4:    2915592 bytes,   13078256 total
- age   5:    1603192 bytes,   14681448 total
- age   7:     690280 bytes,   15371728 total
- age   8:    2597536 bytes,   17969264 total
: 109248K->21824K(109248K), 0.0064828 secs] 244920K->159565K(502464K), 0.0244659 secs] [Times: user=0.02 sys=0.00, real=0.03 secs] 
Heap after GC invocations=220 (full 4):
 par new generation   total 109248K, used 21824K [0x00000007a0000000, 0x00000007a8000000, 0x00000007a8000000)
  eden space 87424K,   0% used [0x00000007a0000000, 0x00000007a0000000, 0x00000007a5560000)
  from space 21824K, 100% used [0x00000007a5560000, 0x00000007a6ab0000, 0x00000007a6ab0000)
  to   space 21824K,   0% used [0x00000007a6ab0000, 0x00000007a6ab0000, 0x00000007a8000000)
 concurrent mark-sweep generation total 393216K, used 137741K [0x00000007a8000000, 0x00000007c0000000, 0x00000007c0000000)
 Metaspace       used 29035K, capacity 29356K, committed 29768K, reserved 1075200K
  class space    used 3275K, capacity 3353K, committed 3400K, reserved 1048576K
}
2016-06-08T16:12:15.263-0530: 1586.882: Total time for which application threads were stopped: 0.0246556 seconds
2016-06-08T16:12:15.684-0530: 1587.303: Total time for which application threads were stopped: 0.0001128 seconds
2016-06-08T16:12:15.685-0530: 1587.303: Total time for which application threads were stopped: 0.0001407 seconds
2016-06-08T16:12:15.685-0530: 1587.304: Total time for which application threads were stopped: 0.0000562 seconds
2016-06-08T16:12:15.724-0530: 1587.342: Total time for which application threads were stopped: 0.0001087 seconds
2016-06-08T16:12:15.724-0530: 1587.343: Total time for which application threads were stopped: 0.0001155 seconds
2016-06-08T16:12:15.725-0530: 1587.343: Total time for which application threads were stopped: 0.0000957 seconds
2016-06-08T16:12:15.725-0530: 1587.344: Total time for which application threads were stopped: 0.0000819 seconds
{Heap before GC invocations=220 (full 4):
 par new generation   total 109248K, used 109248K [0x00000007a0000000, 0x00000007a8000000, 0x00000007a8000000)
  eden space 87424K, 100% used [0x00000007a0000000, 0x00000007a5560000, 0x00000007a5560000)
  from space 21824K, 100% used [0x00000007a5560000, 0x00000007a6ab0000, 0x00000007a6ab0000)
  to   space 21824K,   0% used [0x00000007a6ab0000, 0x00000007a6ab0000, 0x00000007a8000000)
 concurrent mark-sweep generation total 393216K, used 137741K [0x00000007a8000000, 0x00000007c0000000, 0x00000007c0000000)
 Metaspace       used 29037K, capacity 29356K, committed 29768K, reserved 1075200K
  class space    used 3275K, capacity 3353K, committed 3400K, reserved 1048576K
2016-06-08T16:12:30.275-0530: 1601.894: [GC (Allocation Failure) 1601.894: [ParNew
Desired survivor size 20112992 bytes, new threshold 8 (max 8)
- age   1:    3921384 bytes,    3921384 total
- age   2:    2731208 bytes,    6652592 total
- age   3:    2507736 bytes,    9160328 total
- age   4:    2803136 bytes,   11963464 total
- age   5:    2915560 bytes,   14879024 total
- age   6:    1603192 bytes,   16482216 total
- age   8:     690128 bytes,   17172344 total
: 109248K->21824K(109248K), 0.0065080 secs] 246989K->162514K(502464K), 0.0065881 secs] [Times: user=0.02 sys=0.00, real=0.01 secs] 
Heap after GC invocations=221 (full 4):
 par new generation   total 109248K, used 21824K [0x00000007a0000000, 0x00000007a8000000, 0x00000007a8000000)
  eden space 87424K,   0% used [0x00000007a0000000, 0x00000007a0000000, 0x00000007a5560000)
  from space 21824K, 100% used [0x00000007a6ab0000, 0x00000007a8000000, 0x00000007a8000000)
  to   space 21824K,   0% used [0x00000007a5560000, 0x00000007a5560000, 0x00000007a6ab0000)
 concurrent mark-sweep generation total 393216K, used 140690K [0x00000007a8000000, 0x00000007c0000000, 0x00000007c0000000)
 Metaspace       used 29037K, capacity 29356K, committed 29768K, reserved 1075200K
  class space    used 3275K, capacity 3353K, committed 3400K, reserved 1048576K
}
2016-06-08T16:12:30.282-0530: 1601.901: Total time for which application threads were stopped: 0.0067783 seconds
2016-06-08T16:12:31.282-0530: 1602.902: Total time for which application threads were stopped: 0.0001443 seconds
{Heap before GC invocations=221 (full 4):
 par new generation   total 109248K, used 109248K [0x00000007a0000000, 0x00000007a8000000, 0x00000007a8000000)
  eden space 87424K, 100% used [0x00000007a0000000, 0x00000007a5560000, 0x00000007a5560000)
  from space 21824K, 100% used [0x00000007a6ab0000, 0x00000007a8000000, 0x00000007a8000000)
  to   space 21824K,   0% used [0x00000007a5560000, 0x00000007a5560000, 0x00000007a6ab0000)
 concurrent mark-sweep generation total 393216K, used 140690K [0x00000007a8000000, 0x00000007c0000000, 0x00000007c0000000)
 Metaspace       used 29045K, capacity 29356K, committed 29768K, reserved 1075200K
  class space    used 3275K, capacity 3353K, committed 3400K, reserved 1048576K
2016-06-08T16:12:50.408-0530: 1622.028: [GC (Allocation Failure) 1622.045: [ParNew
Desired survivor size 20112992 bytes, new threshold 8 (max 8)
- age   1:    3314624 bytes,    3314624 total
- age   2:    2923944 bytes,    6238568 total
- age   3:    2728216 bytes,    8966784 total
- age   4:    2440704 bytes,   11407488 total
- age   5:    2803136 bytes,   14210624 total
- age   6:    2915528 bytes,   17126152 total
- age   7:    1603192 bytes,   18729344 total
: 109248K->21824K(109248K), 0.0081657 secs] 249938K->163188K(502464K), 0.0258676 secs] [Times: user=0.02 sys=0.00, real=0.03 secs] 
Heap after GC invocations=222 (full 4):
 par new generation   total 109248K, used 21824K [0x00000007a0000000, 0x00000007a8000000, 0x00000007a8000000)
  eden space 87424K,   0% used [0x00000007a0000000, 0x00000007a0000000, 0x00000007a5560000)
  from space 21824K, 100% used [0x00000007a5560000, 0x00000007a6ab0000, 0x00000007a6ab0000)
  to   space 21824K,   0% used [0x00000007a6ab0000, 0x00000007a6ab0000, 0x00000007a8000000)
 concurrent mark-sweep generation total 393216K, used 141364K [0x00000007a8000000, 0x00000007c0000000, 0x00000007c0000000)
 Metaspace       used 29045K, capacity 29356K, committed 29768K, reserved 1075200K
  class space    used 3275K, capacity 3353K, committed 3400K, reserved 1048576K
}
2016-06-08T16:12:50.434-0530: 1622.054: Total time for which application threads were stopped: 0.0260647 seconds
{Heap before GC invocations=222 (full 4):
 par new generation   total 109248K, used 109248K [0x00000007a0000000, 0x00000007a8000000, 0x00000007a8000000)
  eden space 87424K, 100% used [0x00000007a0000000, 0x00000007a5560000, 0x00000007a5560000)
  from space 21824K, 100% used [0x00000007a5560000, 0x00000007a6ab0000, 0x00000007a6ab0000)
  to   space 21824K,   0% used [0x00000007a6ab0000, 0x00000007a6ab0000, 0x00000007a8000000)
 concurrent mark-sweep generation total 393216K, used 141364K [0x00000007a8000000, 0x00000007c0000000, 0x00000007c0000000)
 Metaspace       used 29045K, capacity 29356K, committed 29768K, reserved 1075200K
  class space    used 3275K, capacity 3353K, committed 3400K, reserved 1048576K
2016-06-08T16:12:51.099-0530: 1622.719: [GC (Allocation Failure) 1622.719: [ParNew
Desired survivor size 20112992 bytes, new threshold 7 (max 8)
- age   1:    6093064 bytes,    6093064 total
- age   2:    3132904 bytes,    9225968 total
- age   3:    2923016 bytes,   12148984 total
- age   4:    2661304 bytes,   14810288 total
- age   5:    2440704 bytes,   17250992 total
- age   6:    2351592 bytes,   19602584 total
- age   7:    2204272 bytes,   21806856 total
- age   8:     476872 bytes,   22283728 total
: 109248K->21824K(109248K), 0.0099318 secs] 250612K->165585K(502464K), 0.0100162 secs] [Times: user=0.03 sys=0.00, real=0.01 secs] 
Heap after GC invocations=223 (full 4):
 par new generation   total 109248K, used 21824K [0x00000007a0000000, 0x00000007a8000000, 0x00000007a8000000)
  eden space 87424K,   0% used [0x00000007a0000000, 0x00000007a0000000, 0x00000007a5560000)
  from space 21824K, 100% used [0x00000007a6ab0000, 0x00000007a8000000, 0x00000007a8000000)
  to   space 21824K,   0% used [0x00000007a5560000, 0x00000007a5560000, 0x00000007a6ab0000)
 concurrent mark-sweep generation total 393216K, used 143761K [0x00000007a8000000, 0x00000007c0000000, 0x00000007c0000000)
 Metaspace       used 29045K, capacity 29356K, committed 29768K, reserved 1075200K
  class space    used 3275K, capacity 3353K, committed 3400K, reserved 1048576K
}
2016-06-08T16:12:51.109-0530: 1622.729: Total time for which application threads were stopped: 0.0102271 seconds
2016-06-08T16:12:52.111-0530: 1623.731: Total time for which application threads were stopped: 0.0002631 seconds
{Heap before GC invocations=223 (full 4):
 par new generation   total 109248K, used 109248K [0x00000007a0000000, 0x00000007a8000000, 0x00000007a8000000)
  eden space 87424K, 100% used [0x00000007a0000000, 0x00000007a5560000, 0x00000007a5560000)
  from space 21824K, 100% used [0x00000007a6ab0000, 0x00000007a8000000, 0x00000007a8000000)
  to   space 21824K,   0% used [0x00000007a5560000, 0x00000007a5560000, 0x00000007a6ab0000)
 concurrent mark-sweep generation total 393216K, used 143761K [0x00000007a8000000, 0x00000007c0000000, 0x00000007c0000000)
 Metaspace       used 29045K, capacity 29356K, committed 29768K, reserved 1075200K
  class space    used 3275K, capacity 3353K, committed 3400K, reserved 1048576K
2016-06-08T16:13:11.202-0530: 1642.822: [GC (Allocation Failure) 1642.839: [ParNew
Desired survivor size 20112992 bytes, new threshold 8 (max 8)
- age   1:    6230072 bytes,    6230072 total
- age   2:    2521672 bytes,    8751744 total
- age   3:    2993936 bytes,   11745680 total
- age   4:    2921616 bytes,   14667296 total
- age   5:    1207648 bytes,   15874944 total
- age   6:    1079008 bytes,   16953952 total
- age   7:    1779176 bytes,   18733128 total
: 109248K->21824K(109248K), 0.0114223 secs] 253009K->171514K(502464K), 0.0286041 secs] [Times: user=0.02 sys=0.01, real=0.03 secs] 
Heap after GC invocations=224 (full 4):
 par new generation   total 109248K, used 21824K [0x00000007a0000000, 0x00000007a8000000, 0x00000007a8000000)
  eden space 87424K,   0% used [0x00000007a0000000, 0x00000007a0000000, 0x00000007a5560000)
  from space 21824K, 100% used [0x00000007a5560000, 0x00000007a6ab0000, 0x00000007a6ab0000)
  to   space 21824K,   0% used [0x00000007a6ab0000, 0x00000007a6ab0000, 0x00000007a8000000)
 concurrent mark-sweep generation total 393216K, used 149690K [0x00000007a8000000, 0x00000007c0000000, 0x00000007c0000000)
 Metaspace       used 29045K, capacity 29356K, committed 29768K, reserved 1075200K
  class space    used 3275K, capacity 3353K, committed 3400K, reserved 1048576K
}
2016-06-08T16:13:11.230-0530: 1642.851: Total time for which application threads were stopped: 0.0287837 seconds
2016-06-08T16:13:12.235-0530: 1643.855: Total time for which application threads were stopped: 0.0001946 seconds
{Heap before GC invocations=224 (full 4):
 par new generation   total 109248K, used 109248K [0x00000007a0000000, 0x00000007a8000000, 0x00000007a8000000)
  eden space 87424K, 100% used [0x00000007a0000000, 0x00000007a5560000, 0x00000007a5560000)
  from space 21824K, 100% used [0x00000007a5560000, 0x00000007a6ab0000, 0x00000007a6ab0000)
  to   space 21824K,   0% used [0x00000007a6ab0000, 0x00000007a6ab0000, 0x00000007a8000000)
 concurrent mark-sweep generation total 393216K, used 149690K [0x00000007a8000000, 0x00000007c0000000, 0x00000007c0000000)
 Metaspace       used 29045K, capacity 29356K, committed 29768K, reserved 1075200K
  class space    used 3275K, capacity 3353K, committed 3400K, reserved 1048576K
2016-06-08T16:13:24.801-0530: 1656.422: [GC (Allocation Failure) 1656.422: [ParNew
Desired survivor size 20112992 bytes, new threshold 8 (max 8)
- age   1:    6141896 bytes,    6141896 total
- age   2:    2607672 bytes,    8749568 total
- age   3:    2521520 bytes,   11271088 total
- age   4:    2992760 bytes,   14263848 total
- age   5:    2724672 bytes,   16988520 total
- age   6:    1207456 bytes,   18195976 total
- age   7:    1026752 bytes,   19222728 total
- age   8:    1727176 bytes,   20949904 total
: 109248K->21824K(109248K), 0.0068196 secs] 258938K->171742K(502464K), 0.0068801 secs] [Times: user=0.02 sys=0.00, real=0.00 secs] 
Heap after GC invocations=225 (full 4):
 par new generation   total 109248K, used 21824K [0x00000007a0000000, 0x00000007a8000000, 0x00000007a8000000)
  eden space 87424K,   0% used [0x00000007a0000000, 0x00000007a0000000, 0x00000007a5560000)
  from space 21824K, 100% used [0x00000007a6ab0000, 0x00000007a8000000, 0x00000007a8000000)
  to   space 21824K,   0% used [0x00000007a5560000, 0x00000007a5560000, 0x00000007a6ab0000)
 concurrent mark-sweep generation total 393216K, used 149918K [0x00000007a8000000, 0x00000007c0000000, 0x00000007c0000000)
 Metaspace       used 29045K, capacity 29356K, committed 29768K, reserved 1075200K
  class space    used 3275K, capacity 3353K, committed 3400K, reserved 1048576K
}
2016-06-08T16:13:24.808-0530: 1656.429: Total time for which application threads were stopped: 0.0070637 seconds
2016-06-08T16:13:24.966-0530: 1656.586: Total time for which application threads were stopped: 0.0000945 seconds
2016-06-08T16:13:24.966-0530: 1656.587: Total time for which application threads were stopped: 0.0001227 seconds
2016-06-08T16:13:24.966-0530: 1656.587: Total time for which application threads were stopped: 0.0000802 seconds
2016-06-08T16:13:24.966-0530: 1656.587: Total time for which application threads were stopped: 0.0000497 seconds
2016-06-08T16:13:24.967-0530: 1656.588: Total time for which application threads were stopped: 0.0000826 seconds
2016-06-08T16:13:24.967-0530: 1656.588: Total time for which application threads were stopped: 0.0000443 seconds
2016-06-08T16:13:24.967-0530: 1656.588: Total time for which application threads were stopped: 0.0000429 seconds
2016-06-08T16:13:24.967-0530: 1656.588: Total time for which application threads were stopped: 0.0000425 seconds
2016-06-08T16:13:24.987-0530: 1656.608: Total time for which application threads were stopped: 0.0000992 seconds
2016-06-08T16:13:24.987-0530: 1656.608: Total time for which application threads were stopped: 0.0000539 seconds
2016-06-08T16:13:24.987-0530: 1656.608: Total time for which application threads were stopped: 0.0000734 seconds
2016-06-08T16:13:24.988-0530: 1656.608: Total time for which application threads were stopped: 0.0000682 seconds
{Heap before GC invocations=225 (full 4):
 par new generation   total 109248K, used 109248K [0x00000007a0000000, 0x00000007a8000000, 0x00000007a8000000)
  eden space 87424K, 100% used [0x00000007a0000000, 0x00000007a5560000, 0x00000007a5560000)
  from space 21824K, 100% used [0x00000007a6ab0000, 0x00000007a8000000, 0x00000007a8000000)
  to   space 21824K,   0% used [0x00000007a5560000, 0x00000007a5560000, 0x00000007a6ab0000)
 concurrent mark-sweep generation total 393216K, used 149918K [0x00000007a8000000, 0x00000007c0000000, 0x00000007c0000000)
 Metaspace       used 29045K, capacity 29356K, committed 29768K, reserved 1075200K
  class space    used 3275K, capacity 3353K, committed 3400K, reserved 1048576K
2016-06-08T16:13:30.712-0530: 1662.333: [GC (Allocation Failure) 1662.333: [ParNew
Desired survivor size 20112992 bytes, new threshold 8 (max 8)
- age   1:    6229696 bytes,    6229696 total
- age   2:    2906136 bytes,    9135832 total
- age   3:    2590904 bytes,   11726736 total
- age   4:    1672816 bytes,   13399552 total
- age   5:    2925768 bytes,   16325320 total
- age   6:    2644592 bytes,   18969912 total
- age   7:    1128216 bytes,   20098128 total
- age   8:    1026752 bytes,   21124880 total
: 109248K->21824K(109248K), 0.0084492 secs] 259166K->174489K(502464K), 0.0085247 secs] [Times: user=0.02 sys=0.01, real=0.01 secs] 
Heap after GC invocations=226 (full 4):
 par new generation   total 109248K, used 21824K [0x00000007a0000000, 0x00000007a8000000, 0x00000007a8000000)
  eden space 87424K,   0% used [0x00000007a0000000, 0x00000007a0000000, 0x00000007a5560000)
  from space 21824K, 100% used [0x00000007a5560000, 0x00000007a6ab0000, 0x00000007a6ab0000)
  to   space 21824K,   0% used [0x00000007a6ab0000, 0x00000007a6ab0000, 0x00000007a8000000)
 concurrent mark-sweep generation total 393216K, used 152665K [0x00000007a8000000, 0x00000007c0000000, 0x00000007c0000000)
 Metaspace       used 29045K, capacity 29356K, committed 29768K, reserved 1075200K
  class space    used 3275K, capacity 3353K, committed 3400K, reserved 1048576K
}
2016-06-08T16:13:30.720-0530: 1662.341: Total time for which application threads were stopped: 0.0087159 seconds
2016-06-08T16:13:30.977-0530: 1662.598: Total time for which application threads were stopped: 0.0000930 seconds
2016-06-08T16:13:30.978-0530: 1662.599: Total time for which application threads were stopped: 0.0000572 seconds
2016-06-08T16:13:30.979-0530: 1662.600: Total time for which application threads were stopped: 0.0000895 seconds
2016-06-08T16:13:30.980-0530: 1662.602: Total time for which application threads were stopped: 0.0001119 seconds
2016-06-08T16:13:30.981-0530: 1662.602: Total time for which application threads were stopped: 0.0001236 seconds
2016-06-08T16:13:30.981-0530: 1662.603: Total time for which application threads were stopped: 0.0000742 seconds
2016-06-08T16:13:30.989-0530: 1662.610: Total time for which application threads were stopped: 0.0001558 seconds
2016-06-08T16:13:30.994-0530: 1662.615: Total time for which application threads were stopped: 0.0001151 seconds
2016-06-08T16:13:30.999-0530: 1662.620: Total time for which application threads were stopped: 0.0001085 seconds
2016-06-08T16:13:31.001-0530: 1662.622: Total time for which application threads were stopped: 0.0001025 seconds
2016-06-08T16:13:31.001-0530: 1662.622: Total time for which application threads were stopped: 0.0000753 seconds
2016-06-08T16:13:31.001-0530: 1662.622: Total time for which application threads were stopped: 0.0001538 seconds
2016-06-08T16:13:31.005-0530: 1662.626: Total time for which application threads were stopped: 0.0000962 seconds
2016-06-08T16:13:31.011-0530: 1662.632: Total time for which application threads were stopped: 0.0000917 seconds
2016-06-08T16:13:31.017-0530: 1662.638: Total time for which application threads were stopped: 0.0000963 seconds
2016-06-08T16:13:31.024-0530: 1662.645: Total time for which application threads were stopped: 0.0001270 seconds
2016-06-08T16:13:31.029-0530: 1662.650: Total time for which application threads were stopped: 0.0001007 seconds
2016-06-08T16:13:31.067-0530: 1662.688: Total time for which application threads were stopped: 0.0001118 seconds
2016-06-08T16:13:31.210-0530: 1662.831: Total time for which application threads were stopped: 0.0001690 seconds
{Heap before GC invocations=226 (full 4):
 par new generation   total 109248K, used 109248K [0x00000007a0000000, 0x00000007a8000000, 0x00000007a8000000)
  eden space 87424K, 100% used [0x00000007a0000000, 0x00000007a5560000, 0x00000007a5560000)
  from space 21824K, 100% used [0x00000007a5560000, 0x00000007a6ab0000, 0x00000007a6ab0000)
  to   space 21824K,   0% used [0x00000007a6ab0000, 0x00000007a6ab0000, 0x00000007a8000000)
 concurrent mark-sweep generation total 393216K, used 152665K [0x00000007a8000000, 0x00000007c0000000, 0x00000007c0000000)
 Metaspace       used 29046K, capacity 29356K, committed 29768K, reserved 1075200K
  class space    used 3275K, capacity 3353K, committed 3400K, reserved 1048576K
2016-06-08T16:13:31.368-0530: 1662.989: [GC (Allocation Failure) 1662.989: [ParNew
Desired survivor size 20112992 bytes, new threshold 8 (max 8)
- age   1:    2435976 bytes,    2435976 total
- age   2:    2924488 bytes,    5360464 total
- age   3:    2905744 bytes,    8266208 total
- age   4:    2183704 bytes,   10449912 total
- age   5:    1672816 bytes,   12122728 total
- age   6:    2925688 bytes,   15048416 total
- age   7:    2644512 bytes,   17692928 total
- age   8:    1128176 bytes,   18821104 total
: 109248K->21824K(109248K), 0.0066534 secs] 261913K->175825K(502464K), 0.0067188 secs] [Times: user=0.02 sys=0.00, real=0.01 secs] 
Heap after GC invocations=227 (full 4):
 par new generation   total 109248K, used 21824K [0x00000007a0000000, 0x00000007a8000000, 0x00000007a8000000)
  eden space 87424K,   0% used [0x00000007a0000000, 0x00000007a0000000, 0x00000007a5560000)
  from space 21824K, 100% used [0x00000007a6ab0000, 0x00000007a8000000, 0x00000007a8000000)
  to   space 21824K,   0% used [0x00000007a5560000, 0x00000007a5560000, 0x00000007a6ab0000)
 concurrent mark-sweep generation total 393216K, used 154001K [0x00000007a8000000, 0x00000007c0000000, 0x00000007c0000000)
 Metaspace       used 29046K, capacity 29356K, committed 29768K, reserved 1075200K
  class space    used 3275K, capacity 3353K, committed 3400K, reserved 1048576K
}
2016-06-08T16:13:31.375-0530: 1662.996: Total time for which application threads were stopped: 0.0069156 seconds
2016-06-08T16:13:32.377-0530: 1663.999: Total time for which application threads were stopped: 0.0001069 seconds
2016-06-08T16:13:36.385-0530: 1668.006: Total time for which application threads were stopped: 0.0001708 seconds
{Heap before GC invocations=227 (full 4):
 par new generation   total 109248K, used 109246K [0x00000007a0000000, 0x00000007a8000000, 0x00000007a8000000)
  eden space 87424K,  99% used [0x00000007a0000000, 0x00000007a555f9a8, 0x00000007a5560000)
  from space 21824K, 100% used [0x00000007a6ab0000, 0x00000007a8000000, 0x00000007a8000000)
  to   space 21824K,   0% used [0x00000007a5560000, 0x00000007a5560000, 0x00000007a6ab0000)
 concurrent mark-sweep generation total 393216K, used 154001K [0x00000007a8000000, 0x00000007c0000000, 0x00000007c0000000)
 Metaspace       used 29046K, capacity 29356K, committed 29768K, reserved 1075200K
  class space    used 3275K, capacity 3353K, committed 3400K, reserved 1048576K
2016-06-08T16:13:36.396-0530: 1668.017: [GC (Allocation Failure) 1668.017: [ParNew
Desired survivor size 20112992 bytes, new threshold 8 (max 8)
- age   1:    1069880 bytes,    1069880 total
- age   2:    2183544 bytes,    3253424 total
- age   3:    2923232 bytes,    6176656 total
- age   4:    2855184 bytes,    9031840 total
- age   5:    2174408 bytes,   11206248 total
- age   6:    1477112 bytes,   12683360 total
- age   7:    2909840 bytes,   15593200 total
- age   8:    2517448 bytes,   18110648 total
: 109246K->21824K(109248K), 0.0062344 secs] 263247K->177317K(502464K), 0.0062908 secs] [Times: user=0.02 sys=0.00, real=0.01 secs] 
Heap after GC invocations=228 (full 4):
 par new generation   total 109248K, used 21824K [0x00000007a0000000, 0x00000007a8000000, 0x00000007a8000000)
  eden space 87424K,   0% used [0x00000007a0000000, 0x00000007a0000000, 0x00000007a5560000)
  from space 21824K, 100% used [0x00000007a5560000, 0x00000007a6ab0000, 0x00000007a6ab0000)
  to   space 21824K,   0% used [0x00000007a6ab0000, 0x00000007a6ab0000, 0x00000007a8000000)
 concurrent mark-sweep generation total 393216K, used 155493K [0x00000007a8000000, 0x00000007c0000000, 0x00000007c0000000)
 Metaspace       used 29046K, capacity 29356K, committed 29768K, reserved 1075200K
  class space    used 3275K, capacity 3353K, committed 3400K, reserved 1048576K
}
2016-06-08T16:13:36.402-0530: 1668.023: Total time for which application threads were stopped: 0.0064765 seconds
{Heap before GC invocations=228 (full 4):
 par new generation   total 109248K, used 109248K [0x00000007a0000000, 0x00000007a8000000, 0x00000007a8000000)
  eden space 87424K, 100% used [0x00000007a0000000, 0x00000007a5560000, 0x00000007a5560000)
  from space 21824K, 100% used [0x00000007a5560000, 0x00000007a6ab0000, 0x00000007a6ab0000)
  to   space 21824K,   0% used [0x00000007a6ab0000, 0x00000007a6ab0000, 0x00000007a8000000)
 concurrent mark-sweep generation total 393216K, used 155493K [0x00000007a8000000, 0x00000007c0000000, 0x00000007c0000000)
 Metaspace       used 29046K, capacity 29356K, committed 29768K, reserved 1075200K
  class space    used 3275K, capacity 3353K, committed 3400K, reserved 1048576K
2016-06-08T16:13:36.922-0530: 1668.544: [GC (Allocation Failure) 1668.544: [ParNew
Desired survivor size 20112992 bytes, new threshold 8 (max 8)
- age   1:    5638528 bytes,    5638528 total
- age   2:     668416 bytes,    6306944 total
- age   3:    2176552 bytes,    8483496 total
- age   4:    2922984 bytes,   11406480 total
- age   5:    2787008 bytes,   14193488 total
- age   6:    1528488 bytes,   15721976 total
- age   7:    1477112 bytes,   17199088 total
- age   8:    2904112 bytes,   20103200 total
: 109248K->21824K(109248K), 0.0086195 secs] 264741K->180995K(502464K), 0.0087028 secs] [Times: user=0.02 sys=0.01, real=0.01 secs] 
Heap after GC invocations=229 (full 4):
 par new generation   total 109248K, used 21824K [0x00000007a0000000, 0x00000007a8000000, 0x00000007a8000000)
  eden space 87424K,   0% used [0x00000007a0000000, 0x00000007a0000000, 0x00000007a5560000)
  from space 21824K, 100% used [0x00000007a6ab0000, 0x00000007a8000000, 0x00000007a8000000)
  to   space 21824K,   0% used [0x00000007a5560000, 0x00000007a5560000, 0x00000007a6ab0000)
 concurrent mark-sweep generation total 393216K, used 159171K [0x00000007a8000000, 0x00000007c0000000, 0x00000007c0000000)
 Metaspace       used 29046K, capacity 29356K, committed 29768K, reserved 1075200K
  class space    used 3275K, capacity 3353K, committed 3400K, reserved 1048576K
}
2016-06-08T16:13:36.931-0530: 1668.553: Total time for which application threads were stopped: 0.0088942 seconds
2016-06-08T16:13:36.968-0530: 1668.589: Total time for which application threads were stopped: 0.0000974 seconds
2016-06-08T16:13:36.968-0530: 1668.590: Total time for which application threads were stopped: 0.0000958 seconds
2016-06-08T16:13:36.968-0530: 1668.590: Total time for which application threads were stopped: 0.0000930 seconds
2016-06-08T16:13:37.025-0530: 1668.647: Total time for which application threads were stopped: 0.0001134 seconds
2016-06-08T16:13:37.026-0530: 1668.647: Total time for which application threads were stopped: 0.0000863 seconds
2016-06-08T16:13:37.026-0530: 1668.647: Total time for which application threads were stopped: 0.0000663 seconds
{Heap before GC invocations=229 (full 4):
 par new generation   total 109248K, used 109232K [0x00000007a0000000, 0x00000007a8000000, 0x00000007a8000000)
  eden space 87424K,  99% used [0x00000007a0000000, 0x00000007a555c1b0, 0x00000007a5560000)
  from space 21824K, 100% used [0x00000007a6ab0000, 0x00000007a8000000, 0x00000007a8000000)
  to   space 21824K,   0% used [0x00000007a5560000, 0x00000007a5560000, 0x00000007a6ab0000)
 concurrent mark-sweep generation total 393216K, used 159171K [0x00000007a8000000, 0x00000007c0000000, 0x00000007c0000000)
 Metaspace       used 29047K, capacity 29356K, committed 29768K, reserved 1075200K
  class space    used 3275K, capacity 3353K, committed 3400K, reserved 1048576K
2016-06-08T16:13:42.746-0530: 1674.368: [GC (Allocation Failure) 1674.368: [ParNew
Desired survivor size 20112992 bytes, new threshold 8 (max 8)
- age   1:    5788192 bytes,    5788192 total
- age   2:    4427480 bytes,   10215672 total
- age   3:     621920 bytes,   10837592 total
- age   4:    1465792 bytes,   12303384 total
- age   5:    2548976 bytes,   14852360 total
- age   6:    2777968 bytes,   17630328 total
- age   7:    1070840 bytes,   18701168 total
- age   8:    1253440 bytes,   19954608 total
: 109232K->21824K(109248K), 0.0112680 secs] 268404K->186702K(502464K), 0.0113617 secs] [Times: user=0.02 sys=0.02, real=0.01 secs] 
Heap after GC invocations=230 (full 4):
 par new generation   total 109248K, used 21824K [0x00000007a0000000, 0x00000007a8000000, 0x00000007a8000000)
  eden space 87424K,   0% used [0x00000007a0000000, 0x00000007a0000000, 0x00000007a5560000)
  from space 21824K, 100% used [0x00000007a5560000, 0x00000007a6ab0000, 0x00000007a6ab0000)
  to   space 21824K,   0% used [0x00000007a6ab0000, 0x00000007a6ab0000, 0x00000007a8000000)
 concurrent mark-sweep generation total 393216K, used 164878K [0x00000007a8000000, 0x00000007c0000000, 0x00000007c0000000)
 Metaspace       used 29047K, capacity 29356K, committed 29768K, reserved 1075200K
  class space    used 3275K, capacity 3353K, committed 3400K, reserved 1048576K
}
2016-06-08T16:13:42.758-0530: 1674.379: Total time for which application threads were stopped: 0.0115470 seconds
2016-06-08T16:13:42.782-0530: 1674.403: Total time for which application threads were stopped: 0.0000975 seconds
2016-06-08T16:13:42.782-0530: 1674.403: Total time for which application threads were stopped: 0.0000643 seconds
2016-06-08T16:13:42.782-0530: 1674.404: Total time for which application threads were stopped: 0.0000602 seconds
2016-06-08T16:13:42.782-0530: 1674.404: Total time for which application threads were stopped: 0.0000509 seconds
2016-06-08T16:13:42.783-0530: 1674.404: Total time for which application threads were stopped: 0.0000595 seconds
2016-06-08T16:13:42.783-0530: 1674.404: Total time for which application threads were stopped: 0.0000456 seconds
2016-06-08T16:13:42.783-0530: 1674.404: Total time for which application threads were stopped: 0.0000475 seconds
2016-06-08T16:13:42.783-0530: 1674.404: Total time for which application threads were stopped: 0.0001594 seconds
2016-06-08T16:13:42.783-0530: 1674.404: Total time for which application threads were stopped: 0.0000456 seconds
2016-06-08T16:13:42.847-0530: 1674.469: Total time for which application threads were stopped: 0.0001542 seconds
2016-06-08T16:13:42.848-0530: 1674.469: Total time for which application threads were stopped: 0.0001358 seconds
2016-06-08T16:13:42.848-0530: 1674.469: Total time for which application threads were stopped: 0.0001790 seconds
{Heap before GC invocations=230 (full 4):
 par new generation   total 109248K, used 109202K [0x00000007a0000000, 0x00000007a8000000, 0x00000007a8000000)
  eden space 87424K,  99% used [0x00000007a0000000, 0x00000007a5554b40, 0x00000007a5560000)
  from space 21824K, 100% used [0x00000007a5560000, 0x00000007a6ab0000, 0x00000007a6ab0000)
  to   space 21824K,   0% used [0x00000007a6ab0000, 0x00000007a6ab0000, 0x00000007a8000000)
 concurrent mark-sweep generation total 393216K, used 164878K [0x00000007a8000000, 0x00000007c0000000, 0x00000007c0000000)
 Metaspace       used 29047K, capacity 29356K, committed 29768K, reserved 1075200K
  class space    used 3275K, capacity 3353K, committed 3400K, reserved 1048576K
2016-06-08T16:13:48.823-0530: 1680.445: [GC (Allocation Failure) 1680.445: [ParNew
Desired survivor size 20112992 bytes, new threshold 8 (max 8)
- age   1:    4868232 bytes,    4868232 total
- age   2:    2569976 bytes,    7438208 total
- age   3:    3147408 bytes,   10585616 total
- age   4:     357992 bytes,   10943608 total
- age   5:    1352072 bytes,   12295680 total
- age   6:    2548872 bytes,   14844552 total
- age   7:    2777072 bytes,   17621624 total
- age   8:     987640 bytes,   18609264 total
: 109202K->21824K(109248K), 0.0156236 secs] 274081K->191331K(502464K), 0.0156820 secs] [Times: user=0.03 sys=0.02, real=0.01 secs] 
Heap after GC invocations=231 (full 4):
 par new generation   total 109248K, used 21824K [0x00000007a0000000, 0x00000007a8000000, 0x00000007a8000000)
  eden space 87424K,   0% used [0x00000007a0000000, 0x00000007a0000000, 0x00000007a5560000)
  from space 21824K, 100% used [0x00000007a6ab0000, 0x00000007a8000000, 0x00000007a8000000)
  to   space 21824K,   0% used [0x00000007a5560000, 0x00000007a5560000, 0x00000007a6ab0000)
 concurrent mark-sweep generation total 393216K, used 169507K [0x00000007a8000000, 0x00000007c0000000, 0x00000007c0000000)
 Metaspace       used 29047K, capacity 29356K, committed 29768K, reserved 1075200K
  class space    used 3275K, capacity 3353K, committed 3400K, reserved 1048576K
}
2016-06-08T16:13:48.839-0530: 1680.461: Total time for which application threads were stopped: 0.0158763 seconds
2016-06-08T16:13:48.938-0530: 1680.560: Total time for which application threads were stopped: 0.0001026 seconds
2016-06-08T16:13:48.939-0530: 1680.561: Total time for which application threads were stopped: 0.0000652 seconds
2016-06-08T16:13:48.939-0530: 1680.561: Total time for which application threads were stopped: 0.0000575 seconds
2016-06-08T16:13:48.960-0530: 1680.582: Total time for which application threads were stopped: 0.0001090 seconds
2016-06-08T16:13:48.961-0530: 1680.582: Total time for which application threads were stopped: 0.0001692 seconds
2016-06-08T16:13:48.961-0530: 1680.582: Total time for which application threads were stopped: 0.0000623 seconds
{Heap before GC invocations=231 (full 4):
 par new generation   total 109248K, used 109248K [0x00000007a0000000, 0x00000007a8000000, 0x00000007a8000000)
  eden space 87424K, 100% used [0x00000007a0000000, 0x00000007a5560000, 0x00000007a5560000)
  from space 21824K, 100% used [0x00000007a6ab0000, 0x00000007a8000000, 0x00000007a8000000)
  to   space 21824K,   0% used [0x00000007a5560000, 0x00000007a5560000, 0x00000007a6ab0000)
 concurrent mark-sweep generation total 393216K, used 169507K [0x00000007a8000000, 0x00000007c0000000, 0x00000007c0000000)
 Metaspace       used 29047K, capacity 29356K, committed 29768K, reserved 1075200K
  class space    used 3275K, capacity 3353K, committed 3400K, reserved 1048576K
2016-06-08T16:13:54.624-0530: 1686.245: [GC (Allocation Failure) 1686.245: [ParNew
Desired survivor size 20112992 bytes, new threshold 8 (max 8)
- age   1:    5350128 bytes,    5350128 total
- age   2:    4516472 bytes,    9866600 total
- age   3:    2569632 bytes,   12436232 total
- age   4:    3130544 bytes,   15566776 total
- age   5:     357920 bytes,   15924696 total
- age   6:    1352072 bytes,   17276768 total
- age   7:    2548872 bytes,   19825640 total
- age   8:    2457672 bytes,   22283312 total
: 109248K->21824K(109248K), 0.0094385 secs] 278755K->193764K(502464K), 0.0095135 secs] [Times: user=0.02 sys=0.00, real=0.01 secs] 
Heap after GC invocations=232 (full 4):
 par new generation   total 109248K, used 21824K [0x00000007a0000000, 0x00000007a8000000, 0x00000007a8000000)
  eden space 87424K,   0% used [0x00000007a0000000, 0x00000007a0000000, 0x00000007a5560000)
  from space 21824K, 100% used [0x00000007a5560000, 0x00000007a6ab0000, 0x00000007a6ab0000)
  to   space 21824K,   0% used [0x00000007a6ab0000, 0x00000007a6ab0000, 0x00000007a8000000)
 concurrent mark-sweep generation total 393216K, used 171940K [0x00000007a8000000, 0x00000007c0000000, 0x00000007c0000000)
 Metaspace       used 29047K, capacity 29356K, committed 29768K, reserved 1075200K
  class space    used 3275K, capacity 3353K, committed 3400K, reserved 1048576K
}
2016-06-08T16:13:54.633-0530: 1686.255: Total time for which application threads were stopped: 0.0096936 seconds
2016-06-08T16:13:54.812-0530: 1686.434: Total time for which application threads were stopped: 0.0000988 seconds
2016-06-08T16:13:54.812-0530: 1686.434: Total time for which application threads were stopped: 0.0000708 seconds
2016-06-08T16:13:54.901-0530: 1686.523: Total time for which application threads were stopped: 0.0001320 seconds
2016-06-08T16:13:54.901-0530: 1686.523: Total time for which application threads were stopped: 0.0000879 seconds
2016-06-08T16:13:54.901-0530: 1686.523: Total time for which application threads were stopped: 0.0000719 seconds
{Heap before GC invocations=232 (full 4):
 par new generation   total 109248K, used 109076K [0x00000007a0000000, 0x00000007a8000000, 0x00000007a8000000)
  eden space 87424K,  99% used [0x00000007a0000000, 0x00000007a5535348, 0x00000007a5560000)
  from space 21824K, 100% used [0x00000007a5560000, 0x00000007a6ab0000, 0x00000007a6ab0000)
  to   space 21824K,   0% used [0x00000007a6ab0000, 0x00000007a6ab0000, 0x00000007a8000000)
 concurrent mark-sweep generation total 393216K, used 171940K [0x00000007a8000000, 0x00000007c0000000, 0x00000007c0000000)
 Metaspace       used 29047K, capacity 29356K, committed 29768K, reserved 1075200K
  class space    used 3275K, capacity 3353K, committed 3400K, reserved 1048576K
2016-06-08T16:14:00.550-0530: 1692.172: [GC (Allocation Failure) 1692.172: [ParNew
Desired survivor size 20112992 bytes, new threshold 8 (max 8)
- age   1:    5437200 bytes,    5437200 total
- age   2:    4878392 bytes,   10315592 total
- age   3:    4377736 bytes,   14693328 total
- age   4:    1242240 bytes,   15935568 total
- age   5:    2152824 bytes,   18088392 total
- age   6:     357656 bytes,   18446048 total
- age   7:    1350808 bytes,   19796856 total
- age   8:    2547144 bytes,   22344000 total
: 109076K->21824K(109248K), 0.0107065 secs] 281017K->199764K(502464K), 0.0107904 secs] [Times: user=0.02 sys=0.01, real=0.01 secs] 
Heap after GC invocations=233 (full 4):
 par new generation   total 109248K, used 21824K [0x00000007a0000000, 0x00000007a8000000, 0x00000007a8000000)
  eden space 87424K,   0% used [0x00000007a0000000, 0x00000007a0000000, 0x00000007a5560000)
  from space 21824K, 100% used [0x00000007a6ab0000, 0x00000007a8000000, 0x00000007a8000000)
  to   space 21824K,   0% used [0x00000007a5560000, 0x00000007a5560000, 0x00000007a6ab0000)
 concurrent mark-sweep generation total 393216K, used 177940K [0x00000007a8000000, 0x00000007c0000000, 0x00000007c0000000)
 Metaspace       used 29047K, capacity 29356K, committed 29768K, reserved 1075200K
  class space    used 3275K, capacity 3353K, committed 3400K, reserved 1048576K
}
2016-06-08T16:14:00.561-0530: 1692.183: Total time for which application threads were stopped: 0.0109902 seconds
2016-06-08T16:14:00.835-0530: 1692.457: Total time for which application threads were stopped: 0.0000977 seconds
2016-06-08T16:14:00.835-0530: 1692.457: Total time for which application threads were stopped: 0.0000650 seconds
2016-06-08T16:14:00.853-0530: 1692.475: Total time for which application threads were stopped: 0.0000932 seconds
2016-06-08T16:14:00.854-0530: 1692.476: Total time for which application threads were stopped: 0.0000798 seconds
2016-06-08T16:14:00.854-0530: 1692.476: Total time for which application threads were stopped: 0.0000444 seconds
{Heap before GC invocations=233 (full 4):
 par new generation   total 109248K, used 109248K [0x00000007a0000000, 0x00000007a8000000, 0x00000007a8000000)
  eden space 87424K, 100% used [0x00000007a0000000, 0x00000007a5560000, 0x00000007a5560000)
  from space 21824K, 100% used [0x00000007a6ab0000, 0x00000007a8000000, 0x00000007a8000000)
  to   space 21824K,   0% used [0x00000007a5560000, 0x00000007a5560000, 0x00000007a6ab0000)
 concurrent mark-sweep generation total 393216K, used 177940K [0x00000007a8000000, 0x00000007c0000000, 0x00000007c0000000)
 Metaspace       used 29051K, capacity 29356K, committed 29768K, reserved 1075200K
  class space    used 3275K, capacity 3353K, committed 3400K, reserved 1048576K
2016-06-08T16:14:06.273-0530: 1697.895: [GC (Allocation Failure) 1697.895: [ParNew
Desired survivor size 20112992 bytes, new threshold 8 (max 8)
- age   1:    4943936 bytes,    4943936 total
- age   2:    2536408 bytes,    7480344 total
- age   3:    4838912 bytes,   12319256 total
- age   4:    3350976 bytes,   15670232 total
- age   5:    1242088 bytes,   16912320 total
- age   6:    2152824 bytes,   19065144 total
- age   7:     357656 bytes,   19422800 total
- age   8:    1350656 bytes,   20773456 total
: 109248K->21824K(109248K), 0.0080912 secs] 287188K->203723K(502464K), 0.0081539 secs] [Times: user=0.02 sys=0.01, real=0.01 secs] 
Heap after GC invocations=234 (full 4):
 par new generation   total 109248K, used 21824K [0x00000007a0000000, 0x00000007a8000000, 0x00000007a8000000)
  eden space 87424K,   0% used [0x00000007a0000000, 0x00000007a0000000, 0x00000007a5560000)
  from space 21824K, 100% used [0x00000007a5560000, 0x00000007a6ab0000, 0x00000007a6ab0000)
  to   space 21824K,   0% used [0x00000007a6ab0000, 0x00000007a6ab0000, 0x00000007a8000000)
 concurrent mark-sweep generation total 393216K, used 181899K [0x00000007a8000000, 0x00000007c0000000, 0x00000007c0000000)
 Metaspace       used 29051K, capacity 29356K, committed 29768K, reserved 1075200K
  class space    used 3275K, capacity 3353K, committed 3400K, reserved 1048576K
}
2016-06-08T16:14:06.281-0530: 1697.903: Total time for which application threads were stopped: 0.0083409 seconds
2016-06-08T16:14:06.680-0530: 1698.302: Total time for which application threads were stopped: 0.0000940 seconds
2016-06-08T16:14:06.681-0530: 1698.303: Total time for which application threads were stopped: 0.0000697 seconds
2016-06-08T16:14:06.681-0530: 1698.303: Total time for which application threads were stopped: 0.0001224 seconds
2016-06-08T16:14:06.702-0530: 1698.324: Total time for which application threads were stopped: 0.0001119 seconds
2016-06-08T16:14:06.702-0530: 1698.324: Total time for which application threads were stopped: 0.0000579 seconds
2016-06-08T16:14:06.702-0530: 1698.324: Total time for which application threads were stopped: 0.0001061 seconds
{Heap before GC invocations=234 (full 4):
 par new generation   total 109248K, used 109245K [0x00000007a0000000, 0x00000007a8000000, 0x00000007a8000000)
  eden space 87424K,  99% used [0x00000007a0000000, 0x00000007a555f4f0, 0x00000007a5560000)
  from space 21824K, 100% used [0x00000007a5560000, 0x00000007a6ab0000, 0x00000007a6ab0000)
  to   space 21824K,   0% used [0x00000007a6ab0000, 0x00000007a6ab0000, 0x00000007a8000000)
 concurrent mark-sweep generation total 393216K, used 181899K [0x00000007a8000000, 0x00000007c0000000, 0x00000007c0000000)
 Metaspace       used 29052K, capacity 29356K, committed 29768K, reserved 1075200K
  class space    used 3275K, capacity 3353K, committed 3400K, reserved 1048576K
2016-06-08T16:14:12.424-0530: 1704.046: [GC (Allocation Failure) 1704.057: [ParNew
Desired survivor size 20112992 bytes, new threshold 7 (max 8)
- age   1:    4369304 bytes,    4369304 total
- age   2:    2829552 bytes,    7198856 total
- age   3:    2536264 bytes,    9735120 total
- age   4:    4706360 bytes,   14441480 total
- age   5:    2564160 bytes,   17005640 total
- age   6:    1241936 bytes,   18247576 total
- age   7:    2152824 bytes,   20400400 total
- age   8:     357656 bytes,   20758056 total
: 109245K->21824K(109248K), 0.0109617 secs] 291144K->205973K(502464K), 0.0219549 secs] [Times: user=0.03 sys=0.01, real=0.02 secs] 
Heap after GC invocations=235 (full 4):
 par new generation   total 109248K, used 21824K [0x00000007a0000000, 0x00000007a8000000, 0x00000007a8000000)
  eden space 87424K,   0% used [0x00000007a0000000, 0x00000007a0000000, 0x00000007a5560000)
  from space 21824K, 100% used [0x00000007a6ab0000, 0x00000007a8000000, 0x00000007a8000000)
  to   space 21824K,   0% used [0x00000007a5560000, 0x00000007a5560000, 0x00000007a6ab0000)
 concurrent mark-sweep generation total 393216K, used 184149K [0x00000007a8000000, 0x00000007c0000000, 0x00000007c0000000)
 Metaspace       used 29052K, capacity 29356K, committed 29768K, reserved 1075200K
  class space    used 3275K, capacity 3353K, committed 3400K, reserved 1048576K
}
2016-06-08T16:14:12.446-0530: 1704.068: Total time for which application threads were stopped: 0.0222177 seconds
2016-06-08T16:14:12.938-0530: 1704.561: Total time for which application threads were stopped: 0.0000887 seconds
2016-06-08T16:14:12.939-0530: 1704.561: Total time for which application threads were stopped: 0.0000644 seconds
2016-06-08T16:14:12.957-0530: 1704.579: Total time for which application threads were stopped: 0.0001013 seconds
2016-06-08T16:14:12.957-0530: 1704.579: Total time for which application threads were stopped: 0.0000530 seconds
2016-06-08T16:14:12.957-0530: 1704.580: Total time for which application threads were stopped: 0.0000528 seconds
2016-06-08T16:14:12.958-0530: 1704.580: Total time for which application threads were stopped: 0.0000481 seconds
2016-06-08T16:14:12.958-0530: 1704.580: Total time for which application threads were stopped: 0.0001006 seconds
2016-06-08T16:14:12.958-0530: 1704.580: Total time for which application threads were stopped: 0.0000580 seconds
{Heap before GC invocations=235 (full 4):
 par new generation   total 109248K, used 109244K [0x00000007a0000000, 0x00000007a8000000, 0x00000007a8000000)
  eden space 87424K,  99% used [0x00000007a0000000, 0x00000007a555f268, 0x00000007a5560000)
  from space 21824K, 100% used [0x00000007a6ab0000, 0x00000007a8000000, 0x00000007a8000000)
  to   space 21824K,   0% used [0x00000007a5560000, 0x00000007a5560000, 0x00000007a6ab0000)
 concurrent mark-sweep generation total 393216K, used 184149K [0x00000007a8000000, 0x00000007c0000000, 0x00000007c0000000)
 Metaspace       used 29052K, capacity 29356K, committed 29768K, reserved 1075200K
  class space    used 3275K, capacity 3353K, committed 3400K, reserved 1048576K
2016-06-08T16:14:28.021-0530: 1719.643: [GC (Allocation Failure) 1719.643: [ParNew
Desired survivor size 20112992 bytes, new threshold 8 (max 8)
- age   1:    3731928 bytes,    3731928 total
- age   2:    2906368 bytes,    6638296 total
- age   3:    2827848 bytes,    9466144 total
- age   4:    1665360 bytes,   11131504 total
- age   5:    4706000 bytes,   15837504 total
- age   6:    2563264 bytes,   18400768 total
- age   7:    1241920 bytes,   19642688 total
: 109244K->21824K(109248K), 0.0082119 secs] 293393K->209211K(502464K), 0.0082777 secs] [Times: user=0.02 sys=0.01, real=0.00 secs] 
Heap after GC invocations=236 (full 4):
 par new generation   total 109248K, used 21824K [0x00000007a0000000, 0x00000007a8000000, 0x00000007a8000000)
  eden space 87424K,   0% used [0x00000007a0000000, 0x00000007a0000000, 0x00000007a5560000)
  from space 21824K, 100% used [0x00000007a5560000, 0x00000007a6ab0000, 0x00000007a6ab0000)
  to   space 21824K,   0% used [0x00000007a6ab0000, 0x00000007a6ab0000, 0x00000007a8000000)
 concurrent mark-sweep generation total 393216K, used 187387K [0x00000007a8000000, 0x00000007c0000000, 0x00000007c0000000)
 Metaspace       used 29052K, capacity 29356K, committed 29768K, reserved 1075200K
  class space    used 3275K, capacity 3353K, committed 3400K, reserved 1048576K
}
2016-06-08T16:14:28.029-0530: 1719.652: Total time for which application threads were stopped: 0.0084677 seconds
{Heap before GC invocations=236 (full 4):
 par new generation   total 109248K, used 109248K [0x00000007a0000000, 0x00000007a8000000, 0x00000007a8000000)
  eden space 87424K, 100% used [0x00000007a0000000, 0x00000007a5560000, 0x00000007a5560000)
  from space 21824K, 100% used [0x00000007a5560000, 0x00000007a6ab0000, 0x00000007a6ab0000)
  to   space 21824K,   0% used [0x00000007a6ab0000, 0x00000007a6ab0000, 0x00000007a8000000)
 concurrent mark-sweep generation total 393216K, used 187387K [0x00000007a8000000, 0x00000007c0000000, 0x00000007c0000000)
 Metaspace       used 29052K, capacity 29356K, committed 29768K, reserved 1075200K
  class space    used 3275K, capacity 3353K, committed 3400K, reserved 1048576K
2016-06-08T16:14:28.573-0530: 1720.196: [GC (Allocation Failure) 1720.196: [ParNew
Desired survivor size 20112992 bytes, new threshold 7 (max 8)
- age   1:    6216536 bytes,    6216536 total
- age   2:    3420424 bytes,    9636960 total
- age   3:    2906288 bytes,   12543248 total
- age   4:     802512 bytes,   13345760 total
- age   5:    1137040 bytes,   14482800 total
- age   6:    4244240 bytes,   18727040 total
- age   7:    2517984 bytes,   21245024 total
- age   8:    1099376 bytes,   22344400 total
: 109248K->21824K(109248K), 0.0100590 secs] 296635K->212274K(502464K), 0.0101292 secs] [Times: user=0.02 sys=0.01, real=0.01 secs] 
Heap after GC invocations=237 (full 4):
 par new generation   total 109248K, used 21824K [0x00000007a0000000, 0x00000007a8000000, 0x00000007a8000000)
  eden space 87424K,   0% used [0x00000007a0000000, 0x00000007a0000000, 0x00000007a5560000)
  from space 21824K, 100% used [0x00000007a6ab0000, 0x00000007a8000000, 0x00000007a8000000)
  to   space 21824K,   0% used [0x00000007a5560000, 0x00000007a5560000, 0x00000007a6ab0000)
 concurrent mark-sweep generation total 393216K, used 190450K [0x00000007a8000000, 0x00000007c0000000, 0x00000007c0000000)
 Metaspace       used 29052K, capacity 29356K, committed 29768K, reserved 1075200K
  class space    used 3275K, capacity 3353K, committed 3400K, reserved 1048576K
}
2016-06-08T16:14:28.584-0530: 1720.207: Total time for which application threads were stopped: 0.0103291 seconds
2016-06-08T16:14:28.594-0530: 1720.217: Total time for which application threads were stopped: 0.0001034 seconds
2016-06-08T16:14:28.595-0530: 1720.218: Total time for which application threads were stopped: 0.0000869 seconds
2016-06-08T16:14:28.595-0530: 1720.218: Total time for which application threads were stopped: 0.0001076 seconds
2016-06-08T16:14:28.615-0530: 1720.238: Total time for which application threads were stopped: 0.0000861 seconds
2016-06-08T16:14:28.615-0530: 1720.238: Total time for which application threads were stopped: 0.0001771 seconds
2016-06-08T16:14:28.616-0530: 1720.239: Total time for which application threads were stopped: 0.0001077 seconds
2016-06-08T16:14:28.616-0530: 1720.239: Total time for which application threads were stopped: 0.0001075 seconds
2016-06-08T16:14:28.616-0530: 1720.239: Total time for which application threads were stopped: 0.0000584 seconds
{Heap before GC invocations=237 (full 4):
 par new generation   total 109248K, used 109230K [0x00000007a0000000, 0x00000007a8000000, 0x00000007a8000000)
  eden space 87424K,  99% used [0x00000007a0000000, 0x00000007a555bbc8, 0x00000007a5560000)
  from space 21824K, 100% used [0x00000007a6ab0000, 0x00000007a8000000, 0x00000007a8000000)
  to   space 21824K,   0% used [0x00000007a5560000, 0x00000007a5560000, 0x00000007a6ab0000)
 concurrent mark-sweep generation total 393216K, used 190450K [0x00000007a8000000, 0x00000007c0000000, 0x00000007c0000000)
 Metaspace       used 29052K, capacity 29356K, committed 29768K, reserved 1075200K
  class space    used 3275K, capacity 3353K, committed 3400K, reserved 1048576K
2016-06-08T16:14:44.339-0530: 1735.963: [GC (Allocation Failure) 1735.970: [ParNew
Desired survivor size 20112992 bytes, new threshold 8 (max 8)
- age   1:    6011744 bytes,    6011744 total
- age   2:    2802480 bytes,    8814224 total
- age   3:    2473936 bytes,   11288160 total
- age   4:    1188992 bytes,   12477152 total
- age   5:     265248 bytes,   12742400 total
- age   6:    1089136 bytes,   13831536 total
- age   7:    4244240 bytes,   18075776 total
: 109230K->21824K(109248K), 0.0089543 secs] 299680K->218744K(502464K), 0.0163603 secs] [Times: user=0.02 sys=0.01, real=0.02 secs] 
Heap after GC invocations=238 (full 4):
 par new generation   total 109248K, used 21824K [0x00000007a0000000, 0x00000007a8000000, 0x00000007a8000000)
  eden space 87424K,   0% used [0x00000007a0000000, 0x00000007a0000000, 0x00000007a5560000)
  from space 21824K, 100% used [0x00000007a5560000, 0x00000007a6ab0000, 0x00000007a6ab0000)
  to   space 21824K,   0% used [0x00000007a6ab0000, 0x00000007a6ab0000, 0x00000007a8000000)
 concurrent mark-sweep generation total 393216K, used 196920K [0x00000007a8000000, 0x00000007c0000000, 0x00000007c0000000)
 Metaspace       used 29052K, capacity 29356K, committed 29768K, reserved 1075200K
  class space    used 3275K, capacity 3353K, committed 3400K, reserved 1048576K
}
2016-06-08T16:14:44.356-0530: 1735.979: Total time for which application threads were stopped: 0.0166512 seconds
2016-06-08T16:14:44.356-0530: 1735.979: [GC (CMS Initial Mark) [1 CMS-initial-mark: 196920K(393216K)] 219393K(502464K), 0.0009650 secs] [Times: user=0.01 sys=0.00, real=0.00 secs] 
2016-06-08T16:14:44.357-0530: 1735.980: Total time for which application threads were stopped: 0.0011983 seconds
2016-06-08T16:14:44.357-0530: 1735.980: [CMS-concurrent-mark-start]
2016-06-08T16:14:44.381-0530: 1736.005: [CMS-concurrent-mark: 0.024/0.024 secs] [Times: user=0.05 sys=0.03, real=0.03 secs] 
2016-06-08T16:14:44.381-0530: 1736.005: [CMS-concurrent-preclean-start]
2016-06-08T16:14:44.382-0530: 1736.006: [CMS-concurrent-preclean: 0.001/0.001 secs] [Times: user=0.00 sys=0.00, real=0.00 secs] 
2016-06-08T16:14:44.383-0530: 1736.006: [CMS-concurrent-abortable-preclean-start]
2016-06-08T16:14:44.409-0530: 1736.032: Total time for which application threads were stopped: 0.0001168 seconds
2016-06-08T16:14:44.409-0530: 1736.032: Total time for which application threads were stopped: 0.0000658 seconds
2016-06-08T16:14:44.409-0530: 1736.033: Total time for which application threads were stopped: 0.0000505 seconds
2016-06-08T16:14:44.411-0530: 1736.035: Total time for which application threads were stopped: 0.0001313 seconds
2016-06-08T16:14:44.412-0530: 1736.036: Total time for which application threads were stopped: 0.0001774 seconds
2016-06-08T16:14:44.413-0530: 1736.037: Total time for which application threads were stopped: 0.0001597 seconds
2016-06-08T16:14:44.414-0530: 1736.037: Total time for which application threads were stopped: 0.0001030 seconds
2016-06-08T16:14:44.422-0530: 1736.045: Total time for which application threads were stopped: 0.0001904 seconds
2016-06-08T16:14:44.429-0530: 1736.052: Total time for which application threads were stopped: 0.0001933 seconds
2016-06-08T16:14:44.434-0530: 1736.058: Total time for which application threads were stopped: 0.0002356 seconds
2016-06-08T16:14:44.435-0530: 1736.058: Total time for which application threads were stopped: 0.0000939 seconds
2016-06-08T16:14:44.435-0530: 1736.058: Total time for which application threads were stopped: 0.0000811 seconds
2016-06-08T16:14:44.436-0530: 1736.059: Total time for which application threads were stopped: 0.0001713 seconds
2016-06-08T16:14:44.443-0530: 1736.066: Total time for which application threads were stopped: 0.0001224 seconds
2016-06-08T16:14:44.484-0530: 1736.107: Total time for which application threads were stopped: 0.0001121 seconds
2016-06-08T16:14:44.490-0530: 1736.114: Total time for which application threads were stopped: 0.0001038 seconds
2016-06-08T16:14:44.497-0530: 1736.120: Total time for which application threads were stopped: 0.0000915 seconds
2016-06-08T16:14:44.501-0530: 1736.125: Total time for which application threads were stopped: 0.0000962 seconds
2016-06-08T16:14:44.734-0530: 1736.357: Total time for which application threads were stopped: 0.0001023 seconds
2016-06-08T16:14:44.735-0530: 1736.358: Total time for which application threads were stopped: 0.0000824 seconds
2016-06-08T16:14:44.735-0530: 1736.359: Total time for which application threads were stopped: 0.0000720 seconds
2016-06-08T16:14:44.736-0530: 1736.359: Total time for which application threads were stopped: 0.0000605 seconds
2016-06-08T16:14:44.737-0530: 1736.360: Total time for which application threads were stopped: 0.0000552 seconds
2016-06-08T16:14:44.737-0530: 1736.360: Total time for which application threads were stopped: 0.0001179 seconds
2016-06-08T16:14:44.958-0530: 1736.581: [CMS-concurrent-abortable-preclean: 0.106/0.575 secs] [Times: user=0.40 sys=0.05, real=0.57 secs] 
2016-06-08T16:14:44.958-0530: 1736.581: [GC (CMS Final Remark) [YG occupancy: 94156 K (109248 K)]{Heap before GC invocations=238 (full 5):
 par new generation   total 109248K, used 94156K [0x00000007a0000000, 0x00000007a8000000, 0x00000007a8000000)
  eden space 87424K,  82% used [0x00000007a0000000, 0x00000007a46a31a0, 0x00000007a5560000)
  from space 21824K, 100% used [0x00000007a5560000, 0x00000007a6ab0000, 0x00000007a6ab0000)
  to   space 21824K,   0% used [0x00000007a6ab0000, 0x00000007a6ab0000, 0x00000007a8000000)
 concurrent mark-sweep generation total 393216K, used 196920K [0x00000007a8000000, 0x00000007c0000000, 0x00000007c0000000)
 Metaspace       used 29058K, capacity 29356K, committed 29768K, reserved 1075200K
  class space    used 3275K, capacity 3353K, committed 3400K, reserved 1048576K
2016-06-08T16:14:44.958-0530: 1736.581: [GC (CMS Final Remark) 1736.581: [ParNew
Desired survivor size 20112992 bytes, new threshold 8 (max 8)
- age   1:    1454256 bytes,    1454256 total
- age   2:    5997912 bytes,    7452168 total
- age   3:    2802432 bytes,   10254600 total
- age   4:    2472192 bytes,   12726792 total
- age   5:    1188992 bytes,   13915784 total
- age   6:     265248 bytes,   14181032 total
- age   7:    1089160 bytes,   15270192 total
- age   8:    4244240 bytes,   19514432 total
: 94156K->21824K(109248K), 0.0057493 secs] 291077K->218744K(502464K), 0.0058269 secs] [Times: user=0.02 sys=0.00, real=0.01 secs] 
Heap after GC invocations=239 (full 5):
 par new generation   total 109248K, used 21824K [0x00000007a0000000, 0x00000007a8000000, 0x00000007a8000000)
  eden space 87424K,   0% used [0x00000007a0000000, 0x00000007a0000000, 0x00000007a5560000)
  from space 21824K, 100% used [0x00000007a6ab0000, 0x00000007a8000000, 0x00000007a8000000)
  to   space 21824K,   0% used [0x00000007a5560000, 0x00000007a5560000, 0x00000007a6ab0000)
 concurrent mark-sweep generation total 393216K, used 196920K [0x00000007a8000000, 0x00000007c0000000, 0x00000007c0000000)
 Metaspace       used 29058K, capacity 29356K, committed 29768K, reserved 1075200K
  class space    used 3275K, capacity 3353K, committed 3400K, reserved 1048576K
}
1736.587: [Rescan (parallel) , 0.0014176 secs]1736.589: [weak refs processing, 0.0010474 secs]1736.590: [class unloading, 0.0219619 secs]1736.612: [scrub symbol table, 0.0049159 secs]1736.617: [scrub string table, 0.0003834 secs][1 CMS-remark: 196920K(393216K)] 218744K(502464K), 0.0398375 secs] [Times: user=0.06 sys=0.00, real=0.04 secs] 
2016-06-08T16:14:44.998-0530: 1736.621: Total time for which application threads were stopped: 0.0400736 seconds
2016-06-08T16:14:44.998-0530: 1736.621: [CMS-concurrent-sweep-start]
2016-06-08T16:14:45.070-0530: 1736.693: [CMS-concurrent-sweep: 0.072/0.072 secs] [Times: user=0.10 sys=0.04, real=0.08 secs] 
2016-06-08T16:14:45.070-0530: 1736.693: [CMS-concurrent-reset-start]
2016-06-08T16:14:45.070-0530: 1736.693: [CMS-concurrent-reset: 0.000/0.000 secs] [Times: user=0.00 sys=0.00, real=0.00 secs] 
2016-06-08T16:14:46.003-0530: 1737.627: Total time for which application threads were stopped: 0.0002404 seconds
{Heap before GC invocations=239 (full 5):
 par new generation   total 109248K, used 109240K [0x00000007a0000000, 0x00000007a8000000, 0x00000007a8000000)
  eden space 87424K,  99% used [0x00000007a0000000, 0x00000007a555e0e8, 0x00000007a5560000)
  from space 21824K, 100% used [0x00000007a6ab0000, 0x00000007a8000000, 0x00000007a8000000)
  to   space 21824K,   0% used [0x00000007a5560000, 0x00000007a5560000, 0x00000007a6ab0000)
 concurrent mark-sweep generation total 393216K, used 51303K [0x00000007a8000000, 0x00000007c0000000, 0x00000007c0000000)
 Metaspace       used 29063K, capacity 29356K, committed 29768K, reserved 1075200K
  class space    used 3275K, capacity 3353K, committed 3400K, reserved 1048576K
2016-06-08T16:15:01.968-0530: 1753.592: [GC (Allocation Failure) 1753.602: [ParNew
Desired survivor size 20112992 bytes, new threshold 8 (max 8)
- age   1:    2595480 bytes,    2595480 total
- age   2:    1207224 bytes,    3802704 total
- age   3:    5997080 bytes,    9799784 total
- age   4:    2802392 bytes,   12602176 total
- age   5:    2470384 bytes,   15072560 total
- age   6:    1188328 bytes,   16260888 total
- age   7:     264760 bytes,   16525648 total
- age   8:    1088992 bytes,   17614640 total
: 109240K->21824K(109248K), 0.0068705 secs] 160543K->76904K(502464K), 0.0174663 secs] [Times: user=0.02 sys=0.01, real=0.02 secs] 
Heap after GC invocations=240 (full 5):
 par new generation   total 109248K, used 21824K [0x00000007a0000000, 0x00000007a8000000, 0x00000007a8000000)
  eden space 87424K,   0% used [0x00000007a0000000, 0x00000007a0000000, 0x00000007a5560000)
  from space 21824K, 100% used [0x00000007a5560000, 0x00000007a6ab0000, 0x00000007a6ab0000)
  to   space 21824K,   0% used [0x00000007a6ab0000, 0x00000007a6ab0000, 0x00000007a8000000)
 concurrent mark-sweep generation total 393216K, used 55080K [0x00000007a8000000, 0x00000007c0000000, 0x00000007c0000000)
 Metaspace       used 29063K, capacity 29356K, committed 29768K, reserved 1075200K
  class space    used 3275K, capacity 3353K, committed 3400K, reserved 1048576K
}
2016-06-08T16:15:01.985-0530: 1753.609: Total time for which application threads were stopped: 0.0176828 seconds
2016-06-08T16:15:02.450-0530: 1754.073: Total time for which application threads were stopped: 0.0001216 seconds
2016-06-08T16:15:02.526-0530: 1754.150: Total time for which application threads were stopped: 0.0001266 seconds
2016-06-08T16:15:02.526-0530: 1754.150: Total time for which application threads were stopped: 0.0000781 seconds
2016-06-08T16:15:02.527-0530: 1754.151: Total time for which application threads were stopped: 0.0000546 seconds
{Heap before GC invocations=240 (full 5):
 par new generation   total 109248K, used 109247K [0x00000007a0000000, 0x00000007a8000000, 0x00000007a8000000)
  eden space 87424K,  99% used [0x00000007a0000000, 0x00000007a555fff8, 0x00000007a5560000)
  from space 21824K, 100% used [0x00000007a5560000, 0x00000007a6ab0000, 0x00000007a6ab0000)
  to   space 21824K,   0% used [0x00000007a6ab0000, 0x00000007a6ab0000, 0x00000007a8000000)
 concurrent mark-sweep generation total 393216K, used 55080K [0x00000007a8000000, 0x00000007c0000000, 0x00000007c0000000)
 Metaspace       used 29063K, capacity 29356K, committed 29768K, reserved 1075200K
  class space    used 3275K, capacity 3353K, committed 3400K, reserved 1048576K
2016-06-08T16:15:08.263-0530: 1759.887: [GC (Allocation Failure) 1759.887: [ParNew
Desired survivor size 20112992 bytes, new threshold 8 (max 8)
- age   1:    3977728 bytes,    3977728 total
- age   2:     673008 bytes,    4650736 total
- age   3:    1107792 bytes,    5758528 total
- age   4:    3797168 bytes,    9555696 total
- age   5:    2802392 bytes,   12358088 total
- age   6:    2394488 bytes,   14752576 total
- age   7:    1187040 bytes,   15939616 total
- age   8:     264200 bytes,   16203816 total
: 109247K->21824K(109248K), 0.0057208 secs] 164328K->77960K(502464K), 0.0057924 secs] [Times: user=0.02 sys=0.00, real=0.00 secs] 
Heap after GC invocations=241 (full 5):
 par new generation   total 109248K, used 21824K [0x00000007a0000000, 0x00000007a8000000, 0x00000007a8000000)
  eden space 87424K,   0% used [0x00000007a0000000, 0x00000007a0000000, 0x00000007a5560000)
  from space 21824K, 100% used [0x00000007a6ab0000, 0x00000007a8000000, 0x00000007a8000000)
  to   space 21824K,   0% used [0x00000007a5560000, 0x00000007a5560000, 0x00000007a6ab0000)
 concurrent mark-sweep generation total 393216K, used 56136K [0x00000007a8000000, 0x00000007c0000000, 0x00000007c0000000)
 Metaspace       used 29063K, capacity 29356K, committed 29768K, reserved 1075200K
  class space    used 3275K, capacity 3353K, committed 3400K, reserved 1048576K
}
2016-06-08T16:15:08.269-0530: 1759.893: Total time for which application threads were stopped: 0.0059894 seconds
{Heap before GC invocations=241 (full 5):
 par new generation   total 109248K, used 109248K [0x00000007a0000000, 0x00000007a8000000, 0x00000007a8000000)
  eden space 87424K, 100% used [0x00000007a0000000, 0x00000007a5560000, 0x00000007a5560000)
  from space 21824K, 100% used [0x00000007a6ab0000, 0x00000007a8000000, 0x00000007a8000000)
  to   space 21824K,   0% used [0x00000007a5560000, 0x00000007a5560000, 0x00000007a6ab0000)
 concurrent mark-sweep generation total 393216K, used 56136K [0x00000007a8000000, 0x00000007c0000000, 0x00000007c0000000)
 Metaspace       used 29063K, capacity 29356K, committed 29768K, reserved 1075200K
  class space    used 3275K, capacity 3353K, committed 3400K, reserved 1048576K
2016-06-08T16:15:08.788-0530: 1760.412: [GC (Allocation Failure) 1760.412: [ParNew
Desired survivor size 20112992 bytes, new threshold 8 (max 8)
- age   1:    6200456 bytes,    6200456 total
- age   2:    3617672 bytes,    9818128 total
- age   3:     673008 bytes,   10491136 total
- age   4:    1107024 bytes,   11598160 total
- age   5:    2653192 bytes,   14251352 total
- age   6:    2341672 bytes,   16593024 total
- age   7:    2394056 bytes,   18987080 total
- age   8:    1187040 bytes,   20174120 total
: 109248K->21824K(109248K), 0.0066447 secs] 165384K->79720K(502464K), 0.0067324 secs] [Times: user=0.02 sys=0.00, real=0.01 secs] 
Heap after GC invocations=242 (full 5):
 par new generation   total 109248K, used 21824K [0x00000007a0000000, 0x00000007a8000000, 0x00000007a8000000)
  eden space 87424K,   0% used [0x00000007a0000000, 0x00000007a0000000, 0x00000007a5560000)
  from space 21824K, 100% used [0x00000007a5560000, 0x00000007a6ab0000, 0x00000007a6ab0000)
  to   space 21824K,   0% used [0x00000007a6ab0000, 0x00000007a6ab0000, 0x00000007a8000000)
 concurrent mark-sweep generation total 393216K, used 57896K [0x00000007a8000000, 0x00000007c0000000, 0x00000007c0000000)
 Metaspace       used 29063K, capacity 29356K, committed 29768K, reserved 1075200K
  class space    used 3275K, capacity 3353K, committed 3400K, reserved 1048576K
}
2016-06-08T16:15:08.794-0530: 1760.418: Total time for which application threads were stopped: 0.0069264 seconds
2016-06-08T16:15:08.805-0530: 1760.429: Total time for which application threads were stopped: 0.0000932 seconds
2016-06-08T16:15:08.805-0530: 1760.429: Total time for which application threads were stopped: 0.0001464 seconds
2016-06-08T16:15:08.805-0530: 1760.430: Total time for which application threads were stopped: 0.0000847 seconds
2016-06-08T16:15:08.806-0530: 1760.430: Total time for which application threads were stopped: 0.0000676 seconds
2016-06-08T16:15:08.806-0530: 1760.430: Total time for which application threads were stopped: 0.0000632 seconds
2016-06-08T16:15:08.806-0530: 1760.430: Total time for which application threads were stopped: 0.0000997 seconds
2016-06-08T16:15:08.806-0530: 1760.430: Total time for which application threads were stopped: 0.0000517 seconds
2016-06-08T16:15:08.870-0530: 1760.495: Total time for which application threads were stopped: 0.0001213 seconds
2016-06-08T16:15:08.871-0530: 1760.495: Total time for which application threads were stopped: 0.0001579 seconds
2016-06-08T16:15:08.871-0530: 1760.495: Total time for which application threads were stopped: 0.0000790 seconds
{Heap before GC invocations=242 (full 5):
 par new generation   total 109248K, used 109248K [0x00000007a0000000, 0x00000007a8000000, 0x00000007a8000000)
  eden space 87424K, 100% used [0x00000007a0000000, 0x00000007a5560000, 0x00000007a5560000)
  from space 21824K, 100% used [0x00000007a5560000, 0x00000007a6ab0000, 0x00000007a6ab0000)
  to   space 21824K,   0% used [0x00000007a6ab0000, 0x00000007a6ab0000, 0x00000007a8000000)
 concurrent mark-sweep generation total 393216K, used 57896K [0x00000007a8000000, 0x00000007c0000000, 0x00000007c0000000)
 Metaspace       used 29064K, capacity 29356K, committed 29768K, reserved 1075200K
  class space    used 3275K, capacity 3353K, committed 3400K, reserved 1048576K
2016-06-08T16:15:14.917-0530: 1766.541: [GC (Allocation Failure) 1766.547: [ParNew
Desired survivor size 20112992 bytes, new threshold 8 (max 8)
- age   1:    6090352 bytes,    6090352 total
- age   2:     892936 bytes,    6983288 total
- age   3:    2840512 bytes,    9823800 total
- age   4:     673008 bytes,   10496808 total
- age   5:    1105704 bytes,   11602512 total
- age   6:    2652816 bytes,   14255328 total
- age   7:    2341672 bytes,   16597000 total
- age   8:    2394056 bytes,   18991056 total
: 109248K->21824K(109248K), 0.0076376 secs] 167144K->83095K(502464K), 0.0136422 secs] [Times: user=0.02 sys=0.01, real=0.02 secs] 
Heap after GC invocations=243 (full 5):
 par new generation   total 109248K, used 21824K [0x00000007a0000000, 0x00000007a8000000, 0x00000007a8000000)
  eden space 87424K,   0% used [0x00000007a0000000, 0x00000007a0000000, 0x00000007a5560000)
  from space 21824K, 100% used [0x00000007a6ab0000, 0x00000007a8000000, 0x00000007a8000000)
  to   space 21824K,   0% used [0x00000007a5560000, 0x00000007a5560000, 0x00000007a6ab0000)
 concurrent mark-sweep generation total 393216K, used 61271K [0x00000007a8000000, 0x00000007c0000000, 0x00000007c0000000)
 Metaspace       used 29064K, capacity 29356K, committed 29768K, reserved 1075200K
  class space    used 3275K, capacity 3353K, committed 3400K, reserved 1048576K
}
2016-06-08T16:15:14.931-0530: 1766.555: Total time for which application threads were stopped: 0.0138187 seconds
2016-06-08T16:15:15.029-0530: 1766.653: Total time for which application threads were stopped: 0.0001663 seconds
2016-06-08T16:15:15.029-0530: 1766.654: Total time for which application threads were stopped: 0.0000674 seconds
2016-06-08T16:15:15.029-0530: 1766.654: Total time for which application threads were stopped: 0.0000767 seconds
2016-06-08T16:15:15.030-0530: 1766.654: Total time for which application threads were stopped: 0.0000591 seconds
2016-06-08T16:15:15.050-0530: 1766.675: Total time for which application threads were stopped: 0.0000866 seconds
2016-06-08T16:15:15.051-0530: 1766.675: Total time for which application threads were stopped: 0.0000553 seconds
2016-06-08T16:15:15.051-0530: 1766.675: Total time for which application threads were stopped: 0.0001091 seconds
2016-06-08T16:15:16.052-0530: 1767.676: Total time for which application threads were stopped: 0.0001558 seconds
{Heap before GC invocations=243 (full 5):
 par new generation   total 109248K, used 109248K [0x00000007a0000000, 0x00000007a8000000, 0x00000007a8000000)
  eden space 87424K, 100% used [0x00000007a0000000, 0x00000007a5560000, 0x00000007a5560000)
  from space 21824K, 100% used [0x00000007a6ab0000, 0x00000007a8000000, 0x00000007a8000000)
  to   space 21824K,   0% used [0x00000007a5560000, 0x00000007a5560000, 0x00000007a6ab0000)
 concurrent mark-sweep generation total 393216K, used 61271K [0x00000007a8000000, 0x00000007c0000000, 0x00000007c0000000)
 Metaspace       used 29072K, capacity 29356K, committed 29768K, reserved 1075200K
  class space    used 3275K, capacity 3353K, committed 3400K, reserved 1048576K
2016-06-08T16:15:36.092-0530: 1787.717: [GC (Allocation Failure) 1787.737: [ParNew
Desired survivor size 20112992 bytes, new threshold 8 (max 8)
- age   1:    5805216 bytes,    5805216 total
- age   2:    2133288 bytes,    7938504 total
- age   3:     794952 bytes,    8733456 total
- age   4:    2838456 bytes,   11571912 total
- age   5:     605720 bytes,   12177632 total
- age   6:    1104104 bytes,   13281736 total
- age   7:    2651512 bytes,   15933248 total
- age   8:    2288616 bytes,   18221864 total
: 109248K->21824K(109248K), 0.0069808 secs] 170519K->86109K(502464K), 0.0273278 secs] [Times: user=0.02 sys=0.00, real=0.03 secs] 
Heap after GC invocations=244 (full 5):
 par new generation   total 109248K, used 21824K [0x00000007a0000000, 0x00000007a8000000, 0x00000007a8000000)
  eden space 87424K,   0% used [0x00000007a0000000, 0x00000007a0000000, 0x00000007a5560000)
  from space 21824K, 100% used [0x00000007a5560000, 0x00000007a6ab0000, 0x00000007a6ab0000)
  to   space 21824K,   0% used [0x00000007a6ab0000, 0x00000007a6ab0000, 0x00000007a8000000)
 concurrent mark-sweep generation total 393216K, used 64285K [0x00000007a8000000, 0x00000007c0000000, 0x00000007c0000000)
 Metaspace       used 29072K, capacity 29356K, committed 29768K, reserved 1075200K
  class space    used 3275K, capacity 3353K, committed 3400K, reserved 1048576K
}
2016-06-08T16:15:36.120-0530: 1787.745: Total time for which application threads were stopped: 0.0275240 seconds
2016-06-08T16:15:36.351-0530: 1787.976: Total time for which application threads were stopped: 0.0001442 seconds
2016-06-08T16:15:36.351-0530: 1787.976: Total time for which application threads were stopped: 0.0000545 seconds
2016-06-08T16:15:36.352-0530: 1787.977: Total time for which application threads were stopped: 0.0000554 seconds
2016-06-08T16:15:36.372-0530: 1787.997: Total time for which application threads were stopped: 0.0001064 seconds
2016-06-08T16:15:36.373-0530: 1787.997: Total time for which application threads were stopped: 0.0001314 seconds
2016-06-08T16:15:36.373-0530: 1787.998: Total time for which application threads were stopped: 0.0001165 seconds
2016-06-08T16:15:37.378-0530: 1789.003: Total time for which application threads were stopped: 0.0001995 seconds
2016-06-08T16:15:53.420-0530: 1805.046: Total time for which application threads were stopped: 0.0002119 seconds
{Heap before GC invocations=244 (full 5):
 par new generation   total 109248K, used 109248K [0x00000007a0000000, 0x00000007a8000000, 0x00000007a8000000)
  eden space 87424K, 100% used [0x00000007a0000000, 0x00000007a5560000, 0x00000007a5560000)
  from space 21824K, 100% used [0x00000007a5560000, 0x00000007a6ab0000, 0x00000007a6ab0000)
  to   space 21824K,   0% used [0x00000007a6ab0000, 0x00000007a6ab0000, 0x00000007a8000000)
 concurrent mark-sweep generation total 393216K, used 64285K [0x00000007a8000000, 0x00000007c0000000, 0x00000007c0000000)
 Metaspace       used 29072K, capacity 29356K, committed 29768K, reserved 1075200K
  class space    used 3275K, capacity 3353K, committed 3400K, reserved 1048576K
2016-06-08T16:15:53.611-0530: 1805.237: [GC (Allocation Failure) 1805.237: [ParNew
Desired survivor size 20112992 bytes, new threshold 8 (max 8)
- age   1:    5200912 bytes,    5200912 total
- age   2:    3025176 bytes,    8226088 total
- age   3:    2132536 bytes,   10358624 total
- age   4:     794952 bytes,   11153576 total
- age   5:    2771320 bytes,   13924896 total
- age   6:     605688 bytes,   14530584 total
- age   7:    1104104 bytes,   15634688 total
- age   8:    2651512 bytes,   18286200 total
: 109248K->21824K(109248K), 0.0061855 secs] 173533K->88569K(502464K), 0.0062632 secs] [Times: user=0.02 sys=0.00, real=0.00 secs] 
Heap after GC invocations=245 (full 5):
 par new generation   total 109248K, used 21824K [0x00000007a0000000, 0x00000007a8000000, 0x00000007a8000000)
  eden space 87424K,   0% used [0x00000007a0000000, 0x00000007a0000000, 0x00000007a5560000)
  from space 21824K, 100% used [0x00000007a6ab0000, 0x00000007a8000000, 0x00000007a8000000)
  to   space 21824K,   0% used [0x00000007a5560000, 0x00000007a5560000, 0x00000007a6ab0000)
 concurrent mark-sweep generation total 393216K, used 66745K [0x00000007a8000000, 0x00000007c0000000, 0x00000007c0000000)
 Metaspace       used 29072K, capacity 29356K, committed 29768K, reserved 1075200K
  class space    used 3275K, capacity 3353K, committed 3400K, reserved 1048576K
}
2016-06-08T16:15:53.618-0530: 1805.243: Total time for which application threads were stopped: 0.0064436 seconds
2016-06-08T16:15:53.912-0530: 1805.537: Total time for which application threads were stopped: 0.0001263 seconds
2016-06-08T16:15:53.912-0530: 1805.538: Total time for which application threads were stopped: 0.0000806 seconds
2016-06-08T16:15:53.912-0530: 1805.538: Total time for which application threads were stopped: 0.0000710 seconds
2016-06-08T16:15:53.931-0530: 1805.557: Total time for which application threads were stopped: 0.0000973 seconds
2016-06-08T16:15:53.932-0530: 1805.557: Total time for which application threads were stopped: 0.0000608 seconds
2016-06-08T16:15:53.932-0530: 1805.558: Total time for which application threads were stopped: 0.0001382 seconds
{Heap before GC invocations=245 (full 5):
 par new generation   total 109248K, used 109248K [0x00000007a0000000, 0x00000007a8000000, 0x00000007a8000000)
  eden space 87424K, 100% used [0x00000007a0000000, 0x00000007a5560000, 0x00000007a5560000)
  from space 21824K, 100% used [0x00000007a6ab0000, 0x00000007a8000000, 0x00000007a8000000)
  to   space 21824K,   0% used [0x00000007a5560000, 0x00000007a5560000, 0x00000007a6ab0000)
 concurrent mark-sweep generation total 393216K, used 66745K [0x00000007a8000000, 0x00000007c0000000, 0x00000007c0000000)
 Metaspace       used 29072K, capacity 29356K, committed 29768K, reserved 1075200K
  class space    used 3275K, capacity 3353K, committed 3400K, reserved 1048576K
2016-06-08T16:16:15.374-0530: 1827.000: [GC (Allocation Failure) 1827.018: [ParNew
Desired survivor size 20112992 bytes, new threshold 8 (max 8)
- age   1:    6465416 bytes,    6465416 total
- age   2:    4345544 bytes,   10810960 total
- age   3:    2653288 bytes,   13464248 total
- age   4:    2048952 bytes,   15513200 total
- age   5:     794952 bytes,   16308152 total
- age   6:    1580832 bytes,   17888984 total
- age   7:     605616 bytes,   18494600 total
- age   8:    1104072 bytes,   19598672 total
: 109248K->21824K(109248K), 0.0070120 secs] 175993K->92889K(502464K), 0.0246854 secs] [Times: user=0.02 sys=0.01, real=0.02 secs] 
Heap after GC invocations=246 (full 5):
 par new generation   total 109248K, used 21824K [0x00000007a0000000, 0x00000007a8000000, 0x00000007a8000000)
  eden space 87424K,   0% used [0x00000007a0000000, 0x00000007a0000000, 0x00000007a5560000)
  from space 21824K, 100% used [0x00000007a5560000, 0x00000007a6ab0000, 0x00000007a6ab0000)
  to   space 21824K,   0% used [0x00000007a6ab0000, 0x00000007a6ab0000, 0x00000007a8000000)
 concurrent mark-sweep generation total 393216K, used 71065K [0x00000007a8000000, 0x00000007c0000000, 0x00000007c0000000)
 Metaspace       used 29072K, capacity 29356K, committed 29768K, reserved 1075200K
  class space    used 3275K, capacity 3353K, committed 3400K, reserved 1048576K
}
2016-06-08T16:16:15.399-0530: 1827.025: Total time for which application threads were stopped: 0.0248823 seconds
2016-06-08T16:16:15.775-0530: 1827.401: Total time for which application threads were stopped: 0.0001043 seconds
2016-06-08T16:16:15.776-0530: 1827.402: Total time for which application threads were stopped: 0.0001724 seconds
2016-06-08T16:16:15.793-0530: 1827.419: Total time for which application threads were stopped: 0.0000908 seconds
2016-06-08T16:16:15.793-0530: 1827.420: Total time for which application threads were stopped: 0.0000592 seconds
2016-06-08T16:16:15.794-0530: 1827.420: Total time for which application threads were stopped: 0.0000726 seconds
2016-06-08T16:16:15.794-0530: 1827.420: Total time for which application threads were stopped: 0.0001016 seconds
{Heap before GC invocations=246 (full 5):
 par new generation   total 109248K, used 109248K [0x00000007a0000000, 0x00000007a8000000, 0x00000007a8000000)
  eden space 87424K, 100% used [0x00000007a0000000, 0x00000007a5560000, 0x00000007a5560000)
  from space 21824K, 100% used [0x00000007a5560000, 0x00000007a6ab0000, 0x00000007a6ab0000)
  to   space 21824K,   0% used [0x00000007a6ab0000, 0x00000007a6ab0000, 0x00000007a8000000)
 concurrent mark-sweep generation total 393216K, used 71065K [0x00000007a8000000, 0x00000007c0000000, 0x00000007c0000000)
 Metaspace       used 29072K, capacity 29356K, committed 29768K, reserved 1075200K
  class space    used 3275K, capacity 3353K, committed 3400K, reserved 1048576K
2016-06-08T16:16:28.722-0530: 1840.349: [GC (Allocation Failure) 1840.349: [ParNew
Desired survivor size 20112992 bytes, new threshold 7 (max 8)
- age   1:    5920744 bytes,    5920744 total
- age   2:    5434544 bytes,   11355288 total
- age   3:    3540392 bytes,   14895680 total
- age   4:    1920800 bytes,   16816480 total
- age   5:    2048696 bytes,   18865176 total
- age   6:     794952 bytes,   19660128 total
- age   7:    1580776 bytes,   21240904 total
- age   8:     605568 bytes,   21846472 total
: 109248K->21824K(109248K), 0.0068693 secs] 180313K->96423K(502464K), 0.0069278 secs] [Times: user=0.03 sys=0.00, real=0.00 secs] 
Heap after GC invocations=247 (full 5):
 par new generation   total 109248K, used 21824K [0x00000007a0000000, 0x00000007a8000000, 0x00000007a8000000)
  eden space 87424K,   0% used [0x00000007a0000000, 0x00000007a0000000, 0x00000007a5560000)
  from space 21824K, 100% used [0x00000007a6ab0000, 0x00000007a8000000, 0x00000007a8000000)
  to   space 21824K,   0% used [0x00000007a5560000, 0x00000007a5560000, 0x00000007a6ab0000)
 concurrent mark-sweep generation total 393216K, used 74599K [0x00000007a8000000, 0x00000007c0000000, 0x00000007c0000000)
 Metaspace       used 29072K, capacity 29356K, committed 29768K, reserved 1075200K
  class space    used 3275K, capacity 3353K, committed 3400K, reserved 1048576K
}
2016-06-08T16:16:28.729-0530: 1840.356: Total time for which application threads were stopped: 0.0071515 seconds
2016-06-08T16:16:29.219-0530: 1840.846: Total time for which application threads were stopped: 0.0001282 seconds
2016-06-08T16:16:29.220-0530: 1840.846: Total time for which application threads were stopped: 0.0000683 seconds
2016-06-08T16:16:29.220-0530: 1840.846: Total time for which application threads were stopped: 0.0000590 seconds
2016-06-08T16:16:29.220-0530: 1840.847: Total time for which application threads were stopped: 0.0000501 seconds
2016-06-08T16:16:29.240-0530: 1840.867: Total time for which application threads were stopped: 0.0000919 seconds
2016-06-08T16:16:29.240-0530: 1840.867: Total time for which application threads were stopped: 0.0000582 seconds
2016-06-08T16:16:29.241-0530: 1840.867: Total time for which application threads were stopped: 0.0000676 seconds
2016-06-08T16:16:29.241-0530: 1840.867: Total time for which application threads were stopped: 0.0000430 seconds
{Heap before GC invocations=247 (full 5):
 par new generation   total 109248K, used 109248K [0x00000007a0000000, 0x00000007a8000000, 0x00000007a8000000)
  eden space 87424K, 100% used [0x00000007a0000000, 0x00000007a5560000, 0x00000007a5560000)
  from space 21824K, 100% used [0x00000007a6ab0000, 0x00000007a8000000, 0x00000007a8000000)
  to   space 21824K,   0% used [0x00000007a5560000, 0x00000007a5560000, 0x00000007a6ab0000)
 concurrent mark-sweep generation total 393216K, used 74599K [0x00000007a8000000, 0x00000007c0000000, 0x00000007c0000000)
 Metaspace       used 29072K, capacity 29356K, committed 29768K, reserved 1075200K
  class space    used 3275K, capacity 3353K, committed 3400K, reserved 1048576K
2016-06-08T16:16:32.640-0530: 1844.267: [GC (Allocation Failure) 1844.267: [ParNew
Desired survivor size 20112992 bytes, new threshold 7 (max 8)
- age   1:    3076632 bytes,    3076632 total
- age   2:    4635240 bytes,    7711872 total
- age   3:    5235088 bytes,   12946960 total
- age   4:    3473560 bytes,   16420520 total
- age   5:    1920496 bytes,   18341016 total
- age   6:    1736696 bytes,   20077712 total
- age   7:     794952 bytes,   20872664 total
: 109248K->21824K(109248K), 0.0074731 secs] 183847K->99060K(502464K), 0.0075736 secs] [Times: user=0.02 sys=0.00, real=0.00 secs] 
Heap after GC invocations=248 (full 5):
 par new generation   total 109248K, used 21824K [0x00000007a0000000, 0x00000007a8000000, 0x00000007a8000000)
  eden space 87424K,   0% used [0x00000007a0000000, 0x00000007a0000000, 0x00000007a5560000)
  from space 21824K, 100% used [0x00000007a5560000, 0x00000007a6ab0000, 0x00000007a6ab0000)
  to   space 21824K,   0% used [0x00000007a6ab0000, 0x00000007a6ab0000, 0x00000007a8000000)
 concurrent mark-sweep generation total 393216K, used 77236K [0x00000007a8000000, 0x00000007c0000000, 0x00000007c0000000)
 Metaspace       used 29072K, capacity 29356K, committed 29768K, reserved 1075200K
  class space    used 3275K, capacity 3353K, committed 3400K, reserved 1048576K
}
2016-06-08T16:16:32.648-0530: 1844.275: Total time for which application threads were stopped: 0.0078057 seconds
{Heap before GC invocations=248 (full 5):
 par new generation   total 109248K, used 109238K [0x00000007a0000000, 0x00000007a8000000, 0x00000007a8000000)
  eden space 87424K,  99% used [0x00000007a0000000, 0x00000007a555d868, 0x00000007a5560000)
  from space 21824K, 100% used [0x00000007a5560000, 0x00000007a6ab0000, 0x00000007a6ab0000)
  to   space 21824K,   0% used [0x00000007a6ab0000, 0x00000007a6ab0000, 0x00000007a8000000)
 concurrent mark-sweep generation total 393216K, used 77236K [0x00000007a8000000, 0x00000007c0000000, 0x00000007c0000000)
 Metaspace       used 29072K, capacity 29356K, committed 29768K, reserved 1075200K
  class space    used 3275K, capacity 3353K, committed 3400K, reserved 1048576K
2016-06-08T16:16:34.922-0530: 1846.549: [GC (Allocation Failure) 1846.549: [ParNew
Desired survivor size 20112992 bytes, new threshold 7 (max 8)
- age   1:    3194760 bytes,    3194760 total
- age   2:    3072704 bytes,    6267464 total
- age   3:    4633728 bytes,   10901192 total
- age   4:    4002624 bytes,   14903816 total
- age   5:    2550432 bytes,   17454248 total
- age   6:    1087968 bytes,   18542216 total
- age   7:    1734744 bytes,   20276960 total
: 109238K->21824K(109248K), 0.0076424 secs] 186474K->105567K(502464K), 0.0077339 secs] [Times: user=0.02 sys=0.00, real=0.01 secs] 
Heap after GC invocations=249 (full 5):
 par new generation   total 109248K, used 21824K [0x00000007a0000000, 0x00000007a8000000, 0x00000007a8000000)
  eden space 87424K,   0% used [0x00000007a0000000, 0x00000007a0000000, 0x00000007a5560000)
  from space 21824K, 100% used [0x00000007a6ab0000, 0x00000007a8000000, 0x00000007a8000000)
  to   space 21824K,   0% used [0x00000007a5560000, 0x00000007a5560000, 0x00000007a6ab0000)
 concurrent mark-sweep generation total 393216K, used 83743K [0x00000007a8000000, 0x00000007c0000000, 0x00000007c0000000)
 Metaspace       used 29072K, capacity 29356K, committed 29768K, reserved 1075200K
  class space    used 3275K, capacity 3353K, committed 3400K, reserved 1048576K
}
2016-06-08T16:16:34.930-0530: 1846.557: Total time for which application threads were stopped: 0.0080429 seconds
2016-06-08T16:16:34.950-0530: 1846.576: Total time for which application threads were stopped: 0.0000932 seconds
2016-06-08T16:16:34.950-0530: 1846.577: Total time for which application threads were stopped: 0.0000676 seconds
2016-06-08T16:16:34.970-0530: 1846.596: Total time for which application threads were stopped: 0.0000973 seconds
2016-06-08T16:16:34.970-0530: 1846.597: Total time for which application threads were stopped: 0.0000743 seconds
2016-06-08T16:16:34.970-0530: 1846.597: Total time for which application threads were stopped: 0.0000632 seconds
{Heap before GC invocations=249 (full 5):
 par new generation   total 109248K, used 109248K [0x00000007a0000000, 0x00000007a8000000, 0x00000007a8000000)
  eden space 87424K, 100% used [0x00000007a0000000, 0x00000007a5560000, 0x00000007a5560000)
  from space 21824K, 100% used [0x00000007a6ab0000, 0x00000007a8000000, 0x00000007a8000000)
  to   space 21824K,   0% used [0x00000007a5560000, 0x00000007a5560000, 0x00000007a6ab0000)
 concurrent mark-sweep generation total 393216K, used 83743K [0x00000007a8000000, 0x00000007c0000000, 0x00000007c0000000)
 Metaspace       used 29072K, capacity 29356K, committed 29768K, reserved 1075200K
  class space    used 3275K, capacity 3353K, committed 3400K, reserved 1048576K
2016-06-08T16:16:40.867-0530: 1852.494: [GC (Allocation Failure) 1852.494: [ParNew
Desired survivor size 20112992 bytes, new threshold 7 (max 8)
- age   1:    3829800 bytes,    3829800 total
- age   2:    2524792 bytes,    6354592 total
- age   3:    3052152 bytes,    9406744 total
- age   4:    4619128 bytes,   14025872 total
- age   5:    3415312 bytes,   17441184 total
- age   6:    2446128 bytes,   19887312 total
- age   7:     558728 bytes,   20446040 total
: 109248K->21824K(109248K), 0.0078950 secs] 192991K->111311K(502464K), 0.0079519 secs] [Times: user=0.03 sys=0.00, real=0.01 secs] 
Heap after GC invocations=250 (full 5):
 par new generation   total 109248K, used 21824K [0x00000007a0000000, 0x00000007a8000000, 0x00000007a8000000)
  eden space 87424K,   0% used [0x00000007a0000000, 0x00000007a0000000, 0x00000007a5560000)
  from space 21824K, 100% used [0x00000007a5560000, 0x00000007a6ab0000, 0x00000007a6ab0000)
  to   space 21824K,   0% used [0x00000007a6ab0000, 0x00000007a6ab0000, 0x00000007a8000000)
 concurrent mark-sweep generation total 393216K, used 89487K [0x00000007a8000000, 0x00000007c0000000, 0x00000007c0000000)
 Metaspace       used 29072K, capacity 29356K, committed 29768K, reserved 1075200K
  class space    used 3275K, capacity 3353K, committed 3400K, reserved 1048576K
}
2016-06-08T16:16:40.875-0530: 1852.502: Total time for which application threads were stopped: 0.0081376 seconds
2016-06-08T16:16:40.980-0530: 1852.607: Total time for which application threads were stopped: 0.0001086 seconds
2016-06-08T16:16:40.981-0530: 1852.608: Total time for which application threads were stopped: 0.0000697 seconds
2016-06-08T16:16:40.981-0530: 1852.608: Total time for which application threads were stopped: 0.0000572 seconds
2016-06-08T16:16:40.982-0530: 1852.609: Total time for which application threads were stopped: 0.0000902 seconds
2016-06-08T16:16:40.984-0530: 1852.611: Total time for which application threads were stopped: 0.0001000 seconds
2016-06-08T16:16:40.984-0530: 1852.611: Total time for which application threads were stopped: 0.0000869 seconds
2016-06-08T16:16:40.992-0530: 1852.618: Total time for which application threads were stopped: 0.0001188 seconds
2016-06-08T16:16:41.003-0530: 1852.630: Total time for which application threads were stopped: 0.0001583 seconds
2016-06-08T16:16:41.004-0530: 1852.631: Total time for which application threads were stopped: 0.0003094 seconds
2016-06-08T16:16:41.005-0530: 1852.632: Total time for which application threads were stopped: 0.0001018 seconds
2016-06-08T16:16:41.005-0530: 1852.632: Total time for which application threads were stopped: 0.0000964 seconds
2016-06-08T16:16:41.082-0530: 1852.709: Total time for which application threads were stopped: 0.0001073 seconds
2016-06-08T16:16:41.156-0530: 1852.783: Total time for which application threads were stopped: 0.0000997 seconds
2016-06-08T16:16:41.163-0530: 1852.790: Total time for which application threads were stopped: 0.0001027 seconds
2016-06-08T16:16:41.170-0530: 1852.797: Total time for which application threads were stopped: 0.0001081 seconds
2016-06-08T16:16:41.175-0530: 1852.802: Total time for which application threads were stopped: 0.0001011 seconds
2016-06-08T16:16:41.180-0530: 1852.807: Total time for which application threads were stopped: 0.0001061 seconds
2016-06-08T16:16:41.327-0530: 1852.954: Total time for which application threads were stopped: 0.0001096 seconds
2016-06-08T16:16:41.328-0530: 1852.955: Total time for which application threads were stopped: 0.0000733 seconds
2016-06-08T16:16:41.329-0530: 1852.956: Total time for which application threads were stopped: 0.0000766 seconds
2016-06-08T16:16:41.329-0530: 1852.956: Total time for which application threads were stopped: 0.0001412 seconds
{Heap before GC invocations=250 (full 5):
 par new generation   total 109248K, used 109248K [0x00000007a0000000, 0x00000007a8000000, 0x00000007a8000000)
  eden space 87424K, 100% used [0x00000007a0000000, 0x00000007a5560000, 0x00000007a5560000)
  from space 21824K, 100% used [0x00000007a5560000, 0x00000007a6ab0000, 0x00000007a6ab0000)
  to   space 21824K,   0% used [0x00000007a6ab0000, 0x00000007a6ab0000, 0x00000007a8000000)
 concurrent mark-sweep generation total 393216K, used 89487K [0x00000007a8000000, 0x00000007c0000000, 0x00000007c0000000)
 Metaspace       used 29082K, capacity 29420K, committed 29768K, reserved 1075200K
  class space    used 3275K, capacity 3353K, committed 3400K, reserved 1048576K
2016-06-08T16:16:41.583-0530: 1853.210: [GC (Allocation Failure) 1853.211: [ParNew
Desired survivor size 20112992 bytes, new threshold 8 (max 8)
- age   1:    1939144 bytes,    1939144 total
- age   2:    1757728 bytes,    3696872 total
- age   3:    2524344 bytes,    6221216 total
- age   4:    3041480 bytes,    9262696 total
- age   5:    3402184 bytes,   12664880 total
- age   6:    2591544 bytes,   15256424 total
- age   7:    1614064 bytes,   16870488 total
: 109248K->21824K(109248K), 0.0080309 secs] 198735K->116433K(502464K), 0.0080891 secs] [Times: user=0.02 sys=0.00, real=0.01 secs] 
Heap after GC invocations=251 (full 5):
 par new generation   total 109248K, used 21824K [0x00000007a0000000, 0x00000007a8000000, 0x00000007a8000000)
  eden space 87424K,   0% used [0x00000007a0000000, 0x00000007a0000000, 0x00000007a5560000)
  from space 21824K, 100% used [0x00000007a6ab0000, 0x00000007a8000000, 0x00000007a8000000)
  to   space 21824K,   0% used [0x00000007a5560000, 0x00000007a5560000, 0x00000007a6ab0000)
 concurrent mark-sweep generation total 393216K, used 94609K [0x00000007a8000000, 0x00000007c0000000, 0x00000007c0000000)
 Metaspace       used 29082K, capacity 29420K, committed 29768K, reserved 1075200K
  class space    used 3275K, capacity 3353K, committed 3400K, reserved 1048576K
}
2016-06-08T16:16:41.592-0530: 1853.219: Total time for which application threads were stopped: 0.0082692 seconds
2016-06-08T16:16:42.593-0530: 1854.220: Total time for which application threads were stopped: 0.0000928 seconds
{Heap before GC invocations=251 (full 5):
 par new generation   total 109248K, used 109248K [0x00000007a0000000, 0x00000007a8000000, 0x00000007a8000000)
  eden space 87424K, 100% used [0x00000007a0000000, 0x00000007a5560000, 0x00000007a5560000)
  from space 21824K, 100% used [0x00000007a6ab0000, 0x00000007a8000000, 0x00000007a8000000)
  to   space 21824K,   0% used [0x00000007a5560000, 0x00000007a5560000, 0x00000007a6ab0000)
 concurrent mark-sweep generation total 393216K, used 94609K [0x00000007a8000000, 0x00000007c0000000, 0x00000007c0000000)
 Metaspace       used 29084K, capacity 29420K, committed 29768K, reserved 1075200K
  class space    used 3275K, capacity 3353K, committed 3400K, reserved 1048576K
2016-06-08T16:16:46.531-0530: 1858.158: [GC (Allocation Failure) 1858.158: [ParNew
Desired survivor size 20112992 bytes, new threshold 8 (max 8)
- age   1:    2171096 bytes,    2171096 total
- age   2:    1875120 bytes,    4046216 total
- age   3:    1757504 bytes,    5803720 total
- age   4:    2524304 bytes,    8328024 total
- age   5:    3041480 bytes,   11369504 total
- age   6:    3402184 bytes,   14771688 total
- age   7:    2591520 bytes,   17363208 total
- age   8:    1614064 bytes,   18977272 total
: 109248K->21824K(109248K), 0.0055261 secs] 203857K->116433K(502464K), 0.0055977 secs] [Times: user=0.02 sys=0.00, real=0.00 secs] 
Heap after GC invocations=252 (full 5):
 par new generation   total 109248K, used 21824K [0x00000007a0000000, 0x00000007a8000000, 0x00000007a8000000)
  eden space 87424K,   0% used [0x00000007a0000000, 0x00000007a0000000, 0x00000007a5560000)
  from space 21824K, 100% used [0x00000007a5560000, 0x00000007a6ab0000, 0x00000007a6ab0000)
  to   space 21824K,   0% used [0x00000007a6ab0000, 0x00000007a6ab0000, 0x00000007a8000000)
 concurrent mark-sweep generation total 393216K, used 94609K [0x00000007a8000000, 0x00000007c0000000, 0x00000007c0000000)
 Metaspace       used 29084K, capacity 29420K, committed 29768K, reserved 1075200K
  class space    used 3275K, capacity 3353K, committed 3400K, reserved 1048576K
}
2016-06-08T16:16:46.536-0530: 1858.164: Total time for which application threads were stopped: 0.0057874 seconds
2016-06-08T16:16:46.995-0530: 1858.622: Total time for which application threads were stopped: 0.0001068 seconds
2016-06-08T16:16:46.995-0530: 1858.622: Total time for which application threads were stopped: 0.0001014 seconds
2016-06-08T16:16:46.995-0530: 1858.622: Total time for which application threads were stopped: 0.0000784 seconds
2016-06-08T16:16:48.000-0530: 1859.627: Total time for which application threads were stopped: 0.0001277 seconds
{Heap before GC invocations=252 (full 5):
 par new generation   total 109248K, used 109247K [0x00000007a0000000, 0x00000007a8000000, 0x00000007a8000000)
  eden space 87424K,  99% used [0x00000007a0000000, 0x00000007a555ff70, 0x00000007a5560000)
  from space 21824K, 100% used [0x00000007a5560000, 0x00000007a6ab0000, 0x00000007a6ab0000)
  to   space 21824K,   0% used [0x00000007a6ab0000, 0x00000007a6ab0000, 0x00000007a8000000)
 concurrent mark-sweep generation total 393216K, used 94609K [0x00000007a8000000, 0x00000007c0000000, 0x00000007c0000000)
 Metaspace       used 29097K, capacity 29420K, committed 29768K, reserved 1075200K
  class space    used 3275K, capacity 3353K, committed 3400K, reserved 1048576K
2016-06-08T16:16:52.411-0530: 1864.039: [GC (Allocation Failure) 1864.039: [ParNew
Desired survivor size 20112992 bytes, new threshold 8 (max 8)
- age   1:    4074416 bytes,    4074416 total
- age   2:     648008 bytes,    4722424 total
- age   3:    1870656 bytes,    6593080 total
- age   4:    1755920 bytes,    8349000 total
- age   5:    2524304 bytes,   10873304 total
- age   6:    2548912 bytes,   13422216 total
- age   7:    3104544 bytes,   16526760 total
- age   8:    2591520 bytes,   19118280 total
: 109247K->21824K(109248K), 0.0062191 secs] 203857K->118780K(502464K), 0.0062765 secs] [Times: user=0.02 sys=0.00, real=0.00 secs] 
Heap after GC invocations=253 (full 5):
 par new generation   total 109248K, used 21824K [0x00000007a0000000, 0x00000007a8000000, 0x00000007a8000000)
  eden space 87424K,   0% used [0x00000007a0000000, 0x00000007a0000000, 0x00000007a5560000)
  from space 21824K, 100% used [0x00000007a6ab0000, 0x00000007a8000000, 0x00000007a8000000)
  to   space 21824K,   0% used [0x00000007a5560000, 0x00000007a5560000, 0x00000007a6ab0000)
 concurrent mark-sweep generation total 393216K, used 96956K [0x00000007a8000000, 0x00000007c0000000, 0x00000007c0000000)
 Metaspace       used 29097K, capacity 29420K, committed 29768K, reserved 1075200K
  class space    used 3275K, capacity 3353K, committed 3400K, reserved 1048576K
}
2016-06-08T16:16:52.418-0530: 1864.045: Total time for which application threads were stopped: 0.0064794 seconds
2016-06-08T16:16:52.892-0530: 1864.520: Total time for which application threads were stopped: 0.0001763 seconds
2016-06-08T16:16:52.893-0530: 1864.520: Total time for which application threads were stopped: 0.0000639 seconds
2016-06-08T16:16:52.893-0530: 1864.521: Total time for which application threads were stopped: 0.0000656 seconds
2016-06-08T16:16:52.893-0530: 1864.521: Total time for which application threads were stopped: 0.0000865 seconds
2016-06-08T16:16:52.893-0530: 1864.521: Total time for which application threads were stopped: 0.0000625 seconds
2016-06-08T16:16:52.894-0530: 1864.521: Total time for which application threads were stopped: 0.0000608 seconds
2016-06-08T16:16:52.894-0530: 1864.521: Total time for which application threads were stopped: 0.0000581 seconds
2016-06-08T16:16:52.894-0530: 1864.521: Total time for which application threads were stopped: 0.0000627 seconds
2016-06-08T16:16:52.983-0530: 1864.610: Total time for which application threads were stopped: 0.0001221 seconds
2016-06-08T16:16:52.983-0530: 1864.610: Total time for which application threads were stopped: 0.0000829 seconds
2016-06-08T16:16:52.983-0530: 1864.610: Total time for which application threads were stopped: 0.0000868 seconds
{Heap before GC invocations=253 (full 5):
 par new generation   total 109248K, used 109248K [0x00000007a0000000, 0x00000007a8000000, 0x00000007a8000000)
  eden space 87424K, 100% used [0x00000007a0000000, 0x00000007a5560000, 0x00000007a5560000)
  from space 21824K, 100% used [0x00000007a6ab0000, 0x00000007a8000000, 0x00000007a8000000)
  to   space 21824K,   0% used [0x00000007a5560000, 0x00000007a5560000, 0x00000007a6ab0000)
 concurrent mark-sweep generation total 393216K, used 96956K [0x00000007a8000000, 0x00000007c0000000, 0x00000007c0000000)
 Metaspace       used 29098K, capacity 29420K, committed 29768K, reserved 1075200K
  class space    used 3275K, capacity 3353K, committed 3400K, reserved 1048576K
2016-06-08T16:16:58.250-0530: 1869.877: [GC (Allocation Failure) 1869.877: [ParNew
Desired survivor size 20112992 bytes, new threshold 8 (max 8)
- age   1:    3068632 bytes,    3068632 total
- age   2:    2767648 bytes,    5836280 total
- age   3:     647872 bytes,    6484152 total
- age   4:    1870392 bytes,    8354544 total
- age   5:    1688888 bytes,   10043432 total
- age   6:    2524232 bytes,   12567664 total
- age   7:    2548840 bytes,   15116504 total
- age   8:    3104168 bytes,   18220672 total
: 109248K->21824K(109248K), 0.0064780 secs] 206204K->121656K(502464K), 0.0065558 secs] [Times: user=0.02 sys=0.00, real=0.00 secs] 
Heap after GC invocations=254 (full 5):
 par new generation   total 109248K, used 21824K [0x00000007a0000000, 0x00000007a8000000, 0x00000007a8000000)
  eden space 87424K,   0% used [0x00000007a0000000, 0x00000007a0000000, 0x00000007a5560000)
  from space 21824K, 100% used [0x00000007a5560000, 0x00000007a6ab0000, 0x00000007a6ab0000)
  to   space 21824K,   0% used [0x00000007a6ab0000, 0x00000007a6ab0000, 0x00000007a8000000)
 concurrent mark-sweep generation total 393216K, used 99832K [0x00000007a8000000, 0x00000007c0000000, 0x00000007c0000000)
 Metaspace       used 29098K, capacity 29420K, committed 29768K, reserved 1075200K
  class space    used 3275K, capacity 3353K, committed 3400K, reserved 1048576K
}
2016-06-08T16:16:58.256-0530: 1869.884: Total time for which application threads were stopped: 0.0067392 seconds
{Heap before GC invocations=254 (full 5):
 par new generation   total 109248K, used 109248K [0x00000007a0000000, 0x00000007a8000000, 0x00000007a8000000)
  eden space 87424K, 100% used [0x00000007a0000000, 0x00000007a5560000, 0x00000007a5560000)
  from space 21824K, 100% used [0x00000007a5560000, 0x00000007a6ab0000, 0x00000007a6ab0000)
  to   space 21824K,   0% used [0x00000007a6ab0000, 0x00000007a6ab0000, 0x00000007a8000000)
 concurrent mark-sweep generation total 393216K, used 99832K [0x00000007a8000000, 0x00000007c0000000, 0x00000007c0000000)
 Metaspace       used 29098K, capacity 29420K, committed 29768K, reserved 1075200K
  class space    used 3275K, capacity 3353K, committed 3400K, reserved 1048576K
2016-06-08T16:16:58.786-0530: 1870.414: [GC (Allocation Failure) 1870.414: [ParNew
Desired survivor size 20112992 bytes, new threshold 8 (max 8)
- age   1:    5377896 bytes,    5377896 total
- age   2:    3017256 bytes,    8395152 total
- age   3:    2766880 bytes,   11162032 total
- age   4:     580960 bytes,   11742992 total
- age   5:    1870392 bytes,   13613384 total
- age   6:    1688888 bytes,   15302272 total
- age   7:    2524232 bytes,   17826504 total
- age   8:    2548840 bytes,   20375344 total
: 109248K->21824K(109248K), 0.0081728 secs] 209080K->125488K(502464K), 0.0082590 secs] [Times: user=0.01 sys=0.00, real=0.01 secs] 
Heap after GC invocations=255 (full 5):
 par new generation   total 109248K, used 21824K [0x00000007a0000000, 0x00000007a8000000, 0x00000007a8000000)
  eden space 87424K,   0% used [0x00000007a0000000, 0x00000007a0000000, 0x00000007a5560000)
  from space 21824K, 100% used [0x00000007a6ab0000, 0x00000007a8000000, 0x00000007a8000000)
  to   space 21824K,   0% used [0x00000007a5560000, 0x00000007a5560000, 0x00000007a6ab0000)
 concurrent mark-sweep generation total 393216K, used 103664K [0x00000007a8000000, 0x00000007c0000000, 0x00000007c0000000)
 Metaspace       used 29098K, capacity 29420K, committed 29768K, reserved 1075200K
  class space    used 3275K, capacity 3353K, committed 3400K, reserved 1048576K
}
2016-06-08T16:16:58.794-0530: 1870.422: Total time for which application threads were stopped: 0.0084479 seconds
2016-06-08T16:16:58.823-0530: 1870.451: Total time for which application threads were stopped: 0.0000964 seconds
2016-06-08T16:16:58.823-0530: 1870.451: Total time for which application threads were stopped: 0.0000739 seconds
2016-06-08T16:16:58.842-0530: 1870.469: Total time for which application threads were stopped: 0.0001159 seconds
2016-06-08T16:16:58.842-0530: 1870.469: Total time for which application threads were stopped: 0.0000938 seconds
2016-06-08T16:16:58.842-0530: 1870.470: Total time for which application threads were stopped: 0.0000531 seconds
{Heap before GC invocations=255 (full 5):
 par new generation   total 109248K, used 109248K [0x00000007a0000000, 0x00000007a8000000, 0x00000007a8000000)
  eden space 87424K, 100% used [0x00000007a0000000, 0x00000007a5560000, 0x00000007a5560000)
  from space 21824K, 100% used [0x00000007a6ab0000, 0x00000007a8000000, 0x00000007a8000000)
  to   space 21824K,   0% used [0x00000007a5560000, 0x00000007a5560000, 0x00000007a6ab0000)
 concurrent mark-sweep generation total 393216K, used 103664K [0x00000007a8000000, 0x00000007c0000000, 0x00000007c0000000)
 Metaspace       used 29098K, capacity 29420K, committed 29768K, reserved 1075200K
  class space    used 3275K, capacity 3353K, committed 3400K, reserved 1048576K
2016-06-08T16:17:04.474-0530: 1876.102: [GC (Allocation Failure) 1876.102: [ParNew
Desired survivor size 20112992 bytes, new threshold 8 (max 8)
- age   1:    6193440 bytes,    6193440 total
- age   2:    2535360 bytes,    8728800 total
- age   3:    2920800 bytes,   11649600 total
- age   4:    2473320 bytes,   14122920 total
- age   5:     546056 bytes,   14668976 total
- age   6:    1870000 bytes,   16538976 total
- age   7:    1684536 bytes,   18223512 total
- age   8:    2522912 bytes,   20746424 total
: 109248K->21824K(109248K), 0.0070260 secs] 212912K->128309K(502464K), 0.0071087 secs] [Times: user=0.02 sys=0.00, real=0.01 secs] 
Heap after GC invocations=256 (full 5):
 par new generation   total 109248K, used 21824K [0x00000007a0000000, 0x00000007a8000000, 0x00000007a8000000)
  eden space 87424K,   0% used [0x00000007a0000000, 0x00000007a0000000, 0x00000007a5560000)
  from space 21824K, 100% used [0x00000007a5560000, 0x00000007a6ab0000, 0x00000007a6ab0000)
  to   space 21824K,   0% used [0x00000007a6ab0000, 0x00000007a6ab0000, 0x00000007a8000000)
 concurrent mark-sweep generation total 393216K, used 106485K [0x00000007a8000000, 0x00000007c0000000, 0x00000007c0000000)
 Metaspace       used 29098K, capacity 29420K, committed 29768K, reserved 1075200K
  class space    used 3275K, capacity 3353K, committed 3400K, reserved 1048576K
}
2016-06-08T16:17:04.482-0530: 1876.109: Total time for which application threads were stopped: 0.0072960 seconds
2016-06-08T16:17:04.558-0530: 1876.186: Total time for which application threads were stopped: 0.0001196 seconds
2016-06-08T16:17:04.559-0530: 1876.186: Total time for which application threads were stopped: 0.0000661 seconds
2016-06-08T16:17:04.594-0530: 1876.222: Total time for which application threads were stopped: 0.0001406 seconds
2016-06-08T16:17:04.594-0530: 1876.222: Total time for which application threads were stopped: 0.0000872 seconds
2016-06-08T16:17:04.594-0530: 1876.222: Total time for which application threads were stopped: 0.0001129 seconds
{Heap before GC invocations=256 (full 5):
 par new generation   total 109248K, used 109173K [0x00000007a0000000, 0x00000007a8000000, 0x00000007a8000000)
  eden space 87424K,  99% used [0x00000007a0000000, 0x00000007a554d438, 0x00000007a5560000)
  from space 21824K, 100% used [0x00000007a5560000, 0x00000007a6ab0000, 0x00000007a6ab0000)
  to   space 21824K,   0% used [0x00000007a6ab0000, 0x00000007a6ab0000, 0x00000007a8000000)
 concurrent mark-sweep generation total 393216K, used 106485K [0x00000007a8000000, 0x00000007c0000000, 0x00000007c0000000)
 Metaspace       used 29099K, capacity 29420K, committed 29768K, reserved 1075200K
  class space    used 3275K, capacity 3353K, committed 3400K, reserved 1048576K
2016-06-08T16:17:10.402-0530: 1882.029: [GC (Allocation Failure) 1882.030: [ParNew
Desired survivor size 20112992 bytes, new threshold 8 (max 8)
- age   1:    6664232 bytes,    6664232 total
- age   2:    2407616 bytes,    9071848 total
- age   3:    2446736 bytes,   11518584 total
- age   4:    2919128 bytes,   14437712 total
- age   5:    2009032 bytes,   16446744 total
- age   6:     546024 bytes,   16992768 total
- age   7:    1869776 bytes,   18862544 total
- age   8:    1684304 bytes,   20546848 total
: 109173K->21824K(109248K), 0.0073768 secs] 215658K->131453K(502464K), 0.0074355 secs] [Times: user=0.02 sys=0.00, real=0.00 secs] 
Heap after GC invocations=257 (full 5):
 par new generation   total 109248K, used 21824K [0x00000007a0000000, 0x00000007a8000000, 0x00000007a8000000)
  eden space 87424K,   0% used [0x00000007a0000000, 0x00000007a0000000, 0x00000007a5560000)
  from space 21824K, 100% used [0x00000007a6ab0000, 0x00000007a8000000, 0x00000007a8000000)
  to   space 21824K,   0% used [0x00000007a5560000, 0x00000007a5560000, 0x00000007a6ab0000)
 concurrent mark-sweep generation total 393216K, used 109629K [0x00000007a8000000, 0x00000007c0000000, 0x00000007c0000000)
 Metaspace       used 29099K, capacity 29420K, committed 29768K, reserved 1075200K
  class space    used 3275K, capacity 3353K, committed 3400K, reserved 1048576K
}
2016-06-08T16:17:10.409-0530: 1882.037: Total time for which application threads were stopped: 0.0076281 seconds
2016-06-08T16:17:10.601-0530: 1882.229: Total time for which application threads were stopped: 0.0000922 seconds
2016-06-08T16:17:10.601-0530: 1882.229: Total time for which application threads were stopped: 0.0001422 seconds
2016-06-08T16:17:10.601-0530: 1882.229: Total time for which application threads were stopped: 0.0000568 seconds
2016-06-08T16:17:10.719-0530: 1882.347: Total time for which application threads were stopped: 0.0001925 seconds
2016-06-08T16:17:10.719-0530: 1882.347: Total time for which application threads were stopped: 0.0001621 seconds
2016-06-08T16:17:10.719-0530: 1882.347: Total time for which application threads were stopped: 0.0000587 seconds
2016-06-08T16:17:11.589-0530: 1883.217: Total time for which application threads were stopped: 0.0000939 seconds
2016-06-08T16:17:11.589-0530: 1883.217: Total time for which application threads were stopped: 0.0000692 seconds
2016-06-08T16:17:11.589-0530: 1883.217: Total time for which application threads were stopped: 0.0001230 seconds
2016-06-08T16:17:11.598-0530: 1883.226: Total time for which application threads were stopped: 0.0001393 seconds
2016-06-08T16:17:11.680-0530: 1883.308: Total time for which application threads were stopped: 0.0001004 seconds
2016-06-08T16:17:11.715-0530: 1883.343: Total time for which application threads were stopped: 0.0001007 seconds
2016-06-08T16:21:39.827-0530: 2151.463: Total time for which application threads were stopped: 0.0000989 seconds
2016-06-08T16:21:39.827-0530: 2151.463: Total time for which application threads were stopped: 0.0000595 seconds
2016-06-08T16:21:39.827-0530: 2151.463: Total time for which application threads were stopped: 0.0000610 seconds
2016-06-08T16:21:39.828-0530: 2151.464: Total time for which application threads were stopped: 0.0000768 seconds
2016-06-08T16:21:39.840-0530: 2151.476: Total time for which application threads were stopped: 0.0001248 seconds
2016-06-08T16:21:39.840-0530: 2151.476: Total time for which application threads were stopped: 0.0000679 seconds
2016-06-08T16:21:39.840-0530: 2151.476: Total time for which application threads were stopped: 0.0000534 seconds
2016-06-08T16:21:39.841-0530: 2151.477: Total time for which application threads were stopped: 0.0000580 seconds
2016-06-08T16:21:39.877-0530: 2151.513: Total time for which application threads were stopped: 0.0001547 seconds
2016-06-08T16:21:40.013-0530: 2151.649: Total time for which application threads were stopped: 0.0001985 seconds
2016-06-08T16:21:40.014-0530: 2151.650: Total time for which application threads were stopped: 0.0001618 seconds
2016-06-08T16:21:40.076-0530: 2151.713: Total time for which application threads were stopped: 0.0001306 seconds
2016-06-08T16:21:40.109-0530: 2151.745: Total time for which application threads were stopped: 0.0128071 seconds
2016-06-08T16:21:40.109-0530: 2151.746: Total time for which application threads were stopped: 0.0001362 seconds
2016-06-08T16:21:40.117-0530: 2151.754: Total time for which application threads were stopped: 0.0079253 seconds
2016-06-08T16:21:40.126-0530: 2151.762: Total time for which application threads were stopped: 0.0082961 seconds
2016-06-08T16:21:40.132-0530: 2151.768: Total time for which application threads were stopped: 0.0063838 seconds
2016-06-08T16:21:40.206-0530: 2151.842: Total time for which application threads were stopped: 0.0001323 seconds
2016-06-08T16:21:40.206-0530: 2151.842: Total time for which application threads were stopped: 0.0000820 seconds
2016-06-08T16:21:40.206-0530: 2151.843: Total time for which application threads were stopped: 0.0000617 seconds
2016-06-08T16:21:40.207-0530: 2151.843: Total time for which application threads were stopped: 0.0001179 seconds
2016-06-08T16:21:40.207-0530: 2151.843: Total time for which application threads were stopped: 0.0000845 seconds
2016-06-08T16:21:40.207-0530: 2151.843: Total time for which application threads were stopped: 0.0000428 seconds
2016-06-08T16:21:40.207-0530: 2151.843: Total time for which application threads were stopped: 0.0000442 seconds
2016-06-08T16:21:40.388-0530: 2152.024: Total time for which application threads were stopped: 0.0001483 seconds
2016-06-08T16:21:40.389-0530: 2152.025: Total time for which application threads were stopped: 0.0001367 seconds
2016-06-08T16:21:40.489-0530: 2152.125: Total time for which application threads were stopped: 0.0014300 seconds
2016-06-08T16:21:40.541-0530: 2152.178: Total time for which application threads were stopped: 0.0139740 seconds
2016-06-08T16:21:40.542-0530: 2152.178: Total time for which application threads were stopped: 0.0000949 seconds
2016-06-08T16:21:40.554-0530: 2152.190: Total time for which application threads were stopped: 0.0122523 seconds
2016-06-08T16:21:40.554-0530: 2152.191: Total time for which application threads were stopped: 0.0001302 seconds
2016-06-08T16:21:40.555-0530: 2152.191: Total time for which application threads were stopped: 0.0000880 seconds
2016-06-08T16:21:40.555-0530: 2152.191: Total time for which application threads were stopped: 0.0000842 seconds
2016-06-08T16:21:40.560-0530: 2152.196: Total time for which application threads were stopped: 0.0038282 seconds
2016-06-08T16:21:40.563-0530: 2152.199: Total time for which application threads were stopped: 0.0025943 seconds
2016-06-08T16:21:40.569-0530: 2152.205: Total time for which application threads were stopped: 0.0044881 seconds
2016-06-08T16:21:40.605-0530: 2152.241: Total time for which application threads were stopped: 0.0362877 seconds
2016-06-08T16:21:40.605-0530: 2152.242: Total time for which application threads were stopped: 0.0001696 seconds
2016-06-08T16:21:40.653-0530: 2152.289: Total time for which application threads were stopped: 0.0471344 seconds
2016-06-08T16:21:40.689-0530: 2152.325: Total time for which application threads were stopped: 0.0143441 seconds
2016-06-08T16:21:40.742-0530: 2152.378: Total time for which application threads were stopped: 0.0514968 seconds
2016-06-08T16:21:40.778-0530: 2152.414: Total time for which application threads were stopped: 0.0360638 seconds
2016-06-08T16:21:40.778-0530: 2152.414: Total time for which application threads were stopped: 0.0001145 seconds
2016-06-08T16:21:40.778-0530: 2152.415: Total time for which application threads were stopped: 0.0000877 seconds
2016-06-08T16:21:40.808-0530: 2152.444: Total time for which application threads were stopped: 0.0109484 seconds
2016-06-08T16:21:40.819-0530: 2152.455: Total time for which application threads were stopped: 0.0042382 seconds
2016-06-08T16:21:40.819-0530: 2152.455: Total time for which application threads were stopped: 0.0000947 seconds
2016-06-08T16:21:40.849-0530: 2152.485: Total time for which application threads were stopped: 0.0270530 seconds
2016-06-08T16:21:40.862-0530: 2152.498: Total time for which application threads were stopped: 0.0001344 seconds
2016-06-08T16:21:40.862-0530: 2152.498: Total time for which application threads were stopped: 0.0000912 seconds
2016-06-08T16:21:40.862-0530: 2152.498: Total time for which application threads were stopped: 0.0000936 seconds
2016-06-08T16:21:40.862-0530: 2152.499: Total time for which application threads were stopped: 0.0000696 seconds
2016-06-08T16:21:40.862-0530: 2152.499: Total time for which application threads were stopped: 0.0000559 seconds
2016-06-08T16:21:40.863-0530: 2152.499: Total time for which application threads were stopped: 0.0001163 seconds
2016-06-08T16:21:40.863-0530: 2152.499: Total time for which application threads were stopped: 0.0000898 seconds
2016-06-08T16:21:40.863-0530: 2152.499: Total time for which application threads were stopped: 0.0000808 seconds
2016-06-08T16:21:40.863-0530: 2152.499: Total time for which application threads were stopped: 0.0000783 seconds
2016-06-08T16:21:40.863-0530: 2152.500: Total time for which application threads were stopped: 0.0000923 seconds
2016-06-08T16:21:40.863-0530: 2152.500: Total time for which application threads were stopped: 0.0000820 seconds
2016-06-08T16:21:40.864-0530: 2152.500: Total time for which application threads were stopped: 0.0000712 seconds
2016-06-08T16:21:40.864-0530: 2152.500: Total time for which application threads were stopped: 0.0001403 seconds
2016-06-08T16:21:40.864-0530: 2152.500: Total time for which application threads were stopped: 0.0000665 seconds
2016-06-08T16:21:40.864-0530: 2152.501: Total time for which application threads were stopped: 0.0000662 seconds
2016-06-08T16:21:40.979-0530: 2152.616: Total time for which application threads were stopped: 0.0002978 seconds
2016-06-08T16:21:41.037-0530: 2152.674: Total time for which application threads were stopped: 0.0002314 seconds
2016-06-08T16:21:41.124-0530: 2152.760: Total time for which application threads were stopped: 0.0196165 seconds
2016-06-08T16:21:41.149-0530: 2152.785: Total time for which application threads were stopped: 0.0240920 seconds
2016-06-08T16:21:41.158-0530: 2152.795: Total time for which application threads were stopped: 0.0087876 seconds
2016-06-08T16:21:41.159-0530: 2152.795: Total time for which application threads were stopped: 0.0002990 seconds
2016-06-08T16:21:41.166-0530: 2152.802: Total time for which application threads were stopped: 0.0062117 seconds
2016-06-08T16:21:41.171-0530: 2152.807: Total time for which application threads were stopped: 0.0027952 seconds
2016-06-08T16:21:41.172-0530: 2152.808: Total time for which application threads were stopped: 0.0001492 seconds
2016-06-08T16:21:41.211-0530: 2152.847: Total time for which application threads were stopped: 0.0387498 seconds
2016-06-08T16:21:41.259-0530: 2152.895: Total time for which application threads were stopped: 0.0477040 seconds
2016-06-08T16:21:41.259-0530: 2152.895: Total time for which application threads were stopped: 0.0001458 seconds
2016-06-08T16:21:41.259-0530: 2152.895: Total time for which application threads were stopped: 0.0001532 seconds
2016-06-08T16:21:41.285-0530: 2152.921: Total time for which application threads were stopped: 0.0246310 seconds
2016-06-08T16:21:41.291-0530: 2152.927: Total time for which application threads were stopped: 0.0034450 seconds
2016-06-08T16:21:41.291-0530: 2152.927: Total time for which application threads were stopped: 0.0001787 seconds
2016-06-08T16:21:41.292-0530: 2152.928: Total time for which application threads were stopped: 0.0004339 seconds
2016-06-08T16:21:41.305-0530: 2152.941: Total time for which application threads were stopped: 0.0081331 seconds
2016-06-08T16:21:41.408-0530: 2153.044: Total time for which application threads were stopped: 0.0394690 seconds
2016-06-08T16:21:41.453-0530: 2153.089: Total time for which application threads were stopped: 0.0452226 seconds
2016-06-08T16:21:41.479-0530: 2153.116: Total time for which application threads were stopped: 0.0258683 seconds
2016-06-08T16:21:41.537-0530: 2153.173: Total time for which application threads were stopped: 0.0569681 seconds
2016-06-08T16:21:41.607-0530: 2153.243: Total time for which application threads were stopped: 0.0662349 seconds
2016-06-08T16:21:41.673-0530: 2153.309: Total time for which application threads were stopped: 0.0646793 seconds
2016-06-08T16:21:41.673-0530: 2153.309: Total time for which application threads were stopped: 0.0001407 seconds
2016-06-08T16:21:41.742-0530: 2153.378: Total time for which application threads were stopped: 0.0679044 seconds
2016-06-08T16:21:41.743-0530: 2153.379: Total time for which application threads were stopped: 0.0002041 seconds
2016-06-08T16:21:41.753-0530: 2153.390: Total time for which application threads were stopped: 0.0101371 seconds
2016-06-08T16:21:41.864-0530: 2153.500: Total time for which application threads were stopped: 0.1096351 seconds
2016-06-08T16:21:42.055-0530: 2153.691: Total time for which application threads were stopped: 0.1896585 seconds
2016-06-08T16:21:42.303-0530: 2153.940: Total time for which application threads were stopped: 0.2485611 seconds
2016-06-08T16:21:42.304-0530: 2153.940: Total time for which application threads were stopped: 0.0001622 seconds
2016-06-08T16:21:42.453-0530: 2154.089: Total time for which application threads were stopped: 0.1439929 seconds
2016-06-08T16:21:42.491-0530: 2154.128: Total time for which application threads were stopped: 0.0380861 seconds
2016-06-08T16:21:42.548-0530: 2154.185: Total time for which application threads were stopped: 0.0560559 seconds
2016-06-08T16:21:42.589-0530: 2154.225: Total time for which application threads were stopped: 0.0402414 seconds
2016-06-08T16:21:42.714-0530: 2154.350: Total time for which application threads were stopped: 0.0888923 seconds
2016-06-08T16:21:42.797-0530: 2154.433: Total time for which application threads were stopped: 0.0821283 seconds
2016-06-08T16:21:42.838-0530: 2154.474: Total time for which application threads were stopped: 0.0410349 seconds
2016-06-08T16:21:42.915-0530: 2154.551: Total time for which application threads were stopped: 0.0763530 seconds
2016-06-08T16:21:43.002-0530: 2154.639: Total time for which application threads were stopped: 0.0830907 seconds
2016-06-08T16:21:43.029-0530: 2154.665: Total time for which application threads were stopped: 0.0254272 seconds
2016-06-08T16:21:43.053-0530: 2154.689: Total time for which application threads were stopped: 0.0240414 seconds
2016-06-08T16:21:43.164-0530: 2154.801: Total time for which application threads were stopped: 0.1108444 seconds
2016-06-08T16:21:43.191-0530: 2154.827: Total time for which application threads were stopped: 0.0257444 seconds
2016-06-08T16:21:43.223-0530: 2154.860: Total time for which application threads were stopped: 0.0323070 seconds
2016-06-08T16:21:43.224-0530: 2154.860: Total time for which application threads were stopped: 0.0001697 seconds
2016-06-08T16:21:43.224-0530: 2154.861: Total time for which application threads were stopped: 0.0003235 seconds
2016-06-08T16:21:43.225-0530: 2154.861: Total time for which application threads were stopped: 0.0001644 seconds
2016-06-08T16:21:43.257-0530: 2154.893: Total time for which application threads were stopped: 0.0299735 seconds
2016-06-08T16:21:43.272-0530: 2154.908: Total time for which application threads were stopped: 0.0112392 seconds
2016-06-08T16:21:43.302-0530: 2154.938: Total time for which application threads were stopped: 0.0295052 seconds
2016-06-08T16:21:43.302-0530: 2154.939: Total time for which application threads were stopped: 0.0001399 seconds
2016-06-08T16:21:43.370-0530: 2155.006: Total time for which application threads were stopped: 0.0020572 seconds
2016-06-08T16:21:43.394-0530: 2155.030: Total time for which application threads were stopped: 0.0174149 seconds
2016-06-08T16:21:43.436-0530: 2155.072: Total time for which application threads were stopped: 0.0401577 seconds
2016-06-08T16:21:43.437-0530: 2155.073: Total time for which application threads were stopped: 0.0002045 seconds
2016-06-08T16:21:43.438-0530: 2155.075: Total time for which application threads were stopped: 0.0004300 seconds
2016-06-08T16:21:43.446-0530: 2155.082: Total time for which application threads were stopped: 0.0003075 seconds
2016-06-08T16:21:43.448-0530: 2155.084: Total time for which application threads were stopped: 0.0005554 seconds
2016-06-08T16:21:43.451-0530: 2155.087: Total time for which application threads were stopped: 0.0003254 seconds
2016-06-08T16:21:43.620-0530: 2155.256: Total time for which application threads were stopped: 0.0164353 seconds
2016-06-08T16:21:43.647-0530: 2155.284: Total time for which application threads were stopped: 0.0259742 seconds
2016-06-08T16:21:44.286-0530: 2155.923: Total time for which application threads were stopped: 0.0086059 seconds
2016-06-08T16:21:44.400-0530: 2156.037: Total time for which application threads were stopped: 0.0457433 seconds
2016-06-08T16:21:44.433-0530: 2156.070: Total time for which application threads were stopped: 0.0002075 seconds
2016-06-08T16:21:44.803-0530: 2156.440: Total time for which application threads were stopped: 0.0001298 seconds
2016-06-08T16:21:44.804-0530: 2156.440: Total time for which application threads were stopped: 0.0000960 seconds
2016-06-08T16:21:44.807-0530: 2156.443: Total time for which application threads were stopped: 0.0001257 seconds
2016-06-08T16:21:44.814-0530: 2156.450: Total time for which application threads were stopped: 0.0001500 seconds
2016-06-08T16:21:44.814-0530: 2156.450: Total time for which application threads were stopped: 0.0000835 seconds
2016-06-08T16:21:44.899-0530: 2156.535: Total time for which application threads were stopped: 0.0002692 seconds
2016-06-08T16:21:44.902-0530: 2156.538: Total time for which application threads were stopped: 0.0001610 seconds
2016-06-08T16:21:45.712-0530: 2157.348: Total time for which application threads were stopped: 0.0536806 seconds
2016-06-08T16:21:45.765-0530: 2157.401: Total time for which application threads were stopped: 0.0448811 seconds
2016-06-08T16:21:46.363-0530: 2157.999: Total time for which application threads were stopped: 0.0743718 seconds
2016-06-08T16:21:46.473-0530: 2158.109: Total time for which application threads were stopped: 0.1098055 seconds
2016-06-08T16:21:46.588-0530: 2158.225: Total time for which application threads were stopped: 0.1148632 seconds
2016-06-08T16:21:46.747-0530: 2158.383: Total time for which application threads were stopped: 0.0298855 seconds
2016-06-08T16:21:47.928-0530: 2159.565: Total time for which application threads were stopped: 0.1796334 seconds
2016-06-08T16:21:47.929-0530: 2159.565: Total time for which application threads were stopped: 0.0002188 seconds
{Heap before GC invocations=257 (full 5):
 par new generation   total 109248K, used 109248K [0x00000007a0000000, 0x00000007a8000000, 0x00000007a8000000)
  eden space 87424K, 100% used [0x00000007a0000000, 0x00000007a5560000, 0x00000007a5560000)
  from space 21824K, 100% used [0x00000007a6ab0000, 0x00000007a8000000, 0x00000007a8000000)
  to   space 21824K,   0% used [0x00000007a5560000, 0x00000007a5560000, 0x00000007a6ab0000)
 concurrent mark-sweep generation total 393216K, used 109629K [0x00000007a8000000, 0x00000007c0000000, 0x00000007c0000000)
 Metaspace       used 29956K, capacity 30284K, committed 30664K, reserved 1077248K
  class space    used 3361K, capacity 3449K, committed 3528K, reserved 1048576K
2016-06-08T16:21:48.471-0530: 2160.108: [GC (Allocation Failure) 2160.156: [ParNew
Desired survivor size 20112992 bytes, new threshold 8 (max 8)
- age   1:    6990144 bytes,    6990144 total
- age   2:    2631344 bytes,    9621488 total
- age   3:    2339400 bytes,   11960888 total
- age   4:    1964976 bytes,   13925864 total
- age   5:    2918408 bytes,   16844272 total
- age   6:    2008280 bytes,   18852552 total
- age   7:     545640 bytes,   19398192 total
- age   8:    1869776 bytes,   21267968 total
: 109248K->21824K(109248K), 0.0440956 secs] 218877K->134079K(502464K), 0.0921407 secs] [Times: user=0.04 sys=0.08, real=0.09 secs] 
Heap after GC invocations=258 (full 5):
 par new generation   total 109248K, used 21824K [0x00000007a0000000, 0x00000007a8000000, 0x00000007a8000000)
  eden space 87424K,   0% used [0x00000007a0000000, 0x00000007a0000000, 0x00000007a5560000)
  from space 21824K, 100% used [0x00000007a5560000, 0x00000007a6ab0000, 0x00000007a6ab0000)
  to   space 21824K,   0% used [0x00000007a6ab0000, 0x00000007a6ab0000, 0x00000007a8000000)
 concurrent mark-sweep generation total 393216K, used 112255K [0x00000007a8000000, 0x00000007c0000000, 0x00000007c0000000)
 Metaspace       used 29956K, capacity 30284K, committed 30664K, reserved 1077248K
  class space    used 3361K, capacity 3449K, committed 3528K, reserved 1048576K
}
2016-06-08T16:21:48.564-0530: 2160.200: Total time for which application threads were stopped: 0.1463103 seconds
2016-06-08T16:21:49.576-0530: 2161.212: Total time for which application threads were stopped: 0.0050562 seconds
2016-06-08T16:21:49.576-0530: 2161.213: Total time for which application threads were stopped: 0.0001997 seconds
2016-06-08T16:21:50.581-0530: 2162.218: Total time for which application threads were stopped: 0.0001138 seconds
2016-06-08T16:21:51.702-0530: 2163.339: Total time for which application threads were stopped: 0.1161210 seconds
2016-06-08T16:21:52.166-0530: 2163.802: Total time for which application threads were stopped: 0.0108781 seconds
2016-06-08T16:21:53.211-0530: 2164.848: Total time for which application threads were stopped: 0.0412941 seconds
2016-06-08T16:21:55.267-0530: 2166.904: Total time for which application threads were stopped: 0.0520915 seconds
2016-06-08T16:21:59.283-0530: 2170.920: Total time for which application threads were stopped: 0.0001154 seconds
2016-06-08T16:22:02.296-0530: 2173.933: Total time for which application threads were stopped: 0.0003803 seconds
2016-06-08T16:22:43.405-0530: 2215.043: Total time for which application threads were stopped: 0.0002200 seconds
2016-06-08T16:22:45.879-0530: 2217.517: Total time for which application threads were stopped: 0.0001021 seconds
2016-06-08T16:22:45.879-0530: 2217.518: Total time for which application threads were stopped: 0.0000714 seconds
2016-06-08T16:22:45.880-0530: 2217.518: Total time for which application threads were stopped: 0.0000801 seconds
2016-06-08T16:22:46.545-0530: 2218.184: Total time for which application threads were stopped: 0.0003638 seconds
2016-06-08T16:22:46.546-0530: 2218.184: Total time for which application threads were stopped: 0.0004644 seconds
2016-06-08T16:22:46.546-0530: 2218.185: Total time for which application threads were stopped: 0.0001728 seconds
2016-06-08T16:22:46.546-0530: 2218.185: Total time for which application threads were stopped: 0.0001315 seconds
2016-06-08T16:22:46.548-0530: 2218.186: Total time for which application threads were stopped: 0.0002240 seconds
2016-06-08T16:22:51.883-0530: 2223.522: Total time for which application threads were stopped: 0.0001032 seconds
2016-06-08T16:22:51.884-0530: 2223.522: Total time for which application threads were stopped: 0.0000650 seconds
2016-06-08T16:22:52.884-0530: 2224.523: Total time for which application threads were stopped: 0.0001569 seconds
2016-06-08T16:22:53.889-0530: 2225.527: Total time for which application threads were stopped: 0.0001915 seconds
2016-06-08T16:23:20.920-0530: 2252.560: Total time for which application threads were stopped: 0.0001447 seconds
2016-06-08T16:23:20.920-0530: 2252.560: Total time for which application threads were stopped: 0.0000998 seconds
2016-06-08T16:23:20.921-0530: 2252.560: Total time for which application threads were stopped: 0.0000707 seconds
2016-06-08T16:23:20.921-0530: 2252.560: Total time for which application threads were stopped: 0.0000767 seconds
2016-06-08T16:23:21.086-0530: 2252.725: Total time for which application threads were stopped: 0.0001052 seconds
2016-06-08T16:23:21.086-0530: 2252.726: Total time for which application threads were stopped: 0.0000968 seconds
2016-06-08T16:23:21.184-0530: 2252.824: Total time for which application threads were stopped: 0.0026557 seconds
2016-06-08T16:23:21.212-0530: 2252.851: Total time for which application threads were stopped: 0.0001586 seconds
2016-06-08T16:23:21.212-0530: 2252.851: Total time for which application threads were stopped: 0.0001574 seconds
2016-06-08T16:23:21.212-0530: 2252.852: Total time for which application threads were stopped: 0.0000933 seconds
2016-06-08T16:23:21.213-0530: 2252.852: Total time for which application threads were stopped: 0.0000645 seconds
2016-06-08T16:23:21.370-0530: 2253.010: Total time for which application threads were stopped: 0.0073891 seconds
2016-06-08T16:23:21.371-0530: 2253.010: Total time for which application threads were stopped: 0.0001247 seconds
2016-06-08T16:23:21.371-0530: 2253.011: Total time for which application threads were stopped: 0.0003175 seconds
2016-06-08T16:23:21.401-0530: 2253.041: Total time for which application threads were stopped: 0.0297380 seconds
2016-06-08T16:23:21.402-0530: 2253.041: Total time for which application threads were stopped: 0.0001684 seconds
2016-06-08T16:23:21.463-0530: 2253.102: Total time for which application threads were stopped: 0.0171682 seconds
2016-06-08T16:23:21.463-0530: 2253.102: Total time for which application threads were stopped: 0.0001183 seconds
2016-06-08T16:23:21.539-0530: 2253.179: Total time for which application threads were stopped: 0.0762110 seconds
2016-06-08T16:23:21.571-0530: 2253.210: Total time for which application threads were stopped: 0.0311540 seconds
2016-06-08T16:23:21.571-0530: 2253.211: Total time for which application threads were stopped: 0.0001913 seconds
2016-06-08T16:23:21.621-0530: 2253.261: Total time for which application threads were stopped: 0.0498248 seconds
2016-06-08T16:23:21.664-0530: 2253.304: Total time for which application threads were stopped: 0.0423158 seconds
2016-06-08T16:23:21.707-0530: 2253.347: Total time for which application threads were stopped: 0.0421979 seconds
2016-06-08T16:23:21.753-0530: 2253.393: Total time for which application threads were stopped: 0.0456115 seconds
2016-06-08T16:23:21.754-0530: 2253.393: Total time for which application threads were stopped: 0.0001329 seconds
2016-06-08T16:23:21.790-0530: 2253.430: Total time for which application threads were stopped: 0.0356651 seconds
2016-06-08T16:23:21.839-0530: 2253.478: Total time for which application threads were stopped: 0.0451470 seconds
2016-06-08T16:23:21.887-0530: 2253.526: Total time for which application threads were stopped: 0.0473358 seconds
2016-06-08T16:23:21.887-0530: 2253.527: Total time for which application threads were stopped: 0.0002042 seconds
2016-06-08T16:23:22.213-0530: 2253.852: Total time for which application threads were stopped: 0.0622658 seconds
2016-06-08T16:23:22.244-0530: 2253.884: Total time for which application threads were stopped: 0.0313851 seconds
2016-06-08T16:23:22.398-0530: 2254.037: Total time for which application threads were stopped: 0.0003180 seconds
2016-06-08T16:23:22.656-0530: 2254.296: Total time for which application threads were stopped: 0.0515333 seconds
2016-06-08T16:23:22.663-0530: 2254.302: Total time for which application threads were stopped: 0.0059406 seconds
2016-06-08T16:23:22.686-0530: 2254.325: Total time for which application threads were stopped: 0.0215142 seconds
2016-06-08T16:23:22.754-0530: 2254.393: Total time for which application threads were stopped: 0.0001189 seconds
2016-06-08T16:23:22.754-0530: 2254.394: Total time for which application threads were stopped: 0.0000799 seconds
2016-06-08T16:23:22.757-0530: 2254.396: Total time for which application threads were stopped: 0.0001560 seconds
2016-06-08T16:23:23.040-0530: 2254.679: Total time for which application threads were stopped: 0.0010630 seconds
2016-06-08T16:23:23.048-0530: 2254.688: Total time for which application threads were stopped: 0.0082659 seconds
2016-06-08T16:23:23.312-0530: 2254.952: Total time for which application threads were stopped: 0.0219319 seconds
2016-06-08T16:23:24.315-0530: 2255.955: Total time for which application threads were stopped: 0.0001372 seconds
2016-06-08T16:33:47.150-0530: 2878.843: Total time for which application threads were stopped: 0.0361011 seconds
2016-06-08T16:33:47.189-0530: 2878.848: Total time for which application threads were stopped: 0.0001684 seconds
2016-06-08T16:33:47.231-0530: 2878.889: Total time for which application threads were stopped: 0.0001096 seconds
2016-06-08T16:33:48.058-0530: 2879.717: Total time for which application threads were stopped: 0.0001637 seconds
2016-06-08T16:33:48.184-0530: 2879.843: Total time for which application threads were stopped: 0.0073841 seconds
2016-06-08T16:33:48.536-0530: 2880.195: Total time for which application threads were stopped: 0.0239219 seconds
2016-06-08T16:33:48.846-0530: 2880.505: Total time for which application threads were stopped: 0.0623609 seconds
2016-06-08T16:33:49.863-0530: 2881.521: Total time for which application threads were stopped: 0.0129156 seconds
2016-06-08T16:33:50.088-0530: 2881.747: Total time for which application threads were stopped: 0.0001284 seconds
2016-06-08T16:33:50.238-0530: 2881.896: Total time for which application threads were stopped: 0.0362948 seconds
2016-06-08T16:33:51.238-0530: 2882.897: Total time for which application threads were stopped: 0.0002627 seconds
2016-06-08T16:33:51.461-0530: 2883.119: Total time for which application threads were stopped: 0.0056612 seconds
2016-06-08T16:33:51.496-0530: 2883.154: Total time for which application threads were stopped: 0.0206958 seconds
2016-06-08T16:33:51.924-0530: 2883.583: Total time for which application threads were stopped: 0.0001011 seconds
2016-06-08T16:33:52.933-0530: 2884.592: Total time for which application threads were stopped: 0.0052740 seconds
2016-06-08T16:33:54.937-0530: 2886.596: Total time for which application threads were stopped: 0.0005926 seconds
2016-06-08T16:34:24.029-0530: 2915.689: Total time for which application threads were stopped: 0.0001982 seconds
2016-06-08T16:34:42.084-0530: 2933.744: Total time for which application threads were stopped: 0.0001234 seconds
2016-06-08T16:35:59.469-0530: 3011.132: Total time for which application threads were stopped: 0.0001353 seconds
2016-06-08T16:39:12.061-0530: 3203.730: Total time for which application threads were stopped: 0.0003039 seconds
2016-06-08T16:48:20.861-0530: 3752.547: Total time for which application threads were stopped: 0.0001857 seconds
2016-06-08T16:57:09.484-0530: 4281.186: Total time for which application threads were stopped: 0.0012709 seconds
2016-06-08T16:57:09.486-0530: 4281.188: Total time for which application threads were stopped: 0.0003238 seconds
{Heap before GC invocations=258 (full 5):
 par new generation   total 109248K, used 109248K [0x00000007a0000000, 0x00000007a8000000, 0x00000007a8000000)
  eden space 87424K, 100% used [0x00000007a0000000, 0x00000007a5560000, 0x00000007a5560000)
  from space 21824K, 100% used [0x00000007a5560000, 0x00000007a6ab0000, 0x00000007a6ab0000)
  to   space 21824K,   0% used [0x00000007a6ab0000, 0x00000007a6ab0000, 0x00000007a8000000)
 concurrent mark-sweep generation total 393216K, used 112255K [0x00000007a8000000, 0x00000007c0000000, 0x00000007c0000000)
 Metaspace       used 30360K, capacity 30668K, committed 30920K, reserved 1077248K
  class space    used 3364K, capacity 3449K, committed 3528K, reserved 1048576K
2016-06-08T16:57:09.549-0530: 4281.251: [GC (Allocation Failure) 4281.282: [ParNew
Desired survivor size 20112992 bytes, new threshold 7 (max 8)
- age   1:    6273696 bytes,    6273696 total
- age   2:    2782448 bytes,    9056144 total
- age   3:    2418024 bytes,   11474168 total
- age   4:    2333136 bytes,   13807304 total
- age   5:    1964976 bytes,   15772280 total
- age   6:    2918280 bytes,   18690560 total
- age   7:    2002960 bytes,   20693520 total
- age   8:     545600 bytes,   21239120 total
: 109248K->21824K(109248K), 0.1141175 secs] 221503K->138753K(502464K), 0.1459491 secs] [Times: user=0.07 sys=0.22, real=0.15 secs] 
Heap after GC invocations=259 (full 5):
 par new generation   total 109248K, used 21824K [0x00000007a0000000, 0x00000007a8000000, 0x00000007a8000000)
  eden space 87424K,   0% used [0x00000007a0000000, 0x00000007a0000000, 0x00000007a5560000)
  from space 21824K, 100% used [0x00000007a6ab0000, 0x00000007a8000000, 0x00000007a8000000)
  to   space 21824K,   0% used [0x00000007a5560000, 0x00000007a5560000, 0x00000007a6ab0000)
 concurrent mark-sweep generation total 393216K, used 116929K [0x00000007a8000000, 0x00000007c0000000, 0x00000007c0000000)
 Metaspace       used 30360K, capacity 30668K, committed 30920K, reserved 1077248K
  class space    used 3364K, capacity 3449K, committed 3528K, reserved 1048576K
}
2016-06-08T16:57:09.695-0530: 4281.397: Total time for which application threads were stopped: 0.1466630 seconds
2016-06-08T16:57:09.699-0530: 4281.401: Total time for which application threads were stopped: 0.0001336 seconds
2016-06-08T16:57:09.736-0530: 4281.438: Total time for which application threads were stopped: 0.0003309 seconds
2016-06-08T16:57:09.754-0530: 4281.456: Total time for which application threads were stopped: 0.0000973 seconds
2016-06-08T16:57:10.757-0530: 4282.459: Total time for which application threads were stopped: 0.0001283 seconds
2016-06-08T16:57:11.232-0530: 4282.935: Total time for which application threads were stopped: 0.0001154 seconds
2016-06-08T16:57:11.885-0530: 4283.587: Total time for which application threads were stopped: 0.0148432 seconds
2016-06-08T16:57:11.910-0530: 4283.612: Total time for which application threads were stopped: 0.0169519 seconds
2016-06-08T16:57:12.914-0530: 4284.616: Total time for which application threads were stopped: 0.0002602 seconds
2016-06-08T16:57:12.932-0530: 4284.634: Total time for which application threads were stopped: 0.0001045 seconds
2016-06-08T16:57:13.941-0530: 4285.643: Total time for which application threads were stopped: 0.0068770 seconds
2016-06-08T16:57:14.952-0530: 4286.655: Total time for which application threads were stopped: 0.0069780 seconds
2016-06-08T16:57:26.990-0530: 4298.692: Total time for which application threads were stopped: 0.0004961 seconds
2016-06-08T16:57:33.009-0530: 4304.711: Total time for which application threads were stopped: 0.0002163 seconds
2016-06-08T16:58:21.415-0530: 4353.119: Total time for which application threads were stopped: 0.0000999 seconds
2016-06-08T16:58:22.420-0530: 4354.125: Total time for which application threads were stopped: 0.0002083 seconds
2016-06-08T16:59:23.605-0530: 4415.311: Total time for which application threads were stopped: 0.0001320 seconds
2016-06-08T17:06:38.572-0530: 4850.291: Total time for which application threads were stopped: 0.0001891 seconds
2016-06-08T17:06:38.580-0530: 4850.300: Total time for which application threads were stopped: 0.0002986 seconds
2016-06-08T17:06:38.584-0530: 4850.304: Total time for which application threads were stopped: 0.0002177 seconds
2016-06-08T17:06:38.590-0530: 4850.309: Total time for which application threads were stopped: 0.0001660 seconds
2016-06-08T17:06:38.590-0530: 4850.310: Total time for which application threads were stopped: 0.0001434 seconds
2016-06-08T17:06:38.611-0530: 4850.331: Total time for which application threads were stopped: 0.0001554 seconds
2016-06-08T17:06:38.707-0530: 4850.427: Total time for which application threads were stopped: 0.0001209 seconds
2016-06-08T17:06:39.625-0530: 4851.345: Total time for which application threads were stopped: 0.0002248 seconds
2016-06-08T17:06:39.633-0530: 4851.352: Total time for which application threads were stopped: 0.0001254 seconds
2016-06-08T17:06:39.637-0530: 4851.357: Total time for which application threads were stopped: 0.0001772 seconds
2016-06-08T17:06:39.641-0530: 4851.360: Total time for which application threads were stopped: 0.0002292 seconds
2016-06-08T17:06:40.645-0530: 4852.365: Total time for which application threads were stopped: 0.0003580 seconds
2016-06-08T17:06:41.410-0530: 4853.129: Total time for which application threads were stopped: 0.0001371 seconds
2016-06-08T17:07:17.827-0530: 4889.548: Total time for which application threads were stopped: 0.0001012 seconds
2016-06-08T17:07:28.873-0530: 4900.594: Total time for which application threads were stopped: 0.0001609 seconds
2016-06-08T17:08:13.019-0530: 4944.741: Total time for which application threads were stopped: 0.0003855 seconds
2016-06-08T17:08:20.048-0530: 4951.771: Total time for which application threads were stopped: 0.0002979 seconds
2016-06-08T17:16:26.040-0530: 5437.778: Total time for which application threads were stopped: 0.0010338 seconds
2016-06-08T17:16:26.047-0530: 5437.785: Total time for which application threads were stopped: 0.0002659 seconds
2016-06-08T17:16:26.067-0530: 5437.805: Total time for which application threads were stopped: 0.0002127 seconds
2016-06-08T17:16:26.134-0530: 5437.872: Total time for which application threads were stopped: 0.0000932 seconds
2016-06-08T17:16:26.139-0530: 5437.877: Total time for which application threads were stopped: 0.0001279 seconds
2016-06-08T17:16:27.143-0530: 5438.881: Total time for which application threads were stopped: 0.0003156 seconds
2016-06-08T17:16:29.147-0530: 5440.885: Total time for which application threads were stopped: 0.0001619 seconds
2016-06-08T17:16:30.152-0530: 5441.890: Total time for which application threads were stopped: 0.0002591 seconds
2016-06-08T17:16:32.414-0530: 5444.152: Total time for which application threads were stopped: 0.0001121 seconds
{Heap before GC invocations=259 (full 5):
 par new generation   total 109248K, used 109248K [0x00000007a0000000, 0x00000007a8000000, 0x00000007a8000000)
  eden space 87424K, 100% used [0x00000007a0000000, 0x00000007a5560000, 0x00000007a5560000)
  from space 21824K, 100% used [0x00000007a6ab0000, 0x00000007a8000000, 0x00000007a8000000)
  to   space 21824K,   0% used [0x00000007a5560000, 0x00000007a5560000, 0x00000007a6ab0000)
 concurrent mark-sweep generation total 393216K, used 116929K [0x00000007a8000000, 0x00000007c0000000, 0x00000007c0000000)
 Metaspace       used 30574K, capacity 30860K, committed 31176K, reserved 1077248K
  class space    used 3365K, capacity 3449K, committed 3528K, reserved 1048576K
2016-06-08T17:16:32.493-0530: 5444.231: [GC (Allocation Failure) 5444.257: [ParNew
Desired survivor size 20112992 bytes, new threshold 8 (max 8)
- age   1:    4752240 bytes,    4752240 total
- age   2:    1784904 bytes,    6537144 total
- age   3:    2431528 bytes,    8968672 total
- age   4:    2417456 bytes,   11386128 total
- age   5:    2332512 bytes,   13718640 total
- age   6:    1964976 bytes,   15683616 total
- age   7:    2917560 bytes,   18601176 total
: 109248K->21824K(109248K), 0.0748937 secs] 226177K->144346K(502464K), 0.1008982 secs] [Times: user=0.05 sys=0.18, real=0.10 secs] 
Heap after GC invocations=260 (full 5):
 par new generation   total 109248K, used 21824K [0x00000007a0000000, 0x00000007a8000000, 0x00000007a8000000)
  eden space 87424K,   0% used [0x00000007a0000000, 0x00000007a0000000, 0x00000007a5560000)
  from space 21824K, 100% used [0x00000007a5560000, 0x00000007a6ab0000, 0x00000007a6ab0000)
  to   space 21824K,   0% used [0x00000007a6ab0000, 0x00000007a6ab0000, 0x00000007a8000000)
 concurrent mark-sweep generation total 393216K, used 122522K [0x00000007a8000000, 0x00000007c0000000, 0x00000007c0000000)
 Metaspace       used 30574K, capacity 30860K, committed 31176K, reserved 1077248K
  class space    used 3365K, capacity 3449K, committed 3528K, reserved 1048576K
}
2016-06-08T17:16:32.594-0530: 5444.332: Total time for which application threads were stopped: 0.1011860 seconds
2016-06-08T17:17:22.741-0530: 5494.480: Total time for which application threads were stopped: 0.0001680 seconds
2016-06-08T19:17:17.749-0530: 8313.065: Total time for which application threads were stopped: 0.0027282 seconds
2016-06-08T19:17:18.751-0530: 8314.067: Total time for which application threads were stopped: 0.0002038 seconds
2016-06-08T19:17:18.798-0530: 8314.114: Total time for which application threads were stopped: 0.0001355 seconds
2016-06-08T19:17:19.799-0530: 8315.115: Total time for which application threads were stopped: 0.0001202 seconds
2016-06-08T19:17:21.801-0530: 8317.117: Total time for which application threads were stopped: 0.0001346 seconds
2016-06-08T19:17:22.805-0530: 8318.121: Total time for which application threads were stopped: 0.0001952 seconds
2016-06-08T19:17:23.810-0530: 8319.126: Total time for which application threads were stopped: 0.0002102 seconds
2016-06-08T19:17:24.813-0530: 8320.129: Total time for which application threads were stopped: 0.0001783 seconds
2016-06-08T19:17:29.667-0530: 8324.984: Total time for which application threads were stopped: 0.0001105 seconds
2016-06-08T19:17:30.673-0530: 8325.989: Total time for which application threads were stopped: 0.0001098 seconds
2016-06-08T19:30:20.024-0530: 9133.542: Total time for which application threads were stopped: 0.0003589 seconds
2016-06-08T19:30:20.204-0530: 9133.722: Total time for which application threads were stopped: 0.0001106 seconds
2016-06-08T19:30:20.204-0530: 9133.722: Total time for which application threads were stopped: 0.0000753 seconds
2016-06-08T19:30:22.208-0530: 9135.726: Total time for which application threads were stopped: 0.0001294 seconds
2016-06-08T19:30:23.211-0530: 9136.729: Total time for which application threads were stopped: 0.0002839 seconds
2016-06-08T19:30:23.534-0530: 9137.053: Total time for which application threads were stopped: 0.0001390 seconds
2016-06-08T19:30:23.551-0530: 9137.069: Total time for which application threads were stopped: 0.0001138 seconds
2016-06-08T19:30:26.560-0530: 9140.078: Total time for which application threads were stopped: 0.0001854 seconds
2016-06-08T19:30:27.564-0530: 9141.082: Total time for which application threads were stopped: 0.0002082 seconds
2016-06-08T19:30:29.477-0530: 9142.995: Total time for which application threads were stopped: 0.0001338 seconds
2016-06-08T19:30:30.480-0530: 9143.999: Total time for which application threads were stopped: 0.0001289 seconds
2016-06-09T09:18:37.454-0530: 10519.804: Total time for which application threads were stopped: 0.0259687 seconds
2016-06-09T09:18:37.460-0530: 10519.810: Total time for which application threads were stopped: 0.0008922 seconds
2016-06-09T09:18:37.542-0530: 10519.893: Total time for which application threads were stopped: 0.0002949 seconds
2016-06-09T09:18:37.552-0530: 10519.903: Total time for which application threads were stopped: 0.0001348 seconds
2016-06-09T09:18:37.576-0530: 10519.927: Total time for which application threads were stopped: 0.0001319 seconds
2016-06-09T09:18:37.676-0530: 10520.026: Total time for which application threads were stopped: 0.0001725 seconds
2016-06-09T09:18:37.677-0530: 10520.028: Total time for which application threads were stopped: 0.0001096 seconds
2016-06-09T09:18:37.729-0530: 10520.079: Total time for which application threads were stopped: 0.0001349 seconds
2016-06-09T09:18:37.729-0530: 10520.079: Total time for which application threads were stopped: 0.0000607 seconds
2016-06-09T09:18:37.729-0530: 10520.080: Total time for which application threads were stopped: 0.0000876 seconds
2016-06-09T09:18:37.729-0530: 10520.080: Total time for which application threads were stopped: 0.0000519 seconds
2016-06-09T09:18:37.732-0530: 10520.082: Total time for which application threads were stopped: 0.0001626 seconds
2016-06-09T09:18:37.857-0530: 10520.208: Total time for which application threads were stopped: 0.0002058 seconds
2016-06-09T09:18:37.875-0530: 10520.225: Total time for which application threads were stopped: 0.0003185 seconds
2016-06-09T09:18:37.877-0530: 10520.227: Total time for which application threads were stopped: 0.0001322 seconds
2016-06-09T09:18:37.877-0530: 10520.227: Total time for which application threads were stopped: 0.0000948 seconds
2016-06-09T09:18:37.879-0530: 10520.229: Total time for which application threads were stopped: 0.0001211 seconds
2016-06-09T09:18:37.938-0530: 10520.289: Total time for which application threads were stopped: 0.0001116 seconds
2016-06-09T09:18:37.942-0530: 10520.292: Total time for which application threads were stopped: 0.0001350 seconds
2016-06-09T09:18:37.944-0530: 10520.295: Total time for which application threads were stopped: 0.0001228 seconds
Heap
 par new generation   total 109248K, used 72644K [0x00000007a0000000, 0x00000007a8000000, 0x00000007a8000000)
  eden space 87424K,  58% used [0x00000007a0000000, 0x00000007a31a12d0, 0x00000007a5560000)
  from space 21824K, 100% used [0x00000007a5560000, 0x00000007a6ab0000, 0x00000007a6ab0000)
  to   space 21824K,   0% used [0x00000007a6ab0000, 0x00000007a6ab0000, 0x00000007a8000000)
 concurrent mark-sweep generation total 393216K, used 122522K [0x00000007a8000000, 0x00000007c0000000, 0x00000007c0000000)
 Metaspace       used 30755K, capacity 31052K, committed 31432K, reserved 1077248K
  class space    used 3374K, capacity 3449K, committed 3528K, reserved 1048576K
