Java HotSpot(TM) 64-Bit Server VM (25.31-b07) for bsd-amd64 JRE (1.8.0_31-b13), built on Dec 17 2014 20:45:36 by "java_re" with gcc 4.2.1 (Based on Apple Inc. build 5658) (LLVM build 2336.11.00)
Memory: 4k page, physical 4194304k(56872k free)

/proc/meminfo:

CommandLine flags: -XX:CMSInitiatingOccupancyFraction=50 -XX:CMSMaxAbortablePrecleanTime=6000 -XX:+CMSParallelRemarkEnabled -XX:+CMSScavengeBeforeRemark -XX:ConcGCThreads=4 -XX:InitialHeapSize=536870912 -XX:MaxHeapSize=536870912 -XX:MaxTenuringThreshold=8 -XX:NewRatio=3 -XX:OldPLABSize=16 -XX:ParallelGCThreads=4 -XX:+ParallelRefProcEnabled -XX:PretenureSizeThreshold=67108864 -XX:+PrintGC -XX:+PrintGCApplicationStoppedTime -XX:+PrintGCDateStamps -XX:+PrintGCDetails -XX:+PrintGCTimeStamps -XX:+PrintHeapAtGC -XX:+PrintTenuringDistribution -XX:SurvivorRatio=4 -XX:TargetSurvivorRatio=90 -XX:ThreadStackSize=256 -XX:+UseCMSInitiatingOccupancyOnly -XX:+UseCompressedClassPointers -XX:+UseCompressedOops -XX:+UseConcMarkSweepGC -XX:+UseParNewGC 
2016-07-13T15:06:50.769-0530: 1.029: Total time for which application threads were stopped: 0.0001055 seconds
2016-07-13T15:06:51.669-0530: 1.929: Total time for which application threads were stopped: 0.0001779 seconds
2016-07-13T15:06:52.477-0530: 2.737: Total time for which application threads were stopped: 0.0002132 seconds
2016-07-13T15:06:52.820-0530: 3.080: Total time for which application threads were stopped: 0.0001741 seconds
2016-07-13T15:06:53.013-0530: 3.274: Total time for which application threads were stopped: 0.0001750 seconds
2016-07-13T15:06:53.037-0530: 3.298: Total time for which application threads were stopped: 0.0001965 seconds
2016-07-13T15:06:53.101-0530: 3.361: Total time for which application threads were stopped: 0.0001512 seconds
{Heap before GC invocations=0 (full 0):
 par new generation   total 109248K, used 87424K [0x00000007a0000000, 0x00000007a8000000, 0x00000007a8000000)
  eden space 87424K, 100% used [0x00000007a0000000, 0x00000007a5560000, 0x00000007a5560000)
  from space 21824K,   0% used [0x00000007a5560000, 0x00000007a5560000, 0x00000007a6ab0000)
  to   space 21824K,   0% used [0x00000007a6ab0000, 0x00000007a6ab0000, 0x00000007a8000000)
 concurrent mark-sweep generation total 393216K, used 0K [0x00000007a8000000, 0x00000007c0000000, 0x00000007c0000000)
 Metaspace       used 10054K, capacity 10204K, committed 10496K, reserved 1058816K
  class space    used 1152K, capacity 1208K, committed 1280K, reserved 1048576K
2016-07-13T15:06:53.749-0530: 4.009: [GC (Allocation Failure) 4.021: [ParNew
Desired survivor size 20112992 bytes, new threshold 8 (max 8)
- age   1:    5233352 bytes,    5233352 total
: 87424K->5178K(109248K), 0.0325299 secs] 87424K->5178K(502464K), 0.0448510 secs] [Times: user=0.03 sys=0.01, real=0.05 secs] 
Heap after GC invocations=1 (full 0):
 par new generation   total 109248K, used 5178K [0x00000007a0000000, 0x00000007a8000000, 0x00000007a8000000)
  eden space 87424K,   0% used [0x00000007a0000000, 0x00000007a0000000, 0x00000007a5560000)
  from space 21824K,  23% used [0x00000007a6ab0000, 0x00000007a6fbeb98, 0x00000007a8000000)
  to   space 21824K,   0% used [0x00000007a5560000, 0x00000007a5560000, 0x00000007a6ab0000)
 concurrent mark-sweep generation total 393216K, used 0K [0x00000007a8000000, 0x00000007c0000000, 0x00000007c0000000)
 Metaspace       used 10054K, capacity 10204K, committed 10496K, reserved 1058816K
  class space    used 1152K, capacity 1208K, committed 1280K, reserved 1048576K
}
2016-07-13T15:06:53.794-0530: 4.054: Total time for which application threads were stopped: 0.0770753 seconds
2016-07-13T15:06:53.852-0530: 4.112: Total time for which application threads were stopped: 0.0001959 seconds
2016-07-13T15:06:54.160-0530: 4.421: Total time for which application threads were stopped: 0.0001957 seconds
2016-07-13T15:06:54.596-0530: 4.857: Total time for which application threads were stopped: 0.0002357 seconds
2016-07-13T15:06:55.599-0530: 5.859: Total time for which application threads were stopped: 0.0002714 seconds
2016-07-13T15:06:55.642-0530: 5.903: Total time for which application threads were stopped: 0.0002301 seconds
2016-07-13T15:06:55.645-0530: 5.905: Total time for which application threads were stopped: 0.0001417 seconds
2016-07-13T15:06:55.689-0530: 5.950: Total time for which application threads were stopped: 0.0002525 seconds
2016-07-13T15:06:56.695-0530: 6.955: Total time for which application threads were stopped: 0.0002627 seconds
2016-07-13T15:07:02.198-0530: 12.459: Total time for which application threads were stopped: 0.0002044 seconds
2016-07-13T15:07:02.198-0530: 12.459: Total time for which application threads were stopped: 0.0000984 seconds
2016-07-13T15:07:02.198-0530: 12.459: Total time for which application threads were stopped: 0.0000860 seconds
2016-07-13T15:07:02.198-0530: 12.459: Total time for which application threads were stopped: 0.0000781 seconds
2016-07-13T15:07:02.198-0530: 12.459: Total time for which application threads were stopped: 0.0000548 seconds
2016-07-13T15:07:02.198-0530: 12.459: Total time for which application threads were stopped: 0.0000534 seconds
2016-07-13T15:07:02.198-0530: 12.459: Total time for which application threads were stopped: 0.0000615 seconds
2016-07-13T15:07:02.199-0530: 12.459: Total time for which application threads were stopped: 0.0000588 seconds
2016-07-13T15:07:02.199-0530: 12.460: Total time for which application threads were stopped: 0.0000581 seconds
2016-07-13T15:07:02.199-0530: 12.460: Total time for which application threads were stopped: 0.0000548 seconds
2016-07-13T15:07:02.199-0530: 12.460: Total time for which application threads were stopped: 0.0000563 seconds
2016-07-13T15:07:02.199-0530: 12.460: Total time for which application threads were stopped: 0.0000572 seconds
2016-07-13T15:07:02.199-0530: 12.460: Total time for which application threads were stopped: 0.0000534 seconds
2016-07-13T15:07:02.199-0530: 12.460: Total time for which application threads were stopped: 0.0000561 seconds
2016-07-13T15:07:02.199-0530: 12.460: Total time for which application threads were stopped: 0.0000561 seconds
2016-07-13T15:07:02.199-0530: 12.460: Total time for which application threads were stopped: 0.0000563 seconds
2016-07-13T15:07:02.199-0530: 12.460: Total time for which application threads were stopped: 0.0000541 seconds
2016-07-13T15:07:02.200-0530: 12.460: Total time for which application threads were stopped: 0.0000543 seconds
2016-07-13T15:07:02.200-0530: 12.461: Total time for which application threads were stopped: 0.0000566 seconds
2016-07-13T15:07:02.200-0530: 12.461: Total time for which application threads were stopped: 0.0001151 seconds
2016-07-13T15:07:02.200-0530: 12.461: Total time for which application threads were stopped: 0.0000605 seconds
2016-07-13T15:07:02.200-0530: 12.461: Total time for which application threads were stopped: 0.0000606 seconds
2016-07-13T15:07:02.223-0530: 12.484: Total time for which application threads were stopped: 0.0001388 seconds
2016-07-13T15:07:02.223-0530: 12.484: Total time for which application threads were stopped: 0.0000854 seconds
2016-07-13T15:07:02.224-0530: 12.484: Total time for which application threads were stopped: 0.0000695 seconds
2016-07-13T15:07:02.224-0530: 12.485: Total time for which application threads were stopped: 0.0000723 seconds
2016-07-13T15:07:02.224-0530: 12.485: Total time for which application threads were stopped: 0.0000479 seconds
2016-07-13T15:07:02.224-0530: 12.485: Total time for which application threads were stopped: 0.0000451 seconds
2016-07-13T15:07:02.224-0530: 12.485: Total time for which application threads were stopped: 0.0000444 seconds
2016-07-13T15:07:02.224-0530: 12.485: Total time for which application threads were stopped: 0.0000430 seconds
2016-07-13T15:07:02.224-0530: 12.485: Total time for which application threads were stopped: 0.0000428 seconds
2016-07-13T15:07:02.224-0530: 12.485: Total time for which application threads were stopped: 0.0000421 seconds
2016-07-13T15:07:02.224-0530: 12.485: Total time for which application threads were stopped: 0.0000421 seconds
2016-07-13T15:07:02.224-0530: 12.485: Total time for which application threads were stopped: 0.0000414 seconds
2016-07-13T15:07:02.225-0530: 12.485: Total time for which application threads were stopped: 0.0000503 seconds
2016-07-13T15:07:02.225-0530: 12.485: Total time for which application threads were stopped: 0.0000406 seconds
2016-07-13T15:07:02.225-0530: 12.486: Total time for which application threads were stopped: 0.0000406 seconds
2016-07-13T15:07:02.225-0530: 12.486: Total time for which application threads were stopped: 0.0000405 seconds
2016-07-13T15:07:02.225-0530: 12.486: Total time for which application threads were stopped: 0.0000403 seconds
2016-07-13T15:07:02.225-0530: 12.486: Total time for which application threads were stopped: 0.0000402 seconds
2016-07-13T15:07:02.225-0530: 12.486: Total time for which application threads were stopped: 0.0000397 seconds
2016-07-13T15:07:02.225-0530: 12.486: Total time for which application threads were stopped: 0.0000396 seconds
2016-07-13T15:07:02.225-0530: 12.486: Total time for which application threads were stopped: 0.0000402 seconds
2016-07-13T15:07:02.225-0530: 12.486: Total time for which application threads were stopped: 0.0001142 seconds
2016-07-13T15:07:02.226-0530: 12.487: Total time for which application threads were stopped: 0.0000892 seconds
2016-07-13T15:07:02.227-0530: 12.487: Total time for which application threads were stopped: 0.0000916 seconds
2016-07-13T15:07:02.252-0530: 12.513: Total time for which application threads were stopped: 0.0001103 seconds
2016-07-13T15:07:02.252-0530: 12.513: Total time for which application threads were stopped: 0.0001024 seconds
2016-07-13T15:07:02.252-0530: 12.513: Total time for which application threads were stopped: 0.0001157 seconds
2016-07-13T15:07:02.253-0530: 12.513: Total time for which application threads were stopped: 0.0001104 seconds
2016-07-13T15:07:02.253-0530: 12.514: Total time for which application threads were stopped: 0.0000944 seconds
2016-07-13T15:07:02.523-0530: 12.784: Total time for which application threads were stopped: 0.0002845 seconds
2016-07-13T15:07:02.561-0530: 12.822: Total time for which application threads were stopped: 0.0001761 seconds
2016-07-13T15:07:02.561-0530: 12.822: Total time for which application threads were stopped: 0.0000617 seconds
2016-07-13T15:07:02.562-0530: 12.822: Total time for which application threads were stopped: 0.0000652 seconds
2016-07-13T15:07:02.562-0530: 12.823: Total time for which application threads were stopped: 0.0000652 seconds
2016-07-13T15:07:02.706-0530: 12.967: Total time for which application threads were stopped: 0.0001113 seconds
2016-07-13T15:07:02.707-0530: 12.967: Total time for which application threads were stopped: 0.0000931 seconds
2016-07-13T15:07:02.726-0530: 12.987: Total time for which application threads were stopped: 0.0001208 seconds
2016-07-13T15:07:02.762-0530: 13.023: Total time for which application threads were stopped: 0.0001104 seconds
2016-07-13T15:07:02.762-0530: 13.023: Total time for which application threads were stopped: 0.0000532 seconds
2016-07-13T15:07:02.810-0530: 13.071: Total time for which application threads were stopped: 0.0001321 seconds
2016-07-13T15:07:02.892-0530: 13.153: Total time for which application threads were stopped: 0.0001582 seconds
2016-07-13T15:07:02.892-0530: 13.153: Total time for which application threads were stopped: 0.0000791 seconds
2016-07-13T15:07:02.892-0530: 13.153: Total time for which application threads were stopped: 0.0000576 seconds
2016-07-13T15:07:02.925-0530: 13.186: Total time for which application threads were stopped: 0.0001155 seconds
2016-07-13T15:07:02.925-0530: 13.186: Total time for which application threads were stopped: 0.0000754 seconds
2016-07-13T15:07:02.925-0530: 13.186: Total time for which application threads were stopped: 0.0000581 seconds
2016-07-13T15:07:02.926-0530: 13.187: Total time for which application threads were stopped: 0.0000773 seconds
2016-07-13T15:07:02.979-0530: 13.240: Total time for which application threads were stopped: 0.0000837 seconds
2016-07-13T15:07:03.055-0530: 13.316: Total time for which application threads were stopped: 0.0001813 seconds
2016-07-13T15:07:03.055-0530: 13.316: Total time for which application threads were stopped: 0.0001622 seconds
2016-07-13T15:07:03.164-0530: 13.425: Total time for which application threads were stopped: 0.0001083 seconds
2016-07-13T15:07:03.164-0530: 13.425: Total time for which application threads were stopped: 0.0000759 seconds
2016-07-13T15:07:03.165-0530: 13.425: Total time for which application threads were stopped: 0.0000914 seconds
2016-07-13T15:07:03.187-0530: 13.447: Total time for which application threads were stopped: 0.0001091 seconds
2016-07-13T15:07:03.349-0530: 13.610: Total time for which application threads were stopped: 0.0000880 seconds
2016-07-13T15:07:03.349-0530: 13.610: Total time for which application threads were stopped: 0.0000451 seconds
2016-07-13T15:07:03.349-0530: 13.610: Total time for which application threads were stopped: 0.0001040 seconds
2016-07-13T15:07:03.361-0530: 13.622: Total time for which application threads were stopped: 0.0001252 seconds
2016-07-13T15:07:03.507-0530: 13.768: Total time for which application threads were stopped: 0.0000965 seconds
2016-07-13T15:07:03.507-0530: 13.768: Total time for which application threads were stopped: 0.0000628 seconds
2016-07-13T15:07:03.508-0530: 13.768: Total time for which application threads were stopped: 0.0000728 seconds
2016-07-13T15:07:03.527-0530: 13.788: Total time for which application threads were stopped: 0.0001087 seconds
2016-07-13T15:07:03.966-0530: 14.227: Total time for which application threads were stopped: 0.0000846 seconds
2016-07-13T15:07:03.966-0530: 14.227: Total time for which application threads were stopped: 0.0000597 seconds
2016-07-13T15:07:03.966-0530: 14.227: Total time for which application threads were stopped: 0.0000435 seconds
2016-07-13T15:07:03.982-0530: 14.243: Total time for which application threads were stopped: 0.0001078 seconds
2016-07-13T15:07:04.005-0530: 14.266: Total time for which application threads were stopped: 0.0000893 seconds
2016-07-13T15:07:04.005-0530: 14.266: Total time for which application threads were stopped: 0.0000729 seconds
2016-07-13T15:07:04.006-0530: 14.267: Total time for which application threads were stopped: 0.0000614 seconds
2016-07-13T15:07:04.013-0530: 14.274: Total time for which application threads were stopped: 0.0000754 seconds
2016-07-13T15:07:04.060-0530: 14.321: Total time for which application threads were stopped: 0.0000730 seconds
2016-07-13T15:07:04.061-0530: 14.322: Total time for which application threads were stopped: 0.0001233 seconds
2016-07-13T15:07:04.061-0530: 14.322: Total time for which application threads were stopped: 0.0000479 seconds
2016-07-13T15:07:04.061-0530: 14.322: Total time for which application threads were stopped: 0.0000443 seconds
2016-07-13T15:07:04.081-0530: 14.342: Total time for which application threads were stopped: 0.0002631 seconds
2016-07-13T15:07:04.081-0530: 14.342: Total time for which application threads were stopped: 0.0000992 seconds
2016-07-13T15:07:04.082-0530: 14.343: Total time for which application threads were stopped: 0.0000692 seconds
2016-07-13T15:07:04.082-0530: 14.343: Total time for which application threads were stopped: 0.0000626 seconds
2016-07-13T15:07:05.638-0530: 15.899: Total time for which application threads were stopped: 0.0001225 seconds
2016-07-13T15:07:05.638-0530: 15.899: Total time for which application threads were stopped: 0.0000657 seconds
2016-07-13T15:07:05.638-0530: 15.899: Total time for which application threads were stopped: 0.0000797 seconds
2016-07-13T15:07:05.669-0530: 15.930: Total time for which application threads were stopped: 0.0001095 seconds
2016-07-13T15:07:05.784-0530: 16.045: Total time for which application threads were stopped: 0.0000807 seconds
2016-07-13T15:07:05.785-0530: 16.046: Total time for which application threads were stopped: 0.0000413 seconds
2016-07-13T15:07:05.785-0530: 16.046: Total time for which application threads were stopped: 0.0000392 seconds
2016-07-13T15:07:05.787-0530: 16.049: Total time for which application threads were stopped: 0.0000997 seconds
{Heap before GC invocations=1 (full 0):
 par new generation   total 109248K, used 92602K [0x00000007a0000000, 0x00000007a8000000, 0x00000007a8000000)
  eden space 87424K, 100% used [0x00000007a0000000, 0x00000007a5560000, 0x00000007a5560000)
  from space 21824K,  23% used [0x00000007a6ab0000, 0x00000007a6fbeb98, 0x00000007a8000000)
  to   space 21824K,   0% used [0x00000007a5560000, 0x00000007a5560000, 0x00000007a6ab0000)
 concurrent mark-sweep generation total 393216K, used 0K [0x00000007a8000000, 0x00000007c0000000, 0x00000007c0000000)
 Metaspace       used 18065K, capacity 18328K, committed 18688K, reserved 1064960K
  class space    used 2121K, capacity 2187K, committed 2304K, reserved 1048576K
2016-07-13T15:07:06.174-0530: 16.436: [GC (Allocation Failure) 16.436: [ParNew
Desired survivor size 20112992 bytes, new threshold 8 (max 8)
- age   1:    7329688 bytes,    7329688 total
- age   2:    2483160 bytes,    9812848 total
: 92602K->11325K(109248K), 0.0134929 secs] 92602K->11325K(502464K), 0.0135771 secs] [Times: user=0.03 sys=0.01, real=0.01 secs] 
Heap after GC invocations=2 (full 0):
 par new generation   total 109248K, used 11325K [0x00000007a0000000, 0x00000007a8000000, 0x00000007a8000000)
  eden space 87424K,   0% used [0x00000007a0000000, 0x00000007a0000000, 0x00000007a5560000)
  from space 21824K,  51% used [0x00000007a5560000, 0x00000007a606f560, 0x00000007a6ab0000)
  to   space 21824K,   0% used [0x00000007a6ab0000, 0x00000007a6ab0000, 0x00000007a8000000)
 concurrent mark-sweep generation total 393216K, used 0K [0x00000007a8000000, 0x00000007c0000000, 0x00000007c0000000)
 Metaspace       used 18065K, capacity 18328K, committed 18688K, reserved 1064960K
  class space    used 2121K, capacity 2187K, committed 2304K, reserved 1048576K
}
2016-07-13T15:07:06.188-0530: 16.449: Total time for which application threads were stopped: 0.0137849 seconds
2016-07-13T15:07:06.188-0530: 16.450: Total time for which application threads were stopped: 0.0000921 seconds
2016-07-13T15:07:06.191-0530: 16.452: Total time for which application threads were stopped: 0.0000759 seconds
2016-07-13T15:07:06.191-0530: 16.452: Total time for which application threads were stopped: 0.0000899 seconds
2016-07-13T15:07:06.191-0530: 16.452: Total time for which application threads were stopped: 0.0000648 seconds
2016-07-13T15:07:06.191-0530: 16.453: Total time for which application threads were stopped: 0.0000698 seconds
2016-07-13T15:07:06.192-0530: 16.453: Total time for which application threads were stopped: 0.0000438 seconds
2016-07-13T15:07:06.192-0530: 16.453: Total time for which application threads were stopped: 0.0000562 seconds
2016-07-13T15:07:06.192-0530: 16.453: Total time for which application threads were stopped: 0.0000647 seconds
2016-07-13T15:07:06.192-0530: 16.453: Total time for which application threads were stopped: 0.0000715 seconds
2016-07-13T15:07:06.192-0530: 16.453: Total time for which application threads were stopped: 0.0000740 seconds
2016-07-13T15:07:06.192-0530: 16.453: Total time for which application threads were stopped: 0.0000726 seconds
2016-07-13T15:07:06.192-0530: 16.453: Total time for which application threads were stopped: 0.0000594 seconds
2016-07-13T15:07:06.192-0530: 16.453: Total time for which application threads were stopped: 0.0000593 seconds
2016-07-13T15:07:06.192-0530: 16.454: Total time for which application threads were stopped: 0.0000693 seconds
2016-07-13T15:07:06.193-0530: 16.454: Total time for which application threads were stopped: 0.0000586 seconds
2016-07-13T15:07:06.193-0530: 16.454: Total time for which application threads were stopped: 0.0000449 seconds
2016-07-13T15:07:06.193-0530: 16.454: Total time for which application threads were stopped: 0.0000308 seconds
2016-07-13T15:07:06.193-0530: 16.454: Total time for which application threads were stopped: 0.0000495 seconds
2016-07-13T15:07:06.193-0530: 16.454: Total time for which application threads were stopped: 0.0000468 seconds
2016-07-13T15:07:06.193-0530: 16.454: Total time for which application threads were stopped: 0.0000468 seconds
2016-07-13T15:07:06.193-0530: 16.454: Total time for which application threads were stopped: 0.0000467 seconds
2016-07-13T15:07:06.193-0530: 16.454: Total time for which application threads were stopped: 0.0001307 seconds
2016-07-13T15:07:06.315-0530: 16.576: Total time for which application threads were stopped: 0.0000893 seconds
2016-07-13T15:07:06.315-0530: 16.576: Total time for which application threads were stopped: 0.0000481 seconds
2016-07-13T15:07:06.315-0530: 16.576: Total time for which application threads were stopped: 0.0000692 seconds
2016-07-13T15:07:06.327-0530: 16.588: Total time for which application threads were stopped: 0.0001133 seconds
2016-07-13T15:07:06.679-0530: 16.941: Total time for which application threads were stopped: 0.0001781 seconds
2016-07-13T15:07:06.680-0530: 16.941: Total time for which application threads were stopped: 0.0000893 seconds
2016-07-13T15:07:06.680-0530: 16.941: Total time for which application threads were stopped: 0.0000741 seconds
2016-07-13T15:07:06.680-0530: 16.941: Total time for which application threads were stopped: 0.0000710 seconds
2016-07-13T15:07:06.686-0530: 16.947: Total time for which application threads were stopped: 0.0000976 seconds
2016-07-13T15:07:06.686-0530: 16.947: Total time for which application threads were stopped: 0.0000748 seconds
2016-07-13T15:07:06.686-0530: 16.947: Total time for which application threads were stopped: 0.0000622 seconds
2016-07-13T15:07:06.686-0530: 16.948: Total time for which application threads were stopped: 0.0000563 seconds
2016-07-13T15:07:06.687-0530: 16.948: Total time for which application threads were stopped: 0.0000510 seconds
2016-07-13T15:07:06.687-0530: 16.948: Total time for which application threads were stopped: 0.0000462 seconds
2016-07-13T15:07:06.687-0530: 16.948: Total time for which application threads were stopped: 0.0000457 seconds
2016-07-13T15:07:06.687-0530: 16.948: Total time for which application threads were stopped: 0.0001494 seconds
2016-07-13T15:07:07.253-0530: 17.514: Total time for which application threads were stopped: 0.0003224 seconds
2016-07-13T15:07:07.319-0530: 17.581: Total time for which application threads were stopped: 0.0002847 seconds
2016-07-13T15:07:07.528-0530: 17.789: Total time for which application threads were stopped: 0.0003625 seconds
2016-07-13T15:07:07.559-0530: 17.820: Total time for which application threads were stopped: 0.0001060 seconds
2016-07-13T15:07:07.559-0530: 17.820: Total time for which application threads were stopped: 0.0000708 seconds
2016-07-13T15:07:07.559-0530: 17.820: Total time for which application threads were stopped: 0.0000562 seconds
2016-07-13T15:07:07.592-0530: 17.853: Total time for which application threads were stopped: 0.0000952 seconds
2016-07-13T15:07:07.915-0530: 18.176: Total time for which application threads were stopped: 0.0001141 seconds
2016-07-13T15:07:07.915-0530: 18.176: Total time for which application threads were stopped: 0.0000421 seconds
2016-07-13T15:07:08.080-0530: 18.341: Total time for which application threads were stopped: 0.0001409 seconds
2016-07-13T15:07:08.080-0530: 18.342: Total time for which application threads were stopped: 0.0000941 seconds
2016-07-13T15:07:08.080-0530: 18.342: Total time for which application threads were stopped: 0.0000701 seconds
2016-07-13T15:07:08.137-0530: 18.398: Total time for which application threads were stopped: 0.0001067 seconds
2016-07-13T15:07:08.561-0530: 18.822: Total time for which application threads were stopped: 0.0000916 seconds
2016-07-13T15:07:08.561-0530: 18.822: Total time for which application threads were stopped: 0.0000586 seconds
2016-07-13T15:07:09.009-0530: 19.271: Total time for which application threads were stopped: 0.0002663 seconds
2016-07-13T15:07:09.012-0530: 19.273: Total time for which application threads were stopped: 0.0000733 seconds
2016-07-13T15:07:09.632-0530: 19.893: Total time for which application threads were stopped: 0.0002390 seconds
2016-07-13T15:07:09.632-0530: 19.893: Total time for which application threads were stopped: 0.0000712 seconds
2016-07-13T15:07:09.632-0530: 19.894: Total time for which application threads were stopped: 0.0000691 seconds
2016-07-13T15:07:09.632-0530: 19.894: Total time for which application threads were stopped: 0.0000602 seconds
2016-07-13T15:07:09.708-0530: 19.970: Total time for which application threads were stopped: 0.0000987 seconds
2016-07-13T15:07:09.708-0530: 19.970: Total time for which application threads were stopped: 0.0001133 seconds
2016-07-13T15:07:09.709-0530: 19.970: Total time for which application threads were stopped: 0.0000695 seconds
2016-07-13T15:07:09.709-0530: 19.971: Total time for which application threads were stopped: 0.0000925 seconds
2016-07-13T15:07:09.844-0530: 20.106: Total time for which application threads were stopped: 0.0000755 seconds
2016-07-13T15:07:09.845-0530: 20.106: Total time for which application threads were stopped: 0.0000523 seconds
2016-07-13T15:07:09.902-0530: 20.164: Total time for which application threads were stopped: 0.0003121 seconds
2016-07-13T15:07:09.926-0530: 20.187: Total time for which application threads were stopped: 0.0000836 seconds
2016-07-13T15:07:09.934-0530: 20.196: Total time for which application threads were stopped: 0.0001590 seconds
2016-07-13T15:07:09.936-0530: 20.197: Total time for which application threads were stopped: 0.0001133 seconds
2016-07-13T15:07:09.949-0530: 20.211: Total time for which application threads were stopped: 0.0001099 seconds
2016-07-13T15:07:09.950-0530: 20.211: Total time for which application threads were stopped: 0.0000744 seconds
2016-07-13T15:07:09.988-0530: 20.249: Total time for which application threads were stopped: 0.0000980 seconds
2016-07-13T15:07:10.035-0530: 20.296: Total time for which application threads were stopped: 0.0003576 seconds
2016-07-13T15:07:10.050-0530: 20.311: Total time for which application threads were stopped: 0.0000806 seconds
2016-07-13T15:07:10.228-0530: 20.490: Total time for which application threads were stopped: 0.0003444 seconds
2016-07-13T15:07:10.505-0530: 20.767: Total time for which application threads were stopped: 0.0001396 seconds
2016-07-13T15:07:10.512-0530: 20.773: Total time for which application threads were stopped: 0.0001606 seconds
2016-07-13T15:07:10.692-0530: 20.953: Total time for which application threads were stopped: 0.0002561 seconds
2016-07-13T15:07:10.692-0530: 20.954: Total time for which application threads were stopped: 0.0000611 seconds
2016-07-13T15:07:10.692-0530: 20.954: Total time for which application threads were stopped: 0.0000487 seconds
2016-07-13T15:07:10.714-0530: 20.975: Total time for which application threads were stopped: 0.0001168 seconds
2016-07-13T15:07:10.719-0530: 20.980: Total time for which application threads were stopped: 0.0001256 seconds
2016-07-13T15:07:10.719-0530: 20.980: Total time for which application threads were stopped: 0.0000934 seconds
2016-07-13T15:07:10.719-0530: 20.981: Total time for which application threads were stopped: 0.0000826 seconds
2016-07-13T15:07:10.733-0530: 20.994: Total time for which application threads were stopped: 0.0001752 seconds
2016-07-13T15:07:10.819-0530: 21.080: Total time for which application threads were stopped: 0.0000926 seconds
{Heap before GC invocations=2 (full 0):
 par new generation   total 109248K, used 98749K [0x00000007a0000000, 0x00000007a8000000, 0x00000007a8000000)
  eden space 87424K, 100% used [0x00000007a0000000, 0x00000007a5560000, 0x00000007a5560000)
  from space 21824K,  51% used [0x00000007a5560000, 0x00000007a606f560, 0x00000007a6ab0000)
  to   space 21824K,   0% used [0x00000007a6ab0000, 0x00000007a6ab0000, 0x00000007a8000000)
 concurrent mark-sweep generation total 393216K, used 0K [0x00000007a8000000, 0x00000007c0000000, 0x00000007c0000000)
 Metaspace       used 21538K, capacity 21774K, committed 21884K, reserved 1069056K
  class space    used 2575K, capacity 2644K, committed 2684K, reserved 1048576K
2016-07-13T15:07:10.819-0530: 21.081: [GC (Allocation Failure) 21.089: [ParNew
Desired survivor size 20112992 bytes, new threshold 8 (max 8)
- age   1:    3040752 bytes,    3040752 total
- age   2:    2141144 bytes,    5181896 total
- age   3:    2464464 bytes,    7646360 total
: 98749K->11993K(109248K), 0.0125304 secs] 98749K->11993K(502464K), 0.0208424 secs] [Times: user=0.03 sys=0.01, real=0.03 secs] 
Heap after GC invocations=3 (full 0):
 par new generation   total 109248K, used 11993K [0x00000007a0000000, 0x00000007a8000000, 0x00000007a8000000)
  eden space 87424K,   0% used [0x00000007a0000000, 0x00000007a0000000, 0x00000007a5560000)
  from space 21824K,  54% used [0x00000007a6ab0000, 0x00000007a7666770, 0x00000007a8000000)
  to   space 21824K,   0% used [0x00000007a5560000, 0x00000007a5560000, 0x00000007a6ab0000)
 concurrent mark-sweep generation total 393216K, used 0K [0x00000007a8000000, 0x00000007c0000000, 0x00000007c0000000)
 Metaspace       used 21538K, capacity 21774K, committed 21884K, reserved 1069056K
  class space    used 2575K, capacity 2644K, committed 2684K, reserved 1048576K
}
2016-07-13T15:07:10.840-0530: 21.102: Total time for which application threads were stopped: 0.0210273 seconds
2016-07-13T15:07:10.860-0530: 21.122: [GC (CMS Initial Mark) [1 CMS-initial-mark: 0K(393216K)] 13674K(502464K), 0.0578829 secs] [Times: user=0.01 sys=0.00, real=0.05 secs] 
2016-07-13T15:07:10.918-0530: 21.180: Total time for which application threads were stopped: 0.0581785 seconds
2016-07-13T15:07:10.918-0530: 21.180: [CMS-concurrent-mark-start]
2016-07-13T15:07:10.949-0530: 21.210: [CMS-concurrent-mark: 0.031/0.031 secs] [Times: user=0.00 sys=0.00, real=0.03 secs] 
2016-07-13T15:07:10.949-0530: 21.211: [CMS-concurrent-preclean-start]
2016-07-13T15:07:10.951-0530: 21.212: [CMS-concurrent-preclean: 0.002/0.002 secs] [Times: user=0.01 sys=0.00, real=0.01 secs] 
2016-07-13T15:07:10.951-0530: 21.212: [GC (CMS Final Remark) [YG occupancy: 13674 K (109248 K)]{Heap before GC invocations=3 (full 1):
 par new generation   total 109248K, used 13674K [0x00000007a0000000, 0x00000007a8000000, 0x00000007a8000000)
  eden space 87424K,   1% used [0x00000007a0000000, 0x00000007a01a4210, 0x00000007a5560000)
  from space 21824K,  54% used [0x00000007a6ab0000, 0x00000007a7666770, 0x00000007a8000000)
  to   space 21824K,   0% used [0x00000007a5560000, 0x00000007a5560000, 0x00000007a6ab0000)
 concurrent mark-sweep generation total 393216K, used 0K [0x00000007a8000000, 0x00000007c0000000, 0x00000007c0000000)
 Metaspace       used 21595K, capacity 21838K, committed 21960K, reserved 1069056K
  class space    used 2588K, capacity 2644K, committed 2684K, reserved 1048576K
2016-07-13T15:07:10.951-0530: 21.212: [GC (CMS Final Remark) 21.212: [ParNew
Desired survivor size 20112992 bytes, new threshold 8 (max 8)
- age   1:      50712 bytes,      50712 total
- age   2:     881744 bytes,     932456 total
- age   3:    2141032 bytes,    3073488 total
- age   4:    2464648 bytes,    5538136 total
: 13674K->7731K(109248K), 0.0087629 secs] 13674K->7731K(502464K), 0.0088148 secs] [Times: user=0.02 sys=0.00, real=0.01 secs] 
Heap after GC invocations=4 (full 1):
 par new generation   total 109248K, used 7731K [0x00000007a0000000, 0x00000007a8000000, 0x00000007a8000000)
  eden space 87424K,   0% used [0x00000007a0000000, 0x00000007a0000000, 0x00000007a5560000)
  from space 21824K,  35% used [0x00000007a5560000, 0x00000007a5cecd80, 0x00000007a6ab0000)
  to   space 21824K,   0% used [0x00000007a6ab0000, 0x00000007a6ab0000, 0x00000007a8000000)
 concurrent mark-sweep generation total 393216K, used 0K [0x00000007a8000000, 0x00000007c0000000, 0x00000007c0000000)
 Metaspace       used 21595K, capacity 21838K, committed 21960K, reserved 1069056K
  class space    used 2588K, capacity 2644K, committed 2684K, reserved 1048576K
}
21.221: [Rescan (parallel) , 0.0026137 secs]21.224: [weak refs processing, 0.0012743 secs]21.225: [class unloading, 0.0074449 secs]21.233: [scrub symbol table, 0.0042561 secs]21.237: [scrub string table, 0.0003987 secs][1 CMS-remark: 0K(393216K)] 7731K(502464K), 0.0270828 secs] [Times: user=0.05 sys=0.00, real=0.02 secs] 
2016-07-13T15:07:11.016-0530: 21.277: Total time for which application threads were stopped: 0.0652392 seconds
2016-07-13T15:07:11.016-0530: 21.278: [CMS-concurrent-sweep-start]
2016-07-13T15:07:11.016-0530: 21.278: [CMS-concurrent-sweep: 0.000/0.000 secs] [Times: user=0.00 sys=0.00, real=0.00 secs] 
2016-07-13T15:07:11.016-0530: 21.278: [CMS-concurrent-reset-start]
2016-07-13T15:07:11.021-0530: 21.283: [CMS-concurrent-reset: 0.005/0.005 secs] [Times: user=0.01 sys=0.01, real=0.01 secs] 
2016-07-13T15:07:11.420-0530: 21.681: Total time for which application threads were stopped: 0.0000810 seconds
2016-07-13T15:07:11.767-0530: 22.029: Total time for which application threads were stopped: 0.0000895 seconds
2016-07-13T15:07:11.768-0530: 22.029: Total time for which application threads were stopped: 0.0000552 seconds
2016-07-13T15:07:11.768-0530: 22.029: Total time for which application threads were stopped: 0.0000514 seconds
2016-07-13T15:07:11.791-0530: 22.052: Total time for which application threads were stopped: 0.0001064 seconds
2016-07-13T15:07:12.559-0530: 22.821: Total time for which application threads were stopped: 0.0003100 seconds
2016-07-13T15:07:13.400-0530: 23.662: Total time for which application threads were stopped: 0.0001087 seconds
2016-07-13T15:07:13.432-0530: 23.693: Total time for which application threads were stopped: 0.0001091 seconds
2016-07-13T15:07:13.811-0530: 24.072: Total time for which application threads were stopped: 0.0000914 seconds
2016-07-13T15:07:13.811-0530: 24.072: Total time for which application threads were stopped: 0.0000388 seconds
2016-07-13T15:07:13.811-0530: 24.072: Total time for which application threads were stopped: 0.0000360 seconds
2016-07-13T15:07:13.823-0530: 24.085: Total time for which application threads were stopped: 0.0000744 seconds
2016-07-13T15:07:13.865-0530: 24.126: Total time for which application threads were stopped: 0.0000705 seconds
2016-07-13T15:07:13.865-0530: 24.126: Total time for which application threads were stopped: 0.0000355 seconds
2016-07-13T15:07:13.871-0530: 24.132: Total time for which application threads were stopped: 0.0000797 seconds
2016-07-13T15:07:14.043-0530: 24.304: Total time for which application threads were stopped: 0.0001093 seconds
2016-07-13T15:07:14.043-0530: 24.305: Total time for which application threads were stopped: 0.0000570 seconds
2016-07-13T15:07:14.043-0530: 24.305: Total time for which application threads were stopped: 0.0001716 seconds
2016-07-13T15:07:14.045-0530: 24.306: Total time for which application threads were stopped: 0.0001135 seconds
2016-07-13T15:07:14.047-0530: 24.308: Total time for which application threads were stopped: 0.0000986 seconds
2016-07-13T15:07:14.047-0530: 24.308: Total time for which application threads were stopped: 0.0000548 seconds
2016-07-13T15:07:14.051-0530: 24.312: Total time for which application threads were stopped: 0.0001025 seconds
2016-07-13T15:07:14.052-0530: 24.314: Total time for which application threads were stopped: 0.0001014 seconds
2016-07-13T15:07:14.053-0530: 24.314: Total time for which application threads were stopped: 0.0000568 seconds
2016-07-13T15:07:14.199-0530: 24.460: Total time for which application threads were stopped: 0.0000717 seconds
2016-07-13T15:07:14.199-0530: 24.461: Total time for which application threads were stopped: 0.0000624 seconds
2016-07-13T15:07:15.200-0530: 25.462: Total time for which application threads were stopped: 0.0001170 seconds
2016-07-13T15:07:17.011-0530: 27.273: Total time for which application threads were stopped: 0.0000958 seconds
2016-07-13T15:07:17.012-0530: 27.274: Total time for which application threads were stopped: 0.0000946 seconds
2016-07-13T15:07:17.012-0530: 27.274: Total time for which application threads were stopped: 0.0000678 seconds
2016-07-13T15:07:17.013-0530: 27.275: Total time for which application threads were stopped: 0.0001342 seconds
2016-07-13T15:07:19.320-0530: 29.582: Total time for which application threads were stopped: 0.0001234 seconds
2016-07-13T15:07:19.517-0530: 29.779: Total time for which application threads were stopped: 0.0001146 seconds
2016-07-13T15:07:19.517-0530: 29.779: Total time for which application threads were stopped: 0.0000749 seconds
2016-07-13T15:07:20.264-0530: 30.526: Total time for which application threads were stopped: 0.0003364 seconds
2016-07-13T15:07:21.274-0530: 31.536: Total time for which application threads were stopped: 0.0062081 seconds
2016-07-13T15:07:21.444-0530: 31.707: Total time for which application threads were stopped: 0.0002447 seconds
2016-07-13T15:07:21.452-0530: 31.714: Total time for which application threads were stopped: 0.0002318 seconds
2016-07-13T15:07:21.470-0530: 31.732: Total time for which application threads were stopped: 0.0002072 seconds
2016-07-13T15:07:21.762-0530: 32.024: Total time for which application threads were stopped: 0.0001507 seconds
2016-07-13T15:07:21.762-0530: 32.024: Total time for which application threads were stopped: 0.0001085 seconds
2016-07-13T15:07:21.762-0530: 32.025: Total time for which application threads were stopped: 0.0000978 seconds
2016-07-13T15:07:21.763-0530: 32.025: Total time for which application threads were stopped: 0.0001236 seconds
2016-07-13T15:07:21.947-0530: 32.209: Total time for which application threads were stopped: 0.0001174 seconds
2016-07-13T15:07:21.948-0530: 32.210: Total time for which application threads were stopped: 0.0000605 seconds
2016-07-13T15:07:22.500-0530: 32.762: Total time for which application threads were stopped: 0.0000921 seconds
2016-07-13T15:07:22.732-0530: 32.994: Total time for which application threads were stopped: 0.0000890 seconds
2016-07-13T15:07:22.732-0530: 32.994: Total time for which application threads were stopped: 0.0000430 seconds
2016-07-13T15:07:22.732-0530: 32.994: Total time for which application threads were stopped: 0.0000396 seconds
2016-07-13T15:07:22.732-0530: 32.994: Total time for which application threads were stopped: 0.0000425 seconds
2016-07-13T15:07:22.732-0530: 32.994: Total time for which application threads were stopped: 0.0000392 seconds
2016-07-13T15:07:22.732-0530: 32.994: Total time for which application threads were stopped: 0.0000408 seconds
2016-07-13T15:07:22.732-0530: 32.995: Total time for which application threads were stopped: 0.0000391 seconds
2016-07-13T15:07:22.733-0530: 32.995: Total time for which application threads were stopped: 0.0000380 seconds
2016-07-13T15:07:22.733-0530: 32.995: Total time for which application threads were stopped: 0.0001561 seconds
2016-07-13T15:07:22.749-0530: 33.011: Total time for which application threads were stopped: 0.0000822 seconds
2016-07-13T15:07:23.057-0530: 33.320: Total time for which application threads were stopped: 0.0003269 seconds
2016-07-13T15:07:23.427-0530: 33.689: Total time for which application threads were stopped: 0.0001137 seconds
2016-07-13T15:07:23.427-0530: 33.689: Total time for which application threads were stopped: 0.0000508 seconds
2016-07-13T15:07:23.427-0530: 33.689: Total time for which application threads were stopped: 0.0000473 seconds
2016-07-13T15:07:23.435-0530: 33.698: Total time for which application threads were stopped: 0.0001905 seconds
2016-07-13T15:07:24.462-0530: 34.725: Total time for which application threads were stopped: 0.0244415 seconds
2016-07-13T15:07:25.477-0530: 35.739: Total time for which application threads were stopped: 0.0104809 seconds
2016-07-13T15:07:26.489-0530: 36.751: Total time for which application threads were stopped: 0.0108513 seconds
2016-07-13T15:07:27.498-0530: 37.760: Total time for which application threads were stopped: 0.0054097 seconds
2016-07-13T15:07:28.501-0530: 38.764: Total time for which application threads were stopped: 0.0004470 seconds
2016-07-13T15:07:29.505-0530: 39.767: Total time for which application threads were stopped: 0.0009023 seconds
2016-07-13T15:07:30.510-0530: 40.772: Total time for which application threads were stopped: 0.0032113 seconds
2016-07-13T15:07:31.516-0530: 41.779: Total time for which application threads were stopped: 0.0042452 seconds
2016-07-13T15:07:32.520-0530: 42.783: Total time for which application threads were stopped: 0.0032247 seconds
2016-07-13T15:07:33.529-0530: 43.792: Total time for which application threads were stopped: 0.0034048 seconds
2016-07-13T15:07:34.532-0530: 44.795: Total time for which application threads were stopped: 0.0025515 seconds
{Heap before GC invocations=4 (full 1):
 par new generation   total 109248K, used 95155K [0x00000007a0000000, 0x00000007a8000000, 0x00000007a8000000)
  eden space 87424K, 100% used [0x00000007a0000000, 0x00000007a5560000, 0x00000007a5560000)
  from space 21824K,  35% used [0x00000007a5560000, 0x00000007a5cecd80, 0x00000007a6ab0000)
  to   space 21824K,   0% used [0x00000007a6ab0000, 0x00000007a6ab0000, 0x00000007a8000000)
 concurrent mark-sweep generation total 393216K, used 0K [0x00000007a8000000, 0x00000007c0000000, 0x00000007c0000000)
 Metaspace       used 26958K, capacity 27244K, committed 27388K, reserved 1073152K
  class space    used 3238K, capacity 3295K, committed 3324K, reserved 1048576K
2016-07-13T15:07:34.763-0530: 45.026: [GC (Allocation Failure) 45.026: [ParNew
Desired survivor size 20112992 bytes, new threshold 5 (max 8)
- age   1:   16861488 bytes,   16861488 total
- age   2:       4112 bytes,   16865600 total
- age   3:     817168 bytes,   17682768 total
- age   4:    2094944 bytes,   19777712 total
- age   5:    2464152 bytes,   22241864 total
: 95155K->21824K(109248K), 0.0489274 secs] 95155K->34473K(502464K), 0.0490439 secs] [Times: user=0.09 sys=0.03, real=0.05 secs] 
Heap after GC invocations=5 (full 1):
 par new generation   total 109248K, used 21824K [0x00000007a0000000, 0x00000007a8000000, 0x00000007a8000000)
  eden space 87424K,   0% used [0x00000007a0000000, 0x00000007a0000000, 0x00000007a5560000)
  from space 21824K, 100% used [0x00000007a6ab0000, 0x00000007a8000000, 0x00000007a8000000)
  to   space 21824K,   0% used [0x00000007a5560000, 0x00000007a5560000, 0x00000007a6ab0000)
 concurrent mark-sweep generation total 393216K, used 12649K [0x00000007a8000000, 0x00000007c0000000, 0x00000007c0000000)
 Metaspace       used 26958K, capacity 27244K, committed 27388K, reserved 1073152K
  class space    used 3238K, capacity 3295K, committed 3324K, reserved 1048576K
}
2016-07-13T15:07:34.813-0530: 45.075: Total time for which application threads were stopped: 0.0661122 seconds
2016-07-13T15:07:34.829-0530: 45.092: Total time for which application threads were stopped: 0.0131734 seconds
2016-07-13T15:07:36.835-0530: 47.098: Total time for which application threads were stopped: 0.0051343 seconds
2016-07-13T15:07:37.872-0530: 48.135: Total time for which application threads were stopped: 0.0333610 seconds
2016-07-13T15:07:38.661-0530: 48.924: Total time for which application threads were stopped: 0.0000799 seconds
2016-07-13T15:07:38.661-0530: 48.924: Total time for which application threads were stopped: 0.0000492 seconds
2016-07-13T15:07:38.661-0530: 48.924: Total time for which application threads were stopped: 0.0000596 seconds
2016-07-13T15:07:38.661-0530: 48.924: Total time for which application threads were stopped: 0.0000479 seconds
2016-07-13T15:07:38.661-0530: 48.924: Total time for which application threads were stopped: 0.0000475 seconds
2016-07-13T15:07:38.677-0530: 48.940: Total time for which application threads were stopped: 0.0001115 seconds
2016-07-13T15:07:38.677-0530: 48.940: Total time for which application threads were stopped: 0.0000896 seconds
2016-07-13T15:07:38.678-0530: 48.941: Total time for which application threads were stopped: 0.0000608 seconds
2016-07-13T15:07:38.679-0530: 48.942: Total time for which application threads were stopped: 0.0000496 seconds
2016-07-13T15:07:38.679-0530: 48.942: Total time for which application threads were stopped: 0.0000471 seconds
2016-07-13T15:07:38.679-0530: 48.942: Total time for which application threads were stopped: 0.0000596 seconds
2016-07-13T15:07:38.689-0530: 48.952: Total time for which application threads were stopped: 0.0000897 seconds
{Heap before GC invocations=5 (full 1):
 par new generation   total 109248K, used 109248K [0x00000007a0000000, 0x00000007a8000000, 0x00000007a8000000)
  eden space 87424K, 100% used [0x00000007a0000000, 0x00000007a5560000, 0x00000007a5560000)
  from space 21824K, 100% used [0x00000007a6ab0000, 0x00000007a8000000, 0x00000007a8000000)
  to   space 21824K,   0% used [0x00000007a5560000, 0x00000007a5560000, 0x00000007a6ab0000)
 concurrent mark-sweep generation total 393216K, used 12649K [0x00000007a8000000, 0x00000007c0000000, 0x00000007c0000000)
 Metaspace       used 27081K, capacity 27372K, committed 27772K, reserved 1073152K
  class space    used 3255K, capacity 3359K, committed 3452K, reserved 1048576K
2016-07-13T15:07:38.756-0530: 49.019: [GC (Allocation Failure) 49.019: [ParNew
Desired survivor size 20112992 bytes, new threshold 4 (max 8)
- age   1:   11781136 bytes,   11781136 total
- age   2:    7911456 bytes,   19692592 total
- age   3:       3856 bytes,   19696448 total
- age   4:     696352 bytes,   20392800 total
- age   5:    1925296 bytes,   22318096 total
: 109248K->21824K(109248K), 0.0575611 secs] 121897K->56065K(502464K), 0.0578586 secs] [Times: user=0.08 sys=0.02, real=0.06 secs] 
Heap after GC invocations=6 (full 1):
 par new generation   total 109248K, used 21824K [0x00000007a0000000, 0x00000007a8000000, 0x00000007a8000000)
  eden space 87424K,   0% used [0x00000007a0000000, 0x00000007a0000000, 0x00000007a5560000)
  from space 21824K, 100% used [0x00000007a5560000, 0x00000007a6ab0000, 0x00000007a6ab0000)
  to   space 21824K,   0% used [0x00000007a6ab0000, 0x00000007a6ab0000, 0x00000007a8000000)
 concurrent mark-sweep generation total 393216K, used 34241K [0x00000007a8000000, 0x00000007c0000000, 0x00000007c0000000)
 Metaspace       used 27081K, capacity 27372K, committed 27772K, reserved 1073152K
  class space    used 3255K, capacity 3359K, committed 3452K, reserved 1048576K
}
2016-07-13T15:07:38.814-0530: 49.077: Total time for which application threads were stopped: 0.0580572 seconds
2016-07-13T15:07:38.828-0530: 49.091: Total time for which application threads were stopped: 0.0000730 seconds
2016-07-13T15:07:38.837-0530: 49.100: Total time for which application threads were stopped: 0.0001435 seconds
2016-07-13T15:07:38.840-0530: 49.103: Total time for which application threads were stopped: 0.0000782 seconds
2016-07-13T15:07:38.841-0530: 49.104: Total time for which application threads were stopped: 0.0000533 seconds
2016-07-13T15:07:38.947-0530: 49.210: Total time for which application threads were stopped: 0.0000874 seconds
2016-07-13T15:07:38.947-0530: 49.210: Total time for which application threads were stopped: 0.0000334 seconds
2016-07-13T15:07:39.029-0530: 49.292: Total time for which application threads were stopped: 0.0000850 seconds
2016-07-13T15:07:39.029-0530: 49.292: Total time for which application threads were stopped: 0.0000498 seconds
2016-07-13T15:07:39.029-0530: 49.292: Total time for which application threads were stopped: 0.0000411 seconds
2016-07-13T15:07:39.029-0530: 49.292: Total time for which application threads were stopped: 0.0000418 seconds
2016-07-13T15:07:39.281-0530: 49.544: Total time for which application threads were stopped: 0.0001198 seconds
2016-07-13T15:07:39.281-0530: 49.544: Total time for which application threads were stopped: 0.0000458 seconds
2016-07-13T15:07:39.314-0530: 49.577: Total time for which application threads were stopped: 0.0001210 seconds
2016-07-13T15:07:39.490-0530: 49.753: Total time for which application threads were stopped: 0.0001393 seconds
2016-07-13T15:07:39.490-0530: 49.753: Total time for which application threads were stopped: 0.0000566 seconds
2016-07-13T15:07:39.490-0530: 49.753: Total time for which application threads were stopped: 0.0000517 seconds
2016-07-13T15:07:39.503-0530: 49.766: Total time for which application threads were stopped: 0.0000819 seconds
{Heap before GC invocations=6 (full 1):
 par new generation   total 109248K, used 108681K [0x00000007a0000000, 0x00000007a8000000, 0x00000007a8000000)
  eden space 87424K,  99% used [0x00000007a0000000, 0x00000007a54d2678, 0x00000007a5560000)
  from space 21824K, 100% used [0x00000007a5560000, 0x00000007a6ab0000, 0x00000007a6ab0000)
  to   space 21824K,   0% used [0x00000007a6ab0000, 0x00000007a6ab0000, 0x00000007a8000000)
 concurrent mark-sweep generation total 393216K, used 34241K [0x00000007a8000000, 0x00000007c0000000, 0x00000007c0000000)
 Metaspace       used 28810K, capacity 29120K, committed 29564K, reserved 1075200K
  class space    used 3492K, capacity 3593K, committed 3708K, reserved 1048576K
2016-07-13T15:07:39.801-0530: 50.065: [GC (Allocation Failure) 50.065: [ParNew
Desired survivor size 20112992 bytes, new threshold 3 (max 8)
- age   1:    9635064 bytes,    9635064 total
- age   2:    5025776 bytes,   14660840 total
- age   3:    7469784 bytes,   22130624 total
- age   4:       3824 bytes,   22134448 total
: 108681K->21824K(109248K), 0.0417654 secs] 142923K->75753K(502464K), 0.0418711 secs] [Times: user=0.11 sys=0.01, real=0.04 secs] 
Heap after GC invocations=7 (full 1):
 par new generation   total 109248K, used 21824K [0x00000007a0000000, 0x00000007a8000000, 0x00000007a8000000)
  eden space 87424K,   0% used [0x00000007a0000000, 0x00000007a0000000, 0x00000007a5560000)
  from space 21824K, 100% used [0x00000007a6ab0000, 0x00000007a8000000, 0x00000007a8000000)
  to   space 21824K,   0% used [0x00000007a5560000, 0x00000007a5560000, 0x00000007a6ab0000)
 concurrent mark-sweep generation total 393216K, used 53929K [0x00000007a8000000, 0x00000007c0000000, 0x00000007c0000000)
 Metaspace       used 28810K, capacity 29120K, committed 29564K, reserved 1075200K
  class space    used 3492K, capacity 3593K, committed 3708K, reserved 1048576K
}
2016-07-13T15:07:39.843-0530: 50.106: Total time for which application threads were stopped: 0.0421049 seconds
2016-07-13T15:07:40.375-0530: 50.638: Total time for which application threads were stopped: 0.0004449 seconds
2016-07-13T15:07:41.370-0530: 51.633: Total time for which application threads were stopped: 0.0004083 seconds
{Heap before GC invocations=7 (full 1):
 par new generation   total 109248K, used 109248K [0x00000007a0000000, 0x00000007a8000000, 0x00000007a8000000)
  eden space 87424K, 100% used [0x00000007a0000000, 0x00000007a5560000, 0x00000007a5560000)
  from space 21824K, 100% used [0x00000007a6ab0000, 0x00000007a8000000, 0x00000007a8000000)
  to   space 21824K,   0% used [0x00000007a5560000, 0x00000007a5560000, 0x00000007a6ab0000)
 concurrent mark-sweep generation total 393216K, used 53929K [0x00000007a8000000, 0x00000007c0000000, 0x00000007c0000000)
 Metaspace       used 28970K, capacity 29344K, committed 29564K, reserved 1075200K
  class space    used 3505K, capacity 3625K, committed 3708K, reserved 1048576K
2016-07-13T15:07:41.778-0530: 52.041: [GC (Allocation Failure) 52.041: [ParNew
Desired survivor size 20112992 bytes, new threshold 8 (max 8)
- age   1:   10083056 bytes,   10083056 total
- age   2:    4048824 bytes,   14131880 total
- age   3:    5025776 bytes,   19157656 total
: 109248K->21824K(109248K), 0.0644713 secs] 163177K->111126K(502464K), 0.0647740 secs] [Times: user=0.21 sys=0.02, real=0.07 secs] 
Heap after GC invocations=8 (full 1):
 par new generation   total 109248K, used 21824K [0x00000007a0000000, 0x00000007a8000000, 0x00000007a8000000)
  eden space 87424K,   0% used [0x00000007a0000000, 0x00000007a0000000, 0x00000007a5560000)
  from space 21824K, 100% used [0x00000007a5560000, 0x00000007a6ab0000, 0x00000007a6ab0000)
  to   space 21824K,   0% used [0x00000007a6ab0000, 0x00000007a6ab0000, 0x00000007a8000000)
 concurrent mark-sweep generation total 393216K, used 89302K [0x00000007a8000000, 0x00000007c0000000, 0x00000007c0000000)
 Metaspace       used 28970K, capacity 29344K, committed 29564K, reserved 1075200K
  class space    used 3505K, capacity 3625K, committed 3708K, reserved 1048576K
}
2016-07-13T15:07:41.842-0530: 52.106: Total time for which application threads were stopped: 0.0649870 seconds
2016-07-13T15:07:42.176-0530: 52.439: Total time for which application threads were stopped: 0.0001159 seconds
2016-07-13T15:07:42.231-0530: 52.494: Total time for which application threads were stopped: 0.0003823 seconds
2016-07-13T15:07:42.455-0530: 52.718: Total time for which application threads were stopped: 0.0006153 seconds
{Heap before GC invocations=8 (full 1):
 par new generation   total 109248K, used 109248K [0x00000007a0000000, 0x00000007a8000000, 0x00000007a8000000)
  eden space 87424K, 100% used [0x00000007a0000000, 0x00000007a5560000, 0x00000007a5560000)
  from space 21824K, 100% used [0x00000007a5560000, 0x00000007a6ab0000, 0x00000007a6ab0000)
  to   space 21824K,   0% used [0x00000007a6ab0000, 0x00000007a6ab0000, 0x00000007a8000000)
 concurrent mark-sweep generation total 393216K, used 89302K [0x00000007a8000000, 0x00000007c0000000, 0x00000007c0000000)
 Metaspace       used 29189K, capacity 29536K, committed 29820K, reserved 1075200K
  class space    used 3518K, capacity 3625K, committed 3708K, reserved 1048576K
2016-07-13T15:07:43.244-0530: 53.507: [GC (Allocation Failure) 53.507: [ParNew
Desired survivor size 20112992 bytes, new threshold 4 (max 8)
- age   1:   13683664 bytes,   13683664 total
- age   2:    3209064 bytes,   16892728 total
- age   3:    2865536 bytes,   19758264 total
- age   4:    1985824 bytes,   21744088 total
: 109248K->21824K(109248K), 0.0613152 secs] 198550K->138512K(502464K), 0.0614203 secs] [Times: user=0.18 sys=0.02, real=0.06 secs] 
Heap after GC invocations=9 (full 1):
 par new generation   total 109248K, used 21824K [0x00000007a0000000, 0x00000007a8000000, 0x00000007a8000000)
  eden space 87424K,   0% used [0x00000007a0000000, 0x00000007a0000000, 0x00000007a5560000)
  from space 21824K, 100% used [0x00000007a6ab0000, 0x00000007a8000000, 0x00000007a8000000)
  to   space 21824K,   0% used [0x00000007a5560000, 0x00000007a5560000, 0x00000007a6ab0000)
 concurrent mark-sweep generation total 393216K, used 116688K [0x00000007a8000000, 0x00000007c0000000, 0x00000007c0000000)
 Metaspace       used 29189K, capacity 29536K, committed 29820K, reserved 1075200K
  class space    used 3518K, capacity 3625K, committed 3708K, reserved 1048576K
}
2016-07-13T15:07:43.305-0530: 53.569: Total time for which application threads were stopped: 0.0616011 seconds
{Heap before GC invocations=9 (full 1):
 par new generation   total 109248K, used 109248K [0x00000007a0000000, 0x00000007a8000000, 0x00000007a8000000)
  eden space 87424K, 100% used [0x00000007a0000000, 0x00000007a5560000, 0x00000007a5560000)
  from space 21824K, 100% used [0x00000007a6ab0000, 0x00000007a8000000, 0x00000007a8000000)
  to   space 21824K,   0% used [0x00000007a5560000, 0x00000007a5560000, 0x00000007a6ab0000)
 concurrent mark-sweep generation total 393216K, used 116688K [0x00000007a8000000, 0x00000007c0000000, 0x00000007c0000000)
 Metaspace       used 29191K, capacity 29536K, committed 29820K, reserved 1075200K
  class space    used 3518K, capacity 3625K, committed 3708K, reserved 1048576K
2016-07-13T15:07:43.580-0530: 53.843: [GC (Allocation Failure) 53.843: [ParNew
Desired survivor size 20112992 bytes, new threshold 4 (max 8)
- age   1:    9380032 bytes,    9380032 total
- age   2:    6887152 bytes,   16267184 total
- age   3:    3209064 bytes,   19476248 total
- age   4:    2861192 bytes,   22337440 total
: 109248K->21824K(109248K), 0.2209473 secs] 225936K->212786K(502464K), 0.2210164 secs] [Times: user=0.45 sys=0.05, real=0.22 secs] 
Heap after GC invocations=10 (full 1):
 par new generation   total 109248K, used 21824K [0x00000007a0000000, 0x00000007a8000000, 0x00000007a8000000)
  eden space 87424K,   0% used [0x00000007a0000000, 0x00000007a0000000, 0x00000007a5560000)
  from space 21824K, 100% used [0x00000007a5560000, 0x00000007a6ab0000, 0x00000007a6ab0000)
  to   space 21824K,   0% used [0x00000007a6ab0000, 0x00000007a6ab0000, 0x00000007a8000000)
 concurrent mark-sweep generation total 393216K, used 190962K [0x00000007a8000000, 0x00000007c0000000, 0x00000007c0000000)
 Metaspace       used 29191K, capacity 29536K, committed 29820K, reserved 1075200K
  class space    used 3518K, capacity 3625K, committed 3708K, reserved 1048576K
}
2016-07-13T15:07:43.801-0530: 54.065: Total time for which application threads were stopped: 0.2212447 seconds
{Heap before GC invocations=10 (full 1):
 par new generation   total 109248K, used 109248K [0x00000007a0000000, 0x00000007a8000000, 0x00000007a8000000)
  eden space 87424K, 100% used [0x00000007a0000000, 0x00000007a5560000, 0x00000007a5560000)
  from space 21824K, 100% used [0x00000007a5560000, 0x00000007a6ab0000, 0x00000007a6ab0000)
  to   space 21824K,   0% used [0x00000007a6ab0000, 0x00000007a6ab0000, 0x00000007a8000000)
 concurrent mark-sweep generation total 393216K, used 190962K [0x00000007a8000000, 0x00000007c0000000, 0x00000007c0000000)
 Metaspace       used 29213K, capacity 29536K, committed 29820K, reserved 1075200K
  class space    used 3520K, capacity 3625K, committed 3708K, reserved 1048576K
2016-07-13T15:07:44.301-0530: 54.565: [GC (Allocation Failure) 54.565: [ParNew
Desired survivor size 20112992 bytes, new threshold 4 (max 8)
- age   1:   13572864 bytes,   13572864 total
- age   2:    1236008 bytes,   14808872 total
- age   3:    4324968 bytes,   19133840 total
- age   4:    3210360 bytes,   22344200 total
: 109248K->21824K(109248K), 0.2542207 secs] 300210K->277040K(502464K), 0.2543293 secs] [Times: user=0.50 sys=0.04, real=0.25 secs] 
Heap after GC invocations=11 (full 1):
 par new generation   total 109248K, used 21824K [0x00000007a0000000, 0x00000007a8000000, 0x00000007a8000000)
  eden space 87424K,   0% used [0x00000007a0000000, 0x00000007a0000000, 0x00000007a5560000)
  from space 21824K, 100% used [0x00000007a6ab0000, 0x00000007a8000000, 0x00000007a8000000)
  to   space 21824K,   0% used [0x00000007a5560000, 0x00000007a5560000, 0x00000007a6ab0000)
 concurrent mark-sweep generation total 393216K, used 255216K [0x00000007a8000000, 0x00000007c0000000, 0x00000007c0000000)
 Metaspace       used 29213K, capacity 29536K, committed 29820K, reserved 1075200K
  class space    used 3520K, capacity 3625K, committed 3708K, reserved 1048576K
}
2016-07-13T15:07:44.556-0530: 54.819: Total time for which application threads were stopped: 0.2545734 seconds
2016-07-13T15:07:44.556-0530: 54.819: [GC (CMS Initial Mark) [1 CMS-initial-mark: 255216K(393216K)] 278828K(502464K), 0.0127091 secs] [Times: user=0.02 sys=0.00, real=0.01 secs] 
2016-07-13T15:07:44.569-0530: 54.832: Total time for which application threads were stopped: 0.0129271 seconds
2016-07-13T15:07:44.569-0530: 54.832: [CMS-concurrent-mark-start]
2016-07-13T15:07:44.760-0530: 55.023: [CMS-concurrent-mark: 0.191/0.191 secs] [Times: user=0.48 sys=0.01, real=0.20 secs] 
2016-07-13T15:07:44.760-0530: 55.023: [CMS-concurrent-preclean-start]
2016-07-13T15:07:44.762-0530: 55.025: [CMS-concurrent-preclean: 0.002/0.002 secs] [Times: user=0.00 sys=0.00, real=0.00 secs] 
2016-07-13T15:07:44.762-0530: 55.025: [CMS-concurrent-abortable-preclean-start]
2016-07-13T15:07:46.002-0530: 56.266: [CMS-concurrent-abortable-preclean: 0.621/1.241 secs] [Times: user=2.52 sys=0.02, real=1.24 secs] 
2016-07-13T15:07:46.003-0530: 56.266: [GC (CMS Final Remark) [YG occupancy: 73122 K (109248 K)]{Heap before GC invocations=11 (full 2):
 par new generation   total 109248K, used 73122K [0x00000007a0000000, 0x00000007a8000000, 0x00000007a8000000)
  eden space 87424K,  58% used [0x00000007a0000000, 0x00000007a3218ab0, 0x00000007a5560000)
  from space 21824K, 100% used [0x00000007a6ab0000, 0x00000007a8000000, 0x00000007a8000000)
  to   space 21824K,   0% used [0x00000007a5560000, 0x00000007a5560000, 0x00000007a6ab0000)
 concurrent mark-sweep generation total 393216K, used 255216K [0x00000007a8000000, 0x00000007c0000000, 0x00000007c0000000)
 Metaspace       used 29216K, capacity 29536K, committed 29820K, reserved 1075200K
  class space    used 3520K, capacity 3625K, committed 3708K, reserved 1048576K
2016-07-13T15:07:46.003-0530: 56.266: [GC (CMS Final Remark) 56.266: [ParNew
Desired survivor size 20112992 bytes, new threshold 4 (max 8)
- age   1:   10451640 bytes,   10451640 total
- age   2:    7637232 bytes,   18088872 total
- age   3:     274616 bytes,   18363488 total
- age   4:    3984104 bytes,   22347592 total
: 73122K->21824K(109248K), 0.1109966 secs] 328338K->306158K(502464K), 0.1110764 secs] [Times: user=0.23 sys=0.04, real=0.11 secs] 
Heap after GC invocations=12 (full 2):
 par new generation   total 109248K, used 21824K [0x00000007a0000000, 0x00000007a8000000, 0x00000007a8000000)
  eden space 87424K,   0% used [0x00000007a0000000, 0x00000007a0000000, 0x00000007a5560000)
  from space 21824K, 100% used [0x00000007a5560000, 0x00000007a6ab0000, 0x00000007a6ab0000)
  to   space 21824K,   0% used [0x00000007a6ab0000, 0x00000007a6ab0000, 0x00000007a8000000)
 concurrent mark-sweep generation total 393216K, used 284334K [0x00000007a8000000, 0x00000007c0000000, 0x00000007c0000000)
 Metaspace       used 29216K, capacity 29536K, committed 29820K, reserved 1075200K
  class space    used 3520K, capacity 3625K, committed 3708K, reserved 1048576K
}
56.377: [Rescan (parallel) , 0.0208365 secs]56.398: [weak refs processing, 0.0006737 secs]56.399: [class unloading, 0.0125633 secs]56.412: [scrub symbol table, 0.0056036 secs]56.417: [scrub string table, 0.0005267 secs][1 CMS-remark: 284334K(393216K)] 306158K(502464K), 0.1549607 secs] [Times: user=0.33 sys=0.04, real=0.15 secs] 
2016-07-13T15:07:46.158-0530: 56.421: Total time for which application threads were stopped: 0.1551356 seconds
2016-07-13T15:07:46.158-0530: 56.421: [CMS-concurrent-sweep-start]
2016-07-13T15:07:46.227-0530: 56.491: [CMS-concurrent-sweep: 0.069/0.069 secs] [Times: user=0.14 sys=0.00, real=0.07 secs] 
2016-07-13T15:07:46.227-0530: 56.491: [CMS-concurrent-reset-start]
2016-07-13T15:07:46.229-0530: 56.492: [CMS-concurrent-reset: 0.002/0.002 secs] [Times: user=0.00 sys=0.00, real=0.00 secs] 
{Heap before GC invocations=12 (full 2):
 par new generation   total 109248K, used 109248K [0x00000007a0000000, 0x00000007a8000000, 0x00000007a8000000)
  eden space 87424K, 100% used [0x00000007a0000000, 0x00000007a5560000, 0x00000007a5560000)
  from space 21824K, 100% used [0x00000007a5560000, 0x00000007a6ab0000, 0x00000007a6ab0000)
  to   space 21824K,   0% used [0x00000007a6ab0000, 0x00000007a6ab0000, 0x00000007a8000000)
 concurrent mark-sweep generation total 393216K, used 264077K [0x00000007a8000000, 0x00000007c0000000, 0x00000007c0000000)
 Metaspace       used 29234K, capacity 29534K, committed 29820K, reserved 1075200K
  class space    used 3519K, capacity 3624K, committed 3708K, reserved 1048576K
2016-07-13T15:07:47.505-0530: 57.769: [GC (Allocation Failure) 57.769: [ParNew
Desired survivor size 20112992 bytes, new threshold 2 (max 8)
- age   1:   14343464 bytes,   14343464 total
- age   2:    6245880 bytes,   20589344 total
- age   3:    1654472 bytes,   22243816 total
- age   4:     103824 bytes,   22347640 total
: 109248K->21824K(109248K), 0.0436754 secs] 373325K->306425K(502464K), 0.0437474 secs] [Times: user=0.15 sys=0.01, real=0.04 secs] 
Heap after GC invocations=13 (full 2):
 par new generation   total 109248K, used 21824K [0x00000007a0000000, 0x00000007a8000000, 0x00000007a8000000)
  eden space 87424K,   0% used [0x00000007a0000000, 0x00000007a0000000, 0x00000007a5560000)
  from space 21824K, 100% used [0x00000007a6ab0000, 0x00000007a8000000, 0x00000007a8000000)
  to   space 21824K,   0% used [0x00000007a5560000, 0x00000007a5560000, 0x00000007a6ab0000)
 concurrent mark-sweep generation total 393216K, used 284601K [0x00000007a8000000, 0x00000007c0000000, 0x00000007c0000000)
 Metaspace       used 29234K, capacity 29534K, committed 29820K, reserved 1075200K
  class space    used 3519K, capacity 3624K, committed 3708K, reserved 1048576K
}
2016-07-13T15:07:47.549-0530: 57.812: Total time for which application threads were stopped: 0.0439810 seconds
2016-07-13T15:07:47.549-0530: 57.813: [GC (CMS Initial Mark) [1 CMS-initial-mark: 284601K(393216K)] 308142K(502464K), 0.0072715 secs] [Times: user=0.01 sys=0.00, real=0.01 secs] 
2016-07-13T15:07:47.556-0530: 57.820: Total time for which application threads were stopped: 0.0074517 seconds
2016-07-13T15:07:47.556-0530: 57.820: [CMS-concurrent-mark-start]
2016-07-13T15:07:47.614-0530: 57.877: [CMS-concurrent-mark: 0.057/0.057 secs] [Times: user=0.21 sys=0.00, real=0.06 secs] 
2016-07-13T15:07:47.614-0530: 57.877: [CMS-concurrent-preclean-start]
2016-07-13T15:07:47.615-0530: 57.879: [CMS-concurrent-preclean: 0.002/0.002 secs] [Times: user=0.00 sys=0.00, real=0.00 secs] 
2016-07-13T15:07:47.615-0530: 57.879: [CMS-concurrent-abortable-preclean-start]
2016-07-13T15:07:48.098-0530: 58.361: [CMS-concurrent-abortable-preclean: 0.278/0.482 secs] [Times: user=0.76 sys=0.00, real=0.48 secs] 
2016-07-13T15:07:48.098-0530: 58.362: [GC (CMS Final Remark) [YG occupancy: 99115 K (109248 K)]{Heap before GC invocations=13 (full 3):
 par new generation   total 109248K, used 99115K [0x00000007a0000000, 0x00000007a8000000, 0x00000007a8000000)
  eden space 87424K,  88% used [0x00000007a0000000, 0x00000007a4b7ad30, 0x00000007a5560000)
  from space 21824K, 100% used [0x00000007a6ab0000, 0x00000007a8000000, 0x00000007a8000000)
  to   space 21824K,   0% used [0x00000007a5560000, 0x00000007a5560000, 0x00000007a6ab0000)
 concurrent mark-sweep generation total 393216K, used 284601K [0x00000007a8000000, 0x00000007c0000000, 0x00000007c0000000)
 Metaspace       used 29235K, capacity 29598K, committed 29820K, reserved 1075200K
  class space    used 3519K, capacity 3624K, committed 3708K, reserved 1048576K
2016-07-13T15:07:48.098-0530: 58.362: [GC (CMS Final Remark) 58.362: [ParNew
Desired survivor size 20112992 bytes, new threshold 8 (max 8)
- age   1:       1056 bytes,       1056 total
- age   2:   14342760 bytes,   14343816 total
: 99115K->21800K(109248K), 0.0320725 secs] 383716K->314218K(502464K), 0.0321186 secs] [Times: user=0.11 sys=0.00, real=0.04 secs] 
Heap after GC invocations=14 (full 3):
 par new generation   total 109248K, used 21800K [0x00000007a0000000, 0x00000007a8000000, 0x00000007a8000000)
  eden space 87424K,   0% used [0x00000007a0000000, 0x00000007a0000000, 0x00000007a5560000)
  from space 21824K,  99% used [0x00000007a5560000, 0x00000007a6aaa100, 0x00000007a6ab0000)
  to   space 21824K,   0% used [0x00000007a6ab0000, 0x00000007a6ab0000, 0x00000007a8000000)
 concurrent mark-sweep generation total 393216K, used 292417K [0x00000007a8000000, 0x00000007c0000000, 0x00000007c0000000)
 Metaspace       used 29235K, capacity 29598K, committed 29820K, reserved 1075200K
  class space    used 3519K, capacity 3624K, committed 3708K, reserved 1048576K
}
58.394: [Rescan (parallel) , 0.0073007 secs]58.401: [weak refs processing, 0.0006742 secs]58.402: [class unloading, 0.0116779 secs]58.414: [scrub symbol table, 0.0043583 secs]58.418: [scrub string table, 0.0005564 secs][1 CMS-remark: 292417K(393216K)] 314218K(502464K), 0.0596171 secs] [Times: user=0.16 sys=0.01, real=0.06 secs] 
2016-07-13T15:07:48.158-0530: 58.421: Total time for which application threads were stopped: 0.0599211 seconds
2016-07-13T15:07:48.158-0530: 58.422: [CMS-concurrent-sweep-start]
2016-07-13T15:07:48.317-0530: 58.581: [CMS-concurrent-sweep: 0.160/0.160 secs] [Times: user=0.31 sys=0.00, real=0.16 secs] 
2016-07-13T15:07:48.317-0530: 58.581: [CMS-concurrent-reset-start]
2016-07-13T15:07:48.318-0530: 58.581: [CMS-concurrent-reset: 0.000/0.000 secs] [Times: user=0.00 sys=0.00, real=0.00 secs] 
{Heap before GC invocations=14 (full 3):
 par new generation   total 109248K, used 109224K [0x00000007a0000000, 0x00000007a8000000, 0x00000007a8000000)
  eden space 87424K, 100% used [0x00000007a0000000, 0x00000007a5560000, 0x00000007a5560000)
  from space 21824K,  99% used [0x00000007a5560000, 0x00000007a6aaa100, 0x00000007a6ab0000)
  to   space 21824K,   0% used [0x00000007a6ab0000, 0x00000007a6ab0000, 0x00000007a8000000)
 concurrent mark-sweep generation total 393216K, used 161478K [0x00000007a8000000, 0x00000007c0000000, 0x00000007c0000000)
 Metaspace       used 29235K, capacity 29598K, committed 29820K, reserved 1075200K
  class space    used 3519K, capacity 3624K, committed 3708K, reserved 1048576K
2016-07-13T15:07:48.854-0530: 59.118: [GC (Allocation Failure) 59.118: [ParNew
Desired survivor size 20112992 bytes, new threshold 8 (max 8)
- age   1:        176 bytes,        176 total
- age   2:        160 bytes,        336 total
- age   3:   14342760 bytes,   14343096 total
: 109224K->20190K(109248K), 0.0130085 secs] 270702K->181668K(502464K), 0.0130943 secs] [Times: user=0.05 sys=0.00, real=0.01 secs] 
Heap after GC invocations=15 (full 3):
 par new generation   total 109248K, used 20190K [0x00000007a0000000, 0x00000007a8000000, 0x00000007a8000000)
  eden space 87424K,   0% used [0x00000007a0000000, 0x00000007a0000000, 0x00000007a5560000)
  from space 21824K,  92% used [0x00000007a6ab0000, 0x00000007a7e678a0, 0x00000007a8000000)
  to   space 21824K,   0% used [0x00000007a5560000, 0x00000007a5560000, 0x00000007a6ab0000)
 concurrent mark-sweep generation total 393216K, used 161478K [0x00000007a8000000, 0x00000007c0000000, 0x00000007c0000000)
 Metaspace       used 29235K, capacity 29598K, committed 29820K, reserved 1075200K
  class space    used 3519K, capacity 3624K, committed 3708K, reserved 1048576K
}
2016-07-13T15:07:48.867-0530: 59.131: Total time for which application threads were stopped: 0.0132753 seconds
{Heap before GC invocations=15 (full 3):
 par new generation   total 109248K, used 107614K [0x00000007a0000000, 0x00000007a8000000, 0x00000007a8000000)
  eden space 87424K, 100% used [0x00000007a0000000, 0x00000007a5560000, 0x00000007a5560000)
  from space 21824K,  92% used [0x00000007a6ab0000, 0x00000007a7e678a0, 0x00000007a8000000)
  to   space 21824K,   0% used [0x00000007a5560000, 0x00000007a5560000, 0x00000007a6ab0000)
 concurrent mark-sweep generation total 393216K, used 161478K [0x00000007a8000000, 0x00000007c0000000, 0x00000007c0000000)
 Metaspace       used 29257K, capacity 29662K, committed 30076K, reserved 1075200K
  class space    used 3521K, capacity 3624K, committed 3708K, reserved 1048576K
2016-07-13T15:07:49.635-0530: 59.898: [GC (Allocation Failure) 59.899: [ParNew
Desired survivor size 20112992 bytes, new threshold 4 (max 8)
- age   1:    8004448 bytes,    8004448 total
- age   3:        160 bytes,    8004608 total
- age   4:   14342760 bytes,   22347368 total
: 107614K->21824K(109248K), 0.0278023 secs] 269092K->184829K(502464K), 0.0278675 secs] [Times: user=0.10 sys=0.00, real=0.03 secs] 
Heap after GC invocations=16 (full 3):
 par new generation   total 109248K, used 21824K [0x00000007a0000000, 0x00000007a8000000, 0x00000007a8000000)
  eden space 87424K,   0% used [0x00000007a0000000, 0x00000007a0000000, 0x00000007a5560000)
  from space 21824K, 100% used [0x00000007a5560000, 0x00000007a6ab0000, 0x00000007a6ab0000)
  to   space 21824K,   0% used [0x00000007a6ab0000, 0x00000007a6ab0000, 0x00000007a8000000)
 concurrent mark-sweep generation total 393216K, used 163005K [0x00000007a8000000, 0x00000007c0000000, 0x00000007c0000000)
 Metaspace       used 29257K, capacity 29662K, committed 30076K, reserved 1075200K
  class space    used 3521K, capacity 3624K, committed 3708K, reserved 1048576K
}
2016-07-13T15:07:49.663-0530: 59.926: Total time for which application threads were stopped: 0.0280417 seconds
2016-07-13T15:07:50.664-0530: 60.927: Total time for which application threads were stopped: 0.0002053 seconds
{Heap before GC invocations=16 (full 3):
 par new generation   total 109248K, used 109248K [0x00000007a0000000, 0x00000007a8000000, 0x00000007a8000000)
  eden space 87424K, 100% used [0x00000007a0000000, 0x00000007a5560000, 0x00000007a5560000)
  from space 21824K, 100% used [0x00000007a5560000, 0x00000007a6ab0000, 0x00000007a6ab0000)
  to   space 21824K,   0% used [0x00000007a6ab0000, 0x00000007a6ab0000, 0x00000007a8000000)
 concurrent mark-sweep generation total 393216K, used 163005K [0x00000007a8000000, 0x00000007c0000000, 0x00000007c0000000)
 Metaspace       used 29274K, capacity 29662K, committed 30076K, reserved 1075200K
  class space    used 3523K, capacity 3624K, committed 3708K, reserved 1048576K
2016-07-13T15:07:51.248-0530: 61.512: [GC (Allocation Failure) 61.512: [ParNew
Desired survivor size 20112992 bytes, new threshold 8 (max 8)
- age   1:   17649792 bytes,   17649792 total
- age   2:       1672 bytes,   17651464 total
- age   4:        160 bytes,   17651624 total
: 109248K->21824K(109248K), 0.0289288 secs] 272253K->198231K(502464K), 0.0290039 secs] [Times: user=0.09 sys=0.00, real=0.03 secs] 
Heap after GC invocations=17 (full 3):
 par new generation   total 109248K, used 21824K [0x00000007a0000000, 0x00000007a8000000, 0x00000007a8000000)
  eden space 87424K,   0% used [0x00000007a0000000, 0x00000007a0000000, 0x00000007a5560000)
  from space 21824K, 100% used [0x00000007a6ab0000, 0x00000007a8000000, 0x00000007a8000000)
  to   space 21824K,   0% used [0x00000007a5560000, 0x00000007a5560000, 0x00000007a6ab0000)
 concurrent mark-sweep generation total 393216K, used 176407K [0x00000007a8000000, 0x00000007c0000000, 0x00000007c0000000)
 Metaspace       used 29274K, capacity 29662K, committed 30076K, reserved 1075200K
  class space    used 3523K, capacity 3624K, committed 3708K, reserved 1048576K
}
2016-07-13T15:07:51.277-0530: 61.541: Total time for which application threads were stopped: 0.0292407 seconds
2016-07-13T15:07:52.283-0530: 62.547: Total time for which application threads were stopped: 0.0044095 seconds
2016-07-13T15:07:54.323-0530: 64.587: Total time for which application threads were stopped: 0.0105213 seconds
2016-07-13T15:07:54.338-0530: 64.602: Total time for which application threads were stopped: 0.0155382 seconds
2016-07-13T15:07:54.363-0530: 64.627: Total time for which application threads were stopped: 0.0247170 seconds
2016-07-13T15:07:54.387-0530: 64.651: Total time for which application threads were stopped: 0.0225761 seconds
2016-07-13T15:07:54.406-0530: 64.670: Total time for which application threads were stopped: 0.0176933 seconds
2016-07-13T15:07:54.423-0530: 64.687: Total time for which application threads were stopped: 0.0161719 seconds
2016-07-13T15:07:54.431-0530: 64.695: Total time for which application threads were stopped: 0.0037152 seconds
2016-07-13T15:07:54.442-0530: 64.706: Total time for which application threads were stopped: 0.0116278 seconds
2016-07-13T15:07:54.451-0530: 64.715: Total time for which application threads were stopped: 0.0007285 seconds
2016-07-13T15:07:54.451-0530: 64.715: Total time for which application threads were stopped: 0.0001371 seconds
2016-07-13T15:07:54.452-0530: 64.716: Total time for which application threads were stopped: 0.0004178 seconds
2016-07-13T15:07:54.463-0530: 64.727: Total time for which application threads were stopped: 0.0102212 seconds
2016-07-13T15:07:54.465-0530: 64.729: Total time for which application threads were stopped: 0.0020970 seconds
2016-07-13T15:07:54.473-0530: 64.737: Total time for which application threads were stopped: 0.0065609 seconds
2016-07-13T15:07:54.480-0530: 64.744: Total time for which application threads were stopped: 0.0074758 seconds
2016-07-13T15:07:54.487-0530: 64.751: Total time for which application threads were stopped: 0.0066042 seconds
2016-07-13T15:07:54.498-0530: 64.762: Total time for which application threads were stopped: 0.0101141 seconds
2016-07-13T15:07:54.505-0530: 64.769: Total time for which application threads were stopped: 0.0067900 seconds
2016-07-13T15:07:54.512-0530: 64.776: Total time for which application threads were stopped: 0.0071412 seconds
2016-07-13T15:07:54.519-0530: 64.783: Total time for which application threads were stopped: 0.0068459 seconds
2016-07-13T15:07:54.526-0530: 64.791: Total time for which application threads were stopped: 0.0065766 seconds
2016-07-13T15:07:54.534-0530: 64.798: Total time for which application threads were stopped: 0.0066059 seconds
2016-07-13T15:07:54.535-0530: 64.800: Total time for which application threads were stopped: 0.0005338 seconds
2016-07-13T15:07:54.536-0530: 64.800: Total time for which application threads were stopped: 0.0001149 seconds
2016-07-13T15:07:54.538-0530: 64.802: Total time for which application threads were stopped: 0.0010195 seconds
2016-07-13T15:07:54.539-0530: 64.803: Total time for which application threads were stopped: 0.0002296 seconds
2016-07-13T15:07:54.558-0530: 64.822: Total time for which application threads were stopped: 0.0188416 seconds
2016-07-13T15:07:54.574-0530: 64.838: Total time for which application threads were stopped: 0.0156931 seconds
2016-07-13T15:07:54.588-0530: 64.852: Total time for which application threads were stopped: 0.0139603 seconds
2016-07-13T15:07:54.625-0530: 64.889: Total time for which application threads were stopped: 0.0138707 seconds
2016-07-13T15:07:54.638-0530: 64.902: Total time for which application threads were stopped: 0.0136334 seconds
2016-07-13T15:07:54.652-0530: 64.916: Total time for which application threads were stopped: 0.0130329 seconds
2016-07-13T15:07:54.671-0530: 64.935: Total time for which application threads were stopped: 0.0190522 seconds
2016-07-13T15:07:54.687-0530: 64.951: Total time for which application threads were stopped: 0.0149412 seconds
2016-07-13T15:07:54.700-0530: 64.965: Total time for which application threads were stopped: 0.0137507 seconds
2016-07-13T15:07:54.716-0530: 64.980: Total time for which application threads were stopped: 0.0151563 seconds
2016-07-13T15:07:54.721-0530: 64.985: Total time for which application threads were stopped: 0.0039224 seconds
2016-07-13T15:07:54.734-0530: 64.998: Total time for which application threads were stopped: 0.0125088 seconds
{Heap before GC invocations=17 (full 3):
 par new generation   total 109248K, used 109248K [0x00000007a0000000, 0x00000007a8000000, 0x00000007a8000000)
  eden space 87424K, 100% used [0x00000007a0000000, 0x00000007a5560000, 0x00000007a5560000)
  from space 21824K, 100% used [0x00000007a6ab0000, 0x00000007a8000000, 0x00000007a8000000)
  to   space 21824K,   0% used [0x00000007a5560000, 0x00000007a5560000, 0x00000007a6ab0000)
 concurrent mark-sweep generation total 393216K, used 176407K [0x00000007a8000000, 0x00000007c0000000, 0x00000007c0000000)
 Metaspace       used 29542K, capacity 29886K, committed 30076K, reserved 1075200K
  class space    used 3567K, capacity 3656K, committed 3708K, reserved 1048576K
2016-07-13T15:07:54.914-0530: 65.178: [GC (Allocation Failure) 65.178: [ParNew
Desired survivor size 20112992 bytes, new threshold 1 (max 8)
- age   1:   22290112 bytes,   22290112 total
- age   2:       1024 bytes,   22291136 total
- age   3:       1672 bytes,   22292808 total
: 109248K->21824K(109248K), 0.0296304 secs] 285655K->227157K(502464K), 0.0297101 secs] [Times: user=0.08 sys=0.01, real=0.03 secs] 
Heap after GC invocations=18 (full 3):
 par new generation   total 109248K, used 21824K [0x00000007a0000000, 0x00000007a8000000, 0x00000007a8000000)
  eden space 87424K,   0% used [0x00000007a0000000, 0x00000007a0000000, 0x00000007a5560000)
  from space 21824K, 100% used [0x00000007a5560000, 0x00000007a6ab0000, 0x00000007a6ab0000)
  to   space 21824K,   0% used [0x00000007a6ab0000, 0x00000007a6ab0000, 0x00000007a8000000)
 concurrent mark-sweep generation total 393216K, used 205333K [0x00000007a8000000, 0x00000007c0000000, 0x00000007c0000000)
 Metaspace       used 29542K, capacity 29886K, committed 30076K, reserved 1075200K
  class space    used 3567K, capacity 3656K, committed 3708K, reserved 1048576K
}
2016-07-13T15:07:54.944-0530: 65.208: Total time for which application threads were stopped: 0.0338321 seconds
2016-07-13T15:07:54.945-0530: 65.209: [GC (CMS Initial Mark) [1 CMS-initial-mark: 205333K(393216K)] 227169K(502464K), 0.0019432 secs] [Times: user=0.01 sys=0.00, real=0.00 secs] 
2016-07-13T15:07:54.947-0530: 65.211: Total time for which application threads were stopped: 0.0027565 seconds
2016-07-13T15:07:54.947-0530: 65.211: [CMS-concurrent-mark-start]
{Heap before GC invocations=18 (full 4):
 par new generation   total 109248K, used 109248K [0x00000007a0000000, 0x00000007a8000000, 0x00000007a8000000)
  eden space 87424K, 100% used [0x00000007a0000000, 0x00000007a5560000, 0x00000007a5560000)
  from space 21824K, 100% used [0x00000007a5560000, 0x00000007a6ab0000, 0x00000007a6ab0000)
  to   space 21824K,   0% used [0x00000007a6ab0000, 0x00000007a6ab0000, 0x00000007a8000000)
 concurrent mark-sweep generation total 393216K, used 205333K [0x00000007a8000000, 0x00000007c0000000, 0x00000007c0000000)
 Metaspace       used 29542K, capacity 29886K, committed 30076K, reserved 1075200K
  class space    used 3567K, capacity 3656K, committed 3708K, reserved 1048576K
2016-07-13T15:07:55.062-0530: 65.326: [GC (Allocation Failure) 65.326: [ParNew
Desired survivor size 20112992 bytes, new threshold 8 (max 8)
- age   1:   17350096 bytes,   17350096 total
: 109248K->21824K(109248K), 0.0170258 secs] 314581K->248930K(502464K), 0.0171287 secs] [Times: user=0.03 sys=0.01, real=0.01 secs] 
Heap after GC invocations=19 (full 4):
 par new generation   total 109248K, used 21824K [0x00000007a0000000, 0x00000007a8000000, 0x00000007a8000000)
  eden space 87424K,   0% used [0x00000007a0000000, 0x00000007a0000000, 0x00000007a5560000)
  from space 21824K, 100% used [0x00000007a6ab0000, 0x00000007a8000000, 0x00000007a8000000)
  to   space 21824K,   0% used [0x00000007a5560000, 0x00000007a5560000, 0x00000007a6ab0000)
 concurrent mark-sweep generation total 393216K, used 227106K [0x00000007a8000000, 0x00000007c0000000, 0x00000007c0000000)
 Metaspace       used 29542K, capacity 29886K, committed 30076K, reserved 1075200K
  class space    used 3567K, capacity 3656K, committed 3708K, reserved 1048576K
}
2016-07-13T15:07:55.079-0530: 65.343: Total time for which application threads were stopped: 0.0247089 seconds
2016-07-13T15:07:55.099-0530: 65.364: Total time for which application threads were stopped: 0.0102016 seconds
2016-07-13T15:07:55.119-0530: 65.383: Total time for which application threads were stopped: 0.0195026 seconds
2016-07-13T15:07:55.134-0530: 65.398: Total time for which application threads were stopped: 0.0146803 seconds
2016-07-13T15:07:55.148-0530: 65.412: Total time for which application threads were stopped: 0.0137933 seconds
2016-07-13T15:07:55.163-0530: 65.427: Total time for which application threads were stopped: 0.0143782 seconds
2016-07-13T15:07:55.181-0530: 65.445: Total time for which application threads were stopped: 0.0182917 seconds
2016-07-13T15:07:55.197-0530: 65.461: Total time for which application threads were stopped: 0.0153974 seconds
2016-07-13T15:07:55.212-0530: 65.476: Total time for which application threads were stopped: 0.0148306 seconds
2016-07-13T15:07:55.226-0530: 65.490: Total time for which application threads were stopped: 0.0129983 seconds
2016-07-13T15:07:55.233-0530: 65.497: Total time for which application threads were stopped: 0.0067656 seconds
2016-07-13T15:07:55.247-0530: 65.511: Total time for which application threads were stopped: 0.0143381 seconds
2016-07-13T15:07:55.272-0530: 65.536: Total time for which application threads were stopped: 0.0149565 seconds
2016-07-13T15:07:55.276-0530: 65.540: Total time for which application threads were stopped: 0.0041230 seconds
2016-07-13T15:07:55.289-0530: 65.553: Total time for which application threads were stopped: 0.0115022 seconds
2016-07-13T15:07:55.302-0530: 65.566: Total time for which application threads were stopped: 0.0126666 seconds
2016-07-13T15:07:55.315-0530: 65.579: Total time for which application threads were stopped: 0.0124000 seconds
2016-07-13T15:07:55.324-0530: 65.588: Total time for which application threads were stopped: 0.0091840 seconds
2016-07-13T15:07:55.332-0530: 65.596: Total time for which application threads were stopped: 0.0074190 seconds
2016-07-13T15:07:55.332-0530: 65.596: Total time for which application threads were stopped: 0.0001038 seconds
2016-07-13T15:07:55.332-0530: 65.596: Total time for which application threads were stopped: 0.0000885 seconds
2016-07-13T15:07:55.332-0530: 65.596: Total time for which application threads were stopped: 0.0000883 seconds
2016-07-13T15:07:55.332-0530: 65.596: Total time for which application threads were stopped: 0.0001969 seconds
2016-07-13T15:07:55.344-0530: 65.608: [CMS-concurrent-mark: 0.143/0.397 secs] [Times: user=1.08 sys=0.05, real=0.40 secs] 
2016-07-13T15:07:55.344-0530: 65.608: [CMS-concurrent-preclean-start]
2016-07-13T15:07:55.352-0530: 65.616: [CMS-concurrent-preclean: 0.007/0.008 secs] [Times: user=0.02 sys=0.00, real=0.01 secs] 
2016-07-13T15:07:55.352-0530: 65.616: [CMS-concurrent-abortable-preclean-start]
{Heap before GC invocations=19 (full 4):
 par new generation   total 109248K, used 104789K [0x00000007a0000000, 0x00000007a8000000, 0x00000007a8000000)
  eden space 87424K,  94% used [0x00000007a0000000, 0x00000007a5105748, 0x00000007a5560000)
  from space 21824K, 100% used [0x00000007a6ab0000, 0x00000007a8000000, 0x00000007a8000000)
  to   space 21824K,   0% used [0x00000007a5560000, 0x00000007a5560000, 0x00000007a6ab0000)
 concurrent mark-sweep generation total 393216K, used 227106K [0x00000007a8000000, 0x00000007c0000000, 0x00000007c0000000)
 Metaspace       used 29552K, capacity 29886K, committed 30076K, reserved 1075200K
  class space    used 3567K, capacity 3656K, committed 3708K, reserved 1048576K
2016-07-13T15:07:55.634-0530: 65.898: [GC (Allocation Failure) 65.898: [ParNew
Desired survivor size 20112992 bytes, new threshold 2 (max 8)
- age   1:    8904280 bytes,    8904280 total
- age   2:   11893304 bytes,   20797584 total
: 104789K->21824K(109248K), 0.0225526 secs] 331896K->270830K(502464K), 0.0226311 secs] [Times: user=0.08 sys=0.00, real=0.02 secs] 
Heap after GC invocations=20 (full 4):
 par new generation   total 109248K, used 21824K [0x00000007a0000000, 0x00000007a8000000, 0x00000007a8000000)
  eden space 87424K,   0% used [0x00000007a0000000, 0x00000007a0000000, 0x00000007a5560000)
  from space 21824K, 100% used [0x00000007a5560000, 0x00000007a6ab0000, 0x00000007a6ab0000)
  to   space 21824K,   0% used [0x00000007a6ab0000, 0x00000007a6ab0000, 0x00000007a8000000)
 concurrent mark-sweep generation total 393216K, used 249006K [0x00000007a8000000, 0x00000007c0000000, 0x00000007c0000000)
 Metaspace       used 29552K, capacity 29886K, committed 30076K, reserved 1075200K
  class space    used 3567K, capacity 3656K, committed 3708K, reserved 1048576K
}
2016-07-13T15:07:55.657-0530: 65.921: Total time for which application threads were stopped: 0.0323543 seconds
{Heap before GC invocations=20 (full 4):
 par new generation   total 109248K, used 63221K [0x00000007a0000000, 0x00000007a8000000, 0x00000007a8000000)
  eden space 87424K,  47% used [0x00000007a0000000, 0x00000007a286d5a8, 0x00000007a5560000)
  from space 21824K, 100% used [0x00000007a5560000, 0x00000007a6ab0000, 0x00000007a6ab0000)
  to   space 21824K,   0% used [0x00000007a6ab0000, 0x00000007a6ab0000, 0x00000007a8000000)
 concurrent mark-sweep generation total 393216K, used 249006K [0x00000007a8000000, 0x00000007c0000000, 0x00000007c0000000)
 Metaspace       used 29576K, capacity 29886K, committed 30076K, reserved 1075200K
  class space    used 3568K, capacity 3656K, committed 3708K, reserved 1048576K
2016-07-13T15:07:56.285-0530: 66.549: [GC (Allocation Failure) 66.549: [ParNew
Desired survivor size 20112992 bytes, new threshold 8 (max 8)
- age   1:   11548504 bytes,   11548504 total
- age   2:    2103536 bytes,   13652040 total
: 63221K->21824K(109248K), 0.0381038 secs] 312227K->303622K(502464K), 0.0381665 secs] [Times: user=0.12 sys=0.01, real=0.04 secs] 
Heap after GC invocations=21 (full 4):
 par new generation   total 109248K, used 21824K [0x00000007a0000000, 0x00000007a8000000, 0x00000007a8000000)
  eden space 87424K,   0% used [0x00000007a0000000, 0x00000007a0000000, 0x00000007a5560000)
  from space 21824K, 100% used [0x00000007a6ab0000, 0x00000007a8000000, 0x00000007a8000000)
  to   space 21824K,   0% used [0x00000007a5560000, 0x00000007a5560000, 0x00000007a6ab0000)
 concurrent mark-sweep generation total 393216K, used 281798K [0x00000007a8000000, 0x00000007c0000000, 0x00000007c0000000)
 Metaspace       used 29576K, capacity 29886K, committed 30076K, reserved 1075200K
  class space    used 3568K, capacity 3656K, committed 3708K, reserved 1048576K
}
2016-07-13T15:07:56.323-0530: 66.587: Total time for which application threads were stopped: 0.0384079 seconds
2016-07-13T15:07:56.341-0530: 66.606: [CMS-concurrent-abortable-preclean: 0.270/0.989 secs] [Times: user=2.42 sys=0.04, real=0.99 secs] 
2016-07-13T15:07:56.342-0530: 66.606: [GC (CMS Final Remark) [YG occupancy: 74457 K (109248 K)]{Heap before GC invocations=21 (full 4):
 par new generation   total 109248K, used 74457K [0x00000007a0000000, 0x00000007a8000000, 0x00000007a8000000)
  eden space 87424K,  60% used [0x00000007a0000000, 0x00000007a3366700, 0x00000007a5560000)
  from space 21824K, 100% used [0x00000007a6ab0000, 0x00000007a8000000, 0x00000007a8000000)
  to   space 21824K,   0% used [0x00000007a5560000, 0x00000007a5560000, 0x00000007a6ab0000)
 concurrent mark-sweep generation total 393216K, used 281798K [0x00000007a8000000, 0x00000007c0000000, 0x00000007c0000000)
 Metaspace       used 29579K, capacity 29886K, committed 30076K, reserved 1075200K
  class space    used 3568K, capacity 3656K, committed 3708K, reserved 1048576K
2016-07-13T15:07:56.342-0530: 66.606: [GC (CMS Final Remark) 66.606: [ParNew
Desired survivor size 20112992 bytes, new threshold 8 (max 8)
- age   2:   11542360 bytes,   11542360 total
- age   3:    2103512 bytes,   13645872 total
: 74457K->14661K(109248K), 0.0752027 secs] 356255K->349093K(502464K), 0.0752722 secs] [Times: user=0.19 sys=0.02, real=0.07 secs] 
Heap after GC invocations=22 (full 4):
 par new generation   total 109248K, used 14661K [0x00000007a0000000, 0x00000007a8000000, 0x00000007a8000000)
  eden space 87424K,   0% used [0x00000007a0000000, 0x00000007a0000000, 0x00000007a5560000)
  from space 21824K,  67% used [0x00000007a5560000, 0x00000007a63b1770, 0x00000007a6ab0000)
  to   space 21824K,   0% used [0x00000007a6ab0000, 0x00000007a6ab0000, 0x00000007a8000000)
 concurrent mark-sweep generation total 393216K, used 334431K [0x00000007a8000000, 0x00000007c0000000, 0x00000007c0000000)
 Metaspace       used 29579K, capacity 29886K, committed 30076K, reserved 1075200K
  class space    used 3568K, capacity 3656K, committed 3708K, reserved 1048576K
}
66.681: [Rescan (parallel) , 0.0048013 secs]66.686: [weak refs processing, 0.0008455 secs]66.687: [class unloading, 0.0115244 secs]66.698: [scrub symbol table, 0.0044520 secs]66.703: [scrub string table, 0.0006272 secs][1 CMS-remark: 334431K(393216K)] 349093K(502464K), 0.1005451 secs] [Times: user=0.23 sys=0.02, real=0.10 secs] 
2016-07-13T15:07:56.442-0530: 66.706: Total time for which application threads were stopped: 0.1007791 seconds
2016-07-13T15:07:56.442-0530: 66.707: [CMS-concurrent-sweep-start]
2016-07-13T15:07:56.552-0530: 66.816: [CMS-concurrent-sweep: 0.109/0.109 secs] [Times: user=0.35 sys=0.00, real=0.11 secs] 
2016-07-13T15:07:56.553-0530: 66.817: [CMS-concurrent-reset-start]
2016-07-13T15:07:56.554-0530: 66.818: [CMS-concurrent-reset: 0.000/0.000 secs] [Times: user=0.00 sys=0.00, real=0.00 secs] 
2016-07-13T15:07:57.404-0530: 67.669: Total time for which application threads were stopped: 0.0001812 seconds
{Heap before GC invocations=22 (full 4):
 par new generation   total 109248K, used 102085K [0x00000007a0000000, 0x00000007a8000000, 0x00000007a8000000)
  eden space 87424K, 100% used [0x00000007a0000000, 0x00000007a5560000, 0x00000007a5560000)
  from space 21824K,  67% used [0x00000007a5560000, 0x00000007a63b1770, 0x00000007a6ab0000)
  to   space 21824K,   0% used [0x00000007a6ab0000, 0x00000007a6ab0000, 0x00000007a8000000)
 concurrent mark-sweep generation total 393216K, used 329217K [0x00000007a8000000, 0x00000007c0000000, 0x00000007c0000000)
 Metaspace       used 29586K, capacity 29950K, committed 30332K, reserved 1075200K
  class space    used 3568K, capacity 3656K, committed 3708K, reserved 1048576K
2016-07-13T15:07:58.174-0530: 68.439: [GC (Allocation Failure) 68.439: [ParNew
Desired survivor size 20112992 bytes, new threshold 3 (max 8)
- age   1:   18951904 bytes,   18951904 total
- age   3:    1364368 bytes,   20316272 total
- age   4:    1784824 bytes,   22101096 total
: 102085K->21824K(109248K), 0.0370868 secs] 431303K->372648K(502464K), 0.0371479 secs] [Times: user=0.13 sys=0.01, real=0.04 secs] 
Heap after GC invocations=23 (full 4):
 par new generation   total 109248K, used 21824K [0x00000007a0000000, 0x00000007a8000000, 0x00000007a8000000)
  eden space 87424K,   0% used [0x00000007a0000000, 0x00000007a0000000, 0x00000007a5560000)
  from space 21824K, 100% used [0x00000007a6ab0000, 0x00000007a8000000, 0x00000007a8000000)
  to   space 21824K,   0% used [0x00000007a5560000, 0x00000007a5560000, 0x00000007a6ab0000)
 concurrent mark-sweep generation total 393216K, used 350824K [0x00000007a8000000, 0x00000007c0000000, 0x00000007c0000000)
 Metaspace       used 29586K, capacity 29950K, committed 30332K, reserved 1075200K
  class space    used 3568K, capacity 3656K, committed 3708K, reserved 1048576K
}
2016-07-13T15:07:58.212-0530: 68.476: Total time for which application threads were stopped: 0.0374057 seconds
2016-07-13T15:07:58.212-0530: 68.476: [GC (CMS Initial Mark) [1 CMS-initial-mark: 350824K(393216K)] 374148K(502464K), 0.0026980 secs] [Times: user=0.01 sys=0.00, real=0.00 secs] 
2016-07-13T15:07:58.215-0530: 68.479: Total time for which application threads were stopped: 0.0029002 seconds
2016-07-13T15:07:58.215-0530: 68.479: [CMS-concurrent-mark-start]
2016-07-13T15:07:58.326-0530: 68.590: [CMS-concurrent-mark: 0.111/0.111 secs] [Times: user=0.38 sys=0.01, real=0.11 secs] 
2016-07-13T15:07:58.326-0530: 68.590: [CMS-concurrent-preclean-start]
2016-07-13T15:07:58.328-0530: 68.592: [CMS-concurrent-preclean: 0.002/0.002 secs] [Times: user=0.00 sys=0.00, real=0.00 secs] 
2016-07-13T15:07:58.328-0530: 68.592: [CMS-concurrent-abortable-preclean-start]
{Heap before GC invocations=23 (full 5):
 par new generation   total 109248K, used 109248K [0x00000007a0000000, 0x00000007a8000000, 0x00000007a8000000)
  eden space 87424K, 100% used [0x00000007a0000000, 0x00000007a5560000, 0x00000007a5560000)
  from space 21824K, 100% used [0x00000007a6ab0000, 0x00000007a8000000, 0x00000007a8000000)
  to   space 21824K,   0% used [0x00000007a5560000, 0x00000007a5560000, 0x00000007a6ab0000)
 concurrent mark-sweep generation total 393216K, used 350824K [0x00000007a8000000, 0x00000007c0000000, 0x00000007c0000000)
 Metaspace       used 29586K, capacity 29950K, committed 30332K, reserved 1075200K
  class space    used 3568K, capacity 3656K, committed 3708K, reserved 1048576K
2016-07-13T15:07:58.524-0530: 68.788: [GC (Allocation Failure) 68.788: [ParNew (promotion failed): 109248K->109248K(109248K), 6.4562896 secs]75.244: [CMS CMS: abort preclean due to time 2016-07-13T15:08:05.027-0530: 75.292: [CMS-concurrent-abortable-preclean: 0.142/6.700 secs] [Times: user=6.94 sys=2.67, real=6.70 secs] 
 (concurrent mode failure): 388586K->393215K(393216K), 0.5676491 secs] 460072K->418089K(502464K), [Metaspace: 29586K->29586K(1075200K)], 7.0240521 secs] [Times: user=6.97 sys=2.68, real=7.02 secs] 
Heap after GC invocations=24 (full 6):
 par new generation   total 109248K, used 24873K [0x00000007a0000000, 0x00000007a8000000, 0x00000007a8000000)
  eden space 87424K,  28% used [0x00000007a0000000, 0x00000007a184a5f0, 0x00000007a5560000)
  from space 21824K,   0% used [0x00000007a5560000, 0x00000007a5560000, 0x00000007a6ab0000)
  to   space 21824K,   0% used [0x00000007a6ab0000, 0x00000007a6ab0000, 0x00000007a8000000)
 concurrent mark-sweep generation total 393216K, used 393215K [0x00000007a8000000, 0x00000007c0000000, 0x00000007c0000000)
 Metaspace       used 29586K, capacity 29950K, committed 30332K, reserved 1075200K
  class space    used 3568K, capacity 3656K, committed 3708K, reserved 1048576K
}
2016-07-13T15:08:05.547-0530: 75.812: Total time for which application threads were stopped: 7.0243101 seconds
{Heap before GC invocations=24 (full 6):
 par new generation   total 109248K, used 109198K [0x00000007a0000000, 0x00000007a8000000, 0x00000007a8000000)
  eden space 87424K, 100% used [0x00000007a0000000, 0x00000007a5560000, 0x00000007a5560000)
  from space 21824K,  99% used [0x00000007a5560000, 0x00000007a6aa3aa0, 0x00000007a6ab0000)
  to   space 21824K,   0% used [0x00000007a6ab0000, 0x00000007a6ab0000, 0x00000007a8000000)
 concurrent mark-sweep generation total 393216K, used 393215K [0x00000007a8000000, 0x00000007c0000000, 0x00000007c0000000)
 Metaspace       used 29586K, capacity 29950K, committed 30332K, reserved 1075200K
  class space    used 3568K, capacity 3656K, committed 3708K, reserved 1048576K
2016-07-13T15:08:05.776-0530: 76.040: [Full GC (Allocation Failure) 76.040: [CMS: 393215K->393118K(393216K), 0.6376199 secs] 502414K->476794K(502464K), [Metaspace: 29586K->29586K(1075200K)], 0.6377428 secs] [Times: user=0.58 sys=0.00, real=0.64 secs] 
Heap after GC invocations=25 (full 7):
 par new generation   total 109248K, used 83675K [0x00000007a0000000, 0x00000007a8000000, 0x00000007a8000000)
  eden space 87424K,  95% used [0x00000007a0000000, 0x00000007a51b6fb0, 0x00000007a5560000)
  from space 21824K,   0% used [0x00000007a5560000, 0x00000007a5560000, 0x00000007a6ab0000)
  to   space 21824K,   0% used [0x00000007a6ab0000, 0x00000007a6ab0000, 0x00000007a8000000)
 concurrent mark-sweep generation total 393216K, used 393118K [0x00000007a8000000, 0x00000007c0000000, 0x00000007c0000000)
 Metaspace       used 29586K, capacity 29950K, committed 30332K, reserved 1075200K
  class space    used 3568K, capacity 3656K, committed 3708K, reserved 1048576K
}
2016-07-13T15:08:06.413-0530: 76.678: Total time for which application threads were stopped: 0.6380371 seconds
2016-07-13T15:08:06.414-0530: 76.679: [GC (CMS Initial Mark) [1 CMS-initial-mark: 393118K(393216K)] 476922K(502464K), 0.0447657 secs] [Times: user=0.04 sys=0.01, real=0.04 secs] 
2016-07-13T15:08:06.459-0530: 76.723: Total time for which application threads were stopped: 0.0450785 seconds
2016-07-13T15:08:06.459-0530: 76.724: [CMS-concurrent-mark-start]
2016-07-13T15:08:06.654-0530: 76.919: [CMS-concurrent-mark: 0.195/0.195 secs] [Times: user=0.71 sys=0.00, real=0.20 secs] 
2016-07-13T15:08:06.654-0530: 76.919: [CMS-concurrent-preclean-start]
2016-07-13T15:08:06.852-0530: 77.117: [CMS-concurrent-preclean: 0.198/0.198 secs] [Times: user=0.55 sys=0.00, real=0.20 secs] 
2016-07-13T15:08:06.852-0530: 77.117: [CMS-concurrent-abortable-preclean-start]
2016-07-13T15:08:06.852-0530: 77.117: [CMS-concurrent-abortable-preclean: 0.000/0.000 secs] [Times: user=0.00 sys=0.00, real=0.00 secs] 
2016-07-13T15:08:06.852-0530: 77.117: [GC (CMS Final Remark) [YG occupancy: 85679 K (109248 K)]{Heap before GC invocations=25 (full 8):
 par new generation   total 109248K, used 85679K [0x00000007a0000000, 0x00000007a8000000, 0x00000007a8000000)
  eden space 87424K,  98% used [0x00000007a0000000, 0x00000007a53abc60, 0x00000007a5560000)
  from space 21824K,   0% used [0x00000007a5560000, 0x00000007a5560000, 0x00000007a6ab0000)
  to   space 21824K,   0% used [0x00000007a6ab0000, 0x00000007a6ab0000, 0x00000007a8000000)
 concurrent mark-sweep generation total 393216K, used 393118K [0x00000007a8000000, 0x00000007c0000000, 0x00000007c0000000)
 Metaspace       used 29586K, capacity 29950K, committed 30332K, reserved 1075200K
  class space    used 3568K, capacity 3656K, committed 3708K, reserved 1048576K
2016-07-13T15:08:06.852-0530: 77.117: [GC (CMS Final Remark) 77.117: [ParNew: 85679K->85679K(109248K), 0.0000179 secs] 478798K->478798K(502464K), 0.0000503 secs] [Times: user=0.00 sys=0.00, real=0.00 secs] 
Heap after GC invocations=26 (full 8):
 par new generation   total 109248K, used 85679K [0x00000007a0000000, 0x00000007a8000000, 0x00000007a8000000)
  eden space 87424K,  98% used [0x00000007a0000000, 0x00000007a53abc60, 0x00000007a5560000)
  from space 21824K,   0% used [0x00000007a5560000, 0x00000007a5560000, 0x00000007a6ab0000)
  to   space 21824K,   0% used [0x00000007a6ab0000, 0x00000007a6ab0000, 0x00000007a8000000)
 concurrent mark-sweep generation total 393216K, used 393118K [0x00000007a8000000, 0x00000007c0000000, 0x00000007c0000000)
 Metaspace       used 29586K, capacity 29950K, committed 30332K, reserved 1075200K
  class space    used 3568K, capacity 3656K, committed 3708K, reserved 1048576K
}
77.117: [Rescan (parallel) , 0.0490714 secs]77.166: [weak refs processing, 0.0007353 secs]77.167: [class unloading, 0.0109348 secs]77.178: [scrub symbol table, 0.0057659 secs]77.184: [scrub string table, 0.0005727 secs][1 CMS-remark: 393118K(393216K)] 478798K(502464K), 0.0700711 secs] [Times: user=0.20 sys=0.00, real=0.07 secs] 
2016-07-13T15:08:06.922-0530: 77.187: Total time for which application threads were stopped: 0.0702966 seconds
2016-07-13T15:08:06.922-0530: 77.187: [CMS-concurrent-sweep-start]
2016-07-13T15:08:07.005-0530: 77.270: [CMS-concurrent-sweep: 0.083/0.083 secs] [Times: user=0.24 sys=0.01, real=0.08 secs] 
2016-07-13T15:08:07.006-0530: 77.271: [CMS-concurrent-reset-start]
2016-07-13T15:08:07.006-0530: 77.271: [CMS-concurrent-reset: 0.000/0.000 secs] [Times: user=0.00 sys=0.00, real=0.00 secs] 
{Heap before GC invocations=26 (full 8):
 par new generation   total 109248K, used 109247K [0x00000007a0000000, 0x00000007a8000000, 0x00000007a8000000)
  eden space 87424K, 100% used [0x00000007a0000000, 0x00000007a5560000, 0x00000007a5560000)
  from space 21824K,  99% used [0x00000007a5560000, 0x00000007a6aafff8, 0x00000007a6ab0000)
  to   space 21824K,   0% used [0x00000007a6ab0000, 0x00000007a6ab0000, 0x00000007a8000000)
 concurrent mark-sweep generation total 393216K, used 393118K [0x00000007a8000000, 0x00000007c0000000, 0x00000007c0000000)
 Metaspace       used 29586K, capacity 29950K, committed 30332K, reserved 1075200K
  class space    used 3568K, capacity 3656K, committed 3708K, reserved 1048576K
2016-07-13T15:08:07.628-0530: 77.892: [GC (Allocation Failure) 77.892: [ParNew: 109247K->109247K(109248K), 0.0000191 secs]77.893: [CMS: 393118K->392557K(393216K), 0.6308516 secs] 502366K->489009K(502464K), [Metaspace: 29586K->29586K(1075200K)], 0.6309915 secs] [Times: user=0.62 sys=0.00, real=0.63 secs] 
Heap after GC invocations=27 (full 9):
 par new generation   total 109248K, used 96451K [0x00000007a0000000, 0x00000007a8000000, 0x00000007a8000000)
  eden space 87424K,  99% used [0x00000007a0000000, 0x00000007a555fe50, 0x00000007a5560000)
  from space 21824K,  41% used [0x00000007a5560000, 0x00000007a5e31180, 0x00000007a6ab0000)
  to   space 21824K,   0% used [0x00000007a6ab0000, 0x00000007a6ab0000, 0x00000007a8000000)
 concurrent mark-sweep generation total 393216K, used 392557K [0x00000007a8000000, 0x00000007c0000000, 0x00000007c0000000)
 Metaspace       used 29562K, capacity 29908K, committed 30332K, reserved 1075200K
  class space    used 3564K, capacity 3649K, committed 3708K, reserved 1048576K
}
2016-07-13T15:08:08.259-0530: 78.524: Total time for which application threads were stopped: 0.6312168 seconds
2016-07-13T15:08:08.259-0530: 78.524: [GC (CMS Initial Mark) [1 CMS-initial-mark: 392557K(393216K)] 489009K(502464K), 0.0462286 secs] [Times: user=0.05 sys=0.00, real=0.05 secs] 
2016-07-13T15:08:08.305-0530: 78.570: Total time for which application threads were stopped: 0.0465527 seconds
2016-07-13T15:08:08.305-0530: 78.570: [CMS-concurrent-mark-start]
2016-07-13T15:08:08.486-0530: 78.751: [CMS-concurrent-mark: 0.181/0.181 secs] [Times: user=0.64 sys=0.01, real=0.18 secs] 
2016-07-13T15:08:08.486-0530: 78.751: [CMS-concurrent-preclean-start]
2016-07-13T15:08:08.689-0530: 78.954: [CMS-concurrent-preclean: 0.203/0.203 secs] [Times: user=0.54 sys=0.00, real=0.20 secs] 
2016-07-13T15:08:08.689-0530: 78.954: [CMS-concurrent-abortable-preclean-start]
2016-07-13T15:08:08.689-0530: 78.954: [CMS-concurrent-abortable-preclean: 0.000/0.000 secs] [Times: user=0.00 sys=0.00, real=0.00 secs] 
2016-07-13T15:08:08.689-0530: 78.954: [GC (CMS Final Remark) [YG occupancy: 102978 K (109248 K)]{Heap before GC invocations=27 (full 10):
 par new generation   total 109248K, used 102978K [0x00000007a0000000, 0x00000007a8000000, 0x00000007a8000000)
  eden space 87424K, 100% used [0x00000007a0000000, 0x00000007a5560000, 0x00000007a5560000)
  from space 21824K,  71% used [0x00000007a5560000, 0x00000007a6490a80, 0x00000007a6ab0000)
  to   space 21824K,   0% used [0x00000007a6ab0000, 0x00000007a6ab0000, 0x00000007a8000000)
 concurrent mark-sweep generation total 393216K, used 392557K [0x00000007a8000000, 0x00000007c0000000, 0x00000007c0000000)
 Metaspace       used 29562K, capacity 29908K, committed 30332K, reserved 1075200K
  class space    used 3564K, capacity 3649K, committed 3708K, reserved 1048576K
2016-07-13T15:08:08.690-0530: 78.954: [GC (CMS Final Remark) 78.954: [ParNew: 102978K->102978K(109248K), 0.0000170 secs] 495535K->495535K(502464K), 0.0000374 secs] [Times: user=0.00 sys=0.00, real=0.00 secs] 
Heap after GC invocations=28 (full 10):
 par new generation   total 109248K, used 102978K [0x00000007a0000000, 0x00000007a8000000, 0x00000007a8000000)
  eden space 87424K, 100% used [0x00000007a0000000, 0x00000007a5560000, 0x00000007a5560000)
  from space 21824K,  71% used [0x00000007a5560000, 0x00000007a6490a80, 0x00000007a6ab0000)
  to   space 21824K,   0% used [0x00000007a6ab0000, 0x00000007a6ab0000, 0x00000007a8000000)
 concurrent mark-sweep generation total 393216K, used 392557K [0x00000007a8000000, 0x00000007c0000000, 0x00000007c0000000)
 Metaspace       used 29562K, capacity 29908K, committed 30332K, reserved 1075200K
  class space    used 3564K, capacity 3649K, committed 3708K, reserved 1048576K
}
78.954: [Rescan (parallel) , 0.0474723 secs]79.002: [weak refs processing, 0.0011431 secs]79.003: [class unloading, 0.0121372 secs]79.015: [scrub symbol table, 0.0049984 secs]79.020: [scrub string table, 0.0005641 secs][1 CMS-remark: 392557K(393216K)] 495535K(502464K), 0.0695927 secs] [Times: user=0.18 sys=0.01, real=0.07 secs] 
2016-07-13T15:08:08.759-0530: 79.024: Total time for which application threads were stopped: 0.0697824 seconds
2016-07-13T15:08:08.759-0530: 79.024: [CMS-concurrent-sweep-start]
2016-07-13T15:08:08.840-0530: 79.104: [CMS-concurrent-sweep: 0.080/0.080 secs] [Times: user=0.22 sys=0.00, real=0.09 secs] 
2016-07-13T15:08:08.840-0530: 79.105: [CMS-concurrent-reset-start]
2016-07-13T15:08:08.840-0530: 79.105: [CMS-concurrent-reset: 0.000/0.000 secs] [Times: user=0.00 sys=0.00, real=0.00 secs] 
{Heap before GC invocations=28 (full 10):
 par new generation   total 109248K, used 109247K [0x00000007a0000000, 0x00000007a8000000, 0x00000007a8000000)
  eden space 87424K, 100% used [0x00000007a0000000, 0x00000007a5560000, 0x00000007a5560000)
  from space 21824K,  99% used [0x00000007a5560000, 0x00000007a6aafff0, 0x00000007a6ab0000)
  to   space 21824K,   0% used [0x00000007a6ab0000, 0x00000007a6ab0000, 0x00000007a8000000)
 concurrent mark-sweep generation total 393216K, used 392557K [0x00000007a8000000, 0x00000007c0000000, 0x00000007c0000000)
 Metaspace       used 29562K, capacity 29908K, committed 30332K, reserved 1075200K
  class space    used 3564K, capacity 3649K, committed 3708K, reserved 1048576K
2016-07-13T15:08:08.941-0530: 79.206: [GC (Allocation Failure) 79.206: [ParNew: 109247K->109247K(109248K), 0.0000190 secs]79.206: [CMS: 392557K->392517K(393216K), 0.6119605 secs] 501805K->496344K(502464K), [Metaspace: 29562K->29562K(1075200K)], 0.6120800 secs] [Times: user=0.61 sys=0.00, real=0.61 secs] 
Heap after GC invocations=29 (full 11):
 par new generation   total 109248K, used 103826K [0x00000007a0000000, 0x00000007a8000000, 0x00000007a8000000)
  eden space 87424K,  99% used [0x00000007a0000000, 0x00000007a555ff20, 0x00000007a5560000)
  from space 21824K,  75% used [0x00000007a5560000, 0x00000007a6564cb8, 0x00000007a6ab0000)
  to   space 21824K,   0% used [0x00000007a6ab0000, 0x00000007a6ab0000, 0x00000007a8000000)
 concurrent mark-sweep generation total 393216K, used 392517K [0x00000007a8000000, 0x00000007c0000000, 0x00000007c0000000)
 Metaspace       used 29532K, capacity 29860K, committed 30332K, reserved 1075200K
  class space    used 3560K, capacity 3641K, committed 3708K, reserved 1048576K
}
2016-07-13T15:08:09.553-0530: 79.818: Total time for which application threads were stopped: 0.6123226 seconds
2016-07-13T15:08:09.553-0530: 79.818: [GC (CMS Initial Mark) [1 CMS-initial-mark: 392517K(393216K)] 496345K(502464K), 0.0426685 secs] [Times: user=0.05 sys=0.00, real=0.04 secs] 
2016-07-13T15:08:09.596-0530: 79.861: Total time for which application threads were stopped: 0.0429177 seconds
2016-07-13T15:08:09.596-0530: 79.861: [CMS-concurrent-mark-start]
2016-07-13T15:08:09.769-0530: 80.034: [CMS-concurrent-mark: 0.173/0.173 secs] [Times: user=0.66 sys=0.00, real=0.17 secs] 
2016-07-13T15:08:09.769-0530: 80.034: [CMS-concurrent-preclean-start]
{Heap before GC invocations=29 (full 12):
 par new generation   total 109248K, used 109248K [0x00000007a0000000, 0x00000007a8000000, 0x00000007a8000000)
  eden space 87424K, 100% used [0x00000007a0000000, 0x00000007a5560000, 0x00000007a5560000)
  from space 21824K, 100% used [0x00000007a5560000, 0x00000007a6ab0000, 0x00000007a6ab0000)
  to   space 21824K,   0% used [0x00000007a6ab0000, 0x00000007a6ab0000, 0x00000007a8000000)
 concurrent mark-sweep generation total 393216K, used 393216K [0x00000007a8000000, 0x00000007c0000000, 0x00000007c0000000)
 Metaspace       used 29532K, capacity 29860K, committed 30332K, reserved 1075200K
  class space    used 3560K, capacity 3641K, committed 3708K, reserved 1048576K
2016-07-13T15:08:09.929-0530: 80.194: [Full GC (Allocation Failure) 80.195: [CMS2016-07-13T15:08:09.986-0530: 80.251: [CMS-concurrent-preclean: 0.179/0.217 secs] [Times: user=0.48 sys=0.01, real=0.22 secs] 
 (concurrent mode failure): 393216K->392943K(393216K), 0.5836995 secs] 502464K->499748K(502464K), [Metaspace: 29532K->29532K(1075200K)], 0.5837977 secs] [Times: user=0.58 sys=0.00, real=0.59 secs] 
Heap after GC invocations=30 (full 13):
 par new generation   total 109248K, used 106805K [0x00000007a0000000, 0x00000007a8000000, 0x00000007a8000000)
  eden space 87424K,  99% used [0x00000007a0000000, 0x00000007a555ff98, 0x00000007a5560000)
  from space 21824K,  88% used [0x00000007a5560000, 0x00000007a684d6e0, 0x00000007a6ab0000)
  to   space 21824K,   0% used [0x00000007a6ab0000, 0x00000007a6ab0000, 0x00000007a8000000)
 concurrent mark-sweep generation total 393216K, used 392943K [0x00000007a8000000, 0x00000007c0000000, 0x00000007c0000000)
 Metaspace       used 29532K, capacity 29860K, committed 30332K, reserved 1075200K
  class space    used 3560K, capacity 3641K, committed 3708K, reserved 1048576K
}
2016-07-13T15:08:10.513-0530: 80.778: Total time for which application threads were stopped: 0.5840286 seconds
{Heap before GC invocations=30 (full 13):
 par new generation   total 109248K, used 108460K [0x00000007a0000000, 0x00000007a8000000, 0x00000007a8000000)
  eden space 87424K, 100% used [0x00000007a0000000, 0x00000007a5560000, 0x00000007a5560000)
  from space 21824K,  96% used [0x00000007a5560000, 0x00000007a69eb000, 0x00000007a6ab0000)
  to   space 21824K,   0% used [0x00000007a6ab0000, 0x00000007a6ab0000, 0x00000007a8000000)
 concurrent mark-sweep generation total 393216K, used 392943K [0x00000007a8000000, 0x00000007c0000000, 0x00000007c0000000)
 Metaspace       used 29532K, capacity 29860K, committed 30332K, reserved 1075200K
  class space    used 3560K, capacity 3641K, committed 3708K, reserved 1048576K
2016-07-13T15:08:10.579-0530: 80.844: [Full GC (Allocation Failure) 80.844: [CMS: 392943K->392942K(393216K), 0.5550984 secs] 501403K->500783K(502464K), [Metaspace: 29532K->29532K(1075200K)], 0.5551745 secs] [Times: user=0.55 sys=0.00, real=0.56 secs] 
Heap after GC invocations=31 (full 14):
 par new generation   total 109248K, used 107841K [0x00000007a0000000, 0x00000007a8000000, 0x00000007a8000000)
  eden space 87424K,  99% used [0x00000007a0000000, 0x00000007a555ff18, 0x00000007a5560000)
  from space 21824K,  93% used [0x00000007a5560000, 0x00000007a6950500, 0x00000007a6ab0000)
  to   space 21824K,   0% used [0x00000007a6ab0000, 0x00000007a6ab0000, 0x00000007a8000000)
 concurrent mark-sweep generation total 393216K, used 392942K [0x00000007a8000000, 0x00000007c0000000, 0x00000007c0000000)
 Metaspace       used 29532K, capacity 29860K, committed 30332K, reserved 1075200K
  class space    used 3560K, capacity 3641K, committed 3708K, reserved 1048576K
}
{Heap before GC invocations=31 (full 14):
 par new generation   total 109248K, used 107841K [0x00000007a0000000, 0x00000007a8000000, 0x00000007a8000000)
  eden space 87424K,  99% used [0x00000007a0000000, 0x00000007a555ff18, 0x00000007a5560000)
  from space 21824K,  93% used [0x00000007a5560000, 0x00000007a6950500, 0x00000007a6ab0000)
  to   space 21824K,   0% used [0x00000007a6ab0000, 0x00000007a6ab0000, 0x00000007a8000000)
 concurrent mark-sweep generation total 393216K, used 392942K [0x00000007a8000000, 0x00000007c0000000, 0x00000007c0000000)
 Metaspace       used 29532K, capacity 29860K, committed 30332K, reserved 1075200K
  class space    used 3560K, capacity 3641K, committed 3708K, reserved 1048576K
2016-07-13T15:08:11.134-0530: 81.399: [Full GC (Allocation Failure) 81.399: [CMS: 392942K->392935K(393216K), 0.6502831 secs] 500783K->500776K(502464K), [Metaspace: 29532K->29532K(1075200K)], 0.6503658 secs] [Times: user=0.64 sys=0.01, real=0.65 secs] 
Heap after GC invocations=32 (full 15):
 par new generation   total 109248K, used 107841K [0x00000007a0000000, 0x00000007a8000000, 0x00000007a8000000)
  eden space 87424K,  99% used [0x00000007a0000000, 0x00000007a555ff18, 0x00000007a5560000)
  from space 21824K,  93% used [0x00000007a5560000, 0x00000007a6950500, 0x00000007a6ab0000)
  to   space 21824K,   0% used [0x00000007a6ab0000, 0x00000007a6ab0000, 0x00000007a8000000)
 concurrent mark-sweep generation total 393216K, used 392935K [0x00000007a8000000, 0x00000007c0000000, 0x00000007c0000000)
 Metaspace       used 29532K, capacity 29860K, committed 30332K, reserved 1075200K
  class space    used 3560K, capacity 3641K, committed 3708K, reserved 1048576K
}
2016-07-13T15:08:11.785-0530: 82.050: Total time for which application threads were stopped: 1.2058477 seconds
2016-07-13T15:08:11.786-0530: 82.051: [GC (CMS Initial Mark) [1 CMS-initial-mark: 392935K(393216K)] 500776K(502464K), 0.0419544 secs] [Times: user=0.05 sys=0.00, real=0.04 secs] 
2016-07-13T15:08:11.828-0530: 82.093: Total time for which application threads were stopped: 0.0422723 seconds
2016-07-13T15:08:11.828-0530: 82.093: [CMS-concurrent-mark-start]
{Heap before GC invocations=32 (full 16):
 par new generation   total 109248K, used 109248K [0x00000007a0000000, 0x00000007a8000000, 0x00000007a8000000)
  eden space 87424K, 100% used [0x00000007a0000000, 0x00000007a5560000, 0x00000007a5560000)
  from space 21824K, 100% used [0x00000007a5560000, 0x00000007a6ab0000, 0x00000007a6ab0000)
  to   space 21824K,   0% used [0x00000007a6ab0000, 0x00000007a6ab0000, 0x00000007a8000000)
 concurrent mark-sweep generation total 393216K, used 393154K [0x00000007a8000000, 0x00000007c0000000, 0x00000007c0000000)
 Metaspace       used 29611K, capacity 29892K, committed 30332K, reserved 1075200K
  class space    used 3579K, capacity 3673K, committed 3708K, reserved 1048576K
2016-07-13T15:08:11.917-0530: 82.182: [Full GC (Allocation Failure) 82.182: [CMS2016-07-13T15:08:11.965-0530: 82.230: [CMS-concurrent-mark: 0.130/0.137 secs] [Times: user=0.49 sys=0.00, real=0.14 secs] 
 (concurrent mode failure): 393154K->287174K(393216K), 0.3655658 secs] 502402K->287174K(502464K), [Metaspace: 29611K->29611K(1075200K)], 0.3656422 secs] [Times: user=0.49 sys=0.01, real=0.37 secs] 
Heap after GC invocations=33 (full 17):
 par new generation   total 109248K, used 0K [0x00000007a0000000, 0x00000007a8000000, 0x00000007a8000000)
  eden space 87424K,   0% used [0x00000007a0000000, 0x00000007a0000000, 0x00000007a5560000)
  from space 21824K,   0% used [0x00000007a5560000, 0x00000007a5560000, 0x00000007a6ab0000)
  to   space 21824K,   0% used [0x00000007a6ab0000, 0x00000007a6ab0000, 0x00000007a8000000)
 concurrent mark-sweep generation total 393216K, used 287174K [0x00000007a8000000, 0x00000007c0000000, 0x00000007c0000000)
 Metaspace       used 29611K, capacity 29892K, committed 30332K, reserved 1075200K
  class space    used 3579K, capacity 3673K, committed 3708K, reserved 1048576K
}
2016-07-13T15:08:12.282-0530: 82.547: Total time for which application threads were stopped: 0.3659258 seconds
2016-07-13T15:08:12.333-0530: 82.598: Total time for which application threads were stopped: 0.0004460 seconds
2016-07-13T15:08:13.336-0530: 83.601: Total time for which application threads were stopped: 0.0006409 seconds
2016-07-13T15:08:14.283-0530: 84.548: [GC (CMS Initial Mark) [1 CMS-initial-mark: 287174K(393216K)] 291784K(502464K), 0.0031887 secs] [Times: user=0.01 sys=0.00, real=0.00 secs] 
2016-07-13T15:08:14.286-0530: 84.551: Total time for which application threads were stopped: 0.0034461 seconds
2016-07-13T15:08:14.286-0530: 84.551: [CMS-concurrent-mark-start]
2016-07-13T15:08:14.386-0530: 84.651: [CMS-concurrent-mark: 0.100/0.100 secs] [Times: user=0.35 sys=0.00, real=0.10 secs] 
2016-07-13T15:08:14.386-0530: 84.651: [CMS-concurrent-preclean-start]
2016-07-13T15:08:14.388-0530: 84.653: [CMS-concurrent-preclean: 0.002/0.002 secs] [Times: user=0.00 sys=0.00, real=0.00 secs] 
2016-07-13T15:08:14.388-0530: 84.653: [CMS-concurrent-abortable-preclean-start]
2016-07-13T15:08:14.664-0530: 84.929: Total time for which application threads were stopped: 0.0006552 seconds
2016-07-13T15:08:14.708-0530: 84.973: Total time for which application threads were stopped: 0.0001232 seconds
2016-07-13T15:08:14.708-0530: 84.973: Total time for which application threads were stopped: 0.0000766 seconds
2016-07-13T15:08:14.708-0530: 84.974: Total time for which application threads were stopped: 0.0000447 seconds
2016-07-13T15:08:14.708-0530: 84.974: Total time for which application threads were stopped: 0.0000419 seconds
2016-07-13T15:08:14.709-0530: 84.974: Total time for which application threads were stopped: 0.0000432 seconds
2016-07-13T15:08:14.709-0530: 84.974: Total time for which application threads were stopped: 0.0000362 seconds
2016-07-13T15:08:14.709-0530: 84.974: Total time for which application threads were stopped: 0.0000352 seconds
2016-07-13T15:08:14.709-0530: 84.974: Total time for which application threads were stopped: 0.0000352 seconds
2016-07-13T15:08:14.709-0530: 84.974: Total time for which application threads were stopped: 0.0000352 seconds
2016-07-13T15:08:14.709-0530: 84.975: Total time for which application threads were stopped: 0.0000351 seconds
2016-07-13T15:08:14.710-0530: 84.975: Total time for which application threads were stopped: 0.0000349 seconds
2016-07-13T15:08:14.710-0530: 84.975: Total time for which application threads were stopped: 0.0000397 seconds
2016-07-13T15:08:14.711-0530: 84.976: Total time for which application threads were stopped: 0.0000367 seconds
2016-07-13T15:08:14.711-0530: 84.976: Total time for which application threads were stopped: 0.0000435 seconds
2016-07-13T15:08:14.711-0530: 84.977: Total time for which application threads were stopped: 0.0000382 seconds
2016-07-13T15:08:14.712-0530: 84.977: Total time for which application threads were stopped: 0.0000541 seconds
2016-07-13T15:08:14.713-0530: 84.978: Total time for which application threads were stopped: 0.0000655 seconds
2016-07-13T15:08:14.713-0530: 84.979: Total time for which application threads were stopped: 0.0000876 seconds
2016-07-13T15:08:14.714-0530: 84.979: Total time for which application threads were stopped: 0.0000619 seconds
2016-07-13T15:08:14.715-0530: 84.980: Total time for which application threads were stopped: 0.0001809 seconds
2016-07-13T15:08:14.730-0530: 84.995: Total time for which application threads were stopped: 0.0001442 seconds
2016-07-13T15:08:14.743-0530: 85.008: Total time for which application threads were stopped: 0.0000852 seconds
2016-07-13T15:08:19.561-0530: 89.827: Total time for which application threads were stopped: 0.0000824 seconds
2016-07-13T15:08:19.562-0530: 89.827: Total time for which application threads were stopped: 0.0000634 seconds
2016-07-13T15:08:19.668-0530: 89.934: [CMS-concurrent-abortable-preclean: 0.094/5.280 secs] [Times: user=0.79 sys=0.03, real=5.28 secs] 
2016-07-13T15:08:19.678-0530: 89.943: [GC (CMS Final Remark) [YG occupancy: 49882 K (109248 K)]{Heap before GC invocations=33 (full 18):
 par new generation   total 109248K, used 49882K [0x00000007a0000000, 0x00000007a8000000, 0x00000007a8000000)
  eden space 87424K,  57% used [0x00000007a0000000, 0x00000007a30b68d8, 0x00000007a5560000)
  from space 21824K,   0% used [0x00000007a5560000, 0x00000007a5560000, 0x00000007a6ab0000)
  to   space 21824K,   0% used [0x00000007a6ab0000, 0x00000007a6ab0000, 0x00000007a8000000)
 concurrent mark-sweep generation total 393216K, used 287174K [0x00000007a8000000, 0x00000007c0000000, 0x00000007c0000000)
 Metaspace       used 29853K, capacity 30154K, committed 30588K, reserved 1077248K
  class space    used 3597K, capacity 3674K, committed 3708K, reserved 1048576K
2016-07-13T15:08:19.678-0530: 89.943: [GC (CMS Final Remark) 89.943: [ParNew
Desired survivor size 20112992 bytes, new threshold 1 (max 8)
- age   1:   22241568 bytes,   22241568 total
: 49882K->21824K(109248K), 0.0116223 secs] 337056K->310723K(502464K), 0.0116730 secs] [Times: user=0.04 sys=0.00, real=0.01 secs] 
Heap after GC invocations=34 (full 18):
 par new generation   total 109248K, used 21824K [0x00000007a0000000, 0x00000007a8000000, 0x00000007a8000000)
  eden space 87424K,   0% used [0x00000007a0000000, 0x00000007a0000000, 0x00000007a5560000)
  from space 21824K, 100% used [0x00000007a6ab0000, 0x00000007a8000000, 0x00000007a8000000)
  to   space 21824K,   0% used [0x00000007a5560000, 0x00000007a5560000, 0x00000007a6ab0000)
 concurrent mark-sweep generation total 393216K, used 288899K [0x00000007a8000000, 0x00000007c0000000, 0x00000007c0000000)
 Metaspace       used 29853K, capacity 30154K, committed 30588K, reserved 1077248K
  class space    used 3597K, capacity 3674K, committed 3708K, reserved 1048576K
}
89.955: [Rescan (parallel) , 0.0030457 secs]89.958: [weak refs processing, 0.0212945 secs]89.979: [class unloading, 0.0133125 secs]89.993: [scrub symbol table, 0.0049327 secs]89.998: [scrub string table, 0.0006690 secs][1 CMS-remark: 288899K(393216K)] 310723K(502464K), 0.0581797 secs] [Times: user=0.12 sys=0.00, real=0.06 secs] 
2016-07-13T15:08:19.736-0530: 90.002: Total time for which application threads were stopped: 0.0583884 seconds
2016-07-13T15:08:19.737-0530: 90.002: [CMS-concurrent-sweep-start]
2016-07-13T15:08:19.747-0530: 90.012: Total time for which application threads were stopped: 0.0001353 seconds
{Heap before GC invocations=34 (full 18):
 par new generation   total 109248K, used 109248K [0x00000007a0000000, 0x00000007a8000000, 0x00000007a8000000)
  eden space 87424K, 100% used [0x00000007a0000000, 0x00000007a5560000, 0x00000007a5560000)
  from space 21824K, 100% used [0x00000007a6ab0000, 0x00000007a8000000, 0x00000007a8000000)
  to   space 21824K,   0% used [0x00000007a5560000, 0x00000007a5560000, 0x00000007a6ab0000)
 concurrent mark-sweep generation total 393216K, used 279501K [0x00000007a8000000, 0x00000007c0000000, 0x00000007c0000000)
 Metaspace       used 29853K, capacity 30154K, committed 30588K, reserved 1077248K
  class space    used 3597K, capacity 3674K, committed 3708K, reserved 1048576K
2016-07-13T15:08:19.770-0530: 90.036: [GC (Allocation Failure) 90.036: [ParNew
Desired survivor size 20112992 bytes, new threshold 8 (max 8)
- age   1:   18889168 bytes,   18889168 total
: 109248K->21824K(109248K), 0.0184487 secs] 388749K->323179K(502464K), 0.0185260 secs] [Times: user=0.06 sys=0.01, real=0.01 secs] 
Heap after GC invocations=35 (full 18):
 par new generation   total 109248K, used 21824K [0x00000007a0000000, 0x00000007a8000000, 0x00000007a8000000)
  eden space 87424K,   0% used [0x00000007a0000000, 0x00000007a0000000, 0x00000007a5560000)
  from space 21824K, 100% used [0x00000007a5560000, 0x00000007a6ab0000, 0x00000007a6ab0000)
  to   space 21824K,   0% used [0x00000007a6ab0000, 0x00000007a6ab0000, 0x00000007a8000000)
 concurrent mark-sweep generation total 393216K, used 301355K [0x00000007a8000000, 0x00000007c0000000, 0x00000007c0000000)
 Metaspace       used 29853K, capacity 30154K, committed 30588K, reserved 1077248K
  class space    used 3597K, capacity 3674K, committed 3708K, reserved 1048576K
}
2016-07-13T15:08:19.789-0530: 90.055: Total time for which application threads were stopped: 0.0187269 seconds
2016-07-13T15:08:19.823-0530: 90.088: [CMS-concurrent-sweep: 0.067/0.086 secs] [Times: user=0.29 sys=0.01, real=0.09 secs] 
2016-07-13T15:08:19.823-0530: 90.088: [CMS-concurrent-reset-start]
2016-07-13T15:08:19.823-0530: 90.089: [CMS-concurrent-reset: 0.000/0.000 secs] [Times: user=0.00 sys=0.00, real=0.00 secs] 
{Heap before GC invocations=35 (full 18):
 par new generation   total 109248K, used 106175K [0x00000007a0000000, 0x00000007a8000000, 0x00000007a8000000)
  eden space 87424K,  96% used [0x00000007a0000000, 0x00000007a525fe70, 0x00000007a5560000)
  from space 21824K, 100% used [0x00000007a5560000, 0x00000007a6ab0000, 0x00000007a6ab0000)
  to   space 21824K,   0% used [0x00000007a6ab0000, 0x00000007a6ab0000, 0x00000007a8000000)
 concurrent mark-sweep generation total 393216K, used 269677K [0x00000007a8000000, 0x00000007c0000000, 0x00000007c0000000)
 Metaspace       used 29857K, capacity 30218K, committed 30588K, reserved 1077248K
  class space    used 3597K, capacity 3674K, committed 3708K, reserved 1048576K
2016-07-13T15:08:20.045-0530: 90.311: [GC (Allocation Failure) 90.311: [ParNew
Desired survivor size 20112992 bytes, new threshold 8 (max 8)
- age   1:    5031056 bytes,    5031056 total
- age   2:   14173200 bytes,   19204256 total
: 106175K->21824K(109248K), 0.0260927 secs] 375853K->316657K(502464K), 0.0261882 secs] [Times: user=0.10 sys=0.00, real=0.03 secs] 
Heap after GC invocations=36 (full 18):
 par new generation   total 109248K, used 21824K [0x00000007a0000000, 0x00000007a8000000, 0x00000007a8000000)
  eden space 87424K,   0% used [0x00000007a0000000, 0x00000007a0000000, 0x00000007a5560000)
  from space 21824K, 100% used [0x00000007a6ab0000, 0x00000007a8000000, 0x00000007a8000000)
  to   space 21824K,   0% used [0x00000007a5560000, 0x00000007a5560000, 0x00000007a6ab0000)
 concurrent mark-sweep generation total 393216K, used 294833K [0x00000007a8000000, 0x00000007c0000000, 0x00000007c0000000)
 Metaspace       used 29857K, capacity 30218K, committed 30588K, reserved 1077248K
  class space    used 3597K, capacity 3674K, committed 3708K, reserved 1048576K
}
2016-07-13T15:08:20.072-0530: 90.337: Total time for which application threads were stopped: 0.0263767 seconds
2016-07-13T15:08:20.072-0530: 90.338: [GC (CMS Initial Mark) [1 CMS-initial-mark: 294833K(393216K)] 319931K(502464K), 0.0011530 secs] [Times: user=0.00 sys=0.00, real=0.00 secs] 
2016-07-13T15:08:20.073-0530: 90.339: Total time for which application threads were stopped: 0.0016380 seconds
2016-07-13T15:08:20.073-0530: 90.339: [CMS-concurrent-mark-start]
2016-07-13T15:08:20.089-0530: 90.355: [CMS-concurrent-mark: 0.016/0.016 secs] [Times: user=0.06 sys=0.00, real=0.01 secs] 
2016-07-13T15:08:20.089-0530: 90.355: [CMS-concurrent-preclean-start]
2016-07-13T15:08:20.091-0530: 90.357: [CMS-concurrent-preclean: 0.002/0.002 secs] [Times: user=0.01 sys=0.00, real=0.01 secs] 
2016-07-13T15:08:20.091-0530: 90.357: [CMS-concurrent-abortable-preclean-start]
2016-07-13T15:08:20.431-0530: 90.697: [CMS-concurrent-abortable-preclean: 0.133/0.340 secs] [Times: user=0.77 sys=0.01, real=0.34 secs] 
2016-07-13T15:08:20.431-0530: 90.697: [GC (CMS Final Remark) [YG occupancy: 65985 K (109248 K)]{Heap before GC invocations=36 (full 19):
 par new generation   total 109248K, used 65985K [0x00000007a0000000, 0x00000007a8000000, 0x00000007a8000000)
  eden space 87424K,  50% used [0x00000007a0000000, 0x00000007a2b207d0, 0x00000007a5560000)
  from space 21824K, 100% used [0x00000007a6ab0000, 0x00000007a8000000, 0x00000007a8000000)
  to   space 21824K,   0% used [0x00000007a5560000, 0x00000007a5560000, 0x00000007a6ab0000)
 concurrent mark-sweep generation total 393216K, used 294833K [0x00000007a8000000, 0x00000007c0000000, 0x00000007c0000000)
 Metaspace       used 29857K, capacity 30218K, committed 30588K, reserved 1077248K
  class space    used 3597K, capacity 3674K, committed 3708K, reserved 1048576K
2016-07-13T15:08:20.431-0530: 90.697: [GC (CMS Final Remark) 90.697: [ParNew
Desired survivor size 20112992 bytes, new threshold 3 (max 8)
- age   1:    9339840 bytes,    9339840 total
- age   2:    1116984 bytes,   10456824 total
- age   3:    9890648 bytes,   20347472 total
: 65985K->21824K(109248K), 0.0427070 secs] 360819K->344160K(502464K), 0.0427540 secs] [Times: user=0.14 sys=0.00, real=0.04 secs] 
Heap after GC invocations=37 (full 19):
 par new generation   total 109248K, used 21824K [0x00000007a0000000, 0x00000007a8000000, 0x00000007a8000000)
  eden space 87424K,   0% used [0x00000007a0000000, 0x00000007a0000000, 0x00000007a5560000)
  from space 21824K, 100% used [0x00000007a5560000, 0x00000007a6ab0000, 0x00000007a6ab0000)
  to   space 21824K,   0% used [0x00000007a6ab0000, 0x00000007a6ab0000, 0x00000007a8000000)
 concurrent mark-sweep generation total 393216K, used 322336K [0x00000007a8000000, 0x00000007c0000000, 0x00000007c0000000)
 Metaspace       used 29857K, capacity 30218K, committed 30588K, reserved 1077248K
  class space    used 3597K, capacity 3674K, committed 3708K, reserved 1048576K
}
90.740: [Rescan (parallel) , 0.0077964 secs]90.748: [weak refs processing, 0.0007448 secs]90.748: [class unloading, 0.0118335 secs]90.760: [scrub symbol table, 0.0054235 secs]90.766: [scrub string table, 0.0005205 secs][1 CMS-remark: 322336K(393216K)] 344160K(502464K), 0.0718851 secs] [Times: user=0.19 sys=0.00, real=0.07 secs] 
2016-07-13T15:08:20.503-0530: 90.769: Total time for which application threads were stopped: 0.0721486 seconds
2016-07-13T15:08:20.503-0530: 90.769: [CMS-concurrent-sweep-start]
2016-07-13T15:08:20.504-0530: 90.769: Total time for which application threads were stopped: 0.0001615 seconds
2016-07-13T15:08:20.652-0530: 90.918: [CMS-concurrent-sweep: 0.149/0.149 secs] [Times: user=0.29 sys=0.01, real=0.15 secs] 
2016-07-13T15:08:20.652-0530: 90.918: [CMS-concurrent-reset-start]
2016-07-13T15:08:20.653-0530: 90.918: [CMS-concurrent-reset: 0.001/0.001 secs] [Times: user=0.00 sys=0.00, real=0.00 secs] 
2016-07-13T15:08:21.505-0530: 91.770: Total time for which application threads were stopped: 0.0001774 seconds
{Heap before GC invocations=37 (full 19):
 par new generation   total 109248K, used 109248K [0x00000007a0000000, 0x00000007a8000000, 0x00000007a8000000)
  eden space 87424K, 100% used [0x00000007a0000000, 0x00000007a5560000, 0x00000007a5560000)
  from space 21824K, 100% used [0x00000007a5560000, 0x00000007a6ab0000, 0x00000007a6ab0000)
  to   space 21824K,   0% used [0x00000007a6ab0000, 0x00000007a6ab0000, 0x00000007a8000000)
 concurrent mark-sweep generation total 393216K, used 112709K [0x00000007a8000000, 0x00000007c0000000, 0x00000007c0000000)
 Metaspace       used 29857K, capacity 30218K, committed 30588K, reserved 1077248K
  class space    used 3597K, capacity 3674K, committed 3708K, reserved 1048576K
2016-07-13T15:08:22.276-0530: 92.542: [GC (Allocation Failure) 92.542: [ParNew
Desired survivor size 20112992 bytes, new threshold 8 (max 8)
- age   1:   15343872 bytes,   15343872 total
- age   2:    2620008 bytes,   17963880 total
- age   3:    1116952 bytes,   19080832 total
: 109248K->21824K(109248K), 0.0468917 secs] 221957K->165752K(502464K), 0.0469549 secs] [Times: user=0.16 sys=0.00, real=0.05 secs] 
Heap after GC invocations=38 (full 19):
 par new generation   total 109248K, used 21824K [0x00000007a0000000, 0x00000007a8000000, 0x00000007a8000000)
  eden space 87424K,   0% used [0x00000007a0000000, 0x00000007a0000000, 0x00000007a5560000)
  from space 21824K, 100% used [0x00000007a6ab0000, 0x00000007a8000000, 0x00000007a8000000)
  to   space 21824K,   0% used [0x00000007a5560000, 0x00000007a5560000, 0x00000007a6ab0000)
 concurrent mark-sweep generation total 393216K, used 143928K [0x00000007a8000000, 0x00000007c0000000, 0x00000007c0000000)
 Metaspace       used 29857K, capacity 30218K, committed 30588K, reserved 1077248K
  class space    used 3597K, capacity 3674K, committed 3708K, reserved 1048576K
}
2016-07-13T15:08:22.323-0530: 92.589: Total time for which application threads were stopped: 0.0471410 seconds
{Heap before GC invocations=38 (full 19):
 par new generation   total 109248K, used 109248K [0x00000007a0000000, 0x00000007a8000000, 0x00000007a8000000)
  eden space 87424K, 100% used [0x00000007a0000000, 0x00000007a5560000, 0x00000007a5560000)
  from space 21824K, 100% used [0x00000007a6ab0000, 0x00000007a8000000, 0x00000007a8000000)
  to   space 21824K,   0% used [0x00000007a5560000, 0x00000007a5560000, 0x00000007a6ab0000)
 concurrent mark-sweep generation total 393216K, used 143928K [0x00000007a8000000, 0x00000007c0000000, 0x00000007c0000000)
 Metaspace       used 29857K, capacity 30218K, committed 30588K, reserved 1077248K
  class space    used 3597K, capacity 3674K, committed 3708K, reserved 1048576K
2016-07-13T15:08:22.443-0530: 92.709: [GC (Allocation Failure) 92.709: [ParNew
Desired survivor size 20112992 bytes, new threshold 2 (max 8)
- age   1:    5418984 bytes,    5418984 total
- age   2:   14910768 bytes,   20329752 total
- age   3:     928712 bytes,   21258464 total
- age   4:    1077656 bytes,   22336120 total
: 109248K->21824K(109248K), 0.1559177 secs] 253176K->238653K(502464K), 0.1560108 secs] [Times: user=0.48 sys=0.01, real=0.15 secs] 
Heap after GC invocations=39 (full 19):
 par new generation   total 109248K, used 21824K [0x00000007a0000000, 0x00000007a8000000, 0x00000007a8000000)
  eden space 87424K,   0% used [0x00000007a0000000, 0x00000007a0000000, 0x00000007a5560000)
  from space 21824K, 100% used [0x00000007a5560000, 0x00000007a6ab0000, 0x00000007a6ab0000)
  to   space 21824K,   0% used [0x00000007a6ab0000, 0x00000007a6ab0000, 0x00000007a8000000)
 concurrent mark-sweep generation total 393216K, used 216829K [0x00000007a8000000, 0x00000007c0000000, 0x00000007c0000000)
 Metaspace       used 29857K, capacity 30218K, committed 30588K, reserved 1077248K
  class space    used 3597K, capacity 3674K, committed 3708K, reserved 1048576K
}
2016-07-13T15:08:22.599-0530: 92.865: Total time for which application threads were stopped: 0.1562061 seconds
2016-07-13T15:08:22.599-0530: 92.865: [GC (CMS Initial Mark) [1 CMS-initial-mark: 216829K(393216K)] 240306K(502464K), 0.0070081 secs] [Times: user=0.01 sys=0.00, real=0.01 secs] 
2016-07-13T15:08:22.606-0530: 92.872: Total time for which application threads were stopped: 0.0071867 seconds
2016-07-13T15:08:22.606-0530: 92.872: [CMS-concurrent-mark-start]
2016-07-13T15:08:22.680-0530: 92.946: [CMS-concurrent-mark: 0.074/0.074 secs] [Times: user=0.29 sys=0.00, real=0.08 secs] 
2016-07-13T15:08:22.680-0530: 92.946: [CMS-concurrent-preclean-start]
2016-07-13T15:08:22.681-0530: 92.947: [CMS-concurrent-preclean: 0.001/0.001 secs] [Times: user=0.00 sys=0.00, real=0.00 secs] 
2016-07-13T15:08:22.681-0530: 92.947: [CMS-concurrent-abortable-preclean-start]
{Heap before GC invocations=39 (full 20):
 par new generation   total 109248K, used 107985K [0x00000007a0000000, 0x00000007a8000000, 0x00000007a8000000)
  eden space 87424K,  98% used [0x00000007a0000000, 0x00000007a54247a8, 0x00000007a5560000)
  from space 21824K, 100% used [0x00000007a5560000, 0x00000007a6ab0000, 0x00000007a6ab0000)
  to   space 21824K,   0% used [0x00000007a6ab0000, 0x00000007a6ab0000, 0x00000007a8000000)
 concurrent mark-sweep generation total 393216K, used 216829K [0x00000007a8000000, 0x00000007c0000000, 0x00000007c0000000)
 Metaspace       used 29857K, capacity 30218K, committed 30588K, reserved 1077248K
  class space    used 3597K, capacity 3674K, committed 3708K, reserved 1048576K
2016-07-13T15:08:22.989-0530: 93.255: [GC (Allocation Failure) 93.255: [ParNew2016-07-13T15:08:23.018-0530: 93.283: [CMS-concurrent-abortable-preclean: 0.127/0.336 secs] [Times: user=0.54 sys=0.00, real=0.33 secs] 

Desired survivor size 20112992 bytes, new threshold 2 (max 8)
- age   1:   19080512 bytes,   19080512 total
- age   2:    3266936 bytes,   22347448 total
: 107985K->21824K(109248K), 0.1343046 secs] 324815K->304711K(502464K), 0.1343985 secs] [Times: user=0.47 sys=0.00, real=0.14 secs] 
Heap after GC invocations=40 (full 20):
 par new generation   total 109248K, used 21824K [0x00000007a0000000, 0x00000007a8000000, 0x00000007a8000000)
  eden space 87424K,   0% used [0x00000007a0000000, 0x00000007a0000000, 0x00000007a5560000)
  from space 21824K, 100% used [0x00000007a6ab0000, 0x00000007a8000000, 0x00000007a8000000)
  to   space 21824K,   0% used [0x00000007a5560000, 0x00000007a5560000, 0x00000007a6ab0000)
 concurrent mark-sweep generation total 393216K, used 282887K [0x00000007a8000000, 0x00000007c0000000, 0x00000007c0000000)
 Metaspace       used 29857K, capacity 30218K, committed 30588K, reserved 1077248K
  class space    used 3597K, capacity 3674K, committed 3708K, reserved 1048576K
}
2016-07-13T15:08:23.124-0530: 93.389: Total time for which application threads were stopped: 0.1346758 seconds
2016-07-13T15:08:23.124-0530: 93.390: [GC (CMS Final Remark) [YG occupancy: 23406 K (109248 K)]{Heap before GC invocations=40 (full 20):
 par new generation   total 109248K, used 23406K [0x00000007a0000000, 0x00000007a8000000, 0x00000007a8000000)
  eden space 87424K,   1% used [0x00000007a0000000, 0x00000007a018bab8, 0x00000007a5560000)
  from space 21824K, 100% used [0x00000007a6ab0000, 0x00000007a8000000, 0x00000007a8000000)
  to   space 21824K,   0% used [0x00000007a5560000, 0x00000007a5560000, 0x00000007a6ab0000)
 concurrent mark-sweep generation total 393216K, used 282887K [0x00000007a8000000, 0x00000007c0000000, 0x00000007c0000000)
 Metaspace       used 29857K, capacity 30218K, committed 30588K, reserved 1077248K
  class space    used 3597K, capacity 3674K, committed 3708K, reserved 1048576K
2016-07-13T15:08:23.124-0530: 93.390: [GC (CMS Final Remark) 93.390: [ParNew
Desired survivor size 20112992 bytes, new threshold 8 (max 8)
- age   1:    1620664 bytes,    1620664 total
- age   2:   18213504 bytes,   19834168 total
: 23406K->21824K(109248K), 0.0204719 secs] 306294K->308748K(502464K), 0.0205382 secs] [Times: user=0.07 sys=0.00, real=0.02 secs] 
Heap after GC invocations=41 (full 20):
 par new generation   total 109248K, used 21824K [0x00000007a0000000, 0x00000007a8000000, 0x00000007a8000000)
  eden space 87424K,   0% used [0x00000007a0000000, 0x00000007a0000000, 0x00000007a5560000)
  from space 21824K, 100% used [0x00000007a5560000, 0x00000007a6ab0000, 0x00000007a6ab0000)
  to   space 21824K,   0% used [0x00000007a6ab0000, 0x00000007a6ab0000, 0x00000007a8000000)
 concurrent mark-sweep generation total 393216K, used 286924K [0x00000007a8000000, 0x00000007c0000000, 0x00000007c0000000)
 Metaspace       used 29857K, capacity 30218K, committed 30588K, reserved 1077248K
  class space    used 3597K, capacity 3674K, committed 3708K, reserved 1048576K
}
93.410: [Rescan (parallel) , 0.0363077 secs]93.447: [weak refs processing, 0.0017379 secs]93.448: [class unloading, 0.0127945 secs]93.461: [scrub symbol table, 0.0048237 secs]93.466: [scrub string table, 0.0005762 secs][1 CMS-remark: 286924K(393216K)] 308748K(502464K), 0.0796934 secs] [Times: user=0.23 sys=0.01, real=0.08 secs] 
2016-07-13T15:08:23.204-0530: 93.469: Total time for which application threads were stopped: 0.0799894 seconds
2016-07-13T15:08:23.204-0530: 93.469: [CMS-concurrent-sweep-start]
2016-07-13T15:08:23.271-0530: 93.537: [CMS-concurrent-sweep: 0.068/0.068 secs] [Times: user=0.17 sys=0.00, real=0.07 secs] 
2016-07-13T15:08:23.271-0530: 93.537: [CMS-concurrent-reset-start]
2016-07-13T15:08:23.272-0530: 93.537: [CMS-concurrent-reset: 0.000/0.000 secs] [Times: user=0.00 sys=0.00, real=0.00 secs] 
{Heap before GC invocations=41 (full 20):
 par new generation   total 109248K, used 106874K [0x00000007a0000000, 0x00000007a8000000, 0x00000007a8000000)
  eden space 87424K,  97% used [0x00000007a0000000, 0x00000007a530eac0, 0x00000007a5560000)
  from space 21824K, 100% used [0x00000007a5560000, 0x00000007a6ab0000, 0x00000007a6ab0000)
  to   space 21824K,   0% used [0x00000007a6ab0000, 0x00000007a6ab0000, 0x00000007a8000000)
 concurrent mark-sweep generation total 393216K, used 268849K [0x00000007a8000000, 0x00000007c0000000, 0x00000007c0000000)
 Metaspace       used 29857K, capacity 30218K, committed 30588K, reserved 1077248K
  class space    used 3597K, capacity 3674K, committed 3708K, reserved 1048576K
2016-07-13T15:08:25.144-0530: 95.410: [GC (Allocation Failure) 95.410: [ParNew
Desired survivor size 20112992 bytes, new threshold 3 (max 8)
- age   1:   13054848 bytes,   13054848 total
- age   3:    9292560 bytes,   22347408 total
: 106874K->21824K(109248K), 0.0795816 secs] 375724K->334162K(502464K), 0.0796524 secs] [Times: user=0.27 sys=0.00, real=0.08 secs] 
Heap after GC invocations=42 (full 20):
 par new generation   total 109248K, used 21824K [0x00000007a0000000, 0x00000007a8000000, 0x00000007a8000000)
  eden space 87424K,   0% used [0x00000007a0000000, 0x00000007a0000000, 0x00000007a5560000)
  from space 21824K, 100% used [0x00000007a6ab0000, 0x00000007a8000000, 0x00000007a8000000)
  to   space 21824K,   0% used [0x00000007a5560000, 0x00000007a5560000, 0x00000007a6ab0000)
 concurrent mark-sweep generation total 393216K, used 312338K [0x00000007a8000000, 0x00000007c0000000, 0x00000007c0000000)
 Metaspace       used 29857K, capacity 30218K, committed 30588K, reserved 1077248K
  class space    used 3597K, capacity 3674K, committed 3708K, reserved 1048576K
}
2016-07-13T15:08:25.224-0530: 95.490: Total time for which application threads were stopped: 0.0798366 seconds
2016-07-13T15:08:25.224-0530: 95.490: [GC (CMS Initial Mark) [1 CMS-initial-mark: 312338K(393216K)] 337072K(502464K), 0.0134192 secs] [Times: user=0.03 sys=0.01, real=0.01 secs] 
2016-07-13T15:08:25.238-0530: 95.504: Total time for which application threads were stopped: 0.0138872 seconds
2016-07-13T15:08:25.238-0530: 95.504: [CMS-concurrent-mark-start]
2016-07-13T15:08:25.391-0530: 95.657: [CMS-concurrent-mark: 0.153/0.153 secs] [Times: user=0.59 sys=0.00, real=0.16 secs] 
2016-07-13T15:08:25.391-0530: 95.657: [CMS-concurrent-preclean-start]
2016-07-13T15:08:25.392-0530: 95.658: [CMS-concurrent-preclean: 0.001/0.001 secs] [Times: user=0.00 sys=0.00, real=0.00 secs] 
2016-07-13T15:08:25.392-0530: 95.658: [CMS-concurrent-abortable-preclean-start]
2016-07-13T15:08:25.903-0530: 96.169: [CMS-concurrent-abortable-preclean: 0.205/0.510 secs] [Times: user=0.74 sys=0.00, real=0.51 secs] 
2016-07-13T15:08:25.903-0530: 96.169: [GC (CMS Final Remark) [YG occupancy: 83511 K (109248 K)]{Heap before GC invocations=42 (full 21):
 par new generation   total 109248K, used 83511K [0x00000007a0000000, 0x00000007a8000000, 0x00000007a8000000)
  eden space 87424K,  70% used [0x00000007a0000000, 0x00000007a3c3de90, 0x00000007a5560000)
  from space 21824K, 100% used [0x00000007a6ab0000, 0x00000007a8000000, 0x00000007a8000000)
  to   space 21824K,   0% used [0x00000007a5560000, 0x00000007a5560000, 0x00000007a6ab0000)
 concurrent mark-sweep generation total 393216K, used 312338K [0x00000007a8000000, 0x00000007c0000000, 0x00000007c0000000)
 Metaspace       used 29857K, capacity 30218K, committed 30588K, reserved 1077248K
  class space    used 3597K, capacity 3674K, committed 3708K, reserved 1048576K
2016-07-13T15:08:25.903-0530: 96.169: [GC (CMS Final Remark) 96.169: [ParNew
Desired survivor size 20112992 bytes, new threshold 8 (max 8)
- age   1:   12400128 bytes,   12400128 total
- age   2:    6206168 bytes,   18606296 total
: 83511K->21824K(109248K), 0.0235192 secs] 395849K->346800K(502464K), 0.0235785 secs] [Times: user=0.08 sys=0.00, real=0.02 secs] 
Heap after GC invocations=43 (full 21):
 par new generation   total 109248K, used 21824K [0x00000007a0000000, 0x00000007a8000000, 0x00000007a8000000)
  eden space 87424K,   0% used [0x00000007a0000000, 0x00000007a0000000, 0x00000007a5560000)
  from space 21824K, 100% used [0x00000007a5560000, 0x00000007a6ab0000, 0x00000007a6ab0000)
  to   space 21824K,   0% used [0x00000007a6ab0000, 0x00000007a6ab0000, 0x00000007a8000000)
 concurrent mark-sweep generation total 393216K, used 324976K [0x00000007a8000000, 0x00000007c0000000, 0x00000007c0000000)
 Metaspace       used 29857K, capacity 30218K, committed 30588K, reserved 1077248K
  class space    used 3597K, capacity 3674K, committed 3708K, reserved 1048576K
}
96.193: [Rescan (parallel) , 0.0093068 secs]96.202: [weak refs processing, 0.0014230 secs]96.203: [class unloading, 0.0118751 secs]96.215: [scrub symbol table, 0.0065456 secs]96.222: [scrub string table, 0.0005424 secs][1 CMS-remark: 324976K(393216K)] 346800K(502464K), 0.0564342 secs] [Times: user=0.14 sys=0.01, real=0.05 secs] 
2016-07-13T15:08:25.960-0530: 96.225: Total time for which application threads were stopped: 0.0566745 seconds
2016-07-13T15:08:25.960-0530: 96.226: [CMS-concurrent-sweep-start]
2016-07-13T15:08:26.039-0530: 96.305: [CMS-concurrent-sweep: 0.080/0.080 secs] [Times: user=0.16 sys=0.00, real=0.07 secs] 
2016-07-13T15:08:26.039-0530: 96.305: [CMS-concurrent-reset-start]
2016-07-13T15:08:26.040-0530: 96.306: [CMS-concurrent-reset: 0.000/0.000 secs] [Times: user=0.00 sys=0.00, real=0.01 secs] 
{Heap before GC invocations=43 (full 21):
 par new generation   total 109248K, used 109248K [0x00000007a0000000, 0x00000007a8000000, 0x00000007a8000000)
  eden space 87424K, 100% used [0x00000007a0000000, 0x00000007a5560000, 0x00000007a5560000)
  from space 21824K, 100% used [0x00000007a5560000, 0x00000007a6ab0000, 0x00000007a6ab0000)
  to   space 21824K,   0% used [0x00000007a6ab0000, 0x00000007a6ab0000, 0x00000007a8000000)
 concurrent mark-sweep generation total 393216K, used 318460K [0x00000007a8000000, 0x00000007c0000000, 0x00000007c0000000)
 Metaspace       used 29857K, capacity 30218K, committed 30588K, reserved 1077248K
  class space    used 3597K, capacity 3674K, committed 3708K, reserved 1048576K
2016-07-13T15:08:26.561-0530: 96.827: [GC (Allocation Failure) 96.827: [ParNew: 109248K->109248K(109248K), 0.0000197 secs]96.827: [CMS: 318460K->194581K(393216K), 0.3093777 secs] 427708K->194581K(502464K), [Metaspace: 29857K->29857K(1077248K)], 0.3095128 secs] [Times: user=0.30 sys=0.00, real=0.31 secs] 
Heap after GC invocations=44 (full 22):
 par new generation   total 109248K, used 0K [0x00000007a0000000, 0x00000007a8000000, 0x00000007a8000000)
  eden space 87424K,   0% used [0x00000007a0000000, 0x00000007a0000000, 0x00000007a5560000)
  from space 21824K,   0% used [0x00000007a5560000, 0x00000007a5560000, 0x00000007a6ab0000)
  to   space 21824K,   0% used [0x00000007a6ab0000, 0x00000007a6ab0000, 0x00000007a8000000)
 concurrent mark-sweep generation total 393216K, used 194581K [0x00000007a8000000, 0x00000007c0000000, 0x00000007c0000000)
 Metaspace       used 29857K, capacity 30218K, committed 30588K, reserved 1077248K
  class space    used 3597K, capacity 3674K, committed 3708K, reserved 1048576K
}
2016-07-13T15:08:26.870-0530: 97.136: Total time for which application threads were stopped: 0.3097048 seconds
{Heap before GC invocations=44 (full 22):
 par new generation   total 109248K, used 87424K [0x00000007a0000000, 0x00000007a8000000, 0x00000007a8000000)
  eden space 87424K, 100% used [0x00000007a0000000, 0x00000007a5560000, 0x00000007a5560000)
  from space 21824K,   0% used [0x00000007a5560000, 0x00000007a5560000, 0x00000007a6ab0000)
  to   space 21824K,   0% used [0x00000007a6ab0000, 0x00000007a6ab0000, 0x00000007a8000000)
 concurrent mark-sweep generation total 393216K, used 194581K [0x00000007a8000000, 0x00000007c0000000, 0x00000007c0000000)
 Metaspace       used 29857K, capacity 30218K, committed 30588K, reserved 1077248K
  class space    used 3597K, capacity 3674K, committed 3708K, reserved 1048576K
2016-07-13T15:08:27.592-0530: 97.858: [GC (Allocation Failure) 97.858: [ParNew
Desired survivor size 20112992 bytes, new threshold 8 (max 8)
- age   1:        328 bytes,        328 total
: 87424K->14205K(109248K), 0.0018553 secs] 282005K->208787K(502464K), 0.0019154 secs] [Times: user=0.00 sys=0.01, real=0.00 secs] 
Heap after GC invocations=45 (full 22):
 par new generation   total 109248K, used 14205K [0x00000007a0000000, 0x00000007a8000000, 0x00000007a8000000)
  eden space 87424K,   0% used [0x00000007a0000000, 0x00000007a0000000, 0x00000007a5560000)
  from space 21824K,  65% used [0x00000007a6ab0000, 0x00000007a788f550, 0x00000007a8000000)
  to   space 21824K,   0% used [0x00000007a5560000, 0x00000007a5560000, 0x00000007a6ab0000)
 concurrent mark-sweep generation total 393216K, used 194581K [0x00000007a8000000, 0x00000007c0000000, 0x00000007c0000000)
 Metaspace       used 29857K, capacity 30218K, committed 30588K, reserved 1077248K
  class space    used 3597K, capacity 3674K, committed 3708K, reserved 1048576K
}
2016-07-13T15:08:27.594-0530: 97.860: Total time for which application threads were stopped: 0.0020940 seconds
{Heap before GC invocations=45 (full 22):
 par new generation   total 109248K, used 101598K [0x00000007a0000000, 0x00000007a8000000, 0x00000007a8000000)
  eden space 87424K,  99% used [0x00000007a0000000, 0x00000007a55583c0, 0x00000007a5560000)
  from space 21824K,  65% used [0x00000007a6ab0000, 0x00000007a788f550, 0x00000007a8000000)
  to   space 21824K,   0% used [0x00000007a5560000, 0x00000007a5560000, 0x00000007a6ab0000)
 concurrent mark-sweep generation total 393216K, used 194581K [0x00000007a8000000, 0x00000007c0000000, 0x00000007c0000000)
 Metaspace       used 29857K, capacity 30218K, committed 30588K, reserved 1077248K
  class space    used 3597K, capacity 3674K, committed 3708K, reserved 1048576K
2016-07-13T15:08:28.736-0530: 99.002: [GC (Allocation Failure) 99.002: [ParNew
Desired survivor size 20112992 bytes, new threshold 8 (max 8)
- age   1:   18166568 bytes,   18166568 total
- age   2:        112 bytes,   18166680 total
: 101598K->21360K(109248K), 0.0384953 secs] 296180K->215942K(502464K), 0.0385794 secs] [Times: user=0.13 sys=0.00, real=0.04 secs] 
Heap after GC invocations=46 (full 22):
 par new generation   total 109248K, used 21360K [0x00000007a0000000, 0x00000007a8000000, 0x00000007a8000000)
  eden space 87424K,   0% used [0x00000007a0000000, 0x00000007a0000000, 0x00000007a5560000)
  from space 21824K,  97% used [0x00000007a5560000, 0x00000007a6a3c170, 0x00000007a6ab0000)
  to   space 21824K,   0% used [0x00000007a6ab0000, 0x00000007a6ab0000, 0x00000007a8000000)
 concurrent mark-sweep generation total 393216K, used 194581K [0x00000007a8000000, 0x00000007c0000000, 0x00000007c0000000)
 Metaspace       used 29857K, capacity 30218K, committed 30588K, reserved 1077248K
  class space    used 3597K, capacity 3674K, committed 3708K, reserved 1048576K
}
2016-07-13T15:08:28.775-0530: 99.041: Total time for which application threads were stopped: 0.0387564 seconds
{Heap before GC invocations=46 (full 22):
 par new generation   total 109248K, used 108784K [0x00000007a0000000, 0x00000007a8000000, 0x00000007a8000000)
  eden space 87424K, 100% used [0x00000007a0000000, 0x00000007a5560000, 0x00000007a5560000)
  from space 21824K,  97% used [0x00000007a5560000, 0x00000007a6a3c170, 0x00000007a6ab0000)
  to   space 21824K,   0% used [0x00000007a6ab0000, 0x00000007a6ab0000, 0x00000007a8000000)
 concurrent mark-sweep generation total 393216K, used 194581K [0x00000007a8000000, 0x00000007c0000000, 0x00000007c0000000)
 Metaspace       used 29857K, capacity 30218K, committed 30588K, reserved 1077248K
  class space    used 3597K, capacity 3674K, committed 3708K, reserved 1048576K
2016-07-13T15:08:29.541-0530: 99.807: [GC (Allocation Failure) 99.807: [ParNew
Desired survivor size 20112992 bytes, new threshold 8 (max 8)
- age   1:   20111296 bytes,   20111296 total
- age   3:        112 bytes,   20111408 total
: 108784K->21824K(109248K), 0.0096110 secs] 303366K->216879K(502464K), 0.0096728 secs] [Times: user=0.03 sys=0.00, real=0.01 secs] 
Heap after GC invocations=47 (full 22):
 par new generation   total 109248K, used 21824K [0x00000007a0000000, 0x00000007a8000000, 0x00000007a8000000)
  eden space 87424K,   0% used [0x00000007a0000000, 0x00000007a0000000, 0x00000007a5560000)
  from space 21824K, 100% used [0x00000007a6ab0000, 0x00000007a8000000, 0x00000007a8000000)
  to   space 21824K,   0% used [0x00000007a5560000, 0x00000007a5560000, 0x00000007a6ab0000)
 concurrent mark-sweep generation total 393216K, used 195055K [0x00000007a8000000, 0x00000007c0000000, 0x00000007c0000000)
 Metaspace       used 29857K, capacity 30218K, committed 30588K, reserved 1077248K
  class space    used 3597K, capacity 3674K, committed 3708K, reserved 1048576K
}
2016-07-13T15:08:29.551-0530: 99.817: Total time for which application threads were stopped: 0.0098579 seconds
2016-07-13T15:08:30.568-0530: 100.834: Total time for which application threads were stopped: 0.0119624 seconds
2016-07-13T15:08:33.578-0530: 103.844: Total time for which application threads were stopped: 0.0001730 seconds
2016-07-13T15:08:37.588-0530: 107.855: Total time for which application threads were stopped: 0.0001416 seconds
{Heap before GC invocations=47 (full 22):
 par new generation   total 109248K, used 109248K [0x00000007a0000000, 0x00000007a8000000, 0x00000007a8000000)
  eden space 87424K, 100% used [0x00000007a0000000, 0x00000007a5560000, 0x00000007a5560000)
  from space 21824K, 100% used [0x00000007a6ab0000, 0x00000007a8000000, 0x00000007a8000000)
  to   space 21824K,   0% used [0x00000007a5560000, 0x00000007a5560000, 0x00000007a6ab0000)
 concurrent mark-sweep generation total 393216K, used 195055K [0x00000007a8000000, 0x00000007c0000000, 0x00000007c0000000)
 Metaspace       used 29951K, capacity 30294K, committed 30588K, reserved 1077248K
  class space    used 3600K, capacity 3676K, committed 3708K, reserved 1048576K
2016-07-13T15:08:38.020-0530: 108.287: [GC (Allocation Failure) 108.287: [ParNew
Desired survivor size 20112992 bytes, new threshold 2 (max 8)
- age   1:    7902664 bytes,    7902664 total
- age   2:   13731640 bytes,   21634304 total
- age   4:         80 bytes,   21634384 total
: 109248K->21824K(109248K), 0.0098192 secs] 304303K->218421K(502464K), 0.0099079 secs] [Times: user=0.04 sys=0.00, real=0.01 secs] 
Heap after GC invocations=48 (full 22):
 par new generation   total 109248K, used 21824K [0x00000007a0000000, 0x00000007a8000000, 0x00000007a8000000)
  eden space 87424K,   0% used [0x00000007a0000000, 0x00000007a0000000, 0x00000007a5560000)
  from space 21824K, 100% used [0x00000007a5560000, 0x00000007a6ab0000, 0x00000007a6ab0000)
  to   space 21824K,   0% used [0x00000007a6ab0000, 0x00000007a6ab0000, 0x00000007a8000000)
 concurrent mark-sweep generation total 393216K, used 196597K [0x00000007a8000000, 0x00000007c0000000, 0x00000007c0000000)
 Metaspace       used 29951K, capacity 30294K, committed 30588K, reserved 1077248K
  class space    used 3600K, capacity 3676K, committed 3708K, reserved 1048576K
}
2016-07-13T15:08:38.030-0530: 108.297: Total time for which application threads were stopped: 0.0101367 seconds
2016-07-13T15:08:39.030-0530: 109.297: Total time for which application threads were stopped: 0.0001783 seconds
2016-07-13T15:09:28.383-0530: 158.653: Total time for which application threads were stopped: 0.0000686 seconds
2016-07-13T15:10:01.466-0530: 191.738: Total time for which application threads were stopped: 0.0001710 seconds
2016-07-13T15:11:32.689-0530: 282.966: Total time for which application threads were stopped: 0.0008397 seconds
2016-07-13T15:27:33.353-0530: 1243.652: Total time for which application threads were stopped: 0.0003917 seconds
2016-07-13T15:34:48.875-0530: 1679.192: Total time for which application threads were stopped: 0.0002112 seconds
2016-07-13T15:47:49.452-0530: 2459.799: Total time for which application threads were stopped: 0.0002655 seconds
2016-07-13T16:10:15.796-0530: 3806.161: Total time for which application threads were stopped: 0.0007952 seconds
2016-07-13T16:10:25.826-0530: 3816.192: Total time for which application threads were stopped: 0.0001646 seconds
2016-07-13T16:11:25.000-0530: 3875.366: Total time for which application threads were stopped: 0.0001858 seconds
2016-07-13T16:59:55.652-0530: 6786.060: Total time for which application threads were stopped: 0.0003055 seconds
2016-07-13T17:05:54.872-0530: 7145.287: Total time for which application threads were stopped: 0.0002099 seconds
2016-07-13T17:09:25.576-0530: 7355.993: Total time for which application threads were stopped: 0.0001301 seconds
2016-07-13T17:10:25.766-0530: 7416.184: Total time for which application threads were stopped: 0.0001350 seconds
2016-07-13T17:12:25.163-0530: 7535.582: Total time for which application threads were stopped: 0.0001921 seconds
2016-07-13T17:15:25.765-0530: 7716.187: Total time for which application threads were stopped: 0.0001950 seconds
2016-07-13T17:27:55.035-0530: 8465.468: Total time for which application threads were stopped: 0.0001672 seconds
2016-07-13T18:31:56.615-0530: 11286.527: Total time for which application threads were stopped: 0.0009948 seconds
2016-07-14T12:32:48.861-0530: 20552.077: Total time for which application threads were stopped: 0.0011382 seconds
2016-07-14T12:32:48.862-0530: 20552.078: Total time for which application threads were stopped: 0.0001089 seconds
2016-07-14T12:32:48.869-0530: 20552.085: Total time for which application threads were stopped: 0.0001062 seconds
2016-07-14T12:32:49.742-0530: 20552.958: Total time for which application threads were stopped: 0.0001856 seconds
2016-07-14T12:32:49.755-0530: 20552.971: Total time for which application threads were stopped: 0.0001004 seconds
2016-07-14T12:32:49.829-0530: 20553.046: Total time for which application threads were stopped: 0.0001053 seconds
2016-07-14T12:32:49.843-0530: 20553.060: Total time for which application threads were stopped: 0.0001041 seconds
2016-07-14T12:32:49.857-0530: 20553.073: Total time for which application threads were stopped: 0.0001262 seconds
2016-07-14T12:32:49.889-0530: 20553.105: Total time for which application threads were stopped: 0.0000956 seconds
2016-07-14T12:32:50.370-0530: 20553.587: Total time for which application threads were stopped: 0.0000993 seconds
{Heap before GC invocations=48 (full 22):
 par new generation   total 109248K, used 109248K [0x00000007a0000000, 0x00000007a8000000, 0x00000007a8000000)
  eden space 87424K, 100% used [0x00000007a0000000, 0x00000007a5560000, 0x00000007a5560000)
  from space 21824K, 100% used [0x00000007a5560000, 0x00000007a6ab0000, 0x00000007a6ab0000)
  to   space 21824K,   0% used [0x00000007a6ab0000, 0x00000007a6ab0000, 0x00000007a8000000)
 concurrent mark-sweep generation total 393216K, used 196597K [0x00000007a8000000, 0x00000007c0000000, 0x00000007c0000000)
 Metaspace       used 30094K, capacity 30422K, committed 30844K, reserved 1077248K
  class space    used 3601K, capacity 3676K, committed 3708K, reserved 1048576K
2016-07-14T12:32:54.264-0530: 20557.480: [GC (Allocation Failure) 20557.503: [ParNew
Desired survivor size 20112992 bytes, new threshold 8 (max 8)
- age   1:   14465264 bytes,   14465264 total
- age   2:    3276432 bytes,   17741696 total
: 109248K->21824K(109248K), 0.1533255 secs] 305845K->234140K(502464K), 0.1758345 secs] [Times: user=0.08 sys=0.19, real=0.18 secs] 
Heap after GC invocations=49 (full 22):
 par new generation   total 109248K, used 21824K [0x00000007a0000000, 0x00000007a8000000, 0x00000007a8000000)
  eden space 87424K,   0% used [0x00000007a0000000, 0x00000007a0000000, 0x00000007a5560000)
  from space 21824K, 100% used [0x00000007a6ab0000, 0x00000007a8000000, 0x00000007a8000000)
  to   space 21824K,   0% used [0x00000007a5560000, 0x00000007a5560000, 0x00000007a6ab0000)
 concurrent mark-sweep generation total 393216K, used 212316K [0x00000007a8000000, 0x00000007c0000000, 0x00000007c0000000)
 Metaspace       used 30094K, capacity 30422K, committed 30844K, reserved 1077248K
  class space    used 3601K, capacity 3676K, committed 3708K, reserved 1048576K
}
2016-07-14T12:32:54.440-0530: 20557.656: Total time for which application threads were stopped: 0.2340428 seconds
2016-07-14T12:32:54.442-0530: 20557.658: [GC (CMS Initial Mark) [1 CMS-initial-mark: 212316K(393216K)] 235433K(502464K), 0.0029453 secs] [Times: user=0.00 sys=0.00, real=0.00 secs] 
2016-07-14T12:32:54.445-0530: 20557.661: Total time for which application threads were stopped: 0.0048706 seconds
2016-07-14T12:32:54.445-0530: 20557.661: [CMS-concurrent-mark-start]
2016-07-14T12:32:54.536-0530: 20557.753: [CMS-concurrent-mark: 0.092/0.092 secs] [Times: user=0.16 sys=0.12, real=0.09 secs] 
2016-07-14T12:32:54.537-0530: 20557.753: [CMS-concurrent-preclean-start]
2016-07-14T12:32:54.538-0530: 20557.755: [CMS-concurrent-preclean: 0.001/0.001 secs] [Times: user=0.01 sys=0.00, real=0.00 secs] 
2016-07-14T12:32:54.538-0530: 20557.755: [CMS-concurrent-abortable-preclean-start]
2016-07-14T12:32:55.242-0530: 20558.458: [CMS-concurrent-abortable-preclean: 0.196/0.704 secs] [Times: user=1.52 sys=0.07, real=0.71 secs] 
2016-07-14T12:32:55.242-0530: 20558.459: [GC (CMS Final Remark) [YG occupancy: 107915 K (109248 K)]{Heap before GC invocations=49 (full 23):
 par new generation   total 109248K, used 107915K [0x00000007a0000000, 0x00000007a8000000, 0x00000007a8000000)
  eden space 87424K,  98% used [0x00000007a0000000, 0x00000007a5412c00, 0x00000007a5560000)
  from space 21824K, 100% used [0x00000007a6ab0000, 0x00000007a8000000, 0x00000007a8000000)
  to   space 21824K,   0% used [0x00000007a5560000, 0x00000007a5560000, 0x00000007a6ab0000)
 concurrent mark-sweep generation total 393216K, used 212316K [0x00000007a8000000, 0x00000007c0000000, 0x00000007c0000000)
 Metaspace       used 30094K, capacity 30422K, committed 30844K, reserved 1077248K
  class space    used 3601K, capacity 3676K, committed 3708K, reserved 1048576K
2016-07-14T12:32:55.242-0530: 20558.459: [GC (CMS Final Remark) 20558.459: [ParNew
Desired survivor size 20112992 bytes, new threshold 3 (max 8)
- age   1:    7814976 bytes,    7814976 total
- age   2:   11441960 bytes,   19256936 total
- age   3:    2897560 bytes,   22154496 total
: 107915K->21824K(109248K), 0.1401828 secs] 320231K->274971K(502464K), 0.1402834 secs] [Times: user=0.24 sys=0.18, real=0.14 secs] 
Heap after GC invocations=50 (full 23):
 par new generation   total 109248K, used 21824K [0x00000007a0000000, 0x00000007a8000000, 0x00000007a8000000)
  eden space 87424K,   0% used [0x00000007a0000000, 0x00000007a0000000, 0x00000007a5560000)
  from space 21824K, 100% used [0x00000007a5560000, 0x00000007a6ab0000, 0x00000007a6ab0000)
  to   space 21824K,   0% used [0x00000007a6ab0000, 0x00000007a6ab0000, 0x00000007a8000000)
 concurrent mark-sweep generation total 393216K, used 253147K [0x00000007a8000000, 0x00000007c0000000, 0x00000007c0000000)
 Metaspace       used 30094K, capacity 30422K, committed 30844K, reserved 1077248K
  class space    used 3601K, capacity 3676K, committed 3708K, reserved 1048576K
}
20558.599: [Rescan (parallel) , 0.0172664 secs]20558.616: [weak refs processing, 0.0016013 secs]20558.618: [class unloading, 0.0645559 secs]20558.683: [scrub symbol table, 0.0129091 secs]20558.696: [scrub string table, 0.0006226 secs][1 CMS-remark: 253147K(393216K)] 274971K(502464K), 0.2406156 secs] [Times: user=0.34 sys=0.23, real=0.24 secs] 
2016-07-14T12:32:55.483-0530: 20558.699: Total time for which application threads were stopped: 0.2408396 seconds
2016-07-14T12:32:55.483-0530: 20558.699: [CMS-concurrent-sweep-start]
2016-07-14T12:32:55.709-0530: 20558.926: [CMS-concurrent-sweep: 0.226/0.226 secs] [Times: user=0.33 sys=0.11, real=0.22 secs] 
2016-07-14T12:32:55.744-0530: 20558.960: [CMS-concurrent-reset-start]
2016-07-14T12:32:55.747-0530: 20558.964: [CMS-concurrent-reset: 0.004/0.004 secs] [Times: user=0.00 sys=0.00, real=0.00 secs] 
{Heap before GC invocations=50 (full 23):
 par new generation   total 109248K, used 109128K [0x00000007a0000000, 0x00000007a8000000, 0x00000007a8000000)
  eden space 87424K,  99% used [0x00000007a0000000, 0x00000007a5542150, 0x00000007a5560000)
  from space 21824K, 100% used [0x00000007a5560000, 0x00000007a6ab0000, 0x00000007a6ab0000)
  to   space 21824K,   0% used [0x00000007a6ab0000, 0x00000007a6ab0000, 0x00000007a8000000)
 concurrent mark-sweep generation total 393216K, used 119554K [0x00000007a8000000, 0x00000007c0000000, 0x00000007c0000000)
 Metaspace       used 30094K, capacity 30422K, committed 30844K, reserved 1077248K
  class space    used 3601K, capacity 3676K, committed 3708K, reserved 1048576K
2016-07-14T12:32:56.226-0530: 20559.443: [GC (Allocation Failure) 20559.443: [ParNew
Desired survivor size 20112992 bytes, new threshold 3 (max 8)
- age   1:    8549136 bytes,    8549136 total
- age   2:    2760328 bytes,   11309464 total
- age   3:   11038152 bytes,   22347616 total
: 109128K->21824K(109248K), 0.0472072 secs] 228682K->151938K(502464K), 0.0472819 secs] [Times: user=0.14 sys=0.01, real=0.05 secs] 
Heap after GC invocations=51 (full 23):
 par new generation   total 109248K, used 21824K [0x00000007a0000000, 0x00000007a8000000, 0x00000007a8000000)
  eden space 87424K,   0% used [0x00000007a0000000, 0x00000007a0000000, 0x00000007a5560000)
  from space 21824K, 100% used [0x00000007a6ab0000, 0x00000007a8000000, 0x00000007a8000000)
  to   space 21824K,   0% used [0x00000007a5560000, 0x00000007a5560000, 0x00000007a6ab0000)
 concurrent mark-sweep generation total 393216K, used 130114K [0x00000007a8000000, 0x00000007c0000000, 0x00000007c0000000)
 Metaspace       used 30094K, capacity 30422K, committed 30844K, reserved 1077248K
  class space    used 3601K, capacity 3676K, committed 3708K, reserved 1048576K
}
2016-07-14T12:32:56.274-0530: 20559.490: Total time for which application threads were stopped: 0.0475072 seconds
2016-07-14T12:32:57.277-0530: 20560.494: Total time for which application threads were stopped: 0.0001724 seconds
2016-07-14T12:32:58.003-0530: 20561.219: Total time for which application threads were stopped: 0.0002069 seconds
2016-07-14T12:32:58.006-0530: 20561.223: Total time for which application threads were stopped: 0.0001031 seconds
2016-07-14T12:32:58.048-0530: 20561.265: Total time for which application threads were stopped: 0.0001010 seconds
2016-07-14T12:32:59.054-0530: 20562.271: Total time for which application threads were stopped: 0.0004374 seconds
2016-07-14T12:33:38.315-0530: 20601.533: Total time for which application threads were stopped: 0.0000886 seconds
2016-07-14T12:33:38.316-0530: 20601.534: Total time for which application threads were stopped: 0.0001789 seconds
{Heap before GC invocations=51 (full 23):
 par new generation   total 109248K, used 109248K [0x00000007a0000000, 0x00000007a8000000, 0x00000007a8000000)
  eden space 87424K, 100% used [0x00000007a0000000, 0x00000007a5560000, 0x00000007a5560000)
  from space 21824K, 100% used [0x00000007a6ab0000, 0x00000007a8000000, 0x00000007a8000000)
  to   space 21824K,   0% used [0x00000007a5560000, 0x00000007a5560000, 0x00000007a6ab0000)
 concurrent mark-sweep generation total 393216K, used 130114K [0x00000007a8000000, 0x00000007c0000000, 0x00000007c0000000)
 Metaspace       used 30130K, capacity 30422K, committed 30844K, reserved 1077248K
  class space    used 3603K, capacity 3676K, committed 3708K, reserved 1048576K
2016-07-14T12:33:38.608-0530: 20601.826: [GC (Allocation Failure) 20601.971: [ParNew
Desired survivor size 20112992 bytes, new threshold 8 (max 8)
- age   1:   12197352 bytes,   12197352 total
- age   2:     854792 bytes,   13052144 total
- age   3:     849792 bytes,   13901936 total
: 109248K->21824K(109248K), 0.0415777 secs] 239362K->165666K(502464K), 0.1866669 secs] [Times: user=0.10 sys=0.03, real=0.19 secs] 
Heap after GC invocations=52 (full 23):
 par new generation   total 109248K, used 21824K [0x00000007a0000000, 0x00000007a8000000, 0x00000007a8000000)
  eden space 87424K,   0% used [0x00000007a0000000, 0x00000007a0000000, 0x00000007a5560000)
  from space 21824K, 100% used [0x00000007a5560000, 0x00000007a6ab0000, 0x00000007a6ab0000)
  to   space 21824K,   0% used [0x00000007a6ab0000, 0x00000007a6ab0000, 0x00000007a8000000)
 concurrent mark-sweep generation total 393216K, used 143842K [0x00000007a8000000, 0x00000007c0000000, 0x00000007c0000000)
 Metaspace       used 30130K, capacity 30422K, committed 30844K, reserved 1077248K
  class space    used 3603K, capacity 3676K, committed 3708K, reserved 1048576K
}
2016-07-14T12:33:38.795-0530: 20602.013: Total time for which application threads were stopped: 0.1869095 seconds
{Heap before GC invocations=52 (full 23):
 par new generation   total 109248K, used 109248K [0x00000007a0000000, 0x00000007a8000000, 0x00000007a8000000)
  eden space 87424K, 100% used [0x00000007a0000000, 0x00000007a5560000, 0x00000007a5560000)
  from space 21824K, 100% used [0x00000007a5560000, 0x00000007a6ab0000, 0x00000007a6ab0000)
  to   space 21824K,   0% used [0x00000007a6ab0000, 0x00000007a6ab0000, 0x00000007a8000000)
 concurrent mark-sweep generation total 393216K, used 143842K [0x00000007a8000000, 0x00000007c0000000, 0x00000007c0000000)
 Metaspace       used 30130K, capacity 30422K, committed 30844K, reserved 1077248K
  class space    used 3603K, capacity 3676K, committed 3708K, reserved 1048576K
2016-07-14T12:33:39.262-0530: 20602.480: [GC (Allocation Failure) 20602.480: [ParNew
Desired survivor size 20112992 bytes, new threshold 2 (max 8)
- age   1:    8814312 bytes,    8814312 total
- age   2:   11754632 bytes,   20568944 total
- age   3:     854792 bytes,   21423736 total
- age   4:     849792 bytes,   22273528 total
: 109248K->21824K(109248K), 0.0288442 secs] 253090K->172733K(502464K), 0.0289245 secs] [Times: user=0.09 sys=0.01, real=0.03 secs] 
Heap after GC invocations=53 (full 23):
 par new generation   total 109248K, used 21824K [0x00000007a0000000, 0x00000007a8000000, 0x00000007a8000000)
  eden space 87424K,   0% used [0x00000007a0000000, 0x00000007a0000000, 0x00000007a5560000)
  from space 21824K, 100% used [0x00000007a6ab0000, 0x00000007a8000000, 0x00000007a8000000)
  to   space 21824K,   0% used [0x00000007a5560000, 0x00000007a5560000, 0x00000007a6ab0000)
 concurrent mark-sweep generation total 393216K, used 150909K [0x00000007a8000000, 0x00000007c0000000, 0x00000007c0000000)
 Metaspace       used 30130K, capacity 30422K, committed 30844K, reserved 1077248K
  class space    used 3603K, capacity 3676K, committed 3708K, reserved 1048576K
}
2016-07-14T12:33:39.291-0530: 20602.509: Total time for which application threads were stopped: 0.0291537 seconds
2016-07-14T12:33:40.293-0530: 20603.511: Total time for which application threads were stopped: 0.0006286 seconds
2016-07-14T12:33:41.532-0530: 20604.749: Total time for which application threads were stopped: 0.0001584 seconds
2016-07-14T12:33:41.574-0530: 20604.792: Total time for which application threads were stopped: 0.0002067 seconds
2016-07-14T12:33:42.578-0530: 20605.796: Total time for which application threads were stopped: 0.0002121 seconds
2016-07-14T12:34:31.651-0530: 20654.870: Total time for which application threads were stopped: 0.0001450 seconds
2016-07-14T12:34:31.651-0530: 20654.870: Total time for which application threads were stopped: 0.0000582 seconds
2016-07-14T13:18:25.195-0530: 23288.479: Total time for which application threads were stopped: 0.0007574 seconds
2016-07-14T13:18:25.196-0530: 23288.479: Total time for which application threads were stopped: 0.0000431 seconds
2016-07-14T13:18:25.196-0530: 23288.480: Total time for which application threads were stopped: 0.0000386 seconds
2016-07-14T13:18:25.203-0530: 23288.487: Total time for which application threads were stopped: 0.0008866 seconds
2016-07-14T13:18:25.275-0530: 23288.558: Total time for which application threads were stopped: 0.0003263 seconds
2016-07-14T13:18:25.275-0530: 23288.559: Total time for which application threads were stopped: 0.0001313 seconds
2016-07-14T13:18:25.278-0530: 23288.561: Total time for which application threads were stopped: 0.0001355 seconds
{Heap before GC invocations=53 (full 23):
 par new generation   total 109248K, used 109245K [0x00000007a0000000, 0x00000007a8000000, 0x00000007a8000000)
  eden space 87424K,  99% used [0x00000007a0000000, 0x00000007a555f438, 0x00000007a5560000)
  from space 21824K, 100% used [0x00000007a6ab0000, 0x00000007a8000000, 0x00000007a8000000)
  to   space 21824K,   0% used [0x00000007a5560000, 0x00000007a5560000, 0x00000007a6ab0000)
 concurrent mark-sweep generation total 393216K, used 150909K [0x00000007a8000000, 0x00000007c0000000, 0x00000007c0000000)
 Metaspace       used 30139K, capacity 30486K, committed 30844K, reserved 1077248K
  class space    used 3603K, capacity 3676K, committed 3708K, reserved 1048576K
2016-07-14T13:18:25.301-0530: 23288.584: [GC (Allocation Failure) 23288.619: [ParNew
Desired survivor size 20112992 bytes, new threshold 8 (max 8)
- age   1:    1166088 bytes,    1166088 total
- age   2:         24 bytes,    1166112 total
: 109245K->14606K(109248K), 0.0902746 secs] 260154K->173545K(502464K), 0.1258141 secs] [Times: user=0.07 sys=0.13, real=0.12 secs] 
Heap after GC invocations=54 (full 23):
 par new generation   total 109248K, used 14606K [0x00000007a0000000, 0x00000007a8000000, 0x00000007a8000000)
  eden space 87424K,   0% used [0x00000007a0000000, 0x00000007a0000000, 0x00000007a5560000)
  from space 21824K,  66% used [0x00000007a5560000, 0x00000007a63a3a80, 0x00000007a6ab0000)
  to   space 21824K,   0% used [0x00000007a6ab0000, 0x00000007a6ab0000, 0x00000007a8000000)
 concurrent mark-sweep generation total 393216K, used 158938K [0x00000007a8000000, 0x00000007c0000000, 0x00000007c0000000)
 Metaspace       used 30139K, capacity 30486K, committed 30844K, reserved 1077248K
  class space    used 3603K, capacity 3676K, committed 3708K, reserved 1048576K
}
2016-07-14T13:18:25.426-0530: 23288.710: Total time for which application threads were stopped: 0.1261069 seconds
{Heap before GC invocations=54 (full 23):
 par new generation   total 109248K, used 102030K [0x00000007a0000000, 0x00000007a8000000, 0x00000007a8000000)
  eden space 87424K, 100% used [0x00000007a0000000, 0x00000007a5560000, 0x00000007a5560000)
  from space 21824K,  66% used [0x00000007a5560000, 0x00000007a63a3a80, 0x00000007a6ab0000)
  to   space 21824K,   0% used [0x00000007a6ab0000, 0x00000007a6ab0000, 0x00000007a8000000)
 concurrent mark-sweep generation total 393216K, used 158938K [0x00000007a8000000, 0x00000007c0000000, 0x00000007c0000000)
 Metaspace       used 30139K, capacity 30486K, committed 30844K, reserved 1077248K
  class space    used 3603K, capacity 3676K, committed 3708K, reserved 1048576K
2016-07-14T13:18:26.029-0530: 23289.312: [GC (Allocation Failure) 23289.312: [ParNew
Desired survivor size 20112992 bytes, new threshold 1 (max 8)
- age   1:   21166704 bytes,   21166704 total
- age   2:    1165776 bytes,   22332480 total
- age   3:         24 bytes,   22332504 total
: 102030K->21824K(109248K), 0.0626009 secs] 260969K->193148K(502464K), 0.0626928 secs] [Times: user=0.10 sys=0.10, real=0.07 secs] 
Heap after GC invocations=55 (full 23):
 par new generation   total 109248K, used 21824K [0x00000007a0000000, 0x00000007a8000000, 0x00000007a8000000)
  eden space 87424K,   0% used [0x00000007a0000000, 0x00000007a0000000, 0x00000007a5560000)
  from space 21824K, 100% used [0x00000007a6ab0000, 0x00000007a8000000, 0x00000007a8000000)
  to   space 21824K,   0% used [0x00000007a5560000, 0x00000007a5560000, 0x00000007a6ab0000)
 concurrent mark-sweep generation total 393216K, used 171324K [0x00000007a8000000, 0x00000007c0000000, 0x00000007c0000000)
 Metaspace       used 30139K, capacity 30486K, committed 30844K, reserved 1077248K
  class space    used 3603K, capacity 3676K, committed 3708K, reserved 1048576K
}
2016-07-14T13:18:26.092-0530: 23289.375: Total time for which application threads were stopped: 0.0629823 seconds
{Heap before GC invocations=55 (full 23):
 par new generation   total 109248K, used 109248K [0x00000007a0000000, 0x00000007a8000000, 0x00000007a8000000)
  eden space 87424K, 100% used [0x00000007a0000000, 0x00000007a5560000, 0x00000007a5560000)
  from space 21824K, 100% used [0x00000007a6ab0000, 0x00000007a8000000, 0x00000007a8000000)
  to   space 21824K,   0% used [0x00000007a5560000, 0x00000007a5560000, 0x00000007a6ab0000)
 concurrent mark-sweep generation total 393216K, used 171324K [0x00000007a8000000, 0x00000007c0000000, 0x00000007c0000000)
 Metaspace       used 30139K, capacity 30486K, committed 30844K, reserved 1077248K
  class space    used 3603K, capacity 3676K, committed 3708K, reserved 1048576K
2016-07-14T13:18:26.678-0530: 23289.962: [GC (Allocation Failure) 23289.962: [ParNew
Desired survivor size 20112992 bytes, new threshold 8 (max 8)
- age   1:   12435432 bytes,   12435432 total
: 109248K->21615K(109248K), 0.0625906 secs] 280572K->210102K(502464K), 0.0626538 secs] [Times: user=0.07 sys=0.11, real=0.07 secs] 
Heap after GC invocations=56 (full 23):
 par new generation   total 109248K, used 21615K [0x00000007a0000000, 0x00000007a8000000, 0x00000007a8000000)
  eden space 87424K,   0% used [0x00000007a0000000, 0x00000007a0000000, 0x00000007a5560000)
  from space 21824K,  99% used [0x00000007a5560000, 0x00000007a6a7be40, 0x00000007a6ab0000)
  to   space 21824K,   0% used [0x00000007a6ab0000, 0x00000007a6ab0000, 0x00000007a8000000)
 concurrent mark-sweep generation total 393216K, used 188486K [0x00000007a8000000, 0x00000007c0000000, 0x00000007c0000000)
 Metaspace       used 30139K, capacity 30486K, committed 30844K, reserved 1077248K
  class space    used 3603K, capacity 3676K, committed 3708K, reserved 1048576K
}
2016-07-14T13:18:26.741-0530: 23290.024: Total time for which application threads were stopped: 0.0629031 seconds
2016-07-14T13:18:27.742-0530: 23291.025: Total time for which application threads were stopped: 0.0001777 seconds
2016-07-14T13:18:28.792-0530: 23292.075: Total time for which application threads were stopped: 0.0001505 seconds
2016-07-14T13:18:29.080-0530: 23292.364: Total time for which application threads were stopped: 0.0003853 seconds
2016-07-14T13:18:30.081-0530: 23293.365: Total time for which application threads were stopped: 0.0001291 seconds
2016-07-14T13:19:19.157-0530: 23342.441: Total time for which application threads were stopped: 0.0000922 seconds
2016-07-14T13:19:19.157-0530: 23342.441: Total time for which application threads were stopped: 0.0000668 seconds
2016-07-14T13:20:13.462-0530: 23396.747: Total time for which application threads were stopped: 0.0001272 seconds
2016-07-14T13:20:13.462-0530: 23396.748: Total time for which application threads were stopped: 0.0000656 seconds
2016-07-14T13:20:13.463-0530: 23396.749: Total time for which application threads were stopped: 0.0000959 seconds
{Heap before GC invocations=56 (full 23):
 par new generation   total 109248K, used 109039K [0x00000007a0000000, 0x00000007a8000000, 0x00000007a8000000)
  eden space 87424K, 100% used [0x00000007a0000000, 0x00000007a5560000, 0x00000007a5560000)
  from space 21824K,  99% used [0x00000007a5560000, 0x00000007a6a7be40, 0x00000007a6ab0000)
  to   space 21824K,   0% used [0x00000007a6ab0000, 0x00000007a6ab0000, 0x00000007a8000000)
 concurrent mark-sweep generation total 393216K, used 188486K [0x00000007a8000000, 0x00000007c0000000, 0x00000007c0000000)
 Metaspace       used 30161K, capacity 30486K, committed 30844K, reserved 1077248K
  class space    used 3603K, capacity 3676K, committed 3708K, reserved 1048576K
2016-07-14T13:20:13.531-0530: 23396.817: [GC (Allocation Failure) 23396.848: [ParNew
Desired survivor size 20112992 bytes, new threshold 2 (max 8)
- age   1:   10973208 bytes,   10973208 total
- age   2:   11345776 bytes,   22318984 total
: 109039K->21824K(109248K), 0.0177381 secs] 297526K->211233K(502464K), 0.0492027 secs] [Times: user=0.06 sys=0.01, real=0.05 secs] 
Heap after GC invocations=57 (full 23):
 par new generation   total 109248K, used 21824K [0x00000007a0000000, 0x00000007a8000000, 0x00000007a8000000)
  eden space 87424K,   0% used [0x00000007a0000000, 0x00000007a0000000, 0x00000007a5560000)
  from space 21824K, 100% used [0x00000007a6ab0000, 0x00000007a8000000, 0x00000007a8000000)
  to   space 21824K,   0% used [0x00000007a5560000, 0x00000007a5560000, 0x00000007a6ab0000)
 concurrent mark-sweep generation total 393216K, used 189409K [0x00000007a8000000, 0x00000007c0000000, 0x00000007c0000000)
 Metaspace       used 30161K, capacity 30486K, committed 30844K, reserved 1077248K
  class space    used 3603K, capacity 3676K, committed 3708K, reserved 1048576K
}
2016-07-14T13:20:13.581-0530: 23396.866: Total time for which application threads were stopped: 0.0494397 seconds
{Heap before GC invocations=57 (full 23):
 par new generation   total 109248K, used 109248K [0x00000007a0000000, 0x00000007a8000000, 0x00000007a8000000)
  eden space 87424K, 100% used [0x00000007a0000000, 0x00000007a5560000, 0x00000007a5560000)
  from space 21824K, 100% used [0x00000007a6ab0000, 0x00000007a8000000, 0x00000007a8000000)
  to   space 21824K,   0% used [0x00000007a5560000, 0x00000007a5560000, 0x00000007a6ab0000)
 concurrent mark-sweep generation total 393216K, used 189409K [0x00000007a8000000, 0x00000007c0000000, 0x00000007c0000000)
 Metaspace       used 30161K, capacity 30486K, committed 30844K, reserved 1077248K
  class space    used 3603K, capacity 3676K, committed 3708K, reserved 1048576K
2016-07-14T13:20:14.198-0530: 23397.483: [GC (Allocation Failure) 23397.483: [ParNew
Desired survivor size 20112992 bytes, new threshold 2 (max 8)
- age   1:   14087688 bytes,   14087688 total
- age   2:    8252832 bytes,   22340520 total
: 109248K->21824K(109248K), 0.2059028 secs] 298657K->255624K(502464K), 0.2059756 secs] [Times: user=0.23 sys=0.16, real=0.21 secs] 
Heap after GC invocations=58 (full 23):
 par new generation   total 109248K, used 21824K [0x00000007a0000000, 0x00000007a8000000, 0x00000007a8000000)
  eden space 87424K,   0% used [0x00000007a0000000, 0x00000007a0000000, 0x00000007a5560000)
  from space 21824K, 100% used [0x00000007a5560000, 0x00000007a6ab0000, 0x00000007a6ab0000)
  to   space 21824K,   0% used [0x00000007a6ab0000, 0x00000007a6ab0000, 0x00000007a8000000)
 concurrent mark-sweep generation total 393216K, used 233800K [0x00000007a8000000, 0x00000007c0000000, 0x00000007c0000000)
 Metaspace       used 30161K, capacity 30486K, committed 30844K, reserved 1077248K
  class space    used 3603K, capacity 3676K, committed 3708K, reserved 1048576K
}
2016-07-14T13:20:14.404-0530: 23397.689: Total time for which application threads were stopped: 0.2063340 seconds
2016-07-14T13:20:14.404-0530: 23397.690: [GC (CMS Initial Mark) [1 CMS-initial-mark: 233800K(393216K)] 256966K(502464K), 0.0059887 secs] [Times: user=0.01 sys=0.00, real=0.01 secs] 
2016-07-14T13:20:14.410-0530: 23397.696: Total time for which application threads were stopped: 0.0061869 seconds
2016-07-14T13:20:14.410-0530: 23397.696: [CMS-concurrent-mark-start]
2016-07-14T13:20:14.474-0530: 23397.760: [CMS-concurrent-mark: 0.064/0.064 secs] [Times: user=0.14 sys=0.03, real=0.06 secs] 
2016-07-14T13:20:14.474-0530: 23397.760: [CMS-concurrent-preclean-start]
2016-07-14T13:20:14.476-0530: 23397.762: [CMS-concurrent-preclean: 0.002/0.002 secs] [Times: user=0.00 sys=0.00, real=0.00 secs] 
2016-07-14T13:20:14.476-0530: 23397.762: [CMS-concurrent-abortable-preclean-start]
2016-07-14T13:20:14.924-0530: 23398.209: [CMS-concurrent-abortable-preclean: 0.242/0.448 secs] [Times: user=0.61 sys=0.00, real=0.45 secs] 
2016-07-14T13:20:14.924-0530: 23398.210: [GC (CMS Final Remark) [YG occupancy: 80097 K (109248 K)]{Heap before GC invocations=58 (full 24):
 par new generation   total 109248K, used 80097K [0x00000007a0000000, 0x00000007a8000000, 0x00000007a8000000)
  eden space 87424K,  66% used [0x00000007a0000000, 0x00000007a38e8428, 0x00000007a5560000)
  from space 21824K, 100% used [0x00000007a5560000, 0x00000007a6ab0000, 0x00000007a6ab0000)
  to   space 21824K,   0% used [0x00000007a6ab0000, 0x00000007a6ab0000, 0x00000007a8000000)
 concurrent mark-sweep generation total 393216K, used 233800K [0x00000007a8000000, 0x00000007c0000000, 0x00000007c0000000)
 Metaspace       used 30161K, capacity 30486K, committed 30844K, reserved 1077248K
  class space    used 3603K, capacity 3676K, committed 3708K, reserved 1048576K
2016-07-14T13:20:14.924-0530: 23398.210: [GC (CMS Final Remark) 23398.210: [ParNew
Desired survivor size 20112992 bytes, new threshold 8 (max 8)
- age   1:    6542600 bytes,    6542600 total
- age   2:   12673640 bytes,   19216240 total
: 80097K->21824K(109248K), 0.0371020 secs] 313897K->265311K(502464K), 0.0371533 secs] [Times: user=0.09 sys=0.04, real=0.04 secs] 
Heap after GC invocations=59 (full 24):
 par new generation   total 109248K, used 21824K [0x00000007a0000000, 0x00000007a8000000, 0x00000007a8000000)
  eden space 87424K,   0% used [0x00000007a0000000, 0x00000007a0000000, 0x00000007a5560000)
  from space 21824K, 100% used [0x00000007a6ab0000, 0x00000007a8000000, 0x00000007a8000000)
  to   space 21824K,   0% used [0x00000007a5560000, 0x00000007a5560000, 0x00000007a6ab0000)
 concurrent mark-sweep generation total 393216K, used 243487K [0x00000007a8000000, 0x00000007c0000000, 0x00000007c0000000)
 Metaspace       used 30161K, capacity 30486K, committed 30844K, reserved 1077248K
  class space    used 3603K, capacity 3676K, committed 3708K, reserved 1048576K
}
23398.247: [Rescan (parallel) , 0.0088108 secs]23398.256: [weak refs processing, 0.0158338 secs]23398.271: [class unloading, 0.0720892 secs]23398.344: [scrub symbol table, 0.0142777 secs]23398.358: [scrub string table, 0.0005575 secs][1 CMS-remark: 243487K(393216K)] 265311K(502464K), 0.1527192 secs] [Times: user=0.17 sys=0.09, real=0.15 secs] 
2016-07-14T13:20:15.077-0530: 23398.362: Total time for which application threads were stopped: 0.1529439 seconds
2016-07-14T13:20:15.077-0530: 23398.362: [CMS-concurrent-sweep-start]
2016-07-14T13:20:15.472-0530: 23398.757: [CMS-concurrent-sweep: 0.395/0.395 secs] [Times: user=0.52 sys=0.14, real=0.40 secs] 
2016-07-14T13:20:15.472-0530: 23398.758: [CMS-concurrent-reset-start]
2016-07-14T13:20:15.477-0530: 23398.762: [CMS-concurrent-reset: 0.005/0.005 secs] [Times: user=0.01 sys=0.00, real=0.00 secs] 
2016-07-14T13:20:16.079-0530: 23399.364: Total time for which application threads were stopped: 0.0001802 seconds
2016-07-14T13:20:17.247-0530: 23400.533: Total time for which application threads were stopped: 0.0001740 seconds
2016-07-14T13:20:17.310-0530: 23400.596: Total time for which application threads were stopped: 0.0002464 seconds
2016-07-14T13:20:18.315-0530: 23401.600: Total time for which application threads were stopped: 0.0001314 seconds
2016-07-14T13:21:07.330-0530: 23450.617: Total time for which application threads were stopped: 0.0000898 seconds
2016-07-14T13:21:07.331-0530: 23450.617: Total time for which application threads were stopped: 0.0001318 seconds
2016-07-14T14:02:01.388-0530: 25904.722: Total time for which application threads were stopped: 0.0009040 seconds
2016-07-14T14:02:01.389-0530: 25904.722: Total time for which application threads were stopped: 0.0000450 seconds
2016-07-14T14:02:01.397-0530: 25904.730: Total time for which application threads were stopped: 0.0001514 seconds
{Heap before GC invocations=59 (full 24):
 par new generation   total 109248K, used 108645K [0x00000007a0000000, 0x00000007a8000000, 0x00000007a8000000)
  eden space 87424K,  99% used [0x00000007a0000000, 0x00000007a54c9578, 0x00000007a5560000)
  from space 21824K, 100% used [0x00000007a6ab0000, 0x00000007a8000000, 0x00000007a8000000)
  to   space 21824K,   0% used [0x00000007a5560000, 0x00000007a5560000, 0x00000007a6ab0000)
 concurrent mark-sweep generation total 393216K, used 75435K [0x00000007a8000000, 0x00000007c0000000, 0x00000007c0000000)
 Metaspace       used 30169K, capacity 30486K, committed 30844K, reserved 1077248K
  class space    used 3603K, capacity 3676K, committed 3708K, reserved 1048576K
2016-07-14T14:02:01.605-0530: 25904.938: [GC (Allocation Failure) 25904.953: [ParNew
Desired survivor size 20112992 bytes, new threshold 3 (max 8)
- age   1:    9059112 bytes,    9059112 total
- age   2:    2793400 bytes,   11852512 total
- age   3:   10477984 bytes,   22330496 total
: 108645K->21824K(109248K), 0.1787606 secs] 184081K->104808K(502464K), 0.1935240 secs] [Times: user=0.10 sys=0.31, real=0.19 secs] 
Heap after GC invocations=60 (full 24):
 par new generation   total 109248K, used 21824K [0x00000007a0000000, 0x00000007a8000000, 0x00000007a8000000)
  eden space 87424K,   0% used [0x00000007a0000000, 0x00000007a0000000, 0x00000007a5560000)
  from space 21824K, 100% used [0x00000007a5560000, 0x00000007a6ab0000, 0x00000007a6ab0000)
  to   space 21824K,   0% used [0x00000007a6ab0000, 0x00000007a6ab0000, 0x00000007a8000000)
 concurrent mark-sweep generation total 393216K, used 82984K [0x00000007a8000000, 0x00000007c0000000, 0x00000007c0000000)
 Metaspace       used 30169K, capacity 30486K, committed 30844K, reserved 1077248K
  class space    used 3603K, capacity 3676K, committed 3708K, reserved 1048576K
}
2016-07-14T14:02:01.798-0530: 25905.131: Total time for which application threads were stopped: 0.1937766 seconds
{Heap before GC invocations=60 (full 24):
 par new generation   total 109248K, used 109248K [0x00000007a0000000, 0x00000007a8000000, 0x00000007a8000000)
  eden space 87424K, 100% used [0x00000007a0000000, 0x00000007a5560000, 0x00000007a5560000)
  from space 21824K, 100% used [0x00000007a5560000, 0x00000007a6ab0000, 0x00000007a6ab0000)
  to   space 21824K,   0% used [0x00000007a6ab0000, 0x00000007a6ab0000, 0x00000007a8000000)
 concurrent mark-sweep generation total 393216K, used 82984K [0x00000007a8000000, 0x00000007c0000000, 0x00000007c0000000)
 Metaspace       used 30169K, capacity 30486K, committed 30844K, reserved 1077248K
  class space    used 3603K, capacity 3676K, committed 3708K, reserved 1048576K
2016-07-14T14:02:02.446-0530: 25905.779: [GC (Allocation Failure) 25905.779: [ParNew
Desired survivor size 20112992 bytes, new threshold 3 (max 8)
- age   1:   16454264 bytes,   16454264 total
- age   2:    2840200 bytes,   19294464 total
- age   3:    2793400 bytes,   22087864 total
: 109248K->21824K(109248K), 0.1404149 secs] 192232K->150621K(502464K), 0.1405035 secs] [Times: user=0.23 sys=0.19, real=0.14 secs] 
Heap after GC invocations=61 (full 24):
 par new generation   total 109248K, used 21824K [0x00000007a0000000, 0x00000007a8000000, 0x00000007a8000000)
  eden space 87424K,   0% used [0x00000007a0000000, 0x00000007a0000000, 0x00000007a5560000)
  from space 21824K, 100% used [0x00000007a6ab0000, 0x00000007a8000000, 0x00000007a8000000)
  to   space 21824K,   0% used [0x00000007a5560000, 0x00000007a5560000, 0x00000007a6ab0000)
 concurrent mark-sweep generation total 393216K, used 128797K [0x00000007a8000000, 0x00000007c0000000, 0x00000007c0000000)
 Metaspace       used 30169K, capacity 30486K, committed 30844K, reserved 1077248K
  class space    used 3603K, capacity 3676K, committed 3708K, reserved 1048576K
}
2016-07-14T14:02:02.600-0530: 25905.934: Total time for which application threads were stopped: 0.1543341 seconds
{Heap before GC invocations=61 (full 24):
 par new generation   total 109248K, used 109107K [0x00000007a0000000, 0x00000007a8000000, 0x00000007a8000000)
  eden space 87424K,  99% used [0x00000007a0000000, 0x00000007a553cd48, 0x00000007a5560000)
  from space 21824K, 100% used [0x00000007a6ab0000, 0x00000007a8000000, 0x00000007a8000000)
  to   space 21824K,   0% used [0x00000007a5560000, 0x00000007a5560000, 0x00000007a6ab0000)
 concurrent mark-sweep generation total 393216K, used 128797K [0x00000007a8000000, 0x00000007c0000000, 0x00000007c0000000)
 Metaspace       used 30169K, capacity 30486K, committed 30844K, reserved 1077248K
  class space    used 3603K, capacity 3676K, committed 3708K, reserved 1048576K
2016-07-14T14:02:03.371-0530: 25906.705: [GC (Allocation Failure) 25906.705: [ParNew
Desired survivor size 20112992 bytes, new threshold 3 (max 8)
- age   1:    9901080 bytes,    9901080 total
- age   2:    9632560 bytes,   19533640 total
- age   3:    2840200 bytes,   22373840 total
: 109107K->21824K(109248K), 0.0317685 secs] 237905K->157910K(502464K), 0.0318324 secs] [Times: user=0.10 sys=0.03, real=0.03 secs] 
Heap after GC invocations=62 (full 24):
 par new generation   total 109248K, used 21824K [0x00000007a0000000, 0x00000007a8000000, 0x00000007a8000000)
  eden space 87424K,   0% used [0x00000007a0000000, 0x00000007a0000000, 0x00000007a5560000)
  from space 21824K, 100% used [0x00000007a5560000, 0x00000007a6ab0000, 0x00000007a6ab0000)
  to   space 21824K,   0% used [0x00000007a6ab0000, 0x00000007a6ab0000, 0x00000007a8000000)
 concurrent mark-sweep generation total 393216K, used 136086K [0x00000007a8000000, 0x00000007c0000000, 0x00000007c0000000)
 Metaspace       used 30169K, capacity 30486K, committed 30844K, reserved 1077248K
  class space    used 3603K, capacity 3676K, committed 3708K, reserved 1048576K
}
2016-07-14T14:02:03.403-0530: 25906.737: Total time for which application threads were stopped: 0.0321062 seconds
2016-07-14T14:02:05.101-0530: 25908.435: Total time for which application threads were stopped: 0.0002358 seconds
2016-07-14T14:02:05.228-0530: 25908.561: Total time for which application threads were stopped: 0.0004963 seconds
2016-07-14T14:02:55.232-0530: 25958.567: Total time for which application threads were stopped: 0.0000947 seconds
2016-07-14T14:02:55.233-0530: 25958.567: Total time for which application threads were stopped: 0.0000600 seconds
2016-07-14T14:21:36.163-0530: 27079.523: Total time for which application threads were stopped: 0.0007648 seconds
2016-07-14T14:21:36.163-0530: 27079.523: Total time for which application threads were stopped: 0.0000374 seconds
2016-07-14T14:21:36.163-0530: 27079.524: Total time for which application threads were stopped: 0.0000631 seconds
2016-07-14T14:21:36.170-0530: 27079.530: Total time for which application threads were stopped: 0.0000994 seconds
{Heap before GC invocations=62 (full 24):
 par new generation   total 109248K, used 108850K [0x00000007a0000000, 0x00000007a8000000, 0x00000007a8000000)
  eden space 87424K,  99% used [0x00000007a0000000, 0x00000007a54fc838, 0x00000007a5560000)
  from space 21824K, 100% used [0x00000007a5560000, 0x00000007a6ab0000, 0x00000007a6ab0000)
  to   space 21824K,   0% used [0x00000007a6ab0000, 0x00000007a6ab0000, 0x00000007a8000000)
 concurrent mark-sweep generation total 393216K, used 136086K [0x00000007a8000000, 0x00000007c0000000, 0x00000007c0000000)
 Metaspace       used 30191K, capacity 30550K, committed 30844K, reserved 1077248K
  class space    used 3603K, capacity 3676K, committed 3708K, reserved 1048576K
2016-07-14T14:21:36.719-0530: 27080.080: [GC (Allocation Failure) 27080.122: [ParNew
Desired survivor size 20112992 bytes, new threshold 8 (max 8)
- age   1:   12729944 bytes,   12729944 total
- age   3:     365128 bytes,   13095072 total
: 108850K->21734K(109248K), 0.0690575 secs] 244937K->163071K(502464K), 0.1117852 secs] [Times: user=0.06 sys=0.13, real=0.12 secs] 
Heap after GC invocations=63 (full 24):
 par new generation   total 109248K, used 21734K [0x00000007a0000000, 0x00000007a8000000, 0x00000007a8000000)
  eden space 87424K,   0% used [0x00000007a0000000, 0x00000007a0000000, 0x00000007a5560000)
  from space 21824K,  99% used [0x00000007a6ab0000, 0x00000007a7fe9860, 0x00000007a8000000)
  to   space 21824K,   0% used [0x00000007a5560000, 0x00000007a5560000, 0x00000007a6ab0000)
 concurrent mark-sweep generation total 393216K, used 141337K [0x00000007a8000000, 0x00000007c0000000, 0x00000007c0000000)
 Metaspace       used 30191K, capacity 30550K, committed 30844K, reserved 1077248K
  class space    used 3603K, capacity 3676K, committed 3708K, reserved 1048576K
}
2016-07-14T14:21:36.831-0530: 27080.191: Total time for which application threads were stopped: 0.1120653 seconds
{Heap before GC invocations=63 (full 24):
 par new generation   total 109248K, used 109158K [0x00000007a0000000, 0x00000007a8000000, 0x00000007a8000000)
  eden space 87424K, 100% used [0x00000007a0000000, 0x00000007a5560000, 0x00000007a5560000)
  from space 21824K,  99% used [0x00000007a6ab0000, 0x00000007a7fe9860, 0x00000007a8000000)
  to   space 21824K,   0% used [0x00000007a5560000, 0x00000007a5560000, 0x00000007a6ab0000)
 concurrent mark-sweep generation total 393216K, used 141337K [0x00000007a8000000, 0x00000007c0000000, 0x00000007c0000000)
 Metaspace       used 30191K, capacity 30550K, committed 30844K, reserved 1077248K
  class space    used 3603K, capacity 3676K, committed 3708K, reserved 1048576K
2016-07-14T14:21:37.392-0530: 27080.752: [GC (Allocation Failure) 27080.752: [ParNew
Desired survivor size 20112992 bytes, new threshold 2 (max 8)
- age   1:    9239344 bytes,    9239344 total
- age   2:   12731376 bytes,   21970720 total
- age   4:     365128 bytes,   22335848 total
: 109158K->21824K(109248K), 0.0624742 secs] 250495K->169166K(502464K), 0.0625417 secs] [Times: user=0.09 sys=0.10, real=0.06 secs] 
Heap after GC invocations=64 (full 24):
 par new generation   total 109248K, used 21824K [0x00000007a0000000, 0x00000007a8000000, 0x00000007a8000000)
  eden space 87424K,   0% used [0x00000007a0000000, 0x00000007a0000000, 0x00000007a5560000)
  from space 21824K, 100% used [0x00000007a5560000, 0x00000007a6ab0000, 0x00000007a6ab0000)
  to   space 21824K,   0% used [0x00000007a6ab0000, 0x00000007a6ab0000, 0x00000007a8000000)
 concurrent mark-sweep generation total 393216K, used 147342K [0x00000007a8000000, 0x00000007c0000000, 0x00000007c0000000)
 Metaspace       used 30191K, capacity 30550K, committed 30844K, reserved 1077248K
  class space    used 3603K, capacity 3676K, committed 3708K, reserved 1048576K
}
2016-07-14T14:21:37.454-0530: 27080.814: Total time for which application threads were stopped: 0.0627801 seconds
2016-07-14T14:21:39.794-0530: 27083.154: Total time for which application threads were stopped: 0.0002138 seconds
2016-07-14T14:21:40.794-0530: 27084.155: Total time for which application threads were stopped: 0.0002053 seconds
2016-07-14T14:22:29.884-0530: 27133.246: Total time for which application threads were stopped: 0.0000970 seconds
2016-07-14T14:22:29.884-0530: 27133.246: Total time for which application threads were stopped: 0.0000521 seconds
2016-07-14T14:24:47.527-0530: 27270.892: Total time for which application threads were stopped: 0.0009292 seconds
2016-07-14T14:24:47.528-0530: 27270.892: Total time for which application threads were stopped: 0.0000660 seconds
2016-07-14T14:24:47.540-0530: 27270.905: Total time for which application threads were stopped: 0.0000916 seconds
{Heap before GC invocations=64 (full 24):
 par new generation   total 109248K, used 109248K [0x00000007a0000000, 0x00000007a8000000, 0x00000007a8000000)
  eden space 87424K, 100% used [0x00000007a0000000, 0x00000007a5560000, 0x00000007a5560000)
  from space 21824K, 100% used [0x00000007a5560000, 0x00000007a6ab0000, 0x00000007a6ab0000)
  to   space 21824K,   0% used [0x00000007a6ab0000, 0x00000007a6ab0000, 0x00000007a8000000)
 concurrent mark-sweep generation total 393216K, used 147342K [0x00000007a8000000, 0x00000007c0000000, 0x00000007c0000000)
 Metaspace       used 30202K, capacity 30550K, committed 30844K, reserved 1077248K
  class space    used 3603K, capacity 3676K, committed 3708K, reserved 1048576K
2016-07-14T14:24:47.578-0530: 27270.943: [GC (Allocation Failure) 27271.022: [ParNew
Desired survivor size 20112992 bytes, new threshold 8 (max 8)
- age   1:    2640872 bytes,    2640872 total
: 109248K->15349K(109248K), 0.1359073 secs] 256590K->169194K(502464K), 0.2154242 secs] [Times: user=0.04 sys=0.03, real=0.22 secs] 
Heap after GC invocations=65 (full 24):
 par new generation   total 109248K, used 15349K [0x00000007a0000000, 0x00000007a8000000, 0x00000007a8000000)
  eden space 87424K,   0% used [0x00000007a0000000, 0x00000007a0000000, 0x00000007a5560000)
  from space 21824K,  70% used [0x00000007a6ab0000, 0x00000007a79ad720, 0x00000007a8000000)
  to   space 21824K,   0% used [0x00000007a5560000, 0x00000007a5560000, 0x00000007a6ab0000)
 concurrent mark-sweep generation total 393216K, used 153844K [0x00000007a8000000, 0x00000007c0000000, 0x00000007c0000000)
 Metaspace       used 30202K, capacity 30550K, committed 30844K, reserved 1077248K
  class space    used 3603K, capacity 3676K, committed 3708K, reserved 1048576K
}
2016-07-14T14:24:47.794-0530: 27271.158: Total time for which application threads were stopped: 0.2156605 seconds
{Heap before GC invocations=65 (full 24):
 par new generation   total 109248K, used 102773K [0x00000007a0000000, 0x00000007a8000000, 0x00000007a8000000)
  eden space 87424K, 100% used [0x00000007a0000000, 0x00000007a5560000, 0x00000007a5560000)
  from space 21824K,  70% used [0x00000007a6ab0000, 0x00000007a79ad720, 0x00000007a8000000)
  to   space 21824K,   0% used [0x00000007a5560000, 0x00000007a5560000, 0x00000007a6ab0000)
 concurrent mark-sweep generation total 393216K, used 153844K [0x00000007a8000000, 0x00000007c0000000, 0x00000007c0000000)
 Metaspace       used 30205K, capacity 30550K, committed 30844K, reserved 1077248K
  class space    used 3603K, capacity 3676K, committed 3708K, reserved 1048576K
2016-07-14T14:24:48.317-0530: 27271.681: [GC (Allocation Failure) 27271.682: [ParNew
Desired survivor size 20112992 bytes, new threshold 2 (max 8)
- age   1:   19700792 bytes,   19700792 total
- age   2:    2630552 bytes,   22331344 total
: 102773K->21824K(109248K), 0.0790079 secs] 256618K->193967K(502464K), 0.0790786 secs] [Times: user=0.14 sys=0.06, real=0.08 secs] 
Heap after GC invocations=66 (full 24):
 par new generation   total 109248K, used 21824K [0x00000007a0000000, 0x00000007a8000000, 0x00000007a8000000)
  eden space 87424K,   0% used [0x00000007a0000000, 0x00000007a0000000, 0x00000007a5560000)
  from space 21824K, 100% used [0x00000007a5560000, 0x00000007a6ab0000, 0x00000007a6ab0000)
  to   space 21824K,   0% used [0x00000007a6ab0000, 0x00000007a6ab0000, 0x00000007a8000000)
 concurrent mark-sweep generation total 393216K, used 172143K [0x00000007a8000000, 0x00000007c0000000, 0x00000007c0000000)
 Metaspace       used 30205K, capacity 30550K, committed 30844K, reserved 1077248K
  class space    used 3603K, capacity 3676K, committed 3708K, reserved 1048576K
}
2016-07-14T14:24:48.396-0530: 27271.761: Total time for which application threads were stopped: 0.0793357 seconds
{Heap before GC invocations=66 (full 24):
 par new generation   total 109248K, used 109248K [0x00000007a0000000, 0x00000007a8000000, 0x00000007a8000000)
  eden space 87424K, 100% used [0x00000007a0000000, 0x00000007a5560000, 0x00000007a5560000)
  from space 21824K, 100% used [0x00000007a5560000, 0x00000007a6ab0000, 0x00000007a6ab0000)
  to   space 21824K,   0% used [0x00000007a6ab0000, 0x00000007a6ab0000, 0x00000007a8000000)
 concurrent mark-sweep generation total 393216K, used 172143K [0x00000007a8000000, 0x00000007c0000000, 0x00000007c0000000)
 Metaspace       used 30205K, capacity 30550K, committed 30844K, reserved 1077248K
  class space    used 3603K, capacity 3676K, committed 3708K, reserved 1048576K
2016-07-14T14:24:49.018-0530: 27272.382: [GC (Allocation Failure) 27272.382: [ParNew
Desired survivor size 20112992 bytes, new threshold 8 (max 8)
- age   1:    7397400 bytes,    7397400 total
- age   2:   12282440 bytes,   19679840 total
: 109248K->21824K(109248K), 0.0649446 secs] 281391K->202902K(502464K), 0.0650342 secs] [Times: user=0.12 sys=0.05, real=0.07 secs] 
Heap after GC invocations=67 (full 24):
 par new generation   total 109248K, used 21824K [0x00000007a0000000, 0x00000007a8000000, 0x00000007a8000000)
  eden space 87424K,   0% used [0x00000007a0000000, 0x00000007a0000000, 0x00000007a5560000)
  from space 21824K, 100% used [0x00000007a6ab0000, 0x00000007a8000000, 0x00000007a8000000)
  to   space 21824K,   0% used [0x00000007a5560000, 0x00000007a5560000, 0x00000007a6ab0000)
 concurrent mark-sweep generation total 393216K, used 181078K [0x00000007a8000000, 0x00000007c0000000, 0x00000007c0000000)
 Metaspace       used 30205K, capacity 30550K, committed 30844K, reserved 1077248K
  class space    used 3603K, capacity 3676K, committed 3708K, reserved 1048576K
}
2016-07-14T14:24:49.083-0530: 27272.448: Total time for which application threads were stopped: 0.0652227 seconds
2016-07-14T14:24:51.084-0530: 27274.448: Total time for which application threads were stopped: 0.0002475 seconds
2016-07-14T14:24:52.087-0530: 27275.452: Total time for which application threads were stopped: 0.0003174 seconds
{Heap before GC invocations=67 (full 24):
 par new generation   total 109248K, used 108552K [0x00000007a0000000, 0x00000007a8000000, 0x00000007a8000000)
  eden space 87424K,  99% used [0x00000007a0000000, 0x00000007a54b22e0, 0x00000007a5560000)
  from space 21824K, 100% used [0x00000007a6ab0000, 0x00000007a8000000, 0x00000007a8000000)
  to   space 21824K,   0% used [0x00000007a5560000, 0x00000007a5560000, 0x00000007a6ab0000)
 concurrent mark-sweep generation total 393216K, used 181078K [0x00000007a8000000, 0x00000007c0000000, 0x00000007c0000000)
 Metaspace       used 30212K, capacity 30550K, committed 30844K, reserved 1077248K
  class space    used 3603K, capacity 3676K, committed 3708K, reserved 1048576K
2016-07-14T14:25:40.723-0530: 27324.089: [GC (Allocation Failure) 27324.103: [ParNew
Desired survivor size 20112992 bytes, new threshold 8 (max 8)
- age   1:   12182072 bytes,   12182072 total
- age   3:    3787432 bytes,   15969504 total
: 108552K->21824K(109248K), 0.0132218 secs] 289631K->202902K(502464K), 0.0276416 secs] [Times: user=0.04 sys=0.00, real=0.03 secs] 
Heap after GC invocations=68 (full 24):
 par new generation   total 109248K, used 21824K [0x00000007a0000000, 0x00000007a8000000, 0x00000007a8000000)
  eden space 87424K,   0% used [0x00000007a0000000, 0x00000007a0000000, 0x00000007a5560000)
  from space 21824K, 100% used [0x00000007a5560000, 0x00000007a6ab0000, 0x00000007a6ab0000)
  to   space 21824K,   0% used [0x00000007a6ab0000, 0x00000007a6ab0000, 0x00000007a8000000)
 concurrent mark-sweep generation total 393216K, used 181078K [0x00000007a8000000, 0x00000007c0000000, 0x00000007c0000000)
 Metaspace       used 30212K, capacity 30550K, committed 30844K, reserved 1077248K
  class space    used 3603K, capacity 3676K, committed 3708K, reserved 1048576K
}
2016-07-14T14:25:40.751-0530: 27324.117: Total time for which application threads were stopped: 0.0278697 seconds
{Heap before GC invocations=68 (full 24):
 par new generation   total 109248K, used 108629K [0x00000007a0000000, 0x00000007a8000000, 0x00000007a8000000)
  eden space 87424K,  99% used [0x00000007a0000000, 0x00000007a54c5670, 0x00000007a5560000)
  from space 21824K, 100% used [0x00000007a5560000, 0x00000007a6ab0000, 0x00000007a6ab0000)
  to   space 21824K,   0% used [0x00000007a6ab0000, 0x00000007a6ab0000, 0x00000007a8000000)
 concurrent mark-sweep generation total 393216K, used 181078K [0x00000007a8000000, 0x00000007c0000000, 0x00000007c0000000)
 Metaspace       used 30212K, capacity 30550K, committed 30844K, reserved 1077248K
  class space    used 3603K, capacity 3676K, committed 3708K, reserved 1048576K
2016-07-14T14:25:41.330-0530: 27324.696: [GC (Allocation Failure) 27324.751: [ParNew
Desired survivor size 20112992 bytes, new threshold 4 (max 8)
- age   1:   12632840 bytes,   12632840 total
- age   2:    5896888 bytes,   18529728 total
- age   4:    3787432 bytes,   22317160 total
: 108629K->21824K(109248K), 0.1234789 secs] 289708K->242841K(502464K), 0.1786008 secs] [Times: user=0.24 sys=0.15, real=0.17 secs] 
Heap after GC invocations=69 (full 24):
 par new generation   total 109248K, used 21824K [0x00000007a0000000, 0x00000007a8000000, 0x00000007a8000000)
  eden space 87424K,   0% used [0x00000007a0000000, 0x00000007a0000000, 0x00000007a5560000)
  from space 21824K, 100% used [0x00000007a6ab0000, 0x00000007a8000000, 0x00000007a8000000)
  to   space 21824K,   0% used [0x00000007a5560000, 0x00000007a5560000, 0x00000007a6ab0000)
 concurrent mark-sweep generation total 393216K, used 221017K [0x00000007a8000000, 0x00000007c0000000, 0x00000007c0000000)
 Metaspace       used 30212K, capacity 30550K, committed 30844K, reserved 1077248K
  class space    used 3603K, capacity 3676K, committed 3708K, reserved 1048576K
}
2016-07-14T14:25:41.509-0530: 27324.875: Total time for which application threads were stopped: 0.1788102 seconds
2016-07-14T14:25:41.509-0530: 27324.875: [GC (CMS Initial Mark) [1 CMS-initial-mark: 221017K(393216K)] 243467K(502464K), 0.0034795 secs] [Times: user=0.01 sys=0.00, real=0.01 secs] 
2016-07-14T14:25:41.512-0530: 27324.878: Total time for which application threads were stopped: 0.0036615 seconds
2016-07-14T14:25:41.512-0530: 27324.878: [CMS-concurrent-mark-start]
2016-07-14T14:25:41.563-0530: 27324.929: [CMS-concurrent-mark: 0.050/0.050 secs] [Times: user=0.16 sys=0.03, real=0.05 secs] 
2016-07-14T14:25:41.563-0530: 27324.929: [CMS-concurrent-preclean-start]
2016-07-14T14:25:41.564-0530: 27324.930: [CMS-concurrent-preclean: 0.001/0.001 secs] [Times: user=0.01 sys=0.00, real=0.00 secs] 
2016-07-14T14:25:41.564-0530: 27324.930: [CMS-concurrent-abortable-preclean-start]
2016-07-14T14:25:42.078-0530: 27325.444: [CMS-concurrent-abortable-preclean: 0.207/0.514 secs] [Times: user=0.71 sys=0.00, real=0.51 secs] 
2016-07-14T14:25:42.079-0530: 27325.445: [GC (CMS Final Remark) [YG occupancy: 97046 K (109248 K)]{Heap before GC invocations=69 (full 25):
 par new generation   total 109248K, used 97046K [0x00000007a0000000, 0x00000007a8000000, 0x00000007a8000000)
  eden space 87424K,  86% used [0x00000007a0000000, 0x00000007a4975b98, 0x00000007a5560000)
  from space 21824K, 100% used [0x00000007a6ab0000, 0x00000007a8000000, 0x00000007a8000000)
  to   space 21824K,   0% used [0x00000007a5560000, 0x00000007a5560000, 0x00000007a6ab0000)
 concurrent mark-sweep generation total 393216K, used 221017K [0x00000007a8000000, 0x00000007c0000000, 0x00000007c0000000)
 Metaspace       used 30212K, capacity 30550K, committed 30844K, reserved 1077248K
  class space    used 3603K, capacity 3676K, committed 3708K, reserved 1048576K
2016-07-14T14:25:42.079-0530: 27325.445: [GC (CMS Final Remark) 27325.445: [ParNew
Desired survivor size 20112992 bytes, new threshold 3 (max 8)
- age   1:    8072024 bytes,    8072024 total
- age   2:    8435768 bytes,   16507792 total
- age   3:    5896912 bytes,   22404704 total
: 97046K->21824K(109248K), 0.0436796 secs] 318064K->250166K(502464K), 0.0437265 secs] [Times: user=0.11 sys=0.04, real=0.05 secs] 
Heap after GC invocations=70 (full 25):
 par new generation   total 109248K, used 21824K [0x00000007a0000000, 0x00000007a8000000, 0x00000007a8000000)
  eden space 87424K,   0% used [0x00000007a0000000, 0x00000007a0000000, 0x00000007a5560000)
  from space 21824K, 100% used [0x00000007a5560000, 0x00000007a6ab0000, 0x00000007a6ab0000)
  to   space 21824K,   0% used [0x00000007a6ab0000, 0x00000007a6ab0000, 0x00000007a8000000)
 concurrent mark-sweep generation total 393216K, used 228342K [0x00000007a8000000, 0x00000007c0000000, 0x00000007c0000000)
 Metaspace       used 30212K, capacity 30550K, committed 30844K, reserved 1077248K
  class space    used 3603K, capacity 3676K, committed 3708K, reserved 1048576K
}
27325.488: [Rescan (parallel) , 0.0087658 secs]27325.497: [weak refs processing, 0.0008829 secs]27325.498: [class unloading, 0.0674917 secs]27325.566: [scrub symbol table, 0.0156901 secs]27325.581: [scrub string table, 0.0005071 secs][1 CMS-remark: 228342K(393216K)] 250166K(502464K), 0.1405848 secs] [Times: user=0.17 sys=0.08, real=0.14 secs] 
2016-07-14T14:25:42.219-0530: 27325.585: Total time for which application threads were stopped: 0.1408210 seconds
2016-07-14T14:25:42.219-0530: 27325.585: [CMS-concurrent-sweep-start]
2016-07-14T14:25:42.611-0530: 27325.977: [CMS-concurrent-sweep: 0.392/0.392 secs] [Times: user=0.54 sys=0.17, real=0.40 secs] 
2016-07-14T14:25:42.611-0530: 27325.977: [CMS-concurrent-reset-start]
2016-07-14T14:25:42.615-0530: 27325.981: [CMS-concurrent-reset: 0.004/0.004 secs] [Times: user=0.01 sys=0.00, real=0.00 secs] 
2016-07-14T14:25:44.123-0530: 27327.488: Total time for which application threads were stopped: 0.0001884 seconds
2016-07-14T14:25:45.126-0530: 27328.492: Total time for which application threads were stopped: 0.0002475 seconds
2016-07-14T14:25:51.146-0530: 27334.512: Total time for which application threads were stopped: 0.0004964 seconds
2016-07-14T14:26:34.231-0530: 27377.598: Total time for which application threads were stopped: 0.0000897 seconds
2016-07-14T14:26:34.231-0530: 27377.598: Total time for which application threads were stopped: 0.0000593 seconds
2016-07-14T14:31:09.436-0530: 27652.811: Total time for which application threads were stopped: 0.0001278 seconds
2016-07-14T14:31:09.437-0530: 27652.811: Total time for which application threads were stopped: 0.0001649 seconds
2016-07-14T14:31:09.439-0530: 27652.813: Total time for which application threads were stopped: 0.0000716 seconds
{Heap before GC invocations=70 (full 25):
 par new generation   total 109248K, used 109248K [0x00000007a0000000, 0x00000007a8000000, 0x00000007a8000000)
  eden space 87424K, 100% used [0x00000007a0000000, 0x00000007a5560000, 0x00000007a5560000)
  from space 21824K, 100% used [0x00000007a5560000, 0x00000007a6ab0000, 0x00000007a6ab0000)
  to   space 21824K,   0% used [0x00000007a6ab0000, 0x00000007a6ab0000, 0x00000007a8000000)
 concurrent mark-sweep generation total 393216K, used 77171K [0x00000007a8000000, 0x00000007c0000000, 0x00000007c0000000)
 Metaspace       used 30223K, capacity 30614K, committed 30844K, reserved 1077248K
  class space    used 3603K, capacity 3676K, committed 3708K, reserved 1048576K
2016-07-14T14:31:09.850-0530: 27653.224: [GC (Allocation Failure) 27653.267: [ParNew
Desired survivor size 20112992 bytes, new threshold 8 (max 8)
- age   1:   12511712 bytes,   12511712 total
- age   3:    1178320 bytes,   13690032 total
: 109248K->20534K(109248K), 0.0874958 secs] 186419K->106088K(502464K), 0.1304116 secs] [Times: user=0.09 sys=0.17, real=0.13 secs] 
Heap after GC invocations=71 (full 25):
 par new generation   total 109248K, used 20534K [0x00000007a0000000, 0x00000007a8000000, 0x00000007a8000000)
  eden space 87424K,   0% used [0x00000007a0000000, 0x00000007a0000000, 0x00000007a5560000)
  from space 21824K,  94% used [0x00000007a6ab0000, 0x00000007a7ebd900, 0x00000007a8000000)
  to   space 21824K,   0% used [0x00000007a5560000, 0x00000007a5560000, 0x00000007a6ab0000)
 concurrent mark-sweep generation total 393216K, used 85554K [0x00000007a8000000, 0x00000007c0000000, 0x00000007c0000000)
 Metaspace       used 30223K, capacity 30614K, committed 30844K, reserved 1077248K
  class space    used 3603K, capacity 3676K, committed 3708K, reserved 1048576K
}
2016-07-14T14:31:09.981-0530: 27653.355: Total time for which application threads were stopped: 0.1307367 seconds
{Heap before GC invocations=71 (full 25):
 par new generation   total 109248K, used 107958K [0x00000007a0000000, 0x00000007a8000000, 0x00000007a8000000)
  eden space 87424K, 100% used [0x00000007a0000000, 0x00000007a5560000, 0x00000007a5560000)
  from space 21824K,  94% used [0x00000007a6ab0000, 0x00000007a7ebd900, 0x00000007a8000000)
  to   space 21824K,   0% used [0x00000007a5560000, 0x00000007a5560000, 0x00000007a6ab0000)
 concurrent mark-sweep generation total 393216K, used 85554K [0x00000007a8000000, 0x00000007c0000000, 0x00000007c0000000)
 Metaspace       used 30223K, capacity 30614K, committed 30844K, reserved 1077248K
  class space    used 3603K, capacity 3676K, committed 3708K, reserved 1048576K
2016-07-14T14:31:10.562-0530: 27653.937: [GC (Allocation Failure) 27653.948: [ParNew
Desired survivor size 20112992 bytes, new threshold 2 (max 8)
- age   1:    9891360 bytes,    9891360 total
- age   2:   11217456 bytes,   21108816 total
- age   4:    1178376 bytes,   22287192 total
: 107958K->21824K(109248K), 0.1429854 secs] 193512K->114201K(502464K), 0.1544729 secs] [Times: user=0.08 sys=0.08, real=0.15 secs] 
Heap after GC invocations=72 (full 25):
 par new generation   total 109248K, used 21824K [0x00000007a0000000, 0x00000007a8000000, 0x00000007a8000000)
  eden space 87424K,   0% used [0x00000007a0000000, 0x00000007a0000000, 0x00000007a5560000)
  from space 21824K, 100% used [0x00000007a5560000, 0x00000007a6ab0000, 0x00000007a6ab0000)
  to   space 21824K,   0% used [0x00000007a6ab0000, 0x00000007a6ab0000, 0x00000007a8000000)
 concurrent mark-sweep generation total 393216K, used 92377K [0x00000007a8000000, 0x00000007c0000000, 0x00000007c0000000)
 Metaspace       used 30223K, capacity 30614K, committed 30844K, reserved 1077248K
  class space    used 3603K, capacity 3676K, committed 3708K, reserved 1048576K
}
2016-07-14T14:31:10.717-0530: 27654.091: Total time for which application threads were stopped: 0.1547733 seconds
2016-07-14T14:31:13.015-0530: 27656.389: Total time for which application threads were stopped: 0.0002139 seconds
2016-07-14T14:31:13.072-0530: 27656.446: Total time for which application threads were stopped: 0.0003796 seconds
2016-07-14T14:32:03.092-0530: 27706.467: Total time for which application threads were stopped: 0.0000970 seconds
2016-07-14T14:32:03.092-0530: 27706.468: Total time for which application threads were stopped: 0.0000727 seconds
2016-07-14T14:35:28.390-0530: 27911.771: Total time for which application threads were stopped: 0.0014830 seconds
2016-07-14T14:35:28.393-0530: 27911.774: Total time for which application threads were stopped: 0.0000823 seconds
2016-07-14T14:35:28.396-0530: 27911.777: Total time for which application threads were stopped: 0.0001212 seconds
{Heap before GC invocations=72 (full 25):
 par new generation   total 109248K, used 109248K [0x00000007a0000000, 0x00000007a8000000, 0x00000007a8000000)
  eden space 87424K, 100% used [0x00000007a0000000, 0x00000007a5560000, 0x00000007a5560000)
  from space 21824K, 100% used [0x00000007a5560000, 0x00000007a6ab0000, 0x00000007a6ab0000)
  to   space 21824K,   0% used [0x00000007a6ab0000, 0x00000007a6ab0000, 0x00000007a8000000)
 concurrent mark-sweep generation total 393216K, used 92377K [0x00000007a8000000, 0x00000007c0000000, 0x00000007c0000000)
 Metaspace       used 30233K, capacity 30614K, committed 30844K, reserved 1077248K
  class space    used 3603K, capacity 3676K, committed 3708K, reserved 1048576K
2016-07-14T14:35:28.452-0530: 27911.832: [GC (Allocation Failure) 27911.849: [ParNew
Desired survivor size 20112992 bytes, new threshold 8 (max 8)
- age   1:    1638696 bytes,    1638696 total
- age   2:         24 bytes,    1638720 total
: 109248K->18442K(109248K), 0.1024950 secs] 201625K->117324K(502464K), 0.1198081 secs] [Times: user=0.03 sys=0.14, real=0.12 secs] 
Heap after GC invocations=73 (full 25):
 par new generation   total 109248K, used 18442K [0x00000007a0000000, 0x00000007a8000000, 0x00000007a8000000)
  eden space 87424K,   0% used [0x00000007a0000000, 0x00000007a0000000, 0x00000007a5560000)
  from space 21824K,  84% used [0x00000007a6ab0000, 0x00000007a7cb2a20, 0x00000007a8000000)
  to   space 21824K,   0% used [0x00000007a5560000, 0x00000007a5560000, 0x00000007a6ab0000)
 concurrent mark-sweep generation total 393216K, used 98881K [0x00000007a8000000, 0x00000007c0000000, 0x00000007c0000000)
 Metaspace       used 30233K, capacity 30614K, committed 30844K, reserved 1077248K
  class space    used 3603K, capacity 3676K, committed 3708K, reserved 1048576K
}
2016-07-14T14:35:28.571-0530: 27911.952: Total time for which application threads were stopped: 0.1200656 seconds
{Heap before GC invocations=73 (full 25):
 par new generation   total 109248K, used 105866K [0x00000007a0000000, 0x00000007a8000000, 0x00000007a8000000)
  eden space 87424K, 100% used [0x00000007a0000000, 0x00000007a5560000, 0x00000007a5560000)
  from space 21824K,  84% used [0x00000007a6ab0000, 0x00000007a7cb2a20, 0x00000007a8000000)
  to   space 21824K,   0% used [0x00000007a5560000, 0x00000007a5560000, 0x00000007a6ab0000)
 concurrent mark-sweep generation total 393216K, used 98881K [0x00000007a8000000, 0x00000007c0000000, 0x00000007c0000000)
 Metaspace       used 30233K, capacity 30614K, committed 30844K, reserved 1077248K
  class space    used 3603K, capacity 3676K, committed 3708K, reserved 1048576K
2016-07-14T14:35:29.148-0530: 27912.529: [GC (Allocation Failure) 27912.553: [ParNew
Desired survivor size 20112992 bytes, new threshold 1 (max 8)
- age   1:   20696120 bytes,   20696120 total
- age   2:    1625584 bytes,   22321704 total
- age   3:         24 bytes,   22321728 total
: 105866K->21824K(109248K), 0.1257342 secs] 204748K->134877K(502464K), 0.1496556 secs] [Times: user=0.15 sys=0.10, real=0.15 secs] 
Heap after GC invocations=74 (full 25):
 par new generation   total 109248K, used 21824K [0x00000007a0000000, 0x00000007a8000000, 0x00000007a8000000)
  eden space 87424K,   0% used [0x00000007a0000000, 0x00000007a0000000, 0x00000007a5560000)
  from space 21824K, 100% used [0x00000007a5560000, 0x00000007a6ab0000, 0x00000007a6ab0000)
  to   space 21824K,   0% used [0x00000007a6ab0000, 0x00000007a6ab0000, 0x00000007a8000000)
 concurrent mark-sweep generation total 393216K, used 113053K [0x00000007a8000000, 0x00000007c0000000, 0x00000007c0000000)
 Metaspace       used 30233K, capacity 30614K, committed 30844K, reserved 1077248K
  class space    used 3603K, capacity 3676K, committed 3708K, reserved 1048576K
}
2016-07-14T14:35:29.298-0530: 27912.678: Total time for which application threads were stopped: 0.1499074 seconds
{Heap before GC invocations=74 (full 25):
 par new generation   total 109248K, used 109248K [0x00000007a0000000, 0x00000007a8000000, 0x00000007a8000000)
  eden space 87424K, 100% used [0x00000007a0000000, 0x00000007a5560000, 0x00000007a5560000)
  from space 21824K, 100% used [0x00000007a5560000, 0x00000007a6ab0000, 0x00000007a6ab0000)
  to   space 21824K,   0% used [0x00000007a6ab0000, 0x00000007a6ab0000, 0x00000007a8000000)
 concurrent mark-sweep generation total 393216K, used 113053K [0x00000007a8000000, 0x00000007c0000000, 0x00000007c0000000)
 Metaspace       used 30233K, capacity 30614K, committed 30844K, reserved 1077248K
  class space    used 3603K, capacity 3676K, committed 3708K, reserved 1048576K
2016-07-14T14:35:29.916-0530: 27913.296: [GC (Allocation Failure) 27913.296: [ParNew
Desired survivor size 20112992 bytes, new threshold 8 (max 8)
- age   1:   12435424 bytes,   12435424 total
: 109248K->19002K(109248K), 0.0486447 secs] 222301K->149710K(502464K), 0.0487145 secs] [Times: user=0.07 sys=0.08, real=0.05 secs] 
Heap after GC invocations=75 (full 25):
 par new generation   total 109248K, used 19002K [0x00000007a0000000, 0x00000007a8000000, 0x00000007a8000000)
  eden space 87424K,   0% used [0x00000007a0000000, 0x00000007a0000000, 0x00000007a5560000)
  from space 21824K,  87% used [0x00000007a6ab0000, 0x00000007a7d3e8a0, 0x00000007a8000000)
  to   space 21824K,   0% used [0x00000007a5560000, 0x00000007a5560000, 0x00000007a6ab0000)
 concurrent mark-sweep generation total 393216K, used 130708K [0x00000007a8000000, 0x00000007c0000000, 0x00000007c0000000)
 Metaspace       used 30233K, capacity 30614K, committed 30844K, reserved 1077248K
  class space    used 3603K, capacity 3676K, committed 3708K, reserved 1048576K
}
2016-07-14T14:35:29.965-0530: 27913.345: Total time for which application threads were stopped: 0.0489301 seconds
2016-07-14T14:35:31.988-0530: 27915.369: Total time for which application threads were stopped: 0.0001874 seconds
2016-07-14T14:35:32.992-0530: 27916.373: Total time for which application threads were stopped: 0.0001372 seconds
2016-07-14T14:36:00.870-0530: 27944.252: Total time for which application threads were stopped: 0.0000879 seconds
2016-07-14T14:36:00.871-0530: 27944.252: Total time for which application threads were stopped: 0.0000572 seconds
{Heap before GC invocations=75 (full 25):
 par new generation   total 109248K, used 106426K [0x00000007a0000000, 0x00000007a8000000, 0x00000007a8000000)
  eden space 87424K, 100% used [0x00000007a0000000, 0x00000007a5560000, 0x00000007a5560000)
  from space 21824K,  87% used [0x00000007a6ab0000, 0x00000007a7d3e8a0, 0x00000007a8000000)
  to   space 21824K,   0% used [0x00000007a5560000, 0x00000007a5560000, 0x00000007a6ab0000)
 concurrent mark-sweep generation total 393216K, used 130708K [0x00000007a8000000, 0x00000007c0000000, 0x00000007c0000000)
 Metaspace       used 30238K, capacity 30614K, committed 30844K, reserved 1077248K
  class space    used 3603K, capacity 3676K, committed 3708K, reserved 1048576K
2016-07-14T14:36:00.928-0530: 27944.309: [GC (Allocation Failure) 27944.318: [ParNew
Desired survivor size 20112992 bytes, new threshold 2 (max 8)
- age   1:   12373400 bytes,   12373400 total
- age   2:    9954656 bytes,   22328056 total
: 106426K->21824K(109248K), 0.0190091 secs] 237134K->154814K(502464K), 0.0278085 secs] [Times: user=0.06 sys=0.00, real=0.03 secs] 
Heap after GC invocations=76 (full 25):
 par new generation   total 109248K, used 21824K [0x00000007a0000000, 0x00000007a8000000, 0x00000007a8000000)
  eden space 87424K,   0% used [0x00000007a0000000, 0x00000007a0000000, 0x00000007a5560000)
  from space 21824K, 100% used [0x00000007a5560000, 0x00000007a6ab0000, 0x00000007a6ab0000)
  to   space 21824K,   0% used [0x00000007a6ab0000, 0x00000007a6ab0000, 0x00000007a8000000)
 concurrent mark-sweep generation total 393216K, used 132990K [0x00000007a8000000, 0x00000007c0000000, 0x00000007c0000000)
 Metaspace       used 30238K, capacity 30614K, committed 30844K, reserved 1077248K
  class space    used 3603K, capacity 3676K, committed 3708K, reserved 1048576K
}
2016-07-14T14:36:00.956-0530: 27944.337: Total time for which application threads were stopped: 0.0280324 seconds
{Heap before GC invocations=76 (full 25):
 par new generation   total 109248K, used 109248K [0x00000007a0000000, 0x00000007a8000000, 0x00000007a8000000)
  eden space 87424K, 100% used [0x00000007a0000000, 0x00000007a5560000, 0x00000007a5560000)
  from space 21824K, 100% used [0x00000007a5560000, 0x00000007a6ab0000, 0x00000007a6ab0000)
  to   space 21824K,   0% used [0x00000007a6ab0000, 0x00000007a6ab0000, 0x00000007a8000000)
 concurrent mark-sweep generation total 393216K, used 132990K [0x00000007a8000000, 0x00000007c0000000, 0x00000007c0000000)
 Metaspace       used 30238K, capacity 30614K, committed 30844K, reserved 1077248K
  class space    used 3603K, capacity 3676K, committed 3708K, reserved 1048576K
2016-07-14T14:36:01.528-0530: 27944.910: [GC (Allocation Failure) 27944.910: [ParNew
Desired survivor size 20112992 bytes, new threshold 2 (max 8)
- age   1:   14533360 bytes,   14533360 total
- age   2:    7723680 bytes,   22257040 total
: 109248K->21824K(109248K), 0.1805145 secs] 242238K->200949K(502464K), 0.1805771 secs] [Times: user=0.25 sys=0.18, real=0.18 secs] 
Heap after GC invocations=77 (full 25):
 par new generation   total 109248K, used 21824K [0x00000007a0000000, 0x00000007a8000000, 0x00000007a8000000)
  eden space 87424K,   0% used [0x00000007a0000000, 0x00000007a0000000, 0x00000007a5560000)
  from space 21824K, 100% used [0x00000007a6ab0000, 0x00000007a8000000, 0x00000007a8000000)
  to   space 21824K,   0% used [0x00000007a5560000, 0x00000007a5560000, 0x00000007a6ab0000)
 concurrent mark-sweep generation total 393216K, used 179125K [0x00000007a8000000, 0x00000007c0000000, 0x00000007c0000000)
 Metaspace       used 30238K, capacity 30614K, committed 30844K, reserved 1077248K
  class space    used 3603K, capacity 3676K, committed 3708K, reserved 1048576K
}
2016-07-14T14:36:01.709-0530: 27945.090: Total time for which application threads were stopped: 0.1807603 seconds
{Heap before GC invocations=77 (full 25):
 par new generation   total 109248K, used 109248K [0x00000007a0000000, 0x00000007a8000000, 0x00000007a8000000)
  eden space 87424K, 100% used [0x00000007a0000000, 0x00000007a5560000, 0x00000007a5560000)
  from space 21824K, 100% used [0x00000007a6ab0000, 0x00000007a8000000, 0x00000007a8000000)
  to   space 21824K,   0% used [0x00000007a5560000, 0x00000007a5560000, 0x00000007a6ab0000)
 concurrent mark-sweep generation total 393216K, used 179125K [0x00000007a8000000, 0x00000007c0000000, 0x00000007c0000000)
 Metaspace       used 30238K, capacity 30614K, committed 30844K, reserved 1077248K
  class space    used 3603K, capacity 3676K, committed 3708K, reserved 1048576K
2016-07-14T14:36:02.444-0530: 27945.825: [GC (Allocation Failure) 27945.825: [ParNew
Desired survivor size 20112992 bytes, new threshold 8 (max 8)
- age   1:    5869672 bytes,    5869672 total
- age   2:   10545648 bytes,   16415320 total
: 109248K->21824K(109248K), 0.0286113 secs] 288373K->208497K(502464K), 0.0286956 secs] [Times: user=0.08 sys=0.02, real=0.03 secs] 
Heap after GC invocations=78 (full 25):
 par new generation   total 109248K, used 21824K [0x00000007a0000000, 0x00000007a8000000, 0x00000007a8000000)
  eden space 87424K,   0% used [0x00000007a0000000, 0x00000007a0000000, 0x00000007a5560000)
  from space 21824K, 100% used [0x00000007a5560000, 0x00000007a6ab0000, 0x00000007a6ab0000)
  to   space 21824K,   0% used [0x00000007a6ab0000, 0x00000007a6ab0000, 0x00000007a8000000)
 concurrent mark-sweep generation total 393216K, used 186673K [0x00000007a8000000, 0x00000007c0000000, 0x00000007c0000000)
 Metaspace       used 30238K, capacity 30614K, committed 30844K, reserved 1077248K
  class space    used 3603K, capacity 3676K, committed 3708K, reserved 1048576K
}
2016-07-14T14:36:02.473-0530: 27945.854: Total time for which application threads were stopped: 0.0289048 seconds
2016-07-14T14:36:04.131-0530: 27947.513: Total time for which application threads were stopped: 0.0001556 seconds
2016-07-14T14:36:04.168-0530: 27947.549: Total time for which application threads were stopped: 0.0002235 seconds
2016-07-14T14:36:05.171-0530: 27948.552: Total time for which application threads were stopped: 0.0001767 seconds
2016-07-14T14:36:54.223-0530: 27997.605: Total time for which application threads were stopped: 0.0001106 seconds
2016-07-14T14:41:46.782-0530: 28290.172: Total time for which application threads were stopped: 0.0007389 seconds
2016-07-14T14:41:46.783-0530: 28290.172: Total time for which application threads were stopped: 0.0000456 seconds
2016-07-14T14:41:46.800-0530: 28290.189: Total time for which application threads were stopped: 0.0002478 seconds
{Heap before GC invocations=78 (full 25):
 par new generation   total 109248K, used 108781K [0x00000007a0000000, 0x00000007a8000000, 0x00000007a8000000)
  eden space 87424K,  99% used [0x00000007a0000000, 0x00000007a54eb658, 0x00000007a5560000)
  from space 21824K, 100% used [0x00000007a5560000, 0x00000007a6ab0000, 0x00000007a6ab0000)
  to   space 21824K,   0% used [0x00000007a6ab0000, 0x00000007a6ab0000, 0x00000007a8000000)
 concurrent mark-sweep generation total 393216K, used 186673K [0x00000007a8000000, 0x00000007c0000000, 0x00000007c0000000)
 Metaspace       used 30240K, capacity 30614K, committed 30844K, reserved 1077248K
  class space    used 3603K, capacity 3676K, committed 3708K, reserved 1048576K
2016-07-14T14:41:47.244-0530: 28290.634: [GC (Allocation Failure) 28290.672: [ParNew
Desired survivor size 20112992 bytes, new threshold 3 (max 8)
- age   1:   10854296 bytes,   10854296 total
- age   2:    2531136 bytes,   13385432 total
- age   3:    8951200 bytes,   22336632 total
: 108781K->21824K(109248K), 0.1660413 secs] 295454K->221329K(502464K), 0.2043374 secs] [Times: user=0.11 sys=0.26, real=0.20 secs] 
Heap after GC invocations=79 (full 25):
 par new generation   total 109248K, used 21824K [0x00000007a0000000, 0x00000007a8000000, 0x00000007a8000000)
  eden space 87424K,   0% used [0x00000007a0000000, 0x00000007a0000000, 0x00000007a5560000)
  from space 21824K, 100% used [0x00000007a6ab0000, 0x00000007a8000000, 0x00000007a8000000)
  to   space 21824K,   0% used [0x00000007a5560000, 0x00000007a5560000, 0x00000007a6ab0000)
 concurrent mark-sweep generation total 393216K, used 199505K [0x00000007a8000000, 0x00000007c0000000, 0x00000007c0000000)
 Metaspace       used 30240K, capacity 30614K, committed 30844K, reserved 1077248K
  class space    used 3603K, capacity 3676K, committed 3708K, reserved 1048576K
}
2016-07-14T14:41:47.449-0530: 28290.838: Total time for which application threads were stopped: 0.2046048 seconds
2016-07-14T14:41:47.450-0530: 28290.839: [GC (CMS Initial Mark) [1 CMS-initial-mark: 199505K(393216K)] 223274K(502464K), 0.0073738 secs] [Times: user=0.02 sys=0.00, real=0.00 secs] 
2016-07-14T14:41:47.457-0530: 28290.846: Total time for which application threads were stopped: 0.0080135 seconds
2016-07-14T14:41:47.457-0530: 28290.846: [CMS-concurrent-mark-start]
2016-07-14T14:41:47.529-0530: 28290.918: [CMS-concurrent-mark: 0.072/0.072 secs] [Times: user=0.10 sys=0.07, real=0.07 secs] 
2016-07-14T14:41:47.529-0530: 28290.918: [CMS-concurrent-preclean-start]
2016-07-14T14:41:47.531-0530: 28290.920: [CMS-concurrent-preclean: 0.001/0.001 secs] [Times: user=0.00 sys=0.00, real=0.01 secs] 
2016-07-14T14:41:47.531-0530: 28290.920: [GC (CMS Final Remark) [YG occupancy: 23768 K (109248 K)]{Heap before GC invocations=79 (full 26):
 par new generation   total 109248K, used 23768K [0x00000007a0000000, 0x00000007a8000000, 0x00000007a8000000)
  eden space 87424K,   2% used [0x00000007a0000000, 0x00000007a01e6180, 0x00000007a5560000)
  from space 21824K, 100% used [0x00000007a6ab0000, 0x00000007a8000000, 0x00000007a8000000)
  to   space 21824K,   0% used [0x00000007a5560000, 0x00000007a5560000, 0x00000007a6ab0000)
 concurrent mark-sweep generation total 393216K, used 199505K [0x00000007a8000000, 0x00000007c0000000, 0x00000007c0000000)
 Metaspace       used 30240K, capacity 30614K, committed 30844K, reserved 1077248K
  class space    used 3603K, capacity 3676K, committed 3708K, reserved 1048576K
2016-07-14T14:41:47.531-0530: 28290.920: [GC (CMS Final Remark) 28290.920: [ParNew
Desired survivor size 20112992 bytes, new threshold 8 (max 8)
- age   1:    1476552 bytes,    1476552 total
- age   2:   10854304 bytes,   12330856 total
- age   3:    2531136 bytes,   14861992 total
: 23768K->21824K(109248K), 0.0611417 secs] 223274K->230071K(502464K), 0.0611907 secs] [Times: user=0.09 sys=0.04, real=0.06 secs] 
Heap after GC invocations=80 (full 26):
 par new generation   total 109248K, used 21824K [0x00000007a0000000, 0x00000007a8000000, 0x00000007a8000000)
  eden space 87424K,   0% used [0x00000007a0000000, 0x00000007a0000000, 0x00000007a5560000)
  from space 21824K, 100% used [0x00000007a5560000, 0x00000007a6ab0000, 0x00000007a6ab0000)
  to   space 21824K,   0% used [0x00000007a6ab0000, 0x00000007a6ab0000, 0x00000007a8000000)
 concurrent mark-sweep generation total 393216K, used 208247K [0x00000007a8000000, 0x00000007c0000000, 0x00000007c0000000)
 Metaspace       used 30240K, capacity 30614K, committed 30844K, reserved 1077248K
  class space    used 3603K, capacity 3676K, committed 3708K, reserved 1048576K
}
28290.981: [Rescan (parallel) , 0.0089364 secs]28290.990: [weak refs processing, 0.0019077 secs]28290.992: [class unloading, 0.1017332 secs]28291.094: [scrub symbol table, 0.0254561 secs]28291.119: [scrub string table, 0.0005261 secs][1 CMS-remark: 208247K(393216K)] 230071K(502464K), 0.2031272 secs] [Times: user=0.15 sys=0.10, real=0.20 secs] 
2016-07-14T14:41:47.734-0530: 28291.123: Total time for which application threads were stopped: 0.2033634 seconds
2016-07-14T14:41:47.734-0530: 28291.123: [CMS-concurrent-sweep-start]
2016-07-14T14:41:48.149-0530: 28291.538: [CMS-concurrent-sweep: 0.415/0.415 secs] [Times: user=0.53 sys=0.21, real=0.41 secs] 
2016-07-14T14:41:48.149-0530: 28291.538: [CMS-concurrent-reset-start]
2016-07-14T14:41:48.154-0530: 28291.543: [CMS-concurrent-reset: 0.005/0.005 secs] [Times: user=0.01 sys=0.01, real=0.01 secs] 
{Heap before GC invocations=80 (full 26):
 par new generation   total 109248K, used 109248K [0x00000007a0000000, 0x00000007a8000000, 0x00000007a8000000)
  eden space 87424K, 100% used [0x00000007a0000000, 0x00000007a5560000, 0x00000007a5560000)
  from space 21824K, 100% used [0x00000007a5560000, 0x00000007a6ab0000, 0x00000007a6ab0000)
  to   space 21824K,   0% used [0x00000007a6ab0000, 0x00000007a6ab0000, 0x00000007a8000000)
 concurrent mark-sweep generation total 393216K, used 58638K [0x00000007a8000000, 0x00000007c0000000, 0x00000007c0000000)
 Metaspace       used 30240K, capacity 30614K, committed 30844K, reserved 1077248K
  class space    used 3603K, capacity 3676K, committed 3708K, reserved 1048576K
2016-07-14T14:41:48.339-0530: 28291.728: [GC (Allocation Failure) 28291.728: [ParNew
Desired survivor size 20112992 bytes, new threshold 3 (max 8)
- age   1:   12934208 bytes,   12934208 total
- age   2:    1476552 bytes,   14410760 total
- age   3:    7613160 bytes,   22023920 total
: 109248K->21824K(109248K), 0.0178813 secs] 167886K->81417K(502464K), 0.0179429 secs] [Times: user=0.06 sys=0.00, real=0.02 secs] 
Heap after GC invocations=81 (full 26):
 par new generation   total 109248K, used 21824K [0x00000007a0000000, 0x00000007a8000000, 0x00000007a8000000)
  eden space 87424K,   0% used [0x00000007a0000000, 0x00000007a0000000, 0x00000007a5560000)
  from space 21824K, 100% used [0x00000007a6ab0000, 0x00000007a8000000, 0x00000007a8000000)
  to   space 21824K,   0% used [0x00000007a5560000, 0x00000007a5560000, 0x00000007a6ab0000)
 concurrent mark-sweep generation total 393216K, used 59593K [0x00000007a8000000, 0x00000007c0000000, 0x00000007c0000000)
 Metaspace       used 30240K, capacity 30614K, committed 30844K, reserved 1077248K
  class space    used 3603K, capacity 3676K, committed 3708K, reserved 1048576K
}
2016-07-14T14:41:48.357-0530: 28291.746: Total time for which application threads were stopped: 0.0181596 seconds
2016-07-14T14:41:50.490-0530: 28293.879: Total time for which application threads were stopped: 0.0001993 seconds
2016-07-14T14:42:40.554-0530: 28343.944: Total time for which application threads were stopped: 0.0000940 seconds
2016-07-14T14:42:40.554-0530: 28343.944: Total time for which application threads were stopped: 0.0000494 seconds
2016-07-14T15:59:00.571-0530: 32924.061: Total time for which application threads were stopped: 0.0006921 seconds
2016-07-14T15:59:00.572-0530: 32924.061: Total time for which application threads were stopped: 0.0000572 seconds
2016-07-14T15:59:00.611-0530: 32924.101: Total time for which application threads were stopped: 0.0001128 seconds
{Heap before GC invocations=81 (full 26):
 par new generation   total 109248K, used 109248K [0x00000007a0000000, 0x00000007a8000000, 0x00000007a8000000)
  eden space 87424K, 100% used [0x00000007a0000000, 0x00000007a5560000, 0x00000007a5560000)
  from space 21824K, 100% used [0x00000007a6ab0000, 0x00000007a8000000, 0x00000007a8000000)
  to   space 21824K,   0% used [0x00000007a5560000, 0x00000007a5560000, 0x00000007a6ab0000)
 concurrent mark-sweep generation total 393216K, used 59593K [0x00000007a8000000, 0x00000007c0000000, 0x00000007c0000000)
 Metaspace       used 30243K, capacity 30614K, committed 30844K, reserved 1077248K
  class space    used 3603K, capacity 3676K, committed 3708K, reserved 1048576K
2016-07-14T15:59:00.698-0530: 32924.188: [GC (Allocation Failure) 32924.201: [ParNew
Desired survivor size 20112992 bytes, new threshold 8 (max 8)
- age   1:    3754704 bytes,    3754704 total
: 109248K->15731K(109248K), 0.0525008 secs] 168841K->79566K(502464K), 0.0942044 secs] [Times: user=0.04 sys=0.09, real=0.10 secs] 
Heap after GC invocations=82 (full 26):
 par new generation   total 109248K, used 15731K [0x00000007a0000000, 0x00000007a8000000, 0x00000007a8000000)
  eden space 87424K,   0% used [0x00000007a0000000, 0x00000007a0000000, 0x00000007a5560000)
  from space 21824K,  72% used [0x00000007a5560000, 0x00000007a64bce60, 0x00000007a6ab0000)
  to   space 21824K,   0% used [0x00000007a6ab0000, 0x00000007a6ab0000, 0x00000007a8000000)
 concurrent mark-sweep generation total 393216K, used 63834K [0x00000007a8000000, 0x00000007c0000000, 0x00000007c0000000)
 Metaspace       used 30243K, capacity 30614K, committed 30844K, reserved 1077248K
  class space    used 3603K, capacity 3676K, committed 3708K, reserved 1048576K
}
2016-07-14T15:59:00.793-0530: 32924.282: Total time for which application threads were stopped: 0.0947228 seconds
{Heap before GC invocations=82 (full 26):
 par new generation   total 109248K, used 103155K [0x00000007a0000000, 0x00000007a8000000, 0x00000007a8000000)
  eden space 87424K, 100% used [0x00000007a0000000, 0x00000007a5560000, 0x00000007a5560000)
  from space 21824K,  72% used [0x00000007a5560000, 0x00000007a64bce60, 0x00000007a6ab0000)
  to   space 21824K,   0% used [0x00000007a6ab0000, 0x00000007a6ab0000, 0x00000007a8000000)
 concurrent mark-sweep generation total 393216K, used 63834K [0x00000007a8000000, 0x00000007c0000000, 0x00000007c0000000)
 Metaspace       used 30250K, capacity 30620K, committed 30844K, reserved 1077248K
  class space    used 3604K, capacity 3677K, committed 3708K, reserved 1048576K
2016-07-14T15:59:01.412-0530: 32924.901: [GC (Allocation Failure) 32924.901: [ParNew
Desired survivor size 20112992 bytes, new threshold 2 (max 8)
- age   1:   18583248 bytes,   18583248 total
- age   2:    3753984 bytes,   22337232 total
: 103155K->21824K(109248K), 0.1562657 secs] 166990K->108341K(502464K), 0.1563267 secs] [Times: user=0.16 sys=0.15, real=0.15 secs] 
Heap after GC invocations=83 (full 26):
 par new generation   total 109248K, used 21824K [0x00000007a0000000, 0x00000007a8000000, 0x00000007a8000000)
  eden space 87424K,   0% used [0x00000007a0000000, 0x00000007a0000000, 0x00000007a5560000)
  from space 21824K, 100% used [0x00000007a6ab0000, 0x00000007a8000000, 0x00000007a8000000)
  to   space 21824K,   0% used [0x00000007a5560000, 0x00000007a5560000, 0x00000007a6ab0000)
 concurrent mark-sweep generation total 393216K, used 86517K [0x00000007a8000000, 0x00000007c0000000, 0x00000007c0000000)
 Metaspace       used 30250K, capacity 30620K, committed 30844K, reserved 1077248K
  class space    used 3604K, capacity 3677K, committed 3708K, reserved 1048576K
}
2016-07-14T15:59:01.568-0530: 32925.058: Total time for which application threads were stopped: 0.1566228 seconds
{Heap before GC invocations=83 (full 26):
 par new generation   total 109248K, used 109248K [0x00000007a0000000, 0x00000007a8000000, 0x00000007a8000000)
  eden space 87424K, 100% used [0x00000007a0000000, 0x00000007a5560000, 0x00000007a5560000)
  from space 21824K, 100% used [0x00000007a6ab0000, 0x00000007a8000000, 0x00000007a8000000)
  to   space 21824K,   0% used [0x00000007a5560000, 0x00000007a5560000, 0x00000007a6ab0000)
 concurrent mark-sweep generation total 393216K, used 86517K [0x00000007a8000000, 0x00000007c0000000, 0x00000007c0000000)
 Metaspace       used 30250K, capacity 30620K, committed 30844K, reserved 1077248K
  class space    used 3604K, capacity 3677K, committed 3708K, reserved 1048576K
2016-07-14T15:59:02.242-0530: 32925.732: [GC (Allocation Failure) 32925.732: [ParNew
Desired survivor size 20112992 bytes, new threshold 2 (max 8)
- age   1:   11413400 bytes,   11413400 total
- age   2:    9087152 bytes,   20500552 total
: 109248K->21824K(109248K), 0.0499374 secs] 195765K->115894K(502464K), 0.0500032 secs] [Times: user=0.07 sys=0.09, real=0.05 secs] 
Heap after GC invocations=84 (full 26):
 par new generation   total 109248K, used 21824K [0x00000007a0000000, 0x00000007a8000000, 0x00000007a8000000)
  eden space 87424K,   0% used [0x00000007a0000000, 0x00000007a0000000, 0x00000007a5560000)
  from space 21824K, 100% used [0x00000007a5560000, 0x00000007a6ab0000, 0x00000007a6ab0000)
  to   space 21824K,   0% used [0x00000007a6ab0000, 0x00000007a6ab0000, 0x00000007a8000000)
 concurrent mark-sweep generation total 393216K, used 94070K [0x00000007a8000000, 0x00000007c0000000, 0x00000007c0000000)
 Metaspace       used 30250K, capacity 30620K, committed 30844K, reserved 1077248K
  class space    used 3604K, capacity 3677K, committed 3708K, reserved 1048576K
}
2016-07-14T15:59:02.293-0530: 32925.782: Total time for which application threads were stopped: 0.0502987 seconds
2016-07-14T15:59:04.281-0530: 32927.770: Total time for which application threads were stopped: 0.0001644 seconds
2016-07-14T15:59:05.284-0530: 32928.773: Total time for which application threads were stopped: 0.0001363 seconds
2016-07-14T15:59:21.328-0530: 32944.818: Total time for which application threads were stopped: 0.0001611 seconds
2016-07-14T15:59:54.386-0530: 32977.877: Total time for which application threads were stopped: 0.0001375 seconds
2016-07-14T15:59:54.387-0530: 32977.877: Total time for which application threads were stopped: 0.0001173 seconds
2016-07-14T16:00:28.420-0530: 33011.912: Total time for which application threads were stopped: 0.0001176 seconds
2016-07-14T16:00:28.420-0530: 33011.912: Total time for which application threads were stopped: 0.0000586 seconds
2016-07-14T16:00:28.421-0530: 33011.913: Total time for which application threads were stopped: 0.0000546 seconds
{Heap before GC invocations=84 (full 26):
 par new generation   total 109248K, used 109238K [0x00000007a0000000, 0x00000007a8000000, 0x00000007a8000000)
  eden space 87424K,  99% used [0x00000007a0000000, 0x00000007a555db98, 0x00000007a5560000)
  from space 21824K, 100% used [0x00000007a5560000, 0x00000007a6ab0000, 0x00000007a6ab0000)
  to   space 21824K,   0% used [0x00000007a6ab0000, 0x00000007a6ab0000, 0x00000007a8000000)
 concurrent mark-sweep generation total 393216K, used 94070K [0x00000007a8000000, 0x00000007c0000000, 0x00000007c0000000)
 Metaspace       used 30250K, capacity 30620K, committed 30844K, reserved 1077248K
  class space    used 3604K, capacity 3677K, committed 3708K, reserved 1048576K
2016-07-14T16:00:28.498-0530: 33011.990: [GC (Allocation Failure) 33012.029: [ParNew
Desired survivor size 20112992 bytes, new threshold 8 (max 8)
- age   1:   12845432 bytes,   12845432 total
: 109238K->21824K(109248K), 0.0404018 secs] 203309K->118515K(502464K), 0.0790632 secs] [Times: user=0.09 sys=0.01, real=0.08 secs] 
Heap after GC invocations=85 (full 26):
 par new generation   total 109248K, used 21824K [0x00000007a0000000, 0x00000007a8000000, 0x00000007a8000000)
  eden space 87424K,   0% used [0x00000007a0000000, 0x00000007a0000000, 0x00000007a5560000)
  from space 21824K, 100% used [0x00000007a6ab0000, 0x00000007a8000000, 0x00000007a8000000)
  to   space 21824K,   0% used [0x00000007a5560000, 0x00000007a5560000, 0x00000007a6ab0000)
 concurrent mark-sweep generation total 393216K, used 96691K [0x00000007a8000000, 0x00000007c0000000, 0x00000007c0000000)
 Metaspace       used 30250K, capacity 30620K, committed 30844K, reserved 1077248K
  class space    used 3604K, capacity 3677K, committed 3708K, reserved 1048576K
}
2016-07-14T16:00:28.578-0530: 33012.069: Total time for which application threads were stopped: 0.0792994 seconds
{Heap before GC invocations=85 (full 26):
 par new generation   total 109248K, used 109248K [0x00000007a0000000, 0x00000007a8000000, 0x00000007a8000000)
  eden space 87424K, 100% used [0x00000007a0000000, 0x00000007a5560000, 0x00000007a5560000)
  from space 21824K, 100% used [0x00000007a6ab0000, 0x00000007a8000000, 0x00000007a8000000)
  to   space 21824K,   0% used [0x00000007a5560000, 0x00000007a5560000, 0x00000007a6ab0000)
 concurrent mark-sweep generation total 393216K, used 96691K [0x00000007a8000000, 0x00000007c0000000, 0x00000007c0000000)
 Metaspace       used 30250K, capacity 30620K, committed 30844K, reserved 1077248K
  class space    used 3604K, capacity 3677K, committed 3708K, reserved 1048576K
2016-07-14T16:00:29.210-0530: 33012.702: [GC (Allocation Failure) 33012.702: [ParNew
Desired survivor size 20112992 bytes, new threshold 2 (max 8)
- age   1:   11151464 bytes,   11151464 total
- age   2:   11172656 bytes,   22324120 total
: 109248K->21824K(109248K), 0.0356552 secs] 205939K->127062K(502464K), 0.0357509 secs] [Times: user=0.08 sys=0.03, real=0.03 secs] 
Heap after GC invocations=86 (full 26):
 par new generation   total 109248K, used 21824K [0x00000007a0000000, 0x00000007a8000000, 0x00000007a8000000)
  eden space 87424K,   0% used [0x00000007a0000000, 0x00000007a0000000, 0x00000007a5560000)
  from space 21824K, 100% used [0x00000007a5560000, 0x00000007a6ab0000, 0x00000007a6ab0000)
  to   space 21824K,   0% used [0x00000007a6ab0000, 0x00000007a6ab0000, 0x00000007a8000000)
 concurrent mark-sweep generation total 393216K, used 105238K [0x00000007a8000000, 0x00000007c0000000, 0x00000007c0000000)
 Metaspace       used 30250K, capacity 30620K, committed 30844K, reserved 1077248K
  class space    used 3604K, capacity 3677K, committed 3708K, reserved 1048576K
}
2016-07-14T16:00:29.246-0530: 33012.738: Total time for which application threads were stopped: 0.0359387 seconds
{Heap before GC invocations=86 (full 26):
 par new generation   total 109248K, used 105214K [0x00000007a0000000, 0x00000007a8000000, 0x00000007a8000000)
  eden space 87424K,  95% used [0x00000007a0000000, 0x00000007a516f830, 0x00000007a5560000)
  from space 21824K, 100% used [0x00000007a5560000, 0x00000007a6ab0000, 0x00000007a6ab0000)
  to   space 21824K,   0% used [0x00000007a6ab0000, 0x00000007a6ab0000, 0x00000007a8000000)
 concurrent mark-sweep generation total 393216K, used 105238K [0x00000007a8000000, 0x00000007c0000000, 0x00000007c0000000)
 Metaspace       used 30250K, capacity 30620K, committed 30844K, reserved 1077248K
  class space    used 3604K, capacity 3677K, committed 3708K, reserved 1048576K
2016-07-14T16:00:30.354-0530: 33013.845: [GC (Allocation Failure) 33013.846: [ParNew
Desired survivor size 20112992 bytes, new threshold 8 (max 8)
- age   1:    2638464 bytes,    2638464 total
- age   2:   10494824 bytes,   13133288 total
: 105214K->20390K(109248K), 0.0532395 secs] 210452K->135974K(502464K), 0.0533047 secs] [Times: user=0.13 sys=0.04, real=0.05 secs] 
Heap after GC invocations=87 (full 26):
 par new generation   total 109248K, used 20390K [0x00000007a0000000, 0x00000007a8000000, 0x00000007a8000000)
  eden space 87424K,   0% used [0x00000007a0000000, 0x00000007a0000000, 0x00000007a5560000)
  from space 21824K,  93% used [0x00000007a6ab0000, 0x00000007a7e99ab0, 0x00000007a8000000)
  to   space 21824K,   0% used [0x00000007a5560000, 0x00000007a5560000, 0x00000007a6ab0000)
 concurrent mark-sweep generation total 393216K, used 115583K [0x00000007a8000000, 0x00000007c0000000, 0x00000007c0000000)
 Metaspace       used 30250K, capacity 30620K, committed 30844K, reserved 1077248K
  class space    used 3604K, capacity 3677K, committed 3708K, reserved 1048576K
}
2016-07-14T16:00:30.407-0530: 33013.899: Total time for which application threads were stopped: 0.0535257 seconds
2016-07-14T16:00:31.651-0530: 33015.142: Total time for which application threads were stopped: 0.0001605 seconds
2016-07-14T16:00:32.656-0530: 33016.147: Total time for which application threads were stopped: 0.0001683 seconds
2016-07-14T16:01:21.728-0530: 33065.221: Total time for which application threads were stopped: 0.0001093 seconds
2016-07-14T16:01:21.728-0530: 33065.221: Total time for which application threads were stopped: 0.0000595 seconds
2016-07-14T19:26:38.961-0530: 45382.740: Total time for which application threads were stopped: 0.0010387 seconds
2016-07-14T22:27:48.441-0530: 49295.156: Total time for which application threads were stopped: 0.0007901 seconds
2016-07-14T22:27:48.441-0530: 49295.156: Total time for which application threads were stopped: 0.0000475 seconds
2016-07-14T22:27:48.453-0530: 49295.168: Total time for which application threads were stopped: 0.0001109 seconds
{Heap before GC invocations=87 (full 26):
 par new generation   total 109248K, used 107814K [0x00000007a0000000, 0x00000007a8000000, 0x00000007a8000000)
  eden space 87424K, 100% used [0x00000007a0000000, 0x00000007a5560000, 0x00000007a5560000)
  from space 21824K,  93% used [0x00000007a6ab0000, 0x00000007a7e99ab0, 0x00000007a8000000)
  to   space 21824K,   0% used [0x00000007a5560000, 0x00000007a5560000, 0x00000007a6ab0000)
 concurrent mark-sweep generation total 393216K, used 115583K [0x00000007a8000000, 0x00000007c0000000, 0x00000007c0000000)
 Metaspace       used 30261K, capacity 30620K, committed 30844K, reserved 1077248K
  class space    used 3604K, capacity 3677K, committed 3708K, reserved 1048576K
2016-07-14T22:27:49.059-0530: 49295.773: [GC (Allocation Failure) 49295.811: [ParNew
Desired survivor size 20112992 bytes, new threshold 3 (max 8)
- age   1:   14503168 bytes,   14503168 total
- age   2:    1563688 bytes,   16066856 total
- age   3:    6186656 bytes,   22253512 total
: 107814K->21824K(109248K), 0.1342123 secs] 223398K->148987K(502464K), 0.1714976 secs] [Times: user=0.11 sys=0.22, real=0.18 secs] 
Heap after GC invocations=88 (full 26):
 par new generation   total 109248K, used 21824K [0x00000007a0000000, 0x00000007a8000000, 0x00000007a8000000)
  eden space 87424K,   0% used [0x00000007a0000000, 0x00000007a0000000, 0x00000007a5560000)
  from space 21824K, 100% used [0x00000007a5560000, 0x00000007a6ab0000, 0x00000007a6ab0000)
  to   space 21824K,   0% used [0x00000007a6ab0000, 0x00000007a6ab0000, 0x00000007a8000000)
 concurrent mark-sweep generation total 393216K, used 127163K [0x00000007a8000000, 0x00000007c0000000, 0x00000007c0000000)
 Metaspace       used 30261K, capacity 30620K, committed 30844K, reserved 1077248K
  class space    used 3604K, capacity 3677K, committed 3708K, reserved 1048576K
}
2016-07-14T22:27:49.230-0530: 49295.945: Total time for which application threads were stopped: 0.1717322 seconds
{Heap before GC invocations=88 (full 26):
 par new generation   total 109248K, used 109248K [0x00000007a0000000, 0x00000007a8000000, 0x00000007a8000000)
  eden space 87424K, 100% used [0x00000007a0000000, 0x00000007a5560000, 0x00000007a5560000)
  from space 21824K, 100% used [0x00000007a5560000, 0x00000007a6ab0000, 0x00000007a6ab0000)
  to   space 21824K,   0% used [0x00000007a6ab0000, 0x00000007a6ab0000, 0x00000007a8000000)
 concurrent mark-sweep generation total 393216K, used 127163K [0x00000007a8000000, 0x00000007c0000000, 0x00000007c0000000)
 Metaspace       used 30261K, capacity 30620K, committed 30844K, reserved 1077248K
  class space    used 3604K, capacity 3677K, committed 3708K, reserved 1048576K
2016-07-14T22:27:49.693-0530: 49296.408: [GC (Allocation Failure) 49296.408: [ParNew
Desired survivor size 20112992 bytes, new threshold 2 (max 8)
- age   1:   10153160 bytes,   10153160 total
- age   2:   10044440 bytes,   20197600 total
- age   3:    1563576 bytes,   21761176 total
: 109248K->21824K(109248K), 0.0419672 secs] 236411K->158949K(502464K), 0.0420388 secs] [Times: user=0.08 sys=0.06, real=0.04 secs] 
Heap after GC invocations=89 (full 26):
 par new generation   total 109248K, used 21824K [0x00000007a0000000, 0x00000007a8000000, 0x00000007a8000000)
  eden space 87424K,   0% used [0x00000007a0000000, 0x00000007a0000000, 0x00000007a5560000)
  from space 21824K, 100% used [0x00000007a6ab0000, 0x00000007a8000000, 0x00000007a8000000)
  to   space 21824K,   0% used [0x00000007a5560000, 0x00000007a5560000, 0x00000007a6ab0000)
 concurrent mark-sweep generation total 393216K, used 137125K [0x00000007a8000000, 0x00000007c0000000, 0x00000007c0000000)
 Metaspace       used 30261K, capacity 30620K, committed 30844K, reserved 1077248K
  class space    used 3604K, capacity 3677K, committed 3708K, reserved 1048576K
}
2016-07-14T22:27:49.735-0530: 49296.450: Total time for which application threads were stopped: 0.0422902 seconds
2016-07-14T22:27:51.854-0530: 49298.569: Total time for which application threads were stopped: 0.0002488 seconds
2016-07-14T22:27:52.855-0530: 49299.570: Total time for which application threads were stopped: 0.0000956 seconds
2016-07-14T22:28:41.942-0530: 49348.658: Total time for which application threads were stopped: 0.0001061 seconds
2016-07-14T22:28:41.942-0530: 49348.658: Total time for which application threads were stopped: 0.0000528 seconds
2016-07-14T22:33:25.054-0530: 49631.776: Total time for which application threads were stopped: 0.0015096 seconds
2016-07-14T22:33:25.061-0530: 49631.784: Total time for which application threads were stopped: 0.0001217 seconds
2016-07-14T22:33:25.065-0530: 49631.787: Total time for which application threads were stopped: 0.0000946 seconds
{Heap before GC invocations=89 (full 26):
 par new generation   total 109248K, used 109248K [0x00000007a0000000, 0x00000007a8000000, 0x00000007a8000000)
  eden space 87424K, 100% used [0x00000007a0000000, 0x00000007a5560000, 0x00000007a5560000)
  from space 21824K, 100% used [0x00000007a6ab0000, 0x00000007a8000000, 0x00000007a8000000)
  to   space 21824K,   0% used [0x00000007a5560000, 0x00000007a5560000, 0x00000007a6ab0000)
 concurrent mark-sweep generation total 393216K, used 137125K [0x00000007a8000000, 0x00000007c0000000, 0x00000007c0000000)
 Metaspace       used 30264K, capacity 30620K, committed 30844K, reserved 1077248K
  class space    used 3604K, capacity 3677K, committed 3708K, reserved 1048576K
2016-07-14T22:33:25.146-0530: 49631.869: [GC (Allocation Failure) 49631.908: [ParNew
Desired survivor size 20112992 bytes, new threshold 8 (max 8)
- age   1:    6302472 bytes,    6302472 total
- age   2:    9051400 bytes,   15353872 total
: 109248K->21824K(109248K), 0.1467863 secs] 246373K->171247K(502464K), 0.1865365 secs] [Times: user=0.10 sys=0.27, real=0.19 secs] 
Heap after GC invocations=90 (full 26):
 par new generation   total 109248K, used 21824K [0x00000007a0000000, 0x00000007a8000000, 0x00000007a8000000)
  eden space 87424K,   0% used [0x00000007a0000000, 0x00000007a0000000, 0x00000007a5560000)
  from space 21824K, 100% used [0x00000007a5560000, 0x00000007a6ab0000, 0x00000007a6ab0000)
  to   space 21824K,   0% used [0x00000007a6ab0000, 0x00000007a6ab0000, 0x00000007a8000000)
 concurrent mark-sweep generation total 393216K, used 149423K [0x00000007a8000000, 0x00000007c0000000, 0x00000007c0000000)
 Metaspace       used 30264K, capacity 30620K, committed 30844K, reserved 1077248K
  class space    used 3604K, capacity 3677K, committed 3708K, reserved 1048576K
}
2016-07-14T22:33:25.333-0530: 49632.055: Total time for which application threads were stopped: 0.1867502 seconds
{Heap before GC invocations=90 (full 26):
 par new generation   total 109248K, used 109248K [0x00000007a0000000, 0x00000007a8000000, 0x00000007a8000000)
  eden space 87424K, 100% used [0x00000007a0000000, 0x00000007a5560000, 0x00000007a5560000)
  from space 21824K, 100% used [0x00000007a5560000, 0x00000007a6ab0000, 0x00000007a6ab0000)
  to   space 21824K,   0% used [0x00000007a6ab0000, 0x00000007a6ab0000, 0x00000007a8000000)
 concurrent mark-sweep generation total 393216K, used 149423K [0x00000007a8000000, 0x00000007c0000000, 0x00000007c0000000)
 Metaspace       used 30264K, capacity 30620K, committed 30844K, reserved 1077248K
  class space    used 3604K, capacity 3677K, committed 3708K, reserved 1048576K
2016-07-14T22:33:26.037-0530: 49632.760: [GC (Allocation Failure) 49632.760: [ParNew
Desired survivor size 20112992 bytes, new threshold 3 (max 8)
- age   1:    7009848 bytes,    7009848 total
- age   2:    6283856 bytes,   13293704 total
- age   3:    9051400 bytes,   22345104 total
: 109248K->21824K(109248K), 0.2549459 secs] 258671K->208517K(502464K), 0.2550117 secs] [Times: user=0.31 sys=0.12, real=0.26 secs] 
Heap after GC invocations=91 (full 26):
 par new generation   total 109248K, used 21824K [0x00000007a0000000, 0x00000007a8000000, 0x00000007a8000000)
  eden space 87424K,   0% used [0x00000007a0000000, 0x00000007a0000000, 0x00000007a5560000)
  from space 21824K, 100% used [0x00000007a6ab0000, 0x00000007a8000000, 0x00000007a8000000)
  to   space 21824K,   0% used [0x00000007a5560000, 0x00000007a5560000, 0x00000007a6ab0000)
 concurrent mark-sweep generation total 393216K, used 186693K [0x00000007a8000000, 0x00000007c0000000, 0x00000007c0000000)
 Metaspace       used 30264K, capacity 30620K, committed 30844K, reserved 1077248K
  class space    used 3604K, capacity 3677K, committed 3708K, reserved 1048576K
}
2016-07-14T22:33:26.293-0530: 49633.015: Total time for which application threads were stopped: 0.2552585 seconds
{Heap before GC invocations=91 (full 26):
 par new generation   total 109248K, used 109248K [0x00000007a0000000, 0x00000007a8000000, 0x00000007a8000000)
  eden space 87424K, 100% used [0x00000007a0000000, 0x00000007a5560000, 0x00000007a5560000)
  from space 21824K, 100% used [0x00000007a6ab0000, 0x00000007a8000000, 0x00000007a8000000)
  to   space 21824K,   0% used [0x00000007a5560000, 0x00000007a5560000, 0x00000007a6ab0000)
 concurrent mark-sweep generation total 393216K, used 186693K [0x00000007a8000000, 0x00000007c0000000, 0x00000007c0000000)
 Metaspace       used 30264K, capacity 30620K, committed 30844K, reserved 1077248K
  class space    used 3604K, capacity 3677K, committed 3708K, reserved 1048576K
2016-07-14T22:33:26.982-0530: 49633.705: [GC (Allocation Failure) 49633.705: [ParNew
Desired survivor size 20112992 bytes, new threshold 3 (max 8)
- age   1:    9520240 bytes,    9520240 total
- age   2:    4615880 bytes,   14136120 total
- age   3:    6140688 bytes,   20276808 total
: 109248K->21824K(109248K), 0.0511779 secs] 295941K->220345K(502464K), 0.0512834 secs] [Times: user=0.10 sys=0.05, real=0.05 secs] 
Heap after GC invocations=92 (full 26):
 par new generation   total 109248K, used 21824K [0x00000007a0000000, 0x00000007a8000000, 0x00000007a8000000)
  eden space 87424K,   0% used [0x00000007a0000000, 0x00000007a0000000, 0x00000007a5560000)
  from space 21824K, 100% used [0x00000007a5560000, 0x00000007a6ab0000, 0x00000007a6ab0000)
  to   space 21824K,   0% used [0x00000007a6ab0000, 0x00000007a6ab0000, 0x00000007a8000000)
 concurrent mark-sweep generation total 393216K, used 198521K [0x00000007a8000000, 0x00000007c0000000, 0x00000007c0000000)
 Metaspace       used 30264K, capacity 30620K, committed 30844K, reserved 1077248K
  class space    used 3604K, capacity 3677K, committed 3708K, reserved 1048576K
}
2016-07-14T22:33:27.033-0530: 49633.756: Total time for which application threads were stopped: 0.0515897 seconds
2016-07-14T22:33:27.033-0530: 49633.756: [GC (CMS Initial Mark) [1 CMS-initial-mark: 198521K(393216K)] 221914K(502464K), 0.0054311 secs] [Times: user=0.01 sys=0.01, real=0.00 secs] 
2016-07-14T22:33:27.039-0530: 49633.762: Total time for which application threads were stopped: 0.0056847 seconds
2016-07-14T22:33:27.039-0530: 49633.762: [CMS-concurrent-mark-start]
2016-07-14T22:33:27.108-0530: 49633.830: [CMS-concurrent-mark: 0.069/0.069 secs] [Times: user=0.09 sys=0.03, real=0.07 secs] 
2016-07-14T22:33:27.108-0530: 49633.830: [CMS-concurrent-preclean-start]
2016-07-14T22:33:27.110-0530: 49633.832: [CMS-concurrent-preclean: 0.002/0.002 secs] [Times: user=0.00 sys=0.00, real=0.01 secs] 
2016-07-14T22:33:27.110-0530: 49633.832: [CMS-concurrent-abortable-preclean-start]
2016-07-14T22:33:28.887-0530: 49635.610: Total time for which application threads were stopped: 0.0001797 seconds
2016-07-14T22:33:29.887-0530: 49636.610: Total time for which application threads were stopped: 0.0000998 seconds
 CMS: abort preclean due to time 2016-07-14T22:33:33.240-0530: 49639.963: [CMS-concurrent-abortable-preclean: 2.526/6.131 secs] [Times: user=4.32 sys=0.04, real=6.13 secs] 
2016-07-14T22:33:33.240-0530: 49639.963: [GC (CMS Final Remark) [YG occupancy: 52108 K (109248 K)]{Heap before GC invocations=92 (full 27):
 par new generation   total 109248K, used 52108K [0x00000007a0000000, 0x00000007a8000000, 0x00000007a8000000)
  eden space 87424K,  34% used [0x00000007a0000000, 0x00000007a1d93390, 0x00000007a5560000)
  from space 21824K, 100% used [0x00000007a5560000, 0x00000007a6ab0000, 0x00000007a6ab0000)
  to   space 21824K,   0% used [0x00000007a6ab0000, 0x00000007a6ab0000, 0x00000007a8000000)
 concurrent mark-sweep generation total 393216K, used 198521K [0x00000007a8000000, 0x00000007c0000000, 0x00000007c0000000)
 Metaspace       used 30269K, capacity 30620K, committed 30844K, reserved 1077248K
  class space    used 3604K, capacity 3677K, committed 3708K, reserved 1048576K
2016-07-14T22:33:33.240-0530: 49639.963: [GC (CMS Final Remark) 49639.963: [ParNew
Desired survivor size 20112992 bytes, new threshold 8 (max 8)
- age   1:      96768 bytes,      96768 total
- age   2:       1456 bytes,      98224 total
- age   3:    1320944 bytes,    1419168 total
: 52108K->19549K(109248K), 0.0170607 secs] 250630K->224023K(502464K), 0.0171318 secs] [Times: user=0.03 sys=0.02, real=0.01 secs] 
Heap after GC invocations=93 (full 27):
 par new generation   total 109248K, used 19549K [0x00000007a0000000, 0x00000007a8000000, 0x00000007a8000000)
  eden space 87424K,   0% used [0x00000007a0000000, 0x00000007a0000000, 0x00000007a5560000)
  from space 21824K,  89% used [0x00000007a6ab0000, 0x00000007a7dc7420, 0x00000007a8000000)
  to   space 21824K,   0% used [0x00000007a5560000, 0x00000007a5560000, 0x00000007a6ab0000)
 concurrent mark-sweep generation total 393216K, used 204474K [0x00000007a8000000, 0x00000007c0000000, 0x00000007c0000000)
 Metaspace       used 30269K, capacity 30620K, committed 30844K, reserved 1077248K
  class space    used 3604K, capacity 3677K, committed 3708K, reserved 1048576K
}
49639.980: [Rescan (parallel) , 0.0028489 secs]49639.983: [weak refs processing, 0.0007253 secs]49639.984: [class unloading, 0.0608755 secs]49640.045: [scrub symbol table, 0.0184338 secs]49640.064: [scrub string table, 0.0006581 secs][1 CMS-remark: 204474K(393216K)] 224023K(502464K), 0.1043790 secs] [Times: user=0.07 sys=0.07, real=0.10 secs] 
2016-07-14T22:33:33.345-0530: 49640.068: Total time for which application threads were stopped: 0.1044992 seconds
2016-07-14T22:33:33.345-0530: 49640.068: [CMS-concurrent-sweep-start]
2016-07-14T22:33:33.616-0530: 49640.339: [CMS-concurrent-sweep: 0.272/0.272 secs] [Times: user=0.14 sys=0.10, real=0.27 secs] 
2016-07-14T22:33:33.617-0530: 49640.339: [CMS-concurrent-reset-start]
2016-07-14T22:33:33.619-0530: 49640.342: [CMS-concurrent-reset: 0.003/0.003 secs] [Times: user=0.00 sys=0.01, real=0.00 secs] 
2016-07-14T22:34:18.974-0530: 49685.698: Total time for which application threads were stopped: 0.0001337 seconds
2016-07-14T22:34:18.974-0530: 49685.698: Total time for which application threads were stopped: 0.0000615 seconds
2016-07-15T10:36:25.560-0530: 52772.797: Total time for which application threads were stopped: 0.1922492 seconds
2016-07-15T10:36:25.583-0530: 52772.797: Total time for which application threads were stopped: 0.0000962 seconds
2016-07-15T10:36:25.767-0530: 52772.981: Total time for which application threads were stopped: 0.0001233 seconds
2016-07-15T10:36:26.770-0530: 52773.984: Total time for which application threads were stopped: 0.0001960 seconds
2016-07-15T10:37:16.292-0530: 52823.507: Total time for which application threads were stopped: 0.0002255 seconds
2016-07-15T10:37:16.292-0530: 52823.508: Total time for which application threads were stopped: 0.0000925 seconds
2016-07-15T11:14:30.470-0530: 55057.739: Total time for which application threads were stopped: 0.0009559 seconds
2016-07-15T11:14:30.470-0530: 55057.739: Total time for which application threads were stopped: 0.0000516 seconds
2016-07-15T11:14:30.475-0530: 55057.744: Total time for which application threads were stopped: 0.0000958 seconds
2016-07-15T11:14:30.504-0530: 55057.773: Total time for which application threads were stopped: 0.0095994 seconds
2016-07-15T11:14:30.541-0530: 55057.810: Total time for which application threads were stopped: 0.0374759 seconds
2016-07-15T11:14:30.543-0530: 55057.812: Total time for which application threads were stopped: 0.0001937 seconds
2016-07-15T11:14:30.649-0530: 55057.918: Total time for which application threads were stopped: 0.0212107 seconds
2016-07-15T11:14:30.649-0530: 55057.918: Total time for which application threads were stopped: 0.0001056 seconds
2016-07-15T11:14:30.713-0530: 55057.982: Total time for which application threads were stopped: 0.0401324 seconds
2016-07-15T11:14:30.744-0530: 55058.013: Total time for which application threads were stopped: 0.0301971 seconds
2016-07-15T11:14:30.774-0530: 55058.043: Total time for which application threads were stopped: 0.0284691 seconds
2016-07-15T11:14:30.820-0530: 55058.089: Total time for which application threads were stopped: 0.0444915 seconds
2016-07-15T11:14:30.821-0530: 55058.090: Total time for which application threads were stopped: 0.0001509 seconds
2016-07-15T11:14:30.821-0530: 55058.090: Total time for which application threads were stopped: 0.0001334 seconds
2016-07-15T11:14:30.823-0530: 55058.092: Total time for which application threads were stopped: 0.0001593 seconds
2016-07-15T11:14:30.912-0530: 55058.181: Total time for which application threads were stopped: 0.0001048 seconds
2016-07-15T11:14:30.912-0530: 55058.181: Total time for which application threads were stopped: 0.0000456 seconds
2016-07-15T11:14:30.913-0530: 55058.182: Total time for which application threads were stopped: 0.0000556 seconds
2016-07-15T11:14:31.922-0530: 55059.191: Total time for which application threads were stopped: 0.0043498 seconds
2016-07-15T11:14:32.066-0530: 55059.335: Total time for which application threads were stopped: 0.0207106 seconds
2016-07-15T11:14:32.088-0530: 55059.357: Total time for which application threads were stopped: 0.0001289 seconds
2016-07-15T11:14:32.348-0530: 55059.617: Total time for which application threads were stopped: 0.0138823 seconds
2016-07-15T11:14:32.378-0530: 55059.647: Total time for which application threads were stopped: 0.0298749 seconds
2016-07-15T11:14:32.493-0530: 55059.762: Total time for which application threads were stopped: 0.0222537 seconds
2016-07-15T11:14:32.504-0530: 55059.773: Total time for which application threads were stopped: 0.0102940 seconds
2016-07-15T11:14:32.526-0530: 55059.795: Total time for which application threads were stopped: 0.0223017 seconds
2016-07-15T11:14:32.618-0530: 55059.887: Total time for which application threads were stopped: 0.0229902 seconds
2016-07-15T11:14:33.184-0530: 55060.453: Total time for which application threads were stopped: 0.0276048 seconds
2016-07-15T11:14:33.614-0530: 55060.883: Total time for which application threads were stopped: 0.0118369 seconds
2016-07-15T11:14:34.216-0530: 55061.485: Total time for which application threads were stopped: 0.0731590 seconds
2016-07-15T11:14:34.439-0530: 55061.708: Total time for which application threads were stopped: 0.1311002 seconds
2016-07-15T11:14:34.683-0530: 55061.952: Total time for which application threads were stopped: 0.0855433 seconds
2016-07-15T11:14:34.854-0530: 55062.123: Total time for which application threads were stopped: 0.1675263 seconds
2016-07-15T11:14:34.971-0530: 55062.241: Total time for which application threads were stopped: 0.1171353 seconds
2016-07-15T11:14:34.972-0530: 55062.241: Total time for which application threads were stopped: 0.0001897 seconds
2016-07-15T11:14:34.993-0530: 55062.262: Total time for which application threads were stopped: 0.0179749 seconds
2016-07-15T11:14:35.083-0530: 55062.352: Total time for which application threads were stopped: 0.0887505 seconds
2016-07-15T11:14:35.090-0530: 55062.359: Total time for which application threads were stopped: 0.0060592 seconds
2016-07-15T11:14:35.147-0530: 55062.417: Total time for which application threads were stopped: 0.0574458 seconds
2016-07-15T11:14:35.226-0530: 55062.495: Total time for which application threads were stopped: 0.0781080 seconds
2016-07-15T11:14:35.281-0530: 55062.550: Total time for which application threads were stopped: 0.0310641 seconds
2016-07-15T11:14:35.316-0530: 55062.586: Total time for which application threads were stopped: 0.0353325 seconds
2016-07-15T11:14:35.652-0530: 55062.921: Total time for which application threads were stopped: 0.3350138 seconds
2016-07-15T11:14:35.681-0530: 55062.950: Total time for which application threads were stopped: 0.0286729 seconds
2016-07-15T11:14:35.788-0530: 55063.057: Total time for which application threads were stopped: 0.0434284 seconds
2016-07-15T11:14:35.901-0530: 55063.171: Total time for which application threads were stopped: 0.1131032 seconds
2016-07-15T11:14:36.016-0530: 55063.286: Total time for which application threads were stopped: 0.1087661 seconds
2016-07-15T11:14:36.798-0530: 55064.067: Total time for which application threads were stopped: 0.0000980 seconds
2016-07-15T11:14:37.650-0530: 55064.920: Total time for which application threads were stopped: 0.0001193 seconds
2016-07-15T11:14:37.897-0530: 55065.166: Total time for which application threads were stopped: 0.0581572 seconds
2016-07-15T11:14:38.037-0530: 55065.306: Total time for which application threads were stopped: 0.1398133 seconds
2016-07-15T11:14:38.124-0530: 55065.394: Total time for which application threads were stopped: 0.0870506 seconds
2016-07-15T11:14:38.178-0530: 55065.447: Total time for which application threads were stopped: 0.0521576 seconds
2016-07-15T11:14:38.179-0530: 55065.448: Total time for which application threads were stopped: 0.0002159 seconds
2016-07-15T11:14:38.247-0530: 55065.516: Total time for which application threads were stopped: 0.0677815 seconds
2016-07-15T11:14:38.518-0530: 55065.788: Total time for which application threads were stopped: 0.0949920 seconds
2016-07-15T11:14:38.534-0530: 55065.803: Total time for which application threads were stopped: 0.0147019 seconds
2016-07-15T11:14:38.615-0530: 55065.884: Total time for which application threads were stopped: 0.0208666 seconds
2016-07-15T11:14:38.626-0530: 55065.895: Total time for which application threads were stopped: 0.0100783 seconds
2016-07-15T11:14:38.826-0530: 55066.095: Total time for which application threads were stopped: 0.0175653 seconds
2016-07-15T11:14:39.063-0530: 55066.333: Total time for which application threads were stopped: 0.0199482 seconds
2016-07-15T11:14:40.126-0530: 55067.395: Total time for which application threads were stopped: 0.0584173 seconds
2016-07-15T11:14:40.611-0530: 55067.880: Total time for which application threads were stopped: 0.0400197 seconds
2016-07-15T11:14:40.659-0530: 55067.928: Total time for which application threads were stopped: 0.0468725 seconds
2016-07-15T11:14:40.691-0530: 55067.960: Total time for which application threads were stopped: 0.0003375 seconds
2016-07-15T11:14:40.776-0530: 55068.045: Total time for which application threads were stopped: 0.0794867 seconds
2016-07-15T11:14:44.549-0530: 55071.818: Total time for which application threads were stopped: 0.0002792 seconds
{Heap before GC invocations=93 (full 27):
 par new generation   total 109248K, used 105790K [0x00000007a0000000, 0x00000007a8000000, 0x00000007a8000000)
  eden space 87424K,  98% used [0x00000007a0000000, 0x00000007a5438498, 0x00000007a5560000)
  from space 21824K,  89% used [0x00000007a6ab0000, 0x00000007a7dc7420, 0x00000007a8000000)
  to   space 21824K,   0% used [0x00000007a5560000, 0x00000007a5560000, 0x00000007a6ab0000)
 concurrent mark-sweep generation total 393216K, used 51306K [0x00000007a8000000, 0x00000007c0000000, 0x00000007c0000000)
 Metaspace       used 30488K, capacity 30792K, committed 31228K, reserved 1077248K
  class space    used 3621K, capacity 3711K, committed 3836K, reserved 1048576K
2016-07-15T11:14:48.818-0530: 55076.087: [GC (Allocation Failure) 55076.116: [ParNew
Desired survivor size 20112992 bytes, new threshold 2 (max 8)
- age   1:   20108592 bytes,   20108592 total
- age   2:      96248 bytes,   20204840 total
- age   4:    1320688 bytes,   21525528 total
: 105790K->21824K(109248K), 0.0692229 secs] 157097K->73254K(502464K), 0.0978457 secs] [Times: user=0.06 sys=0.12, real=0.10 secs] 
Heap after GC invocations=94 (full 27):
 par new generation   total 109248K, used 21824K [0x00000007a0000000, 0x00000007a8000000, 0x00000007a8000000)
  eden space 87424K,   0% used [0x00000007a0000000, 0x00000007a0000000, 0x00000007a5560000)
  from space 21824K, 100% used [0x00000007a5560000, 0x00000007a6ab0000, 0x00000007a6ab0000)
  to   space 21824K,   0% used [0x00000007a6ab0000, 0x00000007a6ab0000, 0x00000007a8000000)
 concurrent mark-sweep generation total 393216K, used 51430K [0x00000007a8000000, 0x00000007c0000000, 0x00000007c0000000)
 Metaspace       used 30488K, capacity 30792K, committed 31228K, reserved 1077248K
  class space    used 3621K, capacity 3711K, committed 3836K, reserved 1048576K
}
2016-07-15T11:14:48.916-0530: 55076.185: Total time for which application threads were stopped: 0.0980561 seconds
2016-07-15T11:14:48.918-0530: 55076.187: Total time for which application threads were stopped: 0.0002760 seconds
{Heap before GC invocations=94 (full 27):
 par new generation   total 109248K, used 109248K [0x00000007a0000000, 0x00000007a8000000, 0x00000007a8000000)
  eden space 87424K, 100% used [0x00000007a0000000, 0x00000007a5560000, 0x00000007a5560000)
  from space 21824K, 100% used [0x00000007a5560000, 0x00000007a6ab0000, 0x00000007a6ab0000)
  to   space 21824K,   0% used [0x00000007a6ab0000, 0x00000007a6ab0000, 0x00000007a8000000)
 concurrent mark-sweep generation total 393216K, used 51430K [0x00000007a8000000, 0x00000007c0000000, 0x00000007c0000000)
 Metaspace       used 30488K, capacity 30792K, committed 31228K, reserved 1077248K
  class space    used 3621K, capacity 3711K, committed 3836K, reserved 1048576K
2016-07-15T11:14:49.580-0530: 55076.850: [GC (Allocation Failure) 55076.850: [ParNew
Desired survivor size 20112992 bytes, new threshold 2 (max 8)
- age   1:    8139656 bytes,    8139656 total
- age   2:   14190960 bytes,   22330616 total
: 109248K->21824K(109248K), 0.0850379 secs] 160678K->91677K(502464K), 0.0851335 secs] [Times: user=0.12 sys=0.15, real=0.08 secs] 
Heap after GC invocations=95 (full 27):
 par new generation   total 109248K, used 21824K [0x00000007a0000000, 0x00000007a8000000, 0x00000007a8000000)
  eden space 87424K,   0% used [0x00000007a0000000, 0x00000007a0000000, 0x00000007a5560000)
  from space 21824K, 100% used [0x00000007a6ab0000, 0x00000007a8000000, 0x00000007a8000000)
  to   space 21824K,   0% used [0x00000007a5560000, 0x00000007a5560000, 0x00000007a6ab0000)
 concurrent mark-sweep generation total 393216K, used 69853K [0x00000007a8000000, 0x00000007c0000000, 0x00000007c0000000)
 Metaspace       used 30488K, capacity 30792K, committed 31228K, reserved 1077248K
  class space    used 3621K, capacity 3711K, committed 3836K, reserved 1048576K
}
2016-07-15T11:14:49.665-0530: 55076.935: Total time for which application threads were stopped: 0.0853332 seconds
{Heap before GC invocations=95 (full 27):
 par new generation   total 109248K, used 104803K [0x00000007a0000000, 0x00000007a8000000, 0x00000007a8000000)
  eden space 87424K,  94% used [0x00000007a0000000, 0x00000007a5108eb0, 0x00000007a5560000)
  from space 21824K, 100% used [0x00000007a6ab0000, 0x00000007a8000000, 0x00000007a8000000)
  to   space 21824K,   0% used [0x00000007a5560000, 0x00000007a5560000, 0x00000007a6ab0000)
 concurrent mark-sweep generation total 393216K, used 69853K [0x00000007a8000000, 0x00000007c0000000, 0x00000007c0000000)
 Metaspace       used 30488K, capacity 30792K, committed 31228K, reserved 1077248K
  class space    used 3621K, capacity 3711K, committed 3836K, reserved 1048576K
2016-07-15T11:14:50.767-0530: 55078.037: [GC (Allocation Failure) 55078.037: [ParNew
Desired survivor size 20112992 bytes, new threshold 8 (max 8)
- age   1:    2638264 bytes,    2638264 total
- age   2:    7482808 bytes,   10121072 total
: 104803K->21824K(109248K), 0.0333888 secs] 174656K->104984K(502464K), 0.0334580 secs] [Times: user=0.06 sys=0.05, real=0.04 secs] 
Heap after GC invocations=96 (full 27):
 par new generation   total 109248K, used 21824K [0x00000007a0000000, 0x00000007a8000000, 0x00000007a8000000)
  eden space 87424K,   0% used [0x00000007a0000000, 0x00000007a0000000, 0x00000007a5560000)
  from space 21824K, 100% used [0x00000007a5560000, 0x00000007a6ab0000, 0x00000007a6ab0000)
  to   space 21824K,   0% used [0x00000007a6ab0000, 0x00000007a6ab0000, 0x00000007a8000000)
 concurrent mark-sweep generation total 393216K, used 83160K [0x00000007a8000000, 0x00000007c0000000, 0x00000007c0000000)
 Metaspace       used 30488K, capacity 30792K, committed 31228K, reserved 1077248K
  class space    used 3621K, capacity 3711K, committed 3836K, reserved 1048576K
}
2016-07-15T11:14:50.801-0530: 55078.070: Total time for which application threads were stopped: 0.0336583 seconds
2016-07-15T11:14:52.015-0530: 55079.285: Total time for which application threads were stopped: 0.0002492 seconds
2016-07-15T11:14:53.019-0530: 55080.288: Total time for which application threads were stopped: 0.0001342 seconds
2016-07-15T11:15:31.157-0530: 55118.427: Total time for which application threads were stopped: 0.0002008 seconds
2016-07-15T11:15:42.093-0530: 55129.363: Total time for which application threads were stopped: 0.0000974 seconds
2016-07-15T11:38:50.653-0530: 56517.957: Total time for which application threads were stopped: 0.0009526 seconds
2016-07-15T11:38:50.653-0530: 56517.958: Total time for which application threads were stopped: 0.0000474 seconds
2016-07-15T11:38:50.653-0530: 56517.958: Total time for which application threads were stopped: 0.0000593 seconds
2016-07-15T11:38:50.654-0530: 56517.958: Total time for which application threads were stopped: 0.0000531 seconds
2016-07-15T11:38:50.654-0530: 56517.959: Total time for which application threads were stopped: 0.0000433 seconds
2016-07-15T11:38:50.655-0530: 56517.960: Total time for which application threads were stopped: 0.0003279 seconds
2016-07-15T11:38:50.655-0530: 56517.960: Total time for which application threads were stopped: 0.0001664 seconds
2016-07-15T11:38:50.656-0530: 56517.960: Total time for which application threads were stopped: 0.0001949 seconds
2016-07-15T11:38:50.656-0530: 56517.960: Total time for which application threads were stopped: 0.0001412 seconds
2016-07-15T11:38:50.656-0530: 56517.961: Total time for which application threads were stopped: 0.0001475 seconds
2016-07-15T11:38:50.656-0530: 56517.961: Total time for which application threads were stopped: 0.0000676 seconds
2016-07-15T11:38:50.661-0530: 56517.965: Total time for which application threads were stopped: 0.0001103 seconds
2016-07-15T11:38:50.736-0530: 56518.041: Total time for which application threads were stopped: 0.0001454 seconds
2016-07-15T11:38:50.737-0530: 56518.041: Total time for which application threads were stopped: 0.0001544 seconds
2016-07-15T11:38:50.742-0530: 56518.046: Total time for which application threads were stopped: 0.0002168 seconds
2016-07-15T11:38:51.375-0530: 56518.680: Total time for which application threads were stopped: 0.0001354 seconds
2016-07-15T11:38:51.375-0530: 56518.680: Total time for which application threads were stopped: 0.0000621 seconds
2016-07-15T11:38:51.435-0530: 56518.740: Total time for which application threads were stopped: 0.0000961 seconds
2016-07-15T11:38:51.435-0530: 56518.740: Total time for which application threads were stopped: 0.0001010 seconds
2016-07-15T11:38:51.436-0530: 56518.741: Total time for which application threads were stopped: 0.0001101 seconds
2016-07-15T11:38:51.568-0530: 56518.873: Total time for which application threads were stopped: 0.0002412 seconds
2016-07-15T11:38:51.596-0530: 56518.901: Total time for which application threads were stopped: 0.0000897 seconds
2016-07-15T11:38:51.597-0530: 56518.901: Total time for which application threads were stopped: 0.0000507 seconds
2016-07-15T11:38:51.599-0530: 56518.904: Total time for which application threads were stopped: 0.0003193 seconds
2016-07-15T11:38:51.691-0530: 56518.996: Total time for which application threads were stopped: 0.0001075 seconds
2016-07-15T11:38:52.414-0530: 56519.719: Total time for which application threads were stopped: 0.1240371 seconds
2016-07-15T11:38:52.414-0530: 56519.719: Total time for which application threads were stopped: 0.0001225 seconds
2016-07-15T11:38:52.415-0530: 56519.720: Total time for which application threads were stopped: 0.0001639 seconds
2016-07-15T11:38:52.450-0530: 56519.754: Total time for which application threads were stopped: 0.0002021 seconds
2016-07-15T11:38:52.464-0530: 56519.768: Total time for which application threads were stopped: 0.0001134 seconds
{Heap before GC invocations=96 (full 27):
 par new generation   total 109248K, used 109248K [0x00000007a0000000, 0x00000007a8000000, 0x00000007a8000000)
  eden space 87424K, 100% used [0x00000007a0000000, 0x00000007a5560000, 0x00000007a5560000)
  from space 21824K, 100% used [0x00000007a5560000, 0x00000007a6ab0000, 0x00000007a6ab0000)
  to   space 21824K,   0% used [0x00000007a6ab0000, 0x00000007a6ab0000, 0x00000007a8000000)
 concurrent mark-sweep generation total 393216K, used 83160K [0x00000007a8000000, 0x00000007c0000000, 0x00000007c0000000)
 Metaspace       used 30551K, capacity 30856K, committed 31228K, reserved 1077248K
  class space    used 3621K, capacity 3711K, committed 3836K, reserved 1048576K
2016-07-15T11:38:52.896-0530: 56520.200: [GC (Allocation Failure) 56520.219: [ParNew
Desired survivor size 20112992 bytes, new threshold 3 (max 8)
- age   1:   16844936 bytes,   16844936 total
- age   2:    1563552 bytes,   18408488 total
- age   3:    3908480 bytes,   22316968 total
: 109248K->21824K(109248K), 0.2395632 secs] 192408K->114591K(502464K), 0.2583782 secs] [Times: user=0.40 sys=0.20, real=0.26 secs] 
Heap after GC invocations=97 (full 27):
 par new generation   total 109248K, used 21824K [0x00000007a0000000, 0x00000007a8000000, 0x00000007a8000000)
  eden space 87424K,   0% used [0x00000007a0000000, 0x00000007a0000000, 0x00000007a5560000)
  from space 21824K, 100% used [0x00000007a6ab0000, 0x00000007a8000000, 0x00000007a8000000)
  to   space 21824K,   0% used [0x00000007a5560000, 0x00000007a5560000, 0x00000007a6ab0000)
 concurrent mark-sweep generation total 393216K, used 92767K [0x00000007a8000000, 0x00000007c0000000, 0x00000007c0000000)
 Metaspace       used 30551K, capacity 30856K, committed 31228K, reserved 1077248K
  class space    used 3621K, capacity 3711K, committed 3836K, reserved 1048576K
}
2016-07-15T11:38:53.154-0530: 56520.459: Total time for which application threads were stopped: 0.2587155 seconds
{Heap before GC invocations=97 (full 27):
 par new generation   total 109248K, used 109248K [0x00000007a0000000, 0x00000007a8000000, 0x00000007a8000000)
  eden space 87424K, 100% used [0x00000007a0000000, 0x00000007a5560000, 0x00000007a5560000)
  from space 21824K, 100% used [0x00000007a6ab0000, 0x00000007a8000000, 0x00000007a8000000)
  to   space 21824K,   0% used [0x00000007a5560000, 0x00000007a5560000, 0x00000007a6ab0000)
 concurrent mark-sweep generation total 393216K, used 92767K [0x00000007a8000000, 0x00000007c0000000, 0x00000007c0000000)
 Metaspace       used 30551K, capacity 30856K, committed 31228K, reserved 1077248K
  class space    used 3621K, capacity 3711K, committed 3836K, reserved 1048576K
2016-07-15T11:38:53.636-0530: 56520.940: [GC (Allocation Failure) 56520.940: [ParNew
Desired survivor size 20112992 bytes, new threshold 2 (max 8)
- age   1:    5984992 bytes,    5984992 total
- age   2:   14303616 bytes,   20288608 total
- age   3:    1563552 bytes,   21852160 total
: 109248K->21824K(109248K), 0.1440866 secs] 202015K->130142K(502464K), 0.1441564 secs] [Times: user=0.30 sys=0.10, real=0.15 secs] 
Heap after GC invocations=98 (full 27):
 par new generation   total 109248K, used 21824K [0x00000007a0000000, 0x00000007a8000000, 0x00000007a8000000)
  eden space 87424K,   0% used [0x00000007a0000000, 0x00000007a0000000, 0x00000007a5560000)
  from space 21824K, 100% used [0x00000007a5560000, 0x00000007a6ab0000, 0x00000007a6ab0000)
  to   space 21824K,   0% used [0x00000007a6ab0000, 0x00000007a6ab0000, 0x00000007a8000000)
 concurrent mark-sweep generation total 393216K, used 108318K [0x00000007a8000000, 0x00000007c0000000, 0x00000007c0000000)
 Metaspace       used 30551K, capacity 30856K, committed 31228K, reserved 1077248K
  class space    used 3621K, capacity 3711K, committed 3836K, reserved 1048576K
}
2016-07-15T11:38:53.780-0530: 56521.084: Total time for which application threads were stopped: 0.1444402 seconds
2016-07-15T11:38:54.784-0530: 56522.088: Total time for which application threads were stopped: 0.0031377 seconds
2016-07-15T11:38:56.038-0530: 56523.342: Total time for which application threads were stopped: 0.0001602 seconds
{Heap before GC invocations=98 (full 27):
 par new generation   total 109248K, used 109248K [0x00000007a0000000, 0x00000007a8000000, 0x00000007a8000000)
  eden space 87424K, 100% used [0x00000007a0000000, 0x00000007a5560000, 0x00000007a5560000)
  from space 21824K, 100% used [0x00000007a5560000, 0x00000007a6ab0000, 0x00000007a6ab0000)
  to   space 21824K,   0% used [0x00000007a6ab0000, 0x00000007a6ab0000, 0x00000007a8000000)
 concurrent mark-sweep generation total 393216K, used 108318K [0x00000007a8000000, 0x00000007c0000000, 0x00000007c0000000)
 Metaspace       used 30576K, capacity 30984K, committed 31484K, reserved 1077248K
  class space    used 3621K, capacity 3711K, committed 3836K, reserved 1048576K
2016-07-15T11:38:56.146-0530: 56523.451: [GC (Allocation Failure) 56523.451: [ParNew
Desired survivor size 20112992 bytes, new threshold 8 (max 8)
- age   1:    5635328 bytes,    5635328 total
- age   2:         24 bytes,    5635352 total
: 109248K->20221K(109248K), 0.0285667 secs] 217566K->136641K(502464K), 0.0286557 secs] [Times: user=0.07 sys=0.03, real=0.03 secs] 
Heap after GC invocations=99 (full 27):
 par new generation   total 109248K, used 20221K [0x00000007a0000000, 0x00000007a8000000, 0x00000007a8000000)
  eden space 87424K,   0% used [0x00000007a0000000, 0x00000007a0000000, 0x00000007a5560000)
  from space 21824K,  92% used [0x00000007a6ab0000, 0x00000007a7e6f680, 0x00000007a8000000)
  to   space 21824K,   0% used [0x00000007a5560000, 0x00000007a5560000, 0x00000007a6ab0000)
 concurrent mark-sweep generation total 393216K, used 116419K [0x00000007a8000000, 0x00000007c0000000, 0x00000007c0000000)
 Metaspace       used 30576K, capacity 30984K, committed 31484K, reserved 1077248K
  class space    used 3621K, capacity 3711K, committed 3836K, reserved 1048576K
}
2016-07-15T11:38:56.175-0530: 56523.479: Total time for which application threads were stopped: 0.0288831 seconds
2016-07-15T11:39:20.238-0530: 56547.543: Total time for which application threads were stopped: 0.0001553 seconds
2016-07-15T11:39:21.138-0530: 56548.443: Total time for which application threads were stopped: 0.0001114 seconds
2016-07-15T11:39:21.138-0530: 56548.444: Total time for which application threads were stopped: 0.0000742 seconds
{Heap before GC invocations=99 (full 27):
 par new generation   total 109248K, used 106609K [0x00000007a0000000, 0x00000007a8000000, 0x00000007a8000000)
  eden space 87424K,  98% used [0x00000007a0000000, 0x00000007a545ce60, 0x00000007a5560000)
  from space 21824K,  92% used [0x00000007a6ab0000, 0x00000007a7e6f680, 0x00000007a8000000)
  to   space 21824K,   0% used [0x00000007a5560000, 0x00000007a5560000, 0x00000007a6ab0000)
 concurrent mark-sweep generation total 393216K, used 116419K [0x00000007a8000000, 0x00000007c0000000, 0x00000007c0000000)
 Metaspace       used 30635K, capacity 30984K, committed 31484K, reserved 1077248K
  class space    used 3621K, capacity 3711K, committed 3836K, reserved 1048576K
2016-07-15T11:39:21.456-0530: 56548.761: [GC (Allocation Failure) 56548.770: [ParNew
Desired survivor size 20112992 bytes, new threshold 1 (max 8)
- age   1:   20847760 bytes,   20847760 total
- age   2:    1436704 bytes,   22284464 total
- age   3:         24 bytes,   22284488 total
: 106609K->21824K(109248K), 0.0173388 secs] 223028K->142095K(502464K), 0.0262013 secs] [Times: user=0.05 sys=0.01, real=0.03 secs] 
Heap after GC invocations=100 (full 27):
 par new generation   total 109248K, used 21824K [0x00000007a0000000, 0x00000007a8000000, 0x00000007a8000000)
  eden space 87424K,   0% used [0x00000007a0000000, 0x00000007a0000000, 0x00000007a5560000)
  from space 21824K, 100% used [0x00000007a5560000, 0x00000007a6ab0000, 0x00000007a6ab0000)
  to   space 21824K,   0% used [0x00000007a6ab0000, 0x00000007a6ab0000, 0x00000007a8000000)
 concurrent mark-sweep generation total 393216K, used 120271K [0x00000007a8000000, 0x00000007c0000000, 0x00000007c0000000)
 Metaspace       used 30635K, capacity 30984K, committed 31484K, reserved 1077248K
  class space    used 3621K, capacity 3711K, committed 3836K, reserved 1048576K
}
2016-07-15T11:39:21.482-0530: 56548.787: Total time for which application threads were stopped: 0.0264087 seconds
{Heap before GC invocations=100 (full 27):
 par new generation   total 109248K, used 109248K [0x00000007a0000000, 0x00000007a8000000, 0x00000007a8000000)
  eden space 87424K, 100% used [0x00000007a0000000, 0x00000007a5560000, 0x00000007a5560000)
  from space 21824K, 100% used [0x00000007a5560000, 0x00000007a6ab0000, 0x00000007a6ab0000)
  to   space 21824K,   0% used [0x00000007a6ab0000, 0x00000007a6ab0000, 0x00000007a8000000)
 concurrent mark-sweep generation total 393216K, used 120271K [0x00000007a8000000, 0x00000007c0000000, 0x00000007c0000000)
 Metaspace       used 30635K, capacity 30984K, committed 31484K, reserved 1077248K
  class space    used 3621K, capacity 3711K, committed 3836K, reserved 1048576K
2016-07-15T11:39:22.002-0530: 56549.307: [GC (Allocation Failure) 56549.307: [ParNew
Desired survivor size 20112992 bytes, new threshold 8 (max 8)
- age   1:   15389080 bytes,   15389080 total
: 109248K->21024K(109248K), 0.0508908 secs] 229519K->160192K(502464K), 0.0509889 secs] [Times: user=0.08 sys=0.08, real=0.05 secs] 
Heap after GC invocations=101 (full 27):
 par new generation   total 109248K, used 21024K [0x00000007a0000000, 0x00000007a8000000, 0x00000007a8000000)
  eden space 87424K,   0% used [0x00000007a0000000, 0x00000007a0000000, 0x00000007a5560000)
  from space 21824K,  96% used [0x00000007a6ab0000, 0x00000007a7f38248, 0x00000007a8000000)
  to   space 21824K,   0% used [0x00000007a5560000, 0x00000007a5560000, 0x00000007a6ab0000)
 concurrent mark-sweep generation total 393216K, used 139167K [0x00000007a8000000, 0x00000007c0000000, 0x00000007c0000000)
 Metaspace       used 30635K, capacity 30984K, committed 31484K, reserved 1077248K
  class space    used 3621K, capacity 3711K, committed 3836K, reserved 1048576K
}
2016-07-15T11:39:22.053-0530: 56549.358: Total time for which application threads were stopped: 0.0511860 seconds
2016-07-15T11:39:24.210-0530: 56551.516: Total time for which application threads were stopped: 0.0001709 seconds
2016-07-15T11:39:24.214-0530: 56551.519: Total time for which application threads were stopped: 0.0001062 seconds
2016-07-15T11:40:14.267-0530: 56601.573: Total time for which application threads were stopped: 0.0001373 seconds
2016-07-15T11:41:37.023-0530: 56684.331: Total time for which application threads were stopped: 0.0001638 seconds
2016-07-15T11:41:37.023-0530: 56684.332: Total time for which application threads were stopped: 0.0000599 seconds
2016-07-15T11:41:37.023-0530: 56684.332: Total time for which application threads were stopped: 0.0000546 seconds
2016-07-15T11:41:37.024-0530: 56684.332: Total time for which application threads were stopped: 0.0000425 seconds
2016-07-15T11:41:37.027-0530: 56684.336: Total time for which application threads were stopped: 0.0000626 seconds
2016-07-15T11:41:37.095-0530: 56684.404: Total time for which application threads were stopped: 0.0001173 seconds
2016-07-15T11:41:37.096-0530: 56684.404: Total time for which application threads were stopped: 0.0000500 seconds
2016-07-15T11:41:37.099-0530: 56684.407: Total time for which application threads were stopped: 0.0003145 seconds
2016-07-15T11:41:37.353-0530: 56684.662: Total time for which application threads were stopped: 0.0001769 seconds
2016-07-15T11:41:37.353-0530: 56684.662: Total time for which application threads were stopped: 0.0000714 seconds
2016-07-15T11:41:37.353-0530: 56684.662: Total time for which application threads were stopped: 0.0000628 seconds
2016-07-15T11:41:37.354-0530: 56684.663: Total time for which application threads were stopped: 0.0000954 seconds
2016-07-15T11:41:37.900-0530: 56685.209: Total time for which application threads were stopped: 0.0001931 seconds
2016-07-15T11:41:37.900-0530: 56685.209: Total time for which application threads were stopped: 0.0000767 seconds
2016-07-15T11:41:37.905-0530: 56685.213: Total time for which application threads were stopped: 0.0001463 seconds
2016-07-15T11:41:38.422-0530: 56685.731: Total time for which application threads were stopped: 0.0001206 seconds
2016-07-15T11:41:38.422-0530: 56685.731: Total time for which application threads were stopped: 0.0000831 seconds
2016-07-15T11:41:38.423-0530: 56685.732: Total time for which application threads were stopped: 0.0000927 seconds
{Heap before GC invocations=101 (full 27):
 par new generation   total 109248K, used 108448K [0x00000007a0000000, 0x00000007a8000000, 0x00000007a8000000)
  eden space 87424K, 100% used [0x00000007a0000000, 0x00000007a5560000, 0x00000007a5560000)
  from space 21824K,  96% used [0x00000007a6ab0000, 0x00000007a7f38248, 0x00000007a8000000)
  to   space 21824K,   0% used [0x00000007a5560000, 0x00000007a5560000, 0x00000007a6ab0000)
 concurrent mark-sweep generation total 393216K, used 139167K [0x00000007a8000000, 0x00000007c0000000, 0x00000007c0000000)
 Metaspace       used 30691K, capacity 31048K, committed 31484K, reserved 1077248K
  class space    used 3621K, capacity 3711K, committed 3836K, reserved 1048576K
2016-07-15T11:41:38.483-0530: 56685.791: [GC (Allocation Failure) 56685.844: [ParNew
Desired survivor size 20112992 bytes, new threshold 2 (max 8)
- age   1:    8780928 bytes,    8780928 total
- age   2:   13552576 bytes,   22333504 total
: 108448K->21824K(109248K), 0.1532543 secs] 247616K->162659K(502464K), 0.2064570 secs] [Times: user=0.10 sys=0.25, real=0.20 secs] 
Heap after GC invocations=102 (full 27):
 par new generation   total 109248K, used 21824K [0x00000007a0000000, 0x00000007a8000000, 0x00000007a8000000)
  eden space 87424K,   0% used [0x00000007a0000000, 0x00000007a0000000, 0x00000007a5560000)
  from space 21824K, 100% used [0x00000007a5560000, 0x00000007a6ab0000, 0x00000007a6ab0000)
  to   space 21824K,   0% used [0x00000007a6ab0000, 0x00000007a6ab0000, 0x00000007a8000000)
 concurrent mark-sweep generation total 393216K, used 140835K [0x00000007a8000000, 0x00000007c0000000, 0x00000007c0000000)
 Metaspace       used 30691K, capacity 31048K, committed 31484K, reserved 1077248K
  class space    used 3621K, capacity 3711K, committed 3836K, reserved 1048576K
}
2016-07-15T11:41:38.689-0530: 56685.998: Total time for which application threads were stopped: 0.2067622 seconds
{Heap before GC invocations=102 (full 27):
 par new generation   total 109248K, used 109248K [0x00000007a0000000, 0x00000007a8000000, 0x00000007a8000000)
  eden space 87424K, 100% used [0x00000007a0000000, 0x00000007a5560000, 0x00000007a5560000)
  from space 21824K, 100% used [0x00000007a5560000, 0x00000007a6ab0000, 0x00000007a6ab0000)
  to   space 21824K,   0% used [0x00000007a6ab0000, 0x00000007a6ab0000, 0x00000007a8000000)
 concurrent mark-sweep generation total 393216K, used 140835K [0x00000007a8000000, 0x00000007c0000000, 0x00000007c0000000)
 Metaspace       used 30691K, capacity 31048K, committed 31484K, reserved 1077248K
  class space    used 3621K, capacity 3711K, committed 3836K, reserved 1048576K
2016-07-15T11:41:39.214-0530: 56686.523: [GC (Allocation Failure) 56686.523: [ParNew
Desired survivor size 20112992 bytes, new threshold 2 (max 8)
- age   1:   14244736 bytes,   14244736 total
- age   2:    8085216 bytes,   22329952 total
: 109248K->21824K(109248K), 0.1045477 secs] 250083K->193786K(502464K), 0.1046377 secs] [Times: user=0.16 sys=0.17, real=0.10 secs] 
Heap after GC invocations=103 (full 27):
 par new generation   total 109248K, used 21824K [0x00000007a0000000, 0x00000007a8000000, 0x00000007a8000000)
  eden space 87424K,   0% used [0x00000007a0000000, 0x00000007a0000000, 0x00000007a5560000)
  from space 21824K, 100% used [0x00000007a6ab0000, 0x00000007a8000000, 0x00000007a8000000)
  to   space 21824K,   0% used [0x00000007a5560000, 0x00000007a5560000, 0x00000007a6ab0000)
 concurrent mark-sweep generation total 393216K, used 171962K [0x00000007a8000000, 0x00000007c0000000, 0x00000007c0000000)
 Metaspace       used 30691K, capacity 31048K, committed 31484K, reserved 1077248K
  class space    used 3621K, capacity 3711K, committed 3836K, reserved 1048576K
}
2016-07-15T11:41:39.319-0530: 56686.628: Total time for which application threads were stopped: 0.1049499 seconds
{Heap before GC invocations=103 (full 27):
 par new generation   total 109248K, used 109248K [0x00000007a0000000, 0x00000007a8000000, 0x00000007a8000000)
  eden space 87424K, 100% used [0x00000007a0000000, 0x00000007a5560000, 0x00000007a5560000)
  from space 21824K, 100% used [0x00000007a6ab0000, 0x00000007a8000000, 0x00000007a8000000)
  to   space 21824K,   0% used [0x00000007a5560000, 0x00000007a5560000, 0x00000007a6ab0000)
 concurrent mark-sweep generation total 393216K, used 171962K [0x00000007a8000000, 0x00000007c0000000, 0x00000007c0000000)
 Metaspace       used 30691K, capacity 31048K, committed 31484K, reserved 1077248K
  class space    used 3621K, capacity 3711K, committed 3836K, reserved 1048576K
2016-07-15T11:41:39.861-0530: 56687.170: [GC (Allocation Failure) 56687.178: [ParNew
Desired survivor size 20112992 bytes, new threshold 2 (max 8)
- age   1:   12489496 bytes,   12489496 total
- age   2:    8338632 bytes,   20828128 total
: 109248K->21824K(109248K), 0.1551373 secs] 281210K->209411K(502464K), 0.1640361 secs] [Times: user=0.38 sys=0.06, real=0.16 secs] 
Heap after GC invocations=104 (full 27):
 par new generation   total 109248K, used 21824K [0x00000007a0000000, 0x00000007a8000000, 0x00000007a8000000)
  eden space 87424K,   0% used [0x00000007a0000000, 0x00000007a0000000, 0x00000007a5560000)
  from space 21824K, 100% used [0x00000007a5560000, 0x00000007a6ab0000, 0x00000007a6ab0000)
  to   space 21824K,   0% used [0x00000007a6ab0000, 0x00000007a6ab0000, 0x00000007a8000000)
 concurrent mark-sweep generation total 393216K, used 187587K [0x00000007a8000000, 0x00000007c0000000, 0x00000007c0000000)
 Metaspace       used 30691K, capacity 31048K, committed 31484K, reserved 1077248K
  class space    used 3621K, capacity 3711K, committed 3836K, reserved 1048576K
}
2016-07-15T11:41:40.025-0530: 56687.334: Total time for which application threads were stopped: 0.1643045 seconds
2016-07-15T11:41:41.029-0530: 56688.337: Total time for which application threads were stopped: 0.0001821 seconds
2016-07-15T11:41:42.086-0530: 56689.395: Total time for which application threads were stopped: 0.0001615 seconds
2016-07-15T11:42:02.145-0530: 56709.454: Total time for which application threads were stopped: 0.0001758 seconds
2016-07-15T11:42:02.466-0530: 56709.775: Total time for which application threads were stopped: 0.0001092 seconds
2016-07-15T11:42:02.466-0530: 56709.775: Total time for which application threads were stopped: 0.0000636 seconds
2016-07-15T11:42:02.467-0530: 56709.776: Total time for which application threads were stopped: 0.0000718 seconds
2016-07-15T11:42:02.515-0530: 56709.824: Total time for which application threads were stopped: 0.0001060 seconds
2016-07-15T11:42:02.516-0530: 56709.825: Total time for which application threads were stopped: 0.0000676 seconds
2016-07-15T11:42:02.517-0530: 56709.827: Total time for which application threads were stopped: 0.0003931 seconds
2016-07-15T11:42:02.548-0530: 56709.857: Total time for which application threads were stopped: 0.0001445 seconds
2016-07-15T11:42:02.670-0530: 56709.979: Total time for which application threads were stopped: 0.0555397 seconds
{Heap before GC invocations=104 (full 27):
 par new generation   total 109248K, used 109245K [0x00000007a0000000, 0x00000007a8000000, 0x00000007a8000000)
  eden space 87424K,  99% used [0x00000007a0000000, 0x00000007a555f780, 0x00000007a5560000)
  from space 21824K, 100% used [0x00000007a5560000, 0x00000007a6ab0000, 0x00000007a6ab0000)
  to   space 21824K,   0% used [0x00000007a6ab0000, 0x00000007a6ab0000, 0x00000007a8000000)
 concurrent mark-sweep generation total 393216K, used 187587K [0x00000007a8000000, 0x00000007c0000000, 0x00000007c0000000)
 Metaspace       used 30717K, capacity 31048K, committed 31484K, reserved 1077248K
  class space    used 3621K, capacity 3711K, committed 3836K, reserved 1048576K
2016-07-15T11:42:02.698-0530: 56710.007: [GC (Allocation Failure) 56710.046: [ParNew
Desired survivor size 20112992 bytes, new threshold 8 (max 8)
- age   1:   11261976 bytes,   11261976 total
- age   2:    3034568 bytes,   14296544 total
: 109245K->21824K(109248K), 0.0575470 secs] 296833K->216293K(502464K), 0.0970533 secs] [Times: user=0.04 sys=0.02, real=0.10 secs] 
Heap after GC invocations=105 (full 27):
 par new generation   total 109248K, used 21824K [0x00000007a0000000, 0x00000007a8000000, 0x00000007a8000000)
  eden space 87424K,   0% used [0x00000007a0000000, 0x00000007a0000000, 0x00000007a5560000)
  from space 21824K, 100% used [0x00000007a6ab0000, 0x00000007a8000000, 0x00000007a8000000)
  to   space 21824K,   0% used [0x00000007a5560000, 0x00000007a5560000, 0x00000007a6ab0000)
 concurrent mark-sweep generation total 393216K, used 194469K [0x00000007a8000000, 0x00000007c0000000, 0x00000007c0000000)
 Metaspace       used 30717K, capacity 31048K, committed 31484K, reserved 1077248K
  class space    used 3621K, capacity 3711K, committed 3836K, reserved 1048576K
}
2016-07-15T11:42:02.795-0530: 56710.104: Total time for which application threads were stopped: 0.0972848 seconds
{Heap before GC invocations=105 (full 27):
 par new generation   total 109248K, used 109248K [0x00000007a0000000, 0x00000007a8000000, 0x00000007a8000000)
  eden space 87424K, 100% used [0x00000007a0000000, 0x00000007a5560000, 0x00000007a5560000)
  from space 21824K, 100% used [0x00000007a6ab0000, 0x00000007a8000000, 0x00000007a8000000)
  to   space 21824K,   0% used [0x00000007a5560000, 0x00000007a5560000, 0x00000007a6ab0000)
 concurrent mark-sweep generation total 393216K, used 194469K [0x00000007a8000000, 0x00000007c0000000, 0x00000007c0000000)
 Metaspace       used 30717K, capacity 31048K, committed 31484K, reserved 1077248K
  class space    used 3621K, capacity 3711K, committed 3836K, reserved 1048576K
2016-07-15T11:42:03.208-0530: 56710.517: [GC (Allocation Failure) 56710.517: [ParNew
Desired survivor size 20112992 bytes, new threshold 3 (max 8)
- age   1:   12201744 bytes,   12201744 total
- age   2:    7562864 bytes,   19764608 total
- age   3:    2572704 bytes,   22337312 total
: 109248K->21824K(109248K), 0.0934820 secs] 303717K->250896K(502464K), 0.0935530 secs] [Times: user=0.18 sys=0.12, real=0.10 secs] 
Heap after GC invocations=106 (full 27):
 par new generation   total 109248K, used 21824K [0x00000007a0000000, 0x00000007a8000000, 0x00000007a8000000)
  eden space 87424K,   0% used [0x00000007a0000000, 0x00000007a0000000, 0x00000007a5560000)
  from space 21824K, 100% used [0x00000007a5560000, 0x00000007a6ab0000, 0x00000007a6ab0000)
  to   space 21824K,   0% used [0x00000007a6ab0000, 0x00000007a6ab0000, 0x00000007a8000000)
 concurrent mark-sweep generation total 393216K, used 229072K [0x00000007a8000000, 0x00000007c0000000, 0x00000007c0000000)
 Metaspace       used 30717K, capacity 31048K, committed 31484K, reserved 1077248K
  class space    used 3621K, capacity 3711K, committed 3836K, reserved 1048576K
}
2016-07-15T11:42:03.302-0530: 56710.611: Total time for which application threads were stopped: 0.0937475 seconds
2016-07-15T11:42:03.302-0530: 56710.611: [GC (CMS Initial Mark) [1 CMS-initial-mark: 229072K(393216K)] 251687K(502464K), 0.0054514 secs] [Times: user=0.01 sys=0.00, real=0.00 secs] 
2016-07-15T11:42:03.307-0530: 56710.616: Total time for which application threads were stopped: 0.0056645 seconds
2016-07-15T11:42:03.307-0530: 56710.616: [CMS-concurrent-mark-start]
2016-07-15T11:42:03.351-0530: 56710.660: [CMS-concurrent-mark: 0.044/0.044 secs] [Times: user=0.14 sys=0.03, real=0.05 secs] 
2016-07-15T11:42:03.351-0530: 56710.660: [CMS-concurrent-preclean-start]
2016-07-15T11:42:03.352-0530: 56710.661: [CMS-concurrent-preclean: 0.001/0.001 secs] [Times: user=0.00 sys=0.00, real=0.00 secs] 
2016-07-15T11:42:03.352-0530: 56710.661: [CMS-concurrent-abortable-preclean-start]
2016-07-15T11:42:03.481-0530: 56710.790: Total time for which application threads were stopped: 0.0001741 seconds
2016-07-15T11:42:03.482-0530: 56710.791: Total time for which application threads were stopped: 0.0000892 seconds
2016-07-15T11:42:03.482-0530: 56710.791: Total time for which application threads were stopped: 0.0000908 seconds
2016-07-15T11:42:03.549-0530: 56710.859: [CMS-concurrent-abortable-preclean: 0.105/0.197 secs] [Times: user=0.37 sys=0.00, real=0.19 secs] 
2016-07-15T11:42:03.550-0530: 56710.860: [GC (CMS Final Remark) [YG occupancy: 87281 K (109248 K)]{Heap before GC invocations=106 (full 28):
 par new generation   total 109248K, used 87281K [0x00000007a0000000, 0x00000007a8000000, 0x00000007a8000000)
  eden space 87424K,  74% used [0x00000007a0000000, 0x00000007a3fec728, 0x00000007a5560000)
  from space 21824K, 100% used [0x00000007a5560000, 0x00000007a6ab0000, 0x00000007a6ab0000)
  to   space 21824K,   0% used [0x00000007a6ab0000, 0x00000007a6ab0000, 0x00000007a8000000)
 concurrent mark-sweep generation total 393216K, used 229072K [0x00000007a8000000, 0x00000007c0000000, 0x00000007c0000000)
 Metaspace       used 30718K, capacity 31048K, committed 31484K, reserved 1077248K
  class space    used 3621K, capacity 3711K, committed 3836K, reserved 1048576K
2016-07-15T11:42:03.551-0530: 56710.860: [GC (CMS Final Remark) 56710.860: [ParNew
Desired survivor size 20112992 bytes, new threshold 3 (max 8)
- age   1:   12462032 bytes,   12462032 total
- age   2:    2316664 bytes,   14778696 total
- age   3:    7549768 bytes,   22328464 total
: 87281K->21824K(109248K), 0.0614158 secs] 316353K->269040K(502464K), 0.0614642 secs] [Times: user=0.10 sys=0.07, real=0.06 secs] 
Heap after GC invocations=107 (full 28):
 par new generation   total 109248K, used 21824K [0x00000007a0000000, 0x00000007a8000000, 0x00000007a8000000)
  eden space 87424K,   0% used [0x00000007a0000000, 0x00000007a0000000, 0x00000007a5560000)
  from space 21824K, 100% used [0x00000007a6ab0000, 0x00000007a8000000, 0x00000007a8000000)
  to   space 21824K,   0% used [0x00000007a5560000, 0x00000007a5560000, 0x00000007a6ab0000)
 concurrent mark-sweep generation total 393216K, used 247216K [0x00000007a8000000, 0x00000007c0000000, 0x00000007c0000000)
 Metaspace       used 30718K, capacity 31048K, committed 31484K, reserved 1077248K
  class space    used 3621K, capacity 3711K, committed 3836K, reserved 1048576K
}
56710.921: [Rescan (parallel) , 0.0104380 secs]56710.932: [weak refs processing, 0.0136532 secs]56710.945: [class unloading, 0.0650201 secs]56711.010: [scrub symbol table, 0.0160755 secs]56711.027: [scrub string table, 0.0005330 secs][1 CMS-remark: 247216K(393216K)] 269040K(502464K), 0.1708887 secs] [Times: user=0.21 sys=0.11, real=0.17 secs] 
2016-07-15T11:42:03.721-0530: 56711.031: Total time for which application threads were stopped: 0.1718564 seconds
2016-07-15T11:42:03.722-0530: 56711.031: [CMS-concurrent-sweep-start]
2016-07-15T11:42:04.000-0530: 56711.309: [CMS-concurrent-sweep: 0.279/0.279 secs] [Times: user=0.66 sys=0.10, real=0.28 secs] 
2016-07-15T11:42:04.000-0530: 56711.310: [CMS-concurrent-reset-start]
2016-07-15T11:42:04.003-0530: 56711.312: [CMS-concurrent-reset: 0.003/0.003 secs] [Times: user=0.00 sys=0.00, real=0.00 secs] 
{Heap before GC invocations=107 (full 28):
 par new generation   total 109248K, used 107956K [0x00000007a0000000, 0x00000007a8000000, 0x00000007a8000000)
  eden space 87424K,  98% used [0x00000007a0000000, 0x00000007a541d048, 0x00000007a5560000)
  from space 21824K, 100% used [0x00000007a6ab0000, 0x00000007a8000000, 0x00000007a8000000)
  to   space 21824K,   0% used [0x00000007a5560000, 0x00000007a5560000, 0x00000007a6ab0000)
 concurrent mark-sweep generation total 393216K, used 81549K [0x00000007a8000000, 0x00000007c0000000, 0x00000007c0000000)
 Metaspace       used 30715K, capacity 31042K, committed 31484K, reserved 1077248K
  class space    used 3620K, capacity 3710K, committed 3836K, reserved 1048576K
2016-07-15T11:42:04.169-0530: 56711.479: [GC (Allocation Failure) 56711.479: [ParNew
Desired survivor size 20112992 bytes, new threshold 8 (max 8)
- age   1:   12218080 bytes,   12218080 total
- age   2:    4461048 bytes,   16679128 total
- age   3:    2316664 bytes,   18995792 total
: 107956K->21824K(109248K), 0.0233639 secs] 189505K->114824K(502464K), 0.0234514 secs] [Times: user=0.07 sys=0.02, real=0.03 secs] 
Heap after GC invocations=108 (full 28):
 par new generation   total 109248K, used 21824K [0x00000007a0000000, 0x00000007a8000000, 0x00000007a8000000)
  eden space 87424K,   0% used [0x00000007a0000000, 0x00000007a0000000, 0x00000007a5560000)
  from space 21824K, 100% used [0x00000007a5560000, 0x00000007a6ab0000, 0x00000007a6ab0000)
  to   space 21824K,   0% used [0x00000007a6ab0000, 0x00000007a6ab0000, 0x00000007a8000000)
 concurrent mark-sweep generation total 393216K, used 93000K [0x00000007a8000000, 0x00000007c0000000, 0x00000007c0000000)
 Metaspace       used 30715K, capacity 31042K, committed 31484K, reserved 1077248K
  class space    used 3620K, capacity 3710K, committed 3836K, reserved 1048576K
}
2016-07-15T11:42:04.193-0530: 56711.502: Total time for which application threads were stopped: 0.0237753 seconds
{Heap before GC invocations=108 (full 28):
 par new generation   total 109248K, used 109127K [0x00000007a0000000, 0x00000007a8000000, 0x00000007a8000000)
  eden space 87424K,  99% used [0x00000007a0000000, 0x00000007a5541ee0, 0x00000007a5560000)
  from space 21824K, 100% used [0x00000007a5560000, 0x00000007a6ab0000, 0x00000007a6ab0000)
  to   space 21824K,   0% used [0x00000007a6ab0000, 0x00000007a6ab0000, 0x00000007a8000000)
 concurrent mark-sweep generation total 393216K, used 93000K [0x00000007a8000000, 0x00000007c0000000, 0x00000007c0000000)
 Metaspace       used 30715K, capacity 31042K, committed 31484K, reserved 1077248K
  class space    used 3620K, capacity 3710K, committed 3836K, reserved 1048576K
2016-07-15T11:42:04.460-0530: 56711.770: [GC (Allocation Failure) 56711.770: [ParNew
Desired survivor size 20112992 bytes, new threshold 3 (max 8)
- age   1:   12173232 bytes,   12173232 total
- age   2:    5628144 bytes,   17801376 total
- age   3:    3964840 bytes,   21766216 total
- age   4:     597368 bytes,   22363584 total
: 109127K->21824K(109248K), 0.0722628 secs] 202127K->128591K(502464K), 0.0723349 secs] [Times: user=0.21 sys=0.01, real=0.07 secs] 
Heap after GC invocations=109 (full 28):
 par new generation   total 109248K, used 21824K [0x00000007a0000000, 0x00000007a8000000, 0x00000007a8000000)
  eden space 87424K,   0% used [0x00000007a0000000, 0x00000007a0000000, 0x00000007a5560000)
  from space 21824K, 100% used [0x00000007a6ab0000, 0x00000007a8000000, 0x00000007a8000000)
  to   space 21824K,   0% used [0x00000007a5560000, 0x00000007a5560000, 0x00000007a6ab0000)
 concurrent mark-sweep generation total 393216K, used 106767K [0x00000007a8000000, 0x00000007c0000000, 0x00000007c0000000)
 Metaspace       used 30715K, capacity 31042K, committed 31484K, reserved 1077248K
  class space    used 3620K, capacity 3710K, committed 3836K, reserved 1048576K
}
2016-07-15T11:42:04.533-0530: 56711.842: Total time for which application threads were stopped: 0.0726253 seconds
{Heap before GC invocations=109 (full 28):
 par new generation   total 109248K, used 109248K [0x00000007a0000000, 0x00000007a8000000, 0x00000007a8000000)
  eden space 87424K, 100% used [0x00000007a0000000, 0x00000007a5560000, 0x00000007a5560000)
  from space 21824K, 100% used [0x00000007a6ab0000, 0x00000007a8000000, 0x00000007a8000000)
  to   space 21824K,   0% used [0x00000007a5560000, 0x00000007a5560000, 0x00000007a6ab0000)
 concurrent mark-sweep generation total 393216K, used 106767K [0x00000007a8000000, 0x00000007c0000000, 0x00000007c0000000)
 Metaspace       used 30715K, capacity 31042K, committed 31484K, reserved 1077248K
  class space    used 3620K, capacity 3710K, committed 3836K, reserved 1048576K
2016-07-15T11:42:05.165-0530: 56712.475: [GC (Allocation Failure) 56712.475: [ParNew
Desired survivor size 20112992 bytes, new threshold 3 (max 8)
- age   1:    9582432 bytes,    9582432 total
- age   2:    6729512 bytes,   16311944 total
- age   3:    4007472 bytes,   20319416 total
: 109248K->21824K(109248K), 0.0286157 secs] 216015K->139188K(502464K), 0.0286866 secs] [Times: user=0.09 sys=0.00, real=0.03 secs] 
Heap after GC invocations=110 (full 28):
 par new generation   total 109248K, used 21824K [0x00000007a0000000, 0x00000007a8000000, 0x00000007a8000000)
  eden space 87424K,   0% used [0x00000007a0000000, 0x00000007a0000000, 0x00000007a5560000)
  from space 21824K, 100% used [0x00000007a5560000, 0x00000007a6ab0000, 0x00000007a6ab0000)
  to   space 21824K,   0% used [0x00000007a6ab0000, 0x00000007a6ab0000, 0x00000007a8000000)
 concurrent mark-sweep generation total 393216K, used 117364K [0x00000007a8000000, 0x00000007c0000000, 0x00000007c0000000)
 Metaspace       used 30715K, capacity 31042K, committed 31484K, reserved 1077248K
  class space    used 3620K, capacity 3710K, committed 3836K, reserved 1048576K
}
2016-07-15T11:42:05.194-0530: 56712.503: Total time for which application threads were stopped: 0.0289707 seconds
2016-07-15T11:42:06.261-0530: 56713.570: Total time for which application threads were stopped: 0.0003091 seconds
2016-07-15T11:42:07.265-0530: 56714.574: Total time for which application threads were stopped: 0.0001754 seconds
2016-07-15T11:42:56.320-0530: 56763.631: Total time for which application threads were stopped: 0.0001429 seconds
2016-07-15T11:42:56.919-0530: 56764.230: Total time for which application threads were stopped: 0.0002273 seconds
2016-07-15T11:42:56.920-0530: 56764.230: Total time for which application threads were stopped: 0.0001455 seconds
2016-07-15T11:42:56.920-0530: 56764.231: Total time for which application threads were stopped: 0.0000954 seconds
2016-07-15T11:43:04.669-0530: 56771.979: Total time for which application threads were stopped: 0.0001292 seconds
2016-07-15T11:43:04.669-0530: 56771.980: Total time for which application threads were stopped: 0.0000703 seconds
2016-07-15T11:43:04.669-0530: 56771.980: Total time for which application threads were stopped: 0.0000608 seconds
2016-07-15T11:43:04.670-0530: 56771.981: Total time for which application threads were stopped: 0.0000861 seconds
2016-07-15T11:43:04.690-0530: 56772.001: Total time for which application threads were stopped: 0.0001637 seconds
2016-07-15T11:43:04.690-0530: 56772.001: Total time for which application threads were stopped: 0.0000698 seconds
2016-07-15T11:43:04.690-0530: 56772.001: Total time for which application threads were stopped: 0.0000579 seconds
2016-07-15T11:43:04.691-0530: 56772.001: Total time for which application threads were stopped: 0.0000566 seconds
2016-07-15T11:43:04.787-0530: 56772.097: Total time for which application threads were stopped: 0.0000913 seconds
2016-07-15T11:43:04.787-0530: 56772.098: Total time for which application threads were stopped: 0.0000392 seconds
2016-07-15T11:43:04.789-0530: 56772.100: Total time for which application threads were stopped: 0.0002081 seconds
2016-07-15T11:43:05.248-0530: 56772.559: Total time for which application threads were stopped: 0.0001523 seconds
2016-07-15T11:43:05.249-0530: 56772.559: Total time for which application threads were stopped: 0.0001818 seconds
2016-07-15T11:43:05.251-0530: 56772.562: Total time for which application threads were stopped: 0.0001702 seconds
2016-07-15T11:43:05.304-0530: 56772.614: Total time for which application threads were stopped: 0.0000822 seconds
2016-07-15T11:43:05.969-0530: 56773.280: Total time for which application threads were stopped: 0.0002644 seconds
2016-07-15T11:43:05.969-0530: 56773.280: Total time for which application threads were stopped: 0.0001375 seconds
2016-07-15T11:43:05.970-0530: 56773.281: Total time for which application threads were stopped: 0.0000716 seconds
{Heap before GC invocations=110 (full 28):
 par new generation   total 109248K, used 108634K [0x00000007a0000000, 0x00000007a8000000, 0x00000007a8000000)
  eden space 87424K,  99% used [0x00000007a0000000, 0x00000007a54c6bc0, 0x00000007a5560000)
  from space 21824K, 100% used [0x00000007a5560000, 0x00000007a6ab0000, 0x00000007a6ab0000)
  to   space 21824K,   0% used [0x00000007a6ab0000, 0x00000007a6ab0000, 0x00000007a8000000)
 concurrent mark-sweep generation total 393216K, used 117364K [0x00000007a8000000, 0x00000007c0000000, 0x00000007c0000000)
 Metaspace       used 30752K, capacity 31106K, committed 31484K, reserved 1077248K
  class space    used 3620K, capacity 3710K, committed 3836K, reserved 1048576K
2016-07-15T11:43:06.159-0530: 56773.470: [GC (Allocation Failure) 56773.470: [ParNew
Desired survivor size 20112992 bytes, new threshold 8 (max 8)
- age   1:   15106736 bytes,   15106736 total
- age   2:    1418520 bytes,   16525256 total
- age   3:    1789696 bytes,   18314952 total
: 108634K->21824K(109248K), 0.2244036 secs] 225999K->156107K(502464K), 0.2244891 secs] [Times: user=0.35 sys=0.11, real=0.23 secs] 
Heap after GC invocations=111 (full 28):
 par new generation   total 109248K, used 21824K [0x00000007a0000000, 0x00000007a8000000, 0x00000007a8000000)
  eden space 87424K,   0% used [0x00000007a0000000, 0x00000007a0000000, 0x00000007a5560000)
  from space 21824K, 100% used [0x00000007a6ab0000, 0x00000007a8000000, 0x00000007a8000000)
  to   space 21824K,   0% used [0x00000007a5560000, 0x00000007a5560000, 0x00000007a6ab0000)
 concurrent mark-sweep generation total 393216K, used 134283K [0x00000007a8000000, 0x00000007c0000000, 0x00000007c0000000)
 Metaspace       used 30752K, capacity 31106K, committed 31484K, reserved 1077248K
  class space    used 3620K, capacity 3710K, committed 3836K, reserved 1048576K
}
2016-07-15T11:43:06.384-0530: 56773.694: Total time for which application threads were stopped: 0.2520571 seconds
{Heap before GC invocations=111 (full 28):
 par new generation   total 109248K, used 109088K [0x00000007a0000000, 0x00000007a8000000, 0x00000007a8000000)
  eden space 87424K,  99% used [0x00000007a0000000, 0x00000007a5538228, 0x00000007a5560000)
  from space 21824K, 100% used [0x00000007a6ab0000, 0x00000007a8000000, 0x00000007a8000000)
  to   space 21824K,   0% used [0x00000007a5560000, 0x00000007a5560000, 0x00000007a6ab0000)
 concurrent mark-sweep generation total 393216K, used 134283K [0x00000007a8000000, 0x00000007c0000000, 0x00000007c0000000)
 Metaspace       used 30752K, capacity 31106K, committed 31484K, reserved 1077248K
  class space    used 3620K, capacity 3710K, committed 3836K, reserved 1048576K
2016-07-15T11:43:07.040-0530: 56774.351: [GC (Allocation Failure) 56774.351: [ParNew
Desired survivor size 20112992 bytes, new threshold 3 (max 8)
- age   1:    9800896 bytes,    9800896 total
- age   2:    9337672 bytes,   19138568 total
- age   3:    1418520 bytes,   20557088 total
- age   4:    1789696 bytes,   22346784 total
: 109088K->21824K(109248K), 0.1166376 secs] 243372K->168104K(502464K), 0.1167089 secs] [Times: user=0.25 sys=0.05, real=0.11 secs] 
Heap after GC invocations=112 (full 28):
 par new generation   total 109248K, used 21824K [0x00000007a0000000, 0x00000007a8000000, 0x00000007a8000000)
  eden space 87424K,   0% used [0x00000007a0000000, 0x00000007a0000000, 0x00000007a5560000)
  from space 21824K, 100% used [0x00000007a5560000, 0x00000007a6ab0000, 0x00000007a6ab0000)
  to   space 21824K,   0% used [0x00000007a6ab0000, 0x00000007a6ab0000, 0x00000007a8000000)
 concurrent mark-sweep generation total 393216K, used 146280K [0x00000007a8000000, 0x00000007c0000000, 0x00000007c0000000)
 Metaspace       used 30752K, capacity 31106K, committed 31484K, reserved 1077248K
  class space    used 3620K, capacity 3710K, committed 3836K, reserved 1048576K
}
2016-07-15T11:43:07.157-0530: 56774.468: Total time for which application threads were stopped: 0.1169875 seconds
{Heap before GC invocations=112 (full 28):
 par new generation   total 109248K, used 107297K [0x00000007a0000000, 0x00000007a8000000, 0x00000007a8000000)
  eden space 87424K,  97% used [0x00000007a0000000, 0x00000007a5378780, 0x00000007a5560000)
  from space 21824K, 100% used [0x00000007a5560000, 0x00000007a6ab0000, 0x00000007a6ab0000)
  to   space 21824K,   0% used [0x00000007a6ab0000, 0x00000007a6ab0000, 0x00000007a8000000)
 concurrent mark-sweep generation total 393216K, used 146280K [0x00000007a8000000, 0x00000007c0000000, 0x00000007c0000000)
 Metaspace       used 30752K, capacity 31106K, committed 31484K, reserved 1077248K
  class space    used 3620K, capacity 3710K, committed 3836K, reserved 1048576K
2016-07-15T11:43:08.221-0530: 56775.532: [GC (Allocation Failure) 56775.532: [ParNew
Desired survivor size 20112992 bytes, new threshold 3 (max 8)
- age   1:    3690600 bytes,    3690600 total
- age   2:    7990448 bytes,   11681048 total
- age   3:    9058520 bytes,   20739568 total
: 107297K->21824K(109248K), 0.0209304 secs] 253578K->171281K(502464K), 0.0210339 secs] [Times: user=0.07 sys=0.01, real=0.02 secs] 
Heap after GC invocations=113 (full 28):
 par new generation   total 109248K, used 21824K [0x00000007a0000000, 0x00000007a8000000, 0x00000007a8000000)
  eden space 87424K,   0% used [0x00000007a0000000, 0x00000007a0000000, 0x00000007a5560000)
  from space 21824K, 100% used [0x00000007a6ab0000, 0x00000007a8000000, 0x00000007a8000000)
  to   space 21824K,   0% used [0x00000007a5560000, 0x00000007a5560000, 0x00000007a6ab0000)
 concurrent mark-sweep generation total 393216K, used 149457K [0x00000007a8000000, 0x00000007c0000000, 0x00000007c0000000)
 Metaspace       used 30752K, capacity 31106K, committed 31484K, reserved 1077248K
  class space    used 3620K, capacity 3710K, committed 3836K, reserved 1048576K
}
2016-07-15T11:43:08.242-0530: 56775.553: Total time for which application threads were stopped: 0.0212350 seconds
2016-07-15T11:43:59.487-0530: 56826.799: Total time for which application threads were stopped: 0.0001411 seconds
2016-07-15T11:43:59.487-0530: 56826.799: Total time for which application threads were stopped: 0.0000766 seconds
2016-07-15T11:43:59.487-0530: 56826.799: Total time for which application threads were stopped: 0.0000889 seconds
2016-07-15T11:44:45.334-0530: 56872.647: Total time for which application threads were stopped: 0.0003741 seconds
2016-07-15T11:48:15.276-0530: 57082.594: Total time for which application threads were stopped: 0.0010500 seconds
2016-07-15T11:48:15.277-0530: 57082.595: Total time for which application threads were stopped: 0.0000843 seconds
2016-07-15T11:48:15.277-0530: 57082.595: Total time for which application threads were stopped: 0.0000670 seconds
2016-07-15T11:48:15.280-0530: 57082.598: Total time for which application threads were stopped: 0.0001306 seconds
2016-07-15T11:48:15.280-0530: 57082.598: Total time for which application threads were stopped: 0.0000860 seconds
2016-07-15T11:48:15.280-0530: 57082.598: Total time for which application threads were stopped: 0.0000801 seconds
2016-07-15T11:48:15.283-0530: 57082.602: Total time for which application threads were stopped: 0.0001702 seconds
2016-07-15T11:48:15.367-0530: 57082.685: Total time for which application threads were stopped: 0.0001232 seconds
2016-07-15T11:48:15.367-0530: 57082.685: Total time for which application threads were stopped: 0.0000400 seconds
2016-07-15T11:48:15.370-0530: 57082.688: Total time for which application threads were stopped: 0.0002675 seconds
2016-07-15T11:48:15.667-0530: 57082.986: Total time for which application threads were stopped: 0.1159833 seconds
2016-07-15T11:48:15.816-0530: 57083.134: Total time for which application threads were stopped: 0.1483959 seconds
2016-07-15T11:48:15.952-0530: 57083.271: Total time for which application threads were stopped: 0.1362052 seconds
2016-07-15T11:48:15.953-0530: 57083.271: Total time for which application threads were stopped: 0.0003351 seconds
2016-07-15T11:48:15.954-0530: 57083.272: Total time for which application threads were stopped: 0.0002293 seconds
2016-07-15T11:48:15.957-0530: 57083.276: Total time for which application threads were stopped: 0.0003395 seconds
2016-07-15T11:48:16.267-0530: 57083.585: Total time for which application threads were stopped: 0.0001869 seconds
2016-07-15T11:48:16.267-0530: 57083.585: Total time for which application threads were stopped: 0.0001143 seconds
2016-07-15T11:48:16.417-0530: 57083.736: Total time for which application threads were stopped: 0.0966006 seconds
2016-07-15T11:48:16.613-0530: 57083.931: Total time for which application threads were stopped: 0.0001181 seconds
2016-07-15T11:48:16.613-0530: 57083.932: Total time for which application threads were stopped: 0.0000529 seconds
2016-07-15T11:48:16.614-0530: 57083.932: Total time for which application threads were stopped: 0.0000629 seconds
2016-07-15T11:48:16.852-0530: 57084.170: Total time for which application threads were stopped: 0.0010382 seconds
2016-07-15T11:48:16.854-0530: 57084.172: Total time for which application threads were stopped: 0.0019205 seconds
2016-07-15T11:48:16.855-0530: 57084.173: Total time for which application threads were stopped: 0.0006514 seconds
2016-07-15T11:48:16.973-0530: 57084.291: Total time for which application threads were stopped: 0.0001594 seconds
2016-07-15T11:48:16.974-0530: 57084.293: Total time for which application threads were stopped: 0.0014298 seconds
2016-07-15T11:48:16.977-0530: 57084.295: Total time for which application threads were stopped: 0.0018741 seconds
2016-07-15T11:48:16.977-0530: 57084.296: Total time for which application threads were stopped: 0.0005151 seconds
2016-07-15T11:48:17.052-0530: 57084.371: Total time for which application threads were stopped: 0.0003847 seconds
2016-07-15T11:48:17.053-0530: 57084.371: Total time for which application threads were stopped: 0.0001896 seconds
2016-07-15T11:48:17.055-0530: 57084.374: Total time for which application threads were stopped: 0.0004894 seconds
{Heap before GC invocations=113 (full 28):
 par new generation   total 109248K, used 109248K [0x00000007a0000000, 0x00000007a8000000, 0x00000007a8000000)
  eden space 87424K, 100% used [0x00000007a0000000, 0x00000007a5560000, 0x00000007a5560000)
  from space 21824K, 100% used [0x00000007a6ab0000, 0x00000007a8000000, 0x00000007a8000000)
  to   space 21824K,   0% used [0x00000007a5560000, 0x00000007a5560000, 0x00000007a6ab0000)
 concurrent mark-sweep generation total 393216K, used 149457K [0x00000007a8000000, 0x00000007c0000000, 0x00000007c0000000)
 Metaspace       used 30842K, capacity 31170K, committed 31484K, reserved 1077248K
  class space    used 3620K, capacity 3710K, committed 3836K, reserved 1048576K
2016-07-15T11:48:17.343-0530: 57084.661: [GC (Allocation Failure) 57084.661: [ParNew
Desired survivor size 20112992 bytes, new threshold 1 (max 8)
- age   1:   20328976 bytes,   20328976 total
- age   3:        144 bytes,   20329120 total
: 109248K->21824K(109248K), 0.1231630 secs] 258705K->181642K(502464K), 0.1232406 secs] [Times: user=0.17 sys=0.18, real=0.12 secs] 
Heap after GC invocations=114 (full 28):
 par new generation   total 109248K, used 21824K [0x00000007a0000000, 0x00000007a8000000, 0x00000007a8000000)
  eden space 87424K,   0% used [0x00000007a0000000, 0x00000007a0000000, 0x00000007a5560000)
  from space 21824K, 100% used [0x00000007a5560000, 0x00000007a6ab0000, 0x00000007a6ab0000)
  to   space 21824K,   0% used [0x00000007a6ab0000, 0x00000007a6ab0000, 0x00000007a8000000)
 concurrent mark-sweep generation total 393216K, used 159818K [0x00000007a8000000, 0x00000007c0000000, 0x00000007c0000000)
 Metaspace       used 30842K, capacity 31170K, committed 31484K, reserved 1077248K
  class space    used 3620K, capacity 3710K, committed 3836K, reserved 1048576K
}
2016-07-15T11:48:17.466-0530: 57084.784: Total time for which application threads were stopped: 0.1234717 seconds
{Heap before GC invocations=114 (full 28):
 par new generation   total 109248K, used 109248K [0x00000007a0000000, 0x00000007a8000000, 0x00000007a8000000)
  eden space 87424K, 100% used [0x00000007a0000000, 0x00000007a5560000, 0x00000007a5560000)
  from space 21824K, 100% used [0x00000007a5560000, 0x00000007a6ab0000, 0x00000007a6ab0000)
  to   space 21824K,   0% used [0x00000007a6ab0000, 0x00000007a6ab0000, 0x00000007a8000000)
 concurrent mark-sweep generation total 393216K, used 159818K [0x00000007a8000000, 0x00000007c0000000, 0x00000007c0000000)
 Metaspace       used 30842K, capacity 31170K, committed 31484K, reserved 1077248K
  class space    used 3620K, capacity 3710K, committed 3836K, reserved 1048576K
2016-07-15T11:48:17.953-0530: 57085.271: [GC (Allocation Failure) 57085.271: [ParNew
Desired survivor size 20112992 bytes, new threshold 8 (max 8)
- age   1:   15953440 bytes,   15953440 total
: 109248K->21824K(109248K), 0.0956059 secs] 269066K->201146K(502464K), 0.0956962 secs] [Times: user=0.08 sys=0.09, real=0.09 secs] 
Heap after GC invocations=115 (full 28):
 par new generation   total 109248K, used 21824K [0x00000007a0000000, 0x00000007a8000000, 0x00000007a8000000)
  eden space 87424K,   0% used [0x00000007a0000000, 0x00000007a0000000, 0x00000007a5560000)
  from space 21824K, 100% used [0x00000007a6ab0000, 0x00000007a8000000, 0x00000007a8000000)
  to   space 21824K,   0% used [0x00000007a5560000, 0x00000007a5560000, 0x00000007a6ab0000)
 concurrent mark-sweep generation total 393216K, used 179322K [0x00000007a8000000, 0x00000007c0000000, 0x00000007c0000000)
 Metaspace       used 30842K, capacity 31170K, committed 31484K, reserved 1077248K
  class space    used 3620K, capacity 3710K, committed 3836K, reserved 1048576K
}
2016-07-15T11:48:18.049-0530: 57085.367: Total time for which application threads were stopped: 0.0959289 seconds
{Heap before GC invocations=115 (full 28):
 par new generation   total 109248K, used 109248K [0x00000007a0000000, 0x00000007a8000000, 0x00000007a8000000)
  eden space 87424K, 100% used [0x00000007a0000000, 0x00000007a5560000, 0x00000007a5560000)
  from space 21824K, 100% used [0x00000007a6ab0000, 0x00000007a8000000, 0x00000007a8000000)
  to   space 21824K,   0% used [0x00000007a5560000, 0x00000007a5560000, 0x00000007a6ab0000)
 concurrent mark-sweep generation total 393216K, used 179322K [0x00000007a8000000, 0x00000007c0000000, 0x00000007c0000000)
 Metaspace       used 30842K, capacity 31170K, committed 31484K, reserved 1077248K
  class space    used 3620K, capacity 3710K, committed 3836K, reserved 1048576K
2016-07-15T11:48:21.990-0530: 57089.308: [GC (Allocation Failure) 57089.308: [ParNew
Desired survivor size 20112992 bytes, new threshold 2 (max 8)
- age   1:    7051080 bytes,    7051080 total
- age   2:   14762624 bytes,   21813704 total
: 109248K->21824K(109248K), 0.0174521 secs] 288570K->202168K(502464K), 0.0175261 secs] [Times: user=0.06 sys=0.01, real=0.01 secs] 
Heap after GC invocations=116 (full 28):
 par new generation   total 109248K, used 21824K [0x00000007a0000000, 0x00000007a8000000, 0x00000007a8000000)
  eden space 87424K,   0% used [0x00000007a0000000, 0x00000007a0000000, 0x00000007a5560000)
  from space 21824K, 100% used [0x00000007a5560000, 0x00000007a6ab0000, 0x00000007a6ab0000)
  to   space 21824K,   0% used [0x00000007a6ab0000, 0x00000007a6ab0000, 0x00000007a8000000)
 concurrent mark-sweep generation total 393216K, used 180344K [0x00000007a8000000, 0x00000007c0000000, 0x00000007c0000000)
 Metaspace       used 30842K, capacity 31170K, committed 31484K, reserved 1077248K
  class space    used 3620K, capacity 3710K, committed 3836K, reserved 1048576K
}
2016-07-15T11:48:22.007-0530: 57089.326: Total time for which application threads were stopped: 0.0178785 seconds
2016-07-15T11:48:40.061-0530: 57107.380: Total time for which application threads were stopped: 0.0002607 seconds
2016-07-15T11:48:41.601-0530: 57108.920: Total time for which application threads were stopped: 0.5383105 seconds
2016-07-15T11:48:41.602-0530: 57108.920: Total time for which application threads were stopped: 0.0001400 seconds
2016-07-15T11:48:41.602-0530: 57108.921: Total time for which application threads were stopped: 0.0001381 seconds
2016-07-15T11:48:41.608-0530: 57108.927: Total time for which application threads were stopped: 0.0002704 seconds
2016-07-15T11:48:41.646-0530: 57108.964: Total time for which application threads were stopped: 0.0002547 seconds
2016-07-15T11:48:41.648-0530: 57108.967: Total time for which application threads were stopped: 0.0001520 seconds
2016-07-15T11:48:41.659-0530: 57108.978: Total time for which application threads were stopped: 0.0006035 seconds
{Heap before GC invocations=116 (full 28):
 par new generation   total 109248K, used 108956K [0x00000007a0000000, 0x00000007a8000000, 0x00000007a8000000)
  eden space 87424K,  99% used [0x00000007a0000000, 0x00000007a5517110, 0x00000007a5560000)
  from space 21824K, 100% used [0x00000007a5560000, 0x00000007a6ab0000, 0x00000007a6ab0000)
  to   space 21824K,   0% used [0x00000007a6ab0000, 0x00000007a6ab0000, 0x00000007a8000000)
 concurrent mark-sweep generation total 393216K, used 180344K [0x00000007a8000000, 0x00000007c0000000, 0x00000007c0000000)
 Metaspace       used 30868K, capacity 31234K, committed 31740K, reserved 1077248K
  class space    used 3620K, capacity 3710K, committed 3836K, reserved 1048576K
2016-07-15T11:48:42.078-0530: 57109.397: [GC (Allocation Failure) 57109.426: [ParNew
Desired survivor size 20112992 bytes, new threshold 8 (max 8)
- age   1:   15867960 bytes,   15867960 total
- age   2:    3837880 bytes,   19705840 total
: 108956K->21824K(109248K), 0.1041657 secs] 289301K->225202K(502464K), 0.1330103 secs] [Times: user=0.18 sys=0.07, real=0.14 secs] 
Heap after GC invocations=117 (full 28):
 par new generation   total 109248K, used 21824K [0x00000007a0000000, 0x00000007a8000000, 0x00000007a8000000)
  eden space 87424K,   0% used [0x00000007a0000000, 0x00000007a0000000, 0x00000007a5560000)
  from space 21824K, 100% used [0x00000007a6ab0000, 0x00000007a8000000, 0x00000007a8000000)
  to   space 21824K,   0% used [0x00000007a5560000, 0x00000007a5560000, 0x00000007a6ab0000)
 concurrent mark-sweep generation total 393216K, used 203378K [0x00000007a8000000, 0x00000007c0000000, 0x00000007c0000000)
 Metaspace       used 30868K, capacity 31234K, committed 31740K, reserved 1077248K
  class space    used 3620K, capacity 3710K, committed 3836K, reserved 1048576K
}
2016-07-15T11:48:42.211-0530: 57109.530: Total time for which application threads were stopped: 0.1332205 seconds
2016-07-15T11:48:42.212-0530: 57109.531: [GC (CMS Initial Mark) [1 CMS-initial-mark: 203378K(393216K)] 226644K(502464K), 0.0026612 secs] [Times: user=0.00 sys=0.00, real=0.00 secs] 
2016-07-15T11:48:42.215-0530: 57109.534: Total time for which application threads were stopped: 0.0032345 seconds
2016-07-15T11:48:42.215-0530: 57109.534: [CMS-concurrent-mark-start]
2016-07-15T11:48:42.244-0530: 57109.563: [CMS-concurrent-mark: 0.029/0.029 secs] [Times: user=0.06 sys=0.03, real=0.03 secs] 
2016-07-15T11:48:42.244-0530: 57109.563: [CMS-concurrent-preclean-start]
2016-07-15T11:48:42.246-0530: 57109.565: [CMS-concurrent-preclean: 0.002/0.002 secs] [Times: user=0.00 sys=0.00, real=0.00 secs] 
2016-07-15T11:48:42.251-0530: 57109.570: [GC (CMS Final Remark) [YG occupancy: 23265 K (109248 K)]{Heap before GC invocations=117 (full 29):
 par new generation   total 109248K, used 23265K [0x00000007a0000000, 0x00000007a8000000, 0x00000007a8000000)
  eden space 87424K,   1% used [0x00000007a0000000, 0x00000007a01687a8, 0x00000007a5560000)
  from space 21824K, 100% used [0x00000007a6ab0000, 0x00000007a8000000, 0x00000007a8000000)
  to   space 21824K,   0% used [0x00000007a5560000, 0x00000007a5560000, 0x00000007a6ab0000)
 concurrent mark-sweep generation total 393216K, used 203378K [0x00000007a8000000, 0x00000007c0000000, 0x00000007c0000000)
 Metaspace       used 30868K, capacity 31234K, committed 31740K, reserved 1077248K
  class space    used 3620K, capacity 3710K, committed 3836K, reserved 1048576K
2016-07-15T11:48:42.252-0530: 57109.570: [GC (CMS Final Remark) 57109.570: [ParNew
Desired survivor size 20112992 bytes, new threshold 3 (max 8)
- age   1:    1476520 bytes,    1476520 total
- age   2:   15438472 bytes,   16914992 total
- age   3:    3415424 bytes,   20330416 total
: 23265K->21824K(109248K), 0.0144909 secs] 226644K->226034K(502464K), 0.0145456 secs] [Times: user=0.05 sys=0.00, real=0.01 secs] 
Heap after GC invocations=118 (full 29):
 par new generation   total 109248K, used 21824K [0x00000007a0000000, 0x00000007a8000000, 0x00000007a8000000)
  eden space 87424K,   0% used [0x00000007a0000000, 0x00000007a0000000, 0x00000007a5560000)
  from space 21824K, 100% used [0x00000007a5560000, 0x00000007a6ab0000, 0x00000007a6ab0000)
  to   space 21824K,   0% used [0x00000007a6ab0000, 0x00000007a6ab0000, 0x00000007a8000000)
 concurrent mark-sweep generation total 393216K, used 204210K [0x00000007a8000000, 0x00000007c0000000, 0x00000007c0000000)
 Metaspace       used 30868K, capacity 31234K, committed 31740K, reserved 1077248K
  class space    used 3620K, capacity 3710K, committed 3836K, reserved 1048576K
}
57109.585: [Rescan (parallel) , 0.0034455 secs]57109.589: [weak refs processing, 0.0007730 secs]57109.589: [class unloading, 0.0751092 secs]57109.664: [scrub symbol table, 0.0109350 secs]57109.675: [scrub string table, 0.0004907 secs][1 CMS-remark: 204210K(393216K)] 226034K(502464K), 0.1091075 secs] [Times: user=0.09 sys=0.03, real=0.11 secs] 
2016-07-15T11:48:42.361-0530: 57109.680: Total time for which application threads were stopped: 0.1093504 seconds
2016-07-15T11:48:42.361-0530: 57109.680: [CMS-concurrent-sweep-start]
2016-07-15T11:48:42.701-0530: 57110.019: [CMS-concurrent-sweep: 0.340/0.340 secs] [Times: user=0.47 sys=0.16, real=0.34 secs] 
2016-07-15T11:48:42.701-0530: 57110.020: [CMS-concurrent-reset-start]
2016-07-15T11:48:42.704-0530: 57110.022: [CMS-concurrent-reset: 0.003/0.003 secs] [Times: user=0.00 sys=0.00, real=0.00 secs] 
{Heap before GC invocations=118 (full 29):
 par new generation   total 109248K, used 109248K [0x00000007a0000000, 0x00000007a8000000, 0x00000007a8000000)
  eden space 87424K, 100% used [0x00000007a0000000, 0x00000007a5560000, 0x00000007a5560000)
  from space 21824K, 100% used [0x00000007a5560000, 0x00000007a6ab0000, 0x00000007a6ab0000)
  to   space 21824K,   0% used [0x00000007a6ab0000, 0x00000007a6ab0000, 0x00000007a8000000)
 concurrent mark-sweep generation total 393216K, used 39250K [0x00000007a8000000, 0x00000007c0000000, 0x00000007c0000000)
 Metaspace       used 30868K, capacity 31234K, committed 31740K, reserved 1077248K
  class space    used 3620K, capacity 3710K, committed 3836K, reserved 1048576K
2016-07-15T11:48:42.905-0530: 57110.224: [GC (Allocation Failure) 57110.224: [ParNew
Desired survivor size 20112992 bytes, new threshold 3 (max 8)
- age   1:    8400936 bytes,    8400936 total
- age   2:    1476520 bytes,    9877456 total
- age   3:   12308520 bytes,   22185976 total
: 109248K->21824K(109248K), 0.0499213 secs] 148498K->66598K(502464K), 0.0499834 secs] [Times: user=0.14 sys=0.01, real=0.05 secs] 
Heap after GC invocations=119 (full 29):
 par new generation   total 109248K, used 21824K [0x00000007a0000000, 0x00000007a8000000, 0x00000007a8000000)
  eden space 87424K,   0% used [0x00000007a0000000, 0x00000007a0000000, 0x00000007a5560000)
  from space 21824K, 100% used [0x00000007a6ab0000, 0x00000007a8000000, 0x00000007a8000000)
  to   space 21824K,   0% used [0x00000007a5560000, 0x00000007a5560000, 0x00000007a6ab0000)
 concurrent mark-sweep generation total 393216K, used 44774K [0x00000007a8000000, 0x00000007c0000000, 0x00000007c0000000)
 Metaspace       used 30868K, capacity 31234K, committed 31740K, reserved 1077248K
  class space    used 3620K, capacity 3710K, committed 3836K, reserved 1048576K
}
2016-07-15T11:48:42.955-0530: 57110.274: Total time for which application threads were stopped: 0.0501815 seconds
2016-07-15T11:48:45.965-0530: 57113.284: Total time for which application threads were stopped: 0.0001397 seconds
2016-07-15T11:49:00.001-0530: 57127.321: Total time for which application threads were stopped: 0.0001529 seconds
2016-07-15T11:49:01.152-0530: 57128.472: Total time for which application threads were stopped: 0.1480153 seconds
{Heap before GC invocations=119 (full 29):
 par new generation   total 109248K, used 109248K [0x00000007a0000000, 0x00000007a8000000, 0x00000007a8000000)
  eden space 87424K, 100% used [0x00000007a0000000, 0x00000007a5560000, 0x00000007a5560000)
  from space 21824K, 100% used [0x00000007a6ab0000, 0x00000007a8000000, 0x00000007a8000000)
  to   space 21824K,   0% used [0x00000007a5560000, 0x00000007a5560000, 0x00000007a6ab0000)
 concurrent mark-sweep generation total 393216K, used 44774K [0x00000007a8000000, 0x00000007c0000000, 0x00000007c0000000)
 Metaspace       used 30911K, capacity 31298K, committed 31740K, reserved 1077248K
  class space    used 3620K, capacity 3710K, committed 3836K, reserved 1048576K
2016-07-15T11:49:01.254-0530: 57128.573: [GC (Allocation Failure) 57128.605: [ParNew
Desired survivor size 20112992 bytes, new threshold 8 (max 8)
- age   1:    8330928 bytes,    8330928 total
- age   2:    7190776 bytes,   15521704 total
: 109248K->21824K(109248K), 0.0407068 secs] 154022K->80538K(502464K), 0.0718441 secs] [Times: user=0.09 sys=0.02, real=0.07 secs] 
Heap after GC invocations=120 (full 29):
 par new generation   total 109248K, used 21824K [0x00000007a0000000, 0x00000007a8000000, 0x00000007a8000000)
  eden space 87424K,   0% used [0x00000007a0000000, 0x00000007a0000000, 0x00000007a5560000)
  from space 21824K, 100% used [0x00000007a5560000, 0x00000007a6ab0000, 0x00000007a6ab0000)
  to   space 21824K,   0% used [0x00000007a6ab0000, 0x00000007a6ab0000, 0x00000007a8000000)
 concurrent mark-sweep generation total 393216K, used 58714K [0x00000007a8000000, 0x00000007c0000000, 0x00000007c0000000)
 Metaspace       used 30911K, capacity 31298K, committed 31740K, reserved 1077248K
  class space    used 3620K, capacity 3710K, committed 3836K, reserved 1048576K
}
2016-07-15T11:49:01.326-0530: 57128.645: Total time for which application threads were stopped: 0.0720833 seconds
{Heap before GC invocations=120 (full 29):
 par new generation   total 109248K, used 109248K [0x00000007a0000000, 0x00000007a8000000, 0x00000007a8000000)
  eden space 87424K, 100% used [0x00000007a0000000, 0x00000007a5560000, 0x00000007a5560000)
  from space 21824K, 100% used [0x00000007a5560000, 0x00000007a6ab0000, 0x00000007a6ab0000)
  to   space 21824K,   0% used [0x00000007a6ab0000, 0x00000007a6ab0000, 0x00000007a8000000)
 concurrent mark-sweep generation total 393216K, used 58714K [0x00000007a8000000, 0x00000007c0000000, 0x00000007c0000000)
 Metaspace       used 30911K, capacity 31298K, committed 31740K, reserved 1077248K
  class space    used 3620K, capacity 3710K, committed 3836K, reserved 1048576K
2016-07-15T11:49:01.756-0530: 57129.075: [GC (Allocation Failure) 57129.075: [ParNew
Desired survivor size 20112992 bytes, new threshold 3 (max 8)
- age   1:    8139976 bytes,    8139976 total
- age   2:    7646616 bytes,   15786592 total
- age   3:    6557048 bytes,   22343640 total
: 109248K->21824K(109248K), 0.0482050 secs] 167962K->106130K(502464K), 0.0482672 secs] [Times: user=0.14 sys=0.02, real=0.05 secs] 
Heap after GC invocations=121 (full 29):
 par new generation   total 109248K, used 21824K [0x00000007a0000000, 0x00000007a8000000, 0x00000007a8000000)
  eden space 87424K,   0% used [0x00000007a0000000, 0x00000007a0000000, 0x00000007a5560000)
  from space 21824K, 100% used [0x00000007a6ab0000, 0x00000007a8000000, 0x00000007a8000000)
  to   space 21824K,   0% used [0x00000007a5560000, 0x00000007a5560000, 0x00000007a6ab0000)
 concurrent mark-sweep generation total 393216K, used 84306K [0x00000007a8000000, 0x00000007c0000000, 0x00000007c0000000)
 Metaspace       used 30911K, capacity 31298K, committed 31740K, reserved 1077248K
  class space    used 3620K, capacity 3710K, committed 3836K, reserved 1048576K
}
2016-07-15T11:49:01.804-0530: 57129.123: Total time for which application threads were stopped: 0.0484832 seconds
{Heap before GC invocations=121 (full 29):
 par new generation   total 109248K, used 109248K [0x00000007a0000000, 0x00000007a8000000, 0x00000007a8000000)
  eden space 87424K, 100% used [0x00000007a0000000, 0x00000007a5560000, 0x00000007a5560000)
  from space 21824K, 100% used [0x00000007a6ab0000, 0x00000007a8000000, 0x00000007a8000000)
  to   space 21824K,   0% used [0x00000007a5560000, 0x00000007a5560000, 0x00000007a6ab0000)
 concurrent mark-sweep generation total 393216K, used 84306K [0x00000007a8000000, 0x00000007c0000000, 0x00000007c0000000)
 Metaspace       used 30911K, capacity 31298K, committed 31740K, reserved 1077248K
  class space    used 3620K, capacity 3710K, committed 3836K, reserved 1048576K
2016-07-15T11:49:02.326-0530: 57129.646: [GC (Allocation Failure) 57129.646: [ParNew
Desired survivor size 20112992 bytes, new threshold 3 (max 8)
- age   1:    9116688 bytes,    9116688 total
- age   2:    5186912 bytes,   14303600 total
- age   3:    6765976 bytes,   21069576 total
: 109248K->21824K(109248K), 0.0302212 secs] 193554K->120027K(502464K), 0.0303173 secs] [Times: user=0.10 sys=0.01, real=0.03 secs] 
Heap after GC invocations=122 (full 29):
 par new generation   total 109248K, used 21824K [0x00000007a0000000, 0x00000007a8000000, 0x00000007a8000000)
  eden space 87424K,   0% used [0x00000007a0000000, 0x00000007a0000000, 0x00000007a5560000)
  from space 21824K, 100% used [0x00000007a5560000, 0x00000007a6ab0000, 0x00000007a6ab0000)
  to   space 21824K,   0% used [0x00000007a6ab0000, 0x00000007a6ab0000, 0x00000007a8000000)
 concurrent mark-sweep generation total 393216K, used 98203K [0x00000007a8000000, 0x00000007c0000000, 0x00000007c0000000)
 Metaspace       used 30911K, capacity 31298K, committed 31740K, reserved 1077248K
  class space    used 3620K, capacity 3710K, committed 3836K, reserved 1048576K
}
2016-07-15T11:49:02.357-0530: 57129.676: Total time for which application threads were stopped: 0.0305136 seconds
2016-07-15T11:49:54.336-0530: 57181.657: Total time for which application threads were stopped: 0.0001447 seconds
2016-07-15T11:49:55.337-0530: 57182.658: Total time for which application threads were stopped: 0.0001894 seconds
2016-07-15T11:50:41.253-0530: 57228.575: Total time for which application threads were stopped: 0.0001335 seconds
2016-07-15T12:07:32.657-0530: 58240.004: Total time for which application threads were stopped: 0.0012187 seconds
2016-07-15T12:07:32.658-0530: 58240.004: Total time for which application threads were stopped: 0.0000654 seconds
2016-07-15T12:07:32.660-0530: 58240.007: Total time for which application threads were stopped: 0.0000888 seconds
2016-07-15T12:07:32.661-0530: 58240.007: Total time for which application threads were stopped: 0.0000701 seconds
2016-07-15T12:07:32.661-0530: 58240.008: Total time for which application threads were stopped: 0.0000496 seconds
2016-07-15T12:07:32.667-0530: 58240.013: Total time for which application threads were stopped: 0.0002028 seconds
2016-07-15T12:07:32.697-0530: 58240.043: Total time for which application threads were stopped: 0.0002834 seconds
2016-07-15T12:07:32.697-0530: 58240.044: Total time for which application threads were stopped: 0.0000738 seconds
2016-07-15T12:07:32.697-0530: 58240.044: Total time for which application threads were stopped: 0.0000627 seconds
2016-07-15T12:07:32.698-0530: 58240.044: Total time for which application threads were stopped: 0.0000544 seconds
2016-07-15T12:07:32.698-0530: 58240.044: Total time for which application threads were stopped: 0.0000590 seconds
2016-07-15T12:07:32.699-0530: 58240.045: Total time for which application threads were stopped: 0.0005359 seconds
2016-07-15T12:07:32.766-0530: 58240.113: Total time for which application threads were stopped: 0.0001376 seconds
2016-07-15T12:07:32.767-0530: 58240.113: Total time for which application threads were stopped: 0.0000563 seconds
2016-07-15T12:07:32.767-0530: 58240.113: Total time for which application threads were stopped: 0.0000479 seconds
2016-07-15T12:07:32.771-0530: 58240.117: Total time for which application threads were stopped: 0.0003163 seconds
2016-07-15T12:07:33.471-0530: 58240.817: Total time for which application threads were stopped: 0.0923308 seconds
2016-07-15T12:07:33.471-0530: 58240.818: Total time for which application threads were stopped: 0.0002304 seconds
2016-07-15T12:07:33.613-0530: 58240.960: Total time for which application threads were stopped: 0.1392279 seconds
2016-07-15T12:07:34.009-0530: 58241.355: Total time for which application threads were stopped: 0.1759230 seconds
2016-07-15T12:07:34.009-0530: 58241.355: Total time for which application threads were stopped: 0.0001165 seconds
2016-07-15T12:07:34.010-0530: 58241.356: Total time for which application threads were stopped: 0.0002322 seconds
2016-07-15T12:07:34.304-0530: 58241.651: Total time for which application threads were stopped: 0.2612474 seconds
2016-07-15T12:07:34.304-0530: 58241.651: Total time for which application threads were stopped: 0.0001402 seconds
2016-07-15T12:07:34.307-0530: 58241.653: Total time for which application threads were stopped: 0.0008904 seconds
2016-07-15T12:07:34.316-0530: 58241.662: Total time for which application threads were stopped: 0.0001267 seconds
2016-07-15T12:07:34.469-0530: 58241.815: Total time for which application threads were stopped: 0.0001967 seconds
2016-07-15T12:07:34.471-0530: 58241.818: Total time for which application threads were stopped: 0.0002424 seconds
2016-07-15T12:07:34.498-0530: 58241.845: Total time for which application threads were stopped: 0.0001181 seconds
2016-07-15T12:07:34.499-0530: 58241.845: Total time for which application threads were stopped: 0.0000943 seconds
2016-07-15T12:07:34.501-0530: 58241.848: Total time for which application threads were stopped: 0.0001615 seconds
2016-07-15T12:07:34.692-0530: 58242.039: Total time for which application threads were stopped: 0.0001425 seconds
2016-07-15T12:07:34.692-0530: 58242.039: Total time for which application threads were stopped: 0.0000727 seconds
2016-07-15T12:07:34.693-0530: 58242.039: Total time for which application threads were stopped: 0.0001152 seconds
{Heap before GC invocations=122 (full 29):
 par new generation   total 109248K, used 109248K [0x00000007a0000000, 0x00000007a8000000, 0x00000007a8000000)
  eden space 87424K, 100% used [0x00000007a0000000, 0x00000007a5560000, 0x00000007a5560000)
  from space 21824K, 100% used [0x00000007a5560000, 0x00000007a6ab0000, 0x00000007a6ab0000)
  to   space 21824K,   0% used [0x00000007a6ab0000, 0x00000007a6ab0000, 0x00000007a8000000)
 concurrent mark-sweep generation total 393216K, used 98203K [0x00000007a8000000, 0x00000007c0000000, 0x00000007c0000000)
 Metaspace       used 30985K, capacity 31298K, committed 31740K, reserved 1077248K
  class space    used 3620K, capacity 3710K, committed 3836K, reserved 1048576K
2016-07-15T12:07:34.770-0530: 58242.116: [GC (Allocation Failure) 58242.116: [ParNew
Desired survivor size 20112992 bytes, new threshold 8 (max 8)
- age   1:   10482872 bytes,   10482872 total
- age   2:    1997424 bytes,   12480296 total
- age   3:     346776 bytes,   12827072 total
: 109248K->21176K(109248K), 0.1019830 secs] 207451K->125221K(502464K), 0.1020484 secs] [Times: user=0.07 sys=0.14, real=0.10 secs] 
Heap after GC invocations=123 (full 29):
 par new generation   total 109248K, used 21176K [0x00000007a0000000, 0x00000007a8000000, 0x00000007a8000000)
  eden space 87424K,   0% used [0x00000007a0000000, 0x00000007a0000000, 0x00000007a5560000)
  from space 21824K,  97% used [0x00000007a6ab0000, 0x00000007a7f5e268, 0x00000007a8000000)
  to   space 21824K,   0% used [0x00000007a5560000, 0x00000007a5560000, 0x00000007a6ab0000)
 concurrent mark-sweep generation total 393216K, used 104044K [0x00000007a8000000, 0x00000007c0000000, 0x00000007c0000000)
 Metaspace       used 30985K, capacity 31298K, committed 31740K, reserved 1077248K
  class space    used 3620K, capacity 3710K, committed 3836K, reserved 1048576K
}
2016-07-15T12:07:34.872-0530: 58242.218: Total time for which application threads were stopped: 0.1022560 seconds
{Heap before GC invocations=123 (full 29):
 par new generation   total 109248K, used 108600K [0x00000007a0000000, 0x00000007a8000000, 0x00000007a8000000)
  eden space 87424K, 100% used [0x00000007a0000000, 0x00000007a5560000, 0x00000007a5560000)
  from space 21824K,  97% used [0x00000007a6ab0000, 0x00000007a7f5e268, 0x00000007a8000000)
  to   space 21824K,   0% used [0x00000007a5560000, 0x00000007a5560000, 0x00000007a6ab0000)
 concurrent mark-sweep generation total 393216K, used 104044K [0x00000007a8000000, 0x00000007c0000000, 0x00000007c0000000)
 Metaspace       used 30986K, capacity 31298K, committed 31740K, reserved 1077248K
  class space    used 3620K, capacity 3710K, committed 3836K, reserved 1048576K
2016-07-15T12:07:35.394-0530: 58242.740: [GC (Allocation Failure) 58242.741: [ParNew
Desired survivor size 20112992 bytes, new threshold 3 (max 8)
- age   1:    9529176 bytes,    9529176 total
- age   2:   10456832 bytes,   19986008 total
- age   3:    1995792 bytes,   21981800 total
- age   4:     346608 bytes,   22328408 total
: 108600K->21824K(109248K), 0.1377462 secs] 212645K->159580K(502464K), 0.1378434 secs] [Times: user=0.19 sys=0.19, real=0.14 secs] 
Heap after GC invocations=124 (full 29):
 par new generation   total 109248K, used 21824K [0x00000007a0000000, 0x00000007a8000000, 0x00000007a8000000)
  eden space 87424K,   0% used [0x00000007a0000000, 0x00000007a0000000, 0x00000007a5560000)
  from space 21824K, 100% used [0x00000007a5560000, 0x00000007a6ab0000, 0x00000007a6ab0000)
  to   space 21824K,   0% used [0x00000007a6ab0000, 0x00000007a6ab0000, 0x00000007a8000000)
 concurrent mark-sweep generation total 393216K, used 137756K [0x00000007a8000000, 0x00000007c0000000, 0x00000007c0000000)
 Metaspace       used 30986K, capacity 31298K, committed 31740K, reserved 1077248K
  class space    used 3620K, capacity 3710K, committed 3836K, reserved 1048576K
}
2016-07-15T12:07:35.532-0530: 58242.878: Total time for which application threads were stopped: 0.1381044 seconds
{Heap before GC invocations=124 (full 29):
 par new generation   total 109248K, used 109248K [0x00000007a0000000, 0x00000007a8000000, 0x00000007a8000000)
  eden space 87424K, 100% used [0x00000007a0000000, 0x00000007a5560000, 0x00000007a5560000)
  from space 21824K, 100% used [0x00000007a5560000, 0x00000007a6ab0000, 0x00000007a6ab0000)
  to   space 21824K,   0% used [0x00000007a6ab0000, 0x00000007a6ab0000, 0x00000007a8000000)
 concurrent mark-sweep generation total 393216K, used 137756K [0x00000007a8000000, 0x00000007c0000000, 0x00000007c0000000)
 Metaspace       used 30986K, capacity 31298K, committed 31740K, reserved 1077248K
  class space    used 3620K, capacity 3710K, committed 3836K, reserved 1048576K
2016-07-15T12:07:36.253-0530: 58243.599: [GC (Allocation Failure) 58243.599: [ParNew
Desired survivor size 20112992 bytes, new threshold 3 (max 8)
- age   1:    9236584 bytes,    9236584 total
- age   2:    2643064 bytes,   11879648 total
- age   3:   10456856 bytes,   22336504 total
: 109248K->21824K(109248K), 0.0390482 secs] 247004K->169317K(502464K), 0.0391190 secs] [Times: user=0.08 sys=0.05, real=0.04 secs] 
Heap after GC invocations=125 (full 29):
 par new generation   total 109248K, used 21824K [0x00000007a0000000, 0x00000007a8000000, 0x00000007a8000000)
  eden space 87424K,   0% used [0x00000007a0000000, 0x00000007a0000000, 0x00000007a5560000)
  from space 21824K, 100% used [0x00000007a6ab0000, 0x00000007a8000000, 0x00000007a8000000)
  to   space 21824K,   0% used [0x00000007a5560000, 0x00000007a5560000, 0x00000007a6ab0000)
 concurrent mark-sweep generation total 393216K, used 147493K [0x00000007a8000000, 0x00000007c0000000, 0x00000007c0000000)
 Metaspace       used 30986K, capacity 31298K, committed 31740K, reserved 1077248K
  class space    used 3620K, capacity 3710K, committed 3836K, reserved 1048576K
}
2016-07-15T12:07:36.292-0530: 58243.638: Total time for which application threads were stopped: 0.0393840 seconds
2016-07-15T12:08:28.234-0530: 58295.582: Total time for which application threads were stopped: 0.0001157 seconds
2016-07-15T12:08:28.234-0530: 58295.582: Total time for which application threads were stopped: 0.0001292 seconds
2016-07-15T12:09:04.142-0530: 58331.491: Total time for which application threads were stopped: 0.0002659 seconds
2016-07-15T12:09:04.142-0530: 58331.491: Total time for which application threads were stopped: 0.0000754 seconds
2016-07-15T12:09:04.143-0530: 58331.491: Total time for which application threads were stopped: 0.0000609 seconds
2016-07-15T12:09:04.143-0530: 58331.492: Total time for which application threads were stopped: 0.0001170 seconds
2016-07-15T12:09:04.628-0530: 58331.977: Total time for which application threads were stopped: 0.0001033 seconds
2016-07-15T12:09:04.628-0530: 58331.977: Total time for which application threads were stopped: 0.0000721 seconds
2016-07-15T12:09:04.630-0530: 58331.979: Total time for which application threads were stopped: 0.0001107 seconds
2016-07-15T12:09:05.634-0530: 58332.983: Total time for which application threads were stopped: 0.0003801 seconds
2016-07-15T12:09:06.638-0530: 58333.987: Total time for which application threads were stopped: 0.0001121 seconds
2016-07-15T12:09:08.810-0530: 58336.159: Total time for which application threads were stopped: 0.0001059 seconds
2016-07-15T12:09:08.810-0530: 58336.159: Total time for which application threads were stopped: 0.0000668 seconds
2016-07-15T12:09:08.811-0530: 58336.160: Total time for which application threads were stopped: 0.0000754 seconds
{Heap before GC invocations=125 (full 29):
 par new generation   total 109248K, used 107997K [0x00000007a0000000, 0x00000007a8000000, 0x00000007a8000000)
  eden space 87424K,  98% used [0x00000007a0000000, 0x00000007a5427678, 0x00000007a5560000)
  from space 21824K, 100% used [0x00000007a6ab0000, 0x00000007a8000000, 0x00000007a8000000)
  to   space 21824K,   0% used [0x00000007a5560000, 0x00000007a5560000, 0x00000007a6ab0000)
 concurrent mark-sweep generation total 393216K, used 147493K [0x00000007a8000000, 0x00000007c0000000, 0x00000007c0000000)
 Metaspace       used 31007K, capacity 31298K, committed 31740K, reserved 1077248K
  class space    used 3620K, capacity 3710K, committed 3836K, reserved 1048576K
2016-07-15T12:09:08.883-0530: 58336.232: [GC (Allocation Failure) 58336.276: [ParNew
Desired survivor size 20112992 bytes, new threshold 8 (max 8)
- age   1:   13759896 bytes,   13759896 total
- age   3:    1884616 bytes,   15644512 total
: 107997K->21824K(109248K), 0.0219970 secs] 255491K->176042K(502464K), 0.0665048 secs] [Times: user=0.09 sys=0.02, real=0.07 secs] 
Heap after GC invocations=126 (full 29):
 par new generation   total 109248K, used 21824K [0x00000007a0000000, 0x00000007a8000000, 0x00000007a8000000)
  eden space 87424K,   0% used [0x00000007a0000000, 0x00000007a0000000, 0x00000007a5560000)
  from space 21824K, 100% used [0x00000007a5560000, 0x00000007a6ab0000, 0x00000007a6ab0000)
  to   space 21824K,   0% used [0x00000007a6ab0000, 0x00000007a6ab0000, 0x00000007a8000000)
 concurrent mark-sweep generation total 393216K, used 154218K [0x00000007a8000000, 0x00000007c0000000, 0x00000007c0000000)
 Metaspace       used 31007K, capacity 31298K, committed 31740K, reserved 1077248K
  class space    used 3620K, capacity 3710K, committed 3836K, reserved 1048576K
}
2016-07-15T12:09:08.950-0530: 58336.298: Total time for which application threads were stopped: 0.0667219 seconds
{Heap before GC invocations=126 (full 29):
 par new generation   total 109248K, used 109248K [0x00000007a0000000, 0x00000007a8000000, 0x00000007a8000000)
  eden space 87424K, 100% used [0x00000007a0000000, 0x00000007a5560000, 0x00000007a5560000)
  from space 21824K, 100% used [0x00000007a5560000, 0x00000007a6ab0000, 0x00000007a6ab0000)
  to   space 21824K,   0% used [0x00000007a6ab0000, 0x00000007a6ab0000, 0x00000007a8000000)
 concurrent mark-sweep generation total 393216K, used 154218K [0x00000007a8000000, 0x00000007c0000000, 0x00000007c0000000)
 Metaspace       used 31007K, capacity 31298K, committed 31740K, reserved 1077248K
  class space    used 3620K, capacity 3710K, committed 3836K, reserved 1048576K
2016-07-15T12:09:09.541-0530: 58336.890: [GC (Allocation Failure) 58336.890: [ParNew
Desired survivor size 20112992 bytes, new threshold 2 (max 8)
- age   1:    8767984 bytes,    8767984 total
- age   2:   11664640 bytes,   20432624 total
- age   4:    1884584 bytes,   22317208 total
: 109248K->21824K(109248K), 0.1088137 secs] 263466K->216817K(502464K), 0.1089189 secs] [Times: user=0.23 sys=0.12, real=0.11 secs] 
Heap after GC invocations=127 (full 29):
 par new generation   total 109248K, used 21824K [0x00000007a0000000, 0x00000007a8000000, 0x00000007a8000000)
  eden space 87424K,   0% used [0x00000007a0000000, 0x00000007a0000000, 0x00000007a5560000)
  from space 21824K, 100% used [0x00000007a6ab0000, 0x00000007a8000000, 0x00000007a8000000)
  to   space 21824K,   0% used [0x00000007a5560000, 0x00000007a5560000, 0x00000007a6ab0000)
 concurrent mark-sweep generation total 393216K, used 194993K [0x00000007a8000000, 0x00000007c0000000, 0x00000007c0000000)
 Metaspace       used 31007K, capacity 31298K, committed 31740K, reserved 1077248K
  class space    used 3620K, capacity 3710K, committed 3836K, reserved 1048576K
}
2016-07-15T12:09:09.650-0530: 58336.999: Total time for which application threads were stopped: 0.1092696 seconds
{Heap before GC invocations=127 (full 29):
 par new generation   total 109248K, used 109248K [0x00000007a0000000, 0x00000007a8000000, 0x00000007a8000000)
  eden space 87424K, 100% used [0x00000007a0000000, 0x00000007a5560000, 0x00000007a5560000)
  from space 21824K, 100% used [0x00000007a6ab0000, 0x00000007a8000000, 0x00000007a8000000)
  to   space 21824K,   0% used [0x00000007a5560000, 0x00000007a5560000, 0x00000007a6ab0000)
 concurrent mark-sweep generation total 393216K, used 194993K [0x00000007a8000000, 0x00000007c0000000, 0x00000007c0000000)
 Metaspace       used 31007K, capacity 31298K, committed 31740K, reserved 1077248K
  class space    used 3620K, capacity 3710K, committed 3836K, reserved 1048576K
2016-07-15T12:09:10.386-0530: 58337.735: [GC (Allocation Failure) 58337.735: [ParNew
Desired survivor size 20112992 bytes, new threshold 8 (max 8)
- age   1:    6692544 bytes,    6692544 total
- age   2:    5358248 bytes,   12050792 total
: 109248K->21824K(109248K), 0.0375266 secs] 304241K->231507K(502464K), 0.0378629 secs] [Times: user=0.07 sys=0.04, real=0.04 secs] 
Heap after GC invocations=128 (full 29):
 par new generation   total 109248K, used 21824K [0x00000007a0000000, 0x00000007a8000000, 0x00000007a8000000)
  eden space 87424K,   0% used [0x00000007a0000000, 0x00000007a0000000, 0x00000007a5560000)
  from space 21824K, 100% used [0x00000007a5560000, 0x00000007a6ab0000, 0x00000007a6ab0000)
  to   space 21824K,   0% used [0x00000007a6ab0000, 0x00000007a6ab0000, 0x00000007a8000000)
 concurrent mark-sweep generation total 393216K, used 209683K [0x00000007a8000000, 0x00000007c0000000, 0x00000007c0000000)
 Metaspace       used 31007K, capacity 31298K, committed 31740K, reserved 1077248K
  class space    used 3620K, capacity 3710K, committed 3836K, reserved 1048576K
}
2016-07-15T12:09:10.424-0530: 58337.773: Total time for which application threads were stopped: 0.0380921 seconds
2016-07-15T12:09:10.433-0530: 58337.782: [GC (CMS Initial Mark) [1 CMS-initial-mark: 209683K(393216K)] 233830K(502464K), 0.0054547 secs] [Times: user=0.01 sys=0.00, real=0.00 secs] 
2016-07-15T12:09:10.438-0530: 58337.787: Total time for which application threads were stopped: 0.0139547 seconds
2016-07-15T12:09:10.438-0530: 58337.787: [CMS-concurrent-mark-start]
2016-07-15T12:09:10.470-0530: 58337.818: [CMS-concurrent-mark: 0.031/0.031 secs] [Times: user=0.09 sys=0.03, real=0.04 secs] 
2016-07-15T12:09:10.470-0530: 58337.818: [CMS-concurrent-preclean-start]
2016-07-15T12:09:10.471-0530: 58337.820: [CMS-concurrent-preclean: 0.001/0.001 secs] [Times: user=0.00 sys=0.00, real=0.00 secs] 
2016-07-15T12:09:10.471-0530: 58337.820: [CMS-concurrent-abortable-preclean-start]
2016-07-15T12:09:12.446-0530: 58339.795: Total time for which application threads were stopped: 0.0001990 seconds
 CMS: abort preclean due to time 2016-07-15T12:09:16.567-0530: 58343.916: [CMS-concurrent-abortable-preclean: 2.539/6.096 secs] [Times: user=4.24 sys=0.03, real=6.09 secs] 
2016-07-15T12:09:16.567-0530: 58343.916: [GC (CMS Final Remark) [YG occupancy: 38809 K (109248 K)]{Heap before GC invocations=128 (full 30):
 par new generation   total 109248K, used 38809K [0x00000007a0000000, 0x00000007a8000000, 0x00000007a8000000)
  eden space 87424K,  19% used [0x00000007a0000000, 0x00000007a1096748, 0x00000007a5560000)
  from space 21824K, 100% used [0x00000007a5560000, 0x00000007a6ab0000, 0x00000007a6ab0000)
  to   space 21824K,   0% used [0x00000007a6ab0000, 0x00000007a6ab0000, 0x00000007a8000000)
 concurrent mark-sweep generation total 393216K, used 209683K [0x00000007a8000000, 0x00000007c0000000, 0x00000007c0000000)
 Metaspace       used 31009K, capacity 31298K, committed 31740K, reserved 1077248K
  class space    used 3620K, capacity 3710K, committed 3836K, reserved 1048576K
2016-07-15T12:09:16.567-0530: 58343.916: [GC (CMS Final Remark) 58343.916: [ParNew
Desired survivor size 20112992 bytes, new threshold 8 (max 8)
- age   1:    1505112 bytes,    1505112 total
- age   2:    6027200 bytes,    7532312 total
- age   3:    5358248 bytes,   12890560 total
: 38809K->15817K(109248K), 0.0116534 secs] 248493K->225500K(502464K), 0.0117254 secs] [Times: user=0.04 sys=0.00, real=0.01 secs] 
Heap after GC invocations=129 (full 30):
 par new generation   total 109248K, used 15817K [0x00000007a0000000, 0x00000007a8000000, 0x00000007a8000000)
  eden space 87424K,   0% used [0x00000007a0000000, 0x00000007a0000000, 0x00000007a5560000)
  from space 21824K,  72% used [0x00000007a6ab0000, 0x00000007a7a22718, 0x00000007a8000000)
  to   space 21824K,   0% used [0x00000007a5560000, 0x00000007a5560000, 0x00000007a6ab0000)
 concurrent mark-sweep generation total 393216K, used 209683K [0x00000007a8000000, 0x00000007c0000000, 0x00000007c0000000)
 Metaspace       used 31009K, capacity 31298K, committed 31740K, reserved 1077248K
  class space    used 3620K, capacity 3710K, committed 3836K, reserved 1048576K
}
58343.928: [Rescan (parallel) , 0.0041822 secs]58343.932: [weak refs processing, 0.0009342 secs]58343.933: [class unloading, 0.0544892 secs]58343.988: [scrub symbol table, 0.0135381 secs]58344.001: [scrub string table, 0.0008517 secs][1 CMS-remark: 209683K(393216K)] 225500K(502464K), 0.0909953 secs] [Times: user=0.09 sys=0.04, real=0.09 secs] 
2016-07-15T12:09:16.658-0530: 58344.007: Total time for which application threads were stopped: 0.0911532 seconds
2016-07-15T12:09:16.658-0530: 58344.007: [CMS-concurrent-sweep-start]
2016-07-15T12:09:16.856-0530: 58344.205: [CMS-concurrent-sweep: 0.198/0.198 secs] [Times: user=0.14 sys=0.06, real=0.20 secs] 
2016-07-15T12:09:16.857-0530: 58344.206: [CMS-concurrent-reset-start]
2016-07-15T12:09:16.860-0530: 58344.209: [CMS-concurrent-reset: 0.004/0.004 secs] [Times: user=0.00 sys=0.00, real=0.01 secs] 
2016-07-15T12:10:02.263-0530: 58389.613: Total time for which application threads were stopped: 0.0012987 seconds
2016-07-15T12:10:02.263-0530: 58389.613: Total time for which application threads were stopped: 0.0000745 seconds
2016-07-15T12:10:02.265-0530: 58389.615: Total time for which application threads were stopped: 0.0002247 seconds
2016-07-15T12:10:02.267-0530: 58389.617: Total time for which application threads were stopped: 0.0004119 seconds
2016-07-15T12:10:47.121-0530: 58434.472: Total time for which application threads were stopped: 0.0003871 seconds
2016-07-15T12:17:11.330-0530: 58818.690: Total time for which application threads were stopped: 0.0001579 seconds
2016-07-15T12:17:11.330-0530: 58818.690: Total time for which application threads were stopped: 0.0000634 seconds
2016-07-15T12:17:11.330-0530: 58818.691: Total time for which application threads were stopped: 0.0000484 seconds
2016-07-15T12:17:11.334-0530: 58818.694: Total time for which application threads were stopped: 0.0001485 seconds
2016-07-15T12:17:11.374-0530: 58818.735: Total time for which application threads were stopped: 0.0002332 seconds
2016-07-15T12:17:11.375-0530: 58818.735: Total time for which application threads were stopped: 0.0000537 seconds
2016-07-15T12:17:11.375-0530: 58818.736: Total time for which application threads were stopped: 0.0000700 seconds
2016-07-15T12:17:11.994-0530: 58819.354: Total time for which application threads were stopped: 0.0002329 seconds
2016-07-15T12:17:11.994-0530: 58819.354: Total time for which application threads were stopped: 0.0001264 seconds
2016-07-15T12:17:12.099-0530: 58819.459: Total time for which application threads were stopped: 0.0001090 seconds
2016-07-15T12:17:12.101-0530: 58819.461: Total time for which application threads were stopped: 0.0002212 seconds
2016-07-15T12:17:14.105-0530: 58821.466: Total time for which application threads were stopped: 0.0001766 seconds
2016-07-15T12:17:14.588-0530: 58821.949: Total time for which application threads were stopped: 0.0001123 seconds
2016-07-15T12:17:14.609-0530: 58821.969: Total time for which application threads were stopped: 0.0002769 seconds
2016-07-15T12:17:14.612-0530: 58821.973: Total time for which application threads were stopped: 0.0002200 seconds
2016-07-15T12:17:14.649-0530: 58822.009: Total time for which application threads were stopped: 0.0001563 seconds
2016-07-15T12:17:14.649-0530: 58822.010: Total time for which application threads were stopped: 0.0000721 seconds
2016-07-15T12:17:14.651-0530: 58822.011: Total time for which application threads were stopped: 0.0001182 seconds
2016-07-15T12:17:14.826-0530: 58822.187: Total time for which application threads were stopped: 0.1378657 seconds
2016-07-15T12:17:14.827-0530: 58822.188: Total time for which application threads were stopped: 0.0002547 seconds
2016-07-15T12:17:14.833-0530: 58822.193: Total time for which application threads were stopped: 0.0001502 seconds
2016-07-15T12:17:14.982-0530: 58822.342: Total time for which application threads were stopped: 0.0001328 seconds
2016-07-15T12:17:14.982-0530: 58822.342: Total time for which application threads were stopped: 0.0000858 seconds
2016-07-15T12:17:14.983-0530: 58822.343: Total time for which application threads were stopped: 0.0001048 seconds
{Heap before GC invocations=129 (full 30):
 par new generation   total 109248K, used 102960K [0x00000007a0000000, 0x00000007a8000000, 0x00000007a8000000)
  eden space 87424K,  99% used [0x00000007a0000000, 0x00000007a5519a08, 0x00000007a5560000)
  from space 21824K,  72% used [0x00000007a6ab0000, 0x00000007a7a22718, 0x00000007a8000000)
  to   space 21824K,   0% used [0x00000007a5560000, 0x00000007a5560000, 0x00000007a6ab0000)
 concurrent mark-sweep generation total 393216K, used 55071K [0x00000007a8000000, 0x00000007c0000000, 0x00000007c0000000)
 Metaspace       used 31046K, capacity 31362K, committed 31740K, reserved 1077248K
  class space    used 3620K, capacity 3710K, committed 3836K, reserved 1048576K
2016-07-15T12:17:15.461-0530: 58822.821: [GC (Allocation Failure) 58822.839: [ParNew
Desired survivor size 20112992 bytes, new threshold 4 (max 8)
- age   1:   16724880 bytes,   16724880 total
- age   2:     865280 bytes,   17590160 total
- age   3:    1906416 bytes,   19496576 total
- age   4:    2829472 bytes,   22326048 total
: 102960K->21824K(109248K), 0.1346442 secs] 158032K->92127K(502464K), 0.1519766 secs] [Times: user=0.13 sys=0.18, real=0.15 secs] 
Heap after GC invocations=130 (full 30):
 par new generation   total 109248K, used 21824K [0x00000007a0000000, 0x00000007a8000000, 0x00000007a8000000)
  eden space 87424K,   0% used [0x00000007a0000000, 0x00000007a0000000, 0x00000007a5560000)
  from space 21824K, 100% used [0x00000007a5560000, 0x00000007a6ab0000, 0x00000007a6ab0000)
  to   space 21824K,   0% used [0x00000007a6ab0000, 0x00000007a6ab0000, 0x00000007a8000000)
 concurrent mark-sweep generation total 393216K, used 70303K [0x00000007a8000000, 0x00000007c0000000, 0x00000007c0000000)
 Metaspace       used 31046K, capacity 31362K, committed 31740K, reserved 1077248K
  class space    used 3620K, capacity 3710K, committed 3836K, reserved 1048576K
}
2016-07-15T12:17:15.613-0530: 58822.973: Total time for which application threads were stopped: 0.1522742 seconds
{Heap before GC invocations=130 (full 30):
 par new generation   total 109248K, used 109248K [0x00000007a0000000, 0x00000007a8000000, 0x00000007a8000000)
  eden space 87424K, 100% used [0x00000007a0000000, 0x00000007a5560000, 0x00000007a5560000)
  from space 21824K, 100% used [0x00000007a5560000, 0x00000007a6ab0000, 0x00000007a6ab0000)
  to   space 21824K,   0% used [0x00000007a6ab0000, 0x00000007a6ab0000, 0x00000007a8000000)
 concurrent mark-sweep generation total 393216K, used 70303K [0x00000007a8000000, 0x00000007c0000000, 0x00000007c0000000)
 Metaspace       used 31046K, capacity 31362K, committed 31740K, reserved 1077248K
  class space    used 3620K, capacity 3710K, committed 3836K, reserved 1048576K
2016-07-15T12:17:16.167-0530: 58823.527: [GC (Allocation Failure) 58823.527: [ParNew
Desired survivor size 20112992 bytes, new threshold 3 (max 8)
- age   1:    8068040 bytes,    8068040 total
- age   2:   11505056 bytes,   19573096 total
- age   3:     865280 bytes,   20438376 total
- age   4:    1906416 bytes,   22344792 total
: 109248K->21824K(109248K), 0.0492270 secs] 179551K->104253K(502464K), 0.0493202 secs] [Times: user=0.09 sys=0.06, real=0.05 secs] 
Heap after GC invocations=131 (full 30):
 par new generation   total 109248K, used 21824K [0x00000007a0000000, 0x00000007a8000000, 0x00000007a8000000)
  eden space 87424K,   0% used [0x00000007a0000000, 0x00000007a0000000, 0x00000007a5560000)
  from space 21824K, 100% used [0x00000007a6ab0000, 0x00000007a8000000, 0x00000007a8000000)
  to   space 21824K,   0% used [0x00000007a5560000, 0x00000007a5560000, 0x00000007a6ab0000)
 concurrent mark-sweep generation total 393216K, used 82429K [0x00000007a8000000, 0x00000007c0000000, 0x00000007c0000000)
 Metaspace       used 31046K, capacity 31362K, committed 31740K, reserved 1077248K
  class space    used 3620K, capacity 3710K, committed 3836K, reserved 1048576K
}
2016-07-15T12:17:16.216-0530: 58823.577: Total time for which application threads were stopped: 0.0495840 seconds
2016-07-15T12:17:19.224-0530: 58826.584: Total time for which application threads were stopped: 0.0001346 seconds
2016-07-15T12:18:08.468-0530: 58875.830: Total time for which application threads were stopped: 0.0001127 seconds
2016-07-15T12:18:08.468-0530: 58875.830: Total time for which application threads were stopped: 0.0000613 seconds
2016-07-15T12:18:54.831-0530: 58922.194: Total time for which application threads were stopped: 0.0001119 seconds
2016-07-15T12:18:54.839-0530: 58922.202: Total time for which application threads were stopped: 0.0000701 seconds
2016-07-15T12:19:15.786-0530: 58943.149: Total time for which application threads were stopped: 0.0001401 seconds
2016-07-15T12:19:15.786-0530: 58943.149: Total time for which application threads were stopped: 0.0000679 seconds
2016-07-15T12:19:15.786-0530: 58943.150: Total time for which application threads were stopped: 0.0000608 seconds
2016-07-15T12:19:15.787-0530: 58943.150: Total time for which application threads were stopped: 0.0000903 seconds
2016-07-15T12:19:15.814-0530: 58943.177: Total time for which application threads were stopped: 0.0001226 seconds
2016-07-15T12:19:15.814-0530: 58943.177: Total time for which application threads were stopped: 0.0000709 seconds
2016-07-15T12:19:15.814-0530: 58943.177: Total time for which application threads were stopped: 0.0000746 seconds
2016-07-15T12:19:15.814-0530: 58943.178: Total time for which application threads were stopped: 0.0000925 seconds
2016-07-15T12:19:15.840-0530: 58943.204: Total time for which application threads were stopped: 0.0001056 seconds
2016-07-15T12:19:15.841-0530: 58943.204: Total time for which application threads were stopped: 0.0000940 seconds
2016-07-15T12:19:15.842-0530: 58943.206: Total time for which application threads were stopped: 0.0002230 seconds
2016-07-15T12:19:15.843-0530: 58943.206: Total time for which application threads were stopped: 0.0002913 seconds
2016-07-15T12:19:15.843-0530: 58943.207: Total time for which application threads were stopped: 0.0001241 seconds
2016-07-15T12:19:15.846-0530: 58943.210: Total time for which application threads were stopped: 0.0002347 seconds
2016-07-15T12:19:16.847-0530: 58944.210: Total time for which application threads were stopped: 0.0002330 seconds
2016-07-15T12:19:51.755-0530: 58979.120: Total time for which application threads were stopped: 0.0001258 seconds
2016-07-15T12:19:51.756-0530: 58979.120: Total time for which application threads were stopped: 0.0000706 seconds
2016-07-15T12:19:51.756-0530: 58979.121: Total time for which application threads were stopped: 0.0001155 seconds
{Heap before GC invocations=131 (full 30):
 par new generation   total 109248K, used 109246K [0x00000007a0000000, 0x00000007a8000000, 0x00000007a8000000)
  eden space 87424K,  99% used [0x00000007a0000000, 0x00000007a555f880, 0x00000007a5560000)
  from space 21824K, 100% used [0x00000007a6ab0000, 0x00000007a8000000, 0x00000007a8000000)
  to   space 21824K,   0% used [0x00000007a5560000, 0x00000007a5560000, 0x00000007a6ab0000)
 concurrent mark-sweep generation total 393216K, used 82429K [0x00000007a8000000, 0x00000007c0000000, 0x00000007c0000000)
 Metaspace       used 31051K, capacity 31362K, committed 31740K, reserved 1077248K
  class space    used 3620K, capacity 3710K, committed 3836K, reserved 1048576K
2016-07-15T12:19:51.790-0530: 58979.154: [GC (Allocation Failure) 58979.154: [ParNew
Desired survivor size 20112992 bytes, new threshold 8 (max 8)
- age   1:    3198320 bytes,    3198320 total
- age   3:    9485272 bytes,   12683592 total
: 109246K->21824K(109248K), 0.0839513 secs] 191675K->106964K(502464K), 0.0840198 secs] [Times: user=0.20 sys=0.01, real=0.08 secs] 
Heap after GC invocations=132 (full 30):
 par new generation   total 109248K, used 21824K [0x00000007a0000000, 0x00000007a8000000, 0x00000007a8000000)
  eden space 87424K,   0% used [0x00000007a0000000, 0x00000007a0000000, 0x00000007a5560000)
  from space 21824K, 100% used [0x00000007a5560000, 0x00000007a6ab0000, 0x00000007a6ab0000)
  to   space 21824K,   0% used [0x00000007a6ab0000, 0x00000007a6ab0000, 0x00000007a8000000)
 concurrent mark-sweep generation total 393216K, used 85140K [0x00000007a8000000, 0x00000007c0000000, 0x00000007c0000000)
 Metaspace       used 31051K, capacity 31362K, committed 31740K, reserved 1077248K
  class space    used 3620K, capacity 3710K, committed 3836K, reserved 1048576K
}
2016-07-15T12:19:51.874-0530: 58979.238: Total time for which application threads were stopped: 0.1034872 seconds
{Heap before GC invocations=132 (full 30):
 par new generation   total 109248K, used 109248K [0x00000007a0000000, 0x00000007a8000000, 0x00000007a8000000)
  eden space 87424K, 100% used [0x00000007a0000000, 0x00000007a5560000, 0x00000007a5560000)
  from space 21824K, 100% used [0x00000007a5560000, 0x00000007a6ab0000, 0x00000007a6ab0000)
  to   space 21824K,   0% used [0x00000007a6ab0000, 0x00000007a6ab0000, 0x00000007a8000000)
 concurrent mark-sweep generation total 393216K, used 85140K [0x00000007a8000000, 0x00000007c0000000, 0x00000007c0000000)
 Metaspace       used 31051K, capacity 31362K, committed 31740K, reserved 1077248K
  class space    used 3620K, capacity 3710K, committed 3836K, reserved 1048576K
2016-07-15T12:19:52.446-0530: 58979.810: [GC (Allocation Failure) 58979.810: [ParNew
Desired survivor size 20112992 bytes, new threshold 4 (max 8)
- age   1:   10143680 bytes,   10143680 total
- age   2:    2692568 bytes,   12836248 total
- age   4:    9485272 bytes,   22321520 total
: 109248K->21824K(109248K), 0.1000453 secs] 194388K->136373K(502464K), 0.1001150 secs] [Times: user=0.15 sys=0.12, real=0.10 secs] 
Heap after GC invocations=133 (full 30):
 par new generation   total 109248K, used 21824K [0x00000007a0000000, 0x00000007a8000000, 0x00000007a8000000)
  eden space 87424K,   0% used [0x00000007a0000000, 0x00000007a0000000, 0x00000007a5560000)
  from space 21824K, 100% used [0x00000007a6ab0000, 0x00000007a8000000, 0x00000007a8000000)
  to   space 21824K,   0% used [0x00000007a5560000, 0x00000007a5560000, 0x00000007a6ab0000)
 concurrent mark-sweep generation total 393216K, used 114549K [0x00000007a8000000, 0x00000007c0000000, 0x00000007c0000000)
 Metaspace       used 31051K, capacity 31362K, committed 31740K, reserved 1077248K
  class space    used 3620K, capacity 3710K, committed 3836K, reserved 1048576K
}
2016-07-15T12:19:52.546-0530: 58979.911: Total time for which application threads were stopped: 0.1003697 seconds
{Heap before GC invocations=133 (full 30):
 par new generation   total 109248K, used 109248K [0x00000007a0000000, 0x00000007a8000000, 0x00000007a8000000)
  eden space 87424K, 100% used [0x00000007a0000000, 0x00000007a5560000, 0x00000007a5560000)
  from space 21824K, 100% used [0x00000007a6ab0000, 0x00000007a8000000, 0x00000007a8000000)
  to   space 21824K,   0% used [0x00000007a5560000, 0x00000007a5560000, 0x00000007a6ab0000)
 concurrent mark-sweep generation total 393216K, used 114549K [0x00000007a8000000, 0x00000007c0000000, 0x00000007c0000000)
 Metaspace       used 31051K, capacity 31362K, committed 31740K, reserved 1077248K
  class space    used 3620K, capacity 3710K, committed 3836K, reserved 1048576K
2016-07-15T12:19:53.180-0530: 58980.545: [GC (Allocation Failure) 58980.545: [ParNew
Desired survivor size 20112992 bytes, new threshold 3 (max 8)
- age   1:   10819120 bytes,   10819120 total
- age   2:    7750280 bytes,   18569400 total
- age   3:    2692568 bytes,   21261968 total
: 109248K->21824K(109248K), 0.0402900 secs] 223797K->147227K(502464K), 0.0403831 secs] [Times: user=0.07 sys=0.06, real=0.04 secs] 
Heap after GC invocations=134 (full 30):
 par new generation   total 109248K, used 21824K [0x00000007a0000000, 0x00000007a8000000, 0x00000007a8000000)
  eden space 87424K,   0% used [0x00000007a0000000, 0x00000007a0000000, 0x00000007a5560000)
  from space 21824K, 100% used [0x00000007a5560000, 0x00000007a6ab0000, 0x00000007a6ab0000)
  to   space 21824K,   0% used [0x00000007a6ab0000, 0x00000007a6ab0000, 0x00000007a8000000)
 concurrent mark-sweep generation total 393216K, used 125403K [0x00000007a8000000, 0x00000007c0000000, 0x00000007c0000000)
 Metaspace       used 31051K, capacity 31362K, committed 31740K, reserved 1077248K
  class space    used 3620K, capacity 3710K, committed 3836K, reserved 1048576K
}
2016-07-15T12:19:53.221-0530: 58980.585: Total time for which application threads were stopped: 0.0406334 seconds
2016-07-15T12:19:55.225-0530: 58982.590: Total time for which application threads were stopped: 0.0003073 seconds
2016-07-15T12:20:21.348-0530: 59008.713: Total time for which application threads were stopped: 0.0001158 seconds
2016-07-15T12:20:21.349-0530: 59008.714: Total time for which application threads were stopped: 0.0000860 seconds
{Heap before GC invocations=134 (full 30):
 par new generation   total 109248K, used 108850K [0x00000007a0000000, 0x00000007a8000000, 0x00000007a8000000)
  eden space 87424K,  99% used [0x00000007a0000000, 0x00000007a54fc810, 0x00000007a5560000)
  from space 21824K, 100% used [0x00000007a5560000, 0x00000007a6ab0000, 0x00000007a6ab0000)
  to   space 21824K,   0% used [0x00000007a6ab0000, 0x00000007a6ab0000, 0x00000007a8000000)
 concurrent mark-sweep generation total 393216K, used 125403K [0x00000007a8000000, 0x00000007c0000000, 0x00000007c0000000)
 Metaspace       used 31052K, capacity 31362K, committed 31740K, reserved 1077248K
  class space    used 3620K, capacity 3710K, committed 3836K, reserved 1048576K
2016-07-15T12:20:21.421-0530: 59008.786: [GC (Allocation Failure) 59008.801: [ParNew
Desired survivor size 20112992 bytes, new threshold 8 (max 8)
- age   1:   12904912 bytes,   12904912 total
- age   3:     732304 bytes,   13637216 total
: 108850K->21146K(109248K), 0.0147780 secs] 234253K->148982K(502464K), 0.0291912 secs] [Times: user=0.04 sys=0.01, real=0.03 secs] 
Heap after GC invocations=135 (full 30):
 par new generation   total 109248K, used 21146K [0x00000007a0000000, 0x00000007a8000000, 0x00000007a8000000)
  eden space 87424K,   0% used [0x00000007a0000000, 0x00000007a0000000, 0x00000007a5560000)
  from space 21824K,  96% used [0x00000007a6ab0000, 0x00000007a7f568b0, 0x00000007a8000000)
  to   space 21824K,   0% used [0x00000007a5560000, 0x00000007a5560000, 0x00000007a6ab0000)
 concurrent mark-sweep generation total 393216K, used 127836K [0x00000007a8000000, 0x00000007c0000000, 0x00000007c0000000)
 Metaspace       used 31052K, capacity 31362K, committed 31740K, reserved 1077248K
  class space    used 3620K, capacity 3710K, committed 3836K, reserved 1048576K
}
2016-07-15T12:20:21.450-0530: 59008.815: Total time for which application threads were stopped: 0.0294353 seconds
{Heap before GC invocations=135 (full 30):
 par new generation   total 109248K, used 108570K [0x00000007a0000000, 0x00000007a8000000, 0x00000007a8000000)
  eden space 87424K, 100% used [0x00000007a0000000, 0x00000007a5560000, 0x00000007a5560000)
  from space 21824K,  96% used [0x00000007a6ab0000, 0x00000007a7f568b0, 0x00000007a8000000)
  to   space 21824K,   0% used [0x00000007a5560000, 0x00000007a5560000, 0x00000007a6ab0000)
 concurrent mark-sweep generation total 393216K, used 127836K [0x00000007a8000000, 0x00000007c0000000, 0x00000007c0000000)
 Metaspace       used 31052K, capacity 31362K, committed 31740K, reserved 1077248K
  class space    used 3620K, capacity 3710K, committed 3836K, reserved 1048576K
2016-07-15T12:20:22.033-0530: 59009.398: [GC (Allocation Failure) 59009.398: [ParNew
Desired survivor size 20112992 bytes, new threshold 2 (max 8)
- age   1:   14437344 bytes,   14437344 total
- age   2:    7135720 bytes,   21573064 total
- age   4:     732184 bytes,   22305248 total
: 108570K->21824K(109248K), 0.1237165 secs] 236406K->187403K(502464K), 0.1238190 secs] [Times: user=0.22 sys=0.14, real=0.12 secs] 
Heap after GC invocations=136 (full 30):
 par new generation   total 109248K, used 21824K [0x00000007a0000000, 0x00000007a8000000, 0x00000007a8000000)
  eden space 87424K,   0% used [0x00000007a0000000, 0x00000007a0000000, 0x00000007a5560000)
  from space 21824K, 100% used [0x00000007a5560000, 0x00000007a6ab0000, 0x00000007a6ab0000)
  to   space 21824K,   0% used [0x00000007a6ab0000, 0x00000007a6ab0000, 0x00000007a8000000)
 concurrent mark-sweep generation total 393216K, used 165579K [0x00000007a8000000, 0x00000007c0000000, 0x00000007c0000000)
 Metaspace       used 31052K, capacity 31362K, committed 31740K, reserved 1077248K
  class space    used 3620K, capacity 3710K, committed 3836K, reserved 1048576K
}
2016-07-15T12:20:22.157-0530: 59009.522: Total time for which application threads were stopped: 0.1240268 seconds
{Heap before GC invocations=136 (full 30):
 par new generation   total 109248K, used 109248K [0x00000007a0000000, 0x00000007a8000000, 0x00000007a8000000)
  eden space 87424K, 100% used [0x00000007a0000000, 0x00000007a5560000, 0x00000007a5560000)
  from space 21824K, 100% used [0x00000007a5560000, 0x00000007a6ab0000, 0x00000007a6ab0000)
  to   space 21824K,   0% used [0x00000007a6ab0000, 0x00000007a6ab0000, 0x00000007a8000000)
 concurrent mark-sweep generation total 393216K, used 165579K [0x00000007a8000000, 0x00000007c0000000, 0x00000007c0000000)
 Metaspace       used 31052K, capacity 31362K, committed 31740K, reserved 1077248K
  class space    used 3620K, capacity 3710K, committed 3836K, reserved 1048576K
2016-07-15T12:20:22.951-0530: 59010.316: [GC (Allocation Failure) 59010.316: [ParNew
Desired survivor size 20112992 bytes, new threshold 8 (max 8)
- age   1:    5504936 bytes,    5504936 total
- age   2:    8999200 bytes,   14504136 total
: 109248K->21824K(109248K), 0.0271413 secs] 274827K->194633K(502464K), 0.0272059 secs] [Times: user=0.05 sys=0.02, real=0.02 secs] 
Heap after GC invocations=137 (full 30):
 par new generation   total 109248K, used 21824K [0x00000007a0000000, 0x00000007a8000000, 0x00000007a8000000)
  eden space 87424K,   0% used [0x00000007a0000000, 0x00000007a0000000, 0x00000007a5560000)
  from space 21824K, 100% used [0x00000007a6ab0000, 0x00000007a8000000, 0x00000007a8000000)
  to   space 21824K,   0% used [0x00000007a5560000, 0x00000007a5560000, 0x00000007a6ab0000)
 concurrent mark-sweep generation total 393216K, used 172809K [0x00000007a8000000, 0x00000007c0000000, 0x00000007c0000000)
 Metaspace       used 31052K, capacity 31362K, committed 31740K, reserved 1077248K
  class space    used 3620K, capacity 3710K, committed 3836K, reserved 1048576K
}
2016-07-15T12:20:22.978-0530: 59010.343: Total time for which application threads were stopped: 0.0274237 seconds
2016-07-15T12:20:24.560-0530: 59011.926: Total time for which application threads were stopped: 0.0002327 seconds
2016-07-15T12:20:56.221-0530: 59043.587: Total time for which application threads were stopped: 0.0001750 seconds
2016-07-15T12:20:56.697-0530: 59044.063: Total time for which application threads were stopped: 0.0002763 seconds
2016-07-15T12:22:23.389-0530: 59130.757: Total time for which application threads were stopped: 0.0001354 seconds
2016-07-15T12:22:23.389-0530: 59130.757: Total time for which application threads were stopped: 0.0000710 seconds
2016-07-15T12:22:23.390-0530: 59130.758: Total time for which application threads were stopped: 0.0000396 seconds
2016-07-15T12:22:23.395-0530: 59130.763: Total time for which application threads were stopped: 0.0002252 seconds
{Heap before GC invocations=137 (full 30):
 par new generation   total 109248K, used 109248K [0x00000007a0000000, 0x00000007a8000000, 0x00000007a8000000)
  eden space 87424K, 100% used [0x00000007a0000000, 0x00000007a5560000, 0x00000007a5560000)
  from space 21824K, 100% used [0x00000007a6ab0000, 0x00000007a8000000, 0x00000007a8000000)
  to   space 21824K,   0% used [0x00000007a5560000, 0x00000007a5560000, 0x00000007a6ab0000)
 concurrent mark-sweep generation total 393216K, used 172809K [0x00000007a8000000, 0x00000007c0000000, 0x00000007c0000000)
 Metaspace       used 31053K, capacity 31362K, committed 31740K, reserved 1077248K
  class space    used 3620K, capacity 3710K, committed 3836K, reserved 1048576K
2016-07-15T12:22:23.901-0530: 59131.268: [GC (Allocation Failure) 59131.297: [ParNew
Desired survivor size 20112992 bytes, new threshold 3 (max 8)
- age   1:   12604176 bytes,   12604176 total
- age   2:    3797200 bytes,   16401376 total
- age   3:    5945200 bytes,   22346576 total
: 109248K->21824K(109248K), 0.0473909 secs] 282057K->208020K(502464K), 0.0757345 secs] [Times: user=0.09 sys=0.04, real=0.07 secs] 
Heap after GC invocations=138 (full 30):
 par new generation   total 109248K, used 21824K [0x00000007a0000000, 0x00000007a8000000, 0x00000007a8000000)
  eden space 87424K,   0% used [0x00000007a0000000, 0x00000007a0000000, 0x00000007a5560000)
  from space 21824K, 100% used [0x00000007a5560000, 0x00000007a6ab0000, 0x00000007a6ab0000)
  to   space 21824K,   0% used [0x00000007a6ab0000, 0x00000007a6ab0000, 0x00000007a8000000)
 concurrent mark-sweep generation total 393216K, used 186196K [0x00000007a8000000, 0x00000007c0000000, 0x00000007c0000000)
 Metaspace       used 31053K, capacity 31362K, committed 31740K, reserved 1077248K
  class space    used 3620K, capacity 3710K, committed 3836K, reserved 1048576K
}
2016-07-15T12:22:23.976-0530: 59131.344: Total time for which application threads were stopped: 0.0759951 seconds
{Heap before GC invocations=138 (full 30):
 par new generation   total 109248K, used 109248K [0x00000007a0000000, 0x00000007a8000000, 0x00000007a8000000)
  eden space 87424K, 100% used [0x00000007a0000000, 0x00000007a5560000, 0x00000007a5560000)
  from space 21824K, 100% used [0x00000007a5560000, 0x00000007a6ab0000, 0x00000007a6ab0000)
  to   space 21824K,   0% used [0x00000007a6ab0000, 0x00000007a6ab0000, 0x00000007a8000000)
 concurrent mark-sweep generation total 393216K, used 186196K [0x00000007a8000000, 0x00000007c0000000, 0x00000007c0000000)
 Metaspace       used 31053K, capacity 31362K, committed 31740K, reserved 1077248K
  class space    used 3620K, capacity 3710K, committed 3836K, reserved 1048576K
2016-07-15T12:22:24.451-0530: 59131.819: [GC (Allocation Failure) 59131.819: [ParNew
Desired survivor size 20112992 bytes, new threshold 3 (max 8)
- age   1:   11431136 bytes,   11431136 total
- age   2:    6010120 bytes,   17441256 total
- age   3:    3797200 bytes,   21238456 total
: 109248K->21824K(109248K), 0.0326517 secs] 295444K->217690K(502464K), 0.0327141 secs] [Times: user=0.09 sys=0.03, real=0.03 secs] 
Heap after GC invocations=139 (full 30):
 par new generation   total 109248K, used 21824K [0x00000007a0000000, 0x00000007a8000000, 0x00000007a8000000)
  eden space 87424K,   0% used [0x00000007a0000000, 0x00000007a0000000, 0x00000007a5560000)
  from space 21824K, 100% used [0x00000007a6ab0000, 0x00000007a8000000, 0x00000007a8000000)
  to   space 21824K,   0% used [0x00000007a5560000, 0x00000007a5560000, 0x00000007a6ab0000)
 concurrent mark-sweep generation total 393216K, used 195866K [0x00000007a8000000, 0x00000007c0000000, 0x00000007c0000000)
 Metaspace       used 31053K, capacity 31362K, committed 31740K, reserved 1077248K
  class space    used 3620K, capacity 3710K, committed 3836K, reserved 1048576K
}
2016-07-15T12:22:24.484-0530: 59131.852: Total time for which application threads were stopped: 0.0329876 seconds
2016-07-15T12:23:16.719-0530: 59184.088: Total time for which application threads were stopped: 0.0001449 seconds
2016-07-15T12:30:12.637-0530: 59600.016: Total time for which application threads were stopped: 0.0011412 seconds
2016-07-15T12:30:12.637-0530: 59600.017: Total time for which application threads were stopped: 0.0000847 seconds
2016-07-15T12:30:12.638-0530: 59600.017: Total time for which application threads were stopped: 0.0000633 seconds
2016-07-15T12:30:12.647-0530: 59600.026: Total time for which application threads were stopped: 0.0002517 seconds
{Heap before GC invocations=139 (full 30):
 par new generation   total 109248K, used 109248K [0x00000007a0000000, 0x00000007a8000000, 0x00000007a8000000)
  eden space 87424K, 100% used [0x00000007a0000000, 0x00000007a5560000, 0x00000007a5560000)
  from space 21824K, 100% used [0x00000007a6ab0000, 0x00000007a8000000, 0x00000007a8000000)
  to   space 21824K,   0% used [0x00000007a5560000, 0x00000007a5560000, 0x00000007a6ab0000)
 concurrent mark-sweep generation total 393216K, used 195866K [0x00000007a8000000, 0x00000007c0000000, 0x00000007c0000000)
 Metaspace       used 31054K, capacity 31362K, committed 31740K, reserved 1077248K
  class space    used 3620K, capacity 3710K, committed 3836K, reserved 1048576K
2016-07-15T12:30:12.721-0530: 59600.100: [GC (Allocation Failure) 59600.146: [ParNew
Desired survivor size 20112992 bytes, new threshold 8 (max 8)
- age   1:    4858768 bytes,    4858768 total
- age   3:     795152 bytes,    5653920 total
: 109248K->17712K(109248K), 0.0623827 secs] 305114K->217287K(502464K), 0.1088429 secs] [Times: user=0.04 sys=0.10, real=0.11 secs] 
Heap after GC invocations=140 (full 30):
 par new generation   total 109248K, used 17712K [0x00000007a0000000, 0x00000007a8000000, 0x00000007a8000000)
  eden space 87424K,   0% used [0x00000007a0000000, 0x00000007a0000000, 0x00000007a5560000)
  from space 21824K,  81% used [0x00000007a5560000, 0x00000007a66ac300, 0x00000007a6ab0000)
  to   space 21824K,   0% used [0x00000007a6ab0000, 0x00000007a6ab0000, 0x00000007a8000000)
 concurrent mark-sweep generation total 393216K, used 199575K [0x00000007a8000000, 0x00000007c0000000, 0x00000007c0000000)
 Metaspace       used 31054K, capacity 31362K, committed 31740K, reserved 1077248K
  class space    used 3620K, capacity 3710K, committed 3836K, reserved 1048576K
}
2016-07-15T12:30:12.830-0530: 59600.209: Total time for which application threads were stopped: 0.1091282 seconds
2016-07-15T12:30:12.830-0530: 59600.209: [GC (CMS Initial Mark) [1 CMS-initial-mark: 199575K(393216K)] 217307K(502464K), 0.0022130 secs] [Times: user=0.00 sys=0.00, real=0.00 secs] 
2016-07-15T12:30:12.832-0530: 59600.211: Total time for which application threads were stopped: 0.0023919 seconds
2016-07-15T12:30:12.832-0530: 59600.211: [CMS-concurrent-mark-start]
2016-07-15T12:30:12.900-0530: 59600.279: [CMS-concurrent-mark: 0.068/0.068 secs] [Times: user=0.05 sys=0.07, real=0.07 secs] 
2016-07-15T12:30:12.900-0530: 59600.279: [CMS-concurrent-preclean-start]
2016-07-15T12:30:12.902-0530: 59600.281: [CMS-concurrent-preclean: 0.002/0.002 secs] [Times: user=0.00 sys=0.00, real=0.00 secs] 
2016-07-15T12:30:12.902-0530: 59600.281: [CMS-concurrent-abortable-preclean-start]
2016-07-15T12:30:13.475-0530: 59600.855: [CMS-concurrent-abortable-preclean: 0.068/0.573 secs] [Times: user=0.50 sys=0.08, real=0.57 secs] 
2016-07-15T12:30:13.477-0530: 59600.856: [GC (CMS Final Remark) [YG occupancy: 68103 K (109248 K)]{Heap before GC invocations=140 (full 31):
 par new generation   total 109248K, used 68103K [0x00000007a0000000, 0x00000007a8000000, 0x00000007a8000000)
  eden space 87424K,  57% used [0x00000007a0000000, 0x00000007a3135aa0, 0x00000007a5560000)
  from space 21824K,  81% used [0x00000007a5560000, 0x00000007a66ac300, 0x00000007a6ab0000)
  to   space 21824K,   0% used [0x00000007a6ab0000, 0x00000007a6ab0000, 0x00000007a8000000)
 concurrent mark-sweep generation total 393216K, used 199575K [0x00000007a8000000, 0x00000007c0000000, 0x00000007c0000000)
 Metaspace       used 31054K, capacity 31362K, committed 31740K, reserved 1077248K
  class space    used 3620K, capacity 3710K, committed 3836K, reserved 1048576K
2016-07-15T12:30:13.477-0530: 59600.857: [GC (CMS Final Remark) 59600.857: [ParNew
Desired survivor size 20112992 bytes, new threshold 4 (max 8)
- age   1:   15230496 bytes,   15230496 total
- age   2:    4858488 bytes,   20088984 total
- age   4:     795112 bytes,   20884096 total
: 68103K->21824K(109248K), 0.0405049 secs] 267678K->221399K(502464K), 0.0405944 secs] [Times: user=0.05 sys=0.05, real=0.04 secs] 
Heap after GC invocations=141 (full 31):
 par new generation   total 109248K, used 21824K [0x00000007a0000000, 0x00000007a8000000, 0x00000007a8000000)
  eden space 87424K,   0% used [0x00000007a0000000, 0x00000007a0000000, 0x00000007a5560000)
  from space 21824K, 100% used [0x00000007a6ab0000, 0x00000007a8000000, 0x00000007a8000000)
  to   space 21824K,   0% used [0x00000007a5560000, 0x00000007a5560000, 0x00000007a6ab0000)
 concurrent mark-sweep generation total 393216K, used 199575K [0x00000007a8000000, 0x00000007c0000000, 0x00000007c0000000)
 Metaspace       used 31054K, capacity 31362K, committed 31740K, reserved 1077248K
  class space    used 3620K, capacity 3710K, committed 3836K, reserved 1048576K
}
59600.897: [Rescan (parallel) , 0.0035055 secs]59600.901: [weak refs processing, 0.0009954 secs]59600.902: [class unloading, 0.0901515 secs]59600.992: [scrub symbol table, 0.0229267 secs]59601.015: [scrub string table, 0.0005379 secs][1 CMS-remark: 199575K(393216K)] 221399K(502464K), 0.1633884 secs] [Times: user=0.10 sys=0.12, real=0.17 secs] 
2016-07-15T12:30:13.641-0530: 59601.020: Total time for which application threads were stopped: 0.1648576 seconds
2016-07-15T12:30:13.641-0530: 59601.020: [CMS-concurrent-sweep-start]
2016-07-15T12:30:14.091-0530: 59601.470: [CMS-concurrent-sweep: 0.450/0.450 secs] [Times: user=0.52 sys=0.22, real=0.45 secs] 
2016-07-15T12:30:14.091-0530: 59601.470: [CMS-concurrent-reset-start]
2016-07-15T12:30:14.094-0530: 59601.473: [CMS-concurrent-reset: 0.003/0.003 secs] [Times: user=0.00 sys=0.00, real=0.00 secs] 
{Heap before GC invocations=141 (full 31):
 par new generation   total 109248K, used 109248K [0x00000007a0000000, 0x00000007a8000000, 0x00000007a8000000)
  eden space 87424K, 100% used [0x00000007a0000000, 0x00000007a5560000, 0x00000007a5560000)
  from space 21824K, 100% used [0x00000007a6ab0000, 0x00000007a8000000, 0x00000007a8000000)
  to   space 21824K,   0% used [0x00000007a5560000, 0x00000007a5560000, 0x00000007a6ab0000)
 concurrent mark-sweep generation total 393216K, used 35410K [0x00000007a8000000, 0x00000007c0000000, 0x00000007c0000000)
 Metaspace       used 31054K, capacity 31362K, committed 31740K, reserved 1077248K
  class space    used 3620K, capacity 3710K, committed 3836K, reserved 1048576K
2016-07-15T12:30:14.232-0530: 59601.611: [GC (Allocation Failure) 59601.611: [ParNew
Desired survivor size 20112992 bytes, new threshold 3 (max 8)
- age   1:   10500808 bytes,   10500808 total
- age   2:    6740456 bytes,   17241264 total
- age   3:    4858456 bytes,   22099720 total
: 109248K->21824K(109248K), 0.0631504 secs] 144658K->66322K(502464K), 0.0632155 secs] [Times: user=0.11 sys=0.08, real=0.06 secs] 
Heap after GC invocations=142 (full 31):
 par new generation   total 109248K, used 21824K [0x00000007a0000000, 0x00000007a8000000, 0x00000007a8000000)
  eden space 87424K,   0% used [0x00000007a0000000, 0x00000007a0000000, 0x00000007a5560000)
  from space 21824K, 100% used [0x00000007a5560000, 0x00000007a6ab0000, 0x00000007a6ab0000)
  to   space 21824K,   0% used [0x00000007a6ab0000, 0x00000007a6ab0000, 0x00000007a8000000)
 concurrent mark-sweep generation total 393216K, used 44498K [0x00000007a8000000, 0x00000007c0000000, 0x00000007c0000000)
 Metaspace       used 31054K, capacity 31362K, committed 31740K, reserved 1077248K
  class space    used 3620K, capacity 3710K, committed 3836K, reserved 1048576K
}
2016-07-15T12:30:14.295-0530: 59601.674: Total time for which application threads were stopped: 0.0634587 seconds
2016-07-15T12:30:15.296-0530: 59602.675: Total time for which application threads were stopped: 0.0002282 seconds
2016-07-15T12:30:16.565-0530: 59603.945: Total time for which application threads were stopped: 0.0003980 seconds
2016-07-15T12:31:06.575-0530: 59653.956: Total time for which application threads were stopped: 0.0001757 seconds
2016-07-15T12:31:06.576-0530: 59653.956: Total time for which application threads were stopped: 0.0000729 seconds
2016-07-15T12:37:10.922-0530: 60018.312: Total time for which application threads were stopped: 0.0001749 seconds
2016-07-15T12:37:10.923-0530: 60018.312: Total time for which application threads were stopped: 0.0000759 seconds
2016-07-15T12:37:10.927-0530: 60018.316: Total time for which application threads were stopped: 0.0001607 seconds
{Heap before GC invocations=142 (full 31):
 par new generation   total 109248K, used 109248K [0x00000007a0000000, 0x00000007a8000000, 0x00000007a8000000)
  eden space 87424K, 100% used [0x00000007a0000000, 0x00000007a5560000, 0x00000007a5560000)
  from space 21824K, 100% used [0x00000007a5560000, 0x00000007a6ab0000, 0x00000007a6ab0000)
  to   space 21824K,   0% used [0x00000007a6ab0000, 0x00000007a6ab0000, 0x00000007a8000000)
 concurrent mark-sweep generation total 393216K, used 44498K [0x00000007a8000000, 0x00000007c0000000, 0x00000007c0000000)
 Metaspace       used 31055K, capacity 31362K, committed 31740K, reserved 1077248K
  class space    used 3620K, capacity 3710K, committed 3836K, reserved 1048576K
2016-07-15T12:37:10.987-0530: 60018.377: [GC (Allocation Failure) 60018.405: [ParNew
Desired survivor size 20112992 bytes, new threshold 8 (max 8)
- age   1:    4053784 bytes,    4053784 total
- age   3:     825776 bytes,    4879560 total
: 109248K->17443K(109248K), 0.0487565 secs] 153746K->66487K(502464K), 0.0765804 secs] [Times: user=0.02 sys=0.11, real=0.08 secs] 
Heap after GC invocations=143 (full 31):
 par new generation   total 109248K, used 17443K [0x00000007a0000000, 0x00000007a8000000, 0x00000007a8000000)
  eden space 87424K,   0% used [0x00000007a0000000, 0x00000007a0000000, 0x00000007a5560000)
  from space 21824K,  79% used [0x00000007a6ab0000, 0x00000007a7bb8d80, 0x00000007a8000000)
  to   space 21824K,   0% used [0x00000007a5560000, 0x00000007a5560000, 0x00000007a6ab0000)
 concurrent mark-sweep generation total 393216K, used 49044K [0x00000007a8000000, 0x00000007c0000000, 0x00000007c0000000)
 Metaspace       used 31055K, capacity 31362K, committed 31740K, reserved 1077248K
  class space    used 3620K, capacity 3710K, committed 3836K, reserved 1048576K
}
2016-07-15T12:37:11.064-0530: 60018.453: Total time for which application threads were stopped: 0.0768636 seconds
{Heap before GC invocations=143 (full 31):
 par new generation   total 109248K, used 104867K [0x00000007a0000000, 0x00000007a8000000, 0x00000007a8000000)
  eden space 87424K, 100% used [0x00000007a0000000, 0x00000007a5560000, 0x00000007a5560000)
  from space 21824K,  79% used [0x00000007a6ab0000, 0x00000007a7bb8d80, 0x00000007a8000000)
  to   space 21824K,   0% used [0x00000007a5560000, 0x00000007a5560000, 0x00000007a6ab0000)
 concurrent mark-sweep generation total 393216K, used 49044K [0x00000007a8000000, 0x00000007c0000000, 0x00000007c0000000)
 Metaspace       used 31055K, capacity 31362K, committed 31740K, reserved 1077248K
  class space    used 3620K, capacity 3710K, committed 3836K, reserved 1048576K
2016-07-15T12:37:11.657-0530: 60019.046: [GC (Allocation Failure) 60019.046: [ParNew
Desired survivor size 20112992 bytes, new threshold 2 (max 8)
- age   1:   17420056 bytes,   17420056 total
- age   2:    4028928 bytes,   21448984 total
- age   4:     825776 bytes,   22274760 total
: 104867K->21824K(109248K), 0.1536880 secs] 153911K->95714K(502464K), 0.1537540 secs] [Times: user=0.17 sys=0.15, real=0.16 secs] 
Heap after GC invocations=144 (full 31):
 par new generation   total 109248K, used 21824K [0x00000007a0000000, 0x00000007a8000000, 0x00000007a8000000)
  eden space 87424K,   0% used [0x00000007a0000000, 0x00000007a0000000, 0x00000007a5560000)
  from space 21824K, 100% used [0x00000007a5560000, 0x00000007a6ab0000, 0x00000007a6ab0000)
  to   space 21824K,   0% used [0x00000007a6ab0000, 0x00000007a6ab0000, 0x00000007a8000000)
 concurrent mark-sweep generation total 393216K, used 73890K [0x00000007a8000000, 0x00000007c0000000, 0x00000007c0000000)
 Metaspace       used 31055K, capacity 31362K, committed 31740K, reserved 1077248K
  class space    used 3620K, capacity 3710K, committed 3836K, reserved 1048576K
}
2016-07-15T12:37:11.811-0530: 60019.200: Total time for which application threads were stopped: 0.1540357 seconds
{Heap before GC invocations=144 (full 31):
 par new generation   total 109248K, used 109248K [0x00000007a0000000, 0x00000007a8000000, 0x00000007a8000000)
  eden space 87424K, 100% used [0x00000007a0000000, 0x00000007a5560000, 0x00000007a5560000)
  from space 21824K, 100% used [0x00000007a5560000, 0x00000007a6ab0000, 0x00000007a6ab0000)
  to   space 21824K,   0% used [0x00000007a6ab0000, 0x00000007a6ab0000, 0x00000007a8000000)
 concurrent mark-sweep generation total 393216K, used 73890K [0x00000007a8000000, 0x00000007c0000000, 0x00000007c0000000)
 Metaspace       used 31055K, capacity 31362K, committed 31740K, reserved 1077248K
  class space    used 3620K, capacity 3710K, committed 3836K, reserved 1048576K
2016-07-15T12:37:12.477-0530: 60019.867: [GC (Allocation Failure) 60019.867: [ParNew
Desired survivor size 20112992 bytes, new threshold 2 (max 8)
- age   1:   11816072 bytes,   11816072 total
- age   2:    8677800 bytes,   20493872 total
: 109248K->21824K(109248K), 0.0491686 secs] 183138K->103949K(502464K), 0.0492592 secs] [Times: user=0.07 sys=0.09, real=0.05 secs] 
Heap after GC invocations=145 (full 31):
 par new generation   total 109248K, used 21824K [0x00000007a0000000, 0x00000007a8000000, 0x00000007a8000000)
  eden space 87424K,   0% used [0x00000007a0000000, 0x00000007a0000000, 0x00000007a5560000)
  from space 21824K, 100% used [0x00000007a6ab0000, 0x00000007a8000000, 0x00000007a8000000)
  to   space 21824K,   0% used [0x00000007a5560000, 0x00000007a5560000, 0x00000007a6ab0000)
 concurrent mark-sweep generation total 393216K, used 82125K [0x00000007a8000000, 0x00000007c0000000, 0x00000007c0000000)
 Metaspace       used 31055K, capacity 31362K, committed 31740K, reserved 1077248K
  class space    used 3620K, capacity 3710K, committed 3836K, reserved 1048576K
}
2016-07-15T12:37:12.527-0530: 60019.916: Total time for which application threads were stopped: 0.0495127 seconds
2016-07-15T12:38:04.540-0530: 60071.930: Total time for which application threads were stopped: 0.0002059 seconds
2016-07-15T12:38:04.540-0530: 60071.931: Total time for which application threads were stopped: 0.0001242 seconds
2016-07-15T15:00:14.284-0530: 68601.882: Total time for which application threads were stopped: 0.0010919 seconds
2016-07-15T15:00:14.285-0530: 68601.883: Total time for which application threads were stopped: 0.0000514 seconds
2016-07-15T15:00:14.302-0530: 68601.900: Total time for which application threads were stopped: 0.0002629 seconds
{Heap before GC invocations=145 (full 31):
 par new generation   total 109248K, used 108382K [0x00000007a0000000, 0x00000007a8000000, 0x00000007a8000000)
  eden space 87424K,  99% used [0x00000007a0000000, 0x00000007a5487bc8, 0x00000007a5560000)
  from space 21824K, 100% used [0x00000007a6ab0000, 0x00000007a8000000, 0x00000007a8000000)
  to   space 21824K,   0% used [0x00000007a5560000, 0x00000007a5560000, 0x00000007a6ab0000)
 concurrent mark-sweep generation total 393216K, used 82125K [0x00000007a8000000, 0x00000007c0000000, 0x00000007c0000000)
 Metaspace       used 31062K, capacity 31362K, committed 31740K, reserved 1077248K
  class space    used 3620K, capacity 3710K, committed 3836K, reserved 1048576K
2016-07-15T15:00:14.494-0530: 68602.093: [GC (Allocation Failure) 68602.101: [ParNew
Desired survivor size 20112992 bytes, new threshold 8 (max 8)
- age   1:   12851048 bytes,   12851048 total
: 108382K->21824K(109248K), 0.0673545 secs] 190508K->106277K(502464K), 0.0760539 secs] [Times: user=0.09 sys=0.09, real=0.08 secs] 
Heap after GC invocations=146 (full 31):
 par new generation   total 109248K, used 21824K [0x00000007a0000000, 0x00000007a8000000, 0x00000007a8000000)
  eden space 87424K,   0% used [0x00000007a0000000, 0x00000007a0000000, 0x00000007a5560000)
  from space 21824K, 100% used [0x00000007a5560000, 0x00000007a6ab0000, 0x00000007a6ab0000)
  to   space 21824K,   0% used [0x00000007a6ab0000, 0x00000007a6ab0000, 0x00000007a8000000)
 concurrent mark-sweep generation total 393216K, used 84453K [0x00000007a8000000, 0x00000007c0000000, 0x00000007c0000000)
 Metaspace       used 31062K, capacity 31362K, committed 31740K, reserved 1077248K
  class space    used 3620K, capacity 3710K, committed 3836K, reserved 1048576K
}
2016-07-15T15:00:14.570-0530: 68602.169: Total time for which application threads were stopped: 0.0763804 seconds
{Heap before GC invocations=146 (full 31):
 par new generation   total 109248K, used 109248K [0x00000007a0000000, 0x00000007a8000000, 0x00000007a8000000)
  eden space 87424K, 100% used [0x00000007a0000000, 0x00000007a5560000, 0x00000007a5560000)
  from space 21824K, 100% used [0x00000007a5560000, 0x00000007a6ab0000, 0x00000007a6ab0000)
  to   space 21824K,   0% used [0x00000007a6ab0000, 0x00000007a6ab0000, 0x00000007a8000000)
 concurrent mark-sweep generation total 393216K, used 84453K [0x00000007a8000000, 0x00000007c0000000, 0x00000007c0000000)
 Metaspace       used 31062K, capacity 31362K, committed 31740K, reserved 1077248K
  class space    used 3620K, capacity 3710K, committed 3836K, reserved 1048576K
2016-07-15T15:00:15.331-0530: 68602.929: [GC (Allocation Failure) 68602.951: [ParNew
Desired survivor size 20112992 bytes, new threshold 2 (max 8)
- age   1:   11099992 bytes,   11099992 total
- age   2:   11236168 bytes,   22336160 total
: 109248K->21824K(109248K), 0.0971225 secs] 193701K->114811K(502464K), 0.1197443 secs] [Times: user=0.13 sys=0.12, real=0.12 secs] 
Heap after GC invocations=147 (full 31):
 par new generation   total 109248K, used 21824K [0x00000007a0000000, 0x00000007a8000000, 0x00000007a8000000)
  eden space 87424K,   0% used [0x00000007a0000000, 0x00000007a0000000, 0x00000007a5560000)
  from space 21824K, 100% used [0x00000007a6ab0000, 0x00000007a8000000, 0x00000007a8000000)
  to   space 21824K,   0% used [0x00000007a5560000, 0x00000007a5560000, 0x00000007a6ab0000)
 concurrent mark-sweep generation total 393216K, used 92987K [0x00000007a8000000, 0x00000007c0000000, 0x00000007c0000000)
 Metaspace       used 31062K, capacity 31362K, committed 31740K, reserved 1077248K
  class space    used 3620K, capacity 3710K, committed 3836K, reserved 1048576K
}
2016-07-15T15:00:15.451-0530: 68603.049: Total time for which application threads were stopped: 0.1199926 seconds
{Heap before GC invocations=147 (full 31):
 par new generation   total 109248K, used 104212K [0x00000007a0000000, 0x00000007a8000000, 0x00000007a8000000)
  eden space 87424K,  94% used [0x00000007a0000000, 0x00000007a50753a8, 0x00000007a5560000)
  from space 21824K, 100% used [0x00000007a6ab0000, 0x00000007a8000000, 0x00000007a8000000)
  to   space 21824K,   0% used [0x00000007a5560000, 0x00000007a5560000, 0x00000007a6ab0000)
 concurrent mark-sweep generation total 393216K, used 92987K [0x00000007a8000000, 0x00000007c0000000, 0x00000007c0000000)
 Metaspace       used 31062K, capacity 31362K, committed 31740K, reserved 1077248K
  class space    used 3620K, capacity 3710K, committed 3836K, reserved 1048576K
2016-07-15T15:00:16.543-0530: 68604.141: [GC (Allocation Failure) 68604.141: [ParNew
Desired survivor size 20112992 bytes, new threshold 8 (max 8)
- age   1:    2638296 bytes,    2638296 total
- age   2:   10419528 bytes,   13057824 total
: 104212K->18370K(109248K), 0.0832100 secs] 197200K->121712K(502464K), 0.0832834 secs] [Times: user=0.20 sys=0.06, real=0.08 secs] 
Heap after GC invocations=148 (full 31):
 par new generation   total 109248K, used 18370K [0x00000007a0000000, 0x00000007a8000000, 0x00000007a8000000)
  eden space 87424K,   0% used [0x00000007a0000000, 0x00000007a0000000, 0x00000007a5560000)
  from space 21824K,  84% used [0x00000007a5560000, 0x00000007a67508c8, 0x00000007a6ab0000)
  to   space 21824K,   0% used [0x00000007a6ab0000, 0x00000007a6ab0000, 0x00000007a8000000)
 concurrent mark-sweep generation total 393216K, used 103342K [0x00000007a8000000, 0x00000007c0000000, 0x00000007c0000000)
 Metaspace       used 31062K, capacity 31362K, committed 31740K, reserved 1077248K
  class space    used 3620K, capacity 3710K, committed 3836K, reserved 1048576K
}
2016-07-15T15:00:16.626-0530: 68604.225: Total time for which application threads were stopped: 0.0835130 seconds
2016-07-15T15:00:18.110-0530: 68605.708: Total time for which application threads were stopped: 0.0004425 seconds
2016-07-15T15:01:08.138-0530: 68655.738: Total time for which application threads were stopped: 0.0002267 seconds
2016-07-15T15:01:08.139-0530: 68655.738: Total time for which application threads were stopped: 0.0000871 seconds
2016-07-15T15:06:00.482-0530: 68948.089: Total time for which application threads were stopped: 0.0014097 seconds
2016-07-15T15:06:00.487-0530: 68948.093: Total time for which application threads were stopped: 0.0001567 seconds
2016-07-15T15:06:00.490-0530: 68948.096: Total time for which application threads were stopped: 0.0001641 seconds
{Heap before GC invocations=148 (full 31):
 par new generation   total 109248K, used 105794K [0x00000007a0000000, 0x00000007a8000000, 0x00000007a8000000)
  eden space 87424K, 100% used [0x00000007a0000000, 0x00000007a5560000, 0x00000007a5560000)
  from space 21824K,  84% used [0x00000007a5560000, 0x00000007a67508c8, 0x00000007a6ab0000)
  to   space 21824K,   0% used [0x00000007a6ab0000, 0x00000007a6ab0000, 0x00000007a8000000)
 concurrent mark-sweep generation total 393216K, used 103342K [0x00000007a8000000, 0x00000007c0000000, 0x00000007c0000000)
 Metaspace       used 31066K, capacity 31362K, committed 31740K, reserved 1077248K
  class space    used 3620K, capacity 3710K, committed 3836K, reserved 1048576K
2016-07-15T15:06:01.113-0530: 68948.719: [GC (Allocation Failure) 68948.756: [ParNew
Desired survivor size 20112992 bytes, new threshold 3 (max 8)
- age   1:   16325200 bytes,   16325200 total
- age   2:     141872 bytes,   16467072 total
- age   3:    5876080 bytes,   22343152 total
: 105794K->21824K(109248K), 0.2389894 secs] 209136K->138430K(502464K), 0.2760244 secs] [Times: user=0.12 sys=0.26, real=0.27 secs] 
Heap after GC invocations=149 (full 31):
 par new generation   total 109248K, used 21824K [0x00000007a0000000, 0x00000007a8000000, 0x00000007a8000000)
  eden space 87424K,   0% used [0x00000007a0000000, 0x00000007a0000000, 0x00000007a5560000)
  from space 21824K, 100% used [0x00000007a6ab0000, 0x00000007a8000000, 0x00000007a8000000)
  to   space 21824K,   0% used [0x00000007a5560000, 0x00000007a5560000, 0x00000007a6ab0000)
 concurrent mark-sweep generation total 393216K, used 116606K [0x00000007a8000000, 0x00000007c0000000, 0x00000007c0000000)
 Metaspace       used 31066K, capacity 31362K, committed 31740K, reserved 1077248K
  class space    used 3620K, capacity 3710K, committed 3836K, reserved 1048576K
}
2016-07-15T15:06:01.389-0530: 68948.996: Total time for which application threads were stopped: 0.2764064 seconds
{Heap before GC invocations=149 (full 31):
 par new generation   total 109248K, used 109248K [0x00000007a0000000, 0x00000007a8000000, 0x00000007a8000000)
  eden space 87424K, 100% used [0x00000007a0000000, 0x00000007a5560000, 0x00000007a5560000)
  from space 21824K, 100% used [0x00000007a6ab0000, 0x00000007a8000000, 0x00000007a8000000)
  to   space 21824K,   0% used [0x00000007a5560000, 0x00000007a5560000, 0x00000007a6ab0000)
 concurrent mark-sweep generation total 393216K, used 116606K [0x00000007a8000000, 0x00000007c0000000, 0x00000007c0000000)
 Metaspace       used 31066K, capacity 31362K, committed 31740K, reserved 1077248K
  class space    used 3620K, capacity 3710K, committed 3836K, reserved 1048576K
2016-07-15T15:06:01.872-0530: 68949.478: [GC (Allocation Failure) 68949.478: [ParNew
Desired survivor size 20112992 bytes, new threshold 2 (max 8)
- age   1:   10336280 bytes,   10336280 total
- age   2:   11865976 bytes,   22202256 total
- age   3:     141872 bytes,   22344128 total
: 109248K->21824K(109248K), 0.0412021 secs] 225854K->147660K(502464K), 0.0412937 secs] [Times: user=0.07 sys=0.06, real=0.04 secs] 
Heap after GC invocations=150 (full 31):
 par new generation   total 109248K, used 21824K [0x00000007a0000000, 0x00000007a8000000, 0x00000007a8000000)
  eden space 87424K,   0% used [0x00000007a0000000, 0x00000007a0000000, 0x00000007a5560000)
  from space 21824K, 100% used [0x00000007a5560000, 0x00000007a6ab0000, 0x00000007a6ab0000)
  to   space 21824K,   0% used [0x00000007a6ab0000, 0x00000007a6ab0000, 0x00000007a8000000)
 concurrent mark-sweep generation total 393216K, used 125836K [0x00000007a8000000, 0x00000007c0000000, 0x00000007c0000000)
 Metaspace       used 31066K, capacity 31362K, committed 31740K, reserved 1077248K
  class space    used 3620K, capacity 3710K, committed 3836K, reserved 1048576K
}
2016-07-15T15:06:01.913-0530: 68949.520: Total time for which application threads were stopped: 0.0415749 seconds
2016-07-15T15:06:04.090-0530: 68951.696: Total time for which application threads were stopped: 0.0004284 seconds
2016-07-15T15:06:54.096-0530: 69001.704: Total time for which application threads were stopped: 0.0001472 seconds
2016-07-15T15:06:54.096-0530: 69001.704: Total time for which application threads were stopped: 0.0001189 seconds
2016-07-15T15:30:48.960-0530: 70436.603: Total time for which application threads were stopped: 0.0013682 seconds
2016-07-15T15:30:48.962-0530: 70436.605: Total time for which application threads were stopped: 0.0000904 seconds
2016-07-15T15:30:48.997-0530: 70436.640: Total time for which application threads were stopped: 0.0002613 seconds
{Heap before GC invocations=150 (full 31):
 par new generation   total 109248K, used 109202K [0x00000007a0000000, 0x00000007a8000000, 0x00000007a8000000)
  eden space 87424K,  99% used [0x00000007a0000000, 0x00000007a5554958, 0x00000007a5560000)
  from space 21824K, 100% used [0x00000007a5560000, 0x00000007a6ab0000, 0x00000007a6ab0000)
  to   space 21824K,   0% used [0x00000007a6ab0000, 0x00000007a6ab0000, 0x00000007a8000000)
 concurrent mark-sweep generation total 393216K, used 125836K [0x00000007a8000000, 0x00000007c0000000, 0x00000007c0000000)
 Metaspace       used 31066K, capacity 31362K, committed 31740K, reserved 1077248K
  class space    used 3620K, capacity 3710K, committed 3836K, reserved 1048576K
2016-07-15T15:30:49.072-0530: 70436.715: [GC (Allocation Failure) 70436.721: [ParNew
Desired survivor size 20112992 bytes, new threshold 8 (max 8)
- age   1:    5226296 bytes,    5226296 total
: 109202K->18551K(109248K), 0.0739721 secs] 235039K->150415K(502464K), 0.0808953 secs] [Times: user=0.05 sys=0.13, real=0.08 secs] 
Heap after GC invocations=151 (full 31):
 par new generation   total 109248K, used 18551K [0x00000007a0000000, 0x00000007a8000000, 0x00000007a8000000)
  eden space 87424K,   0% used [0x00000007a0000000, 0x00000007a0000000, 0x00000007a5560000)
  from space 21824K,  85% used [0x00000007a6ab0000, 0x00000007a7ccdec0, 0x00000007a8000000)
  to   space 21824K,   0% used [0x00000007a5560000, 0x00000007a5560000, 0x00000007a6ab0000)
 concurrent mark-sweep generation total 393216K, used 131864K [0x00000007a8000000, 0x00000007c0000000, 0x00000007c0000000)
 Metaspace       used 31066K, capacity 31362K, committed 31740K, reserved 1077248K
  class space    used 3620K, capacity 3710K, committed 3836K, reserved 1048576K
}
2016-07-15T15:30:49.153-0530: 70436.796: Total time for which application threads were stopped: 0.0811719 seconds
{Heap before GC invocations=151 (full 31):
 par new generation   total 109248K, used 105975K [0x00000007a0000000, 0x00000007a8000000, 0x00000007a8000000)
  eden space 87424K, 100% used [0x00000007a0000000, 0x00000007a5560000, 0x00000007a5560000)
  from space 21824K,  85% used [0x00000007a6ab0000, 0x00000007a7ccdec0, 0x00000007a8000000)
  to   space 21824K,   0% used [0x00000007a5560000, 0x00000007a5560000, 0x00000007a6ab0000)
 concurrent mark-sweep generation total 393216K, used 131864K [0x00000007a8000000, 0x00000007c0000000, 0x00000007c0000000)
 Metaspace       used 31066K, capacity 31362K, committed 31740K, reserved 1077248K
  class space    used 3620K, capacity 3710K, committed 3836K, reserved 1048576K
2016-07-15T15:30:49.826-0530: 70437.469: [GC (Allocation Failure) 70437.493: [ParNew
Desired survivor size 20112992 bytes, new threshold 2 (max 8)
- age   1:   17138864 bytes,   17138864 total
- age   2:    5201288 bytes,   22340152 total
: 105975K->21824K(109248K), 0.1302249 secs] 237839K->180204K(502464K), 0.1543493 secs] [Times: user=0.17 sys=0.14, real=0.16 secs] 
Heap after GC invocations=152 (full 31):
 par new generation   total 109248K, used 21824K [0x00000007a0000000, 0x00000007a8000000, 0x00000007a8000000)
  eden space 87424K,   0% used [0x00000007a0000000, 0x00000007a0000000, 0x00000007a5560000)
  from space 21824K, 100% used [0x00000007a5560000, 0x00000007a6ab0000, 0x00000007a6ab0000)
  to   space 21824K,   0% used [0x00000007a6ab0000, 0x00000007a6ab0000, 0x00000007a8000000)
 concurrent mark-sweep generation total 393216K, used 158380K [0x00000007a8000000, 0x00000007c0000000, 0x00000007c0000000)
 Metaspace       used 31066K, capacity 31362K, committed 31740K, reserved 1077248K
  class space    used 3620K, capacity 3710K, committed 3836K, reserved 1048576K
}
2016-07-15T15:30:49.981-0530: 70437.624: Total time for which application threads were stopped: 0.1548201 seconds
{Heap before GC invocations=152 (full 31):
 par new generation   total 109248K, used 109248K [0x00000007a0000000, 0x00000007a8000000, 0x00000007a8000000)
  eden space 87424K, 100% used [0x00000007a0000000, 0x00000007a5560000, 0x00000007a5560000)
  from space 21824K, 100% used [0x00000007a5560000, 0x00000007a6ab0000, 0x00000007a6ab0000)
  to   space 21824K,   0% used [0x00000007a6ab0000, 0x00000007a6ab0000, 0x00000007a8000000)
 concurrent mark-sweep generation total 393216K, used 158380K [0x00000007a8000000, 0x00000007c0000000, 0x00000007c0000000)
 Metaspace       used 31066K, capacity 31362K, committed 31740K, reserved 1077248K
  class space    used 3620K, capacity 3710K, committed 3836K, reserved 1048576K
2016-07-15T15:30:50.695-0530: 70438.338: [GC (Allocation Failure) 70438.338: [ParNew
Desired survivor size 20112992 bytes, new threshold 2 (max 8)
- age   1:   10706232 bytes,   10706232 total
- age   2:   10795752 bytes,   21501984 total
: 109248K->21824K(109248K), 0.0432613 secs] 267628K->186663K(502464K), 0.0433219 secs] [Times: user=0.06 sys=0.08, real=0.04 secs] 
Heap after GC invocations=153 (full 31):
 par new generation   total 109248K, used 21824K [0x00000007a0000000, 0x00000007a8000000, 0x00000007a8000000)
  eden space 87424K,   0% used [0x00000007a0000000, 0x00000007a0000000, 0x00000007a5560000)
  from space 21824K, 100% used [0x00000007a6ab0000, 0x00000007a8000000, 0x00000007a8000000)
  to   space 21824K,   0% used [0x00000007a5560000, 0x00000007a5560000, 0x00000007a6ab0000)
 concurrent mark-sweep generation total 393216K, used 164839K [0x00000007a8000000, 0x00000007c0000000, 0x00000007c0000000)
 Metaspace       used 31066K, capacity 31362K, committed 31740K, reserved 1077248K
  class space    used 3620K, capacity 3710K, committed 3836K, reserved 1048576K
}
2016-07-15T15:30:50.739-0530: 70438.381: Total time for which application threads were stopped: 0.0435533 seconds
2016-07-15T15:30:52.686-0530: 70440.328: Total time for which application threads were stopped: 0.0004971 seconds
2016-07-15T15:31:42.715-0530: 70490.359: Total time for which application threads were stopped: 0.0003988 seconds
2016-07-15T15:31:42.716-0530: 70490.360: Total time for which application threads were stopped: 0.0000854 seconds
2016-07-15T15:33:08.153-0530: 70575.799: Total time for which application threads were stopped: 0.0001864 seconds
2016-07-15T15:33:08.153-0530: 70575.800: Total time for which application threads were stopped: 0.0002561 seconds
2016-07-15T15:33:08.157-0530: 70575.804: Total time for which application threads were stopped: 0.0003434 seconds
{Heap before GC invocations=153 (full 31):
 par new generation   total 109248K, used 109247K [0x00000007a0000000, 0x00000007a8000000, 0x00000007a8000000)
  eden space 87424K,  99% used [0x00000007a0000000, 0x00000007a555ff38, 0x00000007a5560000)
  from space 21824K, 100% used [0x00000007a6ab0000, 0x00000007a8000000, 0x00000007a8000000)
  to   space 21824K,   0% used [0x00000007a5560000, 0x00000007a5560000, 0x00000007a6ab0000)
 concurrent mark-sweep generation total 393216K, used 164839K [0x00000007a8000000, 0x00000007c0000000, 0x00000007c0000000)
 Metaspace       used 31069K, capacity 31362K, committed 31740K, reserved 1077248K
  class space    used 3620K, capacity 3710K, committed 3836K, reserved 1048576K
2016-07-15T15:33:08.434-0530: 70576.081: [GC (Allocation Failure) 70576.118: [ParNew
Desired survivor size 20112992 bytes, new threshold 8 (max 8)
- age   1:   13075112 bytes,   13075112 total
: 109247K->21824K(109248K), 0.0148638 secs] 274086K->189363K(502464K), 0.0525495 secs] [Times: user=0.03 sys=0.01, real=0.05 secs] 
Heap after GC invocations=154 (full 31):
 par new generation   total 109248K, used 21824K [0x00000007a0000000, 0x00000007a8000000, 0x00000007a8000000)
  eden space 87424K,   0% used [0x00000007a0000000, 0x00000007a0000000, 0x00000007a5560000)
  from space 21824K, 100% used [0x00000007a5560000, 0x00000007a6ab0000, 0x00000007a6ab0000)
  to   space 21824K,   0% used [0x00000007a6ab0000, 0x00000007a6ab0000, 0x00000007a8000000)
 concurrent mark-sweep generation total 393216K, used 167539K [0x00000007a8000000, 0x00000007c0000000, 0x00000007c0000000)
 Metaspace       used 31069K, capacity 31362K, committed 31740K, reserved 1077248K
  class space    used 3620K, capacity 3710K, committed 3836K, reserved 1048576K
}
2016-07-15T15:33:08.487-0530: 70576.133: Total time for which application threads were stopped: 0.0528702 seconds
{Heap before GC invocations=154 (full 31):
 par new generation   total 109248K, used 109248K [0x00000007a0000000, 0x00000007a8000000, 0x00000007a8000000)
  eden space 87424K, 100% used [0x00000007a0000000, 0x00000007a5560000, 0x00000007a5560000)
  from space 21824K, 100% used [0x00000007a5560000, 0x00000007a6ab0000, 0x00000007a6ab0000)
  to   space 21824K,   0% used [0x00000007a6ab0000, 0x00000007a6ab0000, 0x00000007a8000000)
 concurrent mark-sweep generation total 393216K, used 167539K [0x00000007a8000000, 0x00000007c0000000, 0x00000007c0000000)
 Metaspace       used 31069K, capacity 31362K, committed 31740K, reserved 1077248K
  class space    used 3620K, capacity 3710K, committed 3836K, reserved 1048576K
2016-07-15T15:33:08.958-0530: 70576.604: [GC (Allocation Failure) 70576.604: [ParNew
Desired survivor size 20112992 bytes, new threshold 2 (max 8)
- age   1:   11182984 bytes,   11182984 total
- age   2:   11153256 bytes,   22336240 total
: 109248K->21824K(109248K), 0.0333742 secs] 276787K->195684K(502464K), 0.0334453 secs] [Times: user=0.08 sys=0.03, real=0.04 secs] 
Heap after GC invocations=155 (full 31):
 par new generation   total 109248K, used 21824K [0x00000007a0000000, 0x00000007a8000000, 0x00000007a8000000)
  eden space 87424K,   0% used [0x00000007a0000000, 0x00000007a0000000, 0x00000007a5560000)
  from space 21824K, 100% used [0x00000007a6ab0000, 0x00000007a8000000, 0x00000007a8000000)
  to   space 21824K,   0% used [0x00000007a5560000, 0x00000007a5560000, 0x00000007a6ab0000)
 concurrent mark-sweep generation total 393216K, used 173860K [0x00000007a8000000, 0x00000007c0000000, 0x00000007c0000000)
 Metaspace       used 31069K, capacity 31362K, committed 31740K, reserved 1077248K
  class space    used 3620K, capacity 3710K, committed 3836K, reserved 1048576K
}
2016-07-15T15:33:08.991-0530: 70576.638: Total time for which application threads were stopped: 0.0336457 seconds
2016-07-15T15:34:01.362-0530: 70629.009: Total time for which application threads were stopped: 0.0001319 seconds
2016-07-15T15:34:01.362-0530: 70629.009: Total time for which application threads were stopped: 0.0000948 seconds
2016-07-15T15:35:22.749-0530: 70710.399: Total time for which application threads were stopped: 0.0001054 seconds
2016-07-15T15:35:22.749-0530: 70710.399: Total time for which application threads were stopped: 0.0000742 seconds
2016-07-15T15:35:22.750-0530: 70710.399: Total time for which application threads were stopped: 0.0000753 seconds
{Heap before GC invocations=155 (full 31):
 par new generation   total 109248K, used 109248K [0x00000007a0000000, 0x00000007a8000000, 0x00000007a8000000)
  eden space 87424K, 100% used [0x00000007a0000000, 0x00000007a5560000, 0x00000007a5560000)
  from space 21824K, 100% used [0x00000007a6ab0000, 0x00000007a8000000, 0x00000007a8000000)
  to   space 21824K,   0% used [0x00000007a5560000, 0x00000007a5560000, 0x00000007a6ab0000)
 concurrent mark-sweep generation total 393216K, used 173860K [0x00000007a8000000, 0x00000007c0000000, 0x00000007c0000000)
 Metaspace       used 31069K, capacity 31362K, committed 31740K, reserved 1077248K
  class space    used 3620K, capacity 3710K, committed 3836K, reserved 1048576K
2016-07-15T15:35:22.757-0530: 70710.407: [GC (Allocation Failure) 70710.460: [ParNew
Desired survivor size 20112992 bytes, new threshold 8 (max 8)
- age   1:     646648 bytes,     646648 total
- age   2:         24 bytes,     646672 total
: 109248K->12356K(109248K), 0.0143893 secs] 283108K->189413K(502464K), 0.0676147 secs] [Times: user=0.01 sys=0.02, real=0.07 secs] 
Heap after GC invocations=156 (full 31):
 par new generation   total 109248K, used 12356K [0x00000007a0000000, 0x00000007a8000000, 0x00000007a8000000)
  eden space 87424K,   0% used [0x00000007a0000000, 0x00000007a0000000, 0x00000007a5560000)
  from space 21824K,  56% used [0x00000007a5560000, 0x00000007a6171240, 0x00000007a6ab0000)
  to   space 21824K,   0% used [0x00000007a6ab0000, 0x00000007a6ab0000, 0x00000007a8000000)
 concurrent mark-sweep generation total 393216K, used 177056K [0x00000007a8000000, 0x00000007c0000000, 0x00000007c0000000)
 Metaspace       used 31069K, capacity 31362K, committed 31740K, reserved 1077248K
  class space    used 3620K, capacity 3710K, committed 3836K, reserved 1048576K
}
2016-07-15T15:35:22.825-0530: 70710.474: Total time for which application threads were stopped: 0.0678398 seconds
{Heap before GC invocations=156 (full 31):
 par new generation   total 109248K, used 99780K [0x00000007a0000000, 0x00000007a8000000, 0x00000007a8000000)
  eden space 87424K, 100% used [0x00000007a0000000, 0x00000007a5560000, 0x00000007a5560000)
  from space 21824K,  56% used [0x00000007a5560000, 0x00000007a6171240, 0x00000007a6ab0000)
  to   space 21824K,   0% used [0x00000007a6ab0000, 0x00000007a6ab0000, 0x00000007a8000000)
 concurrent mark-sweep generation total 393216K, used 177056K [0x00000007a8000000, 0x00000007c0000000, 0x00000007c0000000)
 Metaspace       used 31070K, capacity 31362K, committed 31740K, reserved 1077248K
  class space    used 3620K, capacity 3710K, committed 3836K, reserved 1048576K
2016-07-15T15:35:23.250-0530: 70710.899: [GC (Allocation Failure) 70710.899: [ParNew
Desired survivor size 20112992 bytes, new threshold 1 (max 8)
- age   1:   21668680 bytes,   21668680 total
- age   2:     628368 bytes,   22297048 total
- age   3:         24 bytes,   22297072 total
: 99780K->21824K(109248K), 0.0649524 secs] 276837K->209101K(502464K), 0.0650155 secs] [Times: user=0.09 sys=0.10, real=0.06 secs] 
Heap after GC invocations=157 (full 31):
 par new generation   total 109248K, used 21824K [0x00000007a0000000, 0x00000007a8000000, 0x00000007a8000000)
  eden space 87424K,   0% used [0x00000007a0000000, 0x00000007a0000000, 0x00000007a5560000)
  from space 21824K, 100% used [0x00000007a6ab0000, 0x00000007a8000000, 0x00000007a8000000)
  to   space 21824K,   0% used [0x00000007a5560000, 0x00000007a5560000, 0x00000007a6ab0000)
 concurrent mark-sweep generation total 393216K, used 187277K [0x00000007a8000000, 0x00000007c0000000, 0x00000007c0000000)
 Metaspace       used 31070K, capacity 31362K, committed 31740K, reserved 1077248K
  class space    used 3620K, capacity 3710K, committed 3836K, reserved 1048576K
}
2016-07-15T15:35:23.315-0530: 70710.964: Total time for which application threads were stopped: 0.0652773 seconds
{Heap before GC invocations=157 (full 31):
 par new generation   total 109248K, used 109248K [0x00000007a0000000, 0x00000007a8000000, 0x00000007a8000000)
  eden space 87424K, 100% used [0x00000007a0000000, 0x00000007a5560000, 0x00000007a5560000)
  from space 21824K, 100% used [0x00000007a6ab0000, 0x00000007a8000000, 0x00000007a8000000)
  to   space 21824K,   0% used [0x00000007a5560000, 0x00000007a5560000, 0x00000007a6ab0000)
 concurrent mark-sweep generation total 393216K, used 187277K [0x00000007a8000000, 0x00000007c0000000, 0x00000007c0000000)
 Metaspace       used 31070K, capacity 31362K, committed 31740K, reserved 1077248K
  class space    used 3620K, capacity 3710K, committed 3836K, reserved 1048576K
2016-07-15T15:35:23.875-0530: 70711.524: [GC (Allocation Failure) 70711.524: [ParNew
Desired survivor size 20112992 bytes, new threshold 8 (max 8)
- age   1:   12435416 bytes,   12435416 total
: 109248K->16386K(109248K), 0.0483912 secs] 296525K->221293K(502464K), 0.0484847 secs] [Times: user=0.06 sys=0.07, real=0.05 secs] 
Heap after GC invocations=158 (full 31):
 par new generation   total 109248K, used 16386K [0x00000007a0000000, 0x00000007a8000000, 0x00000007a8000000)
  eden space 87424K,   0% used [0x00000007a0000000, 0x00000007a0000000, 0x00000007a5560000)
  from space 21824K,  75% used [0x00000007a5560000, 0x00000007a6560968, 0x00000007a6ab0000)
  to   space 21824K,   0% used [0x00000007a6ab0000, 0x00000007a6ab0000, 0x00000007a8000000)
 concurrent mark-sweep generation total 393216K, used 204906K [0x00000007a8000000, 0x00000007c0000000, 0x00000007c0000000)
 Metaspace       used 31070K, capacity 31362K, committed 31740K, reserved 1077248K
  class space    used 3620K, capacity 3710K, committed 3836K, reserved 1048576K
}
2016-07-15T15:35:23.923-0530: 70711.573: Total time for which application threads were stopped: 0.0487254 seconds
2016-07-15T15:35:23.924-0530: 70711.573: [GC (CMS Initial Mark) [1 CMS-initial-mark: 204906K(393216K)] 222555K(502464K), 0.0026793 secs] [Times: user=0.01 sys=0.00, real=0.00 secs] 
2016-07-15T15:35:23.926-0530: 70711.576: Total time for which application threads were stopped: 0.0028976 seconds
2016-07-15T15:35:23.926-0530: 70711.576: [CMS-concurrent-mark-start]
2016-07-15T15:35:23.957-0530: 70711.607: [CMS-concurrent-mark: 0.031/0.031 secs] [Times: user=0.08 sys=0.04, real=0.03 secs] 
2016-07-15T15:35:23.957-0530: 70711.607: [CMS-concurrent-preclean-start]
2016-07-15T15:35:23.958-0530: 70711.608: [CMS-concurrent-preclean: 0.001/0.001 secs] [Times: user=0.00 sys=0.00, real=0.00 secs] 
2016-07-15T15:35:23.959-0530: 70711.608: [CMS-concurrent-abortable-preclean-start]
2016-07-15T15:35:25.064-0530: 70712.713: [CMS-concurrent-abortable-preclean: 0.492/1.105 secs] [Times: user=1.56 sys=0.01, real=1.11 secs] 
2016-07-15T15:35:25.064-0530: 70712.714: [GC (CMS Final Remark) [YG occupancy: 64989 K (109248 K)]{Heap before GC invocations=158 (full 32):
 par new generation   total 109248K, used 64989K [0x00000007a0000000, 0x00000007a8000000, 0x00000007a8000000)
  eden space 87424K,  55% used [0x00000007a0000000, 0x00000007a2f76c90, 0x00000007a5560000)
  from space 21824K,  75% used [0x00000007a5560000, 0x00000007a6560968, 0x00000007a6ab0000)
  to   space 21824K,   0% used [0x00000007a6ab0000, 0x00000007a6ab0000, 0x00000007a8000000)
 concurrent mark-sweep generation total 393216K, used 204906K [0x00000007a8000000, 0x00000007c0000000, 0x00000007c0000000)
 Metaspace       used 31070K, capacity 31362K, committed 31740K, reserved 1077248K
  class space    used 3620K, capacity 3710K, committed 3836K, reserved 1048576K
2016-07-15T15:35:25.064-0530: 70712.714: [GC (CMS Final Remark) 70712.714: [ParNew
Desired survivor size 20112992 bytes, new threshold 2 (max 8)
- age   1:    8485504 bytes,    8485504 total
- age   2:   12697032 bytes,   21182536 total
: 64989K->21824K(109248K), 0.0116547 secs] 269896K->226848K(502464K), 0.0117016 secs] [Times: user=0.04 sys=0.00, real=0.01 secs] 
Heap after GC invocations=159 (full 32):
 par new generation   total 109248K, used 21824K [0x00000007a0000000, 0x00000007a8000000, 0x00000007a8000000)
  eden space 87424K,   0% used [0x00000007a0000000, 0x00000007a0000000, 0x00000007a5560000)
  from space 21824K, 100% used [0x00000007a6ab0000, 0x00000007a8000000, 0x00000007a8000000)
  to   space 21824K,   0% used [0x00000007a5560000, 0x00000007a5560000, 0x00000007a6ab0000)
 concurrent mark-sweep generation total 393216K, used 205024K [0x00000007a8000000, 0x00000007c0000000, 0x00000007c0000000)
 Metaspace       used 31070K, capacity 31362K, committed 31740K, reserved 1077248K
  class space    used 3620K, capacity 3710K, committed 3836K, reserved 1048576K
}
70712.725: [Rescan (parallel) , 0.0027492 secs]70712.728: [weak refs processing, 0.0006245 secs]70712.729: [class unloading, 0.0847343 secs]70712.814: [scrub symbol table, 0.0186902 secs]70712.832: [scrub string table, 0.0005570 secs][1 CMS-remark: 205024K(393216K)] 226848K(502464K), 0.1238248 secs] [Times: user=0.09 sys=0.05, real=0.12 secs] 
2016-07-15T15:35:25.188-0530: 70712.838: Total time for which application threads were stopped: 0.1240375 seconds
2016-07-15T15:35:25.188-0530: 70712.838: [CMS-concurrent-sweep-start]
2016-07-15T15:35:25.544-0530: 70713.194: [CMS-concurrent-sweep: 0.356/0.356 secs] [Times: user=0.48 sys=0.16, real=0.36 secs] 
2016-07-15T15:35:25.544-0530: 70713.194: [CMS-concurrent-reset-start]
2016-07-15T15:35:25.548-0530: 70713.198: [CMS-concurrent-reset: 0.004/0.004 secs] [Times: user=0.01 sys=0.01, real=0.00 secs] 
2016-07-15T15:36:16.365-0530: 70764.016: Total time for which application threads were stopped: 0.0009412 seconds
2016-07-15T15:36:16.366-0530: 70764.017: Total time for which application threads were stopped: 0.0001372 seconds
2016-07-15T15:38:26.513-0530: 70894.167: Total time for which application threads were stopped: 0.0001411 seconds
2016-07-15T15:38:26.513-0530: 70894.167: Total time for which application threads were stopped: 0.0000634 seconds
2016-07-15T15:38:26.515-0530: 70894.169: Total time for which application threads were stopped: 0.0001486 seconds
{Heap before GC invocations=159 (full 32):
 par new generation   total 109248K, used 109248K [0x00000007a0000000, 0x00000007a8000000, 0x00000007a8000000)
  eden space 87424K, 100% used [0x00000007a0000000, 0x00000007a5560000, 0x00000007a5560000)
  from space 21824K, 100% used [0x00000007a6ab0000, 0x00000007a8000000, 0x00000007a8000000)
  to   space 21824K,   0% used [0x00000007a5560000, 0x00000007a5560000, 0x00000007a6ab0000)
 concurrent mark-sweep generation total 393216K, used 54027K [0x00000007a8000000, 0x00000007c0000000, 0x00000007c0000000)
 Metaspace       used 31078K, capacity 31362K, committed 31740K, reserved 1077248K
  class space    used 3620K, capacity 3710K, committed 3836K, reserved 1048576K
2016-07-15T15:38:27.101-0530: 70894.755: [GC (Allocation Failure) 70894.759: [ParNew
Desired survivor size 20112992 bytes, new threshold 1 (max 8)
- age   1:   20739984 bytes,   20739984 total
- age   2:    1563552 bytes,   22303536 total
: 109248K->21824K(109248K), 0.1731565 secs] 163275K->93447K(502464K), 0.1774779 secs] [Times: user=0.14 sys=0.19, real=0.17 secs] 
Heap after GC invocations=160 (full 32):
 par new generation   total 109248K, used 21824K [0x00000007a0000000, 0x00000007a8000000, 0x00000007a8000000)
  eden space 87424K,   0% used [0x00000007a0000000, 0x00000007a0000000, 0x00000007a5560000)
  from space 21824K, 100% used [0x00000007a5560000, 0x00000007a6ab0000, 0x00000007a6ab0000)
  to   space 21824K,   0% used [0x00000007a6ab0000, 0x00000007a6ab0000, 0x00000007a8000000)
 concurrent mark-sweep generation total 393216K, used 71623K [0x00000007a8000000, 0x00000007c0000000, 0x00000007c0000000)
 Metaspace       used 31078K, capacity 31362K, committed 31740K, reserved 1077248K
  class space    used 3620K, capacity 3710K, committed 3836K, reserved 1048576K
}
2016-07-15T15:38:27.279-0530: 70894.933: Total time for which application threads were stopped: 0.1777755 seconds
{Heap before GC invocations=160 (full 32):
 par new generation   total 109248K, used 109248K [0x00000007a0000000, 0x00000007a8000000, 0x00000007a8000000)
  eden space 87424K, 100% used [0x00000007a0000000, 0x00000007a5560000, 0x00000007a5560000)
  from space 21824K, 100% used [0x00000007a5560000, 0x00000007a6ab0000, 0x00000007a6ab0000)
  to   space 21824K,   0% used [0x00000007a6ab0000, 0x00000007a6ab0000, 0x00000007a8000000)
 concurrent mark-sweep generation total 393216K, used 71623K [0x00000007a8000000, 0x00000007c0000000, 0x00000007c0000000)
 Metaspace       used 31078K, capacity 31362K, committed 31740K, reserved 1077248K
  class space    used 3620K, capacity 3710K, committed 3836K, reserved 1048576K
2016-07-15T15:38:27.797-0530: 70895.451: [GC (Allocation Failure) 70895.465: [ParNew
Desired survivor size 20112992 bytes, new threshold 8 (max 8)
- age   1:   12435384 bytes,   12435384 total
: 109248K->16013K(109248K), 0.0474230 secs] 180871K->103460K(502464K), 0.0616438 secs] [Times: user=0.09 sys=0.07, real=0.06 secs] 
Heap after GC invocations=161 (full 32):
 par new generation   total 109248K, used 16013K [0x00000007a0000000, 0x00000007a8000000, 0x00000007a8000000)
  eden space 87424K,   0% used [0x00000007a0000000, 0x00000007a0000000, 0x00000007a5560000)
  from space 21824K,  73% used [0x00000007a6ab0000, 0x00000007a7a53560, 0x00000007a8000000)
  to   space 21824K,   0% used [0x00000007a5560000, 0x00000007a5560000, 0x00000007a6ab0000)
 concurrent mark-sweep generation total 393216K, used 87447K [0x00000007a8000000, 0x00000007c0000000, 0x00000007c0000000)
 Metaspace       used 31078K, capacity 31362K, committed 31740K, reserved 1077248K
  class space    used 3620K, capacity 3710K, committed 3836K, reserved 1048576K
}
2016-07-15T15:38:27.859-0530: 70895.513: Total time for which application threads were stopped: 0.0619812 seconds
2016-07-15T15:38:30.093-0530: 70897.747: Total time for which application threads were stopped: 0.0005188 seconds
2016-07-15T15:38:55.840-0530: 70923.495: Total time for which application threads were stopped: 0.0001689 seconds
2016-07-15T15:38:55.841-0530: 70923.495: Total time for which application threads were stopped: 0.0002136 seconds
{Heap before GC invocations=161 (full 32):
 par new generation   total 109248K, used 103437K [0x00000007a0000000, 0x00000007a8000000, 0x00000007a8000000)
  eden space 87424K, 100% used [0x00000007a0000000, 0x00000007a5560000, 0x00000007a5560000)
  from space 21824K,  73% used [0x00000007a6ab0000, 0x00000007a7a53560, 0x00000007a8000000)
  to   space 21824K,   0% used [0x00000007a5560000, 0x00000007a5560000, 0x00000007a6ab0000)
 concurrent mark-sweep generation total 393216K, used 87447K [0x00000007a8000000, 0x00000007c0000000, 0x00000007c0000000)
 Metaspace       used 31092K, capacity 31426K, committed 31740K, reserved 1077248K
  class space    used 3620K, capacity 3710K, committed 3836K, reserved 1048576K
2016-07-15T15:38:55.863-0530: 70923.517: [GC (Allocation Failure) 70923.539: [ParNew
Desired survivor size 20112992 bytes, new threshold 2 (max 8)
- age   1:    7912888 bytes,    7912888 total
- age   2:   12280552 bytes,   20193440 total
: 103437K->21824K(109248K), 0.0189378 secs] 190884K->109281K(502464K), 0.0406993 secs] [Times: user=0.05 sys=0.01, real=0.04 secs] 
Heap after GC invocations=162 (full 32):
 par new generation   total 109248K, used 21824K [0x00000007a0000000, 0x00000007a8000000, 0x00000007a8000000)
  eden space 87424K,   0% used [0x00000007a0000000, 0x00000007a0000000, 0x00000007a5560000)
  from space 21824K, 100% used [0x00000007a5560000, 0x00000007a6ab0000, 0x00000007a6ab0000)
  to   space 21824K,   0% used [0x00000007a6ab0000, 0x00000007a6ab0000, 0x00000007a8000000)
 concurrent mark-sweep generation total 393216K, used 87457K [0x00000007a8000000, 0x00000007c0000000, 0x00000007c0000000)
 Metaspace       used 31092K, capacity 31426K, committed 31740K, reserved 1077248K
  class space    used 3620K, capacity 3710K, committed 3836K, reserved 1048576K
}
2016-07-15T15:38:55.903-0530: 70923.558: Total time for which application threads were stopped: 0.0410337 seconds
{Heap before GC invocations=162 (full 32):
 par new generation   total 109248K, used 109248K [0x00000007a0000000, 0x00000007a8000000, 0x00000007a8000000)
  eden space 87424K, 100% used [0x00000007a0000000, 0x00000007a5560000, 0x00000007a5560000)
  from space 21824K, 100% used [0x00000007a5560000, 0x00000007a6ab0000, 0x00000007a6ab0000)
  to   space 21824K,   0% used [0x00000007a6ab0000, 0x00000007a6ab0000, 0x00000007a8000000)
 concurrent mark-sweep generation total 393216K, used 87457K [0x00000007a8000000, 0x00000007c0000000, 0x00000007c0000000)
 Metaspace       used 31092K, capacity 31426K, committed 31740K, reserved 1077248K
  class space    used 3620K, capacity 3710K, committed 3836K, reserved 1048576K
2016-07-15T15:38:56.400-0530: 70924.055: [GC (Allocation Failure) 70924.055: [ParNew
Desired survivor size 20112992 bytes, new threshold 2 (max 8)
- age   1:   14565536 bytes,   14565536 total
- age   2:    7547784 bytes,   22113320 total
: 109248K->21824K(109248K), 0.1483921 secs] 196705K->151635K(502464K), 0.1484855 secs] [Times: user=0.26 sys=0.15, real=0.14 secs] 
Heap after GC invocations=163 (full 32):
 par new generation   total 109248K, used 21824K [0x00000007a0000000, 0x00000007a8000000, 0x00000007a8000000)
  eden space 87424K,   0% used [0x00000007a0000000, 0x00000007a0000000, 0x00000007a5560000)
  from space 21824K, 100% used [0x00000007a6ab0000, 0x00000007a8000000, 0x00000007a8000000)
  to   space 21824K,   0% used [0x00000007a5560000, 0x00000007a5560000, 0x00000007a6ab0000)
 concurrent mark-sweep generation total 393216K, used 129811K [0x00000007a8000000, 0x00000007c0000000, 0x00000007c0000000)
 Metaspace       used 31092K, capacity 31426K, committed 31740K, reserved 1077248K
  class space    used 3620K, capacity 3710K, committed 3836K, reserved 1048576K
}
2016-07-15T15:38:56.549-0530: 70924.204: Total time for which application threads were stopped: 0.1486900 seconds
{Heap before GC invocations=163 (full 32):
 par new generation   total 109248K, used 109248K [0x00000007a0000000, 0x00000007a8000000, 0x00000007a8000000)
  eden space 87424K, 100% used [0x00000007a0000000, 0x00000007a5560000, 0x00000007a5560000)
  from space 21824K, 100% used [0x00000007a6ab0000, 0x00000007a8000000, 0x00000007a8000000)
  to   space 21824K,   0% used [0x00000007a5560000, 0x00000007a5560000, 0x00000007a6ab0000)
 concurrent mark-sweep generation total 393216K, used 129811K [0x00000007a8000000, 0x00000007c0000000, 0x00000007c0000000)
 Metaspace       used 31092K, capacity 31426K, committed 31740K, reserved 1077248K
  class space    used 3620K, capacity 3710K, committed 3836K, reserved 1048576K
2016-07-15T15:38:57.208-0530: 70924.863: [GC (Allocation Failure) 70924.863: [ParNew
Desired survivor size 20112992 bytes, new threshold 2 (max 8)
- age   1:   12532272 bytes,   12532272 total
- age   2:    8959288 bytes,   21491560 total
: 109248K->21824K(109248K), 0.0491850 secs] 239059K->160968K(502464K), 0.0492562 secs] [Times: user=0.14 sys=0.02, real=0.05 secs] 
Heap after GC invocations=164 (full 32):
 par new generation   total 109248K, used 21824K [0x00000007a0000000, 0x00000007a8000000, 0x00000007a8000000)
  eden space 87424K,   0% used [0x00000007a0000000, 0x00000007a0000000, 0x00000007a5560000)
  from space 21824K, 100% used [0x00000007a5560000, 0x00000007a6ab0000, 0x00000007a6ab0000)
  to   space 21824K,   0% used [0x00000007a6ab0000, 0x00000007a6ab0000, 0x00000007a8000000)
 concurrent mark-sweep generation total 393216K, used 139144K [0x00000007a8000000, 0x00000007c0000000, 0x00000007c0000000)
 Metaspace       used 31092K, capacity 31426K, committed 31740K, reserved 1077248K
  class space    used 3620K, capacity 3710K, committed 3836K, reserved 1048576K
}
2016-07-15T15:38:57.257-0530: 70924.912: Total time for which application threads were stopped: 0.0495185 seconds
2016-07-15T15:38:59.261-0530: 70926.916: Total time for which application threads were stopped: 0.0001845 seconds
2016-07-15T15:39:49.139-0530: 70976.795: Total time for which application threads were stopped: 0.0002727 seconds
2016-07-15T15:40:26.204-0530: 71013.861: Total time for which application threads were stopped: 0.0001122 seconds
2016-07-15T15:40:26.204-0530: 71013.861: Total time for which application threads were stopped: 0.0000935 seconds
2016-07-15T15:40:26.209-0530: 71013.866: Total time for which application threads were stopped: 0.0003489 seconds
{Heap before GC invocations=164 (full 32):
 par new generation   total 109248K, used 109248K [0x00000007a0000000, 0x00000007a8000000, 0x00000007a8000000)
  eden space 87424K, 100% used [0x00000007a0000000, 0x00000007a5560000, 0x00000007a5560000)
  from space 21824K, 100% used [0x00000007a5560000, 0x00000007a6ab0000, 0x00000007a6ab0000)
  to   space 21824K,   0% used [0x00000007a6ab0000, 0x00000007a6ab0000, 0x00000007a8000000)
 concurrent mark-sweep generation total 393216K, used 139144K [0x00000007a8000000, 0x00000007c0000000, 0x00000007c0000000)
 Metaspace       used 31093K, capacity 31426K, committed 31740K, reserved 1077248K
  class space    used 3620K, capacity 3710K, committed 3836K, reserved 1048576K
2016-07-15T15:40:26.578-0530: 71014.235: [GC (Allocation Failure) 71014.264: [ParNew
Desired survivor size 20112992 bytes, new threshold 8 (max 8)
- age   1:    9022672 bytes,    9022672 total
- age   2:    8283800 bytes,   17306472 total
: 109248K->21824K(109248K), 0.1410227 secs] 248392K->178442K(502464K), 0.1694958 secs] [Times: user=0.15 sys=0.23, real=0.17 secs] 
Heap after GC invocations=165 (full 32):
 par new generation   total 109248K, used 21824K [0x00000007a0000000, 0x00000007a8000000, 0x00000007a8000000)
  eden space 87424K,   0% used [0x00000007a0000000, 0x00000007a0000000, 0x00000007a5560000)
  from space 21824K, 100% used [0x00000007a6ab0000, 0x00000007a8000000, 0x00000007a8000000)
  to   space 21824K,   0% used [0x00000007a5560000, 0x00000007a5560000, 0x00000007a6ab0000)
 concurrent mark-sweep generation total 393216K, used 156618K [0x00000007a8000000, 0x00000007c0000000, 0x00000007c0000000)
 Metaspace       used 31093K, capacity 31426K, committed 31740K, reserved 1077248K
  class space    used 3620K, capacity 3710K, committed 3836K, reserved 1048576K
}
2016-07-15T15:40:26.748-0530: 71014.405: Total time for which application threads were stopped: 0.1698308 seconds
{Heap before GC invocations=165 (full 32):
 par new generation   total 109248K, used 109248K [0x00000007a0000000, 0x00000007a8000000, 0x00000007a8000000)
  eden space 87424K, 100% used [0x00000007a0000000, 0x00000007a5560000, 0x00000007a5560000)
  from space 21824K, 100% used [0x00000007a6ab0000, 0x00000007a8000000, 0x00000007a8000000)
  to   space 21824K,   0% used [0x00000007a5560000, 0x00000007a5560000, 0x00000007a6ab0000)
 concurrent mark-sweep generation total 393216K, used 156618K [0x00000007a8000000, 0x00000007c0000000, 0x00000007c0000000)
 Metaspace       used 31093K, capacity 31426K, committed 31740K, reserved 1077248K
  class space    used 3620K, capacity 3710K, committed 3836K, reserved 1048576K
2016-07-15T15:40:27.298-0530: 71014.955: [GC (Allocation Failure) 71014.955: [ParNew
Desired survivor size 20112992 bytes, new threshold 3 (max 8)
- age   1:    9455216 bytes,    9455216 total
- age   2:    7578000 bytes,   17033216 total
- age   3:    5304648 bytes,   22337864 total
: 109248K->21824K(109248K), 0.0890501 secs] 265866K->188903K(502464K), 0.0891210 secs] [Times: user=0.20 sys=0.04, real=0.09 secs] 
Heap after GC invocations=166 (full 32):
 par new generation   total 109248K, used 21824K [0x00000007a0000000, 0x00000007a8000000, 0x00000007a8000000)
  eden space 87424K,   0% used [0x00000007a0000000, 0x00000007a0000000, 0x00000007a5560000)
  from space 21824K, 100% used [0x00000007a5560000, 0x00000007a6ab0000, 0x00000007a6ab0000)
  to   space 21824K,   0% used [0x00000007a6ab0000, 0x00000007a6ab0000, 0x00000007a8000000)
 concurrent mark-sweep generation total 393216K, used 167079K [0x00000007a8000000, 0x00000007c0000000, 0x00000007c0000000)
 Metaspace       used 31093K, capacity 31426K, committed 31740K, reserved 1077248K
  class space    used 3620K, capacity 3710K, committed 3836K, reserved 1048576K
}
2016-07-15T15:40:27.387-0530: 71015.044: Total time for which application threads were stopped: 0.0893749 seconds
2016-07-15T15:40:30.395-0530: 71018.052: Total time for which application threads were stopped: 0.0002489 seconds
2016-07-15T15:41:15.789-0530: 71063.447: Total time for which application threads were stopped: 0.0001577 seconds
2016-07-15T15:41:15.790-0530: 71063.448: Total time for which application threads were stopped: 0.0000807 seconds
2016-07-15T15:41:15.790-0530: 71063.448: Total time for which application threads were stopped: 0.0000644 seconds
{Heap before GC invocations=166 (full 32):
 par new generation   total 109248K, used 109248K [0x00000007a0000000, 0x00000007a8000000, 0x00000007a8000000)
  eden space 87424K, 100% used [0x00000007a0000000, 0x00000007a5560000, 0x00000007a5560000)
  from space 21824K, 100% used [0x00000007a5560000, 0x00000007a6ab0000, 0x00000007a6ab0000)
  to   space 21824K,   0% used [0x00000007a6ab0000, 0x00000007a6ab0000, 0x00000007a8000000)
 concurrent mark-sweep generation total 393216K, used 167079K [0x00000007a8000000, 0x00000007c0000000, 0x00000007c0000000)
 Metaspace       used 31093K, capacity 31426K, committed 31740K, reserved 1077248K
  class space    used 3620K, capacity 3710K, committed 3836K, reserved 1048576K
2016-07-15T15:41:15.798-0530: 71063.456: [GC (Allocation Failure) 71063.489: [ParNew
Desired survivor size 20112992 bytes, new threshold 8 (max 8)
- age   1:    3237552 bytes,    3237552 total
- age   2:    9078552 bytes,   12316104 total
- age   3:    7371864 bytes,   19687968 total
: 109248K->21824K(109248K), 0.0622640 secs] 276327K->194311K(502464K), 0.0950050 secs] [Times: user=0.14 sys=0.05, real=0.10 secs] 
Heap after GC invocations=167 (full 32):
 par new generation   total 109248K, used 21824K [0x00000007a0000000, 0x00000007a8000000, 0x00000007a8000000)
  eden space 87424K,   0% used [0x00000007a0000000, 0x00000007a0000000, 0x00000007a5560000)
  from space 21824K, 100% used [0x00000007a6ab0000, 0x00000007a8000000, 0x00000007a8000000)
  to   space 21824K,   0% used [0x00000007a5560000, 0x00000007a5560000, 0x00000007a6ab0000)
 concurrent mark-sweep generation total 393216K, used 172487K [0x00000007a8000000, 0x00000007c0000000, 0x00000007c0000000)
 Metaspace       used 31093K, capacity 31426K, committed 31740K, reserved 1077248K
  class space    used 3620K, capacity 3710K, committed 3836K, reserved 1048576K
}
2016-07-15T15:41:15.893-0530: 71063.551: Total time for which application threads were stopped: 0.0952522 seconds
{Heap before GC invocations=167 (full 32):
 par new generation   total 109248K, used 109248K [0x00000007a0000000, 0x00000007a8000000, 0x00000007a8000000)
  eden space 87424K, 100% used [0x00000007a0000000, 0x00000007a5560000, 0x00000007a5560000)
  from space 21824K, 100% used [0x00000007a6ab0000, 0x00000007a8000000, 0x00000007a8000000)
  to   space 21824K,   0% used [0x00000007a5560000, 0x00000007a5560000, 0x00000007a6ab0000)
 concurrent mark-sweep generation total 393216K, used 172487K [0x00000007a8000000, 0x00000007c0000000, 0x00000007c0000000)
 Metaspace       used 31093K, capacity 31426K, committed 31740K, reserved 1077248K
  class space    used 3620K, capacity 3710K, committed 3836K, reserved 1048576K
2016-07-15T15:41:16.302-0530: 71063.961: [GC (Allocation Failure) 71063.961: [ParNew
Desired survivor size 20112992 bytes, new threshold 4 (max 8)
- age   1:    9481048 bytes,    9481048 total
- age   2:    1766568 bytes,   11247616 total
- age   3:    4467952 bytes,   15715568 total
- age   4:    6567984 bytes,   22283552 total
: 109248K->21824K(109248K), 0.0992738 secs] 281735K->226274K(502464K), 0.0993489 secs] [Times: user=0.17 sys=0.12, real=0.10 secs] 
Heap after GC invocations=168 (full 32):
 par new generation   total 109248K, used 21824K [0x00000007a0000000, 0x00000007a8000000, 0x00000007a8000000)
  eden space 87424K,   0% used [0x00000007a0000000, 0x00000007a0000000, 0x00000007a5560000)
  from space 21824K, 100% used [0x00000007a5560000, 0x00000007a6ab0000, 0x00000007a6ab0000)
  to   space 21824K,   0% used [0x00000007a6ab0000, 0x00000007a6ab0000, 0x00000007a8000000)
 concurrent mark-sweep generation total 393216K, used 204450K [0x00000007a8000000, 0x00000007c0000000, 0x00000007c0000000)
 Metaspace       used 31093K, capacity 31426K, committed 31740K, reserved 1077248K
  class space    used 3620K, capacity 3710K, committed 3836K, reserved 1048576K
}
2016-07-15T15:41:16.402-0530: 71064.060: Total time for which application threads were stopped: 0.0995972 seconds
2016-07-15T15:41:16.402-0530: 71064.060: [GC (CMS Initial Mark) [1 CMS-initial-mark: 204450K(393216K)] 227364K(502464K), 0.0051612 secs] [Times: user=0.01 sys=0.00, real=0.00 secs] 
2016-07-15T15:41:16.407-0530: 71064.065: Total time for which application threads were stopped: 0.0053841 seconds
2016-07-15T15:41:16.407-0530: 71064.065: [CMS-concurrent-mark-start]
2016-07-15T15:41:16.476-0530: 71064.135: [CMS-concurrent-mark: 0.069/0.069 secs] [Times: user=0.21 sys=0.04, real=0.07 secs] 
2016-07-15T15:41:16.477-0530: 71064.135: [CMS-concurrent-preclean-start]
2016-07-15T15:41:16.478-0530: 71064.136: [CMS-concurrent-preclean: 0.001/0.001 secs] [Times: user=0.00 sys=0.00, real=0.00 secs] 
2016-07-15T15:41:16.478-0530: 71064.136: [CMS-concurrent-abortable-preclean-start]
{Heap before GC invocations=168 (full 33):
 par new generation   total 109248K, used 109248K [0x00000007a0000000, 0x00000007a8000000, 0x00000007a8000000)
  eden space 87424K, 100% used [0x00000007a0000000, 0x00000007a5560000, 0x00000007a5560000)
  from space 21824K, 100% used [0x00000007a5560000, 0x00000007a6ab0000, 0x00000007a6ab0000)
  to   space 21824K,   0% used [0x00000007a6ab0000, 0x00000007a6ab0000, 0x00000007a8000000)
 concurrent mark-sweep generation total 393216K, used 204450K [0x00000007a8000000, 0x00000007c0000000, 0x00000007c0000000)
 Metaspace       used 31093K, capacity 31426K, committed 31740K, reserved 1077248K
  class space    used 3620K, capacity 3710K, committed 3836K, reserved 1048576K
2016-07-15T15:41:17.023-0530: 71064.681: [GC (Allocation Failure) 71064.681: [ParNew2016-07-15T15:41:17.084-0530: 71064.742: [CMS-concurrent-abortable-preclean: 0.198/0.606 secs] [Times: user=0.87 sys=0.05, real=0.61 secs] 

Desired survivor size 20112992 bytes, new threshold 4 (max 8)
- age   1:    9589208 bytes,    9589208 total
- age   2:    6523840 bytes,   16113048 total
- age   3:    1766440 bytes,   17879488 total
- age   4:    4467952 bytes,   22347440 total
: 109248K->21824K(109248K), 0.0770762 secs] 313698K->243749K(502464K), 0.0771449 secs] [Times: user=0.18 sys=0.05, real=0.08 secs] 
Heap after GC invocations=169 (full 33):
 par new generation   total 109248K, used 21824K [0x00000007a0000000, 0x00000007a8000000, 0x00000007a8000000)
  eden space 87424K,   0% used [0x00000007a0000000, 0x00000007a0000000, 0x00000007a5560000)
  from space 21824K, 100% used [0x00000007a6ab0000, 0x00000007a8000000, 0x00000007a8000000)
  to   space 21824K,   0% used [0x00000007a5560000, 0x00000007a5560000, 0x00000007a6ab0000)
 concurrent mark-sweep generation total 393216K, used 221925K [0x00000007a8000000, 0x00000007c0000000, 0x00000007c0000000)
 Metaspace       used 31093K, capacity 31426K, committed 31740K, reserved 1077248K
  class space    used 3620K, capacity 3710K, committed 3836K, reserved 1048576K
}
2016-07-15T15:41:17.100-0530: 71064.758: Total time for which application threads were stopped: 0.0773560 seconds
2016-07-15T15:41:17.100-0530: 71064.759: [GC (CMS Final Remark) [YG occupancy: 23142 K (109248 K)]{Heap before GC invocations=169 (full 33):
 par new generation   total 109248K, used 23142K [0x00000007a0000000, 0x00000007a8000000, 0x00000007a8000000)
  eden space 87424K,   1% used [0x00000007a0000000, 0x00000007a0149920, 0x00000007a5560000)
  from space 21824K, 100% used [0x00000007a6ab0000, 0x00000007a8000000, 0x00000007a8000000)
  to   space 21824K,   0% used [0x00000007a5560000, 0x00000007a5560000, 0x00000007a6ab0000)
 concurrent mark-sweep generation total 393216K, used 221925K [0x00000007a8000000, 0x00000007c0000000, 0x00000007c0000000)
 Metaspace       used 31093K, capacity 31426K, committed 31740K, reserved 1077248K
  class space    used 3620K, capacity 3710K, committed 3836K, reserved 1048576K
2016-07-15T15:41:17.100-0530: 71064.759: [GC (CMS Final Remark) 71064.759: [ParNew
Desired survivor size 20112992 bytes, new threshold 8 (max 8)
- age   1:        928 bytes,        928 total
- age   2:    9589016 bytes,    9589944 total
- age   3:    6523840 bytes,   16113784 total
- age   4:    1766440 bytes,   17880224 total
: 23142K->21824K(109248K), 0.0640663 secs] 245068K->248112K(502464K), 0.0641418 secs] [Times: user=0.17 sys=0.02, real=0.06 secs] 
Heap after GC invocations=170 (full 33):
 par new generation   total 109248K, used 21824K [0x00000007a0000000, 0x00000007a8000000, 0x00000007a8000000)
  eden space 87424K,   0% used [0x00000007a0000000, 0x00000007a0000000, 0x00000007a5560000)
  from space 21824K, 100% used [0x00000007a5560000, 0x00000007a6ab0000, 0x00000007a6ab0000)
  to   space 21824K,   0% used [0x00000007a6ab0000, 0x00000007a6ab0000, 0x00000007a8000000)
 concurrent mark-sweep generation total 393216K, used 226288K [0x00000007a8000000, 0x00000007c0000000, 0x00000007c0000000)
 Metaspace       used 31093K, capacity 31426K, committed 31740K, reserved 1077248K
  class space    used 3620K, capacity 3710K, committed 3836K, reserved 1048576K
}
71064.823: [Rescan (parallel) , 0.0116465 secs]71064.834: [weak refs processing, 0.0016854 secs]71064.836: [class unloading, 0.0691700 secs]71064.905: [scrub symbol table, 0.0178168 secs]71064.923: [scrub string table, 0.0004969 secs][1 CMS-remark: 226288K(393216K)] 248112K(502464K), 0.1692906 secs] [Times: user=0.25 sys=0.07, real=0.17 secs] 
2016-07-15T15:41:17.270-0530: 71064.928: Total time for which application threads were stopped: 0.1695043 seconds
2016-07-15T15:41:17.270-0530: 71064.928: [CMS-concurrent-sweep-start]
2016-07-15T15:41:17.583-0530: 71065.241: [CMS-concurrent-sweep: 0.313/0.313 secs] [Times: user=0.43 sys=0.13, real=0.31 secs] 
2016-07-15T15:41:17.583-0530: 71065.241: [CMS-concurrent-reset-start]
2016-07-15T15:41:17.586-0530: 71065.244: [CMS-concurrent-reset: 0.003/0.003 secs] [Times: user=0.01 sys=0.00, real=0.00 secs] 
2016-07-15T15:41:19.377-0530: 71067.035: Total time for which application threads were stopped: 0.0002402 seconds
2016-07-15T15:41:20.378-0530: 71068.036: Total time for which application threads were stopped: 0.0001365 seconds
2016-07-15T15:42:10.122-0530: 71117.782: Total time for which application threads were stopped: 0.0002687 seconds
2016-07-15T15:43:27.815-0530: 71195.477: Total time for which application threads were stopped: 0.0001740 seconds
2016-07-15T15:43:27.816-0530: 71195.477: Total time for which application threads were stopped: 0.0000768 seconds
2016-07-15T15:43:27.816-0530: 71195.477: Total time for which application threads were stopped: 0.0000586 seconds
2016-07-15T15:43:27.820-0530: 71195.481: Total time for which application threads were stopped: 0.0005466 seconds
{Heap before GC invocations=170 (full 33):
 par new generation   total 109248K, used 108488K [0x00000007a0000000, 0x00000007a8000000, 0x00000007a8000000)
  eden space 87424K,  99% used [0x00000007a0000000, 0x00000007a54a20e0, 0x00000007a5560000)
  from space 21824K, 100% used [0x00000007a5560000, 0x00000007a6ab0000, 0x00000007a6ab0000)
  to   space 21824K,   0% used [0x00000007a6ab0000, 0x00000007a6ab0000, 0x00000007a8000000)
 concurrent mark-sweep generation total 393216K, used 99677K [0x00000007a8000000, 0x00000007c0000000, 0x00000007c0000000)
 Metaspace       used 31094K, capacity 31426K, committed 31740K, reserved 1077248K
  class space    used 3620K, capacity 3710K, committed 3836K, reserved 1048576K
2016-07-15T15:43:27.969-0530: 71195.631: [GC (Allocation Failure) 71195.641: [ParNew
Desired survivor size 20112992 bytes, new threshold 8 (max 8)
- age   1:   10606472 bytes,   10606472 total
- age   3:    4558968 bytes,   15165440 total
- age   4:    3226624 bytes,   18392064 total
- age   5:    1534592 bytes,   19926656 total
: 108488K->21824K(109248K), 0.1166659 secs] 208165K->123224K(502464K), 0.1271205 secs] [Times: user=0.11 sys=0.15, real=0.13 secs] 
Heap after GC invocations=171 (full 33):
 par new generation   total 109248K, used 21824K [0x00000007a0000000, 0x00000007a8000000, 0x00000007a8000000)
  eden space 87424K,   0% used [0x00000007a0000000, 0x00000007a0000000, 0x00000007a5560000)
  from space 21824K, 100% used [0x00000007a6ab0000, 0x00000007a8000000, 0x00000007a8000000)
  to   space 21824K,   0% used [0x00000007a5560000, 0x00000007a5560000, 0x00000007a6ab0000)
 concurrent mark-sweep generation total 393216K, used 101400K [0x00000007a8000000, 0x00000007c0000000, 0x00000007c0000000)
 Metaspace       used 31094K, capacity 31426K, committed 31740K, reserved 1077248K
  class space    used 3620K, capacity 3710K, committed 3836K, reserved 1048576K
}
2016-07-15T15:43:28.096-0530: 71195.758: Total time for which application threads were stopped: 0.1274615 seconds
{Heap before GC invocations=171 (full 33):
 par new generation   total 109248K, used 109248K [0x00000007a0000000, 0x00000007a8000000, 0x00000007a8000000)
  eden space 87424K, 100% used [0x00000007a0000000, 0x00000007a5560000, 0x00000007a5560000)
  from space 21824K, 100% used [0x00000007a6ab0000, 0x00000007a8000000, 0x00000007a8000000)
  to   space 21824K,   0% used [0x00000007a5560000, 0x00000007a5560000, 0x00000007a6ab0000)
 concurrent mark-sweep generation total 393216K, used 101400K [0x00000007a8000000, 0x00000007c0000000, 0x00000007c0000000)
 Metaspace       used 31094K, capacity 31426K, committed 31740K, reserved 1077248K
  class space    used 3620K, capacity 3710K, committed 3836K, reserved 1048576K
2016-07-15T15:43:28.799-0530: 71196.460: [GC (Allocation Failure) 71196.494: [ParNew
Desired survivor size 20112992 bytes, new threshold 5 (max 8)
- age   1:    7650624 bytes,    7650624 total
- age   2:    5650376 bytes,   13301000 total
- age   4:    4283000 bytes,   17584000 total
- age   5:    3226624 bytes,   20810624 total
- age   6:    1534208 bytes,   22344832 total
: 109248K->21824K(109248K), 0.1750510 secs] 210648K->166863K(502464K), 0.2086300 secs] [Times: user=0.25 sys=0.21, real=0.21 secs] 
Heap after GC invocations=172 (full 33):
 par new generation   total 109248K, used 21824K [0x00000007a0000000, 0x00000007a8000000, 0x00000007a8000000)
  eden space 87424K,   0% used [0x00000007a0000000, 0x00000007a0000000, 0x00000007a5560000)
  from space 21824K, 100% used [0x00000007a5560000, 0x00000007a6ab0000, 0x00000007a6ab0000)
  to   space 21824K,   0% used [0x00000007a6ab0000, 0x00000007a6ab0000, 0x00000007a8000000)
 concurrent mark-sweep generation total 393216K, used 145039K [0x00000007a8000000, 0x00000007c0000000, 0x00000007c0000000)
 Metaspace       used 31094K, capacity 31426K, committed 31740K, reserved 1077248K
  class space    used 3620K, capacity 3710K, committed 3836K, reserved 1048576K
}
2016-07-15T15:43:29.008-0530: 71196.669: Total time for which application threads were stopped: 0.2089508 seconds
{Heap before GC invocations=172 (full 33):
 par new generation   total 109248K, used 109248K [0x00000007a0000000, 0x00000007a8000000, 0x00000007a8000000)
  eden space 87424K, 100% used [0x00000007a0000000, 0x00000007a5560000, 0x00000007a5560000)
  from space 21824K, 100% used [0x00000007a5560000, 0x00000007a6ab0000, 0x00000007a6ab0000)
  to   space 21824K,   0% used [0x00000007a6ab0000, 0x00000007a6ab0000, 0x00000007a8000000)
 concurrent mark-sweep generation total 393216K, used 145039K [0x00000007a8000000, 0x00000007c0000000, 0x00000007c0000000)
 Metaspace       used 31094K, capacity 31426K, committed 31740K, reserved 1077248K
  class space    used 3620K, capacity 3710K, committed 3836K, reserved 1048576K
2016-07-15T15:43:29.773-0530: 71197.435: [GC (Allocation Failure) 71197.435: [ParNew
Desired survivor size 20112992 bytes, new threshold 5 (max 8)
- age   1:    5749608 bytes,    5749608 total
- age   2:    7215376 bytes,   12964984 total
- age   3:    5090624 bytes,   18055608 total
- age   5:    4283000 bytes,   22338608 total
: 109248K->21824K(109248K), 0.0319882 secs] 254287K->172618K(502464K), 0.0320644 secs] [Times: user=0.06 sys=0.03, real=0.03 secs] 
Heap after GC invocations=173 (full 33):
 par new generation   total 109248K, used 21824K [0x00000007a0000000, 0x00000007a8000000, 0x00000007a8000000)
  eden space 87424K,   0% used [0x00000007a0000000, 0x00000007a0000000, 0x00000007a5560000)
  from space 21824K, 100% used [0x00000007a6ab0000, 0x00000007a8000000, 0x00000007a8000000)
  to   space 21824K,   0% used [0x00000007a5560000, 0x00000007a5560000, 0x00000007a6ab0000)
 concurrent mark-sweep generation total 393216K, used 150794K [0x00000007a8000000, 0x00000007c0000000, 0x00000007c0000000)
 Metaspace       used 31094K, capacity 31426K, committed 31740K, reserved 1077248K
  class space    used 3620K, capacity 3710K, committed 3836K, reserved 1048576K
}
2016-07-15T15:43:29.805-0530: 71197.467: Total time for which application threads were stopped: 0.0323375 seconds
2016-07-15T15:43:31.499-0530: 71199.160: Total time for which application threads were stopped: 0.0004215 seconds
2016-07-15T15:43:32.502-0530: 71200.163: Total time for which application threads were stopped: 0.0003340 seconds
2016-07-15T15:43:52.996-0530: 71220.658: Total time for which application threads were stopped: 0.0001356 seconds
2016-07-15T15:43:52.996-0530: 71220.658: Total time for which application threads were stopped: 0.0000767 seconds
{Heap before GC invocations=173 (full 33):
 par new generation   total 109248K, used 109122K [0x00000007a0000000, 0x00000007a8000000, 0x00000007a8000000)
  eden space 87424K,  99% used [0x00000007a0000000, 0x00000007a5540820, 0x00000007a5560000)
  from space 21824K, 100% used [0x00000007a6ab0000, 0x00000007a8000000, 0x00000007a8000000)
  to   space 21824K,   0% used [0x00000007a5560000, 0x00000007a5560000, 0x00000007a6ab0000)
 concurrent mark-sweep generation total 393216K, used 150794K [0x00000007a8000000, 0x00000007c0000000, 0x00000007c0000000)
 Metaspace       used 31096K, capacity 31426K, committed 31740K, reserved 1077248K
  class space    used 3620K, capacity 3710K, committed 3836K, reserved 1048576K
2016-07-15T15:43:53.392-0530: 71221.054: [GC (Allocation Failure) 71221.087: [ParNew
Desired survivor size 20112992 bytes, new threshold 8 (max 8)
- age   1:   13129664 bytes,   13129664 total
- age   2:     448800 bytes,   13578464 total
- age   3:     933960 bytes,   14512424 total
- age   4:    4887456 bytes,   19399880 total
: 109122K->21824K(109248K), 0.0381246 secs] 259916K->182142K(502464K), 0.0706790 secs] [Times: user=0.09 sys=0.02, real=0.07 secs] 
Heap after GC invocations=174 (full 33):
 par new generation   total 109248K, used 21824K [0x00000007a0000000, 0x00000007a8000000, 0x00000007a8000000)
  eden space 87424K,   0% used [0x00000007a0000000, 0x00000007a0000000, 0x00000007a5560000)
  from space 21824K, 100% used [0x00000007a5560000, 0x00000007a6ab0000, 0x00000007a6ab0000)
  to   space 21824K,   0% used [0x00000007a6ab0000, 0x00000007a6ab0000, 0x00000007a8000000)
 concurrent mark-sweep generation total 393216K, used 160318K [0x00000007a8000000, 0x00000007c0000000, 0x00000007c0000000)
 Metaspace       used 31096K, capacity 31426K, committed 31740K, reserved 1077248K
  class space    used 3620K, capacity 3710K, committed 3836K, reserved 1048576K
}
2016-07-15T15:43:53.463-0530: 71221.125: Total time for which application threads were stopped: 0.0709314 seconds
{Heap before GC invocations=174 (full 33):
 par new generation   total 109248K, used 109248K [0x00000007a0000000, 0x00000007a8000000, 0x00000007a8000000)
  eden space 87424K, 100% used [0x00000007a0000000, 0x00000007a5560000, 0x00000007a5560000)
  from space 21824K, 100% used [0x00000007a5560000, 0x00000007a6ab0000, 0x00000007a6ab0000)
  to   space 21824K,   0% used [0x00000007a6ab0000, 0x00000007a6ab0000, 0x00000007a8000000)
 concurrent mark-sweep generation total 393216K, used 160318K [0x00000007a8000000, 0x00000007c0000000, 0x00000007c0000000)
 Metaspace       used 31096K, capacity 31426K, committed 31740K, reserved 1077248K
  class space    used 3620K, capacity 3710K, committed 3836K, reserved 1048576K
2016-07-15T15:43:53.875-0530: 71221.537: [GC (Allocation Failure) 71221.537: [ParNew
Desired survivor size 20112992 bytes, new threshold 5 (max 8)
- age   1:    4424144 bytes,    4424144 total
- age   2:   11653272 bytes,   16077416 total
- age   3:     448800 bytes,   16526216 total
- age   4:     933960 bytes,   17460176 total
- age   5:    4887456 bytes,   22347632 total
: 109248K->21824K(109248K), 0.0469681 secs] 269566K->191408K(502464K), 0.0470616 secs] [Times: user=0.11 sys=0.03, real=0.05 secs] 
Heap after GC invocations=175 (full 33):
 par new generation   total 109248K, used 21824K [0x00000007a0000000, 0x00000007a8000000, 0x00000007a8000000)
  eden space 87424K,   0% used [0x00000007a0000000, 0x00000007a0000000, 0x00000007a5560000)
  from space 21824K, 100% used [0x00000007a6ab0000, 0x00000007a8000000, 0x00000007a8000000)
  to   space 21824K,   0% used [0x00000007a5560000, 0x00000007a5560000, 0x00000007a6ab0000)
 concurrent mark-sweep generation total 393216K, used 169584K [0x00000007a8000000, 0x00000007c0000000, 0x00000007c0000000)
 Metaspace       used 31096K, capacity 31426K, committed 31740K, reserved 1077248K
  class space    used 3620K, capacity 3710K, committed 3836K, reserved 1048576K
}
2016-07-15T15:43:53.922-0530: 71221.584: Total time for which application threads were stopped: 0.0473024 seconds
2016-07-15T15:44:46.105-0530: 71273.768: Total time for which application threads were stopped: 0.0007115 seconds
2016-07-15T16:04:44.256-0530: 72471.948: Total time for which application threads were stopped: 0.0010872 seconds
2016-07-15T16:04:44.256-0530: 72471.949: Total time for which application threads were stopped: 0.0000694 seconds
2016-07-15T16:04:44.262-0530: 72471.955: Total time for which application threads were stopped: 0.0002870 seconds
2016-07-15T16:04:45.267-0530: 72472.960: Total time for which application threads were stopped: 0.0025629 seconds
2016-07-15T16:04:46.270-0530: 72473.963: Total time for which application threads were stopped: 0.0014491 seconds
{Heap before GC invocations=175 (full 33):
 par new generation   total 109248K, used 108741K [0x00000007a0000000, 0x00000007a8000000, 0x00000007a8000000)
  eden space 87424K,  99% used [0x00000007a0000000, 0x00000007a54e15b0, 0x00000007a5560000)
  from space 21824K, 100% used [0x00000007a6ab0000, 0x00000007a8000000, 0x00000007a8000000)
  to   space 21824K,   0% used [0x00000007a5560000, 0x00000007a5560000, 0x00000007a6ab0000)
 concurrent mark-sweep generation total 393216K, used 169584K [0x00000007a8000000, 0x00000007c0000000, 0x00000007c0000000)
 Metaspace       used 31097K, capacity 31426K, committed 31740K, reserved 1077248K
  class space    used 3620K, capacity 3710K, committed 3836K, reserved 1048576K
2016-07-15T16:04:47.688-0530: 72475.381: [GC (Allocation Failure) 72475.390: [ParNew
Desired survivor size 20112992 bytes, new threshold 3 (max 8)
- age   1:    5778456 bytes,    5778456 total
- age   2:    3449376 bytes,    9227832 total
- age   3:   11064128 bytes,   20291960 total
- age   4:     448800 bytes,   20740760 total
- age   5:     933960 bytes,   21674720 total
: 108741K->21824K(109248K), 0.1965828 secs] 278326K->199287K(502464K), 0.2065651 secs] [Times: user=0.14 sys=0.32, real=0.21 secs] 
Heap after GC invocations=176 (full 33):
 par new generation   total 109248K, used 21824K [0x00000007a0000000, 0x00000007a8000000, 0x00000007a8000000)
  eden space 87424K,   0% used [0x00000007a0000000, 0x00000007a0000000, 0x00000007a5560000)
  from space 21824K, 100% used [0x00000007a5560000, 0x00000007a6ab0000, 0x00000007a6ab0000)
  to   space 21824K,   0% used [0x00000007a6ab0000, 0x00000007a6ab0000, 0x00000007a8000000)
 concurrent mark-sweep generation total 393216K, used 177463K [0x00000007a8000000, 0x00000007c0000000, 0x00000007c0000000)
 Metaspace       used 31097K, capacity 31426K, committed 31740K, reserved 1077248K
  class space    used 3620K, capacity 3710K, committed 3836K, reserved 1048576K
}
2016-07-15T16:04:47.894-0530: 72475.587: Total time for which application threads were stopped: 0.2069084 seconds
2016-07-15T16:05:38.822-0530: 72526.516: Total time for which application threads were stopped: 0.0001374 seconds
2016-07-15T16:05:38.822-0530: 72526.516: Total time for which application threads were stopped: 0.0000796 seconds
2016-07-15T16:21:27.200-0530: 73474.918: Total time for which application threads were stopped: 0.0010627 seconds
2016-07-15T16:21:27.201-0530: 73474.918: Total time for which application threads were stopped: 0.0000748 seconds
2016-07-15T16:21:27.207-0530: 73474.924: Total time for which application threads were stopped: 0.0004386 seconds
2016-07-15T16:21:28.217-0530: 73475.934: Total time for which application threads were stopped: 0.0056189 seconds
{Heap before GC invocations=176 (full 33):
 par new generation   total 109248K, used 108988K [0x00000007a0000000, 0x00000007a8000000, 0x00000007a8000000)
  eden space 87424K,  99% used [0x00000007a0000000, 0x00000007a551f118, 0x00000007a5560000)
  from space 21824K, 100% used [0x00000007a5560000, 0x00000007a6ab0000, 0x00000007a6ab0000)
  to   space 21824K,   0% used [0x00000007a6ab0000, 0x00000007a6ab0000, 0x00000007a8000000)
 concurrent mark-sweep generation total 393216K, used 177463K [0x00000007a8000000, 0x00000007c0000000, 0x00000007c0000000)
 Metaspace       used 31097K, capacity 31426K, committed 31740K, reserved 1077248K
  class space    used 3620K, capacity 3710K, committed 3836K, reserved 1048576K
2016-07-15T16:21:32.661-0530: 73480.378: [GC (Allocation Failure) 73480.416: [ParNew
Desired survivor size 20112992 bytes, new threshold 8 (max 8)
- age   1:   11828488 bytes,   11828488 total
- age   2:    2546176 bytes,   14374664 total
- age   3:    1602168 bytes,   15976832 total
: 108988K->21824K(109248K), 0.1730421 secs] 286451K->218280K(502464K), 0.2109746 secs] [Times: user=0.11 sys=0.25, real=0.21 secs] 
Heap after GC invocations=177 (full 33):
 par new generation   total 109248K, used 21824K [0x00000007a0000000, 0x00000007a8000000, 0x00000007a8000000)
  eden space 87424K,   0% used [0x00000007a0000000, 0x00000007a0000000, 0x00000007a5560000)
  from space 21824K, 100% used [0x00000007a6ab0000, 0x00000007a8000000, 0x00000007a8000000)
  to   space 21824K,   0% used [0x00000007a5560000, 0x00000007a5560000, 0x00000007a6ab0000)
 concurrent mark-sweep generation total 393216K, used 196456K [0x00000007a8000000, 0x00000007c0000000, 0x00000007c0000000)
 Metaspace       used 31097K, capacity 31426K, committed 31740K, reserved 1077248K
  class space    used 3620K, capacity 3710K, committed 3836K, reserved 1048576K
}
2016-07-15T16:21:32.872-0530: 73480.590: Total time for which application threads were stopped: 0.2113397 seconds
{Heap before GC invocations=177 (full 33):
 par new generation   total 109248K, used 109248K [0x00000007a0000000, 0x00000007a8000000, 0x00000007a8000000)
  eden space 87424K, 100% used [0x00000007a0000000, 0x00000007a5560000, 0x00000007a5560000)
  from space 21824K, 100% used [0x00000007a6ab0000, 0x00000007a8000000, 0x00000007a8000000)
  to   space 21824K,   0% used [0x00000007a5560000, 0x00000007a5560000, 0x00000007a6ab0000)
 concurrent mark-sweep generation total 393216K, used 196456K [0x00000007a8000000, 0x00000007c0000000, 0x00000007c0000000)
 Metaspace       used 31097K, capacity 31426K, committed 31740K, reserved 1077248K
  class space    used 3620K, capacity 3710K, committed 3836K, reserved 1048576K
2016-07-15T16:21:33.496-0530: 73481.213: [GC (Allocation Failure) 73481.213: [ParNew
Desired survivor size 20112992 bytes, new threshold 3 (max 8)
- age   1:    7570624 bytes,    7570624 total
- age   2:   10592304 bytes,   18162928 total
- age   3:    2546176 bytes,   20709104 total
- age   4:    1602168 bytes,   22311272 total
: 109248K->21824K(109248K), 0.0489093 secs] 305704K->226621K(502464K), 0.0489806 secs] [Times: user=0.11 sys=0.05, real=0.05 secs] 
Heap after GC invocations=178 (full 33):
 par new generation   total 109248K, used 21824K [0x00000007a0000000, 0x00000007a8000000, 0x00000007a8000000)
  eden space 87424K,   0% used [0x00000007a0000000, 0x00000007a0000000, 0x00000007a5560000)
  from space 21824K, 100% used [0x00000007a5560000, 0x00000007a6ab0000, 0x00000007a6ab0000)
  to   space 21824K,   0% used [0x00000007a6ab0000, 0x00000007a6ab0000, 0x00000007a8000000)
 concurrent mark-sweep generation total 393216K, used 204797K [0x00000007a8000000, 0x00000007c0000000, 0x00000007c0000000)
 Metaspace       used 31097K, capacity 31426K, committed 31740K, reserved 1077248K
  class space    used 3620K, capacity 3710K, committed 3836K, reserved 1048576K
}
2016-07-15T16:21:33.545-0530: 73481.262: Total time for which application threads were stopped: 0.0492533 seconds
2016-07-15T16:21:33.545-0530: 73481.263: [GC (CMS Initial Mark) [1 CMS-initial-mark: 204797K(393216K)] 228001K(502464K), 0.0049918 secs] [Times: user=0.01 sys=0.00, real=0.01 secs] 
2016-07-15T16:21:33.550-0530: 73481.268: Total time for which application threads were stopped: 0.0052645 seconds
2016-07-15T16:21:33.550-0530: 73481.268: [CMS-concurrent-mark-start]
2016-07-15T16:21:33.607-0530: 73481.325: [CMS-concurrent-mark: 0.057/0.057 secs] [Times: user=0.16 sys=0.04, real=0.05 secs] 
2016-07-15T16:21:33.607-0530: 73481.325: [CMS-concurrent-preclean-start]
2016-07-15T16:21:33.609-0530: 73481.326: [CMS-concurrent-preclean: 0.001/0.001 secs] [Times: user=0.00 sys=0.00, real=0.00 secs] 
2016-07-15T16:21:33.609-0530: 73481.326: [CMS-concurrent-abortable-preclean-start]
2016-07-15T16:21:34.142-0530: 73481.859: [CMS-concurrent-abortable-preclean: 0.223/0.533 secs] [Times: user=0.74 sys=0.01, real=0.54 secs] 
2016-07-15T16:21:34.145-0530: 73481.863: [GC (CMS Final Remark) [YG occupancy: 68940 K (109248 K)]{Heap before GC invocations=178 (full 34):
 par new generation   total 109248K, used 68940K [0x00000007a0000000, 0x00000007a8000000, 0x00000007a8000000)
  eden space 87424K,  53% used [0x00000007a0000000, 0x00000007a2e03060, 0x00000007a5560000)
  from space 21824K, 100% used [0x00000007a5560000, 0x00000007a6ab0000, 0x00000007a6ab0000)
  to   space 21824K,   0% used [0x00000007a6ab0000, 0x00000007a6ab0000, 0x00000007a8000000)
 concurrent mark-sweep generation total 393216K, used 204797K [0x00000007a8000000, 0x00000007c0000000, 0x00000007c0000000)
 Metaspace       used 31097K, capacity 31426K, committed 31740K, reserved 1077248K
  class space    used 3620K, capacity 3710K, committed 3836K, reserved 1048576K
2016-07-15T16:21:34.145-0530: 73481.863: [GC (CMS Final Remark) 73481.863: [ParNew
Desired survivor size 20112992 bytes, new threshold 8 (max 8)
- age   1:    2901056 bytes,    2901056 total
- age   2:    6542432 bytes,    9443488 total
- age   3:    9604392 bytes,   19047880 total
: 68940K->21824K(109248K), 0.0450586 secs] 273737K->231599K(502464K), 0.0451066 secs] [Times: user=0.06 sys=0.04, real=0.05 secs] 
Heap after GC invocations=179 (full 34):
 par new generation   total 109248K, used 21824K [0x00000007a0000000, 0x00000007a8000000, 0x00000007a8000000)
  eden space 87424K,   0% used [0x00000007a0000000, 0x00000007a0000000, 0x00000007a5560000)
  from space 21824K, 100% used [0x00000007a6ab0000, 0x00000007a8000000, 0x00000007a8000000)
  to   space 21824K,   0% used [0x00000007a5560000, 0x00000007a5560000, 0x00000007a6ab0000)
 concurrent mark-sweep generation total 393216K, used 209775K [0x00000007a8000000, 0x00000007c0000000, 0x00000007c0000000)
 Metaspace       used 31097K, capacity 31426K, committed 31740K, reserved 1077248K
  class space    used 3620K, capacity 3710K, committed 3836K, reserved 1048576K
}
73481.908: [Rescan (parallel) , 0.0050085 secs]73481.913: [weak refs processing, 0.0008270 secs]73481.914: [class unloading, 0.0751711 secs]73481.989: [scrub symbol table, 0.0174596 secs]73482.007: [scrub string table, 0.0005013 secs][1 CMS-remark: 209775K(393216K)] 231599K(502464K), 0.1489679 secs] [Times: user=0.12 sys=0.10, real=0.15 secs] 
2016-07-15T16:21:34.294-0530: 73482.012: Total time for which application threads were stopped: 0.1521834 seconds
2016-07-15T16:21:34.295-0530: 73482.012: [CMS-concurrent-sweep-start]
2016-07-15T16:21:34.736-0530: 73482.454: [CMS-concurrent-sweep: 0.442/0.442 secs] [Times: user=0.61 sys=0.21, real=0.44 secs] 
2016-07-15T16:21:34.737-0530: 73482.454: [CMS-concurrent-reset-start]
2016-07-15T16:21:34.739-0530: 73482.457: [CMS-concurrent-reset: 0.003/0.003 secs] [Times: user=0.00 sys=0.00, real=0.00 secs] 
2016-07-15T16:22:25.630-0530: 73533.348: Total time for which application threads were stopped: 0.0011280 seconds
2016-07-15T16:22:25.631-0530: 73533.349: Total time for which application threads were stopped: 0.0001596 seconds
2016-07-15T16:24:46.540-0530: 73674.262: Total time for which application threads were stopped: 0.0006339 seconds
2016-07-15T16:24:46.547-0530: 73674.269: Total time for which application threads were stopped: 0.0001969 seconds
2016-07-15T16:24:46.549-0530: 73674.272: Total time for which application threads were stopped: 0.0001522 seconds
{Heap before GC invocations=179 (full 34):
 par new generation   total 109248K, used 109000K [0x00000007a0000000, 0x00000007a8000000, 0x00000007a8000000)
  eden space 87424K,  99% used [0x00000007a0000000, 0x00000007a55221b0, 0x00000007a5560000)
  from space 21824K, 100% used [0x00000007a6ab0000, 0x00000007a8000000, 0x00000007a8000000)
  to   space 21824K,   0% used [0x00000007a5560000, 0x00000007a5560000, 0x00000007a6ab0000)
 concurrent mark-sweep generation total 393216K, used 42939K [0x00000007a8000000, 0x00000007c0000000, 0x00000007c0000000)
 Metaspace       used 31097K, capacity 31426K, committed 31740K, reserved 1077248K
  class space    used 3620K, capacity 3710K, committed 3836K, reserved 1048576K
2016-07-15T16:24:47.095-0530: 73674.817: [GC (Allocation Failure) 73674.911: [ParNew
Desired survivor size 20112992 bytes, new threshold 4 (max 8)
- age   1:   16689520 bytes,   16689520 total
- age   3:     805128 bytes,   17494648 total
- age   4:    4057480 bytes,   21552128 total
: 109000K->21824K(109248K), 0.1870385 secs] 151940K->71727K(502464K), 0.2804231 secs] [Times: user=0.19 sys=0.19, real=0.28 secs] 
Heap after GC invocations=180 (full 34):
 par new generation   total 109248K, used 21824K [0x00000007a0000000, 0x00000007a8000000, 0x00000007a8000000)
  eden space 87424K,   0% used [0x00000007a0000000, 0x00000007a0000000, 0x00000007a5560000)
  from space 21824K, 100% used [0x00000007a5560000, 0x00000007a6ab0000, 0x00000007a6ab0000)
  to   space 21824K,   0% used [0x00000007a6ab0000, 0x00000007a6ab0000, 0x00000007a8000000)
 concurrent mark-sweep generation total 393216K, used 49903K [0x00000007a8000000, 0x00000007c0000000, 0x00000007c0000000)
 Metaspace       used 31097K, capacity 31426K, committed 31740K, reserved 1077248K
  class space    used 3620K, capacity 3710K, committed 3836K, reserved 1048576K
}
2016-07-15T16:24:47.376-0530: 73675.098: Total time for which application threads were stopped: 0.2807850 seconds
{Heap before GC invocations=180 (full 34):
 par new generation   total 109248K, used 109248K [0x00000007a0000000, 0x00000007a8000000, 0x00000007a8000000)
  eden space 87424K, 100% used [0x00000007a0000000, 0x00000007a5560000, 0x00000007a5560000)
  from space 21824K, 100% used [0x00000007a5560000, 0x00000007a6ab0000, 0x00000007a6ab0000)
  to   space 21824K,   0% used [0x00000007a6ab0000, 0x00000007a6ab0000, 0x00000007a8000000)
 concurrent mark-sweep generation total 393216K, used 49903K [0x00000007a8000000, 0x00000007c0000000, 0x00000007c0000000)
 Metaspace       used 31097K, capacity 31426K, committed 31740K, reserved 1077248K
  class space    used 3620K, capacity 3710K, committed 3836K, reserved 1048576K
2016-07-15T16:24:47.897-0530: 73675.619: [GC (Allocation Failure) 73675.619: [ParNew
Desired survivor size 20112992 bytes, new threshold 2 (max 8)
- age   1:    6400648 bytes,    6400648 total
- age   2:   15141768 bytes,   21542416 total
- age   4:     805128 bytes,   22347544 total
: 109248K->21824K(109248K), 0.0870380 secs] 159151K->84539K(502464K), 0.0871175 secs] [Times: user=0.14 sys=0.11, real=0.09 secs] 
Heap after GC invocations=181 (full 34):
 par new generation   total 109248K, used 21824K [0x00000007a0000000, 0x00000007a8000000, 0x00000007a8000000)
  eden space 87424K,   0% used [0x00000007a0000000, 0x00000007a0000000, 0x00000007a5560000)
  from space 21824K, 100% used [0x00000007a6ab0000, 0x00000007a8000000, 0x00000007a8000000)
  to   space 21824K,   0% used [0x00000007a5560000, 0x00000007a5560000, 0x00000007a6ab0000)
 concurrent mark-sweep generation total 393216K, used 62715K [0x00000007a8000000, 0x00000007c0000000, 0x00000007c0000000)
 Metaspace       used 31097K, capacity 31426K, committed 31740K, reserved 1077248K
  class space    used 3620K, capacity 3710K, committed 3836K, reserved 1048576K
}
2016-07-15T16:24:47.984-0530: 73675.706: Total time for which application threads were stopped: 0.0873952 seconds
2016-07-15T16:25:40.296-0530: 73728.019: Total time for which application threads were stopped: 0.0001877 seconds
2016-07-15T16:25:40.296-0530: 73728.020: Total time for which application threads were stopped: 0.0000930 seconds
2016-07-15T16:28:42.402-0530: 73910.130: Total time for which application threads were stopped: 0.0001628 seconds
2016-07-15T16:28:42.402-0530: 73910.130: Total time for which application threads were stopped: 0.0000655 seconds
2016-07-15T16:28:42.406-0530: 73910.134: Total time for which application threads were stopped: 0.0002372 seconds
{Heap before GC invocations=181 (full 34):
 par new generation   total 109248K, used 109247K [0x00000007a0000000, 0x00000007a8000000, 0x00000007a8000000)
  eden space 87424K,  99% used [0x00000007a0000000, 0x00000007a555feb8, 0x00000007a5560000)
  from space 21824K, 100% used [0x00000007a6ab0000, 0x00000007a8000000, 0x00000007a8000000)
  to   space 21824K,   0% used [0x00000007a5560000, 0x00000007a5560000, 0x00000007a6ab0000)
 concurrent mark-sweep generation total 393216K, used 62715K [0x00000007a8000000, 0x00000007c0000000, 0x00000007c0000000)
 Metaspace       used 31097K, capacity 31426K, committed 31740K, reserved 1077248K
  class space    used 3620K, capacity 3710K, committed 3836K, reserved 1048576K
2016-07-15T16:28:42.433-0530: 73910.161: [GC (Allocation Failure) 73910.208: [ParNew
Desired survivor size 20112992 bytes, new threshold 8 (max 8)
- age   1:    3224352 bytes,    3224352 total
: 109247K->21057K(109248K), 0.0384959 secs] 171963K->96475K(502464K), 0.0854974 secs] [Times: user=0.04 sys=0.05, real=0.08 secs] 
Heap after GC invocations=182 (full 34):
 par new generation   total 109248K, used 21057K [0x00000007a0000000, 0x00000007a8000000, 0x00000007a8000000)
  eden space 87424K,   0% used [0x00000007a0000000, 0x00000007a0000000, 0x00000007a5560000)
  from space 21824K,  96% used [0x00000007a5560000, 0x00000007a69f0420, 0x00000007a6ab0000)
  to   space 21824K,   0% used [0x00000007a6ab0000, 0x00000007a6ab0000, 0x00000007a8000000)
 concurrent mark-sweep generation total 393216K, used 75418K [0x00000007a8000000, 0x00000007c0000000, 0x00000007c0000000)
 Metaspace       used 31097K, capacity 31426K, committed 31740K, reserved 1077248K
  class space    used 3620K, capacity 3710K, committed 3836K, reserved 1048576K
}
2016-07-15T16:28:42.520-0530: 73910.248: Total time for which application threads were stopped: 0.0869435 seconds
{Heap before GC invocations=182 (full 34):
 par new generation   total 109248K, used 108481K [0x00000007a0000000, 0x00000007a8000000, 0x00000007a8000000)
  eden space 87424K, 100% used [0x00000007a0000000, 0x00000007a5560000, 0x00000007a5560000)
  from space 21824K,  96% used [0x00000007a5560000, 0x00000007a69f0420, 0x00000007a6ab0000)
  to   space 21824K,   0% used [0x00000007a6ab0000, 0x00000007a6ab0000, 0x00000007a8000000)
 concurrent mark-sweep generation total 393216K, used 75418K [0x00000007a8000000, 0x00000007c0000000, 0x00000007c0000000)
 Metaspace       used 31097K, capacity 31426K, committed 31740K, reserved 1077248K
  class space    used 3620K, capacity 3710K, committed 3836K, reserved 1048576K
2016-07-15T16:28:43.081-0530: 73910.809: [GC (Allocation Failure) 73910.809: [ParNew
Desired survivor size 20112992 bytes, new threshold 2 (max 8)
- age   1:   19111808 bytes,   19111808 total
- age   2:    3216432 bytes,   22328240 total
: 108481K->21824K(109248K), 0.0747339 secs] 183899K->117544K(502464K), 0.0748346 secs] [Times: user=0.13 sys=0.08, real=0.07 secs] 
Heap after GC invocations=183 (full 34):
 par new generation   total 109248K, used 21824K [0x00000007a0000000, 0x00000007a8000000, 0x00000007a8000000)
  eden space 87424K,   0% used [0x00000007a0000000, 0x00000007a0000000, 0x00000007a5560000)
  from space 21824K, 100% used [0x00000007a6ab0000, 0x00000007a8000000, 0x00000007a8000000)
  to   space 21824K,   0% used [0x00000007a5560000, 0x00000007a5560000, 0x00000007a6ab0000)
 concurrent mark-sweep generation total 393216K, used 95720K [0x00000007a8000000, 0x00000007c0000000, 0x00000007c0000000)
 Metaspace       used 31097K, capacity 31426K, committed 31740K, reserved 1077248K
  class space    used 3620K, capacity 3710K, committed 3836K, reserved 1048576K
}
2016-07-15T16:28:43.156-0530: 73910.884: Total time for which application threads were stopped: 0.0751360 seconds
{Heap before GC invocations=183 (full 34):
 par new generation   total 109248K, used 109248K [0x00000007a0000000, 0x00000007a8000000, 0x00000007a8000000)
  eden space 87424K, 100% used [0x00000007a0000000, 0x00000007a5560000, 0x00000007a5560000)
  from space 21824K, 100% used [0x00000007a6ab0000, 0x00000007a8000000, 0x00000007a8000000)
  to   space 21824K,   0% used [0x00000007a5560000, 0x00000007a5560000, 0x00000007a6ab0000)
 concurrent mark-sweep generation total 393216K, used 95720K [0x00000007a8000000, 0x00000007c0000000, 0x00000007c0000000)
 Metaspace       used 31097K, capacity 31426K, committed 31740K, reserved 1077248K
  class space    used 3620K, capacity 3710K, committed 3836K, reserved 1048576K
2016-07-15T16:28:43.838-0530: 73911.566: [GC (Allocation Failure) 73911.566: [ParNew
Desired survivor size 20112992 bytes, new threshold 2 (max 8)
- age   1:   11671320 bytes,   11671320 total
- age   2:    9752808 bytes,   21424128 total
: 109248K->21824K(109248K), 0.0511136 secs] 204968K->125765K(502464K), 0.0511973 secs] [Times: user=0.08 sys=0.10, real=0.06 secs] 
Heap after GC invocations=184 (full 34):
 par new generation   total 109248K, used 21824K [0x00000007a0000000, 0x00000007a8000000, 0x00000007a8000000)
  eden space 87424K,   0% used [0x00000007a0000000, 0x00000007a0000000, 0x00000007a5560000)
  from space 21824K, 100% used [0x00000007a5560000, 0x00000007a6ab0000, 0x00000007a6ab0000)
  to   space 21824K,   0% used [0x00000007a6ab0000, 0x00000007a6ab0000, 0x00000007a8000000)
 concurrent mark-sweep generation total 393216K, used 103941K [0x00000007a8000000, 0x00000007c0000000, 0x00000007c0000000)
 Metaspace       used 31097K, capacity 31426K, committed 31740K, reserved 1077248K
  class space    used 3620K, capacity 3710K, committed 3836K, reserved 1048576K
}
2016-07-15T16:28:43.890-0530: 73911.618: Total time for which application threads were stopped: 0.0514463 seconds
2016-07-15T16:28:43.997-0530: 73911.725: Total time for which application threads were stopped: 0.0002115 seconds
2016-07-15T16:28:43.997-0530: 73911.725: Total time for which application threads were stopped: 0.0001029 seconds
2016-07-15T16:28:43.998-0530: 73911.726: Total time for which application threads were stopped: 0.0001387 seconds
{Heap before GC invocations=184 (full 34):
 par new generation   total 109248K, used 109206K [0x00000007a0000000, 0x00000007a8000000, 0x00000007a8000000)
  eden space 87424K,  99% used [0x00000007a0000000, 0x00000007a5555a48, 0x00000007a5560000)
  from space 21824K, 100% used [0x00000007a5560000, 0x00000007a6ab0000, 0x00000007a6ab0000)
  to   space 21824K,   0% used [0x00000007a6ab0000, 0x00000007a6ab0000, 0x00000007a8000000)
 concurrent mark-sweep generation total 393216K, used 103941K [0x00000007a8000000, 0x00000007c0000000, 0x00000007c0000000)
 Metaspace       used 31101K, capacity 31426K, committed 31740K, reserved 1077248K
  class space    used 3620K, capacity 3710K, committed 3836K, reserved 1048576K
2016-07-15T16:28:44.276-0530: 73912.004: [GC (Allocation Failure) 73912.004: [ParNew
Desired survivor size 20112992 bytes, new threshold 2 (max 8)
- age   1:   13064448 bytes,   13064448 total
- age   2:    8279000 bytes,   21343448 total
: 109206K->21824K(109248K), 0.0450869 secs] 213148K->141390K(502464K), 0.0451460 secs] [Times: user=0.10 sys=0.05, real=0.05 secs] 
Heap after GC invocations=185 (full 34):
 par new generation   total 109248K, used 21824K [0x00000007a0000000, 0x00000007a8000000, 0x00000007a8000000)
  eden space 87424K,   0% used [0x00000007a0000000, 0x00000007a0000000, 0x00000007a5560000)
  from space 21824K, 100% used [0x00000007a6ab0000, 0x00000007a8000000, 0x00000007a8000000)
  to   space 21824K,   0% used [0x00000007a5560000, 0x00000007a5560000, 0x00000007a6ab0000)
 concurrent mark-sweep generation total 393216K, used 119566K [0x00000007a8000000, 0x00000007c0000000, 0x00000007c0000000)
 Metaspace       used 31101K, capacity 31426K, committed 31740K, reserved 1077248K
  class space    used 3620K, capacity 3710K, committed 3836K, reserved 1048576K
}
2016-07-15T16:28:44.322-0530: 73912.049: Total time for which application threads were stopped: 0.0455021 seconds
{Heap before GC invocations=185 (full 34):
 par new generation   total 109248K, used 109248K [0x00000007a0000000, 0x00000007a8000000, 0x00000007a8000000)
  eden space 87424K, 100% used [0x00000007a0000000, 0x00000007a5560000, 0x00000007a5560000)
  from space 21824K, 100% used [0x00000007a6ab0000, 0x00000007a8000000, 0x00000007a8000000)
  to   space 21824K,   0% used [0x00000007a5560000, 0x00000007a5560000, 0x00000007a6ab0000)
 concurrent mark-sweep generation total 393216K, used 119566K [0x00000007a8000000, 0x00000007c0000000, 0x00000007c0000000)
 Metaspace       used 31101K, capacity 31426K, committed 31740K, reserved 1077248K
  class space    used 3620K, capacity 3710K, committed 3836K, reserved 1048576K
2016-07-15T16:28:44.807-0530: 73912.535: [GC (Allocation Failure) 73912.535: [ParNew
Desired survivor size 20112992 bytes, new threshold 2 (max 8)
- age   1:   13300792 bytes,   13300792 total
- age   2:    7916848 bytes,   21217640 total
: 109248K->21824K(109248K), 0.0637235 secs] 228814K->163937K(502464K), 0.0638202 secs] [Times: user=0.12 sys=0.08, real=0.07 secs] 
Heap after GC invocations=186 (full 34):
 par new generation   total 109248K, used 21824K [0x00000007a0000000, 0x00000007a8000000, 0x00000007a8000000)
  eden space 87424K,   0% used [0x00000007a0000000, 0x00000007a0000000, 0x00000007a5560000)
  from space 21824K, 100% used [0x00000007a5560000, 0x00000007a6ab0000, 0x00000007a6ab0000)
  to   space 21824K,   0% used [0x00000007a6ab0000, 0x00000007a6ab0000, 0x00000007a8000000)
 concurrent mark-sweep generation total 393216K, used 142113K [0x00000007a8000000, 0x00000007c0000000, 0x00000007c0000000)
 Metaspace       used 31101K, capacity 31426K, committed 31740K, reserved 1077248K
  class space    used 3620K, capacity 3710K, committed 3836K, reserved 1048576K
}
2016-07-15T16:28:44.871-0530: 73912.599: Total time for which application threads were stopped: 0.0641134 seconds
{Heap before GC invocations=186 (full 34):
 par new generation   total 109248K, used 107361K [0x00000007a0000000, 0x00000007a8000000, 0x00000007a8000000)
  eden space 87424K,  97% used [0x00000007a0000000, 0x00000007a5388780, 0x00000007a5560000)
  from space 21824K, 100% used [0x00000007a5560000, 0x00000007a6ab0000, 0x00000007a6ab0000)
  to   space 21824K,   0% used [0x00000007a6ab0000, 0x00000007a6ab0000, 0x00000007a8000000)
 concurrent mark-sweep generation total 393216K, used 142113K [0x00000007a8000000, 0x00000007c0000000, 0x00000007c0000000)
 Metaspace       used 31101K, capacity 31426K, committed 31740K, reserved 1077248K
  class space    used 3620K, capacity 3710K, committed 3836K, reserved 1048576K
2016-07-15T16:28:46.110-0530: 73913.838: [GC (Allocation Failure) 73913.838: [ParNew
Desired survivor size 20112992 bytes, new threshold 8 (max 8)
- age   1:    2639320 bytes,    2639320 total
- age   2:    7309280 bytes,    9948600 total
: 107361K->16208K(109248K), 0.0378902 secs] 249475K->171768K(502464K), 0.0379779 secs] [Times: user=0.08 sys=0.04, real=0.03 secs] 
Heap after GC invocations=187 (full 34):
 par new generation   total 109248K, used 16208K [0x00000007a0000000, 0x00000007a8000000, 0x00000007a8000000)
  eden space 87424K,   0% used [0x00000007a0000000, 0x00000007a0000000, 0x00000007a5560000)
  from space 21824K,  74% used [0x00000007a6ab0000, 0x00000007a7a84180, 0x00000007a8000000)
  to   space 21824K,   0% used [0x00000007a5560000, 0x00000007a5560000, 0x00000007a6ab0000)
 concurrent mark-sweep generation total 393216K, used 155559K [0x00000007a8000000, 0x00000007c0000000, 0x00000007c0000000)
 Metaspace       used 31101K, capacity 31426K, committed 31740K, reserved 1077248K
  class space    used 3620K, capacity 3710K, committed 3836K, reserved 1048576K
}
2016-07-15T16:28:46.148-0530: 73913.876: Total time for which application threads were stopped: 0.0777511 seconds
2016-07-15T16:29:36.236-0530: 73963.965: Total time for which application threads were stopped: 0.0001729 seconds
2016-07-15T16:29:36.236-0530: 73963.966: Total time for which application threads were stopped: 0.0001099 seconds
2016-07-15T16:29:37.466-0530: 73965.196: Total time for which application threads were stopped: 0.0002362 seconds
2016-07-15T16:29:37.467-0530: 73965.196: Total time for which application threads were stopped: 0.0001579 seconds
2016-07-15T16:32:46.683-0530: 74154.417: Total time for which application threads were stopped: 0.0023063 seconds
2016-07-15T16:32:46.684-0530: 74154.418: Total time for which application threads were stopped: 0.0000555 seconds
2016-07-15T16:32:46.691-0530: 74154.425: Total time for which application threads were stopped: 0.0005041 seconds
{Heap before GC invocations=187 (full 34):
 par new generation   total 109248K, used 103632K [0x00000007a0000000, 0x00000007a8000000, 0x00000007a8000000)
  eden space 87424K, 100% used [0x00000007a0000000, 0x00000007a5560000, 0x00000007a5560000)
  from space 21824K,  74% used [0x00000007a6ab0000, 0x00000007a7a84180, 0x00000007a8000000)
  to   space 21824K,   0% used [0x00000007a5560000, 0x00000007a5560000, 0x00000007a6ab0000)
 concurrent mark-sweep generation total 393216K, used 155559K [0x00000007a8000000, 0x00000007c0000000, 0x00000007c0000000)
 Metaspace       used 31106K, capacity 31426K, committed 31740K, reserved 1077248K
  class space    used 3620K, capacity 3710K, committed 3836K, reserved 1048576K
2016-07-15T16:32:47.274-0530: 74155.008: [GC (Allocation Failure) 74155.034: [ParNew
Desired survivor size 20112992 bytes, new threshold 3 (max 8)
- age   1:   14177520 bytes,   14177520 total
- age   2:    1563552 bytes,   15741072 total
- age   3:    6567304 bytes,   22308376 total
: 103632K->21824K(109248K), 0.0480752 secs] 259192K->185017K(502464K), 0.0739930 secs] [Times: user=0.08 sys=0.08, real=0.07 secs] 
Heap after GC invocations=188 (full 34):
 par new generation   total 109248K, used 21824K [0x00000007a0000000, 0x00000007a8000000, 0x00000007a8000000)
  eden space 87424K,   0% used [0x00000007a0000000, 0x00000007a0000000, 0x00000007a5560000)
  from space 21824K, 100% used [0x00000007a5560000, 0x00000007a6ab0000, 0x00000007a6ab0000)
  to   space 21824K,   0% used [0x00000007a6ab0000, 0x00000007a6ab0000, 0x00000007a8000000)
 concurrent mark-sweep generation total 393216K, used 163193K [0x00000007a8000000, 0x00000007c0000000, 0x00000007c0000000)
 Metaspace       used 31106K, capacity 31426K, committed 31740K, reserved 1077248K
  class space    used 3620K, capacity 3710K, committed 3836K, reserved 1048576K
}
2016-07-15T16:32:47.348-0530: 74155.082: Total time for which application threads were stopped: 0.0743637 seconds
{Heap before GC invocations=188 (full 34):
 par new generation   total 109248K, used 109248K [0x00000007a0000000, 0x00000007a8000000, 0x00000007a8000000)
  eden space 87424K, 100% used [0x00000007a0000000, 0x00000007a5560000, 0x00000007a5560000)
  from space 21824K, 100% used [0x00000007a5560000, 0x00000007a6ab0000, 0x00000007a6ab0000)
  to   space 21824K,   0% used [0x00000007a6ab0000, 0x00000007a6ab0000, 0x00000007a8000000)
 concurrent mark-sweep generation total 393216K, used 163193K [0x00000007a8000000, 0x00000007c0000000, 0x00000007c0000000)
 Metaspace       used 31106K, capacity 31426K, committed 31740K, reserved 1077248K
  class space    used 3620K, capacity 3710K, committed 3836K, reserved 1048576K
2016-07-15T16:32:47.826-0530: 74155.560: [GC (Allocation Failure) 74155.560: [ParNew
Desired survivor size 20112992 bytes, new threshold 2 (max 8)
- age   1:   10389696 bytes,   10389696 total
- age   2:   10187568 bytes,   20577264 total
- age   3:    1563552 bytes,   22140816 total
: 109248K->21824K(109248K), 0.0509985 secs] 272441K->194871K(502464K), 0.0510646 secs] [Times: user=0.08 sys=0.08, real=0.05 secs] 
Heap after GC invocations=189 (full 34):
 par new generation   total 109248K, used 21824K [0x00000007a0000000, 0x00000007a8000000, 0x00000007a8000000)
  eden space 87424K,   0% used [0x00000007a0000000, 0x00000007a0000000, 0x00000007a5560000)
  from space 21824K, 100% used [0x00000007a6ab0000, 0x00000007a8000000, 0x00000007a8000000)
  to   space 21824K,   0% used [0x00000007a5560000, 0x00000007a5560000, 0x00000007a6ab0000)
 concurrent mark-sweep generation total 393216K, used 173047K [0x00000007a8000000, 0x00000007c0000000, 0x00000007c0000000)
 Metaspace       used 31106K, capacity 31426K, committed 31740K, reserved 1077248K
  class space    used 3620K, capacity 3710K, committed 3836K, reserved 1048576K
}
2016-07-15T16:32:47.877-0530: 74155.611: Total time for which application threads were stopped: 0.0513245 seconds
2016-07-15T16:33:40.139-0530: 74207.874: Total time for which application threads were stopped: 0.0002758 seconds
2016-07-15T16:33:40.139-0530: 74207.874: Total time for which application threads were stopped: 0.0001588 seconds
2016-07-15T16:34:49.778-0530: 74277.514: Total time for which application threads were stopped: 0.0001114 seconds
2016-07-15T16:34:49.778-0530: 74277.515: Total time for which application threads were stopped: 0.0000609 seconds
2016-07-15T16:34:49.782-0530: 74277.519: Total time for which application threads were stopped: 0.0001869 seconds
{Heap before GC invocations=189 (full 34):
 par new generation   total 109248K, used 109229K [0x00000007a0000000, 0x00000007a8000000, 0x00000007a8000000)
  eden space 87424K,  99% used [0x00000007a0000000, 0x00000007a555b528, 0x00000007a5560000)
  from space 21824K, 100% used [0x00000007a6ab0000, 0x00000007a8000000, 0x00000007a8000000)
  to   space 21824K,   0% used [0x00000007a5560000, 0x00000007a5560000, 0x00000007a6ab0000)
 concurrent mark-sweep generation total 393216K, used 173047K [0x00000007a8000000, 0x00000007c0000000, 0x00000007c0000000)
 Metaspace       used 31107K, capacity 31426K, committed 31740K, reserved 1077248K
  class space    used 3620K, capacity 3710K, committed 3836K, reserved 1048576K
2016-07-15T16:34:49.818-0530: 74277.555: [GC (Allocation Failure) 74277.575: [ParNew
Desired survivor size 20112992 bytes, new threshold 8 (max 8)
- age   1:    4527560 bytes,    4527560 total
: 109229K->18447K(109248K), 0.0518996 secs] 282276K->197979K(502464K), 0.0725456 secs] [Times: user=0.03 sys=0.06, real=0.08 secs] 
Heap after GC invocations=190 (full 34):
 par new generation   total 109248K, used 18447K [0x00000007a0000000, 0x00000007a8000000, 0x00000007a8000000)
  eden space 87424K,   0% used [0x00000007a0000000, 0x00000007a0000000, 0x00000007a5560000)
  from space 21824K,  84% used [0x00000007a5560000, 0x00000007a6763c20, 0x00000007a6ab0000)
  to   space 21824K,   0% used [0x00000007a6ab0000, 0x00000007a6ab0000, 0x00000007a8000000)
 concurrent mark-sweep generation total 393216K, used 179532K [0x00000007a8000000, 0x00000007c0000000, 0x00000007c0000000)
 Metaspace       used 31107K, capacity 31426K, committed 31740K, reserved 1077248K
  class space    used 3620K, capacity 3710K, committed 3836K, reserved 1048576K
}
2016-07-15T16:34:49.891-0530: 74277.628: Total time for which application threads were stopped: 0.0727969 seconds
{Heap before GC invocations=190 (full 34):
 par new generation   total 109248K, used 105871K [0x00000007a0000000, 0x00000007a8000000, 0x00000007a8000000)
  eden space 87424K, 100% used [0x00000007a0000000, 0x00000007a5560000, 0x00000007a5560000)
  from space 21824K,  84% used [0x00000007a5560000, 0x00000007a6763c20, 0x00000007a6ab0000)
  to   space 21824K,   0% used [0x00000007a6ab0000, 0x00000007a6ab0000, 0x00000007a8000000)
 concurrent mark-sweep generation total 393216K, used 179532K [0x00000007a8000000, 0x00000007c0000000, 0x00000007c0000000)
 Metaspace       used 31107K, capacity 31426K, committed 31740K, reserved 1077248K
  class space    used 3620K, capacity 3710K, committed 3836K, reserved 1048576K
2016-07-15T16:34:50.415-0530: 74278.152: [GC (Allocation Failure) 74278.152: [ParNew
Desired survivor size 20112992 bytes, new threshold 2 (max 8)
- age   1:   17831128 bytes,   17831128 total
- age   2:    4506552 bytes,   22337680 total
: 105871K->21824K(109248K), 0.1595040 secs] 285403K->226301K(502464K), 0.2129848 secs] [Times: user=0.16 sys=0.14, real=0.21 secs] 
Heap after GC invocations=191 (full 34):
 par new generation   total 109248K, used 21824K [0x00000007a0000000, 0x00000007a8000000, 0x00000007a8000000)
  eden space 87424K,   0% used [0x00000007a0000000, 0x00000007a0000000, 0x00000007a5560000)
  from space 21824K, 100% used [0x00000007a6ab0000, 0x00000007a8000000, 0x00000007a8000000)
  to   space 21824K,   0% used [0x00000007a5560000, 0x00000007a5560000, 0x00000007a6ab0000)
 concurrent mark-sweep generation total 393216K, used 204477K [0x00000007a8000000, 0x00000007c0000000, 0x00000007c0000000)
 Metaspace       used 31107K, capacity 31426K, committed 31740K, reserved 1077248K
  class space    used 3620K, capacity 3710K, committed 3836K, reserved 1048576K
}
2016-07-15T16:34:50.629-0530: 74278.366: Total time for which application threads were stopped: 0.2135388 seconds
2016-07-15T16:34:50.629-0530: 74278.366: [GC (CMS Initial Mark) [1 CMS-initial-mark: 204477K(393216K)] 227206K(502464K), 0.0085432 secs] [Times: user=0.02 sys=0.00, real=0.01 secs] 
2016-07-15T16:34:50.638-0530: 74278.374: Total time for which application threads were stopped: 0.0088271 seconds
2016-07-15T16:34:50.638-0530: 74278.374: [CMS-concurrent-mark-start]
2016-07-15T16:34:50.699-0530: 74278.436: [CMS-concurrent-mark: 0.061/0.061 secs] [Times: user=0.13 sys=0.04, real=0.06 secs] 
2016-07-15T16:34:50.699-0530: 74278.436: [CMS-concurrent-preclean-start]
2016-07-15T16:34:50.700-0530: 74278.437: [CMS-concurrent-preclean: 0.001/0.001 secs] [Times: user=0.00 sys=0.00, real=0.01 secs] 
2016-07-15T16:34:50.700-0530: 74278.437: [CMS-concurrent-abortable-preclean-start]
2016-07-15T16:34:51.171-0530: 74278.908: [CMS-concurrent-abortable-preclean: 0.162/0.471 secs] [Times: user=0.60 sys=0.01, real=0.47 secs] 
2016-07-15T16:34:51.172-0530: 74278.909: [GC (CMS Final Remark) [YG occupancy: 85098 K (109248 K)]{Heap before GC invocations=191 (full 35):
 par new generation   total 109248K, used 85098K [0x00000007a0000000, 0x00000007a8000000, 0x00000007a8000000)
  eden space 87424K,  72% used [0x00000007a0000000, 0x00000007a3dca990, 0x00000007a5560000)
  from space 21824K, 100% used [0x00000007a6ab0000, 0x00000007a8000000, 0x00000007a8000000)
  to   space 21824K,   0% used [0x00000007a5560000, 0x00000007a5560000, 0x00000007a6ab0000)
 concurrent mark-sweep generation total 393216K, used 204477K [0x00000007a8000000, 0x00000007c0000000, 0x00000007c0000000)
 Metaspace       used 31107K, capacity 31426K, committed 31740K, reserved 1077248K
  class space    used 3620K, capacity 3710K, committed 3836K, reserved 1048576K
2016-07-15T16:34:51.172-0530: 74278.909: [GC (CMS Final Remark) 74278.909: [ParNew
Desired survivor size 20112992 bytes, new threshold 2 (max 8)
- age   1:   11188256 bytes,   11188256 total
- age   2:   11159256 bytes,   22347512 total
: 85098K->21824K(109248K), 0.0546928 secs] 289575K->233367K(502464K), 0.0547460 secs] [Times: user=0.07 sys=0.06, real=0.05 secs] 
Heap after GC invocations=192 (full 35):
 par new generation   total 109248K, used 21824K [0x00000007a0000000, 0x00000007a8000000, 0x00000007a8000000)
  eden space 87424K,   0% used [0x00000007a0000000, 0x00000007a0000000, 0x00000007a5560000)
  from space 21824K, 100% used [0x00000007a5560000, 0x00000007a6ab0000, 0x00000007a6ab0000)
  to   space 21824K,   0% used [0x00000007a6ab0000, 0x00000007a6ab0000, 0x00000007a8000000)
 concurrent mark-sweep generation total 393216K, used 211543K [0x00000007a8000000, 0x00000007c0000000, 0x00000007c0000000)
 Metaspace       used 31107K, capacity 31426K, committed 31740K, reserved 1077248K
  class space    used 3620K, capacity 3710K, committed 3836K, reserved 1048576K
}
74278.963: [Rescan (parallel) , 0.0068551 secs]74278.970: [weak refs processing, 0.0034689 secs]74278.974: [class unloading, 0.0969049 secs]74279.071: [scrub symbol table, 0.0215994 secs]74279.092: [scrub string table, 0.0152232 secs][1 CMS-remark: 211543K(393216K)] 233367K(502464K), 0.2033335 secs] [Times: user=0.14 sys=0.13, real=0.20 secs] 
2016-07-15T16:34:51.375-0530: 74279.112: Total time for which application threads were stopped: 0.2036370 seconds
2016-07-15T16:34:51.375-0530: 74279.112: [CMS-concurrent-sweep-start]
2016-07-15T16:34:51.815-0530: 74279.552: [CMS-concurrent-sweep: 0.440/0.440 secs] [Times: user=0.55 sys=0.17, real=0.44 secs] 
2016-07-15T16:34:51.815-0530: 74279.552: [CMS-concurrent-reset-start]
2016-07-15T16:34:51.821-0530: 74279.558: [CMS-concurrent-reset: 0.006/0.006 secs] [Times: user=0.01 sys=0.01, real=0.01 secs] 
2016-07-15T16:35:43.770-0530: 74331.509: Total time for which application threads were stopped: 0.0001959 seconds
2016-07-15T16:35:43.771-0530: 74331.509: Total time for which application threads were stopped: 0.0001085 seconds
2016-07-15T16:37:07.248-0530: 74414.988: Total time for which application threads were stopped: 0.0001311 seconds
2016-07-15T16:37:07.248-0530: 74414.988: Total time for which application threads were stopped: 0.0003039 seconds
2016-07-15T16:37:07.250-0530: 74414.990: Total time for which application threads were stopped: 0.0001487 seconds
2016-07-15T16:37:07.254-0530: 74414.994: Total time for which application threads were stopped: 0.0001854 seconds
{Heap before GC invocations=192 (full 35):
 par new generation   total 109248K, used 109159K [0x00000007a0000000, 0x00000007a8000000, 0x00000007a8000000)
  eden space 87424K,  99% used [0x00000007a0000000, 0x00000007a5549e88, 0x00000007a5560000)
  from space 21824K, 100% used [0x00000007a5560000, 0x00000007a6ab0000, 0x00000007a6ab0000)
  to   space 21824K,   0% used [0x00000007a6ab0000, 0x00000007a6ab0000, 0x00000007a8000000)
 concurrent mark-sweep generation total 393216K, used 67862K [0x00000007a8000000, 0x00000007c0000000, 0x00000007c0000000)
 Metaspace       used 31109K, capacity 31426K, committed 31740K, reserved 1077248K
  class space    used 3620K, capacity 3710K, committed 3836K, reserved 1048576K
2016-07-15T16:37:07.336-0530: 74415.076: [GC (Allocation Failure) 74415.087: [ParNew
Desired survivor size 20112992 bytes, new threshold 8 (max 8)
- age   1:    6178704 bytes,    6178704 total
: 109159K->15257K(109248K), 0.0540791 secs] 177022K->85145K(502464K), 0.0652559 secs] [Times: user=0.03 sys=0.07, real=0.07 secs] 
Heap after GC invocations=193 (full 35):
 par new generation   total 109248K, used 15257K [0x00000007a0000000, 0x00000007a8000000, 0x00000007a8000000)
  eden space 87424K,   0% used [0x00000007a0000000, 0x00000007a0000000, 0x00000007a5560000)
  from space 21824K,  69% used [0x00000007a6ab0000, 0x00000007a79967c0, 0x00000007a8000000)
  to   space 21824K,   0% used [0x00000007a5560000, 0x00000007a5560000, 0x00000007a6ab0000)
 concurrent mark-sweep generation total 393216K, used 69887K [0x00000007a8000000, 0x00000007c0000000, 0x00000007c0000000)
 Metaspace       used 31109K, capacity 31426K, committed 31740K, reserved 1077248K
  class space    used 3620K, capacity 3710K, committed 3836K, reserved 1048576K
}
2016-07-15T16:37:07.401-0530: 74415.141: Total time for which application threads were stopped: 0.0655956 seconds
{Heap before GC invocations=193 (full 35):
 par new generation   total 109248K, used 102604K [0x00000007a0000000, 0x00000007a8000000, 0x00000007a8000000)
  eden space 87424K,  99% used [0x00000007a0000000, 0x00000007a554c910, 0x00000007a5560000)
  from space 21824K,  69% used [0x00000007a6ab0000, 0x00000007a79967c0, 0x00000007a8000000)
  to   space 21824K,   0% used [0x00000007a5560000, 0x00000007a5560000, 0x00000007a6ab0000)
 concurrent mark-sweep generation total 393216K, used 69887K [0x00000007a8000000, 0x00000007c0000000, 0x00000007c0000000)
 Metaspace       used 31109K, capacity 31426K, committed 31740K, reserved 1077248K
  class space    used 3620K, capacity 3710K, committed 3836K, reserved 1048576K
2016-07-15T16:37:08.014-0530: 74415.754: [GC (Allocation Failure) 74415.754: [ParNew
Desired survivor size 20112992 bytes, new threshold 2 (max 8)
- age   1:   16385072 bytes,   16385072 total
- age   2:    5941992 bytes,   22327064 total
: 102604K->21824K(109248K), 0.0657984 secs] 172491K->120037K(502464K), 0.0857061 secs] [Times: user=0.18 sys=0.04, real=0.09 secs] 
Heap after GC invocations=194 (full 35):
 par new generation   total 109248K, used 21824K [0x00000007a0000000, 0x00000007a8000000, 0x00000007a8000000)
  eden space 87424K,   0% used [0x00000007a0000000, 0x00000007a0000000, 0x00000007a5560000)
  from space 21824K, 100% used [0x00000007a5560000, 0x00000007a6ab0000, 0x00000007a6ab0000)
  to   space 21824K,   0% used [0x00000007a6ab0000, 0x00000007a6ab0000, 0x00000007a8000000)
 concurrent mark-sweep generation total 393216K, used 98213K [0x00000007a8000000, 0x00000007c0000000, 0x00000007c0000000)
 Metaspace       used 31109K, capacity 31426K, committed 31740K, reserved 1077248K
  class space    used 3620K, capacity 3710K, committed 3836K, reserved 1048576K
}
2016-07-15T16:37:08.100-0530: 74415.840: Total time for which application threads were stopped: 0.0860023 seconds
{Heap before GC invocations=194 (full 35):
 par new generation   total 109248K, used 109248K [0x00000007a0000000, 0x00000007a8000000, 0x00000007a8000000)
  eden space 87424K, 100% used [0x00000007a0000000, 0x00000007a5560000, 0x00000007a5560000)
  from space 21824K, 100% used [0x00000007a5560000, 0x00000007a6ab0000, 0x00000007a6ab0000)
  to   space 21824K,   0% used [0x00000007a6ab0000, 0x00000007a6ab0000, 0x00000007a8000000)
 concurrent mark-sweep generation total 393216K, used 98213K [0x00000007a8000000, 0x00000007c0000000, 0x00000007c0000000)
 Metaspace       used 31109K, capacity 31426K, committed 31740K, reserved 1077248K
  class space    used 3620K, capacity 3710K, committed 3836K, reserved 1048576K
2016-07-15T16:37:08.762-0530: 74416.502: [GC (Allocation Failure) 74416.502: [ParNew
Desired survivor size 20112992 bytes, new threshold 2 (max 8)
- age   1:   12098136 bytes,   12098136 total
- age   2:    9516592 bytes,   21614728 total
: 109248K->21824K(109248K), 0.0445879 secs] 207461K->130141K(502464K), 0.0446492 secs] [Times: user=0.09 sys=0.07, real=0.04 secs] 
Heap after GC invocations=195 (full 35):
 par new generation   total 109248K, used 21824K [0x00000007a0000000, 0x00000007a8000000, 0x00000007a8000000)
  eden space 87424K,   0% used [0x00000007a0000000, 0x00000007a0000000, 0x00000007a5560000)
  from space 21824K, 100% used [0x00000007a6ab0000, 0x00000007a8000000, 0x00000007a8000000)
  to   space 21824K,   0% used [0x00000007a5560000, 0x00000007a5560000, 0x00000007a6ab0000)
 concurrent mark-sweep generation total 393216K, used 108317K [0x00000007a8000000, 0x00000007c0000000, 0x00000007c0000000)
 Metaspace       used 31109K, capacity 31426K, committed 31740K, reserved 1077248K
  class space    used 3620K, capacity 3710K, committed 3836K, reserved 1048576K
}
2016-07-15T16:37:08.807-0530: 74416.547: Total time for which application threads were stopped: 0.0448693 seconds
2016-07-15T16:37:10.740-0530: 74418.480: Total time for which application threads were stopped: 0.0004385 seconds
2016-07-15T16:37:57.873-0530: 74465.615: Total time for which application threads were stopped: 0.0034502 seconds
2016-07-15T16:38:00.750-0530: 74468.492: Total time for which application threads were stopped: 0.0002934 seconds
2016-07-15T16:38:01.755-0530: 74469.496: Total time for which application threads were stopped: 0.0002629 seconds
2016-07-15T16:53:01.171-0530: 75368.935: Total time for which application threads were stopped: 0.0009438 seconds
2016-07-15T16:53:01.172-0530: 75368.935: Total time for which application threads were stopped: 0.0000563 seconds
2016-07-15T16:53:01.186-0530: 75368.950: Total time for which application threads were stopped: 0.0003738 seconds
{Heap before GC invocations=195 (full 35):
 par new generation   total 109248K, used 109195K [0x00000007a0000000, 0x00000007a8000000, 0x00000007a8000000)
  eden space 87424K,  99% used [0x00000007a0000000, 0x00000007a5552c58, 0x00000007a5560000)
  from space 21824K, 100% used [0x00000007a6ab0000, 0x00000007a8000000, 0x00000007a8000000)
  to   space 21824K,   0% used [0x00000007a5560000, 0x00000007a5560000, 0x00000007a6ab0000)
 concurrent mark-sweep generation total 393216K, used 108317K [0x00000007a8000000, 0x00000007c0000000, 0x00000007c0000000)
 Metaspace       used 31112K, capacity 31426K, committed 31740K, reserved 1077248K
  class space    used 3620K, capacity 3710K, committed 3836K, reserved 1048576K
2016-07-15T16:53:01.603-0530: 75369.367: [GC (Allocation Failure) 75369.399: [ParNew
Desired survivor size 20112992 bytes, new threshold 8 (max 8)
- age   1:   14962968 bytes,   14962968 total
- age   2:    4728520 bytes,   19691488 total
: 109195K->21824K(109248K), 0.1447643 secs] 217512K->144872K(502464K), 0.1771027 secs] [Times: user=0.12 sys=0.29, real=0.18 secs] 
Heap after GC invocations=196 (full 35):
 par new generation   total 109248K, used 21824K [0x00000007a0000000, 0x00000007a8000000, 0x00000007a8000000)
  eden space 87424K,   0% used [0x00000007a0000000, 0x00000007a0000000, 0x00000007a5560000)
  from space 21824K, 100% used [0x00000007a5560000, 0x00000007a6ab0000, 0x00000007a6ab0000)
  to   space 21824K,   0% used [0x00000007a6ab0000, 0x00000007a6ab0000, 0x00000007a8000000)
 concurrent mark-sweep generation total 393216K, used 123048K [0x00000007a8000000, 0x00000007c0000000, 0x00000007c0000000)
 Metaspace       used 31112K, capacity 31426K, committed 31740K, reserved 1077248K
  class space    used 3620K, capacity 3710K, committed 3836K, reserved 1048576K
}
2016-07-15T16:53:01.781-0530: 75369.544: Total time for which application threads were stopped: 0.1775879 seconds
{Heap before GC invocations=196 (full 35):
 par new generation   total 109248K, used 109248K [0x00000007a0000000, 0x00000007a8000000, 0x00000007a8000000)
  eden space 87424K, 100% used [0x00000007a0000000, 0x00000007a5560000, 0x00000007a5560000)
  from space 21824K, 100% used [0x00000007a5560000, 0x00000007a6ab0000, 0x00000007a6ab0000)
  to   space 21824K,   0% used [0x00000007a6ab0000, 0x00000007a6ab0000, 0x00000007a8000000)
 concurrent mark-sweep generation total 393216K, used 123048K [0x00000007a8000000, 0x00000007c0000000, 0x00000007c0000000)
 Metaspace       used 31112K, capacity 31426K, committed 31740K, reserved 1077248K
  class space    used 3620K, capacity 3710K, committed 3836K, reserved 1048576K
2016-07-15T16:53:02.287-0530: 75370.051: [GC (Allocation Failure) 75370.051: [ParNew
Desired survivor size 20112992 bytes, new threshold 3 (max 8)
- age   1:    6533080 bytes,    6533080 total
- age   2:   11085872 bytes,   17618952 total
- age   3:    4728520 bytes,   22347472 total
: 109248K->21824K(109248K), 0.0413438 secs] 232296K->157771K(502464K), 0.0414622 secs] [Times: user=0.09 sys=0.05, real=0.04 secs] 
Heap after GC invocations=197 (full 35):
 par new generation   total 109248K, used 21824K [0x00000007a0000000, 0x00000007a8000000, 0x00000007a8000000)
  eden space 87424K,   0% used [0x00000007a0000000, 0x00000007a0000000, 0x00000007a5560000)
  from space 21824K, 100% used [0x00000007a6ab0000, 0x00000007a8000000, 0x00000007a8000000)
  to   space 21824K,   0% used [0x00000007a5560000, 0x00000007a5560000, 0x00000007a6ab0000)
 concurrent mark-sweep generation total 393216K, used 135947K [0x00000007a8000000, 0x00000007c0000000, 0x00000007c0000000)
 Metaspace       used 31112K, capacity 31426K, committed 31740K, reserved 1077248K
  class space    used 3620K, capacity 3710K, committed 3836K, reserved 1048576K
}
2016-07-15T16:53:02.329-0530: 75370.092: Total time for which application threads were stopped: 0.0417374 seconds
2016-07-15T16:53:54.697-0530: 75422.462: Total time for which application threads were stopped: 0.0002314 seconds
2016-07-15T16:53:54.698-0530: 75422.463: Total time for which application threads were stopped: 0.0001324 seconds
2016-07-15T16:54:00.370-0530: 75428.135: Total time for which application threads were stopped: 0.0001056 seconds
2016-07-15T16:54:00.370-0530: 75428.135: Total time for which application threads were stopped: 0.0000650 seconds
2016-07-15T16:54:00.371-0530: 75428.136: Total time for which application threads were stopped: 0.0000595 seconds
2016-07-15T16:54:00.371-0530: 75428.136: Total time for which application threads were stopped: 0.0000867 seconds
{Heap before GC invocations=197 (full 35):
 par new generation   total 109248K, used 109244K [0x00000007a0000000, 0x00000007a8000000, 0x00000007a8000000)
  eden space 87424K,  99% used [0x00000007a0000000, 0x00000007a555f2e8, 0x00000007a5560000)
  from space 21824K, 100% used [0x00000007a6ab0000, 0x00000007a8000000, 0x00000007a8000000)
  to   space 21824K,   0% used [0x00000007a5560000, 0x00000007a5560000, 0x00000007a6ab0000)
 concurrent mark-sweep generation total 393216K, used 135947K [0x00000007a8000000, 0x00000007c0000000, 0x00000007c0000000)
 Metaspace       used 31112K, capacity 31426K, committed 31740K, reserved 1077248K
  class space    used 3620K, capacity 3710K, committed 3836K, reserved 1048576K
2016-07-15T16:54:00.379-0530: 75428.144: [GC (Allocation Failure) 75428.180: [ParNew
Desired survivor size 20112992 bytes, new threshold 8 (max 8)
- age   1:    1454368 bytes,    1454368 total
- age   2:         40 bytes,    1454408 total
- age   3:    5462008 bytes,    6916416 total
: 109244K->20566K(109248K), 0.0194979 secs] 245192K->161131K(502464K), 0.0562064 secs] [Times: user=0.03 sys=0.02, real=0.06 secs] 
Heap after GC invocations=198 (full 35):
 par new generation   total 109248K, used 20566K [0x00000007a0000000, 0x00000007a8000000, 0x00000007a8000000)
  eden space 87424K,   0% used [0x00000007a0000000, 0x00000007a0000000, 0x00000007a5560000)
  from space 21824K,  94% used [0x00000007a5560000, 0x00000007a69758a0, 0x00000007a6ab0000)
  to   space 21824K,   0% used [0x00000007a6ab0000, 0x00000007a6ab0000, 0x00000007a8000000)
 concurrent mark-sweep generation total 393216K, used 140565K [0x00000007a8000000, 0x00000007c0000000, 0x00000007c0000000)
 Metaspace       used 31112K, capacity 31426K, committed 31740K, reserved 1077248K
  class space    used 3620K, capacity 3710K, committed 3836K, reserved 1048576K
}
2016-07-15T16:54:00.435-0530: 75428.200: Total time for which application threads were stopped: 0.0564378 seconds
{Heap before GC invocations=198 (full 35):
 par new generation   total 109248K, used 107724K [0x00000007a0000000, 0x00000007a8000000, 0x00000007a8000000)
  eden space 87424K,  99% used [0x00000007a0000000, 0x00000007a551d9a0, 0x00000007a5560000)
  from space 21824K,  94% used [0x00000007a5560000, 0x00000007a69758a0, 0x00000007a6ab0000)
  to   space 21824K,   0% used [0x00000007a6ab0000, 0x00000007a6ab0000, 0x00000007a8000000)
 concurrent mark-sweep generation total 393216K, used 140565K [0x00000007a8000000, 0x00000007c0000000, 0x00000007c0000000)
 Metaspace       used 31112K, capacity 31426K, committed 31740K, reserved 1077248K
  class space    used 3620K, capacity 3710K, committed 3836K, reserved 1048576K
2016-07-15T16:54:00.867-0530: 75428.632: [GC (Allocation Failure) 75428.632: [ParNew
Desired survivor size 20112992 bytes, new threshold 4 (max 8)
- age   1:   15427032 bytes,   15427032 total
- age   2:    1425072 bytes,   16852104 total
- age   3:         40 bytes,   16852144 total
- age   4:    5461968 bytes,   22314112 total
: 107724K->21824K(109248K), 0.0723289 secs] 248289K->181051K(502464K), 0.0724114 secs] [Times: user=0.12 sys=0.07, real=0.07 secs] 
Heap after GC invocations=199 (full 35):
 par new generation   total 109248K, used 21824K [0x00000007a0000000, 0x00000007a8000000, 0x00000007a8000000)
  eden space 87424K,   0% used [0x00000007a0000000, 0x00000007a0000000, 0x00000007a5560000)
  from space 21824K, 100% used [0x00000007a6ab0000, 0x00000007a8000000, 0x00000007a8000000)
  to   space 21824K,   0% used [0x00000007a5560000, 0x00000007a5560000, 0x00000007a6ab0000)
 concurrent mark-sweep generation total 393216K, used 159227K [0x00000007a8000000, 0x00000007c0000000, 0x00000007c0000000)
 Metaspace       used 31112K, capacity 31426K, committed 31740K, reserved 1077248K
  class space    used 3620K, capacity 3710K, committed 3836K, reserved 1048576K
}
2016-07-15T16:54:00.940-0530: 75428.705: Total time for which application threads were stopped: 0.0727211 seconds
{Heap before GC invocations=199 (full 35):
 par new generation   total 109248K, used 109248K [0x00000007a0000000, 0x00000007a8000000, 0x00000007a8000000)
  eden space 87424K, 100% used [0x00000007a0000000, 0x00000007a5560000, 0x00000007a5560000)
  from space 21824K, 100% used [0x00000007a6ab0000, 0x00000007a8000000, 0x00000007a8000000)
  to   space 21824K,   0% used [0x00000007a5560000, 0x00000007a5560000, 0x00000007a6ab0000)
 concurrent mark-sweep generation total 393216K, used 159227K [0x00000007a8000000, 0x00000007c0000000, 0x00000007c0000000)
 Metaspace       used 31112K, capacity 31426K, committed 31740K, reserved 1077248K
  class space    used 3620K, capacity 3710K, committed 3836K, reserved 1048576K
2016-07-15T16:54:01.506-0530: 75429.271: [GC (Allocation Failure) 75429.271: [ParNew
Desired survivor size 20112992 bytes, new threshold 3 (max 8)
- age   1:   11484696 bytes,   11484696 total
- age   2:    8495192 bytes,   19979888 total
- age   3:    1425072 bytes,   21404960 total
- age   4:         40 bytes,   21405000 total
: 109248K->21824K(109248K), 0.0380145 secs] 268475K->190199K(502464K), 0.0381259 secs] [Times: user=0.06 sys=0.03, real=0.04 secs] 
Heap after GC invocations=200 (full 35):
 par new generation   total 109248K, used 21824K [0x00000007a0000000, 0x00000007a8000000, 0x00000007a8000000)
  eden space 87424K,   0% used [0x00000007a0000000, 0x00000007a0000000, 0x00000007a5560000)
  from space 21824K, 100% used [0x00000007a5560000, 0x00000007a6ab0000, 0x00000007a6ab0000)
  to   space 21824K,   0% used [0x00000007a6ab0000, 0x00000007a6ab0000, 0x00000007a8000000)
 concurrent mark-sweep generation total 393216K, used 168375K [0x00000007a8000000, 0x00000007c0000000, 0x00000007c0000000)
 Metaspace       used 31112K, capacity 31426K, committed 31740K, reserved 1077248K
  class space    used 3620K, capacity 3710K, committed 3836K, reserved 1048576K
}
2016-07-15T16:54:01.544-0530: 75429.309: Total time for which application threads were stopped: 0.0383914 seconds
2016-07-15T16:54:02.041-0530: 75429.807: Total time for which application threads were stopped: 0.0005758 seconds
2016-07-15T16:54:02.042-0530: 75429.807: Total time for which application threads were stopped: 0.0001345 seconds
2016-07-15T16:54:02.043-0530: 75429.808: Total time for which application threads were stopped: 0.0005392 seconds
{Heap before GC invocations=200 (full 35):
 par new generation   total 109248K, used 108420K [0x00000007a0000000, 0x00000007a8000000, 0x00000007a8000000)
  eden space 87424K,  99% used [0x00000007a0000000, 0x00000007a5491300, 0x00000007a5560000)
  from space 21824K, 100% used [0x00000007a5560000, 0x00000007a6ab0000, 0x00000007a6ab0000)
  to   space 21824K,   0% used [0x00000007a6ab0000, 0x00000007a6ab0000, 0x00000007a8000000)
 concurrent mark-sweep generation total 393216K, used 168375K [0x00000007a8000000, 0x00000007c0000000, 0x00000007c0000000)
 Metaspace       used 31137K, capacity 31490K, committed 31996K, reserved 1077248K
  class space    used 3620K, capacity 3710K, committed 3836K, reserved 1048576K
2016-07-15T16:54:02.125-0530: 75429.890: [GC (Allocation Failure) 75429.890: [ParNew
Desired survivor size 20112992 bytes, new threshold 3 (max 8)
- age   1:   14898784 bytes,   14898784 total
- age   2:    1860640 bytes,   16759424 total
- age   3:    5542128 bytes,   22301552 total
: 108420K->21824K(109248K), 0.0516225 secs] 276796K->206683K(502464K), 0.0516951 secs] [Times: user=0.09 sys=0.06, real=0.05 secs] 
Heap after GC invocations=201 (full 35):
 par new generation   total 109248K, used 21824K [0x00000007a0000000, 0x00000007a8000000, 0x00000007a8000000)
  eden space 87424K,   0% used [0x00000007a0000000, 0x00000007a0000000, 0x00000007a5560000)
  from space 21824K, 100% used [0x00000007a6ab0000, 0x00000007a8000000, 0x00000007a8000000)
  to   space 21824K,   0% used [0x00000007a5560000, 0x00000007a5560000, 0x00000007a6ab0000)
 concurrent mark-sweep generation total 393216K, used 184859K [0x00000007a8000000, 0x00000007c0000000, 0x00000007c0000000)
 Metaspace       used 31137K, capacity 31490K, committed 31996K, reserved 1077248K
  class space    used 3620K, capacity 3710K, committed 3836K, reserved 1048576K
}
2016-07-15T16:54:02.176-0530: 75429.941: Total time for which application threads were stopped: 0.0520019 seconds
2016-07-15T16:54:02.480-0530: 75430.246: Total time for which application threads were stopped: 0.0003395 seconds
2016-07-15T16:54:02.481-0530: 75430.246: Total time for which application threads were stopped: 0.0001658 seconds
2016-07-15T16:54:02.482-0530: 75430.247: Total time for which application threads were stopped: 0.0002317 seconds
{Heap before GC invocations=201 (full 35):
 par new generation   total 109248K, used 109248K [0x00000007a0000000, 0x00000007a8000000, 0x00000007a8000000)
  eden space 87424K, 100% used [0x00000007a0000000, 0x00000007a5560000, 0x00000007a5560000)
  from space 21824K, 100% used [0x00000007a6ab0000, 0x00000007a8000000, 0x00000007a8000000)
  to   space 21824K,   0% used [0x00000007a5560000, 0x00000007a5560000, 0x00000007a6ab0000)
 concurrent mark-sweep generation total 393216K, used 184859K [0x00000007a8000000, 0x00000007c0000000, 0x00000007c0000000)
 Metaspace       used 31137K, capacity 31490K, committed 31996K, reserved 1077248K
  class space    used 3620K, capacity 3710K, committed 3836K, reserved 1048576K
2016-07-15T16:54:02.583-0530: 75430.348: [GC (Allocation Failure) 75430.348: [ParNew
Desired survivor size 20112992 bytes, new threshold 2 (max 8)
- age   1:   19565384 bytes,   19565384 total
- age   2:     918968 bytes,   20484352 total
- age   3:    1848856 bytes,   22333208 total
: 109248K->21824K(109248K), 0.0808701 secs] 294107K->236194K(502464K), 0.0809752 secs] [Times: user=0.15 sys=0.10, real=0.08 secs] 
Heap after GC invocations=202 (full 35):
 par new generation   total 109248K, used 21824K [0x00000007a0000000, 0x00000007a8000000, 0x00000007a8000000)
  eden space 87424K,   0% used [0x00000007a0000000, 0x00000007a0000000, 0x00000007a5560000)
  from space 21824K, 100% used [0x00000007a5560000, 0x00000007a6ab0000, 0x00000007a6ab0000)
  to   space 21824K,   0% used [0x00000007a6ab0000, 0x00000007a6ab0000, 0x00000007a8000000)
 concurrent mark-sweep generation total 393216K, used 214370K [0x00000007a8000000, 0x00000007c0000000, 0x00000007c0000000)
 Metaspace       used 31137K, capacity 31490K, committed 31996K, reserved 1077248K
  class space    used 3620K, capacity 3710K, committed 3836K, reserved 1048576K
}
2016-07-15T16:54:02.664-0530: 75430.429: Total time for which application threads were stopped: 0.0812960 seconds
2016-07-15T16:54:02.664-0530: 75430.429: [GC (CMS Initial Mark) [1 CMS-initial-mark: 214370K(393216K)] 236819K(502464K), 0.0101446 secs] [Times: user=0.01 sys=0.00, real=0.01 secs] 
2016-07-15T16:54:02.674-0530: 75430.439: Total time for which application threads were stopped: 0.0104316 seconds
2016-07-15T16:54:02.674-0530: 75430.440: [CMS-concurrent-mark-start]
2016-07-15T16:54:02.727-0530: 75430.492: [CMS-concurrent-mark: 0.053/0.053 secs] [Times: user=0.17 sys=0.02, real=0.05 secs] 
2016-07-15T16:54:02.727-0530: 75430.492: [CMS-concurrent-preclean-start]
2016-07-15T16:54:02.730-0530: 75430.495: [CMS-concurrent-preclean: 0.002/0.002 secs] [Times: user=0.01 sys=0.00, real=0.01 secs] 
2016-07-15T16:54:02.730-0530: 75430.495: [CMS-concurrent-abortable-preclean-start]
2016-07-15T16:54:02.769-0530: 75430.534: Total time for which application threads were stopped: 0.0002869 seconds
2016-07-15T16:54:02.769-0530: 75430.534: Total time for which application threads were stopped: 0.0001032 seconds
2016-07-15T16:54:02.770-0530: 75430.535: Total time for which application threads were stopped: 0.0001508 seconds
{Heap before GC invocations=202 (full 36):
 par new generation   total 109248K, used 108906K [0x00000007a0000000, 0x00000007a8000000, 0x00000007a8000000)
  eden space 87424K,  99% used [0x00000007a0000000, 0x00000007a550a830, 0x00000007a5560000)
  from space 21824K, 100% used [0x00000007a5560000, 0x00000007a6ab0000, 0x00000007a6ab0000)
  to   space 21824K,   0% used [0x00000007a6ab0000, 0x00000007a6ab0000, 0x00000007a8000000)
 concurrent mark-sweep generation total 393216K, used 214370K [0x00000007a8000000, 0x00000007c0000000, 0x00000007c0000000)
 Metaspace       used 31139K, capacity 31490K, committed 31996K, reserved 1077248K
  class space    used 3620K, capacity 3710K, committed 3836K, reserved 1048576K
2016-07-15T16:54:02.875-0530: 75430.641: [GC (Allocation Failure) 75430.641: [ParNew
Desired survivor size 20112992 bytes, new threshold 2 (max 8)
- age   1:   14277352 bytes,   14277352 total
- age   2:    8070192 bytes,   22347544 total
: 108906K->21824K(109248K), 0.2068766 secs] 323276K->281522K(502464K), 0.2069632 secs] [Times: user=0.17 sys=0.13, real=0.21 secs] 
Heap after GC invocations=203 (full 36):
 par new generation   total 109248K, used 21824K [0x00000007a0000000, 0x00000007a8000000, 0x00000007a8000000)
  eden space 87424K,   0% used [0x00000007a0000000, 0x00000007a0000000, 0x00000007a5560000)
  from space 21824K, 100% used [0x00000007a6ab0000, 0x00000007a8000000, 0x00000007a8000000)
  to   space 21824K,   0% used [0x00000007a5560000, 0x00000007a5560000, 0x00000007a6ab0000)
 concurrent mark-sweep generation total 393216K, used 259698K [0x00000007a8000000, 0x00000007c0000000, 0x00000007c0000000)
 Metaspace       used 31139K, capacity 31490K, committed 31996K, reserved 1077248K
  class space    used 3620K, capacity 3710K, committed 3836K, reserved 1048576K
}
2016-07-15T16:54:03.083-0530: 75430.848: Total time for which application threads were stopped: 0.2073355 seconds
2016-07-15T16:54:03.162-0530: 75430.927: Total time for which application threads were stopped: 0.0003539 seconds
2016-07-15T16:54:03.162-0530: 75430.927: Total time for which application threads were stopped: 0.0001430 seconds
2016-07-15T16:54:03.163-0530: 75430.928: Total time for which application threads were stopped: 0.0002178 seconds
2016-07-15T16:54:03.200-0530: 75430.965: [CMS-concurrent-abortable-preclean: 0.157/0.470 secs] [Times: user=1.10 sys=0.14, real=0.47 secs] 
2016-07-15T16:54:03.200-0530: 75430.965: [GC (CMS Final Remark) [YG occupancy: 66373 K (109248 K)]{Heap before GC invocations=203 (full 36):
 par new generation   total 109248K, used 66373K [0x00000007a0000000, 0x00000007a8000000, 0x00000007a8000000)
  eden space 87424K,  50% used [0x00000007a0000000, 0x00000007a2b81610, 0x00000007a5560000)
  from space 21824K, 100% used [0x00000007a6ab0000, 0x00000007a8000000, 0x00000007a8000000)
  to   space 21824K,   0% used [0x00000007a5560000, 0x00000007a5560000, 0x00000007a6ab0000)
 concurrent mark-sweep generation total 393216K, used 259698K [0x00000007a8000000, 0x00000007c0000000, 0x00000007c0000000)
 Metaspace       used 31140K, capacity 31490K, committed 31996K, reserved 1077248K
  class space    used 3620K, capacity 3710K, committed 3836K, reserved 1048576K
2016-07-15T16:54:03.200-0530: 75430.965: [GC (CMS Final Remark) 75430.965: [ParNew
Desired survivor size 20112992 bytes, new threshold 2 (max 8)
- age   1:   12643520 bytes,   12643520 total
- age   2:    9606072 bytes,   22249592 total
: 66373K->21824K(109248K), 0.4239076 secs] 326071K->296524K(502464K), 0.4239546 secs] [Times: user=0.38 sys=0.06, real=0.42 secs] 
Heap after GC invocations=204 (full 36):
 par new generation   total 109248K, used 21824K [0x00000007a0000000, 0x00000007a8000000, 0x00000007a8000000)
  eden space 87424K,   0% used [0x00000007a0000000, 0x00000007a0000000, 0x00000007a5560000)
  from space 21824K, 100% used [0x00000007a5560000, 0x00000007a6ab0000, 0x00000007a6ab0000)
  to   space 21824K,   0% used [0x00000007a6ab0000, 0x00000007a6ab0000, 0x00000007a8000000)
 concurrent mark-sweep generation total 393216K, used 274700K [0x00000007a8000000, 0x00000007c0000000, 0x00000007c0000000)
 Metaspace       used 31140K, capacity 31490K, committed 31996K, reserved 1077248K
  class space    used 3620K, capacity 3710K, committed 3836K, reserved 1048576K
}
75431.389: [Rescan (parallel) , 0.0081149 secs]75431.397: [weak refs processing, 0.0013264 secs]75431.399: [class unloading, 0.0601902 secs]75431.459: [scrub symbol table, 0.0165058 secs]75431.476: [scrub string table, 0.0005180 secs][1 CMS-remark: 274700K(393216K)] 296524K(502464K), 0.5154872 secs] [Times: user=0.45 sys=0.10, real=0.51 secs] 
2016-07-15T16:54:03.716-0530: 75431.481: Total time for which application threads were stopped: 0.5158553 seconds
2016-07-15T16:54:03.716-0530: 75431.482: [CMS-concurrent-sweep-start]
2016-07-15T16:54:03.746-0530: 75431.511: Total time for which application threads were stopped: 0.0003109 seconds
2016-07-15T16:54:03.757-0530: 75431.522: Total time for which application threads were stopped: 0.0002962 seconds
2016-07-15T16:54:03.788-0530: 75431.553: Total time for which application threads were stopped: 0.0003365 seconds
{Heap before GC invocations=204 (full 36):
 par new generation   total 109248K, used 109248K [0x00000007a0000000, 0x00000007a8000000, 0x00000007a8000000)
  eden space 87424K, 100% used [0x00000007a0000000, 0x00000007a5560000, 0x00000007a5560000)
  from space 21824K, 100% used [0x00000007a5560000, 0x00000007a6ab0000, 0x00000007a6ab0000)
  to   space 21824K,   0% used [0x00000007a6ab0000, 0x00000007a6ab0000, 0x00000007a8000000)
 concurrent mark-sweep generation total 393216K, used 207670K [0x00000007a8000000, 0x00000007c0000000, 0x00000007c0000000)
 Metaspace       used 31141K, capacity 31490K, committed 31996K, reserved 1077248K
  class space    used 3620K, capacity 3710K, committed 3836K, reserved 1048576K
2016-07-15T16:54:03.958-0530: 75431.723: [GC (Allocation Failure) 75431.724: [ParNew
Desired survivor size 20112992 bytes, new threshold 2 (max 8)
- age   1:   13935208 bytes,   13935208 total
- age   2:    8352408 bytes,   22287616 total
: 109248K->21824K(109248K), 0.0664896 secs] 316918K->262719K(502464K), 0.0665690 secs] [Times: user=0.16 sys=0.04, real=0.07 secs] 
Heap after GC invocations=205 (full 36):
 par new generation   total 109248K, used 21824K [0x00000007a0000000, 0x00000007a8000000, 0x00000007a8000000)
  eden space 87424K,   0% used [0x00000007a0000000, 0x00000007a0000000, 0x00000007a5560000)
  from space 21824K, 100% used [0x00000007a6ab0000, 0x00000007a8000000, 0x00000007a8000000)
  to   space 21824K,   0% used [0x00000007a5560000, 0x00000007a5560000, 0x00000007a6ab0000)
 concurrent mark-sweep generation total 393216K, used 240895K [0x00000007a8000000, 0x00000007c0000000, 0x00000007c0000000)
 Metaspace       used 31141K, capacity 31490K, committed 31996K, reserved 1077248K
  class space    used 3620K, capacity 3710K, committed 3836K, reserved 1048576K
}
2016-07-15T16:54:04.025-0530: 75431.790: Total time for which application threads were stopped: 0.0670257 seconds
2016-07-15T16:54:04.407-0530: 75432.172: [CMS-concurrent-sweep: 0.605/0.691 secs] [Times: user=2.23 sys=0.17, real=0.69 secs] 
2016-07-15T16:54:04.407-0530: 75432.172: [CMS-concurrent-reset-start]
2016-07-15T16:54:04.411-0530: 75432.176: [CMS-concurrent-reset: 0.004/0.004 secs] [Times: user=0.01 sys=0.00, real=0.01 secs] 
{Heap before GC invocations=205 (full 36):
 par new generation   total 109248K, used 109248K [0x00000007a0000000, 0x00000007a8000000, 0x00000007a8000000)
  eden space 87424K, 100% used [0x00000007a0000000, 0x00000007a5560000, 0x00000007a5560000)
  from space 21824K, 100% used [0x00000007a6ab0000, 0x00000007a8000000, 0x00000007a8000000)
  to   space 21824K,   0% used [0x00000007a5560000, 0x00000007a5560000, 0x00000007a6ab0000)
 concurrent mark-sweep generation total 393216K, used 176902K [0x00000007a8000000, 0x00000007c0000000, 0x00000007c0000000)
 Metaspace       used 31141K, capacity 31490K, committed 31996K, reserved 1077248K
  class space    used 3620K, capacity 3710K, committed 3836K, reserved 1048576K
2016-07-15T16:54:04.516-0530: 75432.281: [GC (Allocation Failure) 75432.281: [ParNew
Desired survivor size 20112992 bytes, new threshold 2 (max 8)
- age   1:   16521592 bytes,   16521592 total
- age   2:    5600528 bytes,   22122120 total
: 109248K->21824K(109248K), 0.2187581 secs] 286150K->232685K(502464K), 0.2188239 secs] [Times: user=0.45 sys=0.03, real=0.22 secs] 
Heap after GC invocations=206 (full 36):
 par new generation   total 109248K, used 21824K [0x00000007a0000000, 0x00000007a8000000, 0x00000007a8000000)
  eden space 87424K,   0% used [0x00000007a0000000, 0x00000007a0000000, 0x00000007a5560000)
  from space 21824K, 100% used [0x00000007a5560000, 0x00000007a6ab0000, 0x00000007a6ab0000)
  to   space 21824K,   0% used [0x00000007a6ab0000, 0x00000007a6ab0000, 0x00000007a8000000)
 concurrent mark-sweep generation total 393216K, used 210861K [0x00000007a8000000, 0x00000007c0000000, 0x00000007c0000000)
 Metaspace       used 31141K, capacity 31490K, committed 31996K, reserved 1077248K
  class space    used 3620K, capacity 3710K, committed 3836K, reserved 1048576K
}
2016-07-15T16:54:04.735-0530: 75432.500: Total time for which application threads were stopped: 0.2192675 seconds
2016-07-15T16:54:04.738-0530: 75432.503: [GC (CMS Initial Mark) [1 CMS-initial-mark: 210861K(393216K)] 235336K(502464K), 0.0061739 secs] [Times: user=0.02 sys=0.00, real=0.01 secs] 
2016-07-15T16:54:04.744-0530: 75432.509: Total time for which application threads were stopped: 0.0065479 seconds
2016-07-15T16:54:04.744-0530: 75432.509: [CMS-concurrent-mark-start]
2016-07-15T16:54:04.861-0530: 75432.626: [CMS-concurrent-mark: 0.117/0.117 secs] [Times: user=0.35 sys=0.01, real=0.12 secs] 
2016-07-15T16:54:04.861-0530: 75432.626: [CMS-concurrent-preclean-start]
2016-07-15T16:54:04.863-0530: 75432.628: [CMS-concurrent-preclean: 0.002/0.002 secs] [Times: user=0.00 sys=0.00, real=0.00 secs] 
2016-07-15T16:54:04.863-0530: 75432.629: [CMS-concurrent-abortable-preclean-start]
{Heap before GC invocations=206 (full 37):
 par new generation   total 109248K, used 109248K [0x00000007a0000000, 0x00000007a8000000, 0x00000007a8000000)
  eden space 87424K, 100% used [0x00000007a0000000, 0x00000007a5560000, 0x00000007a5560000)
  from space 21824K, 100% used [0x00000007a5560000, 0x00000007a6ab0000, 0x00000007a6ab0000)
  to   space 21824K,   0% used [0x00000007a6ab0000, 0x00000007a6ab0000, 0x00000007a8000000)
 concurrent mark-sweep generation total 393216K, used 210861K [0x00000007a8000000, 0x00000007c0000000, 0x00000007c0000000)
 Metaspace       used 31144K, capacity 31490K, committed 31996K, reserved 1077248K
  class space    used 3620K, capacity 3710K, committed 3836K, reserved 1048576K
2016-07-15T16:54:05.053-0530: 75432.819: [GC (Allocation Failure) 75432.819: [ParNew2016-07-15T16:54:05.133-0530: 75432.898: [CMS-concurrent-abortable-preclean: 0.065/0.269 secs] [Times: user=0.66 sys=0.02, real=0.27 secs] 

Desired survivor size 20112992 bytes, new threshold 2 (max 8)
- age   1:   15361816 bytes,   15361816 total
- age   2:    6185656 bytes,   21547472 total
: 109248K->21824K(109248K), 0.1550588 secs] 320109K->278694K(502464K), 0.1551321 secs] [Times: user=0.30 sys=0.02, real=0.15 secs] 
Heap after GC invocations=207 (full 37):
 par new generation   total 109248K, used 21824K [0x00000007a0000000, 0x00000007a8000000, 0x00000007a8000000)
  eden space 87424K,   0% used [0x00000007a0000000, 0x00000007a0000000, 0x00000007a5560000)
  from space 21824K, 100% used [0x00000007a6ab0000, 0x00000007a8000000, 0x00000007a8000000)
  to   space 21824K,   0% used [0x00000007a5560000, 0x00000007a5560000, 0x00000007a6ab0000)
 concurrent mark-sweep generation total 393216K, used 256870K [0x00000007a8000000, 0x00000007c0000000, 0x00000007c0000000)
 Metaspace       used 31144K, capacity 31490K, committed 31996K, reserved 1077248K
  class space    used 3620K, capacity 3710K, committed 3836K, reserved 1048576K
}
2016-07-15T16:54:05.209-0530: 75432.974: Total time for which application threads were stopped: 0.1700868 seconds
2016-07-15T16:54:05.209-0530: 75432.974: [GC (CMS Final Remark) [YG occupancy: 22484 K (109248 K)]{Heap before GC invocations=207 (full 37):
 par new generation   total 109248K, used 22484K [0x00000007a0000000, 0x00000007a8000000, 0x00000007a8000000)
  eden space 87424K,   0% used [0x00000007a0000000, 0x00000007a00a5150, 0x00000007a5560000)
  from space 21824K, 100% used [0x00000007a6ab0000, 0x00000007a8000000, 0x00000007a8000000)
  to   space 21824K,   0% used [0x00000007a5560000, 0x00000007a5560000, 0x00000007a6ab0000)
 concurrent mark-sweep generation total 393216K, used 256870K [0x00000007a8000000, 0x00000007c0000000, 0x00000007c0000000)
 Metaspace       used 31144K, capacity 31490K, committed 31996K, reserved 1077248K
  class space    used 3620K, capacity 3710K, committed 3836K, reserved 1048576K
2016-07-15T16:54:05.209-0530: 75432.974: [GC (CMS Final Remark) 75432.974: [ParNew
Desired survivor size 20112992 bytes, new threshold 8 (max 8)
- age   1:         40 bytes,         40 total
- age   2:   15361936 bytes,   15361976 total
: 22484K->21270K(109248K), 0.1409671 secs] 279354K->284181K(502464K), 0.1410308 secs] [Times: user=0.37 sys=0.02, real=0.15 secs] 
Heap after GC invocations=208 (full 37):
 par new generation   total 109248K, used 21270K [0x00000007a0000000, 0x00000007a8000000, 0x00000007a8000000)
  eden space 87424K,   0% used [0x00000007a0000000, 0x00000007a0000000, 0x00000007a5560000)
  from space 21824K,  97% used [0x00000007a5560000, 0x00000007a6a25858, 0x00000007a6ab0000)
  to   space 21824K,   0% used [0x00000007a6ab0000, 0x00000007a6ab0000, 0x00000007a8000000)
 concurrent mark-sweep generation total 393216K, used 262911K [0x00000007a8000000, 0x00000007c0000000, 0x00000007c0000000)
 Metaspace       used 31144K, capacity 31490K, committed 31996K, reserved 1077248K
  class space    used 3620K, capacity 3710K, committed 3836K, reserved 1048576K
}
75433.115: [Rescan (parallel) , 0.0212301 secs]75433.136: [weak refs processing, 0.0007520 secs]75433.137: [class unloading, 0.0199525 secs]75433.157: [scrub symbol table, 0.0065424 secs]75433.164: [scrub string table, 0.0007804 secs][1 CMS-remark: 262911K(393216K)] 284181K(502464K), 0.1948376 secs] [Times: user=0.49 sys=0.02, real=0.20 secs] 
2016-07-15T16:54:05.404-0530: 75433.169: Total time for which application threads were stopped: 0.1951189 seconds
2016-07-15T16:54:05.404-0530: 75433.169: [CMS-concurrent-sweep-start]
2016-07-15T16:54:05.623-0530: 75433.388: [CMS-concurrent-sweep: 0.219/0.219 secs] [Times: user=0.73 sys=0.01, real=0.22 secs] 
2016-07-15T16:54:05.623-0530: 75433.388: [CMS-concurrent-reset-start]
2016-07-15T16:54:05.624-0530: 75433.389: [CMS-concurrent-reset: 0.000/0.000 secs] [Times: user=0.00 sys=0.00, real=0.00 secs] 
{Heap before GC invocations=208 (full 37):
 par new generation   total 109248K, used 108694K [0x00000007a0000000, 0x00000007a8000000, 0x00000007a8000000)
  eden space 87424K, 100% used [0x00000007a0000000, 0x00000007a5560000, 0x00000007a5560000)
  from space 21824K,  97% used [0x00000007a5560000, 0x00000007a6a25858, 0x00000007a6ab0000)
  to   space 21824K,   0% used [0x00000007a6ab0000, 0x00000007a6ab0000, 0x00000007a8000000)
 concurrent mark-sweep generation total 393216K, used 209337K [0x00000007a8000000, 0x00000007c0000000, 0x00000007c0000000)
 Metaspace       used 31144K, capacity 31490K, committed 31996K, reserved 1077248K
  class space    used 3620K, capacity 3710K, committed 3836K, reserved 1048576K
2016-07-15T16:54:05.707-0530: 75433.472: [GC (Allocation Failure) 75433.472: [ParNew
Desired survivor size 20112992 bytes, new threshold 3 (max 8)
- age   1:   12056616 bytes,   12056616 total
- age   3:   10290896 bytes,   22347512 total
: 108694K->21824K(109248K), 0.0698366 secs] 318031K->274405K(502464K), 0.0699231 secs] [Times: user=0.20 sys=0.00, real=0.07 secs] 
Heap after GC invocations=209 (full 37):
 par new generation   total 109248K, used 21824K [0x00000007a0000000, 0x00000007a8000000, 0x00000007a8000000)
  eden space 87424K,   0% used [0x00000007a0000000, 0x00000007a0000000, 0x00000007a5560000)
  from space 21824K, 100% used [0x00000007a6ab0000, 0x00000007a8000000, 0x00000007a8000000)
  to   space 21824K,   0% used [0x00000007a5560000, 0x00000007a5560000, 0x00000007a6ab0000)
 concurrent mark-sweep generation total 393216K, used 252581K [0x00000007a8000000, 0x00000007c0000000, 0x00000007c0000000)
 Metaspace       used 31144K, capacity 31490K, committed 31996K, reserved 1077248K
  class space    used 3620K, capacity 3710K, committed 3836K, reserved 1048576K
}
2016-07-15T16:54:05.777-0530: 75433.542: Total time for which application threads were stopped: 0.0703944 seconds
2016-07-15T16:54:05.777-0530: 75433.542: [GC (CMS Initial Mark) [1 CMS-initial-mark: 252581K(393216K)] 275209K(502464K), 0.0063444 secs] [Times: user=0.02 sys=0.00, real=0.01 secs] 
2016-07-15T16:54:05.784-0530: 75433.549: Total time for which application threads were stopped: 0.0066738 seconds
2016-07-15T16:54:05.784-0530: 75433.549: [CMS-concurrent-mark-start]
2016-07-15T16:54:05.909-0530: 75433.674: [CMS-concurrent-mark: 0.125/0.125 secs] [Times: user=0.47 sys=0.00, real=0.12 secs] 
2016-07-15T16:54:05.909-0530: 75433.674: [CMS-concurrent-preclean-start]
2016-07-15T16:54:05.910-0530: 75433.675: [CMS-concurrent-preclean: 0.002/0.002 secs] [Times: user=0.03 sys=0.00, real=0.01 secs] 
2016-07-15T16:54:05.910-0530: 75433.675: [CMS-concurrent-abortable-preclean-start]
{Heap before GC invocations=209 (full 38):
 par new generation   total 109248K, used 109248K [0x00000007a0000000, 0x00000007a8000000, 0x00000007a8000000)
  eden space 87424K, 100% used [0x00000007a0000000, 0x00000007a5560000, 0x00000007a5560000)
  from space 21824K, 100% used [0x00000007a6ab0000, 0x00000007a8000000, 0x00000007a8000000)
  to   space 21824K,   0% used [0x00000007a5560000, 0x00000007a5560000, 0x00000007a6ab0000)
 concurrent mark-sweep generation total 393216K, used 252581K [0x00000007a8000000, 0x00000007c0000000, 0x00000007c0000000)
 Metaspace       used 31144K, capacity 31490K, committed 31996K, reserved 1077248K
  class space    used 3620K, capacity 3710K, committed 3836K, reserved 1048576K
2016-07-15T16:54:06.109-0530: 75433.874: [GC (Allocation Failure) 75433.874: [ParNew2016-07-15T16:54:06.148-0530: 75433.913: [CMS-concurrent-abortable-preclean: 0.136/0.237 secs] [Times: user=0.90 sys=0.01, real=0.23 secs] 

Desired survivor size 20112992 bytes, new threshold 2 (max 8)
- age   1:   15634400 bytes,   15634400 total
- age   2:    6713112 bytes,   22347512 total
: 109248K->21824K(109248K), 0.2561405 secs] 361829K->321360K(502464K), 0.2562157 secs] [Times: user=0.28 sys=0.04, real=0.26 secs] 
Heap after GC invocations=210 (full 38):
 par new generation   total 109248K, used 21824K [0x00000007a0000000, 0x00000007a8000000, 0x00000007a8000000)
  eden space 87424K,   0% used [0x00000007a0000000, 0x00000007a0000000, 0x00000007a5560000)
  from space 21824K, 100% used [0x00000007a5560000, 0x00000007a6ab0000, 0x00000007a6ab0000)
  to   space 21824K,   0% used [0x00000007a6ab0000, 0x00000007a6ab0000, 0x00000007a8000000)
 concurrent mark-sweep generation total 393216K, used 299536K [0x00000007a8000000, 0x00000007c0000000, 0x00000007c0000000)
 Metaspace       used 31144K, capacity 31490K, committed 31996K, reserved 1077248K
  class space    used 3620K, capacity 3710K, committed 3836K, reserved 1048576K
}
2016-07-15T16:54:06.365-0530: 75434.131: Total time for which application threads were stopped: 0.2565692 seconds
2016-07-15T16:54:06.366-0530: 75434.131: [GC (CMS Final Remark) [YG occupancy: 22426 K (109248 K)]{Heap before GC invocations=210 (full 38):
 par new generation   total 109248K, used 22426K [0x00000007a0000000, 0x00000007a8000000, 0x00000007a8000000)
  eden space 87424K,   0% used [0x00000007a0000000, 0x00000007a0096aa0, 0x00000007a5560000)
  from space 21824K, 100% used [0x00000007a5560000, 0x00000007a6ab0000, 0x00000007a6ab0000)
  to   space 21824K,   0% used [0x00000007a6ab0000, 0x00000007a6ab0000, 0x00000007a8000000)
 concurrent mark-sweep generation total 393216K, used 299536K [0x00000007a8000000, 0x00000007c0000000, 0x00000007c0000000)
 Metaspace       used 31144K, capacity 31490K, committed 31996K, reserved 1077248K
  class space    used 3620K, capacity 3710K, committed 3836K, reserved 1048576K
2016-07-15T16:54:06.366-0530: 75434.131: [GC (CMS Final Remark) 75434.131: [ParNew
Desired survivor size 20112992 bytes, new threshold 8 (max 8)
- age   1:        984 bytes,        984 total
- age   2:   15472640 bytes,   15473624 total
: 22426K->21824K(109248K), 0.0811181 secs] 321963K->328073K(502464K), 0.0811665 secs] [Times: user=0.16 sys=0.03, real=0.08 secs] 
Heap after GC invocations=211 (full 38):
 par new generation   total 109248K, used 21824K [0x00000007a0000000, 0x00000007a8000000, 0x00000007a8000000)
  eden space 87424K,   0% used [0x00000007a0000000, 0x00000007a0000000, 0x00000007a5560000)
  from space 21824K, 100% used [0x00000007a6ab0000, 0x00000007a8000000, 0x00000007a8000000)
  to   space 21824K,   0% used [0x00000007a5560000, 0x00000007a5560000, 0x00000007a6ab0000)
 concurrent mark-sweep generation total 393216K, used 306249K [0x00000007a8000000, 0x00000007c0000000, 0x00000007c0000000)
 Metaspace       used 31144K, capacity 31490K, committed 31996K, reserved 1077248K
  class space    used 3620K, capacity 3710K, committed 3836K, reserved 1048576K
}
75434.212: [Rescan (parallel) , 0.0252579 secs]75434.237: [weak refs processing, 0.0014394 secs]75434.239: [class unloading, 0.0205495 secs]75434.260: [scrub symbol table, 0.0047852 secs]75434.264: [scrub string table, 0.0006128 secs][1 CMS-remark: 306249K(393216K)] 328073K(502464K), 0.1389766 secs] [Times: user=0.28 sys=0.03, real=0.14 secs] 
2016-07-15T16:54:06.505-0530: 75434.270: Total time for which application threads were stopped: 0.1392714 seconds
2016-07-15T16:54:06.505-0530: 75434.270: [CMS-concurrent-sweep-start]
2016-07-15T16:54:06.656-0530: 75434.421: [CMS-concurrent-sweep: 0.151/0.151 secs] [Times: user=0.55 sys=0.00, real=0.15 secs] 
2016-07-15T16:54:06.656-0530: 75434.421: [CMS-concurrent-reset-start]
2016-07-15T16:54:06.656-0530: 75434.421: [CMS-concurrent-reset: 0.000/0.000 secs] [Times: user=0.00 sys=0.00, real=0.00 secs] 
{Heap before GC invocations=211 (full 38):
 par new generation   total 109248K, used 109248K [0x00000007a0000000, 0x00000007a8000000, 0x00000007a8000000)
  eden space 87424K, 100% used [0x00000007a0000000, 0x00000007a5560000, 0x00000007a5560000)
  from space 21824K, 100% used [0x00000007a6ab0000, 0x00000007a8000000, 0x00000007a8000000)
  to   space 21824K,   0% used [0x00000007a5560000, 0x00000007a5560000, 0x00000007a6ab0000)
 concurrent mark-sweep generation total 393216K, used 304829K [0x00000007a8000000, 0x00000007c0000000, 0x00000007c0000000)
 Metaspace       used 31144K, capacity 31490K, committed 31996K, reserved 1077248K
  class space    used 3620K, capacity 3710K, committed 3836K, reserved 1048576K
2016-07-15T16:54:06.815-0530: 75434.580: [GC (Allocation Failure) 75434.580: [ParNew
Desired survivor size 20112992 bytes, new threshold 3 (max 8)
- age   1:    8235256 bytes,    8235256 total
- age   3:   15725160 bytes,   23960416 total
: 109248K->21824K(109248K), 0.1411180 secs] 414077K->343356K(502464K), 0.1411966 secs] [Times: user=0.14 sys=0.05, real=0.14 secs] 
Heap after GC invocations=212 (full 38):
 par new generation   total 109248K, used 21824K [0x00000007a0000000, 0x00000007a8000000, 0x00000007a8000000)
  eden space 87424K,   0% used [0x00000007a0000000, 0x00000007a0000000, 0x00000007a5560000)
  from space 21824K, 100% used [0x00000007a5560000, 0x00000007a6ab0000, 0x00000007a6ab0000)
  to   space 21824K,   0% used [0x00000007a6ab0000, 0x00000007a6ab0000, 0x00000007a8000000)
 concurrent mark-sweep generation total 393216K, used 321532K [0x00000007a8000000, 0x00000007c0000000, 0x00000007c0000000)
 Metaspace       used 31144K, capacity 31490K, committed 31996K, reserved 1077248K
  class space    used 3620K, capacity 3710K, committed 3836K, reserved 1048576K
}
2016-07-15T16:54:06.956-0530: 75434.722: Total time for which application threads were stopped: 0.1416528 seconds
2016-07-15T16:54:06.989-0530: 75434.754: [GC (CMS Initial Mark) [1 CMS-initial-mark: 321532K(393216K)] 350556K(502464K), 0.0129809 secs] [Times: user=0.05 sys=0.01, real=0.02 secs] 
2016-07-15T16:54:07.002-0530: 75434.767: Total time for which application threads were stopped: 0.0351714 seconds
2016-07-15T16:54:07.002-0530: 75434.767: [CMS-concurrent-mark-start]
2016-07-15T16:54:07.090-0530: 75434.855: [CMS-concurrent-mark: 0.088/0.088 secs] [Times: user=0.34 sys=0.00, real=0.09 secs] 
2016-07-15T16:54:07.090-0530: 75434.855: [CMS-concurrent-preclean-start]
2016-07-15T16:54:07.091-0530: 75434.856: [CMS-concurrent-preclean: 0.002/0.002 secs] [Times: user=0.00 sys=0.00, real=0.00 secs] 
2016-07-15T16:54:07.091-0530: 75434.856: [CMS-concurrent-abortable-preclean-start]
{Heap before GC invocations=212 (full 39):
 par new generation   total 109248K, used 109248K [0x00000007a0000000, 0x00000007a8000000, 0x00000007a8000000)
  eden space 87424K, 100% used [0x00000007a0000000, 0x00000007a5560000, 0x00000007a5560000)
  from space 21824K, 100% used [0x00000007a5560000, 0x00000007a6ab0000, 0x00000007a6ab0000)
  to   space 21824K,   0% used [0x00000007a6ab0000, 0x00000007a6ab0000, 0x00000007a8000000)
 concurrent mark-sweep generation total 393216K, used 321532K [0x00000007a8000000, 0x00000007c0000000, 0x00000007c0000000)
 Metaspace       used 31144K, capacity 31490K, committed 31996K, reserved 1077248K
  class space    used 3620K, capacity 3710K, committed 3836K, reserved 1048576K
2016-07-15T16:54:07.441-0530: 75435.206: [GC (Allocation Failure) 75435.206: [ParNew2016-07-15T16:54:07.516-0530: 75435.281: [CMS-concurrent-abortable-preclean: 0.325/0.425 secs] [Times: user=1.41 sys=0.02, real=0.42 secs] 

Desired survivor size 20112992 bytes, new threshold 8 (max 8)
- age   1:    7696024 bytes,    7696024 total
- age   2:    4284584 bytes,   11980608 total
: 109248K->21824K(109248K), 0.1007816 secs] 430780K->359025K(502464K), 0.1008723 secs] [Times: user=0.12 sys=0.04, real=0.10 secs] 
Heap after GC invocations=213 (full 39):
 par new generation   total 109248K, used 21824K [0x00000007a0000000, 0x00000007a8000000, 0x00000007a8000000)
  eden space 87424K,   0% used [0x00000007a0000000, 0x00000007a0000000, 0x00000007a5560000)
  from space 21824K, 100% used [0x00000007a6ab0000, 0x00000007a8000000, 0x00000007a8000000)
  to   space 21824K,   0% used [0x00000007a5560000, 0x00000007a5560000, 0x00000007a6ab0000)
 concurrent mark-sweep generation total 393216K, used 337201K [0x00000007a8000000, 0x00000007c0000000, 0x00000007c0000000)
 Metaspace       used 31144K, capacity 31490K, committed 31996K, reserved 1077248K
  class space    used 3620K, capacity 3710K, committed 3836K, reserved 1048576K
}
2016-07-15T16:54:07.542-0530: 75435.307: Total time for which application threads were stopped: 0.1012565 seconds
2016-07-15T16:54:07.542-0530: 75435.307: [GC (CMS Final Remark) [YG occupancy: 22865 K (109248 K)]{Heap before GC invocations=213 (full 39):
 par new generation   total 109248K, used 22865K [0x00000007a0000000, 0x00000007a8000000, 0x00000007a8000000)
  eden space 87424K,   1% used [0x00000007a0000000, 0x00000007a0104418, 0x00000007a5560000)
  from space 21824K, 100% used [0x00000007a6ab0000, 0x00000007a8000000, 0x00000007a8000000)
  to   space 21824K,   0% used [0x00000007a5560000, 0x00000007a5560000, 0x00000007a6ab0000)
 concurrent mark-sweep generation total 393216K, used 337201K [0x00000007a8000000, 0x00000007c0000000, 0x00000007c0000000)
 Metaspace       used 31144K, capacity 31490K, committed 31996K, reserved 1077248K
  class space    used 3620K, capacity 3710K, committed 3836K, reserved 1048576K
2016-07-15T16:54:07.542-0530: 75435.307: [GC (CMS Final Remark) 75435.307: [ParNew
Desired survivor size 20112992 bytes, new threshold 8 (max 8)
- age   1:     576472 bytes,     576472 total
- age   2:    7695168 bytes,    8271640 total
- age   3:    4241552 bytes,   12513192 total
: 22865K->14399K(109248K), 0.0107094 secs] 360066K->351600K(502464K), 0.0107538 secs] [Times: user=0.04 sys=0.00, real=0.01 secs] 
Heap after GC invocations=214 (full 39):
 par new generation   total 109248K, used 14399K [0x00000007a0000000, 0x00000007a8000000, 0x00000007a8000000)
  eden space 87424K,   0% used [0x00000007a0000000, 0x00000007a0000000, 0x00000007a5560000)
  from space 21824K,  65% used [0x00000007a5560000, 0x00000007a636fdd8, 0x00000007a6ab0000)
  to   space 21824K,   0% used [0x00000007a6ab0000, 0x00000007a6ab0000, 0x00000007a8000000)
 concurrent mark-sweep generation total 393216K, used 337201K [0x00000007a8000000, 0x00000007c0000000, 0x00000007c0000000)
 Metaspace       used 31144K, capacity 31490K, committed 31996K, reserved 1077248K
  class space    used 3620K, capacity 3710K, committed 3836K, reserved 1048576K
}
75435.318: [Rescan (parallel) , 0.0122941 secs]75435.330: [weak refs processing, 0.0007082 secs]75435.331: [class unloading, 0.0198954 secs]75435.351: [scrub symbol table, 0.0051880 secs]75435.356: [scrub string table, 0.0005703 secs][1 CMS-remark: 337201K(393216K)] 351600K(502464K), 0.0538018 secs] [Times: user=0.12 sys=0.00, real=0.05 secs] 
2016-07-15T16:54:07.596-0530: 75435.361: Total time for which application threads were stopped: 0.0540890 seconds
2016-07-15T16:54:07.596-0530: 75435.361: [CMS-concurrent-sweep-start]
2016-07-15T16:54:07.941-0530: 75435.706: [CMS-concurrent-sweep: 0.345/0.345 secs] [Times: user=1.32 sys=0.01, real=0.35 secs] 
2016-07-15T16:54:07.941-0530: 75435.706: [CMS-concurrent-reset-start]
2016-07-15T16:54:07.941-0530: 75435.707: [CMS-concurrent-reset: 0.000/0.000 secs] [Times: user=0.00 sys=0.00, real=0.00 secs] 
{Heap before GC invocations=214 (full 39):
 par new generation   total 109248K, used 101823K [0x00000007a0000000, 0x00000007a8000000, 0x00000007a8000000)
  eden space 87424K, 100% used [0x00000007a0000000, 0x00000007a5560000, 0x00000007a5560000)
  from space 21824K,  65% used [0x00000007a5560000, 0x00000007a636fdd8, 0x00000007a6ab0000)
  to   space 21824K,   0% used [0x00000007a6ab0000, 0x00000007a6ab0000, 0x00000007a8000000)
 concurrent mark-sweep generation total 393216K, used 248011K [0x00000007a8000000, 0x00000007c0000000, 0x00000007c0000000)
 Metaspace       used 31144K, capacity 31490K, committed 31996K, reserved 1077248K
  class space    used 3620K, capacity 3710K, committed 3836K, reserved 1048576K
2016-07-15T16:54:08.035-0530: 75435.801: [GC (Allocation Failure) 75435.801: [ParNew
Desired survivor size 20112992 bytes, new threshold 8 (max 8)
- age   1:    3264064 bytes,    3264064 total
- age   3:    5707872 bytes,    8971936 total
- age   4:    4241552 bytes,   13213488 total
: 101823K->19429K(109248K), 0.0087586 secs] 349835K->267441K(502464K), 0.0088177 secs] [Times: user=0.03 sys=0.00, real=0.01 secs] 
Heap after GC invocations=215 (full 39):
 par new generation   total 109248K, used 19429K [0x00000007a0000000, 0x00000007a8000000, 0x00000007a8000000)
  eden space 87424K,   0% used [0x00000007a0000000, 0x00000007a0000000, 0x00000007a5560000)
  from space 21824K,  89% used [0x00000007a6ab0000, 0x00000007a7da95a8, 0x00000007a8000000)
  to   space 21824K,   0% used [0x00000007a5560000, 0x00000007a5560000, 0x00000007a6ab0000)
 concurrent mark-sweep generation total 393216K, used 248011K [0x00000007a8000000, 0x00000007c0000000, 0x00000007c0000000)
 Metaspace       used 31144K, capacity 31490K, committed 31996K, reserved 1077248K
  class space    used 3620K, capacity 3710K, committed 3836K, reserved 1048576K
}
2016-07-15T16:54:08.044-0530: 75435.810: Total time for which application threads were stopped: 0.0122308 seconds
2016-07-15T16:54:08.047-0530: 75435.812: [GC (CMS Initial Mark) [1 CMS-initial-mark: 248011K(393216K)] 269067K(502464K), 0.0068919 secs] [Times: user=0.01 sys=0.00, real=0.01 secs] 
2016-07-15T16:54:08.054-0530: 75435.819: Total time for which application threads were stopped: 0.0073576 seconds
2016-07-15T16:54:08.054-0530: 75435.819: [CMS-concurrent-mark-start]
2016-07-15T16:54:08.120-0530: 75435.885: [CMS-concurrent-mark: 0.066/0.066 secs] [Times: user=0.25 sys=0.00, real=0.07 secs] 
2016-07-15T16:54:08.120-0530: 75435.885: [CMS-concurrent-preclean-start]
2016-07-15T16:54:08.122-0530: 75435.887: Total time for which application threads were stopped: 0.0013326 seconds
2016-07-15T16:54:08.123-0530: 75435.888: [CMS-concurrent-preclean: 0.002/0.003 secs] [Times: user=0.01 sys=0.00, real=0.00 secs] 
2016-07-15T16:54:08.123-0530: 75435.888: [CMS-concurrent-abortable-preclean-start]
2016-07-15T16:54:08.730-0530: 75436.495: [CMS-concurrent-abortable-preclean: 0.295/0.607 secs] [Times: user=1.86 sys=0.01, real=0.61 secs] 
2016-07-15T16:54:08.733-0530: 75436.499: [GC (CMS Final Remark) [YG occupancy: 102433 K (109248 K)]{Heap before GC invocations=215 (full 40):
 par new generation   total 109248K, used 102433K [0x00000007a0000000, 0x00000007a8000000, 0x00000007a8000000)
  eden space 87424K,  94% used [0x00000007a0000000, 0x00000007a510f180, 0x00000007a5560000)
  from space 21824K,  89% used [0x00000007a6ab0000, 0x00000007a7da95a8, 0x00000007a8000000)
  to   space 21824K,   0% used [0x00000007a5560000, 0x00000007a5560000, 0x00000007a6ab0000)
 concurrent mark-sweep generation total 393216K, used 248011K [0x00000007a8000000, 0x00000007c0000000, 0x00000007c0000000)
 Metaspace       used 31144K, capacity 31490K, committed 31996K, reserved 1077248K
  class space    used 3620K, capacity 3710K, committed 3836K, reserved 1048576K
2016-07-15T16:54:08.733-0530: 75436.499: [GC (CMS Final Remark) 75436.499: [ParNew
Desired survivor size 20112992 bytes, new threshold 5 (max 8)
- age   1:    9329368 bytes,    9329368 total
- age   2:    3261160 bytes,   12590528 total
- age   4:    5707872 bytes,   18298400 total
- age   5:    4241552 bytes,   22539952 total
: 102433K->21824K(109248K), 0.0775735 secs] 350445K->276180K(502464K), 0.0776539 secs] [Times: user=0.13 sys=0.01, real=0.08 secs] 
Heap after GC invocations=216 (full 40):
 par new generation   total 109248K, used 21824K [0x00000007a0000000, 0x00000007a8000000, 0x00000007a8000000)
  eden space 87424K,   0% used [0x00000007a0000000, 0x00000007a0000000, 0x00000007a5560000)
  from space 21824K, 100% used [0x00000007a5560000, 0x00000007a6ab0000, 0x00000007a6ab0000)
  to   space 21824K,   0% used [0x00000007a6ab0000, 0x00000007a6ab0000, 0x00000007a8000000)
 concurrent mark-sweep generation total 393216K, used 254356K [0x00000007a8000000, 0x00000007c0000000, 0x00000007c0000000)
 Metaspace       used 31144K, capacity 31490K, committed 31996K, reserved 1077248K
  class space    used 3620K, capacity 3710K, committed 3836K, reserved 1048576K
}
75436.576: [Rescan (parallel) , 0.0192074 secs]75436.596: [weak refs processing, 0.0019764 secs]75436.598: [class unloading, 0.0214972 secs]75436.619: [scrub symbol table, 0.0044240 secs]75436.624: [scrub string table, 0.0005735 secs][1 CMS-remark: 254356K(393216K)] 276180K(502464K), 0.1297999 secs] [Times: user=0.22 sys=0.01, real=0.13 secs] 
2016-07-15T16:54:08.863-0530: 75436.629: Total time for which application threads were stopped: 0.1332339 seconds
2016-07-15T16:54:08.863-0530: 75436.629: [CMS-concurrent-sweep-start]
2016-07-15T16:54:09.146-0530: 75436.912: [CMS-concurrent-sweep: 0.283/0.283 secs] [Times: user=1.03 sys=0.01, real=0.28 secs] 
2016-07-15T16:54:09.146-0530: 75436.912: [CMS-concurrent-reset-start]
2016-07-15T16:54:09.147-0530: 75436.912: [CMS-concurrent-reset: 0.000/0.000 secs] [Times: user=0.00 sys=0.00, real=0.00 secs] 
{Heap before GC invocations=216 (full 40):
 par new generation   total 109248K, used 107828K [0x00000007a0000000, 0x00000007a8000000, 0x00000007a8000000)
  eden space 87424K,  98% used [0x00000007a0000000, 0x00000007a53fd110, 0x00000007a5560000)
  from space 21824K, 100% used [0x00000007a5560000, 0x00000007a6ab0000, 0x00000007a6ab0000)
  to   space 21824K,   0% used [0x00000007a6ab0000, 0x00000007a6ab0000, 0x00000007a8000000)
 concurrent mark-sweep generation total 393216K, used 210201K [0x00000007a8000000, 0x00000007c0000000, 0x00000007c0000000)
 Metaspace       used 31144K, capacity 31490K, committed 31996K, reserved 1077248K
  class space    used 3620K, capacity 3710K, committed 3836K, reserved 1048576K
2016-07-15T16:54:10.329-0530: 75438.095: [GC (Allocation Failure) 75438.095: [ParNew
Desired survivor size 20112992 bytes, new threshold 5 (max 8)
- age   1:   13525504 bytes,   13525504 total
- age   2:     731200 bytes,   14256704 total
- age   3:    2608248 bytes,   16864952 total
- age   5:    5341760 bytes,   22206712 total
: 107828K->21824K(109248K), 0.2182794 secs] 318030K->251394K(502464K), 0.2183441 secs] [Times: user=0.38 sys=0.05, real=0.22 secs] 
Heap after GC invocations=217 (full 40):
 par new generation   total 109248K, used 21824K [0x00000007a0000000, 0x00000007a8000000, 0x00000007a8000000)
  eden space 87424K,   0% used [0x00000007a0000000, 0x00000007a0000000, 0x00000007a5560000)
  from space 21824K, 100% used [0x00000007a6ab0000, 0x00000007a8000000, 0x00000007a8000000)
  to   space 21824K,   0% used [0x00000007a5560000, 0x00000007a5560000, 0x00000007a6ab0000)
 concurrent mark-sweep generation total 393216K, used 229570K [0x00000007a8000000, 0x00000007c0000000, 0x00000007c0000000)
 Metaspace       used 31144K, capacity 31490K, committed 31996K, reserved 1077248K
  class space    used 3620K, capacity 3710K, committed 3836K, reserved 1048576K
}
2016-07-15T16:54:10.548-0530: 75438.313: Total time for which application threads were stopped: 0.2229018 seconds
2016-07-15T16:54:10.549-0530: 75438.314: [GC (CMS Initial Mark) [1 CMS-initial-mark: 229570K(393216K)] 257104K(502464K), 0.0059164 secs] [Times: user=0.02 sys=0.00, real=0.01 secs] 
2016-07-15T16:54:10.555-0530: 75438.320: Total time for which application threads were stopped: 0.0068353 seconds
2016-07-15T16:54:10.555-0530: 75438.320: [CMS-concurrent-mark-start]
2016-07-15T16:54:10.608-0530: 75438.374: [CMS-concurrent-mark: 0.054/0.054 secs] [Times: user=0.20 sys=0.00, real=0.05 secs] 
2016-07-15T16:54:10.608-0530: 75438.374: [CMS-concurrent-preclean-start]
2016-07-15T16:54:10.611-0530: 75438.376: [CMS-concurrent-preclean: 0.003/0.003 secs] [Times: user=0.01 sys=0.00, real=0.01 secs] 
2016-07-15T16:54:10.611-0530: 75438.376: [CMS-concurrent-abortable-preclean-start]
2016-07-15T16:54:13.239-0530: 75441.005: Total time for which application threads were stopped: 0.0006108 seconds
2016-07-15T16:54:13.515-0530: 75441.281: Total time for which application threads were stopped: 0.0002542 seconds
2016-07-15T16:54:13.516-0530: 75441.281: Total time for which application threads were stopped: 0.0001318 seconds
2016-07-15T16:54:13.518-0530: 75441.283: Total time for which application threads were stopped: 0.0002225 seconds
 CMS: abort preclean due to time 2016-07-15T16:54:16.758-0530: 75444.523: [CMS-concurrent-abortable-preclean: 3.142/6.147 secs] [Times: user=10.68 sys=0.06, real=6.14 secs] 
2016-07-15T16:54:16.794-0530: 75444.560: [GC (CMS Final Remark) [YG occupancy: 41895 K (109248 K)]{Heap before GC invocations=217 (full 41):
 par new generation   total 109248K, used 41895K [0x00000007a0000000, 0x00000007a8000000, 0x00000007a8000000)
  eden space 87424K,  22% used [0x00000007a0000000, 0x00000007a1399ef0, 0x00000007a5560000)
  from space 21824K, 100% used [0x00000007a6ab0000, 0x00000007a8000000, 0x00000007a8000000)
  to   space 21824K,   0% used [0x00000007a5560000, 0x00000007a5560000, 0x00000007a6ab0000)
 concurrent mark-sweep generation total 393216K, used 229570K [0x00000007a8000000, 0x00000007c0000000, 0x00000007c0000000)
 Metaspace       used 31147K, capacity 31490K, committed 31996K, reserved 1077248K
  class space    used 3620K, capacity 3710K, committed 3836K, reserved 1048576K
2016-07-15T16:54:16.794-0530: 75444.560: [GC (CMS Final Remark) 75444.560: [ParNew
Desired survivor size 20112992 bytes, new threshold 8 (max 8)
- age   1:     620736 bytes,     620736 total
- age   2:    4604952 bytes,    5225688 total
- age   3:     731024 bytes,    5956712 total
- age   4:    1563552 bytes,    7520264 total
: 41895K->15676K(109248K), 0.1076945 secs] 271466K->250463K(502464K), 0.1077474 secs] [Times: user=0.24 sys=0.01, real=0.11 secs] 
Heap after GC invocations=218 (full 41):
 par new generation   total 109248K, used 15676K [0x00000007a0000000, 0x00000007a8000000, 0x00000007a8000000)
  eden space 87424K,   0% used [0x00000007a0000000, 0x00000007a0000000, 0x00000007a5560000)
  from space 21824K,  71% used [0x00000007a5560000, 0x00000007a64af380, 0x00000007a6ab0000)
  to   space 21824K,   0% used [0x00000007a6ab0000, 0x00000007a6ab0000, 0x00000007a8000000)
 concurrent mark-sweep generation total 393216K, used 234787K [0x00000007a8000000, 0x00000007c0000000, 0x00000007c0000000)
 Metaspace       used 31147K, capacity 31490K, committed 31996K, reserved 1077248K
  class space    used 3620K, capacity 3710K, committed 3836K, reserved 1048576K
}
75444.668: [Rescan (parallel) , 0.0052645 secs]75444.673: [weak refs processing, 0.0006613 secs]75444.674: [class unloading, 0.0212166 secs]75444.695: [scrub symbol table, 0.0062121 secs]75444.701: [scrub string table, 0.0006155 secs][1 CMS-remark: 234787K(393216K)] 250463K(502464K), 0.1461542 secs] [Times: user=0.29 sys=0.01, real=0.18 secs] 
2016-07-15T16:54:16.971-0530: 75444.737: Total time for which application threads were stopped: 0.1769760 seconds
2016-07-15T16:54:16.971-0530: 75444.737: [CMS-concurrent-sweep-start]
2016-07-15T16:54:17.137-0530: 75444.903: [CMS-concurrent-sweep: 0.166/0.166 secs] [Times: user=0.16 sys=0.00, real=0.16 secs] 
2016-07-15T16:54:17.138-0530: 75444.903: [CMS-concurrent-reset-start]
2016-07-15T16:54:17.138-0530: 75444.903: [CMS-concurrent-reset: 0.000/0.000 secs] [Times: user=0.00 sys=0.00, real=0.00 secs] 
2016-07-15T16:55:03.124-0530: 75490.890: Total time for which application threads were stopped: 0.0001412 seconds
2016-07-15T16:55:03.283-0530: 75491.050: Total time for which application threads were stopped: 0.0001024 seconds
2016-07-15T16:55:03.559-0530: 75491.325: Total time for which application threads were stopped: 0.0001026 seconds
2016-07-15T16:55:03.559-0530: 75491.325: Total time for which application threads were stopped: 0.0000561 seconds
2016-07-15T16:55:03.568-0530: 75491.334: Total time for which application threads were stopped: 0.0001099 seconds
2016-07-15T16:55:03.568-0530: 75491.335: Total time for which application threads were stopped: 0.0000568 seconds
2016-07-15T16:55:50.731-0530: 75538.499: Total time for which application threads were stopped: 0.0001780 seconds
2016-07-15T16:55:50.731-0530: 75538.499: Total time for which application threads were stopped: 0.0001032 seconds
2016-07-15T16:55:50.732-0530: 75538.499: Total time for which application threads were stopped: 0.0000901 seconds
2016-07-15T16:55:50.732-0530: 75538.500: Total time for which application threads were stopped: 0.0001197 seconds
{Heap before GC invocations=218 (full 41):
 par new generation   total 109248K, used 103100K [0x00000007a0000000, 0x00000007a8000000, 0x00000007a8000000)
  eden space 87424K, 100% used [0x00000007a0000000, 0x00000007a5560000, 0x00000007a5560000)
  from space 21824K,  71% used [0x00000007a5560000, 0x00000007a64af380, 0x00000007a6ab0000)
  to   space 21824K,   0% used [0x00000007a6ab0000, 0x00000007a6ab0000, 0x00000007a8000000)
 concurrent mark-sweep generation total 393216K, used 191353K [0x00000007a8000000, 0x00000007c0000000, 0x00000007c0000000)
 Metaspace       used 31148K, capacity 31490K, committed 31996K, reserved 1077248K
  class space    used 3620K, capacity 3710K, committed 3836K, reserved 1048576K
2016-07-15T16:55:51.151-0530: 75538.919: [GC (Allocation Failure) 75538.932: [ParNew
Desired survivor size 20112992 bytes, new threshold 3 (max 8)
- age   1:   15432984 bytes,   15432984 total
- age   2:     620368 bytes,   16053352 total
- age   3:    4604952 bytes,   20658304 total
- age   4:      86120 bytes,   20744424 total
- age   5:    1563552 bytes,   22307976 total
: 103100K->21824K(109248K), 0.0285465 secs] 294454K->226387K(502464K), 0.0417533 secs] [Times: user=0.10 sys=0.00, real=0.04 secs] 
Heap after GC invocations=219 (full 41):
 par new generation   total 109248K, used 21824K [0x00000007a0000000, 0x00000007a8000000, 0x00000007a8000000)
  eden space 87424K,   0% used [0x00000007a0000000, 0x00000007a0000000, 0x00000007a5560000)
  from space 21824K, 100% used [0x00000007a6ab0000, 0x00000007a8000000, 0x00000007a8000000)
  to   space 21824K,   0% used [0x00000007a5560000, 0x00000007a5560000, 0x00000007a6ab0000)
 concurrent mark-sweep generation total 393216K, used 204563K [0x00000007a8000000, 0x00000007c0000000, 0x00000007c0000000)
 Metaspace       used 31148K, capacity 31490K, committed 31996K, reserved 1077248K
  class space    used 3620K, capacity 3710K, committed 3836K, reserved 1048576K
}
2016-07-15T16:55:51.193-0530: 75538.961: Total time for which application threads were stopped: 0.0419627 seconds
2016-07-15T16:55:51.193-0530: 75538.961: [GC (CMS Initial Mark) [1 CMS-initial-mark: 204563K(393216K)] 227218K(502464K), 0.0036231 secs] [Times: user=0.02 sys=0.01, real=0.00 secs] 
2016-07-15T16:55:51.197-0530: 75538.965: Total time for which application threads were stopped: 0.0038277 seconds
2016-07-15T16:55:51.197-0530: 75538.965: [CMS-concurrent-mark-start]
2016-07-15T16:55:51.219-0530: 75538.987: [CMS-concurrent-mark: 0.022/0.022 secs] [Times: user=0.08 sys=0.00, real=0.02 secs] 
2016-07-15T16:55:51.239-0530: 75539.006: [CMS-concurrent-preclean-start]
2016-07-15T16:55:51.240-0530: 75539.008: [CMS-concurrent-preclean: 0.001/0.001 secs] [Times: user=0.00 sys=0.00, real=0.01 secs] 
2016-07-15T16:55:51.240-0530: 75539.008: [CMS-concurrent-abortable-preclean-start]
{Heap before GC invocations=219 (full 42):
 par new generation   total 109248K, used 109248K [0x00000007a0000000, 0x00000007a8000000, 0x00000007a8000000)
  eden space 87424K, 100% used [0x00000007a0000000, 0x00000007a5560000, 0x00000007a5560000)
  from space 21824K, 100% used [0x00000007a6ab0000, 0x00000007a8000000, 0x00000007a8000000)
  to   space 21824K,   0% used [0x00000007a5560000, 0x00000007a5560000, 0x00000007a6ab0000)
 concurrent mark-sweep generation total 393216K, used 204563K [0x00000007a8000000, 0x00000007c0000000, 0x00000007c0000000)
 Metaspace       used 31148K, capacity 31490K, committed 31996K, reserved 1077248K
  class space    used 3620K, capacity 3710K, committed 3836K, reserved 1048576K
2016-07-15T16:55:51.704-0530: 75539.472: [GC (Allocation Failure) 75539.472: [ParNew2016-07-15T16:55:51.708-0530: 75539.475: [CMS-concurrent-abortable-preclean: 0.165/0.468 secs] [Times: user=0.64 sys=0.00, real=0.46 secs] 

Desired survivor size 20112992 bytes, new threshold 2 (max 8)
- age   1:   11266608 bytes,   11266608 total
- age   2:    9878456 bytes,   21145064 total
- age   3:     620368 bytes,   21765432 total
: 109248K->21824K(109248K), 0.0223047 secs] 313811K->235079K(502464K), 0.0223826 secs] [Times: user=0.08 sys=0.00, real=0.02 secs] 
Heap after GC invocations=220 (full 42):
 par new generation   total 109248K, used 21824K [0x00000007a0000000, 0x00000007a8000000, 0x00000007a8000000)
  eden space 87424K,   0% used [0x00000007a0000000, 0x00000007a0000000, 0x00000007a5560000)
  from space 21824K, 100% used [0x00000007a5560000, 0x00000007a6ab0000, 0x00000007a6ab0000)
  to   space 21824K,   0% used [0x00000007a6ab0000, 0x00000007a6ab0000, 0x00000007a8000000)
 concurrent mark-sweep generation total 393216K, used 213255K [0x00000007a8000000, 0x00000007c0000000, 0x00000007c0000000)
 Metaspace       used 31148K, capacity 31490K, committed 31996K, reserved 1077248K
  class space    used 3620K, capacity 3710K, committed 3836K, reserved 1048576K
}
2016-07-15T16:55:51.727-0530: 75539.495: Total time for which application threads were stopped: 0.0226015 seconds
2016-07-15T16:55:51.727-0530: 75539.495: [GC (CMS Final Remark) [YG occupancy: 22976 K (109248 K)]{Heap before GC invocations=220 (full 42):
 par new generation   total 109248K, used 22976K [0x00000007a0000000, 0x00000007a8000000, 0x00000007a8000000)
  eden space 87424K,   1% used [0x00000007a0000000, 0x00000007a0120240, 0x00000007a5560000)
  from space 21824K, 100% used [0x00000007a5560000, 0x00000007a6ab0000, 0x00000007a6ab0000)
  to   space 21824K,   0% used [0x00000007a6ab0000, 0x00000007a6ab0000, 0x00000007a8000000)
 concurrent mark-sweep generation total 393216K, used 213255K [0x00000007a8000000, 0x00000007c0000000, 0x00000007c0000000)
 Metaspace       used 31148K, capacity 31490K, committed 31996K, reserved 1077248K
  class space    used 3620K, capacity 3710K, committed 3836K, reserved 1048576K
2016-07-15T16:55:51.727-0530: 75539.495: [GC (CMS Final Remark) 75539.495: [ParNew
Desired survivor size 20112992 bytes, new threshold 8 (max 8)
- age   1:        904 bytes,        904 total
- age   2:   11266432 bytes,   11267336 total
: 22976K->21053K(109248K), 0.0141181 secs] 236231K->244568K(502464K), 0.0141705 secs] [Times: user=0.04 sys=0.00, real=0.02 secs] 
Heap after GC invocations=221 (full 42):
 par new generation   total 109248K, used 21053K [0x00000007a0000000, 0x00000007a8000000, 0x00000007a8000000)
  eden space 87424K,   0% used [0x00000007a0000000, 0x00000007a0000000, 0x00000007a5560000)
  from space 21824K,  96% used [0x00000007a6ab0000, 0x00000007a7f3f4a8, 0x00000007a8000000)
  to   space 21824K,   0% used [0x00000007a5560000, 0x00000007a5560000, 0x00000007a6ab0000)
 concurrent mark-sweep generation total 393216K, used 223515K [0x00000007a8000000, 0x00000007c0000000, 0x00000007c0000000)
 Metaspace       used 31148K, capacity 31490K, committed 31996K, reserved 1077248K
  class space    used 3620K, capacity 3710K, committed 3836K, reserved 1048576K
}
75539.509: [Rescan (parallel) , 0.0069463 secs]75539.516: [weak refs processing, 0.0021373 secs]75539.518: [class unloading, 0.0207533 secs]75539.539: [scrub symbol table, 0.0047683 secs]75539.544: [scrub string table, 0.0005681 secs][1 CMS-remark: 223515K(393216K)] 244568K(502464K), 0.0532034 secs] [Times: user=0.10 sys=0.00, real=0.06 secs] 
2016-07-15T16:55:51.780-0530: 75539.548: Total time for which application threads were stopped: 0.0534005 seconds
2016-07-15T16:55:51.781-0530: 75539.548: [CMS-concurrent-sweep-start]
2016-07-15T16:55:51.950-0530: 75539.718: [CMS-concurrent-sweep: 0.170/0.170 secs] [Times: user=0.33 sys=0.00, real=0.17 secs] 
2016-07-15T16:55:51.950-0530: 75539.718: [CMS-concurrent-reset-start]
2016-07-15T16:55:51.951-0530: 75539.719: [CMS-concurrent-reset: 0.000/0.000 secs] [Times: user=0.00 sys=0.00, real=0.00 secs] 
2016-07-15T16:56:43.923-0530: 75591.692: Total time for which application threads were stopped: 0.0001324 seconds
2016-07-15T16:56:43.923-0530: 75591.692: Total time for which application threads were stopped: 0.0000748 seconds
2016-07-15T16:56:52.814-0530: 75600.584: Total time for which application threads were stopped: 0.0001288 seconds
2016-07-15T16:56:52.815-0530: 75600.584: Total time for which application threads were stopped: 0.0000943 seconds
2016-07-15T16:56:52.815-0530: 75600.584: Total time for which application threads were stopped: 0.0000803 seconds
2016-07-15T16:56:52.815-0530: 75600.584: Total time for which application threads were stopped: 0.0001026 seconds
{Heap before GC invocations=221 (full 42):
 par new generation   total 109248K, used 108222K [0x00000007a0000000, 0x00000007a8000000, 0x00000007a8000000)
  eden space 87424K,  99% used [0x00000007a0000000, 0x00000007a5520478, 0x00000007a5560000)
  from space 21824K,  96% used [0x00000007a6ab0000, 0x00000007a7f3f4a8, 0x00000007a8000000)
  to   space 21824K,   0% used [0x00000007a5560000, 0x00000007a5560000, 0x00000007a6ab0000)
 concurrent mark-sweep generation total 393216K, used 92373K [0x00000007a8000000, 0x00000007c0000000, 0x00000007c0000000)
 Metaspace       used 31155K, capacity 31490K, committed 31996K, reserved 1077248K
  class space    used 3620K, capacity 3710K, committed 3836K, reserved 1048576K
2016-07-15T16:56:52.840-0530: 75600.610: [GC (Allocation Failure) 75600.625: [ParNew
Desired survivor size 20112992 bytes, new threshold 3 (max 8)
- age   1:    9066448 bytes,    9066448 total
- age   3:   11122280 bytes,   20188728 total
: 108222K->21824K(109248K), 0.0143525 secs] 200595K->114197K(502464K), 0.0292284 secs] [Times: user=0.05 sys=0.00, real=0.03 secs] 
Heap after GC invocations=222 (full 42):
 par new generation   total 109248K, used 21824K [0x00000007a0000000, 0x00000007a8000000, 0x00000007a8000000)
  eden space 87424K,   0% used [0x00000007a0000000, 0x00000007a0000000, 0x00000007a5560000)
  from space 21824K, 100% used [0x00000007a5560000, 0x00000007a6ab0000, 0x00000007a6ab0000)
  to   space 21824K,   0% used [0x00000007a6ab0000, 0x00000007a6ab0000, 0x00000007a8000000)
 concurrent mark-sweep generation total 393216K, used 92373K [0x00000007a8000000, 0x00000007c0000000, 0x00000007c0000000)
 Metaspace       used 31155K, capacity 31490K, committed 31996K, reserved 1077248K
  class space    used 3620K, capacity 3710K, committed 3836K, reserved 1048576K
}
2016-07-15T16:56:52.870-0530: 75600.639: Total time for which application threads were stopped: 0.0294479 seconds
{Heap before GC invocations=222 (full 42):
 par new generation   total 109248K, used 109248K [0x00000007a0000000, 0x00000007a8000000, 0x00000007a8000000)
  eden space 87424K, 100% used [0x00000007a0000000, 0x00000007a5560000, 0x00000007a5560000)
  from space 21824K, 100% used [0x00000007a5560000, 0x00000007a6ab0000, 0x00000007a6ab0000)
  to   space 21824K,   0% used [0x00000007a6ab0000, 0x00000007a6ab0000, 0x00000007a8000000)
 concurrent mark-sweep generation total 393216K, used 92373K [0x00000007a8000000, 0x00000007c0000000, 0x00000007c0000000)
 Metaspace       used 31155K, capacity 31490K, committed 31996K, reserved 1077248K
  class space    used 3620K, capacity 3710K, committed 3836K, reserved 1048576K
2016-07-15T16:56:53.390-0530: 75601.159: [GC (Allocation Failure) 75601.159: [ParNew
Desired survivor size 20112992 bytes, new threshold 2 (max 8)
- age   1:   14453952 bytes,   14453952 total
- age   2:    7886752 bytes,   22340704 total
: 109248K->21824K(109248K), 0.0666139 secs] 201621K->156700K(502464K), 0.0667073 secs] [Times: user=0.22 sys=0.01, real=0.06 secs] 
Heap after GC invocations=223 (full 42):
 par new generation   total 109248K, used 21824K [0x00000007a0000000, 0x00000007a8000000, 0x00000007a8000000)
  eden space 87424K,   0% used [0x00000007a0000000, 0x00000007a0000000, 0x00000007a5560000)
  from space 21824K, 100% used [0x00000007a6ab0000, 0x00000007a8000000, 0x00000007a8000000)
  to   space 21824K,   0% used [0x00000007a5560000, 0x00000007a5560000, 0x00000007a6ab0000)
 concurrent mark-sweep generation total 393216K, used 134876K [0x00000007a8000000, 0x00000007c0000000, 0x00000007c0000000)
 Metaspace       used 31155K, capacity 31490K, committed 31996K, reserved 1077248K
  class space    used 3620K, capacity 3710K, committed 3836K, reserved 1048576K
}
2016-07-15T16:56:53.457-0530: 75601.226: Total time for which application threads were stopped: 0.0669682 seconds
{Heap before GC invocations=223 (full 42):
 par new generation   total 109248K, used 109046K [0x00000007a0000000, 0x00000007a8000000, 0x00000007a8000000)
  eden space 87424K,  99% used [0x00000007a0000000, 0x00000007a552db28, 0x00000007a5560000)
  from space 21824K, 100% used [0x00000007a6ab0000, 0x00000007a8000000, 0x00000007a8000000)
  to   space 21824K,   0% used [0x00000007a5560000, 0x00000007a5560000, 0x00000007a6ab0000)
 concurrent mark-sweep generation total 393216K, used 134876K [0x00000007a8000000, 0x00000007c0000000, 0x00000007c0000000)
 Metaspace       used 31155K, capacity 31490K, committed 31996K, reserved 1077248K
  class space    used 3620K, capacity 3710K, committed 3836K, reserved 1048576K
2016-07-15T16:56:54.101-0530: 75601.871: [GC (Allocation Failure) 75601.871: [ParNew
Desired survivor size 20112992 bytes, new threshold 8 (max 8)
- age   1:   12302512 bytes,   12302512 total
- age   2:    7300680 bytes,   19603192 total
: 109046K->21824K(109248K), 0.0350459 secs] 243923K->167114K(502464K), 0.0351218 secs] [Times: user=0.10 sys=0.01, real=0.03 secs] 
Heap after GC invocations=224 (full 42):
 par new generation   total 109248K, used 21824K [0x00000007a0000000, 0x00000007a8000000, 0x00000007a8000000)
  eden space 87424K,   0% used [0x00000007a0000000, 0x00000007a0000000, 0x00000007a5560000)
  from space 21824K, 100% used [0x00000007a5560000, 0x00000007a6ab0000, 0x00000007a6ab0000)
  to   space 21824K,   0% used [0x00000007a6ab0000, 0x00000007a6ab0000, 0x00000007a8000000)
 concurrent mark-sweep generation total 393216K, used 145290K [0x00000007a8000000, 0x00000007c0000000, 0x00000007c0000000)
 Metaspace       used 31155K, capacity 31490K, committed 31996K, reserved 1077248K
  class space    used 3620K, capacity 3710K, committed 3836K, reserved 1048576K
}
2016-07-15T16:56:54.137-0530: 75601.906: Total time for which application threads were stopped: 0.0354100 seconds
2016-07-15T16:56:56.080-0530: 75603.849: Total time for which application threads were stopped: 0.0002591 seconds
2016-07-15T16:57:46.106-0530: 75653.877: Total time for which application threads were stopped: 0.0001124 seconds
2016-07-15T16:57:46.107-0530: 75653.877: Total time for which application threads were stopped: 0.0000720 seconds
2016-07-15T17:00:08.702-0530: 75796.476: Total time for which application threads were stopped: 0.0001300 seconds
2016-07-15T17:00:08.702-0530: 75796.476: Total time for which application threads were stopped: 0.0000778 seconds
2016-07-15T17:00:08.703-0530: 75796.477: Total time for which application threads were stopped: 0.0002279 seconds
{Heap before GC invocations=224 (full 42):
 par new generation   total 109248K, used 109248K [0x00000007a0000000, 0x00000007a8000000, 0x00000007a8000000)
  eden space 87424K, 100% used [0x00000007a0000000, 0x00000007a5560000, 0x00000007a5560000)
  from space 21824K, 100% used [0x00000007a5560000, 0x00000007a6ab0000, 0x00000007a6ab0000)
  to   space 21824K,   0% used [0x00000007a6ab0000, 0x00000007a6ab0000, 0x00000007a8000000)
 concurrent mark-sweep generation total 393216K, used 145290K [0x00000007a8000000, 0x00000007c0000000, 0x00000007c0000000)
 Metaspace       used 31158K, capacity 31490K, committed 31996K, reserved 1077248K
  class space    used 3620K, capacity 3710K, committed 3836K, reserved 1048576K
2016-07-15T17:00:08.984-0530: 75796.758: [GC (Allocation Failure) 75796.792: [ParNew
Desired survivor size 20112992 bytes, new threshold 3 (max 8)
- age   1:   12410592 bytes,   12410592 total
- age   2:    3789744 bytes,   16200336 total
- age   3:    6145416 bytes,   22345752 total
: 109248K->21824K(109248K), 0.0288868 secs] 254538K->176274K(502464K), 0.0623995 secs] [Times: user=0.08 sys=0.00, real=0.06 secs] 
Heap after GC invocations=225 (full 42):
 par new generation   total 109248K, used 21824K [0x00000007a0000000, 0x00000007a8000000, 0x00000007a8000000)
  eden space 87424K,   0% used [0x00000007a0000000, 0x00000007a0000000, 0x00000007a5560000)
  from space 21824K, 100% used [0x00000007a6ab0000, 0x00000007a8000000, 0x00000007a8000000)
  to   space 21824K,   0% used [0x00000007a5560000, 0x00000007a5560000, 0x00000007a6ab0000)
 concurrent mark-sweep generation total 393216K, used 154450K [0x00000007a8000000, 0x00000007c0000000, 0x00000007c0000000)
 Metaspace       used 31158K, capacity 31490K, committed 31996K, reserved 1077248K
  class space    used 3620K, capacity 3710K, committed 3836K, reserved 1048576K
}
2016-07-15T17:00:09.047-0530: 75796.821: Total time for which application threads were stopped: 0.0626193 seconds
{Heap before GC invocations=225 (full 42):
 par new generation   total 109248K, used 109248K [0x00000007a0000000, 0x00000007a8000000, 0x00000007a8000000)
  eden space 87424K, 100% used [0x00000007a0000000, 0x00000007a5560000, 0x00000007a5560000)
  from space 21824K, 100% used [0x00000007a6ab0000, 0x00000007a8000000, 0x00000007a8000000)
  to   space 21824K,   0% used [0x00000007a5560000, 0x00000007a5560000, 0x00000007a6ab0000)
 concurrent mark-sweep generation total 393216K, used 154450K [0x00000007a8000000, 0x00000007c0000000, 0x00000007c0000000)
 Metaspace       used 31158K, capacity 31490K, committed 31996K, reserved 1077248K
  class space    used 3620K, capacity 3710K, committed 3836K, reserved 1048576K
2016-07-15T17:00:09.523-0530: 75797.297: [GC (Allocation Failure) 75797.297: [ParNew
Desired survivor size 20112992 bytes, new threshold 3 (max 8)
- age   1:    8236344 bytes,    8236344 total
- age   2:    8787064 bytes,   17023408 total
- age   3:    3789744 bytes,   20813152 total
: 109248K->21824K(109248K), 0.0361727 secs] 263698K->192656K(502464K), 0.0362386 secs] [Times: user=0.11 sys=0.00, real=0.03 secs] 
Heap after GC invocations=226 (full 42):
 par new generation   total 109248K, used 21824K [0x00000007a0000000, 0x00000007a8000000, 0x00000007a8000000)
  eden space 87424K,   0% used [0x00000007a0000000, 0x00000007a0000000, 0x00000007a5560000)
  from space 21824K, 100% used [0x00000007a5560000, 0x00000007a6ab0000, 0x00000007a6ab0000)
  to   space 21824K,   0% used [0x00000007a6ab0000, 0x00000007a6ab0000, 0x00000007a8000000)
 concurrent mark-sweep generation total 393216K, used 170832K [0x00000007a8000000, 0x00000007c0000000, 0x00000007c0000000)
 Metaspace       used 31158K, capacity 31490K, committed 31996K, reserved 1077248K
  class space    used 3620K, capacity 3710K, committed 3836K, reserved 1048576K
}
2016-07-15T17:00:09.559-0530: 75797.333: Total time for which application threads were stopped: 0.0364504 seconds
2016-07-15T17:00:11.795-0530: 75799.569: Total time for which application threads were stopped: 0.0002159 seconds
2016-07-15T17:00:11.795-0530: 75799.570: Total time for which application threads were stopped: 0.0001316 seconds
2016-07-15T17:01:01.803-0530: 75849.578: Total time for which application threads were stopped: 0.0001150 seconds
2016-07-15T17:03:09.561-0530: 75977.339: Total time for which application threads were stopped: 0.0001199 seconds
2016-07-15T17:03:09.561-0530: 75977.339: Total time for which application threads were stopped: 0.0000797 seconds
2016-07-15T17:03:09.562-0530: 75977.340: Total time for which application threads were stopped: 0.0001222 seconds
{Heap before GC invocations=226 (full 42):
 par new generation   total 109248K, used 109248K [0x00000007a0000000, 0x00000007a8000000, 0x00000007a8000000)
  eden space 87424K, 100% used [0x00000007a0000000, 0x00000007a5560000, 0x00000007a5560000)
  from space 21824K, 100% used [0x00000007a5560000, 0x00000007a6ab0000, 0x00000007a6ab0000)
  to   space 21824K,   0% used [0x00000007a6ab0000, 0x00000007a6ab0000, 0x00000007a8000000)
 concurrent mark-sweep generation total 393216K, used 170832K [0x00000007a8000000, 0x00000007c0000000, 0x00000007c0000000)
 Metaspace       used 31158K, capacity 31490K, committed 31996K, reserved 1077248K
  class space    used 3620K, capacity 3710K, committed 3836K, reserved 1048576K
2016-07-15T17:03:09.569-0530: 75977.347: [GC (Allocation Failure) 75977.414: [ParNew
Desired survivor size 20112992 bytes, new threshold 8 (max 8)
- age   1:    2047040 bytes,    2047040 total
- age   2:         24 bytes,    2047064 total
- age   3:    6913152 bytes,    8960216 total
: 109248K->21824K(109248K), 0.0173030 secs] 280080K->196357K(502464K), 0.0836008 secs] [Times: user=0.05 sys=0.01, real=0.09 secs] 
Heap after GC invocations=227 (full 42):
 par new generation   total 109248K, used 21824K [0x00000007a0000000, 0x00000007a8000000, 0x00000007a8000000)
  eden space 87424K,   0% used [0x00000007a0000000, 0x00000007a0000000, 0x00000007a5560000)
  from space 21824K, 100% used [0x00000007a6ab0000, 0x00000007a8000000, 0x00000007a8000000)
  to   space 21824K,   0% used [0x00000007a5560000, 0x00000007a5560000, 0x00000007a6ab0000)
 concurrent mark-sweep generation total 393216K, used 174533K [0x00000007a8000000, 0x00000007c0000000, 0x00000007c0000000)
 Metaspace       used 31158K, capacity 31490K, committed 31996K, reserved 1077248K
  class space    used 3620K, capacity 3710K, committed 3836K, reserved 1048576K
}
2016-07-15T17:03:09.653-0530: 75977.431: Total time for which application threads were stopped: 0.0841828 seconds
{Heap before GC invocations=227 (full 42):
 par new generation   total 109248K, used 109248K [0x00000007a0000000, 0x00000007a8000000, 0x00000007a8000000)
  eden space 87424K, 100% used [0x00000007a0000000, 0x00000007a5560000, 0x00000007a5560000)
  from space 21824K, 100% used [0x00000007a6ab0000, 0x00000007a8000000, 0x00000007a8000000)
  to   space 21824K,   0% used [0x00000007a5560000, 0x00000007a5560000, 0x00000007a6ab0000)
 concurrent mark-sweep generation total 393216K, used 174533K [0x00000007a8000000, 0x00000007c0000000, 0x00000007c0000000)
 Metaspace       used 31158K, capacity 31490K, committed 31996K, reserved 1077248K
  class space    used 3620K, capacity 3710K, committed 3836K, reserved 1048576K
2016-07-15T17:03:10.065-0530: 75977.844: [GC (Allocation Failure) 75977.844: [ParNew
Desired survivor size 20112992 bytes, new threshold 4 (max 8)
- age   1:   15256312 bytes,   15256312 total
- age   2:    1980928 bytes,   17237240 total
- age   3:         24 bytes,   17237264 total
- age   4:    5058480 bytes,   22295744 total
: 109248K->21824K(109248K), 0.0412724 secs] 283781K->219022K(502464K), 0.0413408 secs] [Times: user=0.14 sys=0.01, real=0.04 secs] 
Heap after GC invocations=228 (full 42):
 par new generation   total 109248K, used 21824K [0x00000007a0000000, 0x00000007a8000000, 0x00000007a8000000)
  eden space 87424K,   0% used [0x00000007a0000000, 0x00000007a0000000, 0x00000007a5560000)
  from space 21824K, 100% used [0x00000007a5560000, 0x00000007a6ab0000, 0x00000007a6ab0000)
  to   space 21824K,   0% used [0x00000007a6ab0000, 0x00000007a6ab0000, 0x00000007a8000000)
 concurrent mark-sweep generation total 393216K, used 197198K [0x00000007a8000000, 0x00000007c0000000, 0x00000007c0000000)
 Metaspace       used 31158K, capacity 31490K, committed 31996K, reserved 1077248K
  class space    used 3620K, capacity 3710K, committed 3836K, reserved 1048576K
}
2016-07-15T17:03:10.107-0530: 75977.885: Total time for which application threads were stopped: 0.0417242 seconds
2016-07-15T17:03:10.107-0530: 75977.885: [GC (CMS Initial Mark) [1 CMS-initial-mark: 197198K(393216K)] 220061K(502464K), 0.0029626 secs] [Times: user=0.01 sys=0.00, real=0.01 secs] 
2016-07-15T17:03:10.110-0530: 75977.888: Total time for which application threads were stopped: 0.0031502 seconds
2016-07-15T17:03:10.110-0530: 75977.888: [CMS-concurrent-mark-start]
2016-07-15T17:03:10.141-0530: 75977.919: [CMS-concurrent-mark: 0.031/0.031 secs] [Times: user=0.12 sys=0.00, real=0.03 secs] 
2016-07-15T17:03:10.141-0530: 75977.919: [CMS-concurrent-preclean-start]
2016-07-15T17:03:10.142-0530: 75977.920: [CMS-concurrent-preclean: 0.001/0.001 secs] [Times: user=0.00 sys=0.00, real=0.00 secs] 
2016-07-15T17:03:10.142-0530: 75977.920: [CMS-concurrent-abortable-preclean-start]
{Heap before GC invocations=228 (full 43):
 par new generation   total 109248K, used 109248K [0x00000007a0000000, 0x00000007a8000000, 0x00000007a8000000)
  eden space 87424K, 100% used [0x00000007a0000000, 0x00000007a5560000, 0x00000007a5560000)
  from space 21824K, 100% used [0x00000007a5560000, 0x00000007a6ab0000, 0x00000007a6ab0000)
  to   space 21824K,   0% used [0x00000007a6ab0000, 0x00000007a6ab0000, 0x00000007a8000000)
 concurrent mark-sweep generation total 393216K, used 197198K [0x00000007a8000000, 0x00000007c0000000, 0x00000007c0000000)
 Metaspace       used 31158K, capacity 31490K, committed 31996K, reserved 1077248K
  class space    used 3620K, capacity 3710K, committed 3836K, reserved 1048576K
2016-07-15T17:03:10.713-0530: 75978.492: [GC (Allocation Failure) 75978.492: [ParNew
Desired survivor size 20112992 bytes, new threshold 2 (max 8)
- age   1:    9282840 bytes,    9282840 total
- age   2:   11079320 bytes,   20362160 total
- age   3:    1980928 bytes,   22343088 total
- age   4:         24 bytes,   22343112 total
: 109248K->21824K(109248K), 0.0256511 secs] 306446K->227042K(502464K), 0.0257236 secs] [Times: user=0.08 sys=0.01, real=0.02 secs] 
Heap after GC invocations=229 (full 43):
 par new generation   total 109248K, used 21824K [0x00000007a0000000, 0x00000007a8000000, 0x00000007a8000000)
  eden space 87424K,   0% used [0x00000007a0000000, 0x00000007a0000000, 0x00000007a5560000)
  from space 21824K, 100% used [0x00000007a6ab0000, 0x00000007a8000000, 0x00000007a8000000)
  to   space 21824K,   0% used [0x00000007a5560000, 0x00000007a5560000, 0x00000007a6ab0000)
 concurrent mark-sweep generation total 393216K, used 205218K [0x00000007a8000000, 0x00000007c0000000, 0x00000007c0000000)
 Metaspace       used 31158K, capacity 31490K, committed 31996K, reserved 1077248K
  class space    used 3620K, capacity 3710K, committed 3836K, reserved 1048576K
}
2016-07-15T17:03:10.739-0530: 75978.518: Total time for which application threads were stopped: 0.0259302 seconds
2016-07-15T17:03:12.748-0530: 75980.527: [CMS-concurrent-abortable-preclean: 0.929/2.606 secs] [Times: user=3.46 sys=0.02, real=2.60 secs] 
2016-07-15T17:03:12.749-0530: 75980.527: [GC (CMS Final Remark) [YG occupancy: 66282 K (109248 K)]{Heap before GC invocations=229 (full 43):
 par new generation   total 109248K, used 66282K [0x00000007a0000000, 0x00000007a8000000, 0x00000007a8000000)
  eden space 87424K,  50% used [0x00000007a0000000, 0x00000007a2b6aa80, 0x00000007a5560000)
  from space 21824K, 100% used [0x00000007a6ab0000, 0x00000007a8000000, 0x00000007a8000000)
  to   space 21824K,   0% used [0x00000007a5560000, 0x00000007a5560000, 0x00000007a6ab0000)
 concurrent mark-sweep generation total 393216K, used 205218K [0x00000007a8000000, 0x00000007c0000000, 0x00000007c0000000)
 Metaspace       used 31158K, capacity 31490K, committed 31996K, reserved 1077248K
  class space    used 3620K, capacity 3710K, committed 3836K, reserved 1048576K
2016-07-15T17:03:12.749-0530: 75980.527: [GC (CMS Final Remark) 75980.527: [ParNew
Desired survivor size 20112992 bytes, new threshold 8 (max 8)
- age   1:      96384 bytes,      96384 total
: 66282K->17605K(109248K), 0.0092438 secs] 271500K->228879K(502464K), 0.0093117 secs] [Times: user=0.02 sys=0.01, real=0.01 secs] 
Heap after GC invocations=230 (full 43):
 par new generation   total 109248K, used 17605K [0x00000007a0000000, 0x00000007a8000000, 0x00000007a8000000)
  eden space 87424K,   0% used [0x00000007a0000000, 0x00000007a0000000, 0x00000007a5560000)
  from space 21824K,  80% used [0x00000007a5560000, 0x00000007a6691740, 0x00000007a6ab0000)
  to   space 21824K,   0% used [0x00000007a6ab0000, 0x00000007a6ab0000, 0x00000007a8000000)
 concurrent mark-sweep generation total 393216K, used 211274K [0x00000007a8000000, 0x00000007c0000000, 0x00000007c0000000)
 Metaspace       used 31158K, capacity 31490K, committed 31996K, reserved 1077248K
  class space    used 3620K, capacity 3710K, committed 3836K, reserved 1048576K
}
75980.536: [Rescan (parallel) , 0.0041765 secs]75980.541: [weak refs processing, 0.0021497 secs]75980.543: [class unloading, 0.0540011 secs]75980.597: [scrub symbol table, 0.0078444 secs]75980.605: [scrub string table, 0.0005594 secs][1 CMS-remark: 211274K(393216K)] 228879K(502464K), 0.0825451 secs] [Times: user=0.07 sys=0.01, real=0.09 secs] 
2016-07-15T17:03:12.831-0530: 75980.610: Total time for which application threads were stopped: 0.0826842 seconds
2016-07-15T17:03:12.831-0530: 75980.610: [CMS-concurrent-sweep-start]
2016-07-15T17:03:12.989-0530: 75980.768: [CMS-concurrent-sweep: 0.158/0.158 secs] [Times: user=0.15 sys=0.01, real=0.15 secs] 
2016-07-15T17:03:12.989-0530: 75980.768: [CMS-concurrent-reset-start]
2016-07-15T17:03:12.989-0530: 75980.768: [CMS-concurrent-reset: 0.000/0.000 secs] [Times: user=0.00 sys=0.00, real=0.01 secs] 
2016-07-15T17:03:50.511-0530: 76018.290: Total time for which application threads were stopped: 0.0001105 seconds
2016-07-15T17:03:50.511-0530: 76018.291: Total time for which application threads were stopped: 0.0000804 seconds
{Heap before GC invocations=230 (full 43):
 par new generation   total 109248K, used 105029K [0x00000007a0000000, 0x00000007a8000000, 0x00000007a8000000)
  eden space 87424K, 100% used [0x00000007a0000000, 0x00000007a5560000, 0x00000007a5560000)
  from space 21824K,  80% used [0x00000007a5560000, 0x00000007a6691740, 0x00000007a6ab0000)
  to   space 21824K,   0% used [0x00000007a6ab0000, 0x00000007a6ab0000, 0x00000007a8000000)
 concurrent mark-sweep generation total 393216K, used 89183K [0x00000007a8000000, 0x00000007c0000000, 0x00000007c0000000)
 Metaspace       used 31158K, capacity 31490K, committed 31996K, reserved 1077248K
  class space    used 3620K, capacity 3710K, committed 3836K, reserved 1048576K
2016-07-15T17:03:50.928-0530: 76018.708: [GC (Allocation Failure) 76018.716: [ParNew
Desired survivor size 20112992 bytes, new threshold 1 (max 8)
- age   1:   22204656 bytes,   22204656 total
- age   2:      96256 bytes,   22300912 total
: 105029K->21824K(109248K), 0.0212704 secs] 194213K->117073K(502464K), 0.0294697 secs] [Times: user=0.08 sys=0.00, real=0.03 secs] 
Heap after GC invocations=231 (full 43):
 par new generation   total 109248K, used 21824K [0x00000007a0000000, 0x00000007a8000000, 0x00000007a8000000)
  eden space 87424K,   0% used [0x00000007a0000000, 0x00000007a0000000, 0x00000007a5560000)
  from space 21824K, 100% used [0x00000007a6ab0000, 0x00000007a8000000, 0x00000007a8000000)
  to   space 21824K,   0% used [0x00000007a5560000, 0x00000007a5560000, 0x00000007a6ab0000)
 concurrent mark-sweep generation total 393216K, used 95249K [0x00000007a8000000, 0x00000007c0000000, 0x00000007c0000000)
 Metaspace       used 31158K, capacity 31490K, committed 31996K, reserved 1077248K
  class space    used 3620K, capacity 3710K, committed 3836K, reserved 1048576K
}
2016-07-15T17:03:50.958-0530: 76018.737: Total time for which application threads were stopped: 0.0296630 seconds
{Heap before GC invocations=231 (full 43):
 par new generation   total 109248K, used 109248K [0x00000007a0000000, 0x00000007a8000000, 0x00000007a8000000)
  eden space 87424K, 100% used [0x00000007a0000000, 0x00000007a5560000, 0x00000007a5560000)
  from space 21824K, 100% used [0x00000007a6ab0000, 0x00000007a8000000, 0x00000007a8000000)
  to   space 21824K,   0% used [0x00000007a5560000, 0x00000007a5560000, 0x00000007a6ab0000)
 concurrent mark-sweep generation total 393216K, used 95249K [0x00000007a8000000, 0x00000007c0000000, 0x00000007c0000000)
 Metaspace       used 31158K, capacity 31490K, committed 31996K, reserved 1077248K
  class space    used 3620K, capacity 3710K, committed 3836K, reserved 1048576K
2016-07-15T17:03:51.458-0530: 76019.238: [GC (Allocation Failure) 76019.238: [ParNew
Desired survivor size 20112992 bytes, new threshold 8 (max 8)
- age   1:   12435312 bytes,   12435312 total
: 109248K->16015K(109248K), 0.0228688 secs] 204497K->128459K(502464K), 0.0229577 secs] [Times: user=0.06 sys=0.02, real=0.03 secs] 
Heap after GC invocations=232 (full 43):
 par new generation   total 109248K, used 16015K [0x00000007a0000000, 0x00000007a8000000, 0x00000007a8000000)
  eden space 87424K,   0% used [0x00000007a0000000, 0x00000007a0000000, 0x00000007a5560000)
  from space 21824K,  73% used [0x00000007a5560000, 0x00000007a6503f80, 0x00000007a6ab0000)
  to   space 21824K,   0% used [0x00000007a6ab0000, 0x00000007a6ab0000, 0x00000007a8000000)
 concurrent mark-sweep generation total 393216K, used 112443K [0x00000007a8000000, 0x00000007c0000000, 0x00000007c0000000)
 Metaspace       used 31158K, capacity 31490K, committed 31996K, reserved 1077248K
  class space    used 3620K, capacity 3710K, committed 3836K, reserved 1048576K
}
2016-07-15T17:03:51.481-0530: 76019.261: Total time for which application threads were stopped: 0.0231598 seconds
2016-07-15T17:03:53.496-0530: 76021.276: Total time for which application threads were stopped: 0.0001546 seconds
2016-07-15T17:04:43.529-0530: 76071.310: Total time for which application threads were stopped: 0.0001086 seconds
2016-07-15T17:08:06.929-0530: 76274.715: Total time for which application threads were stopped: 0.0013921 seconds
2016-07-15T17:08:06.930-0530: 76274.715: Total time for which application threads were stopped: 0.0001028 seconds
2016-07-15T17:08:06.930-0530: 76274.716: Total time for which application threads were stopped: 0.0000706 seconds
2016-07-15T17:08:06.942-0530: 76274.728: Total time for which application threads were stopped: 0.0002937 seconds
{Heap before GC invocations=232 (full 43):
 par new generation   total 109248K, used 103321K [0x00000007a0000000, 0x00000007a8000000, 0x00000007a8000000)
  eden space 87424K,  99% used [0x00000007a0000000, 0x00000007a55427e8, 0x00000007a5560000)
  from space 21824K,  73% used [0x00000007a5560000, 0x00000007a6503f80, 0x00000007a6ab0000)
  to   space 21824K,   0% used [0x00000007a6ab0000, 0x00000007a6ab0000, 0x00000007a8000000)
 concurrent mark-sweep generation total 393216K, used 112443K [0x00000007a8000000, 0x00000007c0000000, 0x00000007c0000000)
 Metaspace       used 31158K, capacity 31490K, committed 31996K, reserved 1077248K
  class space    used 3620K, capacity 3710K, committed 3836K, reserved 1048576K
2016-07-15T17:08:06.994-0530: 76274.780: [GC (Allocation Failure) 76274.809: [ParNew
Desired survivor size 20112992 bytes, new threshold 2 (max 8)
- age   1:    8557512 bytes,    8557512 total
- age   2:   12291080 bytes,   20848592 total
: 103321K->21824K(109248K), 0.0154494 secs] 215765K->134267K(502464K), 0.0445204 secs] [Times: user=0.06 sys=0.00, real=0.04 secs] 
Heap after GC invocations=233 (full 43):
 par new generation   total 109248K, used 21824K [0x00000007a0000000, 0x00000007a8000000, 0x00000007a8000000)
  eden space 87424K,   0% used [0x00000007a0000000, 0x00000007a0000000, 0x00000007a5560000)
  from space 21824K, 100% used [0x00000007a6ab0000, 0x00000007a8000000, 0x00000007a8000000)
  to   space 21824K,   0% used [0x00000007a5560000, 0x00000007a5560000, 0x00000007a6ab0000)
 concurrent mark-sweep generation total 393216K, used 112443K [0x00000007a8000000, 0x00000007c0000000, 0x00000007c0000000)
 Metaspace       used 31158K, capacity 31490K, committed 31996K, reserved 1077248K
  class space    used 3620K, capacity 3710K, committed 3836K, reserved 1048576K
}
2016-07-15T17:08:07.039-0530: 76274.825: Total time for which application threads were stopped: 0.0447573 seconds
{Heap before GC invocations=233 (full 43):
 par new generation   total 109248K, used 109153K [0x00000007a0000000, 0x00000007a8000000, 0x00000007a8000000)
  eden space 87424K,  99% used [0x00000007a0000000, 0x00000007a5548778, 0x00000007a5560000)
  from space 21824K, 100% used [0x00000007a6ab0000, 0x00000007a8000000, 0x00000007a8000000)
  to   space 21824K,   0% used [0x00000007a5560000, 0x00000007a5560000, 0x00000007a6ab0000)
 concurrent mark-sweep generation total 393216K, used 112443K [0x00000007a8000000, 0x00000007c0000000, 0x00000007c0000000)
 Metaspace       used 31158K, capacity 31490K, committed 31996K, reserved 1077248K
  class space    used 3620K, capacity 3710K, committed 3836K, reserved 1048576K
2016-07-15T17:08:07.613-0530: 76275.399: [GC (Allocation Failure) 76275.428: [ParNew
Desired survivor size 20112992 bytes, new threshold 2 (max 8)
- age   1:   17056032 bytes,   17056032 total
- age   2:    5286512 bytes,   22342544 total
: 109153K->21824K(109248K), 0.0928366 secs] 221597K->177061K(502464K), 0.1218340 secs] [Times: user=0.23 sys=0.03, real=0.12 secs] 
Heap after GC invocations=234 (full 43):
 par new generation   total 109248K, used 21824K [0x00000007a0000000, 0x00000007a8000000, 0x00000007a8000000)
  eden space 87424K,   0% used [0x00000007a0000000, 0x00000007a0000000, 0x00000007a5560000)
  from space 21824K, 100% used [0x00000007a5560000, 0x00000007a6ab0000, 0x00000007a6ab0000)
  to   space 21824K,   0% used [0x00000007a6ab0000, 0x00000007a6ab0000, 0x00000007a8000000)
 concurrent mark-sweep generation total 393216K, used 155237K [0x00000007a8000000, 0x00000007c0000000, 0x00000007c0000000)
 Metaspace       used 31158K, capacity 31490K, committed 31996K, reserved 1077248K
  class space    used 3620K, capacity 3710K, committed 3836K, reserved 1048576K
}
2016-07-15T17:08:07.735-0530: 76275.521: Total time for which application threads were stopped: 0.1220477 seconds
{Heap before GC invocations=234 (full 43):
 par new generation   total 109248K, used 108992K [0x00000007a0000000, 0x00000007a8000000, 0x00000007a8000000)
  eden space 87424K,  99% used [0x00000007a0000000, 0x00000007a55203f8, 0x00000007a5560000)
  from space 21824K, 100% used [0x00000007a5560000, 0x00000007a6ab0000, 0x00000007a6ab0000)
  to   space 21824K,   0% used [0x00000007a6ab0000, 0x00000007a6ab0000, 0x00000007a8000000)
 concurrent mark-sweep generation total 393216K, used 155237K [0x00000007a8000000, 0x00000007c0000000, 0x00000007c0000000)
 Metaspace       used 31158K, capacity 31490K, committed 31996K, reserved 1077248K
  class space    used 3620K, capacity 3710K, committed 3836K, reserved 1048576K
2016-07-15T17:08:08.346-0530: 76276.132: [GC (Allocation Failure) 76276.132: [ParNew
Desired survivor size 20112992 bytes, new threshold 2 (max 8)
- age   1:   13343752 bytes,   13343752 total
- age   2:    8162800 bytes,   21506552 total
: 108992K->21824K(109248K), 0.0269138 secs] 264230K->183034K(502464K), 0.0269756 secs] [Times: user=0.08 sys=0.00, real=0.03 secs] 
Heap after GC invocations=235 (full 43):
 par new generation   total 109248K, used 21824K [0x00000007a0000000, 0x00000007a8000000, 0x00000007a8000000)
  eden space 87424K,   0% used [0x00000007a0000000, 0x00000007a0000000, 0x00000007a5560000)
  from space 21824K, 100% used [0x00000007a6ab0000, 0x00000007a8000000, 0x00000007a8000000)
  to   space 21824K,   0% used [0x00000007a5560000, 0x00000007a5560000, 0x00000007a6ab0000)
 concurrent mark-sweep generation total 393216K, used 161210K [0x00000007a8000000, 0x00000007c0000000, 0x00000007c0000000)
 Metaspace       used 31158K, capacity 31490K, committed 31996K, reserved 1077248K
  class space    used 3620K, capacity 3710K, committed 3836K, reserved 1048576K
}
2016-07-15T17:08:08.373-0530: 76276.159: Total time for which application threads were stopped: 0.0272078 seconds
2016-07-15T17:09:00.179-0530: 76327.966: Total time for which application threads were stopped: 0.0001209 seconds
2016-07-15T17:09:00.179-0530: 76327.966: Total time for which application threads were stopped: 0.0000629 seconds
2016-07-15T17:09:14.843-0530: 76342.630: Total time for which application threads were stopped: 0.0001268 seconds
2016-07-15T17:09:14.843-0530: 76342.631: Total time for which application threads were stopped: 0.0000938 seconds
2016-07-15T17:09:14.844-0530: 76342.631: Total time for which application threads were stopped: 0.0001020 seconds
{Heap before GC invocations=235 (full 43):
 par new generation   total 109248K, used 109248K [0x00000007a0000000, 0x00000007a8000000, 0x00000007a8000000)
  eden space 87424K, 100% used [0x00000007a0000000, 0x00000007a5560000, 0x00000007a5560000)
  from space 21824K, 100% used [0x00000007a6ab0000, 0x00000007a8000000, 0x00000007a8000000)
  to   space 21824K,   0% used [0x00000007a5560000, 0x00000007a5560000, 0x00000007a6ab0000)
 concurrent mark-sweep generation total 393216K, used 161210K [0x00000007a8000000, 0x00000007c0000000, 0x00000007c0000000)
 Metaspace       used 31159K, capacity 31490K, committed 31996K, reserved 1077248K
  class space    used 3620K, capacity 3710K, committed 3836K, reserved 1048576K
2016-07-15T17:09:15.114-0530: 76342.901: [GC (Allocation Failure) 76342.935: [ParNew
Desired survivor size 20112992 bytes, new threshold 8 (max 8)
- age   1:   13396488 bytes,   13396488 total
- age   2:    6713936 bytes,   20110424 total
: 109248K->21824K(109248K), 0.0356214 secs] 270458K->197154K(502464K), 0.0698707 secs] [Times: user=0.11 sys=0.02, real=0.07 secs] 
Heap after GC invocations=236 (full 43):
 par new generation   total 109248K, used 21824K [0x00000007a0000000, 0x00000007a8000000, 0x00000007a8000000)
  eden space 87424K,   0% used [0x00000007a0000000, 0x00000007a0000000, 0x00000007a5560000)
  from space 21824K, 100% used [0x00000007a5560000, 0x00000007a6ab0000, 0x00000007a6ab0000)
  to   space 21824K,   0% used [0x00000007a6ab0000, 0x00000007a6ab0000, 0x00000007a8000000)
 concurrent mark-sweep generation total 393216K, used 175330K [0x00000007a8000000, 0x00000007c0000000, 0x00000007c0000000)
 Metaspace       used 31159K, capacity 31490K, committed 31996K, reserved 1077248K
  class space    used 3620K, capacity 3710K, committed 3836K, reserved 1048576K
}
2016-07-15T17:09:15.184-0530: 76342.971: Total time for which application threads were stopped: 0.0701069 seconds
2016-07-15T17:09:15.328-0530: 76343.115: Total time for which application threads were stopped: 0.0002219 seconds
2016-07-15T17:09:15.328-0530: 76343.116: Total time for which application threads were stopped: 0.0001387 seconds
2016-07-15T17:09:15.329-0530: 76343.116: Total time for which application threads were stopped: 0.0001608 seconds
{Heap before GC invocations=236 (full 43):
 par new generation   total 109248K, used 108322K [0x00000007a0000000, 0x00000007a8000000, 0x00000007a8000000)
  eden space 87424K,  98% used [0x00000007a0000000, 0x00000007a54788e0, 0x00000007a5560000)
  from space 21824K, 100% used [0x00000007a5560000, 0x00000007a6ab0000, 0x00000007a6ab0000)
  to   space 21824K,   0% used [0x00000007a6ab0000, 0x00000007a6ab0000, 0x00000007a8000000)
 concurrent mark-sweep generation total 393216K, used 175330K [0x00000007a8000000, 0x00000007c0000000, 0x00000007c0000000)
 Metaspace       used 31160K, capacity 31490K, committed 31996K, reserved 1077248K
  class space    used 3620K, capacity 3710K, committed 3836K, reserved 1048576K
2016-07-15T17:09:15.389-0530: 76343.176: [GC (Allocation Failure) 76343.176: [ParNew
Desired survivor size 20112992 bytes, new threshold 3 (max 8)
- age   1:   10298784 bytes,   10298784 total
- age   2:    5823800 bytes,   16122584 total
- age   3:    6217776 bytes,   22340360 total
: 108322K->21824K(109248K), 0.0743383 secs] 283652K->236613K(502464K), 0.0744734 secs] [Times: user=0.19 sys=0.03, real=0.08 secs] 
Heap after GC invocations=237 (full 43):
 par new generation   total 109248K, used 21824K [0x00000007a0000000, 0x00000007a8000000, 0x00000007a8000000)
  eden space 87424K,   0% used [0x00000007a0000000, 0x00000007a0000000, 0x00000007a5560000)
  from space 21824K, 100% used [0x00000007a6ab0000, 0x00000007a8000000, 0x00000007a8000000)
  to   space 21824K,   0% used [0x00000007a5560000, 0x00000007a5560000, 0x00000007a6ab0000)
 concurrent mark-sweep generation total 393216K, used 214789K [0x00000007a8000000, 0x00000007c0000000, 0x00000007c0000000)
 Metaspace       used 31160K, capacity 31490K, committed 31996K, reserved 1077248K
  class space    used 3620K, capacity 3710K, committed 3836K, reserved 1048576K
}
2016-07-15T17:09:15.463-0530: 76343.251: Total time for which application threads were stopped: 0.0749461 seconds
2016-07-15T17:09:15.464-0530: 76343.251: [GC (CMS Initial Mark) [1 CMS-initial-mark: 214789K(393216K)] 237961K(502464K), 0.0063420 secs] [Times: user=0.03 sys=0.00, real=0.01 secs] 
2016-07-15T17:09:15.470-0530: 76343.258: Total time for which application threads were stopped: 0.0065987 seconds
2016-07-15T17:09:15.470-0530: 76343.258: [CMS-concurrent-mark-start]
2016-07-15T17:09:15.528-0530: 76343.316: [CMS-concurrent-mark: 0.058/0.058 secs] [Times: user=0.22 sys=0.00, real=0.05 secs] 
2016-07-15T17:09:15.528-0530: 76343.316: [CMS-concurrent-preclean-start]
2016-07-15T17:09:15.530-0530: 76343.317: [CMS-concurrent-preclean: 0.002/0.002 secs] [Times: user=0.00 sys=0.00, real=0.01 secs] 
2016-07-15T17:09:15.530-0530: 76343.317: [CMS-concurrent-abortable-preclean-start]
{Heap before GC invocations=237 (full 44):
 par new generation   total 109248K, used 109248K [0x00000007a0000000, 0x00000007a8000000, 0x00000007a8000000)
  eden space 87424K, 100% used [0x00000007a0000000, 0x00000007a5560000, 0x00000007a5560000)
  from space 21824K, 100% used [0x00000007a6ab0000, 0x00000007a8000000, 0x00000007a8000000)
  to   space 21824K,   0% used [0x00000007a5560000, 0x00000007a5560000, 0x00000007a6ab0000)
 concurrent mark-sweep generation total 393216K, used 214789K [0x00000007a8000000, 0x00000007c0000000, 0x00000007c0000000)
 Metaspace       used 31160K, capacity 31490K, committed 31996K, reserved 1077248K
  class space    used 3620K, capacity 3710K, committed 3836K, reserved 1048576K
2016-07-15T17:09:15.929-0530: 76343.716: [GC (Allocation Failure) 76343.716: [ParNew2016-07-15T17:09:15.945-0530: 76343.732: [CMS-concurrent-abortable-preclean: 0.210/0.415 secs] [Times: user=1.03 sys=0.01, real=0.41 secs] 

Desired survivor size 20112992 bytes, new threshold 3 (max 8)
- age   1:   13073104 bytes,   13073104 total
- age   2:    2086136 bytes,   15159240 total
- age   3:    5704312 bytes,   20863552 total
: 109248K->21824K(109248K), 0.0495581 secs] 324037K->257488K(502464K), 0.0496301 secs] [Times: user=0.14 sys=0.01, real=0.05 secs] 
Heap after GC invocations=238 (full 44):
 par new generation   total 109248K, used 21824K [0x00000007a0000000, 0x00000007a8000000, 0x00000007a8000000)
  eden space 87424K,   0% used [0x00000007a0000000, 0x00000007a0000000, 0x00000007a5560000)
  from space 21824K, 100% used [0x00000007a5560000, 0x00000007a6ab0000, 0x00000007a6ab0000)
  to   space 21824K,   0% used [0x00000007a6ab0000, 0x00000007a6ab0000, 0x00000007a8000000)
 concurrent mark-sweep generation total 393216K, used 235664K [0x00000007a8000000, 0x00000007c0000000, 0x00000007c0000000)
 Metaspace       used 31160K, capacity 31490K, committed 31996K, reserved 1077248K
  class space    used 3620K, capacity 3710K, committed 3836K, reserved 1048576K
}
2016-07-15T17:09:15.978-0530: 76343.766: Total time for which application threads were stopped: 0.0499175 seconds
2016-07-15T17:09:15.979-0530: 76343.766: [GC (CMS Final Remark) [YG occupancy: 24559 K (109248 K)]{Heap before GC invocations=238 (full 44):
 par new generation   total 109248K, used 24559K [0x00000007a0000000, 0x00000007a8000000, 0x00000007a8000000)
  eden space 87424K,   3% used [0x00000007a0000000, 0x00000007a02abe00, 0x00000007a5560000)
  from space 21824K, 100% used [0x00000007a5560000, 0x00000007a6ab0000, 0x00000007a6ab0000)
  to   space 21824K,   0% used [0x00000007a6ab0000, 0x00000007a6ab0000, 0x00000007a8000000)
 concurrent mark-sweep generation total 393216K, used 235664K [0x00000007a8000000, 0x00000007c0000000, 0x00000007c0000000)
 Metaspace       used 31160K, capacity 31490K, committed 31996K, reserved 1077248K
  class space    used 3620K, capacity 3710K, committed 3836K, reserved 1048576K
2016-07-15T17:09:15.979-0530: 76343.766: [GC (CMS Final Remark) 76343.766: [ParNew
Desired survivor size 20112992 bytes, new threshold 8 (max 8)
- age   1:    1476592 bytes,    1476592 total
- age   2:   12021368 bytes,   13497960 total
- age   3:    2086040 bytes,   15584000 total
: 24559K->21824K(109248K), 0.0212836 secs] 260223K->264090K(502464K), 0.0213611 secs] [Times: user=0.08 sys=0.01, real=0.03 secs] 
Heap after GC invocations=239 (full 44):
 par new generation   total 109248K, used 21824K [0x00000007a0000000, 0x00000007a8000000, 0x00000007a8000000)
  eden space 87424K,   0% used [0x00000007a0000000, 0x00000007a0000000, 0x00000007a5560000)
  from space 21824K, 100% used [0x00000007a6ab0000, 0x00000007a8000000, 0x00000007a8000000)
  to   space 21824K,   0% used [0x00000007a5560000, 0x00000007a5560000, 0x00000007a6ab0000)
 concurrent mark-sweep generation total 393216K, used 242266K [0x00000007a8000000, 0x00000007c0000000, 0x00000007c0000000)
 Metaspace       used 31160K, capacity 31490K, committed 31996K, reserved 1077248K
  class space    used 3620K, capacity 3710K, committed 3836K, reserved 1048576K
}
76343.788: [Rescan (parallel) , 0.0135306 secs]76343.801: [weak refs processing, 0.0007586 secs]76343.802: [class unloading, 0.0205968 secs]76343.823: [scrub symbol table, 0.0053015 secs]76343.828: [scrub string table, 0.0005893 secs][1 CMS-remark: 242266K(393216K)] 264090K(502464K), 0.0668500 secs] [Times: user=0.16 sys=0.01, real=0.07 secs] 
2016-07-15T17:09:16.046-0530: 76343.833: Total time for which application threads were stopped: 0.0671714 seconds
2016-07-15T17:09:16.046-0530: 76343.833: [CMS-concurrent-sweep-start]
2016-07-15T17:09:16.218-0530: 76344.005: [CMS-concurrent-sweep: 0.172/0.172 secs] [Times: user=0.49 sys=0.01, real=0.17 secs] 
2016-07-15T17:09:16.218-0530: 76344.005: [CMS-concurrent-reset-start]
2016-07-15T17:09:16.218-0530: 76344.005: [CMS-concurrent-reset: 0.000/0.000 secs] [Times: user=0.00 sys=0.00, real=0.00 secs] 
{Heap before GC invocations=239 (full 44):
 par new generation   total 109248K, used 109248K [0x00000007a0000000, 0x00000007a8000000, 0x00000007a8000000)
  eden space 87424K, 100% used [0x00000007a0000000, 0x00000007a5560000, 0x00000007a5560000)
  from space 21824K, 100% used [0x00000007a6ab0000, 0x00000007a8000000, 0x00000007a8000000)
  to   space 21824K,   0% used [0x00000007a5560000, 0x00000007a5560000, 0x00000007a6ab0000)
 concurrent mark-sweep generation total 393216K, used 134286K [0x00000007a8000000, 0x00000007c0000000, 0x00000007c0000000)
 Metaspace       used 31160K, capacity 31490K, committed 31996K, reserved 1077248K
  class space    used 3620K, capacity 3710K, committed 3836K, reserved 1048576K
2016-07-15T17:09:16.330-0530: 76344.118: [GC (Allocation Failure) 76344.118: [ParNew
Desired survivor size 20112992 bytes, new threshold 3 (max 8)
- age   1:    8715024 bytes,    8715024 total
- age   2:    1476520 bytes,   10191544 total
- age   3:   10069920 bytes,   20261464 total
- age   4:    2085992 bytes,   22347456 total
: 109248K->21824K(109248K), 0.0626255 secs] 243534K->188215K(502464K), 0.0626897 secs] [Times: user=0.20 sys=0.00, real=0.06 secs] 
Heap after GC invocations=240 (full 44):
 par new generation   total 109248K, used 21824K [0x00000007a0000000, 0x00000007a8000000, 0x00000007a8000000)
  eden space 87424K,   0% used [0x00000007a0000000, 0x00000007a0000000, 0x00000007a5560000)
  from space 21824K, 100% used [0x00000007a5560000, 0x00000007a6ab0000, 0x00000007a6ab0000)
  to   space 21824K,   0% used [0x00000007a6ab0000, 0x00000007a6ab0000, 0x00000007a8000000)
 concurrent mark-sweep generation total 393216K, used 166391K [0x00000007a8000000, 0x00000007c0000000, 0x00000007c0000000)
 Metaspace       used 31160K, capacity 31490K, committed 31996K, reserved 1077248K
  class space    used 3620K, capacity 3710K, committed 3836K, reserved 1048576K
}
2016-07-15T17:09:16.393-0530: 76344.180: Total time for which application threads were stopped: 0.0629544 seconds
{Heap before GC invocations=240 (full 44):
 par new generation   total 109248K, used 109248K [0x00000007a0000000, 0x00000007a8000000, 0x00000007a8000000)
  eden space 87424K, 100% used [0x00000007a0000000, 0x00000007a5560000, 0x00000007a5560000)
  from space 21824K, 100% used [0x00000007a5560000, 0x00000007a6ab0000, 0x00000007a6ab0000)
  to   space 21824K,   0% used [0x00000007a6ab0000, 0x00000007a6ab0000, 0x00000007a8000000)
 concurrent mark-sweep generation total 393216K, used 166391K [0x00000007a8000000, 0x00000007c0000000, 0x00000007c0000000)
 Metaspace       used 31160K, capacity 31490K, committed 31996K, reserved 1077248K
  class space    used 3620K, capacity 3710K, committed 3836K, reserved 1048576K
2016-07-15T17:09:16.875-0530: 76344.663: [GC (Allocation Failure) 76344.663: [ParNew
Desired survivor size 20112992 bytes, new threshold 8 (max 8)
- age   1:    6965488 bytes,    6965488 total
- age   2:    2868672 bytes,    9834160 total
- age   3:    1476520 bytes,   11310680 total
: 109248K->15595K(109248K), 0.0193872 secs] 275639K->193717K(502464K), 0.0194810 secs] [Times: user=0.07 sys=0.00, real=0.02 secs] 
Heap after GC invocations=241 (full 44):
 par new generation   total 109248K, used 15595K [0x00000007a0000000, 0x00000007a8000000, 0x00000007a8000000)
  eden space 87424K,   0% used [0x00000007a0000000, 0x00000007a0000000, 0x00000007a5560000)
  from space 21824K,  71% used [0x00000007a6ab0000, 0x00000007a79eae28, 0x00000007a8000000)
  to   space 21824K,   0% used [0x00000007a5560000, 0x00000007a5560000, 0x00000007a6ab0000)
 concurrent mark-sweep generation total 393216K, used 178121K [0x00000007a8000000, 0x00000007c0000000, 0x00000007c0000000)
 Metaspace       used 31160K, capacity 31490K, committed 31996K, reserved 1077248K
  class space    used 3620K, capacity 3710K, committed 3836K, reserved 1048576K
}
2016-07-15T17:09:16.895-0530: 76344.682: Total time for which application threads were stopped: 0.0198670 seconds
2016-07-15T17:10:08.510-0530: 76396.299: Total time for which application threads were stopped: 0.0001128 seconds
2016-07-15T17:10:08.510-0530: 76396.299: Total time for which application threads were stopped: 0.0000725 seconds
2016-07-15T17:10:08.963-0530: 76396.751: Total time for which application threads were stopped: 0.0001117 seconds
2016-07-15T17:10:08.963-0530: 76396.752: Total time for which application threads were stopped: 0.0000823 seconds
2016-07-15T17:16:26.562-0530: 76774.360: Total time for which application threads were stopped: 0.0003934 seconds
2016-07-15T17:16:26.562-0530: 76774.360: Total time for which application threads were stopped: 0.0000933 seconds
2016-07-15T17:16:26.563-0530: 76774.361: Total time for which application threads were stopped: 0.0000775 seconds
{Heap before GC invocations=241 (full 44):
 par new generation   total 109248K, used 102639K [0x00000007a0000000, 0x00000007a8000000, 0x00000007a8000000)
  eden space 87424K,  99% used [0x00000007a0000000, 0x00000007a5500f20, 0x00000007a5560000)
  from space 21824K,  71% used [0x00000007a6ab0000, 0x00000007a79eae28, 0x00000007a8000000)
  to   space 21824K,   0% used [0x00000007a5560000, 0x00000007a5560000, 0x00000007a6ab0000)
 concurrent mark-sweep generation total 393216K, used 178121K [0x00000007a8000000, 0x00000007c0000000, 0x00000007c0000000)
 Metaspace       used 31160K, capacity 31490K, committed 31996K, reserved 1077248K
  class space    used 3620K, capacity 3710K, committed 3836K, reserved 1048576K
2016-07-15T17:16:26.628-0530: 76774.426: [GC (Allocation Failure) 76774.439: [ParNew
Desired survivor size 20112992 bytes, new threshold 4 (max 8)
- age   1:   12557656 bytes,   12557656 total
- age   2:    4707368 bytes,   17265024 total
- age   3:    2838544 bytes,   20103568 total
- age   4:    1476520 bytes,   21580088 total
: 102639K->21824K(109248K), 0.0322511 secs] 280761K->200462K(502464K), 0.0647704 secs] [Times: user=0.06 sys=0.02, real=0.07 secs] 
Heap after GC invocations=242 (full 44):
 par new generation   total 109248K, used 21824K [0x00000007a0000000, 0x00000007a8000000, 0x00000007a8000000)
  eden space 87424K,   0% used [0x00000007a0000000, 0x00000007a0000000, 0x00000007a5560000)
  from space 21824K, 100% used [0x00000007a5560000, 0x00000007a6ab0000, 0x00000007a6ab0000)
  to   space 21824K,   0% used [0x00000007a6ab0000, 0x00000007a6ab0000, 0x00000007a8000000)
 concurrent mark-sweep generation total 393216K, used 178638K [0x00000007a8000000, 0x00000007c0000000, 0x00000007c0000000)
 Metaspace       used 31160K, capacity 31490K, committed 31996K, reserved 1077248K
  class space    used 3620K, capacity 3710K, committed 3836K, reserved 1048576K
}
2016-07-15T17:16:26.693-0530: 76774.491: Total time for which application threads were stopped: 0.0651176 seconds
{Heap before GC invocations=242 (full 44):
 par new generation   total 109248K, used 109248K [0x00000007a0000000, 0x00000007a8000000, 0x00000007a8000000)
  eden space 87424K, 100% used [0x00000007a0000000, 0x00000007a5560000, 0x00000007a5560000)
  from space 21824K, 100% used [0x00000007a5560000, 0x00000007a6ab0000, 0x00000007a6ab0000)
  to   space 21824K,   0% used [0x00000007a6ab0000, 0x00000007a6ab0000, 0x00000007a8000000)
 concurrent mark-sweep generation total 393216K, used 178638K [0x00000007a8000000, 0x00000007c0000000, 0x00000007c0000000)
 Metaspace       used 31160K, capacity 31490K, committed 31996K, reserved 1077248K
  class space    used 3620K, capacity 3710K, committed 3836K, reserved 1048576K
2016-07-15T17:16:27.292-0530: 76775.090: [GC (Allocation Failure) 76775.090: [ParNew
Desired survivor size 20112992 bytes, new threshold 4 (max 8)
- age   1:    6776928 bytes,    6776928 total
- age   2:    8014608 bytes,   14791536 total
- age   3:    4707368 bytes,   19498904 total
- age   4:    2838544 bytes,   22337448 total
: 109248K->21824K(109248K), 0.1878026 secs] 287886K->245718K(502464K), 0.1878724 secs] [Times: user=0.28 sys=0.17, real=0.18 secs] 
Heap after GC invocations=243 (full 44):
 par new generation   total 109248K, used 21824K [0x00000007a0000000, 0x00000007a8000000, 0x00000007a8000000)
  eden space 87424K,   0% used [0x00000007a0000000, 0x00000007a0000000, 0x00000007a5560000)
  from space 21824K, 100% used [0x00000007a6ab0000, 0x00000007a8000000, 0x00000007a8000000)
  to   space 21824K,   0% used [0x00000007a5560000, 0x00000007a5560000, 0x00000007a6ab0000)
 concurrent mark-sweep generation total 393216K, used 223894K [0x00000007a8000000, 0x00000007c0000000, 0x00000007c0000000)
 Metaspace       used 31160K, capacity 31490K, committed 31996K, reserved 1077248K
  class space    used 3620K, capacity 3710K, committed 3836K, reserved 1048576K
}
2016-07-15T17:16:27.480-0530: 76775.278: Total time for which application threads were stopped: 0.1880878 seconds
2016-07-15T17:16:27.480-0530: 76775.278: [GC (CMS Initial Mark) [1 CMS-initial-mark: 223894K(393216K)] 246518K(502464K), 0.0098340 secs] [Times: user=0.01 sys=0.01, real=0.01 secs] 
2016-07-15T17:16:27.490-0530: 76775.288: Total time for which application threads were stopped: 0.0100556 seconds
2016-07-15T17:16:27.490-0530: 76775.288: [CMS-concurrent-mark-start]
2016-07-15T17:16:27.575-0530: 76775.374: [CMS-concurrent-mark: 0.086/0.086 secs] [Times: user=0.22 sys=0.07, real=0.08 secs] 
2016-07-15T17:16:27.576-0530: 76775.374: [CMS-concurrent-preclean-start]
2016-07-15T17:16:27.577-0530: 76775.375: [CMS-concurrent-preclean: 0.001/0.001 secs] [Times: user=0.00 sys=0.00, real=0.00 secs] 
2016-07-15T17:16:27.577-0530: 76775.375: [CMS-concurrent-abortable-preclean-start]
2016-07-15T17:16:27.957-0530: 76775.755: [CMS-concurrent-abortable-preclean: 0.173/0.380 secs] [Times: user=0.55 sys=0.00, real=0.38 secs] 
2016-07-15T17:16:27.958-0530: 76775.756: [GC (CMS Final Remark) [YG occupancy: 83672 K (109248 K)]{Heap before GC invocations=243 (full 45):
 par new generation   total 109248K, used 83672K [0x00000007a0000000, 0x00000007a8000000, 0x00000007a8000000)
  eden space 87424K,  70% used [0x00000007a0000000, 0x00000007a3c66120, 0x00000007a5560000)
  from space 21824K, 100% used [0x00000007a6ab0000, 0x00000007a8000000, 0x00000007a8000000)
  to   space 21824K,   0% used [0x00000007a5560000, 0x00000007a5560000, 0x00000007a6ab0000)
 concurrent mark-sweep generation total 393216K, used 223894K [0x00000007a8000000, 0x00000007c0000000, 0x00000007c0000000)
 Metaspace       used 31160K, capacity 31490K, committed 31996K, reserved 1077248K
  class space    used 3620K, capacity 3710K, committed 3836K, reserved 1048576K
2016-07-15T17:16:27.958-0530: 76775.756: [GC (CMS Final Remark) 76775.756: [ParNew
Desired survivor size 20112992 bytes, new threshold 4 (max 8)
- age   1:    3948464 bytes,    3948464 total
- age   2:    5486656 bytes,    9435120 total
- age   3:    8014640 bytes,   17449760 total
- age   4:    4455368 bytes,   21905128 total
: 83672K->21824K(109248K), 0.0256619 secs] 307567K->249596K(502464K), 0.0257392 secs] [Times: user=0.08 sys=0.01, real=0.03 secs] 
Heap after GC invocations=244 (full 45):
 par new generation   total 109248K, used 21824K [0x00000007a0000000, 0x00000007a8000000, 0x00000007a8000000)
  eden space 87424K,   0% used [0x00000007a0000000, 0x00000007a0000000, 0x00000007a5560000)
  from space 21824K, 100% used [0x00000007a5560000, 0x00000007a6ab0000, 0x00000007a6ab0000)
  to   space 21824K,   0% used [0x00000007a6ab0000, 0x00000007a6ab0000, 0x00000007a8000000)
 concurrent mark-sweep generation total 393216K, used 227772K [0x00000007a8000000, 0x00000007c0000000, 0x00000007c0000000)
 Metaspace       used 31160K, capacity 31490K, committed 31996K, reserved 1077248K
  class space    used 3620K, capacity 3710K, committed 3836K, reserved 1048576K
}
76775.781: [Rescan (parallel) , 0.0074171 secs]76775.789: [weak refs processing, 0.0018336 secs]76775.791: [class unloading, 0.0813269 secs]76775.872: [scrub symbol table, 0.0215395 secs]76775.894: [scrub string table, 0.0005505 secs][1 CMS-remark: 227772K(393216K)] 249596K(502464K), 0.1438593 secs] [Times: user=0.15 sys=0.08, real=0.15 secs] 
2016-07-15T17:16:28.101-0530: 76775.900: Total time for which application threads were stopped: 0.1440911 seconds
2016-07-15T17:16:28.102-0530: 76775.900: [CMS-concurrent-sweep-start]
2016-07-15T17:16:28.407-0530: 76776.205: [CMS-concurrent-sweep: 0.306/0.306 secs] [Times: user=0.46 sys=0.13, real=0.30 secs] 
2016-07-15T17:16:28.407-0530: 76776.205: [CMS-concurrent-reset-start]
2016-07-15T17:16:28.410-0530: 76776.208: [CMS-concurrent-reset: 0.002/0.002 secs] [Times: user=0.00 sys=0.00, real=0.01 secs] 
2016-07-15T17:17:20.121-0530: 76827.920: Total time for which application threads were stopped: 0.0001768 seconds
2016-07-15T17:17:20.121-0530: 76827.921: Total time for which application threads were stopped: 0.0000748 seconds
2016-07-15T17:18:41.021-0530: 76908.822: Total time for which application threads were stopped: 0.0001283 seconds
2016-07-15T17:18:41.021-0530: 76908.822: Total time for which application threads were stopped: 0.0000846 seconds
2016-07-15T17:18:41.022-0530: 76908.823: Total time for which application threads were stopped: 0.0001071 seconds
{Heap before GC invocations=244 (full 45):
 par new generation   total 109248K, used 108702K [0x00000007a0000000, 0x00000007a8000000, 0x00000007a8000000)
  eden space 87424K,  99% used [0x00000007a0000000, 0x00000007a54d7a38, 0x00000007a5560000)
  from space 21824K, 100% used [0x00000007a5560000, 0x00000007a6ab0000, 0x00000007a6ab0000)
  to   space 21824K,   0% used [0x00000007a6ab0000, 0x00000007a6ab0000, 0x00000007a8000000)
 concurrent mark-sweep generation total 393216K, used 112363K [0x00000007a8000000, 0x00000007c0000000, 0x00000007c0000000)
 Metaspace       used 31160K, capacity 31490K, committed 31996K, reserved 1077248K
  class space    used 3620K, capacity 3710K, committed 3836K, reserved 1048576K
2016-07-15T17:18:41.102-0530: 76908.903: [GC (Allocation Failure) 76908.936: [ParNew
Desired survivor size 20112992 bytes, new threshold 8 (max 8)
- age   1:    9777704 bytes,    9777704 total
- age   3:      54856 bytes,    9832560 total
- age   4:    5650328 bytes,   15482888 total
: 108702K->21824K(109248K), 0.0240403 secs] 221065K->137261K(502464K), 0.0568292 secs] [Times: user=0.06 sys=0.01, real=0.05 secs] 
Heap after GC invocations=245 (full 45):
 par new generation   total 109248K, used 21824K [0x00000007a0000000, 0x00000007a8000000, 0x00000007a8000000)
  eden space 87424K,   0% used [0x00000007a0000000, 0x00000007a0000000, 0x00000007a5560000)
  from space 21824K, 100% used [0x00000007a6ab0000, 0x00000007a8000000, 0x00000007a8000000)
  to   space 21824K,   0% used [0x00000007a5560000, 0x00000007a5560000, 0x00000007a6ab0000)
 concurrent mark-sweep generation total 393216K, used 115437K [0x00000007a8000000, 0x00000007c0000000, 0x00000007c0000000)
 Metaspace       used 31160K, capacity 31490K, committed 31996K, reserved 1077248K
  class space    used 3620K, capacity 3710K, committed 3836K, reserved 1048576K
}
2016-07-15T17:18:41.158-0530: 76908.960: Total time for which application threads were stopped: 0.0570517 seconds
{Heap before GC invocations=245 (full 45):
 par new generation   total 109248K, used 109248K [0x00000007a0000000, 0x00000007a8000000, 0x00000007a8000000)
  eden space 87424K, 100% used [0x00000007a0000000, 0x00000007a5560000, 0x00000007a5560000)
  from space 21824K, 100% used [0x00000007a6ab0000, 0x00000007a8000000, 0x00000007a8000000)
  to   space 21824K,   0% used [0x00000007a5560000, 0x00000007a5560000, 0x00000007a6ab0000)
 concurrent mark-sweep generation total 393216K, used 115437K [0x00000007a8000000, 0x00000007c0000000, 0x00000007c0000000)
 Metaspace       used 31160K, capacity 31490K, committed 31996K, reserved 1077248K
  class space    used 3620K, capacity 3710K, committed 3836K, reserved 1048576K
2016-07-15T17:18:41.767-0530: 76909.568: [GC (Allocation Failure) 76909.568: [ParNew
Desired survivor size 20112992 bytes, new threshold 5 (max 8)
- age   1:    9959720 bytes,    9959720 total
- age   2:    6666264 bytes,   16625984 total
- age   4:      54856 bytes,   16680840 total
- age   5:    5650400 bytes,   22331240 total
: 109248K->21824K(109248K), 0.0914973 secs] 224685K->180248K(502464K), 0.0915709 secs] [Times: user=0.25 sys=0.02, real=0.09 secs] 
Heap after GC invocations=246 (full 45):
 par new generation   total 109248K, used 21824K [0x00000007a0000000, 0x00000007a8000000, 0x00000007a8000000)
  eden space 87424K,   0% used [0x00000007a0000000, 0x00000007a0000000, 0x00000007a5560000)
  from space 21824K, 100% used [0x00000007a5560000, 0x00000007a6ab0000, 0x00000007a6ab0000)
  to   space 21824K,   0% used [0x00000007a6ab0000, 0x00000007a6ab0000, 0x00000007a8000000)
 concurrent mark-sweep generation total 393216K, used 158424K [0x00000007a8000000, 0x00000007c0000000, 0x00000007c0000000)
 Metaspace       used 31160K, capacity 31490K, committed 31996K, reserved 1077248K
  class space    used 3620K, capacity 3710K, committed 3836K, reserved 1048576K
}
2016-07-15T17:18:41.858-0530: 76909.660: Total time for which application threads were stopped: 0.0917732 seconds
{Heap before GC invocations=246 (full 45):
 par new generation   total 109248K, used 109248K [0x00000007a0000000, 0x00000007a8000000, 0x00000007a8000000)
  eden space 87424K, 100% used [0x00000007a0000000, 0x00000007a5560000, 0x00000007a5560000)
  from space 21824K, 100% used [0x00000007a5560000, 0x00000007a6ab0000, 0x00000007a6ab0000)
  to   space 21824K,   0% used [0x00000007a6ab0000, 0x00000007a6ab0000, 0x00000007a8000000)
 concurrent mark-sweep generation total 393216K, used 158424K [0x00000007a8000000, 0x00000007c0000000, 0x00000007c0000000)
 Metaspace       used 31160K, capacity 31490K, committed 31996K, reserved 1077248K
  class space    used 3620K, capacity 3710K, committed 3836K, reserved 1048576K
2016-07-15T17:18:43.010-0530: 76910.811: [GC (Allocation Failure) 76910.811: [ParNew
Desired survivor size 20112992 bytes, new threshold 8 (max 8)
- age   1:    4555744 bytes,    4555744 total
- age   2:    5114656 bytes,    9670400 total
- age   3:    6160168 bytes,   15830568 total
- age   5:      54856 bytes,   15885424 total
: 109248K->21824K(109248K), 0.0279699 secs] 267672K->188476K(502464K), 0.0280726 secs] [Times: user=0.07 sys=0.01, real=0.02 secs] 
Heap after GC invocations=247 (full 45):
 par new generation   total 109248K, used 21824K [0x00000007a0000000, 0x00000007a8000000, 0x00000007a8000000)
  eden space 87424K,   0% used [0x00000007a0000000, 0x00000007a0000000, 0x00000007a5560000)
  from space 21824K, 100% used [0x00000007a6ab0000, 0x00000007a8000000, 0x00000007a8000000)
  to   space 21824K,   0% used [0x00000007a5560000, 0x00000007a5560000, 0x00000007a6ab0000)
 concurrent mark-sweep generation total 393216K, used 166652K [0x00000007a8000000, 0x00000007c0000000, 0x00000007c0000000)
 Metaspace       used 31160K, capacity 31490K, committed 31996K, reserved 1077248K
  class space    used 3620K, capacity 3710K, committed 3836K, reserved 1048576K
}
2016-07-15T17:18:43.038-0530: 76910.839: Total time for which application threads were stopped: 0.0282972 seconds
2016-07-15T17:19:11.911-0530: 76939.713: Total time for which application threads were stopped: 0.0001407 seconds
2016-07-15T17:19:11.911-0530: 76939.713: Total time for which application threads were stopped: 0.0001520 seconds
{Heap before GC invocations=247 (full 45):
 par new generation   total 109248K, used 109248K [0x00000007a0000000, 0x00000007a8000000, 0x00000007a8000000)
  eden space 87424K, 100% used [0x00000007a0000000, 0x00000007a5560000, 0x00000007a5560000)
  from space 21824K, 100% used [0x00000007a6ab0000, 0x00000007a8000000, 0x00000007a8000000)
  to   space 21824K,   0% used [0x00000007a5560000, 0x00000007a5560000, 0x00000007a6ab0000)
 concurrent mark-sweep generation total 393216K, used 166652K [0x00000007a8000000, 0x00000007c0000000, 0x00000007c0000000)
 Metaspace       used 31160K, capacity 31490K, committed 31996K, reserved 1077248K
  class space    used 3620K, capacity 3710K, committed 3836K, reserved 1048576K
2016-07-15T17:19:12.345-0530: 76940.147: [GC (Allocation Failure) 76940.160: [ParNew
Desired survivor size 20112992 bytes, new threshold 4 (max 8)
- age   1:   15345600 bytes,   15345600 total
- age   2:     259392 bytes,   15604992 total
- age   3:     454984 bytes,   16059976 total
- age   4:    5918480 bytes,   21978456 total
- age   6:      54856 bytes,   22033312 total
: 109248K->21824K(109248K), 0.0344186 secs] 275900K->194859K(502464K), 0.0470389 secs] [Times: user=0.09 sys=0.01, real=0.05 secs] 
Heap after GC invocations=248 (full 45):
 par new generation   total 109248K, used 21824K [0x00000007a0000000, 0x00000007a8000000, 0x00000007a8000000)
  eden space 87424K,   0% used [0x00000007a0000000, 0x00000007a0000000, 0x00000007a5560000)
  from space 21824K, 100% used [0x00000007a5560000, 0x00000007a6ab0000, 0x00000007a6ab0000)
  to   space 21824K,   0% used [0x00000007a6ab0000, 0x00000007a6ab0000, 0x00000007a8000000)
 concurrent mark-sweep generation total 393216K, used 173035K [0x00000007a8000000, 0x00000007c0000000, 0x00000007c0000000)
 Metaspace       used 31160K, capacity 31490K, committed 31996K, reserved 1077248K
  class space    used 3620K, capacity 3710K, committed 3836K, reserved 1048576K
}
2016-07-15T17:19:12.392-0530: 76940.194: Total time for which application threads were stopped: 0.0472691 seconds
{Heap before GC invocations=248 (full 45):
 par new generation   total 109248K, used 109248K [0x00000007a0000000, 0x00000007a8000000, 0x00000007a8000000)
  eden space 87424K, 100% used [0x00000007a0000000, 0x00000007a5560000, 0x00000007a5560000)
  from space 21824K, 100% used [0x00000007a5560000, 0x00000007a6ab0000, 0x00000007a6ab0000)
  to   space 21824K,   0% used [0x00000007a6ab0000, 0x00000007a6ab0000, 0x00000007a8000000)
 concurrent mark-sweep generation total 393216K, used 173035K [0x00000007a8000000, 0x00000007c0000000, 0x00000007c0000000)
 Metaspace       used 31160K, capacity 31490K, committed 31996K, reserved 1077248K
  class space    used 3620K, capacity 3710K, committed 3836K, reserved 1048576K
2016-07-15T17:19:12.865-0530: 76940.667: [GC (Allocation Failure) 76940.667: [ParNew
Desired survivor size 20112992 bytes, new threshold 2 (max 8)
- age   1:   10932856 bytes,   10932856 total
- age   2:   10586616 bytes,   21519472 total
- age   3:     259392 bytes,   21778864 total
- age   4:     454984 bytes,   22233848 total
: 109248K->21824K(109248K), 0.0294460 secs] 282283K->203602K(502464K), 0.0295912 secs] [Times: user=0.10 sys=0.01, real=0.03 secs] 
Heap after GC invocations=249 (full 45):
 par new generation   total 109248K, used 21824K [0x00000007a0000000, 0x00000007a8000000, 0x00000007a8000000)
  eden space 87424K,   0% used [0x00000007a0000000, 0x00000007a0000000, 0x00000007a5560000)
  from space 21824K, 100% used [0x00000007a6ab0000, 0x00000007a8000000, 0x00000007a8000000)
  to   space 21824K,   0% used [0x00000007a5560000, 0x00000007a5560000, 0x00000007a6ab0000)
 concurrent mark-sweep generation total 393216K, used 181778K [0x00000007a8000000, 0x00000007c0000000, 0x00000007c0000000)
 Metaspace       used 31160K, capacity 31490K, committed 31996K, reserved 1077248K
  class space    used 3620K, capacity 3710K, committed 3836K, reserved 1048576K
}
2016-07-15T17:19:12.894-0530: 76940.697: Total time for which application threads were stopped: 0.0298338 seconds
2016-07-15T17:19:15.051-0530: 76942.853: Total time for which application threads were stopped: 0.0002368 seconds
2016-07-15T17:20:05.088-0530: 76992.891: Total time for which application threads were stopped: 0.0001575 seconds
2016-07-15T17:48:23.970-0530: 78691.815: Total time for which application threads were stopped: 0.0007926 seconds
2016-07-15T17:48:23.971-0530: 78691.816: Total time for which application threads were stopped: 0.0001186 seconds
2016-07-15T17:48:23.976-0530: 78691.821: Total time for which application threads were stopped: 0.0001763 seconds
{Heap before GC invocations=249 (full 45):
 par new generation   total 109248K, used 109213K [0x00000007a0000000, 0x00000007a8000000, 0x00000007a8000000)
  eden space 87424K,  99% used [0x00000007a0000000, 0x00000007a5557798, 0x00000007a5560000)
  from space 21824K, 100% used [0x00000007a6ab0000, 0x00000007a8000000, 0x00000007a8000000)
  to   space 21824K,   0% used [0x00000007a5560000, 0x00000007a5560000, 0x00000007a6ab0000)
 concurrent mark-sweep generation total 393216K, used 181778K [0x00000007a8000000, 0x00000007c0000000, 0x00000007c0000000)
 Metaspace       used 31160K, capacity 31490K, committed 31996K, reserved 1077248K
  class space    used 3620K, capacity 3710K, committed 3836K, reserved 1048576K
2016-07-15T17:48:24.047-0530: 78691.892: [GC (Allocation Failure) 78692.131: [ParNew
Desired survivor size 20112992 bytes, new threshold 8 (max 8)
- age   1:    4594136 bytes,    4594136 total
: 109213K->17736K(109248K), 0.0819117 secs] 290992K->202682K(502464K), 0.3202030 secs] [Times: user=0.04 sys=0.13, real=0.32 secs] 
Heap after GC invocations=250 (full 45):
 par new generation   total 109248K, used 17736K [0x00000007a0000000, 0x00000007a8000000, 0x00000007a8000000)
  eden space 87424K,   0% used [0x00000007a0000000, 0x00000007a0000000, 0x00000007a5560000)
  from space 21824K,  81% used [0x00000007a5560000, 0x00000007a66b21c0, 0x00000007a6ab0000)
  to   space 21824K,   0% used [0x00000007a6ab0000, 0x00000007a6ab0000, 0x00000007a8000000)
 concurrent mark-sweep generation total 393216K, used 184945K [0x00000007a8000000, 0x00000007c0000000, 0x00000007c0000000)
 Metaspace       used 31160K, capacity 31490K, committed 31996K, reserved 1077248K
  class space    used 3620K, capacity 3710K, committed 3836K, reserved 1048576K
}
2016-07-15T17:48:24.367-0530: 78692.213: Total time for which application threads were stopped: 0.3204856 seconds
{Heap before GC invocations=250 (full 45):
 par new generation   total 109248K, used 105160K [0x00000007a0000000, 0x00000007a8000000, 0x00000007a8000000)
  eden space 87424K, 100% used [0x00000007a0000000, 0x00000007a5560000, 0x00000007a5560000)
  from space 21824K,  81% used [0x00000007a5560000, 0x00000007a66b21c0, 0x00000007a6ab0000)
  to   space 21824K,   0% used [0x00000007a6ab0000, 0x00000007a6ab0000, 0x00000007a8000000)
 concurrent mark-sweep generation total 393216K, used 184945K [0x00000007a8000000, 0x00000007c0000000, 0x00000007c0000000)
 Metaspace       used 31160K, capacity 31490K, committed 31996K, reserved 1077248K
  class space    used 3620K, capacity 3710K, committed 3836K, reserved 1048576K
2016-07-15T17:48:24.925-0530: 78692.770: [GC (Allocation Failure) 78692.804: [ParNew
Desired survivor size 20112992 bytes, new threshold 2 (max 8)
- age   1:   17757048 bytes,   17757048 total
- age   2:    4574528 bytes,   22331576 total
: 105160K->21824K(109248K), 0.1442149 secs] 290106K->232775K(502464K), 0.1785482 secs] [Times: user=0.18 sys=0.20, real=0.18 secs] 
Heap after GC invocations=251 (full 45):
 par new generation   total 109248K, used 21824K [0x00000007a0000000, 0x00000007a8000000, 0x00000007a8000000)
  eden space 87424K,   0% used [0x00000007a0000000, 0x00000007a0000000, 0x00000007a5560000)
  from space 21824K, 100% used [0x00000007a6ab0000, 0x00000007a8000000, 0x00000007a8000000)
  to   space 21824K,   0% used [0x00000007a5560000, 0x00000007a5560000, 0x00000007a6ab0000)
 concurrent mark-sweep generation total 393216K, used 210951K [0x00000007a8000000, 0x00000007c0000000, 0x00000007c0000000)
 Metaspace       used 31160K, capacity 31490K, committed 31996K, reserved 1077248K
  class space    used 3620K, capacity 3710K, committed 3836K, reserved 1048576K
}
2016-07-15T17:48:25.103-0530: 78692.948: Total time for which application threads were stopped: 0.1789541 seconds
2016-07-15T17:48:25.104-0530: 78692.949: [GC (CMS Initial Mark) [1 CMS-initial-mark: 210951K(393216K)] 233494K(502464K), 0.0072003 secs] [Times: user=0.02 sys=0.01, real=0.01 secs] 
2016-07-15T17:48:25.111-0530: 78692.956: Total time for which application threads were stopped: 0.0074355 seconds
2016-07-15T17:48:25.111-0530: 78692.956: [CMS-concurrent-mark-start]
2016-07-15T17:48:25.177-0530: 78693.022: [CMS-concurrent-mark: 0.066/0.066 secs] [Times: user=0.15 sys=0.07, real=0.06 secs] 
2016-07-15T17:48:25.177-0530: 78693.022: [CMS-concurrent-preclean-start]
2016-07-15T17:48:25.178-0530: 78693.024: [CMS-concurrent-preclean: 0.001/0.001 secs] [Times: user=0.01 sys=0.00, real=0.00 secs] 
2016-07-15T17:48:25.179-0530: 78693.024: [CMS-concurrent-abortable-preclean-start]
2016-07-15T17:48:25.612-0530: 78693.457: [CMS-concurrent-abortable-preclean: 0.124/0.433 secs] [Times: user=0.55 sys=0.01, real=0.44 secs] 
2016-07-15T17:48:25.614-0530: 78693.459: [GC (CMS Final Remark) [YG occupancy: 84433 K (109248 K)]{Heap before GC invocations=251 (full 46):
 par new generation   total 109248K, used 84433K [0x00000007a0000000, 0x00000007a8000000, 0x00000007a8000000)
  eden space 87424K,  71% used [0x00000007a0000000, 0x00000007a3d245f0, 0x00000007a5560000)
  from space 21824K, 100% used [0x00000007a6ab0000, 0x00000007a8000000, 0x00000007a8000000)
  to   space 21824K,   0% used [0x00000007a5560000, 0x00000007a5560000, 0x00000007a6ab0000)
 concurrent mark-sweep generation total 393216K, used 210951K [0x00000007a8000000, 0x00000007c0000000, 0x00000007c0000000)
 Metaspace       used 31160K, capacity 31490K, committed 31996K, reserved 1077248K
  class space    used 3620K, capacity 3710K, committed 3836K, reserved 1048576K
2016-07-15T17:48:25.614-0530: 78693.459: [GC (CMS Final Remark) 78693.459: [ParNew
Desired survivor size 20112992 bytes, new threshold 2 (max 8)
- age   1:   11566248 bytes,   11566248 total
- age   2:    9889848 bytes,   21456096 total
: 84433K->21824K(109248K), 0.0535429 secs] 295385K->240980K(502464K), 0.0535886 secs] [Times: user=0.06 sys=0.08, real=0.05 secs] 
Heap after GC invocations=252 (full 46):
 par new generation   total 109248K, used 21824K [0x00000007a0000000, 0x00000007a8000000, 0x00000007a8000000)
  eden space 87424K,   0% used [0x00000007a0000000, 0x00000007a0000000, 0x00000007a5560000)
  from space 21824K, 100% used [0x00000007a5560000, 0x00000007a6ab0000, 0x00000007a6ab0000)
  to   space 21824K,   0% used [0x00000007a6ab0000, 0x00000007a6ab0000, 0x00000007a8000000)
 concurrent mark-sweep generation total 393216K, used 219156K [0x00000007a8000000, 0x00000007c0000000, 0x00000007c0000000)
 Metaspace       used 31160K, capacity 31490K, committed 31996K, reserved 1077248K
  class space    used 3620K, capacity 3710K, committed 3836K, reserved 1048576K
}
78693.513: [Rescan (parallel) , 0.0183656 secs]78693.531: [weak refs processing, 0.0011904 secs]78693.532: [class unloading, 0.0733813 secs]78693.606: [scrub symbol table, 0.0243345 secs]78693.630: [scrub string table, 0.0006052 secs][1 CMS-remark: 219156K(393216K)] 240980K(502464K), 0.1763874 secs] [Times: user=0.13 sys=0.14, real=0.18 secs] 
2016-07-15T17:48:25.790-0530: 78693.636: Total time for which application threads were stopped: 0.1767142 seconds
2016-07-15T17:48:25.791-0530: 78693.636: [CMS-concurrent-sweep-start]
2016-07-15T17:48:26.166-0530: 78694.011: [CMS-concurrent-sweep: 0.375/0.375 secs] [Times: user=0.53 sys=0.18, real=0.37 secs] 
2016-07-15T17:48:26.166-0530: 78694.011: [CMS-concurrent-reset-start]
2016-07-15T17:48:26.169-0530: 78694.014: [CMS-concurrent-reset: 0.003/0.003 secs] [Times: user=0.00 sys=0.00, real=0.00 secs] 
2016-07-15T17:49:18.376-0530: 78746.223: Total time for which application threads were stopped: 0.0002653 seconds
2016-07-15T17:49:18.377-0530: 78746.223: Total time for which application threads were stopped: 0.0000903 seconds
2016-07-15T17:52:50.163-0530: 78958.015: Total time for which application threads were stopped: 0.0000969 seconds
2016-07-15T17:52:50.163-0530: 78958.015: Total time for which application threads were stopped: 0.0000514 seconds
2016-07-15T17:52:50.164-0530: 78958.016: Total time for which application threads were stopped: 0.0000801 seconds
2016-07-15T17:52:51.165-0530: 78959.017: Total time for which application threads were stopped: 0.0001140 seconds
2016-07-15T17:53:01.735-0530: 78969.587: Total time for which application threads were stopped: 0.0001453 seconds
2016-07-15T17:53:01.735-0530: 78969.587: Total time for which application threads were stopped: 0.0001117 seconds
{Heap before GC invocations=252 (full 46):
 par new generation   total 109248K, used 109248K [0x00000007a0000000, 0x00000007a8000000, 0x00000007a8000000)
  eden space 87424K, 100% used [0x00000007a0000000, 0x00000007a5560000, 0x00000007a5560000)
  from space 21824K, 100% used [0x00000007a5560000, 0x00000007a6ab0000, 0x00000007a6ab0000)
  to   space 21824K,   0% used [0x00000007a6ab0000, 0x00000007a6ab0000, 0x00000007a8000000)
 concurrent mark-sweep generation total 393216K, used 92701K [0x00000007a8000000, 0x00000007c0000000, 0x00000007c0000000)
 Metaspace       used 31163K, capacity 31490K, committed 31996K, reserved 1077248K
  class space    used 3620K, capacity 3710K, committed 3836K, reserved 1048576K
2016-07-15T17:53:01.763-0530: 78969.615: [GC (Allocation Failure) 78969.658: [ParNew
Desired survivor size 20112992 bytes, new threshold 8 (max 8)
- age   1:    3057256 bytes,    3057256 total
: 109248K->16213K(109248K), 0.0052623 secs] 201949K->110017K(502464K), 0.0480516 secs] [Times: user=0.01 sys=0.00, real=0.05 secs] 
Heap after GC invocations=253 (full 46):
 par new generation   total 109248K, used 16213K [0x00000007a0000000, 0x00000007a8000000, 0x00000007a8000000)
  eden space 87424K,   0% used [0x00000007a0000000, 0x00000007a0000000, 0x00000007a5560000)
  from space 21824K,  74% used [0x00000007a6ab0000, 0x00000007a7a85760, 0x00000007a8000000)
  to   space 21824K,   0% used [0x00000007a5560000, 0x00000007a5560000, 0x00000007a6ab0000)
 concurrent mark-sweep generation total 393216K, used 93803K [0x00000007a8000000, 0x00000007c0000000, 0x00000007c0000000)
 Metaspace       used 31163K, capacity 31490K, committed 31996K, reserved 1077248K
  class space    used 3620K, capacity 3710K, committed 3836K, reserved 1048576K
}
2016-07-15T17:53:01.811-0530: 78969.663: Total time for which application threads were stopped: 0.0683422 seconds
{Heap before GC invocations=253 (full 46):
 par new generation   total 109248K, used 103637K [0x00000007a0000000, 0x00000007a8000000, 0x00000007a8000000)
  eden space 87424K, 100% used [0x00000007a0000000, 0x00000007a5560000, 0x00000007a5560000)
  from space 21824K,  74% used [0x00000007a6ab0000, 0x00000007a7a85760, 0x00000007a8000000)
  to   space 21824K,   0% used [0x00000007a5560000, 0x00000007a5560000, 0x00000007a6ab0000)
 concurrent mark-sweep generation total 393216K, used 93803K [0x00000007a8000000, 0x00000007c0000000, 0x00000007c0000000)
 Metaspace       used 31164K, capacity 31490K, committed 31996K, reserved 1077248K
  class space    used 3620K, capacity 3710K, committed 3836K, reserved 1048576K
2016-07-15T17:53:02.244-0530: 78970.096: [GC (Allocation Failure) 78970.109: [ParNew
Desired survivor size 20112992 bytes, new threshold 2 (max 8)
- age   1:   19258072 bytes,   19258072 total
- age   2:    3043560 bytes,   22301632 total
: 103637K->21824K(109248K), 0.0407476 secs] 197441K->134277K(502464K), 0.0544239 secs] [Times: user=0.13 sys=0.01, real=0.05 secs] 
Heap after GC invocations=254 (full 46):
 par new generation   total 109248K, used 21824K [0x00000007a0000000, 0x00000007a8000000, 0x00000007a8000000)
  eden space 87424K,   0% used [0x00000007a0000000, 0x00000007a0000000, 0x00000007a5560000)
  from space 21824K, 100% used [0x00000007a5560000, 0x00000007a6ab0000, 0x00000007a6ab0000)
  to   space 21824K,   0% used [0x00000007a6ab0000, 0x00000007a6ab0000, 0x00000007a8000000)
 concurrent mark-sweep generation total 393216K, used 112453K [0x00000007a8000000, 0x00000007c0000000, 0x00000007c0000000)
 Metaspace       used 31164K, capacity 31490K, committed 31996K, reserved 1077248K
  class space    used 3620K, capacity 3710K, committed 3836K, reserved 1048576K
}
2016-07-15T17:53:02.298-0530: 78970.150: Total time for which application threads were stopped: 0.0546695 seconds
{Heap before GC invocations=254 (full 46):
 par new generation   total 109248K, used 109248K [0x00000007a0000000, 0x00000007a8000000, 0x00000007a8000000)
  eden space 87424K, 100% used [0x00000007a0000000, 0x00000007a5560000, 0x00000007a5560000)
  from space 21824K, 100% used [0x00000007a5560000, 0x00000007a6ab0000, 0x00000007a6ab0000)
  to   space 21824K,   0% used [0x00000007a6ab0000, 0x00000007a6ab0000, 0x00000007a8000000)
 concurrent mark-sweep generation total 393216K, used 112453K [0x00000007a8000000, 0x00000007c0000000, 0x00000007c0000000)
 Metaspace       used 31164K, capacity 31490K, committed 31996K, reserved 1077248K
  class space    used 3620K, capacity 3710K, committed 3836K, reserved 1048576K
2016-07-15T17:53:02.901-0530: 78970.753: [GC (Allocation Failure) 78970.753: [ParNew
Desired survivor size 20112992 bytes, new threshold 2 (max 8)
- age   1:    7151240 bytes,    7151240 total
- age   2:   15196432 bytes,   22347672 total
: 109248K->21824K(109248K), 0.0272317 secs] 221701K->142415K(502464K), 0.0273008 secs] [Times: user=0.08 sys=0.01, real=0.02 secs] 
Heap after GC invocations=255 (full 46):
 par new generation   total 109248K, used 21824K [0x00000007a0000000, 0x00000007a8000000, 0x00000007a8000000)
  eden space 87424K,   0% used [0x00000007a0000000, 0x00000007a0000000, 0x00000007a5560000)
  from space 21824K, 100% used [0x00000007a6ab0000, 0x00000007a8000000, 0x00000007a8000000)
  to   space 21824K,   0% used [0x00000007a5560000, 0x00000007a5560000, 0x00000007a6ab0000)
 concurrent mark-sweep generation total 393216K, used 120591K [0x00000007a8000000, 0x00000007c0000000, 0x00000007c0000000)
 Metaspace       used 31164K, capacity 31490K, committed 31996K, reserved 1077248K
  class space    used 3620K, capacity 3710K, committed 3836K, reserved 1048576K
}
2016-07-15T17:53:02.929-0530: 78970.781: Total time for which application threads were stopped: 0.0275366 seconds
2016-07-15T17:53:04.930-0530: 78972.782: Total time for which application threads were stopped: 0.0002055 seconds
2016-07-15T17:53:54.962-0530: 79022.816: Total time for which application threads were stopped: 0.0001764 seconds
2016-07-15T17:57:28.353-0530: 79236.212: Total time for which application threads were stopped: 0.0001591 seconds
2016-07-15T17:57:28.354-0530: 79236.212: Total time for which application threads were stopped: 0.0000792 seconds
2016-07-15T17:57:28.357-0530: 79236.215: Total time for which application threads were stopped: 0.0001668 seconds
{Heap before GC invocations=255 (full 46):
 par new generation   total 109248K, used 107803K [0x00000007a0000000, 0x00000007a8000000, 0x00000007a8000000)
  eden space 87424K,  98% used [0x00000007a0000000, 0x00000007a53f6cf0, 0x00000007a5560000)
  from space 21824K, 100% used [0x00000007a6ab0000, 0x00000007a8000000, 0x00000007a8000000)
  to   space 21824K,   0% used [0x00000007a5560000, 0x00000007a5560000, 0x00000007a6ab0000)
 concurrent mark-sweep generation total 393216K, used 120591K [0x00000007a8000000, 0x00000007c0000000, 0x00000007c0000000)
 Metaspace       used 31164K, capacity 31490K, committed 31996K, reserved 1077248K
  class space    used 3620K, capacity 3710K, committed 3836K, reserved 1048576K
2016-07-15T17:57:28.554-0530: 79236.413: [GC (Allocation Failure) 79236.441: [ParNew
Desired survivor size 20112992 bytes, new threshold 8 (max 8)
- age   1:   12194336 bytes,   12194336 total
: 107803K->19558K(109248K), 0.0781128 secs] 228394K->143442K(502464K), 0.1061373 secs] [Times: user=0.04 sys=0.11, real=0.11 secs] 
Heap after GC invocations=256 (full 46):
 par new generation   total 109248K, used 19558K [0x00000007a0000000, 0x00000007a8000000, 0x00000007a8000000)
  eden space 87424K,   0% used [0x00000007a0000000, 0x00000007a0000000, 0x00000007a5560000)
  from space 21824K,  89% used [0x00000007a5560000, 0x00000007a6879a90, 0x00000007a6ab0000)
  to   space 21824K,   0% used [0x00000007a6ab0000, 0x00000007a6ab0000, 0x00000007a8000000)
 concurrent mark-sweep generation total 393216K, used 123884K [0x00000007a8000000, 0x00000007c0000000, 0x00000007c0000000)
 Metaspace       used 31164K, capacity 31490K, committed 31996K, reserved 1077248K
  class space    used 3620K, capacity 3710K, committed 3836K, reserved 1048576K
}
2016-07-15T17:57:28.660-0530: 79236.519: Total time for which application threads were stopped: 0.1064485 seconds
{Heap before GC invocations=256 (full 46):
 par new generation   total 109248K, used 106982K [0x00000007a0000000, 0x00000007a8000000, 0x00000007a8000000)
  eden space 87424K, 100% used [0x00000007a0000000, 0x00000007a5560000, 0x00000007a5560000)
  from space 21824K,  89% used [0x00000007a5560000, 0x00000007a6879a90, 0x00000007a6ab0000)
  to   space 21824K,   0% used [0x00000007a6ab0000, 0x00000007a6ab0000, 0x00000007a8000000)
 concurrent mark-sweep generation total 393216K, used 123884K [0x00000007a8000000, 0x00000007c0000000, 0x00000007c0000000)
 Metaspace       used 31164K, capacity 31490K, committed 31996K, reserved 1077248K
  class space    used 3620K, capacity 3710K, committed 3836K, reserved 1048576K
2016-07-15T17:57:29.325-0530: 79237.183: [GC (Allocation Failure) 79237.183: [ParNew
Desired survivor size 20112992 bytes, new threshold 2 (max 8)
- age   1:   15194128 bytes,   15194128 total
- age   2:    7145376 bytes,   22339504 total
: 106982K->21824K(109248K), 0.1329543 secs] 230866K->182237K(502464K), 0.1330242 secs] [Times: user=0.22 sys=0.16, real=0.13 secs] 
Heap after GC invocations=257 (full 46):
 par new generation   total 109248K, used 21824K [0x00000007a0000000, 0x00000007a8000000, 0x00000007a8000000)
  eden space 87424K,   0% used [0x00000007a0000000, 0x00000007a0000000, 0x00000007a5560000)
  from space 21824K, 100% used [0x00000007a6ab0000, 0x00000007a8000000, 0x00000007a8000000)
  to   space 21824K,   0% used [0x00000007a5560000, 0x00000007a5560000, 0x00000007a6ab0000)
 concurrent mark-sweep generation total 393216K, used 160413K [0x00000007a8000000, 0x00000007c0000000, 0x00000007c0000000)
 Metaspace       used 31164K, capacity 31490K, committed 31996K, reserved 1077248K
  class space    used 3620K, capacity 3710K, committed 3836K, reserved 1048576K
}
2016-07-15T17:57:29.458-0530: 79237.317: Total time for which application threads were stopped: 0.1332538 seconds
{Heap before GC invocations=257 (full 46):
 par new generation   total 109248K, used 109248K [0x00000007a0000000, 0x00000007a8000000, 0x00000007a8000000)
  eden space 87424K, 100% used [0x00000007a0000000, 0x00000007a5560000, 0x00000007a5560000)
  from space 21824K, 100% used [0x00000007a6ab0000, 0x00000007a8000000, 0x00000007a8000000)
  to   space 21824K,   0% used [0x00000007a5560000, 0x00000007a5560000, 0x00000007a6ab0000)
 concurrent mark-sweep generation total 393216K, used 160413K [0x00000007a8000000, 0x00000007c0000000, 0x00000007c0000000)
 Metaspace       used 31164K, capacity 31490K, committed 31996K, reserved 1077248K
  class space    used 3620K, capacity 3710K, committed 3836K, reserved 1048576K
2016-07-15T17:57:30.199-0530: 79238.057: [GC (Allocation Failure) 79238.057: [ParNew
Desired survivor size 20112992 bytes, new threshold 8 (max 8)
- age   1:    5731160 bytes,    5731160 total
- age   2:   10879584 bytes,   16610744 total
: 109248K->18713K(109248K), 0.0263199 secs] 269661K->186110K(502464K), 0.0264027 secs] [Times: user=0.05 sys=0.03, real=0.03 secs] 
Heap after GC invocations=258 (full 46):
 par new generation   total 109248K, used 18713K [0x00000007a0000000, 0x00000007a8000000, 0x00000007a8000000)
  eden space 87424K,   0% used [0x00000007a0000000, 0x00000007a0000000, 0x00000007a5560000)
  from space 21824K,  85% used [0x00000007a5560000, 0x00000007a67a6750, 0x00000007a6ab0000)
  to   space 21824K,   0% used [0x00000007a6ab0000, 0x00000007a6ab0000, 0x00000007a8000000)
 concurrent mark-sweep generation total 393216K, used 167396K [0x00000007a8000000, 0x00000007c0000000, 0x00000007c0000000)
 Metaspace       used 31164K, capacity 31490K, committed 31996K, reserved 1077248K
  class space    used 3620K, capacity 3710K, committed 3836K, reserved 1048576K
}
2016-07-15T17:57:30.225-0530: 79238.084: Total time for which application threads were stopped: 0.0266232 seconds
2016-07-15T17:57:31.965-0530: 79239.823: Total time for which application threads were stopped: 0.0005883 seconds
2016-07-15T17:58:21.982-0530: 79289.842: Total time for which application threads were stopped: 0.0004278 seconds
2016-07-15T17:59:34.857-0530: 79362.719: Total time for which application threads were stopped: 0.0001553 seconds
2016-07-15T17:59:34.857-0530: 79362.719: Total time for which application threads were stopped: 0.0000823 seconds
2016-07-15T17:59:34.861-0530: 79362.722: Total time for which application threads were stopped: 0.0001708 seconds
{Heap before GC invocations=258 (full 46):
 par new generation   total 109248K, used 105035K [0x00000007a0000000, 0x00000007a8000000, 0x00000007a8000000)
  eden space 87424K,  98% used [0x00000007a0000000, 0x00000007a544c780, 0x00000007a5560000)
  from space 21824K,  85% used [0x00000007a5560000, 0x00000007a67a6750, 0x00000007a6ab0000)
  to   space 21824K,   0% used [0x00000007a6ab0000, 0x00000007a6ab0000, 0x00000007a8000000)
 concurrent mark-sweep generation total 393216K, used 167396K [0x00000007a8000000, 0x00000007c0000000, 0x00000007c0000000)
 Metaspace       used 31166K, capacity 31490K, committed 31996K, reserved 1077248K
  class space    used 3620K, capacity 3710K, committed 3836K, reserved 1048576K
2016-07-15T17:59:35.315-0530: 79363.176: [GC (Allocation Failure) 79363.193: [ParNew
Desired survivor size 20112992 bytes, new threshold 3 (max 8)
- age   1:   13869904 bytes,   13869904 total
- age   2:    2816632 bytes,   16686536 total
- age   3:    5635024 bytes,   22321560 total
: 105035K->21824K(109248K), 0.0500496 secs] 272432K->201261K(502464K), 0.0664525 secs] [Times: user=0.10 sys=0.04, real=0.07 secs] 
Heap after GC invocations=259 (full 46):
 par new generation   total 109248K, used 21824K [0x00000007a0000000, 0x00000007a8000000, 0x00000007a8000000)
  eden space 87424K,   0% used [0x00000007a0000000, 0x00000007a0000000, 0x00000007a5560000)
  from space 21824K, 100% used [0x00000007a6ab0000, 0x00000007a8000000, 0x00000007a8000000)
  to   space 21824K,   0% used [0x00000007a5560000, 0x00000007a5560000, 0x00000007a6ab0000)
 concurrent mark-sweep generation total 393216K, used 179437K [0x00000007a8000000, 0x00000007c0000000, 0x00000007c0000000)
 Metaspace       used 31166K, capacity 31490K, committed 31996K, reserved 1077248K
  class space    used 3620K, capacity 3710K, committed 3836K, reserved 1048576K
}
2016-07-15T17:59:35.381-0530: 79363.243: Total time for which application threads were stopped: 0.0667808 seconds
{Heap before GC invocations=259 (full 46):
 par new generation   total 109248K, used 109248K [0x00000007a0000000, 0x00000007a8000000, 0x00000007a8000000)
  eden space 87424K, 100% used [0x00000007a0000000, 0x00000007a5560000, 0x00000007a5560000)
  from space 21824K, 100% used [0x00000007a6ab0000, 0x00000007a8000000, 0x00000007a8000000)
  to   space 21824K,   0% used [0x00000007a5560000, 0x00000007a5560000, 0x00000007a6ab0000)
 concurrent mark-sweep generation total 393216K, used 179437K [0x00000007a8000000, 0x00000007c0000000, 0x00000007c0000000)
 Metaspace       used 31166K, capacity 31490K, committed 31996K, reserved 1077248K
  class space    used 3620K, capacity 3710K, committed 3836K, reserved 1048576K
2016-07-15T17:59:35.813-0530: 79363.674: [GC (Allocation Failure) 79363.689: [ParNew
Desired survivor size 20112992 bytes, new threshold 3 (max 8)
- age   1:    9616776 bytes,    9616776 total
- age   2:    9440344 bytes,   19057120 total
- age   3:    2816632 bytes,   21873752 total
: 109248K->21824K(109248K), 0.0543212 secs] 288685K->213843K(502464K), 0.0684031 secs] [Times: user=0.09 sys=0.05, real=0.07 secs] 
Heap after GC invocations=260 (full 46):
 par new generation   total 109248K, used 21824K [0x00000007a0000000, 0x00000007a8000000, 0x00000007a8000000)
  eden space 87424K,   0% used [0x00000007a0000000, 0x00000007a0000000, 0x00000007a5560000)
  from space 21824K, 100% used [0x00000007a5560000, 0x00000007a6ab0000, 0x00000007a6ab0000)
  to   space 21824K,   0% used [0x00000007a6ab0000, 0x00000007a6ab0000, 0x00000007a8000000)
 concurrent mark-sweep generation total 393216K, used 192019K [0x00000007a8000000, 0x00000007c0000000, 0x00000007c0000000)
 Metaspace       used 31166K, capacity 31490K, committed 31996K, reserved 1077248K
  class space    used 3620K, capacity 3710K, committed 3836K, reserved 1048576K
}
2016-07-15T17:59:35.881-0530: 79363.743: Total time for which application threads were stopped: 0.0686900 seconds
2016-07-15T17:59:38.101-0530: 79365.963: Total time for which application threads were stopped: 0.0002162 seconds
2016-07-15T18:00:28.107-0530: 79415.970: Total time for which application threads were stopped: 0.0001084 seconds
2016-07-15T18:00:28.108-0530: 79415.971: Total time for which application threads were stopped: 0.0000812 seconds
2016-07-15T18:04:13.254-0530: 79641.123: Total time for which application threads were stopped: 0.0001332 seconds
2016-07-15T18:04:13.255-0530: 79641.123: Total time for which application threads were stopped: 0.0000938 seconds
2016-07-15T18:04:13.255-0530: 79641.123: Total time for which application threads were stopped: 0.0000902 seconds
2016-07-15T18:04:13.256-0530: 79641.124: Total time for which application threads were stopped: 0.0001429 seconds
2016-07-15T18:04:13.260-0530: 79641.128: Total time for which application threads were stopped: 0.0002375 seconds
2016-07-15T18:04:13.262-0530: 79641.130: Total time for which application threads were stopped: 0.0001310 seconds
2016-07-15T18:04:13.262-0530: 79641.131: Total time for which application threads were stopped: 0.0001503 seconds
2016-07-15T18:04:13.263-0530: 79641.131: Total time for which application threads were stopped: 0.0001357 seconds
{Heap before GC invocations=260 (full 46):
 par new generation   total 109248K, used 109248K [0x00000007a0000000, 0x00000007a8000000, 0x00000007a8000000)
  eden space 87424K, 100% used [0x00000007a0000000, 0x00000007a5560000, 0x00000007a5560000)
  from space 21824K, 100% used [0x00000007a5560000, 0x00000007a6ab0000, 0x00000007a6ab0000)
  to   space 21824K,   0% used [0x00000007a6ab0000, 0x00000007a6ab0000, 0x00000007a8000000)
 concurrent mark-sweep generation total 393216K, used 192019K [0x00000007a8000000, 0x00000007c0000000, 0x00000007c0000000)
 Metaspace       used 31168K, capacity 31490K, committed 31996K, reserved 1077248K
  class space    used 3620K, capacity 3710K, committed 3836K, reserved 1048576K
2016-07-15T18:04:13.268-0530: 79641.136: [GC (Allocation Failure) 79641.187: [ParNew
Desired survivor size 20112992 bytes, new threshold 8 (max 8)
- age   1:    4037024 bytes,    4037024 total
- age   3:    6035320 bytes,   10072344 total
: 109248K->20439K(109248K), 0.0151263 secs] 301267K->215209K(502464K), 0.0658256 secs] [Times: user=0.03 sys=0.01, real=0.07 secs] 
Heap after GC invocations=261 (full 46):
 par new generation   total 109248K, used 20439K [0x00000007a0000000, 0x00000007a8000000, 0x00000007a8000000)
  eden space 87424K,   0% used [0x00000007a0000000, 0x00000007a0000000, 0x00000007a5560000)
  from space 21824K,  93% used [0x00000007a6ab0000, 0x00000007a7ea5f60, 0x00000007a8000000)
  to   space 21824K,   0% used [0x00000007a5560000, 0x00000007a5560000, 0x00000007a6ab0000)
 concurrent mark-sweep generation total 393216K, used 194769K [0x00000007a8000000, 0x00000007c0000000, 0x00000007c0000000)
 Metaspace       used 31168K, capacity 31490K, committed 31996K, reserved 1077248K
  class space    used 3620K, capacity 3710K, committed 3836K, reserved 1048576K
}
2016-07-15T18:04:13.334-0530: 79641.202: Total time for which application threads were stopped: 0.0661107 seconds
{Heap before GC invocations=261 (full 46):
 par new generation   total 109248K, used 107863K [0x00000007a0000000, 0x00000007a8000000, 0x00000007a8000000)
  eden space 87424K, 100% used [0x00000007a0000000, 0x00000007a5560000, 0x00000007a5560000)
  from space 21824K,  93% used [0x00000007a6ab0000, 0x00000007a7ea5f60, 0x00000007a8000000)
  to   space 21824K,   0% used [0x00000007a5560000, 0x00000007a5560000, 0x00000007a6ab0000)
 concurrent mark-sweep generation total 393216K, used 194769K [0x00000007a8000000, 0x00000007c0000000, 0x00000007c0000000)
 Metaspace       used 31168K, capacity 31490K, committed 31996K, reserved 1077248K
  class space    used 3620K, capacity 3710K, committed 3836K, reserved 1048576K
2016-07-15T18:04:13.773-0530: 79641.642: [GC (Allocation Failure) 79641.642: [ParNew
Desired survivor size 20112992 bytes, new threshold 4 (max 8)
- age   1:   12627944 bytes,   12627944 total
- age   2:    3634944 bytes,   16262888 total
- age   4:    6035320 bytes,   22298208 total
: 107863K->21824K(109248K), 0.0965436 secs] 302633K->246517K(502464K), 0.0966168 secs] [Times: user=0.18 sys=0.11, real=0.10 secs] 
Heap after GC invocations=262 (full 46):
 par new generation   total 109248K, used 21824K [0x00000007a0000000, 0x00000007a8000000, 0x00000007a8000000)
  eden space 87424K,   0% used [0x00000007a0000000, 0x00000007a0000000, 0x00000007a5560000)
  from space 21824K, 100% used [0x00000007a5560000, 0x00000007a6ab0000, 0x00000007a6ab0000)
  to   space 21824K,   0% used [0x00000007a6ab0000, 0x00000007a6ab0000, 0x00000007a8000000)
 concurrent mark-sweep generation total 393216K, used 224693K [0x00000007a8000000, 0x00000007c0000000, 0x00000007c0000000)
 Metaspace       used 31168K, capacity 31490K, committed 31996K, reserved 1077248K
  class space    used 3620K, capacity 3710K, committed 3836K, reserved 1048576K
}
2016-07-15T18:04:13.870-0530: 79641.739: Total time for which application threads were stopped: 0.0968470 seconds
2016-07-15T18:04:13.870-0530: 79641.739: [GC (CMS Initial Mark) [1 CMS-initial-mark: 224693K(393216K)] 247947K(502464K), 0.0045738 secs] [Times: user=0.01 sys=0.00, real=0.00 secs] 
2016-07-15T18:04:13.875-0530: 79641.743: Total time for which application threads were stopped: 0.0048044 seconds
2016-07-15T18:04:13.875-0530: 79641.743: [CMS-concurrent-mark-start]
2016-07-15T18:04:13.927-0530: 79641.795: [CMS-concurrent-mark: 0.052/0.052 secs] [Times: user=0.14 sys=0.04, real=0.05 secs] 
2016-07-15T18:04:13.927-0530: 79641.795: [CMS-concurrent-preclean-start]
2016-07-15T18:04:13.928-0530: 79641.797: [CMS-concurrent-preclean: 0.002/0.002 secs] [Times: user=0.01 sys=0.00, real=0.00 secs] 
2016-07-15T18:04:13.928-0530: 79641.797: [CMS-concurrent-abortable-preclean-start]
2016-07-15T18:04:14.339-0530: 79642.207: [CMS-concurrent-abortable-preclean: 0.097/0.410 secs] [Times: user=0.50 sys=0.01, real=0.41 secs] 
2016-07-15T18:04:14.339-0530: 79642.208: [GC (CMS Final Remark) [YG occupancy: 83826 K (109248 K)]{Heap before GC invocations=262 (full 47):
 par new generation   total 109248K, used 83826K [0x00000007a0000000, 0x00000007a8000000, 0x00000007a8000000)
  eden space 87424K,  70% used [0x00000007a0000000, 0x00000007a3c8c938, 0x00000007a5560000)
  from space 21824K, 100% used [0x00000007a5560000, 0x00000007a6ab0000, 0x00000007a6ab0000)
  to   space 21824K,   0% used [0x00000007a6ab0000, 0x00000007a6ab0000, 0x00000007a8000000)
 concurrent mark-sweep generation total 393216K, used 224693K [0x00000007a8000000, 0x00000007c0000000, 0x00000007c0000000)
 Metaspace       used 31168K, capacity 31490K, committed 31996K, reserved 1077248K
  class space    used 3620K, capacity 3710K, committed 3836K, reserved 1048576K
2016-07-15T18:04:14.339-0530: 79642.208: [GC (CMS Final Remark) 79642.208: [ParNew
Desired survivor size 20112992 bytes, new threshold 3 (max 8)
- age   1:   11828832 bytes,   11828832 total
- age   2:    4691832 bytes,   16520664 total
- age   3:    3634944 bytes,   20155608 total
: 83826K->21824K(109248K), 0.0262569 secs] 308519K->255889K(502464K), 0.0263020 secs] [Times: user=0.06 sys=0.02, real=0.03 secs] 
Heap after GC invocations=263 (full 47):
 par new generation   total 109248K, used 21824K [0x00000007a0000000, 0x00000007a8000000, 0x00000007a8000000)
  eden space 87424K,   0% used [0x00000007a0000000, 0x00000007a0000000, 0x00000007a5560000)
  from space 21824K, 100% used [0x00000007a6ab0000, 0x00000007a8000000, 0x00000007a8000000)
  to   space 21824K,   0% used [0x00000007a5560000, 0x00000007a5560000, 0x00000007a6ab0000)
 concurrent mark-sweep generation total 393216K, used 234065K [0x00000007a8000000, 0x00000007c0000000, 0x00000007c0000000)
 Metaspace       used 31168K, capacity 31490K, committed 31996K, reserved 1077248K
  class space    used 3620K, capacity 3710K, committed 3836K, reserved 1048576K
}
79642.234: [Rescan (parallel) , 0.0061753 secs]79642.240: [weak refs processing, 0.0006369 secs]79642.241: [class unloading, 0.0600585 secs]79642.301: [scrub symbol table, 0.0166799 secs]79642.318: [scrub string table, 0.0005057 secs][1 CMS-remark: 234065K(393216K)] 255889K(502464K), 0.1145396 secs] [Times: user=0.12 sys=0.07, real=0.12 secs] 
2016-07-15T18:04:14.454-0530: 79642.322: Total time for which application threads were stopped: 0.1147478 seconds
2016-07-15T18:04:14.454-0530: 79642.322: [CMS-concurrent-sweep-start]
2016-07-15T18:04:14.790-0530: 79642.659: [CMS-concurrent-sweep: 0.336/0.336 secs] [Times: user=0.47 sys=0.13, real=0.34 secs] 
2016-07-15T18:04:14.790-0530: 79642.659: [CMS-concurrent-reset-start]
2016-07-15T18:04:14.792-0530: 79642.661: [CMS-concurrent-reset: 0.002/0.002 secs] [Times: user=0.00 sys=0.00, real=0.00 secs] 
2016-07-15T18:05:06.671-0530: 79694.541: Total time for which application threads were stopped: 0.0001749 seconds
2016-07-15T18:05:06.672-0530: 79694.541: Total time for which application threads were stopped: 0.0000848 seconds
2016-07-16T14:37:35.860-0530: 103606.626: Total time for which application threads were stopped: 0.0172890 seconds
2016-07-16T14:37:35.877-0530: 103606.643: Total time for which application threads were stopped: 0.0002085 seconds
2016-07-16T14:37:36.054-0530: 103606.820: Total time for which application threads were stopped: 0.0239043 seconds
{Heap before GC invocations=263 (full 47):
 par new generation   total 109248K, used 109248K [0x00000007a0000000, 0x00000007a8000000, 0x00000007a8000000)
  eden space 87424K, 100% used [0x00000007a0000000, 0x00000007a5560000, 0x00000007a5560000)
  from space 21824K, 100% used [0x00000007a6ab0000, 0x00000007a8000000, 0x00000007a8000000)
  to   space 21824K,   0% used [0x00000007a5560000, 0x00000007a5560000, 0x00000007a6ab0000)
 concurrent mark-sweep generation total 393216K, used 88763K [0x00000007a8000000, 0x00000007c0000000, 0x00000007c0000000)
 Metaspace       used 31189K, capacity 31490K, committed 31996K, reserved 1077248K
  class space    used 3620K, capacity 3710K, committed 3836K, reserved 1048576K
2016-07-16T14:37:41.910-0530: 103612.677: [GC (Allocation Failure) 103612.710: [ParNew
Desired survivor size 20112992 bytes, new threshold 8 (max 8)
- age   1:    5336616 bytes,    5336616 total
- age   3:     976240 bytes,    6312856 total
: 109248K->21824K(109248K), 1.0538994 secs] 198011K->113939K(502464K), 1.0868862 secs] [Times: user=0.11 sys=0.12, real=1.08 secs] 
Heap after GC invocations=264 (full 47):
 par new generation   total 109248K, used 21824K [0x00000007a0000000, 0x00000007a8000000, 0x00000007a8000000)
  eden space 87424K,   0% used [0x00000007a0000000, 0x00000007a0000000, 0x00000007a5560000)
  from space 21824K, 100% used [0x00000007a5560000, 0x00000007a6ab0000, 0x00000007a6ab0000)
  to   space 21824K,   0% used [0x00000007a6ab0000, 0x00000007a6ab0000, 0x00000007a8000000)
 concurrent mark-sweep generation total 393216K, used 92115K [0x00000007a8000000, 0x00000007c0000000, 0x00000007c0000000)
 Metaspace       used 31189K, capacity 31490K, committed 31996K, reserved 1077248K
  class space    used 3620K, capacity 3710K, committed 3836K, reserved 1048576K
}
2016-07-16T14:37:42.998-0530: 103613.764: Total time for which application threads were stopped: 1.1680686 seconds
{Heap before GC invocations=264 (full 47):
 par new generation   total 109248K, used 109248K [0x00000007a0000000, 0x00000007a8000000, 0x00000007a8000000)
  eden space 87424K, 100% used [0x00000007a0000000, 0x00000007a5560000, 0x00000007a5560000)
  from space 21824K, 100% used [0x00000007a5560000, 0x00000007a6ab0000, 0x00000007a6ab0000)
  to   space 21824K,   0% used [0x00000007a6ab0000, 0x00000007a6ab0000, 0x00000007a8000000)
 concurrent mark-sweep generation total 393216K, used 92115K [0x00000007a8000000, 0x00000007c0000000, 0x00000007c0000000)
 Metaspace       used 31189K, capacity 31490K, committed 31996K, reserved 1077248K
  class space    used 3620K, capacity 3710K, committed 3836K, reserved 1048576K
2016-07-16T14:37:43.968-0530: 103614.734: [GC (Allocation Failure) 103614.734: [ParNew
Desired survivor size 20112992 bytes, new threshold 2 (max 8)
- age   1:   16012728 bytes,   16012728 total
- age   2:    5336280 bytes,   21349008 total
- age   4:     976240 bytes,   22325248 total
: 109248K->21824K(109248K), 0.2022283 secs] 201363K->141763K(502464K), 0.2022977 secs] [Times: user=0.18 sys=0.17, real=0.21 secs] 
Heap after GC invocations=265 (full 47):
 par new generation   total 109248K, used 21824K [0x00000007a0000000, 0x00000007a8000000, 0x00000007a8000000)
  eden space 87424K,   0% used [0x00000007a0000000, 0x00000007a0000000, 0x00000007a5560000)
  from space 21824K, 100% used [0x00000007a6ab0000, 0x00000007a8000000, 0x00000007a8000000)
  to   space 21824K,   0% used [0x00000007a5560000, 0x00000007a5560000, 0x00000007a6ab0000)
 concurrent mark-sweep generation total 393216K, used 119939K [0x00000007a8000000, 0x00000007c0000000, 0x00000007c0000000)
 Metaspace       used 31189K, capacity 31490K, committed 31996K, reserved 1077248K
  class space    used 3620K, capacity 3710K, committed 3836K, reserved 1048576K
}
2016-07-16T14:37:44.171-0530: 103614.936: Total time for which application threads were stopped: 0.2025482 seconds
{Heap before GC invocations=265 (full 47):
 par new generation   total 109248K, used 109248K [0x00000007a0000000, 0x00000007a8000000, 0x00000007a8000000)
  eden space 87424K, 100% used [0x00000007a0000000, 0x00000007a5560000, 0x00000007a5560000)
  from space 21824K, 100% used [0x00000007a6ab0000, 0x00000007a8000000, 0x00000007a8000000)
  to   space 21824K,   0% used [0x00000007a5560000, 0x00000007a5560000, 0x00000007a6ab0000)
 concurrent mark-sweep generation total 393216K, used 119939K [0x00000007a8000000, 0x00000007c0000000, 0x00000007c0000000)
 Metaspace       used 31189K, capacity 31490K, committed 31996K, reserved 1077248K
  class space    used 3620K, capacity 3710K, committed 3836K, reserved 1048576K
2016-07-16T14:37:44.847-0530: 103615.613: [GC (Allocation Failure) 103615.613: [ParNew
Desired survivor size 20112992 bytes, new threshold 8 (max 8)
- age   1:    9818528 bytes,    9818528 total
- age   2:    6484024 bytes,   16302552 total
: 109248K->21824K(109248K), 0.2037505 secs] 229187K->154242K(502464K), 0.2038371 secs] [Times: user=0.17 sys=0.06, real=0.21 secs] 
Heap after GC invocations=266 (full 47):
 par new generation   total 109248K, used 21824K [0x00000007a0000000, 0x00000007a8000000, 0x00000007a8000000)
  eden space 87424K,   0% used [0x00000007a0000000, 0x00000007a0000000, 0x00000007a5560000)
  from space 21824K, 100% used [0x00000007a5560000, 0x00000007a6ab0000, 0x00000007a6ab0000)
  to   space 21824K,   0% used [0x00000007a6ab0000, 0x00000007a6ab0000, 0x00000007a8000000)
 concurrent mark-sweep generation total 393216K, used 132418K [0x00000007a8000000, 0x00000007c0000000, 0x00000007c0000000)
 Metaspace       used 31189K, capacity 31490K, committed 31996K, reserved 1077248K
  class space    used 3620K, capacity 3710K, committed 3836K, reserved 1048576K
}
2016-07-16T14:37:45.051-0530: 103615.817: Total time for which application threads were stopped: 0.2040986 seconds
2016-07-16T14:37:47.077-0530: 103617.843: Total time for which application threads were stopped: 0.0211241 seconds
2016-07-16T14:37:47.097-0530: 103617.863: Total time for which application threads were stopped: 0.0004586 seconds
2016-07-16T14:38:37.150-0530: 103667.918: Total time for which application threads were stopped: 0.0002183 seconds
2016-07-16T14:38:37.151-0530: 103667.918: Total time for which application threads were stopped: 0.0001130 seconds
2016-07-16T14:41:41.696-0530: 103852.470: Total time for which application threads were stopped: 0.0504731 seconds
2016-07-16T14:41:41.757-0530: 103852.531: Total time for which application threads were stopped: 0.0005519 seconds
2016-07-16T14:41:42.026-0530: 103852.800: Total time for which application threads were stopped: 0.0002758 seconds
2016-07-16T14:41:43.048-0530: 103853.822: Total time for which application threads were stopped: 0.0202765 seconds
Heap
 par new generation   total 109248K, used 53646K [0x00000007a0000000, 0x00000007a8000000, 0x00000007a8000000)
  eden space 87424K,  36% used [0x00000007a0000000, 0x00000007a1f13a68, 0x00000007a5560000)
  from space 21824K, 100% used [0x00000007a5560000, 0x00000007a6ab0000, 0x00000007a6ab0000)
  to   space 21824K,   0% used [0x00000007a6ab0000, 0x00000007a6ab0000, 0x00000007a8000000)
 concurrent mark-sweep generation total 393216K, used 132418K [0x00000007a8000000, 0x00000007c0000000, 0x00000007c0000000)
 Metaspace       used 31287K, capacity 31534K, committed 31996K, reserved 1077248K
  class space    used 3633K, capacity 3744K, committed 3836K, reserved 1048576K
