Java HotSpot(TM) 64-Bit Server VM (25.31-b07) for bsd-amd64 JRE (1.8.0_31-b13), built on Dec 17 2014 20:45:36 by "java_re" with gcc 4.2.1 (Based on Apple Inc. build 5658) (LLVM build 2336.11.00)
Memory: 4k page, physical 4194304k(153820k free)

/proc/meminfo:

CommandLine flags: -XX:CMSInitiatingOccupancyFraction=50 -XX:CMSMaxAbortablePrecleanTime=6000 -XX:+CMSParallelRemarkEnabled -XX:+CMSScavengeBeforeRemark -XX:ConcGCThreads=4 -XX:InitialHeapSize=536870912 -XX:MaxHeapSize=536870912 -XX:MaxTenuringThreshold=8 -XX:NewRatio=3 -XX:OldPLABSize=16 -XX:ParallelGCThreads=4 -XX:+ParallelRefProcEnabled -XX:PretenureSizeThreshold=67108864 -XX:+PrintGC -XX:+PrintGCApplicationStoppedTime -XX:+PrintGCDateStamps -XX:+PrintGCDetails -XX:+PrintGCTimeStamps -XX:+PrintHeapAtGC -XX:+PrintTenuringDistribution -XX:SurvivorRatio=4 -XX:TargetSurvivorRatio=90 -XX:ThreadStackSize=256 -XX:+UseCMSInitiatingOccupancyOnly -XX:+UseCompressedClassPointers -XX:+UseCompressedOops -XX:+UseConcMarkSweepGC -XX:+UseParNewGC 
2016-02-28T18:06:34.913-0530: 0.438: Total time for which application threads were stopped: 0.0001646 seconds
2016-02-28T18:06:34.934-0530: 0.459: Total time for which application threads were stopped: 0.0001628 seconds
2016-02-28T18:06:35.060-0530: 0.584: Total time for which application threads were stopped: 0.0001434 seconds
2016-02-28T18:06:35.181-0530: 0.705: Total time for which application threads were stopped: 0.0001873 seconds
2016-02-28T18:06:35.235-0530: 0.760: Total time for which application threads were stopped: 0.0001753 seconds
2016-02-28T18:06:35.262-0530: 0.786: Total time for which application threads were stopped: 0.0002972 seconds
2016-02-28T18:06:35.275-0530: 0.800: Total time for which application threads were stopped: 0.0001618 seconds
{Heap before GC invocations=0 (full 0):
 par new generation   total 109248K, used 87424K [0x00000007a0000000, 0x00000007a8000000, 0x00000007a8000000)
  eden space 87424K, 100% used [0x00000007a0000000, 0x00000007a5560000, 0x00000007a5560000)
  from space 21824K,   0% used [0x00000007a5560000, 0x00000007a5560000, 0x00000007a6ab0000)
  to   space 21824K,   0% used [0x00000007a6ab0000, 0x00000007a6ab0000, 0x00000007a8000000)
 concurrent mark-sweep generation total 393216K, used 0K [0x00000007a8000000, 0x00000007c0000000, 0x00000007c0000000)
 Metaspace       used 10047K, capacity 10204K, committed 10496K, reserved 1058816K
  class space    used 1152K, capacity 1208K, committed 1280K, reserved 1048576K
2016-02-28T18:06:35.739-0530: 1.263: [GC (Allocation Failure) 1.263: [ParNew
Desired survivor size 20112992 bytes, new threshold 8 (max 8)
- age   1:    5273752 bytes,    5273752 total
: 87424K->5215K(109248K), 0.0074811 secs] 87424K->5215K(502464K), 0.0075741 secs] [Times: user=0.02 sys=0.00, real=0.01 secs] 
Heap after GC invocations=1 (full 0):
 par new generation   total 109248K, used 5215K [0x00000007a0000000, 0x00000007a8000000, 0x00000007a8000000)
  eden space 87424K,   0% used [0x00000007a0000000, 0x00000007a0000000, 0x00000007a5560000)
  from space 21824K,  23% used [0x00000007a6ab0000, 0x00000007a6fc7d20, 0x00000007a8000000)
  to   space 21824K,   0% used [0x00000007a5560000, 0x00000007a5560000, 0x00000007a6ab0000)
 concurrent mark-sweep generation total 393216K, used 0K [0x00000007a8000000, 0x00000007c0000000, 0x00000007c0000000)
 Metaspace       used 10047K, capacity 10204K, committed 10496K, reserved 1058816K
  class space    used 1152K, capacity 1208K, committed 1280K, reserved 1048576K
}
2016-02-28T18:06:35.746-0530: 1.271: Total time for which application threads were stopped: 0.0078305 seconds
2016-02-28T18:06:35.892-0530: 1.416: Total time for which application threads were stopped: 0.0002021 seconds
2016-02-28T18:06:35.971-0530: 1.495: Total time for which application threads were stopped: 0.0003310 seconds
2016-02-28T18:06:36.152-0530: 1.676: Total time for which application threads were stopped: 0.0002461 seconds
2016-02-28T18:06:36.153-0530: 1.677: Total time for which application threads were stopped: 0.0002684 seconds
2016-02-28T18:06:36.157-0530: 1.682: Total time for which application threads were stopped: 0.0001846 seconds
2016-02-28T18:06:36.573-0530: 2.097: Total time for which application threads were stopped: 0.0002558 seconds
{Heap before GC invocations=1 (full 0):
 par new generation   total 109248K, used 92639K [0x00000007a0000000, 0x00000007a8000000, 0x00000007a8000000)
  eden space 87424K, 100% used [0x00000007a0000000, 0x00000007a5560000, 0x00000007a5560000)
  from space 21824K,  23% used [0x00000007a6ab0000, 0x00000007a6fc7d20, 0x00000007a8000000)
  to   space 21824K,   0% used [0x00000007a5560000, 0x00000007a5560000, 0x00000007a6ab0000)
 concurrent mark-sweep generation total 393216K, used 0K [0x00000007a8000000, 0x00000007c0000000, 0x00000007c0000000)
 Metaspace       used 16779K, capacity 17080K, committed 17152K, reserved 1064960K
  class space    used 1954K, capacity 2027K, committed 2048K, reserved 1048576K
2016-02-28T18:06:36.684-0530: 2.208: [GC (Allocation Failure) 2.209: [ParNew
Desired survivor size 20112992 bytes, new threshold 8 (max 8)
- age   1:    5462240 bytes,    5462240 total
- age   2:    2482616 bytes,    7944856 total
: 92639K->9788K(109248K), 0.0193915 secs] 92639K->9788K(502464K), 0.0194893 secs] [Times: user=0.05 sys=0.00, real=0.02 secs] 
Heap after GC invocations=2 (full 0):
 par new generation   total 109248K, used 9788K [0x00000007a0000000, 0x00000007a8000000, 0x00000007a8000000)
  eden space 87424K,   0% used [0x00000007a0000000, 0x00000007a0000000, 0x00000007a5560000)
  from space 21824K,  44% used [0x00000007a5560000, 0x00000007a5eef2e0, 0x00000007a6ab0000)
  to   space 21824K,   0% used [0x00000007a6ab0000, 0x00000007a6ab0000, 0x00000007a8000000)
 concurrent mark-sweep generation total 393216K, used 0K [0x00000007a8000000, 0x00000007c0000000, 0x00000007c0000000)
 Metaspace       used 16779K, capacity 17080K, committed 17152K, reserved 1064960K
  class space    used 1954K, capacity 2027K, committed 2048K, reserved 1048576K
}
2016-02-28T18:06:36.704-0530: 2.228: Total time for which application threads were stopped: 0.0197762 seconds
2016-02-28T18:06:36.727-0530: 2.252: Total time for which application threads were stopped: 0.0003596 seconds
2016-02-28T18:06:36.773-0530: 2.297: Total time for which application threads were stopped: 0.0002998 seconds
2016-02-28T18:06:37.068-0530: 2.592: Total time for which application threads were stopped: 0.0002875 seconds
2016-02-28T18:06:37.149-0530: 2.674: Total time for which application threads were stopped: 0.0003178 seconds
2016-02-28T18:06:37.231-0530: 2.756: Total time for which application threads were stopped: 0.0000964 seconds
2016-02-28T18:06:37.258-0530: 2.782: Total time for which application threads were stopped: 0.0001014 seconds
{Heap before GC invocations=2 (full 0):
 par new generation   total 109248K, used 97212K [0x00000007a0000000, 0x00000007a8000000, 0x00000007a8000000)
  eden space 87424K, 100% used [0x00000007a0000000, 0x00000007a5560000, 0x00000007a5560000)
  from space 21824K,  44% used [0x00000007a5560000, 0x00000007a5eef2e0, 0x00000007a6ab0000)
  to   space 21824K,   0% used [0x00000007a6ab0000, 0x00000007a6ab0000, 0x00000007a8000000)
 concurrent mark-sweep generation total 393216K, used 0K [0x00000007a8000000, 0x00000007c0000000, 0x00000007c0000000)
 Metaspace       used 21409K, capacity 21714K, committed 21884K, reserved 1069056K
  class space    used 2591K, capacity 2678K, committed 2684K, reserved 1048576K
2016-02-28T18:06:37.273-0530: 2.798: [GC (Allocation Failure) 2.798: [ParNew
Desired survivor size 20112992 bytes, new threshold 8 (max 8)
- age   1:    4409448 bytes,    4409448 total
- age   2:    1993096 bytes,    6402544 total
- age   3:    2467936 bytes,    8870480 total
: 97212K->13269K(109248K), 0.0140642 secs] 97212K->13269K(502464K), 0.0141285 secs] [Times: user=0.02 sys=0.00, real=0.01 secs] 
Heap after GC invocations=3 (full 0):
 par new generation   total 109248K, used 13269K [0x00000007a0000000, 0x00000007a8000000, 0x00000007a8000000)
  eden space 87424K,   0% used [0x00000007a0000000, 0x00000007a0000000, 0x00000007a5560000)
  from space 21824K,  60% used [0x00000007a6ab0000, 0x00000007a77a55c0, 0x00000007a8000000)
  to   space 21824K,   0% used [0x00000007a5560000, 0x00000007a5560000, 0x00000007a6ab0000)
 concurrent mark-sweep generation total 393216K, used 0K [0x00000007a8000000, 0x00000007c0000000, 0x00000007c0000000)
 Metaspace       used 21409K, capacity 21714K, committed 21884K, reserved 1069056K
  class space    used 2591K, capacity 2678K, committed 2684K, reserved 1048576K
}
2016-02-28T18:06:37.288-0530: 2.812: Total time for which application threads were stopped: 0.0143328 seconds
2016-02-28T18:06:37.288-0530: 2.812: [GC (CMS Initial Mark) [1 CMS-initial-mark: 0K(393216K)] 13269K(502464K), 0.0034610 secs] [Times: user=0.01 sys=0.00, real=0.01 secs] 
2016-02-28T18:06:37.291-0530: 2.816: Total time for which application threads were stopped: 0.0036362 seconds
2016-02-28T18:06:37.291-0530: 2.816: [CMS-concurrent-mark-start]
2016-02-28T18:06:37.292-0530: 2.816: [CMS-concurrent-mark: 0.000/0.000 secs] [Times: user=0.00 sys=0.00, real=0.00 secs] 
2016-02-28T18:06:37.292-0530: 2.816: [CMS-concurrent-preclean-start]
2016-02-28T18:06:37.293-0530: 2.817: [CMS-concurrent-preclean: 0.001/0.001 secs] [Times: user=0.01 sys=0.00, real=0.00 secs] 
2016-02-28T18:06:37.293-0530: 2.818: [GC (CMS Final Remark) [YG occupancy: 14119 K (109248 K)]{Heap before GC invocations=3 (full 1):
 par new generation   total 109248K, used 14119K [0x00000007a0000000, 0x00000007a8000000, 0x00000007a8000000)
  eden space 87424K,   0% used [0x00000007a0000000, 0x00000007a00d4720, 0x00000007a5560000)
  from space 21824K,  60% used [0x00000007a6ab0000, 0x00000007a77a55c0, 0x00000007a8000000)
  to   space 21824K,   0% used [0x00000007a5560000, 0x00000007a5560000, 0x00000007a6ab0000)
 concurrent mark-sweep generation total 393216K, used 0K [0x00000007a8000000, 0x00000007c0000000, 0x00000007c0000000)
 Metaspace       used 21417K, capacity 21714K, committed 21884K, reserved 1069056K
  class space    used 2593K, capacity 2678K, committed 2684K, reserved 1048576K
2016-02-28T18:06:37.293-0530: 2.818: [GC (CMS Final Remark) 2.818: [ParNew
Desired survivor size 20112992 bytes, new threshold 8 (max 8)
- age   1:       8328 bytes,       8328 total
- age   2:    2760856 bytes,    2769184 total
- age   3:    1993096 bytes,    4762280 total
- age   4:    2468192 bytes,    7230472 total
: 14119K->8604K(109248K), 0.0076350 secs] 14119K->8604K(502464K), 0.0076800 secs] [Times: user=0.02 sys=0.00, real=0.01 secs] 
Heap after GC invocations=4 (full 1):
 par new generation   total 109248K, used 8604K [0x00000007a0000000, 0x00000007a8000000, 0x00000007a8000000)
  eden space 87424K,   0% used [0x00000007a0000000, 0x00000007a0000000, 0x00000007a5560000)
  from space 21824K,  39% used [0x00000007a5560000, 0x00000007a5dc72d0, 0x00000007a6ab0000)
  to   space 21824K,   0% used [0x00000007a6ab0000, 0x00000007a6ab0000, 0x00000007a8000000)
 concurrent mark-sweep generation total 393216K, used 0K [0x00000007a8000000, 0x00000007c0000000, 0x00000007c0000000)
 Metaspace       used 21417K, capacity 21714K, committed 21884K, reserved 1069056K
  class space    used 2593K, capacity 2678K, committed 2684K, reserved 1048576K
}
2.825: [Rescan (parallel) , 0.0022260 secs]2.828: [weak refs processing, 0.0007977 secs]2.828: [class unloading, 0.0075452 secs]2.836: [scrub symbol table, 0.0031761 secs]2.839: [scrub string table, 0.0003203 secs][1 CMS-remark: 0K(393216K)] 8604K(502464K), 0.0240999 secs] [Times: user=0.04 sys=0.01, real=0.02 secs] 
2016-02-28T18:06:37.317-0530: 2.842: Total time for which application threads were stopped: 0.0242672 seconds
2016-02-28T18:06:37.317-0530: 2.842: [CMS-concurrent-sweep-start]
2016-02-28T18:06:37.317-0530: 2.842: [CMS-concurrent-sweep: 0.000/0.000 secs] [Times: user=0.00 sys=0.00, real=0.00 secs] 
2016-02-28T18:06:37.318-0530: 2.842: [CMS-concurrent-reset-start]
2016-02-28T18:06:37.323-0530: 2.847: [CMS-concurrent-reset: 0.005/0.005 secs] [Times: user=0.01 sys=0.00, real=0.01 secs] 
2016-02-28T18:06:37.734-0530: 3.258: Total time for which application threads were stopped: 0.0003830 seconds
2016-02-28T18:06:38.591-0530: 4.116: Total time for which application threads were stopped: 0.0004871 seconds
2016-02-28T18:07:20.664-0530: 46.190: Total time for which application threads were stopped: 0.0000807 seconds
2016-02-28T18:07:20.664-0530: 46.190: Total time for which application threads were stopped: 0.0000586 seconds
2016-02-28T18:07:20.668-0530: 46.194: Total time for which application threads were stopped: 0.0000624 seconds
2016-02-28T18:07:20.705-0530: 46.231: Total time for which application threads were stopped: 0.0001066 seconds
2016-02-28T18:07:20.705-0530: 46.232: Total time for which application threads were stopped: 0.0000465 seconds
2016-02-28T18:07:22.875-0530: 48.401: Total time for which application threads were stopped: 0.0000763 seconds
2016-02-28T18:07:22.875-0530: 48.401: Total time for which application threads were stopped: 0.0000414 seconds
2016-02-28T18:07:22.882-0530: 48.408: Total time for which application threads were stopped: 0.0001284 seconds
2016-02-28T18:07:22.885-0530: 48.412: Total time for which application threads were stopped: 0.0001122 seconds
2016-02-28T18:07:22.886-0530: 48.412: Total time for which application threads were stopped: 0.0000506 seconds
2016-02-28T18:07:22.887-0530: 48.413: Total time for which application threads were stopped: 0.0001472 seconds
2016-02-28T18:07:22.925-0530: 48.451: Total time for which application threads were stopped: 0.0004681 seconds
2016-02-28T18:07:22.925-0530: 48.451: Total time for which application threads were stopped: 0.0000738 seconds
2016-02-28T18:07:22.926-0530: 48.452: Total time for which application threads were stopped: 0.0000724 seconds
2016-02-28T18:07:22.942-0530: 48.468: Total time for which application threads were stopped: 0.0001717 seconds
2016-02-28T18:07:22.942-0530: 48.468: Total time for which application threads were stopped: 0.0001151 seconds
2016-02-28T18:07:22.943-0530: 48.469: Total time for which application threads were stopped: 0.0001154 seconds
2016-02-28T18:07:22.989-0530: 48.515: Total time for which application threads were stopped: 0.0085675 seconds
2016-02-28T18:07:22.989-0530: 48.515: Total time for which application threads were stopped: 0.0000847 seconds
2016-02-28T18:07:23.005-0530: 48.531: Total time for which application threads were stopped: 0.0153472 seconds
2016-02-28T18:07:23.055-0530: 48.581: Total time for which application threads were stopped: 0.0260317 seconds
2016-02-28T18:07:23.060-0530: 48.586: Total time for which application threads were stopped: 0.0001988 seconds
2016-02-28T18:07:23.060-0530: 48.586: Total time for which application threads were stopped: 0.0000633 seconds
2016-02-28T18:07:23.067-0530: 48.593: Total time for which application threads were stopped: 0.0063425 seconds
2016-02-28T18:07:23.085-0530: 48.611: Total time for which application threads were stopped: 0.0158100 seconds
2016-02-28T18:07:23.085-0530: 48.611: Total time for which application threads were stopped: 0.0001171 seconds
2016-02-28T18:07:23.092-0530: 48.618: Total time for which application threads were stopped: 0.0060772 seconds
2016-02-28T18:07:23.092-0530: 48.618: Total time for which application threads were stopped: 0.0001496 seconds
2016-02-28T18:07:23.092-0530: 48.618: Total time for which application threads were stopped: 0.0001066 seconds
2016-02-28T18:07:23.092-0530: 48.618: Total time for which application threads were stopped: 0.0001115 seconds
2016-02-28T18:07:23.092-0530: 48.619: Total time for which application threads were stopped: 0.0000880 seconds
2016-02-28T18:07:23.095-0530: 48.621: Total time for which application threads were stopped: 0.0002162 seconds
2016-02-28T18:07:23.151-0530: 48.677: Total time for which application threads were stopped: 0.0229691 seconds
2016-02-28T18:07:23.151-0530: 48.678: Total time for which application threads were stopped: 0.0002791 seconds
2016-02-28T18:07:23.152-0530: 48.678: Total time for which application threads were stopped: 0.0000603 seconds
2016-02-28T18:07:23.153-0530: 48.679: Total time for which application threads were stopped: 0.0002273 seconds
2016-02-28T18:07:23.157-0530: 48.683: Total time for which application threads were stopped: 0.0002165 seconds
2016-02-28T18:07:23.158-0530: 48.684: Total time for which application threads were stopped: 0.0003238 seconds
2016-02-28T18:07:23.158-0530: 48.684: Total time for which application threads were stopped: 0.0000695 seconds
2016-02-28T18:07:23.158-0530: 48.684: Total time for which application threads were stopped: 0.0000760 seconds
2016-02-28T18:07:23.163-0530: 48.689: Total time for which application threads were stopped: 0.0002402 seconds
2016-02-28T18:07:23.176-0530: 48.702: Total time for which application threads were stopped: 0.0117125 seconds
2016-02-28T18:07:23.191-0530: 48.717: Total time for which application threads were stopped: 0.0117727 seconds
2016-02-28T18:07:23.215-0530: 48.741: Total time for which application threads were stopped: 0.0217095 seconds
2016-02-28T18:07:23.243-0530: 48.769: Total time for which application threads were stopped: 0.0227613 seconds
2016-02-28T18:07:23.274-0530: 48.800: Total time for which application threads were stopped: 0.0284098 seconds
2016-02-28T18:07:23.294-0530: 48.820: Total time for which application threads were stopped: 0.0147556 seconds
2016-02-28T18:07:24.322-0530: 49.849: Total time for which application threads were stopped: 0.0256702 seconds
2016-02-28T18:07:25.342-0530: 50.868: Total time for which application threads were stopped: 0.0151015 seconds
2016-02-28T18:07:26.350-0530: 51.876: Total time for which application threads were stopped: 0.0034828 seconds
2016-02-28T18:07:26.603-0530: 52.129: Total time for which application threads were stopped: 0.0040274 seconds
2016-02-28T18:07:26.610-0530: 52.136: Total time for which application threads were stopped: 0.0061590 seconds
2016-02-28T18:07:26.625-0530: 52.151: Total time for which application threads were stopped: 0.0137330 seconds
2016-02-28T18:07:26.634-0530: 52.160: Total time for which application threads were stopped: 0.0068849 seconds
2016-02-28T18:07:27.637-0530: 53.164: Total time for which application threads were stopped: 0.0001228 seconds
2016-02-28T18:07:33.544-0530: 59.070: Total time for which application threads were stopped: 0.0003022 seconds
2016-02-28T18:07:33.545-0530: 59.071: Total time for which application threads were stopped: 0.0000823 seconds
2016-02-28T18:07:33.545-0530: 59.071: Total time for which application threads were stopped: 0.0000433 seconds
2016-02-28T18:07:33.550-0530: 59.076: Total time for which application threads were stopped: 0.0000996 seconds
2016-02-28T18:07:33.550-0530: 59.077: Total time for which application threads were stopped: 0.0000701 seconds
2016-02-28T18:07:33.550-0530: 59.077: Total time for which application threads were stopped: 0.0000554 seconds
2016-02-28T18:07:33.551-0530: 59.077: Total time for which application threads were stopped: 0.0000482 seconds
2016-02-28T18:07:33.554-0530: 59.080: Total time for which application threads were stopped: 0.0000976 seconds
2016-02-28T18:07:33.694-0530: 59.220: Total time for which application threads were stopped: 0.0000814 seconds
2016-02-28T18:07:33.694-0530: 59.220: Total time for which application threads were stopped: 0.0000421 seconds
2016-02-28T18:07:33.801-0530: 59.328: Total time for which application threads were stopped: 0.0000884 seconds
2016-02-28T18:07:34.149-0530: 59.676: Total time for which application threads were stopped: 0.0061994 seconds
2016-02-28T18:07:34.159-0530: 59.686: Total time for which application threads were stopped: 0.0095082 seconds
2016-02-28T18:07:34.161-0530: 59.687: Total time for which application threads were stopped: 0.0001922 seconds
2016-02-28T18:07:34.167-0530: 59.694: Total time for which application threads were stopped: 0.0063386 seconds
2016-02-28T18:07:34.168-0530: 59.695: Total time for which application threads were stopped: 0.0002086 seconds
2016-02-28T18:07:34.169-0530: 59.696: Total time for which application threads were stopped: 0.0002886 seconds
2016-02-28T18:07:34.203-0530: 59.730: Total time for which application threads were stopped: 0.0001912 seconds
2016-02-28T18:07:34.217-0530: 59.744: Total time for which application threads were stopped: 0.0134170 seconds
2016-02-28T18:07:34.220-0530: 59.747: Total time for which application threads were stopped: 0.0003908 seconds
2016-02-28T18:07:34.221-0530: 59.748: Total time for which application threads were stopped: 0.0002875 seconds
2016-02-28T18:07:34.230-0530: 59.757: Total time for which application threads were stopped: 0.0083839 seconds
2016-02-28T18:07:34.231-0530: 59.758: Total time for which application threads were stopped: 0.0003594 seconds
2016-02-28T18:07:34.262-0530: 59.789: Total time for which application threads were stopped: 0.0199673 seconds
2016-02-28T18:07:34.476-0530: 60.003: Total time for which application threads were stopped: 0.0538080 seconds
2016-02-28T18:07:35.482-0530: 61.008: Total time for which application threads were stopped: 0.0001211 seconds
2016-02-28T18:07:36.486-0530: 62.013: Total time for which application threads were stopped: 0.0001231 seconds
2016-02-28T18:07:37.492-0530: 63.019: Total time for which application threads were stopped: 0.0017095 seconds
2016-02-28T18:07:38.497-0530: 64.024: Total time for which application threads were stopped: 0.0001923 seconds
2016-02-28T18:08:51.346-0530: 136.875: Total time for which application threads were stopped: 0.0001268 seconds
2016-02-28T18:09:10.393-0530: 155.924: Total time for which application threads were stopped: 0.0000992 seconds
2016-02-28T18:09:14.660-0530: 160.191: Total time for which application threads were stopped: 0.0000841 seconds
2016-02-28T18:10:39.922-0530: 245.456: Total time for which application threads were stopped: 0.0001724 seconds
2016-02-28T18:26:18.339-0530: 1183.910: Total time for which application threads were stopped: 0.0008470 seconds
2016-02-28T18:26:18.340-0530: 1183.911: Total time for which application threads were stopped: 0.0000975 seconds
2016-02-28T18:26:18.341-0530: 1183.911: Total time for which application threads were stopped: 0.0000613 seconds
2016-02-28T18:26:18.341-0530: 1183.912: Total time for which application threads were stopped: 0.0000437 seconds
2016-02-28T18:26:18.341-0530: 1183.912: Total time for which application threads were stopped: 0.0000468 seconds
2016-02-28T18:26:18.422-0530: 1183.993: Total time for which application threads were stopped: 0.0043772 seconds
2016-02-28T18:26:18.473-0530: 1184.043: Total time for which application threads were stopped: 0.0001004 seconds
2016-02-28T18:26:18.709-0530: 1184.280: Total time for which application threads were stopped: 0.0006682 seconds
2016-02-28T18:26:18.712-0530: 1184.283: Total time for which application threads were stopped: 0.0003541 seconds
2016-02-28T18:26:18.713-0530: 1184.284: Total time for which application threads were stopped: 0.0004410 seconds
2016-02-28T18:26:18.798-0530: 1184.369: Total time for which application threads were stopped: 0.0005693 seconds
{Heap before GC invocations=4 (full 1):
 par new generation   total 109248K, used 96008K [0x00000007a0000000, 0x00000007a8000000, 0x00000007a8000000)
  eden space 87424K,  99% used [0x00000007a0000000, 0x00000007a555ae98, 0x00000007a5560000)
  from space 21824K,  39% used [0x00000007a5560000, 0x00000007a5dc72d0, 0x00000007a6ab0000)
  to   space 21824K,   0% used [0x00000007a6ab0000, 0x00000007a6ab0000, 0x00000007a8000000)
 concurrent mark-sweep generation total 393216K, used 0K [0x00000007a8000000, 0x00000007c0000000, 0x00000007c0000000)
 Metaspace       used 28024K, capacity 28326K, committed 28540K, reserved 1075200K
  class space    used 3295K, capacity 3352K, committed 3452K, reserved 1048576K
2016-02-28T18:26:19.245-0530: 1184.816: [GC (Allocation Failure) 1184.854: [ParNew
Desired survivor size 20112992 bytes, new threshold 5 (max 8)
- age   1:   17068416 bytes,   17068416 total
- age   2:        888 bytes,   17069304 total
- age   3:     601648 bytes,   17670952 total
- age   4:    1954128 bytes,   19625080 total
- age   5:    2466376 bytes,   22091456 total
: 96008K->21824K(109248K), 0.0936342 secs] 96008K->23185K(502464K), 0.1318450 secs] [Times: user=0.10 sys=0.22, real=0.13 secs] 
Heap after GC invocations=5 (full 1):
 par new generation   total 109248K, used 21824K [0x00000007a0000000, 0x00000007a8000000, 0x00000007a8000000)
  eden space 87424K,   0% used [0x00000007a0000000, 0x00000007a0000000, 0x00000007a5560000)
  from space 21824K, 100% used [0x00000007a6ab0000, 0x00000007a8000000, 0x00000007a8000000)
  to   space 21824K,   0% used [0x00000007a5560000, 0x00000007a5560000, 0x00000007a6ab0000)
 concurrent mark-sweep generation total 393216K, used 1361K [0x00000007a8000000, 0x00000007c0000000, 0x00000007c0000000)
 Metaspace       used 28024K, capacity 28326K, committed 28540K, reserved 1075200K
  class space    used 3295K, capacity 3352K, committed 3452K, reserved 1048576K
}
2016-02-28T18:26:19.377-0530: 1184.947: Total time for which application threads were stopped: 0.1321622 seconds
2016-02-28T18:26:20.149-0530: 1185.720: Total time for which application threads were stopped: 0.0001838 seconds
2016-02-28T18:26:20.490-0530: 1186.061: Total time for which application threads were stopped: 0.0002084 seconds
2016-02-28T18:26:21.171-0530: 1186.741: Total time for which application threads were stopped: 0.0004749 seconds
2016-02-28T18:26:22.172-0530: 1187.743: Total time for which application threads were stopped: 0.0000869 seconds
2016-02-28T18:26:25.999-0530: 1191.570: Total time for which application threads were stopped: 0.0001072 seconds
2016-02-28T18:26:26.000-0530: 1191.570: Total time for which application threads were stopped: 0.0000528 seconds
{Heap before GC invocations=5 (full 1):
 par new generation   total 109248K, used 109248K [0x00000007a0000000, 0x00000007a8000000, 0x00000007a8000000)
  eden space 87424K, 100% used [0x00000007a0000000, 0x00000007a5560000, 0x00000007a5560000)
  from space 21824K, 100% used [0x00000007a6ab0000, 0x00000007a8000000, 0x00000007a8000000)
  to   space 21824K,   0% used [0x00000007a5560000, 0x00000007a5560000, 0x00000007a6ab0000)
 concurrent mark-sweep generation total 393216K, used 1361K [0x00000007a8000000, 0x00000007c0000000, 0x00000007c0000000)
 Metaspace       used 28746K, capacity 29030K, committed 29308K, reserved 1075200K
  class space    used 3339K, capacity 3416K, committed 3452K, reserved 1048576K
2016-02-28T18:26:26.115-0530: 1191.686: [GC (Allocation Failure) 1191.722: [ParNew
Desired survivor size 20112992 bytes, new threshold 8 (max 8)
- age   1:    3667608 bytes,    3667608 total
- age   2:    9298816 bytes,   12966424 total
- age   3:        888 bytes,   12967312 total
- age   4:     543056 bytes,   13510368 total
- age   5:    1871120 bytes,   15381488 total
: 109248K->17858K(109248K), 0.0234817 secs] 110609K->21859K(502464K), 0.0593967 secs] [Times: user=0.06 sys=0.01, real=0.06 secs] 
Heap after GC invocations=6 (full 1):
 par new generation   total 109248K, used 17858K [0x00000007a0000000, 0x00000007a8000000, 0x00000007a8000000)
  eden space 87424K,   0% used [0x00000007a0000000, 0x00000007a0000000, 0x00000007a5560000)
  from space 21824K,  81% used [0x00000007a5560000, 0x00000007a66d0ba0, 0x00000007a6ab0000)
  to   space 21824K,   0% used [0x00000007a6ab0000, 0x00000007a6ab0000, 0x00000007a8000000)
 concurrent mark-sweep generation total 393216K, used 4001K [0x00000007a8000000, 0x00000007c0000000, 0x00000007c0000000)
 Metaspace       used 28746K, capacity 29030K, committed 29308K, reserved 1075200K
  class space    used 3339K, capacity 3416K, committed 3452K, reserved 1048576K
}
2016-02-28T18:26:26.174-0530: 1191.745: Total time for which application threads were stopped: 0.0596387 seconds
2016-02-28T18:26:27.177-0530: 1192.748: Total time for which application threads were stopped: 0.0002193 seconds
2016-02-28T18:26:27.181-0530: 1192.752: Total time for which application threads were stopped: 0.0001031 seconds
2016-02-28T18:26:27.183-0530: 1192.754: Total time for which application threads were stopped: 0.0001318 seconds
2016-02-28T18:26:27.248-0530: 1192.819: Total time for which application threads were stopped: 0.0001997 seconds
2016-02-28T18:26:27.250-0530: 1192.821: Total time for which application threads were stopped: 0.0000834 seconds
2016-02-28T18:26:27.250-0530: 1192.821: Total time for which application threads were stopped: 0.0001475 seconds
2016-02-28T18:26:27.251-0530: 1192.822: Total time for which application threads were stopped: 0.0000620 seconds
2016-02-28T18:26:27.251-0530: 1192.822: Total time for which application threads were stopped: 0.0001100 seconds
2016-02-28T18:26:27.251-0530: 1192.822: Total time for which application threads were stopped: 0.0000643 seconds
2016-02-28T18:26:27.251-0530: 1192.822: Total time for which application threads were stopped: 0.0000803 seconds
2016-02-28T18:26:27.253-0530: 1192.824: Total time for which application threads were stopped: 0.0001421 seconds
{Heap before GC invocations=6 (full 1):
 par new generation   total 109248K, used 105282K [0x00000007a0000000, 0x00000007a8000000, 0x00000007a8000000)
  eden space 87424K, 100% used [0x00000007a0000000, 0x00000007a5560000, 0x00000007a5560000)
  from space 21824K,  81% used [0x00000007a5560000, 0x00000007a66d0ba0, 0x00000007a6ab0000)
  to   space 21824K,   0% used [0x00000007a6ab0000, 0x00000007a6ab0000, 0x00000007a8000000)
 concurrent mark-sweep generation total 393216K, used 4001K [0x00000007a8000000, 0x00000007c0000000, 0x00000007c0000000)
 Metaspace       used 28797K, capacity 29094K, committed 29308K, reserved 1075200K
  class space    used 3340K, capacity 3416K, committed 3452K, reserved 1048576K
2016-02-28T18:26:32.895-0530: 1198.467: [GC (Allocation Failure) 1198.478: [ParNew
Desired survivor size 20112992 bytes, new threshold 8 (max 8)
- age   1:    3258400 bytes,    3258400 total
- age   2:    2628232 bytes,    5886632 total
- age   3:    7061696 bytes,   12948328 total
- age   4:        888 bytes,   12949216 total
- age   5:     543056 bytes,   13492272 total
- age   6:    1871120 bytes,   15363392 total
: 105282K->18953K(109248K), 0.0130741 secs] 109283K->22954K(502464K), 0.0240709 secs] [Times: user=0.05 sys=0.00, real=0.03 secs] 
Heap after GC invocations=7 (full 1):
 par new generation   total 109248K, used 18953K [0x00000007a0000000, 0x00000007a8000000, 0x00000007a8000000)
  eden space 87424K,   0% used [0x00000007a0000000, 0x00000007a0000000, 0x00000007a5560000)
  from space 21824K,  86% used [0x00000007a6ab0000, 0x00000007a7d32550, 0x00000007a8000000)
  to   space 21824K,   0% used [0x00000007a5560000, 0x00000007a5560000, 0x00000007a6ab0000)
 concurrent mark-sweep generation total 393216K, used 4001K [0x00000007a8000000, 0x00000007c0000000, 0x00000007c0000000)
 Metaspace       used 28797K, capacity 29094K, committed 29308K, reserved 1075200K
  class space    used 3340K, capacity 3416K, committed 3452K, reserved 1048576K
}
2016-02-28T18:26:32.920-0530: 1198.491: Total time for which application threads were stopped: 0.0242713 seconds
2016-02-28T18:26:33.477-0530: 1199.048: Total time for which application threads were stopped: 0.0001699 seconds
2016-02-28T18:26:33.478-0530: 1199.049: Total time for which application threads were stopped: 0.0001302 seconds
2016-02-28T18:26:33.504-0530: 1199.075: Total time for which application threads were stopped: 0.0001264 seconds
2016-02-28T18:26:33.507-0530: 1199.078: Total time for which application threads were stopped: 0.0001373 seconds
2016-02-28T18:26:33.507-0530: 1199.078: Total time for which application threads were stopped: 0.0000968 seconds
2016-02-28T18:26:33.508-0530: 1199.079: Total time for which application threads were stopped: 0.0000912 seconds
2016-02-28T18:26:33.508-0530: 1199.080: Total time for which application threads were stopped: 0.0001084 seconds
2016-02-28T18:26:34.509-0530: 1200.080: Total time for which application threads were stopped: 0.0000956 seconds
{Heap before GC invocations=7 (full 1):
 par new generation   total 109248K, used 106377K [0x00000007a0000000, 0x00000007a8000000, 0x00000007a8000000)
  eden space 87424K, 100% used [0x00000007a0000000, 0x00000007a5560000, 0x00000007a5560000)
  from space 21824K,  86% used [0x00000007a6ab0000, 0x00000007a7d32550, 0x00000007a8000000)
  to   space 21824K,   0% used [0x00000007a5560000, 0x00000007a5560000, 0x00000007a6ab0000)
 concurrent mark-sweep generation total 393216K, used 4001K [0x00000007a8000000, 0x00000007c0000000, 0x00000007c0000000)
 Metaspace       used 28836K, capacity 29158K, committed 29308K, reserved 1075200K
  class space    used 3340K, capacity 3416K, committed 3452K, reserved 1048576K
2016-02-28T18:26:38.254-0530: 1203.826: [GC (Allocation Failure) 1203.826: [ParNew
Desired survivor size 20112992 bytes, new threshold 8 (max 8)
- age   1:    3185784 bytes,    3185784 total
- age   2:    2655984 bytes,    5841768 total
- age   3:    2626712 bytes,    8468480 total
- age   4:    6994440 bytes,   15462920 total
- age   5:        888 bytes,   15463808 total
- age   6:     543056 bytes,   16006864 total
- age   7:    1871120 bytes,   17877984 total
: 106377K->21171K(109248K), 0.0119728 secs] 110378K->25172K(502464K), 0.0120479 secs] [Times: user=0.04 sys=0.00, real=0.01 secs] 
Heap after GC invocations=8 (full 1):
 par new generation   total 109248K, used 21171K [0x00000007a0000000, 0x00000007a8000000, 0x00000007a8000000)
  eden space 87424K,   0% used [0x00000007a0000000, 0x00000007a0000000, 0x00000007a5560000)
  from space 21824K,  97% used [0x00000007a5560000, 0x00000007a6a0cd88, 0x00000007a6ab0000)
  to   space 21824K,   0% used [0x00000007a6ab0000, 0x00000007a6ab0000, 0x00000007a8000000)
 concurrent mark-sweep generation total 393216K, used 4001K [0x00000007a8000000, 0x00000007c0000000, 0x00000007c0000000)
 Metaspace       used 28836K, capacity 29158K, committed 29308K, reserved 1075200K
  class space    used 3340K, capacity 3416K, committed 3452K, reserved 1048576K
}
2016-02-28T18:26:38.266-0530: 1203.838: Total time for which application threads were stopped: 0.0122820 seconds
2016-02-28T18:26:38.857-0530: 1204.429: Total time for which application threads were stopped: 0.0002056 seconds
2016-02-28T18:26:38.857-0530: 1204.429: Total time for which application threads were stopped: 0.0000784 seconds
2016-02-28T18:26:38.857-0530: 1204.429: Total time for which application threads were stopped: 0.0000855 seconds
2016-02-28T18:26:38.858-0530: 1204.429: Total time for which application threads were stopped: 0.0000736 seconds
2016-02-28T18:26:39.863-0530: 1205.434: Total time for which application threads were stopped: 0.0001064 seconds
{Heap before GC invocations=8 (full 1):
 par new generation   total 109248K, used 108595K [0x00000007a0000000, 0x00000007a8000000, 0x00000007a8000000)
  eden space 87424K, 100% used [0x00000007a0000000, 0x00000007a5560000, 0x00000007a5560000)
  from space 21824K,  97% used [0x00000007a5560000, 0x00000007a6a0cd88, 0x00000007a6ab0000)
  to   space 21824K,   0% used [0x00000007a6ab0000, 0x00000007a6ab0000, 0x00000007a8000000)
 concurrent mark-sweep generation total 393216K, used 4001K [0x00000007a8000000, 0x00000007c0000000, 0x00000007c0000000)
 Metaspace       used 28872K, capacity 29158K, committed 29308K, reserved 1075200K
  class space    used 3340K, capacity 3416K, committed 3452K, reserved 1048576K
2016-02-28T18:26:43.631-0530: 1209.202: [GC (Allocation Failure) 1209.212: [ParNew
Desired survivor size 20112992 bytes, new threshold 8 (max 8)
- age   1:    3189144 bytes,    3189144 total
- age   2:    2208656 bytes,    5397800 total
- age   3:    2654680 bytes,    8052480 total
- age   4:    2559656 bytes,   10612136 total
- age   5:    6195704 bytes,   16807840 total
- age   6:        888 bytes,   16808728 total
- age   7:     543056 bytes,   17351784 total
- age   8:    1871120 bytes,   19222904 total
: 108595K->21824K(109248K), 0.0306476 secs] 112596K->27143K(502464K), 0.0398897 secs] [Times: user=0.05 sys=0.00, real=0.04 secs] 
Heap after GC invocations=9 (full 1):
 par new generation   total 109248K, used 21824K [0x00000007a0000000, 0x00000007a8000000, 0x00000007a8000000)
  eden space 87424K,   0% used [0x00000007a0000000, 0x00000007a0000000, 0x00000007a5560000)
  from space 21824K, 100% used [0x00000007a6ab0000, 0x00000007a8000000, 0x00000007a8000000)
  to   space 21824K,   0% used [0x00000007a5560000, 0x00000007a5560000, 0x00000007a6ab0000)
 concurrent mark-sweep generation total 393216K, used 5319K [0x00000007a8000000, 0x00000007c0000000, 0x00000007c0000000)
 Metaspace       used 28872K, capacity 29158K, committed 29308K, reserved 1075200K
  class space    used 3340K, capacity 3416K, committed 3452K, reserved 1048576K
}
2016-02-28T18:26:43.671-0530: 1209.242: Total time for which application threads were stopped: 0.0401827 seconds
2016-02-28T18:26:44.276-0530: 1209.847: Total time for which application threads were stopped: 0.0001538 seconds
2016-02-28T18:26:44.276-0530: 1209.848: Total time for which application threads were stopped: 0.0001016 seconds
2016-02-28T18:26:44.276-0530: 1209.848: Total time for which application threads were stopped: 0.0000762 seconds
2016-02-28T18:26:44.276-0530: 1209.848: Total time for which application threads were stopped: 0.0001347 seconds
2016-02-28T18:26:45.281-0530: 1210.853: Total time for which application threads were stopped: 0.0000810 seconds
{Heap before GC invocations=9 (full 1):
 par new generation   total 109248K, used 109248K [0x00000007a0000000, 0x00000007a8000000, 0x00000007a8000000)
  eden space 87424K, 100% used [0x00000007a0000000, 0x00000007a5560000, 0x00000007a5560000)
  from space 21824K, 100% used [0x00000007a6ab0000, 0x00000007a8000000, 0x00000007a8000000)
  to   space 21824K,   0% used [0x00000007a5560000, 0x00000007a5560000, 0x00000007a6ab0000)
 concurrent mark-sweep generation total 393216K, used 5319K [0x00000007a8000000, 0x00000007c0000000, 0x00000007c0000000)
 Metaspace       used 28891K, capacity 29166K, committed 29308K, reserved 1075200K
  class space    used 3341K, capacity 3418K, committed 3452K, reserved 1048576K
2016-02-28T18:26:49.142-0530: 1214.714: [GC (Allocation Failure) 1214.714: [ParNew
Desired survivor size 20112992 bytes, new threshold 8 (max 8)
- age   1:    3239672 bytes,    3239672 total
- age   2:    2558984 bytes,    5798656 total
- age   3:    2138720 bytes,    7937376 total
- age   4:    2585920 bytes,   10523296 total
- age   5:    2540584 bytes,   13063880 total
- age   6:    5240112 bytes,   18303992 total
- age   7:        560 bytes,   18304552 total
- age   8:     431440 bytes,   18735992 total
: 109248K->21824K(109248K), 0.0167157 secs] 114567K->30315K(502464K), 0.0167972 secs] [Times: user=0.04 sys=0.00, real=0.01 secs] 
Heap after GC invocations=10 (full 1):
 par new generation   total 109248K, used 21824K [0x00000007a0000000, 0x00000007a8000000, 0x00000007a8000000)
  eden space 87424K,   0% used [0x00000007a0000000, 0x00000007a0000000, 0x00000007a5560000)
  from space 21824K, 100% used [0x00000007a5560000, 0x00000007a6ab0000, 0x00000007a6ab0000)
  to   space 21824K,   0% used [0x00000007a6ab0000, 0x00000007a6ab0000, 0x00000007a8000000)
 concurrent mark-sweep generation total 393216K, used 8491K [0x00000007a8000000, 0x00000007c0000000, 0x00000007c0000000)
 Metaspace       used 28891K, capacity 29166K, committed 29308K, reserved 1075200K
  class space    used 3341K, capacity 3418K, committed 3452K, reserved 1048576K
}
2016-02-28T18:26:49.159-0530: 1214.731: Total time for which application threads were stopped: 0.0169833 seconds
2016-02-28T18:26:49.705-0530: 1215.277: Total time for which application threads were stopped: 0.0003215 seconds
2016-02-28T18:26:49.705-0530: 1215.277: Total time for which application threads were stopped: 0.0002937 seconds
{Heap before GC invocations=10 (full 1):
 par new generation   total 109248K, used 109248K [0x00000007a0000000, 0x00000007a8000000, 0x00000007a8000000)
  eden space 87424K, 100% used [0x00000007a0000000, 0x00000007a5560000, 0x00000007a5560000)
  from space 21824K, 100% used [0x00000007a5560000, 0x00000007a6ab0000, 0x00000007a6ab0000)
  to   space 21824K,   0% used [0x00000007a6ab0000, 0x00000007a6ab0000, 0x00000007a8000000)
 concurrent mark-sweep generation total 393216K, used 8491K [0x00000007a8000000, 0x00000007c0000000, 0x00000007c0000000)
 Metaspace       used 28907K, capacity 29166K, committed 29308K, reserved 1075200K
  class space    used 3341K, capacity 3418K, committed 3452K, reserved 1048576K
2016-02-28T18:26:55.560-0530: 1221.132: [GC (Allocation Failure) 1221.146: [ParNew
Desired survivor size 20112992 bytes, new threshold 8 (max 8)
- age   1:    2477696 bytes,    2477696 total
- age   2:    2659584 bytes,    5137280 total
- age   3:    1666800 bytes,    6804080 total
- age   4:    2138440 bytes,    8942520 total
- age   5:    2572872 bytes,   11515392 total
- age   6:    2540584 bytes,   14055976 total
- age   7:    4929736 bytes,   18985712 total
- age   8:        560 bytes,   18986272 total
: 109248K->21824K(109248K), 0.0128863 secs] 117739K->33004K(502464K), 0.0267666 secs] [Times: user=0.04 sys=0.01, real=0.02 secs] 
Heap after GC invocations=11 (full 1):
 par new generation   total 109248K, used 21824K [0x00000007a0000000, 0x00000007a8000000, 0x00000007a8000000)
  eden space 87424K,   0% used [0x00000007a0000000, 0x00000007a0000000, 0x00000007a5560000)
  from space 21824K, 100% used [0x00000007a6ab0000, 0x00000007a8000000, 0x00000007a8000000)
  to   space 21824K,   0% used [0x00000007a5560000, 0x00000007a5560000, 0x00000007a6ab0000)
 concurrent mark-sweep generation total 393216K, used 11180K [0x00000007a8000000, 0x00000007c0000000, 0x00000007c0000000)
 Metaspace       used 28907K, capacity 29166K, committed 29308K, reserved 1075200K
  class space    used 3341K, capacity 3418K, committed 3452K, reserved 1048576K
}
2016-02-28T18:26:55.587-0530: 1221.159: Total time for which application threads were stopped: 0.0269499 seconds
2016-02-28T18:26:56.089-0530: 1221.661: Total time for which application threads were stopped: 0.0001267 seconds
2016-02-28T18:26:56.089-0530: 1221.661: Total time for which application threads were stopped: 0.0000852 seconds
2016-02-28T18:26:56.089-0530: 1221.661: Total time for which application threads were stopped: 0.0000750 seconds
2016-02-28T18:26:56.089-0530: 1221.661: Total time for which application threads were stopped: 0.0000902 seconds
2016-02-28T18:26:56.090-0530: 1221.662: Total time for which application threads were stopped: 0.0000979 seconds
2016-02-28T18:26:56.091-0530: 1221.663: Total time for which application threads were stopped: 0.0000846 seconds
2016-02-28T18:26:56.091-0530: 1221.663: Total time for which application threads were stopped: 0.0000907 seconds
2016-02-28T18:26:56.091-0530: 1221.663: Total time for which application threads were stopped: 0.0001685 seconds
2016-02-28T18:26:56.151-0530: 1221.723: Total time for which application threads were stopped: 0.0001291 seconds
2016-02-28T18:26:56.151-0530: 1221.723: Total time for which application threads were stopped: 0.0001108 seconds
2016-02-28T18:26:56.151-0530: 1221.723: Total time for which application threads were stopped: 0.0000887 seconds
2016-02-28T18:27:01.164-0530: 1226.737: Total time for which application threads were stopped: 0.0004082 seconds
{Heap before GC invocations=11 (full 1):
 par new generation   total 109248K, used 109245K [0x00000007a0000000, 0x00000007a8000000, 0x00000007a8000000)
  eden space 87424K,  99% used [0x00000007a0000000, 0x00000007a555f7f0, 0x00000007a5560000)
  from space 21824K, 100% used [0x00000007a6ab0000, 0x00000007a8000000, 0x00000007a8000000)
  to   space 21824K,   0% used [0x00000007a5560000, 0x00000007a5560000, 0x00000007a6ab0000)
 concurrent mark-sweep generation total 393216K, used 11180K [0x00000007a8000000, 0x00000007c0000000, 0x00000007c0000000)
 Metaspace       used 28923K, capacity 29236K, committed 29564K, reserved 1075200K
  class space    used 3342K, capacity 3419K, committed 3452K, reserved 1048576K
2016-02-28T18:27:01.167-0530: 1226.740: [GC (Allocation Failure) 1226.780: [ParNew
Desired survivor size 20112992 bytes, new threshold 8 (max 8)
- age   1:    3352928 bytes,    3352928 total
- age   2:    1997472 bytes,    5350400 total
- age   3:    1057752 bytes,    6408152 total
- age   4:     806232 bytes,    7214384 total
- age   5:    2048368 bytes,    9262752 total
- age   6:    2570224 bytes,   11832976 total
- age   7:    2539936 bytes,   14372912 total
- age   8:    4892016 bytes,   19264928 total
: 109245K->21824K(109248K), 0.0144052 secs] 120426K->35574K(502464K), 0.0544024 secs] [Times: user=0.03 sys=0.00, real=0.06 secs] 
Heap after GC invocations=12 (full 1):
 par new generation   total 109248K, used 21824K [0x00000007a0000000, 0x00000007a8000000, 0x00000007a8000000)
  eden space 87424K,   0% used [0x00000007a0000000, 0x00000007a0000000, 0x00000007a5560000)
  from space 21824K, 100% used [0x00000007a5560000, 0x00000007a6ab0000, 0x00000007a6ab0000)
  to   space 21824K,   0% used [0x00000007a6ab0000, 0x00000007a6ab0000, 0x00000007a8000000)
 concurrent mark-sweep generation total 393216K, used 13750K [0x00000007a8000000, 0x00000007c0000000, 0x00000007c0000000)
 Metaspace       used 28923K, capacity 29236K, committed 29564K, reserved 1075200K
  class space    used 3342K, capacity 3419K, committed 3452K, reserved 1048576K
}
2016-02-28T18:27:01.222-0530: 1226.794: Total time for which application threads were stopped: 0.0546224 seconds
2016-02-28T18:27:01.893-0530: 1227.466: Total time for which application threads were stopped: 0.0002076 seconds
2016-02-28T18:27:01.895-0530: 1227.468: Total time for which application threads were stopped: 0.0002102 seconds
2016-02-28T18:27:01.896-0530: 1227.468: Total time for which application threads were stopped: 0.0000963 seconds
2016-02-28T18:27:02.004-0530: 1227.577: Total time for which application threads were stopped: 0.0183052 seconds
2016-02-28T18:27:02.006-0530: 1227.578: Total time for which application threads were stopped: 0.0014639 seconds
2016-02-28T18:27:02.008-0530: 1227.581: Total time for which application threads were stopped: 0.0023418 seconds
2016-02-28T18:27:02.009-0530: 1227.581: Total time for which application threads were stopped: 0.0000990 seconds
2016-02-28T18:27:02.918-0530: 1228.491: Total time for which application threads were stopped: 0.0001071 seconds
2016-02-28T18:27:02.925-0530: 1228.497: Total time for which application threads were stopped: 0.0001137 seconds
2016-02-28T18:27:02.931-0530: 1228.504: Total time for which application threads were stopped: 0.0001079 seconds
2016-02-28T18:27:02.938-0530: 1228.510: Total time for which application threads were stopped: 0.0001112 seconds
2016-02-28T18:27:02.945-0530: 1228.517: Total time for which application threads were stopped: 0.0001250 seconds
2016-02-28T18:27:02.951-0530: 1228.523: Total time for which application threads were stopped: 0.0000916 seconds
2016-02-28T18:27:02.957-0530: 1228.529: Total time for which application threads were stopped: 0.0001089 seconds
2016-02-28T18:27:02.965-0530: 1228.537: Total time for which application threads were stopped: 0.0001128 seconds
2016-02-28T18:27:03.507-0530: 1229.079: Total time for which application threads were stopped: 0.0001556 seconds
2016-02-28T18:27:03.507-0530: 1229.079: Total time for which application threads were stopped: 0.0000647 seconds
2016-02-28T18:27:03.508-0530: 1229.080: Total time for which application threads were stopped: 0.0000588 seconds
2016-02-28T18:27:03.508-0530: 1229.081: Total time for which application threads were stopped: 0.0000881 seconds
2016-02-28T18:27:03.509-0530: 1229.081: Total time for which application threads were stopped: 0.0000586 seconds
2016-02-28T18:27:03.509-0530: 1229.082: Total time for which application threads were stopped: 0.0001289 seconds
{Heap before GC invocations=12 (full 1):
 par new generation   total 109248K, used 109248K [0x00000007a0000000, 0x00000007a8000000, 0x00000007a8000000)
  eden space 87424K, 100% used [0x00000007a0000000, 0x00000007a5560000, 0x00000007a5560000)
  from space 21824K, 100% used [0x00000007a5560000, 0x00000007a6ab0000, 0x00000007a6ab0000)
  to   space 21824K,   0% used [0x00000007a6ab0000, 0x00000007a6ab0000, 0x00000007a8000000)
 concurrent mark-sweep generation total 393216K, used 13750K [0x00000007a8000000, 0x00000007c0000000, 0x00000007c0000000)
 Metaspace       used 29055K, capacity 29396K, committed 29564K, reserved 1075200K
  class space    used 3359K, capacity 3451K, committed 3452K, reserved 1048576K
2016-02-28T18:27:03.684-0530: 1229.256: [GC (Allocation Failure) 1229.256: [ParNew
Desired survivor size 20112992 bytes, new threshold 8 (max 8)
- age   1:    2889280 bytes,    2889280 total
- age   2:     441744 bytes,    3331024 total
- age   3:    1414776 bytes,    4745800 total
- age   4:     990840 bytes,    5736640 total
- age   5:     806192 bytes,    6542832 total
- age   6:    2048288 bytes,    8591120 total
- age   7:    2570144 bytes,   11161264 total
- age   8:    2539856 bytes,   13701120 total
: 109248K->21824K(109248K), 0.0153918 secs] 122998K->43282K(502464K), 0.0154947 secs] [Times: user=0.04 sys=0.01, real=0.01 secs] 
Heap after GC invocations=13 (full 1):
 par new generation   total 109248K, used 21824K [0x00000007a0000000, 0x00000007a8000000, 0x00000007a8000000)
  eden space 87424K,   0% used [0x00000007a0000000, 0x00000007a0000000, 0x00000007a5560000)
  from space 21824K, 100% used [0x00000007a6ab0000, 0x00000007a8000000, 0x00000007a8000000)
  to   space 21824K,   0% used [0x00000007a5560000, 0x00000007a5560000, 0x00000007a6ab0000)
 concurrent mark-sweep generation total 393216K, used 21458K [0x00000007a8000000, 0x00000007c0000000, 0x00000007c0000000)
 Metaspace       used 29055K, capacity 29396K, committed 29564K, reserved 1075200K
  class space    used 3359K, capacity 3451K, committed 3452K, reserved 1048576K
}
2016-02-28T18:27:03.699-0530: 1229.272: Total time for which application threads were stopped: 0.0157959 seconds
2016-02-28T18:27:04.703-0530: 1230.276: Total time for which application threads were stopped: 0.0001545 seconds
{Heap before GC invocations=13 (full 1):
 par new generation   total 109248K, used 109248K [0x00000007a0000000, 0x00000007a8000000, 0x00000007a8000000)
  eden space 87424K, 100% used [0x00000007a0000000, 0x00000007a5560000, 0x00000007a5560000)
  from space 21824K, 100% used [0x00000007a6ab0000, 0x00000007a8000000, 0x00000007a8000000)
  to   space 21824K,   0% used [0x00000007a5560000, 0x00000007a5560000, 0x00000007a6ab0000)
 concurrent mark-sweep generation total 393216K, used 21458K [0x00000007a8000000, 0x00000007c0000000, 0x00000007c0000000)
 Metaspace       used 29081K, capacity 29396K, committed 29564K, reserved 1075200K
  class space    used 3360K, capacity 3451K, committed 3452K, reserved 1048576K
2016-02-28T18:27:05.652-0530: 1231.225: [GC (Allocation Failure) 1231.225: [ParNew
Desired survivor size 20112992 bytes, new threshold 8 (max 8)
- age   1:     237312 bytes,     237312 total
- age   2:    2749712 bytes,    2987024 total
- age   3:     440944 bytes,    3427968 total
- age   4:    1414776 bytes,    4842744 total
- age   5:     990840 bytes,    5833584 total
- age   6:     806192 bytes,    6639776 total
- age   7:    2048288 bytes,    8688064 total
- age   8:    2570144 bytes,   11258208 total
: 109248K->16047K(109248K), 0.0085049 secs] 130706K->39987K(502464K), 0.0085789 secs] [Times: user=0.03 sys=0.00, real=0.01 secs] 
Heap after GC invocations=14 (full 1):
 par new generation   total 109248K, used 16047K [0x00000007a0000000, 0x00000007a8000000, 0x00000007a8000000)
  eden space 87424K,   0% used [0x00000007a0000000, 0x00000007a0000000, 0x00000007a5560000)
  from space 21824K,  73% used [0x00000007a5560000, 0x00000007a650bf40, 0x00000007a6ab0000)
  to   space 21824K,   0% used [0x00000007a6ab0000, 0x00000007a6ab0000, 0x00000007a8000000)
 concurrent mark-sweep generation total 393216K, used 23939K [0x00000007a8000000, 0x00000007c0000000, 0x00000007c0000000)
 Metaspace       used 29081K, capacity 29396K, committed 29564K, reserved 1075200K
  class space    used 3360K, capacity 3451K, committed 3452K, reserved 1048576K
}
2016-02-28T18:27:05.661-0530: 1231.234: Total time for which application threads were stopped: 0.0088568 seconds
2016-02-28T18:27:06.663-0530: 1232.235: Total time for which application threads were stopped: 0.0000865 seconds
{Heap before GC invocations=14 (full 1):
 par new generation   total 109248K, used 103471K [0x00000007a0000000, 0x00000007a8000000, 0x00000007a8000000)
  eden space 87424K, 100% used [0x00000007a0000000, 0x00000007a5560000, 0x00000007a5560000)
  from space 21824K,  73% used [0x00000007a5560000, 0x00000007a650bf40, 0x00000007a6ab0000)
  to   space 21824K,   0% used [0x00000007a6ab0000, 0x00000007a6ab0000, 0x00000007a8000000)
 concurrent mark-sweep generation total 393216K, used 23939K [0x00000007a8000000, 0x00000007c0000000, 0x00000007c0000000)
 Metaspace       used 29097K, capacity 29460K, committed 29820K, reserved 1075200K
  class space    used 3362K, capacity 3451K, committed 3452K, reserved 1048576K
2016-02-28T18:27:09.494-0530: 1235.067: [GC (Allocation Failure) 1235.067: [ParNew
Desired survivor size 20112992 bytes, new threshold 8 (max 8)
- age   1:    4621280 bytes,    4621280 total
- age   2:        992 bytes,    4622272 total
- age   3:    2612520 bytes,    7234792 total
- age   4:     440768 bytes,    7675560 total
- age   5:    1414696 bytes,    9090256 total
- age   6:     990584 bytes,   10080840 total
- age   7:     806048 bytes,   10886888 total
- age   8:    2048216 bytes,   12935104 total
: 103471K->13789K(109248K), 0.0088445 secs] 127411K->40239K(502464K), 0.0089128 secs] [Times: user=0.02 sys=0.00, real=0.01 secs] 
Heap after GC invocations=15 (full 1):
 par new generation   total 109248K, used 13789K [0x00000007a0000000, 0x00000007a8000000, 0x00000007a8000000)
  eden space 87424K,   0% used [0x00000007a0000000, 0x00000007a0000000, 0x00000007a5560000)
  from space 21824K,  63% used [0x00000007a6ab0000, 0x00000007a7827798, 0x00000007a8000000)
  to   space 21824K,   0% used [0x00000007a5560000, 0x00000007a5560000, 0x00000007a6ab0000)
 concurrent mark-sweep generation total 393216K, used 26449K [0x00000007a8000000, 0x00000007c0000000, 0x00000007c0000000)
 Metaspace       used 29097K, capacity 29460K, committed 29820K, reserved 1075200K
  class space    used 3362K, capacity 3451K, committed 3452K, reserved 1048576K
}
2016-02-28T18:27:09.503-0530: 1235.075: Total time for which application threads were stopped: 0.0091097 seconds
2016-02-28T18:27:09.634-0530: 1235.206: Total time for which application threads were stopped: 0.0001310 seconds
2016-02-28T18:27:09.634-0530: 1235.206: Total time for which application threads were stopped: 0.0000968 seconds
2016-02-28T18:27:09.634-0530: 1235.206: Total time for which application threads were stopped: 0.0000826 seconds
2016-02-28T18:27:09.663-0530: 1235.235: Total time for which application threads were stopped: 0.0000998 seconds
2016-02-28T18:27:09.663-0530: 1235.235: Total time for which application threads were stopped: 0.0000663 seconds
2016-02-28T18:27:09.663-0530: 1235.235: Total time for which application threads were stopped: 0.0000613 seconds
2016-02-28T18:27:09.663-0530: 1235.236: Total time for which application threads were stopped: 0.0000539 seconds
2016-02-28T18:27:09.663-0530: 1235.236: Total time for which application threads were stopped: 0.0000403 seconds
2016-02-28T18:27:09.663-0530: 1235.236: Total time for which application threads were stopped: 0.0000387 seconds
2016-02-28T18:27:09.663-0530: 1235.236: Total time for which application threads were stopped: 0.0000390 seconds
2016-02-28T18:27:09.664-0530: 1235.236: Total time for which application threads were stopped: 0.0000622 seconds
2016-02-28T18:27:09.664-0530: 1235.237: Total time for which application threads were stopped: 0.0000571 seconds
2016-02-28T18:27:09.664-0530: 1235.237: Total time for which application threads were stopped: 0.0000537 seconds
2016-02-28T18:27:09.664-0530: 1235.237: Total time for which application threads were stopped: 0.0000458 seconds
2016-02-28T18:27:09.664-0530: 1235.237: Total time for which application threads were stopped: 0.0000714 seconds
2016-02-28T18:27:09.665-0530: 1235.237: Total time for which application threads were stopped: 0.0000848 seconds
2016-02-28T18:27:09.665-0530: 1235.237: Total time for which application threads were stopped: 0.0000732 seconds
2016-02-28T18:27:09.665-0530: 1235.238: Total time for which application threads were stopped: 0.0000860 seconds
2016-02-28T18:27:09.666-0530: 1235.238: Total time for which application threads were stopped: 0.0001551 seconds
2016-02-28T18:27:10.669-0530: 1236.241: Total time for which application threads were stopped: 0.0001146 seconds
{Heap before GC invocations=15 (full 1):
 par new generation   total 109248K, used 101213K [0x00000007a0000000, 0x00000007a8000000, 0x00000007a8000000)
  eden space 87424K, 100% used [0x00000007a0000000, 0x00000007a5560000, 0x00000007a5560000)
  from space 21824K,  63% used [0x00000007a6ab0000, 0x00000007a7827798, 0x00000007a8000000)
  to   space 21824K,   0% used [0x00000007a5560000, 0x00000007a5560000, 0x00000007a6ab0000)
 concurrent mark-sweep generation total 393216K, used 26449K [0x00000007a8000000, 0x00000007c0000000, 0x00000007c0000000)
 Metaspace       used 29112K, capacity 29460K, committed 29820K, reserved 1075200K
  class space    used 3362K, capacity 3451K, committed 3452K, reserved 1048576K
2016-02-28T18:27:14.386-0530: 1239.959: [GC (Allocation Failure) 1239.959: [ParNew
Desired survivor size 20112992 bytes, new threshold 8 (max 8)
- age   1:    6015856 bytes,    6015856 total
- age   2:    1455160 bytes,    7471016 total
- age   3:        448 bytes,    7471464 total
- age   4:    2583728 bytes,   10055192 total
- age   5:     439760 bytes,   10494952 total
- age   6:    1339432 bytes,   11834384 total
- age   7:     982264 bytes,   12816648 total
- age   8:     798424 bytes,   13615072 total
: 101213K->19260K(109248K), 0.0077768 secs] 127663K->47702K(502464K), 0.0078475 secs] [Times: user=0.02 sys=0.00, real=0.01 secs] 
Heap after GC invocations=16 (full 1):
 par new generation   total 109248K, used 19260K [0x00000007a0000000, 0x00000007a8000000, 0x00000007a8000000)
  eden space 87424K,   0% used [0x00000007a0000000, 0x00000007a0000000, 0x00000007a5560000)
  from space 21824K,  88% used [0x00000007a5560000, 0x00000007a682f388, 0x00000007a6ab0000)
  to   space 21824K,   0% used [0x00000007a6ab0000, 0x00000007a6ab0000, 0x00000007a8000000)
 concurrent mark-sweep generation total 393216K, used 28441K [0x00000007a8000000, 0x00000007c0000000, 0x00000007c0000000)
 Metaspace       used 29112K, capacity 29460K, committed 29820K, reserved 1075200K
  class space    used 3362K, capacity 3451K, committed 3452K, reserved 1048576K
}
2016-02-28T18:27:14.394-0530: 1239.967: Total time for which application threads were stopped: 0.0080654 seconds
2016-02-28T18:27:15.399-0530: 1240.972: Total time for which application threads were stopped: 0.0001072 seconds
{Heap before GC invocations=16 (full 1):
 par new generation   total 109248K, used 106684K [0x00000007a0000000, 0x00000007a8000000, 0x00000007a8000000)
  eden space 87424K, 100% used [0x00000007a0000000, 0x00000007a5560000, 0x00000007a5560000)
  from space 21824K,  88% used [0x00000007a5560000, 0x00000007a682f388, 0x00000007a6ab0000)
  to   space 21824K,   0% used [0x00000007a6ab0000, 0x00000007a6ab0000, 0x00000007a8000000)
 concurrent mark-sweep generation total 393216K, used 28441K [0x00000007a8000000, 0x00000007c0000000, 0x00000007c0000000)
 Metaspace       used 29124K, capacity 29460K, committed 29820K, reserved 1075200K
  class space    used 3362K, capacity 3451K, committed 3452K, reserved 1048576K
2016-02-28T18:27:19.391-0530: 1244.964: [GC (Allocation Failure) 1244.964: [ParNew
Desired survivor size 20112992 bytes, new threshold 8 (max 8)
- age   1:    6003384 bytes,    6003384 total
- age   2:    2825888 bytes,    8829272 total
- age   3:    1455160 bytes,   10284432 total
- age   4:        416 bytes,   10284848 total
- age   5:    2582904 bytes,   12867752 total
- age   6:     372800 bytes,   13240552 total
- age   7:    1339432 bytes,   14579984 total
- age   8:     982264 bytes,   15562248 total
: 106684K->21278K(109248K), 0.0078503 secs] 135126K->50499K(502464K), 0.0079035 secs] [Times: user=0.02 sys=0.00, real=0.00 secs] 
Heap after GC invocations=17 (full 1):
 par new generation   total 109248K, used 21278K [0x00000007a0000000, 0x00000007a8000000, 0x00000007a8000000)
  eden space 87424K,   0% used [0x00000007a0000000, 0x00000007a0000000, 0x00000007a5560000)
  from space 21824K,  97% used [0x00000007a6ab0000, 0x00000007a7f778d8, 0x00000007a8000000)
  to   space 21824K,   0% used [0x00000007a5560000, 0x00000007a5560000, 0x00000007a6ab0000)
 concurrent mark-sweep generation total 393216K, used 29221K [0x00000007a8000000, 0x00000007c0000000, 0x00000007c0000000)
 Metaspace       used 29124K, capacity 29460K, committed 29820K, reserved 1075200K
  class space    used 3362K, capacity 3451K, committed 3452K, reserved 1048576K
}
2016-02-28T18:27:19.399-0530: 1244.972: Total time for which application threads were stopped: 0.0080917 seconds
2016-02-28T18:27:20.404-0530: 1245.977: Total time for which application threads were stopped: 0.0000910 seconds
{Heap before GC invocations=17 (full 1):
 par new generation   total 109248K, used 108702K [0x00000007a0000000, 0x00000007a8000000, 0x00000007a8000000)
  eden space 87424K, 100% used [0x00000007a0000000, 0x00000007a5560000, 0x00000007a5560000)
  from space 21824K,  97% used [0x00000007a6ab0000, 0x00000007a7f778d8, 0x00000007a8000000)
  to   space 21824K,   0% used [0x00000007a5560000, 0x00000007a5560000, 0x00000007a6ab0000)
 concurrent mark-sweep generation total 393216K, used 29221K [0x00000007a8000000, 0x00000007c0000000, 0x00000007c0000000)
 Metaspace       used 29131K, capacity 29460K, committed 29820K, reserved 1075200K
  class space    used 3362K, capacity 3451K, committed 3452K, reserved 1048576K
2016-02-28T18:27:24.214-0530: 1249.787: [GC (Allocation Failure) 1249.787: [ParNew
Desired survivor size 20112992 bytes, new threshold 8 (max 8)
- age   1:    5950320 bytes,    5950320 total
- age   2:    2756960 bytes,    8707280 total
- age   3:    2756496 bytes,   11463776 total
- age   4:    1388176 bytes,   12851952 total
- age   5:        416 bytes,   12852368 total
- age   6:    2582832 bytes,   15435200 total
- age   7:     372800 bytes,   15808000 total
- age   8:    1339432 bytes,   17147432 total
: 108702K->19083K(109248K), 0.0083271 secs] 137923K->49265K(502464K), 0.0084106 secs] [Times: user=0.02 sys=0.01, real=0.01 secs] 
Heap after GC invocations=18 (full 1):
 par new generation   total 109248K, used 19083K [0x00000007a0000000, 0x00000007a8000000, 0x00000007a8000000)
  eden space 87424K,   0% used [0x00000007a0000000, 0x00000007a0000000, 0x00000007a5560000)
  from space 21824K,  87% used [0x00000007a5560000, 0x00000007a6802eb0, 0x00000007a6ab0000)
  to   space 21824K,   0% used [0x00000007a6ab0000, 0x00000007a6ab0000, 0x00000007a8000000)
 concurrent mark-sweep generation total 393216K, used 30181K [0x00000007a8000000, 0x00000007c0000000, 0x00000007c0000000)
 Metaspace       used 29131K, capacity 29460K, committed 29820K, reserved 1075200K
  class space    used 3362K, capacity 3451K, committed 3452K, reserved 1048576K
}
2016-02-28T18:27:24.222-0530: 1249.796: Total time for which application threads were stopped: 0.0085953 seconds
2016-02-28T18:27:25.227-0530: 1250.800: Total time for which application threads were stopped: 0.0001169 seconds
{Heap before GC invocations=18 (full 1):
 par new generation   total 109248K, used 106507K [0x00000007a0000000, 0x00000007a8000000, 0x00000007a8000000)
  eden space 87424K, 100% used [0x00000007a0000000, 0x00000007a5560000, 0x00000007a5560000)
  from space 21824K,  87% used [0x00000007a5560000, 0x00000007a6802eb0, 0x00000007a6ab0000)
  to   space 21824K,   0% used [0x00000007a6ab0000, 0x00000007a6ab0000, 0x00000007a8000000)
 concurrent mark-sweep generation total 393216K, used 30181K [0x00000007a8000000, 0x00000007c0000000, 0x00000007c0000000)
 Metaspace       used 29136K, capacity 29460K, committed 29820K, reserved 1075200K
  class space    used 3362K, capacity 3451K, committed 3452K, reserved 1048576K
2016-02-28T18:27:30.037-0530: 1255.610: [GC (Allocation Failure) 1255.623: [ParNew
Desired survivor size 20112992 bytes, new threshold 8 (max 8)
- age   1:    5983800 bytes,    5983800 total
- age   2:    2693256 bytes,    8677056 total
- age   3:    1505088 bytes,   10182144 total
- age   4:    2755864 bytes,   12938008 total
- age   5:    1387928 bytes,   14325936 total
- age   6:        416 bytes,   14326352 total
- age   7:    2582624 bytes,   16908976 total
- age   8:     372712 bytes,   17281688 total
: 106507K->21824K(109248K), 0.0097759 secs] 136689K->54640K(502464K), 0.0221482 secs] [Times: user=0.03 sys=0.00, real=0.02 secs] 
Heap after GC invocations=19 (full 1):
 par new generation   total 109248K, used 21824K [0x00000007a0000000, 0x00000007a8000000, 0x00000007a8000000)
  eden space 87424K,   0% used [0x00000007a0000000, 0x00000007a0000000, 0x00000007a5560000)
  from space 21824K, 100% used [0x00000007a6ab0000, 0x00000007a8000000, 0x00000007a8000000)
  to   space 21824K,   0% used [0x00000007a5560000, 0x00000007a5560000, 0x00000007a6ab0000)
 concurrent mark-sweep generation total 393216K, used 32816K [0x00000007a8000000, 0x00000007c0000000, 0x00000007c0000000)
 Metaspace       used 29136K, capacity 29460K, committed 29820K, reserved 1075200K
  class space    used 3362K, capacity 3451K, committed 3452K, reserved 1048576K
}
2016-02-28T18:27:30.059-0530: 1255.632: Total time for which application threads were stopped: 0.0223680 seconds
2016-02-28T18:27:30.201-0530: 1255.775: Total time for which application threads were stopped: 0.0001077 seconds
2016-02-28T18:27:30.202-0530: 1255.775: Total time for which application threads were stopped: 0.0000519 seconds
2016-02-28T18:27:30.202-0530: 1255.775: Total time for which application threads were stopped: 0.0000529 seconds
2016-02-28T18:27:30.202-0530: 1255.775: Total time for which application threads were stopped: 0.0000386 seconds
2016-02-28T18:27:30.202-0530: 1255.775: Total time for which application threads were stopped: 0.0000412 seconds
2016-02-28T18:27:30.203-0530: 1255.776: Total time for which application threads were stopped: 0.0000637 seconds
2016-02-28T18:27:30.203-0530: 1255.776: Total time for which application threads were stopped: 0.0000595 seconds
2016-02-28T18:27:30.203-0530: 1255.776: Total time for which application threads were stopped: 0.0000403 seconds
2016-02-28T18:27:30.203-0530: 1255.776: Total time for which application threads were stopped: 0.0000381 seconds
2016-02-28T18:27:30.232-0530: 1255.806: Total time for which application threads were stopped: 0.0001484 seconds
2016-02-28T18:27:30.232-0530: 1255.806: Total time for which application threads were stopped: 0.0001497 seconds
2016-02-28T18:27:30.233-0530: 1255.806: Total time for which application threads were stopped: 0.0001422 seconds
2016-02-28T18:27:36.245-0530: 1261.819: Total time for which application threads were stopped: 0.0001040 seconds
{Heap before GC invocations=19 (full 1):
 par new generation   total 109248K, used 109247K [0x00000007a0000000, 0x00000007a8000000, 0x00000007a8000000)
  eden space 87424K,  99% used [0x00000007a0000000, 0x00000007a555fce8, 0x00000007a5560000)
  from space 21824K, 100% used [0x00000007a6ab0000, 0x00000007a8000000, 0x00000007a8000000)
  to   space 21824K,   0% used [0x00000007a5560000, 0x00000007a5560000, 0x00000007a6ab0000)
 concurrent mark-sweep generation total 393216K, used 32816K [0x00000007a8000000, 0x00000007c0000000, 0x00000007c0000000)
 Metaspace       used 29145K, capacity 29460K, committed 29820K, reserved 1075200K
  class space    used 3362K, capacity 3451K, committed 3452K, reserved 1048576K
2016-02-28T18:27:37.096-0530: 1262.669: [GC (Allocation Failure) 1262.669: [ParNew
Desired survivor size 20112992 bytes, new threshold 8 (max 8)
- age   1:    5808120 bytes,    5808120 total
- age   2:    2685280 bytes,    8493400 total
- age   3:    2692880 bytes,   11186280 total
- age   4:    1437888 bytes,   12624168 total
- age   5:    2640544 bytes,   15264712 total
- age   6:     579728 bytes,   15844440 total
- age   7:        416 bytes,   15844856 total
- age   8:    2582480 bytes,   18427336 total
: 109247K->21824K(109248K), 0.0089190 secs] 142064K->55921K(502464K), 0.0089714 secs] [Times: user=0.02 sys=0.01, real=0.01 secs] 
Heap after GC invocations=20 (full 1):
 par new generation   total 109248K, used 21824K [0x00000007a0000000, 0x00000007a8000000, 0x00000007a8000000)
  eden space 87424K,   0% used [0x00000007a0000000, 0x00000007a0000000, 0x00000007a5560000)
  from space 21824K, 100% used [0x00000007a5560000, 0x00000007a6ab0000, 0x00000007a6ab0000)
  to   space 21824K,   0% used [0x00000007a6ab0000, 0x00000007a6ab0000, 0x00000007a8000000)
 concurrent mark-sweep generation total 393216K, used 34097K [0x00000007a8000000, 0x00000007c0000000, 0x00000007c0000000)
 Metaspace       used 29145K, capacity 29460K, committed 29820K, reserved 1075200K
  class space    used 3362K, capacity 3451K, committed 3452K, reserved 1048576K
}
2016-02-28T18:27:37.105-0530: 1262.678: Total time for which application threads were stopped: 0.0091514 seconds
2016-02-28T18:27:37.311-0530: 1262.885: Total time for which application threads were stopped: 0.0001018 seconds
2016-02-28T18:27:37.312-0530: 1262.886: Total time for which application threads were stopped: 0.0001036 seconds
2016-02-28T18:27:37.427-0530: 1263.001: Total time for which application threads were stopped: 0.0001459 seconds
2016-02-28T18:27:37.427-0530: 1263.001: Total time for which application threads were stopped: 0.0001370 seconds
2016-02-28T18:27:37.428-0530: 1263.001: Total time for which application threads were stopped: 0.0000915 seconds
2016-02-28T18:27:38.432-0530: 1264.005: Total time for which application threads were stopped: 0.0000983 seconds
{Heap before GC invocations=20 (full 1):
 par new generation   total 109248K, used 109247K [0x00000007a0000000, 0x00000007a8000000, 0x00000007a8000000)
  eden space 87424K,  99% used [0x00000007a0000000, 0x00000007a555ff60, 0x00000007a5560000)
  from space 21824K, 100% used [0x00000007a5560000, 0x00000007a6ab0000, 0x00000007a6ab0000)
  to   space 21824K,   0% used [0x00000007a6ab0000, 0x00000007a6ab0000, 0x00000007a8000000)
 concurrent mark-sweep generation total 393216K, used 34097K [0x00000007a8000000, 0x00000007c0000000, 0x00000007c0000000)
 Metaspace       used 29165K, capacity 29460K, committed 29820K, reserved 1075200K
  class space    used 3362K, capacity 3451K, committed 3452K, reserved 1048576K
2016-02-28T18:27:42.402-0530: 1267.976: [GC (Allocation Failure) 1267.976: [ParNew
Desired survivor size 20112992 bytes, new threshold 8 (max 8)
- age   1:    5263136 bytes,    5263136 total
- age   2:    2938624 bytes,    8201760 total
- age   3:    2684768 bytes,   10886528 total
- age   4:    2625824 bytes,   13512352 total
- age   5:    1437888 bytes,   14950240 total
- age   6:    2640544 bytes,   17590784 total
- age   7:     579728 bytes,   18170512 total
- age   8:        416 bytes,   18170928 total
: 109247K->21824K(109248K), 0.0095780 secs] 143344K->58444K(502464K), 0.0096604 secs] [Times: user=0.02 sys=0.01, real=0.01 secs] 
Heap after GC invocations=21 (full 1):
 par new generation   total 109248K, used 21824K [0x00000007a0000000, 0x00000007a8000000, 0x00000007a8000000)
  eden space 87424K,   0% used [0x00000007a0000000, 0x00000007a0000000, 0x00000007a5560000)
  from space 21824K, 100% used [0x00000007a6ab0000, 0x00000007a8000000, 0x00000007a8000000)
  to   space 21824K,   0% used [0x00000007a5560000, 0x00000007a5560000, 0x00000007a6ab0000)
 concurrent mark-sweep generation total 393216K, used 36620K [0x00000007a8000000, 0x00000007c0000000, 0x00000007c0000000)
 Metaspace       used 29165K, capacity 29460K, committed 29820K, reserved 1075200K
  class space    used 3362K, capacity 3451K, committed 3452K, reserved 1048576K
}
2016-02-28T18:27:42.412-0530: 1267.986: Total time for which application threads were stopped: 0.0098408 seconds
2016-02-28T18:27:42.686-0530: 1268.260: Total time for which application threads were stopped: 0.0000909 seconds
2016-02-28T18:27:42.687-0530: 1268.261: Total time for which application threads were stopped: 0.0001330 seconds
2016-02-28T18:27:42.724-0530: 1268.298: Total time for which application threads were stopped: 0.0001274 seconds
2016-02-28T18:27:42.724-0530: 1268.298: Total time for which application threads were stopped: 0.0000554 seconds
2016-02-28T18:27:42.724-0530: 1268.298: Total time for which application threads were stopped: 0.0000520 seconds
{Heap before GC invocations=21 (full 1):
 par new generation   total 109248K, used 109235K [0x00000007a0000000, 0x00000007a8000000, 0x00000007a8000000)
  eden space 87424K,  99% used [0x00000007a0000000, 0x00000007a555cfa8, 0x00000007a5560000)
  from space 21824K, 100% used [0x00000007a6ab0000, 0x00000007a8000000, 0x00000007a8000000)
  to   space 21824K,   0% used [0x00000007a5560000, 0x00000007a5560000, 0x00000007a6ab0000)
 concurrent mark-sweep generation total 393216K, used 36620K [0x00000007a8000000, 0x00000007c0000000, 0x00000007c0000000)
 Metaspace       used 29177K, capacity 29460K, committed 29820K, reserved 1075200K
  class space    used 3362K, capacity 3451K, committed 3452K, reserved 1048576K
2016-02-28T18:27:47.685-0530: 1273.260: [GC (Allocation Failure) 1273.260: [ParNew
Desired survivor size 20112992 bytes, new threshold 8 (max 8)
- age   1:    4609072 bytes,    4609072 total
- age   2:    2892832 bytes,    7501904 total
- age   3:    2937792 bytes,   10439696 total
- age   4:    2617712 bytes,   13057408 total
- age   5:    2625800 bytes,   15683208 total
- age   6:    1437888 bytes,   17121096 total
- age   7:    2640544 bytes,   19761640 total
- age   8:     579728 bytes,   20341368 total
: 109235K->21824K(109248K), 0.0078552 secs] 145856K->59004K(502464K), 0.0079213 secs] [Times: user=0.02 sys=0.01, real=0.01 secs] 
Heap after GC invocations=22 (full 1):
 par new generation   total 109248K, used 21824K [0x00000007a0000000, 0x00000007a8000000, 0x00000007a8000000)
  eden space 87424K,   0% used [0x00000007a0000000, 0x00000007a0000000, 0x00000007a5560000)
  from space 21824K, 100% used [0x00000007a5560000, 0x00000007a6ab0000, 0x00000007a6ab0000)
  to   space 21824K,   0% used [0x00000007a6ab0000, 0x00000007a6ab0000, 0x00000007a8000000)
 concurrent mark-sweep generation total 393216K, used 37180K [0x00000007a8000000, 0x00000007c0000000, 0x00000007c0000000)
 Metaspace       used 29177K, capacity 29460K, committed 29820K, reserved 1075200K
  class space    used 3362K, capacity 3451K, committed 3452K, reserved 1048576K
}
2016-02-28T18:27:47.693-0530: 1273.267: Total time for which application threads were stopped: 0.0081109 seconds
2016-02-28T18:27:47.992-0530: 1273.566: Total time for which application threads were stopped: 0.0001803 seconds
2016-02-28T18:27:47.992-0530: 1273.566: Total time for which application threads were stopped: 0.0000975 seconds
2016-02-28T18:27:48.993-0530: 1274.567: Total time for which application threads were stopped: 0.0001424 seconds
2016-02-28T18:27:55.000-0530: 1280.574: Total time for which application threads were stopped: 0.0001851 seconds
{Heap before GC invocations=22 (full 1):
 par new generation   total 109248K, used 109248K [0x00000007a0000000, 0x00000007a8000000, 0x00000007a8000000)
  eden space 87424K, 100% used [0x00000007a0000000, 0x00000007a5560000, 0x00000007a5560000)
  from space 21824K, 100% used [0x00000007a5560000, 0x00000007a6ab0000, 0x00000007a6ab0000)
  to   space 21824K,   0% used [0x00000007a6ab0000, 0x00000007a6ab0000, 0x00000007a8000000)
 concurrent mark-sweep generation total 393216K, used 37180K [0x00000007a8000000, 0x00000007c0000000, 0x00000007c0000000)
 Metaspace       used 29196K, capacity 29460K, committed 29820K, reserved 1075200K
  class space    used 3362K, capacity 3451K, committed 3452K, reserved 1048576K
2016-02-28T18:27:55.154-0530: 1280.728: [GC (Allocation Failure) 1280.747: [ParNew
Desired survivor size 20112992 bytes, new threshold 8 (max 8)
- age   1:    4038976 bytes,    4038976 total
- age   2:    2724536 bytes,    6763512 total
- age   3:    2890896 bytes,    9654408 total
- age   4:    2863952 bytes,   12518360 total
- age   5:    2614824 bytes,   15133184 total
- age   6:    2049368 bytes,   17182552 total
- age   7:    1434264 bytes,   18616816 total
- age   8:    2003392 bytes,   20620208 total
: 109248K->21824K(109248K), 0.0115357 secs] 146428K->61548K(502464K), 0.0302933 secs] [Times: user=0.02 sys=0.00, real=0.03 secs] 
Heap after GC invocations=23 (full 1):
 par new generation   total 109248K, used 21824K [0x00000007a0000000, 0x00000007a8000000, 0x00000007a8000000)
  eden space 87424K,   0% used [0x00000007a0000000, 0x00000007a0000000, 0x00000007a5560000)
  from space 21824K, 100% used [0x00000007a6ab0000, 0x00000007a8000000, 0x00000007a8000000)
  to   space 21824K,   0% used [0x00000007a5560000, 0x00000007a5560000, 0x00000007a6ab0000)
 concurrent mark-sweep generation total 393216K, used 39724K [0x00000007a8000000, 0x00000007c0000000, 0x00000007c0000000)
 Metaspace       used 29196K, capacity 29460K, committed 29820K, reserved 1075200K
  class space    used 3362K, capacity 3451K, committed 3452K, reserved 1048576K
}
2016-02-28T18:27:55.184-0530: 1280.758: Total time for which application threads were stopped: 0.0304695 seconds
2016-02-28T18:27:55.184-0530: 1280.759: Total time for which application threads were stopped: 0.0002287 seconds
2016-02-28T18:27:55.501-0530: 1281.075: Total time for which application threads were stopped: 0.0000924 seconds
2016-02-28T18:27:55.501-0530: 1281.075: Total time for which application threads were stopped: 0.0000603 seconds
2016-02-28T18:27:55.501-0530: 1281.076: Total time for which application threads were stopped: 0.0000541 seconds
2016-02-28T18:27:55.501-0530: 1281.076: Total time for which application threads were stopped: 0.0000425 seconds
2016-02-28T18:27:55.507-0530: 1281.081: Total time for which application threads were stopped: 0.0001605 seconds
2016-02-28T18:27:55.527-0530: 1281.101: Total time for which application threads were stopped: 0.0001795 seconds
2016-02-28T18:27:55.578-0530: 1281.153: Total time for which application threads were stopped: 0.0323357 seconds
2016-02-28T18:27:55.578-0530: 1281.153: Total time for which application threads were stopped: 0.0001512 seconds
2016-02-28T18:27:55.579-0530: 1281.153: Total time for which application threads were stopped: 0.0001074 seconds
2016-02-28T18:27:56.455-0530: 1282.029: Total time for which application threads were stopped: 0.0001368 seconds
2016-02-28T18:27:56.461-0530: 1282.036: Total time for which application threads were stopped: 0.0001135 seconds
2016-02-28T18:27:56.468-0530: 1282.043: Total time for which application threads were stopped: 0.0001394 seconds
2016-02-28T18:27:56.719-0530: 1282.293: Total time for which application threads were stopped: 0.0001163 seconds
2016-02-28T18:27:56.724-0530: 1282.298: Total time for which application threads were stopped: 0.0000926 seconds
2016-02-28T18:27:56.729-0530: 1282.303: Total time for which application threads were stopped: 0.0000940 seconds
2016-02-28T18:27:56.736-0530: 1282.311: Total time for which application threads were stopped: 0.0000926 seconds
2016-02-28T18:27:56.740-0530: 1282.315: Total time for which application threads were stopped: 0.0000956 seconds
2016-02-28T18:27:56.799-0530: 1282.373: Total time for which application threads were stopped: 0.0001247 seconds
2016-02-28T18:27:57.558-0530: 1283.133: Total time for which application threads were stopped: 0.0001654 seconds
2016-02-28T18:27:57.558-0530: 1283.133: Total time for which application threads were stopped: 0.0000761 seconds
2016-02-28T18:27:57.559-0530: 1283.134: Total time for which application threads were stopped: 0.0001503 seconds
{Heap before GC invocations=23 (full 1):
 par new generation   total 109248K, used 109248K [0x00000007a0000000, 0x00000007a8000000, 0x00000007a8000000)
  eden space 87424K, 100% used [0x00000007a0000000, 0x00000007a5560000, 0x00000007a5560000)
  from space 21824K, 100% used [0x00000007a6ab0000, 0x00000007a8000000, 0x00000007a8000000)
  to   space 21824K,   0% used [0x00000007a5560000, 0x00000007a5560000, 0x00000007a6ab0000)
 concurrent mark-sweep generation total 393216K, used 39724K [0x00000007a8000000, 0x00000007c0000000, 0x00000007c0000000)
 Metaspace       used 29215K, capacity 29524K, committed 29820K, reserved 1075200K
  class space    used 3363K, capacity 3451K, committed 3452K, reserved 1048576K
2016-02-28T18:27:57.801-0530: 1283.375: [GC (Allocation Failure) 1283.375: [ParNew
Desired survivor size 20112992 bytes, new threshold 8 (max 8)
- age   1:    2935256 bytes,    2935256 total
- age   2:    3222808 bytes,    6158064 total
- age   3:    2720704 bytes,    8878768 total
- age   4:    2428640 bytes,   11307408 total
- age   5:    2032704 bytes,   13340112 total
- age   6:    2527416 bytes,   15867528 total
- age   7:    2049056 bytes,   17916584 total
- age   8:    1433928 bytes,   19350512 total
: 109248K->21824K(109248K), 0.0090600 secs] 148972K->65237K(502464K), 0.0091443 secs] [Times: user=0.02 sys=0.00, real=0.01 secs] 
Heap after GC invocations=24 (full 1):
 par new generation   total 109248K, used 21824K [0x00000007a0000000, 0x00000007a8000000, 0x00000007a8000000)
  eden space 87424K,   0% used [0x00000007a0000000, 0x00000007a0000000, 0x00000007a5560000)
  from space 21824K, 100% used [0x00000007a5560000, 0x00000007a6ab0000, 0x00000007a6ab0000)
  to   space 21824K,   0% used [0x00000007a6ab0000, 0x00000007a6ab0000, 0x00000007a8000000)
 concurrent mark-sweep generation total 393216K, used 43413K [0x00000007a8000000, 0x00000007c0000000, 0x00000007c0000000)
 Metaspace       used 29215K, capacity 29524K, committed 29820K, reserved 1075200K
  class space    used 3363K, capacity 3451K, committed 3452K, reserved 1048576K
}
2016-02-28T18:27:57.810-0530: 1283.385: Total time for which application threads were stopped: 0.0094024 seconds
2016-02-28T18:27:58.810-0530: 1284.385: Total time for which application threads were stopped: 0.0001113 seconds
{Heap before GC invocations=24 (full 1):
 par new generation   total 109248K, used 109248K [0x00000007a0000000, 0x00000007a8000000, 0x00000007a8000000)
  eden space 87424K, 100% used [0x00000007a0000000, 0x00000007a5560000, 0x00000007a5560000)
  from space 21824K, 100% used [0x00000007a5560000, 0x00000007a6ab0000, 0x00000007a6ab0000)
  to   space 21824K,   0% used [0x00000007a6ab0000, 0x00000007a6ab0000, 0x00000007a8000000)
 concurrent mark-sweep generation total 393216K, used 43413K [0x00000007a8000000, 0x00000007c0000000, 0x00000007c0000000)
 Metaspace       used 29217K, capacity 29524K, committed 29820K, reserved 1075200K
  class space    used 3363K, capacity 3451K, committed 3452K, reserved 1048576K
2016-02-28T18:28:02.345-0530: 1287.919: [GC (Allocation Failure) 1287.919: [ParNew
Desired survivor size 20112992 bytes, new threshold 8 (max 8)
- age   1:     944616 bytes,     944616 total
- age   2:    2567936 bytes,    3512552 total
- age   3:    3220944 bytes,    6733496 total
- age   4:    2719512 bytes,    9453008 total
- age   5:    2427960 bytes,   11880968 total
- age   6:    2031480 bytes,   13912448 total
- age   7:    2526632 bytes,   16439080 total
- age   8:    1354120 bytes,   17793200 total
: 109248K->21824K(109248K), 0.0093678 secs] 152661K->67353K(502464K), 0.0094253 secs] [Times: user=0.02 sys=0.01, real=0.01 secs] 
Heap after GC invocations=25 (full 1):
 par new generation   total 109248K, used 21824K [0x00000007a0000000, 0x00000007a8000000, 0x00000007a8000000)
  eden space 87424K,   0% used [0x00000007a0000000, 0x00000007a0000000, 0x00000007a5560000)
  from space 21824K, 100% used [0x00000007a6ab0000, 0x00000007a8000000, 0x00000007a8000000)
  to   space 21824K,   0% used [0x00000007a5560000, 0x00000007a5560000, 0x00000007a6ab0000)
 concurrent mark-sweep generation total 393216K, used 45529K [0x00000007a8000000, 0x00000007c0000000, 0x00000007c0000000)
 Metaspace       used 29217K, capacity 29524K, committed 29820K, reserved 1075200K
  class space    used 3363K, capacity 3451K, committed 3452K, reserved 1048576K
}
2016-02-28T18:28:02.354-0530: 1287.929: Total time for which application threads were stopped: 0.0096294 seconds
2016-02-28T18:28:02.729-0530: 1288.304: Total time for which application threads were stopped: 0.0001813 seconds
2016-02-28T18:28:02.729-0530: 1288.304: Total time for which application threads were stopped: 0.0000834 seconds
2016-02-28T18:28:02.730-0530: 1288.304: Total time for which application threads were stopped: 0.0000663 seconds
2016-02-28T18:28:03.735-0530: 1289.309: Total time for which application threads were stopped: 0.0000999 seconds
{Heap before GC invocations=25 (full 1):
 par new generation   total 109248K, used 109248K [0x00000007a0000000, 0x00000007a8000000, 0x00000007a8000000)
  eden space 87424K, 100% used [0x00000007a0000000, 0x00000007a5560000, 0x00000007a5560000)
  from space 21824K, 100% used [0x00000007a6ab0000, 0x00000007a8000000, 0x00000007a8000000)
  to   space 21824K,   0% used [0x00000007a5560000, 0x00000007a5560000, 0x00000007a6ab0000)
 concurrent mark-sweep generation total 393216K, used 45529K [0x00000007a8000000, 0x00000007c0000000, 0x00000007c0000000)
 Metaspace       used 29237K, capacity 29536K, committed 29948K, reserved 1075200K
  class space    used 3364K, capacity 3453K, committed 3580K, reserved 1048576K
2016-02-28T18:28:07.447-0530: 1293.022: [GC (Allocation Failure) 1293.022: [ParNew
Desired survivor size 20112992 bytes, new threshold 8 (max 8)
- age   1:    3910088 bytes,    3910088 total
- age   2:     232648 bytes,    4142736 total
- age   3:    2554840 bytes,    6697576 total
- age   4:    3212272 bytes,    9909848 total
- age   5:    2710392 bytes,   12620240 total
- age   6:    2419032 bytes,   15039272 total
- age   7:    1477256 bytes,   16516528 total
- age   8:    2301728 bytes,   18818256 total
: 109248K->21824K(109248K), 0.0083010 secs] 154777K->69420K(502464K), 0.0083727 secs] [Times: user=0.03 sys=0.00, real=0.01 secs] 
Heap after GC invocations=26 (full 1):
 par new generation   total 109248K, used 21824K [0x00000007a0000000, 0x00000007a8000000, 0x00000007a8000000)
  eden space 87424K,   0% used [0x00000007a0000000, 0x00000007a0000000, 0x00000007a5560000)
  from space 21824K, 100% used [0x00000007a5560000, 0x00000007a6ab0000, 0x00000007a6ab0000)
  to   space 21824K,   0% used [0x00000007a6ab0000, 0x00000007a6ab0000, 0x00000007a8000000)
 concurrent mark-sweep generation total 393216K, used 47596K [0x00000007a8000000, 0x00000007c0000000, 0x00000007c0000000)
 Metaspace       used 29237K, capacity 29536K, committed 29948K, reserved 1075200K
  class space    used 3364K, capacity 3453K, committed 3580K, reserved 1048576K
}
2016-02-28T18:28:07.455-0530: 1293.030: Total time for which application threads were stopped: 0.0085938 seconds
2016-02-28T18:28:08.459-0530: 1294.033: Total time for which application threads were stopped: 0.0000976 seconds
{Heap before GC invocations=26 (full 1):
 par new generation   total 109248K, used 109248K [0x00000007a0000000, 0x00000007a8000000, 0x00000007a8000000)
  eden space 87424K, 100% used [0x00000007a0000000, 0x00000007a5560000, 0x00000007a5560000)
  from space 21824K, 100% used [0x00000007a5560000, 0x00000007a6ab0000, 0x00000007a6ab0000)
  to   space 21824K,   0% used [0x00000007a6ab0000, 0x00000007a6ab0000, 0x00000007a8000000)
 concurrent mark-sweep generation total 393216K, used 47596K [0x00000007a8000000, 0x00000007c0000000, 0x00000007c0000000)
 Metaspace       used 29257K, capacity 29600K, committed 29948K, reserved 1075200K
  class space    used 3364K, capacity 3453K, committed 3580K, reserved 1048576K
2016-02-28T18:28:12.348-0530: 1297.923: [GC (Allocation Failure) 1297.923: [ParNew
Desired survivor size 20112992 bytes, new threshold 8 (max 8)
- age   1:    4213744 bytes,    4213744 total
- age   2:    2718152 bytes,    6931896 total
- age   3:     165656 bytes,    7097552 total
- age   4:    2549056 bytes,    9646608 total
- age   5:    3211968 bytes,   12858576 total
- age   6:    2709512 bytes,   15568088 total
- age   7:    2112472 bytes,   17680560 total
- age   8:     825760 bytes,   18506320 total
: 109248K->21824K(109248K), 0.0090814 secs] 156844K->72742K(502464K), 0.0091359 secs] [Times: user=0.02 sys=0.00, real=0.01 secs] 
Heap after GC invocations=27 (full 1):
 par new generation   total 109248K, used 21824K [0x00000007a0000000, 0x00000007a8000000, 0x00000007a8000000)
  eden space 87424K,   0% used [0x00000007a0000000, 0x00000007a0000000, 0x00000007a5560000)
  from space 21824K, 100% used [0x00000007a6ab0000, 0x00000007a8000000, 0x00000007a8000000)
  to   space 21824K,   0% used [0x00000007a5560000, 0x00000007a5560000, 0x00000007a6ab0000)
 concurrent mark-sweep generation total 393216K, used 50918K [0x00000007a8000000, 0x00000007c0000000, 0x00000007c0000000)
 Metaspace       used 29257K, capacity 29600K, committed 29948K, reserved 1075200K
  class space    used 3364K, capacity 3453K, committed 3580K, reserved 1048576K
}
2016-02-28T18:28:12.357-0530: 1297.932: Total time for which application threads were stopped: 0.0093273 seconds
2016-02-28T18:28:13.360-0530: 1298.935: Total time for which application threads were stopped: 0.0000891 seconds
{Heap before GC invocations=27 (full 1):
 par new generation   total 109248K, used 109248K [0x00000007a0000000, 0x00000007a8000000, 0x00000007a8000000)
  eden space 87424K, 100% used [0x00000007a0000000, 0x00000007a5560000, 0x00000007a5560000)
  from space 21824K, 100% used [0x00000007a6ab0000, 0x00000007a8000000, 0x00000007a8000000)
  to   space 21824K,   0% used [0x00000007a5560000, 0x00000007a5560000, 0x00000007a6ab0000)
 concurrent mark-sweep generation total 393216K, used 50918K [0x00000007a8000000, 0x00000007c0000000, 0x00000007c0000000)
 Metaspace       used 29270K, capacity 29600K, committed 29948K, reserved 1075200K
  class space    used 3364K, capacity 3453K, committed 3580K, reserved 1048576K
2016-02-28T18:28:17.342-0530: 1302.918: [GC (Allocation Failure) 1302.918: [ParNew
Desired survivor size 20112992 bytes, new threshold 8 (max 8)
- age   1:    3377440 bytes,    3377440 total
- age   2:    2495264 bytes,    5872704 total
- age   3:     614768 bytes,    6487472 total
- age   4:     164224 bytes,    6651696 total
- age   5:    2539560 bytes,    9191256 total
- age   6:    2635584 bytes,   11826840 total
- age   7:    2708112 bytes,   14534952 total
- age   8:    2110472 bytes,   16645424 total
: 109248K->21824K(109248K), 0.0099239 secs] 160166K->77691K(502464K), 0.0099889 secs] [Times: user=0.02 sys=0.00, real=0.01 secs] 
Heap after GC invocations=28 (full 1):
 par new generation   total 109248K, used 21824K [0x00000007a0000000, 0x00000007a8000000, 0x00000007a8000000)
  eden space 87424K,   0% used [0x00000007a0000000, 0x00000007a0000000, 0x00000007a5560000)
  from space 21824K, 100% used [0x00000007a5560000, 0x00000007a6ab0000, 0x00000007a6ab0000)
  to   space 21824K,   0% used [0x00000007a6ab0000, 0x00000007a6ab0000, 0x00000007a8000000)
 concurrent mark-sweep generation total 393216K, used 55867K [0x00000007a8000000, 0x00000007c0000000, 0x00000007c0000000)
 Metaspace       used 29270K, capacity 29600K, committed 29948K, reserved 1075200K
  class space    used 3364K, capacity 3453K, committed 3580K, reserved 1048576K
}
2016-02-28T18:28:17.352-0530: 1302.928: Total time for which application threads were stopped: 0.0101810 seconds
2016-02-28T18:28:18.353-0530: 1303.928: Total time for which application threads were stopped: 0.0002598 seconds
{Heap before GC invocations=28 (full 1):
 par new generation   total 109248K, used 109248K [0x00000007a0000000, 0x00000007a8000000, 0x00000007a8000000)
  eden space 87424K, 100% used [0x00000007a0000000, 0x00000007a5560000, 0x00000007a5560000)
  from space 21824K, 100% used [0x00000007a5560000, 0x00000007a6ab0000, 0x00000007a6ab0000)
  to   space 21824K,   0% used [0x00000007a6ab0000, 0x00000007a6ab0000, 0x00000007a8000000)
 concurrent mark-sweep generation total 393216K, used 55867K [0x00000007a8000000, 0x00000007c0000000, 0x00000007c0000000)
 Metaspace       used 29275K, capacity 29600K, committed 29948K, reserved 1075200K
  class space    used 3364K, capacity 3453K, committed 3580K, reserved 1048576K
2016-02-28T18:28:23.291-0530: 1308.867: [GC (Allocation Failure) 1308.867: [ParNew
Desired survivor size 20112992 bytes, new threshold 8 (max 8)
- age   1:    6561920 bytes,    6561920 total
- age   2:    2916136 bytes,    9478056 total
- age   3:    2494432 bytes,   11972488 total
- age   4:     613896 bytes,   12586384 total
- age   5:     164224 bytes,   12750608 total
- age   6:    2539560 bytes,   15290168 total
- age   7:    2635512 bytes,   17925680 total
- age   8:    2707888 bytes,   20633568 total
: 109248K->21824K(109248K), 0.0088406 secs] 165115K->79752K(502464K), 0.0089025 secs] [Times: user=0.03 sys=0.00, real=0.01 secs] 
Heap after GC invocations=29 (full 1):
 par new generation   total 109248K, used 21824K [0x00000007a0000000, 0x00000007a8000000, 0x00000007a8000000)
  eden space 87424K,   0% used [0x00000007a0000000, 0x00000007a0000000, 0x00000007a5560000)
  from space 21824K, 100% used [0x00000007a6ab0000, 0x00000007a8000000, 0x00000007a8000000)
  to   space 21824K,   0% used [0x00000007a5560000, 0x00000007a5560000, 0x00000007a6ab0000)
 concurrent mark-sweep generation total 393216K, used 57928K [0x00000007a8000000, 0x00000007c0000000, 0x00000007c0000000)
 Metaspace       used 29275K, capacity 29600K, committed 29948K, reserved 1075200K
  class space    used 3364K, capacity 3453K, committed 3580K, reserved 1048576K
}
2016-02-28T18:28:23.300-0530: 1308.876: Total time for which application threads were stopped: 0.0090921 seconds
2016-02-28T18:28:23.479-0530: 1309.054: Total time for which application threads were stopped: 0.0000970 seconds
2016-02-28T18:28:23.479-0530: 1309.054: Total time for which application threads were stopped: 0.0001333 seconds
2016-02-28T18:28:23.479-0530: 1309.055: Total time for which application threads were stopped: 0.0000549 seconds
2016-02-28T18:28:23.479-0530: 1309.055: Total time for which application threads were stopped: 0.0001225 seconds
2016-02-28T18:28:23.480-0530: 1309.055: Total time for which application threads were stopped: 0.0000539 seconds
2016-02-28T18:28:23.480-0530: 1309.055: Total time for which application threads were stopped: 0.0000469 seconds
2016-02-28T18:28:23.502-0530: 1309.077: Total time for which application threads were stopped: 0.0003063 seconds
2016-02-28T18:28:23.502-0530: 1309.077: Total time for which application threads were stopped: 0.0001066 seconds
2016-02-28T18:28:23.502-0530: 1309.077: Total time for which application threads were stopped: 0.0000699 seconds
2016-02-28T18:28:24.503-0530: 1310.079: Total time for which application threads were stopped: 0.0000842 seconds
{Heap before GC invocations=29 (full 1):
 par new generation   total 109248K, used 109248K [0x00000007a0000000, 0x00000007a8000000, 0x00000007a8000000)
  eden space 87424K, 100% used [0x00000007a0000000, 0x00000007a5560000, 0x00000007a5560000)
  from space 21824K, 100% used [0x00000007a6ab0000, 0x00000007a8000000, 0x00000007a8000000)
  to   space 21824K,   0% used [0x00000007a5560000, 0x00000007a5560000, 0x00000007a6ab0000)
 concurrent mark-sweep generation total 393216K, used 57928K [0x00000007a8000000, 0x00000007c0000000, 0x00000007c0000000)
 Metaspace       used 29279K, capacity 29600K, committed 29948K, reserved 1075200K
  class space    used 3364K, capacity 3453K, committed 3580K, reserved 1048576K
2016-02-28T18:28:29.331-0530: 1314.907: [GC (Allocation Failure) 1314.922: [ParNew
Desired survivor size 20112992 bytes, new threshold 8 (max 8)
- age   1:    4884544 bytes,    4884544 total
- age   2:    4089776 bytes,    8974320 total
- age   3:    2916000 bytes,   11890320 total
- age   4:    2427352 bytes,   14317672 total
- age   5:     613896 bytes,   14931568 total
- age   6:     164224 bytes,   15095792 total
- age   7:    2539560 bytes,   17635352 total
- age   8:    2635360 bytes,   20270712 total
: 109248K->21824K(109248K), 0.0103771 secs] 167176K->82396K(502464K), 0.0251871 secs] [Times: user=0.03 sys=0.01, real=0.02 secs] 
Heap after GC invocations=30 (full 1):
 par new generation   total 109248K, used 21824K [0x00000007a0000000, 0x00000007a8000000, 0x00000007a8000000)
  eden space 87424K,   0% used [0x00000007a0000000, 0x00000007a0000000, 0x00000007a5560000)
  from space 21824K, 100% used [0x00000007a5560000, 0x00000007a6ab0000, 0x00000007a6ab0000)
  to   space 21824K,   0% used [0x00000007a6ab0000, 0x00000007a6ab0000, 0x00000007a8000000)
 concurrent mark-sweep generation total 393216K, used 60572K [0x00000007a8000000, 0x00000007c0000000, 0x00000007c0000000)
 Metaspace       used 29279K, capacity 29600K, committed 29948K, reserved 1075200K
  class space    used 3364K, capacity 3453K, committed 3580K, reserved 1048576K
}
2016-02-28T18:28:29.356-0530: 1314.932: Total time for which application threads were stopped: 0.0254126 seconds
2016-02-28T18:28:29.573-0530: 1315.149: Total time for which application threads were stopped: 0.0000956 seconds
2016-02-28T18:28:29.573-0530: 1315.149: Total time for which application threads were stopped: 0.0000866 seconds
2016-02-28T18:28:29.573-0530: 1315.149: Total time for which application threads were stopped: 0.0000757 seconds
2016-02-28T18:28:29.574-0530: 1315.149: Total time for which application threads were stopped: 0.0000645 seconds
2016-02-28T18:28:29.574-0530: 1315.149: Total time for which application threads were stopped: 0.0000786 seconds
2016-02-28T18:28:29.574-0530: 1315.150: Total time for which application threads were stopped: 0.0000823 seconds
2016-02-28T18:28:29.596-0530: 1315.172: Total time for which application threads were stopped: 0.0001337 seconds
2016-02-28T18:28:29.599-0530: 1315.175: Total time for which application threads were stopped: 0.0001112 seconds
2016-02-28T18:28:29.599-0530: 1315.175: Total time for which application threads were stopped: 0.0001628 seconds
2016-02-28T18:28:29.600-0530: 1315.175: Total time for which application threads were stopped: 0.0000785 seconds
{Heap before GC invocations=30 (full 1):
 par new generation   total 109248K, used 109235K [0x00000007a0000000, 0x00000007a8000000, 0x00000007a8000000)
  eden space 87424K,  99% used [0x00000007a0000000, 0x00000007a555ce68, 0x00000007a5560000)
  from space 21824K, 100% used [0x00000007a5560000, 0x00000007a6ab0000, 0x00000007a6ab0000)
  to   space 21824K,   0% used [0x00000007a6ab0000, 0x00000007a6ab0000, 0x00000007a8000000)
 concurrent mark-sweep generation total 393216K, used 60572K [0x00000007a8000000, 0x00000007c0000000, 0x00000007c0000000)
 Metaspace       used 29284K, capacity 29600K, committed 29948K, reserved 1075200K
  class space    used 3364K, capacity 3453K, committed 3580K, reserved 1048576K
2016-02-28T18:28:36.192-0530: 1321.768: [GC (Allocation Failure) 1321.768: [ParNew
Desired survivor size 20112992 bytes, new threshold 8 (max 8)
- age   1:    4259432 bytes,    4259432 total
- age   2:    2530040 bytes,    6789472 total
- age   3:    3842144 bytes,   10631616 total
- age   4:    2848944 bytes,   13480560 total
- age   5:    2427352 bytes,   15907912 total
- age   6:     613776 bytes,   16521688 total
- age   7:     164224 bytes,   16685912 total
- age   8:    2539560 bytes,   19225472 total
: 109235K->21824K(109248K), 0.0089702 secs] 169808K->85414K(502464K), 0.0090447 secs] [Times: user=0.02 sys=0.01, real=0.01 secs] 
Heap after GC invocations=31 (full 1):
 par new generation   total 109248K, used 21824K [0x00000007a0000000, 0x00000007a8000000, 0x00000007a8000000)
  eden space 87424K,   0% used [0x00000007a0000000, 0x00000007a0000000, 0x00000007a5560000)
  from space 21824K, 100% used [0x00000007a6ab0000, 0x00000007a8000000, 0x00000007a8000000)
  to   space 21824K,   0% used [0x00000007a5560000, 0x00000007a5560000, 0x00000007a6ab0000)
 concurrent mark-sweep generation total 393216K, used 63590K [0x00000007a8000000, 0x00000007c0000000, 0x00000007c0000000)
 Metaspace       used 29284K, capacity 29600K, committed 29948K, reserved 1075200K
  class space    used 3364K, capacity 3453K, committed 3580K, reserved 1048576K
}
2016-02-28T18:28:36.201-0530: 1321.777: Total time for which application threads were stopped: 0.0092663 seconds
2016-02-28T18:28:36.358-0530: 1321.934: Total time for which application threads were stopped: 0.0000848 seconds
2016-02-28T18:28:36.359-0530: 1321.935: Total time for which application threads were stopped: 0.0000731 seconds
2016-02-28T18:28:36.372-0530: 1321.948: Total time for which application threads were stopped: 0.0001417 seconds
2016-02-28T18:28:36.372-0530: 1321.948: Total time for which application threads were stopped: 0.0000648 seconds
2016-02-28T18:28:36.372-0530: 1321.948: Total time for which application threads were stopped: 0.0000586 seconds
2016-02-28T18:28:36.373-0530: 1321.949: Total time for which application threads were stopped: 0.0000955 seconds
2016-02-28T18:28:36.374-0530: 1321.950: Total time for which application threads were stopped: 0.0000843 seconds
2016-02-28T18:28:36.374-0530: 1321.950: Total time for which application threads were stopped: 0.0000711 seconds
2016-02-28T18:28:37.375-0530: 1322.951: Total time for which application threads were stopped: 0.0001809 seconds
2016-02-28T18:28:41.384-0530: 1326.961: Total time for which application threads were stopped: 0.0002798 seconds
{Heap before GC invocations=31 (full 1):
 par new generation   total 109248K, used 109248K [0x00000007a0000000, 0x00000007a8000000, 0x00000007a8000000)
  eden space 87424K, 100% used [0x00000007a0000000, 0x00000007a5560000, 0x00000007a5560000)
  from space 21824K, 100% used [0x00000007a6ab0000, 0x00000007a8000000, 0x00000007a8000000)
  to   space 21824K,   0% used [0x00000007a5560000, 0x00000007a5560000, 0x00000007a6ab0000)
 concurrent mark-sweep generation total 393216K, used 63590K [0x00000007a8000000, 0x00000007c0000000, 0x00000007c0000000)
 Metaspace       used 29293K, capacity 29600K, committed 29948K, reserved 1075200K
  class space    used 3364K, capacity 3453K, committed 3580K, reserved 1048576K
2016-02-28T18:28:41.522-0530: 1327.098: [GC (Allocation Failure) 1327.098: [ParNew
Desired survivor size 20112992 bytes, new threshold 8 (max 8)
- age   1:    4735344 bytes,    4735344 total
- age   2:    1850336 bytes,    6585680 total
- age   3:    1457616 bytes,    8043296 total
- age   4:    3574368 bytes,   11617664 total
- age   5:    2848944 bytes,   14466608 total
- age   6:    2427352 bytes,   16893960 total
- age   7:     612880 bytes,   17506840 total
- age   8:     164224 bytes,   17671064 total
: 109248K->21824K(109248K), 0.0092894 secs] 172838K->89427K(502464K), 0.0093534 secs] [Times: user=0.02 sys=0.00, real=0.01 secs] 
Heap after GC invocations=32 (full 1):
 par new generation   total 109248K, used 21824K [0x00000007a0000000, 0x00000007a8000000, 0x00000007a8000000)
  eden space 87424K,   0% used [0x00000007a0000000, 0x00000007a0000000, 0x00000007a5560000)
  from space 21824K, 100% used [0x00000007a5560000, 0x00000007a6ab0000, 0x00000007a6ab0000)
  to   space 21824K,   0% used [0x00000007a6ab0000, 0x00000007a6ab0000, 0x00000007a8000000)
 concurrent mark-sweep generation total 393216K, used 67603K [0x00000007a8000000, 0x00000007c0000000, 0x00000007c0000000)
 Metaspace       used 29293K, capacity 29600K, committed 29948K, reserved 1075200K
  class space    used 3364K, capacity 3453K, committed 3580K, reserved 1048576K
}
2016-02-28T18:28:41.531-0530: 1327.108: Total time for which application threads were stopped: 0.0095315 seconds
2016-02-28T18:28:42.535-0530: 1328.112: Total time for which application threads were stopped: 0.0001136 seconds
2016-02-28T18:28:47.551-0530: 1333.127: Total time for which application threads were stopped: 0.0002024 seconds
{Heap before GC invocations=32 (full 1):
 par new generation   total 109248K, used 109248K [0x00000007a0000000, 0x00000007a8000000, 0x00000007a8000000)
  eden space 87424K, 100% used [0x00000007a0000000, 0x00000007a5560000, 0x00000007a5560000)
  from space 21824K, 100% used [0x00000007a5560000, 0x00000007a6ab0000, 0x00000007a6ab0000)
  to   space 21824K,   0% used [0x00000007a6ab0000, 0x00000007a6ab0000, 0x00000007a8000000)
 concurrent mark-sweep generation total 393216K, used 67603K [0x00000007a8000000, 0x00000007c0000000, 0x00000007c0000000)
 Metaspace       used 29298K, capacity 29600K, committed 29948K, reserved 1075200K
  class space    used 3364K, capacity 3453K, committed 3580K, reserved 1048576K
2016-02-28T18:28:47.894-0530: 1333.470: [GC (Allocation Failure) 1333.470: [ParNew
Desired survivor size 20112992 bytes, new threshold 8 (max 8)
- age   1:    5343040 bytes,    5343040 total
- age   2:    2172168 bytes,    7515208 total
- age   3:    1780568 bytes,    9295776 total
- age   4:    1380168 bytes,   10675944 total
- age   5:    3281848 bytes,   13957792 total
- age   6:    2640720 bytes,   16598512 total
- age   7:    2427352 bytes,   19025864 total
- age   8:     612880 bytes,   19638744 total
: 109248K->21824K(109248K), 0.0088214 secs] 176851K->90187K(502464K), 0.0088771 secs] [Times: user=0.02 sys=0.00, real=0.01 secs] 
Heap after GC invocations=33 (full 1):
 par new generation   total 109248K, used 21824K [0x00000007a0000000, 0x00000007a8000000, 0x00000007a8000000)
  eden space 87424K,   0% used [0x00000007a0000000, 0x00000007a0000000, 0x00000007a5560000)
  from space 21824K, 100% used [0x00000007a6ab0000, 0x00000007a8000000, 0x00000007a8000000)
  to   space 21824K,   0% used [0x00000007a5560000, 0x00000007a5560000, 0x00000007a6ab0000)
 concurrent mark-sweep generation total 393216K, used 68363K [0x00000007a8000000, 0x00000007c0000000, 0x00000007c0000000)
 Metaspace       used 29298K, capacity 29600K, committed 29948K, reserved 1075200K
  class space    used 3364K, capacity 3453K, committed 3580K, reserved 1048576K
}
2016-02-28T18:28:47.903-0530: 1333.479: Total time for which application threads were stopped: 0.0090626 seconds
2016-02-28T18:28:48.108-0530: 1333.685: Total time for which application threads were stopped: 0.0001304 seconds
2016-02-28T18:28:48.108-0530: 1333.685: Total time for which application threads were stopped: 0.0001670 seconds
2016-02-28T18:28:48.109-0530: 1333.686: Total time for which application threads were stopped: 0.0001227 seconds
2016-02-28T18:28:48.109-0530: 1333.686: Total time for which application threads were stopped: 0.0001245 seconds
2016-02-28T18:28:48.143-0530: 1333.719: Total time for which application threads were stopped: 0.0001375 seconds
2016-02-28T18:28:48.143-0530: 1333.719: Total time for which application threads were stopped: 0.0000715 seconds
2016-02-28T18:28:48.143-0530: 1333.719: Total time for which application threads were stopped: 0.0000789 seconds
2016-02-28T18:28:49.144-0530: 1334.721: Total time for which application threads were stopped: 0.0000893 seconds
{Heap before GC invocations=33 (full 1):
 par new generation   total 109248K, used 109248K [0x00000007a0000000, 0x00000007a8000000, 0x00000007a8000000)
  eden space 87424K, 100% used [0x00000007a0000000, 0x00000007a5560000, 0x00000007a5560000)
  from space 21824K, 100% used [0x00000007a6ab0000, 0x00000007a8000000, 0x00000007a8000000)
  to   space 21824K,   0% used [0x00000007a5560000, 0x00000007a5560000, 0x00000007a6ab0000)
 concurrent mark-sweep generation total 393216K, used 68363K [0x00000007a8000000, 0x00000007c0000000, 0x00000007c0000000)
 Metaspace       used 29304K, capacity 29600K, committed 29948K, reserved 1075200K
  class space    used 3364K, capacity 3453K, committed 3580K, reserved 1048576K
2016-02-28T18:28:54.466-0530: 1340.042: [GC (Allocation Failure) 1340.042: [ParNew
Desired survivor size 20112992 bytes, new threshold 8 (max 8)
- age   1:    4841640 bytes,    4841640 total
- age   2:    2473432 bytes,    7315072 total
- age   3:    2171400 bytes,    9486472 total
- age   4:    1263328 bytes,   10749800 total
- age   5:    1379208 bytes,   12129008 total
- age   6:    3281360 bytes,   15410368 total
- age   7:    2640104 bytes,   18050472 total
- age   8:    2426680 bytes,   20477152 total
: 109248K->21824K(109248K), 0.0086086 secs] 177611K->91776K(502464K), 0.0086756 secs] [Times: user=0.02 sys=0.01, real=0.01 secs] 
Heap after GC invocations=34 (full 1):
 par new generation   total 109248K, used 21824K [0x00000007a0000000, 0x00000007a8000000, 0x00000007a8000000)
  eden space 87424K,   0% used [0x00000007a0000000, 0x00000007a0000000, 0x00000007a5560000)
  from space 21824K, 100% used [0x00000007a5560000, 0x00000007a6ab0000, 0x00000007a6ab0000)
  to   space 21824K,   0% used [0x00000007a6ab0000, 0x00000007a6ab0000, 0x00000007a8000000)
 concurrent mark-sweep generation total 393216K, used 69952K [0x00000007a8000000, 0x00000007c0000000, 0x00000007c0000000)
 Metaspace       used 29304K, capacity 29600K, committed 29948K, reserved 1075200K
  class space    used 3364K, capacity 3453K, committed 3580K, reserved 1048576K
}
2016-02-28T18:28:54.474-0530: 1340.051: Total time for which application threads were stopped: 0.0088654 seconds
2016-02-28T18:28:54.899-0530: 1340.476: Total time for which application threads were stopped: 0.0001125 seconds
2016-02-28T18:28:54.900-0530: 1340.477: Total time for which application threads were stopped: 0.0001075 seconds
2016-02-28T18:28:54.902-0530: 1340.479: Total time for which application threads were stopped: 0.0001258 seconds
2016-02-28T18:28:54.905-0530: 1340.482: Total time for which application threads were stopped: 0.0001049 seconds
2016-02-28T18:28:54.911-0530: 1340.488: Total time for which application threads were stopped: 0.0001776 seconds
2016-02-28T18:28:54.916-0530: 1340.493: Total time for which application threads were stopped: 0.0000924 seconds
2016-02-28T18:28:54.920-0530: 1340.497: Total time for which application threads were stopped: 0.0001036 seconds
2016-02-28T18:28:54.924-0530: 1340.501: Total time for which application threads were stopped: 0.0001236 seconds
2016-02-28T18:28:54.927-0530: 1340.504: Total time for which application threads were stopped: 0.0001527 seconds
2016-02-28T18:28:54.928-0530: 1340.505: Total time for which application threads were stopped: 0.0001207 seconds
2016-02-28T18:28:54.928-0530: 1340.505: Total time for which application threads were stopped: 0.0001134 seconds
2016-02-28T18:28:54.983-0530: 1340.560: Total time for which application threads were stopped: 0.0001655 seconds
2016-02-28T18:28:55.094-0530: 1340.671: Total time for which application threads were stopped: 0.0001434 seconds
2016-02-28T18:28:55.102-0530: 1340.679: Total time for which application threads were stopped: 0.0001417 seconds
2016-02-28T18:28:55.204-0530: 1340.780: Total time for which application threads were stopped: 0.0001071 seconds
2016-02-28T18:28:55.204-0530: 1340.781: Total time for which application threads were stopped: 0.0000454 seconds
2016-02-28T18:28:55.205-0530: 1340.781: Total time for which application threads were stopped: 0.0001115 seconds
{Heap before GC invocations=34 (full 1):
 par new generation   total 109248K, used 109248K [0x00000007a0000000, 0x00000007a8000000, 0x00000007a8000000)
  eden space 87424K, 100% used [0x00000007a0000000, 0x00000007a5560000, 0x00000007a5560000)
  from space 21824K, 100% used [0x00000007a5560000, 0x00000007a6ab0000, 0x00000007a6ab0000)
  to   space 21824K,   0% used [0x00000007a6ab0000, 0x00000007a6ab0000, 0x00000007a8000000)
 concurrent mark-sweep generation total 393216K, used 69952K [0x00000007a8000000, 0x00000007c0000000, 0x00000007c0000000)
 Metaspace       used 29312K, capacity 29600K, committed 29948K, reserved 1075200K
  class space    used 3364K, capacity 3453K, committed 3580K, reserved 1048576K
2016-02-28T18:28:55.459-0530: 1341.036: [GC (Allocation Failure) 1341.036: [ParNew
Desired survivor size 20112992 bytes, new threshold 8 (max 8)
- age   1:    5597480 bytes,    5597480 total
- age   2:    3278432 bytes,    8875912 total
- age   3:    2472584 bytes,   11348496 total
- age   4:    2103928 bytes,   13452424 total
- age   5:    1262776 bytes,   14715200 total
- age   6:    1379208 bytes,   16094408 total
- age   7:    3314064 bytes,   19408472 total
- age   8:    1760952 bytes,   21169424 total
: 109248K->21824K(109248K), 0.0093132 secs] 179200K->95737K(502464K), 0.0093745 secs] [Times: user=0.02 sys=0.01, real=0.01 secs] 
Heap after GC invocations=35 (full 1):
 par new generation   total 109248K, used 21824K [0x00000007a0000000, 0x00000007a8000000, 0x00000007a8000000)
  eden space 87424K,   0% used [0x00000007a0000000, 0x00000007a0000000, 0x00000007a5560000)
  from space 21824K, 100% used [0x00000007a6ab0000, 0x00000007a8000000, 0x00000007a8000000)
  to   space 21824K,   0% used [0x00000007a5560000, 0x00000007a5560000, 0x00000007a6ab0000)
 concurrent mark-sweep generation total 393216K, used 73913K [0x00000007a8000000, 0x00000007c0000000, 0x00000007c0000000)
 Metaspace       used 29312K, capacity 29600K, committed 29948K, reserved 1075200K
  class space    used 3364K, capacity 3453K, committed 3580K, reserved 1048576K
}
2016-02-28T18:28:55.469-0530: 1341.045: Total time for which application threads were stopped: 0.0095732 seconds
2016-02-28T18:28:55.792-0530: 1341.369: Total time for which application threads were stopped: 0.0001001 seconds
2016-02-28T18:28:56.793-0530: 1342.370: Total time for which application threads were stopped: 0.0000889 seconds
{Heap before GC invocations=35 (full 1):
 par new generation   total 109248K, used 109248K [0x00000007a0000000, 0x00000007a8000000, 0x00000007a8000000)
  eden space 87424K, 100% used [0x00000007a0000000, 0x00000007a5560000, 0x00000007a5560000)
  from space 21824K, 100% used [0x00000007a6ab0000, 0x00000007a8000000, 0x00000007a8000000)
  to   space 21824K,   0% used [0x00000007a5560000, 0x00000007a5560000, 0x00000007a6ab0000)
 concurrent mark-sweep generation total 393216K, used 73913K [0x00000007a8000000, 0x00000007c0000000, 0x00000007c0000000)
 Metaspace       used 29314K, capacity 29600K, committed 29948K, reserved 1075200K
  class space    used 3364K, capacity 3453K, committed 3580K, reserved 1048576K
2016-02-28T18:29:01.304-0530: 1346.881: [GC (Allocation Failure) 1346.881: [ParNew
Desired survivor size 20112992 bytes, new threshold 8 (max 8)
- age   1:    1865176 bytes,    1865176 total
- age   2:    5362176 bytes,    7227352 total
- age   3:    3277880 bytes,   10505232 total
- age   4:    1647408 bytes,   12152640 total
- age   5:    1586800 bytes,   13739440 total
- age   6:    1262568 bytes,   15002008 total
- age   7:    1377992 bytes,   16380000 total
- age   8:    3117024 bytes,   19497024 total
: 109248K->21824K(109248K), 0.0094562 secs] 183161K->98958K(502464K), 0.0095167 secs] [Times: user=0.03 sys=0.01, real=0.01 secs] 
Heap after GC invocations=36 (full 1):
 par new generation   total 109248K, used 21824K [0x00000007a0000000, 0x00000007a8000000, 0x00000007a8000000)
  eden space 87424K,   0% used [0x00000007a0000000, 0x00000007a0000000, 0x00000007a5560000)
  from space 21824K, 100% used [0x00000007a5560000, 0x00000007a6ab0000, 0x00000007a6ab0000)
  to   space 21824K,   0% used [0x00000007a6ab0000, 0x00000007a6ab0000, 0x00000007a8000000)
 concurrent mark-sweep generation total 393216K, used 77134K [0x00000007a8000000, 0x00000007c0000000, 0x00000007c0000000)
 Metaspace       used 29314K, capacity 29600K, committed 29948K, reserved 1075200K
  class space    used 3364K, capacity 3453K, committed 3580K, reserved 1048576K
}
2016-02-28T18:29:01.314-0530: 1346.891: Total time for which application threads were stopped: 0.0097061 seconds
2016-02-28T18:29:01.314-0530: 1346.891: Total time for which application threads were stopped: 0.0002043 seconds
{Heap before GC invocations=36 (full 1):
 par new generation   total 109248K, used 109248K [0x00000007a0000000, 0x00000007a8000000, 0x00000007a8000000)
  eden space 87424K, 100% used [0x00000007a0000000, 0x00000007a5560000, 0x00000007a5560000)
  from space 21824K, 100% used [0x00000007a5560000, 0x00000007a6ab0000, 0x00000007a6ab0000)
  to   space 21824K,   0% used [0x00000007a6ab0000, 0x00000007a6ab0000, 0x00000007a8000000)
 concurrent mark-sweep generation total 393216K, used 77134K [0x00000007a8000000, 0x00000007c0000000, 0x00000007c0000000)
 Metaspace       used 29314K, capacity 29600K, committed 29948K, reserved 1075200K
  class space    used 3364K, capacity 3453K, committed 3580K, reserved 1048576K
2016-02-28T18:29:01.885-0530: 1347.462: [GC (Allocation Failure) 1347.462: [ParNew
Desired survivor size 20112992 bytes, new threshold 8 (max 8)
- age   1:    4008984 bytes,    4008984 total
- age   2:    1480400 bytes,    5489384 total
- age   3:    5361616 bytes,   10851000 total
- age   4:    3277880 bytes,   14128880 total
- age   5:    1580480 bytes,   15709360 total
- age   6:    1586800 bytes,   17296160 total
- age   7:    1262552 bytes,   18558712 total
- age   8:    1106632 bytes,   19665344 total
: 109248K->21824K(109248K), 0.0098339 secs] 186382K->103841K(502464K), 0.0098946 secs] [Times: user=0.03 sys=0.00, real=0.01 secs] 
Heap after GC invocations=37 (full 1):
 par new generation   total 109248K, used 21824K [0x00000007a0000000, 0x00000007a8000000, 0x00000007a8000000)
  eden space 87424K,   0% used [0x00000007a0000000, 0x00000007a0000000, 0x00000007a5560000)
  from space 21824K, 100% used [0x00000007a6ab0000, 0x00000007a8000000, 0x00000007a8000000)
  to   space 21824K,   0% used [0x00000007a5560000, 0x00000007a5560000, 0x00000007a6ab0000)
 concurrent mark-sweep generation total 393216K, used 82017K [0x00000007a8000000, 0x00000007c0000000, 0x00000007c0000000)
 Metaspace       used 29314K, capacity 29600K, committed 29948K, reserved 1075200K
  class space    used 3364K, capacity 3453K, committed 3580K, reserved 1048576K
}
2016-02-28T18:29:01.895-0530: 1347.472: Total time for which application threads were stopped: 0.0100830 seconds
2016-02-28T18:29:01.947-0530: 1347.524: Total time for which application threads were stopped: 0.0001159 seconds
2016-02-28T18:29:01.948-0530: 1347.525: Total time for which application threads were stopped: 0.0000549 seconds
2016-02-28T18:29:01.948-0530: 1347.525: Total time for which application threads were stopped: 0.0000486 seconds
2016-02-28T18:29:02.950-0530: 1348.527: Total time for which application threads were stopped: 0.0002581 seconds
{Heap before GC invocations=37 (full 1):
 par new generation   total 109248K, used 109248K [0x00000007a0000000, 0x00000007a8000000, 0x00000007a8000000)
  eden space 87424K, 100% used [0x00000007a0000000, 0x00000007a5560000, 0x00000007a5560000)
  from space 21824K, 100% used [0x00000007a6ab0000, 0x00000007a8000000, 0x00000007a8000000)
  to   space 21824K,   0% used [0x00000007a5560000, 0x00000007a5560000, 0x00000007a6ab0000)
 concurrent mark-sweep generation total 393216K, used 82017K [0x00000007a8000000, 0x00000007c0000000, 0x00000007c0000000)
 Metaspace       used 29330K, capacity 29600K, committed 29948K, reserved 1075200K
  class space    used 3364K, capacity 3453K, committed 3580K, reserved 1048576K
2016-02-28T18:29:09.533-0530: 1355.111: [GC (Allocation Failure) 1355.135: [ParNew
Desired survivor size 20112992 bytes, new threshold 7 (max 8)
- age   1:    5939600 bytes,    5939600 total
- age   2:    3732160 bytes,    9671760 total
- age   3:    1407704 bytes,   11079464 total
- age   4:    5337216 bytes,   16416680 total
- age   5:    2041784 bytes,   18458464 total
- age   6:    1190064 bytes,   19648528 total
- age   7:     971848 bytes,   20620376 total
- age   8:    1058912 bytes,   21679288 total
: 109248K->21824K(109248K), 0.0108661 secs] 191265K->107325K(502464K), 0.0348400 secs] [Times: user=0.03 sys=0.01, real=0.03 secs] 
Heap after GC invocations=38 (full 1):
 par new generation   total 109248K, used 21824K [0x00000007a0000000, 0x00000007a8000000, 0x00000007a8000000)
  eden space 87424K,   0% used [0x00000007a0000000, 0x00000007a0000000, 0x00000007a5560000)
  from space 21824K, 100% used [0x00000007a5560000, 0x00000007a6ab0000, 0x00000007a6ab0000)
  to   space 21824K,   0% used [0x00000007a6ab0000, 0x00000007a6ab0000, 0x00000007a8000000)
 concurrent mark-sweep generation total 393216K, used 85501K [0x00000007a8000000, 0x00000007c0000000, 0x00000007c0000000)
 Metaspace       used 29330K, capacity 29600K, committed 29948K, reserved 1075200K
  class space    used 3364K, capacity 3453K, committed 3580K, reserved 1048576K
}
2016-02-28T18:29:09.568-0530: 1355.145: Total time for which application threads were stopped: 0.0350296 seconds
2016-02-28T18:29:09.851-0530: 1355.429: Total time for which application threads were stopped: 0.0000929 seconds
2016-02-28T18:29:09.851-0530: 1355.429: Total time for which application threads were stopped: 0.0000583 seconds
2016-02-28T18:29:09.852-0530: 1355.429: Total time for which application threads were stopped: 0.0000598 seconds
2016-02-28T18:29:09.852-0530: 1355.430: Total time for which application threads were stopped: 0.0000869 seconds
2016-02-28T18:29:09.876-0530: 1355.453: Total time for which application threads were stopped: 0.0004217 seconds
2016-02-28T18:29:09.876-0530: 1355.453: Total time for which application threads were stopped: 0.0000872 seconds
2016-02-28T18:29:09.876-0530: 1355.453: Total time for which application threads were stopped: 0.0000859 seconds
{Heap before GC invocations=38 (full 1):
 par new generation   total 109248K, used 109248K [0x00000007a0000000, 0x00000007a8000000, 0x00000007a8000000)
  eden space 87424K, 100% used [0x00000007a0000000, 0x00000007a5560000, 0x00000007a5560000)
  from space 21824K, 100% used [0x00000007a5560000, 0x00000007a6ab0000, 0x00000007a6ab0000)
  to   space 21824K,   0% used [0x00000007a6ab0000, 0x00000007a6ab0000, 0x00000007a8000000)
 concurrent mark-sweep generation total 393216K, used 85501K [0x00000007a8000000, 0x00000007c0000000, 0x00000007c0000000)
 Metaspace       used 29338K, capacity 29608K, committed 29948K, reserved 1075200K
  class space    used 3367K, capacity 3457K, committed 3580K, reserved 1048576K
2016-02-28T18:29:16.423-0530: 1362.001: [GC (Allocation Failure) 1362.001: [ParNew
Desired survivor size 20112992 bytes, new threshold 8 (max 8)
- age   1:    5118296 bytes,    5118296 total
- age   2:    1908384 bytes,    7026680 total
- age   3:    3082984 bytes,   10109664 total
- age   4:    1406192 bytes,   11515856 total
- age   5:    5220200 bytes,   16736056 total
- age   6:    1876232 bytes,   18612288 total
- age   7:    1189752 bytes,   19802040 total
: 109248K->21824K(109248K), 0.0098437 secs] 194749K->110828K(502464K), 0.0099272 secs] [Times: user=0.02 sys=0.00, real=0.01 secs] 
Heap after GC invocations=39 (full 1):
 par new generation   total 109248K, used 21824K [0x00000007a0000000, 0x00000007a8000000, 0x00000007a8000000)
  eden space 87424K,   0% used [0x00000007a0000000, 0x00000007a0000000, 0x00000007a5560000)
  from space 21824K, 100% used [0x00000007a6ab0000, 0x00000007a8000000, 0x00000007a8000000)
  to   space 21824K,   0% used [0x00000007a5560000, 0x00000007a5560000, 0x00000007a6ab0000)
 concurrent mark-sweep generation total 393216K, used 89004K [0x00000007a8000000, 0x00000007c0000000, 0x00000007c0000000)
 Metaspace       used 29338K, capacity 29608K, committed 29948K, reserved 1075200K
  class space    used 3367K, capacity 3457K, committed 3580K, reserved 1048576K
}
2016-02-28T18:29:16.433-0530: 1362.011: Total time for which application threads were stopped: 0.0101135 seconds
2016-02-28T18:29:17.269-0530: 1362.847: Total time for which application threads were stopped: 0.0001055 seconds
2016-02-28T18:29:17.270-0530: 1362.847: Total time for which application threads were stopped: 0.0000668 seconds
2016-02-28T18:29:17.410-0530: 1362.987: Total time for which application threads were stopped: 0.0001807 seconds
2016-02-28T18:29:17.410-0530: 1362.987: Total time for which application threads were stopped: 0.0000765 seconds
2016-02-28T18:29:17.410-0530: 1362.988: Total time for which application threads were stopped: 0.0001189 seconds
{Heap before GC invocations=39 (full 1):
 par new generation   total 109248K, used 109244K [0x00000007a0000000, 0x00000007a8000000, 0x00000007a8000000)
  eden space 87424K,  99% used [0x00000007a0000000, 0x00000007a555f020, 0x00000007a5560000)
  from space 21824K, 100% used [0x00000007a6ab0000, 0x00000007a8000000, 0x00000007a8000000)
  to   space 21824K,   0% used [0x00000007a5560000, 0x00000007a5560000, 0x00000007a6ab0000)
 concurrent mark-sweep generation total 393216K, used 89004K [0x00000007a8000000, 0x00000007c0000000, 0x00000007c0000000)
 Metaspace       used 29350K, capacity 29608K, committed 29948K, reserved 1075200K
  class space    used 3367K, capacity 3457K, committed 3580K, reserved 1048576K
2016-02-28T18:29:30.194-0530: 1375.772: [GC (Allocation Failure) 1375.803: [ParNew
Desired survivor size 20112992 bytes, new threshold 8 (max 8)
- age   1:    2495520 bytes,    2495520 total
- age   2:    3168296 bytes,    5663816 total
- age   3:    1907992 bytes,    7571808 total
- age   4:    3082984 bytes,   10654792 total
- age   5:    1339280 bytes,   11994072 total
- age   6:    5219792 bytes,   17213864 total
- age   7:    1876216 bytes,   19090080 total
- age   8:    1184360 bytes,   20274440 total
: 109244K->21824K(109248K), 0.0089025 secs] 198248K->112022K(502464K), 0.0404815 secs] [Times: user=0.03 sys=0.01, real=0.04 secs] 
Heap after GC invocations=40 (full 1):
 par new generation   total 109248K, used 21824K [0x00000007a0000000, 0x00000007a8000000, 0x00000007a8000000)
  eden space 87424K,   0% used [0x00000007a0000000, 0x00000007a0000000, 0x00000007a5560000)
  from space 21824K, 100% used [0x00000007a5560000, 0x00000007a6ab0000, 0x00000007a6ab0000)
  to   space 21824K,   0% used [0x00000007a6ab0000, 0x00000007a6ab0000, 0x00000007a8000000)
 concurrent mark-sweep generation total 393216K, used 90198K [0x00000007a8000000, 0x00000007c0000000, 0x00000007c0000000)
 Metaspace       used 29350K, capacity 29608K, committed 29948K, reserved 1075200K
  class space    used 3367K, capacity 3457K, committed 3580K, reserved 1048576K
}
2016-02-28T18:29:30.234-0530: 1375.812: Total time for which application threads were stopped: 0.0406699 seconds
{Heap before GC invocations=40 (full 1):
 par new generation   total 109248K, used 109219K [0x00000007a0000000, 0x00000007a8000000, 0x00000007a8000000)
  eden space 87424K,  99% used [0x00000007a0000000, 0x00000007a5558c38, 0x00000007a5560000)
  from space 21824K, 100% used [0x00000007a5560000, 0x00000007a6ab0000, 0x00000007a6ab0000)
  to   space 21824K,   0% used [0x00000007a6ab0000, 0x00000007a6ab0000, 0x00000007a8000000)
 concurrent mark-sweep generation total 393216K, used 90198K [0x00000007a8000000, 0x00000007c0000000, 0x00000007c0000000)
 Metaspace       used 29350K, capacity 29608K, committed 29948K, reserved 1075200K
  class space    used 3367K, capacity 3457K, committed 3580K, reserved 1048576K
2016-02-28T18:29:31.450-0530: 1377.028: [GC (Allocation Failure) 1377.028: [ParNew
Desired survivor size 20112992 bytes, new threshold 7 (max 8)
- age   1:    4740696 bytes,    4740696 total
- age   2:    1388640 bytes,    6129336 total
- age   3:    3156696 bytes,    9286032 total
- age   4:    1907968 bytes,   11194000 total
- age   5:    3082984 bytes,   14276984 total
- age   6:    1339256 bytes,   15616240 total
- age   7:    4965968 bytes,   20582208 total
- age   8:    1732384 bytes,   22314592 total
: 109219K->21824K(109248K), 0.0092744 secs] 199417K->115168K(502464K), 0.0093532 secs] [Times: user=0.03 sys=0.00, real=0.00 secs] 
Heap after GC invocations=41 (full 1):
 par new generation   total 109248K, used 21824K [0x00000007a0000000, 0x00000007a8000000, 0x00000007a8000000)
  eden space 87424K,   0% used [0x00000007a0000000, 0x00000007a0000000, 0x00000007a5560000)
  from space 21824K, 100% used [0x00000007a6ab0000, 0x00000007a8000000, 0x00000007a8000000)
  to   space 21824K,   0% used [0x00000007a5560000, 0x00000007a5560000, 0x00000007a6ab0000)
 concurrent mark-sweep generation total 393216K, used 93344K [0x00000007a8000000, 0x00000007c0000000, 0x00000007c0000000)
 Metaspace       used 29350K, capacity 29608K, committed 29948K, reserved 1075200K
  class space    used 3367K, capacity 3457K, committed 3580K, reserved 1048576K
}
2016-02-28T18:29:31.459-0530: 1377.037: Total time for which application threads were stopped: 0.0095381 seconds
2016-02-28T18:29:31.716-0530: 1377.294: Total time for which application threads were stopped: 0.0000946 seconds
2016-02-28T18:29:31.717-0530: 1377.295: Total time for which application threads were stopped: 0.0001111 seconds
2016-02-28T18:29:31.768-0530: 1377.346: Total time for which application threads were stopped: 0.0001546 seconds
2016-02-28T18:29:31.768-0530: 1377.346: Total time for which application threads were stopped: 0.0000901 seconds
2016-02-28T18:29:31.769-0530: 1377.347: Total time for which application threads were stopped: 0.0001198 seconds
2016-02-28T18:29:36.784-0530: 1382.363: Total time for which application threads were stopped: 0.0001047 seconds
{Heap before GC invocations=41 (full 1):
 par new generation   total 109248K, used 109248K [0x00000007a0000000, 0x00000007a8000000, 0x00000007a8000000)
  eden space 87424K, 100% used [0x00000007a0000000, 0x00000007a5560000, 0x00000007a5560000)
  from space 21824K, 100% used [0x00000007a6ab0000, 0x00000007a8000000, 0x00000007a8000000)
  to   space 21824K,   0% used [0x00000007a5560000, 0x00000007a5560000, 0x00000007a6ab0000)
 concurrent mark-sweep generation total 393216K, used 93344K [0x00000007a8000000, 0x00000007c0000000, 0x00000007c0000000)
 Metaspace       used 29357K, capacity 29608K, committed 29948K, reserved 1075200K
  class space    used 3367K, capacity 3457K, committed 3580K, reserved 1048576K
2016-02-28T18:29:41.469-0530: 1387.047: [GC (Allocation Failure) 1387.060: [ParNew
Desired survivor size 20112992 bytes, new threshold 8 (max 8)
- age   1:    6606248 bytes,    6606248 total
- age   2:    3842248 bytes,   10448496 total
- age   3:    1341832 bytes,   11790328 total
- age   4:    2405224 bytes,   14195552 total
- age   5:     502352 bytes,   14697904 total
- age   6:    2853272 bytes,   17551176 total
- age   7:     814712 bytes,   18365888 total
: 109248K->21824K(109248K), 0.0143482 secs] 202592K->124575K(502464K), 0.0267968 secs] [Times: user=0.03 sys=0.02, real=0.03 secs] 
Heap after GC invocations=42 (full 1):
 par new generation   total 109248K, used 21824K [0x00000007a0000000, 0x00000007a8000000, 0x00000007a8000000)
  eden space 87424K,   0% used [0x00000007a0000000, 0x00000007a0000000, 0x00000007a5560000)
  from space 21824K, 100% used [0x00000007a5560000, 0x00000007a6ab0000, 0x00000007a6ab0000)
  to   space 21824K,   0% used [0x00000007a6ab0000, 0x00000007a6ab0000, 0x00000007a8000000)
 concurrent mark-sweep generation total 393216K, used 102751K [0x00000007a8000000, 0x00000007c0000000, 0x00000007c0000000)
 Metaspace       used 29357K, capacity 29608K, committed 29948K, reserved 1075200K
  class space    used 3367K, capacity 3457K, committed 3580K, reserved 1048576K
}
2016-02-28T18:29:41.496-0530: 1387.074: Total time for which application threads were stopped: 0.0269901 seconds
2016-02-28T18:29:42.496-0530: 1388.075: Total time for which application threads were stopped: 0.0001229 seconds
{Heap before GC invocations=42 (full 1):
 par new generation   total 109248K, used 109234K [0x00000007a0000000, 0x00000007a8000000, 0x00000007a8000000)
  eden space 87424K,  99% used [0x00000007a0000000, 0x00000007a555c8b0, 0x00000007a5560000)
  from space 21824K, 100% used [0x00000007a5560000, 0x00000007a6ab0000, 0x00000007a6ab0000)
  to   space 21824K,   0% used [0x00000007a6ab0000, 0x00000007a6ab0000, 0x00000007a8000000)
 concurrent mark-sweep generation total 393216K, used 102751K [0x00000007a8000000, 0x00000007c0000000, 0x00000007c0000000)
 Metaspace       used 29365K, capacity 29676K, committed 29948K, reserved 1075200K
  class space    used 3367K, capacity 3457K, committed 3580K, reserved 1048576K
2016-02-28T18:29:49.642-0530: 1395.221: [GC (Allocation Failure) 1395.221: [ParNew
Desired survivor size 20112992 bytes, new threshold 8 (max 8)
- age   1:    4226160 bytes,    4226160 total
- age   2:    4190248 bytes,    8416408 total
- age   3:    3842248 bytes,   12258656 total
- age   4:    1341624 bytes,   13600280 total
- age   5:    2337272 bytes,   15937552 total
- age   6:     502128 bytes,   16439680 total
- age   7:    2853272 bytes,   19292952 total
- age   8:     814712 bytes,   20107664 total
: 109234K->21824K(109248K), 0.0075825 secs] 211985K->124610K(502464K), 0.0080166 secs] [Times: user=0.02 sys=0.00, real=0.01 secs] 
Heap after GC invocations=43 (full 1):
 par new generation   total 109248K, used 21824K [0x00000007a0000000, 0x00000007a8000000, 0x00000007a8000000)
  eden space 87424K,   0% used [0x00000007a0000000, 0x00000007a0000000, 0x00000007a5560000)
  from space 21824K, 100% used [0x00000007a6ab0000, 0x00000007a8000000, 0x00000007a8000000)
  to   space 21824K,   0% used [0x00000007a5560000, 0x00000007a5560000, 0x00000007a6ab0000)
 concurrent mark-sweep generation total 393216K, used 102786K [0x00000007a8000000, 0x00000007c0000000, 0x00000007c0000000)
 Metaspace       used 29365K, capacity 29676K, committed 29948K, reserved 1075200K
  class space    used 3367K, capacity 3457K, committed 3580K, reserved 1048576K
}
2016-02-28T18:29:49.650-0530: 1395.229: Total time for which application threads were stopped: 0.0082036 seconds
{Heap before GC invocations=43 (full 1):
 par new generation   total 109248K, used 109248K [0x00000007a0000000, 0x00000007a8000000, 0x00000007a8000000)
  eden space 87424K, 100% used [0x00000007a0000000, 0x00000007a5560000, 0x00000007a5560000)
  from space 21824K, 100% used [0x00000007a6ab0000, 0x00000007a8000000, 0x00000007a8000000)
  to   space 21824K,   0% used [0x00000007a5560000, 0x00000007a5560000, 0x00000007a6ab0000)
 concurrent mark-sweep generation total 393216K, used 102786K [0x00000007a8000000, 0x00000007c0000000, 0x00000007c0000000)
 Metaspace       used 29365K, capacity 29676K, committed 29948K, reserved 1075200K
  class space    used 3367K, capacity 3457K, committed 3580K, reserved 1048576K
2016-02-28T18:29:50.228-0530: 1395.807: [GC (Allocation Failure) 1395.807: [ParNew
Desired survivor size 20112992 bytes, new threshold 8 (max 8)
- age   1:    3308136 bytes,    3308136 total
- age   2:    2786016 bytes,    6094152 total
- age   3:    4156304 bytes,   10250456 total
- age   4:    3711112 bytes,   13961568 total
- age   5:    1341056 bytes,   15302624 total
- age   6:    2336912 bytes,   17639536 total
- age   7:     501776 bytes,   18141312 total
- age   8:    2582824 bytes,   20724136 total
: 109248K->21824K(109248K), 0.0097684 secs] 212034K->128839K(502464K), 0.0098298 secs] [Times: user=0.02 sys=0.00, real=0.01 secs] 
Heap after GC invocations=44 (full 1):
 par new generation   total 109248K, used 21824K [0x00000007a0000000, 0x00000007a8000000, 0x00000007a8000000)
  eden space 87424K,   0% used [0x00000007a0000000, 0x00000007a0000000, 0x00000007a5560000)
  from space 21824K, 100% used [0x00000007a5560000, 0x00000007a6ab0000, 0x00000007a6ab0000)
  to   space 21824K,   0% used [0x00000007a6ab0000, 0x00000007a6ab0000, 0x00000007a8000000)
 concurrent mark-sweep generation total 393216K, used 107015K [0x00000007a8000000, 0x00000007c0000000, 0x00000007c0000000)
 Metaspace       used 29365K, capacity 29676K, committed 29948K, reserved 1075200K
  class space    used 3367K, capacity 3457K, committed 3580K, reserved 1048576K
}
2016-02-28T18:29:50.238-0530: 1395.817: Total time for which application threads were stopped: 0.0100207 seconds
2016-02-28T18:29:50.359-0530: 1395.938: Total time for which application threads were stopped: 0.0001092 seconds
2016-02-28T18:29:50.359-0530: 1395.938: Total time for which application threads were stopped: 0.0001261 seconds
2016-02-28T18:29:50.360-0530: 1395.939: Total time for which application threads were stopped: 0.0000844 seconds
2016-02-28T18:29:50.360-0530: 1395.939: Total time for which application threads were stopped: 0.0000505 seconds
2016-02-28T18:29:50.383-0530: 1395.962: Total time for which application threads were stopped: 0.0001050 seconds
2016-02-28T18:29:50.383-0530: 1395.962: Total time for which application threads were stopped: 0.0000601 seconds
2016-02-28T18:29:50.383-0530: 1395.962: Total time for which application threads were stopped: 0.0000690 seconds
2016-02-28T18:29:50.384-0530: 1395.963: Total time for which application threads were stopped: 0.0001068 seconds
2016-02-28T18:29:50.384-0530: 1395.963: Total time for which application threads were stopped: 0.0001209 seconds
2016-02-28T18:29:50.384-0530: 1395.963: Total time for which application threads were stopped: 0.0000740 seconds
{Heap before GC invocations=44 (full 1):
 par new generation   total 109248K, used 109248K [0x00000007a0000000, 0x00000007a8000000, 0x00000007a8000000)
  eden space 87424K, 100% used [0x00000007a0000000, 0x00000007a5560000, 0x00000007a5560000)
  from space 21824K, 100% used [0x00000007a5560000, 0x00000007a6ab0000, 0x00000007a6ab0000)
  to   space 21824K,   0% used [0x00000007a6ab0000, 0x00000007a6ab0000, 0x00000007a8000000)
 concurrent mark-sweep generation total 393216K, used 107015K [0x00000007a8000000, 0x00000007c0000000, 0x00000007c0000000)
 Metaspace       used 29369K, capacity 29676K, committed 29948K, reserved 1075200K
  class space    used 3367K, capacity 3457K, committed 3580K, reserved 1048576K
2016-02-28T18:29:57.986-0530: 1403.565: [GC (Allocation Failure) 1403.583: [ParNew
Desired survivor size 20112992 bytes, new threshold 8 (max 8)
- age   1:    5761992 bytes,    5761992 total
- age   2:     793200 bytes,    6555192 total
- age   3:    2317144 bytes,    8872336 total
- age   4:    3174000 bytes,   12046336 total
- age   5:    3711080 bytes,   15757416 total
- age   6:    1273832 bytes,   17031248 total
- age   7:    2336456 bytes,   19367704 total
- age   8:     501584 bytes,   19869288 total
: 109248K->21824K(109248K), 0.0112138 secs] 216263K->133577K(502464K), 0.0288840 secs] [Times: user=0.02 sys=0.01, real=0.03 secs] 
Heap after GC invocations=45 (full 1):
 par new generation   total 109248K, used 21824K [0x00000007a0000000, 0x00000007a8000000, 0x00000007a8000000)
  eden space 87424K,   0% used [0x00000007a0000000, 0x00000007a0000000, 0x00000007a5560000)
  from space 21824K, 100% used [0x00000007a6ab0000, 0x00000007a8000000, 0x00000007a8000000)
  to   space 21824K,   0% used [0x00000007a5560000, 0x00000007a5560000, 0x00000007a6ab0000)
 concurrent mark-sweep generation total 393216K, used 111753K [0x00000007a8000000, 0x00000007c0000000, 0x00000007c0000000)
 Metaspace       used 29369K, capacity 29676K, committed 29948K, reserved 1075200K
  class space    used 3367K, capacity 3457K, committed 3580K, reserved 1048576K
}
2016-02-28T18:29:58.015-0530: 1403.594: Total time for which application threads were stopped: 0.0291242 seconds
2016-02-28T18:29:58.325-0530: 1403.904: Total time for which application threads were stopped: 0.0000967 seconds
2016-02-28T18:29:58.326-0530: 1403.905: Total time for which application threads were stopped: 0.0000717 seconds
2016-02-28T18:29:58.346-0530: 1403.926: Total time for which application threads were stopped: 0.0002112 seconds
2016-02-28T18:29:58.347-0530: 1403.926: Total time for which application threads were stopped: 0.0001527 seconds
2016-02-28T18:29:58.347-0530: 1403.926: Total time for which application threads were stopped: 0.0001317 seconds
2016-02-28T18:29:59.349-0530: 1404.929: Total time for which application threads were stopped: 0.0002201 seconds
{Heap before GC invocations=45 (full 1):
 par new generation   total 109248K, used 109248K [0x00000007a0000000, 0x00000007a8000000, 0x00000007a8000000)
  eden space 87424K, 100% used [0x00000007a0000000, 0x00000007a5560000, 0x00000007a5560000)
  from space 21824K, 100% used [0x00000007a6ab0000, 0x00000007a8000000, 0x00000007a8000000)
  to   space 21824K,   0% used [0x00000007a5560000, 0x00000007a5560000, 0x00000007a6ab0000)
 concurrent mark-sweep generation total 393216K, used 111753K [0x00000007a8000000, 0x00000007c0000000, 0x00000007c0000000)
 Metaspace       used 29372K, capacity 29676K, committed 29948K, reserved 1075200K
  class space    used 3367K, capacity 3457K, committed 3580K, reserved 1048576K
2016-02-28T18:30:06.188-0530: 1411.767: [GC (Allocation Failure) 1411.795: [ParNew
Desired survivor size 20112992 bytes, new threshold 8 (max 8)
- age   1:    4643952 bytes,    4643952 total
- age   2:    2703472 bytes,    7347424 total
- age   3:     793200 bytes,    8140624 total
- age   4:    2316024 bytes,   10456648 total
- age   5:    3106672 bytes,   13563320 total
- age   6:    3711080 bytes,   17274400 total
- age   7:    1273832 bytes,   18548232 total
- age   8:    2336456 bytes,   20884688 total
: 109248K->21824K(109248K), 0.0091907 secs] 221001K->134506K(502464K), 0.0365146 secs] [Times: user=0.03 sys=0.00, real=0.04 secs] 
Heap after GC invocations=46 (full 1):
 par new generation   total 109248K, used 21824K [0x00000007a0000000, 0x00000007a8000000, 0x00000007a8000000)
  eden space 87424K,   0% used [0x00000007a0000000, 0x00000007a0000000, 0x00000007a5560000)
  from space 21824K, 100% used [0x00000007a5560000, 0x00000007a6ab0000, 0x00000007a6ab0000)
  to   space 21824K,   0% used [0x00000007a6ab0000, 0x00000007a6ab0000, 0x00000007a8000000)
 concurrent mark-sweep generation total 393216K, used 112682K [0x00000007a8000000, 0x00000007c0000000, 0x00000007c0000000)
 Metaspace       used 29372K, capacity 29676K, committed 29948K, reserved 1075200K
  class space    used 3367K, capacity 3457K, committed 3580K, reserved 1048576K
}
2016-02-28T18:30:06.224-0530: 1411.804: Total time for which application threads were stopped: 0.0367289 seconds
{Heap before GC invocations=46 (full 1):
 par new generation   total 109248K, used 109248K [0x00000007a0000000, 0x00000007a8000000, 0x00000007a8000000)
  eden space 87424K, 100% used [0x00000007a0000000, 0x00000007a5560000, 0x00000007a5560000)
  from space 21824K, 100% used [0x00000007a5560000, 0x00000007a6ab0000, 0x00000007a6ab0000)
  to   space 21824K,   0% used [0x00000007a6ab0000, 0x00000007a6ab0000, 0x00000007a8000000)
 concurrent mark-sweep generation total 393216K, used 112682K [0x00000007a8000000, 0x00000007c0000000, 0x00000007c0000000)
 Metaspace       used 29382K, capacity 29676K, committed 29948K, reserved 1075200K
  class space    used 3367K, capacity 3457K, committed 3580K, reserved 1048576K
2016-02-28T18:30:06.864-0530: 1412.444: [GC (Allocation Failure) 1412.444: [ParNew
Desired survivor size 20112992 bytes, new threshold 8 (max 8)
- age   1:    5641808 bytes,    5641808 total
- age   2:    3559504 bytes,    9201312 total
- age   3:    2331936 bytes,   11533248 total
- age   4:     793200 bytes,   12326448 total
- age   5:    1512120 bytes,   13838568 total
- age   6:    1818464 bytes,   15657032 total
- age   7:    3711080 bytes,   19368112 total
- age   8:    1273712 bytes,   20641824 total
: 109248K->21824K(109248K), 0.0115171 secs] 221930K->140249K(502464K), 0.0116007 secs] [Times: user=0.03 sys=0.00, real=0.01 secs] 
Heap after GC invocations=47 (full 1):
 par new generation   total 109248K, used 21824K [0x00000007a0000000, 0x00000007a8000000, 0x00000007a8000000)
  eden space 87424K,   0% used [0x00000007a0000000, 0x00000007a0000000, 0x00000007a5560000)
  from space 21824K, 100% used [0x00000007a6ab0000, 0x00000007a8000000, 0x00000007a8000000)
  to   space 21824K,   0% used [0x00000007a5560000, 0x00000007a5560000, 0x00000007a6ab0000)
 concurrent mark-sweep generation total 393216K, used 118425K [0x00000007a8000000, 0x00000007c0000000, 0x00000007c0000000)
 Metaspace       used 29382K, capacity 29676K, committed 29948K, reserved 1075200K
  class space    used 3367K, capacity 3457K, committed 3580K, reserved 1048576K
}
2016-02-28T18:30:06.876-0530: 1412.456: Total time for which application threads were stopped: 0.0118296 seconds
2016-02-28T18:30:06.878-0530: 1412.457: Total time for which application threads were stopped: 0.0000791 seconds
2016-02-28T18:30:06.878-0530: 1412.458: Total time for which application threads were stopped: 0.0001125 seconds
2016-02-28T18:30:06.910-0530: 1412.490: Total time for which application threads were stopped: 0.0001150 seconds
2016-02-28T18:30:06.910-0530: 1412.490: Total time for which application threads were stopped: 0.0000805 seconds
2016-02-28T18:30:06.911-0530: 1412.490: Total time for which application threads were stopped: 0.0001032 seconds
2016-02-28T18:30:07.911-0530: 1413.491: Total time for which application threads were stopped: 0.0001021 seconds
2016-02-28T18:30:14.935-0530: 1420.515: Total time for which application threads were stopped: 0.0001616 seconds
{Heap before GC invocations=47 (full 1):
 par new generation   total 109248K, used 109248K [0x00000007a0000000, 0x00000007a8000000, 0x00000007a8000000)
  eden space 87424K, 100% used [0x00000007a0000000, 0x00000007a5560000, 0x00000007a5560000)
  from space 21824K, 100% used [0x00000007a6ab0000, 0x00000007a8000000, 0x00000007a8000000)
  to   space 21824K,   0% used [0x00000007a5560000, 0x00000007a5560000, 0x00000007a6ab0000)
 concurrent mark-sweep generation total 393216K, used 118425K [0x00000007a8000000, 0x00000007c0000000, 0x00000007c0000000)
 Metaspace       used 29385K, capacity 29740K, committed 30204K, reserved 1075200K
  class space    used 3367K, capacity 3457K, committed 3580K, reserved 1048576K
2016-02-28T18:30:15.433-0530: 1421.013: [GC (Allocation Failure) 1421.013: [ParNew
Desired survivor size 20112992 bytes, new threshold 8 (max 8)
- age   1:    4022672 bytes,    4022672 total
- age   2:    5293552 bytes,    9316224 total
- age   3:    3092864 bytes,   12409088 total
- age   4:    1593472 bytes,   14002560 total
- age   5:     793200 bytes,   14795760 total
- age   6:    1511672 bytes,   16307432 total
- age   7:    1818440 bytes,   18125872 total
- age   8:    3711080 bytes,   21836952 total
: 109248K->21824K(109248K), 0.0100241 secs] 227673K->143860K(502464K), 0.0100812 secs] [Times: user=0.03 sys=0.00, real=0.01 secs] 
Heap after GC invocations=48 (full 1):
 par new generation   total 109248K, used 21824K [0x00000007a0000000, 0x00000007a8000000, 0x00000007a8000000)
  eden space 87424K,   0% used [0x00000007a0000000, 0x00000007a0000000, 0x00000007a5560000)
  from space 21824K, 100% used [0x00000007a5560000, 0x00000007a6ab0000, 0x00000007a6ab0000)
  to   space 21824K,   0% used [0x00000007a6ab0000, 0x00000007a6ab0000, 0x00000007a8000000)
 concurrent mark-sweep generation total 393216K, used 122036K [0x00000007a8000000, 0x00000007c0000000, 0x00000007c0000000)
 Metaspace       used 29385K, capacity 29740K, committed 30204K, reserved 1075200K
  class space    used 3367K, capacity 3457K, committed 3580K, reserved 1048576K
}
2016-02-28T18:30:15.443-0530: 1421.023: Total time for which application threads were stopped: 0.0102900 seconds
2016-02-28T18:30:15.444-0530: 1421.024: Total time for which application threads were stopped: 0.0002666 seconds
2016-02-28T18:30:15.638-0530: 1421.218: Total time for which application threads were stopped: 0.0000930 seconds
2016-02-28T18:30:15.639-0530: 1421.219: Total time for which application threads were stopped: 0.0001481 seconds
2016-02-28T18:30:15.642-0530: 1421.222: Total time for which application threads were stopped: 0.0001457 seconds
2016-02-28T18:30:15.643-0530: 1421.223: Total time for which application threads were stopped: 0.0001528 seconds
2016-02-28T18:30:15.689-0530: 1421.269: Total time for which application threads were stopped: 0.0001734 seconds
2016-02-28T18:30:15.697-0530: 1421.277: Total time for which application threads were stopped: 0.0000937 seconds
2016-02-28T18:30:15.701-0530: 1421.281: Total time for which application threads were stopped: 0.0001340 seconds
2016-02-28T18:30:15.701-0530: 1421.281: Total time for which application threads were stopped: 0.0000650 seconds
2016-02-28T18:30:15.702-0530: 1421.282: Total time for which application threads were stopped: 0.0001132 seconds
2016-02-28T18:30:15.702-0530: 1421.282: Total time for which application threads were stopped: 0.0000905 seconds
2016-02-28T18:30:15.702-0530: 1421.282: Total time for which application threads were stopped: 0.0000718 seconds
2016-02-28T18:30:15.705-0530: 1421.285: Total time for which application threads were stopped: 0.0001315 seconds
2016-02-28T18:30:15.711-0530: 1421.291: Total time for which application threads were stopped: 0.0001090 seconds
2016-02-28T18:30:15.718-0530: 1421.298: Total time for which application threads were stopped: 0.0000942 seconds
2016-02-28T18:30:15.724-0530: 1421.304: Total time for which application threads were stopped: 0.0000944 seconds
2016-02-28T18:30:15.730-0530: 1421.310: Total time for which application threads were stopped: 0.0000992 seconds
2016-02-28T18:30:15.786-0530: 1421.366: Total time for which application threads were stopped: 0.0001006 seconds
2016-02-28T18:30:16.133-0530: 1421.713: Total time for which application threads were stopped: 0.0001042 seconds
2016-02-28T18:30:16.133-0530: 1421.713: Total time for which application threads were stopped: 0.0000587 seconds
2016-02-28T18:30:16.134-0530: 1421.714: Total time for which application threads were stopped: 0.0000552 seconds
2016-02-28T18:30:16.135-0530: 1421.715: Total time for which application threads were stopped: 0.0000521 seconds
2016-02-28T18:30:16.136-0530: 1421.716: Total time for which application threads were stopped: 0.0000503 seconds
2016-02-28T18:30:16.136-0530: 1421.716: Total time for which application threads were stopped: 0.0001170 seconds
{Heap before GC invocations=48 (full 1):
 par new generation   total 109248K, used 109239K [0x00000007a0000000, 0x00000007a8000000, 0x00000007a8000000)
  eden space 87424K,  99% used [0x00000007a0000000, 0x00000007a555dcf8, 0x00000007a5560000)
  from space 21824K, 100% used [0x00000007a5560000, 0x00000007a6ab0000, 0x00000007a6ab0000)
  to   space 21824K,   0% used [0x00000007a6ab0000, 0x00000007a6ab0000, 0x00000007a8000000)
 concurrent mark-sweep generation total 393216K, used 122036K [0x00000007a8000000, 0x00000007c0000000, 0x00000007c0000000)
 Metaspace       used 29391K, capacity 29740K, committed 30204K, reserved 1075200K
  class space    used 3367K, capacity 3457K, committed 3580K, reserved 1048576K
2016-02-28T18:30:16.426-0530: 1422.006: [GC (Allocation Failure) 1422.006: [ParNew
Desired survivor size 20112992 bytes, new threshold 8 (max 8)
- age   1:    3133256 bytes,    3133256 total
- age   2:    2855640 bytes,    5988896 total
- age   3:    4353312 bytes,   10342208 total
- age   4:    3092312 bytes,   13434520 total
- age   5:    1526496 bytes,   14961016 total
- age   6:     793200 bytes,   15754216 total
- age   7:    1510696 bytes,   17264912 total
- age   8:    1818440 bytes,   19083352 total
: 109239K->21824K(109248K), 0.0103542 secs] 231275K->149234K(502464K), 0.0104132 secs] [Times: user=0.02 sys=0.01, real=0.01 secs] 
Heap after GC invocations=49 (full 1):
 par new generation   total 109248K, used 21824K [0x00000007a0000000, 0x00000007a8000000, 0x00000007a8000000)
  eden space 87424K,   0% used [0x00000007a0000000, 0x00000007a0000000, 0x00000007a5560000)
  from space 21824K, 100% used [0x00000007a6ab0000, 0x00000007a8000000, 0x00000007a8000000)
  to   space 21824K,   0% used [0x00000007a5560000, 0x00000007a5560000, 0x00000007a6ab0000)
 concurrent mark-sweep generation total 393216K, used 127410K [0x00000007a8000000, 0x00000007c0000000, 0x00000007c0000000)
 Metaspace       used 29391K, capacity 29740K, committed 30204K, reserved 1075200K
  class space    used 3367K, capacity 3457K, committed 3580K, reserved 1048576K
}
2016-02-28T18:30:16.436-0530: 1422.016: Total time for which application threads were stopped: 0.0106801 seconds
2016-02-28T18:30:17.438-0530: 1423.018: Total time for which application threads were stopped: 0.0002369 seconds
{Heap before GC invocations=49 (full 1):
 par new generation   total 109248K, used 109248K [0x00000007a0000000, 0x00000007a8000000, 0x00000007a8000000)
  eden space 87424K, 100% used [0x00000007a0000000, 0x00000007a5560000, 0x00000007a5560000)
  from space 21824K, 100% used [0x00000007a6ab0000, 0x00000007a8000000, 0x00000007a8000000)
  to   space 21824K,   0% used [0x00000007a5560000, 0x00000007a5560000, 0x00000007a6ab0000)
 concurrent mark-sweep generation total 393216K, used 127410K [0x00000007a8000000, 0x00000007c0000000, 0x00000007c0000000)
 Metaspace       used 29392K, capacity 29740K, committed 30204K, reserved 1075200K
  class space    used 3367K, capacity 3457K, committed 3580K, reserved 1048576K
2016-02-28T18:30:25.854-0530: 1431.434: [GC (Allocation Failure) 1431.434: [ParNew
Desired survivor size 20112992 bytes, new threshold 8 (max 8)
- age   1:    1895064 bytes,    1895064 total
- age   2:    1946368 bytes,    3841432 total
- age   3:    1703416 bytes,    5544848 total
- age   4:    4167112 bytes,    9711960 total
- age   5:    3092000 bytes,   12803960 total
- age   6:    1526456 bytes,   14330416 total
- age   7:     793200 bytes,   15123616 total
- age   8:    1510048 bytes,   16633664 total
: 109248K->21824K(109248K), 0.0100236 secs] 236658K->154243K(502464K), 0.0100800 secs] [Times: user=0.02 sys=0.01, real=0.01 secs] 
Heap after GC invocations=50 (full 1):
 par new generation   total 109248K, used 21824K [0x00000007a0000000, 0x00000007a8000000, 0x00000007a8000000)
  eden space 87424K,   0% used [0x00000007a0000000, 0x00000007a0000000, 0x00000007a5560000)
  from space 21824K, 100% used [0x00000007a5560000, 0x00000007a6ab0000, 0x00000007a6ab0000)
  to   space 21824K,   0% used [0x00000007a6ab0000, 0x00000007a6ab0000, 0x00000007a8000000)
 concurrent mark-sweep generation total 393216K, used 132419K [0x00000007a8000000, 0x00000007c0000000, 0x00000007c0000000)
 Metaspace       used 29392K, capacity 29740K, committed 30204K, reserved 1075200K
  class space    used 3367K, capacity 3457K, committed 3580K, reserved 1048576K
}
2016-02-28T18:30:25.864-0530: 1431.444: Total time for which application threads were stopped: 0.0103046 seconds
2016-02-28T18:30:26.864-0530: 1432.445: Total time for which application threads were stopped: 0.0001391 seconds
{Heap before GC invocations=50 (full 1):
 par new generation   total 109248K, used 109247K [0x00000007a0000000, 0x00000007a8000000, 0x00000007a8000000)
  eden space 87424K,  99% used [0x00000007a0000000, 0x00000007a555fd80, 0x00000007a5560000)
  from space 21824K, 100% used [0x00000007a5560000, 0x00000007a6ab0000, 0x00000007a6ab0000)
  to   space 21824K,   0% used [0x00000007a6ab0000, 0x00000007a6ab0000, 0x00000007a8000000)
 concurrent mark-sweep generation total 393216K, used 132419K [0x00000007a8000000, 0x00000007c0000000, 0x00000007c0000000)
 Metaspace       used 29405K, capacity 29740K, committed 30204K, reserved 1075200K
  class space    used 3367K, capacity 3457K, committed 3580K, reserved 1048576K
2016-02-28T18:30:42.832-0530: 1448.413: [GC (Allocation Failure) 1448.441: [ParNew
Desired survivor size 20112992 bytes, new threshold 8 (max 8)
- age   1:    5763504 bytes,    5763504 total
- age   2:    1586832 bytes,    7350336 total
- age   3:    1919304 bytes,    9269640 total
- age   4:    1702904 bytes,   10972544 total
- age   5:    4167112 bytes,   15139656 total
- age   6:    3016352 bytes,   18156008 total
- age   7:    1526224 bytes,   19682232 total
- age   8:     793200 bytes,   20475432 total
: 109247K->21824K(109248K), 0.0092980 secs] 241667K->156331K(502464K), 0.0379131 secs] [Times: user=0.02 sys=0.00, real=0.04 secs] 
Heap after GC invocations=51 (full 1):
 par new generation   total 109248K, used 21824K [0x00000007a0000000, 0x00000007a8000000, 0x00000007a8000000)
  eden space 87424K,   0% used [0x00000007a0000000, 0x00000007a0000000, 0x00000007a5560000)
  from space 21824K, 100% used [0x00000007a6ab0000, 0x00000007a8000000, 0x00000007a8000000)
  to   space 21824K,   0% used [0x00000007a5560000, 0x00000007a5560000, 0x00000007a6ab0000)
 concurrent mark-sweep generation total 393216K, used 134507K [0x00000007a8000000, 0x00000007c0000000, 0x00000007c0000000)
 Metaspace       used 29405K, capacity 29740K, committed 30204K, reserved 1075200K
  class space    used 3367K, capacity 3457K, committed 3580K, reserved 1048576K
}
2016-02-28T18:30:42.870-0530: 1448.451: Total time for which application threads were stopped: 0.0380996 seconds
{Heap before GC invocations=51 (full 1):
 par new generation   total 109248K, used 109248K [0x00000007a0000000, 0x00000007a8000000, 0x00000007a8000000)
  eden space 87424K, 100% used [0x00000007a0000000, 0x00000007a5560000, 0x00000007a5560000)
  from space 21824K, 100% used [0x00000007a6ab0000, 0x00000007a8000000, 0x00000007a8000000)
  to   space 21824K,   0% used [0x00000007a5560000, 0x00000007a5560000, 0x00000007a6ab0000)
 concurrent mark-sweep generation total 393216K, used 134507K [0x00000007a8000000, 0x00000007c0000000, 0x00000007c0000000)
 Metaspace       used 29405K, capacity 29740K, committed 30204K, reserved 1075200K
  class space    used 3367K, capacity 3457K, committed 3580K, reserved 1048576K
2016-02-28T18:30:43.498-0530: 1449.079: [GC (Allocation Failure) 1449.079: [ParNew
Desired survivor size 20112992 bytes, new threshold 7 (max 8)
- age   1:    5220376 bytes,    5220376 total
- age   2:    5354080 bytes,   10574456 total
- age   3:    1586728 bytes,   12161184 total
- age   4:    1918800 bytes,   14079984 total
- age   5:    1698080 bytes,   15778064 total
- age   6:    3022592 bytes,   18800656 total
- age   7:    2017720 bytes,   20818376 total
- age   8:    1526056 bytes,   22344432 total
: 109248K->21824K(109248K), 0.0094667 secs] 243755K->159528K(502464K), 0.0095243 secs] [Times: user=0.03 sys=0.00, real=0.01 secs] 
Heap after GC invocations=52 (full 1):
 par new generation   total 109248K, used 21824K [0x00000007a0000000, 0x00000007a8000000, 0x00000007a8000000)
  eden space 87424K,   0% used [0x00000007a0000000, 0x00000007a0000000, 0x00000007a5560000)
  from space 21824K, 100% used [0x00000007a5560000, 0x00000007a6ab0000, 0x00000007a6ab0000)
  to   space 21824K,   0% used [0x00000007a6ab0000, 0x00000007a6ab0000, 0x00000007a8000000)
 concurrent mark-sweep generation total 393216K, used 137704K [0x00000007a8000000, 0x00000007c0000000, 0x00000007c0000000)
 Metaspace       used 29405K, capacity 29740K, committed 30204K, reserved 1075200K
  class space    used 3367K, capacity 3457K, committed 3580K, reserved 1048576K
}
2016-02-28T18:30:43.508-0530: 1449.089: Total time for which application threads were stopped: 0.0097235 seconds
2016-02-28T18:30:43.639-0530: 1449.220: Total time for which application threads were stopped: 0.0001014 seconds
2016-02-28T18:30:43.639-0530: 1449.220: Total time for which application threads were stopped: 0.0000475 seconds
2016-02-28T18:30:43.640-0530: 1449.221: Total time for which application threads were stopped: 0.0000942 seconds
2016-02-28T18:30:43.661-0530: 1449.242: Total time for which application threads were stopped: 0.0001234 seconds
2016-02-28T18:30:43.661-0530: 1449.242: Total time for which application threads were stopped: 0.0000845 seconds
2016-02-28T18:30:43.661-0530: 1449.242: Total time for which application threads were stopped: 0.0000805 seconds
{Heap before GC invocations=52 (full 1):
 par new generation   total 109248K, used 109248K [0x00000007a0000000, 0x00000007a8000000, 0x00000007a8000000)
  eden space 87424K, 100% used [0x00000007a0000000, 0x00000007a5560000, 0x00000007a5560000)
  from space 21824K, 100% used [0x00000007a5560000, 0x00000007a6ab0000, 0x00000007a6ab0000)
  to   space 21824K,   0% used [0x00000007a6ab0000, 0x00000007a6ab0000, 0x00000007a8000000)
 concurrent mark-sweep generation total 393216K, used 137704K [0x00000007a8000000, 0x00000007c0000000, 0x00000007c0000000)
 Metaspace       used 29409K, capacity 29740K, committed 30204K, reserved 1075200K
  class space    used 3367K, capacity 3457K, committed 3580K, reserved 1048576K
2016-02-28T18:30:52.559-0530: 1458.140: [GC (Allocation Failure) 1458.153: [ParNew
Desired survivor size 20112992 bytes, new threshold 8 (max 8)
- age   1:    5713288 bytes,    5713288 total
- age   2:    1678704 bytes,    7391992 total
- age   3:    4771136 bytes,   12163128 total
- age   4:    1138488 bytes,   13301616 total
- age   5:    1918584 bytes,   15220200 total
- age   6:    1631488 bytes,   16851688 total
- age   7:    3022592 bytes,   19874280 total
: 109248K->21824K(109248K), 0.0113025 secs] 246952K->163879K(502464K), 0.0239804 secs] [Times: user=0.03 sys=0.01, real=0.03 secs] 
Heap after GC invocations=53 (full 1):
 par new generation   total 109248K, used 21824K [0x00000007a0000000, 0x00000007a8000000, 0x00000007a8000000)
  eden space 87424K,   0% used [0x00000007a0000000, 0x00000007a0000000, 0x00000007a5560000)
  from space 21824K, 100% used [0x00000007a6ab0000, 0x00000007a8000000, 0x00000007a8000000)
  to   space 21824K,   0% used [0x00000007a5560000, 0x00000007a5560000, 0x00000007a6ab0000)
 concurrent mark-sweep generation total 393216K, used 142055K [0x00000007a8000000, 0x00000007c0000000, 0x00000007c0000000)
 Metaspace       used 29409K, capacity 29740K, committed 30204K, reserved 1075200K
  class space    used 3367K, capacity 3457K, committed 3580K, reserved 1048576K
}
2016-02-28T18:30:52.583-0530: 1458.164: Total time for which application threads were stopped: 0.0242175 seconds
2016-02-28T18:30:52.896-0530: 1458.478: Total time for which application threads were stopped: 0.0000962 seconds
2016-02-28T18:30:52.897-0530: 1458.478: Total time for which application threads were stopped: 0.0000546 seconds
2016-02-28T18:30:52.923-0530: 1458.504: Total time for which application threads were stopped: 0.0002453 seconds
2016-02-28T18:30:52.924-0530: 1458.505: Total time for which application threads were stopped: 0.0001098 seconds
2016-02-28T18:30:52.924-0530: 1458.505: Total time for which application threads were stopped: 0.0001040 seconds
{Heap before GC invocations=53 (full 1):
 par new generation   total 109248K, used 109241K [0x00000007a0000000, 0x00000007a8000000, 0x00000007a8000000)
  eden space 87424K,  99% used [0x00000007a0000000, 0x00000007a555e548, 0x00000007a5560000)
  from space 21824K, 100% used [0x00000007a6ab0000, 0x00000007a8000000, 0x00000007a8000000)
  to   space 21824K,   0% used [0x00000007a5560000, 0x00000007a5560000, 0x00000007a6ab0000)
 concurrent mark-sweep generation total 393216K, used 142055K [0x00000007a8000000, 0x00000007c0000000, 0x00000007c0000000)
 Metaspace       used 29413K, capacity 29740K, committed 30204K, reserved 1075200K
  class space    used 3367K, capacity 3457K, committed 3580K, reserved 1048576K
2016-02-28T18:31:02.166-0530: 1467.747: [GC (Allocation Failure) 1467.776: [ParNew
Desired survivor size 20112992 bytes, new threshold 8 (max 8)
- age   1:    4669832 bytes,    4669832 total
- age   2:    2994392 bytes,    7664224 total
- age   3:    1678704 bytes,    9342928 total
- age   4:    4246792 bytes,   13589720 total
- age   5:    1071552 bytes,   14661272 total
- age   6:    1917616 bytes,   16578888 total
- age   7:    1631344 bytes,   18210232 total
- age   8:    2533376 bytes,   20743608 total
: 109241K->21824K(109248K), 0.0100691 secs] 251296K->164867K(502464K), 0.0387075 secs] [Times: user=0.02 sys=0.00, real=0.04 secs] 
Heap after GC invocations=54 (full 1):
 par new generation   total 109248K, used 21824K [0x00000007a0000000, 0x00000007a8000000, 0x00000007a8000000)
  eden space 87424K,   0% used [0x00000007a0000000, 0x00000007a0000000, 0x00000007a5560000)
  from space 21824K, 100% used [0x00000007a5560000, 0x00000007a6ab0000, 0x00000007a6ab0000)
  to   space 21824K,   0% used [0x00000007a6ab0000, 0x00000007a6ab0000, 0x00000007a8000000)
 concurrent mark-sweep generation total 393216K, used 143043K [0x00000007a8000000, 0x00000007c0000000, 0x00000007c0000000)
 Metaspace       used 29413K, capacity 29740K, committed 30204K, reserved 1075200K
  class space    used 3367K, capacity 3457K, committed 3580K, reserved 1048576K
}
2016-02-28T18:31:02.204-0530: 1467.786: Total time for which application threads were stopped: 0.0389113 seconds
{Heap before GC invocations=54 (full 1):
 par new generation   total 109248K, used 109248K [0x00000007a0000000, 0x00000007a8000000, 0x00000007a8000000)
  eden space 87424K, 100% used [0x00000007a0000000, 0x00000007a5560000, 0x00000007a5560000)
  from space 21824K, 100% used [0x00000007a5560000, 0x00000007a6ab0000, 0x00000007a6ab0000)
  to   space 21824K,   0% used [0x00000007a6ab0000, 0x00000007a6ab0000, 0x00000007a8000000)
 concurrent mark-sweep generation total 393216K, used 143043K [0x00000007a8000000, 0x00000007c0000000, 0x00000007c0000000)
 Metaspace       used 29413K, capacity 29740K, committed 30204K, reserved 1075200K
  class space    used 3367K, capacity 3457K, committed 3580K, reserved 1048576K
2016-02-28T18:31:02.869-0530: 1468.451: [GC (Allocation Failure) 1468.451: [ParNew
Desired survivor size 20112992 bytes, new threshold 8 (max 8)
- age   1:    5182400 bytes,    5182400 total
- age   2:    4038760 bytes,    9221160 total
- age   3:    2736048 bytes,   11957208 total
- age   4:    1678704 bytes,   13635912 total
- age   5:    3451544 bytes,   17087456 total
- age   6:     687728 bytes,   17775184 total
- age   7:    1916408 bytes,   19691592 total
- age   8:    1346832 bytes,   21038424 total
: 109248K->21824K(109248K), 0.0110145 secs] 252291K->169975K(502464K), 0.0110737 secs] [Times: user=0.02 sys=0.01, real=0.02 secs] 
Heap after GC invocations=55 (full 1):
 par new generation   total 109248K, used 21824K [0x00000007a0000000, 0x00000007a8000000, 0x00000007a8000000)
  eden space 87424K,   0% used [0x00000007a0000000, 0x00000007a0000000, 0x00000007a5560000)
  from space 21824K, 100% used [0x00000007a6ab0000, 0x00000007a8000000, 0x00000007a8000000)
  to   space 21824K,   0% used [0x00000007a5560000, 0x00000007a5560000, 0x00000007a6ab0000)
 concurrent mark-sweep generation total 393216K, used 148151K [0x00000007a8000000, 0x00000007c0000000, 0x00000007c0000000)
 Metaspace       used 29413K, capacity 29740K, committed 30204K, reserved 1075200K
  class space    used 3367K, capacity 3457K, committed 3580K, reserved 1048576K
}
2016-02-28T18:31:02.880-0530: 1468.462: Total time for which application threads were stopped: 0.0112894 seconds
2016-02-28T18:31:02.882-0530: 1468.464: Total time for which application threads were stopped: 0.0000977 seconds
2016-02-28T18:31:02.883-0530: 1468.465: Total time for which application threads were stopped: 0.0000588 seconds
2016-02-28T18:31:02.905-0530: 1468.487: Total time for which application threads were stopped: 0.0000961 seconds
2016-02-28T18:31:02.905-0530: 1468.487: Total time for which application threads were stopped: 0.0000586 seconds
2016-02-28T18:31:02.906-0530: 1468.488: Total time for which application threads were stopped: 0.0001032 seconds
2016-02-28T18:31:02.906-0530: 1468.488: Total time for which application threads were stopped: 0.0000813 seconds
2016-02-28T18:31:02.907-0530: 1468.488: Total time for which application threads were stopped: 0.0000695 seconds
{Heap before GC invocations=55 (full 1):
 par new generation   total 109248K, used 109248K [0x00000007a0000000, 0x00000007a8000000, 0x00000007a8000000)
  eden space 87424K, 100% used [0x00000007a0000000, 0x00000007a5560000, 0x00000007a5560000)
  from space 21824K, 100% used [0x00000007a6ab0000, 0x00000007a8000000, 0x00000007a8000000)
  to   space 21824K,   0% used [0x00000007a5560000, 0x00000007a5560000, 0x00000007a6ab0000)
 concurrent mark-sweep generation total 393216K, used 148151K [0x00000007a8000000, 0x00000007c0000000, 0x00000007c0000000)
 Metaspace       used 29416K, capacity 29804K, committed 30204K, reserved 1075200K
  class space    used 3367K, capacity 3457K, committed 3580K, reserved 1048576K
2016-02-28T18:31:13.320-0530: 1478.902: [GC (Allocation Failure) 1478.902: [ParNew
Desired survivor size 20112992 bytes, new threshold 8 (max 8)
- age   1:    4113480 bytes,    4113480 total
- age   2:    1541504 bytes,    5654984 total
- age   3:    3008360 bytes,    8663344 total
- age   4:    2594080 bytes,   11257424 total
- age   5:     293424 bytes,   11550848 total
- age   6:    3449080 bytes,   14999928 total
- age   7:     687360 bytes,   15687288 total
- age   8:    1914920 bytes,   17602208 total
: 109248K->21824K(109248K), 0.0168284 secs] 257399K->174744K(502464K), 0.0169023 secs] [Times: user=0.03 sys=0.01, real=0.01 secs] 
Heap after GC invocations=56 (full 1):
 par new generation   total 109248K, used 21824K [0x00000007a0000000, 0x00000007a8000000, 0x00000007a8000000)
  eden space 87424K,   0% used [0x00000007a0000000, 0x00000007a0000000, 0x00000007a5560000)
  from space 21824K, 100% used [0x00000007a5560000, 0x00000007a6ab0000, 0x00000007a6ab0000)
  to   space 21824K,   0% used [0x00000007a6ab0000, 0x00000007a6ab0000, 0x00000007a8000000)
 concurrent mark-sweep generation total 393216K, used 152920K [0x00000007a8000000, 0x00000007c0000000, 0x00000007c0000000)
 Metaspace       used 29416K, capacity 29804K, committed 30204K, reserved 1075200K
  class space    used 3367K, capacity 3457K, committed 3580K, reserved 1048576K
}
2016-02-28T18:31:13.337-0530: 1478.919: Total time for which application threads were stopped: 0.0171351 seconds
2016-02-28T18:31:14.339-0530: 1479.921: Total time for which application threads were stopped: 0.0001693 seconds
{Heap before GC invocations=56 (full 1):
 par new generation   total 109248K, used 109226K [0x00000007a0000000, 0x00000007a8000000, 0x00000007a8000000)
  eden space 87424K,  99% used [0x00000007a0000000, 0x00000007a555a8b8, 0x00000007a5560000)
  from space 21824K, 100% used [0x00000007a5560000, 0x00000007a6ab0000, 0x00000007a6ab0000)
  to   space 21824K,   0% used [0x00000007a6ab0000, 0x00000007a6ab0000, 0x00000007a8000000)
 concurrent mark-sweep generation total 393216K, used 152920K [0x00000007a8000000, 0x00000007c0000000, 0x00000007c0000000)
 Metaspace       used 29420K, capacity 29804K, committed 30204K, reserved 1075200K
  class space    used 3367K, capacity 3457K, committed 3580K, reserved 1048576K
2016-02-28T18:31:22.863-0530: 1488.445: [GC (Allocation Failure) 1488.445: [ParNew
Desired survivor size 20112992 bytes, new threshold 8 (max 8)
- age   1:    5544904 bytes,    5544904 total
- age   2:    3158416 bytes,    8703320 total
- age   3:    1541456 bytes,   10244776 total
- age   4:    3006376 bytes,   13251152 total
- age   5:    2526616 bytes,   15777768 total
- age   6:     293424 bytes,   16071192 total
- age   7:    3443384 bytes,   19514576 total
- age   8:     687336 bytes,   20201912 total
: 109226K->21824K(109248K), 0.0095111 secs] 262146K->177626K(502464K), 0.0095794 secs] [Times: user=0.03 sys=0.00, real=0.01 secs] 
Heap after GC invocations=57 (full 1):
 par new generation   total 109248K, used 21824K [0x00000007a0000000, 0x00000007a8000000, 0x00000007a8000000)
  eden space 87424K,   0% used [0x00000007a0000000, 0x00000007a0000000, 0x00000007a5560000)
  from space 21824K, 100% used [0x00000007a6ab0000, 0x00000007a8000000, 0x00000007a8000000)
  to   space 21824K,   0% used [0x00000007a5560000, 0x00000007a5560000, 0x00000007a6ab0000)
 concurrent mark-sweep generation total 393216K, used 155802K [0x00000007a8000000, 0x00000007c0000000, 0x00000007c0000000)
 Metaspace       used 29420K, capacity 29804K, committed 30204K, reserved 1075200K
  class space    used 3367K, capacity 3457K, committed 3580K, reserved 1048576K
}
2016-02-28T18:31:22.872-0530: 1488.455: Total time for which application threads were stopped: 0.0098021 seconds
2016-02-28T18:31:23.530-0530: 1489.113: Total time for which application threads were stopped: 0.0001002 seconds
2016-02-28T18:31:23.530-0530: 1489.113: Total time for which application threads were stopped: 0.0000590 seconds
2016-02-28T18:31:23.531-0530: 1489.114: Total time for which application threads were stopped: 0.0000753 seconds
2016-02-28T18:31:23.531-0530: 1489.114: Total time for which application threads were stopped: 0.0000590 seconds
2016-02-28T18:31:23.571-0530: 1489.154: Total time for which application threads were stopped: 0.0002362 seconds
2016-02-28T18:31:23.571-0530: 1489.154: Total time for which application threads were stopped: 0.0001384 seconds
2016-02-28T18:31:23.572-0530: 1489.154: Total time for which application threads were stopped: 0.0001733 seconds
{Heap before GC invocations=57 (full 1):
 par new generation   total 109248K, used 109248K [0x00000007a0000000, 0x00000007a8000000, 0x00000007a8000000)
  eden space 87424K, 100% used [0x00000007a0000000, 0x00000007a5560000, 0x00000007a5560000)
  from space 21824K, 100% used [0x00000007a6ab0000, 0x00000007a8000000, 0x00000007a8000000)
  to   space 21824K,   0% used [0x00000007a5560000, 0x00000007a5560000, 0x00000007a6ab0000)
 concurrent mark-sweep generation total 393216K, used 155802K [0x00000007a8000000, 0x00000007c0000000, 0x00000007c0000000)
 Metaspace       used 29424K, capacity 29804K, committed 30204K, reserved 1075200K
  class space    used 3367K, capacity 3457K, committed 3580K, reserved 1048576K
2016-02-28T18:31:33.024-0530: 1498.607: [GC (Allocation Failure) 1498.622: [ParNew
Desired survivor size 20112992 bytes, new threshold 8 (max 8)
- age   1:    4679776 bytes,    4679776 total
- age   2:    3686504 bytes,    8366280 total
- age   3:    3157248 bytes,   11523528 total
- age   4:    1541400 bytes,   13064928 total
- age   5:    2342112 bytes,   15407040 total
- age   6:    2526616 bytes,   17933656 total
- age   7:     293424 bytes,   18227080 total
- age   8:    3443320 bytes,   21670400 total
: 109248K->21824K(109248K), 0.0131592 secs] 265050K->181539K(502464K), 0.0284287 secs] [Times: user=0.03 sys=0.00, real=0.03 secs] 
Heap after GC invocations=58 (full 1):
 par new generation   total 109248K, used 21824K [0x00000007a0000000, 0x00000007a8000000, 0x00000007a8000000)
  eden space 87424K,   0% used [0x00000007a0000000, 0x00000007a0000000, 0x00000007a5560000)
  from space 21824K, 100% used [0x00000007a5560000, 0x00000007a6ab0000, 0x00000007a6ab0000)
  to   space 21824K,   0% used [0x00000007a6ab0000, 0x00000007a6ab0000, 0x00000007a8000000)
 concurrent mark-sweep generation total 393216K, used 159715K [0x00000007a8000000, 0x00000007c0000000, 0x00000007c0000000)
 Metaspace       used 29424K, capacity 29804K, committed 30204K, reserved 1075200K
  class space    used 3367K, capacity 3457K, committed 3580K, reserved 1048576K
}
2016-02-28T18:31:33.052-0530: 1498.635: Total time for which application threads were stopped: 0.0286537 seconds
{Heap before GC invocations=58 (full 1):
 par new generation   total 109248K, used 109248K [0x00000007a0000000, 0x00000007a8000000, 0x00000007a8000000)
  eden space 87424K, 100% used [0x00000007a0000000, 0x00000007a5560000, 0x00000007a5560000)
  from space 21824K, 100% used [0x00000007a5560000, 0x00000007a6ab0000, 0x00000007a6ab0000)
  to   space 21824K,   0% used [0x00000007a6ab0000, 0x00000007a6ab0000, 0x00000007a8000000)
 concurrent mark-sweep generation total 393216K, used 159715K [0x00000007a8000000, 0x00000007c0000000, 0x00000007c0000000)
 Metaspace       used 29424K, capacity 29804K, committed 30204K, reserved 1075200K
  class space    used 3367K, capacity 3457K, committed 3580K, reserved 1048576K
2016-02-28T18:31:33.790-0530: 1499.373: [GC (Allocation Failure) 1499.373: [ParNew
Desired survivor size 20112992 bytes, new threshold 7 (max 8)
- age   1:    4857680 bytes,    4857680 total
- age   2:    4204120 bytes,    9061800 total
- age   3:    2336720 bytes,   11398520 total
- age   4:    2744784 bytes,   14143304 total
- age   5:    1540312 bytes,   15683616 total
- age   6:    2324768 bytes,   18008384 total
- age   7:    2523424 bytes,   20531808 total
: 109248K->21824K(109248K), 0.0162734 secs] 268963K->187598K(502464K), 0.0163637 secs] [Times: user=0.03 sys=0.00, real=0.01 secs] 
Heap after GC invocations=59 (full 1):
 par new generation   total 109248K, used 21824K [0x00000007a0000000, 0x00000007a8000000, 0x00000007a8000000)
  eden space 87424K,   0% used [0x00000007a0000000, 0x00000007a0000000, 0x00000007a5560000)
  from space 21824K, 100% used [0x00000007a6ab0000, 0x00000007a8000000, 0x00000007a8000000)
  to   space 21824K,   0% used [0x00000007a5560000, 0x00000007a5560000, 0x00000007a6ab0000)
 concurrent mark-sweep generation total 393216K, used 165774K [0x00000007a8000000, 0x00000007c0000000, 0x00000007c0000000)
 Metaspace       used 29424K, capacity 29804K, committed 30204K, reserved 1075200K
  class space    used 3367K, capacity 3457K, committed 3580K, reserved 1048576K
}
2016-02-28T18:31:33.806-0530: 1499.389: Total time for which application threads were stopped: 0.0165981 seconds
2016-02-28T18:31:34.810-0530: 1500.393: Total time for which application threads were stopped: 0.0001416 seconds
{Heap before GC invocations=59 (full 1):
 par new generation   total 109248K, used 109241K [0x00000007a0000000, 0x00000007a8000000, 0x00000007a8000000)
  eden space 87424K,  99% used [0x00000007a0000000, 0x00000007a555e400, 0x00000007a5560000)
  from space 21824K, 100% used [0x00000007a6ab0000, 0x00000007a8000000, 0x00000007a8000000)
  to   space 21824K,   0% used [0x00000007a5560000, 0x00000007a5560000, 0x00000007a6ab0000)
 concurrent mark-sweep generation total 393216K, used 165774K [0x00000007a8000000, 0x00000007c0000000, 0x00000007c0000000)
 Metaspace       used 29430K, capacity 29804K, committed 30204K, reserved 1075200K
  class space    used 3367K, capacity 3457K, committed 3580K, reserved 1048576K
2016-02-28T18:31:43.375-0530: 1508.958: [GC (Allocation Failure) 1508.967: [ParNew
Desired survivor size 20112992 bytes, new threshold 7 (max 8)
- age   1:    4466664 bytes,    4466664 total
- age   2:    4584848 bytes,    9051512 total
- age   3:    4177608 bytes,   13229120 total
- age   4:    2336584 bytes,   15565704 total
- age   5:    2677704 bytes,   18243408 total
- age   6:    1540312 bytes,   19783720 total
- age   7:    2324520 bytes,   22108240 total
: 109241K->21824K(109248K), 0.0122531 secs] 275015K->191710K(502464K), 0.0210590 secs] [Times: user=0.03 sys=0.01, real=0.02 secs] 
Heap after GC invocations=60 (full 1):
 par new generation   total 109248K, used 21824K [0x00000007a0000000, 0x00000007a8000000, 0x00000007a8000000)
  eden space 87424K,   0% used [0x00000007a0000000, 0x00000007a0000000, 0x00000007a5560000)
  from space 21824K, 100% used [0x00000007a5560000, 0x00000007a6ab0000, 0x00000007a6ab0000)
  to   space 21824K,   0% used [0x00000007a6ab0000, 0x00000007a6ab0000, 0x00000007a8000000)
 concurrent mark-sweep generation total 393216K, used 169886K [0x00000007a8000000, 0x00000007c0000000, 0x00000007c0000000)
 Metaspace       used 29430K, capacity 29804K, committed 30204K, reserved 1075200K
  class space    used 3367K, capacity 3457K, committed 3580K, reserved 1048576K
}
2016-02-28T18:31:43.396-0530: 1508.980: Total time for which application threads were stopped: 0.0212411 seconds
2016-02-28T18:31:43.898-0530: 1509.482: Total time for which application threads were stopped: 0.0000881 seconds
2016-02-28T18:31:43.898-0530: 1509.482: Total time for which application threads were stopped: 0.0001244 seconds
2016-02-28T18:31:43.899-0530: 1509.483: Total time for which application threads were stopped: 0.0001125 seconds
2016-02-28T18:31:43.900-0530: 1509.483: Total time for which application threads were stopped: 0.0000699 seconds
2016-02-28T18:31:43.937-0530: 1509.520: Total time for which application threads were stopped: 0.0001217 seconds
2016-02-28T18:31:43.937-0530: 1509.520: Total time for which application threads were stopped: 0.0001165 seconds
2016-02-28T18:31:43.937-0530: 1509.520: Total time for which application threads were stopped: 0.0001100 seconds
2016-02-28T18:31:48.945-0530: 1514.529: Total time for which application threads were stopped: 0.0001075 seconds
{Heap before GC invocations=60 (full 1):
 par new generation   total 109248K, used 109248K [0x00000007a0000000, 0x00000007a8000000, 0x00000007a8000000)
  eden space 87424K, 100% used [0x00000007a0000000, 0x00000007a5560000, 0x00000007a5560000)
  from space 21824K, 100% used [0x00000007a5560000, 0x00000007a6ab0000, 0x00000007a6ab0000)
  to   space 21824K,   0% used [0x00000007a6ab0000, 0x00000007a6ab0000, 0x00000007a8000000)
 concurrent mark-sweep generation total 393216K, used 169886K [0x00000007a8000000, 0x00000007c0000000, 0x00000007c0000000)
 Metaspace       used 29434K, capacity 29804K, committed 30204K, reserved 1075200K
  class space    used 3367K, capacity 3457K, committed 3580K, reserved 1048576K
2016-02-28T18:31:53.492-0530: 1519.076: [GC (Allocation Failure) 1519.101: [ParNew
Desired survivor size 20112992 bytes, new threshold 7 (max 8)
- age   1:    4028728 bytes,    4028728 total
- age   2:    2776088 bytes,    6804816 total
- age   3:    4567048 bytes,   11371864 total
- age   4:    4036088 bytes,   15407952 total
- age   5:    1777368 bytes,   17185320 total
- age   6:    2152960 bytes,   19338280 total
- age   7:    1540312 bytes,   20878592 total
: 109248K->21824K(109248K), 0.0122942 secs] 279134K->198403K(502464K), 0.0377366 secs] [Times: user=0.03 sys=0.00, real=0.04 secs] 
Heap after GC invocations=61 (full 1):
 par new generation   total 109248K, used 21824K [0x00000007a0000000, 0x00000007a8000000, 0x00000007a8000000)
  eden space 87424K,   0% used [0x00000007a0000000, 0x00000007a0000000, 0x00000007a5560000)
  from space 21824K, 100% used [0x00000007a6ab0000, 0x00000007a8000000, 0x00000007a8000000)
  to   space 21824K,   0% used [0x00000007a5560000, 0x00000007a5560000, 0x00000007a6ab0000)
 concurrent mark-sweep generation total 393216K, used 176579K [0x00000007a8000000, 0x00000007c0000000, 0x00000007c0000000)
 Metaspace       used 29434K, capacity 29804K, committed 30204K, reserved 1075200K
  class space    used 3367K, capacity 3457K, committed 3580K, reserved 1048576K
}
2016-02-28T18:31:53.530-0530: 1519.114: Total time for which application threads were stopped: 0.0379798 seconds
{Heap before GC invocations=61 (full 1):
 par new generation   total 109248K, used 109248K [0x00000007a0000000, 0x00000007a8000000, 0x00000007a8000000)
  eden space 87424K, 100% used [0x00000007a0000000, 0x00000007a5560000, 0x00000007a5560000)
  from space 21824K, 100% used [0x00000007a6ab0000, 0x00000007a8000000, 0x00000007a8000000)
  to   space 21824K,   0% used [0x00000007a5560000, 0x00000007a5560000, 0x00000007a6ab0000)
 concurrent mark-sweep generation total 393216K, used 176579K [0x00000007a8000000, 0x00000007c0000000, 0x00000007c0000000)
 Metaspace       used 29434K, capacity 29804K, committed 30204K, reserved 1075200K
  class space    used 3367K, capacity 3457K, committed 3580K, reserved 1048576K
2016-02-28T18:31:54.129-0530: 1519.713: [GC (Allocation Failure) 1519.713: [ParNew
Desired survivor size 20112992 bytes, new threshold 6 (max 8)
- age   1:    4208360 bytes,    4208360 total
- age   2:    3492176 bytes,    7700536 total
- age   3:    2773488 bytes,   10474024 total
- age   4:    4567048 bytes,   15041072 total
- age   5:    4035632 bytes,   19076704 total
- age   6:    1488768 bytes,   20565472 total
- age   7:    1491392 bytes,   22056864 total
: 109248K->21824K(109248K), 0.0099715 secs] 285827K->202098K(502464K), 0.0100523 secs] [Times: user=0.02 sys=0.00, real=0.01 secs] 
Heap after GC invocations=62 (full 1):
 par new generation   total 109248K, used 21824K [0x00000007a0000000, 0x00000007a8000000, 0x00000007a8000000)
  eden space 87424K,   0% used [0x00000007a0000000, 0x00000007a0000000, 0x00000007a5560000)
  from space 21824K, 100% used [0x00000007a5560000, 0x00000007a6ab0000, 0x00000007a6ab0000)
  to   space 21824K,   0% used [0x00000007a6ab0000, 0x00000007a6ab0000, 0x00000007a8000000)
 concurrent mark-sweep generation total 393216K, used 180274K [0x00000007a8000000, 0x00000007c0000000, 0x00000007c0000000)
 Metaspace       used 29434K, capacity 29804K, committed 30204K, reserved 1075200K
  class space    used 3367K, capacity 3457K, committed 3580K, reserved 1048576K
}
2016-02-28T18:31:54.139-0530: 1519.723: Total time for which application threads were stopped: 0.0102370 seconds
2016-02-28T18:31:54.270-0530: 1519.854: Total time for which application threads were stopped: 0.0001527 seconds
2016-02-28T18:31:54.270-0530: 1519.854: Total time for which application threads were stopped: 0.0000786 seconds
2016-02-28T18:31:54.271-0530: 1519.855: Total time for which application threads were stopped: 0.0000583 seconds
2016-02-28T18:31:54.273-0530: 1519.857: Total time for which application threads were stopped: 0.0001573 seconds
2016-02-28T18:31:54.274-0530: 1519.858: Total time for which application threads were stopped: 0.0001223 seconds
2016-02-28T18:31:54.276-0530: 1519.859: Total time for which application threads were stopped: 0.0001720 seconds
2016-02-28T18:31:54.294-0530: 1519.878: Total time for which application threads were stopped: 0.0001935 seconds
2016-02-28T18:31:54.298-0530: 1519.882: Total time for which application threads were stopped: 0.0001638 seconds
2016-02-28T18:31:54.299-0530: 1519.882: Total time for which application threads were stopped: 0.0001269 seconds
2016-02-28T18:31:54.299-0530: 1519.883: Total time for which application threads were stopped: 0.0001480 seconds
2016-02-28T18:31:54.368-0530: 1519.952: Total time for which application threads were stopped: 0.0001032 seconds
2016-02-28T18:31:54.472-0530: 1520.056: Total time for which application threads were stopped: 0.0001071 seconds
2016-02-28T18:31:54.481-0530: 1520.065: Total time for which application threads were stopped: 0.0001286 seconds
2016-02-28T18:31:54.490-0530: 1520.074: Total time for which application threads were stopped: 0.0001129 seconds
2016-02-28T18:31:54.508-0530: 1520.092: Total time for which application threads were stopped: 0.0000967 seconds
2016-02-28T18:31:54.515-0530: 1520.098: Total time for which application threads were stopped: 0.0000889 seconds
2016-02-28T18:31:54.520-0530: 1520.104: Total time for which application threads were stopped: 0.0001051 seconds
2016-02-28T18:31:54.806-0530: 1520.390: Total time for which application threads were stopped: 0.0003764 seconds
2016-02-28T18:31:54.807-0530: 1520.391: Total time for which application threads were stopped: 0.0000591 seconds
2016-02-28T18:31:54.812-0530: 1520.396: Total time for which application threads were stopped: 0.0001719 seconds
{Heap before GC invocations=62 (full 1):
 par new generation   total 109248K, used 109248K [0x00000007a0000000, 0x00000007a8000000, 0x00000007a8000000)
  eden space 87424K, 100% used [0x00000007a0000000, 0x00000007a5560000, 0x00000007a5560000)
  from space 21824K, 100% used [0x00000007a5560000, 0x00000007a6ab0000, 0x00000007a6ab0000)
  to   space 21824K,   0% used [0x00000007a6ab0000, 0x00000007a6ab0000, 0x00000007a8000000)
 concurrent mark-sweep generation total 393216K, used 180274K [0x00000007a8000000, 0x00000007c0000000, 0x00000007c0000000)
 Metaspace       used 29455K, capacity 29804K, committed 30204K, reserved 1075200K
  class space    used 3367K, capacity 3457K, committed 3580K, reserved 1048576K
2016-02-28T18:31:55.166-0530: 1520.749: [GC (Allocation Failure) 1520.749: [ParNew
Desired survivor size 20112992 bytes, new threshold 6 (max 8)
- age   1:    2116176 bytes,    2116176 total
- age   2:    3789872 bytes,    5906048 total
- age   3:    3467176 bytes,    9373224 total
- age   4:    2773408 bytes,   12146632 total
- age   5:    4567048 bytes,   16713680 total
- age   6:    4035472 bytes,   20749152 total
: 109248K->21824K(109248K), 0.0100103 secs] 289522K->205896K(502464K), 0.0100662 secs] [Times: user=0.02 sys=0.01, real=0.01 secs] 
Heap after GC invocations=63 (full 1):
 par new generation   total 109248K, used 21824K [0x00000007a0000000, 0x00000007a8000000, 0x00000007a8000000)
  eden space 87424K,   0% used [0x00000007a0000000, 0x00000007a0000000, 0x00000007a5560000)
  from space 21824K, 100% used [0x00000007a6ab0000, 0x00000007a8000000, 0x00000007a8000000)
  to   space 21824K,   0% used [0x00000007a5560000, 0x00000007a5560000, 0x00000007a6ab0000)
 concurrent mark-sweep generation total 393216K, used 184072K [0x00000007a8000000, 0x00000007c0000000, 0x00000007c0000000)
 Metaspace       used 29455K, capacity 29804K, committed 30204K, reserved 1075200K
  class space    used 3367K, capacity 3457K, committed 3580K, reserved 1048576K
}
2016-02-28T18:31:55.176-0530: 1520.759: Total time for which application threads were stopped: 0.0102612 seconds
{Heap before GC invocations=63 (full 1):
 par new generation   total 109248K, used 109241K [0x00000007a0000000, 0x00000007a8000000, 0x00000007a8000000)
  eden space 87424K,  99% used [0x00000007a0000000, 0x00000007a555e6a8, 0x00000007a5560000)
  from space 21824K, 100% used [0x00000007a6ab0000, 0x00000007a8000000, 0x00000007a8000000)
  to   space 21824K,   0% used [0x00000007a5560000, 0x00000007a5560000, 0x00000007a6ab0000)
 concurrent mark-sweep generation total 393216K, used 184072K [0x00000007a8000000, 0x00000007c0000000, 0x00000007c0000000)
 Metaspace       used 29455K, capacity 29804K, committed 30204K, reserved 1075200K
  class space    used 3367K, capacity 3457K, committed 3580K, reserved 1048576K
2016-02-28T18:32:05.526-0530: 1531.111: [GC (Allocation Failure) 1531.124: [ParNew
Desired survivor size 20112992 bytes, new threshold 8 (max 8)
- age   1:    3550304 bytes,    3550304 total
- age   2:    1711944 bytes,    5262248 total
- age   3:     942272 bytes,    6204520 total
- age   4:    3111608 bytes,    9316128 total
- age   5:    2773152 bytes,   12089280 total
- age   6:    4567048 bytes,   16656328 total
: 109241K->21824K(109248K), 0.0118394 secs] 293313K->213202K(502464K), 0.0256579 secs] [Times: user=0.03 sys=0.01, real=0.03 secs] 
Heap after GC invocations=64 (full 1):
 par new generation   total 109248K, used 21824K [0x00000007a0000000, 0x00000007a8000000, 0x00000007a8000000)
  eden space 87424K,   0% used [0x00000007a0000000, 0x00000007a0000000, 0x00000007a5560000)
  from space 21824K, 100% used [0x00000007a5560000, 0x00000007a6ab0000, 0x00000007a6ab0000)
  to   space 21824K,   0% used [0x00000007a6ab0000, 0x00000007a6ab0000, 0x00000007a8000000)
 concurrent mark-sweep generation total 393216K, used 191378K [0x00000007a8000000, 0x00000007c0000000, 0x00000007c0000000)
 Metaspace       used 29455K, capacity 29804K, committed 30204K, reserved 1075200K
  class space    used 3367K, capacity 3457K, committed 3580K, reserved 1048576K
}
2016-02-28T18:32:05.552-0530: 1531.136: Total time for which application threads were stopped: 0.0258602 seconds
2016-02-28T18:32:06.081-0530: 1531.665: Total time for which application threads were stopped: 0.0001958 seconds
2016-02-28T18:32:06.081-0530: 1531.665: Total time for which application threads were stopped: 0.0000943 seconds
2016-02-28T18:32:06.081-0530: 1531.665: Total time for which application threads were stopped: 0.0000604 seconds
{Heap before GC invocations=64 (full 1):
 par new generation   total 109248K, used 109248K [0x00000007a0000000, 0x00000007a8000000, 0x00000007a8000000)
  eden space 87424K, 100% used [0x00000007a0000000, 0x00000007a5560000, 0x00000007a5560000)
  from space 21824K, 100% used [0x00000007a5560000, 0x00000007a6ab0000, 0x00000007a6ab0000)
  to   space 21824K,   0% used [0x00000007a6ab0000, 0x00000007a6ab0000, 0x00000007a8000000)
 concurrent mark-sweep generation total 393216K, used 191378K [0x00000007a8000000, 0x00000007c0000000, 0x00000007c0000000)
 Metaspace       used 29456K, capacity 29804K, committed 30204K, reserved 1075200K
  class space    used 3367K, capacity 3457K, committed 3580K, reserved 1048576K
2016-02-28T18:32:15.985-0530: 1541.570: [GC (Allocation Failure) 1541.581: [ParNew
Desired survivor size 20112992 bytes, new threshold 8 (max 8)
- age   1:    4169248 bytes,    4169248 total
- age   2:    1144896 bytes,    5314144 total
- age   3:    1693112 bytes,    7007256 total
- age   4:     942272 bytes,    7949528 total
- age   5:    3108520 bytes,   11058048 total
- age   6:    2769520 bytes,   13827568 total
- age   7:    4567048 bytes,   18394616 total
: 109248K->21824K(109248K), 0.0073926 secs] 300626K->213262K(502464K), 0.0183153 secs] [Times: user=0.02 sys=0.00, real=0.02 secs] 
Heap after GC invocations=65 (full 1):
 par new generation   total 109248K, used 21824K [0x00000007a0000000, 0x00000007a8000000, 0x00000007a8000000)
  eden space 87424K,   0% used [0x00000007a0000000, 0x00000007a0000000, 0x00000007a5560000)
  from space 21824K, 100% used [0x00000007a6ab0000, 0x00000007a8000000, 0x00000007a8000000)
  to   space 21824K,   0% used [0x00000007a5560000, 0x00000007a5560000, 0x00000007a6ab0000)
 concurrent mark-sweep generation total 393216K, used 191438K [0x00000007a8000000, 0x00000007c0000000, 0x00000007c0000000)
 Metaspace       used 29456K, capacity 29804K, committed 30204K, reserved 1075200K
  class space    used 3367K, capacity 3457K, committed 3580K, reserved 1048576K
}
2016-02-28T18:32:16.003-0530: 1541.588: Total time for which application threads were stopped: 0.0185324 seconds
{Heap before GC invocations=65 (full 1):
 par new generation   total 109248K, used 109248K [0x00000007a0000000, 0x00000007a8000000, 0x00000007a8000000)
  eden space 87424K, 100% used [0x00000007a0000000, 0x00000007a5560000, 0x00000007a5560000)
  from space 21824K, 100% used [0x00000007a6ab0000, 0x00000007a8000000, 0x00000007a8000000)
  to   space 21824K,   0% used [0x00000007a5560000, 0x00000007a5560000, 0x00000007a6ab0000)
 concurrent mark-sweep generation total 393216K, used 191438K [0x00000007a8000000, 0x00000007c0000000, 0x00000007c0000000)
 Metaspace       used 29457K, capacity 29804K, committed 30204K, reserved 1075200K
  class space    used 3367K, capacity 3457K, committed 3580K, reserved 1048576K
2016-02-28T18:32:16.900-0530: 1542.484: [GC (Allocation Failure) 1542.484: [ParNew
Desired survivor size 20112992 bytes, new threshold 8 (max 8)
- age   1:    4424520 bytes,    4424520 total
- age   2:    3781928 bytes,    8206448 total
- age   3:    1144896 bytes,    9351344 total
- age   4:    1692200 bytes,   11043544 total
- age   5:     942272 bytes,   11985816 total
- age   6:    2671280 bytes,   14657096 total
- age   7:    2747688 bytes,   17404784 total
- age   8:    4567048 bytes,   21971832 total
: 109248K->21824K(109248K), 0.0100980 secs] 300686K->214631K(502464K), 0.0101609 secs] [Times: user=0.03 sys=0.00, real=0.01 secs] 
Heap after GC invocations=66 (full 1):
 par new generation   total 109248K, used 21824K [0x00000007a0000000, 0x00000007a8000000, 0x00000007a8000000)
  eden space 87424K,   0% used [0x00000007a0000000, 0x00000007a0000000, 0x00000007a5560000)
  from space 21824K, 100% used [0x00000007a5560000, 0x00000007a6ab0000, 0x00000007a6ab0000)
  to   space 21824K,   0% used [0x00000007a6ab0000, 0x00000007a6ab0000, 0x00000007a8000000)
 concurrent mark-sweep generation total 393216K, used 192807K [0x00000007a8000000, 0x00000007c0000000, 0x00000007c0000000)
 Metaspace       used 29457K, capacity 29804K, committed 30204K, reserved 1075200K
  class space    used 3367K, capacity 3457K, committed 3580K, reserved 1048576K
}
2016-02-28T18:32:16.910-0530: 1542.495: Total time for which application threads were stopped: 0.0103962 seconds
2016-02-28T18:32:17.910-0530: 1543.495: Total time for which application threads were stopped: 0.0001650 seconds
{Heap before GC invocations=66 (full 1):
 par new generation   total 109248K, used 109248K [0x00000007a0000000, 0x00000007a8000000, 0x00000007a8000000)
  eden space 87424K, 100% used [0x00000007a0000000, 0x00000007a5560000, 0x00000007a5560000)
  from space 21824K, 100% used [0x00000007a5560000, 0x00000007a6ab0000, 0x00000007a6ab0000)
  to   space 21824K,   0% used [0x00000007a6ab0000, 0x00000007a6ab0000, 0x00000007a8000000)
 concurrent mark-sweep generation total 393216K, used 192807K [0x00000007a8000000, 0x00000007c0000000, 0x00000007c0000000)
 Metaspace       used 29461K, capacity 29804K, committed 30204K, reserved 1075200K
  class space    used 3367K, capacity 3457K, committed 3580K, reserved 1048576K
2016-02-28T18:32:27.093-0530: 1552.678: [GC (Allocation Failure) 1552.678: [ParNew
Desired survivor size 20112992 bytes, new threshold 8 (max 8)
- age   1:    5911880 bytes,    5911880 total
- age   2:    3204336 bytes,    9116216 total
- age   3:    1943368 bytes,   11059584 total
- age   4:    1144792 bytes,   12204376 total
- age   5:    1691040 bytes,   13895416 total
- age   6:     935464 bytes,   14830880 total
- age   7:    2671152 bytes,   17502032 total
- age   8:    2712600 bytes,   20214632 total
: 109248K->21824K(109248K), 0.0125632 secs] 302055K->221807K(502464K), 0.0126550 secs] [Times: user=0.02 sys=0.01, real=0.01 secs] 
Heap after GC invocations=67 (full 1):
 par new generation   total 109248K, used 21824K [0x00000007a0000000, 0x00000007a8000000, 0x00000007a8000000)
  eden space 87424K,   0% used [0x00000007a0000000, 0x00000007a0000000, 0x00000007a5560000)
  from space 21824K, 100% used [0x00000007a6ab0000, 0x00000007a8000000, 0x00000007a8000000)
  to   space 21824K,   0% used [0x00000007a5560000, 0x00000007a5560000, 0x00000007a6ab0000)
 concurrent mark-sweep generation total 393216K, used 199983K [0x00000007a8000000, 0x00000007c0000000, 0x00000007c0000000)
 Metaspace       used 29461K, capacity 29804K, committed 30204K, reserved 1075200K
  class space    used 3367K, capacity 3457K, committed 3580K, reserved 1048576K
}
2016-02-28T18:32:27.106-0530: 1552.691: Total time for which application threads were stopped: 0.0128590 seconds
2016-02-28T18:32:27.146-0530: 1552.731: [GC (CMS Initial Mark) [1 CMS-initial-mark: 199983K(393216K)] 227233K(502464K), 0.0119318 secs] [Times: user=0.01 sys=0.00, real=0.01 secs] 
2016-02-28T18:32:27.158-0530: 1552.743: Total time for which application threads were stopped: 0.0122977 seconds
2016-02-28T18:32:27.158-0530: 1552.743: [CMS-concurrent-mark-start]
2016-02-28T18:32:27.257-0530: 1552.842: [CMS-concurrent-mark: 0.099/0.099 secs] [Times: user=0.12 sys=0.03, real=0.10 secs] 
2016-02-28T18:32:27.257-0530: 1552.842: [CMS-concurrent-preclean-start]
2016-02-28T18:32:27.258-0530: 1552.843: [CMS-concurrent-preclean: 0.001/0.001 secs] [Times: user=0.00 sys=0.00, real=0.00 secs] 
2016-02-28T18:32:27.259-0530: 1552.844: [CMS-concurrent-abortable-preclean-start]
2016-02-28T18:32:27.518-0530: 1553.103: Total time for which application threads were stopped: 0.0000911 seconds
2016-02-28T18:32:27.518-0530: 1553.103: Total time for which application threads were stopped: 0.0000655 seconds
2016-02-28T18:32:27.518-0530: 1553.103: Total time for which application threads were stopped: 0.0001227 seconds
2016-02-28T18:32:27.519-0530: 1553.104: Total time for which application threads were stopped: 0.0001092 seconds
2016-02-28T18:32:27.519-0530: 1553.104: Total time for which application threads were stopped: 0.0000478 seconds
2016-02-28T18:32:27.542-0530: 1553.127: Total time for which application threads were stopped: 0.0001391 seconds
2016-02-28T18:32:27.542-0530: 1553.127: Total time for which application threads were stopped: 0.0001933 seconds
2016-02-28T18:32:27.543-0530: 1553.128: Total time for which application threads were stopped: 0.0000934 seconds
 CMS: abort preclean due to time 2016-02-28T18:32:33.322-0530: 1558.908: [CMS-concurrent-abortable-preclean: 0.642/6.064 secs] [Times: user=0.83 sys=0.03, real=6.07 secs] 
2016-02-28T18:32:33.323-0530: 1558.908: [GC (CMS Final Remark) [YG occupancy: 74494 K (109248 K)]{Heap before GC invocations=67 (full 2):
 par new generation   total 109248K, used 74494K [0x00000007a0000000, 0x00000007a8000000, 0x00000007a8000000)
  eden space 87424K,  60% used [0x00000007a0000000, 0x00000007a336f9e0, 0x00000007a5560000)
  from space 21824K, 100% used [0x00000007a6ab0000, 0x00000007a8000000, 0x00000007a8000000)
  to   space 21824K,   0% used [0x00000007a5560000, 0x00000007a5560000, 0x00000007a6ab0000)
 concurrent mark-sweep generation total 393216K, used 199983K [0x00000007a8000000, 0x00000007c0000000, 0x00000007c0000000)
 Metaspace       used 29462K, capacity 29804K, committed 30204K, reserved 1075200K
  class space    used 3367K, capacity 3457K, committed 3580K, reserved 1048576K
2016-02-28T18:32:33.323-0530: 1558.908: [GC (CMS Final Remark) 1558.908: [ParNew
Desired survivor size 20112992 bytes, new threshold 8 (max 8)
- age   1:    2387096 bytes,    2387096 total
- age   2:    3002896 bytes,    5389992 total
- age   3:    3204112 bytes,    8594104 total
- age   4:     925712 bytes,    9519816 total
- age   5:    1031080 bytes,   10550896 total
- age   6:    1690584 bytes,   12241480 total
- age   7:     935464 bytes,   13176944 total
- age   8:    2671152 bytes,   15848096 total
: 74494K->21824K(109248K), 0.0085582 secs] 274477K->225550K(502464K), 0.0086046 secs] [Times: user=0.02 sys=0.00, real=0.01 secs] 
Heap after GC invocations=68 (full 2):
 par new generation   total 109248K, used 21824K [0x00000007a0000000, 0x00000007a8000000, 0x00000007a8000000)
  eden space 87424K,   0% used [0x00000007a0000000, 0x00000007a0000000, 0x00000007a5560000)
  from space 21824K, 100% used [0x00000007a5560000, 0x00000007a6ab0000, 0x00000007a6ab0000)
  to   space 21824K,   0% used [0x00000007a6ab0000, 0x00000007a6ab0000, 0x00000007a8000000)
 concurrent mark-sweep generation total 393216K, used 203726K [0x00000007a8000000, 0x00000007c0000000, 0x00000007c0000000)
 Metaspace       used 29462K, capacity 29804K, committed 30204K, reserved 1075200K
  class space    used 3367K, capacity 3457K, committed 3580K, reserved 1048576K
}
1558.916: [Rescan (parallel) , 0.0013055 secs]1558.918: [weak refs processing, 0.0011445 secs]1558.919: [class unloading, 0.0593990 secs]1558.978: [scrub symbol table, 0.0153306 secs]1558.994: [scrub string table, 0.0006080 secs][1 CMS-remark: 203726K(393216K)] 225550K(502464K), 0.0920696 secs] [Times: user=0.06 sys=0.04, real=0.09 secs] 
2016-02-28T18:32:33.415-0530: 1559.000: Total time for which application threads were stopped: 0.0922096 seconds
2016-02-28T18:32:33.415-0530: 1559.000: [CMS-concurrent-sweep-start]
2016-02-28T18:32:33.415-0530: 1559.001: Total time for which application threads were stopped: 0.0002677 seconds
2016-02-28T18:32:33.550-0530: 1559.135: [CMS-concurrent-sweep: 0.135/0.135 secs] [Times: user=0.05 sys=0.09, real=0.14 secs] 
2016-02-28T18:32:33.591-0530: 1559.177: [CMS-concurrent-reset-start]
2016-02-28T18:32:33.596-0530: 1559.181: [CMS-concurrent-reset: 0.005/0.005 secs] [Times: user=0.00 sys=0.00, real=0.00 secs] 
2016-02-28T18:32:39.435-0530: 1565.020: Total time for which application threads were stopped: 0.0003151 seconds
{Heap before GC invocations=68 (full 2):
 par new generation   total 109248K, used 109248K [0x00000007a0000000, 0x00000007a8000000, 0x00000007a8000000)
  eden space 87424K, 100% used [0x00000007a0000000, 0x00000007a5560000, 0x00000007a5560000)
  from space 21824K, 100% used [0x00000007a5560000, 0x00000007a6ab0000, 0x00000007a6ab0000)
  to   space 21824K,   0% used [0x00000007a6ab0000, 0x00000007a6ab0000, 0x00000007a8000000)
 concurrent mark-sweep generation total 393216K, used 56567K [0x00000007a8000000, 0x00000007c0000000, 0x00000007c0000000)
 Metaspace       used 29436K, capacity 29760K, committed 30204K, reserved 1075200K
  class space    used 3362K, capacity 3449K, committed 3580K, reserved 1048576K
2016-02-28T18:32:39.790-0530: 1565.375: [GC (Allocation Failure) 1565.375: [ParNew
Desired survivor size 20112992 bytes, new threshold 8 (max 8)
- age   1:    5450344 bytes,    5450344 total
- age   2:    2386744 bytes,    7837088 total
- age   3:    3002112 bytes,   10839200 total
- age   4:    3204112 bytes,   14043312 total
- age   5:     925384 bytes,   14968696 total
- age   6:    1025440 bytes,   15994136 total
- age   7:    1555696 bytes,   17549832 total
- age   8:     788272 bytes,   18338104 total
: 109248K->21530K(109248K), 0.0071707 secs] 165815K->80700K(502464K), 0.0072503 secs] [Times: user=0.02 sys=0.00, real=0.00 secs] 
Heap after GC invocations=69 (full 2):
 par new generation   total 109248K, used 21530K [0x00000007a0000000, 0x00000007a8000000, 0x00000007a8000000)
  eden space 87424K,   0% used [0x00000007a0000000, 0x00000007a0000000, 0x00000007a5560000)
  from space 21824K,  98% used [0x00000007a6ab0000, 0x00000007a7fb6a80, 0x00000007a8000000)
  to   space 21824K,   0% used [0x00000007a5560000, 0x00000007a5560000, 0x00000007a6ab0000)
 concurrent mark-sweep generation total 393216K, used 59169K [0x00000007a8000000, 0x00000007c0000000, 0x00000007c0000000)
 Metaspace       used 29436K, capacity 29760K, committed 30204K, reserved 1075200K
  class space    used 3362K, capacity 3449K, committed 3580K, reserved 1048576K
}
2016-02-28T18:32:39.797-0530: 1565.382: Total time for which application threads were stopped: 0.0074357 seconds
2016-02-28T18:32:40.020-0530: 1565.606: Total time for which application threads were stopped: 0.0001374 seconds
2016-02-28T18:32:40.021-0530: 1565.607: Total time for which application threads were stopped: 0.0000798 seconds
2016-02-28T18:32:40.044-0530: 1565.630: Total time for which application threads were stopped: 0.0001775 seconds
2016-02-28T18:32:40.045-0530: 1565.630: Total time for which application threads were stopped: 0.0000677 seconds
2016-02-28T18:32:40.046-0530: 1565.631: Total time for which application threads were stopped: 0.0001293 seconds
2016-02-28T18:32:40.046-0530: 1565.631: Total time for which application threads were stopped: 0.0000829 seconds
2016-02-28T18:32:40.046-0530: 1565.631: Total time for which application threads were stopped: 0.0000788 seconds
2016-02-28T18:32:41.048-0530: 1566.633: Total time for which application threads were stopped: 0.0001281 seconds
{Heap before GC invocations=69 (full 2):
 par new generation   total 109248K, used 108932K [0x00000007a0000000, 0x00000007a8000000, 0x00000007a8000000)
  eden space 87424K,  99% used [0x00000007a0000000, 0x00000007a555a750, 0x00000007a5560000)
  from space 21824K,  98% used [0x00000007a6ab0000, 0x00000007a7fb6a80, 0x00000007a8000000)
  to   space 21824K,   0% used [0x00000007a5560000, 0x00000007a5560000, 0x00000007a6ab0000)
 concurrent mark-sweep generation total 393216K, used 59169K [0x00000007a8000000, 0x00000007c0000000, 0x00000007c0000000)
 Metaspace       used 29437K, capacity 29760K, committed 30204K, reserved 1075200K
  class space    used 3362K, capacity 3449K, committed 3580K, reserved 1048576K
2016-02-28T18:32:50.570-0530: 1576.156: [GC (Allocation Failure) 1576.183: [ParNew
Desired survivor size 20112992 bytes, new threshold 8 (max 8)
- age   1:    4996176 bytes,    4996176 total
- age   2:    1802456 bytes,    6798632 total
- age   3:    1896008 bytes,    8694640 total
- age   4:    3001576 bytes,   11696216 total
- age   5:    3204112 bytes,   14900328 total
- age   6:     858400 bytes,   15758728 total
- age   7:    1025440 bytes,   16784168 total
- age   8:    1555520 bytes,   18339688 total
: 108932K->21824K(109248K), 0.0233284 secs] 168102K->82615K(502464K), 0.0503460 secs] [Times: user=0.03 sys=0.05, real=0.05 secs] 
Heap after GC invocations=70 (full 2):
 par new generation   total 109248K, used 21824K [0x00000007a0000000, 0x00000007a8000000, 0x00000007a8000000)
  eden space 87424K,   0% used [0x00000007a0000000, 0x00000007a0000000, 0x00000007a5560000)
  from space 21824K, 100% used [0x00000007a5560000, 0x00000007a6ab0000, 0x00000007a6ab0000)
  to   space 21824K,   0% used [0x00000007a6ab0000, 0x00000007a6ab0000, 0x00000007a8000000)
 concurrent mark-sweep generation total 393216K, used 60791K [0x00000007a8000000, 0x00000007c0000000, 0x00000007c0000000)
 Metaspace       used 29437K, capacity 29760K, committed 30204K, reserved 1075200K
  class space    used 3362K, capacity 3449K, committed 3580K, reserved 1048576K
}
2016-02-28T18:32:50.620-0530: 1576.206: Total time for which application threads were stopped: 0.0506057 seconds
2016-02-28T18:32:51.107-0530: 1576.693: Total time for which application threads were stopped: 0.0000980 seconds
2016-02-28T18:32:51.108-0530: 1576.694: Total time for which application threads were stopped: 0.0000795 seconds
2016-02-28T18:32:51.130-0530: 1576.716: Total time for which application threads were stopped: 0.0001582 seconds
2016-02-28T18:32:51.132-0530: 1576.718: Total time for which application threads were stopped: 0.0001141 seconds
2016-02-28T18:32:51.132-0530: 1576.718: Total time for which application threads were stopped: 0.0000591 seconds
2016-02-28T18:32:51.132-0530: 1576.718: Total time for which application threads were stopped: 0.0000416 seconds
{Heap before GC invocations=70 (full 2):
 par new generation   total 109248K, used 109248K [0x00000007a0000000, 0x00000007a8000000, 0x00000007a8000000)
  eden space 87424K, 100% used [0x00000007a0000000, 0x00000007a5560000, 0x00000007a5560000)
  from space 21824K, 100% used [0x00000007a5560000, 0x00000007a6ab0000, 0x00000007a6ab0000)
  to   space 21824K,   0% used [0x00000007a6ab0000, 0x00000007a6ab0000, 0x00000007a8000000)
 concurrent mark-sweep generation total 393216K, used 60791K [0x00000007a8000000, 0x00000007c0000000, 0x00000007c0000000)
 Metaspace       used 29440K, capacity 29764K, committed 30204K, reserved 1075200K
  class space    used 3362K, capacity 3449K, committed 3580K, reserved 1048576K
2016-02-28T18:32:59.245-0530: 1584.831: [GC (Allocation Failure) 1584.831: [ParNew
Desired survivor size 20112992 bytes, new threshold 8 (max 8)
- age   1:    3759672 bytes,    3759672 total
- age   2:    1619272 bytes,    5378944 total
- age   3:    1802160 bytes,    7181104 total
- age   4:    1894656 bytes,    9075760 total
- age   5:    2934592 bytes,   12010352 total
- age   6:    3204112 bytes,   15214464 total
- age   7:     858400 bytes,   16072864 total
- age   8:    1025440 bytes,   17098304 total
: 109248K->21824K(109248K), 0.0099337 secs] 170039K->85498K(502464K), 0.0100031 secs] [Times: user=0.02 sys=0.01, real=0.01 secs] 
Heap after GC invocations=71 (full 2):
 par new generation   total 109248K, used 21824K [0x00000007a0000000, 0x00000007a8000000, 0x00000007a8000000)
  eden space 87424K,   0% used [0x00000007a0000000, 0x00000007a0000000, 0x00000007a5560000)
  from space 21824K, 100% used [0x00000007a6ab0000, 0x00000007a8000000, 0x00000007a8000000)
  to   space 21824K,   0% used [0x00000007a5560000, 0x00000007a5560000, 0x00000007a6ab0000)
 concurrent mark-sweep generation total 393216K, used 63674K [0x00000007a8000000, 0x00000007c0000000, 0x00000007c0000000)
 Metaspace       used 29440K, capacity 29764K, committed 30204K, reserved 1075200K
  class space    used 3362K, capacity 3449K, committed 3580K, reserved 1048576K
}
2016-02-28T18:32:59.255-0530: 1584.841: Total time for which application threads were stopped: 0.0102219 seconds
{Heap before GC invocations=71 (full 2):
 par new generation   total 109248K, used 109248K [0x00000007a0000000, 0x00000007a8000000, 0x00000007a8000000)
  eden space 87424K, 100% used [0x00000007a0000000, 0x00000007a5560000, 0x00000007a5560000)
  from space 21824K, 100% used [0x00000007a6ab0000, 0x00000007a8000000, 0x00000007a8000000)
  to   space 21824K,   0% used [0x00000007a5560000, 0x00000007a5560000, 0x00000007a6ab0000)
 concurrent mark-sweep generation total 393216K, used 63674K [0x00000007a8000000, 0x00000007c0000000, 0x00000007c0000000)
 Metaspace       used 29440K, capacity 29764K, committed 30204K, reserved 1075200K
  class space    used 3362K, capacity 3449K, committed 3580K, reserved 1048576K
2016-02-28T18:32:59.876-0530: 1585.462: [GC (Allocation Failure) 1585.462: [ParNew
Desired survivor size 20112992 bytes, new threshold 8 (max 8)
- age   1:    4554760 bytes,    4554760 total
- age   2:    3501696 bytes,    8056456 total
- age   3:    1618848 bytes,    9675304 total
- age   4:    1802160 bytes,   11477464 total
- age   5:    1894656 bytes,   13372120 total
- age   6:    2934592 bytes,   16306712 total
- age   7:    3204112 bytes,   19510824 total
- age   8:     858400 bytes,   20369224 total
: 109248K->21824K(109248K), 0.0099236 secs] 172922K->87219K(502464K), 0.0100000 secs] [Times: user=0.02 sys=0.01, real=0.01 secs] 
Heap after GC invocations=72 (full 2):
 par new generation   total 109248K, used 21824K [0x00000007a0000000, 0x00000007a8000000, 0x00000007a8000000)
  eden space 87424K,   0% used [0x00000007a0000000, 0x00000007a0000000, 0x00000007a5560000)
  from space 21824K, 100% used [0x00000007a5560000, 0x00000007a6ab0000, 0x00000007a6ab0000)
  to   space 21824K,   0% used [0x00000007a6ab0000, 0x00000007a6ab0000, 0x00000007a8000000)
 concurrent mark-sweep generation total 393216K, used 65395K [0x00000007a8000000, 0x00000007c0000000, 0x00000007c0000000)
 Metaspace       used 29440K, capacity 29764K, committed 30204K, reserved 1075200K
  class space    used 3362K, capacity 3449K, committed 3580K, reserved 1048576K
}
2016-02-28T18:32:59.886-0530: 1585.473: Total time for which application threads were stopped: 0.0102136 seconds
2016-02-28T18:32:59.985-0530: 1585.572: Total time for which application threads were stopped: 0.0001156 seconds
2016-02-28T18:32:59.986-0530: 1585.572: Total time for which application threads were stopped: 0.0000665 seconds
2016-02-28T18:33:00.008-0530: 1585.594: Total time for which application threads were stopped: 0.0002077 seconds
2016-02-28T18:33:00.010-0530: 1585.596: Total time for which application threads were stopped: 0.0001309 seconds
2016-02-28T18:33:00.010-0530: 1585.596: Total time for which application threads were stopped: 0.0000744 seconds
2016-02-28T18:33:00.010-0530: 1585.596: Total time for which application threads were stopped: 0.0001289 seconds
2016-02-28T18:33:08.032-0530: 1593.618: Total time for which application threads were stopped: 0.0001056 seconds
{Heap before GC invocations=72 (full 2):
 par new generation   total 109248K, used 109248K [0x00000007a0000000, 0x00000007a8000000, 0x00000007a8000000)
  eden space 87424K, 100% used [0x00000007a0000000, 0x00000007a5560000, 0x00000007a5560000)
  from space 21824K, 100% used [0x00000007a5560000, 0x00000007a6ab0000, 0x00000007a6ab0000)
  to   space 21824K,   0% used [0x00000007a6ab0000, 0x00000007a6ab0000, 0x00000007a8000000)
 concurrent mark-sweep generation total 393216K, used 65395K [0x00000007a8000000, 0x00000007c0000000, 0x00000007c0000000)
 Metaspace       used 29450K, capacity 29764K, committed 30204K, reserved 1075200K
  class space    used 3362K, capacity 3449K, committed 3580K, reserved 1048576K
2016-02-28T18:33:09.640-0530: 1595.227: [GC (Allocation Failure) 1595.240: [ParNew
Desired survivor size 20112992 bytes, new threshold 8 (max 8)
- age   1:    4390760 bytes,    4390760 total
- age   2:    1769760 bytes,    6160520 total
- age   3:    2910528 bytes,    9071048 total
- age   4:    1020032 bytes,   10091080 total
- age   5:    1111128 bytes,   11202208 total
- age   6:    1893688 bytes,   13095896 total
- age   7:    2934448 bytes,   16030344 total
- age   8:    3204112 bytes,   19234456 total
: 109248K->21824K(109248K), 0.0078273 secs] 174643K->90861K(502464K), 0.0204356 secs] [Times: user=0.02 sys=0.01, real=0.02 secs] 
Heap after GC invocations=73 (full 2):
 par new generation   total 109248K, used 21824K [0x00000007a0000000, 0x00000007a8000000, 0x00000007a8000000)
  eden space 87424K,   0% used [0x00000007a0000000, 0x00000007a0000000, 0x00000007a5560000)
  from space 21824K, 100% used [0x00000007a6ab0000, 0x00000007a8000000, 0x00000007a8000000)
  to   space 21824K,   0% used [0x00000007a5560000, 0x00000007a5560000, 0x00000007a6ab0000)
 concurrent mark-sweep generation total 393216K, used 69037K [0x00000007a8000000, 0x00000007c0000000, 0x00000007c0000000)
 Metaspace       used 29450K, capacity 29764K, committed 30204K, reserved 1075200K
  class space    used 3362K, capacity 3449K, committed 3580K, reserved 1048576K
}
2016-02-28T18:33:09.661-0530: 1595.248: Total time for which application threads were stopped: 0.0206388 seconds
2016-02-28T18:33:10.661-0530: 1596.248: Total time for which application threads were stopped: 0.0001629 seconds
2016-02-28T18:33:18.677-0530: 1604.264: Total time for which application threads were stopped: 0.0002266 seconds
{Heap before GC invocations=73 (full 2):
 par new generation   total 109248K, used 109247K [0x00000007a0000000, 0x00000007a8000000, 0x00000007a8000000)
  eden space 87424K,  99% used [0x00000007a0000000, 0x00000007a555fdb0, 0x00000007a5560000)
  from space 21824K, 100% used [0x00000007a6ab0000, 0x00000007a8000000, 0x00000007a8000000)
  to   space 21824K,   0% used [0x00000007a5560000, 0x00000007a5560000, 0x00000007a6ab0000)
 concurrent mark-sweep generation total 393216K, used 69037K [0x00000007a8000000, 0x00000007c0000000, 0x00000007c0000000)
 Metaspace       used 29464K, capacity 29764K, committed 30204K, reserved 1075200K
  class space    used 3362K, capacity 3449K, committed 3580K, reserved 1048576K
2016-02-28T18:33:18.862-0530: 1604.449: [GC (Allocation Failure) 1604.462: [ParNew
Desired survivor size 20112992 bytes, new threshold 8 (max 8)
- age   1:    5329600 bytes,    5329600 total
- age   2:    3171776 bytes,    8501376 total
- age   3:    1769760 bytes,   10271136 total
- age   4:    1477272 bytes,   11748408 total
- age   5:    1018984 bytes,   12767392 total
- age   6:    1111128 bytes,   13878520 total
- age   7:     381056 bytes,   14259576 total
- age   8:    2482424 bytes,   16742000 total
: 109247K->21824K(109248K), 0.0111057 secs] 178284K->99097K(502464K), 0.0239766 secs] [Times: user=0.02 sys=0.01, real=0.02 secs] 
Heap after GC invocations=74 (full 2):
 par new generation   total 109248K, used 21824K [0x00000007a0000000, 0x00000007a8000000, 0x00000007a8000000)
  eden space 87424K,   0% used [0x00000007a0000000, 0x00000007a0000000, 0x00000007a5560000)
  from space 21824K, 100% used [0x00000007a5560000, 0x00000007a6ab0000, 0x00000007a6ab0000)
  to   space 21824K,   0% used [0x00000007a6ab0000, 0x00000007a6ab0000, 0x00000007a8000000)
 concurrent mark-sweep generation total 393216K, used 77273K [0x00000007a8000000, 0x00000007c0000000, 0x00000007c0000000)
 Metaspace       used 29464K, capacity 29764K, committed 30204K, reserved 1075200K
  class space    used 3362K, capacity 3449K, committed 3580K, reserved 1048576K
}
2016-02-28T18:33:18.886-0530: 1604.473: Total time for which application threads were stopped: 0.0241634 seconds
2016-02-28T18:33:19.455-0530: 1605.042: Total time for which application threads were stopped: 0.0001298 seconds
2016-02-28T18:33:19.455-0530: 1605.042: Total time for which application threads were stopped: 0.0000974 seconds
2016-02-28T18:33:19.456-0530: 1605.043: Total time for which application threads were stopped: 0.0001138 seconds
2016-02-28T18:33:19.456-0530: 1605.043: Total time for which application threads were stopped: 0.0000779 seconds
{Heap before GC invocations=74 (full 2):
 par new generation   total 109248K, used 109248K [0x00000007a0000000, 0x00000007a8000000, 0x00000007a8000000)
  eden space 87424K, 100% used [0x00000007a0000000, 0x00000007a5560000, 0x00000007a5560000)
  from space 21824K, 100% used [0x00000007a5560000, 0x00000007a6ab0000, 0x00000007a6ab0000)
  to   space 21824K,   0% used [0x00000007a6ab0000, 0x00000007a6ab0000, 0x00000007a8000000)
 concurrent mark-sweep generation total 393216K, used 77273K [0x00000007a8000000, 0x00000007c0000000, 0x00000007c0000000)
 Metaspace       used 29464K, capacity 29764K, committed 30204K, reserved 1075200K
  class space    used 3362K, capacity 3449K, committed 3580K, reserved 1048576K
2016-02-28T18:33:19.457-0530: 1605.044: [GC (Allocation Failure) 1605.044: [ParNew
Desired survivor size 20112992 bytes, new threshold 8 (max 8)
- age   1:    3373496 bytes,    3373496 total
- age   2:    3919960 bytes,    7293456 total
- age   3:    3171696 bytes,   10465152 total
- age   4:    1769760 bytes,   12234912 total
- age   5:    1477272 bytes,   13712184 total
- age   6:    1018984 bytes,   14731168 total
- age   7:    1111128 bytes,   15842296 total
- age   8:     381056 bytes,   16223352 total
: 109248K->18811K(109248K), 0.0060382 secs] 186521K->98508K(502464K), 0.0061288 secs] [Times: user=0.02 sys=0.00, real=0.01 secs] 
Heap after GC invocations=75 (full 2):
 par new generation   total 109248K, used 18811K [0x00000007a0000000, 0x00000007a8000000, 0x00000007a8000000)
  eden space 87424K,   0% used [0x00000007a0000000, 0x00000007a0000000, 0x00000007a5560000)
  from space 21824K,  86% used [0x00000007a6ab0000, 0x00000007a7d0ecf8, 0x00000007a8000000)
  to   space 21824K,   0% used [0x00000007a5560000, 0x00000007a5560000, 0x00000007a6ab0000)
 concurrent mark-sweep generation total 393216K, used 79697K [0x00000007a8000000, 0x00000007c0000000, 0x00000007c0000000)
 Metaspace       used 29464K, capacity 29764K, committed 30204K, reserved 1075200K
  class space    used 3362K, capacity 3449K, committed 3580K, reserved 1048576K
}
2016-02-28T18:33:19.463-0530: 1605.050: Total time for which application threads were stopped: 0.0063366 seconds
2016-02-28T18:33:19.484-0530: 1605.071: Total time for which application threads were stopped: 0.0001416 seconds
2016-02-28T18:33:19.484-0530: 1605.072: Total time for which application threads were stopped: 0.0000805 seconds
2016-02-28T18:33:19.485-0530: 1605.072: Total time for which application threads were stopped: 0.0000628 seconds
{Heap before GC invocations=75 (full 2):
 par new generation   total 109248K, used 106230K [0x00000007a0000000, 0x00000007a8000000, 0x00000007a8000000)
  eden space 87424K,  99% used [0x00000007a0000000, 0x00000007a555edc0, 0x00000007a5560000)
  from space 21824K,  86% used [0x00000007a6ab0000, 0x00000007a7d0ecf8, 0x00000007a8000000)
  to   space 21824K,   0% used [0x00000007a5560000, 0x00000007a5560000, 0x00000007a6ab0000)
 concurrent mark-sweep generation total 393216K, used 79697K [0x00000007a8000000, 0x00000007c0000000, 0x00000007c0000000)
 Metaspace       used 29468K, capacity 29764K, committed 30204K, reserved 1075200K
  class space    used 3362K, capacity 3449K, committed 3580K, reserved 1048576K
2016-02-28T18:33:28.537-0530: 1614.124: [GC (Allocation Failure) 1614.124: [ParNew
Desired survivor size 20112992 bytes, new threshold 8 (max 8)
- age   1:    5406384 bytes,    5406384 total
- age   2:    3211200 bytes,    8617584 total
- age   3:    3861480 bytes,   12479064 total
- age   4:    3165984 bytes,   15645048 total
- age   5:    1082640 bytes,   16727688 total
- age   6:     812104 bytes,   17539792 total
- age   7:     988440 bytes,   18528232 total
- age   8:     681608 bytes,   19209840 total
: 106230K->21824K(109248K), 0.0063441 secs] 185928K->103669K(502464K), 0.0063995 secs] [Times: user=0.03 sys=0.01, real=0.01 secs] 
Heap after GC invocations=76 (full 2):
 par new generation   total 109248K, used 21824K [0x00000007a0000000, 0x00000007a8000000, 0x00000007a8000000)
  eden space 87424K,   0% used [0x00000007a0000000, 0x00000007a0000000, 0x00000007a5560000)
  from space 21824K, 100% used [0x00000007a5560000, 0x00000007a6ab0000, 0x00000007a6ab0000)
  to   space 21824K,   0% used [0x00000007a6ab0000, 0x00000007a6ab0000, 0x00000007a8000000)
 concurrent mark-sweep generation total 393216K, used 81845K [0x00000007a8000000, 0x00000007c0000000, 0x00000007c0000000)
 Metaspace       used 29468K, capacity 29764K, committed 30204K, reserved 1075200K
  class space    used 3362K, capacity 3449K, committed 3580K, reserved 1048576K
}
2016-02-28T18:33:28.543-0530: 1614.131: Total time for which application threads were stopped: 0.0065856 seconds
2016-02-28T18:33:28.709-0530: 1614.296: Total time for which application threads were stopped: 0.0000924 seconds
2016-02-28T18:33:28.709-0530: 1614.297: Total time for which application threads were stopped: 0.0001304 seconds
2016-02-28T18:33:28.797-0530: 1614.384: Total time for which application threads were stopped: 0.0001164 seconds
2016-02-28T18:33:28.797-0530: 1614.385: Total time for which application threads were stopped: 0.0000875 seconds
2016-02-28T18:33:28.797-0530: 1614.385: Total time for which application threads were stopped: 0.0001019 seconds
{Heap before GC invocations=76 (full 2):
 par new generation   total 109248K, used 109248K [0x00000007a0000000, 0x00000007a8000000, 0x00000007a8000000)
  eden space 87424K, 100% used [0x00000007a0000000, 0x00000007a5560000, 0x00000007a5560000)
  from space 21824K, 100% used [0x00000007a5560000, 0x00000007a6ab0000, 0x00000007a6ab0000)
  to   space 21824K,   0% used [0x00000007a6ab0000, 0x00000007a6ab0000, 0x00000007a8000000)
 concurrent mark-sweep generation total 393216K, used 81845K [0x00000007a8000000, 0x00000007c0000000, 0x00000007c0000000)
 Metaspace       used 29469K, capacity 29764K, committed 30204K, reserved 1075200K
  class space    used 3362K, capacity 3449K, committed 3580K, reserved 1048576K
2016-02-28T18:33:38.494-0530: 1624.081: [GC (Allocation Failure) 1624.108: [ParNew
Desired survivor size 20112992 bytes, new threshold 8 (max 8)
- age   1:    5600096 bytes,    5600096 total
- age   2:    1709400 bytes,    7309496 total
- age   3:    3177184 bytes,   10486680 total
- age   4:    3593400 bytes,   14080080 total
- age   5:    2942976 bytes,   17023056 total
- age   6:    1082640 bytes,   18105696 total
- age   7:     712016 bytes,   18817712 total
- age   8:     988440 bytes,   19806152 total
: 109248K->21824K(109248K), 0.0064382 secs] 191093K->104910K(502464K), 0.0330849 secs] [Times: user=0.02 sys=0.00, real=0.03 secs] 
Heap after GC invocations=77 (full 2):
 par new generation   total 109248K, used 21824K [0x00000007a0000000, 0x00000007a8000000, 0x00000007a8000000)
  eden space 87424K,   0% used [0x00000007a0000000, 0x00000007a0000000, 0x00000007a5560000)
  from space 21824K, 100% used [0x00000007a6ab0000, 0x00000007a8000000, 0x00000007a8000000)
  to   space 21824K,   0% used [0x00000007a5560000, 0x00000007a5560000, 0x00000007a6ab0000)
 concurrent mark-sweep generation total 393216K, used 83086K [0x00000007a8000000, 0x00000007c0000000, 0x00000007c0000000)
 Metaspace       used 29469K, capacity 29764K, committed 30204K, reserved 1075200K
  class space    used 3362K, capacity 3449K, committed 3580K, reserved 1048576K
}
2016-02-28T18:33:38.527-0530: 1624.115: Total time for which application threads were stopped: 0.0333127 seconds
2016-02-28T18:33:39.023-0530: 1624.610: Total time for which application threads were stopped: 0.0001710 seconds
2016-02-28T18:33:39.024-0530: 1624.611: Total time for which application threads were stopped: 0.0001448 seconds
2016-02-28T18:33:39.024-0530: 1624.612: Total time for which application threads were stopped: 0.0001018 seconds
2016-02-28T18:33:39.025-0530: 1624.613: Total time for which application threads were stopped: 0.0001530 seconds
2016-02-28T18:33:39.033-0530: 1624.621: Total time for which application threads were stopped: 0.0001070 seconds
2016-02-28T18:33:39.041-0530: 1624.629: Total time for which application threads were stopped: 0.0001016 seconds
2016-02-28T18:33:39.046-0530: 1624.634: Total time for which application threads were stopped: 0.0001242 seconds
2016-02-28T18:33:39.048-0530: 1624.636: Total time for which application threads were stopped: 0.0001356 seconds
2016-02-28T18:33:39.161-0530: 1624.749: Total time for which application threads were stopped: 0.0001393 seconds
2016-02-28T18:33:39.167-0530: 1624.755: Total time for which application threads were stopped: 0.0000970 seconds
2016-02-28T18:33:39.174-0530: 1624.761: Total time for which application threads were stopped: 0.0000932 seconds
2016-02-28T18:33:39.179-0530: 1624.767: Total time for which application threads were stopped: 0.0000963 seconds
2016-02-28T18:33:39.223-0530: 1624.811: Total time for which application threads were stopped: 0.0001202 seconds
2016-02-28T18:33:39.231-0530: 1624.819: Total time for which application threads were stopped: 0.0000994 seconds
2016-02-28T18:33:39.485-0530: 1625.073: Total time for which application threads were stopped: 0.0001627 seconds
2016-02-28T18:33:39.486-0530: 1625.074: Total time for which application threads were stopped: 0.0001305 seconds
{Heap before GC invocations=77 (full 2):
 par new generation   total 109248K, used 109248K [0x00000007a0000000, 0x00000007a8000000, 0x00000007a8000000)
  eden space 87424K, 100% used [0x00000007a0000000, 0x00000007a5560000, 0x00000007a5560000)
  from space 21824K, 100% used [0x00000007a6ab0000, 0x00000007a8000000, 0x00000007a8000000)
  to   space 21824K,   0% used [0x00000007a5560000, 0x00000007a5560000, 0x00000007a6ab0000)
 concurrent mark-sweep generation total 393216K, used 83086K [0x00000007a8000000, 0x00000007c0000000, 0x00000007c0000000)
 Metaspace       used 29473K, capacity 29764K, committed 30204K, reserved 1075200K
  class space    used 3362K, capacity 3449K, committed 3580K, reserved 1048576K
2016-02-28T18:33:39.511-0530: 1625.099: [GC (Allocation Failure) 1625.099: [ParNew
Desired survivor size 20112992 bytes, new threshold 8 (max 8)
- age   1:    3352920 bytes,    3352920 total
- age   2:    3222472 bytes,    6575392 total
- age   3:    1708888 bytes,    8284280 total
- age   4:    3177104 bytes,   11461384 total
- age   5:    2903440 bytes,   14364824 total
- age   6:    2254360 bytes,   16619184 total
- age   7:    1082640 bytes,   17701824 total
- age   8:     712016 bytes,   18413840 total
: 109248K->21824K(109248K), 0.0070493 secs] 192334K->107156K(502464K), 0.0071100 secs] [Times: user=0.02 sys=0.00, real=0.00 secs] 
Heap after GC invocations=78 (full 2):
 par new generation   total 109248K, used 21824K [0x00000007a0000000, 0x00000007a8000000, 0x00000007a8000000)
  eden space 87424K,   0% used [0x00000007a0000000, 0x00000007a0000000, 0x00000007a5560000)
  from space 21824K, 100% used [0x00000007a5560000, 0x00000007a6ab0000, 0x00000007a6ab0000)
  to   space 21824K,   0% used [0x00000007a6ab0000, 0x00000007a6ab0000, 0x00000007a8000000)
 concurrent mark-sweep generation total 393216K, used 85332K [0x00000007a8000000, 0x00000007c0000000, 0x00000007c0000000)
 Metaspace       used 29473K, capacity 29764K, committed 30204K, reserved 1075200K
  class space    used 3362K, capacity 3449K, committed 3580K, reserved 1048576K
}
2016-02-28T18:33:39.518-0530: 1625.106: Total time for which application threads were stopped: 0.0073454 seconds
{Heap before GC invocations=78 (full 2):
 par new generation   total 109248K, used 109246K [0x00000007a0000000, 0x00000007a8000000, 0x00000007a8000000)
  eden space 87424K,  99% used [0x00000007a0000000, 0x00000007a555f9b0, 0x00000007a5560000)
  from space 21824K, 100% used [0x00000007a5560000, 0x00000007a6ab0000, 0x00000007a6ab0000)
  to   space 21824K,   0% used [0x00000007a6ab0000, 0x00000007a6ab0000, 0x00000007a8000000)
 concurrent mark-sweep generation total 393216K, used 85332K [0x00000007a8000000, 0x00000007c0000000, 0x00000007c0000000)
 Metaspace       used 29473K, capacity 29764K, committed 30204K, reserved 1075200K
  class space    used 3362K, capacity 3449K, committed 3580K, reserved 1048576K
2016-02-28T18:33:40.092-0530: 1625.680: [GC (Allocation Failure) 1625.680: [ParNew
Desired survivor size 20112992 bytes, new threshold 8 (max 8)
- age   1:     197312 bytes,     197312 total
- age   2:    3264256 bytes,    3461568 total
- age   3:    2597512 bytes,    6059080 total
- age   4:    1708888 bytes,    7767968 total
- age   5:    2830200 bytes,   10598168 total
- age   6:    2903440 bytes,   13501608 total
- age   7:    2254360 bytes,   15755968 total
- age   8:    1082640 bytes,   16838608 total
: 109246K->21824K(109248K), 0.0063817 secs] 194579K->108852K(502464K), 0.0064476 secs] [Times: user=0.02 sys=0.00, real=0.00 secs] 
Heap after GC invocations=79 (full 2):
 par new generation   total 109248K, used 21824K [0x00000007a0000000, 0x00000007a8000000, 0x00000007a8000000)
  eden space 87424K,   0% used [0x00000007a0000000, 0x00000007a0000000, 0x00000007a5560000)
  from space 21824K, 100% used [0x00000007a6ab0000, 0x00000007a8000000, 0x00000007a8000000)
  to   space 21824K,   0% used [0x00000007a5560000, 0x00000007a5560000, 0x00000007a6ab0000)
 concurrent mark-sweep generation total 393216K, used 87028K [0x00000007a8000000, 0x00000007c0000000, 0x00000007c0000000)
 Metaspace       used 29473K, capacity 29764K, committed 30204K, reserved 1075200K
  class space    used 3362K, capacity 3449K, committed 3580K, reserved 1048576K
}
2016-02-28T18:33:40.099-0530: 1625.687: Total time for which application threads were stopped: 0.0066809 seconds
2016-02-28T18:33:41.100-0530: 1626.687: Total time for which application threads were stopped: 0.0003110 seconds
{Heap before GC invocations=79 (full 2):
 par new generation   total 109248K, used 109248K [0x00000007a0000000, 0x00000007a8000000, 0x00000007a8000000)
  eden space 87424K, 100% used [0x00000007a0000000, 0x00000007a5560000, 0x00000007a5560000)
  from space 21824K, 100% used [0x00000007a6ab0000, 0x00000007a8000000, 0x00000007a8000000)
  to   space 21824K,   0% used [0x00000007a5560000, 0x00000007a5560000, 0x00000007a6ab0000)
 concurrent mark-sweep generation total 393216K, used 87028K [0x00000007a8000000, 0x00000007c0000000, 0x00000007c0000000)
 Metaspace       used 29473K, capacity 29764K, committed 30204K, reserved 1075200K
  class space    used 3362K, capacity 3449K, committed 3580K, reserved 1048576K
2016-02-28T18:33:52.757-0530: 1638.346: [GC (Allocation Failure) 1638.346: [ParNew
Desired survivor size 20112992 bytes, new threshold 8 (max 8)
- age   1:    5037232 bytes,    5037232 total
- age   2:     112368 bytes,    5149600 total
- age   3:    3205328 bytes,    8354928 total
- age   4:    2597200 bytes,   10952128 total
- age   5:    1656784 bytes,   12608912 total
- age   6:    2830016 bytes,   15438928 total
- age   7:    2903400 bytes,   18342328 total
- age   8:    2254336 bytes,   20596664 total
: 109248K->21824K(109248K), 0.0065932 secs] 196276K->110295K(502464K), 0.0066729 secs] [Times: user=0.02 sys=0.00, real=0.01 secs] 
Heap after GC invocations=80 (full 2):
 par new generation   total 109248K, used 21824K [0x00000007a0000000, 0x00000007a8000000, 0x00000007a8000000)
  eden space 87424K,   0% used [0x00000007a0000000, 0x00000007a0000000, 0x00000007a5560000)
  from space 21824K, 100% used [0x00000007a5560000, 0x00000007a6ab0000, 0x00000007a6ab0000)
  to   space 21824K,   0% used [0x00000007a6ab0000, 0x00000007a6ab0000, 0x00000007a8000000)
 concurrent mark-sweep generation total 393216K, used 88471K [0x00000007a8000000, 0x00000007c0000000, 0x00000007c0000000)
 Metaspace       used 29473K, capacity 29764K, committed 30204K, reserved 1075200K
  class space    used 3362K, capacity 3449K, committed 3580K, reserved 1048576K
}
2016-02-28T18:33:52.764-0530: 1638.352: Total time for which application threads were stopped: 0.0068781 seconds
2016-02-28T18:33:52.764-0530: 1638.353: Total time for which application threads were stopped: 0.0002493 seconds
2016-02-28T18:33:53.272-0530: 1638.860: Total time for which application threads were stopped: 0.0001579 seconds
2016-02-28T18:33:53.272-0530: 1638.860: Total time for which application threads were stopped: 0.0000890 seconds
2016-02-28T18:33:53.272-0530: 1638.861: Total time for which application threads were stopped: 0.0001718 seconds
2016-02-28T18:33:53.275-0530: 1638.863: Total time for which application threads were stopped: 0.0001396 seconds
2016-02-28T18:33:53.275-0530: 1638.864: Total time for which application threads were stopped: 0.0000680 seconds
2016-02-28T18:33:53.275-0530: 1638.864: Total time for which application threads were stopped: 0.0000899 seconds
2016-02-28T18:33:53.276-0530: 1638.864: Total time for which application threads were stopped: 0.0000544 seconds
2016-02-28T18:33:53.276-0530: 1638.864: Total time for which application threads were stopped: 0.0000520 seconds
{Heap before GC invocations=80 (full 2):
 par new generation   total 109248K, used 109248K [0x00000007a0000000, 0x00000007a8000000, 0x00000007a8000000)
  eden space 87424K, 100% used [0x00000007a0000000, 0x00000007a5560000, 0x00000007a5560000)
  from space 21824K, 100% used [0x00000007a5560000, 0x00000007a6ab0000, 0x00000007a6ab0000)
  to   space 21824K,   0% used [0x00000007a6ab0000, 0x00000007a6ab0000, 0x00000007a8000000)
 concurrent mark-sweep generation total 393216K, used 88471K [0x00000007a8000000, 0x00000007c0000000, 0x00000007c0000000)
 Metaspace       used 29477K, capacity 29764K, committed 30204K, reserved 1075200K
  class space    used 3362K, capacity 3449K, committed 3580K, reserved 1048576K
2016-02-28T18:34:03.434-0530: 1649.022: [GC (Allocation Failure) 1649.054: [ParNew
Desired survivor size 20112992 bytes, new threshold 8 (max 8)
- age   1:    5291840 bytes,    5291840 total
- age   2:    1490808 bytes,    6782648 total
- age   3:     112368 bytes,    6895016 total
- age   4:    1928168 bytes,    8823184 total
- age   5:     957952 bytes,    9781136 total
- age   6:      10792 bytes,    9791928 total
- age   7:    2826256 bytes,   12618184 total
- age   8:    1644656 bytes,   14262840 total
: 109248K->21824K(109248K), 0.0077177 secs] 197719K->113972K(502464K), 0.0393266 secs] [Times: user=0.02 sys=0.01, real=0.04 secs] 
Heap after GC invocations=81 (full 2):
 par new generation   total 109248K, used 21824K [0x00000007a0000000, 0x00000007a8000000, 0x00000007a8000000)
  eden space 87424K,   0% used [0x00000007a0000000, 0x00000007a0000000, 0x00000007a5560000)
  from space 21824K, 100% used [0x00000007a6ab0000, 0x00000007a8000000, 0x00000007a8000000)
  to   space 21824K,   0% used [0x00000007a5560000, 0x00000007a5560000, 0x00000007a6ab0000)
 concurrent mark-sweep generation total 393216K, used 92148K [0x00000007a8000000, 0x00000007c0000000, 0x00000007c0000000)
 Metaspace       used 29477K, capacity 29764K, committed 30204K, reserved 1075200K
  class space    used 3362K, capacity 3449K, committed 3580K, reserved 1048576K
}
2016-02-28T18:34:03.473-0530: 1649.062: Total time for which application threads were stopped: 0.0395239 seconds
{Heap before GC invocations=81 (full 2):
 par new generation   total 109248K, used 109248K [0x00000007a0000000, 0x00000007a8000000, 0x00000007a8000000)
  eden space 87424K, 100% used [0x00000007a0000000, 0x00000007a5560000, 0x00000007a5560000)
  from space 21824K, 100% used [0x00000007a6ab0000, 0x00000007a8000000, 0x00000007a8000000)
  to   space 21824K,   0% used [0x00000007a5560000, 0x00000007a5560000, 0x00000007a6ab0000)
 concurrent mark-sweep generation total 393216K, used 92148K [0x00000007a8000000, 0x00000007c0000000, 0x00000007c0000000)
 Metaspace       used 29477K, capacity 29764K, committed 30204K, reserved 1075200K
  class space    used 3362K, capacity 3449K, committed 3580K, reserved 1048576K
2016-02-28T18:34:04.025-0530: 1649.614: [GC (Allocation Failure) 1649.614: [ParNew
Desired survivor size 20112992 bytes, new threshold 8 (max 8)
- age   1:    5985296 bytes,    5985296 total
- age   2:    4746352 bytes,   10731648 total
- age   3:    1490808 bytes,   12222456 total
- age   4:     112368 bytes,   12334824 total
- age   5:    1928088 bytes,   14262912 total
- age   6:     891040 bytes,   15153952 total
- age   7:      10792 bytes,   15164744 total
- age   8:    2826256 bytes,   17991000 total
: 109248K->21824K(109248K), 0.0073146 secs] 201396K->115758K(502464K), 0.0073802 secs] [Times: user=0.02 sys=0.00, real=0.01 secs] 
Heap after GC invocations=82 (full 2):
 par new generation   total 109248K, used 21824K [0x00000007a0000000, 0x00000007a8000000, 0x00000007a8000000)
  eden space 87424K,   0% used [0x00000007a0000000, 0x00000007a0000000, 0x00000007a5560000)
  from space 21824K, 100% used [0x00000007a5560000, 0x00000007a6ab0000, 0x00000007a6ab0000)
  to   space 21824K,   0% used [0x00000007a6ab0000, 0x00000007a6ab0000, 0x00000007a8000000)
 concurrent mark-sweep generation total 393216K, used 93934K [0x00000007a8000000, 0x00000007c0000000, 0x00000007c0000000)
 Metaspace       used 29477K, capacity 29764K, committed 30204K, reserved 1075200K
  class space    used 3362K, capacity 3449K, committed 3580K, reserved 1048576K
}
2016-02-28T18:34:04.032-0530: 1649.621: Total time for which application threads were stopped: 0.0075794 seconds
{Heap before GC invocations=82 (full 2):
 par new generation   total 109248K, used 109248K [0x00000007a0000000, 0x00000007a8000000, 0x00000007a8000000)
  eden space 87424K, 100% used [0x00000007a0000000, 0x00000007a5560000, 0x00000007a5560000)
  from space 21824K, 100% used [0x00000007a5560000, 0x00000007a6ab0000, 0x00000007a6ab0000)
  to   space 21824K,   0% used [0x00000007a6ab0000, 0x00000007a6ab0000, 0x00000007a8000000)
 concurrent mark-sweep generation total 393216K, used 93934K [0x00000007a8000000, 0x00000007c0000000, 0x00000007c0000000)
 Metaspace       used 29483K, capacity 29764K, committed 30204K, reserved 1075200K
  class space    used 3362K, capacity 3449K, committed 3580K, reserved 1048576K
2016-02-28T18:34:14.011-0530: 1659.600: [GC (Allocation Failure) 1659.600: [ParNew
Desired survivor size 20112992 bytes, new threshold 8 (max 8)
- age   1:    5634720 bytes,    5634720 total
- age   2:    3021824 bytes,    8656544 total
- age   3:    3493392 bytes,   12149936 total
- age   4:    1423768 bytes,   13573704 total
- age   5:     112368 bytes,   13686072 total
- age   6:    1927248 bytes,   15613320 total
- age   7:     890592 bytes,   16503912 total
- age   8:      10624 bytes,   16514536 total
: 109248K->21824K(109248K), 0.0068549 secs] 203182K->118661K(502464K), 0.0069277 secs] [Times: user=0.02 sys=0.00, real=0.00 secs] 
Heap after GC invocations=83 (full 2):
 par new generation   total 109248K, used 21824K [0x00000007a0000000, 0x00000007a8000000, 0x00000007a8000000)
  eden space 87424K,   0% used [0x00000007a0000000, 0x00000007a0000000, 0x00000007a5560000)
  from space 21824K, 100% used [0x00000007a6ab0000, 0x00000007a8000000, 0x00000007a8000000)
  to   space 21824K,   0% used [0x00000007a5560000, 0x00000007a5560000, 0x00000007a6ab0000)
 concurrent mark-sweep generation total 393216K, used 96837K [0x00000007a8000000, 0x00000007c0000000, 0x00000007c0000000)
 Metaspace       used 29483K, capacity 29764K, committed 30204K, reserved 1075200K
  class space    used 3362K, capacity 3449K, committed 3580K, reserved 1048576K
}
2016-02-28T18:34:14.018-0530: 1659.607: Total time for which application threads were stopped: 0.0071128 seconds
2016-02-28T18:34:14.277-0530: 1659.866: Total time for which application threads were stopped: 0.0000938 seconds
2016-02-28T18:34:14.277-0530: 1659.866: Total time for which application threads were stopped: 0.0001161 seconds
2016-02-28T18:34:14.277-0530: 1659.866: Total time for which application threads were stopped: 0.0000714 seconds
2016-02-28T18:34:14.277-0530: 1659.867: Total time for which application threads were stopped: 0.0000818 seconds
2016-02-28T18:34:14.278-0530: 1659.867: Total time for which application threads were stopped: 0.0000422 seconds
2016-02-28T18:34:14.302-0530: 1659.891: Total time for which application threads were stopped: 0.0001276 seconds
2016-02-28T18:34:14.302-0530: 1659.891: Total time for which application threads were stopped: 0.0000842 seconds
2016-02-28T18:34:14.302-0530: 1659.891: Total time for which application threads were stopped: 0.0000798 seconds
2016-02-28T18:34:15.303-0530: 1660.893: Total time for which application threads were stopped: 0.0002310 seconds
{Heap before GC invocations=83 (full 2):
 par new generation   total 109248K, used 109248K [0x00000007a0000000, 0x00000007a8000000, 0x00000007a8000000)
  eden space 87424K, 100% used [0x00000007a0000000, 0x00000007a5560000, 0x00000007a5560000)
  from space 21824K, 100% used [0x00000007a6ab0000, 0x00000007a8000000, 0x00000007a8000000)
  to   space 21824K,   0% used [0x00000007a5560000, 0x00000007a5560000, 0x00000007a6ab0000)
 concurrent mark-sweep generation total 393216K, used 96837K [0x00000007a8000000, 0x00000007c0000000, 0x00000007c0000000)
 Metaspace       used 29497K, capacity 29764K, committed 30204K, reserved 1075200K
  class space    used 3362K, capacity 3449K, committed 3580K, reserved 1048576K
2016-02-28T18:34:24.059-0530: 1669.649: [GC (Allocation Failure) 1669.649: [ParNew
Desired survivor size 20112992 bytes, new threshold 8 (max 8)
- age   1:    5245544 bytes,    5245544 total
- age   2:    2131512 bytes,    7377056 total
- age   3:    3021672 bytes,   10398728 total
- age   4:    3492248 bytes,   13890976 total
- age   5:    1423768 bytes,   15314744 total
- age   6:     112368 bytes,   15427112 total
- age   7:    1926128 bytes,   17353240 total
- age   8:     890592 bytes,   18243832 total
: 109248K->21824K(109248K), 0.0052752 secs] 206085K->118672K(502464K), 0.0056610 secs] [Times: user=0.02 sys=0.00, real=0.01 secs] 
Heap after GC invocations=84 (full 2):
 par new generation   total 109248K, used 21824K [0x00000007a0000000, 0x00000007a8000000, 0x00000007a8000000)
  eden space 87424K,   0% used [0x00000007a0000000, 0x00000007a0000000, 0x00000007a5560000)
  from space 21824K, 100% used [0x00000007a5560000, 0x00000007a6ab0000, 0x00000007a6ab0000)
  to   space 21824K,   0% used [0x00000007a6ab0000, 0x00000007a6ab0000, 0x00000007a8000000)
 concurrent mark-sweep generation total 393216K, used 96848K [0x00000007a8000000, 0x00000007c0000000, 0x00000007c0000000)
 Metaspace       used 29497K, capacity 29764K, committed 30204K, reserved 1075200K
  class space    used 3362K, capacity 3449K, committed 3580K, reserved 1048576K
}
2016-02-28T18:34:24.065-0530: 1669.655: Total time for which application threads were stopped: 0.0058782 seconds
{Heap before GC invocations=84 (full 2):
 par new generation   total 109248K, used 109248K [0x00000007a0000000, 0x00000007a8000000, 0x00000007a8000000)
  eden space 87424K, 100% used [0x00000007a0000000, 0x00000007a5560000, 0x00000007a5560000)
  from space 21824K, 100% used [0x00000007a5560000, 0x00000007a6ab0000, 0x00000007a6ab0000)
  to   space 21824K,   0% used [0x00000007a6ab0000, 0x00000007a6ab0000, 0x00000007a8000000)
 concurrent mark-sweep generation total 393216K, used 96848K [0x00000007a8000000, 0x00000007c0000000, 0x00000007c0000000)
 Metaspace       used 29497K, capacity 29764K, committed 30204K, reserved 1075200K
  class space    used 3362K, capacity 3449K, committed 3580K, reserved 1048576K
2016-02-28T18:34:24.711-0530: 1670.300: [GC (Allocation Failure) 1670.300: [ParNew
Desired survivor size 20112992 bytes, new threshold 8 (max 8)
- age   1:    5210824 bytes,    5210824 total
- age   2:    4362112 bytes,    9572936 total
- age   3:    2105112 bytes,   11678048 total
- age   4:    3021184 bytes,   14699232 total
- age   5:    3335248 bytes,   18034480 total
- age   6:    1423648 bytes,   19458128 total
- age   7:     112368 bytes,   19570496 total
- age   8:    1926128 bytes,   21496624 total
: 109248K->21824K(109248K), 0.0074867 secs] 206096K->120602K(502464K), 0.0075457 secs] [Times: user=0.02 sys=0.01, real=0.00 secs] 
Heap after GC invocations=85 (full 2):
 par new generation   total 109248K, used 21824K [0x00000007a0000000, 0x00000007a8000000, 0x00000007a8000000)
  eden space 87424K,   0% used [0x00000007a0000000, 0x00000007a0000000, 0x00000007a5560000)
  from space 21824K, 100% used [0x00000007a6ab0000, 0x00000007a8000000, 0x00000007a8000000)
  to   space 21824K,   0% used [0x00000007a5560000, 0x00000007a5560000, 0x00000007a6ab0000)
 concurrent mark-sweep generation total 393216K, used 98778K [0x00000007a8000000, 0x00000007c0000000, 0x00000007c0000000)
 Metaspace       used 29497K, capacity 29764K, committed 30204K, reserved 1075200K
  class space    used 3362K, capacity 3449K, committed 3580K, reserved 1048576K
}
2016-02-28T18:34:24.718-0530: 1670.308: Total time for which application threads were stopped: 0.0077426 seconds
2016-02-28T18:34:24.748-0530: 1670.337: Total time for which application threads were stopped: 0.0001659 seconds
2016-02-28T18:34:24.749-0530: 1670.338: Total time for which application threads were stopped: 0.0001461 seconds
2016-02-28T18:34:24.774-0530: 1670.363: Total time for which application threads were stopped: 0.0001285 seconds
2016-02-28T18:34:24.774-0530: 1670.363: Total time for which application threads were stopped: 0.0000734 seconds
2016-02-28T18:34:24.774-0530: 1670.363: Total time for which application threads were stopped: 0.0000566 seconds
2016-02-28T18:34:25.778-0530: 1671.367: Total time for which application threads were stopped: 0.0001967 seconds
2016-02-28T18:34:36.807-0530: 1682.397: Total time for which application threads were stopped: 0.0002286 seconds
{Heap before GC invocations=85 (full 2):
 par new generation   total 109248K, used 109248K [0x00000007a0000000, 0x00000007a8000000, 0x00000007a8000000)
  eden space 87424K, 100% used [0x00000007a0000000, 0x00000007a5560000, 0x00000007a5560000)
  from space 21824K, 100% used [0x00000007a6ab0000, 0x00000007a8000000, 0x00000007a8000000)
  to   space 21824K,   0% used [0x00000007a5560000, 0x00000007a5560000, 0x00000007a6ab0000)
 concurrent mark-sweep generation total 393216K, used 98778K [0x00000007a8000000, 0x00000007c0000000, 0x00000007c0000000)
 Metaspace       used 29502K, capacity 29764K, committed 30204K, reserved 1075200K
  class space    used 3362K, capacity 3449K, committed 3580K, reserved 1048576K
2016-02-28T18:34:37.271-0530: 1682.862: [GC (Allocation Failure) 1682.890: [ParNew
Desired survivor size 20112992 bytes, new threshold 7 (max 8)
- age   1:    3218592 bytes,    3218592 total
- age   2:    4933312 bytes,    8151904 total
- age   3:    3657912 bytes,   11809816 total
- age   4:    1096880 bytes,   12906696 total
- age   5:    3021184 bytes,   15927880 total
- age   6:    2795048 bytes,   18722928 total
- age   7:    1422840 bytes,   20145768 total
- age   8:     112368 bytes,   20258136 total
: 109248K->21824K(109248K), 0.0119687 secs] 208026K->127125K(502464K), 0.0399166 secs] [Times: user=0.04 sys=0.00, real=0.04 secs] 
Heap after GC invocations=86 (full 2):
 par new generation   total 109248K, used 21824K [0x00000007a0000000, 0x00000007a8000000, 0x00000007a8000000)
  eden space 87424K,   0% used [0x00000007a0000000, 0x00000007a0000000, 0x00000007a5560000)
  from space 21824K, 100% used [0x00000007a5560000, 0x00000007a6ab0000, 0x00000007a6ab0000)
  to   space 21824K,   0% used [0x00000007a6ab0000, 0x00000007a6ab0000, 0x00000007a8000000)
 concurrent mark-sweep generation total 393216K, used 105301K [0x00000007a8000000, 0x00000007c0000000, 0x00000007c0000000)
 Metaspace       used 29502K, capacity 29764K, committed 30204K, reserved 1075200K
  class space    used 3362K, capacity 3449K, committed 3580K, reserved 1048576K
}
2016-02-28T18:34:37.311-0530: 1682.902: Total time for which application threads were stopped: 0.0401277 seconds
2016-02-28T18:34:37.623-0530: 1683.213: Total time for which application threads were stopped: 0.0000906 seconds
2016-02-28T18:34:37.624-0530: 1683.214: Total time for which application threads were stopped: 0.0000642 seconds
2016-02-28T18:34:37.649-0530: 1683.239: Total time for which application threads were stopped: 0.0001211 seconds
2016-02-28T18:34:37.649-0530: 1683.240: Total time for which application threads were stopped: 0.0000845 seconds
2016-02-28T18:34:37.650-0530: 1683.240: Total time for which application threads were stopped: 0.0000874 seconds
{Heap before GC invocations=86 (full 2):
 par new generation   total 109248K, used 109247K [0x00000007a0000000, 0x00000007a8000000, 0x00000007a8000000)
  eden space 87424K,  99% used [0x00000007a0000000, 0x00000007a555fd40, 0x00000007a5560000)
  from space 21824K, 100% used [0x00000007a5560000, 0x00000007a6ab0000, 0x00000007a6ab0000)
  to   space 21824K,   0% used [0x00000007a6ab0000, 0x00000007a6ab0000, 0x00000007a8000000)
 concurrent mark-sweep generation total 393216K, used 105301K [0x00000007a8000000, 0x00000007c0000000, 0x00000007c0000000)
 Metaspace       used 29512K, capacity 29764K, committed 30204K, reserved 1075200K
  class space    used 3362K, capacity 3449K, committed 3580K, reserved 1048576K
2016-02-28T18:34:47.869-0530: 1693.460: [GC (Allocation Failure) 1693.460: [ParNew
Desired survivor size 20112992 bytes, new threshold 6 (max 8)
- age   1:    5528944 bytes,    5528944 total
- age   2:    2420592 bytes,    7949536 total
- age   3:    4896640 bytes,   12846176 total
- age   4:    3657608 bytes,   16503784 total
- age   5:    1029896 bytes,   17533680 total
- age   6:    3021184 bytes,   20554864 total
- age   7:    1756808 bytes,   22311672 total
: 109247K->21824K(109248K), 0.0082949 secs] 214548K->130998K(502464K), 0.0083524 secs] [Times: user=0.03 sys=0.00, real=0.01 secs] 
Heap after GC invocations=87 (full 2):
 par new generation   total 109248K, used 21824K [0x00000007a0000000, 0x00000007a8000000, 0x00000007a8000000)
  eden space 87424K,   0% used [0x00000007a0000000, 0x00000007a0000000, 0x00000007a5560000)
  from space 21824K, 100% used [0x00000007a6ab0000, 0x00000007a8000000, 0x00000007a8000000)
  to   space 21824K,   0% used [0x00000007a5560000, 0x00000007a5560000, 0x00000007a6ab0000)
 concurrent mark-sweep generation total 393216K, used 109174K [0x00000007a8000000, 0x00000007c0000000, 0x00000007c0000000)
 Metaspace       used 29512K, capacity 29764K, committed 30204K, reserved 1075200K
  class space    used 3362K, capacity 3449K, committed 3580K, reserved 1048576K
}
2016-02-28T18:34:47.878-0530: 1693.468: Total time for which application threads were stopped: 0.0085365 seconds
{Heap before GC invocations=87 (full 2):
 par new generation   total 109248K, used 109248K [0x00000007a0000000, 0x00000007a8000000, 0x00000007a8000000)
  eden space 87424K, 100% used [0x00000007a0000000, 0x00000007a5560000, 0x00000007a5560000)
  from space 21824K, 100% used [0x00000007a6ab0000, 0x00000007a8000000, 0x00000007a8000000)
  to   space 21824K,   0% used [0x00000007a5560000, 0x00000007a5560000, 0x00000007a6ab0000)
 concurrent mark-sweep generation total 393216K, used 109174K [0x00000007a8000000, 0x00000007c0000000, 0x00000007c0000000)
 Metaspace       used 29531K, capacity 29828K, committed 30204K, reserved 1075200K
  class space    used 3362K, capacity 3449K, committed 3580K, reserved 1048576K
2016-02-28T18:34:48.471-0530: 1694.062: [GC (Allocation Failure) 1694.090: [ParNew
Desired survivor size 20112992 bytes, new threshold 6 (max 8)
- age   1:    5637192 bytes,    5637192 total
- age   2:    4246600 bytes,    9883792 total
- age   3:    2401944 bytes,   12285736 total
- age   4:    4035840 bytes,   16321576 total
- age   5:    3278632 bytes,   19600208 total
- age   6:    1029896 bytes,   20630104 total
: 109248K->21824K(109248K), 0.0130613 secs] 218422K->137585K(502464K), 0.0414663 secs] [Times: user=0.03 sys=0.01, real=0.04 secs] 
Heap after GC invocations=88 (full 2):
 par new generation   total 109248K, used 21824K [0x00000007a0000000, 0x00000007a8000000, 0x00000007a8000000)
  eden space 87424K,   0% used [0x00000007a0000000, 0x00000007a0000000, 0x00000007a5560000)
  from space 21824K, 100% used [0x00000007a5560000, 0x00000007a6ab0000, 0x00000007a6ab0000)
  to   space 21824K,   0% used [0x00000007a6ab0000, 0x00000007a6ab0000, 0x00000007a8000000)
 concurrent mark-sweep generation total 393216K, used 115761K [0x00000007a8000000, 0x00000007c0000000, 0x00000007c0000000)
 Metaspace       used 29531K, capacity 29828K, committed 30204K, reserved 1075200K
  class space    used 3362K, capacity 3449K, committed 3580K, reserved 1048576K
}
2016-02-28T18:34:48.513-0530: 1694.103: Total time for which application threads were stopped: 0.0416720 seconds
2016-02-28T18:34:48.555-0530: 1694.146: Total time for which application threads were stopped: 0.0000951 seconds
2016-02-28T18:34:48.556-0530: 1694.147: Total time for which application threads were stopped: 0.0000746 seconds
2016-02-28T18:34:48.580-0530: 1694.170: Total time for which application threads were stopped: 0.0001357 seconds
2016-02-28T18:34:48.580-0530: 1694.170: Total time for which application threads were stopped: 0.0000896 seconds
2016-02-28T18:34:48.580-0530: 1694.170: Total time for which application threads were stopped: 0.0000819 seconds
{Heap before GC invocations=88 (full 2):
 par new generation   total 109248K, used 109248K [0x00000007a0000000, 0x00000007a8000000, 0x00000007a8000000)
  eden space 87424K, 100% used [0x00000007a0000000, 0x00000007a5560000, 0x00000007a5560000)
  from space 21824K, 100% used [0x00000007a5560000, 0x00000007a6ab0000, 0x00000007a6ab0000)
  to   space 21824K,   0% used [0x00000007a6ab0000, 0x00000007a6ab0000, 0x00000007a8000000)
 concurrent mark-sweep generation total 393216K, used 115761K [0x00000007a8000000, 0x00000007c0000000, 0x00000007c0000000)
 Metaspace       used 29532K, capacity 29828K, committed 30204K, reserved 1075200K
  class space    used 3362K, capacity 3449K, committed 3580K, reserved 1048576K
2016-02-28T18:34:58.763-0530: 1704.354: [GC (Allocation Failure) 1704.354: [ParNew
Desired survivor size 20112992 bytes, new threshold 6 (max 8)
- age   1:    5493840 bytes,    5493840 total
- age   2:    4393048 bytes,    9886888 total
- age   3:    3097128 bytes,   12984016 total
- age   4:    2297424 bytes,   15281440 total
- age   5:    3058240 bytes,   18339680 total
- age   6:    3267136 bytes,   21606816 total
: 109248K->21824K(109248K), 0.0096576 secs] 225009K->142042K(502464K), 0.0097167 secs] [Times: user=0.02 sys=0.01, real=0.01 secs] 
Heap after GC invocations=89 (full 2):
 par new generation   total 109248K, used 21824K [0x00000007a0000000, 0x00000007a8000000, 0x00000007a8000000)
  eden space 87424K,   0% used [0x00000007a0000000, 0x00000007a0000000, 0x00000007a5560000)
  from space 21824K, 100% used [0x00000007a6ab0000, 0x00000007a8000000, 0x00000007a8000000)
  to   space 21824K,   0% used [0x00000007a5560000, 0x00000007a5560000, 0x00000007a6ab0000)
 concurrent mark-sweep generation total 393216K, used 120218K [0x00000007a8000000, 0x00000007c0000000, 0x00000007c0000000)
 Metaspace       used 29532K, capacity 29828K, committed 30204K, reserved 1075200K
  class space    used 3362K, capacity 3449K, committed 3580K, reserved 1048576K
}
2016-02-28T18:34:58.773-0530: 1704.364: Total time for which application threads were stopped: 0.0099057 seconds
2016-02-28T18:34:59.777-0530: 1705.368: Total time for which application threads were stopped: 0.0002825 seconds
{Heap before GC invocations=89 (full 2):
 par new generation   total 109248K, used 109240K [0x00000007a0000000, 0x00000007a8000000, 0x00000007a8000000)
  eden space 87424K,  99% used [0x00000007a0000000, 0x00000007a555e330, 0x00000007a5560000)
  from space 21824K, 100% used [0x00000007a6ab0000, 0x00000007a8000000, 0x00000007a8000000)
  to   space 21824K,   0% used [0x00000007a5560000, 0x00000007a5560000, 0x00000007a6ab0000)
 concurrent mark-sweep generation total 393216K, used 120218K [0x00000007a8000000, 0x00000007c0000000, 0x00000007c0000000)
 Metaspace       used 29539K, capacity 29828K, committed 30204K, reserved 1075200K
  class space    used 3362K, capacity 3449K, committed 3580K, reserved 1048576K
2016-02-28T18:35:09.579-0530: 1715.171: [GC (Allocation Failure) 1715.203: [ParNew
Desired survivor size 20112992 bytes, new threshold 8 (max 8)
- age   1:    4566960 bytes,    4566960 total
- age   2:    2118568 bytes,    6685528 total
- age   3:    4392896 bytes,   11078424 total
- age   4:    3096968 bytes,   14175392 total
- age   5:    2230320 bytes,   16405712 total
- age   6:    3058240 bytes,   19463952 total
: 109240K->21824K(109248K), 0.0089989 secs] 229459K->145870K(502464K), 0.0411511 secs] [Times: user=0.02 sys=0.01, real=0.05 secs] 
Heap after GC invocations=90 (full 2):
 par new generation   total 109248K, used 21824K [0x00000007a0000000, 0x00000007a8000000, 0x00000007a8000000)
  eden space 87424K,   0% used [0x00000007a0000000, 0x00000007a0000000, 0x00000007a5560000)
  from space 21824K, 100% used [0x00000007a5560000, 0x00000007a6ab0000, 0x00000007a6ab0000)
  to   space 21824K,   0% used [0x00000007a6ab0000, 0x00000007a6ab0000, 0x00000007a8000000)
 concurrent mark-sweep generation total 393216K, used 124046K [0x00000007a8000000, 0x00000007c0000000, 0x00000007c0000000)
 Metaspace       used 29539K, capacity 29828K, committed 30204K, reserved 1075200K
  class space    used 3362K, capacity 3449K, committed 3580K, reserved 1048576K
}
2016-02-28T18:35:09.620-0530: 1715.212: Total time for which application threads were stopped: 0.0413500 seconds
{Heap before GC invocations=90 (full 2):
 par new generation   total 109248K, used 109248K [0x00000007a0000000, 0x00000007a8000000, 0x00000007a8000000)
  eden space 87424K, 100% used [0x00000007a0000000, 0x00000007a5560000, 0x00000007a5560000)
  from space 21824K, 100% used [0x00000007a5560000, 0x00000007a6ab0000, 0x00000007a6ab0000)
  to   space 21824K,   0% used [0x00000007a6ab0000, 0x00000007a6ab0000, 0x00000007a8000000)
 concurrent mark-sweep generation total 393216K, used 124046K [0x00000007a8000000, 0x00000007c0000000, 0x00000007c0000000)
 Metaspace       used 29539K, capacity 29828K, committed 30204K, reserved 1075200K
  class space    used 3362K, capacity 3449K, committed 3580K, reserved 1048576K
2016-02-28T18:35:10.187-0530: 1715.778: [GC (Allocation Failure) 1715.778: [ParNew
Desired survivor size 20112992 bytes, new threshold 7 (max 8)
- age   1:    5286712 bytes,    5286712 total
- age   2:    4231984 bytes,    9518696 total
- age   3:    1927808 bytes,   11446504 total
- age   4:    3306448 bytes,   14752952 total
- age   5:    3026784 bytes,   17779736 total
- age   6:    1850704 bytes,   19630440 total
- age   7:    2694624 bytes,   22325064 total
: 109248K->21824K(109248K), 0.0087726 secs] 233294K->148567K(502464K), 0.0088597 secs] [Times: user=0.02 sys=0.01, real=0.01 secs] 
Heap after GC invocations=91 (full 2):
 par new generation   total 109248K, used 21824K [0x00000007a0000000, 0x00000007a8000000, 0x00000007a8000000)
  eden space 87424K,   0% used [0x00000007a0000000, 0x00000007a0000000, 0x00000007a5560000)
  from space 21824K, 100% used [0x00000007a6ab0000, 0x00000007a8000000, 0x00000007a8000000)
  to   space 21824K,   0% used [0x00000007a5560000, 0x00000007a5560000, 0x00000007a6ab0000)
 concurrent mark-sweep generation total 393216K, used 126743K [0x00000007a8000000, 0x00000007c0000000, 0x00000007c0000000)
 Metaspace       used 29539K, capacity 29828K, committed 30204K, reserved 1075200K
  class space    used 3362K, capacity 3449K, committed 3580K, reserved 1048576K
}
2016-02-28T18:35:10.196-0530: 1715.787: Total time for which application threads were stopped: 0.0090852 seconds
2016-02-28T18:35:10.221-0530: 1715.813: Total time for which application threads were stopped: 0.0000933 seconds
2016-02-28T18:35:10.222-0530: 1715.813: Total time for which application threads were stopped: 0.0001256 seconds
2016-02-28T18:35:10.222-0530: 1715.814: Total time for which application threads were stopped: 0.0000690 seconds
2016-02-28T18:35:10.222-0530: 1715.814: Total time for which application threads were stopped: 0.0001212 seconds
2016-02-28T18:35:10.280-0530: 1715.871: Total time for which application threads were stopped: 0.0001396 seconds
2016-02-28T18:35:10.280-0530: 1715.871: Total time for which application threads were stopped: 0.0001409 seconds
2016-02-28T18:35:10.280-0530: 1715.872: Total time for which application threads were stopped: 0.0000807 seconds
2016-02-28T18:35:11.282-0530: 1716.873: Total time for which application threads were stopped: 0.0001722 seconds
{Heap before GC invocations=91 (full 2):
 par new generation   total 109248K, used 109242K [0x00000007a0000000, 0x00000007a8000000, 0x00000007a8000000)
  eden space 87424K,  99% used [0x00000007a0000000, 0x00000007a555eaa0, 0x00000007a5560000)
  from space 21824K, 100% used [0x00000007a6ab0000, 0x00000007a8000000, 0x00000007a8000000)
  to   space 21824K,   0% used [0x00000007a5560000, 0x00000007a5560000, 0x00000007a6ab0000)
 concurrent mark-sweep generation total 393216K, used 126743K [0x00000007a8000000, 0x00000007c0000000, 0x00000007c0000000)
 Metaspace       used 29540K, capacity 29828K, committed 30204K, reserved 1075200K
  class space    used 3362K, capacity 3449K, committed 3580K, reserved 1048576K
2016-02-28T18:35:20.827-0530: 1726.419: [GC (Allocation Failure) 1726.419: [ParNew
Desired survivor size 20112992 bytes, new threshold 7 (max 8)
- age   1:    3323208 bytes,    3323208 total
- age   2:    4904320 bytes,    8227528 total
- age   3:    4176904 bytes,   12404432 total
- age   4:    1927624 bytes,   14332056 total
- age   5:    3245736 bytes,   17577792 total
- age   6:    2468000 bytes,   20045792 total
- age   7:    1849472 bytes,   21895264 total
: 109242K->21824K(109248K), 0.0121539 secs] 235986K->154343K(502464K), 0.0122117 secs] [Times: user=0.03 sys=0.01, real=0.02 secs] 
Heap after GC invocations=92 (full 2):
 par new generation   total 109248K, used 21824K [0x00000007a0000000, 0x00000007a8000000, 0x00000007a8000000)
  eden space 87424K,   0% used [0x00000007a0000000, 0x00000007a0000000, 0x00000007a5560000)
  from space 21824K, 100% used [0x00000007a5560000, 0x00000007a6ab0000, 0x00000007a6ab0000)
  to   space 21824K,   0% used [0x00000007a6ab0000, 0x00000007a6ab0000, 0x00000007a8000000)
 concurrent mark-sweep generation total 393216K, used 132519K [0x00000007a8000000, 0x00000007c0000000, 0x00000007c0000000)
 Metaspace       used 29540K, capacity 29828K, committed 30204K, reserved 1075200K
  class space    used 3362K, capacity 3449K, committed 3580K, reserved 1048576K
}
2016-02-28T18:35:20.840-0530: 1726.432: Total time for which application threads were stopped: 0.0123972 seconds
2016-02-28T18:35:21.100-0530: 1726.692: Total time for which application threads were stopped: 0.0002251 seconds
2016-02-28T18:35:21.101-0530: 1726.693: Total time for which application threads were stopped: 0.0004907 seconds
2016-02-28T18:35:21.126-0530: 1726.718: Total time for which application threads were stopped: 0.0001706 seconds
2016-02-28T18:35:21.126-0530: 1726.718: Total time for which application threads were stopped: 0.0001294 seconds
2016-02-28T18:35:21.126-0530: 1726.718: Total time for which application threads were stopped: 0.0001337 seconds
{Heap before GC invocations=92 (full 2):
 par new generation   total 109248K, used 109248K [0x00000007a0000000, 0x00000007a8000000, 0x00000007a8000000)
  eden space 87424K, 100% used [0x00000007a0000000, 0x00000007a5560000, 0x00000007a5560000)
  from space 21824K, 100% used [0x00000007a5560000, 0x00000007a6ab0000, 0x00000007a6ab0000)
  to   space 21824K,   0% used [0x00000007a6ab0000, 0x00000007a6ab0000, 0x00000007a8000000)
 concurrent mark-sweep generation total 393216K, used 132519K [0x00000007a8000000, 0x00000007c0000000, 0x00000007c0000000)
 Metaspace       used 29546K, capacity 29828K, committed 30204K, reserved 1075200K
  class space    used 3362K, capacity 3449K, committed 3580K, reserved 1048576K
2016-02-28T18:35:31.024-0530: 1736.616: [GC (Allocation Failure) 1736.616: [ParNew
Desired survivor size 20112992 bytes, new threshold 7 (max 8)
- age   1:    5714576 bytes,    5714576 total
- age   2:    2935160 bytes,    8649736 total
- age   3:    3340096 bytes,   11989832 total
- age   4:    3604648 bytes,   15594480 total
- age   5:    1851328 bytes,   17445808 total
- age   6:    2416664 bytes,   19862472 total
- age   7:    2456784 bytes,   22319256 total
: 109248K->21824K(109248K), 0.0113977 secs] 241767K->160220K(502464K), 0.0114648 secs] [Times: user=0.02 sys=0.01, real=0.01 secs] 
Heap after GC invocations=93 (full 2):
 par new generation   total 109248K, used 21824K [0x00000007a0000000, 0x00000007a8000000, 0x00000007a8000000)
  eden space 87424K,   0% used [0x00000007a0000000, 0x00000007a0000000, 0x00000007a5560000)
  from space 21824K, 100% used [0x00000007a6ab0000, 0x00000007a8000000, 0x00000007a8000000)
  to   space 21824K,   0% used [0x00000007a5560000, 0x00000007a5560000, 0x00000007a6ab0000)
 concurrent mark-sweep generation total 393216K, used 138396K [0x00000007a8000000, 0x00000007c0000000, 0x00000007c0000000)
 Metaspace       used 29546K, capacity 29828K, committed 30204K, reserved 1075200K
  class space    used 3362K, capacity 3449K, committed 3580K, reserved 1048576K
}
2016-02-28T18:35:31.036-0530: 1736.628: Total time for which application threads were stopped: 0.0116530 seconds
{Heap before GC invocations=93 (full 2):
 par new generation   total 109248K, used 109248K [0x00000007a0000000, 0x00000007a8000000, 0x00000007a8000000)
  eden space 87424K, 100% used [0x00000007a0000000, 0x00000007a5560000, 0x00000007a5560000)
  from space 21824K, 100% used [0x00000007a6ab0000, 0x00000007a8000000, 0x00000007a8000000)
  to   space 21824K,   0% used [0x00000007a5560000, 0x00000007a5560000, 0x00000007a6ab0000)
 concurrent mark-sweep generation total 393216K, used 138396K [0x00000007a8000000, 0x00000007c0000000, 0x00000007c0000000)
 Metaspace       used 29546K, capacity 29828K, committed 30204K, reserved 1075200K
  class space    used 3362K, capacity 3449K, committed 3580K, reserved 1048576K
2016-02-28T18:35:31.618-0530: 1737.210: [GC (Allocation Failure) 1737.210: [ParNew
Desired survivor size 20112992 bytes, new threshold 6 (max 8)
- age   1:    3758584 bytes,    3758584 total
- age   2:    4935120 bytes,    8693704 total
- age   3:    2935056 bytes,   11628760 total
- age   4:    3340096 bytes,   14968856 total
- age   5:    3537736 bytes,   18506592 total
- age   6:    1850968 bytes,   20357560 total
- age   7:    1924904 bytes,   22282464 total
: 109248K->21824K(109248K), 0.0129789 secs] 247644K->165612K(502464K), 0.0130592 secs] [Times: user=0.03 sys=0.02, real=0.02 secs] 
Heap after GC invocations=94 (full 2):
 par new generation   total 109248K, used 21824K [0x00000007a0000000, 0x00000007a8000000, 0x00000007a8000000)
  eden space 87424K,   0% used [0x00000007a0000000, 0x00000007a0000000, 0x00000007a5560000)
  from space 21824K, 100% used [0x00000007a5560000, 0x00000007a6ab0000, 0x00000007a6ab0000)
  to   space 21824K,   0% used [0x00000007a6ab0000, 0x00000007a6ab0000, 0x00000007a8000000)
 concurrent mark-sweep generation total 393216K, used 143788K [0x00000007a8000000, 0x00000007c0000000, 0x00000007c0000000)
 Metaspace       used 29546K, capacity 29828K, committed 30204K, reserved 1075200K
  class space    used 3362K, capacity 3449K, committed 3580K, reserved 1048576K
}
2016-02-28T18:35:31.631-0530: 1737.223: Total time for which application threads were stopped: 0.0132592 seconds
2016-02-28T18:35:31.653-0530: 1737.245: Total time for which application threads were stopped: 0.0001629 seconds
2016-02-28T18:35:31.654-0530: 1737.246: Total time for which application threads were stopped: 0.0001285 seconds
2016-02-28T18:35:31.654-0530: 1737.246: Total time for which application threads were stopped: 0.0000987 seconds
2016-02-28T18:35:31.654-0530: 1737.246: Total time for which application threads were stopped: 0.0000914 seconds
2016-02-28T18:35:31.657-0530: 1737.249: Total time for which application threads were stopped: 0.0001040 seconds
2016-02-28T18:35:31.669-0530: 1737.262: Total time for which application threads were stopped: 0.0001091 seconds
2016-02-28T18:35:31.676-0530: 1737.268: Total time for which application threads were stopped: 0.0001669 seconds
2016-02-28T18:35:31.685-0530: 1737.277: Total time for which application threads were stopped: 0.0001175 seconds
2016-02-28T18:35:31.784-0530: 1737.376: Total time for which application threads were stopped: 0.0001091 seconds
2016-02-28T18:35:31.791-0530: 1737.384: Total time for which application threads were stopped: 0.0000923 seconds
2016-02-28T18:35:31.798-0530: 1737.390: Total time for which application threads were stopped: 0.0000965 seconds
2016-02-28T18:35:31.817-0530: 1737.409: Total time for which application threads were stopped: 0.0000925 seconds
2016-02-28T18:35:31.904-0530: 1737.497: Total time for which application threads were stopped: 0.0001040 seconds
2016-02-28T18:35:31.918-0530: 1737.510: Total time for which application threads were stopped: 0.0000966 seconds
2016-02-28T18:35:32.054-0530: 1737.647: Total time for which application threads were stopped: 0.0001110 seconds
2016-02-28T18:35:32.055-0530: 1737.647: Total time for which application threads were stopped: 0.0001312 seconds
{Heap before GC invocations=94 (full 2):
 par new generation   total 109248K, used 109248K [0x00000007a0000000, 0x00000007a8000000, 0x00000007a8000000)
  eden space 87424K, 100% used [0x00000007a0000000, 0x00000007a5560000, 0x00000007a5560000)
  from space 21824K, 100% used [0x00000007a5560000, 0x00000007a6ab0000, 0x00000007a6ab0000)
  to   space 21824K,   0% used [0x00000007a6ab0000, 0x00000007a6ab0000, 0x00000007a8000000)
 concurrent mark-sweep generation total 393216K, used 143788K [0x00000007a8000000, 0x00000007c0000000, 0x00000007c0000000)
 Metaspace       used 29550K, capacity 29892K, committed 30204K, reserved 1075200K
  class space    used 3362K, capacity 3449K, committed 3580K, reserved 1048576K
2016-02-28T18:35:32.524-0530: 1738.116: [GC (Allocation Failure) 1738.117: [ParNew
Desired survivor size 20112992 bytes, new threshold 8 (max 8)
- age   1:    1017120 bytes,    1017120 total
- age   2:    3569224 bytes,    4586344 total
- age   3:    4317920 bytes,    8904264 total
- age   4:    2934888 bytes,   11839152 total
- age   5:    1189856 bytes,   13029008 total
- age   6:    3275312 bytes,   16304320 total
: 109248K->21824K(109248K), 0.0122808 secs] 253036K->172194K(502464K), 0.0123548 secs] [Times: user=0.02 sys=0.01, real=0.01 secs] 
Heap after GC invocations=95 (full 2):
 par new generation   total 109248K, used 21824K [0x00000007a0000000, 0x00000007a8000000, 0x00000007a8000000)
  eden space 87424K,   0% used [0x00000007a0000000, 0x00000007a0000000, 0x00000007a5560000)
  from space 21824K, 100% used [0x00000007a6ab0000, 0x00000007a8000000, 0x00000007a8000000)
  to   space 21824K,   0% used [0x00000007a5560000, 0x00000007a5560000, 0x00000007a6ab0000)
 concurrent mark-sweep generation total 393216K, used 150370K [0x00000007a8000000, 0x00000007c0000000, 0x00000007c0000000)
 Metaspace       used 29550K, capacity 29892K, committed 30204K, reserved 1075200K
  class space    used 3362K, capacity 3449K, committed 3580K, reserved 1048576K
}
2016-02-28T18:35:32.537-0530: 1738.129: Total time for which application threads were stopped: 0.0125459 seconds
2016-02-28T18:35:33.541-0530: 1739.134: Total time for which application threads were stopped: 0.0001902 seconds
{Heap before GC invocations=95 (full 2):
 par new generation   total 109248K, used 109248K [0x00000007a0000000, 0x00000007a8000000, 0x00000007a8000000)
  eden space 87424K, 100% used [0x00000007a0000000, 0x00000007a5560000, 0x00000007a5560000)
  from space 21824K, 100% used [0x00000007a6ab0000, 0x00000007a8000000, 0x00000007a8000000)
  to   space 21824K,   0% used [0x00000007a5560000, 0x00000007a5560000, 0x00000007a6ab0000)
 concurrent mark-sweep generation total 393216K, used 150370K [0x00000007a8000000, 0x00000007c0000000, 0x00000007c0000000)
 Metaspace       used 29555K, capacity 29892K, committed 30204K, reserved 1075200K
  class space    used 3362K, capacity 3449K, committed 3580K, reserved 1048576K
2016-02-28T18:35:44.354-0530: 1749.946: [GC (Allocation Failure) 1749.955: [ParNew
Desired survivor size 20112992 bytes, new threshold 8 (max 8)
- age   1:    3933528 bytes,    3933528 total
- age   2:     710672 bytes,    4644200 total
- age   3:    3202272 bytes,    7846472 total
- age   4:    4317512 bytes,   12163984 total
- age   5:    2674400 bytes,   14838384 total
- age   6:     981832 bytes,   15820216 total
- age   7:    3269408 bytes,   19089624 total
: 109248K->21824K(109248K), 0.0063683 secs] 259618K->173015K(502464K), 0.0155192 secs] [Times: user=0.02 sys=0.00, real=0.01 secs] 
Heap after GC invocations=96 (full 2):
 par new generation   total 109248K, used 21824K [0x00000007a0000000, 0x00000007a8000000, 0x00000007a8000000)
  eden space 87424K,   0% used [0x00000007a0000000, 0x00000007a0000000, 0x00000007a5560000)
  from space 21824K, 100% used [0x00000007a5560000, 0x00000007a6ab0000, 0x00000007a6ab0000)
  to   space 21824K,   0% used [0x00000007a6ab0000, 0x00000007a6ab0000, 0x00000007a8000000)
 concurrent mark-sweep generation total 393216K, used 151191K [0x00000007a8000000, 0x00000007c0000000, 0x00000007c0000000)
 Metaspace       used 29555K, capacity 29892K, committed 30204K, reserved 1075200K
  class space    used 3362K, capacity 3449K, committed 3580K, reserved 1048576K
}
2016-02-28T18:35:44.369-0530: 1749.962: Total time for which application threads were stopped: 0.0157290 seconds
2016-02-28T18:35:44.881-0530: 1750.474: Total time for which application threads were stopped: 0.0001383 seconds
2016-02-28T18:35:44.881-0530: 1750.474: Total time for which application threads were stopped: 0.0001179 seconds
2016-02-28T18:35:44.881-0530: 1750.474: Total time for which application threads were stopped: 0.0000747 seconds
2016-02-28T18:35:45.886-0530: 1751.479: Total time for which application threads were stopped: 0.0002589 seconds
{Heap before GC invocations=96 (full 2):
 par new generation   total 109248K, used 109248K [0x00000007a0000000, 0x00000007a8000000, 0x00000007a8000000)
  eden space 87424K, 100% used [0x00000007a0000000, 0x00000007a5560000, 0x00000007a5560000)
  from space 21824K, 100% used [0x00000007a5560000, 0x00000007a6ab0000, 0x00000007a6ab0000)
  to   space 21824K,   0% used [0x00000007a6ab0000, 0x00000007a6ab0000, 0x00000007a8000000)
 concurrent mark-sweep generation total 393216K, used 151191K [0x00000007a8000000, 0x00000007c0000000, 0x00000007c0000000)
 Metaspace       used 29557K, capacity 29892K, committed 30204K, reserved 1075200K
  class space    used 3362K, capacity 3449K, committed 3580K, reserved 1048576K
2016-02-28T18:35:54.329-0530: 1759.923: [GC (Allocation Failure) 1759.923: [ParNew
Desired survivor size 20112992 bytes, new threshold 8 (max 8)
- age   1:    4421032 bytes,    4421032 total
- age   2:    1300000 bytes,    5721032 total
- age   3:     630360 bytes,    6351392 total
- age   4:    2797728 bytes,    9149120 total
- age   5:    4002592 bytes,   13151712 total
- age   6:    2606888 bytes,   15758600 total
- age   7:     981832 bytes,   16740432 total
- age   8:    3260344 bytes,   20000776 total
: 109248K->21824K(109248K), 0.0065929 secs] 260439K->173209K(502464K), 0.0066616 secs] [Times: user=0.01 sys=0.00, real=0.01 secs] 
Heap after GC invocations=97 (full 2):
 par new generation   total 109248K, used 21824K [0x00000007a0000000, 0x00000007a8000000, 0x00000007a8000000)
  eden space 87424K,   0% used [0x00000007a0000000, 0x00000007a0000000, 0x00000007a5560000)
  from space 21824K, 100% used [0x00000007a6ab0000, 0x00000007a8000000, 0x00000007a8000000)
  to   space 21824K,   0% used [0x00000007a5560000, 0x00000007a5560000, 0x00000007a6ab0000)
 concurrent mark-sweep generation total 393216K, used 151385K [0x00000007a8000000, 0x00000007c0000000, 0x00000007c0000000)
 Metaspace       used 29557K, capacity 29892K, committed 30204K, reserved 1075200K
  class space    used 3362K, capacity 3449K, committed 3580K, reserved 1048576K
}
2016-02-28T18:35:54.336-0530: 1759.929: Total time for which application threads were stopped: 0.0068875 seconds
{Heap before GC invocations=97 (full 2):
 par new generation   total 109248K, used 109248K [0x00000007a0000000, 0x00000007a8000000, 0x00000007a8000000)
  eden space 87424K, 100% used [0x00000007a0000000, 0x00000007a5560000, 0x00000007a5560000)
  from space 21824K, 100% used [0x00000007a6ab0000, 0x00000007a8000000, 0x00000007a8000000)
  to   space 21824K,   0% used [0x00000007a5560000, 0x00000007a5560000, 0x00000007a6ab0000)
 concurrent mark-sweep generation total 393216K, used 151385K [0x00000007a8000000, 0x00000007c0000000, 0x00000007c0000000)
 Metaspace       used 29557K, capacity 29892K, committed 30204K, reserved 1075200K
  class space    used 3362K, capacity 3449K, committed 3580K, reserved 1048576K
2016-02-28T18:35:54.952-0530: 1760.545: [GC (Allocation Failure) 1760.545: [ParNew
Desired survivor size 20112992 bytes, new threshold 8 (max 8)
- age   1:    4985256 bytes,    4985256 total
- age   2:    4164384 bytes,    9149640 total
- age   3:    1300000 bytes,   10449640 total
- age   4:     630280 bytes,   11079920 total
- age   5:    2797728 bytes,   13877648 total
- age   6:    3412480 bytes,   17290128 total
- age   7:    2311832 bytes,   19601960 total
- age   8:     981832 bytes,   20583792 total
: 109248K->21824K(109248K), 0.0098719 secs] 260633K->177656K(502464K), 0.0099283 secs] [Times: user=0.02 sys=0.01, real=0.01 secs] 
Heap after GC invocations=98 (full 2):
 par new generation   total 109248K, used 21824K [0x00000007a0000000, 0x00000007a8000000, 0x00000007a8000000)
  eden space 87424K,   0% used [0x00000007a0000000, 0x00000007a0000000, 0x00000007a5560000)
  from space 21824K, 100% used [0x00000007a5560000, 0x00000007a6ab0000, 0x00000007a6ab0000)
  to   space 21824K,   0% used [0x00000007a6ab0000, 0x00000007a6ab0000, 0x00000007a8000000)
 concurrent mark-sweep generation total 393216K, used 155832K [0x00000007a8000000, 0x00000007c0000000, 0x00000007c0000000)
 Metaspace       used 29557K, capacity 29892K, committed 30204K, reserved 1075200K
  class space    used 3362K, capacity 3449K, committed 3580K, reserved 1048576K
}
2016-02-28T18:35:54.962-0530: 1760.555: Total time for which application threads were stopped: 0.0101170 seconds
2016-02-28T18:35:55.115-0530: 1760.708: Total time for which application threads were stopped: 0.0001571 seconds
2016-02-28T18:35:55.115-0530: 1760.708: Total time for which application threads were stopped: 0.0000761 seconds
2016-02-28T18:35:55.116-0530: 1760.709: Total time for which application threads were stopped: 0.0000712 seconds
2016-02-28T18:35:55.140-0530: 1760.733: Total time for which application threads were stopped: 0.0000962 seconds
2016-02-28T18:35:55.140-0530: 1760.733: Total time for which application threads were stopped: 0.0000844 seconds
2016-02-28T18:35:55.140-0530: 1760.733: Total time for which application threads were stopped: 0.0000717 seconds
2016-02-28T18:35:56.140-0530: 1761.733: Total time for which application threads were stopped: 0.0000839 seconds
{Heap before GC invocations=98 (full 2):
 par new generation   total 109248K, used 109248K [0x00000007a0000000, 0x00000007a8000000, 0x00000007a8000000)
  eden space 87424K, 100% used [0x00000007a0000000, 0x00000007a5560000, 0x00000007a5560000)
  from space 21824K, 100% used [0x00000007a5560000, 0x00000007a6ab0000, 0x00000007a6ab0000)
  to   space 21824K,   0% used [0x00000007a6ab0000, 0x00000007a6ab0000, 0x00000007a8000000)
 concurrent mark-sweep generation total 393216K, used 155832K [0x00000007a8000000, 0x00000007c0000000, 0x00000007c0000000)
 Metaspace       used 29561K, capacity 29892K, committed 30204K, reserved 1075200K
  class space    used 3362K, capacity 3449K, committed 3580K, reserved 1048576K
2016-02-28T18:36:05.568-0530: 1771.162: [GC (Allocation Failure) 1771.179: [ParNew
Desired survivor size 20112992 bytes, new threshold 8 (max 8)
- age   1:    5679912 bytes,    5679912 total
- age   2:    1908824 bytes,    7588736 total
- age   3:    3467608 bytes,   11056344 total
- age   4:    1299896 bytes,   12356240 total
- age   5:     629928 bytes,   12986168 total
- age   6:    2797728 bytes,   15783896 total
- age   7:    3345416 bytes,   19129312 total
- age   8:     907616 bytes,   20036928 total
: 109248K->21824K(109248K), 0.0121370 secs] 265080K->179986K(502464K), 0.0296779 secs] [Times: user=0.03 sys=0.01, real=0.03 secs] 
Heap after GC invocations=99 (full 2):
 par new generation   total 109248K, used 21824K [0x00000007a0000000, 0x00000007a8000000, 0x00000007a8000000)
  eden space 87424K,   0% used [0x00000007a0000000, 0x00000007a0000000, 0x00000007a5560000)
  from space 21824K, 100% used [0x00000007a6ab0000, 0x00000007a8000000, 0x00000007a8000000)
  to   space 21824K,   0% used [0x00000007a5560000, 0x00000007a5560000, 0x00000007a6ab0000)
 concurrent mark-sweep generation total 393216K, used 158162K [0x00000007a8000000, 0x00000007c0000000, 0x00000007c0000000)
 Metaspace       used 29561K, capacity 29892K, committed 30204K, reserved 1075200K
  class space    used 3362K, capacity 3449K, committed 3580K, reserved 1048576K
}
2016-02-28T18:36:05.598-0530: 1771.191: Total time for which application threads were stopped: 0.0298792 seconds
2016-02-28T18:36:05.598-0530: 1771.192: Total time for which application threads were stopped: 0.0002708 seconds
2016-02-28T18:36:06.092-0530: 1771.685: Total time for which application threads were stopped: 0.0001030 seconds
2016-02-28T18:36:06.092-0530: 1771.686: Total time for which application threads were stopped: 0.0000982 seconds
2016-02-28T18:36:06.116-0530: 1771.710: Total time for which application threads were stopped: 0.0000966 seconds
2016-02-28T18:36:06.117-0530: 1771.710: Total time for which application threads were stopped: 0.0001089 seconds
2016-02-28T18:36:06.117-0530: 1771.711: Total time for which application threads were stopped: 0.0000829 seconds
2016-02-28T18:36:06.117-0530: 1771.711: Total time for which application threads were stopped: 0.0000750 seconds
2016-02-28T18:36:07.118-0530: 1772.711: Total time for which application threads were stopped: 0.0001461 seconds
{Heap before GC invocations=99 (full 2):
 par new generation   total 109248K, used 109248K [0x00000007a0000000, 0x00000007a8000000, 0x00000007a8000000)
  eden space 87424K, 100% used [0x00000007a0000000, 0x00000007a5560000, 0x00000007a5560000)
  from space 21824K, 100% used [0x00000007a6ab0000, 0x00000007a8000000, 0x00000007a8000000)
  to   space 21824K,   0% used [0x00000007a5560000, 0x00000007a5560000, 0x00000007a6ab0000)
 concurrent mark-sweep generation total 393216K, used 158162K [0x00000007a8000000, 0x00000007c0000000, 0x00000007c0000000)
 Metaspace       used 29565K, capacity 29892K, committed 30204K, reserved 1075200K
  class space    used 3362K, capacity 3449K, committed 3580K, reserved 1048576K
2016-02-28T18:36:16.262-0530: 1781.856: [GC (Allocation Failure) 1781.856: [ParNew
Desired survivor size 20112992 bytes, new threshold 8 (max 8)
- age   1:    4124600 bytes,    4124600 total
- age   2:    3319752 bytes,    7444352 total
- age   3:    1908824 bytes,    9353176 total
- age   4:    3466472 bytes,   12819648 total
- age   5:    1232864 bytes,   14052512 total
- age   6:     629664 bytes,   14682176 total
- age   7:    2797728 bytes,   17479904 total
- age   8:    3345192 bytes,   20825096 total
: 109248K->21824K(109248K), 0.0061170 secs] 267410K->180873K(502464K), 0.0061791 secs] [Times: user=0.02 sys=0.01, real=0.00 secs] 
Heap after GC invocations=100 (full 2):
 par new generation   total 109248K, used 21824K [0x00000007a0000000, 0x00000007a8000000, 0x00000007a8000000)
  eden space 87424K,   0% used [0x00000007a0000000, 0x00000007a0000000, 0x00000007a5560000)
  from space 21824K, 100% used [0x00000007a5560000, 0x00000007a6ab0000, 0x00000007a6ab0000)
  to   space 21824K,   0% used [0x00000007a6ab0000, 0x00000007a6ab0000, 0x00000007a8000000)
 concurrent mark-sweep generation total 393216K, used 159049K [0x00000007a8000000, 0x00000007c0000000, 0x00000007c0000000)
 Metaspace       used 29565K, capacity 29892K, committed 30204K, reserved 1075200K
  class space    used 3362K, capacity 3449K, committed 3580K, reserved 1048576K
}
2016-02-28T18:36:16.268-0530: 1781.862: Total time for which application threads were stopped: 0.0063837 seconds
{Heap before GC invocations=100 (full 2):
 par new generation   total 109248K, used 109248K [0x00000007a0000000, 0x00000007a8000000, 0x00000007a8000000)
  eden space 87424K, 100% used [0x00000007a0000000, 0x00000007a5560000, 0x00000007a5560000)
  from space 21824K, 100% used [0x00000007a5560000, 0x00000007a6ab0000, 0x00000007a6ab0000)
  to   space 21824K,   0% used [0x00000007a6ab0000, 0x00000007a6ab0000, 0x00000007a8000000)
 concurrent mark-sweep generation total 393216K, used 159049K [0x00000007a8000000, 0x00000007c0000000, 0x00000007c0000000)
 Metaspace       used 29565K, capacity 29892K, committed 30204K, reserved 1075200K
  class space    used 3362K, capacity 3449K, committed 3580K, reserved 1048576K
2016-02-28T18:36:16.830-0530: 1782.424: [GC (Allocation Failure) 1782.425: [ParNew
Desired survivor size 20112992 bytes, new threshold 8 (max 8)
- age   1:    3266848 bytes,    3266848 total
- age   2:    3120104 bytes,    6386952 total
- age   3:    3309536 bytes,    9696488 total
- age   4:    1908824 bytes,   11605312 total
- age   5:    3465144 bytes,   15070456 total
- age   6:    1232816 bytes,   16303272 total
- age   7:     629600 bytes,   16932872 total
- age   8:    2535520 bytes,   19468392 total
: 109248K->21824K(109248K), 0.0131965 secs] 268297K->187194K(502464K), 0.0136139 secs] [Times: user=0.02 sys=0.01, real=0.01 secs] 
Heap after GC invocations=101 (full 2):
 par new generation   total 109248K, used 21824K [0x00000007a0000000, 0x00000007a8000000, 0x00000007a8000000)
  eden space 87424K,   0% used [0x00000007a0000000, 0x00000007a0000000, 0x00000007a5560000)
  from space 21824K, 100% used [0x00000007a6ab0000, 0x00000007a8000000, 0x00000007a8000000)
  to   space 21824K,   0% used [0x00000007a5560000, 0x00000007a5560000, 0x00000007a6ab0000)
 concurrent mark-sweep generation total 393216K, used 165370K [0x00000007a8000000, 0x00000007c0000000, 0x00000007c0000000)
 Metaspace       used 29565K, capacity 29892K, committed 30204K, reserved 1075200K
  class space    used 3362K, capacity 3449K, committed 3580K, reserved 1048576K
}
2016-02-28T18:36:16.844-0530: 1782.438: Total time for which application threads were stopped: 0.0137993 seconds
2016-02-28T18:36:16.975-0530: 1782.569: Total time for which application threads were stopped: 0.0000952 seconds
2016-02-28T18:36:16.975-0530: 1782.569: Total time for which application threads were stopped: 0.0000750 seconds
2016-02-28T18:36:16.999-0530: 1782.593: Total time for which application threads were stopped: 0.0000909 seconds
2016-02-28T18:36:16.999-0530: 1782.593: Total time for which application threads were stopped: 0.0000483 seconds
2016-02-28T18:36:17.000-0530: 1782.594: Total time for which application threads were stopped: 0.0001066 seconds
2016-02-28T18:36:17.000-0530: 1782.594: Total time for which application threads were stopped: 0.0000786 seconds
2016-02-28T18:36:17.001-0530: 1782.595: Total time for which application threads were stopped: 0.0000517 seconds
{Heap before GC invocations=101 (full 2):
 par new generation   total 109248K, used 109248K [0x00000007a0000000, 0x00000007a8000000, 0x00000007a8000000)
  eden space 87424K, 100% used [0x00000007a0000000, 0x00000007a5560000, 0x00000007a5560000)
  from space 21824K, 100% used [0x00000007a6ab0000, 0x00000007a8000000, 0x00000007a8000000)
  to   space 21824K,   0% used [0x00000007a5560000, 0x00000007a5560000, 0x00000007a6ab0000)
 concurrent mark-sweep generation total 393216K, used 165370K [0x00000007a8000000, 0x00000007c0000000, 0x00000007c0000000)
 Metaspace       used 29567K, capacity 29892K, committed 30204K, reserved 1075200K
  class space    used 3362K, capacity 3449K, committed 3580K, reserved 1048576K
2016-02-28T18:36:27.204-0530: 1792.799: [GC (Allocation Failure) 1792.836: [ParNew
Desired survivor size 20112992 bytes, new threshold 7 (max 8)
- age   1:    6041496 bytes,    6041496 total
- age   2:    1987752 bytes,    8029248 total
- age   3:    2672376 bytes,   10701624 total
- age   4:    3308840 bytes,   14010464 total
- age   5:    1908824 bytes,   15919288 total
- age   6:    3398160 bytes,   19317448 total
- age   7:    1232816 bytes,   20550264 total
- age   8:     519184 bytes,   21069448 total
: 109248K->21824K(109248K), 0.0104321 secs] 274618K->191231K(502464K), 0.0480227 secs] [Times: user=0.02 sys=0.01, real=0.05 secs] 
Heap after GC invocations=102 (full 2):
 par new generation   total 109248K, used 21824K [0x00000007a0000000, 0x00000007a8000000, 0x00000007a8000000)
  eden space 87424K,   0% used [0x00000007a0000000, 0x00000007a0000000, 0x00000007a5560000)
  from space 21824K, 100% used [0x00000007a5560000, 0x00000007a6ab0000, 0x00000007a6ab0000)
  to   space 21824K,   0% used [0x00000007a6ab0000, 0x00000007a6ab0000, 0x00000007a8000000)
 concurrent mark-sweep generation total 393216K, used 169407K [0x00000007a8000000, 0x00000007c0000000, 0x00000007c0000000)
 Metaspace       used 29567K, capacity 29892K, committed 30204K, reserved 1075200K
  class space    used 3362K, capacity 3449K, committed 3580K, reserved 1048576K
}
2016-02-28T18:36:27.252-0530: 1792.847: Total time for which application threads were stopped: 0.0482401 seconds
2016-02-28T18:36:28.253-0530: 1793.847: Total time for which application threads were stopped: 0.0001232 seconds
{Heap before GC invocations=102 (full 2):
 par new generation   total 109248K, used 109247K [0x00000007a0000000, 0x00000007a8000000, 0x00000007a8000000)
  eden space 87424K,  99% used [0x00000007a0000000, 0x00000007a555fe60, 0x00000007a5560000)
  from space 21824K, 100% used [0x00000007a5560000, 0x00000007a6ab0000, 0x00000007a6ab0000)
  to   space 21824K,   0% used [0x00000007a6ab0000, 0x00000007a6ab0000, 0x00000007a8000000)
 concurrent mark-sweep generation total 393216K, used 169407K [0x00000007a8000000, 0x00000007c0000000, 0x00000007c0000000)
 Metaspace       used 29570K, capacity 29892K, committed 30204K, reserved 1075200K
  class space    used 3362K, capacity 3449K, committed 3580K, reserved 1048576K
2016-02-28T18:36:39.132-0530: 1804.727: [GC (Allocation Failure) 1804.727: [ParNew
Desired survivor size 20112992 bytes, new threshold 7 (max 8)
- age   1:    4139568 bytes,    4139568 total
- age   2:    3457600 bytes,    7597168 total
- age   3:    1987752 bytes,    9584920 total
- age   4:    2371880 bytes,   11956800 total
- age   5:    3240960 bytes,   15197760 total
- age   6:    1908824 bytes,   17106584 total
- age   7:    3394000 bytes,   20500584 total
: 109247K->21824K(109248K), 0.0125861 secs] 278654K->193239K(502464K), 0.0127192 secs] [Times: user=0.02 sys=0.01, real=0.01 secs] 
Heap after GC invocations=103 (full 2):
 par new generation   total 109248K, used 21824K [0x00000007a0000000, 0x00000007a8000000, 0x00000007a8000000)
  eden space 87424K,   0% used [0x00000007a0000000, 0x00000007a0000000, 0x00000007a5560000)
  from space 21824K, 100% used [0x00000007a6ab0000, 0x00000007a8000000, 0x00000007a8000000)
  to   space 21824K,   0% used [0x00000007a5560000, 0x00000007a5560000, 0x00000007a6ab0000)
 concurrent mark-sweep generation total 393216K, used 171415K [0x00000007a8000000, 0x00000007c0000000, 0x00000007c0000000)
 Metaspace       used 29570K, capacity 29892K, committed 30204K, reserved 1075200K
  class space    used 3362K, capacity 3449K, committed 3580K, reserved 1048576K
}
2016-02-28T18:36:39.145-0530: 1804.740: Total time for which application threads were stopped: 0.0129717 seconds
{Heap before GC invocations=103 (full 2):
 par new generation   total 109248K, used 109243K [0x00000007a0000000, 0x00000007a8000000, 0x00000007a8000000)
  eden space 87424K,  99% used [0x00000007a0000000, 0x00000007a555ee70, 0x00000007a5560000)
  from space 21824K, 100% used [0x00000007a6ab0000, 0x00000007a8000000, 0x00000007a8000000)
  to   space 21824K,   0% used [0x00000007a5560000, 0x00000007a5560000, 0x00000007a6ab0000)
 concurrent mark-sweep generation total 393216K, used 171415K [0x00000007a8000000, 0x00000007c0000000, 0x00000007c0000000)
 Metaspace       used 29570K, capacity 29892K, committed 30204K, reserved 1075200K
  class space    used 3362K, capacity 3449K, committed 3580K, reserved 1048576K
2016-02-28T18:36:39.720-0530: 1805.315: [GC (Allocation Failure) 1805.316: [ParNew
Desired survivor size 20112992 bytes, new threshold 8 (max 8)
- age   1:    5146576 bytes,    5146576 total
- age   2:    3819968 bytes,    8966544 total
- age   3:    3089520 bytes,   12056064 total
- age   4:    1888936 bytes,   13945000 total
- age   5:     964440 bytes,   14909440 total
- age   6:    3240960 bytes,   18150400 total
- age   7:    1908608 bytes,   20059008 total
: 109243K->21824K(109248K), 0.0123976 secs] 280659K->198786K(502464K), 0.0127828 secs] [Times: user=0.02 sys=0.02, real=0.01 secs] 
Heap after GC invocations=104 (full 2):
 par new generation   total 109248K, used 21824K [0x00000007a0000000, 0x00000007a8000000, 0x00000007a8000000)
  eden space 87424K,   0% used [0x00000007a0000000, 0x00000007a0000000, 0x00000007a5560000)
  from space 21824K, 100% used [0x00000007a5560000, 0x00000007a6ab0000, 0x00000007a6ab0000)
  to   space 21824K,   0% used [0x00000007a6ab0000, 0x00000007a6ab0000, 0x00000007a8000000)
 concurrent mark-sweep generation total 393216K, used 176962K [0x00000007a8000000, 0x00000007c0000000, 0x00000007c0000000)
 Metaspace       used 29570K, capacity 29892K, committed 30204K, reserved 1075200K
  class space    used 3362K, capacity 3449K, committed 3580K, reserved 1048576K
}
2016-02-28T18:36:39.733-0530: 1805.328: Total time for which application threads were stopped: 0.0129711 seconds
2016-02-28T18:36:39.888-0530: 1805.483: Total time for which application threads were stopped: 0.0001923 seconds
2016-02-28T18:36:39.888-0530: 1805.483: Total time for which application threads were stopped: 0.0000567 seconds
2016-02-28T18:36:39.889-0530: 1805.484: Total time for which application threads were stopped: 0.0000487 seconds
2016-02-28T18:36:39.889-0530: 1805.484: Total time for which application threads were stopped: 0.0000792 seconds
2016-02-28T18:36:39.918-0530: 1805.513: Total time for which application threads were stopped: 0.0000974 seconds
2016-02-28T18:36:39.918-0530: 1805.513: Total time for which application threads were stopped: 0.0000607 seconds
2016-02-28T18:36:39.918-0530: 1805.513: Total time for which application threads were stopped: 0.0000481 seconds
2016-02-28T18:36:39.919-0530: 1805.513: Total time for which application threads were stopped: 0.0000460 seconds
2016-02-28T18:36:39.919-0530: 1805.514: Total time for which application threads were stopped: 0.0000749 seconds
{Heap before GC invocations=104 (full 2):
 par new generation   total 109248K, used 109248K [0x00000007a0000000, 0x00000007a8000000, 0x00000007a8000000)
  eden space 87424K, 100% used [0x00000007a0000000, 0x00000007a5560000, 0x00000007a5560000)
  from space 21824K, 100% used [0x00000007a5560000, 0x00000007a6ab0000, 0x00000007a6ab0000)
  to   space 21824K,   0% used [0x00000007a6ab0000, 0x00000007a6ab0000, 0x00000007a8000000)
 concurrent mark-sweep generation total 393216K, used 176962K [0x00000007a8000000, 0x00000007c0000000, 0x00000007c0000000)
 Metaspace       used 29576K, capacity 29892K, committed 30204K, reserved 1075200K
  class space    used 3362K, capacity 3449K, committed 3580K, reserved 1048576K
2016-02-28T18:36:50.140-0530: 1815.736: [GC (Allocation Failure) 1815.770: [ParNew
Desired survivor size 20112992 bytes, new threshold 7 (max 8)
- age   1:    6753768 bytes,    6753768 total
- age   2:    4196112 bytes,   10949880 total
- age   3:    1908088 bytes,   12857968 total
- age   4:    3087728 bytes,   15945696 total
- age   5:     794856 bytes,   16740552 total
- age   6:     809472 bytes,   17550024 total
- age   7:    2919480 bytes,   20469504 total
- age   8:    1908608 bytes,   22378112 total
: 109248K->21824K(109248K), 0.0135563 secs] 286210K->202090K(502464K), 0.0478679 secs] [Times: user=0.02 sys=0.02, real=0.04 secs] 
Heap after GC invocations=105 (full 2):
 par new generation   total 109248K, used 21824K [0x00000007a0000000, 0x00000007a8000000, 0x00000007a8000000)
  eden space 87424K,   0% used [0x00000007a0000000, 0x00000007a0000000, 0x00000007a5560000)
  from space 21824K, 100% used [0x00000007a6ab0000, 0x00000007a8000000, 0x00000007a8000000)
  to   space 21824K,   0% used [0x00000007a5560000, 0x00000007a5560000, 0x00000007a6ab0000)
 concurrent mark-sweep generation total 393216K, used 180266K [0x00000007a8000000, 0x00000007c0000000, 0x00000007c0000000)
 Metaspace       used 29576K, capacity 29892K, committed 30204K, reserved 1075200K
  class space    used 3362K, capacity 3449K, committed 3580K, reserved 1048576K
}
2016-02-28T18:36:50.188-0530: 1815.783: Total time for which application threads were stopped: 0.0480711 seconds
{Heap before GC invocations=105 (full 2):
 par new generation   total 109248K, used 109248K [0x00000007a0000000, 0x00000007a8000000, 0x00000007a8000000)
  eden space 87424K, 100% used [0x00000007a0000000, 0x00000007a5560000, 0x00000007a5560000)
  from space 21824K, 100% used [0x00000007a6ab0000, 0x00000007a8000000, 0x00000007a8000000)
  to   space 21824K,   0% used [0x00000007a5560000, 0x00000007a5560000, 0x00000007a6ab0000)
 concurrent mark-sweep generation total 393216K, used 180266K [0x00000007a8000000, 0x00000007c0000000, 0x00000007c0000000)
 Metaspace       used 29579K, capacity 29892K, committed 30204K, reserved 1075200K
  class space    used 3362K, capacity 3449K, committed 3580K, reserved 1048576K
2016-02-28T18:37:01.101-0530: 1826.697: [GC (Allocation Failure) 1826.750: [ParNew
Desired survivor size 20112992 bytes, new threshold 8 (max 8)
- age   1:    4169920 bytes,    4169920 total
- age   2:    2594008 bytes,    6763928 total
- age   3:    4196112 bytes,   10960040 total
- age   4:     703808 bytes,   11663848 total
- age   5:    2740096 bytes,   14403944 total
- age   6:     529720 bytes,   14933664 total
- age   7:     561184 bytes,   15494848 total
: 109248K->21824K(109248K), 0.0179517 secs] 289514K->210452K(502464K), 0.0710353 secs] [Times: user=0.02 sys=0.03, real=0.07 secs] 
Heap after GC invocations=106 (full 2):
 par new generation   total 109248K, used 21824K [0x00000007a0000000, 0x00000007a8000000, 0x00000007a8000000)
  eden space 87424K,   0% used [0x00000007a0000000, 0x00000007a0000000, 0x00000007a5560000)
  from space 21824K, 100% used [0x00000007a5560000, 0x00000007a6ab0000, 0x00000007a6ab0000)
  to   space 21824K,   0% used [0x00000007a6ab0000, 0x00000007a6ab0000, 0x00000007a8000000)
 concurrent mark-sweep generation total 393216K, used 188628K [0x00000007a8000000, 0x00000007c0000000, 0x00000007c0000000)
 Metaspace       used 29579K, capacity 29892K, committed 30204K, reserved 1075200K
  class space    used 3362K, capacity 3449K, committed 3580K, reserved 1048576K
}
2016-02-28T18:37:01.172-0530: 1826.768: Total time for which application threads were stopped: 0.0712469 seconds
{Heap before GC invocations=106 (full 2):
 par new generation   total 109248K, used 109248K [0x00000007a0000000, 0x00000007a8000000, 0x00000007a8000000)
  eden space 87424K, 100% used [0x00000007a0000000, 0x00000007a5560000, 0x00000007a5560000)
  from space 21824K, 100% used [0x00000007a5560000, 0x00000007a6ab0000, 0x00000007a6ab0000)
  to   space 21824K,   0% used [0x00000007a6ab0000, 0x00000007a6ab0000, 0x00000007a8000000)
 concurrent mark-sweep generation total 393216K, used 188628K [0x00000007a8000000, 0x00000007c0000000, 0x00000007c0000000)
 Metaspace       used 29579K, capacity 29892K, committed 30204K, reserved 1075200K
  class space    used 3362K, capacity 3449K, committed 3580K, reserved 1048576K
2016-02-28T18:37:01.974-0530: 1827.570: [GC (Allocation Failure) 1827.570: [ParNew
Desired survivor size 20112992 bytes, new threshold 8 (max 8)
- age   1:    5201440 bytes,    5201440 total
- age   2:    3826744 bytes,    9028184 total
- age   3:    2593208 bytes,   11621392 total
- age   4:    4196112 bytes,   15817504 total
- age   5:     703536 bytes,   16521040 total
- age   6:    2739632 bytes,   19260672 total
- age   7:     529720 bytes,   19790392 total
- age   8:     560144 bytes,   20350536 total
: 109248K->21824K(109248K), 0.0066465 secs] 297876K->210670K(502464K), 0.0067347 secs] [Times: user=0.02 sys=0.00, real=0.01 secs] 
Heap after GC invocations=107 (full 2):
 par new generation   total 109248K, used 21824K [0x00000007a0000000, 0x00000007a8000000, 0x00000007a8000000)
  eden space 87424K,   0% used [0x00000007a0000000, 0x00000007a0000000, 0x00000007a5560000)
  from space 21824K, 100% used [0x00000007a6ab0000, 0x00000007a8000000, 0x00000007a8000000)
  to   space 21824K,   0% used [0x00000007a5560000, 0x00000007a5560000, 0x00000007a6ab0000)
 concurrent mark-sweep generation total 393216K, used 188846K [0x00000007a8000000, 0x00000007c0000000, 0x00000007c0000000)
 Metaspace       used 29579K, capacity 29892K, committed 30204K, reserved 1075200K
  class space    used 3362K, capacity 3449K, committed 3580K, reserved 1048576K
}
2016-02-28T18:37:01.981-0530: 1827.576: Total time for which application threads were stopped: 0.0069518 seconds
2016-02-28T18:37:02.981-0530: 1828.577: Total time for which application threads were stopped: 0.0001216 seconds
{Heap before GC invocations=107 (full 2):
 par new generation   total 109248K, used 109245K [0x00000007a0000000, 0x00000007a8000000, 0x00000007a8000000)
  eden space 87424K,  99% used [0x00000007a0000000, 0x00000007a555f5f8, 0x00000007a5560000)
  from space 21824K, 100% used [0x00000007a6ab0000, 0x00000007a8000000, 0x00000007a8000000)
  to   space 21824K,   0% used [0x00000007a5560000, 0x00000007a5560000, 0x00000007a6ab0000)
 concurrent mark-sweep generation total 393216K, used 188846K [0x00000007a8000000, 0x00000007c0000000, 0x00000007c0000000)
 Metaspace       used 29580K, capacity 29892K, committed 30204K, reserved 1075200K
  class space    used 3362K, capacity 3449K, committed 3580K, reserved 1048576K
2016-02-28T18:37:12.816-0530: 1838.413: [GC (Allocation Failure) 1838.440: [ParNew
Desired survivor size 20112992 bytes, new threshold 7 (max 8)
- age   1:    5771392 bytes,    5771392 total
- age   2:    1639864 bytes,    7411256 total
- age   3:    3039280 bytes,   10450536 total
- age   4:    2406912 bytes,   12857448 total
- age   5:    3974592 bytes,   16832040 total
- age   6:     635560 bytes,   17467600 total
- age   7:    2739608 bytes,   20207208 total
- age   8:     529720 bytes,   20736928 total
: 109245K->21824K(109248K), 0.0089734 secs] 298092K->211897K(502464K), 0.0359455 secs] [Times: user=0.02 sys=0.01, real=0.04 secs] 
Heap after GC invocations=108 (full 2):
 par new generation   total 109248K, used 21824K [0x00000007a0000000, 0x00000007a8000000, 0x00000007a8000000)
  eden space 87424K,   0% used [0x00000007a0000000, 0x00000007a0000000, 0x00000007a5560000)
  from space 21824K, 100% used [0x00000007a5560000, 0x00000007a6ab0000, 0x00000007a6ab0000)
  to   space 21824K,   0% used [0x00000007a6ab0000, 0x00000007a6ab0000, 0x00000007a8000000)
 concurrent mark-sweep generation total 393216K, used 190073K [0x00000007a8000000, 0x00000007c0000000, 0x00000007c0000000)
 Metaspace       used 29580K, capacity 29892K, committed 30204K, reserved 1075200K
  class space    used 3362K, capacity 3449K, committed 3580K, reserved 1048576K
}
2016-02-28T18:37:12.852-0530: 1838.449: Total time for which application threads were stopped: 0.0361502 seconds
2016-02-28T18:37:13.251-0530: 1838.848: Total time for which application threads were stopped: 0.0001712 seconds
2016-02-28T18:37:13.252-0530: 1838.848: Total time for which application threads were stopped: 0.0000481 seconds
2016-02-28T18:37:13.252-0530: 1838.848: Total time for which application threads were stopped: 0.0000389 seconds
2016-02-28T18:37:13.252-0530: 1838.848: Total time for which application threads were stopped: 0.0000871 seconds
2016-02-28T18:37:13.252-0530: 1838.849: Total time for which application threads were stopped: 0.0000778 seconds
2016-02-28T18:37:13.252-0530: 1838.849: Total time for which application threads were stopped: 0.0000546 seconds
2016-02-28T18:37:13.278-0530: 1838.874: Total time for which application threads were stopped: 0.0001105 seconds
2016-02-28T18:37:13.278-0530: 1838.874: Total time for which application threads were stopped: 0.0000664 seconds
2016-02-28T18:37:13.278-0530: 1838.874: Total time for which application threads were stopped: 0.0000804 seconds
{Heap before GC invocations=108 (full 2):
 par new generation   total 109248K, used 109233K [0x00000007a0000000, 0x00000007a8000000, 0x00000007a8000000)
  eden space 87424K,  99% used [0x00000007a0000000, 0x00000007a555c468, 0x00000007a5560000)
  from space 21824K, 100% used [0x00000007a5560000, 0x00000007a6ab0000, 0x00000007a6ab0000)
  to   space 21824K,   0% used [0x00000007a6ab0000, 0x00000007a6ab0000, 0x00000007a8000000)
 concurrent mark-sweep generation total 393216K, used 190073K [0x00000007a8000000, 0x00000007c0000000, 0x00000007c0000000)
 Metaspace       used 29580K, capacity 29892K, committed 30204K, reserved 1075200K
  class space    used 3362K, capacity 3449K, committed 3580K, reserved 1048576K
2016-02-28T18:37:24.281-0530: 1849.877: [GC (Allocation Failure) 1849.877: [ParNew
Desired survivor size 20112992 bytes, new threshold 8 (max 8)
- age   1:    4319632 bytes,    4319632 total
- age   2:    3142880 bytes,    7462512 total
- age   3:    1639864 bytes,    9102376 total
- age   4:    2237544 bytes,   11339920 total
- age   5:    2340120 bytes,   13680040 total
- age   6:    3955872 bytes,   17635912 total
- age   7:     635560 bytes,   18271472 total
: 109233K->21824K(109248K), 0.0082802 secs] 299306K->215899K(502464K), 0.0083489 secs] [Times: user=0.02 sys=0.01, real=0.00 secs] 
Heap after GC invocations=109 (full 2):
 par new generation   total 109248K, used 21824K [0x00000007a0000000, 0x00000007a8000000, 0x00000007a8000000)
  eden space 87424K,   0% used [0x00000007a0000000, 0x00000007a0000000, 0x00000007a5560000)
  from space 21824K, 100% used [0x00000007a6ab0000, 0x00000007a8000000, 0x00000007a8000000)
  to   space 21824K,   0% used [0x00000007a5560000, 0x00000007a5560000, 0x00000007a6ab0000)
 concurrent mark-sweep generation total 393216K, used 194075K [0x00000007a8000000, 0x00000007c0000000, 0x00000007c0000000)
 Metaspace       used 29580K, capacity 29892K, committed 30204K, reserved 1075200K
  class space    used 3362K, capacity 3449K, committed 3580K, reserved 1048576K
}
2016-02-28T18:37:24.289-0530: 1849.886: Total time for which application threads were stopped: 0.0085368 seconds
{Heap before GC invocations=109 (full 2):
 par new generation   total 109248K, used 109248K [0x00000007a0000000, 0x00000007a8000000, 0x00000007a8000000)
  eden space 87424K, 100% used [0x00000007a0000000, 0x00000007a5560000, 0x00000007a5560000)
  from space 21824K, 100% used [0x00000007a6ab0000, 0x00000007a8000000, 0x00000007a8000000)
  to   space 21824K,   0% used [0x00000007a5560000, 0x00000007a5560000, 0x00000007a6ab0000)
 concurrent mark-sweep generation total 393216K, used 194075K [0x00000007a8000000, 0x00000007c0000000, 0x00000007c0000000)
 Metaspace       used 29580K, capacity 29892K, committed 30204K, reserved 1075200K
  class space    used 3362K, capacity 3449K, committed 3580K, reserved 1048576K
2016-02-28T18:37:24.864-0530: 1850.461: [GC (Allocation Failure) 1850.461: [ParNew
Desired survivor size 20112992 bytes, new threshold 7 (max 8)
- age   1:    5281904 bytes,    5281904 total
- age   2:    3954648 bytes,    9236552 total
- age   3:    3142456 bytes,   12379008 total
- age   4:    1639864 bytes,   14018872 total
- age   5:    2237544 bytes,   16256416 total
- age   6:    2085224 bytes,   18341640 total
- age   7:    3162208 bytes,   21503848 total
- age   8:     635560 bytes,   22139408 total
: 109248K->21824K(109248K), 0.0084922 secs] 303323K->217179K(502464K), 0.0085581 secs] [Times: user=0.02 sys=0.00, real=0.01 secs] 
Heap after GC invocations=110 (full 2):
 par new generation   total 109248K, used 21824K [0x00000007a0000000, 0x00000007a8000000, 0x00000007a8000000)
  eden space 87424K,   0% used [0x00000007a0000000, 0x00000007a0000000, 0x00000007a5560000)
  from space 21824K, 100% used [0x00000007a5560000, 0x00000007a6ab0000, 0x00000007a6ab0000)
  to   space 21824K,   0% used [0x00000007a6ab0000, 0x00000007a6ab0000, 0x00000007a8000000)
 concurrent mark-sweep generation total 393216K, used 195355K [0x00000007a8000000, 0x00000007c0000000, 0x00000007c0000000)
 Metaspace       used 29580K, capacity 29892K, committed 30204K, reserved 1075200K
  class space    used 3362K, capacity 3449K, committed 3580K, reserved 1048576K
}
2016-02-28T18:37:24.873-0530: 1850.470: Total time for which application threads were stopped: 0.0087455 seconds
2016-02-28T18:37:25.001-0530: 1850.597: Total time for which application threads were stopped: 0.0001070 seconds
2016-02-28T18:37:25.001-0530: 1850.598: Total time for which application threads were stopped: 0.0000641 seconds
2016-02-28T18:37:25.003-0530: 1850.600: Total time for which application threads were stopped: 0.0001350 seconds
2016-02-28T18:37:25.005-0530: 1850.602: Total time for which application threads were stopped: 0.0001601 seconds
2016-02-28T18:37:25.006-0530: 1850.603: Total time for which application threads were stopped: 0.0000993 seconds
2016-02-28T18:37:25.020-0530: 1850.617: Total time for which application threads were stopped: 0.0001432 seconds
2016-02-28T18:37:25.027-0530: 1850.624: Total time for which application threads were stopped: 0.0000963 seconds
2016-02-28T18:37:25.034-0530: 1850.630: Total time for which application threads were stopped: 0.0001624 seconds
2016-02-28T18:37:25.038-0530: 1850.635: Total time for which application threads were stopped: 0.0000953 seconds
2016-02-28T18:37:25.117-0530: 1850.714: Total time for which application threads were stopped: 0.0001443 seconds
2016-02-28T18:37:25.118-0530: 1850.714: Total time for which application threads were stopped: 0.0000765 seconds
2016-02-28T18:37:25.118-0530: 1850.714: Total time for which application threads were stopped: 0.0000558 seconds
2016-02-28T18:37:25.235-0530: 1850.832: Total time for which application threads were stopped: 0.0001303 seconds
2016-02-28T18:37:25.243-0530: 1850.839: Total time for which application threads were stopped: 0.0001530 seconds
2016-02-28T18:37:25.287-0530: 1850.884: Total time for which application threads were stopped: 0.0001183 seconds
2016-02-28T18:37:25.294-0530: 1850.891: Total time for which application threads were stopped: 0.0000904 seconds
2016-02-28T18:37:25.330-0530: 1850.927: Total time for which application threads were stopped: 0.0001310 seconds
2016-02-28T18:37:25.473-0530: 1851.069: Total time for which application threads were stopped: 0.0001183 seconds
2016-02-28T18:37:25.630-0530: 1851.227: Total time for which application threads were stopped: 0.0001493 seconds
2016-02-28T18:37:25.631-0530: 1851.227: Total time for which application threads were stopped: 0.0002850 seconds
{Heap before GC invocations=110 (full 2):
 par new generation   total 109248K, used 109248K [0x00000007a0000000, 0x00000007a8000000, 0x00000007a8000000)
  eden space 87424K, 100% used [0x00000007a0000000, 0x00000007a5560000, 0x00000007a5560000)
  from space 21824K, 100% used [0x00000007a5560000, 0x00000007a6ab0000, 0x00000007a6ab0000)
  to   space 21824K,   0% used [0x00000007a6ab0000, 0x00000007a6ab0000, 0x00000007a8000000)
 concurrent mark-sweep generation total 393216K, used 195355K [0x00000007a8000000, 0x00000007c0000000, 0x00000007c0000000)
 Metaspace       used 29582K, capacity 29892K, committed 30204K, reserved 1075200K
  class space    used 3362K, capacity 3449K, committed 3580K, reserved 1048576K
2016-02-28T18:37:25.971-0530: 1851.568: [GC (Allocation Failure) 1851.568: [ParNew
Desired survivor size 20112992 bytes, new threshold 8 (max 8)
- age   1:    2650136 bytes,    2650136 total
- age   2:    4914576 bytes,    7564712 total
- age   3:    3655888 bytes,   11220600 total
- age   4:    3138704 bytes,   14359304 total
- age   5:    1332344 bytes,   15691648 total
- age   6:    1653840 bytes,   17345488 total
- age   7:    1511776 bytes,   18857264 total
: 109248K->21824K(109248K), 0.0120091 secs] 304603K->222504K(502464K), 0.0120659 secs] [Times: user=0.03 sys=0.02, real=0.01 secs] 
Heap after GC invocations=111 (full 2):
 par new generation   total 109248K, used 21824K [0x00000007a0000000, 0x00000007a8000000, 0x00000007a8000000)
  eden space 87424K,   0% used [0x00000007a0000000, 0x00000007a0000000, 0x00000007a5560000)
  from space 21824K, 100% used [0x00000007a6ab0000, 0x00000007a8000000, 0x00000007a8000000)
  to   space 21824K,   0% used [0x00000007a5560000, 0x00000007a5560000, 0x00000007a6ab0000)
 concurrent mark-sweep generation total 393216K, used 200680K [0x00000007a8000000, 0x00000007c0000000, 0x00000007c0000000)
 Metaspace       used 29582K, capacity 29892K, committed 30204K, reserved 1075200K
  class space    used 3362K, capacity 3449K, committed 3580K, reserved 1048576K
}
2016-02-28T18:37:25.983-0530: 1851.580: Total time for which application threads were stopped: 0.0122599 seconds
2016-02-28T18:37:25.983-0530: 1851.580: [GC (CMS Initial Mark) [1 CMS-initial-mark: 200680K(393216K)] 223256K(502464K), 0.0014889 secs] [Times: user=0.00 sys=0.00, real=0.00 secs] 
2016-02-28T18:37:25.985-0530: 1851.581: Total time for which application threads were stopped: 0.0017045 seconds
2016-02-28T18:37:25.985-0530: 1851.582: [CMS-concurrent-mark-start]
2016-02-28T18:37:25.999-0530: 1851.596: [CMS-concurrent-mark: 0.014/0.014 secs] [Times: user=0.04 sys=0.01, real=0.01 secs] 
2016-02-28T18:37:25.999-0530: 1851.596: [CMS-concurrent-preclean-start]
2016-02-28T18:37:26.000-0530: 1851.597: [CMS-concurrent-preclean: 0.001/0.001 secs] [Times: user=0.00 sys=0.00, real=0.01 secs] 
2016-02-28T18:37:26.000-0530: 1851.597: [GC (CMS Final Remark) [YG occupancy: 23295 K (109248 K)]{Heap before GC invocations=111 (full 3):
 par new generation   total 109248K, used 23295K [0x00000007a0000000, 0x00000007a8000000, 0x00000007a8000000)
  eden space 87424K,   1% used [0x00000007a0000000, 0x00000007a016ffe0, 0x00000007a5560000)
  from space 21824K, 100% used [0x00000007a6ab0000, 0x00000007a8000000, 0x00000007a8000000)
  to   space 21824K,   0% used [0x00000007a5560000, 0x00000007a5560000, 0x00000007a6ab0000)
 concurrent mark-sweep generation total 393216K, used 200680K [0x00000007a8000000, 0x00000007c0000000, 0x00000007c0000000)
 Metaspace       used 29582K, capacity 29892K, committed 30204K, reserved 1075200K
  class space    used 3362K, capacity 3449K, committed 3580K, reserved 1048576K
2016-02-28T18:37:26.000-0530: 1851.597: [GC (CMS Final Remark) 1851.597: [ParNew
Desired survivor size 20112992 bytes, new threshold 8 (max 8)
- age   1:      46984 bytes,      46984 total
- age   2:    2635928 bytes,    2682912 total
- age   3:    4914576 bytes,    7597488 total
- age   4:    3655888 bytes,   11253376 total
- age   5:    3138704 bytes,   14392080 total
- age   6:    1332344 bytes,   15724424 total
- age   7:    1653840 bytes,   17378264 total
- age   8:    1511776 bytes,   18890040 total
: 23295K->21824K(109248K), 0.0055694 secs] 223976K->222504K(502464K), 0.0056262 secs] [Times: user=0.02 sys=0.00, real=0.00 secs] 
Heap after GC invocations=112 (full 3):
 par new generation   total 109248K, used 21824K [0x00000007a0000000, 0x00000007a8000000, 0x00000007a8000000)
  eden space 87424K,   0% used [0x00000007a0000000, 0x00000007a0000000, 0x00000007a5560000)
  from space 21824K, 100% used [0x00000007a5560000, 0x00000007a6ab0000, 0x00000007a6ab0000)
  to   space 21824K,   0% used [0x00000007a6ab0000, 0x00000007a6ab0000, 0x00000007a8000000)
 concurrent mark-sweep generation total 393216K, used 200680K [0x00000007a8000000, 0x00000007c0000000, 0x00000007c0000000)
 Metaspace       used 29582K, capacity 29892K, committed 30204K, reserved 1075200K
  class space    used 3362K, capacity 3449K, committed 3580K, reserved 1048576K
}
1851.603: [Rescan (parallel) , 0.0012983 secs]1851.604: [weak refs processing, 0.0009185 secs]1851.605: [class unloading, 0.0465022 secs]1851.652: [scrub symbol table, 0.0099845 secs]1851.662: [scrub string table, 0.0003929 secs][1 CMS-remark: 200680K(393216K)] 222504K(502464K), 0.0689174 secs] [Times: user=0.06 sys=0.03, real=0.06 secs] 
2016-02-28T18:37:26.069-0530: 1851.666: Total time for which application threads were stopped: 0.0690717 seconds
2016-02-28T18:37:26.070-0530: 1851.666: [CMS-concurrent-sweep-start]
2016-02-28T18:37:26.070-0530: 1851.667: Total time for which application threads were stopped: 0.0001961 seconds
2016-02-28T18:37:26.163-0530: 1851.760: [CMS-concurrent-sweep: 0.093/0.094 secs] [Times: user=0.12 sys=0.06, real=0.09 secs] 
2016-02-28T18:37:26.163-0530: 1851.760: [CMS-concurrent-reset-start]
2016-02-28T18:37:26.168-0530: 1851.765: [CMS-concurrent-reset: 0.005/0.005 secs] [Times: user=0.01 sys=0.00, real=0.00 secs] 
2016-02-28T18:37:27.071-0530: 1852.668: Total time for which application threads were stopped: 0.0001377 seconds
{Heap before GC invocations=112 (full 3):
 par new generation   total 109248K, used 109248K [0x00000007a0000000, 0x00000007a8000000, 0x00000007a8000000)
  eden space 87424K, 100% used [0x00000007a0000000, 0x00000007a5560000, 0x00000007a5560000)
  from space 21824K, 100% used [0x00000007a5560000, 0x00000007a6ab0000, 0x00000007a6ab0000)
  to   space 21824K,   0% used [0x00000007a6ab0000, 0x00000007a6ab0000, 0x00000007a8000000)
 concurrent mark-sweep generation total 393216K, used 41050K [0x00000007a8000000, 0x00000007c0000000, 0x00000007c0000000)
 Metaspace       used 29583K, capacity 29892K, committed 30204K, reserved 1075200K
  class space    used 3362K, capacity 3449K, committed 3580K, reserved 1048576K
2016-02-28T18:37:37.714-0530: 1863.311: [GC (Allocation Failure) 1863.341: [ParNew
Desired survivor size 20112992 bytes, new threshold 8 (max 8)
- age   1:    2805920 bytes,    2805920 total
- age   3:    2226904 bytes,    5032824 total
- age   4:    3045888 bytes,    8078712 total
- age   5:    3655504 bytes,   11734216 total
- age   6:    3138408 bytes,   14872624 total
- age   7:    1332344 bytes,   16204968 total
- age   8:    1653552 bytes,   17858520 total
: 109248K->21824K(109248K), 0.0087405 secs] 150298K->65581K(502464K), 0.0391166 secs] [Times: user=0.02 sys=0.00, real=0.04 secs] 
Heap after GC invocations=113 (full 3):
 par new generation   total 109248K, used 21824K [0x00000007a0000000, 0x00000007a8000000, 0x00000007a8000000)
  eden space 87424K,   0% used [0x00000007a0000000, 0x00000007a0000000, 0x00000007a5560000)
  from space 21824K, 100% used [0x00000007a6ab0000, 0x00000007a8000000, 0x00000007a8000000)
  to   space 21824K,   0% used [0x00000007a5560000, 0x00000007a5560000, 0x00000007a6ab0000)
 concurrent mark-sweep generation total 393216K, used 43757K [0x00000007a8000000, 0x00000007c0000000, 0x00000007c0000000)
 Metaspace       used 29583K, capacity 29892K, committed 30204K, reserved 1075200K
  class space    used 3362K, capacity 3449K, committed 3580K, reserved 1048576K
}
2016-02-28T18:37:37.753-0530: 1863.350: Total time for which application threads were stopped: 0.0393186 seconds
{Heap before GC invocations=113 (full 3):
 par new generation   total 109248K, used 109248K [0x00000007a0000000, 0x00000007a8000000, 0x00000007a8000000)
  eden space 87424K, 100% used [0x00000007a0000000, 0x00000007a5560000, 0x00000007a5560000)
  from space 21824K, 100% used [0x00000007a6ab0000, 0x00000007a8000000, 0x00000007a8000000)
  to   space 21824K,   0% used [0x00000007a5560000, 0x00000007a5560000, 0x00000007a6ab0000)
 concurrent mark-sweep generation total 393216K, used 43757K [0x00000007a8000000, 0x00000007c0000000, 0x00000007c0000000)
 Metaspace       used 29585K, capacity 29892K, committed 30204K, reserved 1075200K
  class space    used 3362K, capacity 3449K, committed 3580K, reserved 1048576K
2016-02-28T18:37:38.483-0530: 1864.081: [GC (Allocation Failure) 1864.081: [ParNew
Desired survivor size 20112992 bytes, new threshold 8 (max 8)
- age   1:    2611200 bytes,    2611200 total
- age   2:     893080 bytes,    3504280 total
- age   4:    2225584 bytes,    5729864 total
- age   5:    3045888 bytes,    8775752 total
- age   6:    3655504 bytes,   12431256 total
- age   7:    3071496 bytes,   15502752 total
- age   8:    1332344 bytes,   16835096 total
: 109248K->21824K(109248K), 0.0064293 secs] 153005K->68120K(502464K), 0.0065066 secs] [Times: user=0.02 sys=0.01, real=0.01 secs] 
Heap after GC invocations=114 (full 3):
 par new generation   total 109248K, used 21824K [0x00000007a0000000, 0x00000007a8000000, 0x00000007a8000000)
  eden space 87424K,   0% used [0x00000007a0000000, 0x00000007a0000000, 0x00000007a5560000)
  from space 21824K, 100% used [0x00000007a5560000, 0x00000007a6ab0000, 0x00000007a6ab0000)
  to   space 21824K,   0% used [0x00000007a6ab0000, 0x00000007a6ab0000, 0x00000007a8000000)
 concurrent mark-sweep generation total 393216K, used 46296K [0x00000007a8000000, 0x00000007c0000000, 0x00000007c0000000)
 Metaspace       used 29585K, capacity 29892K, committed 30204K, reserved 1075200K
  class space    used 3362K, capacity 3449K, committed 3580K, reserved 1048576K
}
2016-02-28T18:37:38.490-0530: 1864.087: Total time for which application threads were stopped: 0.0067219 seconds
2016-02-28T18:37:38.492-0530: 1864.089: Total time for which application threads were stopped: 0.0001220 seconds
2016-02-28T18:37:38.492-0530: 1864.090: Total time for which application threads were stopped: 0.0000849 seconds
2016-02-28T18:37:38.493-0530: 1864.090: Total time for which application threads were stopped: 0.0000709 seconds
2016-02-28T18:37:38.493-0530: 1864.090: Total time for which application threads were stopped: 0.0000521 seconds
{Heap before GC invocations=114 (full 3):
 par new generation   total 109248K, used 109241K [0x00000007a0000000, 0x00000007a8000000, 0x00000007a8000000)
  eden space 87424K,  99% used [0x00000007a0000000, 0x00000007a555e5b8, 0x00000007a5560000)
  from space 21824K, 100% used [0x00000007a5560000, 0x00000007a6ab0000, 0x00000007a6ab0000)
  to   space 21824K,   0% used [0x00000007a6ab0000, 0x00000007a6ab0000, 0x00000007a8000000)
 concurrent mark-sweep generation total 393216K, used 46296K [0x00000007a8000000, 0x00000007c0000000, 0x00000007c0000000)
 Metaspace       used 29588K, capacity 29892K, committed 30204K, reserved 1075200K
  class space    used 3362K, capacity 3449K, committed 3580K, reserved 1048576K
2016-02-28T18:37:51.296-0530: 1876.894: [GC (Allocation Failure) 1876.898: [ParNew
Desired survivor size 20112992 bytes, new threshold 8 (max 8)
- age   1:    5136464 bytes,    5136464 total
- age   2:    2467712 bytes,    7604176 total
- age   3:     819960 bytes,    8424136 total
- age   5:    2201272 bytes,   10625408 total
- age   6:    3045888 bytes,   13671296 total
- age   7:    3646944 bytes,   17318240 total
- age   8:    3062576 bytes,   20380816 total
: 109241K->21824K(109248K), 0.0092189 secs] 155538K->69742K(502464K), 0.0133484 secs] [Times: user=0.02 sys=0.01, real=0.01 secs] 
Heap after GC invocations=115 (full 3):
 par new generation   total 109248K, used 21824K [0x00000007a0000000, 0x00000007a8000000, 0x00000007a8000000)
  eden space 87424K,   0% used [0x00000007a0000000, 0x00000007a0000000, 0x00000007a5560000)
  from space 21824K, 100% used [0x00000007a6ab0000, 0x00000007a8000000, 0x00000007a8000000)
  to   space 21824K,   0% used [0x00000007a5560000, 0x00000007a5560000, 0x00000007a6ab0000)
 concurrent mark-sweep generation total 393216K, used 47918K [0x00000007a8000000, 0x00000007c0000000, 0x00000007c0000000)
 Metaspace       used 29588K, capacity 29892K, committed 30204K, reserved 1075200K
  class space    used 3362K, capacity 3449K, committed 3580K, reserved 1048576K
}
2016-02-28T18:37:51.309-0530: 1876.907: Total time for which application threads were stopped: 0.0135799 seconds
2016-02-28T18:37:51.656-0530: 1877.254: Total time for which application threads were stopped: 0.0000980 seconds
2016-02-28T18:37:51.656-0530: 1877.254: Total time for which application threads were stopped: 0.0000553 seconds
2016-02-28T18:37:51.657-0530: 1877.254: Total time for which application threads were stopped: 0.0001118 seconds
2016-02-28T18:37:51.682-0530: 1877.280: Total time for which application threads were stopped: 0.0001305 seconds
2016-02-28T18:37:51.682-0530: 1877.280: Total time for which application threads were stopped: 0.0000790 seconds
2016-02-28T18:37:51.682-0530: 1877.280: Total time for which application threads were stopped: 0.0000744 seconds
{Heap before GC invocations=115 (full 3):
 par new generation   total 109248K, used 109248K [0x00000007a0000000, 0x00000007a8000000, 0x00000007a8000000)
  eden space 87424K, 100% used [0x00000007a0000000, 0x00000007a5560000, 0x00000007a5560000)
  from space 21824K, 100% used [0x00000007a6ab0000, 0x00000007a8000000, 0x00000007a8000000)
  to   space 21824K,   0% used [0x00000007a5560000, 0x00000007a5560000, 0x00000007a6ab0000)
 concurrent mark-sweep generation total 393216K, used 47918K [0x00000007a8000000, 0x00000007c0000000, 0x00000007c0000000)
 Metaspace       used 29595K, capacity 29892K, committed 30204K, reserved 1075200K
  class space    used 3362K, capacity 3449K, committed 3580K, reserved 1048576K
2016-02-28T18:38:03.324-0530: 1888.922: [GC (Allocation Failure) 1888.922: [ParNew
Desired survivor size 20112992 bytes, new threshold 8 (max 8)
- age   1:    5117008 bytes,    5117008 total
- age   2:    1829768 bytes,    6946776 total
- age   3:     747424 bytes,    7694200 total
- age   4:     337816 bytes,    8032016 total
- age   6:    2199232 bytes,   10231248 total
- age   7:    3045888 bytes,   13277136 total
- age   8:    3579768 bytes,   16856904 total
: 109248K->21824K(109248K), 0.0087621 secs] 157166K->75116K(502464K), 0.0088204 secs] [Times: user=0.02 sys=0.01, real=0.01 secs] 
Heap after GC invocations=116 (full 3):
 par new generation   total 109248K, used 21824K [0x00000007a0000000, 0x00000007a8000000, 0x00000007a8000000)
  eden space 87424K,   0% used [0x00000007a0000000, 0x00000007a0000000, 0x00000007a5560000)
  from space 21824K, 100% used [0x00000007a5560000, 0x00000007a6ab0000, 0x00000007a6ab0000)
  to   space 21824K,   0% used [0x00000007a6ab0000, 0x00000007a6ab0000, 0x00000007a8000000)
 concurrent mark-sweep generation total 393216K, used 53292K [0x00000007a8000000, 0x00000007c0000000, 0x00000007c0000000)
 Metaspace       used 29595K, capacity 29892K, committed 30204K, reserved 1075200K
  class space    used 3362K, capacity 3449K, committed 3580K, reserved 1048576K
}
2016-02-28T18:38:03.333-0530: 1888.931: Total time for which application threads were stopped: 0.0090428 seconds
{Heap before GC invocations=116 (full 3):
 par new generation   total 109248K, used 109248K [0x00000007a0000000, 0x00000007a8000000, 0x00000007a8000000)
  eden space 87424K, 100% used [0x00000007a0000000, 0x00000007a5560000, 0x00000007a5560000)
  from space 21824K, 100% used [0x00000007a5560000, 0x00000007a6ab0000, 0x00000007a6ab0000)
  to   space 21824K,   0% used [0x00000007a6ab0000, 0x00000007a6ab0000, 0x00000007a8000000)
 concurrent mark-sweep generation total 393216K, used 53292K [0x00000007a8000000, 0x00000007c0000000, 0x00000007c0000000)
 Metaspace       used 29595K, capacity 29892K, committed 30204K, reserved 1075200K
  class space    used 3362K, capacity 3449K, committed 3580K, reserved 1048576K
2016-02-28T18:38:03.984-0530: 1889.582: [GC (Allocation Failure) 1889.582: [ParNew
Desired survivor size 20112992 bytes, new threshold 8 (max 8)
- age   1:    6098792 bytes,    6098792 total
- age   2:    4610952 bytes,   10709744 total
- age   3:    1829000 bytes,   12538744 total
- age   4:     747424 bytes,   13286168 total
- age   5:     270904 bytes,   13557072 total
- age   7:    2199232 bytes,   15756304 total
- age   8:    3045888 bytes,   18802192 total
: 109248K->21101K(109248K), 0.0066690 secs] 162540K->77891K(502464K), 0.0067508 secs] [Times: user=0.02 sys=0.00, real=0.01 secs] 
Heap after GC invocations=117 (full 3):
 par new generation   total 109248K, used 21101K [0x00000007a0000000, 0x00000007a8000000, 0x00000007a8000000)
  eden space 87424K,   0% used [0x00000007a0000000, 0x00000007a0000000, 0x00000007a5560000)
  from space 21824K,  96% used [0x00000007a6ab0000, 0x00000007a7f4b640, 0x00000007a8000000)
  to   space 21824K,   0% used [0x00000007a5560000, 0x00000007a5560000, 0x00000007a6ab0000)
 concurrent mark-sweep generation total 393216K, used 56789K [0x00000007a8000000, 0x00000007c0000000, 0x00000007c0000000)
 Metaspace       used 29595K, capacity 29892K, committed 30204K, reserved 1075200K
  class space    used 3362K, capacity 3449K, committed 3580K, reserved 1048576K
}
2016-02-28T18:38:03.991-0530: 1889.589: Total time for which application threads were stopped: 0.0070096 seconds
2016-02-28T18:38:04.018-0530: 1889.616: Total time for which application threads were stopped: 0.0000875 seconds
2016-02-28T18:38:04.019-0530: 1889.617: Total time for which application threads were stopped: 0.0000701 seconds
2016-02-28T18:38:04.045-0530: 1889.643: Total time for which application threads were stopped: 0.0001362 seconds
2016-02-28T18:38:04.045-0530: 1889.644: Total time for which application threads were stopped: 0.0000918 seconds
2016-02-28T18:38:04.046-0530: 1889.644: Total time for which application threads were stopped: 0.0000857 seconds
2016-02-28T18:38:05.046-0530: 1890.644: Total time for which application threads were stopped: 0.0000842 seconds
2016-02-28T18:38:17.063-0530: 1902.662: Total time for which application threads were stopped: 0.0002027 seconds
{Heap before GC invocations=117 (full 3):
 par new generation   total 109248K, used 108525K [0x00000007a0000000, 0x00000007a8000000, 0x00000007a8000000)
  eden space 87424K, 100% used [0x00000007a0000000, 0x00000007a5560000, 0x00000007a5560000)
  from space 21824K,  96% used [0x00000007a6ab0000, 0x00000007a7f4b640, 0x00000007a8000000)
  to   space 21824K,   0% used [0x00000007a5560000, 0x00000007a5560000, 0x00000007a6ab0000)
 concurrent mark-sweep generation total 393216K, used 56789K [0x00000007a8000000, 0x00000007c0000000, 0x00000007c0000000)
 Metaspace       used 29600K, capacity 29892K, committed 30204K, reserved 1075200K
  class space    used 3362K, capacity 3449K, committed 3580K, reserved 1048576K
2016-02-28T18:38:17.415-0530: 1903.013: [GC (Allocation Failure) 1903.044: [ParNew
Desired survivor size 20112992 bytes, new threshold 8 (max 8)
- age   1:    5771176 bytes,    5771176 total
- age   2:    4441544 bytes,   10212720 total
- age   3:    4479360 bytes,   14692080 total
- age   4:    1828280 bytes,   16520360 total
- age   5:     747424 bytes,   17267784 total
- age   6:     270664 bytes,   17538448 total
- age   8:    2199160 bytes,   19737608 total
: 108525K->21824K(109248K), 0.0085492 secs] 165315K->83051K(502464K), 0.0393789 secs] [Times: user=0.02 sys=0.00, real=0.04 secs] 
Heap after GC invocations=118 (full 3):
 par new generation   total 109248K, used 21824K [0x00000007a0000000, 0x00000007a8000000, 0x00000007a8000000)
  eden space 87424K,   0% used [0x00000007a0000000, 0x00000007a0000000, 0x00000007a5560000)
  from space 21824K, 100% used [0x00000007a5560000, 0x00000007a6ab0000, 0x00000007a6ab0000)
  to   space 21824K,   0% used [0x00000007a6ab0000, 0x00000007a6ab0000, 0x00000007a8000000)
 concurrent mark-sweep generation total 393216K, used 61227K [0x00000007a8000000, 0x00000007c0000000, 0x00000007c0000000)
 Metaspace       used 29600K, capacity 29892K, committed 30204K, reserved 1075200K
  class space    used 3362K, capacity 3449K, committed 3580K, reserved 1048576K
}
2016-02-28T18:38:17.454-0530: 1903.053: Total time for which application threads were stopped: 0.0395898 seconds
2016-02-28T18:38:17.766-0530: 1903.365: Total time for which application threads were stopped: 0.0001153 seconds
2016-02-28T18:38:17.767-0530: 1903.365: Total time for which application threads were stopped: 0.0000589 seconds
2016-02-28T18:38:17.790-0530: 1903.389: Total time for which application threads were stopped: 0.0001328 seconds
2016-02-28T18:38:17.790-0530: 1903.389: Total time for which application threads were stopped: 0.0000663 seconds
2016-02-28T18:38:17.791-0530: 1903.390: Total time for which application threads were stopped: 0.0001485 seconds
2016-02-28T18:38:17.792-0530: 1903.390: Total time for which application threads were stopped: 0.0001407 seconds
2016-02-28T18:38:17.792-0530: 1903.391: Total time for which application threads were stopped: 0.0004596 seconds
2016-02-28T18:38:29.805-0530: 1915.404: Total time for which application threads were stopped: 0.0002154 seconds
{Heap before GC invocations=118 (full 3):
 par new generation   total 109248K, used 109247K [0x00000007a0000000, 0x00000007a8000000, 0x00000007a8000000)
  eden space 87424K,  99% used [0x00000007a0000000, 0x00000007a555fec8, 0x00000007a5560000)
  from space 21824K, 100% used [0x00000007a5560000, 0x00000007a6ab0000, 0x00000007a6ab0000)
  to   space 21824K,   0% used [0x00000007a6ab0000, 0x00000007a6ab0000, 0x00000007a8000000)
 concurrent mark-sweep generation total 393216K, used 61227K [0x00000007a8000000, 0x00000007c0000000, 0x00000007c0000000)
 Metaspace       used 29603K, capacity 29892K, committed 30204K, reserved 1075200K
  class space    used 3362K, capacity 3449K, committed 3580K, reserved 1048576K
2016-02-28T18:38:30.029-0530: 1915.629: [GC (Allocation Failure) 1915.645: [ParNew
Desired survivor size 20112992 bytes, new threshold 8 (max 8)
- age   1:    4347528 bytes,    4347528 total
- age   2:    2350352 bytes,    6697880 total
- age   3:    4474104 bytes,   11171984 total
- age   4:    4062344 bytes,   15234328 total
- age   5:    1760400 bytes,   16994728 total
- age   6:     747424 bytes,   17742152 total
- age   7:     270664 bytes,   18012816 total
: 109247K->21824K(109248K), 0.0098832 secs] 170475K->86279K(502464K), 0.0268148 secs] [Times: user=0.02 sys=0.01, real=0.03 secs] 
Heap after GC invocations=119 (full 3):
 par new generation   total 109248K, used 21824K [0x00000007a0000000, 0x00000007a8000000, 0x00000007a8000000)
  eden space 87424K,   0% used [0x00000007a0000000, 0x00000007a0000000, 0x00000007a5560000)
  from space 21824K, 100% used [0x00000007a6ab0000, 0x00000007a8000000, 0x00000007a8000000)
  to   space 21824K,   0% used [0x00000007a5560000, 0x00000007a5560000, 0x00000007a6ab0000)
 concurrent mark-sweep generation total 393216K, used 64455K [0x00000007a8000000, 0x00000007c0000000, 0x00000007c0000000)
 Metaspace       used 29603K, capacity 29892K, committed 30204K, reserved 1075200K
  class space    used 3362K, capacity 3449K, committed 3580K, reserved 1048576K
}
2016-02-28T18:38:30.056-0530: 1915.655: Total time for which application threads were stopped: 0.0270182 seconds
{Heap before GC invocations=119 (full 3):
 par new generation   total 109248K, used 109248K [0x00000007a0000000, 0x00000007a8000000, 0x00000007a8000000)
  eden space 87424K, 100% used [0x00000007a0000000, 0x00000007a5560000, 0x00000007a5560000)
  from space 21824K, 100% used [0x00000007a6ab0000, 0x00000007a8000000, 0x00000007a8000000)
  to   space 21824K,   0% used [0x00000007a5560000, 0x00000007a5560000, 0x00000007a6ab0000)
 concurrent mark-sweep generation total 393216K, used 64455K [0x00000007a8000000, 0x00000007c0000000, 0x00000007c0000000)
 Metaspace       used 29603K, capacity 29892K, committed 30204K, reserved 1075200K
  class space    used 3362K, capacity 3449K, committed 3580K, reserved 1048576K
2016-02-28T18:38:30.639-0530: 1916.239: [GC (Allocation Failure) 1916.239: [ParNew
Desired survivor size 20112992 bytes, new threshold 5 (max 8)
- age   1:    6302448 bytes,    6302448 total
- age   2:    3782040 bytes,   10084488 total
- age   3:    2350192 bytes,   12434680 total
- age   4:    4441320 bytes,   16876000 total
- age   5:    3308056 bytes,   20184056 total
- age   6:    1084336 bytes,   21268392 total
- age   7:     746488 bytes,   22014880 total
- age   8:     222824 bytes,   22237704 total
: 109248K->21824K(109248K), 0.0078194 secs] 173703K->87658K(502464K), 0.0079013 secs] [Times: user=0.02 sys=0.00, real=0.01 secs] 
Heap after GC invocations=120 (full 3):
 par new generation   total 109248K, used 21824K [0x00000007a0000000, 0x00000007a8000000, 0x00000007a8000000)
  eden space 87424K,   0% used [0x00000007a0000000, 0x00000007a0000000, 0x00000007a5560000)
  from space 21824K, 100% used [0x00000007a5560000, 0x00000007a6ab0000, 0x00000007a6ab0000)
  to   space 21824K,   0% used [0x00000007a6ab0000, 0x00000007a6ab0000, 0x00000007a8000000)
 concurrent mark-sweep generation total 393216K, used 65834K [0x00000007a8000000, 0x00000007c0000000, 0x00000007c0000000)
 Metaspace       used 29603K, capacity 29892K, committed 30204K, reserved 1075200K
  class space    used 3362K, capacity 3449K, committed 3580K, reserved 1048576K
}
2016-02-28T18:38:30.647-0530: 1916.247: Total time for which application threads were stopped: 0.0081582 seconds
2016-02-28T18:38:30.664-0530: 1916.263: Total time for which application threads were stopped: 0.0000879 seconds
2016-02-28T18:38:30.665-0530: 1916.264: Total time for which application threads were stopped: 0.0000539 seconds
2016-02-28T18:38:30.723-0530: 1916.323: Total time for which application threads were stopped: 0.0000851 seconds
2016-02-28T18:38:30.724-0530: 1916.324: Total time for which application threads were stopped: 0.0001199 seconds
2016-02-28T18:38:30.724-0530: 1916.324: Total time for which application threads were stopped: 0.0000842 seconds
2016-02-28T18:38:30.725-0530: 1916.324: Total time for which application threads were stopped: 0.0001094 seconds
2016-02-28T18:38:44.748-0530: 1930.348: Total time for which application threads were stopped: 0.0001739 seconds
{Heap before GC invocations=120 (full 3):
 par new generation   total 109248K, used 109232K [0x00000007a0000000, 0x00000007a8000000, 0x00000007a8000000)
  eden space 87424K,  99% used [0x00000007a0000000, 0x00000007a555c190, 0x00000007a5560000)
  from space 21824K, 100% used [0x00000007a5560000, 0x00000007a6ab0000, 0x00000007a6ab0000)
  to   space 21824K,   0% used [0x00000007a6ab0000, 0x00000007a6ab0000, 0x00000007a8000000)
 concurrent mark-sweep generation total 393216K, used 65834K [0x00000007a8000000, 0x00000007c0000000, 0x00000007c0000000)
 Metaspace       used 29605K, capacity 29892K, committed 30204K, reserved 1075200K
  class space    used 3362K, capacity 3449K, committed 3580K, reserved 1048576K
2016-02-28T18:38:45.114-0530: 1930.713: [GC (Allocation Failure) 1930.735: [ParNew
Desired survivor size 20112992 bytes, new threshold 8 (max 8)
- age   1:    5709520 bytes,    5709520 total
- age   2:    2870808 bytes,    8580328 total
- age   3:    1685008 bytes,   10265336 total
- age   4:    1922512 bytes,   12187848 total
- age   5:    3052568 bytes,   15240416 total
: 109232K->21824K(109248K), 0.0163677 secs] 175067K->96258K(502464K), 0.0376302 secs] [Times: user=0.03 sys=0.02, real=0.04 secs] 
Heap after GC invocations=121 (full 3):
 par new generation   total 109248K, used 21824K [0x00000007a0000000, 0x00000007a8000000, 0x00000007a8000000)
  eden space 87424K,   0% used [0x00000007a0000000, 0x00000007a0000000, 0x00000007a5560000)
  from space 21824K, 100% used [0x00000007a6ab0000, 0x00000007a8000000, 0x00000007a8000000)
  to   space 21824K,   0% used [0x00000007a5560000, 0x00000007a5560000, 0x00000007a6ab0000)
 concurrent mark-sweep generation total 393216K, used 74434K [0x00000007a8000000, 0x00000007c0000000, 0x00000007c0000000)
 Metaspace       used 29605K, capacity 29892K, committed 30204K, reserved 1075200K
  class space    used 3362K, capacity 3449K, committed 3580K, reserved 1048576K
}
2016-02-28T18:38:45.151-0530: 1930.751: Total time for which application threads were stopped: 0.0378332 seconds
2016-02-28T18:38:45.437-0530: 1931.037: Total time for which application threads were stopped: 0.0000981 seconds
2016-02-28T18:38:45.438-0530: 1931.037: Total time for which application threads were stopped: 0.0000662 seconds
2016-02-28T18:38:45.463-0530: 1931.063: Total time for which application threads were stopped: 0.0001191 seconds
2016-02-28T18:38:45.463-0530: 1931.063: Total time for which application threads were stopped: 0.0000804 seconds
2016-02-28T18:38:45.463-0530: 1931.063: Total time for which application threads were stopped: 0.0000872 seconds
2016-02-28T18:38:58.489-0530: 1944.089: Total time for which application threads were stopped: 0.0002318 seconds
{Heap before GC invocations=121 (full 3):
 par new generation   total 109248K, used 109248K [0x00000007a0000000, 0x00000007a8000000, 0x00000007a8000000)
  eden space 87424K, 100% used [0x00000007a0000000, 0x00000007a5560000, 0x00000007a5560000)
  from space 21824K, 100% used [0x00000007a6ab0000, 0x00000007a8000000, 0x00000007a8000000)
  to   space 21824K,   0% used [0x00000007a5560000, 0x00000007a5560000, 0x00000007a6ab0000)
 concurrent mark-sweep generation total 393216K, used 74434K [0x00000007a8000000, 0x00000007c0000000, 0x00000007c0000000)
 Metaspace       used 29617K, capacity 29956K, committed 30460K, reserved 1077248K
  class space    used 3362K, capacity 3449K, committed 3580K, reserved 1048576K
2016-02-28T18:38:58.648-0530: 1944.248: [GC (Allocation Failure) 1944.248: [ParNew
Desired survivor size 20112992 bytes, new threshold 8 (max 8)
- age   1:    5163496 bytes,    5163496 total
- age   2:    2226736 bytes,    7390232 total
- age   3:    2870656 bytes,   10260888 total
- age   4:    1684304 bytes,   11945192 total
- age   5:    1855184 bytes,   13800376 total
- age   6:    3052568 bytes,   16852944 total
: 109248K->21824K(109248K), 0.0051771 secs] 183682K->96258K(502464K), 0.0052580 secs] [Times: user=0.02 sys=0.00, real=0.01 secs] 
Heap after GC invocations=122 (full 3):
 par new generation   total 109248K, used 21824K [0x00000007a0000000, 0x00000007a8000000, 0x00000007a8000000)
  eden space 87424K,   0% used [0x00000007a0000000, 0x00000007a0000000, 0x00000007a5560000)
  from space 21824K, 100% used [0x00000007a5560000, 0x00000007a6ab0000, 0x00000007a6ab0000)
  to   space 21824K,   0% used [0x00000007a6ab0000, 0x00000007a6ab0000, 0x00000007a8000000)
 concurrent mark-sweep generation total 393216K, used 74434K [0x00000007a8000000, 0x00000007c0000000, 0x00000007c0000000)
 Metaspace       used 29617K, capacity 29956K, committed 30460K, reserved 1077248K
  class space    used 3362K, capacity 3449K, committed 3580K, reserved 1048576K
}
2016-02-28T18:38:58.653-0530: 1944.253: Total time for which application threads were stopped: 0.0054471 seconds
{Heap before GC invocations=122 (full 3):
 par new generation   total 109248K, used 109248K [0x00000007a0000000, 0x00000007a8000000, 0x00000007a8000000)
  eden space 87424K, 100% used [0x00000007a0000000, 0x00000007a5560000, 0x00000007a5560000)
  from space 21824K, 100% used [0x00000007a5560000, 0x00000007a6ab0000, 0x00000007a6ab0000)
  to   space 21824K,   0% used [0x00000007a6ab0000, 0x00000007a6ab0000, 0x00000007a8000000)
 concurrent mark-sweep generation total 393216K, used 74434K [0x00000007a8000000, 0x00000007c0000000, 0x00000007c0000000)
 Metaspace       used 29617K, capacity 29956K, committed 30460K, reserved 1077248K
  class space    used 3362K, capacity 3449K, committed 3580K, reserved 1048576K
2016-02-28T18:38:59.317-0530: 1944.917: [GC (Allocation Failure) 1944.917: [ParNew
Desired survivor size 20112992 bytes, new threshold 7 (max 8)
- age   1:    5964320 bytes,    5964320 total
- age   2:    4619768 bytes,   10584088 total
- age   3:    2225968 bytes,   12810056 total
- age   4:    2870656 bytes,   15680712 total
- age   5:    1617392 bytes,   17298104 total
- age   6:    1495344 bytes,   18793448 total
- age   7:    3052568 bytes,   21846016 total
: 109248K->21824K(109248K), 0.0068351 secs] 183682K->96609K(502464K), 0.0071816 secs] [Times: user=0.02 sys=0.00, real=0.01 secs] 
Heap after GC invocations=123 (full 3):
 par new generation   total 109248K, used 21824K [0x00000007a0000000, 0x00000007a8000000, 0x00000007a8000000)
  eden space 87424K,   0% used [0x00000007a0000000, 0x00000007a0000000, 0x00000007a5560000)
  from space 21824K, 100% used [0x00000007a6ab0000, 0x00000007a8000000, 0x00000007a8000000)
  to   space 21824K,   0% used [0x00000007a5560000, 0x00000007a5560000, 0x00000007a6ab0000)
 concurrent mark-sweep generation total 393216K, used 74785K [0x00000007a8000000, 0x00000007c0000000, 0x00000007c0000000)
 Metaspace       used 29617K, capacity 29956K, committed 30460K, reserved 1077248K
  class space    used 3362K, capacity 3449K, committed 3580K, reserved 1048576K
}
2016-02-28T18:38:59.324-0530: 1944.924: Total time for which application threads were stopped: 0.0074122 seconds
2016-02-28T18:38:59.345-0530: 1944.945: Total time for which application threads were stopped: 0.0001103 seconds
2016-02-28T18:38:59.346-0530: 1944.946: Total time for which application threads were stopped: 0.0004020 seconds
2016-02-28T18:38:59.557-0530: 1945.157: Total time for which application threads were stopped: 0.0001037 seconds
2016-02-28T18:38:59.558-0530: 1945.158: Total time for which application threads were stopped: 0.0001118 seconds
2016-02-28T18:38:59.558-0530: 1945.159: Total time for which application threads were stopped: 0.0001906 seconds
2016-02-28T18:38:59.559-0530: 1945.159: Total time for which application threads were stopped: 0.0001182 seconds
2016-02-28T18:39:00.559-0530: 1946.159: Total time for which application threads were stopped: 0.0001232 seconds
{Heap before GC invocations=123 (full 3):
 par new generation   total 109248K, used 109199K [0x00000007a0000000, 0x00000007a8000000, 0x00000007a8000000)
  eden space 87424K,  99% used [0x00000007a0000000, 0x00000007a5553c98, 0x00000007a5560000)
  from space 21824K, 100% used [0x00000007a6ab0000, 0x00000007a8000000, 0x00000007a8000000)
  to   space 21824K,   0% used [0x00000007a5560000, 0x00000007a5560000, 0x00000007a6ab0000)
 concurrent mark-sweep generation total 393216K, used 74785K [0x00000007a8000000, 0x00000007c0000000, 0x00000007c0000000)
 Metaspace       used 29620K, capacity 29956K, committed 30460K, reserved 1077248K
  class space    used 3362K, capacity 3449K, committed 3580K, reserved 1048576K
2016-02-28T18:39:12.373-0530: 1957.974: [GC (Allocation Failure) 1957.992: [ParNew
Desired survivor size 20112992 bytes, new threshold 8 (max 8)
- age   1:    5161256 bytes,    5161256 total
- age   2:    2842976 bytes,    8004232 total
- age   3:    3099912 bytes,   11104144 total
- age   4:    1642024 bytes,   12746168 total
- age   5:    2870656 bytes,   15616824 total
- age   6:    1616272 bytes,   17233096 total
- age   7:    1495312 bytes,   18728408 total
: 109199K->21824K(109248K), 0.0127309 secs] 183984K->100994K(502464K), 0.0306278 secs] [Times: user=0.02 sys=0.01, real=0.03 secs] 
Heap after GC invocations=124 (full 3):
 par new generation   total 109248K, used 21824K [0x00000007a0000000, 0x00000007a8000000, 0x00000007a8000000)
  eden space 87424K,   0% used [0x00000007a0000000, 0x00000007a0000000, 0x00000007a5560000)
  from space 21824K, 100% used [0x00000007a5560000, 0x00000007a6ab0000, 0x00000007a6ab0000)
  to   space 21824K,   0% used [0x00000007a6ab0000, 0x00000007a6ab0000, 0x00000007a8000000)
 concurrent mark-sweep generation total 393216K, used 79170K [0x00000007a8000000, 0x00000007c0000000, 0x00000007c0000000)
 Metaspace       used 29620K, capacity 29956K, committed 30460K, reserved 1077248K
  class space    used 3362K, capacity 3449K, committed 3580K, reserved 1048576K
}
2016-02-28T18:39:12.404-0530: 1958.005: Total time for which application threads were stopped: 0.0308934 seconds
2016-02-28T18:39:12.682-0530: 1958.283: Total time for which application threads were stopped: 0.0000861 seconds
2016-02-28T18:39:12.683-0530: 1958.283: Total time for which application threads were stopped: 0.0000565 seconds
2016-02-28T18:39:12.705-0530: 1958.306: Total time for which application threads were stopped: 0.0000946 seconds
2016-02-28T18:39:12.706-0530: 1958.307: Total time for which application threads were stopped: 0.0001066 seconds
2016-02-28T18:39:12.706-0530: 1958.307: Total time for which application threads were stopped: 0.0000769 seconds
2016-02-28T18:39:12.706-0530: 1958.307: Total time for which application threads were stopped: 0.0000672 seconds
{Heap before GC invocations=124 (full 3):
 par new generation   total 109248K, used 109248K [0x00000007a0000000, 0x00000007a8000000, 0x00000007a8000000)
  eden space 87424K, 100% used [0x00000007a0000000, 0x00000007a5560000, 0x00000007a5560000)
  from space 21824K, 100% used [0x00000007a5560000, 0x00000007a6ab0000, 0x00000007a6ab0000)
  to   space 21824K,   0% used [0x00000007a6ab0000, 0x00000007a6ab0000, 0x00000007a8000000)
 concurrent mark-sweep generation total 393216K, used 79170K [0x00000007a8000000, 0x00000007c0000000, 0x00000007c0000000)
 Metaspace       used 29621K, capacity 29956K, committed 30460K, reserved 1077248K
  class space    used 3362K, capacity 3449K, committed 3580K, reserved 1048576K
2016-02-28T18:39:27.311-0530: 1972.913: [GC (Allocation Failure) 1972.913: [ParNew
Desired survivor size 20112992 bytes, new threshold 7 (max 8)
- age   1:    5744696 bytes,    5744696 total
- age   2:    4152976 bytes,    9897672 total
- age   3:    2842752 bytes,   12740424 total
- age   4:    2276880 bytes,   15017304 total
- age   5:    1575008 bytes,   16592312 total
- age   6:    2870656 bytes,   19462968 total
- age   7:    1616248 bytes,   21079216 total
- age   8:    1495312 bytes,   22574528 total
: 109248K->21824K(109248K), 0.0225450 secs] 188418K->103032K(502464K), 0.0226163 secs] [Times: user=0.02 sys=0.05, real=0.02 secs] 
Heap after GC invocations=125 (full 3):
 par new generation   total 109248K, used 21824K [0x00000007a0000000, 0x00000007a8000000, 0x00000007a8000000)
  eden space 87424K,   0% used [0x00000007a0000000, 0x00000007a0000000, 0x00000007a5560000)
  from space 21824K, 100% used [0x00000007a6ab0000, 0x00000007a8000000, 0x00000007a8000000)
  to   space 21824K,   0% used [0x00000007a5560000, 0x00000007a5560000, 0x00000007a6ab0000)
 concurrent mark-sweep generation total 393216K, used 81208K [0x00000007a8000000, 0x00000007c0000000, 0x00000007c0000000)
 Metaspace       used 29621K, capacity 29956K, committed 30460K, reserved 1077248K
  class space    used 3362K, capacity 3449K, committed 3580K, reserved 1048576K
}
2016-02-28T18:39:27.334-0530: 1972.935: Total time for which application threads were stopped: 0.0229348 seconds
{Heap before GC invocations=125 (full 3):
 par new generation   total 109248K, used 109248K [0x00000007a0000000, 0x00000007a8000000, 0x00000007a8000000)
  eden space 87424K, 100% used [0x00000007a0000000, 0x00000007a5560000, 0x00000007a5560000)
  from space 21824K, 100% used [0x00000007a6ab0000, 0x00000007a8000000, 0x00000007a8000000)
  to   space 21824K,   0% used [0x00000007a5560000, 0x00000007a5560000, 0x00000007a6ab0000)
 concurrent mark-sweep generation total 393216K, used 81208K [0x00000007a8000000, 0x00000007c0000000, 0x00000007c0000000)
 Metaspace       used 29621K, capacity 29956K, committed 30460K, reserved 1077248K
  class space    used 3362K, capacity 3449K, committed 3580K, reserved 1048576K
2016-02-28T18:39:28.067-0530: 1973.669: [GC (Allocation Failure) 1973.669: [ParNew
Desired survivor size 20112992 bytes, new threshold 7 (max 8)
- age   1:    3430776 bytes,    3430776 total
- age   2:    3768744 bytes,    7199520 total
- age   3:    3956192 bytes,   11155712 total
- age   4:    2842752 bytes,   13998464 total
- age   5:    2209968 bytes,   16208432 total
- age   6:    1575008 bytes,   17783440 total
- age   7:    2870656 bytes,   20654096 total
: 109248K->21824K(109248K), 0.0088820 secs] 190456K->106115K(502464K), 0.0089740 secs] [Times: user=0.03 sys=0.01, real=0.01 secs] 
Heap after GC invocations=126 (full 3):
 par new generation   total 109248K, used 21824K [0x00000007a0000000, 0x00000007a8000000, 0x00000007a8000000)
  eden space 87424K,   0% used [0x00000007a0000000, 0x00000007a0000000, 0x00000007a5560000)
  from space 21824K, 100% used [0x00000007a5560000, 0x00000007a6ab0000, 0x00000007a6ab0000)
  to   space 21824K,   0% used [0x00000007a6ab0000, 0x00000007a6ab0000, 0x00000007a8000000)
 concurrent mark-sweep generation total 393216K, used 84291K [0x00000007a8000000, 0x00000007c0000000, 0x00000007c0000000)
 Metaspace       used 29621K, capacity 29956K, committed 30460K, reserved 1077248K
  class space    used 3362K, capacity 3449K, committed 3580K, reserved 1048576K
}
2016-02-28T18:39:28.076-0530: 1973.678: Total time for which application threads were stopped: 0.0093046 seconds
2016-02-28T18:39:29.080-0530: 1974.682: Total time for which application threads were stopped: 0.0002486 seconds
{Heap before GC invocations=126 (full 3):
 par new generation   total 109248K, used 109240K [0x00000007a0000000, 0x00000007a8000000, 0x00000007a8000000)
  eden space 87424K,  99% used [0x00000007a0000000, 0x00000007a555e260, 0x00000007a5560000)
  from space 21824K, 100% used [0x00000007a5560000, 0x00000007a6ab0000, 0x00000007a6ab0000)
  to   space 21824K,   0% used [0x00000007a6ab0000, 0x00000007a6ab0000, 0x00000007a8000000)
 concurrent mark-sweep generation total 393216K, used 84291K [0x00000007a8000000, 0x00000007c0000000, 0x00000007c0000000)
 Metaspace       used 29625K, capacity 29956K, committed 30460K, reserved 1077248K
  class space    used 3362K, capacity 3449K, committed 3580K, reserved 1048576K
2016-02-28T18:39:42.071-0530: 1987.673: [GC (Allocation Failure) 1987.705: [ParNew
Desired survivor size 20112992 bytes, new threshold 8 (max 8)
- age   1:    3284808 bytes,    3284808 total
- age   2:    1893256 bytes,    5178064 total
- age   3:    3437344 bytes,    8615408 total
- age   4:    3939888 bytes,   12555296 total
- age   5:    2842752 bytes,   15398048 total
- age   6:    2209416 bytes,   17607464 total
- age   7:    1573248 bytes,   19180712 total
: 109240K->21824K(109248K), 0.0159128 secs] 193532K->112666K(502464K), 0.0474974 secs] [Times: user=0.03 sys=0.02, real=0.04 secs] 
Heap after GC invocations=127 (full 3):
 par new generation   total 109248K, used 21824K [0x00000007a0000000, 0x00000007a8000000, 0x00000007a8000000)
  eden space 87424K,   0% used [0x00000007a0000000, 0x00000007a0000000, 0x00000007a5560000)
  from space 21824K, 100% used [0x00000007a6ab0000, 0x00000007a8000000, 0x00000007a8000000)
  to   space 21824K,   0% used [0x00000007a5560000, 0x00000007a5560000, 0x00000007a6ab0000)
 concurrent mark-sweep generation total 393216K, used 90842K [0x00000007a8000000, 0x00000007c0000000, 0x00000007c0000000)
 Metaspace       used 29625K, capacity 29956K, committed 30460K, reserved 1077248K
  class space    used 3362K, capacity 3449K, committed 3580K, reserved 1048576K
}
2016-02-28T18:39:42.119-0530: 1987.721: Total time for which application threads were stopped: 0.0476940 seconds
2016-02-28T18:39:42.343-0530: 1987.945: Total time for which application threads were stopped: 0.0002043 seconds
2016-02-28T18:39:42.344-0530: 1987.945: Total time for which application threads were stopped: 0.0001229 seconds
2016-02-28T18:39:42.344-0530: 1987.946: Total time for which application threads were stopped: 0.0001273 seconds
2016-02-28T18:39:42.346-0530: 1987.948: Total time for which application threads were stopped: 0.0001026 seconds
2016-02-28T18:39:42.347-0530: 1987.949: Total time for which application threads were stopped: 0.0001274 seconds
2016-02-28T18:39:42.347-0530: 1987.949: Total time for which application threads were stopped: 0.0001585 seconds
2016-02-28T18:39:42.348-0530: 1987.949: Total time for which application threads were stopped: 0.0000625 seconds
2016-02-28T18:39:42.349-0530: 1987.951: Total time for which application threads were stopped: 0.0001126 seconds
2016-02-28T18:39:42.360-0530: 1987.962: Total time for which application threads were stopped: 0.0001289 seconds
2016-02-28T18:39:42.366-0530: 1987.968: Total time for which application threads were stopped: 0.0001086 seconds
2016-02-28T18:39:42.370-0530: 1987.972: Total time for which application threads were stopped: 0.0002353 seconds
2016-02-28T18:39:42.371-0530: 1987.973: Total time for which application threads were stopped: 0.0002012 seconds
2016-02-28T18:39:42.371-0530: 1987.973: Total time for which application threads were stopped: 0.0000721 seconds
2016-02-28T18:39:42.374-0530: 1987.976: Total time for which application threads were stopped: 0.0001754 seconds
2016-02-28T18:39:42.521-0530: 1988.123: Total time for which application threads were stopped: 0.0001370 seconds
2016-02-28T18:39:42.528-0530: 1988.130: Total time for which application threads were stopped: 0.0000970 seconds
2016-02-28T18:39:42.536-0530: 1988.138: Total time for which application threads were stopped: 0.0000969 seconds
2016-02-28T18:39:42.553-0530: 1988.155: Total time for which application threads were stopped: 0.0001191 seconds
2016-02-28T18:39:42.559-0530: 1988.161: Total time for which application threads were stopped: 0.0000960 seconds
2016-02-28T18:39:42.641-0530: 1988.243: Total time for which application threads were stopped: 0.0001104 seconds
2016-02-28T18:39:42.927-0530: 1988.529: Total time for which application threads were stopped: 0.0001952 seconds
{Heap before GC invocations=127 (full 3):
 par new generation   total 109248K, used 109248K [0x00000007a0000000, 0x00000007a8000000, 0x00000007a8000000)
  eden space 87424K, 100% used [0x00000007a0000000, 0x00000007a5560000, 0x00000007a5560000)
  from space 21824K, 100% used [0x00000007a6ab0000, 0x00000007a8000000, 0x00000007a8000000)
  to   space 21824K,   0% used [0x00000007a5560000, 0x00000007a5560000, 0x00000007a6ab0000)
 concurrent mark-sweep generation total 393216K, used 90842K [0x00000007a8000000, 0x00000007c0000000, 0x00000007c0000000)
 Metaspace       used 29634K, capacity 29956K, committed 30460K, reserved 1077248K
  class space    used 3362K, capacity 3449K, committed 3580K, reserved 1048576K
2016-02-28T18:39:43.183-0530: 1988.785: [GC (Allocation Failure) 1988.785: [ParNew
Desired survivor size 20112992 bytes, new threshold 8 (max 8)
- age   1:    3893032 bytes,    3893032 total
- age   2:    2477208 bytes,    6370240 total
- age   3:    1892280 bytes,    8262520 total
- age   4:    3436992 bytes,   11699512 total
- age   5:    3872008 bytes,   15571520 total
- age   6:    2355952 bytes,   17927472 total
- age   7:    1873376 bytes,   19800848 total
- age   8:    1469192 bytes,   21270040 total
: 109248K->21824K(109248K), 0.0089198 secs] 200090K->113624K(502464K), 0.0089915 secs] [Times: user=0.02 sys=0.01, real=0.01 secs] 
Heap after GC invocations=128 (full 3):
 par new generation   total 109248K, used 21824K [0x00000007a0000000, 0x00000007a8000000, 0x00000007a8000000)
  eden space 87424K,   0% used [0x00000007a0000000, 0x00000007a0000000, 0x00000007a5560000)
  from space 21824K, 100% used [0x00000007a5560000, 0x00000007a6ab0000, 0x00000007a6ab0000)
  to   space 21824K,   0% used [0x00000007a6ab0000, 0x00000007a6ab0000, 0x00000007a8000000)
 concurrent mark-sweep generation total 393216K, used 91800K [0x00000007a8000000, 0x00000007c0000000, 0x00000007c0000000)
 Metaspace       used 29634K, capacity 29956K, committed 30460K, reserved 1077248K
  class space    used 3362K, capacity 3449K, committed 3580K, reserved 1048576K
}
2016-02-28T18:39:43.192-0530: 1988.794: Total time for which application threads were stopped: 0.0092996 seconds
{Heap before GC invocations=128 (full 3):
 par new generation   total 109248K, used 109248K [0x00000007a0000000, 0x00000007a8000000, 0x00000007a8000000)
  eden space 87424K, 100% used [0x00000007a0000000, 0x00000007a5560000, 0x00000007a5560000)
  from space 21824K, 100% used [0x00000007a5560000, 0x00000007a6ab0000, 0x00000007a6ab0000)
  to   space 21824K,   0% used [0x00000007a6ab0000, 0x00000007a6ab0000, 0x00000007a8000000)
 concurrent mark-sweep generation total 393216K, used 91800K [0x00000007a8000000, 0x00000007c0000000, 0x00000007c0000000)
 Metaspace       used 29637K, capacity 29956K, committed 30460K, reserved 1077248K
  class space    used 3362K, capacity 3449K, committed 3580K, reserved 1048576K
2016-02-28T18:39:56.480-0530: 2002.083: [GC (Allocation Failure) 2002.083: [ParNew
Desired survivor size 20112992 bytes, new threshold 8 (max 8)
- age   1:    1987136 bytes,    1987136 total
- age   2:    3562784 bytes,    5549920 total
- age   3:    2476304 bytes,    8026224 total
- age   4:    1892152 bytes,    9918376 total
- age   5:    2944640 bytes,   12863016 total
- age   6:    3773424 bytes,   16636440 total
- age   7:    2355912 bytes,   18992352 total
- age   8:    1823240 bytes,   20815592 total
: 109248K->21824K(109248K), 0.0078784 secs] 201048K->115811K(502464K), 0.0079521 secs] [Times: user=0.01 sys=0.01, real=0.00 secs] 
Heap after GC invocations=129 (full 3):
 par new generation   total 109248K, used 21824K [0x00000007a0000000, 0x00000007a8000000, 0x00000007a8000000)
  eden space 87424K,   0% used [0x00000007a0000000, 0x00000007a0000000, 0x00000007a5560000)
  from space 21824K, 100% used [0x00000007a6ab0000, 0x00000007a8000000, 0x00000007a8000000)
  to   space 21824K,   0% used [0x00000007a5560000, 0x00000007a5560000, 0x00000007a6ab0000)
 concurrent mark-sweep generation total 393216K, used 93987K [0x00000007a8000000, 0x00000007c0000000, 0x00000007c0000000)
 Metaspace       used 29637K, capacity 29956K, committed 30460K, reserved 1077248K
  class space    used 3362K, capacity 3449K, committed 3580K, reserved 1048576K
}
2016-02-28T18:39:56.488-0530: 2002.091: Total time for which application threads were stopped: 0.0081406 seconds
{Heap before GC invocations=129 (full 3):
 par new generation   total 109248K, used 109248K [0x00000007a0000000, 0x00000007a8000000, 0x00000007a8000000)
  eden space 87424K, 100% used [0x00000007a0000000, 0x00000007a5560000, 0x00000007a5560000)
  from space 21824K, 100% used [0x00000007a6ab0000, 0x00000007a8000000, 0x00000007a8000000)
  to   space 21824K,   0% used [0x00000007a5560000, 0x00000007a5560000, 0x00000007a6ab0000)
 concurrent mark-sweep generation total 393216K, used 93987K [0x00000007a8000000, 0x00000007c0000000, 0x00000007c0000000)
 Metaspace       used 29637K, capacity 29956K, committed 30460K, reserved 1077248K
  class space    used 3362K, capacity 3449K, committed 3580K, reserved 1048576K
2016-02-28T18:39:57.245-0530: 2002.848: [GC (Allocation Failure) 2002.862: [ParNew
Desired survivor size 20112992 bytes, new threshold 8 (max 8)
- age   1:    2926696 bytes,    2926696 total
- age   2:     748024 bytes,    3674720 total
- age   3:    3562528 bytes,    7237248 total
- age   4:    2476232 bytes,    9713480 total
- age   5:    1892152 bytes,   11605632 total
- age   6:    2901712 bytes,   14507344 total
- age   7:    3737272 bytes,   18244616 total
- age   8:    2355912 bytes,   20600528 total
: 109248K->21824K(109248K), 0.0219997 secs] 203235K->121192K(502464K), 0.0364811 secs] [Times: user=0.02 sys=0.01, real=0.04 secs] 
Heap after GC invocations=130 (full 3):
 par new generation   total 109248K, used 21824K [0x00000007a0000000, 0x00000007a8000000, 0x00000007a8000000)
  eden space 87424K,   0% used [0x00000007a0000000, 0x00000007a0000000, 0x00000007a5560000)
  from space 21824K, 100% used [0x00000007a5560000, 0x00000007a6ab0000, 0x00000007a6ab0000)
  to   space 21824K,   0% used [0x00000007a6ab0000, 0x00000007a6ab0000, 0x00000007a8000000)
 concurrent mark-sweep generation total 393216K, used 99368K [0x00000007a8000000, 0x00000007c0000000, 0x00000007c0000000)
 Metaspace       used 29637K, capacity 29956K, committed 30460K, reserved 1077248K
  class space    used 3362K, capacity 3449K, committed 3580K, reserved 1048576K
}
2016-02-28T18:39:57.282-0530: 2002.884: Total time for which application threads were stopped: 0.0367482 seconds
2016-02-28T18:39:58.286-0530: 2003.889: Total time for which application threads were stopped: 0.0001099 seconds
{Heap before GC invocations=130 (full 3):
 par new generation   total 109248K, used 109248K [0x00000007a0000000, 0x00000007a8000000, 0x00000007a8000000)
  eden space 87424K, 100% used [0x00000007a0000000, 0x00000007a5560000, 0x00000007a5560000)
  from space 21824K, 100% used [0x00000007a5560000, 0x00000007a6ab0000, 0x00000007a6ab0000)
  to   space 21824K,   0% used [0x00000007a6ab0000, 0x00000007a6ab0000, 0x00000007a8000000)
 concurrent mark-sweep generation total 393216K, used 99368K [0x00000007a8000000, 0x00000007c0000000, 0x00000007c0000000)
 Metaspace       used 29642K, capacity 29956K, committed 30460K, reserved 1077248K
  class space    used 3362K, capacity 3449K, committed 3580K, reserved 1048576K
2016-02-28T18:40:19.871-0530: 2025.474: [GC (Allocation Failure) 2025.485: [ParNew
Desired survivor size 20112992 bytes, new threshold 8 (max 8)
- age   1:    4671160 bytes,    4671160 total
- age   2:    2786120 bytes,    7457280 total
- age   3:     708664 bytes,    8165944 total
- age   4:    2640600 bytes,   10806544 total
- age   5:    2471952 bytes,   13278496 total
- age   6:    1883352 bytes,   15161848 total
- age   7:    2892608 bytes,   18054456 total
- age   8:    4187296 bytes,   22241752 total
: 109248K->21824K(109248K), 0.0146130 secs] 208616K->125446K(502464K), 0.0256101 secs] [Times: user=0.03 sys=0.02, real=0.02 secs] 
Heap after GC invocations=131 (full 3):
 par new generation   total 109248K, used 21824K [0x00000007a0000000, 0x00000007a8000000, 0x00000007a8000000)
  eden space 87424K,   0% used [0x00000007a0000000, 0x00000007a0000000, 0x00000007a5560000)
  from space 21824K, 100% used [0x00000007a6ab0000, 0x00000007a8000000, 0x00000007a8000000)
  to   space 21824K,   0% used [0x00000007a5560000, 0x00000007a5560000, 0x00000007a6ab0000)
 concurrent mark-sweep generation total 393216K, used 103622K [0x00000007a8000000, 0x00000007c0000000, 0x00000007c0000000)
 Metaspace       used 29642K, capacity 29956K, committed 30460K, reserved 1077248K
  class space    used 3362K, capacity 3449K, committed 3580K, reserved 1048576K
}
2016-02-28T18:40:19.896-0530: 2025.500: Total time for which application threads were stopped: 0.0258569 seconds
2016-02-28T18:40:20.186-0530: 2025.790: Total time for which application threads were stopped: 0.0001150 seconds
2016-02-28T18:40:20.186-0530: 2025.790: Total time for which application threads were stopped: 0.0000617 seconds
2016-02-28T18:40:20.193-0530: 2025.797: Total time for which application threads were stopped: 0.0001658 seconds
2016-02-28T18:40:20.225-0530: 2025.829: Total time for which application threads were stopped: 0.0001734 seconds
2016-02-28T18:40:20.225-0530: 2025.829: Total time for which application threads were stopped: 0.0001628 seconds
2016-02-28T18:40:20.225-0530: 2025.829: Total time for which application threads were stopped: 0.0001234 seconds
2016-02-28T18:40:21.228-0530: 2026.832: Total time for which application threads were stopped: 0.0001741 seconds
{Heap before GC invocations=131 (full 3):
 par new generation   total 109248K, used 109245K [0x00000007a0000000, 0x00000007a8000000, 0x00000007a8000000)
  eden space 87424K,  99% used [0x00000007a0000000, 0x00000007a555f7a8, 0x00000007a5560000)
  from space 21824K, 100% used [0x00000007a6ab0000, 0x00000007a8000000, 0x00000007a8000000)
  to   space 21824K,   0% used [0x00000007a5560000, 0x00000007a5560000, 0x00000007a6ab0000)
 concurrent mark-sweep generation total 393216K, used 103622K [0x00000007a8000000, 0x00000007c0000000, 0x00000007c0000000)
 Metaspace       used 29647K, capacity 29956K, committed 30460K, reserved 1077248K
  class space    used 3362K, capacity 3449K, committed 3580K, reserved 1048576K
2016-02-28T18:40:34.243-0530: 2039.847: [GC (Allocation Failure) 2039.868: [ParNew
Desired survivor size 20112992 bytes, new threshold 8 (max 8)
- age   1:    5858960 bytes,    5858960 total
- age   2:    1529920 bytes,    7388880 total
- age   3:    2818752 bytes,   10207632 total
- age   4:     708664 bytes,   10916296 total
- age   5:    2639168 bytes,   13555464 total
- age   6:    2471880 bytes,   16027344 total
- age   7:    1883296 bytes,   17910640 total
- age   8:    2925160 bytes,   20835800 total
: 109245K->21824K(109248K), 0.0140359 secs] 212868K->132051K(502464K), 0.0355573 secs] [Times: user=0.04 sys=0.01, real=0.03 secs] 
Heap after GC invocations=132 (full 3):
 par new generation   total 109248K, used 21824K [0x00000007a0000000, 0x00000007a8000000, 0x00000007a8000000)
  eden space 87424K,   0% used [0x00000007a0000000, 0x00000007a0000000, 0x00000007a5560000)
  from space 21824K, 100% used [0x00000007a5560000, 0x00000007a6ab0000, 0x00000007a6ab0000)
  to   space 21824K,   0% used [0x00000007a6ab0000, 0x00000007a6ab0000, 0x00000007a8000000)
 concurrent mark-sweep generation total 393216K, used 110227K [0x00000007a8000000, 0x00000007c0000000, 0x00000007c0000000)
 Metaspace       used 29647K, capacity 29956K, committed 30460K, reserved 1077248K
  class space    used 3362K, capacity 3449K, committed 3580K, reserved 1048576K
}
2016-02-28T18:40:34.278-0530: 2039.882: Total time for which application threads were stopped: 0.0357606 seconds
2016-02-28T18:40:34.279-0530: 2039.883: Total time for which application threads were stopped: 0.0002845 seconds
{Heap before GC invocations=132 (full 3):
 par new generation   total 109248K, used 109248K [0x00000007a0000000, 0x00000007a8000000, 0x00000007a8000000)
  eden space 87424K, 100% used [0x00000007a0000000, 0x00000007a5560000, 0x00000007a5560000)
  from space 21824K, 100% used [0x00000007a5560000, 0x00000007a6ab0000, 0x00000007a6ab0000)
  to   space 21824K,   0% used [0x00000007a6ab0000, 0x00000007a6ab0000, 0x00000007a8000000)
 concurrent mark-sweep generation total 393216K, used 110227K [0x00000007a8000000, 0x00000007c0000000, 0x00000007c0000000)
 Metaspace       used 29647K, capacity 29956K, committed 30460K, reserved 1077248K
  class space    used 3362K, capacity 3449K, committed 3580K, reserved 1048576K
2016-02-28T18:40:34.844-0530: 2040.448: [GC (Allocation Failure) 2040.448: [ParNew
Desired survivor size 20112992 bytes, new threshold 7 (max 8)
- age   1:    5591136 bytes,    5591136 total
- age   2:    4765552 bytes,   10356688 total
- age   3:    1529720 bytes,   11886408 total
- age   4:    2785968 bytes,   14672376 total
- age   5:     708664 bytes,   15381040 total
- age   6:    2442464 bytes,   17823504 total
- age   7:    2471880 bytes,   20295384 total
- age   8:    1883296 bytes,   22178680 total
: 109248K->21824K(109248K), 0.0103840 secs] 219475K->136266K(502464K), 0.0104415 secs] [Times: user=0.02 sys=0.01, real=0.01 secs] 
Heap after GC invocations=133 (full 3):
 par new generation   total 109248K, used 21824K [0x00000007a0000000, 0x00000007a8000000, 0x00000007a8000000)
  eden space 87424K,   0% used [0x00000007a0000000, 0x00000007a0000000, 0x00000007a5560000)
  from space 21824K, 100% used [0x00000007a6ab0000, 0x00000007a8000000, 0x00000007a8000000)
  to   space 21824K,   0% used [0x00000007a5560000, 0x00000007a5560000, 0x00000007a6ab0000)
 concurrent mark-sweep generation total 393216K, used 114442K [0x00000007a8000000, 0x00000007c0000000, 0x00000007c0000000)
 Metaspace       used 29647K, capacity 29956K, committed 30460K, reserved 1077248K
  class space    used 3362K, capacity 3449K, committed 3580K, reserved 1048576K
}
2016-02-28T18:40:34.855-0530: 2040.459: Total time for which application threads were stopped: 0.0106425 seconds
2016-02-28T18:40:34.856-0530: 2040.461: Total time for which application threads were stopped: 0.0000853 seconds
2016-02-28T18:40:34.857-0530: 2040.461: Total time for which application threads were stopped: 0.0000584 seconds
2016-02-28T18:40:34.879-0530: 2040.483: Total time for which application threads were stopped: 0.0001257 seconds
2016-02-28T18:40:34.880-0530: 2040.484: Total time for which application threads were stopped: 0.0000781 seconds
2016-02-28T18:40:34.880-0530: 2040.484: Total time for which application threads were stopped: 0.0000792 seconds
2016-02-28T18:40:35.884-0530: 2041.488: Total time for which application threads were stopped: 0.0002507 seconds
{Heap before GC invocations=133 (full 3):
 par new generation   total 109248K, used 109248K [0x00000007a0000000, 0x00000007a8000000, 0x00000007a8000000)
  eden space 87424K, 100% used [0x00000007a0000000, 0x00000007a5560000, 0x00000007a5560000)
  from space 21824K, 100% used [0x00000007a6ab0000, 0x00000007a8000000, 0x00000007a8000000)
  to   space 21824K,   0% used [0x00000007a5560000, 0x00000007a5560000, 0x00000007a6ab0000)
 concurrent mark-sweep generation total 393216K, used 114442K [0x00000007a8000000, 0x00000007c0000000, 0x00000007c0000000)
 Metaspace       used 29651K, capacity 29956K, committed 30460K, reserved 1077248K
  class space    used 3362K, capacity 3449K, committed 3580K, reserved 1048576K
2016-02-28T18:40:49.815-0530: 2055.419: [GC (Allocation Failure) 2055.419: [ParNew
Desired survivor size 20112992 bytes, new threshold 8 (max 8)
- age   1:    5415632 bytes,    5415632 total
- age   2:    2561968 bytes,    7977600 total
- age   3:    3374712 bytes,   11352312 total
- age   4:     836008 bytes,   12188320 total
- age   5:    2631984 bytes,   14820304 total
- age   6:     708584 bytes,   15528888 total
- age   7:    1957248 bytes,   17486136 total
: 109248K->21824K(109248K), 0.0120028 secs] 223690K->142035K(502464K), 0.0120819 secs] [Times: user=0.02 sys=0.01, real=0.01 secs] 
Heap after GC invocations=134 (full 3):
 par new generation   total 109248K, used 21824K [0x00000007a0000000, 0x00000007a8000000, 0x00000007a8000000)
  eden space 87424K,   0% used [0x00000007a0000000, 0x00000007a0000000, 0x00000007a5560000)
  from space 21824K, 100% used [0x00000007a5560000, 0x00000007a6ab0000, 0x00000007a6ab0000)
  to   space 21824K,   0% used [0x00000007a6ab0000, 0x00000007a6ab0000, 0x00000007a8000000)
 concurrent mark-sweep generation total 393216K, used 120211K [0x00000007a8000000, 0x00000007c0000000, 0x00000007c0000000)
 Metaspace       used 29651K, capacity 29956K, committed 30460K, reserved 1077248K
  class space    used 3362K, capacity 3449K, committed 3580K, reserved 1048576K
}
2016-02-28T18:40:49.827-0530: 2055.431: Total time for which application threads were stopped: 0.0123268 seconds
2016-02-28T18:40:50.829-0530: 2056.434: Total time for which application threads were stopped: 0.0001916 seconds
{Heap before GC invocations=134 (full 3):
 par new generation   total 109248K, used 109248K [0x00000007a0000000, 0x00000007a8000000, 0x00000007a8000000)
  eden space 87424K, 100% used [0x00000007a0000000, 0x00000007a5560000, 0x00000007a5560000)
  from space 21824K, 100% used [0x00000007a5560000, 0x00000007a6ab0000, 0x00000007a6ab0000)
  to   space 21824K,   0% used [0x00000007a6ab0000, 0x00000007a6ab0000, 0x00000007a8000000)
 concurrent mark-sweep generation total 393216K, used 120211K [0x00000007a8000000, 0x00000007c0000000, 0x00000007c0000000)
 Metaspace       used 29655K, capacity 29960K, committed 30460K, reserved 1077248K
  class space    used 3362K, capacity 3449K, committed 3580K, reserved 1048576K
2016-02-28T18:41:04.163-0530: 2069.768: [GC (Allocation Failure) 2069.804: [ParNew
Desired survivor size 20112992 bytes, new threshold 8 (max 8)
- age   1:    5204440 bytes,    5204440 total
- age   2:    1829728 bytes,    7034168 total
- age   3:    2561816 bytes,    9595984 total
- age   4:    2687024 bytes,   12283008 total
- age   5:     768800 bytes,   13051808 total
- age   6:    2631824 bytes,   15683632 total
- age   7:     708584 bytes,   16392216 total
- age   8:    1957224 bytes,   18349440 total
: 109248K->21824K(109248K), 0.0080696 secs] 229459K->142785K(502464K), 0.0440636 secs] [Times: user=0.03 sys=0.00, real=0.04 secs] 
Heap after GC invocations=135 (full 3):
 par new generation   total 109248K, used 21824K [0x00000007a0000000, 0x00000007a8000000, 0x00000007a8000000)
  eden space 87424K,   0% used [0x00000007a0000000, 0x00000007a0000000, 0x00000007a5560000)
  from space 21824K, 100% used [0x00000007a6ab0000, 0x00000007a8000000, 0x00000007a8000000)
  to   space 21824K,   0% used [0x00000007a5560000, 0x00000007a5560000, 0x00000007a6ab0000)
 concurrent mark-sweep generation total 393216K, used 120961K [0x00000007a8000000, 0x00000007c0000000, 0x00000007c0000000)
 Metaspace       used 29655K, capacity 29960K, committed 30460K, reserved 1077248K
  class space    used 3362K, capacity 3449K, committed 3580K, reserved 1048576K
}
2016-02-28T18:41:04.207-0530: 2069.812: Total time for which application threads were stopped: 0.0442726 seconds
{Heap before GC invocations=135 (full 3):
 par new generation   total 109248K, used 109248K [0x00000007a0000000, 0x00000007a8000000, 0x00000007a8000000)
  eden space 87424K, 100% used [0x00000007a0000000, 0x00000007a5560000, 0x00000007a5560000)
  from space 21824K, 100% used [0x00000007a6ab0000, 0x00000007a8000000, 0x00000007a8000000)
  to   space 21824K,   0% used [0x00000007a5560000, 0x00000007a5560000, 0x00000007a6ab0000)
 concurrent mark-sweep generation total 393216K, used 120961K [0x00000007a8000000, 0x00000007c0000000, 0x00000007c0000000)
 Metaspace       used 29655K, capacity 29960K, committed 30460K, reserved 1077248K
  class space    used 3362K, capacity 3449K, committed 3580K, reserved 1048576K
2016-02-28T18:41:04.790-0530: 2070.395: [GC (Allocation Failure) 2070.395: [ParNew
Desired survivor size 20112992 bytes, new threshold 8 (max 8)
- age   1:    4791544 bytes,    4791544 total
- age   2:    4439992 bytes,    9231536 total
- age   3:    1829576 bytes,   11061112 total
- age   4:    2561816 bytes,   13622928 total
- age   5:    2621448 bytes,   16244376 total
- age   6:     768776 bytes,   17013152 total
- age   7:    2631824 bytes,   19644976 total
- age   8:     708584 bytes,   20353560 total
: 109248K->21824K(109248K), 0.0119746 secs] 230209K->145917K(502464K), 0.0120632 secs] [Times: user=0.03 sys=0.01, real=0.01 secs] 
Heap after GC invocations=136 (full 3):
 par new generation   total 109248K, used 21824K [0x00000007a0000000, 0x00000007a8000000, 0x00000007a8000000)
  eden space 87424K,   0% used [0x00000007a0000000, 0x00000007a0000000, 0x00000007a5560000)
  from space 21824K, 100% used [0x00000007a5560000, 0x00000007a6ab0000, 0x00000007a6ab0000)
  to   space 21824K,   0% used [0x00000007a6ab0000, 0x00000007a6ab0000, 0x00000007a8000000)
 concurrent mark-sweep generation total 393216K, used 124093K [0x00000007a8000000, 0x00000007c0000000, 0x00000007c0000000)
 Metaspace       used 29655K, capacity 29960K, committed 30460K, reserved 1077248K
  class space    used 3362K, capacity 3449K, committed 3580K, reserved 1048576K
}
2016-02-28T18:41:04.802-0530: 2070.407: Total time for which application threads were stopped: 0.0122854 seconds
2016-02-28T18:41:04.836-0530: 2070.441: Total time for which application threads were stopped: 0.0000863 seconds
2016-02-28T18:41:04.836-0530: 2070.442: Total time for which application threads were stopped: 0.0000399 seconds
2016-02-28T18:41:04.837-0530: 2070.442: Total time for which application threads were stopped: 0.0000513 seconds
2016-02-28T18:41:04.837-0530: 2070.442: Total time for which application threads were stopped: 0.0000422 seconds
2016-02-28T18:41:04.893-0530: 2070.498: Total time for which application threads were stopped: 0.0001682 seconds
2016-02-28T18:41:04.893-0530: 2070.498: Total time for which application threads were stopped: 0.0000828 seconds
2016-02-28T18:41:04.893-0530: 2070.498: Total time for which application threads were stopped: 0.0001026 seconds
{Heap before GC invocations=136 (full 3):
 par new generation   total 109248K, used 109248K [0x00000007a0000000, 0x00000007a8000000, 0x00000007a8000000)
  eden space 87424K, 100% used [0x00000007a0000000, 0x00000007a5560000, 0x00000007a5560000)
  from space 21824K, 100% used [0x00000007a5560000, 0x00000007a6ab0000, 0x00000007a6ab0000)
  to   space 21824K,   0% used [0x00000007a6ab0000, 0x00000007a6ab0000, 0x00000007a8000000)
 concurrent mark-sweep generation total 393216K, used 124093K [0x00000007a8000000, 0x00000007c0000000, 0x00000007c0000000)
 Metaspace       used 29656K, capacity 29960K, committed 30460K, reserved 1077248K
  class space    used 3362K, capacity 3449K, committed 3580K, reserved 1048576K
2016-02-28T18:41:20.033-0530: 2085.638: [GC (Allocation Failure) 2085.662: [ParNew
Desired survivor size 20112992 bytes, new threshold 7 (max 8)
- age   1:    5435200 bytes,    5435200 total
- age   2:    2994096 bytes,    8429296 total
- age   3:    4305072 bytes,   12734368 total
- age   4:    1828816 bytes,   14563184 total
- age   5:    2561816 bytes,   17125000 total
- age   6:    2620216 bytes,   19745216 total
- age   7:     767144 bytes,   20512360 total
- age   8:    1801784 bytes,   22314144 total
: 109248K->21824K(109248K), 0.0104287 secs] 233341K->149391K(502464K), 0.0344725 secs] [Times: user=0.03 sys=0.01, real=0.03 secs] 
Heap after GC invocations=137 (full 3):
 par new generation   total 109248K, used 21824K [0x00000007a0000000, 0x00000007a8000000, 0x00000007a8000000)
  eden space 87424K,   0% used [0x00000007a0000000, 0x00000007a0000000, 0x00000007a5560000)
  from space 21824K, 100% used [0x00000007a6ab0000, 0x00000007a8000000, 0x00000007a8000000)
  to   space 21824K,   0% used [0x00000007a5560000, 0x00000007a5560000, 0x00000007a6ab0000)
 concurrent mark-sweep generation total 393216K, used 127567K [0x00000007a8000000, 0x00000007c0000000, 0x00000007c0000000)
 Metaspace       used 29656K, capacity 29960K, committed 30460K, reserved 1077248K
  class space    used 3362K, capacity 3449K, committed 3580K, reserved 1048576K
}
2016-02-28T18:41:20.067-0530: 2085.673: Total time for which application threads were stopped: 0.0347037 seconds
2016-02-28T18:41:21.070-0530: 2086.676: Total time for which application threads were stopped: 0.0002032 seconds
2016-02-28T18:42:11.175-0530: 2136.782: Total time for which application threads were stopped: 0.0001906 seconds
2016-02-28T18:42:11.952-0530: 2137.559: Total time for which application threads were stopped: 0.0001486 seconds
2016-02-28T18:42:11.952-0530: 2137.560: Total time for which application threads were stopped: 0.0000808 seconds
2016-02-28T18:42:12.018-0530: 2137.626: Total time for which application threads were stopped: 0.0000980 seconds
2016-02-28T18:42:12.018-0530: 2137.626: Total time for which application threads were stopped: 0.0000467 seconds
2016-02-28T18:42:12.018-0530: 2137.626: Total time for which application threads were stopped: 0.0000463 seconds
2016-02-28T18:42:12.019-0530: 2137.626: Total time for which application threads were stopped: 0.0000443 seconds
2016-02-28T18:42:12.019-0530: 2137.627: Total time for which application threads were stopped: 0.0000443 seconds
2016-02-28T18:42:12.022-0530: 2137.630: Total time for which application threads were stopped: 0.0001124 seconds
{Heap before GC invocations=137 (full 3):
 par new generation   total 109248K, used 109248K [0x00000007a0000000, 0x00000007a8000000, 0x00000007a8000000)
  eden space 87424K, 100% used [0x00000007a0000000, 0x00000007a5560000, 0x00000007a5560000)
  from space 21824K, 100% used [0x00000007a6ab0000, 0x00000007a8000000, 0x00000007a8000000)
  to   space 21824K,   0% used [0x00000007a5560000, 0x00000007a5560000, 0x00000007a6ab0000)
 concurrent mark-sweep generation total 393216K, used 127567K [0x00000007a8000000, 0x00000007c0000000, 0x00000007c0000000)
 Metaspace       used 29656K, capacity 29960K, committed 30460K, reserved 1077248K
  class space    used 3362K, capacity 3449K, committed 3580K, reserved 1048576K
2016-02-28T18:42:12.417-0530: 2138.025: [GC (Allocation Failure) 2138.129: [ParNew
Desired survivor size 20112992 bytes, new threshold 8 (max 8)
- age   1:    3393088 bytes,    3393088 total
- age   2:    2240648 bytes,    5633736 total
- age   3:    2993848 bytes,    8627584 total
- age   4:    4304840 bytes,   12932424 total
- age   5:    1828392 bytes,   14760816 total
- age   6:    2561816 bytes,   17322632 total
- age   7:    2193208 bytes,   19515840 total
: 109248K->21824K(109248K), 0.0387811 secs] 236815K->153686K(502464K), 0.1426241 secs] [Times: user=0.03 sys=0.08, real=0.15 secs] 
Heap after GC invocations=138 (full 3):
 par new generation   total 109248K, used 21824K [0x00000007a0000000, 0x00000007a8000000, 0x00000007a8000000)
  eden space 87424K,   0% used [0x00000007a0000000, 0x00000007a0000000, 0x00000007a5560000)
  from space 21824K, 100% used [0x00000007a5560000, 0x00000007a6ab0000, 0x00000007a6ab0000)
  to   space 21824K,   0% used [0x00000007a6ab0000, 0x00000007a6ab0000, 0x00000007a8000000)
 concurrent mark-sweep generation total 393216K, used 131862K [0x00000007a8000000, 0x00000007c0000000, 0x00000007c0000000)
 Metaspace       used 29656K, capacity 29960K, committed 30460K, reserved 1077248K
  class space    used 3362K, capacity 3449K, committed 3580K, reserved 1048576K
}
2016-02-28T18:42:12.560-0530: 2138.168: Total time for which application threads were stopped: 0.1428448 seconds
{Heap before GC invocations=138 (full 3):
 par new generation   total 109248K, used 109248K [0x00000007a0000000, 0x00000007a8000000, 0x00000007a8000000)
  eden space 87424K, 100% used [0x00000007a0000000, 0x00000007a5560000, 0x00000007a5560000)
  from space 21824K, 100% used [0x00000007a5560000, 0x00000007a6ab0000, 0x00000007a6ab0000)
  to   space 21824K,   0% used [0x00000007a6ab0000, 0x00000007a6ab0000, 0x00000007a8000000)
 concurrent mark-sweep generation total 393216K, used 131862K [0x00000007a8000000, 0x00000007c0000000, 0x00000007c0000000)
 Metaspace       used 29656K, capacity 29960K, committed 30460K, reserved 1077248K
  class space    used 3362K, capacity 3449K, committed 3580K, reserved 1048576K
2016-02-28T18:42:13.569-0530: 2139.177: [GC (Allocation Failure) 2139.233: [ParNew
Desired survivor size 20112992 bytes, new threshold 8 (max 8)
- age   1:    5154088 bytes,    5154088 total
- age   2:    3218336 bytes,    8372424 total
- age   3:    2094000 bytes,   10466424 total
- age   4:    1578200 bytes,   12044624 total
- age   5:    3882456 bytes,   15927080 total
- age   6:    1828056 bytes,   17755136 total
- age   7:    1709016 bytes,   19464152 total
- age   8:    2157192 bytes,   21621344 total
: 109248K->21824K(109248K), 0.0103313 secs] 241110K->156752K(502464K), 0.0665130 secs] [Times: user=0.02 sys=0.01, real=0.07 secs] 
Heap after GC invocations=139 (full 3):
 par new generation   total 109248K, used 21824K [0x00000007a0000000, 0x00000007a8000000, 0x00000007a8000000)
  eden space 87424K,   0% used [0x00000007a0000000, 0x00000007a0000000, 0x00000007a5560000)
  from space 21824K, 100% used [0x00000007a6ab0000, 0x00000007a8000000, 0x00000007a8000000)
  to   space 21824K,   0% used [0x00000007a5560000, 0x00000007a5560000, 0x00000007a6ab0000)
 concurrent mark-sweep generation total 393216K, used 134928K [0x00000007a8000000, 0x00000007c0000000, 0x00000007c0000000)
 Metaspace       used 29656K, capacity 29960K, committed 30460K, reserved 1077248K
  class space    used 3362K, capacity 3449K, committed 3580K, reserved 1048576K
}
2016-02-28T18:42:13.636-0530: 2139.244: Total time for which application threads were stopped: 0.0667020 seconds
2016-02-28T18:42:14.461-0530: 2140.069: Total time for which application threads were stopped: 0.0002106 seconds
2016-02-28T18:42:14.461-0530: 2140.069: Total time for which application threads were stopped: 0.0000753 seconds
2016-02-28T18:42:14.464-0530: 2140.072: Total time for which application threads were stopped: 0.0001155 seconds
2016-02-28T18:42:14.464-0530: 2140.072: Total time for which application threads were stopped: 0.0000758 seconds
2016-02-28T18:42:14.899-0530: 2140.507: Total time for which application threads were stopped: 0.0001474 seconds
2016-02-28T18:42:14.899-0530: 2140.507: Total time for which application threads were stopped: 0.0001144 seconds
2016-02-28T18:42:14.899-0530: 2140.507: Total time for which application threads were stopped: 0.0000831 seconds
{Heap before GC invocations=139 (full 3):
 par new generation   total 109248K, used 109248K [0x00000007a0000000, 0x00000007a8000000, 0x00000007a8000000)
  eden space 87424K, 100% used [0x00000007a0000000, 0x00000007a5560000, 0x00000007a5560000)
  from space 21824K, 100% used [0x00000007a6ab0000, 0x00000007a8000000, 0x00000007a8000000)
  to   space 21824K,   0% used [0x00000007a5560000, 0x00000007a5560000, 0x00000007a6ab0000)
 concurrent mark-sweep generation total 393216K, used 134928K [0x00000007a8000000, 0x00000007c0000000, 0x00000007c0000000)
 Metaspace       used 29656K, capacity 29960K, committed 30460K, reserved 1077248K
  class space    used 3362K, capacity 3449K, committed 3580K, reserved 1048576K
2016-02-28T18:42:58.843-0530: 2184.452: [GC (Allocation Failure) 2184.488: [ParNew
Desired survivor size 20112992 bytes, new threshold 8 (max 8)
- age   1:    4600104 bytes,    4600104 total
- age   2:    3829000 bytes,    8429104 total
- age   3:    3134264 bytes,   11563368 total
- age   4:    2083272 bytes,   13646640 total
- age   5:    1380032 bytes,   15026672 total
- age   6:    3029312 bytes,   18055984 total
- age   7:    1192224 bytes,   19248208 total
- age   8:    1612056 bytes,   20860264 total
: 109248K->21824K(109248K), 0.0248450 secs] 244176K->161237K(502464K), 0.0604555 secs] [Times: user=0.03 sys=0.05, real=0.06 secs] 
Heap after GC invocations=140 (full 3):
 par new generation   total 109248K, used 21824K [0x00000007a0000000, 0x00000007a8000000, 0x00000007a8000000)
  eden space 87424K,   0% used [0x00000007a0000000, 0x00000007a0000000, 0x00000007a5560000)
  from space 21824K, 100% used [0x00000007a5560000, 0x00000007a6ab0000, 0x00000007a6ab0000)
  to   space 21824K,   0% used [0x00000007a6ab0000, 0x00000007a6ab0000, 0x00000007a8000000)
 concurrent mark-sweep generation total 393216K, used 139413K [0x00000007a8000000, 0x00000007c0000000, 0x00000007c0000000)
 Metaspace       used 29656K, capacity 29960K, committed 30460K, reserved 1077248K
  class space    used 3362K, capacity 3449K, committed 3580K, reserved 1048576K
}
2016-02-28T18:42:58.903-0530: 2184.513: Total time for which application threads were stopped: 0.0607411 seconds
2016-02-28T18:42:59.908-0530: 2185.518: Total time for which application threads were stopped: 0.0002362 seconds
2016-02-28T18:43:31.491-0530: 2217.102: Total time for which application threads were stopped: 0.0008415 seconds
2016-02-28T18:43:31.493-0530: 2217.104: Total time for which application threads were stopped: 0.0001092 seconds
{Heap before GC invocations=140 (full 3):
 par new generation   total 109248K, used 109237K [0x00000007a0000000, 0x00000007a8000000, 0x00000007a8000000)
  eden space 87424K,  99% used [0x00000007a0000000, 0x00000007a555d460, 0x00000007a5560000)
  from space 21824K, 100% used [0x00000007a5560000, 0x00000007a6ab0000, 0x00000007a6ab0000)
  to   space 21824K,   0% used [0x00000007a6ab0000, 0x00000007a6ab0000, 0x00000007a8000000)
 concurrent mark-sweep generation total 393216K, used 139413K [0x00000007a8000000, 0x00000007c0000000, 0x00000007c0000000)
 Metaspace       used 29658K, capacity 29960K, committed 30460K, reserved 1077248K
  class space    used 3362K, capacity 3449K, committed 3580K, reserved 1048576K
2016-02-28T18:43:31.546-0530: 2217.157: [GC (Allocation Failure) 2217.225: [ParNew
Desired survivor size 20112992 bytes, new threshold 8 (max 8)
- age   1:    4034360 bytes,    4034360 total
- age   2:    1975784 bytes,    6010144 total
- age   3:    3521480 bytes,    9531624 total
- age   4:    3134000 bytes,   12665624 total
- age   5:    2016288 bytes,   14681912 total
- age   6:    1380032 bytes,   16061944 total
- age   7:    2996504 bytes,   19058448 total
- age   8:    1191152 bytes,   20249600 total
: 109237K->21824K(109248K), 0.0298539 secs] 248650K->163274K(502464K), 0.0979699 secs] [Times: user=0.03 sys=0.05, real=0.10 secs] 
Heap after GC invocations=141 (full 3):
 par new generation   total 109248K, used 21824K [0x00000007a0000000, 0x00000007a8000000, 0x00000007a8000000)
  eden space 87424K,   0% used [0x00000007a0000000, 0x00000007a0000000, 0x00000007a5560000)
  from space 21824K, 100% used [0x00000007a6ab0000, 0x00000007a8000000, 0x00000007a8000000)
  to   space 21824K,   0% used [0x00000007a5560000, 0x00000007a5560000, 0x00000007a6ab0000)
 concurrent mark-sweep generation total 393216K, used 141450K [0x00000007a8000000, 0x00000007c0000000, 0x00000007c0000000)
 Metaspace       used 29658K, capacity 29960K, committed 30460K, reserved 1077248K
  class space    used 3362K, capacity 3449K, committed 3580K, reserved 1048576K
}
2016-02-28T18:43:31.644-0530: 2217.255: Total time for which application threads were stopped: 0.0982595 seconds
{Heap before GC invocations=141 (full 3):
 par new generation   total 109248K, used 109248K [0x00000007a0000000, 0x00000007a8000000, 0x00000007a8000000)
  eden space 87424K, 100% used [0x00000007a0000000, 0x00000007a5560000, 0x00000007a5560000)
  from space 21824K, 100% used [0x00000007a6ab0000, 0x00000007a8000000, 0x00000007a8000000)
  to   space 21824K,   0% used [0x00000007a5560000, 0x00000007a5560000, 0x00000007a6ab0000)
 concurrent mark-sweep generation total 393216K, used 141450K [0x00000007a8000000, 0x00000007c0000000, 0x00000007c0000000)
 Metaspace       used 29658K, capacity 29960K, committed 30460K, reserved 1077248K
  class space    used 3362K, capacity 3449K, committed 3580K, reserved 1048576K
2016-02-28T18:43:32.309-0530: 2217.920: [GC (Allocation Failure) 2217.920: [ParNew
Desired survivor size 20112992 bytes, new threshold 8 (max 8)
- age   1:    4752080 bytes,    4752080 total
- age   2:    3770616 bytes,    8522696 total
- age   3:    1975152 bytes,   10497848 total
- age   4:    1780392 bytes,   12278240 total
- age   5:    3134000 bytes,   15412240 total
- age   6:    1963248 bytes,   17375488 total
- age   7:    1328008 bytes,   18703496 total
- age   8:    2769160 bytes,   21472656 total
: 109248K->21824K(109248K), 0.0130208 secs] 250698K->167044K(502464K), 0.0131004 secs] [Times: user=0.02 sys=0.01, real=0.02 secs] 
Heap after GC invocations=142 (full 3):
 par new generation   total 109248K, used 21824K [0x00000007a0000000, 0x00000007a8000000, 0x00000007a8000000)
  eden space 87424K,   0% used [0x00000007a0000000, 0x00000007a0000000, 0x00000007a5560000)
  from space 21824K, 100% used [0x00000007a5560000, 0x00000007a6ab0000, 0x00000007a6ab0000)
  to   space 21824K,   0% used [0x00000007a6ab0000, 0x00000007a6ab0000, 0x00000007a8000000)
 concurrent mark-sweep generation total 393216K, used 145220K [0x00000007a8000000, 0x00000007c0000000, 0x00000007c0000000)
 Metaspace       used 29658K, capacity 29960K, committed 30460K, reserved 1077248K
  class space    used 3362K, capacity 3449K, committed 3580K, reserved 1048576K
}
2016-02-28T18:43:32.322-0530: 2217.933: Total time for which application threads were stopped: 0.0132806 seconds
2016-02-28T18:43:32.567-0530: 2218.178: Total time for which application threads were stopped: 0.0001094 seconds
2016-02-28T18:43:32.567-0530: 2218.178: Total time for which application threads were stopped: 0.0000453 seconds
2016-02-28T18:43:32.569-0530: 2218.180: Total time for which application threads were stopped: 0.0001982 seconds
2016-02-28T18:43:32.766-0530: 2218.377: Total time for which application threads were stopped: 0.0002191 seconds
2016-02-28T18:43:32.766-0530: 2218.377: Total time for which application threads were stopped: 0.0001729 seconds
2016-02-28T18:43:32.767-0530: 2218.378: Total time for which application threads were stopped: 0.0001809 seconds
2016-02-28T18:43:32.769-0530: 2218.380: Total time for which application threads were stopped: 0.0002965 seconds
{Heap before GC invocations=142 (full 3):
 par new generation   total 109248K, used 109248K [0x00000007a0000000, 0x00000007a8000000, 0x00000007a8000000)
  eden space 87424K, 100% used [0x00000007a0000000, 0x00000007a5560000, 0x00000007a5560000)
  from space 21824K, 100% used [0x00000007a5560000, 0x00000007a6ab0000, 0x00000007a6ab0000)
  to   space 21824K,   0% used [0x00000007a6ab0000, 0x00000007a6ab0000, 0x00000007a8000000)
 concurrent mark-sweep generation total 393216K, used 145220K [0x00000007a8000000, 0x00000007c0000000, 0x00000007c0000000)
 Metaspace       used 29678K, capacity 30024K, committed 30460K, reserved 1077248K
  class space    used 3362K, capacity 3449K, committed 3580K, reserved 1048576K
2016-02-28T18:43:47.687-0530: 2233.299: [GC (Allocation Failure) 2233.362: [ParNew
Desired survivor size 20112992 bytes, new threshold 7 (max 8)
- age   1:    6368096 bytes,    6368096 total
- age   2:    2570392 bytes,    8938488 total
- age   3:    3688704 bytes,   12627192 total
- age   4:    1974376 bytes,   14601568 total
- age   5:    1780392 bytes,   16381960 total
- age   6:    2872560 bytes,   19254520 total
- age   7:    1225848 bytes,   20480368 total
- age   8:    1328008 bytes,   21808376 total
: 109248K->21824K(109248K), 0.0141179 secs] 254468K->172330K(502464K), 0.0774897 secs] [Times: user=0.02 sys=0.02, real=0.08 secs] 
Heap after GC invocations=143 (full 3):
 par new generation   total 109248K, used 21824K [0x00000007a0000000, 0x00000007a8000000, 0x00000007a8000000)
  eden space 87424K,   0% used [0x00000007a0000000, 0x00000007a0000000, 0x00000007a5560000)
  from space 21824K, 100% used [0x00000007a6ab0000, 0x00000007a8000000, 0x00000007a8000000)
  to   space 21824K,   0% used [0x00000007a5560000, 0x00000007a5560000, 0x00000007a6ab0000)
 concurrent mark-sweep generation total 393216K, used 150506K [0x00000007a8000000, 0x00000007c0000000, 0x00000007c0000000)
 Metaspace       used 29678K, capacity 30024K, committed 30460K, reserved 1077248K
  class space    used 3362K, capacity 3449K, committed 3580K, reserved 1048576K
}
2016-02-28T18:43:47.765-0530: 2233.376: Total time for which application threads were stopped: 0.0776809 seconds
2016-02-28T18:43:48.306-0530: 2233.917: Total time for which application threads were stopped: 0.0003823 seconds
2016-02-28T18:43:48.311-0530: 2233.922: Total time for which application threads were stopped: 0.0022360 seconds
2016-02-28T18:43:48.312-0530: 2233.924: Total time for which application threads were stopped: 0.0003201 seconds
2016-02-28T18:43:48.315-0530: 2233.926: Total time for which application threads were stopped: 0.0001710 seconds
2016-02-28T18:43:48.338-0530: 2233.949: Total time for which application threads were stopped: 0.0002068 seconds
2016-02-28T18:43:48.349-0530: 2233.960: Total time for which application threads were stopped: 0.0001638 seconds
2016-02-28T18:43:48.356-0530: 2233.967: Total time for which application threads were stopped: 0.0001320 seconds
2016-02-28T18:43:48.505-0530: 2234.117: Total time for which application threads were stopped: 0.0001703 seconds
2016-02-28T18:43:48.505-0530: 2234.117: Total time for which application threads were stopped: 0.0002226 seconds
2016-02-28T18:43:48.653-0530: 2234.264: Total time for which application threads were stopped: 0.0001363 seconds
2016-02-28T18:43:48.670-0530: 2234.282: Total time for which application threads were stopped: 0.0001173 seconds
2016-02-28T18:43:48.677-0530: 2234.289: Total time for which application threads were stopped: 0.0000977 seconds
2016-02-28T18:43:48.685-0530: 2234.296: Total time for which application threads were stopped: 0.0001005 seconds
2016-02-28T18:43:48.792-0530: 2234.404: Total time for which application threads were stopped: 0.0001016 seconds
2016-02-28T18:43:48.945-0530: 2234.557: Total time for which application threads were stopped: 0.0001120 seconds
2016-02-28T18:43:50.056-0530: 2235.668: Total time for which application threads were stopped: 0.0001020 seconds
2016-02-28T18:43:50.057-0530: 2235.668: Total time for which application threads were stopped: 0.0000491 seconds
2016-02-28T18:43:50.058-0530: 2235.669: Total time for which application threads were stopped: 0.0001395 seconds
{Heap before GC invocations=143 (full 3):
 par new generation   total 109248K, used 109248K [0x00000007a0000000, 0x00000007a8000000, 0x00000007a8000000)
  eden space 87424K, 100% used [0x00000007a0000000, 0x00000007a5560000, 0x00000007a5560000)
  from space 21824K, 100% used [0x00000007a6ab0000, 0x00000007a8000000, 0x00000007a8000000)
  to   space 21824K,   0% used [0x00000007a5560000, 0x00000007a5560000, 0x00000007a6ab0000)
 concurrent mark-sweep generation total 393216K, used 150506K [0x00000007a8000000, 0x00000007c0000000, 0x00000007c0000000)
 Metaspace       used 29679K, capacity 30024K, committed 30460K, reserved 1077248K
  class space    used 3362K, capacity 3449K, committed 3580K, reserved 1048576K
2016-02-28T18:43:50.086-0530: 2235.698: [GC (Allocation Failure) 2235.698: [ParNew
Desired survivor size 20112992 bytes, new threshold 8 (max 8)
- age   1:    1963272 bytes,    1963272 total
- age   2:    4143120 bytes,    6106392 total
- age   3:    2570392 bytes,    8676784 total
- age   4:    3209840 bytes,   11886624 total
- age   5:    1907216 bytes,   13793840 total
- age   6:    1780392 bytes,   15574232 total
- age   7:    2872208 bytes,   18446440 total
: 109248K->21824K(109248K), 0.0134031 secs] 259754K->176540K(502464K), 0.0134978 secs] [Times: user=0.03 sys=0.02, real=0.02 secs] 
Heap after GC invocations=144 (full 3):
 par new generation   total 109248K, used 21824K [0x00000007a0000000, 0x00000007a8000000, 0x00000007a8000000)
  eden space 87424K,   0% used [0x00000007a0000000, 0x00000007a0000000, 0x00000007a5560000)
  from space 21824K, 100% used [0x00000007a5560000, 0x00000007a6ab0000, 0x00000007a6ab0000)
  to   space 21824K,   0% used [0x00000007a6ab0000, 0x00000007a6ab0000, 0x00000007a8000000)
 concurrent mark-sweep generation total 393216K, used 154716K [0x00000007a8000000, 0x00000007c0000000, 0x00000007c0000000)
 Metaspace       used 29679K, capacity 30024K, committed 30460K, reserved 1077248K
  class space    used 3362K, capacity 3449K, committed 3580K, reserved 1048576K
}
2016-02-28T18:43:50.100-0530: 2235.712: Total time for which application threads were stopped: 0.0138408 seconds
{Heap before GC invocations=144 (full 3):
 par new generation   total 109248K, used 109248K [0x00000007a0000000, 0x00000007a8000000, 0x00000007a8000000)
  eden space 87424K, 100% used [0x00000007a0000000, 0x00000007a5560000, 0x00000007a5560000)
  from space 21824K, 100% used [0x00000007a5560000, 0x00000007a6ab0000, 0x00000007a6ab0000)
  to   space 21824K,   0% used [0x00000007a6ab0000, 0x00000007a6ab0000, 0x00000007a8000000)
 concurrent mark-sweep generation total 393216K, used 154716K [0x00000007a8000000, 0x00000007c0000000, 0x00000007c0000000)
 Metaspace       used 29679K, capacity 30024K, committed 30460K, reserved 1077248K
  class space    used 3362K, capacity 3449K, committed 3580K, reserved 1048576K
2016-02-28T18:43:50.753-0530: 2236.365: [GC (Allocation Failure) 2236.365: [ParNew
Desired survivor size 20112992 bytes, new threshold 8 (max 8)
- age   1:     219936 bytes,     219936 total
- age   2:    1878920 bytes,    2098856 total
- age   3:    4142600 bytes,    6241456 total
- age   4:    2570392 bytes,    8811848 total
- age   5:    3209864 bytes,   12021712 total
- age   6:    1907216 bytes,   13928928 total
- age   7:    1780392 bytes,   15709320 total
- age   8:    2872208 bytes,   18581528 total
: 109248K->21824K(109248K), 0.0055739 secs] 263964K->176540K(502464K), 0.0056258 secs] [Times: user=0.02 sys=0.00, real=0.00 secs] 
Heap after GC invocations=145 (full 3):
 par new generation   total 109248K, used 21824K [0x00000007a0000000, 0x00000007a8000000, 0x00000007a8000000)
  eden space 87424K,   0% used [0x00000007a0000000, 0x00000007a0000000, 0x00000007a5560000)
  from space 21824K, 100% used [0x00000007a6ab0000, 0x00000007a8000000, 0x00000007a8000000)
  to   space 21824K,   0% used [0x00000007a5560000, 0x00000007a5560000, 0x00000007a6ab0000)
 concurrent mark-sweep generation total 393216K, used 154716K [0x00000007a8000000, 0x00000007c0000000, 0x00000007c0000000)
 Metaspace       used 29679K, capacity 30024K, committed 30460K, reserved 1077248K
  class space    used 3362K, capacity 3449K, committed 3580K, reserved 1048576K
}
2016-02-28T18:43:50.759-0530: 2236.371: Total time for which application threads were stopped: 0.0058853 seconds
2016-02-28T18:44:05.119-0530: 2250.731: Total time for which application threads were stopped: 0.0001713 seconds
2016-02-28T18:44:05.119-0530: 2250.731: Total time for which application threads were stopped: 0.0000634 seconds
2016-02-28T18:44:05.119-0530: 2250.731: Total time for which application threads were stopped: 0.0000517 seconds
2016-02-28T18:44:05.120-0530: 2250.732: Total time for which application threads were stopped: 0.0001491 seconds
{Heap before GC invocations=145 (full 3):
 par new generation   total 109248K, used 109248K [0x00000007a0000000, 0x00000007a8000000, 0x00000007a8000000)
  eden space 87424K, 100% used [0x00000007a0000000, 0x00000007a5560000, 0x00000007a5560000)
  from space 21824K, 100% used [0x00000007a6ab0000, 0x00000007a8000000, 0x00000007a8000000)
  to   space 21824K,   0% used [0x00000007a5560000, 0x00000007a5560000, 0x00000007a6ab0000)
 concurrent mark-sweep generation total 393216K, used 154716K [0x00000007a8000000, 0x00000007c0000000, 0x00000007c0000000)
 Metaspace       used 29687K, capacity 30024K, committed 30460K, reserved 1077248K
  class space    used 3362K, capacity 3449K, committed 3580K, reserved 1048576K
2016-02-28T18:44:18.618-0530: 2264.231: [GC (Allocation Failure) 2264.247: [ParNew
Desired survivor size 20112992 bytes, new threshold 8 (max 8)
- age   1:    2638880 bytes,    2638880 total
- age   3:    1788736 bytes,    4427616 total
- age   4:    4132032 bytes,    8559648 total
- age   5:    2466392 bytes,   11026040 total
- age   6:    3113160 bytes,   14139200 total
- age   7:    1796152 bytes,   15935352 total
- age   8:    1780392 bytes,   17715744 total
: 109248K->21824K(109248K), 0.0100292 secs] 263964K->179560K(502464K), 0.0260680 secs] [Times: user=0.02 sys=0.01, real=0.03 secs] 
Heap after GC invocations=146 (full 3):
 par new generation   total 109248K, used 21824K [0x00000007a0000000, 0x00000007a8000000, 0x00000007a8000000)
  eden space 87424K,   0% used [0x00000007a0000000, 0x00000007a0000000, 0x00000007a5560000)
  from space 21824K, 100% used [0x00000007a5560000, 0x00000007a6ab0000, 0x00000007a6ab0000)
  to   space 21824K,   0% used [0x00000007a6ab0000, 0x00000007a6ab0000, 0x00000007a8000000)
 concurrent mark-sweep generation total 393216K, used 157736K [0x00000007a8000000, 0x00000007c0000000, 0x00000007c0000000)
 Metaspace       used 29687K, capacity 30024K, committed 30460K, reserved 1077248K
  class space    used 3362K, capacity 3449K, committed 3580K, reserved 1048576K
}
2016-02-28T18:44:18.644-0530: 2264.257: Total time for which application threads were stopped: 0.0262944 seconds
2016-02-28T18:44:19.131-0530: 2264.744: Total time for which application threads were stopped: 0.0001051 seconds
2016-02-28T18:44:19.131-0530: 2264.744: Total time for which application threads were stopped: 0.0000694 seconds
2016-02-28T18:44:19.132-0530: 2264.745: Total time for which application threads were stopped: 0.0000536 seconds
2016-02-28T18:44:19.170-0530: 2264.783: Total time for which application threads were stopped: 0.0001576 seconds
2016-02-28T18:44:19.170-0530: 2264.783: Total time for which application threads were stopped: 0.0000750 seconds
2016-02-28T18:44:19.171-0530: 2264.783: Total time for which application threads were stopped: 0.0001029 seconds
{Heap before GC invocations=146 (full 3):
 par new generation   total 109248K, used 109248K [0x00000007a0000000, 0x00000007a8000000, 0x00000007a8000000)
  eden space 87424K, 100% used [0x00000007a0000000, 0x00000007a5560000, 0x00000007a5560000)
  from space 21824K, 100% used [0x00000007a5560000, 0x00000007a6ab0000, 0x00000007a6ab0000)
  to   space 21824K,   0% used [0x00000007a6ab0000, 0x00000007a6ab0000, 0x00000007a8000000)
 concurrent mark-sweep generation total 393216K, used 157736K [0x00000007a8000000, 0x00000007c0000000, 0x00000007c0000000)
 Metaspace       used 29687K, capacity 30024K, committed 30460K, reserved 1077248K
  class space    used 3362K, capacity 3449K, committed 3580K, reserved 1048576K
2016-02-28T18:44:32.470-0530: 2278.083: [GC (Allocation Failure) 2278.114: [ParNew
Desired survivor size 20112992 bytes, new threshold 8 (max 8)
- age   1:    3058728 bytes,    3058728 total
- age   2:    2259240 bytes,    5317968 total
- age   4:    1787872 bytes,    7105840 total
- age   5:    4064984 bytes,   11170824 total
- age   6:    2466392 bytes,   13637216 total
- age   7:    2490176 bytes,   16127392 total
- age   8:    1795536 bytes,   17922928 total
: 109248K->21824K(109248K), 0.0106170 secs] 266984K->181916K(502464K), 0.0417087 secs] [Times: user=0.03 sys=0.01, real=0.04 secs] 
Heap after GC invocations=147 (full 3):
 par new generation   total 109248K, used 21824K [0x00000007a0000000, 0x00000007a8000000, 0x00000007a8000000)
  eden space 87424K,   0% used [0x00000007a0000000, 0x00000007a0000000, 0x00000007a5560000)
  from space 21824K, 100% used [0x00000007a6ab0000, 0x00000007a8000000, 0x00000007a8000000)
  to   space 21824K,   0% used [0x00000007a5560000, 0x00000007a5560000, 0x00000007a6ab0000)
 concurrent mark-sweep generation total 393216K, used 160092K [0x00000007a8000000, 0x00000007c0000000, 0x00000007c0000000)
 Metaspace       used 29687K, capacity 30024K, committed 30460K, reserved 1077248K
  class space    used 3362K, capacity 3449K, committed 3580K, reserved 1048576K
}
2016-02-28T18:44:32.512-0530: 2278.125: Total time for which application threads were stopped: 0.0419169 seconds
{Heap before GC invocations=147 (full 3):
 par new generation   total 109248K, used 109248K [0x00000007a0000000, 0x00000007a8000000, 0x00000007a8000000)
  eden space 87424K, 100% used [0x00000007a0000000, 0x00000007a5560000, 0x00000007a5560000)
  from space 21824K, 100% used [0x00000007a6ab0000, 0x00000007a8000000, 0x00000007a8000000)
  to   space 21824K,   0% used [0x00000007a5560000, 0x00000007a5560000, 0x00000007a6ab0000)
 concurrent mark-sweep generation total 393216K, used 160092K [0x00000007a8000000, 0x00000007c0000000, 0x00000007c0000000)
 Metaspace       used 29691K, capacity 30024K, committed 30460K, reserved 1077248K
  class space    used 3362K, capacity 3449K, committed 3580K, reserved 1048576K
2016-02-28T18:44:46.294-0530: 2291.908: [GC (Allocation Failure) 2291.937: [ParNew
Desired survivor size 20112992 bytes, new threshold 8 (max 8)
- age   1:    3502960 bytes,    3502960 total
- age   2:    2194760 bytes,    5697720 total
- age   3:    2190584 bytes,    7888304 total
- age   5:    1787624 bytes,    9675928 total
- age   6:    4064952 bytes,   13740880 total
- age   7:    2333272 bytes,   16074152 total
- age   8:    2490144 bytes,   18564296 total
: 109248K->21824K(109248K), 0.0125606 secs] 269340K->183800K(502464K), 0.0424367 secs] [Times: user=0.02 sys=0.01, real=0.04 secs] 
Heap after GC invocations=148 (full 3):
 par new generation   total 109248K, used 21824K [0x00000007a0000000, 0x00000007a8000000, 0x00000007a8000000)
  eden space 87424K,   0% used [0x00000007a0000000, 0x00000007a0000000, 0x00000007a5560000)
  from space 21824K, 100% used [0x00000007a5560000, 0x00000007a6ab0000, 0x00000007a6ab0000)
  to   space 21824K,   0% used [0x00000007a6ab0000, 0x00000007a6ab0000, 0x00000007a8000000)
 concurrent mark-sweep generation total 393216K, used 161976K [0x00000007a8000000, 0x00000007c0000000, 0x00000007c0000000)
 Metaspace       used 29691K, capacity 30024K, committed 30460K, reserved 1077248K
  class space    used 3362K, capacity 3449K, committed 3580K, reserved 1048576K
}
2016-02-28T18:44:46.336-0530: 2291.950: Total time for which application threads were stopped: 0.0426284 seconds
2016-02-28T18:44:46.337-0530: 2291.950: Total time for which application threads were stopped: 0.0002451 seconds
2016-02-28T18:44:47.337-0530: 2292.951: Total time for which application threads were stopped: 0.0001458 seconds
{Heap before GC invocations=148 (full 3):
 par new generation   total 109248K, used 109248K [0x00000007a0000000, 0x00000007a8000000, 0x00000007a8000000)
  eden space 87424K, 100% used [0x00000007a0000000, 0x00000007a5560000, 0x00000007a5560000)
  from space 21824K, 100% used [0x00000007a5560000, 0x00000007a6ab0000, 0x00000007a6ab0000)
  to   space 21824K,   0% used [0x00000007a6ab0000, 0x00000007a6ab0000, 0x00000007a8000000)
 concurrent mark-sweep generation total 393216K, used 161976K [0x00000007a8000000, 0x00000007c0000000, 0x00000007c0000000)
 Metaspace       used 29703K, capacity 30024K, committed 30460K, reserved 1077248K
  class space    used 3362K, capacity 3449K, committed 3580K, reserved 1048576K
2016-02-28T18:45:00.083-0530: 2305.697: [GC (Allocation Failure) 2305.716: [ParNew
Desired survivor size 20112992 bytes, new threshold 8 (max 8)
- age   1:    3737216 bytes,    3737216 total
- age   2:    2298056 bytes,    6035272 total
- age   3:    2193800 bytes,    8229072 total
- age   4:    2122008 bytes,   10351080 total
- age   6:     870240 bytes,   11221320 total
- age   7:    3739184 bytes,   14960504 total
- age   8:    1907080 bytes,   16867584 total
: 109248K->21824K(109248K), 0.0131624 secs] 271224K->187896K(502464K), 0.0319594 secs] [Times: user=0.03 sys=0.01, real=0.03 secs] 
Heap after GC invocations=149 (full 3):
 par new generation   total 109248K, used 21824K [0x00000007a0000000, 0x00000007a8000000, 0x00000007a8000000)
  eden space 87424K,   0% used [0x00000007a0000000, 0x00000007a0000000, 0x00000007a5560000)
  from space 21824K, 100% used [0x00000007a6ab0000, 0x00000007a8000000, 0x00000007a8000000)
  to   space 21824K,   0% used [0x00000007a5560000, 0x00000007a5560000, 0x00000007a6ab0000)
 concurrent mark-sweep generation total 393216K, used 166072K [0x00000007a8000000, 0x00000007c0000000, 0x00000007c0000000)
 Metaspace       used 29703K, capacity 30024K, committed 30460K, reserved 1077248K
  class space    used 3362K, capacity 3449K, committed 3580K, reserved 1048576K
}
2016-02-28T18:45:00.115-0530: 2305.729: Total time for which application threads were stopped: 0.0321589 seconds
2016-02-28T18:45:00.462-0530: 2306.076: Total time for which application threads were stopped: 0.0001621 seconds
2016-02-28T18:45:00.462-0530: 2306.076: Total time for which application threads were stopped: 0.0001280 seconds
2016-02-28T18:45:00.462-0530: 2306.076: Total time for which application threads were stopped: 0.0000555 seconds
2016-02-28T18:45:00.463-0530: 2306.077: Total time for which application threads were stopped: 0.0000772 seconds
2016-02-28T18:45:00.463-0530: 2306.077: Total time for which application threads were stopped: 0.0000443 seconds
2016-02-28T18:45:00.463-0530: 2306.077: Total time for which application threads were stopped: 0.0000461 seconds
2016-02-28T18:45:00.530-0530: 2306.145: Total time for which application threads were stopped: 0.0001557 seconds
2016-02-28T18:45:00.531-0530: 2306.145: Total time for which application threads were stopped: 0.0001340 seconds
2016-02-28T18:45:00.531-0530: 2306.145: Total time for which application threads were stopped: 0.0000693 seconds
{Heap before GC invocations=149 (full 3):
 par new generation   total 109248K, used 109243K [0x00000007a0000000, 0x00000007a8000000, 0x00000007a8000000)
  eden space 87424K,  99% used [0x00000007a0000000, 0x00000007a555ef08, 0x00000007a5560000)
  from space 21824K, 100% used [0x00000007a6ab0000, 0x00000007a8000000, 0x00000007a8000000)
  to   space 21824K,   0% used [0x00000007a5560000, 0x00000007a5560000, 0x00000007a6ab0000)
 concurrent mark-sweep generation total 393216K, used 166072K [0x00000007a8000000, 0x00000007c0000000, 0x00000007c0000000)
 Metaspace       used 29705K, capacity 30024K, committed 30460K, reserved 1077248K
  class space    used 3362K, capacity 3449K, committed 3580K, reserved 1048576K
2016-02-28T18:45:16.074-0530: 2321.689: [GC (Allocation Failure) 2321.706: [ParNew
Desired survivor size 20112992 bytes, new threshold 8 (max 8)
- age   1:    3918600 bytes,    3918600 total
- age   2:    2280936 bytes,    6199536 total
- age   3:    2297376 bytes,    8496912 total
- age   4:    2126840 bytes,   10623752 total
- age   5:    2121824 bytes,   12745576 total
- age   7:     870240 bytes,   13615816 total
- age   8:    3739184 bytes,   17355000 total
: 109243K->21824K(109248K), 0.0085536 secs] 275316K->189758K(502464K), 0.0256508 secs] [Times: user=0.02 sys=0.01, real=0.03 secs] 
Heap after GC invocations=150 (full 3):
 par new generation   total 109248K, used 21824K [0x00000007a0000000, 0x00000007a8000000, 0x00000007a8000000)
  eden space 87424K,   0% used [0x00000007a0000000, 0x00000007a0000000, 0x00000007a5560000)
  from space 21824K, 100% used [0x00000007a5560000, 0x00000007a6ab0000, 0x00000007a6ab0000)
  to   space 21824K,   0% used [0x00000007a6ab0000, 0x00000007a6ab0000, 0x00000007a8000000)
 concurrent mark-sweep generation total 393216K, used 167934K [0x00000007a8000000, 0x00000007c0000000, 0x00000007c0000000)
 Metaspace       used 29705K, capacity 30024K, committed 30460K, reserved 1077248K
  class space    used 3362K, capacity 3449K, committed 3580K, reserved 1048576K
}
2016-02-28T18:45:16.100-0530: 2321.715: Total time for which application threads were stopped: 0.0258722 seconds
2016-02-28T18:45:16.349-0530: 2321.964: Total time for which application threads were stopped: 0.0000988 seconds
2016-02-28T18:45:16.349-0530: 2321.964: Total time for which application threads were stopped: 0.0000592 seconds
2016-02-28T18:45:16.397-0530: 2322.012: Total time for which application threads were stopped: 0.0001039 seconds
2016-02-28T18:45:16.397-0530: 2322.012: Total time for which application threads were stopped: 0.0000427 seconds
2016-02-28T18:45:16.398-0530: 2322.013: Total time for which application threads were stopped: 0.0001358 seconds
2016-02-28T18:45:16.398-0530: 2322.013: Total time for which application threads were stopped: 0.0000693 seconds
2016-02-28T18:45:16.398-0530: 2322.013: Total time for which application threads were stopped: 0.0000611 seconds
2016-02-28T18:45:29.430-0530: 2335.045: Total time for which application threads were stopped: 0.0001758 seconds
{Heap before GC invocations=150 (full 3):
 par new generation   total 109248K, used 109248K [0x00000007a0000000, 0x00000007a8000000, 0x00000007a8000000)
  eden space 87424K, 100% used [0x00000007a0000000, 0x00000007a5560000, 0x00000007a5560000)
  from space 21824K, 100% used [0x00000007a5560000, 0x00000007a6ab0000, 0x00000007a6ab0000)
  to   space 21824K,   0% used [0x00000007a6ab0000, 0x00000007a6ab0000, 0x00000007a8000000)
 concurrent mark-sweep generation total 393216K, used 167934K [0x00000007a8000000, 0x00000007c0000000, 0x00000007c0000000)
 Metaspace       used 29705K, capacity 30024K, committed 30460K, reserved 1077248K
  class space    used 3362K, capacity 3449K, committed 3580K, reserved 1048576K
2016-02-28T18:45:29.502-0530: 2335.118: [GC (Allocation Failure) 2335.140: [ParNew
Desired survivor size 20112992 bytes, new threshold 8 (max 8)
- age   1:    4229344 bytes,    4229344 total
- age   2:    2304016 bytes,    6533360 total
- age   3:    2279744 bytes,    8813104 total
- age   4:    1787232 bytes,   10600336 total
- age   5:    2126704 bytes,   12727040 total
- age   6:    2121792 bytes,   14848832 total
- age   8:     392680 bytes,   15241512 total
: 109248K->21824K(109248K), 0.0129456 secs] 277182K->194340K(502464K), 0.0351550 secs] [Times: user=0.03 sys=0.01, real=0.03 secs] 
Heap after GC invocations=151 (full 3):
 par new generation   total 109248K, used 21824K [0x00000007a0000000, 0x00000007a8000000, 0x00000007a8000000)
  eden space 87424K,   0% used [0x00000007a0000000, 0x00000007a0000000, 0x00000007a5560000)
  from space 21824K, 100% used [0x00000007a6ab0000, 0x00000007a8000000, 0x00000007a8000000)
  to   space 21824K,   0% used [0x00000007a5560000, 0x00000007a5560000, 0x00000007a6ab0000)
 concurrent mark-sweep generation total 393216K, used 172516K [0x00000007a8000000, 0x00000007c0000000, 0x00000007c0000000)
 Metaspace       used 29705K, capacity 30024K, committed 30460K, reserved 1077248K
  class space    used 3362K, capacity 3449K, committed 3580K, reserved 1048576K
}
2016-02-28T18:45:29.538-0530: 2335.153: Total time for which application threads were stopped: 0.0353698 seconds
2016-02-28T18:45:29.746-0530: 2335.361: Total time for which application threads were stopped: 0.0001048 seconds
2016-02-28T18:45:29.746-0530: 2335.362: Total time for which application threads were stopped: 0.0000804 seconds
2016-02-28T18:45:29.838-0530: 2335.453: Total time for which application threads were stopped: 0.0001320 seconds
2016-02-28T18:45:29.838-0530: 2335.454: Total time for which application threads were stopped: 0.0002487 seconds
2016-02-28T18:45:29.839-0530: 2335.454: Total time for which application threads were stopped: 0.0002217 seconds
{Heap before GC invocations=151 (full 3):
 par new generation   total 109248K, used 109248K [0x00000007a0000000, 0x00000007a8000000, 0x00000007a8000000)
  eden space 87424K, 100% used [0x00000007a0000000, 0x00000007a5560000, 0x00000007a5560000)
  from space 21824K, 100% used [0x00000007a6ab0000, 0x00000007a8000000, 0x00000007a8000000)
  to   space 21824K,   0% used [0x00000007a5560000, 0x00000007a5560000, 0x00000007a6ab0000)
 concurrent mark-sweep generation total 393216K, used 172516K [0x00000007a8000000, 0x00000007c0000000, 0x00000007c0000000)
 Metaspace       used 29707K, capacity 30024K, committed 30460K, reserved 1077248K
  class space    used 3362K, capacity 3449K, committed 3580K, reserved 1048576K
2016-02-28T18:45:47.419-0530: 2353.035: [GC (Allocation Failure) 2353.041: [ParNew
Desired survivor size 20112992 bytes, new threshold 8 (max 8)
- age   1:    4521936 bytes,    4521936 total
- age   2:    2153992 bytes,    6675928 total
- age   3:    2302960 bytes,    8978888 total
- age   4:    2211888 bytes,   11190776 total
- age   5:    1787200 bytes,   12977976 total
- age   6:    2126704 bytes,   15104680 total
- age   7:    2121792 bytes,   17226472 total
: 109248K->21209K(109248K), 0.0071563 secs] 281764K->194109K(502464K), 0.0138683 secs] [Times: user=0.02 sys=0.00, real=0.02 secs] 
Heap after GC invocations=152 (full 3):
 par new generation   total 109248K, used 21209K [0x00000007a0000000, 0x00000007a8000000, 0x00000007a8000000)
  eden space 87424K,   0% used [0x00000007a0000000, 0x00000007a0000000, 0x00000007a5560000)
  from space 21824K,  97% used [0x00000007a5560000, 0x00000007a6a16518, 0x00000007a6ab0000)
  to   space 21824K,   0% used [0x00000007a6ab0000, 0x00000007a6ab0000, 0x00000007a8000000)
 concurrent mark-sweep generation total 393216K, used 172900K [0x00000007a8000000, 0x00000007c0000000, 0x00000007c0000000)
 Metaspace       used 29707K, capacity 30024K, committed 30460K, reserved 1077248K
  class space    used 3362K, capacity 3449K, committed 3580K, reserved 1048576K
}
2016-02-28T18:45:47.433-0530: 2353.049: Total time for which application threads were stopped: 0.0140788 seconds
2016-02-28T18:45:47.626-0530: 2353.242: Total time for which application threads were stopped: 0.0001003 seconds
2016-02-28T18:45:47.626-0530: 2353.242: Total time for which application threads were stopped: 0.0000603 seconds
2016-02-28T18:45:59.655-0530: 2365.272: Total time for which application threads were stopped: 0.0001345 seconds
2016-02-28T18:46:00.060-0530: 2365.676: Total time for which application threads were stopped: 0.0000935 seconds
2016-02-28T18:46:00.060-0530: 2365.677: Total time for which application threads were stopped: 0.0001566 seconds
2016-02-28T18:46:00.061-0530: 2365.677: Total time for which application threads were stopped: 0.0000665 seconds
2016-02-28T18:46:00.061-0530: 2365.677: Total time for which application threads were stopped: 0.0000680 seconds
{Heap before GC invocations=152 (full 3):
 par new generation   total 109248K, used 108633K [0x00000007a0000000, 0x00000007a8000000, 0x00000007a8000000)
  eden space 87424K, 100% used [0x00000007a0000000, 0x00000007a5560000, 0x00000007a5560000)
  from space 21824K,  97% used [0x00000007a5560000, 0x00000007a6a16518, 0x00000007a6ab0000)
  to   space 21824K,   0% used [0x00000007a6ab0000, 0x00000007a6ab0000, 0x00000007a8000000)
 concurrent mark-sweep generation total 393216K, used 172900K [0x00000007a8000000, 0x00000007c0000000, 0x00000007c0000000)
 Metaspace       used 29708K, capacity 30024K, committed 30460K, reserved 1077248K
  class space    used 3362K, capacity 3449K, committed 3580K, reserved 1048576K
2016-02-28T18:46:00.110-0530: 2365.726: [GC (Allocation Failure) 2365.726: [ParNew
Desired survivor size 20112992 bytes, new threshold 8 (max 8)
- age   1:    3158808 bytes,    3158808 total
- age   2:    2230640 bytes,    5389448 total
- age   3:    2085736 bytes,    7475184 total
- age   4:    2235952 bytes,    9711136 total
- age   5:    2211864 bytes,   11923000 total
- age   6:    1787200 bytes,   13710200 total
- age   7:    2126624 bytes,   15836824 total
- age   8:    2121608 bytes,   17958432 total
: 108633K->21824K(109248K), 0.0071874 secs] 281533K->194724K(502464K), 0.0072524 secs] [Times: user=0.02 sys=0.00, real=0.00 secs] 
Heap after GC invocations=153 (full 3):
 par new generation   total 109248K, used 21824K [0x00000007a0000000, 0x00000007a8000000, 0x00000007a8000000)
  eden space 87424K,   0% used [0x00000007a0000000, 0x00000007a0000000, 0x00000007a5560000)
  from space 21824K, 100% used [0x00000007a6ab0000, 0x00000007a8000000, 0x00000007a8000000)
  to   space 21824K,   0% used [0x00000007a5560000, 0x00000007a5560000, 0x00000007a6ab0000)
 concurrent mark-sweep generation total 393216K, used 172900K [0x00000007a8000000, 0x00000007c0000000, 0x00000007c0000000)
 Metaspace       used 29708K, capacity 30024K, committed 30460K, reserved 1077248K
  class space    used 3362K, capacity 3449K, committed 3580K, reserved 1048576K
}
2016-02-28T18:46:00.117-0530: 2365.734: Total time for which application threads were stopped: 0.0075029 seconds
2016-02-28T18:46:00.156-0530: 2365.773: Total time for which application threads were stopped: 0.0000982 seconds
2016-02-28T18:46:00.156-0530: 2365.773: Total time for which application threads were stopped: 0.0000607 seconds
2016-02-28T18:46:00.156-0530: 2365.773: Total time for which application threads were stopped: 0.0000583 seconds
2016-02-28T18:46:00.157-0530: 2365.774: Total time for which application threads were stopped: 0.0000740 seconds
2016-02-28T18:46:00.157-0530: 2365.774: Total time for which application threads were stopped: 0.0000882 seconds
2016-02-28T18:46:00.157-0530: 2365.774: Total time for which application threads were stopped: 0.0000718 seconds
{Heap before GC invocations=153 (full 3):
 par new generation   total 109248K, used 109248K [0x00000007a0000000, 0x00000007a8000000, 0x00000007a8000000)
  eden space 87424K, 100% used [0x00000007a0000000, 0x00000007a5560000, 0x00000007a5560000)
  from space 21824K, 100% used [0x00000007a6ab0000, 0x00000007a8000000, 0x00000007a8000000)
  to   space 21824K,   0% used [0x00000007a5560000, 0x00000007a5560000, 0x00000007a6ab0000)
 concurrent mark-sweep generation total 393216K, used 172900K [0x00000007a8000000, 0x00000007c0000000, 0x00000007c0000000)
 Metaspace       used 29711K, capacity 30024K, committed 30460K, reserved 1077248K
  class space    used 3362K, capacity 3449K, committed 3580K, reserved 1048576K
2016-02-28T18:46:28.430-0530: 2394.048: [GC (Allocation Failure) 2394.086: [ParNew
Desired survivor size 20112992 bytes, new threshold 8 (max 8)
- age   1:    2945352 bytes,    2945352 total
- age   2:    2862336 bytes,    5807688 total
- age   3:    1405512 bytes,    7213200 total
- age   4:    2085544 bytes,    9298744 total
- age   5:    2235728 bytes,   11534472 total
- age   6:    2211640 bytes,   13746112 total
- age   7:    1787144 bytes,   15533256 total
- age   8:    2126600 bytes,   17659856 total
: 109248K->21824K(109248K), 0.0113661 secs] 282148K->197534K(502464K), 0.0489460 secs] [Times: user=0.02 sys=0.01, real=0.04 secs] 
Heap after GC invocations=154 (full 3):
 par new generation   total 109248K, used 21824K [0x00000007a0000000, 0x00000007a8000000, 0x00000007a8000000)
  eden space 87424K,   0% used [0x00000007a0000000, 0x00000007a0000000, 0x00000007a5560000)
  from space 21824K, 100% used [0x00000007a5560000, 0x00000007a6ab0000, 0x00000007a6ab0000)
  to   space 21824K,   0% used [0x00000007a6ab0000, 0x00000007a6ab0000, 0x00000007a8000000)
 concurrent mark-sweep generation total 393216K, used 175710K [0x00000007a8000000, 0x00000007c0000000, 0x00000007c0000000)
 Metaspace       used 29711K, capacity 30024K, committed 30460K, reserved 1077248K
  class space    used 3362K, capacity 3449K, committed 3580K, reserved 1048576K
}
2016-02-28T18:46:28.479-0530: 2394.097: Total time for which application threads were stopped: 0.0491479 seconds
2016-02-28T18:46:28.848-0530: 2394.466: Total time for which application threads were stopped: 0.0001201 seconds
2016-02-28T18:46:28.848-0530: 2394.466: Total time for which application threads were stopped: 0.0000815 seconds
2016-02-28T18:46:28.848-0530: 2394.466: Total time for which application threads were stopped: 0.0001130 seconds
2016-02-28T18:46:28.849-0530: 2394.467: Total time for which application threads were stopped: 0.0000886 seconds
2016-02-28T18:46:28.849-0530: 2394.467: Total time for which application threads were stopped: 0.0000653 seconds
2016-02-28T18:46:28.954-0530: 2394.572: Total time for which application threads were stopped: 0.0001228 seconds
2016-02-28T18:46:28.955-0530: 2394.573: Total time for which application threads were stopped: 0.0001121 seconds
2016-02-28T18:46:28.955-0530: 2394.573: Total time for which application threads were stopped: 0.0000630 seconds
2016-02-28T18:46:28.955-0530: 2394.573: Total time for which application threads were stopped: 0.0001039 seconds
{Heap before GC invocations=154 (full 3):
 par new generation   total 109248K, used 109248K [0x00000007a0000000, 0x00000007a8000000, 0x00000007a8000000)
  eden space 87424K, 100% used [0x00000007a0000000, 0x00000007a5560000, 0x00000007a5560000)
  from space 21824K, 100% used [0x00000007a5560000, 0x00000007a6ab0000, 0x00000007a6ab0000)
  to   space 21824K,   0% used [0x00000007a6ab0000, 0x00000007a6ab0000, 0x00000007a8000000)
 concurrent mark-sweep generation total 393216K, used 175710K [0x00000007a8000000, 0x00000007c0000000, 0x00000007c0000000)
 Metaspace       used 29713K, capacity 30088K, committed 30460K, reserved 1077248K
  class space    used 3362K, capacity 3449K, committed 3580K, reserved 1048576K
2016-02-28T18:46:44.991-0530: 2410.609: [GC (Allocation Failure) 2410.642: [ParNew
Desired survivor size 20112992 bytes, new threshold 8 (max 8)
- age   1:    3492368 bytes,    3492368 total
- age   2:    2215112 bytes,    5707480 total
- age   3:    2793616 bytes,    8501096 total
- age   4:    1340400 bytes,    9841496 total
- age   5:    2085472 bytes,   11926968 total
- age   6:    2234496 bytes,   14161464 total
- age   7:    1847824 bytes,   16009288 total
- age   8:    1783352 bytes,   17792640 total
: 109248K->21824K(109248K), 0.0105580 secs] 284958K->200082K(502464K), 0.0435867 secs] [Times: user=0.02 sys=0.01, real=0.04 secs] 
Heap after GC invocations=155 (full 3):
 par new generation   total 109248K, used 21824K [0x00000007a0000000, 0x00000007a8000000, 0x00000007a8000000)
  eden space 87424K,   0% used [0x00000007a0000000, 0x00000007a0000000, 0x00000007a5560000)
  from space 21824K, 100% used [0x00000007a6ab0000, 0x00000007a8000000, 0x00000007a8000000)
  to   space 21824K,   0% used [0x00000007a5560000, 0x00000007a5560000, 0x00000007a6ab0000)
 concurrent mark-sweep generation total 393216K, used 178258K [0x00000007a8000000, 0x00000007c0000000, 0x00000007c0000000)
 Metaspace       used 29713K, capacity 30088K, committed 30460K, reserved 1077248K
  class space    used 3362K, capacity 3449K, committed 3580K, reserved 1048576K
}
2016-02-28T18:46:45.035-0530: 2410.653: Total time for which application threads were stopped: 0.0437916 seconds
2016-02-28T18:46:45.259-0530: 2410.878: Total time for which application threads were stopped: 0.0000988 seconds
2016-02-28T18:46:45.260-0530: 2410.878: Total time for which application threads were stopped: 0.0000940 seconds
2016-02-28T18:46:45.262-0530: 2410.881: Total time for which application threads were stopped: 0.0001242 seconds
2016-02-28T18:46:45.263-0530: 2410.882: Total time for which application threads were stopped: 0.0000946 seconds
2016-02-28T18:46:45.264-0530: 2410.883: Total time for which application threads were stopped: 0.0001318 seconds
2016-02-28T18:46:45.269-0530: 2410.887: Total time for which application threads were stopped: 0.0001045 seconds
2016-02-28T18:46:45.272-0530: 2410.890: Total time for which application threads were stopped: 0.0000934 seconds
2016-02-28T18:46:45.274-0530: 2410.893: Total time for which application threads were stopped: 0.0001002 seconds
2016-02-28T18:46:45.277-0530: 2410.895: Total time for which application threads were stopped: 0.0001688 seconds
2016-02-28T18:46:45.280-0530: 2410.898: Total time for which application threads were stopped: 0.0001185 seconds
2016-02-28T18:46:45.282-0530: 2410.901: Total time for which application threads were stopped: 0.0000968 seconds
2016-02-28T18:46:45.284-0530: 2410.903: Total time for which application threads were stopped: 0.0000770 seconds
2016-02-28T18:46:45.287-0530: 2410.905: Total time for which application threads were stopped: 0.0002037 seconds
2016-02-28T18:46:45.357-0530: 2410.976: Total time for which application threads were stopped: 0.0002060 seconds
2016-02-28T18:46:45.358-0530: 2410.976: Total time for which application threads were stopped: 0.0001613 seconds
2016-02-28T18:46:45.358-0530: 2410.976: Total time for which application threads were stopped: 0.0001166 seconds
{Heap before GC invocations=155 (full 3):
 par new generation   total 109248K, used 109248K [0x00000007a0000000, 0x00000007a8000000, 0x00000007a8000000)
  eden space 87424K, 100% used [0x00000007a0000000, 0x00000007a5560000, 0x00000007a5560000)
  from space 21824K, 100% used [0x00000007a6ab0000, 0x00000007a8000000, 0x00000007a8000000)
  to   space 21824K,   0% used [0x00000007a5560000, 0x00000007a5560000, 0x00000007a6ab0000)
 concurrent mark-sweep generation total 393216K, used 178258K [0x00000007a8000000, 0x00000007c0000000, 0x00000007c0000000)
 Metaspace       used 29713K, capacity 30088K, committed 30460K, reserved 1077248K
  class space    used 3362K, capacity 3449K, committed 3580K, reserved 1048576K
2016-02-28T18:46:45.754-0530: 2411.373: [GC (Allocation Failure) 2411.373: [ParNew
Desired survivor size 20112992 bytes, new threshold 8 (max 8)
- age   1:    1639944 bytes,    1639944 total
- age   2:    1993448 bytes,    3633392 total
- age   3:    2146888 bytes,    5780280 total
- age   4:    2793392 bytes,    8573672 total
- age   5:    1340360 bytes,    9914032 total
- age   6:    2085392 bytes,   11999424 total
- age   7:    2234472 bytes,   14233896 total
- age   8:    1847720 bytes,   16081616 total
: 109248K->21824K(109248K), 0.0087570 secs] 287506K->201824K(502464K), 0.0088228 secs] [Times: user=0.02 sys=0.01, real=0.01 secs] 
Heap after GC invocations=156 (full 3):
 par new generation   total 109248K, used 21824K [0x00000007a0000000, 0x00000007a8000000, 0x00000007a8000000)
  eden space 87424K,   0% used [0x00000007a0000000, 0x00000007a0000000, 0x00000007a5560000)
  from space 21824K, 100% used [0x00000007a5560000, 0x00000007a6ab0000, 0x00000007a6ab0000)
  to   space 21824K,   0% used [0x00000007a6ab0000, 0x00000007a6ab0000, 0x00000007a8000000)
 concurrent mark-sweep generation total 393216K, used 180000K [0x00000007a8000000, 0x00000007c0000000, 0x00000007c0000000)
 Metaspace       used 29713K, capacity 30088K, committed 30460K, reserved 1077248K
  class space    used 3362K, capacity 3449K, committed 3580K, reserved 1048576K
}
2016-02-28T18:46:45.763-0530: 2411.381: Total time for which application threads were stopped: 0.0090274 seconds
2016-02-28T18:46:45.763-0530: 2411.382: Total time for which application threads were stopped: 0.0001930 seconds
2016-02-28T18:47:03.797-0530: 2429.416: Total time for which application threads were stopped: 0.0002751 seconds
2016-02-28T18:47:03.809-0530: 2429.428: Total time for which application threads were stopped: 0.0000963 seconds
2016-02-28T18:47:03.809-0530: 2429.428: Total time for which application threads were stopped: 0.0001074 seconds
2016-02-28T18:47:03.809-0530: 2429.428: Total time for which application threads were stopped: 0.0000727 seconds
2016-02-28T18:47:03.810-0530: 2429.429: Total time for which application threads were stopped: 0.0000849 seconds
2016-02-28T18:47:03.810-0530: 2429.429: Total time for which application threads were stopped: 0.0000763 seconds
2016-02-28T18:47:04.811-0530: 2430.430: Total time for which application threads were stopped: 0.0001092 seconds
{Heap before GC invocations=156 (full 3):
 par new generation   total 109248K, used 109248K [0x00000007a0000000, 0x00000007a8000000, 0x00000007a8000000)
  eden space 87424K, 100% used [0x00000007a0000000, 0x00000007a5560000, 0x00000007a5560000)
  from space 21824K, 100% used [0x00000007a5560000, 0x00000007a6ab0000, 0x00000007a6ab0000)
  to   space 21824K,   0% used [0x00000007a6ab0000, 0x00000007a6ab0000, 0x00000007a8000000)
 concurrent mark-sweep generation total 393216K, used 180000K [0x00000007a8000000, 0x00000007c0000000, 0x00000007c0000000)
 Metaspace       used 29716K, capacity 30088K, committed 30460K, reserved 1077248K
  class space    used 3363K, capacity 3449K, committed 3580K, reserved 1048576K
2016-02-28T18:47:17.349-0530: 2442.969: [GC (Allocation Failure) 2443.000: [ParNew
Desired survivor size 20112992 bytes, new threshold 8 (max 8)
- age   1:    2864904 bytes,    2864904 total
- age   2:       9304 bytes,    2874208 total
- age   3:    1622872 bytes,    4497080 total
- age   4:    2072856 bytes,    6569936 total
- age   5:    2780352 bytes,    9350288 total
- age   6:    1338472 bytes,   10688760 total
- age   7:    2078184 bytes,   12766944 total
- age   8:    2234208 bytes,   15001152 total
: 109248K->20439K(109248K), 0.0270580 secs] 289248K->202238K(502464K), 0.0579485 secs] [Times: user=0.07 sys=0.00, real=0.06 secs] 
Heap after GC invocations=157 (full 3):
 par new generation   total 109248K, used 20439K [0x00000007a0000000, 0x00000007a8000000, 0x00000007a8000000)
  eden space 87424K,   0% used [0x00000007a0000000, 0x00000007a0000000, 0x00000007a5560000)
  from space 21824K,  93% used [0x00000007a6ab0000, 0x00000007a7ea5d00, 0x00000007a8000000)
  to   space 21824K,   0% used [0x00000007a5560000, 0x00000007a5560000, 0x00000007a6ab0000)
 concurrent mark-sweep generation total 393216K, used 181799K [0x00000007a8000000, 0x00000007c0000000, 0x00000007c0000000)
 Metaspace       used 29716K, capacity 30088K, committed 30460K, reserved 1077248K
  class space    used 3363K, capacity 3449K, committed 3580K, reserved 1048576K
}
2016-02-28T18:47:17.407-0530: 2443.027: Total time for which application threads were stopped: 0.0581327 seconds
2016-02-28T18:47:17.879-0530: 2443.498: Total time for which application threads were stopped: 0.0001101 seconds
2016-02-28T18:47:17.879-0530: 2443.498: Total time for which application threads were stopped: 0.0000661 seconds
2016-02-28T18:47:17.879-0530: 2443.499: Total time for which application threads were stopped: 0.0000687 seconds
2016-02-28T18:47:18.000-0530: 2443.619: Total time for which application threads were stopped: 0.0001108 seconds
2016-02-28T18:47:18.000-0530: 2443.620: Total time for which application threads were stopped: 0.0000904 seconds
2016-02-28T18:47:18.000-0530: 2443.620: Total time for which application threads were stopped: 0.0000781 seconds
{Heap before GC invocations=157 (full 3):
 par new generation   total 109248K, used 107863K [0x00000007a0000000, 0x00000007a8000000, 0x00000007a8000000)
  eden space 87424K, 100% used [0x00000007a0000000, 0x00000007a5560000, 0x00000007a5560000)
  from space 21824K,  93% used [0x00000007a6ab0000, 0x00000007a7ea5d00, 0x00000007a8000000)
  to   space 21824K,   0% used [0x00000007a5560000, 0x00000007a5560000, 0x00000007a6ab0000)
 concurrent mark-sweep generation total 393216K, used 181799K [0x00000007a8000000, 0x00000007c0000000, 0x00000007c0000000)
 Metaspace       used 29716K, capacity 30088K, committed 30460K, reserved 1077248K
  class space    used 3363K, capacity 3449K, committed 3580K, reserved 1048576K
2016-02-28T18:47:34.039-0530: 2459.659: [GC (Allocation Failure) 2459.679: [ParNew
Desired survivor size 20112992 bytes, new threshold 8 (max 8)
- age   1:    3240632 bytes,    3240632 total
- age   2:    2114824 bytes,    5355456 total
- age   3:       6552 bytes,    5362008 total
- age   4:    1555672 bytes,    6917680 total
- age   5:    2072608 bytes,    8990288 total
- age   6:    2780200 bytes,   11770488 total
- age   7:    1338448 bytes,   13108936 total
- age   8:    2078160 bytes,   15187096 total
: 107863K->20121K(109248K), 0.0112454 secs] 289662K->204103K(502464K), 0.0305321 secs] [Times: user=0.03 sys=0.00, real=0.04 secs] 
Heap after GC invocations=158 (full 3):
 par new generation   total 109248K, used 20121K [0x00000007a0000000, 0x00000007a8000000, 0x00000007a8000000)
  eden space 87424K,   0% used [0x00000007a0000000, 0x00000007a0000000, 0x00000007a5560000)
  from space 21824K,  92% used [0x00000007a5560000, 0x00000007a6906500, 0x00000007a6ab0000)
  to   space 21824K,   0% used [0x00000007a6ab0000, 0x00000007a6ab0000, 0x00000007a8000000)
 concurrent mark-sweep generation total 393216K, used 183981K [0x00000007a8000000, 0x00000007c0000000, 0x00000007c0000000)
 Metaspace       used 29716K, capacity 30088K, committed 30460K, reserved 1077248K
  class space    used 3363K, capacity 3449K, committed 3580K, reserved 1048576K
}
2016-02-28T18:47:34.070-0530: 2459.690: Total time for which application threads were stopped: 0.0307250 seconds
2016-02-28T18:47:34.369-0530: 2459.989: Total time for which application threads were stopped: 0.0001071 seconds
2016-02-28T18:47:34.369-0530: 2459.990: Total time for which application threads were stopped: 0.0000659 seconds
2016-02-28T18:47:34.393-0530: 2460.013: Total time for which application threads were stopped: 0.0001289 seconds
2016-02-28T18:47:34.393-0530: 2460.013: Total time for which application threads were stopped: 0.0000838 seconds
2016-02-28T18:47:34.393-0530: 2460.014: Total time for which application threads were stopped: 0.0000679 seconds
2016-02-28T18:47:34.596-0530: 2460.216: Total time for which application threads were stopped: 0.0001066 seconds
2016-02-28T18:47:34.596-0530: 2460.217: Total time for which application threads were stopped: 0.0001253 seconds
2016-02-28T18:48:32.755-0530: 2518.377: Total time for which application threads were stopped: 0.0011503 seconds
2016-02-28T18:48:32.757-0530: 2518.380: Total time for which application threads were stopped: 0.0005807 seconds
2016-02-28T18:48:32.839-0530: 2518.462: Total time for which application threads were stopped: 0.0001036 seconds
2016-02-28T18:48:32.842-0530: 2518.464: Total time for which application threads were stopped: 0.0001261 seconds
2016-02-28T18:48:32.891-0530: 2518.514: Total time for which application threads were stopped: 0.0001500 seconds
2016-02-28T18:48:32.892-0530: 2518.514: Total time for which application threads were stopped: 0.0000688 seconds
2016-02-28T18:48:32.892-0530: 2518.514: Total time for which application threads were stopped: 0.0000510 seconds
2016-02-28T18:48:32.892-0530: 2518.514: Total time for which application threads were stopped: 0.0000478 seconds
2016-02-28T18:48:32.892-0530: 2518.515: Total time for which application threads were stopped: 0.0000649 seconds
Heap
 par new generation   total 109248K, used 67062K [0x00000007a0000000, 0x00000007a8000000, 0x00000007a8000000)
  eden space 87424K,  53% used [0x00000007a0000000, 0x00000007a2dd7438, 0x00000007a5560000)
  from space 21824K,  92% used [0x00000007a5560000, 0x00000007a6906500, 0x00000007a6ab0000)
  to   space 21824K,   0% used [0x00000007a6ab0000, 0x00000007a6ab0000, 0x00000007a8000000)
 concurrent mark-sweep generation total 393216K, used 183981K [0x00000007a8000000, 0x00000007c0000000, 0x00000007c0000000)
 Metaspace       used 29782K, capacity 30088K, committed 30460K, reserved 1077248K
  class space    used 3372K, capacity 3449K, committed 3580K, reserved 1048576K
