OpenJDK 64-Bit Server VM (24.95-b01) for linux-amd64 JRE (1.7.0_95-b00), built on Jan 21 2016 03:31:40 by "buildd" with gcc 4.8.4
Memory: 4k page, physical 1016324k(721708k free), swap 0k(0k free)
CommandLine flags: -XX:CMSFullGCsBeforeCompaction=1 -XX:CMSInitiatingOccupancyFraction=50 -XX:CMSMaxAbortablePrecleanTime=6000 -XX:+CMSParallelRemarkEnabled -XX:+CMSScavengeBeforeRemark -XX:CMSTriggerPermRatio=80 -XX:ConcGCThreads=4 -XX:InitialHeapSize=536870912 -XX:MaxHeapSize=536870912 -XX:MaxTenuringThreshold=8 -XX:NewRatio=3 -XX:OldPLABSize=16 -XX:ParallelGCThreads=4 -XX:+ParallelRefProcEnabled -XX:PretenureSizeThreshold=67108864 -XX:+PrintGC -XX:+PrintGCApplicationStoppedTime -XX:+PrintGCDateStamps -XX:+PrintGCDetails -XX:+PrintGCTimeStamps -XX:+PrintHeapAtGC -XX:+PrintTenuringDistribution -XX:SurvivorRatio=4 -XX:TargetSurvivorRatio=90 -XX:ThreadStackSize=256 -XX:+UseCMSInitiatingOccupancyOnly -XX:+UseCompressedOops -XX:+UseConcMarkSweepGC -XX:+UseParNewGC 
2016-04-10T08:47:47.024+0000: 1.033: Total time for which application threads were stopped: 0.0053910 seconds, Stopping threads took: 0.0053100 seconds
{Heap before GC invocations=0 (full 0):
 par new generation   total 109248K, used 87424K [0x00000000d5a00000, 0x00000000dda00000, 0x00000000dda00000)
  eden space 87424K, 100% used [0x00000000d5a00000, 0x00000000daf60000, 0x00000000daf60000)
  from space 21824K,   0% used [0x00000000daf60000, 0x00000000daf60000, 0x00000000dc4b0000)
  to   space 21824K,   0% used [0x00000000dc4b0000, 0x00000000dc4b0000, 0x00000000dda00000)
 concurrent mark-sweep generation total 393216K, used 0K [0x00000000dda00000, 0x00000000f5a00000, 0x00000000f5a00000)
 concurrent-mark-sweep perm gen total 21248K, used 10325K [0x00000000f5a00000, 0x00000000f6ec0000, 0x0000000100000000)
2016-04-10T08:47:47.229+0000: 1.239: [GC2016-04-10T08:47:47.229+0000: 1.239: [ParNew
Desired survivor size 20112992 bytes, new threshold 8 (max 8)
- age   1:    5345744 bytes,    5345744 total
: 87424K->5274K(109248K), 0.0285530 secs] 87424K->5274K(502464K), 0.0286380 secs] [Times: user=0.02 sys=0.00, real=0.03 secs] 
Heap after GC invocations=1 (full 0):
 par new generation   total 109248K, used 5274K [0x00000000d5a00000, 0x00000000dda00000, 0x00000000dda00000)
  eden space 87424K,   0% used [0x00000000d5a00000, 0x00000000d5a00000, 0x00000000daf60000)
  from space 21824K,  24% used [0x00000000dc4b0000, 0x00000000dc9d6860, 0x00000000dda00000)
  to   space 21824K,   0% used [0x00000000daf60000, 0x00000000daf60000, 0x00000000dc4b0000)
 concurrent mark-sweep generation total 393216K, used 0K [0x00000000dda00000, 0x00000000f5a00000, 0x00000000f5a00000)
 concurrent-mark-sweep perm gen total 21248K, used 10325K [0x00000000f5a00000, 0x00000000f6ec0000, 0x0000000100000000)
}
2016-04-10T08:47:47.258+0000: 1.267: Total time for which application threads were stopped: 0.0287590 seconds, Stopping threads took: 0.0000220 seconds
2016-04-10T08:47:47.491+0000: 1.500: Total time for which application threads were stopped: 0.0001080 seconds, Stopping threads took: 0.0000200 seconds
2016-04-10T08:47:47.676+0000: 1.685: Total time for which application threads were stopped: 0.0001280 seconds, Stopping threads took: 0.0000230 seconds
2016-04-10T08:47:47.875+0000: 1.884: Total time for which application threads were stopped: 0.0001160 seconds, Stopping threads took: 0.0000280 seconds
{Heap before GC invocations=1 (full 0):
 par new generation   total 109248K, used 92698K [0x00000000d5a00000, 0x00000000dda00000, 0x00000000dda00000)
  eden space 87424K, 100% used [0x00000000d5a00000, 0x00000000daf60000, 0x00000000daf60000)
  from space 21824K,  24% used [0x00000000dc4b0000, 0x00000000dc9d6860, 0x00000000dda00000)
  to   space 21824K,   0% used [0x00000000daf60000, 0x00000000daf60000, 0x00000000dc4b0000)
 concurrent mark-sweep generation total 393216K, used 0K [0x00000000dda00000, 0x00000000f5a00000, 0x00000000f5a00000)
 concurrent-mark-sweep perm gen total 21248K, used 18300K [0x00000000f5a00000, 0x00000000f6ec0000, 0x0000000100000000)
2016-04-10T08:47:48.636+0000: 2.645: [GC2016-04-10T08:47:48.636+0000: 2.645: [ParNew
Desired survivor size 20112992 bytes, new threshold 8 (max 8)
- age   1:    6776320 bytes,    6776320 total
- age   2:    2177648 bytes,    8953968 total
: 92698K->11031K(109248K), 0.0344240 secs] 92698K->11031K(502464K), 0.0345050 secs] [Times: user=0.03 sys=0.00, real=0.03 secs] 
Heap after GC invocations=2 (full 0):
 par new generation   total 109248K, used 11031K [0x00000000d5a00000, 0x00000000dda00000, 0x00000000dda00000)
  eden space 87424K,   0% used [0x00000000d5a00000, 0x00000000d5a00000, 0x00000000daf60000)
  from space 21824K,  50% used [0x00000000daf60000, 0x00000000dba25f48, 0x00000000dc4b0000)
  to   space 21824K,   0% used [0x00000000dc4b0000, 0x00000000dc4b0000, 0x00000000dda00000)
 concurrent mark-sweep generation total 393216K, used 0K [0x00000000dda00000, 0x00000000f5a00000, 0x00000000f5a00000)
 concurrent-mark-sweep perm gen total 21248K, used 18300K [0x00000000f5a00000, 0x00000000f6ec0000, 0x0000000100000000)
}
2016-04-10T08:47:48.670+0000: 2.679: Total time for which application threads were stopped: 0.0347110 seconds, Stopping threads took: 0.0000240 seconds
{Heap before GC invocations=2 (full 0):
 par new generation   total 109248K, used 98455K [0x00000000d5a00000, 0x00000000dda00000, 0x00000000dda00000)
  eden space 87424K, 100% used [0x00000000d5a00000, 0x00000000daf60000, 0x00000000daf60000)
  from space 21824K,  50% used [0x00000000daf60000, 0x00000000dba25f48, 0x00000000dc4b0000)
  to   space 21824K,   0% used [0x00000000dc4b0000, 0x00000000dc4b0000, 0x00000000dda00000)
 concurrent mark-sweep generation total 393216K, used 0K [0x00000000dda00000, 0x00000000f5a00000, 0x00000000f5a00000)
 concurrent-mark-sweep perm gen total 25280K, used 25113K [0x00000000f5a00000, 0x00000000f72b0000, 0x0000000100000000)
2016-04-10T08:47:49.592+0000: 3.602: [GC2016-04-10T08:47:49.592+0000: 3.602: [ParNew
Desired survivor size 20112992 bytes, new threshold 8 (max 8)
- age   1:    8429912 bytes,    8429912 total
- age   2:    2766688 bytes,   11196600 total
- age   3:    2154016 bytes,   13350616 total
: 98455K->16665K(109248K), 0.0417660 secs] 98455K->16665K(502464K), 0.0418440 secs] [Times: user=0.04 sys=0.00, real=0.04 secs] 
Heap after GC invocations=3 (full 0):
 par new generation   total 109248K, used 16665K [0x00000000d5a00000, 0x00000000dda00000, 0x00000000dda00000)
  eden space 87424K,   0% used [0x00000000d5a00000, 0x00000000d5a00000, 0x00000000daf60000)
  from space 21824K,  76% used [0x00000000dc4b0000, 0x00000000dd4f6478, 0x00000000dda00000)
  to   space 21824K,   0% used [0x00000000daf60000, 0x00000000daf60000, 0x00000000dc4b0000)
 concurrent mark-sweep generation total 393216K, used 0K [0x00000000dda00000, 0x00000000f5a00000, 0x00000000f5a00000)
 concurrent-mark-sweep perm gen total 25280K, used 25113K [0x00000000f5a00000, 0x00000000f72b0000, 0x0000000100000000)
}
2016-04-10T08:47:49.634+0000: 3.643: Total time for which application threads were stopped: 0.0420510 seconds, Stopping threads took: 0.0000210 seconds
2016-04-10T08:47:50.072+0000: 4.081: Total time for which application threads were stopped: 0.0005110 seconds, Stopping threads took: 0.0000260 seconds
2016-04-10T08:48:41.383+0000: 55.392: Total time for which application threads were stopped: 0.0001010 seconds, Stopping threads took: 0.0000230 seconds
2016-04-10T08:48:41.387+0000: 55.396: Total time for which application threads were stopped: 0.0000330 seconds, Stopping threads took: 0.0000150 seconds
2016-04-10T08:48:41.422+0000: 55.431: Total time for which application threads were stopped: 0.0000660 seconds, Stopping threads took: 0.0000220 seconds
2016-04-10T08:48:41.546+0000: 55.556: Total time for which application threads were stopped: 0.0000580 seconds, Stopping threads took: 0.0000280 seconds
2016-04-10T08:48:41.547+0000: 55.556: Total time for which application threads were stopped: 0.0000260 seconds, Stopping threads took: 0.0000090 seconds
2016-04-10T08:48:41.547+0000: 55.556: Total time for which application threads were stopped: 0.0000240 seconds, Stopping threads took: 0.0000080 seconds
2016-04-10T08:48:41.676+0000: 55.685: Total time for which application threads were stopped: 0.0061750 seconds, Stopping threads took: 0.0061180 seconds
2016-04-10T08:48:41.676+0000: 55.686: Total time for which application threads were stopped: 0.0000360 seconds, Stopping threads took: 0.0000080 seconds
2016-04-10T08:48:41.687+0000: 55.696: Total time for which application threads were stopped: 0.0000320 seconds, Stopping threads took: 0.0000160 seconds
2016-04-10T08:48:42.687+0000: 56.696: Total time for which application threads were stopped: 0.0001380 seconds, Stopping threads took: 0.0000250 seconds
2016-04-10T08:49:26.687+0000: 100.696: Total time for which application threads were stopped: 0.0021140 seconds, Stopping threads took: 0.0020250 seconds
2016-04-10T08:49:26.687+0000: 100.696: Total time for which application threads were stopped: 0.0000220 seconds, Stopping threads took: 0.0000070 seconds
2016-04-10T08:49:26.771+0000: 100.780: Total time for which application threads were stopped: 0.0021420 seconds, Stopping threads took: 0.0020240 seconds
2016-04-10T08:49:27.771+0000: 101.781: Total time for which application threads were stopped: 0.0001320 seconds, Stopping threads took: 0.0000230 seconds
2016-04-10T08:49:28.772+0000: 102.781: Total time for which application threads were stopped: 0.0001280 seconds, Stopping threads took: 0.0000270 seconds
2016-04-10T08:50:17.779+0000: 151.788: Total time for which application threads were stopped: 0.0001240 seconds, Stopping threads took: 0.0000260 seconds
2016-04-10T08:51:07.509+0000: 201.518: Total time for which application threads were stopped: 0.0001550 seconds, Stopping threads took: 0.0000530 seconds
2016-04-10T08:51:25.227+0000: 219.237: Total time for which application threads were stopped: 0.0001480 seconds, Stopping threads took: 0.0000520 seconds
2016-04-10T09:01:48.321+0000: 842.330: Total time for which application threads were stopped: 0.0001320 seconds, Stopping threads took: 0.0000440 seconds
2016-04-10T11:30:00.949+0000: 9734.959: Total time for which application threads were stopped: 0.0006580 seconds, Stopping threads took: 0.0001470 seconds
2016-04-10T11:30:00.950+0000: 9734.959: Total time for which application threads were stopped: 0.0000490 seconds, Stopping threads took: 0.0000160 seconds
2016-04-10T11:30:01.049+0000: 9735.059: Total time for which application threads were stopped: 0.0005120 seconds, Stopping threads took: 0.0000910 seconds
2016-04-10T11:30:01.050+0000: 9735.059: Total time for which application threads were stopped: 0.0000840 seconds, Stopping threads took: 0.0000340 seconds
2016-04-10T11:30:02.062+0000: 9736.071: Total time for which application threads were stopped: 0.0116800 seconds, Stopping threads took: 0.0114290 seconds
2016-04-10T11:30:03.068+0000: 9737.077: Total time for which application threads were stopped: 0.0056260 seconds, Stopping threads took: 0.0052990 seconds
2016-04-10T11:30:04.070+0000: 9738.079: Total time for which application threads were stopped: 0.0022490 seconds, Stopping threads took: 0.0020280 seconds
2016-04-10T11:30:05.073+0000: 9739.082: Total time for which application threads were stopped: 0.0023260 seconds, Stopping threads took: 0.0020160 seconds
2016-04-10T11:30:06.084+0000: 9740.093: Total time for which application threads were stopped: 0.0112490 seconds, Stopping threads took: 0.0108340 seconds
2016-04-10T11:30:07.092+0000: 9741.102: Total time for which application threads were stopped: 0.0081880 seconds, Stopping threads took: 0.0077840 seconds
{Heap before GC invocations=3 (full 0):
 par new generation   total 109248K, used 104089K [0x00000000d5a00000, 0x00000000dda00000, 0x00000000dda00000)
  eden space 87424K, 100% used [0x00000000d5a00000, 0x00000000daf60000, 0x00000000daf60000)
  from space 21824K,  76% used [0x00000000dc4b0000, 0x00000000dd4f6478, 0x00000000dda00000)
  to   space 21824K,   0% used [0x00000000daf60000, 0x00000000daf60000, 0x00000000dc4b0000)
 concurrent mark-sweep generation total 393216K, used 0K [0x00000000dda00000, 0x00000000f5a00000, 0x00000000f5a00000)
 concurrent-mark-sweep perm gen total 28736K, used 28636K [0x00000000f5a00000, 0x00000000f7610000, 0x0000000100000000)
2016-04-10T11:30:07.547+0000: 9741.556: [GC2016-04-10T11:30:07.547+0000: 9741.556: [ParNew
Desired survivor size 20112992 bytes, new threshold 8 (max 8)
- age   1:   12273728 bytes,   12273728 total
- age   2:    2877944 bytes,   15151672 total
- age   3:    2730280 bytes,   17881952 total
- age   4:    2153168 bytes,   20035120 total
: 104089K->21824K(109248K), 0.1168160 secs] 104089K->21824K(502464K), 0.1170790 secs] [Times: user=0.12 sys=0.01, real=0.12 secs] 
Heap after GC invocations=4 (full 0):
 par new generation   total 109248K, used 21824K [0x00000000d5a00000, 0x00000000dda00000, 0x00000000dda00000)
  eden space 87424K,   0% used [0x00000000d5a00000, 0x00000000d5a00000, 0x00000000daf60000)
  from space 21824K, 100% used [0x00000000daf60000, 0x00000000dc4b0000, 0x00000000dc4b0000)
  to   space 21824K,   0% used [0x00000000dc4b0000, 0x00000000dc4b0000, 0x00000000dda00000)
 concurrent mark-sweep generation total 393216K, used 0K [0x00000000dda00000, 0x00000000f5a00000, 0x00000000f5a00000)
 concurrent-mark-sweep perm gen total 28736K, used 28636K [0x00000000f5a00000, 0x00000000f7610000, 0x0000000100000000)
}
2016-04-10T11:30:07.664+0000: 9741.673: Total time for which application threads were stopped: 0.1174620 seconds, Stopping threads took: 0.0000820 seconds
2016-04-10T11:30:07.687+0000: 9741.696: Total time for which application threads were stopped: 0.0083040 seconds, Stopping threads took: 0.0080470 seconds
2016-04-10T11:30:07.687+0000: 9741.696: Total time for which application threads were stopped: 0.0000720 seconds, Stopping threads took: 0.0000370 seconds
2016-04-10T11:30:07.687+0000: 9741.696: Total time for which application threads were stopped: 0.0000460 seconds, Stopping threads took: 0.0000180 seconds
2016-04-10T11:30:07.687+0000: 9741.697: Total time for which application threads were stopped: 0.0000560 seconds, Stopping threads took: 0.0000150 seconds
2016-04-10T11:30:07.687+0000: 9741.697: Total time for which application threads were stopped: 0.0000380 seconds, Stopping threads took: 0.0000050 seconds
2016-04-10T11:30:07.688+0000: 9741.697: Total time for which application threads were stopped: 0.0000700 seconds, Stopping threads took: 0.0000200 seconds
2016-04-10T11:30:07.688+0000: 9741.697: Total time for which application threads were stopped: 0.0000650 seconds, Stopping threads took: 0.0000130 seconds
2016-04-10T11:30:07.688+0000: 9741.697: Total time for which application threads were stopped: 0.0000700 seconds, Stopping threads took: 0.0000250 seconds
2016-04-10T11:30:07.688+0000: 9741.697: Total time for which application threads were stopped: 0.0000530 seconds, Stopping threads took: 0.0000250 seconds
2016-04-10T11:30:07.688+0000: 9741.697: Total time for which application threads were stopped: 0.0000420 seconds, Stopping threads took: 0.0000130 seconds
2016-04-10T11:30:07.699+0000: 9741.708: Total time for which application threads were stopped: 0.0054270 seconds, Stopping threads took: 0.0053870 seconds
2016-04-10T11:30:07.699+0000: 9741.708: Total time for which application threads were stopped: 0.0000340 seconds, Stopping threads took: 0.0000080 seconds
2016-04-10T11:30:07.699+0000: 9741.709: Total time for which application threads were stopped: 0.0000480 seconds, Stopping threads took: 0.0000150 seconds
2016-04-10T11:30:07.699+0000: 9741.709: Total time for which application threads were stopped: 0.0000690 seconds, Stopping threads took: 0.0000240 seconds
2016-04-10T11:30:07.699+0000: 9741.709: Total time for which application threads were stopped: 0.0000270 seconds, Stopping threads took: 0.0000050 seconds
2016-04-10T11:30:07.700+0000: 9741.709: Total time for which application threads were stopped: 0.0000660 seconds, Stopping threads took: 0.0000150 seconds
2016-04-10T11:30:07.700+0000: 9741.709: Total time for which application threads were stopped: 0.0000670 seconds, Stopping threads took: 0.0000210 seconds
2016-04-10T11:30:07.700+0000: 9741.709: Total time for which application threads were stopped: 0.0000610 seconds, Stopping threads took: 0.0000230 seconds
2016-04-10T11:30:07.700+0000: 9741.709: Total time for which application threads were stopped: 0.0000340 seconds, Stopping threads took: 0.0000100 seconds
2016-04-10T11:30:07.700+0000: 9741.710: Total time for which application threads were stopped: 0.0002660 seconds, Stopping threads took: 0.0000150 seconds
2016-04-10T11:30:08.719+0000: 9742.728: Total time for which application threads were stopped: 0.0121040 seconds, Stopping threads took: 0.0119860 seconds
2016-04-10T11:30:08.759+0000: 9742.768: Total time for which application threads were stopped: 0.0002000 seconds, Stopping threads took: 0.0000320 seconds
2016-04-10T11:30:09.759+0000: 9743.768: Total time for which application threads were stopped: 0.0001490 seconds, Stopping threads took: 0.0000230 seconds
2016-04-10T11:30:13.468+0000: 9747.477: Total time for which application threads were stopped: 0.0002740 seconds, Stopping threads took: 0.0000680 seconds
2016-04-10T11:30:13.468+0000: 9747.478: Total time for which application threads were stopped: 0.0000640 seconds, Stopping threads took: 0.0000190 seconds
2016-04-10T11:30:14.474+0000: 9748.483: Total time for which application threads were stopped: 0.0050960 seconds, Stopping threads took: 0.0049560 seconds
{Heap before GC invocations=4 (full 0):
 par new generation   total 109248K, used 109248K [0x00000000d5a00000, 0x00000000dda00000, 0x00000000dda00000)
  eden space 87424K, 100% used [0x00000000d5a00000, 0x00000000daf60000, 0x00000000daf60000)
  from space 21824K, 100% used [0x00000000daf60000, 0x00000000dc4b0000, 0x00000000dc4b0000)
  to   space 21824K,   0% used [0x00000000dc4b0000, 0x00000000dc4b0000, 0x00000000dda00000)
 concurrent mark-sweep generation total 393216K, used 0K [0x00000000dda00000, 0x00000000f5a00000, 0x00000000f5a00000)
 concurrent-mark-sweep perm gen total 29312K, used 29131K [0x00000000f5a00000, 0x00000000f76a0000, 0x0000000100000000)
2016-04-10T11:30:14.807+0000: 9748.816: [GC2016-04-10T11:30:14.807+0000: 9748.817: [ParNew
Desired survivor size 20112992 bytes, new threshold 8 (max 8)
- age   1:    5145696 bytes,    5145696 total
- age   2:    5534712 bytes,   10680408 total
- age   3:    2708800 bytes,   13389208 total
- age   4:    2642136 bytes,   16031344 total
- age   5:    1823584 bytes,   17854928 total
: 109248K->21824K(109248K), 0.0909470 secs] 109248K->22378K(502464K), 0.0911610 secs] [Times: user=0.09 sys=0.00, real=0.09 secs] 
Heap after GC invocations=5 (full 0):
 par new generation   total 109248K, used 21824K [0x00000000d5a00000, 0x00000000dda00000, 0x00000000dda00000)
  eden space 87424K,   0% used [0x00000000d5a00000, 0x00000000d5a00000, 0x00000000daf60000)
  from space 21824K, 100% used [0x00000000dc4b0000, 0x00000000dda00000, 0x00000000dda00000)
  to   space 21824K,   0% used [0x00000000daf60000, 0x00000000daf60000, 0x00000000dc4b0000)
 concurrent mark-sweep generation total 393216K, used 554K [0x00000000dda00000, 0x00000000f5a00000, 0x00000000f5a00000)
 concurrent-mark-sweep perm gen total 29312K, used 29131K [0x00000000f5a00000, 0x00000000f76a0000, 0x0000000100000000)
}
2016-04-10T11:30:14.898+0000: 9748.908: Total time for which application threads were stopped: 0.0916110 seconds, Stopping threads took: 0.0001090 seconds
2016-04-10T11:30:14.906+0000: 9748.915: Total time for which application threads were stopped: 0.0022110 seconds, Stopping threads took: 0.0021250 seconds
2016-04-10T11:30:14.906+0000: 9748.915: Total time for which application threads were stopped: 0.0000830 seconds, Stopping threads took: 0.0000390 seconds
2016-04-10T11:30:14.906+0000: 9748.916: Total time for which application threads were stopped: 0.0000610 seconds, Stopping threads took: 0.0000190 seconds
2016-04-10T11:30:14.906+0000: 9748.916: Total time for which application threads were stopped: 0.0000180 seconds, Stopping threads took: 0.0000070 seconds
2016-04-10T11:30:14.907+0000: 9748.916: Total time for which application threads were stopped: 0.0000470 seconds, Stopping threads took: 0.0000150 seconds
2016-04-10T11:30:14.907+0000: 9748.916: Total time for which application threads were stopped: 0.0000410 seconds, Stopping threads took: 0.0000130 seconds
2016-04-10T11:30:14.907+0000: 9748.916: Total time for which application threads were stopped: 0.0000500 seconds, Stopping threads took: 0.0000190 seconds
2016-04-10T11:30:14.907+0000: 9748.916: Total time for which application threads were stopped: 0.0000470 seconds, Stopping threads took: 0.0000100 seconds
2016-04-10T11:30:14.907+0000: 9748.916: Total time for which application threads were stopped: 0.0000500 seconds, Stopping threads took: 0.0000130 seconds
2016-04-10T11:30:14.907+0000: 9748.916: Total time for which application threads were stopped: 0.0000560 seconds, Stopping threads took: 0.0000230 seconds
2016-04-10T11:30:14.907+0000: 9748.917: Total time for which application threads were stopped: 0.0000420 seconds, Stopping threads took: 0.0000150 seconds
2016-04-10T11:30:14.907+0000: 9748.917: Total time for which application threads were stopped: 0.0000470 seconds, Stopping threads took: 0.0000180 seconds
2016-04-10T11:30:14.907+0000: 9748.917: Total time for which application threads were stopped: 0.0000440 seconds, Stopping threads took: 0.0000180 seconds
2016-04-10T11:30:14.908+0000: 9748.917: Total time for which application threads were stopped: 0.0000490 seconds, Stopping threads took: 0.0000150 seconds
2016-04-10T11:30:14.909+0000: 9748.918: Total time for which application threads were stopped: 0.0000910 seconds, Stopping threads took: 0.0000510 seconds
2016-04-10T11:30:14.909+0000: 9748.918: Total time for which application threads were stopped: 0.0000490 seconds, Stopping threads took: 0.0000180 seconds
2016-04-10T11:30:14.909+0000: 9748.918: Total time for which application threads were stopped: 0.0000720 seconds, Stopping threads took: 0.0000250 seconds
2016-04-10T11:30:14.909+0000: 9748.918: Total time for which application threads were stopped: 0.0000770 seconds, Stopping threads took: 0.0000230 seconds
2016-04-10T11:30:14.909+0000: 9748.918: Total time for which application threads were stopped: 0.0000200 seconds, Stopping threads took: 0.0000090 seconds
2016-04-10T11:30:14.910+0000: 9748.919: Total time for which application threads were stopped: 0.0003970 seconds, Stopping threads took: 0.0000120 seconds
2016-04-10T11:30:15.913+0000: 9749.923: Total time for which application threads were stopped: 0.0021780 seconds, Stopping threads took: 0.0020360 seconds
2016-04-10T11:30:16.920+0000: 9750.929: Total time for which application threads were stopped: 0.0063040 seconds, Stopping threads took: 0.0059070 seconds
2016-04-10T11:30:18.047+0000: 9752.056: Total time for which application threads were stopped: 0.0004810 seconds, Stopping threads took: 0.0001130 seconds
2016-04-10T11:30:18.060+0000: 9752.070: Total time for which application threads were stopped: 0.0001340 seconds, Stopping threads took: 0.0000780 seconds
2016-04-10T11:30:18.452+0000: 9752.461: Total time for which application threads were stopped: 0.0003380 seconds, Stopping threads took: 0.0000390 seconds
2016-04-10T11:30:18.478+0000: 9752.488: Total time for which application threads were stopped: 0.0002150 seconds, Stopping threads took: 0.0000890 seconds
2016-04-10T11:30:18.479+0000: 9752.488: Total time for which application threads were stopped: 0.0001160 seconds, Stopping threads took: 0.0000460 seconds
2016-04-10T11:30:18.479+0000: 9752.488: Total time for which application threads were stopped: 0.0000930 seconds, Stopping threads took: 0.0000430 seconds
2016-04-10T11:30:18.479+0000: 9752.489: Total time for which application threads were stopped: 0.0000690 seconds, Stopping threads took: 0.0000330 seconds
2016-04-10T11:30:18.479+0000: 9752.489: Total time for which application threads were stopped: 0.0000250 seconds, Stopping threads took: 0.0000100 seconds
2016-04-10T11:30:18.480+0000: 9752.489: Total time for which application threads were stopped: 0.0000750 seconds, Stopping threads took: 0.0000330 seconds
2016-04-10T11:30:18.480+0000: 9752.489: Total time for which application threads were stopped: 0.0000620 seconds, Stopping threads took: 0.0000270 seconds
2016-04-10T11:30:18.482+0000: 9752.491: Total time for which application threads were stopped: 0.0000720 seconds, Stopping threads took: 0.0000330 seconds
2016-04-10T11:30:18.482+0000: 9752.491: Total time for which application threads were stopped: 0.0000670 seconds, Stopping threads took: 0.0000280 seconds
2016-04-10T11:30:18.492+0000: 9752.501: Total time for which application threads were stopped: 0.0001180 seconds, Stopping threads took: 0.0000540 seconds
2016-04-10T11:30:26.496+0000: 9760.505: Total time for which application threads were stopped: 0.0025640 seconds, Stopping threads took: 0.0021080 seconds
{Heap before GC invocations=5 (full 0):
 par new generation   total 109248K, used 109248K [0x00000000d5a00000, 0x00000000dda00000, 0x00000000dda00000)
  eden space 87424K, 100% used [0x00000000d5a00000, 0x00000000daf60000, 0x00000000daf60000)
  from space 21824K, 100% used [0x00000000dc4b0000, 0x00000000dda00000, 0x00000000dda00000)
  to   space 21824K,   0% used [0x00000000daf60000, 0x00000000daf60000, 0x00000000dc4b0000)
 concurrent mark-sweep generation total 393216K, used 554K [0x00000000dda00000, 0x00000000f5a00000, 0x00000000f5a00000)
 concurrent-mark-sweep perm gen total 29312K, used 29185K [0x00000000f5a00000, 0x00000000f76a0000, 0x0000000100000000)
2016-04-10T11:30:26.992+0000: 9761.001: [GC2016-04-10T11:30:26.992+0000: 9761.001: [ParNew
Desired survivor size 20112992 bytes, new threshold 8 (max 8)
- age   1:    4985080 bytes,    4985080 total
- age   2:    1112232 bytes,    6097312 total
- age   3:    4658800 bytes,   10756112 total
- age   4:    2541416 bytes,   13297528 total
- age   5:    2437952 bytes,   15735480 total
- age   6:    1809320 bytes,   17544800 total
: 109248K->21824K(109248K), 0.0360160 secs] 109802K->25331K(502464K), 0.0360910 secs] [Times: user=0.04 sys=0.00, real=0.03 secs] 
Heap after GC invocations=6 (full 0):
 par new generation   total 109248K, used 21824K [0x00000000d5a00000, 0x00000000dda00000, 0x00000000dda00000)
  eden space 87424K,   0% used [0x00000000d5a00000, 0x00000000d5a00000, 0x00000000daf60000)
  from space 21824K, 100% used [0x00000000daf60000, 0x00000000dc4b0000, 0x00000000dc4b0000)
  to   space 21824K,   0% used [0x00000000dc4b0000, 0x00000000dc4b0000, 0x00000000dda00000)
 concurrent mark-sweep generation total 393216K, used 3507K [0x00000000dda00000, 0x00000000f5a00000, 0x00000000f5a00000)
 concurrent-mark-sweep perm gen total 29312K, used 29185K [0x00000000f5a00000, 0x00000000f76a0000, 0x0000000100000000)
}
2016-04-10T11:30:27.028+0000: 9761.037: Total time for which application threads were stopped: 0.0362870 seconds, Stopping threads took: 0.0000390 seconds
2016-04-10T11:30:27.598+0000: 9761.607: Total time for which application threads were stopped: 0.0001520 seconds, Stopping threads took: 0.0000270 seconds
2016-04-10T11:30:27.607+0000: 9761.616: Total time for which application threads were stopped: 0.0000560 seconds, Stopping threads took: 0.0000320 seconds
2016-04-10T11:30:27.789+0000: 9761.798: Total time for which application threads were stopped: 0.0000650 seconds, Stopping threads took: 0.0000240 seconds
2016-04-10T11:30:27.800+0000: 9761.809: Total time for which application threads were stopped: 0.0000440 seconds, Stopping threads took: 0.0000180 seconds
2016-04-10T11:30:27.800+0000: 9761.809: Total time for which application threads were stopped: 0.0000210 seconds, Stopping threads took: 0.0000060 seconds
2016-04-10T11:30:27.800+0000: 9761.809: Total time for which application threads were stopped: 0.0000190 seconds, Stopping threads took: 0.0000050 seconds
2016-04-10T11:30:27.800+0000: 9761.809: Total time for which application threads were stopped: 0.0000180 seconds, Stopping threads took: 0.0000050 seconds
2016-04-10T11:30:27.800+0000: 9761.810: Total time for which application threads were stopped: 0.0000200 seconds, Stopping threads took: 0.0000060 seconds
2016-04-10T11:30:27.800+0000: 9761.810: Total time for which application threads were stopped: 0.0000180 seconds, Stopping threads took: 0.0000050 seconds
2016-04-10T11:30:27.800+0000: 9761.810: Total time for which application threads were stopped: 0.0000180 seconds, Stopping threads took: 0.0000050 seconds
2016-04-10T11:30:27.801+0000: 9761.810: Total time for which application threads were stopped: 0.0000300 seconds, Stopping threads took: 0.0000140 seconds
2016-04-10T11:30:27.801+0000: 9761.810: Total time for which application threads were stopped: 0.0000250 seconds, Stopping threads took: 0.0000110 seconds
{Heap before GC invocations=6 (full 0):
 par new generation   total 109248K, used 109248K [0x00000000d5a00000, 0x00000000dda00000, 0x00000000dda00000)
  eden space 87424K, 100% used [0x00000000d5a00000, 0x00000000daf60000, 0x00000000daf60000)
  from space 21824K, 100% used [0x00000000daf60000, 0x00000000dc4b0000, 0x00000000dc4b0000)
  to   space 21824K,   0% used [0x00000000dc4b0000, 0x00000000dc4b0000, 0x00000000dda00000)
 concurrent mark-sweep generation total 393216K, used 3507K [0x00000000dda00000, 0x00000000f5a00000, 0x00000000f5a00000)
 concurrent-mark-sweep perm gen total 29504K, used 29291K [0x00000000f5a00000, 0x00000000f76d0000, 0x0000000100000000)
2016-04-10T11:30:31.352+0000: 9765.361: [GC2016-04-10T11:30:31.352+0000: 9765.361: [ParNew
Desired survivor size 20112992 bytes, new threshold 8 (max 8)
- age   1:    3557368 bytes,    3557368 total
- age   2:    2756856 bytes,    6314224 total
- age   3:     995072 bytes,    7309296 total
- age   4:    3647016 bytes,   10956312 total
- age   5:    2541080 bytes,   13497392 total
- age   6:    2424912 bytes,   15922304 total
- age   7:    1778048 bytes,   17700352 total
: 109248K->21824K(109248K), 0.0480630 secs] 112755K->27939K(502464K), 0.0481570 secs] [Times: user=0.05 sys=0.00, real=0.05 secs] 
Heap after GC invocations=7 (full 0):
 par new generation   total 109248K, used 21824K [0x00000000d5a00000, 0x00000000dda00000, 0x00000000dda00000)
  eden space 87424K,   0% used [0x00000000d5a00000, 0x00000000d5a00000, 0x00000000daf60000)
  from space 21824K, 100% used [0x00000000dc4b0000, 0x00000000dda00000, 0x00000000dda00000)
  to   space 21824K,   0% used [0x00000000daf60000, 0x00000000daf60000, 0x00000000dc4b0000)
 concurrent mark-sweep generation total 393216K, used 6115K [0x00000000dda00000, 0x00000000f5a00000, 0x00000000f5a00000)
 concurrent-mark-sweep perm gen total 29504K, used 29291K [0x00000000f5a00000, 0x00000000f76d0000, 0x0000000100000000)
}
2016-04-10T11:30:31.400+0000: 9765.409: Total time for which application threads were stopped: 0.0484050 seconds, Stopping threads took: 0.0000280 seconds
2016-04-10T11:30:31.988+0000: 9765.997: Total time for which application threads were stopped: 0.0001720 seconds, Stopping threads took: 0.0000260 seconds
2016-04-10T11:30:31.988+0000: 9765.997: Total time for which application threads were stopped: 0.0000360 seconds, Stopping threads took: 0.0000060 seconds
2016-04-10T11:30:31.988+0000: 9765.997: Total time for which application threads were stopped: 0.0000280 seconds, Stopping threads took: 0.0000050 seconds
2016-04-10T11:30:31.988+0000: 9765.997: Total time for which application threads were stopped: 0.0000700 seconds, Stopping threads took: 0.0000050 seconds
{Heap before GC invocations=7 (full 0):
 par new generation   total 109248K, used 109248K [0x00000000d5a00000, 0x00000000dda00000, 0x00000000dda00000)
  eden space 87424K, 100% used [0x00000000d5a00000, 0x00000000daf60000, 0x00000000daf60000)
  from space 21824K, 100% used [0x00000000dc4b0000, 0x00000000dda00000, 0x00000000dda00000)
  to   space 21824K,   0% used [0x00000000daf60000, 0x00000000daf60000, 0x00000000dc4b0000)
 concurrent mark-sweep generation total 393216K, used 6115K [0x00000000dda00000, 0x00000000f5a00000, 0x00000000f5a00000)
 concurrent-mark-sweep perm gen total 29504K, used 29325K [0x00000000f5a00000, 0x00000000f76d0000, 0x0000000100000000)
2016-04-10T11:30:35.673+0000: 9769.682: [GC2016-04-10T11:30:35.673+0000: 9769.682: [ParNew
Desired survivor size 20112992 bytes, new threshold 8 (max 8)
- age   1:    5095048 bytes,    5095048 total
- age   2:     694360 bytes,    5789408 total
- age   3:    2737592 bytes,    8527000 total
- age   4:     910824 bytes,    9437824 total
- age   5:    3214848 bytes,   12652672 total
- age   6:    2416192 bytes,   15068864 total
- age   7:    2133664 bytes,   17202528 total
- age   8:    1638584 bytes,   18841112 total
: 109248K->21824K(109248K), 0.0357890 secs] 115363K->29637K(502464K), 0.0358790 secs] [Times: user=0.04 sys=0.00, real=0.03 secs] 
Heap after GC invocations=8 (full 0):
 par new generation   total 109248K, used 21824K [0x00000000d5a00000, 0x00000000dda00000, 0x00000000dda00000)
  eden space 87424K,   0% used [0x00000000d5a00000, 0x00000000d5a00000, 0x00000000daf60000)
  from space 21824K, 100% used [0x00000000daf60000, 0x00000000dc4b0000, 0x00000000dc4b0000)
  to   space 21824K,   0% used [0x00000000dc4b0000, 0x00000000dc4b0000, 0x00000000dda00000)
 concurrent mark-sweep generation total 393216K, used 7813K [0x00000000dda00000, 0x00000000f5a00000, 0x00000000f5a00000)
 concurrent-mark-sweep perm gen total 29504K, used 29325K [0x00000000f5a00000, 0x00000000f76d0000, 0x0000000100000000)
}
2016-04-10T11:30:35.709+0000: 9769.718: Total time for which application threads were stopped: 0.0361140 seconds, Stopping threads took: 0.0000240 seconds
2016-04-10T11:30:36.102+0000: 9770.111: Total time for which application threads were stopped: 0.0001130 seconds, Stopping threads took: 0.0000260 seconds
2016-04-10T11:30:36.102+0000: 9770.111: Total time for which application threads were stopped: 0.0000230 seconds, Stopping threads took: 0.0000100 seconds
2016-04-10T11:30:36.104+0000: 9770.113: Total time for which application threads were stopped: 0.0000320 seconds, Stopping threads took: 0.0000130 seconds
2016-04-10T11:30:36.104+0000: 9770.113: Total time for which application threads were stopped: 0.0000230 seconds, Stopping threads took: 0.0000100 seconds
2016-04-10T11:30:36.269+0000: 9770.278: Total time for which application threads were stopped: 0.0001220 seconds, Stopping threads took: 0.0000360 seconds
2016-04-10T11:30:36.269+0000: 9770.278: Total time for which application threads were stopped: 0.0000250 seconds, Stopping threads took: 0.0000100 seconds
{Heap before GC invocations=8 (full 0):
 par new generation   total 109248K, used 109248K [0x00000000d5a00000, 0x00000000dda00000, 0x00000000dda00000)
  eden space 87424K, 100% used [0x00000000d5a00000, 0x00000000daf60000, 0x00000000daf60000)
  from space 21824K, 100% used [0x00000000daf60000, 0x00000000dc4b0000, 0x00000000dc4b0000)
  to   space 21824K,   0% used [0x00000000dc4b0000, 0x00000000dc4b0000, 0x00000000dda00000)
 concurrent mark-sweep generation total 393216K, used 7813K [0x00000000dda00000, 0x00000000f5a00000, 0x00000000f5a00000)
 concurrent-mark-sweep perm gen total 29504K, used 29348K [0x00000000f5a00000, 0x00000000f76d0000, 0x0000000100000000)
2016-04-10T11:30:40.130+0000: 9774.140: [GC2016-04-10T11:30:40.130+0000: 9774.140: [ParNew
Desired survivor size 20112992 bytes, new threshold 8 (max 8)
- age   1:    3424376 bytes,    3424376 total
- age   2:    1750888 bytes,    5175264 total
- age   3:     487376 bytes,    5662640 total
- age   4:    2657176 bytes,    8319816 total
- age   5:     910824 bytes,    9230640 total
- age   6:    5158464 bytes,   14389104 total
- age   7:    2364504 bytes,   16753608 total
- age   8:    2133664 bytes,   18887272 total
: 109248K->21824K(109248K), 0.0454730 secs] 117061K->34530K(502464K), 0.0455480 secs] [Times: user=0.05 sys=0.00, real=0.05 secs] 
Heap after GC invocations=9 (full 0):
 par new generation   total 109248K, used 21824K [0x00000000d5a00000, 0x00000000dda00000, 0x00000000dda00000)
  eden space 87424K,   0% used [0x00000000d5a00000, 0x00000000d5a00000, 0x00000000daf60000)
  from space 21824K, 100% used [0x00000000dc4b0000, 0x00000000dda00000, 0x00000000dda00000)
  to   space 21824K,   0% used [0x00000000daf60000, 0x00000000daf60000, 0x00000000dc4b0000)
 concurrent mark-sweep generation total 393216K, used 12706K [0x00000000dda00000, 0x00000000f5a00000, 0x00000000f5a00000)
 concurrent-mark-sweep perm gen total 29504K, used 29348K [0x00000000f5a00000, 0x00000000f76d0000, 0x0000000100000000)
}
2016-04-10T11:30:40.176+0000: 9774.185: Total time for which application threads were stopped: 0.0457700 seconds, Stopping threads took: 0.0000260 seconds
2016-04-10T11:30:40.747+0000: 9774.756: Total time for which application threads were stopped: 0.0001730 seconds, Stopping threads took: 0.0000410 seconds
2016-04-10T11:30:40.755+0000: 9774.764: Total time for which application threads were stopped: 0.0000380 seconds, Stopping threads took: 0.0000170 seconds
2016-04-10T11:30:40.787+0000: 9774.797: Total time for which application threads were stopped: 0.0000620 seconds, Stopping threads took: 0.0000180 seconds
2016-04-10T11:30:40.802+0000: 9774.811: Total time for which application threads were stopped: 0.0065960 seconds, Stopping threads took: 0.0064570 seconds
2016-04-10T11:30:40.930+0000: 9774.939: Total time for which application threads were stopped: 0.0003100 seconds, Stopping threads took: 0.0002680 seconds
2016-04-10T11:30:40.931+0000: 9774.941: Total time for which application threads were stopped: 0.0011830 seconds, Stopping threads took: 0.0011600 seconds
2016-04-10T11:30:40.932+0000: 9774.941: Total time for which application threads were stopped: 0.0002350 seconds, Stopping threads took: 0.0002190 seconds
2016-04-10T11:30:40.950+0000: 9774.960: Total time for which application threads were stopped: 0.0013300 seconds, Stopping threads took: 0.0013030 seconds
2016-04-10T11:30:40.950+0000: 9774.960: Total time for which application threads were stopped: 0.0000190 seconds, Stopping threads took: 0.0000060 seconds
2016-04-10T11:30:40.950+0000: 9774.960: Total time for which application threads were stopped: 0.0000180 seconds, Stopping threads took: 0.0000060 seconds
2016-04-10T11:30:40.950+0000: 9774.960: Total time for which application threads were stopped: 0.0000310 seconds, Stopping threads took: 0.0000050 seconds
2016-04-10T11:30:40.951+0000: 9774.960: Total time for which application threads were stopped: 0.0000190 seconds, Stopping threads took: 0.0000060 seconds
2016-04-10T11:30:40.951+0000: 9774.960: Total time for which application threads were stopped: 0.0000170 seconds, Stopping threads took: 0.0000050 seconds
2016-04-10T11:30:40.951+0000: 9774.960: Total time for which application threads were stopped: 0.0000180 seconds, Stopping threads took: 0.0000050 seconds
2016-04-10T11:30:40.953+0000: 9774.962: Total time for which application threads were stopped: 0.0008970 seconds, Stopping threads took: 0.0008730 seconds
2016-04-10T11:30:40.953+0000: 9774.962: Total time for which application threads were stopped: 0.0001660 seconds, Stopping threads took: 0.0001500 seconds
2016-04-10T11:30:41.515+0000: 9775.524: Total time for which application threads were stopped: 0.0001450 seconds, Stopping threads took: 0.0000290 seconds
2016-04-10T11:30:41.521+0000: 9775.530: Total time for which application threads were stopped: 0.0000560 seconds, Stopping threads took: 0.0000200 seconds
2016-04-10T11:30:41.536+0000: 9775.546: Total time for which application threads were stopped: 0.0000410 seconds, Stopping threads took: 0.0000180 seconds
2016-04-10T11:30:41.564+0000: 9775.573: Total time for which application threads were stopped: 0.0000440 seconds, Stopping threads took: 0.0000200 seconds
2016-04-10T11:30:41.587+0000: 9775.597: Total time for which application threads were stopped: 0.0000660 seconds, Stopping threads took: 0.0000240 seconds
2016-04-10T11:30:41.615+0000: 9775.624: Total time for which application threads were stopped: 0.0000730 seconds, Stopping threads took: 0.0000260 seconds
2016-04-10T11:30:41.635+0000: 9775.644: Total time for which application threads were stopped: 0.0000410 seconds, Stopping threads took: 0.0000170 seconds
2016-04-10T11:30:41.793+0000: 9775.802: Total time for which application threads were stopped: 0.0000740 seconds, Stopping threads took: 0.0000320 seconds
2016-04-10T11:30:41.793+0000: 9775.803: Total time for which application threads were stopped: 0.0000210 seconds, Stopping threads took: 0.0000060 seconds
2016-04-10T11:30:41.794+0000: 9775.803: Total time for which application threads were stopped: 0.0000210 seconds, Stopping threads took: 0.0000070 seconds
2016-04-10T11:30:41.795+0000: 9775.804: Total time for which application threads were stopped: 0.0000280 seconds, Stopping threads took: 0.0000120 seconds
2016-04-10T11:30:41.795+0000: 9775.805: Total time for which application threads were stopped: 0.0000380 seconds, Stopping threads took: 0.0000110 seconds
2016-04-10T11:30:41.798+0000: 9775.807: Total time for which application threads were stopped: 0.0000340 seconds, Stopping threads took: 0.0000160 seconds
2016-04-10T11:30:41.798+0000: 9775.807: Total time for which application threads were stopped: 0.0000260 seconds, Stopping threads took: 0.0000110 seconds
2016-04-10T11:30:41.801+0000: 9775.810: Total time for which application threads were stopped: 0.0000390 seconds, Stopping threads took: 0.0000170 seconds
2016-04-10T11:30:41.802+0000: 9775.811: Total time for which application threads were stopped: 0.0000910 seconds, Stopping threads took: 0.0000120 seconds
2016-04-10T11:30:42.807+0000: 9776.816: Total time for which application threads were stopped: 0.0053200 seconds, Stopping threads took: 0.0051860 seconds
2016-04-10T11:30:43.813+0000: 9777.822: Total time for which application threads were stopped: 0.0057640 seconds, Stopping threads took: 0.0056260 seconds
{Heap before GC invocations=9 (full 0):
 par new generation   total 109248K, used 109248K [0x00000000d5a00000, 0x00000000dda00000, 0x00000000dda00000)
  eden space 87424K, 100% used [0x00000000d5a00000, 0x00000000daf60000, 0x00000000daf60000)
  from space 21824K, 100% used [0x00000000dc4b0000, 0x00000000dda00000, 0x00000000dda00000)
  to   space 21824K,   0% used [0x00000000daf60000, 0x00000000daf60000, 0x00000000dc4b0000)
 concurrent mark-sweep generation total 393216K, used 12706K [0x00000000dda00000, 0x00000000f5a00000, 0x00000000f5a00000)
 concurrent-mark-sweep perm gen total 29696K, used 29527K [0x00000000f5a00000, 0x00000000f7700000, 0x0000000100000000)
2016-04-10T11:30:43.999+0000: 9778.008: [GC2016-04-10T11:30:43.999+0000: 9778.008: [ParNew
Desired survivor size 20112992 bytes, new threshold 8 (max 8)
- age   1:    2281624 bytes,    2281624 total
- age   2:    1081760 bytes,    3363384 total
- age   3:    1750744 bytes,    5114128 total
- age   4:     420480 bytes,    5534608 total
- age   5:    2657144 bytes,    8191752 total
- age   6:     910008 bytes,    9101760 total
- age   7:    2926928 bytes,   12028688 total
- age   8:    2364504 bytes,   14393192 total
: 109248K->21259K(109248K), 0.0448160 secs] 121954K->36140K(502464K), 0.0448880 secs] [Times: user=0.04 sys=0.00, real=0.04 secs] 
Heap after GC invocations=10 (full 0):
 par new generation   total 109248K, used 21259K [0x00000000d5a00000, 0x00000000dda00000, 0x00000000dda00000)
  eden space 87424K,   0% used [0x00000000d5a00000, 0x00000000d5a00000, 0x00000000daf60000)
  from space 21824K,  97% used [0x00000000daf60000, 0x00000000dc422f80, 0x00000000dc4b0000)
  to   space 21824K,   0% used [0x00000000dc4b0000, 0x00000000dc4b0000, 0x00000000dda00000)
 concurrent mark-sweep generation total 393216K, used 14880K [0x00000000dda00000, 0x00000000f5a00000, 0x00000000f5a00000)
 concurrent-mark-sweep perm gen total 29696K, used 29527K [0x00000000f5a00000, 0x00000000f7700000, 0x0000000100000000)
}
2016-04-10T11:30:44.044+0000: 9778.053: Total time for which application threads were stopped: 0.0450350 seconds, Stopping threads took: 0.0000300 seconds
2016-04-10T11:30:45.046+0000: 9779.055: Total time for which application threads were stopped: 0.0001480 seconds, Stopping threads took: 0.0000430 seconds
2016-04-10T11:30:46.046+0000: 9780.056: Total time for which application threads were stopped: 0.0001420 seconds, Stopping threads took: 0.0000330 seconds
{Heap before GC invocations=10 (full 0):
 par new generation   total 109248K, used 108683K [0x00000000d5a00000, 0x00000000dda00000, 0x00000000dda00000)
  eden space 87424K, 100% used [0x00000000d5a00000, 0x00000000daf60000, 0x00000000daf60000)
  from space 21824K,  97% used [0x00000000daf60000, 0x00000000dc422f80, 0x00000000dc4b0000)
  to   space 21824K,   0% used [0x00000000dc4b0000, 0x00000000dc4b0000, 0x00000000dda00000)
 concurrent mark-sweep generation total 393216K, used 14880K [0x00000000dda00000, 0x00000000f5a00000, 0x00000000f5a00000)
 concurrent-mark-sweep perm gen total 29696K, used 29551K [0x00000000f5a00000, 0x00000000f7700000, 0x0000000100000000)
2016-04-10T11:30:47.231+0000: 9781.241: [GC2016-04-10T11:30:47.231+0000: 9781.241: [ParNew
Desired survivor size 20112992 bytes, new threshold 8 (max 8)
- age   1:    2084408 bytes,    2084408 total
- age   2:    1835056 bytes,    3919464 total
- age   3:    1080392 bytes,    4999856 total
- age   4:    1750560 bytes,    6750416 total
- age   5:     420304 bytes,    7170720 total
- age   6:    2656960 bytes,    9827680 total
- age   7:     909976 bytes,   10737656 total
- age   8:    2926864 bytes,   13664520 total
: 108683K->16061K(109248K), 0.0310630 secs] 123564K->33732K(502464K), 0.0311470 secs] [Times: user=0.03 sys=0.00, real=0.03 secs] 
Heap after GC invocations=11 (full 0):
 par new generation   total 109248K, used 16061K [0x00000000d5a00000, 0x00000000dda00000, 0x00000000dda00000)
  eden space 87424K,   0% used [0x00000000d5a00000, 0x00000000d5a00000, 0x00000000daf60000)
  from space 21824K,  73% used [0x00000000dc4b0000, 0x00000000dd45f700, 0x00000000dda00000)
  to   space 21824K,   0% used [0x00000000daf60000, 0x00000000daf60000, 0x00000000dc4b0000)
 concurrent mark-sweep generation total 393216K, used 17670K [0x00000000dda00000, 0x00000000f5a00000, 0x00000000f5a00000)
 concurrent-mark-sweep perm gen total 29696K, used 29551K [0x00000000f5a00000, 0x00000000f7700000, 0x0000000100000000)
}
2016-04-10T11:30:47.263+0000: 9781.272: Total time for which application threads were stopped: 0.0313590 seconds, Stopping threads took: 0.0000290 seconds
2016-04-10T11:30:48.182+0000: 9782.191: Total time for which application threads were stopped: 0.0001910 seconds, Stopping threads took: 0.0000370 seconds
2016-04-10T11:30:48.182+0000: 9782.191: Total time for which application threads were stopped: 0.0000260 seconds, Stopping threads took: 0.0000110 seconds
2016-04-10T11:30:48.182+0000: 9782.191: Total time for which application threads were stopped: 0.0000240 seconds, Stopping threads took: 0.0000110 seconds
2016-04-10T11:30:48.182+0000: 9782.191: Total time for which application threads were stopped: 0.0000230 seconds, Stopping threads took: 0.0000100 seconds
2016-04-10T11:30:48.182+0000: 9782.191: Total time for which application threads were stopped: 0.0000240 seconds, Stopping threads took: 0.0000110 seconds
2016-04-10T11:30:48.182+0000: 9782.191: Total time for which application threads were stopped: 0.0000370 seconds, Stopping threads took: 0.0000100 seconds
2016-04-10T11:30:48.182+0000: 9782.191: Total time for which application threads were stopped: 0.0000230 seconds, Stopping threads took: 0.0000100 seconds
2016-04-10T11:30:48.183+0000: 9782.192: Total time for which application threads were stopped: 0.0000270 seconds, Stopping threads took: 0.0000110 seconds
2016-04-10T11:30:48.183+0000: 9782.192: Total time for which application threads were stopped: 0.0000220 seconds, Stopping threads took: 0.0000090 seconds
2016-04-10T11:30:48.183+0000: 9782.192: Total time for which application threads were stopped: 0.0000880 seconds, Stopping threads took: 0.0000090 seconds
2016-04-10T11:30:48.187+0000: 9782.196: Total time for which application threads were stopped: 0.0000340 seconds, Stopping threads took: 0.0000140 seconds
2016-04-10T11:30:48.187+0000: 9782.196: Total time for which application threads were stopped: 0.0000240 seconds, Stopping threads took: 0.0000100 seconds
{Heap before GC invocations=11 (full 0):
 par new generation   total 109248K, used 103485K [0x00000000d5a00000, 0x00000000dda00000, 0x00000000dda00000)
  eden space 87424K, 100% used [0x00000000d5a00000, 0x00000000daf60000, 0x00000000daf60000)
  from space 21824K,  73% used [0x00000000dc4b0000, 0x00000000dd45f700, 0x00000000dda00000)
  to   space 21824K,   0% used [0x00000000daf60000, 0x00000000daf60000, 0x00000000dc4b0000)
 concurrent mark-sweep generation total 393216K, used 17670K [0x00000000dda00000, 0x00000000f5a00000, 0x00000000f5a00000)
 concurrent-mark-sweep perm gen total 29696K, used 29566K [0x00000000f5a00000, 0x00000000f7700000, 0x0000000100000000)
2016-04-10T11:30:51.626+0000: 9785.635: [GC2016-04-10T11:30:51.626+0000: 9785.635: [ParNew
Desired survivor size 20112992 bytes, new threshold 8 (max 8)
- age   1:    4450736 bytes,    4450736 total
- age   2:     576304 bytes,    5027040 total
- age   3:      23992 bytes,    5051032 total
- age   4:     123824 bytes,    5174856 total
- age   5:    1675448 bytes,    6850304 total
- age   6:     419632 bytes,    7269936 total
- age   7:    2648576 bytes,    9918512 total
- age   8:     909944 bytes,   10828456 total
: 103485K->17358K(109248K), 0.0221430 secs] 121156K->37885K(502464K), 0.0222510 secs] [Times: user=0.02 sys=0.00, real=0.02 secs] 
Heap after GC invocations=12 (full 0):
 par new generation   total 109248K, used 17358K [0x00000000d5a00000, 0x00000000dda00000, 0x00000000dda00000)
  eden space 87424K,   0% used [0x00000000d5a00000, 0x00000000d5a00000, 0x00000000daf60000)
  from space 21824K,  79% used [0x00000000daf60000, 0x00000000dc053970, 0x00000000dc4b0000)
  to   space 21824K,   0% used [0x00000000dc4b0000, 0x00000000dc4b0000, 0x00000000dda00000)
 concurrent mark-sweep generation total 393216K, used 20527K [0x00000000dda00000, 0x00000000f5a00000, 0x00000000f5a00000)
 concurrent-mark-sweep perm gen total 29696K, used 29566K [0x00000000f5a00000, 0x00000000f7700000, 0x0000000100000000)
}
2016-04-10T11:30:51.648+0000: 9785.657: Total time for which application threads were stopped: 0.0224520 seconds, Stopping threads took: 0.0000280 seconds
2016-04-10T11:30:52.024+0000: 9786.033: Total time for which application threads were stopped: 0.0000710 seconds, Stopping threads took: 0.0000270 seconds
2016-04-10T11:30:52.024+0000: 9786.033: Total time for which application threads were stopped: 0.0000250 seconds, Stopping threads took: 0.0000110 seconds
2016-04-10T11:30:52.030+0000: 9786.040: Total time for which application threads were stopped: 0.0000380 seconds, Stopping threads took: 0.0000150 seconds
2016-04-10T11:30:52.156+0000: 9786.165: Total time for which application threads were stopped: 0.0001370 seconds, Stopping threads took: 0.0000250 seconds
2016-04-10T11:30:52.156+0000: 9786.165: Total time for which application threads were stopped: 0.0000250 seconds, Stopping threads took: 0.0000110 seconds
2016-04-10T11:30:53.156+0000: 9787.165: Total time for which application threads were stopped: 0.0001240 seconds, Stopping threads took: 0.0000250 seconds
{Heap before GC invocations=12 (full 0):
 par new generation   total 109248K, used 104782K [0x00000000d5a00000, 0x00000000dda00000, 0x00000000dda00000)
  eden space 87424K, 100% used [0x00000000d5a00000, 0x00000000daf60000, 0x00000000daf60000)
  from space 21824K,  79% used [0x00000000daf60000, 0x00000000dc053970, 0x00000000dc4b0000)
  to   space 21824K,   0% used [0x00000000dc4b0000, 0x00000000dc4b0000, 0x00000000dda00000)
 concurrent mark-sweep generation total 393216K, used 20527K [0x00000000dda00000, 0x00000000f5a00000, 0x00000000f5a00000)
 concurrent-mark-sweep perm gen total 29696K, used 29570K [0x00000000f5a00000, 0x00000000f7700000, 0x0000000100000000)
2016-04-10T11:30:55.587+0000: 9789.597: [GC2016-04-10T11:30:55.587+0000: 9789.597: [ParNew
Desired survivor size 20112992 bytes, new threshold 8 (max 8)
- age   1:    4507368 bytes,    4507368 total
- age   2:    2734128 bytes,    7241496 total
- age   3:     576240 bytes,    7817736 total
- age   4:      21880 bytes,    7839616 total
- age   5:      56856 bytes,    7896472 total
- age   6:    1675312 bytes,    9571784 total
- age   7:     419632 bytes,    9991416 total
- age   8:    2648576 bytes,   12639992 total
: 104782K->15370K(109248K), 0.0176370 secs] 125309K->36786K(502464K), 0.0177160 secs] [Times: user=0.02 sys=0.00, real=0.02 secs] 
Heap after GC invocations=13 (full 0):
 par new generation   total 109248K, used 15370K [0x00000000d5a00000, 0x00000000dda00000, 0x00000000dda00000)
  eden space 87424K,   0% used [0x00000000d5a00000, 0x00000000d5a00000, 0x00000000daf60000)
  from space 21824K,  70% used [0x00000000dc4b0000, 0x00000000dd3b2940, 0x00000000dda00000)
  to   space 21824K,   0% used [0x00000000daf60000, 0x00000000daf60000, 0x00000000dc4b0000)
 concurrent mark-sweep generation total 393216K, used 21415K [0x00000000dda00000, 0x00000000f5a00000, 0x00000000f5a00000)
 concurrent-mark-sweep perm gen total 29696K, used 29570K [0x00000000f5a00000, 0x00000000f7700000, 0x0000000100000000)
}
2016-04-10T11:30:55.605+0000: 9789.614: Total time for which application threads were stopped: 0.0179060 seconds, Stopping threads took: 0.0000290 seconds
2016-04-10T11:30:55.962+0000: 9789.972: Total time for which application threads were stopped: 0.0000730 seconds, Stopping threads took: 0.0000290 seconds
2016-04-10T11:30:55.964+0000: 9789.973: Total time for which application threads were stopped: 0.0000350 seconds, Stopping threads took: 0.0000140 seconds
2016-04-10T11:30:56.062+0000: 9790.071: Total time for which application threads were stopped: 0.0000620 seconds, Stopping threads took: 0.0000260 seconds
2016-04-10T11:30:56.062+0000: 9790.071: Total time for which application threads were stopped: 0.0000300 seconds, Stopping threads took: 0.0000150 seconds
{Heap before GC invocations=13 (full 0):
 par new generation   total 109248K, used 102794K [0x00000000d5a00000, 0x00000000dda00000, 0x00000000dda00000)
  eden space 87424K, 100% used [0x00000000d5a00000, 0x00000000daf60000, 0x00000000daf60000)
  from space 21824K,  70% used [0x00000000dc4b0000, 0x00000000dd3b2940, 0x00000000dda00000)
  to   space 21824K,   0% used [0x00000000daf60000, 0x00000000daf60000, 0x00000000dc4b0000)
 concurrent mark-sweep generation total 393216K, used 21415K [0x00000000dda00000, 0x00000000f5a00000, 0x00000000f5a00000)
 concurrent-mark-sweep perm gen total 29696K, used 29572K [0x00000000f5a00000, 0x00000000f7700000, 0x0000000100000000)
2016-04-10T11:30:59.487+0000: 9793.497: [GC2016-04-10T11:30:59.488+0000: 9793.497: [ParNew
Desired survivor size 20112992 bytes, new threshold 8 (max 8)
- age   1:    4483584 bytes,    4483584 total
- age   2:    2785096 bytes,    7268680 total
- age   3:    2731816 bytes,   10000496 total
- age   4:     509344 bytes,   10509840 total
- age   5:      21856 bytes,   10531696 total
- age   6:      56856 bytes,   10588552 total
- age   7:    1675312 bytes,   12263864 total
- age   8:     419632 bytes,   12683496 total
: 102794K->18442K(109248K), 0.0175820 secs] 124210K->42445K(502464K), 0.0176580 secs] [Times: user=0.02 sys=0.00, real=0.02 secs] 
Heap after GC invocations=14 (full 0):
 par new generation   total 109248K, used 18442K [0x00000000d5a00000, 0x00000000dda00000, 0x00000000dda00000)
  eden space 87424K,   0% used [0x00000000d5a00000, 0x00000000d5a00000, 0x00000000daf60000)
  from space 21824K,  84% used [0x00000000daf60000, 0x00000000dc162ad0, 0x00000000dc4b0000)
  to   space 21824K,   0% used [0x00000000dc4b0000, 0x00000000dc4b0000, 0x00000000dda00000)
 concurrent mark-sweep generation total 393216K, used 24002K [0x00000000dda00000, 0x00000000f5a00000, 0x00000000f5a00000)
 concurrent-mark-sweep perm gen total 29696K, used 29572K [0x00000000f5a00000, 0x00000000f7700000, 0x0000000100000000)
}
2016-04-10T11:30:59.505+0000: 9793.514: Total time for which application threads were stopped: 0.0178520 seconds, Stopping threads took: 0.0000250 seconds
2016-04-10T11:30:59.888+0000: 9793.897: Total time for which application threads were stopped: 0.0000920 seconds, Stopping threads took: 0.0000250 seconds
2016-04-10T11:30:59.889+0000: 9793.898: Total time for which application threads were stopped: 0.0000400 seconds, Stopping threads took: 0.0000120 seconds
2016-04-10T11:31:00.007+0000: 9794.017: Total time for which application threads were stopped: 0.0001120 seconds, Stopping threads took: 0.0000260 seconds
2016-04-10T11:31:00.013+0000: 9794.023: Total time for which application threads were stopped: 0.0000360 seconds, Stopping threads took: 0.0000150 seconds
2016-04-10T11:31:00.013+0000: 9794.023: Total time for which application threads were stopped: 0.0000250 seconds, Stopping threads took: 0.0000110 seconds
{Heap before GC invocations=14 (full 0):
 par new generation   total 109248K, used 105866K [0x00000000d5a00000, 0x00000000dda00000, 0x00000000dda00000)
  eden space 87424K, 100% used [0x00000000d5a00000, 0x00000000daf60000, 0x00000000daf60000)
  from space 21824K,  84% used [0x00000000daf60000, 0x00000000dc162ad0, 0x00000000dc4b0000)
  to   space 21824K,   0% used [0x00000000dc4b0000, 0x00000000dc4b0000, 0x00000000dda00000)
 concurrent mark-sweep generation total 393216K, used 24002K [0x00000000dda00000, 0x00000000f5a00000, 0x00000000f5a00000)
 concurrent-mark-sweep perm gen total 29696K, used 29574K [0x00000000f5a00000, 0x00000000f7700000, 0x0000000100000000)
2016-04-10T11:31:03.443+0000: 9797.453: [GC2016-04-10T11:31:03.443+0000: 9797.453: [ParNew
Desired survivor size 20112992 bytes, new threshold 8 (max 8)
- age   1:    4441352 bytes,    4441352 total
- age   2:    2754536 bytes,    7195888 total
- age   3:    2782728 bytes,    9978616 total
- age   4:    2664864 bytes,   12643480 total
- age   5:     509272 bytes,   13152752 total
- age   6:      21856 bytes,   13174608 total
- age   7:      56856 bytes,   13231464 total
- age   8:    1675312 bytes,   14906776 total
: 105866K->16378K(109248K), 0.0174530 secs] 129869K->40791K(502464K), 0.0175380 secs] [Times: user=0.01 sys=0.00, real=0.02 secs] 
Heap after GC invocations=15 (full 0):
 par new generation   total 109248K, used 16378K [0x00000000d5a00000, 0x00000000dda00000, 0x00000000dda00000)
  eden space 87424K,   0% used [0x00000000d5a00000, 0x00000000d5a00000, 0x00000000daf60000)
  from space 21824K,  75% used [0x00000000dc4b0000, 0x00000000dd4aeb80, 0x00000000dda00000)
  to   space 21824K,   0% used [0x00000000daf60000, 0x00000000daf60000, 0x00000000dc4b0000)
 concurrent mark-sweep generation total 393216K, used 24412K [0x00000000dda00000, 0x00000000f5a00000, 0x00000000f5a00000)
 concurrent-mark-sweep perm gen total 29696K, used 29574K [0x00000000f5a00000, 0x00000000f7700000, 0x0000000100000000)
}
2016-04-10T11:31:03.461+0000: 9797.470: Total time for which application threads were stopped: 0.0177620 seconds, Stopping threads took: 0.0000320 seconds
2016-04-10T11:31:03.875+0000: 9797.884: Total time for which application threads were stopped: 0.0001110 seconds, Stopping threads took: 0.0000290 seconds
2016-04-10T11:31:03.876+0000: 9797.885: Total time for which application threads were stopped: 0.0000330 seconds, Stopping threads took: 0.0000130 seconds
2016-04-10T11:31:03.979+0000: 9797.988: Total time for which application threads were stopped: 0.0001080 seconds, Stopping threads took: 0.0000240 seconds
2016-04-10T11:31:03.982+0000: 9797.991: Total time for which application threads were stopped: 0.0000280 seconds, Stopping threads took: 0.0000120 seconds
2016-04-10T11:31:03.982+0000: 9797.991: Total time for which application threads were stopped: 0.0000220 seconds, Stopping threads took: 0.0000090 seconds
{Heap before GC invocations=15 (full 0):
 par new generation   total 109248K, used 103802K [0x00000000d5a00000, 0x00000000dda00000, 0x00000000dda00000)
  eden space 87424K, 100% used [0x00000000d5a00000, 0x00000000daf60000, 0x00000000daf60000)
  from space 21824K,  75% used [0x00000000dc4b0000, 0x00000000dd4aeb80, 0x00000000dda00000)
  to   space 21824K,   0% used [0x00000000daf60000, 0x00000000daf60000, 0x00000000dc4b0000)
 concurrent mark-sweep generation total 393216K, used 24412K [0x00000000dda00000, 0x00000000f5a00000, 0x00000000f5a00000)
 concurrent-mark-sweep perm gen total 29696K, used 29576K [0x00000000f5a00000, 0x00000000f7700000, 0x0000000100000000)
2016-04-10T11:31:07.346+0000: 9801.355: [GC2016-04-10T11:31:07.346+0000: 9801.356: [ParNew
Desired survivor size 20112992 bytes, new threshold 8 (max 8)
- age   1:    4476920 bytes,    4476920 total
- age   2:    2723408 bytes,    7200328 total
- age   3:    2752160 bytes,    9952488 total
- age   4:    2715776 bytes,   12668264 total
- age   5:    2664608 bytes,   15332872 total
- age   6:     509048 bytes,   15841920 total
- age   7:      21856 bytes,   15863776 total
- age   8:      56856 bytes,   15920632 total
: 103802K->21824K(109248K), 0.0220380 secs] 128215K->47874K(502464K), 0.0221150 secs] [Times: user=0.02 sys=0.00, real=0.02 secs] 
Heap after GC invocations=16 (full 0):
 par new generation   total 109248K, used 21824K [0x00000000d5a00000, 0x00000000dda00000, 0x00000000dda00000)
  eden space 87424K,   0% used [0x00000000d5a00000, 0x00000000d5a00000, 0x00000000daf60000)
  from space 21824K, 100% used [0x00000000daf60000, 0x00000000dc4b0000, 0x00000000dc4b0000)
  to   space 21824K,   0% used [0x00000000dc4b0000, 0x00000000dc4b0000, 0x00000000dda00000)
 concurrent mark-sweep generation total 393216K, used 26050K [0x00000000dda00000, 0x00000000f5a00000, 0x00000000f5a00000)
 concurrent-mark-sweep perm gen total 29696K, used 29576K [0x00000000f5a00000, 0x00000000f7700000, 0x0000000100000000)
}
2016-04-10T11:31:07.368+0000: 9801.378: Total time for which application threads were stopped: 0.0223400 seconds, Stopping threads took: 0.0000490 seconds
2016-04-10T11:31:07.671+0000: 9801.680: Total time for which application threads were stopped: 0.0000680 seconds, Stopping threads took: 0.0000270 seconds
2016-04-10T11:31:07.672+0000: 9801.682: Total time for which application threads were stopped: 0.0000290 seconds, Stopping threads took: 0.0000130 seconds
2016-04-10T11:31:07.771+0000: 9801.780: Total time for which application threads were stopped: 0.0000580 seconds, Stopping threads took: 0.0000260 seconds
2016-04-10T11:31:07.775+0000: 9801.784: Total time for which application threads were stopped: 0.0000340 seconds, Stopping threads took: 0.0000140 seconds
2016-04-10T11:31:07.775+0000: 9801.784: Total time for which application threads were stopped: 0.0000250 seconds, Stopping threads took: 0.0000110 seconds
{Heap before GC invocations=16 (full 0):
 par new generation   total 109248K, used 109248K [0x00000000d5a00000, 0x00000000dda00000, 0x00000000dda00000)
  eden space 87424K, 100% used [0x00000000d5a00000, 0x00000000daf60000, 0x00000000daf60000)
  from space 21824K, 100% used [0x00000000daf60000, 0x00000000dc4b0000, 0x00000000dc4b0000)
  to   space 21824K,   0% used [0x00000000dc4b0000, 0x00000000dc4b0000, 0x00000000dda00000)
 concurrent mark-sweep generation total 393216K, used 26050K [0x00000000dda00000, 0x00000000f5a00000, 0x00000000f5a00000)
 concurrent-mark-sweep perm gen total 29696K, used 29581K [0x00000000f5a00000, 0x00000000f7700000, 0x0000000100000000)
2016-04-10T11:31:11.468+0000: 9805.477: [GC2016-04-10T11:31:11.468+0000: 9805.477: [ParNew
Desired survivor size 20112992 bytes, new threshold 8 (max 8)
- age   1:    4808448 bytes,    4808448 total
- age   2:    2732424 bytes,    7540872 total
- age   3:    2706352 bytes,   10247224 total
- age   4:    2685240 bytes,   12932464 total
- age   5:    2715704 bytes,   15648168 total
- age   6:    2664472 bytes,   18312640 total
- age   7:     509048 bytes,   18821688 total
- age   8:      21856 bytes,   18843544 total
: 109248K->21824K(109248K), 0.0230290 secs] 135298K->47945K(502464K), 0.0230970 secs] [Times: user=0.02 sys=0.00, real=0.03 secs] 
Heap after GC invocations=17 (full 0):
 par new generation   total 109248K, used 21824K [0x00000000d5a00000, 0x00000000dda00000, 0x00000000dda00000)
  eden space 87424K,   0% used [0x00000000d5a00000, 0x00000000d5a00000, 0x00000000daf60000)
  from space 21824K, 100% used [0x00000000dc4b0000, 0x00000000dda00000, 0x00000000dda00000)
  to   space 21824K,   0% used [0x00000000daf60000, 0x00000000daf60000, 0x00000000dc4b0000)
 concurrent mark-sweep generation total 393216K, used 26121K [0x00000000dda00000, 0x00000000f5a00000, 0x00000000f5a00000)
 concurrent-mark-sweep perm gen total 29696K, used 29581K [0x00000000f5a00000, 0x00000000f7700000, 0x0000000100000000)
}
2016-04-10T11:31:11.491+0000: 9805.500: Total time for which application threads were stopped: 0.0233210 seconds, Stopping threads took: 0.0000400 seconds
2016-04-10T11:31:11.938+0000: 9805.948: Total time for which application threads were stopped: 0.0000710 seconds, Stopping threads took: 0.0000270 seconds
2016-04-10T11:31:11.940+0000: 9805.949: Total time for which application threads were stopped: 0.0000410 seconds, Stopping threads took: 0.0000250 seconds
2016-04-10T11:31:12.041+0000: 9806.050: Total time for which application threads were stopped: 0.0001390 seconds, Stopping threads took: 0.0000260 seconds
2016-04-10T11:31:12.052+0000: 9806.061: Total time for which application threads were stopped: 0.0000450 seconds, Stopping threads took: 0.0000190 seconds
2016-04-10T11:31:12.052+0000: 9806.061: Total time for which application threads were stopped: 0.0000250 seconds, Stopping threads took: 0.0000110 seconds
{Heap before GC invocations=17 (full 0):
 par new generation   total 109248K, used 109248K [0x00000000d5a00000, 0x00000000dda00000, 0x00000000dda00000)
  eden space 87424K, 100% used [0x00000000d5a00000, 0x00000000daf60000, 0x00000000daf60000)
  from space 21824K, 100% used [0x00000000dc4b0000, 0x00000000dda00000, 0x00000000dda00000)
  to   space 21824K,   0% used [0x00000000daf60000, 0x00000000daf60000, 0x00000000dc4b0000)
 concurrent mark-sweep generation total 393216K, used 26121K [0x00000000dda00000, 0x00000000f5a00000, 0x00000000f5a00000)
 concurrent-mark-sweep perm gen total 29696K, used 29588K [0x00000000f5a00000, 0x00000000f7700000, 0x0000000100000000)
2016-04-10T11:31:15.663+0000: 9809.672: [GC2016-04-10T11:31:15.663+0000: 9809.672: [ParNew
Desired survivor size 20112992 bytes, new threshold 8 (max 8)
- age   1:    2868880 bytes,    2868880 total
- age   2:    2775688 bytes,    5644568 total
- age   3:    2729792 bytes,    8374360 total
- age   4:    2639432 bytes,   11013792 total
- age   5:    2685168 bytes,   13698960 total
- age   6:    2715424 bytes,   16414384 total
- age   7:    2664472 bytes,   19078856 total
- age   8:     509048 bytes,   19587904 total
: 109248K->21824K(109248K), 0.0227050 secs] 135369K->49353K(502464K), 0.0227780 secs] [Times: user=0.02 sys=0.00, real=0.02 secs] 
Heap after GC invocations=18 (full 0):
 par new generation   total 109248K, used 21824K [0x00000000d5a00000, 0x00000000dda00000, 0x00000000dda00000)
  eden space 87424K,   0% used [0x00000000d5a00000, 0x00000000d5a00000, 0x00000000daf60000)
  from space 21824K, 100% used [0x00000000daf60000, 0x00000000dc4b0000, 0x00000000dc4b0000)
  to   space 21824K,   0% used [0x00000000dc4b0000, 0x00000000dc4b0000, 0x00000000dda00000)
 concurrent mark-sweep generation total 393216K, used 27529K [0x00000000dda00000, 0x00000000f5a00000, 0x00000000f5a00000)
 concurrent-mark-sweep perm gen total 29696K, used 29588K [0x00000000f5a00000, 0x00000000f7700000, 0x0000000100000000)
}
2016-04-10T11:31:15.686+0000: 9809.695: Total time for which application threads were stopped: 0.0229820 seconds, Stopping threads took: 0.0000370 seconds
2016-04-10T11:31:16.263+0000: 9810.272: Total time for which application threads were stopped: 0.0001610 seconds, Stopping threads took: 0.0000210 seconds
2016-04-10T11:31:16.265+0000: 9810.274: Total time for which application threads were stopped: 0.0000290 seconds, Stopping threads took: 0.0000130 seconds
2016-04-10T11:31:16.378+0000: 9810.387: Total time for which application threads were stopped: 0.0000760 seconds, Stopping threads took: 0.0000240 seconds
2016-04-10T11:31:16.378+0000: 9810.387: Total time for which application threads were stopped: 0.0000260 seconds, Stopping threads took: 0.0000110 seconds
{Heap before GC invocations=18 (full 0):
 par new generation   total 109248K, used 109248K [0x00000000d5a00000, 0x00000000dda00000, 0x00000000dda00000)
  eden space 87424K, 100% used [0x00000000d5a00000, 0x00000000daf60000, 0x00000000daf60000)
  from space 21824K, 100% used [0x00000000daf60000, 0x00000000dc4b0000, 0x00000000dc4b0000)
  to   space 21824K,   0% used [0x00000000dc4b0000, 0x00000000dc4b0000, 0x00000000dda00000)
 concurrent mark-sweep generation total 393216K, used 27529K [0x00000000dda00000, 0x00000000f5a00000, 0x00000000f5a00000)
 concurrent-mark-sweep perm gen total 29696K, used 29593K [0x00000000f5a00000, 0x00000000f7700000, 0x0000000100000000)
2016-04-10T11:31:19.831+0000: 9813.840: [GC2016-04-10T11:31:19.831+0000: 9813.840: [ParNew
Desired survivor size 20112992 bytes, new threshold 8 (max 8)
- age   1:    3886896 bytes,    3886896 total
- age   2:     723984 bytes,    4610880 total
- age   3:    2657008 bytes,    7267888 total
- age   4:    2662872 bytes,    9930760 total
- age   5:    2639176 bytes,   12569936 total
- age   6:    2684944 bytes,   15254880 total
- age   7:    2715424 bytes,   17970304 total
- age   8:    1843912 bytes,   19814216 total
: 109248K->21824K(109248K), 0.0265300 secs] 136777K->54876K(502464K), 0.0265990 secs] [Times: user=0.03 sys=0.00, real=0.02 secs] 
Heap after GC invocations=19 (full 0):
 par new generation   total 109248K, used 21824K [0x00000000d5a00000, 0x00000000dda00000, 0x00000000dda00000)
  eden space 87424K,   0% used [0x00000000d5a00000, 0x00000000d5a00000, 0x00000000daf60000)
  from space 21824K, 100% used [0x00000000dc4b0000, 0x00000000dda00000, 0x00000000dda00000)
  to   space 21824K,   0% used [0x00000000daf60000, 0x00000000daf60000, 0x00000000dc4b0000)
 concurrent mark-sweep generation total 393216K, used 33052K [0x00000000dda00000, 0x00000000f5a00000, 0x00000000f5a00000)
 concurrent-mark-sweep perm gen total 29696K, used 29593K [0x00000000f5a00000, 0x00000000f7700000, 0x0000000100000000)
}
2016-04-10T11:31:19.857+0000: 9813.867: Total time for which application threads were stopped: 0.0268080 seconds, Stopping threads took: 0.0000280 seconds
2016-04-10T11:31:19.866+0000: 9813.876: Total time for which application threads were stopped: 0.0039070 seconds, Stopping threads took: 0.0037510 seconds
2016-04-10T11:31:20.451+0000: 9814.460: Total time for which application threads were stopped: 0.0001190 seconds, Stopping threads took: 0.0000280 seconds
2016-04-10T11:31:20.452+0000: 9814.461: Total time for which application threads were stopped: 0.0000320 seconds, Stopping threads took: 0.0000150 seconds
2016-04-10T11:31:20.463+0000: 9814.473: Total time for which application threads were stopped: 0.0000580 seconds, Stopping threads took: 0.0000170 seconds
2016-04-10T11:31:20.468+0000: 9814.477: Total time for which application threads were stopped: 0.0000590 seconds, Stopping threads took: 0.0000180 seconds
2016-04-10T11:31:20.588+0000: 9814.597: Total time for which application threads were stopped: 0.0023860 seconds, Stopping threads took: 0.0023160 seconds
2016-04-10T11:31:20.597+0000: 9814.606: Total time for which application threads were stopped: 0.0012490 seconds, Stopping threads took: 0.0012260 seconds
2016-04-10T11:31:20.597+0000: 9814.607: Total time for which application threads were stopped: 0.0003940 seconds, Stopping threads took: 0.0003770 seconds
2016-04-10T11:31:20.959+0000: 9814.968: Total time for which application threads were stopped: 0.0001450 seconds, Stopping threads took: 0.0000270 seconds
2016-04-10T11:31:20.971+0000: 9814.980: Total time for which application threads were stopped: 0.0000410 seconds, Stopping threads took: 0.0000180 seconds
2016-04-10T11:31:20.987+0000: 9814.996: Total time for which application threads were stopped: 0.0000400 seconds, Stopping threads took: 0.0000170 seconds
2016-04-10T11:31:20.995+0000: 9815.005: Total time for which application threads were stopped: 0.0000450 seconds, Stopping threads took: 0.0000170 seconds
2016-04-10T11:31:21.007+0000: 9815.016: Total time for which application threads were stopped: 0.0000380 seconds, Stopping threads took: 0.0000170 seconds
2016-04-10T11:31:21.019+0000: 9815.028: Total time for which application threads were stopped: 0.0000340 seconds, Stopping threads took: 0.0000150 seconds
2016-04-10T11:31:21.028+0000: 9815.037: Total time for which application threads were stopped: 0.0000360 seconds, Stopping threads took: 0.0000160 seconds
2016-04-10T11:31:21.039+0000: 9815.048: Total time for which application threads were stopped: 0.0000380 seconds, Stopping threads took: 0.0000170 seconds
2016-04-10T11:31:21.051+0000: 9815.060: Total time for which application threads were stopped: 0.0000470 seconds, Stopping threads took: 0.0000210 seconds
2016-04-10T11:31:21.149+0000: 9815.158: Total time for which application threads were stopped: 0.0000650 seconds, Stopping threads took: 0.0000220 seconds
2016-04-10T11:31:21.149+0000: 9815.158: Total time for which application threads were stopped: 0.0000200 seconds, Stopping threads took: 0.0000060 seconds
2016-04-10T11:31:21.150+0000: 9815.160: Total time for which application threads were stopped: 0.0000270 seconds, Stopping threads took: 0.0000120 seconds
2016-04-10T11:31:21.151+0000: 9815.160: Total time for which application threads were stopped: 0.0000330 seconds, Stopping threads took: 0.0000190 seconds
2016-04-10T11:31:21.155+0000: 9815.164: Total time for which application threads were stopped: 0.0000700 seconds, Stopping threads took: 0.0000160 seconds
2016-04-10T11:31:21.155+0000: 9815.164: Total time for which application threads were stopped: 0.0000300 seconds, Stopping threads took: 0.0000130 seconds
2016-04-10T11:31:21.156+0000: 9815.165: Total time for which application threads were stopped: 0.0000910 seconds, Stopping threads took: 0.0000110 seconds
{Heap before GC invocations=19 (full 0):
 par new generation   total 109248K, used 109248K [0x00000000d5a00000, 0x00000000dda00000, 0x00000000dda00000)
  eden space 87424K, 100% used [0x00000000d5a00000, 0x00000000daf60000, 0x00000000daf60000)
  from space 21824K, 100% used [0x00000000dc4b0000, 0x00000000dda00000, 0x00000000dda00000)
  to   space 21824K,   0% used [0x00000000daf60000, 0x00000000daf60000, 0x00000000dc4b0000)
 concurrent mark-sweep generation total 393216K, used 33052K [0x00000000dda00000, 0x00000000f5a00000, 0x00000000f5a00000)
 concurrent-mark-sweep perm gen total 29696K, used 29596K [0x00000000f5a00000, 0x00000000f7700000, 0x0000000100000000)
2016-04-10T11:31:21.249+0000: 9815.259: [GC2016-04-10T11:31:21.249+0000: 9815.259: [ParNew
Desired survivor size 20112992 bytes, new threshold 8 (max 8)
- age   1:    5720016 bytes,    5720016 total
- age   2:    3740064 bytes,    9460080 total
- age   3:     721800 bytes,   10181880 total
- age   4:    1876016 bytes,   12057896 total
- age   5:    2662792 bytes,   14720688 total
- age   6:    2081280 bytes,   16801968 total
- age   7:    2682640 bytes,   19484608 total
- age   8:    2713096 bytes,   22197704 total
: 109248K->21824K(109248K), 0.0281590 secs] 142300K->58010K(502464K), 0.0282370 secs] [Times: user=0.02 sys=0.00, real=0.03 secs] 
Heap after GC invocations=20 (full 0):
 par new generation   total 109248K, used 21824K [0x00000000d5a00000, 0x00000000dda00000, 0x00000000dda00000)
  eden space 87424K,   0% used [0x00000000d5a00000, 0x00000000d5a00000, 0x00000000daf60000)
  from space 21824K, 100% used [0x00000000daf60000, 0x00000000dc4b0000, 0x00000000dc4b0000)
  to   space 21824K,   0% used [0x00000000dc4b0000, 0x00000000dc4b0000, 0x00000000dda00000)
 concurrent mark-sweep generation total 393216K, used 36186K [0x00000000dda00000, 0x00000000f5a00000, 0x00000000f5a00000)
 concurrent-mark-sweep perm gen total 29696K, used 29596K [0x00000000f5a00000, 0x00000000f7700000, 0x0000000100000000)
}
2016-04-10T11:31:21.278+0000: 9815.287: Total time for which application threads were stopped: 0.0283630 seconds, Stopping threads took: 0.0000250 seconds
2016-04-10T11:31:22.288+0000: 9816.297: Total time for which application threads were stopped: 0.0097640 seconds, Stopping threads took: 0.0096460 seconds
{Heap before GC invocations=20 (full 0):
 par new generation   total 109248K, used 109248K [0x00000000d5a00000, 0x00000000dda00000, 0x00000000dda00000)
  eden space 87424K, 100% used [0x00000000d5a00000, 0x00000000daf60000, 0x00000000daf60000)
  from space 21824K, 100% used [0x00000000daf60000, 0x00000000dc4b0000, 0x00000000dc4b0000)
  to   space 21824K,   0% used [0x00000000dc4b0000, 0x00000000dc4b0000, 0x00000000dda00000)
 concurrent mark-sweep generation total 393216K, used 36186K [0x00000000dda00000, 0x00000000f5a00000, 0x00000000f5a00000)
 concurrent-mark-sweep perm gen total 29696K, used 29598K [0x00000000f5a00000, 0x00000000f7700000, 0x0000000100000000)
2016-04-10T11:31:22.292+0000: 9816.301: [GC2016-04-10T11:31:22.292+0000: 9816.301: [ParNew
Desired survivor size 20112992 bytes, new threshold 8 (max 8)
- age   1:       4344 bytes,       4344 total
- age   2:    4720360 bytes,    4724704 total
- age   3:    3738800 bytes,    8463504 total
- age   4:     721624 bytes,    9185128 total
- age   5:    1875824 bytes,   11060952 total
- age   6:    2662408 bytes,   13723360 total
- age   7:    2027568 bytes,   15750928 total
- age   8:     588872 bytes,   16339800 total
: 109248K->21824K(109248K), 0.0198970 secs] 145434K->63876K(502464K), 0.0199590 secs] [Times: user=0.02 sys=0.00, real=0.02 secs] 
Heap after GC invocations=21 (full 0):
 par new generation   total 109248K, used 21824K [0x00000000d5a00000, 0x00000000dda00000, 0x00000000dda00000)
  eden space 87424K,   0% used [0x00000000d5a00000, 0x00000000d5a00000, 0x00000000daf60000)
  from space 21824K, 100% used [0x00000000dc4b0000, 0x00000000dda00000, 0x00000000dda00000)
  to   space 21824K,   0% used [0x00000000daf60000, 0x00000000daf60000, 0x00000000dc4b0000)
 concurrent mark-sweep generation total 393216K, used 42052K [0x00000000dda00000, 0x00000000f5a00000, 0x00000000f5a00000)
 concurrent-mark-sweep perm gen total 29696K, used 29598K [0x00000000f5a00000, 0x00000000f7700000, 0x0000000100000000)
}
2016-04-10T11:31:22.312+0000: 9816.321: Total time for which application threads were stopped: 0.0201060 seconds, Stopping threads took: 0.0000170 seconds
2016-04-10T11:31:23.312+0000: 9817.321: Total time for which application threads were stopped: 0.0001160 seconds, Stopping threads took: 0.0000220 seconds
{Heap before GC invocations=21 (full 0):
 par new generation   total 109248K, used 109248K [0x00000000d5a00000, 0x00000000dda00000, 0x00000000dda00000)
  eden space 87424K, 100% used [0x00000000d5a00000, 0x00000000daf60000, 0x00000000daf60000)
  from space 21824K, 100% used [0x00000000dc4b0000, 0x00000000dda00000, 0x00000000dda00000)
  to   space 21824K,   0% used [0x00000000daf60000, 0x00000000daf60000, 0x00000000dc4b0000)
 concurrent mark-sweep generation total 393216K, used 42052K [0x00000000dda00000, 0x00000000f5a00000, 0x00000000f5a00000)
 concurrent-mark-sweep perm gen total 29696K, used 29611K [0x00000000f5a00000, 0x00000000f7700000, 0x0000000100000000)
2016-04-10T11:31:25.468+0000: 9819.477: [GC2016-04-10T11:31:25.468+0000: 9819.477: [ParNew
Desired survivor size 20112992 bytes, new threshold 8 (max 8)
- age   1:    4161520 bytes,    4161520 total
- age   2:       3816 bytes,    4165336 total
- age   3:    4636208 bytes,    8801544 total
- age   4:    3738312 bytes,   12539856 total
- age   5:     721480 bytes,   13261336 total
- age   6:    1875640 bytes,   15136976 total
- age   7:    2662224 bytes,   17799200 total
- age   8:    2027312 bytes,   19826512 total
: 109248K->21824K(109248K), 0.0197960 secs] 151300K->64564K(502464K), 0.0198640 secs] [Times: user=0.02 sys=0.00, real=0.02 secs] 
Heap after GC invocations=22 (full 0):
 par new generation   total 109248K, used 21824K [0x00000000d5a00000, 0x00000000dda00000, 0x00000000dda00000)
  eden space 87424K,   0% used [0x00000000d5a00000, 0x00000000d5a00000, 0x00000000daf60000)
  from space 21824K, 100% used [0x00000000daf60000, 0x00000000dc4b0000, 0x00000000dc4b0000)
  to   space 21824K,   0% used [0x00000000dc4b0000, 0x00000000dc4b0000, 0x00000000dda00000)
 concurrent mark-sweep generation total 393216K, used 42740K [0x00000000dda00000, 0x00000000f5a00000, 0x00000000f5a00000)
 concurrent-mark-sweep perm gen total 29696K, used 29611K [0x00000000f5a00000, 0x00000000f7700000, 0x0000000100000000)
}
2016-04-10T11:31:25.488+0000: 9819.497: Total time for which application threads were stopped: 0.0200450 seconds, Stopping threads took: 0.0000290 seconds
2016-04-10T11:31:26.488+0000: 9820.497: Total time for which application threads were stopped: 0.0001130 seconds, Stopping threads took: 0.0000240 seconds
{Heap before GC invocations=22 (full 0):
 par new generation   total 109248K, used 109248K [0x00000000d5a00000, 0x00000000dda00000, 0x00000000dda00000)
  eden space 87424K, 100% used [0x00000000d5a00000, 0x00000000daf60000, 0x00000000daf60000)
  from space 21824K, 100% used [0x00000000daf60000, 0x00000000dc4b0000, 0x00000000dc4b0000)
  to   space 21824K,   0% used [0x00000000dc4b0000, 0x00000000dc4b0000, 0x00000000dda00000)
 concurrent mark-sweep generation total 393216K, used 42740K [0x00000000dda00000, 0x00000000f5a00000, 0x00000000f5a00000)
 concurrent-mark-sweep perm gen total 29696K, used 29614K [0x00000000f5a00000, 0x00000000f7700000, 0x0000000100000000)
2016-04-10T11:31:29.892+0000: 9823.902: [GC2016-04-10T11:31:29.892+0000: 9823.902: [ParNew
Desired survivor size 20112992 bytes, new threshold 8 (max 8)
- age   1:    5551632 bytes,    5551632 total
- age   2:    1266896 bytes,    6818528 total
- age   3:        968 bytes,    6819496 total
- age   4:    3258056 bytes,   10077552 total
- age   5:    2314992 bytes,   12392544 total
- age   6:     441048 bytes,   12833592 total
- age   7:    1873744 bytes,   14707336 total
- age   8:    2660464 bytes,   17367800 total
: 109248K->21824K(109248K), 0.0275520 secs] 151988K->69620K(502464K), 0.0276250 secs] [Times: user=0.03 sys=0.00, real=0.03 secs] 
Heap after GC invocations=23 (full 0):
 par new generation   total 109248K, used 21824K [0x00000000d5a00000, 0x00000000dda00000, 0x00000000dda00000)
  eden space 87424K,   0% used [0x00000000d5a00000, 0x00000000d5a00000, 0x00000000daf60000)
  from space 21824K, 100% used [0x00000000dc4b0000, 0x00000000dda00000, 0x00000000dda00000)
  to   space 21824K,   0% used [0x00000000daf60000, 0x00000000daf60000, 0x00000000dc4b0000)
 concurrent mark-sweep generation total 393216K, used 47796K [0x00000000dda00000, 0x00000000f5a00000, 0x00000000f5a00000)
 concurrent-mark-sweep perm gen total 29696K, used 29614K [0x00000000f5a00000, 0x00000000f7700000, 0x0000000100000000)
}
2016-04-10T11:31:29.920+0000: 9823.929: Total time for which application threads were stopped: 0.0278130 seconds, Stopping threads took: 0.0000270 seconds
2016-04-10T11:31:30.004+0000: 9824.013: Total time for which application threads were stopped: 0.0000940 seconds, Stopping threads took: 0.0000250 seconds
2016-04-10T11:31:30.004+0000: 9824.014: Total time for which application threads were stopped: 0.0000240 seconds, Stopping threads took: 0.0000100 seconds
2016-04-10T11:31:30.005+0000: 9824.015: Total time for which application threads were stopped: 0.0000310 seconds, Stopping threads took: 0.0000140 seconds
2016-04-10T11:31:30.097+0000: 9824.106: Total time for which application threads were stopped: 0.0000560 seconds, Stopping threads took: 0.0000230 seconds
2016-04-10T11:31:30.097+0000: 9824.106: Total time for which application threads were stopped: 0.0000230 seconds, Stopping threads took: 0.0000100 seconds
{Heap before GC invocations=23 (full 0):
 par new generation   total 109248K, used 109248K [0x00000000d5a00000, 0x00000000dda00000, 0x00000000dda00000)
  eden space 87424K, 100% used [0x00000000d5a00000, 0x00000000daf60000, 0x00000000daf60000)
  from space 21824K, 100% used [0x00000000dc4b0000, 0x00000000dda00000, 0x00000000dda00000)
  to   space 21824K,   0% used [0x00000000daf60000, 0x00000000daf60000, 0x00000000dc4b0000)
 concurrent mark-sweep generation total 393216K, used 47796K [0x00000000dda00000, 0x00000000f5a00000, 0x00000000f5a00000)
 concurrent-mark-sweep perm gen total 29696K, used 29615K [0x00000000f5a00000, 0x00000000f7700000, 0x0000000100000000)
2016-04-10T11:31:33.684+0000: 9827.694: [GC2016-04-10T11:31:33.684+0000: 9827.694: [ParNew
Desired survivor size 20112992 bytes, new threshold 8 (max 8)
- age   1:    5966928 bytes,    5966928 total
- age   2:    2772960 bytes,    8739888 total
- age   3:    1199968 bytes,    9939856 total
- age   4:        936 bytes,    9940792 total
- age   5:    3258008 bytes,   13198800 total
- age   6:    2248072 bytes,   15446872 total
- age   7:     440976 bytes,   15887848 total
- age   8:    1873744 bytes,   17761592 total
: 109248K->21824K(109248K), 0.0197060 secs] 157044K->72218K(502464K), 0.0197890 secs] [Times: user=0.02 sys=0.00, real=0.02 secs] 
Heap after GC invocations=24 (full 0):
 par new generation   total 109248K, used 21824K [0x00000000d5a00000, 0x00000000dda00000, 0x00000000dda00000)
  eden space 87424K,   0% used [0x00000000d5a00000, 0x00000000d5a00000, 0x00000000daf60000)
  from space 21824K, 100% used [0x00000000daf60000, 0x00000000dc4b0000, 0x00000000dc4b0000)
  to   space 21824K,   0% used [0x00000000dc4b0000, 0x00000000dc4b0000, 0x00000000dda00000)
 concurrent mark-sweep generation total 393216K, used 50394K [0x00000000dda00000, 0x00000000f5a00000, 0x00000000f5a00000)
 concurrent-mark-sweep perm gen total 29696K, used 29615K [0x00000000f5a00000, 0x00000000f7700000, 0x0000000100000000)
}
2016-04-10T11:31:33.704+0000: 9827.713: Total time for which application threads were stopped: 0.0199670 seconds, Stopping threads took: 0.0000240 seconds
2016-04-10T11:31:33.735+0000: 9827.744: Total time for which application threads were stopped: 0.0000580 seconds, Stopping threads took: 0.0000250 seconds
2016-04-10T11:31:33.736+0000: 9827.745: Total time for which application threads were stopped: 0.0000310 seconds, Stopping threads took: 0.0000140 seconds
2016-04-10T11:31:33.824+0000: 9827.834: Total time for which application threads were stopped: 0.0000790 seconds, Stopping threads took: 0.0000370 seconds
2016-04-10T11:31:33.824+0000: 9827.834: Total time for which application threads were stopped: 0.0000260 seconds, Stopping threads took: 0.0000110 seconds
2016-04-10T11:31:37.518+0000: 9831.527: Total time for which application threads were stopped: 0.0002350 seconds, Stopping threads took: 0.0000270 seconds
2016-04-10T11:31:37.519+0000: 9831.528: Total time for which application threads were stopped: 0.0000300 seconds, Stopping threads took: 0.0000130 seconds
{Heap before GC invocations=24 (full 0):
 par new generation   total 109248K, used 109248K [0x00000000d5a00000, 0x00000000dda00000, 0x00000000dda00000)
  eden space 87424K, 100% used [0x00000000d5a00000, 0x00000000daf60000, 0x00000000daf60000)
  from space 21824K, 100% used [0x00000000daf60000, 0x00000000dc4b0000, 0x00000000dc4b0000)
  to   space 21824K,   0% used [0x00000000dc4b0000, 0x00000000dc4b0000, 0x00000000dda00000)
 concurrent mark-sweep generation total 393216K, used 50394K [0x00000000dda00000, 0x00000000f5a00000, 0x00000000f5a00000)
 concurrent-mark-sweep perm gen total 29696K, used 29621K [0x00000000f5a00000, 0x00000000f7700000, 0x0000000100000000)
2016-04-10T11:31:37.528+0000: 9831.537: [GC2016-04-10T11:31:37.528+0000: 9831.537: [ParNew
Desired survivor size 20112992 bytes, new threshold 8 (max 8)
- age   1:    3256792 bytes,    3256792 total
- age   2:    2905160 bytes,    6161952 total
- age   3:    2703888 bytes,    8865840 total
- age   4:    1199968 bytes,   10065808 total
- age   5:        936 bytes,   10066744 total
- age   6:    3257984 bytes,   13324728 total
- age   7:    1533520 bytes,   14858248 total
- age   8:     440832 bytes,   15299080 total
: 109248K->21824K(109248K), 0.0183450 secs] 159642K->74746K(502464K), 0.0184040 secs] [Times: user=0.02 sys=0.00, real=0.02 secs] 
Heap after GC invocations=25 (full 0):
 par new generation   total 109248K, used 21824K [0x00000000d5a00000, 0x00000000dda00000, 0x00000000dda00000)
  eden space 87424K,   0% used [0x00000000d5a00000, 0x00000000d5a00000, 0x00000000daf60000)
  from space 21824K, 100% used [0x00000000dc4b0000, 0x00000000dda00000, 0x00000000dda00000)
  to   space 21824K,   0% used [0x00000000daf60000, 0x00000000daf60000, 0x00000000dc4b0000)
 concurrent mark-sweep generation total 393216K, used 52922K [0x00000000dda00000, 0x00000000f5a00000, 0x00000000f5a00000)
 concurrent-mark-sweep perm gen total 29696K, used 29621K [0x00000000f5a00000, 0x00000000f7700000, 0x0000000100000000)
}
2016-04-10T11:31:37.546+0000: 9831.555: Total time for which application threads were stopped: 0.0185440 seconds, Stopping threads took: 0.0000290 seconds
2016-04-10T11:31:37.622+0000: 9831.632: Total time for which application threads were stopped: 0.0000630 seconds, Stopping threads took: 0.0000250 seconds
2016-04-10T11:31:37.622+0000: 9831.632: Total time for which application threads were stopped: 0.0000380 seconds, Stopping threads took: 0.0000240 seconds
2016-04-10T11:31:41.236+0000: 9835.245: Total time for which application threads were stopped: 0.0001120 seconds, Stopping threads took: 0.0000260 seconds
2016-04-10T11:31:41.236+0000: 9835.245: Total time for which application threads were stopped: 0.0000240 seconds, Stopping threads took: 0.0000100 seconds
2016-04-10T11:31:41.237+0000: 9835.247: Total time for which application threads were stopped: 0.0000270 seconds, Stopping threads took: 0.0000120 seconds
2016-04-10T11:31:41.345+0000: 9835.354: Total time for which application threads were stopped: 0.0000650 seconds, Stopping threads took: 0.0000250 seconds
2016-04-10T11:31:41.345+0000: 9835.354: Total time for which application threads were stopped: 0.0000270 seconds, Stopping threads took: 0.0000120 seconds
{Heap before GC invocations=25 (full 0):
 par new generation   total 109248K, used 109248K [0x00000000d5a00000, 0x00000000dda00000, 0x00000000dda00000)
  eden space 87424K, 100% used [0x00000000d5a00000, 0x00000000daf60000, 0x00000000daf60000)
  from space 21824K, 100% used [0x00000000dc4b0000, 0x00000000dda00000, 0x00000000dda00000)
  to   space 21824K,   0% used [0x00000000daf60000, 0x00000000daf60000, 0x00000000dc4b0000)
 concurrent mark-sweep generation total 393216K, used 52922K [0x00000000dda00000, 0x00000000f5a00000, 0x00000000f5a00000)
 concurrent-mark-sweep perm gen total 29696K, used 29631K [0x00000000f5a00000, 0x00000000f7700000, 0x0000000100000000)
2016-04-10T11:31:44.697+0000: 9838.706: [GC2016-04-10T11:31:44.697+0000: 9838.706: [ParNew
Desired survivor size 20112992 bytes, new threshold 8 (max 8)
- age   1:    3330840 bytes,    3330840 total
- age   2:    3017896 bytes,    6348736 total
- age   3:    2837736 bytes,    9186472 total
- age   4:    2703568 bytes,   11890040 total
- age   5:    1199896 bytes,   13089936 total
- age   6:        936 bytes,   13090872 total
- age   7:    3257984 bytes,   16348856 total
- age   8:    1533520 bytes,   17882376 total
: 109248K->21824K(109248K), 0.0287230 secs] 162170K->75178K(502464K), 0.0287990 secs] [Times: user=0.03 sys=0.00, real=0.03 secs] 
Heap after GC invocations=26 (full 0):
 par new generation   total 109248K, used 21824K [0x00000000d5a00000, 0x00000000dda00000, 0x00000000dda00000)
  eden space 87424K,   0% used [0x00000000d5a00000, 0x00000000d5a00000, 0x00000000daf60000)
  from space 21824K, 100% used [0x00000000daf60000, 0x00000000dc4b0000, 0x00000000dc4b0000)
  to   space 21824K,   0% used [0x00000000dc4b0000, 0x00000000dc4b0000, 0x00000000dda00000)
 concurrent mark-sweep generation total 393216K, used 53354K [0x00000000dda00000, 0x00000000f5a00000, 0x00000000f5a00000)
 concurrent-mark-sweep perm gen total 29696K, used 29631K [0x00000000f5a00000, 0x00000000f7700000, 0x0000000100000000)
}
2016-04-10T11:31:44.725+0000: 9838.735: Total time for which application threads were stopped: 0.0290050 seconds, Stopping threads took: 0.0000270 seconds
2016-04-10T11:31:45.162+0000: 9839.171: Total time for which application threads were stopped: 0.0000600 seconds, Stopping threads took: 0.0000260 seconds
2016-04-10T11:31:45.163+0000: 9839.172: Total time for which application threads were stopped: 0.0000300 seconds, Stopping threads took: 0.0000130 seconds
2016-04-10T11:31:45.252+0000: 9839.261: Total time for which application threads were stopped: 0.0001120 seconds, Stopping threads took: 0.0000250 seconds
2016-04-10T11:31:45.255+0000: 9839.264: Total time for which application threads were stopped: 0.0000380 seconds, Stopping threads took: 0.0000160 seconds
2016-04-10T11:31:45.255+0000: 9839.264: Total time for which application threads were stopped: 0.0000250 seconds, Stopping threads took: 0.0000110 seconds
{Heap before GC invocations=26 (full 0):
 par new generation   total 109248K, used 109248K [0x00000000d5a00000, 0x00000000dda00000, 0x00000000dda00000)
  eden space 87424K, 100% used [0x00000000d5a00000, 0x00000000daf60000, 0x00000000daf60000)
  from space 21824K, 100% used [0x00000000daf60000, 0x00000000dc4b0000, 0x00000000dc4b0000)
  to   space 21824K,   0% used [0x00000000dc4b0000, 0x00000000dc4b0000, 0x00000000dda00000)
 concurrent mark-sweep generation total 393216K, used 53354K [0x00000000dda00000, 0x00000000f5a00000, 0x00000000f5a00000)
 concurrent-mark-sweep perm gen total 29696K, used 29634K [0x00000000f5a00000, 0x00000000f7700000, 0x0000000100000000)
2016-04-10T11:31:48.741+0000: 9842.750: [GC2016-04-10T11:31:48.741+0000: 9842.750: [ParNew
Desired survivor size 20112992 bytes, new threshold 8 (max 8)
- age   1:    3938288 bytes,    3938288 total
- age   2:    2543072 bytes,    6481360 total
- age   3:    2950792 bytes,    9432152 total
- age   4:    2837304 bytes,   12269456 total
- age   5:    2225472 bytes,   14494928 total
- age   6:    1156216 bytes,   15651144 total
- age   7:        936 bytes,   15652080 total
- age   8:    3257984 bytes,   18910064 total
: 109248K->21824K(109248K), 0.0275320 secs] 162602K->77186K(502464K), 0.0276250 secs] [Times: user=0.02 sys=0.00, real=0.02 secs] 
Heap after GC invocations=27 (full 0):
 par new generation   total 109248K, used 21824K [0x00000000d5a00000, 0x00000000dda00000, 0x00000000dda00000)
  eden space 87424K,   0% used [0x00000000d5a00000, 0x00000000d5a00000, 0x00000000daf60000)
  from space 21824K, 100% used [0x00000000dc4b0000, 0x00000000dda00000, 0x00000000dda00000)
  to   space 21824K,   0% used [0x00000000daf60000, 0x00000000daf60000, 0x00000000dc4b0000)
 concurrent mark-sweep generation total 393216K, used 55362K [0x00000000dda00000, 0x00000000f5a00000, 0x00000000f5a00000)
 concurrent-mark-sweep perm gen total 29696K, used 29634K [0x00000000f5a00000, 0x00000000f7700000, 0x0000000100000000)
}
2016-04-10T11:31:48.768+0000: 9842.778: Total time for which application threads were stopped: 0.0278040 seconds, Stopping threads took: 0.0000290 seconds
2016-04-10T11:31:49.130+0000: 9843.139: Total time for which application threads were stopped: 0.0000770 seconds, Stopping threads took: 0.0000310 seconds
2016-04-10T11:31:49.131+0000: 9843.140: Total time for which application threads were stopped: 0.0000310 seconds, Stopping threads took: 0.0000130 seconds
2016-04-10T11:31:49.222+0000: 9843.232: Total time for which application threads were stopped: 0.0000600 seconds, Stopping threads took: 0.0000250 seconds
2016-04-10T11:31:49.223+0000: 9843.232: Total time for which application threads were stopped: 0.0000270 seconds, Stopping threads took: 0.0000120 seconds
2016-04-10T11:31:49.223+0000: 9843.232: Total time for which application threads were stopped: 0.0000250 seconds, Stopping threads took: 0.0000110 seconds
2016-04-10T11:31:49.226+0000: 9843.235: Total time for which application threads were stopped: 0.0000330 seconds, Stopping threads took: 0.0000140 seconds
2016-04-10T11:31:49.226+0000: 9843.235: Total time for which application threads were stopped: 0.0000260 seconds, Stopping threads took: 0.0000110 seconds
{Heap before GC invocations=27 (full 0):
 par new generation   total 109248K, used 109248K [0x00000000d5a00000, 0x00000000dda00000, 0x00000000dda00000)
  eden space 87424K, 100% used [0x00000000d5a00000, 0x00000000daf60000, 0x00000000daf60000)
  from space 21824K, 100% used [0x00000000dc4b0000, 0x00000000dda00000, 0x00000000dda00000)
  to   space 21824K,   0% used [0x00000000daf60000, 0x00000000daf60000, 0x00000000dc4b0000)
 concurrent mark-sweep generation total 393216K, used 55362K [0x00000000dda00000, 0x00000000f5a00000, 0x00000000f5a00000)
 concurrent-mark-sweep perm gen total 29696K, used 29637K [0x00000000f5a00000, 0x00000000f7700000, 0x0000000100000000)
2016-04-10T11:31:52.945+0000: 9846.954: [GC2016-04-10T11:31:52.945+0000: 9846.954: [ParNew
Desired survivor size 20112992 bytes, new threshold 8 (max 8)
- age   1:    3863440 bytes,    3863440 total
- age   2:    2639888 bytes,    6503328 total
- age   3:    2473488 bytes,    8976816 total
- age   4:    2902472 bytes,   11879288 total
- age   5:    2789160 bytes,   14668448 total
- age   6:    2212208 bytes,   16880656 total
- age   7:      11880 bytes,   16892536 total
- age   8:        936 bytes,   16893472 total
: 109248K->21824K(109248K), 0.0338190 secs] 164610K->81778K(502464K), 0.0339210 secs] [Times: user=0.03 sys=0.00, real=0.03 secs] 
Heap after GC invocations=28 (full 0):
 par new generation   total 109248K, used 21824K [0x00000000d5a00000, 0x00000000dda00000, 0x00000000dda00000)
  eden space 87424K,   0% used [0x00000000d5a00000, 0x00000000d5a00000, 0x00000000daf60000)
  from space 21824K, 100% used [0x00000000daf60000, 0x00000000dc4b0000, 0x00000000dc4b0000)
  to   space 21824K,   0% used [0x00000000dc4b0000, 0x00000000dc4b0000, 0x00000000dda00000)
 concurrent mark-sweep generation total 393216K, used 59954K [0x00000000dda00000, 0x00000000f5a00000, 0x00000000f5a00000)
 concurrent-mark-sweep perm gen total 29696K, used 29637K [0x00000000f5a00000, 0x00000000f7700000, 0x0000000100000000)
}
2016-04-10T11:31:52.979+0000: 9846.988: Total time for which application threads were stopped: 0.0341470 seconds, Stopping threads took: 0.0000310 seconds
{Heap before GC invocations=28 (full 0):
 par new generation   total 109248K, used 109248K [0x00000000d5a00000, 0x00000000dda00000, 0x00000000dda00000)
  eden space 87424K, 100% used [0x00000000d5a00000, 0x00000000daf60000, 0x00000000daf60000)
  from space 21824K, 100% used [0x00000000daf60000, 0x00000000dc4b0000, 0x00000000dc4b0000)
  to   space 21824K,   0% used [0x00000000dc4b0000, 0x00000000dc4b0000, 0x00000000dda00000)
 concurrent mark-sweep generation total 393216K, used 59954K [0x00000000dda00000, 0x00000000f5a00000, 0x00000000f5a00000)
 concurrent-mark-sweep perm gen total 29696K, used 29640K [0x00000000f5a00000, 0x00000000f7700000, 0x0000000100000000)
2016-04-10T11:31:57.126+0000: 9851.135: [GC2016-04-10T11:31:57.126+0000: 9851.136: [ParNew
Desired survivor size 20112992 bytes, new threshold 8 (max 8)
- age   1:    3544328 bytes,    3544328 total
- age   2:    2759416 bytes,    6303744 total
- age   3:    2639808 bytes,    8943552 total
- age   4:    2406496 bytes,   11350048 total
- age   5:    2902472 bytes,   14252520 total
- age   6:    2789160 bytes,   17041680 total
- age   7:    2212208 bytes,   19253888 total
- age   8:      11880 bytes,   19265768 total
: 109248K->21824K(109248K), 0.0209760 secs] 169202K->81779K(502464K), 0.0210530 secs] [Times: user=0.02 sys=0.00, real=0.02 secs] 
Heap after GC invocations=29 (full 0):
 par new generation   total 109248K, used 21824K [0x00000000d5a00000, 0x00000000dda00000, 0x00000000dda00000)
  eden space 87424K,   0% used [0x00000000d5a00000, 0x00000000d5a00000, 0x00000000daf60000)
  from space 21824K, 100% used [0x00000000dc4b0000, 0x00000000dda00000, 0x00000000dda00000)
  to   space 21824K,   0% used [0x00000000daf60000, 0x00000000daf60000, 0x00000000dc4b0000)
 concurrent mark-sweep generation total 393216K, used 59955K [0x00000000dda00000, 0x00000000f5a00000, 0x00000000f5a00000)
 concurrent-mark-sweep perm gen total 29696K, used 29640K [0x00000000f5a00000, 0x00000000f7700000, 0x0000000100000000)
}
2016-04-10T11:31:57.147+0000: 9851.157: Total time for which application threads were stopped: 0.0213000 seconds, Stopping threads took: 0.0000380 seconds
2016-04-10T11:31:57.479+0000: 9851.488: Total time for which application threads were stopped: 0.0000630 seconds, Stopping threads took: 0.0000270 seconds
2016-04-10T11:31:57.479+0000: 9851.488: Total time for which application threads were stopped: 0.0000250 seconds, Stopping threads took: 0.0000110 seconds
2016-04-10T11:31:57.480+0000: 9851.490: Total time for which application threads were stopped: 0.0000290 seconds, Stopping threads took: 0.0000130 seconds
2016-04-10T11:31:57.480+0000: 9851.490: Total time for which application threads were stopped: 0.0000240 seconds, Stopping threads took: 0.0000100 seconds
2016-04-10T11:31:57.488+0000: 9851.497: Total time for which application threads were stopped: 0.0000420 seconds, Stopping threads took: 0.0000140 seconds
2016-04-10T11:31:57.498+0000: 9851.507: Total time for which application threads were stopped: 0.0028240 seconds, Stopping threads took: 0.0027740 seconds
2016-04-10T11:31:57.501+0000: 9851.510: Total time for which application threads were stopped: 0.0000510 seconds, Stopping threads took: 0.0000150 seconds
2016-04-10T11:31:57.509+0000: 9851.519: Total time for which application threads were stopped: 0.0000400 seconds, Stopping threads took: 0.0000170 seconds
2016-04-10T11:31:57.516+0000: 9851.525: Total time for which application threads were stopped: 0.0000370 seconds, Stopping threads took: 0.0000150 seconds
2016-04-10T11:31:57.520+0000: 9851.529: Total time for which application threads were stopped: 0.0000290 seconds, Stopping threads took: 0.0000130 seconds
2016-04-10T11:31:57.527+0000: 9851.536: Total time for which application threads were stopped: 0.0000390 seconds, Stopping threads took: 0.0000170 seconds
2016-04-10T11:31:57.587+0000: 9851.596: Total time for which application threads were stopped: 0.0018010 seconds, Stopping threads took: 0.0015830 seconds
2016-04-10T11:31:57.588+0000: 9851.597: Total time for which application threads were stopped: 0.0011580 seconds, Stopping threads took: 0.0010820 seconds
2016-04-10T11:31:57.672+0000: 9851.681: Total time for which application threads were stopped: 0.0001230 seconds, Stopping threads took: 0.0000280 seconds
2016-04-10T11:31:57.677+0000: 9851.687: Total time for which application threads were stopped: 0.0000390 seconds, Stopping threads took: 0.0000170 seconds
2016-04-10T11:31:57.698+0000: 9851.707: Total time for which application threads were stopped: 0.0001070 seconds, Stopping threads took: 0.0000740 seconds
2016-04-10T11:31:57.699+0000: 9851.708: Total time for which application threads were stopped: 0.0000440 seconds, Stopping threads took: 0.0000160 seconds
2016-04-10T11:31:57.700+0000: 9851.710: Total time for which application threads were stopped: 0.0000310 seconds, Stopping threads took: 0.0000130 seconds
2016-04-10T11:31:57.701+0000: 9851.710: Total time for which application threads were stopped: 0.0000290 seconds, Stopping threads took: 0.0000130 seconds
2016-04-10T11:31:57.702+0000: 9851.711: Total time for which application threads were stopped: 0.0000280 seconds, Stopping threads took: 0.0000120 seconds
2016-04-10T11:31:57.702+0000: 9851.712: Total time for which application threads were stopped: 0.0000770 seconds, Stopping threads took: 0.0000590 seconds
2016-04-10T11:31:57.704+0000: 9851.713: Total time for which application threads were stopped: 0.0000440 seconds, Stopping threads took: 0.0000130 seconds
2016-04-10T11:31:57.704+0000: 9851.713: Total time for which application threads were stopped: 0.0000270 seconds, Stopping threads took: 0.0000120 seconds
2016-04-10T11:31:57.706+0000: 9851.715: Total time for which application threads were stopped: 0.0000350 seconds, Stopping threads took: 0.0000150 seconds
2016-04-10T11:31:57.706+0000: 9851.715: Total time for which application threads were stopped: 0.0000990 seconds, Stopping threads took: 0.0000130 seconds
{Heap before GC invocations=29 (full 0):
 par new generation   total 109248K, used 109248K [0x00000000d5a00000, 0x00000000dda00000, 0x00000000dda00000)
  eden space 87424K, 100% used [0x00000000d5a00000, 0x00000000daf60000, 0x00000000daf60000)
  from space 21824K, 100% used [0x00000000dc4b0000, 0x00000000dda00000, 0x00000000dda00000)
  to   space 21824K,   0% used [0x00000000daf60000, 0x00000000daf60000, 0x00000000dc4b0000)
 concurrent mark-sweep generation total 393216K, used 59955K [0x00000000dda00000, 0x00000000f5a00000, 0x00000000f5a00000)
 concurrent-mark-sweep perm gen total 29696K, used 29646K [0x00000000f5a00000, 0x00000000f7700000, 0x0000000100000000)
2016-04-10T11:31:57.915+0000: 9851.924: [GC2016-04-10T11:31:57.915+0000: 9851.924: [ParNew
Desired survivor size 20112992 bytes, new threshold 8 (max 8)
- age   1:    1996936 bytes,    1996936 total
- age   2:    2562728 bytes,    4559664 total
- age   3:    1604160 bytes,    6163824 total
- age   4:    1978544 bytes,    8142368 total
- age   5:    2404272 bytes,   10546640 total
- age   6:    2897712 bytes,   13444352 total
- age   7:    2789048 bytes,   16233400 total
- age   8:    2212160 bytes,   18445560 total
: 109248K->21824K(109248K), 0.0192490 secs] 169203K->83641K(502464K), 0.0193240 secs] [Times: user=0.02 sys=0.00, real=0.02 secs] 
Heap after GC invocations=30 (full 0):
 par new generation   total 109248K, used 21824K [0x00000000d5a00000, 0x00000000dda00000, 0x00000000dda00000)
  eden space 87424K,   0% used [0x00000000d5a00000, 0x00000000d5a00000, 0x00000000daf60000)
  from space 21824K, 100% used [0x00000000daf60000, 0x00000000dc4b0000, 0x00000000dc4b0000)
  to   space 21824K,   0% used [0x00000000dc4b0000, 0x00000000dc4b0000, 0x00000000dda00000)
 concurrent mark-sweep generation total 393216K, used 61817K [0x00000000dda00000, 0x00000000f5a00000, 0x00000000f5a00000)
 concurrent-mark-sweep perm gen total 29696K, used 29646K [0x00000000f5a00000, 0x00000000f7700000, 0x0000000100000000)
}
2016-04-10T11:31:57.934+0000: 9851.943: Total time for which application threads were stopped: 0.0194710 seconds, Stopping threads took: 0.0000300 seconds
2016-04-10T11:31:58.934+0000: 9852.944: Total time for which application threads were stopped: 0.0001190 seconds, Stopping threads took: 0.0000230 seconds
{Heap before GC invocations=30 (full 0):
 par new generation   total 109248K, used 109248K [0x00000000d5a00000, 0x00000000dda00000, 0x00000000dda00000)
  eden space 87424K, 100% used [0x00000000d5a00000, 0x00000000daf60000, 0x00000000daf60000)
  from space 21824K, 100% used [0x00000000daf60000, 0x00000000dc4b0000, 0x00000000dc4b0000)
  to   space 21824K,   0% used [0x00000000dc4b0000, 0x00000000dc4b0000, 0x00000000dda00000)
 concurrent mark-sweep generation total 393216K, used 61817K [0x00000000dda00000, 0x00000000f5a00000, 0x00000000f5a00000)
 concurrent-mark-sweep perm gen total 29696K, used 29646K [0x00000000f5a00000, 0x00000000f7700000, 0x0000000100000000)
2016-04-10T11:32:01.754+0000: 9855.764: [GC2016-04-10T11:32:01.754+0000: 9855.764: [ParNew
Desired survivor size 20112992 bytes, new threshold 8 (max 8)
- age   1:    1794056 bytes,    1794056 total
- age   2:    1725312 bytes,    3519368 total
- age   3:    1591176 bytes,    5110544 total
- age   4:    1240016 bytes,    6350560 total
- age   5:    1978280 bytes,    8328840 total
- age   6:    2403168 bytes,   10732008 total
- age   7:    2893504 bytes,   13625512 total
- age   8:    2788784 bytes,   16414296 total
: 109248K->21824K(109248K), 0.0208230 secs] 171065K->87149K(502464K), 0.0208990 secs] [Times: user=0.02 sys=0.00, real=0.02 secs] 
Heap after GC invocations=31 (full 0):
 par new generation   total 109248K, used 21824K [0x00000000d5a00000, 0x00000000dda00000, 0x00000000dda00000)
  eden space 87424K,   0% used [0x00000000d5a00000, 0x00000000d5a00000, 0x00000000daf60000)
  from space 21824K, 100% used [0x00000000dc4b0000, 0x00000000dda00000, 0x00000000dda00000)
  to   space 21824K,   0% used [0x00000000daf60000, 0x00000000daf60000, 0x00000000dc4b0000)
 concurrent mark-sweep generation total 393216K, used 65325K [0x00000000dda00000, 0x00000000f5a00000, 0x00000000f5a00000)
 concurrent-mark-sweep perm gen total 29696K, used 29646K [0x00000000f5a00000, 0x00000000f7700000, 0x0000000100000000)
}
2016-04-10T11:32:01.775+0000: 9855.785: Total time for which application threads were stopped: 0.0211010 seconds, Stopping threads took: 0.0000350 seconds
2016-04-10T11:32:02.776+0000: 9856.785: Total time for which application threads were stopped: 0.0001290 seconds, Stopping threads took: 0.0000220 seconds
{Heap before GC invocations=31 (full 0):
 par new generation   total 109248K, used 109248K [0x00000000d5a00000, 0x00000000dda00000, 0x00000000dda00000)
  eden space 87424K, 100% used [0x00000000d5a00000, 0x00000000daf60000, 0x00000000daf60000)
  from space 21824K, 100% used [0x00000000dc4b0000, 0x00000000dda00000, 0x00000000dda00000)
  to   space 21824K,   0% used [0x00000000daf60000, 0x00000000daf60000, 0x00000000dc4b0000)
 concurrent mark-sweep generation total 393216K, used 65325K [0x00000000dda00000, 0x00000000f5a00000, 0x00000000f5a00000)
 concurrent-mark-sweep perm gen total 29696K, used 29649K [0x00000000f5a00000, 0x00000000f7700000, 0x0000000100000000)
2016-04-10T11:32:06.698+0000: 9860.708: [GC2016-04-10T11:32:06.698+0000: 9860.708: [ParNew
Desired survivor size 20112992 bytes, new threshold 8 (max 8)
- age   1:    4204016 bytes,    4204016 total
- age   2:     428480 bytes,    4632496 total
- age   3:    1716272 bytes,    6348768 total
- age   4:    1585016 bytes,    7933784 total
- age   5:    1173096 bytes,    9106880 total
- age   6:    1971312 bytes,   11078192 total
- age   7:    2396448 bytes,   13474640 total
- age   8:    2880032 bytes,   16354672 total
: 109248K->18263K(109248K), 0.0231980 secs] 174573K->86305K(502464K), 0.0232940 secs] [Times: user=0.02 sys=0.00, real=0.03 secs] 
Heap after GC invocations=32 (full 0):
 par new generation   total 109248K, used 18263K [0x00000000d5a00000, 0x00000000dda00000, 0x00000000dda00000)
  eden space 87424K,   0% used [0x00000000d5a00000, 0x00000000d5a00000, 0x00000000daf60000)
  from space 21824K,  83% used [0x00000000daf60000, 0x00000000dc135f48, 0x00000000dc4b0000)
  to   space 21824K,   0% used [0x00000000dc4b0000, 0x00000000dc4b0000, 0x00000000dda00000)
 concurrent mark-sweep generation total 393216K, used 68042K [0x00000000dda00000, 0x00000000f5a00000, 0x00000000f5a00000)
 concurrent-mark-sweep perm gen total 29696K, used 29649K [0x00000000f5a00000, 0x00000000f7700000, 0x0000000100000000)
}
2016-04-10T11:32:06.722+0000: 9860.731: Total time for which application threads were stopped: 0.0235080 seconds, Stopping threads took: 0.0000280 seconds
{Heap before GC invocations=32 (full 0):
 par new generation   total 109248K, used 105687K [0x00000000d5a00000, 0x00000000dda00000, 0x00000000dda00000)
  eden space 87424K, 100% used [0x00000000d5a00000, 0x00000000daf60000, 0x00000000daf60000)
  from space 21824K,  83% used [0x00000000daf60000, 0x00000000dc135f48, 0x00000000dc4b0000)
  to   space 21824K,   0% used [0x00000000dc4b0000, 0x00000000dc4b0000, 0x00000000dda00000)
 concurrent mark-sweep generation total 393216K, used 68042K [0x00000000dda00000, 0x00000000f5a00000, 0x00000000f5a00000)
 concurrent-mark-sweep perm gen total 29696K, used 29651K [0x00000000f5a00000, 0x00000000f7700000, 0x0000000100000000)
2016-04-10T11:32:11.494+0000: 9865.504: [GC2016-04-10T11:32:11.494+0000: 9865.504: [ParNew
Desired survivor size 20112992 bytes, new threshold 8 (max 8)
- age   1:    4248744 bytes,    4248744 total
- age   2:    2354416 bytes,    6603160 total
- age   3:     428448 bytes,    7031608 total
- age   4:    1716248 bytes,    8747856 total
- age   5:    1518200 bytes,   10266056 total
- age   6:    1173024 bytes,   11439080 total
- age   7:    1971312 bytes,   13410392 total
- age   8:    2396448 bytes,   15806840 total
: 105687K->21824K(109248K), 0.0188540 secs] 173729K->92679K(502464K), 0.0189160 secs] [Times: user=0.02 sys=0.00, real=0.02 secs] 
Heap after GC invocations=33 (full 0):
 par new generation   total 109248K, used 21824K [0x00000000d5a00000, 0x00000000dda00000, 0x00000000dda00000)
  eden space 87424K,   0% used [0x00000000d5a00000, 0x00000000d5a00000, 0x00000000daf60000)
  from space 21824K, 100% used [0x00000000dc4b0000, 0x00000000dda00000, 0x00000000dda00000)
  to   space 21824K,   0% used [0x00000000daf60000, 0x00000000daf60000, 0x00000000dc4b0000)
 concurrent mark-sweep generation total 393216K, used 70855K [0x00000000dda00000, 0x00000000f5a00000, 0x00000000f5a00000)
 concurrent-mark-sweep perm gen total 29696K, used 29651K [0x00000000f5a00000, 0x00000000f7700000, 0x0000000100000000)
}
2016-04-10T11:32:11.513+0000: 9865.522: Total time for which application threads were stopped: 0.0191300 seconds, Stopping threads took: 0.0000310 seconds
{Heap before GC invocations=33 (full 0):
 par new generation   total 109248K, used 109248K [0x00000000d5a00000, 0x00000000dda00000, 0x00000000dda00000)
  eden space 87424K, 100% used [0x00000000d5a00000, 0x00000000daf60000, 0x00000000daf60000)
  from space 21824K, 100% used [0x00000000dc4b0000, 0x00000000dda00000, 0x00000000dda00000)
  to   space 21824K,   0% used [0x00000000daf60000, 0x00000000daf60000, 0x00000000dc4b0000)
 concurrent mark-sweep generation total 393216K, used 70855K [0x00000000dda00000, 0x00000000f5a00000, 0x00000000f5a00000)
 concurrent-mark-sweep perm gen total 29696K, used 29651K [0x00000000f5a00000, 0x00000000f7700000, 0x0000000100000000)
2016-04-10T11:32:12.065+0000: 9866.075: [GC2016-04-10T11:32:12.065+0000: 9866.075: [ParNew
Desired survivor size 20112992 bytes, new threshold 8 (max 8)
- age   1:    5470048 bytes,    5470048 total
- age   2:    3917888 bytes,    9387936 total
- age   3:    2353176 bytes,   11741112 total
- age   4:     361552 bytes,   12102664 total
- age   5:    1716248 bytes,   13818912 total
- age   6:    1518128 bytes,   15337040 total
- age   7:    1173024 bytes,   16510064 total
- age   8:    1971312 bytes,   18481376 total
: 109248K->21229K(109248K), 0.0310110 secs] 180103K->94425K(502464K), 0.0310950 secs] [Times: user=0.03 sys=0.00, real=0.03 secs] 
Heap after GC invocations=34 (full 0):
 par new generation   total 109248K, used 21229K [0x00000000d5a00000, 0x00000000dda00000, 0x00000000dda00000)
  eden space 87424K,   0% used [0x00000000d5a00000, 0x00000000d5a00000, 0x00000000daf60000)
  from space 21824K,  97% used [0x00000000daf60000, 0x00000000dc41b7c8, 0x00000000dc4b0000)
  to   space 21824K,   0% used [0x00000000dc4b0000, 0x00000000dc4b0000, 0x00000000dda00000)
 concurrent mark-sweep generation total 393216K, used 73195K [0x00000000dda00000, 0x00000000f5a00000, 0x00000000f5a00000)
 concurrent-mark-sweep perm gen total 29696K, used 29651K [0x00000000f5a00000, 0x00000000f7700000, 0x0000000100000000)
}
2016-04-10T11:32:12.096+0000: 9866.106: Total time for which application threads were stopped: 0.0313070 seconds, Stopping threads took: 0.0000270 seconds
2016-04-10T11:32:12.152+0000: 9866.161: Total time for which application threads were stopped: 0.0000640 seconds, Stopping threads took: 0.0000280 seconds
2016-04-10T11:32:12.152+0000: 9866.161: Total time for which application threads were stopped: 0.0000240 seconds, Stopping threads took: 0.0000110 seconds
2016-04-10T11:32:12.152+0000: 9866.161: Total time for which application threads were stopped: 0.0000350 seconds, Stopping threads took: 0.0000090 seconds
2016-04-10T11:32:12.153+0000: 9866.162: Total time for which application threads were stopped: 0.0000270 seconds, Stopping threads took: 0.0000120 seconds
2016-04-10T11:32:12.153+0000: 9866.162: Total time for which application threads were stopped: 0.0000240 seconds, Stopping threads took: 0.0000100 seconds
2016-04-10T11:32:12.267+0000: 9866.276: Total time for which application threads were stopped: 0.0000630 seconds, Stopping threads took: 0.0000250 seconds
2016-04-10T11:32:12.267+0000: 9866.276: Total time for which application threads were stopped: 0.0000300 seconds, Stopping threads took: 0.0000110 seconds
{Heap before GC invocations=34 (full 0):
 par new generation   total 109248K, used 108653K [0x00000000d5a00000, 0x00000000dda00000, 0x00000000dda00000)
  eden space 87424K, 100% used [0x00000000d5a00000, 0x00000000daf60000, 0x00000000daf60000)
  from space 21824K,  97% used [0x00000000daf60000, 0x00000000dc41b7c8, 0x00000000dc4b0000)
  to   space 21824K,   0% used [0x00000000dc4b0000, 0x00000000dc4b0000, 0x00000000dda00000)
 concurrent mark-sweep generation total 393216K, used 73195K [0x00000000dda00000, 0x00000000f5a00000, 0x00000000f5a00000)
 concurrent-mark-sweep perm gen total 29696K, used 29652K [0x00000000f5a00000, 0x00000000f7700000, 0x0000000100000000)
2016-04-10T11:32:16.707+0000: 9870.717: [GC2016-04-10T11:32:16.707+0000: 9870.717: [ParNew
Desired survivor size 20112992 bytes, new threshold 8 (max 8)
- age   1:    6184312 bytes,    6184312 total
- age   2:    1843592 bytes,    8027904 total
- age   3:    3026304 bytes,   11054208 total
- age   4:    2352160 bytes,   13406368 total
- age   5:     361480 bytes,   13767848 total
- age   6:    1716224 bytes,   15484072 total
- age   7:    1518128 bytes,   17002200 total
- age   8:    1173024 bytes,   18175224 total
: 108653K->21824K(109248K), 0.0249110 secs] 181849K->96944K(502464K), 0.0249900 secs] [Times: user=0.02 sys=0.00, real=0.03 secs] 
Heap after GC invocations=35 (full 0):
 par new generation   total 109248K, used 21824K [0x00000000d5a00000, 0x00000000dda00000, 0x00000000dda00000)
  eden space 87424K,   0% used [0x00000000d5a00000, 0x00000000d5a00000, 0x00000000daf60000)
  from space 21824K, 100% used [0x00000000dc4b0000, 0x00000000dda00000, 0x00000000dda00000)
  to   space 21824K,   0% used [0x00000000daf60000, 0x00000000daf60000, 0x00000000dc4b0000)
 concurrent mark-sweep generation total 393216K, used 75120K [0x00000000dda00000, 0x00000000f5a00000, 0x00000000f5a00000)
 concurrent-mark-sweep perm gen total 29696K, used 29652K [0x00000000f5a00000, 0x00000000f7700000, 0x0000000100000000)
}
2016-04-10T11:32:16.732+0000: 9870.742: Total time for which application threads were stopped: 0.0252060 seconds, Stopping threads took: 0.0000290 seconds
2016-04-10T11:32:17.029+0000: 9871.038: Total time for which application threads were stopped: 0.0001040 seconds, Stopping threads took: 0.0000290 seconds
2016-04-10T11:32:17.030+0000: 9871.039: Total time for which application threads were stopped: 0.0000330 seconds, Stopping threads took: 0.0000140 seconds
2016-04-10T11:32:17.146+0000: 9871.155: Total time for which application threads were stopped: 0.0000640 seconds, Stopping threads took: 0.0000260 seconds
2016-04-10T11:32:17.146+0000: 9871.155: Total time for which application threads were stopped: 0.0000250 seconds, Stopping threads took: 0.0000110 seconds
2016-04-10T11:32:17.149+0000: 9871.158: Total time for which application threads were stopped: 0.0000310 seconds, Stopping threads took: 0.0000130 seconds
2016-04-10T11:32:17.149+0000: 9871.158: Total time for which application threads were stopped: 0.0000300 seconds, Stopping threads took: 0.0000160 seconds
{Heap before GC invocations=35 (full 0):
 par new generation   total 109248K, used 109248K [0x00000000d5a00000, 0x00000000dda00000, 0x00000000dda00000)
  eden space 87424K, 100% used [0x00000000d5a00000, 0x00000000daf60000, 0x00000000daf60000)
  from space 21824K, 100% used [0x00000000dc4b0000, 0x00000000dda00000, 0x00000000dda00000)
  to   space 21824K,   0% used [0x00000000daf60000, 0x00000000daf60000, 0x00000000dc4b0000)
 concurrent mark-sweep generation total 393216K, used 75120K [0x00000000dda00000, 0x00000000f5a00000, 0x00000000f5a00000)
 concurrent-mark-sweep perm gen total 29696K, used 29652K [0x00000000f5a00000, 0x00000000f7700000, 0x0000000100000000)
2016-04-10T11:32:21.351+0000: 9875.360: [GC2016-04-10T11:32:21.351+0000: 9875.361: [ParNew
Desired survivor size 20112992 bytes, new threshold 8 (max 8)
- age   1:    4643312 bytes,    4643312 total
- age   2:    3202520 bytes,    7845832 total
- age   3:    1843312 bytes,    9689144 total
- age   4:    3024160 bytes,   12713304 total
- age   5:    2285240 bytes,   14998544 total
- age   6:     361480 bytes,   15360024 total
- age   7:    1716224 bytes,   17076248 total
- age   8:    1518128 bytes,   18594376 total
: 109248K->21824K(109248K), 0.0375850 secs] 184368K->98395K(502464K), 0.0376500 secs] [Times: user=0.03 sys=0.00, real=0.03 secs] 
Heap after GC invocations=36 (full 0):
 par new generation   total 109248K, used 21824K [0x00000000d5a00000, 0x00000000dda00000, 0x00000000dda00000)
  eden space 87424K,   0% used [0x00000000d5a00000, 0x00000000d5a00000, 0x00000000daf60000)
  from space 21824K, 100% used [0x00000000daf60000, 0x00000000dc4b0000, 0x00000000dc4b0000)
  to   space 21824K,   0% used [0x00000000dc4b0000, 0x00000000dc4b0000, 0x00000000dda00000)
 concurrent mark-sweep generation total 393216K, used 76571K [0x00000000dda00000, 0x00000000f5a00000, 0x00000000f5a00000)
 concurrent-mark-sweep perm gen total 29696K, used 29652K [0x00000000f5a00000, 0x00000000f7700000, 0x0000000100000000)
}
2016-04-10T11:32:21.389+0000: 9875.398: Total time for which application threads were stopped: 0.0378410 seconds, Stopping threads took: 0.0000430 seconds
{Heap before GC invocations=36 (full 0):
 par new generation   total 109248K, used 109248K [0x00000000d5a00000, 0x00000000dda00000, 0x00000000dda00000)
  eden space 87424K, 100% used [0x00000000d5a00000, 0x00000000daf60000, 0x00000000daf60000)
  from space 21824K, 100% used [0x00000000daf60000, 0x00000000dc4b0000, 0x00000000dc4b0000)
  to   space 21824K,   0% used [0x00000000dc4b0000, 0x00000000dc4b0000, 0x00000000dda00000)
 concurrent mark-sweep generation total 393216K, used 76571K [0x00000000dda00000, 0x00000000f5a00000, 0x00000000f5a00000)
 concurrent-mark-sweep perm gen total 29696K, used 29652K [0x00000000f5a00000, 0x00000000f7700000, 0x0000000100000000)
2016-04-10T11:32:21.916+0000: 9875.925: [GC2016-04-10T11:32:21.916+0000: 9875.925: [ParNew
Desired survivor size 20112992 bytes, new threshold 7 (max 8)
- age   1:    5972576 bytes,    5972576 total
- age   2:    4150000 bytes,   10122576 total
- age   3:    3199952 bytes,   13322528 total
- age   4:    1842240 bytes,   15164768 total
- age   5:    2551624 bytes,   17716392 total
- age   6:    2285168 bytes,   20001560 total
- age   7:     361480 bytes,   20363040 total
- age   8:    1716224 bytes,   22079264 total
: 109248K->21824K(109248K), 0.0428440 secs] 185819K->100279K(502464K), 0.0429400 secs] [Times: user=0.04 sys=0.01, real=0.04 secs] 
Heap after GC invocations=37 (full 0):
 par new generation   total 109248K, used 21824K [0x00000000d5a00000, 0x00000000dda00000, 0x00000000dda00000)
  eden space 87424K,   0% used [0x00000000d5a00000, 0x00000000d5a00000, 0x00000000daf60000)
  from space 21824K, 100% used [0x00000000dc4b0000, 0x00000000dda00000, 0x00000000dda00000)
  to   space 21824K,   0% used [0x00000000daf60000, 0x00000000daf60000, 0x00000000dc4b0000)
 concurrent mark-sweep generation total 393216K, used 78455K [0x00000000dda00000, 0x00000000f5a00000, 0x00000000f5a00000)
 concurrent-mark-sweep perm gen total 29696K, used 29652K [0x00000000f5a00000, 0x00000000f7700000, 0x0000000100000000)
}
2016-04-10T11:32:21.958+0000: 9875.968: Total time for which application threads were stopped: 0.0431340 seconds, Stopping threads took: 0.0000350 seconds
2016-04-10T11:32:21.967+0000: 9875.977: Total time for which application threads were stopped: 0.0000550 seconds, Stopping threads took: 0.0000220 seconds
2016-04-10T11:32:21.968+0000: 9875.978: Total time for which application threads were stopped: 0.0000300 seconds, Stopping threads took: 0.0000130 seconds
2016-04-10T11:32:22.076+0000: 9876.085: Total time for which application threads were stopped: 0.0000650 seconds, Stopping threads took: 0.0000270 seconds
2016-04-10T11:32:22.079+0000: 9876.088: Total time for which application threads were stopped: 0.0000360 seconds, Stopping threads took: 0.0000150 seconds
2016-04-10T11:32:22.079+0000: 9876.088: Total time for which application threads were stopped: 0.0000260 seconds, Stopping threads took: 0.0000110 seconds
{Heap before GC invocations=37 (full 0):
 par new generation   total 109248K, used 109248K [0x00000000d5a00000, 0x00000000dda00000, 0x00000000dda00000)
  eden space 87424K, 100% used [0x00000000d5a00000, 0x00000000daf60000, 0x00000000daf60000)
  from space 21824K, 100% used [0x00000000dc4b0000, 0x00000000dda00000, 0x00000000dda00000)
  to   space 21824K,   0% used [0x00000000daf60000, 0x00000000daf60000, 0x00000000dc4b0000)
 concurrent mark-sweep generation total 393216K, used 78455K [0x00000000dda00000, 0x00000000f5a00000, 0x00000000f5a00000)
 concurrent-mark-sweep perm gen total 29696K, used 29658K [0x00000000f5a00000, 0x00000000f7700000, 0x0000000100000000)
2016-04-10T11:32:26.606+0000: 9880.615: [GC2016-04-10T11:32:26.606+0000: 9880.615: [ParNew
Desired survivor size 20112992 bytes, new threshold 8 (max 8)
- age   1:    3445592 bytes,    3445592 total
- age   2:    5686024 bytes,    9131616 total
- age   3:    1586256 bytes,   10717872 total
- age   4:    3197808 bytes,   13915680 total
- age   5:    1842240 bytes,   15757920 total
- age   6:     377504 bytes,   16135424 total
- age   7:      61200 bytes,   16196624 total
: 109248K->21824K(109248K), 0.0267300 secs] 187703K->111112K(502464K), 0.0267950 secs] [Times: user=0.02 sys=0.01, real=0.03 secs] 
Heap after GC invocations=38 (full 0):
 par new generation   total 109248K, used 21824K [0x00000000d5a00000, 0x00000000dda00000, 0x00000000dda00000)
  eden space 87424K,   0% used [0x00000000d5a00000, 0x00000000d5a00000, 0x00000000daf60000)
  from space 21824K, 100% used [0x00000000daf60000, 0x00000000dc4b0000, 0x00000000dc4b0000)
  to   space 21824K,   0% used [0x00000000dc4b0000, 0x00000000dc4b0000, 0x00000000dda00000)
 concurrent mark-sweep generation total 393216K, used 89288K [0x00000000dda00000, 0x00000000f5a00000, 0x00000000f5a00000)
 concurrent-mark-sweep perm gen total 29696K, used 29658K [0x00000000f5a00000, 0x00000000f7700000, 0x0000000100000000)
}
2016-04-10T11:32:26.633+0000: 9880.642: Total time for which application threads were stopped: 0.0269900 seconds, Stopping threads took: 0.0000270 seconds
{Heap before GC invocations=38 (full 0):
 par new generation   total 109248K, used 109248K [0x00000000d5a00000, 0x00000000dda00000, 0x00000000dda00000)
  eden space 87424K, 100% used [0x00000000d5a00000, 0x00000000daf60000, 0x00000000daf60000)
  from space 21824K, 100% used [0x00000000daf60000, 0x00000000dc4b0000, 0x00000000dc4b0000)
  to   space 21824K,   0% used [0x00000000dc4b0000, 0x00000000dc4b0000, 0x00000000dda00000)
 concurrent mark-sweep generation total 393216K, used 89288K [0x00000000dda00000, 0x00000000f5a00000, 0x00000000f5a00000)
 concurrent-mark-sweep perm gen total 29696K, used 29658K [0x00000000f5a00000, 0x00000000f7700000, 0x0000000100000000)
2016-04-10T11:32:31.274+0000: 9885.284: [GC2016-04-10T11:32:31.274+0000: 9885.284: [ParNew
Desired survivor size 20112992 bytes, new threshold 8 (max 8)
- age   1:    5575464 bytes,    5575464 total
- age   2:    2530000 bytes,    8105464 total
- age   3:    5685488 bytes,   13790952 total
- age   4:    1568192 bytes,   15359144 total
- age   5:    2551792 bytes,   17910936 total
- age   6:     306096 bytes,   18217032 total
- age   7:     377392 bytes,   18594424 total
- age   8:      51408 bytes,   18645832 total
: 109248K->21824K(109248K), 0.0196010 secs] 198536K->114285K(502464K), 0.0196800 secs] [Times: user=0.02 sys=0.00, real=0.02 secs] 
Heap after GC invocations=39 (full 0):
 par new generation   total 109248K, used 21824K [0x00000000d5a00000, 0x00000000dda00000, 0x00000000dda00000)
  eden space 87424K,   0% used [0x00000000d5a00000, 0x00000000d5a00000, 0x00000000daf60000)
  from space 21824K, 100% used [0x00000000dc4b0000, 0x00000000dda00000, 0x00000000dda00000)
  to   space 21824K,   0% used [0x00000000daf60000, 0x00000000daf60000, 0x00000000dc4b0000)
 concurrent mark-sweep generation total 393216K, used 92461K [0x00000000dda00000, 0x00000000f5a00000, 0x00000000f5a00000)
 concurrent-mark-sweep perm gen total 29696K, used 29658K [0x00000000f5a00000, 0x00000000f7700000, 0x0000000100000000)
}
2016-04-10T11:32:31.294+0000: 9885.303: Total time for which application threads were stopped: 0.0198790 seconds, Stopping threads took: 0.0000370 seconds
{Heap before GC invocations=39 (full 0):
 par new generation   total 109248K, used 109248K [0x00000000d5a00000, 0x00000000dda00000, 0x00000000dda00000)
  eden space 87424K, 100% used [0x00000000d5a00000, 0x00000000daf60000, 0x00000000daf60000)
  from space 21824K, 100% used [0x00000000dc4b0000, 0x00000000dda00000, 0x00000000dda00000)
  to   space 21824K,   0% used [0x00000000daf60000, 0x00000000daf60000, 0x00000000dc4b0000)
 concurrent mark-sweep generation total 393216K, used 92461K [0x00000000dda00000, 0x00000000f5a00000, 0x00000000f5a00000)
 concurrent-mark-sweep perm gen total 29696K, used 29660K [0x00000000f5a00000, 0x00000000f7700000, 0x0000000100000000)
2016-04-10T11:32:35.957+0000: 9889.966: [GC2016-04-10T11:32:35.957+0000: 9889.966: [ParNew
Desired survivor size 20112992 bytes, new threshold 8 (max 8)
- age   1:    4078144 bytes,    4078144 total
- age   2:    3367936 bytes,    7446080 total
- age   3:    2528768 bytes,    9974848 total
- age   4:    5685456 bytes,   15660304 total
- age   5:    1501296 bytes,   17161600 total
- age   6:    2551720 bytes,   19713320 total
- age   7:     306096 bytes,   20019416 total
- age   8:     377392 bytes,   20396808 total
: 109248K->21824K(109248K), 0.0288140 secs] 201709K->114441K(502464K), 0.0289040 secs] [Times: user=0.03 sys=0.00, real=0.03 secs] 
Heap after GC invocations=40 (full 0):
 par new generation   total 109248K, used 21824K [0x00000000d5a00000, 0x00000000dda00000, 0x00000000dda00000)
  eden space 87424K,   0% used [0x00000000d5a00000, 0x00000000d5a00000, 0x00000000daf60000)
  from space 21824K, 100% used [0x00000000daf60000, 0x00000000dc4b0000, 0x00000000dc4b0000)
  to   space 21824K,   0% used [0x00000000dc4b0000, 0x00000000dc4b0000, 0x00000000dda00000)
 concurrent mark-sweep generation total 393216K, used 92617K [0x00000000dda00000, 0x00000000f5a00000, 0x00000000f5a00000)
 concurrent-mark-sweep perm gen total 29696K, used 29660K [0x00000000f5a00000, 0x00000000f7700000, 0x0000000100000000)
}
2016-04-10T11:32:35.986+0000: 9889.995: Total time for which application threads were stopped: 0.0291220 seconds, Stopping threads took: 0.0000280 seconds
{Heap before GC invocations=40 (full 0):
 par new generation   total 109248K, used 109248K [0x00000000d5a00000, 0x00000000dda00000, 0x00000000dda00000)
  eden space 87424K, 100% used [0x00000000d5a00000, 0x00000000daf60000, 0x00000000daf60000)
  from space 21824K, 100% used [0x00000000daf60000, 0x00000000dc4b0000, 0x00000000dc4b0000)
  to   space 21824K,   0% used [0x00000000dc4b0000, 0x00000000dc4b0000, 0x00000000dda00000)
 concurrent mark-sweep generation total 393216K, used 92617K [0x00000000dda00000, 0x00000000f5a00000, 0x00000000f5a00000)
 concurrent-mark-sweep perm gen total 29696K, used 29660K [0x00000000f5a00000, 0x00000000f7700000, 0x0000000100000000)
2016-04-10T11:32:36.541+0000: 9890.550: [GC2016-04-10T11:32:36.541+0000: 9890.550: [ParNew
Desired survivor size 20112992 bytes, new threshold 7 (max 8)
- age   1:    3889184 bytes,    3889184 total
- age   2:    3549672 bytes,    7438856 total
- age   3:    3367808 bytes,   10806664 total
- age   4:    2528656 bytes,   13335320 total
- age   5:    4745512 bytes,   18080832 total
- age   6:    1456648 bytes,   19537480 total
- age   7:    2551720 bytes,   22089200 total
- age   8:      30496 bytes,   22119696 total
: 109248K->21824K(109248K), 0.0345830 secs] 201865K->117667K(502464K), 0.0346480 secs] [Times: user=0.04 sys=0.00, real=0.03 secs] 
Heap after GC invocations=41 (full 0):
 par new generation   total 109248K, used 21824K [0x00000000d5a00000, 0x00000000dda00000, 0x00000000dda00000)
  eden space 87424K,   0% used [0x00000000d5a00000, 0x00000000d5a00000, 0x00000000daf60000)
  from space 21824K, 100% used [0x00000000dc4b0000, 0x00000000dda00000, 0x00000000dda00000)
  to   space 21824K,   0% used [0x00000000daf60000, 0x00000000daf60000, 0x00000000dc4b0000)
 concurrent mark-sweep generation total 393216K, used 95843K [0x00000000dda00000, 0x00000000f5a00000, 0x00000000f5a00000)
 concurrent-mark-sweep perm gen total 29696K, used 29660K [0x00000000f5a00000, 0x00000000f7700000, 0x0000000100000000)
}
2016-04-10T11:32:36.575+0000: 9890.585: Total time for which application threads were stopped: 0.0348600 seconds, Stopping threads took: 0.0000290 seconds
{Heap before GC invocations=41 (full 0):
 par new generation   total 109248K, used 109248K [0x00000000d5a00000, 0x00000000dda00000, 0x00000000dda00000)
  eden space 87424K, 100% used [0x00000000d5a00000, 0x00000000daf60000, 0x00000000daf60000)
  from space 21824K, 100% used [0x00000000dc4b0000, 0x00000000dda00000, 0x00000000dda00000)
  to   space 21824K,   0% used [0x00000000daf60000, 0x00000000daf60000, 0x00000000dc4b0000)
 concurrent mark-sweep generation total 393216K, used 95843K [0x00000000dda00000, 0x00000000f5a00000, 0x00000000f5a00000)
 concurrent-mark-sweep perm gen total 29696K, used 29665K [0x00000000f5a00000, 0x00000000f7700000, 0x0000000100000000)
2016-04-10T11:32:41.299+0000: 9895.308: [GC2016-04-10T11:32:41.299+0000: 9895.308: [ParNew
Desired survivor size 20112992 bytes, new threshold 7 (max 8)
- age   1:    6098712 bytes,    6098712 total
- age   2:    2783624 bytes,    8882336 total
- age   3:    3435360 bytes,   12317696 total
- age   4:    3105128 bytes,   15422824 total
- age   5:    2082208 bytes,   17505032 total
- age   6:    1750408 bytes,   19255440 total
- age   7:    1103048 bytes,   20358488 total
: 109248K->21824K(109248K), 0.0233790 secs] 205091K->124929K(502464K), 0.0234670 secs] [Times: user=0.02 sys=0.00, real=0.02 secs] 
Heap after GC invocations=42 (full 0):
 par new generation   total 109248K, used 21824K [0x00000000d5a00000, 0x00000000dda00000, 0x00000000dda00000)
  eden space 87424K,   0% used [0x00000000d5a00000, 0x00000000d5a00000, 0x00000000daf60000)
  from space 21824K, 100% used [0x00000000daf60000, 0x00000000dc4b0000, 0x00000000dc4b0000)
  to   space 21824K,   0% used [0x00000000dc4b0000, 0x00000000dc4b0000, 0x00000000dda00000)
 concurrent mark-sweep generation total 393216K, used 103105K [0x00000000dda00000, 0x00000000f5a00000, 0x00000000f5a00000)
 concurrent-mark-sweep perm gen total 29696K, used 29665K [0x00000000f5a00000, 0x00000000f7700000, 0x0000000100000000)
}
2016-04-10T11:32:41.322+0000: 9895.331: Total time for which application threads were stopped: 0.0236690 seconds, Stopping threads took: 0.0000430 seconds
2016-04-10T11:32:41.695+0000: 9895.705: Total time for which application threads were stopped: 0.0001070 seconds, Stopping threads took: 0.0000200 seconds
2016-04-10T11:32:41.699+0000: 9895.708: Total time for which application threads were stopped: 0.0000430 seconds, Stopping threads took: 0.0000090 seconds
2016-04-10T11:32:41.699+0000: 9895.708: Total time for which application threads were stopped: 0.0000320 seconds, Stopping threads took: 0.0000060 seconds
2016-04-10T11:32:41.699+0000: 9895.708: Total time for which application threads were stopped: 0.0000410 seconds, Stopping threads took: 0.0000180 seconds
2016-04-10T11:32:41.699+0000: 9895.708: Total time for which application threads were stopped: 0.0000280 seconds, Stopping threads took: 0.0000060 seconds
2016-04-10T11:32:41.699+0000: 9895.708: Total time for which application threads were stopped: 0.0000270 seconds, Stopping threads took: 0.0000050 seconds
2016-04-10T11:32:42.368+0000: 9896.377: Total time for which application threads were stopped: 0.0001430 seconds, Stopping threads took: 0.0000290 seconds
2016-04-10T11:32:42.387+0000: 9896.396: Total time for which application threads were stopped: 0.0000530 seconds, Stopping threads took: 0.0000220 seconds
2016-04-10T11:32:42.403+0000: 9896.413: Total time for which application threads were stopped: 0.0000410 seconds, Stopping threads took: 0.0000170 seconds
2016-04-10T11:32:42.416+0000: 9896.425: Total time for which application threads were stopped: 0.0000470 seconds, Stopping threads took: 0.0000160 seconds
2016-04-10T11:32:42.431+0000: 9896.440: Total time for which application threads were stopped: 0.0000360 seconds, Stopping threads took: 0.0000160 seconds
2016-04-10T11:32:42.447+0000: 9896.456: Total time for which application threads were stopped: 0.0000530 seconds, Stopping threads took: 0.0000170 seconds
2016-04-10T11:32:42.463+0000: 9896.472: Total time for which application threads were stopped: 0.0000570 seconds, Stopping threads took: 0.0000190 seconds
2016-04-10T11:32:42.476+0000: 9896.485: Total time for which application threads were stopped: 0.0000490 seconds, Stopping threads took: 0.0000150 seconds
2016-04-10T11:32:42.604+0000: 9896.613: Total time for which application threads were stopped: 0.0000660 seconds, Stopping threads took: 0.0000230 seconds
2016-04-10T11:32:42.604+0000: 9896.614: Total time for which application threads were stopped: 0.0000200 seconds, Stopping threads took: 0.0000060 seconds
2016-04-10T11:32:42.605+0000: 9896.614: Total time for which application threads were stopped: 0.0000200 seconds, Stopping threads took: 0.0000060 seconds
2016-04-10T11:32:42.607+0000: 9896.616: Total time for which application threads were stopped: 0.0000260 seconds, Stopping threads took: 0.0000110 seconds
2016-04-10T11:32:42.608+0000: 9896.617: Total time for which application threads were stopped: 0.0000320 seconds, Stopping threads took: 0.0000150 seconds
2016-04-10T11:32:42.611+0000: 9896.620: Total time for which application threads were stopped: 0.0000330 seconds, Stopping threads took: 0.0000150 seconds
2016-04-10T11:32:42.612+0000: 9896.621: Total time for which application threads were stopped: 0.0000320 seconds, Stopping threads took: 0.0000140 seconds
2016-04-10T11:32:42.613+0000: 9896.622: Total time for which application threads were stopped: 0.0000490 seconds, Stopping threads took: 0.0000110 seconds
2016-04-10T11:32:42.616+0000: 9896.625: Total time for which application threads were stopped: 0.0000300 seconds, Stopping threads took: 0.0000140 seconds
2016-04-10T11:32:42.616+0000: 9896.626: Total time for which application threads were stopped: 0.0000240 seconds, Stopping threads took: 0.0000110 seconds
2016-04-10T11:32:42.617+0000: 9896.626: Total time for which application threads were stopped: 0.0000370 seconds, Stopping threads took: 0.0000230 seconds
2016-04-10T11:32:42.620+0000: 9896.630: Total time for which application threads were stopped: 0.0001240 seconds, Stopping threads took: 0.0000150 seconds
{Heap before GC invocations=42 (full 0):
 par new generation   total 109248K, used 109248K [0x00000000d5a00000, 0x00000000dda00000, 0x00000000dda00000)
  eden space 87424K, 100% used [0x00000000d5a00000, 0x00000000daf60000, 0x00000000daf60000)
  from space 21824K, 100% used [0x00000000daf60000, 0x00000000dc4b0000, 0x00000000dc4b0000)
  to   space 21824K,   0% used [0x00000000dc4b0000, 0x00000000dc4b0000, 0x00000000dda00000)
 concurrent mark-sweep generation total 393216K, used 103105K [0x00000000dda00000, 0x00000000f5a00000, 0x00000000f5a00000)
 concurrent-mark-sweep perm gen total 29696K, used 29667K [0x00000000f5a00000, 0x00000000f7700000, 0x0000000100000000)
2016-04-10T11:32:42.699+0000: 9896.708: [GC2016-04-10T11:32:42.699+0000: 9896.708: [ParNew
Desired survivor size 20112992 bytes, new threshold 8 (max 8)
- age   1:    2996160 bytes,    2996160 total
- age   2:    1979704 bytes,    4975864 total
- age   3:    2783624 bytes,    7759488 total
- age   4:    3434128 bytes,   11193616 total
- age   5:    2790968 bytes,   13984584 total
- age   6:    2076320 bytes,   16060904 total
- age   7:    1750408 bytes,   17811312 total
: 109248K->21824K(109248K), 0.0199890 secs] 212353K->127798K(502464K), 0.0200740 secs] [Times: user=0.01 sys=0.00, real=0.02 secs] 
Heap after GC invocations=43 (full 0):
 par new generation   total 109248K, used 21824K [0x00000000d5a00000, 0x00000000dda00000, 0x00000000dda00000)
  eden space 87424K,   0% used [0x00000000d5a00000, 0x00000000d5a00000, 0x00000000daf60000)
  from space 21824K, 100% used [0x00000000dc4b0000, 0x00000000dda00000, 0x00000000dda00000)
  to   space 21824K,   0% used [0x00000000daf60000, 0x00000000daf60000, 0x00000000dc4b0000)
 concurrent mark-sweep generation total 393216K, used 105974K [0x00000000dda00000, 0x00000000f5a00000, 0x00000000f5a00000)
 concurrent-mark-sweep perm gen total 29696K, used 29667K [0x00000000f5a00000, 0x00000000f7700000, 0x0000000100000000)
}
2016-04-10T11:32:42.719+0000: 9896.728: Total time for which application threads were stopped: 0.0202250 seconds, Stopping threads took: 0.0000290 seconds
2016-04-10T11:32:43.721+0000: 9897.730: Total time for which application threads were stopped: 0.0021150 seconds, Stopping threads took: 0.0020330 seconds
{Heap before GC invocations=43 (full 0):
 par new generation   total 109248K, used 109248K [0x00000000d5a00000, 0x00000000dda00000, 0x00000000dda00000)
  eden space 87424K, 100% used [0x00000000d5a00000, 0x00000000daf60000, 0x00000000daf60000)
  from space 21824K, 100% used [0x00000000dc4b0000, 0x00000000dda00000, 0x00000000dda00000)
  to   space 21824K,   0% used [0x00000000daf60000, 0x00000000daf60000, 0x00000000dc4b0000)
 concurrent mark-sweep generation total 393216K, used 105974K [0x00000000dda00000, 0x00000000f5a00000, 0x00000000f5a00000)
 concurrent-mark-sweep perm gen total 29696K, used 29668K [0x00000000f5a00000, 0x00000000f7700000, 0x0000000100000000)
2016-04-10T11:32:43.996+0000: 9898.005: [GC2016-04-10T11:32:43.996+0000: 9898.005: [ParNew
Desired survivor size 20112992 bytes, new threshold 8 (max 8)
- age   1:     245104 bytes,     245104 total
- age   2:    2942928 bytes,    3188032 total
- age   3:    1979560 bytes,    5167592 total
- age   4:    2783624 bytes,    7951216 total
- age   5:    3434128 bytes,   11385344 total
- age   6:    2790968 bytes,   14176312 total
- age   7:    2076320 bytes,   16252632 total
- age   8:    1750408 bytes,   18003040 total
: 109248K->21824K(109248K), 0.0231410 secs] 215222K->127798K(502464K), 0.0232370 secs] [Times: user=0.02 sys=0.00, real=0.03 secs] 
Heap after GC invocations=44 (full 0):
 par new generation   total 109248K, used 21824K [0x00000000d5a00000, 0x00000000dda00000, 0x00000000dda00000)
  eden space 87424K,   0% used [0x00000000d5a00000, 0x00000000d5a00000, 0x00000000daf60000)
  from space 21824K, 100% used [0x00000000daf60000, 0x00000000dc4b0000, 0x00000000dc4b0000)
  to   space 21824K,   0% used [0x00000000dc4b0000, 0x00000000dc4b0000, 0x00000000dda00000)
 concurrent mark-sweep generation total 393216K, used 105974K [0x00000000dda00000, 0x00000000f5a00000, 0x00000000f5a00000)
 concurrent-mark-sweep perm gen total 29696K, used 29668K [0x00000000f5a00000, 0x00000000f7700000, 0x0000000100000000)
}
2016-04-10T11:32:44.019+0000: 9898.028: Total time for which application threads were stopped: 0.0233850 seconds, Stopping threads took: 0.0000290 seconds
2016-04-10T11:32:45.019+0000: 9899.029: Total time for which application threads were stopped: 0.0001070 seconds, Stopping threads took: 0.0000230 seconds
{Heap before GC invocations=44 (full 0):
 par new generation   total 109248K, used 109248K [0x00000000d5a00000, 0x00000000dda00000, 0x00000000dda00000)
  eden space 87424K, 100% used [0x00000000d5a00000, 0x00000000daf60000, 0x00000000daf60000)
  from space 21824K, 100% used [0x00000000daf60000, 0x00000000dc4b0000, 0x00000000dc4b0000)
  to   space 21824K,   0% used [0x00000000dc4b0000, 0x00000000dc4b0000, 0x00000000dda00000)
 concurrent mark-sweep generation total 393216K, used 105974K [0x00000000dda00000, 0x00000000f5a00000, 0x00000000f5a00000)
 concurrent-mark-sweep perm gen total 29888K, used 29672K [0x00000000f5a00000, 0x00000000f7730000, 0x0000000100000000)
2016-04-10T11:32:47.365+0000: 9901.375: [GC2016-04-10T11:32:47.366+0000: 9901.375: [ParNew
Desired survivor size 20112992 bytes, new threshold 8 (max 8)
- age   1:    4557848 bytes,    4557848 total
- age   2:     164872 bytes,    4722720 total
- age   3:    2514176 bytes,    7236896 total
- age   4:    1979264 bytes,    9216160 total
- age   5:    2783592 bytes,   11999752 total
- age   6:    3433880 bytes,   15433632 total
- age   7:    2790824 bytes,   18224456 total
- age   8:    2073984 bytes,   20298440 total
: 109248K->21824K(109248K), 0.0240180 secs] 215222K->129920K(502464K), 0.0240890 secs] [Times: user=0.02 sys=0.00, real=0.02 secs] 
Heap after GC invocations=45 (full 0):
 par new generation   total 109248K, used 21824K [0x00000000d5a00000, 0x00000000dda00000, 0x00000000dda00000)
  eden space 87424K,   0% used [0x00000000d5a00000, 0x00000000d5a00000, 0x00000000daf60000)
  from space 21824K, 100% used [0x00000000dc4b0000, 0x00000000dda00000, 0x00000000dda00000)
  to   space 21824K,   0% used [0x00000000daf60000, 0x00000000daf60000, 0x00000000dc4b0000)
 concurrent mark-sweep generation total 393216K, used 108096K [0x00000000dda00000, 0x00000000f5a00000, 0x00000000f5a00000)
 concurrent-mark-sweep perm gen total 29888K, used 29672K [0x00000000f5a00000, 0x00000000f7730000, 0x0000000100000000)
}
2016-04-10T11:32:47.390+0000: 9901.399: Total time for which application threads were stopped: 0.0242870 seconds, Stopping threads took: 0.0000290 seconds
2016-04-10T11:32:48.043+0000: 9902.052: Total time for which application threads were stopped: 0.0001280 seconds, Stopping threads took: 0.0000240 seconds
2016-04-10T11:32:48.043+0000: 9902.052: Total time for which application threads were stopped: 0.0000270 seconds, Stopping threads took: 0.0000120 seconds
{Heap before GC invocations=45 (full 0):
 par new generation   total 109248K, used 109248K [0x00000000d5a00000, 0x00000000dda00000, 0x00000000dda00000)
  eden space 87424K, 100% used [0x00000000d5a00000, 0x00000000daf60000, 0x00000000daf60000)
  from space 21824K, 100% used [0x00000000dc4b0000, 0x00000000dda00000, 0x00000000dda00000)
  to   space 21824K,   0% used [0x00000000daf60000, 0x00000000daf60000, 0x00000000dc4b0000)
 concurrent mark-sweep generation total 393216K, used 108096K [0x00000000dda00000, 0x00000000f5a00000, 0x00000000f5a00000)
 concurrent-mark-sweep perm gen total 29888K, used 29673K [0x00000000f5a00000, 0x00000000f7730000, 0x0000000100000000)
2016-04-10T11:32:52.317+0000: 9906.327: [GC2016-04-10T11:32:52.317+0000: 9906.327: [ParNew
Desired survivor size 20112992 bytes, new threshold 8 (max 8)
- age   1:    4779136 bytes,    4779136 total
- age   2:    1432744 bytes,    6211880 total
- age   3:     164160 bytes,    6376040 total
- age   4:    2438312 bytes,    8814352 total
- age   5:    1977800 bytes,   10792152 total
- age   6:    2783592 bytes,   13575744 total
- age   7:    3431856 bytes,   17007600 total
- age   8:    2789664 bytes,   19797264 total
: 109248K->21824K(109248K), 0.0232060 secs] 217344K->132476K(502464K), 0.0232860 secs] [Times: user=0.02 sys=0.00, real=0.03 secs] 
Heap after GC invocations=46 (full 0):
 par new generation   total 109248K, used 21824K [0x00000000d5a00000, 0x00000000dda00000, 0x00000000dda00000)
  eden space 87424K,   0% used [0x00000000d5a00000, 0x00000000d5a00000, 0x00000000daf60000)
  from space 21824K, 100% used [0x00000000daf60000, 0x00000000dc4b0000, 0x00000000dc4b0000)
  to   space 21824K,   0% used [0x00000000dc4b0000, 0x00000000dc4b0000, 0x00000000dda00000)
 concurrent mark-sweep generation total 393216K, used 110652K [0x00000000dda00000, 0x00000000f5a00000, 0x00000000f5a00000)
 concurrent-mark-sweep perm gen total 29888K, used 29673K [0x00000000f5a00000, 0x00000000f7730000, 0x0000000100000000)
}
2016-04-10T11:32:52.341+0000: 9906.350: Total time for which application threads were stopped: 0.0235780 seconds, Stopping threads took: 0.0000260 seconds
2016-04-10T11:32:52.351+0000: 9906.361: Total time for which application threads were stopped: 0.0048840 seconds, Stopping threads took: 0.0047750 seconds
2016-04-10T11:32:52.787+0000: 9906.797: Total time for which application threads were stopped: 0.0000670 seconds, Stopping threads took: 0.0000270 seconds
2016-04-10T11:32:52.788+0000: 9906.797: Total time for which application threads were stopped: 0.0000250 seconds, Stopping threads took: 0.0000110 seconds
2016-04-10T11:32:52.789+0000: 9906.798: Total time for which application threads were stopped: 0.0000280 seconds, Stopping threads took: 0.0000120 seconds
2016-04-10T11:32:52.901+0000: 9906.910: Total time for which application threads were stopped: 0.0001020 seconds, Stopping threads took: 0.0000240 seconds
2016-04-10T11:32:52.901+0000: 9906.910: Total time for which application threads were stopped: 0.0000260 seconds, Stopping threads took: 0.0000110 seconds
{Heap before GC invocations=46 (full 0):
 par new generation   total 109248K, used 109248K [0x00000000d5a00000, 0x00000000dda00000, 0x00000000dda00000)
  eden space 87424K, 100% used [0x00000000d5a00000, 0x00000000daf60000, 0x00000000daf60000)
  from space 21824K, 100% used [0x00000000daf60000, 0x00000000dc4b0000, 0x00000000dc4b0000)
  to   space 21824K,   0% used [0x00000000dc4b0000, 0x00000000dc4b0000, 0x00000000dda00000)
 concurrent mark-sweep generation total 393216K, used 110652K [0x00000000dda00000, 0x00000000f5a00000, 0x00000000f5a00000)
 concurrent-mark-sweep perm gen total 29888K, used 29674K [0x00000000f5a00000, 0x00000000f7730000, 0x0000000100000000)
2016-04-10T11:32:56.983+0000: 9910.992: [GC2016-04-10T11:32:56.983+0000: 9910.992: [ParNew
Desired survivor size 20112992 bytes, new threshold 8 (max 8)
- age   1:    3769128 bytes,    3769128 total
- age   2:    2573224 bytes,    6342352 total
- age   3:    1432680 bytes,    7775032 total
- age   4:     164160 bytes,    7939192 total
- age   5:    2437920 bytes,   10377112 total
- age   6:    1910808 bytes,   12287920 total
- age   7:    2783592 bytes,   15071512 total
- age   8:    3431840 bytes,   18503352 total
: 109248K->21824K(109248K), 0.0297110 secs] 219900K->135351K(502464K), 0.0298240 secs] [Times: user=0.02 sys=0.01, real=0.03 secs] 
Heap after GC invocations=47 (full 0):
 par new generation   total 109248K, used 21824K [0x00000000d5a00000, 0x00000000dda00000, 0x00000000dda00000)
  eden space 87424K,   0% used [0x00000000d5a00000, 0x00000000d5a00000, 0x00000000daf60000)
  from space 21824K, 100% used [0x00000000dc4b0000, 0x00000000dda00000, 0x00000000dda00000)
  to   space 21824K,   0% used [0x00000000daf60000, 0x00000000daf60000, 0x00000000dc4b0000)
 concurrent mark-sweep generation total 393216K, used 113527K [0x00000000dda00000, 0x00000000f5a00000, 0x00000000f5a00000)
 concurrent-mark-sweep perm gen total 29888K, used 29674K [0x00000000f5a00000, 0x00000000f7730000, 0x0000000100000000)
}
2016-04-10T11:32:57.013+0000: 9911.022: Total time for which application threads were stopped: 0.0300250 seconds, Stopping threads took: 0.0000410 seconds
{Heap before GC invocations=47 (full 0):
 par new generation   total 109248K, used 109248K [0x00000000d5a00000, 0x00000000dda00000, 0x00000000dda00000)
  eden space 87424K, 100% used [0x00000000d5a00000, 0x00000000daf60000, 0x00000000daf60000)
  from space 21824K, 100% used [0x00000000dc4b0000, 0x00000000dda00000, 0x00000000dda00000)
  to   space 21824K,   0% used [0x00000000daf60000, 0x00000000daf60000, 0x00000000dc4b0000)
 concurrent mark-sweep generation total 393216K, used 113527K [0x00000000dda00000, 0x00000000f5a00000, 0x00000000f5a00000)
 concurrent-mark-sweep perm gen total 29888K, used 29674K [0x00000000f5a00000, 0x00000000f7730000, 0x0000000100000000)
2016-04-10T11:32:57.562+0000: 9911.571: [GC2016-04-10T11:32:57.562+0000: 9911.571: [ParNew
Desired survivor size 20112992 bytes, new threshold 8 (max 8)
- age   1:    4961792 bytes,    4961792 total
- age   2:    2433528 bytes,    7395320 total
- age   3:     982160 bytes,    8377480 total
- age   4:    1432680 bytes,    9810160 total
- age   5:     164160 bytes,    9974320 total
- age   6:    2436200 bytes,   12410520 total
- age   7:    1910736 bytes,   14321256 total
- age   8:    2783592 bytes,   17104848 total
: 109248K->21824K(109248K), 0.0336780 secs] 222775K->141693K(502464K), 0.0337430 secs] [Times: user=0.03 sys=0.01, real=0.03 secs] 
Heap after GC invocations=48 (full 0):
 par new generation   total 109248K, used 21824K [0x00000000d5a00000, 0x00000000dda00000, 0x00000000dda00000)
  eden space 87424K,   0% used [0x00000000d5a00000, 0x00000000d5a00000, 0x00000000daf60000)
  from space 21824K, 100% used [0x00000000daf60000, 0x00000000dc4b0000, 0x00000000dc4b0000)
  to   space 21824K,   0% used [0x00000000dc4b0000, 0x00000000dc4b0000, 0x00000000dda00000)
 concurrent mark-sweep generation total 393216K, used 119869K [0x00000000dda00000, 0x00000000f5a00000, 0x00000000f5a00000)
 concurrent-mark-sweep perm gen total 29888K, used 29674K [0x00000000f5a00000, 0x00000000f7730000, 0x0000000100000000)
}
2016-04-10T11:32:57.596+0000: 9911.605: Total time for which application threads were stopped: 0.0339230 seconds, Stopping threads took: 0.0000280 seconds
2016-04-10T11:32:57.708+0000: 9911.718: Total time for which application threads were stopped: 0.0000660 seconds, Stopping threads took: 0.0000280 seconds
2016-04-10T11:32:57.710+0000: 9911.719: Total time for which application threads were stopped: 0.0000310 seconds, Stopping threads took: 0.0000130 seconds
2016-04-10T11:32:57.820+0000: 9911.829: Total time for which application threads were stopped: 0.0000680 seconds, Stopping threads took: 0.0000270 seconds
2016-04-10T11:32:57.820+0000: 9911.829: Total time for which application threads were stopped: 0.0000340 seconds, Stopping threads took: 0.0000110 seconds
{Heap before GC invocations=48 (full 0):
 par new generation   total 109248K, used 109248K [0x00000000d5a00000, 0x00000000dda00000, 0x00000000dda00000)
  eden space 87424K, 100% used [0x00000000d5a00000, 0x00000000daf60000, 0x00000000daf60000)
  from space 21824K, 100% used [0x00000000daf60000, 0x00000000dc4b0000, 0x00000000dc4b0000)
  to   space 21824K,   0% used [0x00000000dc4b0000, 0x00000000dc4b0000, 0x00000000dda00000)
 concurrent mark-sweep generation total 393216K, used 119869K [0x00000000dda00000, 0x00000000f5a00000, 0x00000000f5a00000)
 concurrent-mark-sweep perm gen total 29888K, used 29674K [0x00000000f5a00000, 0x00000000f7730000, 0x0000000100000000)
2016-04-10T11:33:02.378+0000: 9916.388: [GC2016-04-10T11:33:02.378+0000: 9916.388: [ParNew
Desired survivor size 20112992 bytes, new threshold 8 (max 8)
- age   1:    5776384 bytes,    5776384 total
- age   2:    4706232 bytes,   10482616 total
- age   3:    2385864 bytes,   12868480 total
- age   4:     981776 bytes,   13850256 total
- age   5:    1365336 bytes,   15215592 total
- age   6:     164160 bytes,   15379752 total
- age   7:    2435200 bytes,   17814952 total
- age   8:    1910536 bytes,   19725488 total
: 109248K->21824K(109248K), 0.0189630 secs] 229117K->144889K(502464K), 0.0190480 secs] [Times: user=0.02 sys=0.00, real=0.02 secs] 
Heap after GC invocations=49 (full 0):
 par new generation   total 109248K, used 21824K [0x00000000d5a00000, 0x00000000dda00000, 0x00000000dda00000)
  eden space 87424K,   0% used [0x00000000d5a00000, 0x00000000d5a00000, 0x00000000daf60000)
  from space 21824K, 100% used [0x00000000dc4b0000, 0x00000000dda00000, 0x00000000dda00000)
  to   space 21824K,   0% used [0x00000000daf60000, 0x00000000daf60000, 0x00000000dc4b0000)
 concurrent mark-sweep generation total 393216K, used 123065K [0x00000000dda00000, 0x00000000f5a00000, 0x00000000f5a00000)
 concurrent-mark-sweep perm gen total 29888K, used 29674K [0x00000000f5a00000, 0x00000000f7730000, 0x0000000100000000)
}
2016-04-10T11:33:02.397+0000: 9916.407: Total time for which application threads were stopped: 0.0192380 seconds, Stopping threads took: 0.0000270 seconds
2016-04-10T11:33:02.785+0000: 9916.794: Total time for which application threads were stopped: 0.0000850 seconds, Stopping threads took: 0.0000260 seconds
2016-04-10T11:33:02.786+0000: 9916.795: Total time for which application threads were stopped: 0.0000290 seconds, Stopping threads took: 0.0000130 seconds
2016-04-10T11:33:02.903+0000: 9916.913: Total time for which application threads were stopped: 0.0001150 seconds, Stopping threads took: 0.0000310 seconds
2016-04-10T11:33:02.903+0000: 9916.913: Total time for which application threads were stopped: 0.0000250 seconds, Stopping threads took: 0.0000110 seconds
{Heap before GC invocations=49 (full 0):
 par new generation   total 109248K, used 109248K [0x00000000d5a00000, 0x00000000dda00000, 0x00000000dda00000)
  eden space 87424K, 100% used [0x00000000d5a00000, 0x00000000daf60000, 0x00000000daf60000)
  from space 21824K, 100% used [0x00000000dc4b0000, 0x00000000dda00000, 0x00000000dda00000)
  to   space 21824K,   0% used [0x00000000daf60000, 0x00000000daf60000, 0x00000000dc4b0000)
 concurrent mark-sweep generation total 393216K, used 123065K [0x00000000dda00000, 0x00000000f5a00000, 0x00000000f5a00000)
 concurrent-mark-sweep perm gen total 29888K, used 29675K [0x00000000f5a00000, 0x00000000f7730000, 0x0000000100000000)
2016-04-10T11:33:06.909+0000: 9920.918: [GC2016-04-10T11:33:06.909+0000: 9920.918: [ParNew
Desired survivor size 20112992 bytes, new threshold 8 (max 8)
- age   1:    4484696 bytes,    4484696 total
- age   2:    3003032 bytes,    7487728 total
- age   3:    4634816 bytes,   12122544 total
- age   4:    2385840 bytes,   14508384 total
- age   5:     914856 bytes,   15423240 total
- age   6:    1365336 bytes,   16788576 total
- age   7:     164160 bytes,   16952736 total
- age   8:    2435040 bytes,   19387776 total
: 109248K->21824K(109248K), 0.0270710 secs] 232313K->146825K(502464K), 0.0271410 secs] [Times: user=0.02 sys=0.00, real=0.03 secs] 
Heap after GC invocations=50 (full 0):
 par new generation   total 109248K, used 21824K [0x00000000d5a00000, 0x00000000dda00000, 0x00000000dda00000)
  eden space 87424K,   0% used [0x00000000d5a00000, 0x00000000d5a00000, 0x00000000daf60000)
  from space 21824K, 100% used [0x00000000daf60000, 0x00000000dc4b0000, 0x00000000dc4b0000)
  to   space 21824K,   0% used [0x00000000dc4b0000, 0x00000000dc4b0000, 0x00000000dda00000)
 concurrent mark-sweep generation total 393216K, used 125001K [0x00000000dda00000, 0x00000000f5a00000, 0x00000000f5a00000)
 concurrent-mark-sweep perm gen total 29888K, used 29675K [0x00000000f5a00000, 0x00000000f7730000, 0x0000000100000000)
}
2016-04-10T11:33:06.936+0000: 9920.945: Total time for which application threads were stopped: 0.0273480 seconds, Stopping threads took: 0.0000410 seconds
{Heap before GC invocations=50 (full 0):
 par new generation   total 109248K, used 109248K [0x00000000d5a00000, 0x00000000dda00000, 0x00000000dda00000)
  eden space 87424K, 100% used [0x00000000d5a00000, 0x00000000daf60000, 0x00000000daf60000)
  from space 21824K, 100% used [0x00000000daf60000, 0x00000000dc4b0000, 0x00000000dc4b0000)
  to   space 21824K,   0% used [0x00000000dc4b0000, 0x00000000dc4b0000, 0x00000000dda00000)
 concurrent mark-sweep generation total 393216K, used 125001K [0x00000000dda00000, 0x00000000f5a00000, 0x00000000f5a00000)
 concurrent-mark-sweep perm gen total 29888K, used 29675K [0x00000000f5a00000, 0x00000000f7730000, 0x0000000100000000)
2016-04-10T11:33:07.473+0000: 9921.482: [GC2016-04-10T11:33:07.473+0000: 9921.482: [ParNew
Desired survivor size 20112992 bytes, new threshold 8 (max 8)
- age   1:    5611080 bytes,    5611080 total
- age   2:    4123440 bytes,    9734520 total
- age   3:    1365072 bytes,   11099592 total
- age   4:    4634816 bytes,   15734408 total
- age   5:    2192496 bytes,   17926904 total
- age   6:      89216 bytes,   18016120 total
- age   7:     999256 bytes,   19015376 total
- age   8:     164160 bytes,   19179536 total
: 109248K->21824K(109248K), 0.0252660 secs] 234249K->152090K(502464K), 0.0253640 secs] [Times: user=0.03 sys=0.00, real=0.02 secs] 
Heap after GC invocations=51 (full 0):
 par new generation   total 109248K, used 21824K [0x00000000d5a00000, 0x00000000dda00000, 0x00000000dda00000)
  eden space 87424K,   0% used [0x00000000d5a00000, 0x00000000d5a00000, 0x00000000daf60000)
  from space 21824K, 100% used [0x00000000dc4b0000, 0x00000000dda00000, 0x00000000dda00000)
  to   space 21824K,   0% used [0x00000000daf60000, 0x00000000daf60000, 0x00000000dc4b0000)
 concurrent mark-sweep generation total 393216K, used 130266K [0x00000000dda00000, 0x00000000f5a00000, 0x00000000f5a00000)
 concurrent-mark-sweep perm gen total 29888K, used 29675K [0x00000000f5a00000, 0x00000000f7730000, 0x0000000100000000)
}
2016-04-10T11:33:07.498+0000: 9921.508: Total time for which application threads were stopped: 0.0255400 seconds, Stopping threads took: 0.0000300 seconds
2016-04-10T11:33:07.522+0000: 9921.532: Total time for which application threads were stopped: 0.0000790 seconds, Stopping threads took: 0.0000270 seconds
2016-04-10T11:33:07.524+0000: 9921.533: Total time for which application threads were stopped: 0.0000430 seconds, Stopping threads took: 0.0000130 seconds
2016-04-10T11:33:07.630+0000: 9921.639: Total time for which application threads were stopped: 0.0000740 seconds, Stopping threads took: 0.0000290 seconds
2016-04-10T11:33:07.630+0000: 9921.639: Total time for which application threads were stopped: 0.0000270 seconds, Stopping threads took: 0.0000100 seconds
{Heap before GC invocations=51 (full 0):
 par new generation   total 109248K, used 109248K [0x00000000d5a00000, 0x00000000dda00000, 0x00000000dda00000)
  eden space 87424K, 100% used [0x00000000d5a00000, 0x00000000daf60000, 0x00000000daf60000)
  from space 21824K, 100% used [0x00000000dc4b0000, 0x00000000dda00000, 0x00000000dda00000)
  to   space 21824K,   0% used [0x00000000daf60000, 0x00000000daf60000, 0x00000000dc4b0000)
 concurrent mark-sweep generation total 393216K, used 130266K [0x00000000dda00000, 0x00000000f5a00000, 0x00000000f5a00000)
 concurrent-mark-sweep perm gen total 29888K, used 29676K [0x00000000f5a00000, 0x00000000f7730000, 0x0000000100000000)
2016-04-10T11:33:11.944+0000: 9925.954: [GC2016-04-10T11:33:11.945+0000: 9925.954: [ParNew
Desired survivor size 20112992 bytes, new threshold 8 (max 8)
- age   1:    4974616 bytes,    4974616 total
- age   2:    2431248 bytes,    7405864 total
- age   3:    3330872 bytes,   10736736 total
- age   4:    1364584 bytes,   12101320 total
- age   5:    4634816 bytes,   16736136 total
- age   6:    2192192 bytes,   18928328 total
- age   7:      87840 bytes,   19016168 total
- age   8:     481144 bytes,   19497312 total
: 109248K->21824K(109248K), 0.0349350 secs] 239514K->153472K(502464K), 0.0350270 secs] [Times: user=0.04 sys=0.00, real=0.04 secs] 
Heap after GC invocations=52 (full 0):
 par new generation   total 109248K, used 21824K [0x00000000d5a00000, 0x00000000dda00000, 0x00000000dda00000)
  eden space 87424K,   0% used [0x00000000d5a00000, 0x00000000d5a00000, 0x00000000daf60000)
  from space 21824K, 100% used [0x00000000daf60000, 0x00000000dc4b0000, 0x00000000dc4b0000)
  to   space 21824K,   0% used [0x00000000dc4b0000, 0x00000000dc4b0000, 0x00000000dda00000)
 concurrent mark-sweep generation total 393216K, used 131648K [0x00000000dda00000, 0x00000000f5a00000, 0x00000000f5a00000)
 concurrent-mark-sweep perm gen total 29888K, used 29676K [0x00000000f5a00000, 0x00000000f7730000, 0x0000000100000000)
}
2016-04-10T11:33:11.980+0000: 9925.989: Total time for which application threads were stopped: 0.0352580 seconds, Stopping threads took: 0.0000380 seconds
{Heap before GC invocations=52 (full 0):
 par new generation   total 109248K, used 109248K [0x00000000d5a00000, 0x00000000dda00000, 0x00000000dda00000)
  eden space 87424K, 100% used [0x00000000d5a00000, 0x00000000daf60000, 0x00000000daf60000)
  from space 21824K, 100% used [0x00000000daf60000, 0x00000000dc4b0000, 0x00000000dc4b0000)
  to   space 21824K,   0% used [0x00000000dc4b0000, 0x00000000dc4b0000, 0x00000000dda00000)
 concurrent mark-sweep generation total 393216K, used 131648K [0x00000000dda00000, 0x00000000f5a00000, 0x00000000f5a00000)
 concurrent-mark-sweep perm gen total 29888K, used 29676K [0x00000000f5a00000, 0x00000000f7730000, 0x0000000100000000)
2016-04-10T11:33:16.489+0000: 9930.498: [GC2016-04-10T11:33:16.489+0000: 9930.498: [ParNew
Desired survivor size 20112992 bytes, new threshold 7 (max 8)
- age   1:    3738208 bytes,    3738208 total
- age   2:    3439688 bytes,    7177896 total
- age   3:    2081472 bytes,    9259368 total
- age   4:    3330744 bytes,   12590112 total
- age   5:    1297664 bytes,   13887776 total
- age   6:    4634816 bytes,   18522592 total
- age   7:    2192192 bytes,   20714784 total
- age   8:      87840 bytes,   20802624 total
: 109248K->21824K(109248K), 0.0344880 secs] 240896K->158240K(502464K), 0.0345620 secs] [Times: user=0.03 sys=0.00, real=0.04 secs] 
Heap after GC invocations=53 (full 0):
 par new generation   total 109248K, used 21824K [0x00000000d5a00000, 0x00000000dda00000, 0x00000000dda00000)
  eden space 87424K,   0% used [0x00000000d5a00000, 0x00000000d5a00000, 0x00000000daf60000)
  from space 21824K, 100% used [0x00000000dc4b0000, 0x00000000dda00000, 0x00000000dda00000)
  to   space 21824K,   0% used [0x00000000daf60000, 0x00000000daf60000, 0x00000000dc4b0000)
 concurrent mark-sweep generation total 393216K, used 136416K [0x00000000dda00000, 0x00000000f5a00000, 0x00000000f5a00000)
 concurrent-mark-sweep perm gen total 29888K, used 29676K [0x00000000f5a00000, 0x00000000f7730000, 0x0000000100000000)
}
2016-04-10T11:33:16.523+0000: 9930.533: Total time for which application threads were stopped: 0.0348030 seconds, Stopping threads took: 0.0000420 seconds
{Heap before GC invocations=53 (full 0):
 par new generation   total 109248K, used 109248K [0x00000000d5a00000, 0x00000000dda00000, 0x00000000dda00000)
  eden space 87424K, 100% used [0x00000000d5a00000, 0x00000000daf60000, 0x00000000daf60000)
  from space 21824K, 100% used [0x00000000dc4b0000, 0x00000000dda00000, 0x00000000dda00000)
  to   space 21824K,   0% used [0x00000000daf60000, 0x00000000daf60000, 0x00000000dc4b0000)
 concurrent mark-sweep generation total 393216K, used 136416K [0x00000000dda00000, 0x00000000f5a00000, 0x00000000f5a00000)
 concurrent-mark-sweep perm gen total 29888K, used 29676K [0x00000000f5a00000, 0x00000000f7730000, 0x0000000100000000)
2016-04-10T11:33:21.199+0000: 9935.208: [GC2016-04-10T11:33:21.199+0000: 9935.208: [ParNew
Desired survivor size 20112992 bytes, new threshold 7 (max 8)
- age   1:    4414280 bytes,    4414280 total
- age   2:    3483008 bytes,    7897288 total
- age   3:    3438544 bytes,   11335832 total
- age   4:    2081440 bytes,   13417272 total
- age   5:    3260216 bytes,   16677488 total
- age   6:     978928 bytes,   17656416 total
- age   7:    3421624 bytes,   21078040 total
: 109248K->21824K(109248K), 0.0262550 secs] 245664K->164069K(502464K), 0.0263300 secs] [Times: user=0.01 sys=0.01, real=0.02 secs] 
Heap after GC invocations=54 (full 0):
 par new generation   total 109248K, used 21824K [0x00000000d5a00000, 0x00000000dda00000, 0x00000000dda00000)
  eden space 87424K,   0% used [0x00000000d5a00000, 0x00000000d5a00000, 0x00000000daf60000)
  from space 21824K, 100% used [0x00000000daf60000, 0x00000000dc4b0000, 0x00000000dc4b0000)
  to   space 21824K,   0% used [0x00000000dc4b0000, 0x00000000dc4b0000, 0x00000000dda00000)
 concurrent mark-sweep generation total 393216K, used 142245K [0x00000000dda00000, 0x00000000f5a00000, 0x00000000f5a00000)
 concurrent-mark-sweep perm gen total 29888K, used 29676K [0x00000000f5a00000, 0x00000000f7730000, 0x0000000100000000)
}
2016-04-10T11:33:21.225+0000: 9935.234: Total time for which application threads were stopped: 0.0265110 seconds, Stopping threads took: 0.0000270 seconds
{Heap before GC invocations=54 (full 0):
 par new generation   total 109248K, used 109248K [0x00000000d5a00000, 0x00000000dda00000, 0x00000000dda00000)
  eden space 87424K, 100% used [0x00000000d5a00000, 0x00000000daf60000, 0x00000000daf60000)
  from space 21824K, 100% used [0x00000000daf60000, 0x00000000dc4b0000, 0x00000000dc4b0000)
  to   space 21824K,   0% used [0x00000000dc4b0000, 0x00000000dc4b0000, 0x00000000dda00000)
 concurrent mark-sweep generation total 393216K, used 142245K [0x00000000dda00000, 0x00000000f5a00000, 0x00000000f5a00000)
 concurrent-mark-sweep perm gen total 29888K, used 29676K [0x00000000f5a00000, 0x00000000f7730000, 0x0000000100000000)
2016-04-10T11:33:21.783+0000: 9935.792: [GC2016-04-10T11:33:21.783+0000: 9935.792: [ParNew
Desired survivor size 20112992 bytes, new threshold 7 (max 8)
- age   1:    2968184 bytes,    2968184 total
- age   2:    4389600 bytes,    7357784 total
- age   3:    3475528 bytes,   10833312 total
- age   4:    3371648 bytes,   14204960 total
- age   5:    2081440 bytes,   16286400 total
- age   6:    3260216 bytes,   19546616 total
- age   7:     944592 bytes,   20491208 total
: 109248K->21824K(109248K), 0.0332800 secs] 251493K->169788K(502464K), 0.0333450 secs] [Times: user=0.03 sys=0.01, real=0.03 secs] 
Heap after GC invocations=55 (full 0):
 par new generation   total 109248K, used 21824K [0x00000000d5a00000, 0x00000000dda00000, 0x00000000dda00000)
  eden space 87424K,   0% used [0x00000000d5a00000, 0x00000000d5a00000, 0x00000000daf60000)
  from space 21824K, 100% used [0x00000000dc4b0000, 0x00000000dda00000, 0x00000000dda00000)
  to   space 21824K,   0% used [0x00000000daf60000, 0x00000000daf60000, 0x00000000dc4b0000)
 concurrent mark-sweep generation total 393216K, used 147964K [0x00000000dda00000, 0x00000000f5a00000, 0x00000000f5a00000)
 concurrent-mark-sweep perm gen total 29888K, used 29676K [0x00000000f5a00000, 0x00000000f7730000, 0x0000000100000000)
}
2016-04-10T11:33:21.817+0000: 9935.826: Total time for which application threads were stopped: 0.0335510 seconds, Stopping threads took: 0.0000240 seconds
2016-04-10T11:33:22.817+0000: 9936.826: Total time for which application threads were stopped: 0.0000990 seconds, Stopping threads took: 0.0000230 seconds
{Heap before GC invocations=55 (full 0):
 par new generation   total 109248K, used 109248K [0x00000000d5a00000, 0x00000000dda00000, 0x00000000dda00000)
  eden space 87424K, 100% used [0x00000000d5a00000, 0x00000000daf60000, 0x00000000daf60000)
  from space 21824K, 100% used [0x00000000dc4b0000, 0x00000000dda00000, 0x00000000dda00000)
  to   space 21824K,   0% used [0x00000000daf60000, 0x00000000daf60000, 0x00000000dc4b0000)
 concurrent mark-sweep generation total 393216K, used 147964K [0x00000000dda00000, 0x00000000f5a00000, 0x00000000f5a00000)
 concurrent-mark-sweep perm gen total 29888K, used 29677K [0x00000000f5a00000, 0x00000000f7730000, 0x0000000100000000)
2016-04-10T11:33:26.428+0000: 9940.437: [GC2016-04-10T11:33:26.428+0000: 9940.437: [ParNew
Desired survivor size 20112992 bytes, new threshold 7 (max 8)
- age   1:    2835072 bytes,    2835072 total
- age   2:    1075960 bytes,    3911032 total
- age   3:    4289344 bytes,    8200376 total
- age   4:    3474840 bytes,   11675216 total
- age   5:    3371360 bytes,   15046576 total
- age   6:    2081440 bytes,   17128016 total
- age   7:    3260144 bytes,   20388160 total
: 109248K->21824K(109248K), 0.0430790 secs] 257212K->175485K(502464K), 0.0431510 secs] [Times: user=0.03 sys=0.01, real=0.05 secs] 
Heap after GC invocations=56 (full 0):
 par new generation   total 109248K, used 21824K [0x00000000d5a00000, 0x00000000dda00000, 0x00000000dda00000)
  eden space 87424K,   0% used [0x00000000d5a00000, 0x00000000d5a00000, 0x00000000daf60000)
  from space 21824K, 100% used [0x00000000daf60000, 0x00000000dc4b0000, 0x00000000dc4b0000)
  to   space 21824K,   0% used [0x00000000dc4b0000, 0x00000000dc4b0000, 0x00000000dda00000)
 concurrent mark-sweep generation total 393216K, used 153661K [0x00000000dda00000, 0x00000000f5a00000, 0x00000000f5a00000)
 concurrent-mark-sweep perm gen total 29888K, used 29677K [0x00000000f5a00000, 0x00000000f7730000, 0x0000000100000000)
}
2016-04-10T11:33:26.471+0000: 9940.481: Total time for which application threads were stopped: 0.0433520 seconds, Stopping threads took: 0.0000280 seconds
2016-04-10T11:33:26.781+0000: 9940.790: Total time for which application threads were stopped: 0.0000770 seconds, Stopping threads took: 0.0000200 seconds
2016-04-10T11:33:26.791+0000: 9940.800: Total time for which application threads were stopped: 0.0000640 seconds, Stopping threads took: 0.0000170 seconds
2016-04-10T11:33:26.791+0000: 9940.800: Total time for which application threads were stopped: 0.0000380 seconds, Stopping threads took: 0.0000110 seconds
2016-04-10T11:33:26.791+0000: 9940.800: Total time for which application threads were stopped: 0.0000370 seconds, Stopping threads took: 0.0000110 seconds
2016-04-10T11:33:26.791+0000: 9940.800: Total time for which application threads were stopped: 0.0000410 seconds, Stopping threads took: 0.0000110 seconds
2016-04-10T11:33:26.791+0000: 9940.800: Total time for which application threads were stopped: 0.0001070 seconds, Stopping threads took: 0.0000110 seconds
2016-04-10T11:33:26.900+0000: 9940.910: Total time for which application threads were stopped: 0.0021060 seconds, Stopping threads took: 0.0020430 seconds
2016-04-10T11:33:27.411+0000: 9941.420: Total time for which application threads were stopped: 0.0001550 seconds, Stopping threads took: 0.0000300 seconds
2016-04-10T11:33:27.427+0000: 9941.436: Total time for which application threads were stopped: 0.0000470 seconds, Stopping threads took: 0.0000210 seconds
2016-04-10T11:33:27.439+0000: 9941.448: Total time for which application threads were stopped: 0.0000420 seconds, Stopping threads took: 0.0000190 seconds
2016-04-10T11:33:27.455+0000: 9941.465: Total time for which application threads were stopped: 0.0000610 seconds, Stopping threads took: 0.0000260 seconds
2016-04-10T11:33:27.471+0000: 9941.480: Total time for which application threads were stopped: 0.0000380 seconds, Stopping threads took: 0.0000170 seconds
2016-04-10T11:33:27.487+0000: 9941.496: Total time for which application threads were stopped: 0.0000470 seconds, Stopping threads took: 0.0000220 seconds
2016-04-10T11:33:27.503+0000: 9941.512: Total time for which application threads were stopped: 0.0000530 seconds, Stopping threads took: 0.0000180 seconds
2016-04-10T11:33:27.513+0000: 9941.522: Total time for which application threads were stopped: 0.0000380 seconds, Stopping threads took: 0.0000160 seconds
2016-04-10T11:33:27.527+0000: 9941.536: Total time for which application threads were stopped: 0.0000380 seconds, Stopping threads took: 0.0000170 seconds
2016-04-10T11:33:28.117+0000: 9942.126: Total time for which application threads were stopped: 0.0001420 seconds, Stopping threads took: 0.0000360 seconds
2016-04-10T11:33:28.118+0000: 9942.127: Total time for which application threads were stopped: 0.0000230 seconds, Stopping threads took: 0.0000080 seconds
2016-04-10T11:33:28.119+0000: 9942.128: Total time for which application threads were stopped: 0.0000270 seconds, Stopping threads took: 0.0000120 seconds
2016-04-10T11:33:28.119+0000: 9942.129: Total time for which application threads were stopped: 0.0000230 seconds, Stopping threads took: 0.0000100 seconds
2016-04-10T11:33:28.123+0000: 9942.132: Total time for which application threads were stopped: 0.0000340 seconds, Stopping threads took: 0.0000160 seconds
2016-04-10T11:33:28.124+0000: 9942.133: Total time for which application threads were stopped: 0.0000500 seconds, Stopping threads took: 0.0000120 seconds
2016-04-10T11:33:28.124+0000: 9942.134: Total time for which application threads were stopped: 0.0000250 seconds, Stopping threads took: 0.0000110 seconds
2016-04-10T11:33:28.125+0000: 9942.134: Total time for which application threads were stopped: 0.0000240 seconds, Stopping threads took: 0.0000100 seconds
2016-04-10T11:33:28.131+0000: 9942.140: Total time for which application threads were stopped: 0.0000460 seconds, Stopping threads took: 0.0000150 seconds
2016-04-10T11:33:28.131+0000: 9942.141: Total time for which application threads were stopped: 0.0000250 seconds, Stopping threads took: 0.0000110 seconds
2016-04-10T11:33:28.133+0000: 9942.142: Total time for which application threads were stopped: 0.0000930 seconds, Stopping threads took: 0.0000110 seconds
{Heap before GC invocations=56 (full 0):
 par new generation   total 109248K, used 109248K [0x00000000d5a00000, 0x00000000dda00000, 0x00000000dda00000)
  eden space 87424K, 100% used [0x00000000d5a00000, 0x00000000daf60000, 0x00000000daf60000)
  from space 21824K, 100% used [0x00000000daf60000, 0x00000000dc4b0000, 0x00000000dc4b0000)
  to   space 21824K,   0% used [0x00000000dc4b0000, 0x00000000dc4b0000, 0x00000000dda00000)
 concurrent mark-sweep generation total 393216K, used 153661K [0x00000000dda00000, 0x00000000f5a00000, 0x00000000f5a00000)
 concurrent-mark-sweep perm gen total 29888K, used 29679K [0x00000000f5a00000, 0x00000000f7730000, 0x0000000100000000)
2016-04-10T11:33:28.439+0000: 9942.448: [GC2016-04-10T11:33:28.439+0000: 9942.448: [ParNew
Desired survivor size 20112992 bytes, new threshold 8 (max 8)
- age   1:    3523320 bytes,    3523320 total
- age   2:    2492496 bytes,    6015816 total
- age   3:    1075752 bytes,    7091568 total
- age   4:    4281040 bytes,   11372608 total
- age   5:    3403224 bytes,   14775832 total
- age   6:    3364976 bytes,   18140808 total
- age   7:     579376 bytes,   18720184 total
: 109248K->21824K(109248K), 0.0247230 secs] 262909K->181419K(502464K), 0.0248020 secs] [Times: user=0.02 sys=0.01, real=0.02 secs] 
Heap after GC invocations=57 (full 0):
 par new generation   total 109248K, used 21824K [0x00000000d5a00000, 0x00000000dda00000, 0x00000000dda00000)
  eden space 87424K,   0% used [0x00000000d5a00000, 0x00000000d5a00000, 0x00000000daf60000)
  from space 21824K, 100% used [0x00000000dc4b0000, 0x00000000dda00000, 0x00000000dda00000)
  to   space 21824K,   0% used [0x00000000daf60000, 0x00000000daf60000, 0x00000000dc4b0000)
 concurrent mark-sweep generation total 393216K, used 159595K [0x00000000dda00000, 0x00000000f5a00000, 0x00000000f5a00000)
 concurrent-mark-sweep perm gen total 29888K, used 29679K [0x00000000f5a00000, 0x00000000f7730000, 0x0000000100000000)
}
2016-04-10T11:33:28.464+0000: 9942.473: Total time for which application threads were stopped: 0.0249580 seconds, Stopping threads took: 0.0000400 seconds
{Heap before GC invocations=57 (full 0):
 par new generation   total 109248K, used 109248K [0x00000000d5a00000, 0x00000000dda00000, 0x00000000dda00000)
  eden space 87424K, 100% used [0x00000000d5a00000, 0x00000000daf60000, 0x00000000daf60000)
  from space 21824K, 100% used [0x00000000dc4b0000, 0x00000000dda00000, 0x00000000dda00000)
  to   space 21824K,   0% used [0x00000000daf60000, 0x00000000daf60000, 0x00000000dc4b0000)
 concurrent mark-sweep generation total 393216K, used 159595K [0x00000000dda00000, 0x00000000f5a00000, 0x00000000f5a00000)
 concurrent-mark-sweep perm gen total 29888K, used 29680K [0x00000000f5a00000, 0x00000000f7730000, 0x0000000100000000)
2016-04-10T11:33:32.141+0000: 9946.150: [GC2016-04-10T11:33:32.141+0000: 9946.150: [ParNew
Desired survivor size 20112992 bytes, new threshold 8 (max 8)
- age   1:     515256 bytes,     515256 total
- age   2:    3480296 bytes,    3995552 total
- age   3:    2491336 bytes,    6486888 total
- age   4:    1075752 bytes,    7562640 total
- age   5:    4280856 bytes,   11843496 total
- age   6:    3140608 bytes,   14984104 total
- age   7:    3364752 bytes,   18348856 total
- age   8:     579376 bytes,   18928232 total
: 109248K->21824K(109248K), 0.0269140 secs] 268843K->181684K(502464K), 0.0270040 secs] [Times: user=0.02 sys=0.00, real=0.02 secs] 
Heap after GC invocations=58 (full 0):
 par new generation   total 109248K, used 21824K [0x00000000d5a00000, 0x00000000dda00000, 0x00000000dda00000)
  eden space 87424K,   0% used [0x00000000d5a00000, 0x00000000d5a00000, 0x00000000daf60000)
  from space 21824K, 100% used [0x00000000daf60000, 0x00000000dc4b0000, 0x00000000dc4b0000)
  to   space 21824K,   0% used [0x00000000dc4b0000, 0x00000000dc4b0000, 0x00000000dda00000)
 concurrent mark-sweep generation total 393216K, used 159860K [0x00000000dda00000, 0x00000000f5a00000, 0x00000000f5a00000)
 concurrent-mark-sweep perm gen total 29888K, used 29680K [0x00000000f5a00000, 0x00000000f7730000, 0x0000000100000000)
}
2016-04-10T11:33:32.168+0000: 9946.177: Total time for which application threads were stopped: 0.0271840 seconds, Stopping threads took: 0.0000250 seconds
{Heap before GC invocations=58 (full 0):
 par new generation   total 109248K, used 109248K [0x00000000d5a00000, 0x00000000dda00000, 0x00000000dda00000)
  eden space 87424K, 100% used [0x00000000d5a00000, 0x00000000daf60000, 0x00000000daf60000)
  from space 21824K, 100% used [0x00000000daf60000, 0x00000000dc4b0000, 0x00000000dc4b0000)
  to   space 21824K,   0% used [0x00000000dc4b0000, 0x00000000dc4b0000, 0x00000000dda00000)
 concurrent mark-sweep generation total 393216K, used 159860K [0x00000000dda00000, 0x00000000f5a00000, 0x00000000f5a00000)
 concurrent-mark-sweep perm gen total 29888K, used 29680K [0x00000000f5a00000, 0x00000000f7730000, 0x0000000100000000)
2016-04-10T11:33:32.726+0000: 9946.736: [GC2016-04-10T11:33:32.726+0000: 9946.736: [ParNew
Desired survivor size 20112992 bytes, new threshold 8 (max 8)
- age   1:    2730936 bytes,    2730936 total
- age   2:     290648 bytes,    3021584 total
- age   3:    3480112 bytes,    6501696 total
- age   4:    2491336 bytes,    8993032 total
- age   5:    1075752 bytes,   10068784 total
- age   6:    4280856 bytes,   14349640 total
- age   7:    3140608 bytes,   17490248 total
- age   8:    3397536 bytes,   20887784 total
: 109248K->21824K(109248K), 0.0238700 secs] 269108K->184851K(502464K), 0.0239590 secs] [Times: user=0.02 sys=0.00, real=0.02 secs] 
Heap after GC invocations=59 (full 0):
 par new generation   total 109248K, used 21824K [0x00000000d5a00000, 0x00000000dda00000, 0x00000000dda00000)
  eden space 87424K,   0% used [0x00000000d5a00000, 0x00000000d5a00000, 0x00000000daf60000)
  from space 21824K, 100% used [0x00000000dc4b0000, 0x00000000dda00000, 0x00000000dda00000)
  to   space 21824K,   0% used [0x00000000daf60000, 0x00000000daf60000, 0x00000000dc4b0000)
 concurrent mark-sweep generation total 393216K, used 163027K [0x00000000dda00000, 0x00000000f5a00000, 0x00000000f5a00000)
 concurrent-mark-sweep perm gen total 29888K, used 29680K [0x00000000f5a00000, 0x00000000f7730000, 0x0000000100000000)
}
2016-04-10T11:33:32.750+0000: 9946.760: Total time for which application threads were stopped: 0.0241600 seconds, Stopping threads took: 0.0000390 seconds
2016-04-10T11:33:33.048+0000: 9947.058: Total time for which application threads were stopped: 0.0000740 seconds, Stopping threads took: 0.0000360 seconds
2016-04-10T11:33:33.048+0000: 9947.058: Total time for which application threads were stopped: 0.0000250 seconds, Stopping threads took: 0.0000110 seconds
{Heap before GC invocations=59 (full 0):
 par new generation   total 109248K, used 109248K [0x00000000d5a00000, 0x00000000dda00000, 0x00000000dda00000)
  eden space 87424K, 100% used [0x00000000d5a00000, 0x00000000daf60000, 0x00000000daf60000)
  from space 21824K, 100% used [0x00000000dc4b0000, 0x00000000dda00000, 0x00000000dda00000)
  to   space 21824K,   0% used [0x00000000daf60000, 0x00000000daf60000, 0x00000000dc4b0000)
 concurrent mark-sweep generation total 393216K, used 163027K [0x00000000dda00000, 0x00000000f5a00000, 0x00000000f5a00000)
 concurrent-mark-sweep perm gen total 29888K, used 29680K [0x00000000f5a00000, 0x00000000f7730000, 0x0000000100000000)
2016-04-10T11:33:37.338+0000: 9951.347: [GC2016-04-10T11:33:37.338+0000: 9951.347: [ParNew
Desired survivor size 20112992 bytes, new threshold 8 (max 8)
- age   1:    3986952 bytes,    3986952 total
- age   2:    2381984 bytes,    6368936 total
- age   3:     281872 bytes,    6650808 total
- age   4:    3197808 bytes,    9848616 total
- age   5:    2490032 bytes,   12338648 total
- age   6:    1075752 bytes,   13414400 total
- age   7:    2295168 bytes,   15709568 total
- age   8:    3139312 bytes,   18848880 total
: 109248K->21824K(109248K), 0.0273360 secs] 272275K->192910K(502464K), 0.0274080 secs] [Times: user=0.02 sys=0.01, real=0.03 secs] 
Heap after GC invocations=60 (full 0):
 par new generation   total 109248K, used 21824K [0x00000000d5a00000, 0x00000000dda00000, 0x00000000dda00000)
  eden space 87424K,   0% used [0x00000000d5a00000, 0x00000000d5a00000, 0x00000000daf60000)
  from space 21824K, 100% used [0x00000000daf60000, 0x00000000dc4b0000, 0x00000000dc4b0000)
  to   space 21824K,   0% used [0x00000000dc4b0000, 0x00000000dc4b0000, 0x00000000dda00000)
 concurrent mark-sweep generation total 393216K, used 171086K [0x00000000dda00000, 0x00000000f5a00000, 0x00000000f5a00000)
 concurrent-mark-sweep perm gen total 29888K, used 29680K [0x00000000f5a00000, 0x00000000f7730000, 0x0000000100000000)
}
2016-04-10T11:33:37.365+0000: 9951.374: Total time for which application threads were stopped: 0.0276360 seconds, Stopping threads took: 0.0000290 seconds
2016-04-10T11:33:37.772+0000: 9951.781: Total time for which application threads were stopped: 0.0000820 seconds, Stopping threads took: 0.0000270 seconds
2016-04-10T11:33:37.772+0000: 9951.781: Total time for which application threads were stopped: 0.0000240 seconds, Stopping threads took: 0.0000100 seconds
2016-04-10T11:33:37.773+0000: 9951.782: Total time for which application threads were stopped: 0.0000280 seconds, Stopping threads took: 0.0000120 seconds
2016-04-10T11:33:37.884+0000: 9951.893: Total time for which application threads were stopped: 0.0001140 seconds, Stopping threads took: 0.0000250 seconds
2016-04-10T11:33:37.884+0000: 9951.893: Total time for which application threads were stopped: 0.0000250 seconds, Stopping threads took: 0.0000110 seconds
{Heap before GC invocations=60 (full 0):
 par new generation   total 109248K, used 109248K [0x00000000d5a00000, 0x00000000dda00000, 0x00000000dda00000)
  eden space 87424K, 100% used [0x00000000d5a00000, 0x00000000daf60000, 0x00000000daf60000)
  from space 21824K, 100% used [0x00000000daf60000, 0x00000000dc4b0000, 0x00000000dc4b0000)
  to   space 21824K,   0% used [0x00000000dc4b0000, 0x00000000dc4b0000, 0x00000000dda00000)
 concurrent mark-sweep generation total 393216K, used 171086K [0x00000000dda00000, 0x00000000f5a00000, 0x00000000f5a00000)
 concurrent-mark-sweep perm gen total 29888K, used 29680K [0x00000000f5a00000, 0x00000000f7730000, 0x0000000100000000)
2016-04-10T11:33:42.029+0000: 9956.038: [GC2016-04-10T11:33:42.029+0000: 9956.038: [ParNew
Desired survivor size 20112992 bytes, new threshold 8 (max 8)
- age   1:    4120728 bytes,    4120728 total
- age   2:    1658656 bytes,    5779384 total
- age   3:    2381984 bytes,    8161368 total
- age   4:     281008 bytes,    8442376 total
- age   5:    2339240 bytes,   10781616 total
- age   6:    1390136 bytes,   12171752 total
- age   7:    1012736 bytes,   13184488 total
- age   8:     504144 bytes,   13688632 total
: 109248K->21824K(109248K), 0.0301540 secs] 280334K->199767K(502464K), 0.0302370 secs] [Times: user=0.02 sys=0.01, real=0.04 secs] 
Heap after GC invocations=61 (full 0):
 par new generation   total 109248K, used 21824K [0x00000000d5a00000, 0x00000000dda00000, 0x00000000dda00000)
  eden space 87424K,   0% used [0x00000000d5a00000, 0x00000000d5a00000, 0x00000000daf60000)
  from space 21824K, 100% used [0x00000000dc4b0000, 0x00000000dda00000, 0x00000000dda00000)
  to   space 21824K,   0% used [0x00000000daf60000, 0x00000000daf60000, 0x00000000dc4b0000)
 concurrent mark-sweep generation total 393216K, used 177943K [0x00000000dda00000, 0x00000000f5a00000, 0x00000000f5a00000)
 concurrent-mark-sweep perm gen total 29888K, used 29680K [0x00000000f5a00000, 0x00000000f7730000, 0x0000000100000000)
}
2016-04-10T11:33:42.059+0000: 9956.068: Total time for which application threads were stopped: 0.0304440 seconds, Stopping threads took: 0.0000280 seconds
{Heap before GC invocations=61 (full 0):
 par new generation   total 109248K, used 109248K [0x00000000d5a00000, 0x00000000dda00000, 0x00000000dda00000)
  eden space 87424K, 100% used [0x00000000d5a00000, 0x00000000daf60000, 0x00000000daf60000)
  from space 21824K, 100% used [0x00000000dc4b0000, 0x00000000dda00000, 0x00000000dda00000)
  to   space 21824K,   0% used [0x00000000daf60000, 0x00000000daf60000, 0x00000000dc4b0000)
 concurrent mark-sweep generation total 393216K, used 177943K [0x00000000dda00000, 0x00000000f5a00000, 0x00000000f5a00000)
 concurrent-mark-sweep perm gen total 29888K, used 29680K [0x00000000f5a00000, 0x00000000f7730000, 0x0000000100000000)
2016-04-10T11:33:42.610+0000: 9956.620: [GC2016-04-10T11:33:42.610+0000: 9956.620: [ParNew
Desired survivor size 20112992 bytes, new threshold 8 (max 8)
- age   1:    5431312 bytes,    5431312 total
- age   2:    3854744 bytes,    9286056 total
- age   3:    1658656 bytes,   10944712 total
- age   4:    2381984 bytes,   13326696 total
- age   5:     281008 bytes,   13607704 total
- age   6:    2339240 bytes,   15946944 total
- age   7:    1390136 bytes,   17337080 total
- age   8:    1012736 bytes,   18349816 total
: 109248K->20094K(109248K), 0.0182950 secs] 287191K->198529K(502464K), 0.0183740 secs] [Times: user=0.02 sys=0.00, real=0.02 secs] 
Heap after GC invocations=62 (full 0):
 par new generation   total 109248K, used 20094K [0x00000000d5a00000, 0x00000000dda00000, 0x00000000dda00000)
  eden space 87424K,   0% used [0x00000000d5a00000, 0x00000000d5a00000, 0x00000000daf60000)
  from space 21824K,  92% used [0x00000000daf60000, 0x00000000dc2ff840, 0x00000000dc4b0000)
  to   space 21824K,   0% used [0x00000000dc4b0000, 0x00000000dc4b0000, 0x00000000dda00000)
 concurrent mark-sweep generation total 393216K, used 178435K [0x00000000dda00000, 0x00000000f5a00000, 0x00000000f5a00000)
 concurrent-mark-sweep perm gen total 29888K, used 29680K [0x00000000f5a00000, 0x00000000f7730000, 0x0000000100000000)
}
2016-04-10T11:33:42.629+0000: 9956.638: Total time for which application threads were stopped: 0.0185550 seconds, Stopping threads took: 0.0000300 seconds
{Heap before GC invocations=62 (full 0):
 par new generation   total 109248K, used 107518K [0x00000000d5a00000, 0x00000000dda00000, 0x00000000dda00000)
  eden space 87424K, 100% used [0x00000000d5a00000, 0x00000000daf60000, 0x00000000daf60000)
  from space 21824K,  92% used [0x00000000daf60000, 0x00000000dc2ff840, 0x00000000dc4b0000)
  to   space 21824K,   0% used [0x00000000dc4b0000, 0x00000000dc4b0000, 0x00000000dda00000)
 concurrent mark-sweep generation total 393216K, used 178435K [0x00000000dda00000, 0x00000000f5a00000, 0x00000000f5a00000)
 concurrent-mark-sweep perm gen total 29888K, used 29681K [0x00000000f5a00000, 0x00000000f7730000, 0x0000000100000000)
2016-04-10T11:33:47.311+0000: 9961.321: [GC2016-04-10T11:33:47.312+0000: 9961.321: [ParNew
Desired survivor size 20112992 bytes, new threshold 8 (max 8)
- age   1:    6022784 bytes,    6022784 total
- age   2:    1846232 bytes,    7869016 total
- age   3:    3127448 bytes,   10996464 total
- age   4:    1658576 bytes,   12655040 total
- age   5:    2381984 bytes,   15037024 total
- age   6:     214040 bytes,   15251064 total
- age   7:    2339216 bytes,   17590280 total
- age   8:    1390136 bytes,   18980416 total
: 107518K->21824K(109248K), 0.0186510 secs] 285953K->201509K(502464K), 0.0187220 secs] [Times: user=0.01 sys=0.00, real=0.01 secs] 
Heap after GC invocations=63 (full 0):
 par new generation   total 109248K, used 21824K [0x00000000d5a00000, 0x00000000dda00000, 0x00000000dda00000)
  eden space 87424K,   0% used [0x00000000d5a00000, 0x00000000d5a00000, 0x00000000daf60000)
  from space 21824K, 100% used [0x00000000dc4b0000, 0x00000000dda00000, 0x00000000dda00000)
  to   space 21824K,   0% used [0x00000000daf60000, 0x00000000daf60000, 0x00000000dc4b0000)
 concurrent mark-sweep generation total 393216K, used 179685K [0x00000000dda00000, 0x00000000f5a00000, 0x00000000f5a00000)
 concurrent-mark-sweep perm gen total 29888K, used 29681K [0x00000000f5a00000, 0x00000000f7730000, 0x0000000100000000)
}
2016-04-10T11:33:47.330+0000: 9961.339: Total time for which application threads were stopped: 0.0189220 seconds, Stopping threads took: 0.0000410 seconds
{Heap before GC invocations=63 (full 0):
 par new generation   total 109248K, used 109248K [0x00000000d5a00000, 0x00000000dda00000, 0x00000000dda00000)
  eden space 87424K, 100% used [0x00000000d5a00000, 0x00000000daf60000, 0x00000000daf60000)
  from space 21824K, 100% used [0x00000000dc4b0000, 0x00000000dda00000, 0x00000000dda00000)
  to   space 21824K,   0% used [0x00000000daf60000, 0x00000000daf60000, 0x00000000dc4b0000)
 concurrent mark-sweep generation total 393216K, used 179685K [0x00000000dda00000, 0x00000000f5a00000, 0x00000000f5a00000)
 concurrent-mark-sweep perm gen total 29888K, used 29682K [0x00000000f5a00000, 0x00000000f7730000, 0x0000000100000000)
2016-04-10T11:33:51.842+0000: 9965.851: [GC2016-04-10T11:33:51.842+0000: 9965.851: [ParNew
Desired survivor size 20112992 bytes, new threshold 8 (max 8)
- age   1:    4301208 bytes,    4301208 total
- age   2:    3301584 bytes,    7602792 total
- age   3:    1820160 bytes,    9422952 total
- age   4:     817888 bytes,   10240840 total
- age   5:    1094224 bytes,   11335064 total
- age   6:     634784 bytes,   11969848 total
- age   7:     182752 bytes,   12152600 total
- age   8:    2330304 bytes,   14482904 total
: 109248K->21824K(109248K), 0.0188750 secs] 288933K->207500K(502464K), 0.0189410 secs] [Times: user=0.02 sys=0.00, real=0.02 secs] 
Heap after GC invocations=64 (full 0):
 par new generation   total 109248K, used 21824K [0x00000000d5a00000, 0x00000000dda00000, 0x00000000dda00000)
  eden space 87424K,   0% used [0x00000000d5a00000, 0x00000000d5a00000, 0x00000000daf60000)
  from space 21824K, 100% used [0x00000000daf60000, 0x00000000dc4b0000, 0x00000000dc4b0000)
  to   space 21824K,   0% used [0x00000000dc4b0000, 0x00000000dc4b0000, 0x00000000dda00000)
 concurrent mark-sweep generation total 393216K, used 185676K [0x00000000dda00000, 0x00000000f5a00000, 0x00000000f5a00000)
 concurrent-mark-sweep perm gen total 29888K, used 29682K [0x00000000f5a00000, 0x00000000f7730000, 0x0000000100000000)
}
2016-04-10T11:33:51.861+0000: 9965.870: Total time for which application threads were stopped: 0.0191270 seconds, Stopping threads took: 0.0000270 seconds
{Heap before GC invocations=64 (full 0):
 par new generation   total 109248K, used 109248K [0x00000000d5a00000, 0x00000000dda00000, 0x00000000dda00000)
  eden space 87424K, 100% used [0x00000000d5a00000, 0x00000000daf60000, 0x00000000daf60000)
  from space 21824K, 100% used [0x00000000daf60000, 0x00000000dc4b0000, 0x00000000dc4b0000)
  to   space 21824K,   0% used [0x00000000dc4b0000, 0x00000000dc4b0000, 0x00000000dda00000)
 concurrent mark-sweep generation total 393216K, used 185676K [0x00000000dda00000, 0x00000000f5a00000, 0x00000000f5a00000)
 concurrent-mark-sweep perm gen total 29888K, used 29682K [0x00000000f5a00000, 0x00000000f7730000, 0x0000000100000000)
2016-04-10T11:33:52.391+0000: 9966.400: [GC2016-04-10T11:33:52.391+0000: 9966.400: [ParNew
Desired survivor size 20112992 bytes, new threshold 8 (max 8)
- age   1:    5629952 bytes,    5629952 total
- age   2:    3915120 bytes,    9545072 total
- age   3:    3301584 bytes,   12846656 total
- age   4:    1820160 bytes,   14666816 total
- age   5:     750960 bytes,   15417776 total
- age   6:    1094152 bytes,   16511928 total
- age   7:     634784 bytes,   17146712 total
- age   8:     182752 bytes,   17329464 total
: 109248K->19942K(109248K), 0.0178500 secs] 294924K->207894K(502464K), 0.0179540 secs] [Times: user=0.01 sys=0.00, real=0.01 secs] 
Heap after GC invocations=65 (full 0):
 par new generation   total 109248K, used 19942K [0x00000000d5a00000, 0x00000000dda00000, 0x00000000dda00000)
  eden space 87424K,   0% used [0x00000000d5a00000, 0x00000000d5a00000, 0x00000000daf60000)
  from space 21824K,  91% used [0x00000000dc4b0000, 0x00000000dd829870, 0x00000000dda00000)
  to   space 21824K,   0% used [0x00000000daf60000, 0x00000000daf60000, 0x00000000dc4b0000)
 concurrent mark-sweep generation total 393216K, used 187952K [0x00000000dda00000, 0x00000000f5a00000, 0x00000000f5a00000)
 concurrent-mark-sweep perm gen total 29888K, used 29682K [0x00000000f5a00000, 0x00000000f7730000, 0x0000000100000000)
}
2016-04-10T11:33:52.409+0000: 9966.418: Total time for which application threads were stopped: 0.0181390 seconds, Stopping threads took: 0.0000290 seconds
2016-04-10T11:33:52.449+0000: 9966.458: Total time for which application threads were stopped: 0.0000990 seconds, Stopping threads took: 0.0000280 seconds
2016-04-10T11:33:52.449+0000: 9966.458: Total time for which application threads were stopped: 0.0000240 seconds, Stopping threads took: 0.0000110 seconds
2016-04-10T11:33:52.449+0000: 9966.458: Total time for which application threads were stopped: 0.0000220 seconds, Stopping threads took: 0.0000100 seconds
2016-04-10T11:33:52.450+0000: 9966.459: Total time for which application threads were stopped: 0.0000290 seconds, Stopping threads took: 0.0000130 seconds
2016-04-10T11:33:52.450+0000: 9966.459: Total time for which application threads were stopped: 0.0000240 seconds, Stopping threads took: 0.0000110 seconds
2016-04-10T11:33:52.450+0000: 9966.459: Total time for which application threads were stopped: 0.0000240 seconds, Stopping threads took: 0.0000100 seconds
2016-04-10T11:33:52.556+0000: 9966.565: Total time for which application threads were stopped: 0.0000600 seconds, Stopping threads took: 0.0000230 seconds
2016-04-10T11:33:52.556+0000: 9966.565: Total time for which application threads were stopped: 0.0000240 seconds, Stopping threads took: 0.0000100 seconds
{Heap before GC invocations=65 (full 0):
 par new generation   total 109248K, used 107366K [0x00000000d5a00000, 0x00000000dda00000, 0x00000000dda00000)
  eden space 87424K, 100% used [0x00000000d5a00000, 0x00000000daf60000, 0x00000000daf60000)
  from space 21824K,  91% used [0x00000000dc4b0000, 0x00000000dd829870, 0x00000000dda00000)
  to   space 21824K,   0% used [0x00000000daf60000, 0x00000000daf60000, 0x00000000dc4b0000)
 concurrent mark-sweep generation total 393216K, used 187952K [0x00000000dda00000, 0x00000000f5a00000, 0x00000000f5a00000)
 concurrent-mark-sweep perm gen total 29888K, used 29683K [0x00000000f5a00000, 0x00000000f7730000, 0x0000000100000000)
2016-04-10T11:33:56.965+0000: 9970.974: [GC2016-04-10T11:33:56.965+0000: 9970.974: [ParNew
Desired survivor size 20112992 bytes, new threshold 8 (max 8)
- age   1:    5162936 bytes,    5162936 total
- age   2:    2166000 bytes,    7328936 total
- age   3:    3271408 bytes,   10600344 total
- age   4:    3301408 bytes,   13901752 total
- age   5:    1820160 bytes,   15721912 total
- age   6:     750936 bytes,   16472848 total
- age   7:    1094152 bytes,   17567000 total
- age   8:     634784 bytes,   18201784 total
: 107366K->21824K(109248K), 0.0264140 secs] 295318K->210617K(502464K), 0.0265040 secs] [Times: user=0.03 sys=0.00, real=0.03 secs] 
Heap after GC invocations=66 (full 0):
 par new generation   total 109248K, used 21824K [0x00000000d5a00000, 0x00000000dda00000, 0x00000000dda00000)
  eden space 87424K,   0% used [0x00000000d5a00000, 0x00000000d5a00000, 0x00000000daf60000)
  from space 21824K, 100% used [0x00000000daf60000, 0x00000000dc4b0000, 0x00000000dc4b0000)
  to   space 21824K,   0% used [0x00000000dc4b0000, 0x00000000dc4b0000, 0x00000000dda00000)
 concurrent mark-sweep generation total 393216K, used 188793K [0x00000000dda00000, 0x00000000f5a00000, 0x00000000f5a00000)
 concurrent-mark-sweep perm gen total 29888K, used 29683K [0x00000000f5a00000, 0x00000000f7730000, 0x0000000100000000)
}
2016-04-10T11:33:56.991+0000: 9971.000: Total time for which application threads were stopped: 0.0267130 seconds, Stopping threads took: 0.0000300 seconds
2016-04-10T11:33:57.992+0000: 9972.001: Total time for which application threads were stopped: 0.0001210 seconds, Stopping threads took: 0.0000240 seconds
{Heap before GC invocations=66 (full 0):
 par new generation   total 109248K, used 109248K [0x00000000d5a00000, 0x00000000dda00000, 0x00000000dda00000)
  eden space 87424K, 100% used [0x00000000d5a00000, 0x00000000daf60000, 0x00000000daf60000)
  from space 21824K, 100% used [0x00000000daf60000, 0x00000000dc4b0000, 0x00000000dc4b0000)
  to   space 21824K,   0% used [0x00000000dc4b0000, 0x00000000dc4b0000, 0x00000000dda00000)
 concurrent mark-sweep generation total 393216K, used 188793K [0x00000000dda00000, 0x00000000f5a00000, 0x00000000f5a00000)
 concurrent-mark-sweep perm gen total 29888K, used 29683K [0x00000000f5a00000, 0x00000000f7730000, 0x0000000100000000)
2016-04-10T11:34:01.537+0000: 9975.547: [GC2016-04-10T11:34:01.537+0000: 9975.547: [ParNew
Desired survivor size 20112992 bytes, new threshold 8 (max 8)
- age   1:    3723576 bytes,    3723576 total
- age   2:    2176704 bytes,    5900280 total
- age   3:    2165720 bytes,    8066000 total
- age   4:    2420728 bytes,   10486728 total
- age   5:    3051584 bytes,   13538312 total
- age   6:        176 bytes,   13538488 total
- age   7:     564320 bytes,   14102808 total
- age   8:    1093984 bytes,   15196792 total
: 109248K->21824K(109248K), 0.0241760 secs] 298041K->215758K(502464K), 0.0242560 secs] [Times: user=0.03 sys=0.00, real=0.03 secs] 
Heap after GC invocations=67 (full 0):
 par new generation   total 109248K, used 21824K [0x00000000d5a00000, 0x00000000dda00000, 0x00000000dda00000)
  eden space 87424K,   0% used [0x00000000d5a00000, 0x00000000d5a00000, 0x00000000daf60000)
  from space 21824K, 100% used [0x00000000dc4b0000, 0x00000000dda00000, 0x00000000dda00000)
  to   space 21824K,   0% used [0x00000000daf60000, 0x00000000daf60000, 0x00000000dc4b0000)
 concurrent mark-sweep generation total 393216K, used 193934K [0x00000000dda00000, 0x00000000f5a00000, 0x00000000f5a00000)
 concurrent-mark-sweep perm gen total 29888K, used 29683K [0x00000000f5a00000, 0x00000000f7730000, 0x0000000100000000)
}
2016-04-10T11:34:01.562+0000: 9975.571: Total time for which application threads were stopped: 0.0244460 seconds, Stopping threads took: 0.0000310 seconds
{Heap before GC invocations=67 (full 0):
 par new generation   total 109248K, used 109248K [0x00000000d5a00000, 0x00000000dda00000, 0x00000000dda00000)
  eden space 87424K, 100% used [0x00000000d5a00000, 0x00000000daf60000, 0x00000000daf60000)
  from space 21824K, 100% used [0x00000000dc4b0000, 0x00000000dda00000, 0x00000000dda00000)
  to   space 21824K,   0% used [0x00000000daf60000, 0x00000000daf60000, 0x00000000dc4b0000)
 concurrent mark-sweep generation total 393216K, used 193934K [0x00000000dda00000, 0x00000000f5a00000, 0x00000000f5a00000)
 concurrent-mark-sweep perm gen total 29888K, used 29683K [0x00000000f5a00000, 0x00000000f7730000, 0x0000000100000000)
2016-04-10T11:34:06.209+0000: 9980.218: [GC2016-04-10T11:34:06.209+0000: 9980.219: [ParNew
Desired survivor size 20112992 bytes, new threshold 8 (max 8)
- age   1:    6233552 bytes,    6233552 total
- age   2:    3519240 bytes,    9752792 total
- age   3:    2176576 bytes,   11929368 total
- age   4:    2165688 bytes,   14095056 total
- age   5:    2353808 bytes,   16448864 total
- age   6:    3051512 bytes,   19500376 total
- age   7:        176 bytes,   19500552 total
- age   8:     564320 bytes,   20064872 total
: 109248K->21824K(109248K), 0.0240140 secs] 303182K->216827K(502464K), 0.0241090 secs] [Times: user=0.02 sys=0.00, real=0.03 secs] 
Heap after GC invocations=68 (full 0):
 par new generation   total 109248K, used 21824K [0x00000000d5a00000, 0x00000000dda00000, 0x00000000dda00000)
  eden space 87424K,   0% used [0x00000000d5a00000, 0x00000000d5a00000, 0x00000000daf60000)
  from space 21824K, 100% used [0x00000000daf60000, 0x00000000dc4b0000, 0x00000000dc4b0000)
  to   space 21824K,   0% used [0x00000000dc4b0000, 0x00000000dc4b0000, 0x00000000dda00000)
 concurrent mark-sweep generation total 393216K, used 195003K [0x00000000dda00000, 0x00000000f5a00000, 0x00000000f5a00000)
 concurrent-mark-sweep perm gen total 29888K, used 29683K [0x00000000f5a00000, 0x00000000f7730000, 0x0000000100000000)
}
2016-04-10T11:34:06.233+0000: 9980.243: Total time for which application threads were stopped: 0.0243190 seconds, Stopping threads took: 0.0000390 seconds
{Heap before GC invocations=68 (full 0):
 par new generation   total 109248K, used 109248K [0x00000000d5a00000, 0x00000000dda00000, 0x00000000dda00000)
  eden space 87424K, 100% used [0x00000000d5a00000, 0x00000000daf60000, 0x00000000daf60000)
  from space 21824K, 100% used [0x00000000daf60000, 0x00000000dc4b0000, 0x00000000dc4b0000)
  to   space 21824K,   0% used [0x00000000dc4b0000, 0x00000000dc4b0000, 0x00000000dda00000)
 concurrent mark-sweep generation total 393216K, used 195003K [0x00000000dda00000, 0x00000000f5a00000, 0x00000000f5a00000)
 concurrent-mark-sweep perm gen total 29888K, used 29683K [0x00000000f5a00000, 0x00000000f7730000, 0x0000000100000000)
2016-04-10T11:34:06.763+0000: 9980.773: [GC2016-04-10T11:34:06.763+0000: 9980.773: [ParNew
Desired survivor size 20112992 bytes, new threshold 8 (max 8)
- age   1:    5216896 bytes,    5216896 total
- age   2:    6033064 bytes,   11249960 total
- age   3:    1243224 bytes,   12493184 total
- age   4:    1713968 bytes,   14207152 total
- age   5:     500848 bytes,   14708000 total
- age   6:    2008136 bytes,   16716136 total
- age   7:    2063448 bytes,   18779584 total
- age   8:        176 bytes,   18779760 total
: 109248K->21824K(109248K), 0.0197030 secs] 304251K->222990K(502464K), 0.0197770 secs] [Times: user=0.02 sys=0.00, real=0.02 secs] 
Heap after GC invocations=69 (full 0):
 par new generation   total 109248K, used 21824K [0x00000000d5a00000, 0x00000000dda00000, 0x00000000dda00000)
  eden space 87424K,   0% used [0x00000000d5a00000, 0x00000000d5a00000, 0x00000000daf60000)
  from space 21824K, 100% used [0x00000000dc4b0000, 0x00000000dda00000, 0x00000000dda00000)
  to   space 21824K,   0% used [0x00000000daf60000, 0x00000000daf60000, 0x00000000dc4b0000)
 concurrent mark-sweep generation total 393216K, used 201166K [0x00000000dda00000, 0x00000000f5a00000, 0x00000000f5a00000)
 concurrent-mark-sweep perm gen total 29888K, used 29683K [0x00000000f5a00000, 0x00000000f7730000, 0x0000000100000000)
}
2016-04-10T11:34:06.783+0000: 9980.792: Total time for which application threads were stopped: 0.0199780 seconds, Stopping threads took: 0.0000270 seconds
2016-04-10T11:34:06.787+0000: 9980.796: [GC [1 CMS-initial-mark: 201166K(393216K)] 224688K(502464K), 0.0076700 secs] [Times: user=0.00 sys=0.00, real=0.01 secs] 
2016-04-10T11:34:06.794+0000: 9980.804: Total time for which application threads were stopped: 0.0092880 seconds, Stopping threads took: 0.0015650 seconds
2016-04-10T11:34:06.799+0000: 9980.808: [CMS-concurrent-mark-start]
2016-04-10T11:34:06.844+0000: 9980.854: [CMS-concurrent-mark: 0.046/0.046 secs] [Times: user=0.05 sys=0.00, real=0.04 secs] 
2016-04-10T11:34:06.844+0000: 9980.854: [CMS-concurrent-preclean-start]
2016-04-10T11:34:06.845+0000: 9980.854: [CMS-concurrent-preclean: 0.001/0.001 secs] [Times: user=0.00 sys=0.00, real=0.00 secs] 
2016-04-10T11:34:06.845+0000: 9980.854: [CMS-concurrent-abortable-preclean-start]
2016-04-10T11:34:07.104+0000: 9981.113: Total time for which application threads were stopped: 0.0000840 seconds, Stopping threads took: 0.0000270 seconds
2016-04-10T11:34:11.696+0000: 9985.705: [CMS-concurrent-abortable-preclean: 0.625/4.851 secs] [Times: user=0.79 sys=0.02, real=4.85 secs] 
2016-04-10T11:34:11.698+0000: 9985.707: [GC[YG occupancy: 97922 K (109248 K)]{Heap before GC invocations=69 (full 1):
 par new generation   total 109248K, used 97922K [0x00000000d5a00000, 0x00000000dda00000, 0x00000000dda00000)
  eden space 87424K,  87% used [0x00000000d5a00000, 0x00000000da450830, 0x00000000daf60000)
  from space 21824K, 100% used [0x00000000dc4b0000, 0x00000000dda00000, 0x00000000dda00000)
  to   space 21824K,   0% used [0x00000000daf60000, 0x00000000daf60000, 0x00000000dc4b0000)
 concurrent mark-sweep generation total 393216K, used 201166K [0x00000000dda00000, 0x00000000f5a00000, 0x00000000f5a00000)
 concurrent-mark-sweep perm gen total 29888K, used 29685K [0x00000000f5a00000, 0x00000000f7730000, 0x0000000100000000)
2016-04-10T11:34:11.698+0000: 9985.707: [GC2016-04-10T11:34:11.698+0000: 9985.707: [ParNew
Desired survivor size 20112992 bytes, new threshold 8 (max 8)
- age   1:    4997664 bytes,    4997664 total
- age   2:    1723312 bytes,    6720976 total
- age   3:    5484280 bytes,   12205256 total
- age   4:    1243096 bytes,   13448352 total
- age   5:    1646848 bytes,   15095200 total
- age   6:     500800 bytes,   15596000 total
- age   7:    2006704 bytes,   17602704 total
- age   8:    2063448 bytes,   19666152 total
: 97922K->21824K(109248K), 0.0214160 secs] 299088K->223244K(502464K), 0.0214690 secs] [Times: user=0.02 sys=0.00, real=0.03 secs] 
Heap after GC invocations=70 (full 1):
 par new generation   total 109248K, used 21824K [0x00000000d5a00000, 0x00000000dda00000, 0x00000000dda00000)
  eden space 87424K,   0% used [0x00000000d5a00000, 0x00000000d5a00000, 0x00000000daf60000)
  from space 21824K, 100% used [0x00000000daf60000, 0x00000000dc4b0000, 0x00000000dc4b0000)
  to   space 21824K,   0% used [0x00000000dc4b0000, 0x00000000dc4b0000, 0x00000000dda00000)
 concurrent mark-sweep generation total 393216K, used 201420K [0x00000000dda00000, 0x00000000f5a00000, 0x00000000f5a00000)
 concurrent-mark-sweep perm gen total 29888K, used 29685K [0x00000000f5a00000, 0x00000000f7730000, 0x0000000100000000)
}
2016-04-10T11:34:11.720+0000: 9985.729: [Rescan (parallel) , 0.0034030 secs]2016-04-10T11:34:11.723+0000: 9985.732: [weak refs processing, 0.0124870 secs]2016-04-10T11:34:11.736+0000: 9985.745: [scrub string table, 0.0004170 secs] [1 CMS-remark: 201420K(393216K)] 223244K(502464K), 0.0379520 secs] [Times: user=0.04 sys=0.00, real=0.04 secs] 
2016-04-10T11:34:11.736+0000: 9985.745: Total time for which application threads were stopped: 0.0400750 seconds, Stopping threads took: 0.0020240 seconds
2016-04-10T11:34:11.737+0000: 9985.746: [CMS-concurrent-sweep-start]
2016-04-10T11:34:11.739+0000: 9985.748: Total time for which application threads were stopped: 0.0011800 seconds, Stopping threads took: 0.0010550 seconds
2016-04-10T11:34:11.779+0000: 9985.788: [CMS-concurrent-sweep: 0.040/0.042 secs] [Times: user=0.04 sys=0.00, real=0.05 secs] 
2016-04-10T11:34:11.779+0000: 9985.788: [CMS-concurrent-reset-start]
2016-04-10T11:34:11.781+0000: 9985.791: [CMS-concurrent-reset: 0.003/0.003 secs] [Times: user=0.00 sys=0.00, real=0.00 secs] 
2016-04-10T11:34:12.213+0000: 9986.222: Total time for which application threads were stopped: 0.0001410 seconds, Stopping threads took: 0.0000350 seconds
2016-04-10T11:34:12.221+0000: 9986.230: Total time for which application threads were stopped: 0.0020920 seconds, Stopping threads took: 0.0020550 seconds
2016-04-10T11:34:12.221+0000: 9986.230: Total time for which application threads were stopped: 0.0000390 seconds, Stopping threads took: 0.0000060 seconds
2016-04-10T11:34:12.221+0000: 9986.230: Total time for which application threads were stopped: 0.0000330 seconds, Stopping threads took: 0.0000050 seconds
2016-04-10T11:34:12.221+0000: 9986.230: Total time for which application threads were stopped: 0.0000320 seconds, Stopping threads took: 0.0000050 seconds
2016-04-10T11:34:12.221+0000: 9986.230: Total time for which application threads were stopped: 0.0000330 seconds, Stopping threads took: 0.0000050 seconds
2016-04-10T11:34:12.223+0000: 9986.232: Total time for which application threads were stopped: 0.0000310 seconds, Stopping threads took: 0.0000130 seconds
2016-04-10T11:34:12.239+0000: 9986.248: Total time for which application threads were stopped: 0.0000450 seconds, Stopping threads took: 0.0000190 seconds
2016-04-10T11:34:12.417+0000: 9986.427: Total time for which application threads were stopped: 0.0000780 seconds, Stopping threads took: 0.0000370 seconds
2016-04-10T11:34:12.425+0000: 9986.435: Total time for which application threads were stopped: 0.0000440 seconds, Stopping threads took: 0.0000190 seconds
2016-04-10T11:34:12.433+0000: 9986.443: Total time for which application threads were stopped: 0.0000710 seconds, Stopping threads took: 0.0000170 seconds
2016-04-10T11:34:12.441+0000: 9986.450: Total time for which application threads were stopped: 0.0000550 seconds, Stopping threads took: 0.0000130 seconds
2016-04-10T11:34:12.450+0000: 9986.459: Total time for which application threads were stopped: 0.0000590 seconds, Stopping threads took: 0.0000170 seconds
2016-04-10T11:34:12.457+0000: 9986.467: Total time for which application threads were stopped: 0.0000500 seconds, Stopping threads took: 0.0000170 seconds
2016-04-10T11:34:12.464+0000: 9986.474: Total time for which application threads were stopped: 0.0000490 seconds, Stopping threads took: 0.0000170 seconds
2016-04-10T11:34:12.481+0000: 9986.490: Total time for which application threads were stopped: 0.0000560 seconds, Stopping threads took: 0.0000230 seconds
2016-04-10T11:34:12.481+0000: 9986.491: Total time for which application threads were stopped: 0.0000260 seconds, Stopping threads took: 0.0000120 seconds
2016-04-10T11:34:12.484+0000: 9986.493: Total time for which application threads were stopped: 0.0000290 seconds, Stopping threads took: 0.0000130 seconds
2016-04-10T11:34:12.484+0000: 9986.493: Total time for which application threads were stopped: 0.0000340 seconds, Stopping threads took: 0.0000200 seconds
2016-04-10T11:34:12.486+0000: 9986.495: Total time for which application threads were stopped: 0.0000250 seconds, Stopping threads took: 0.0000110 seconds
2016-04-10T11:34:12.486+0000: 9986.496: Total time for which application threads were stopped: 0.0000410 seconds, Stopping threads took: 0.0000250 seconds
2016-04-10T11:34:12.488+0000: 9986.497: Total time for which application threads were stopped: 0.0000300 seconds, Stopping threads took: 0.0000150 seconds
2016-04-10T11:34:12.489+0000: 9986.498: Total time for which application threads were stopped: 0.0000260 seconds, Stopping threads took: 0.0000130 seconds
2016-04-10T11:34:12.490+0000: 9986.499: Total time for which application threads were stopped: 0.0000450 seconds, Stopping threads took: 0.0000110 seconds
2016-04-10T11:34:12.490+0000: 9986.500: Total time for which application threads were stopped: 0.0000340 seconds, Stopping threads took: 0.0000100 seconds
2016-04-10T11:34:12.491+0000: 9986.500: Total time for which application threads were stopped: 0.0000920 seconds, Stopping threads took: 0.0000110 seconds
2016-04-10T11:34:12.501+0000: 9986.510: Total time for which application threads were stopped: 0.0000400 seconds, Stopping threads took: 0.0000180 seconds
2016-04-10T11:34:12.503+0000: 9986.512: Total time for which application threads were stopped: 0.0000300 seconds, Stopping threads took: 0.0000130 seconds
{Heap before GC invocations=70 (full 1):
 par new generation   total 109248K, used 109248K [0x00000000d5a00000, 0x00000000dda00000, 0x00000000dda00000)
  eden space 87424K, 100% used [0x00000000d5a00000, 0x00000000daf60000, 0x00000000daf60000)
  from space 21824K, 100% used [0x00000000daf60000, 0x00000000dc4b0000, 0x00000000dc4b0000)
  to   space 21824K,   0% used [0x00000000dc4b0000, 0x00000000dc4b0000, 0x00000000dda00000)
 concurrent mark-sweep generation total 393216K, used 35107K [0x00000000dda00000, 0x00000000f5a00000, 0x00000000f5a00000)
 concurrent-mark-sweep perm gen total 49480K, used 29685K [0x00000000f5a00000, 0x00000000f8a52000, 0x0000000100000000)
2016-04-10T11:34:12.631+0000: 9986.640: [GC2016-04-10T11:34:12.631+0000: 9986.640: [ParNew
Desired survivor size 20112992 bytes, new threshold 8 (max 8)
- age   1:     769120 bytes,     769120 total
- age   2:    1987968 bytes,    2757088 total
- age   3:    1723312 bytes,    4480400 total
- age   4:    4940440 bytes,    9420840 total
- age   5:    1119768 bytes,   10540608 total
- age   6:    1593096 bytes,   12133704 total
- age   7:     500552 bytes,   12634256 total
- age   8:    2005760 bytes,   14640016 total
: 109248K->21824K(109248K), 0.1868540 secs] 144355K->63006K(502464K), 0.1869250 secs] [Times: user=0.19 sys=0.00, real=0.18 secs] 
Heap after GC invocations=71 (full 1):
 par new generation   total 109248K, used 21824K [0x00000000d5a00000, 0x00000000dda00000, 0x00000000dda00000)
  eden space 87424K,   0% used [0x00000000d5a00000, 0x00000000d5a00000, 0x00000000daf60000)
  from space 21824K, 100% used [0x00000000dc4b0000, 0x00000000dda00000, 0x00000000dda00000)
  to   space 21824K,   0% used [0x00000000daf60000, 0x00000000daf60000, 0x00000000dc4b0000)
 concurrent mark-sweep generation total 393216K, used 41182K [0x00000000dda00000, 0x00000000f5a00000, 0x00000000f5a00000)
 concurrent-mark-sweep perm gen total 49480K, used 29685K [0x00000000f5a00000, 0x00000000f8a52000, 0x0000000100000000)
}
2016-04-10T11:34:12.818+0000: 9986.827: Total time for which application threads were stopped: 0.1870960 seconds, Stopping threads took: 0.0000660 seconds
2016-04-10T11:34:13.829+0000: 9987.839: Total time for which application threads were stopped: 0.0067280 seconds, Stopping threads took: 0.0066150 seconds
{Heap before GC invocations=71 (full 1):
 par new generation   total 109248K, used 109248K [0x00000000d5a00000, 0x00000000dda00000, 0x00000000dda00000)
  eden space 87424K, 100% used [0x00000000d5a00000, 0x00000000daf60000, 0x00000000daf60000)
  from space 21824K, 100% used [0x00000000dc4b0000, 0x00000000dda00000, 0x00000000dda00000)
  to   space 21824K,   0% used [0x00000000daf60000, 0x00000000daf60000, 0x00000000dc4b0000)
 concurrent mark-sweep generation total 393216K, used 41182K [0x00000000dda00000, 0x00000000f5a00000, 0x00000000f5a00000)
 concurrent-mark-sweep perm gen total 49480K, used 29687K [0x00000000f5a00000, 0x00000000f8a52000, 0x0000000100000000)
2016-04-10T11:34:14.000+0000: 9988.009: [GC2016-04-10T11:34:14.000+0000: 9988.009: [ParNew
Desired survivor size 20112992 bytes, new threshold 8 (max 8)
- age   1:     326624 bytes,     326624 total
- age   2:     674648 bytes,    1001272 total
- age   3:    1974992 bytes,    2976264 total
- age   4:    1723312 bytes,    4699576 total
- age   5:    4940392 bytes,    9639968 total
- age   6:    1119744 bytes,   10759712 total
- age   7:    1593096 bytes,   12352808 total
- age   8:     500552 bytes,   12853360 total
: 109248K->14529K(109248K), 0.0152080 secs] 150430K->57672K(502464K), 0.0152690 secs] [Times: user=0.02 sys=0.00, real=0.01 secs] 
Heap after GC invocations=72 (full 1):
 par new generation   total 109248K, used 14529K [0x00000000d5a00000, 0x00000000dda00000, 0x00000000dda00000)
  eden space 87424K,   0% used [0x00000000d5a00000, 0x00000000d5a00000, 0x00000000daf60000)
  from space 21824K,  66% used [0x00000000daf60000, 0x00000000dbd907b0, 0x00000000dc4b0000)
  to   space 21824K,   0% used [0x00000000dc4b0000, 0x00000000dc4b0000, 0x00000000dda00000)
 concurrent mark-sweep generation total 393216K, used 43142K [0x00000000dda00000, 0x00000000f5a00000, 0x00000000f5a00000)
 concurrent-mark-sweep perm gen total 49480K, used 29687K [0x00000000f5a00000, 0x00000000f8a52000, 0x0000000100000000)
}
2016-04-10T11:34:14.015+0000: 9988.024: Total time for which application threads were stopped: 0.0154330 seconds, Stopping threads took: 0.0000430 seconds
2016-04-10T11:34:14.018+0000: 9988.027: Total time for which application threads were stopped: 0.0000860 seconds, Stopping threads took: 0.0000190 seconds
{Heap before GC invocations=72 (full 1):
 par new generation   total 109248K, used 101953K [0x00000000d5a00000, 0x00000000dda00000, 0x00000000dda00000)
  eden space 87424K, 100% used [0x00000000d5a00000, 0x00000000daf60000, 0x00000000daf60000)
  from space 21824K,  66% used [0x00000000daf60000, 0x00000000dbd907b0, 0x00000000dc4b0000)
  to   space 21824K,   0% used [0x00000000dc4b0000, 0x00000000dc4b0000, 0x00000000dda00000)
 concurrent mark-sweep generation total 393216K, used 43142K [0x00000000dda00000, 0x00000000f5a00000, 0x00000000f5a00000)
 concurrent-mark-sweep perm gen total 49480K, used 29687K [0x00000000f5a00000, 0x00000000f8a52000, 0x0000000100000000)
2016-04-10T11:34:18.085+0000: 9992.094: [GC2016-04-10T11:34:18.085+0000: 9992.094: [ParNew
Desired survivor size 20112992 bytes, new threshold 8 (max 8)
- age   1:    5495944 bytes,    5495944 total
- age   2:      92248 bytes,    5588192 total
- age   3:     612928 bytes,    6201120 total
- age   4:    1974720 bytes,    8175840 total
- age   5:    1723280 bytes,    9899120 total
- age   6:    4940352 bytes,   14839472 total
- age   7:    1119672 bytes,   15959144 total
- age   8:    1593096 bytes,   17552240 total
: 101953K->20107K(109248K), 0.0243190 secs] 145096K->63738K(502464K), 0.0243940 secs] [Times: user=0.02 sys=0.00, real=0.02 secs] 
Heap after GC invocations=73 (full 1):
 par new generation   total 109248K, used 20107K [0x00000000d5a00000, 0x00000000dda00000, 0x00000000dda00000)
  eden space 87424K,   0% used [0x00000000d5a00000, 0x00000000d5a00000, 0x00000000daf60000)
  from space 21824K,  92% used [0x00000000dc4b0000, 0x00000000dd852cb0, 0x00000000dda00000)
  to   space 21824K,   0% used [0x00000000daf60000, 0x00000000daf60000, 0x00000000dc4b0000)
 concurrent mark-sweep generation total 393216K, used 43630K [0x00000000dda00000, 0x00000000f5a00000, 0x00000000f5a00000)
 concurrent-mark-sweep perm gen total 49480K, used 29687K [0x00000000f5a00000, 0x00000000f8a52000, 0x0000000100000000)
}
2016-04-10T11:34:18.109+0000: 9992.119: Total time for which application threads were stopped: 0.0246000 seconds, Stopping threads took: 0.0000530 seconds
2016-04-10T11:34:18.504+0000: 9992.513: Total time for which application threads were stopped: 0.0000610 seconds, Stopping threads took: 0.0000240 seconds
2016-04-10T11:34:18.504+0000: 9992.513: Total time for which application threads were stopped: 0.0000250 seconds, Stopping threads took: 0.0000110 seconds
{Heap before GC invocations=73 (full 1):
 par new generation   total 109248K, used 107531K [0x00000000d5a00000, 0x00000000dda00000, 0x00000000dda00000)
  eden space 87424K, 100% used [0x00000000d5a00000, 0x00000000daf60000, 0x00000000daf60000)
  from space 21824K,  92% used [0x00000000dc4b0000, 0x00000000dd852cb0, 0x00000000dda00000)
  to   space 21824K,   0% used [0x00000000daf60000, 0x00000000daf60000, 0x00000000dc4b0000)
 concurrent mark-sweep generation total 393216K, used 43630K [0x00000000dda00000, 0x00000000f5a00000, 0x00000000f5a00000)
 concurrent-mark-sweep perm gen total 49480K, used 29687K [0x00000000f5a00000, 0x00000000f8a52000, 0x0000000100000000)
2016-04-10T11:34:22.785+0000: 9996.795: [GC2016-04-10T11:34:22.785+0000: 9996.795: [ParNew
Desired survivor size 20112992 bytes, new threshold 8 (max 8)
- age   1:    5584488 bytes,    5584488 total
- age   2:    1822216 bytes,    7406704 total
- age   3:       3432 bytes,    7410136 total
- age   4:     612392 bytes,    8022528 total
- age   5:    1966968 bytes,    9989496 total
- age   6:    1723280 bytes,   11712776 total
- age   7:    4931848 bytes,   16644624 total
- age   8:    1119304 bytes,   17763928 total
: 107531K->21824K(109248K), 0.0296070 secs] 151162K->67003K(502464K), 0.0296710 secs] [Times: user=0.02 sys=0.01, real=0.03 secs] 
Heap after GC invocations=74 (full 1):
 par new generation   total 109248K, used 21824K [0x00000000d5a00000, 0x00000000dda00000, 0x00000000dda00000)
  eden space 87424K,   0% used [0x00000000d5a00000, 0x00000000d5a00000, 0x00000000daf60000)
  from space 21824K, 100% used [0x00000000daf60000, 0x00000000dc4b0000, 0x00000000dc4b0000)
  to   space 21824K,   0% used [0x00000000dc4b0000, 0x00000000dc4b0000, 0x00000000dda00000)
 concurrent mark-sweep generation total 393216K, used 45179K [0x00000000dda00000, 0x00000000f5a00000, 0x00000000f5a00000)
 concurrent-mark-sweep perm gen total 49480K, used 29687K [0x00000000f5a00000, 0x00000000f8a52000, 0x0000000100000000)
}
2016-04-10T11:34:22.815+0000: 9996.824: Total time for which application threads were stopped: 0.0298440 seconds, Stopping threads took: 0.0000260 seconds
2016-04-10T11:34:23.198+0000: 9997.208: Total time for which application threads were stopped: 0.0000700 seconds, Stopping threads took: 0.0000290 seconds
2016-04-10T11:34:23.198+0000: 9997.208: Total time for which application threads were stopped: 0.0000250 seconds, Stopping threads took: 0.0000110 seconds
2016-04-10T11:34:23.201+0000: 9997.210: Total time for which application threads were stopped: 0.0000410 seconds, Stopping threads took: 0.0000150 seconds
2016-04-10T11:34:23.318+0000: 9997.327: Total time for which application threads were stopped: 0.0002800 seconds, Stopping threads took: 0.0000250 seconds
2016-04-10T11:34:23.318+0000: 9997.327: Total time for which application threads were stopped: 0.0000270 seconds, Stopping threads took: 0.0000110 seconds
{Heap before GC invocations=74 (full 1):
 par new generation   total 109248K, used 109248K [0x00000000d5a00000, 0x00000000dda00000, 0x00000000dda00000)
  eden space 87424K, 100% used [0x00000000d5a00000, 0x00000000daf60000, 0x00000000daf60000)
  from space 21824K, 100% used [0x00000000daf60000, 0x00000000dc4b0000, 0x00000000dc4b0000)
  to   space 21824K,   0% used [0x00000000dc4b0000, 0x00000000dc4b0000, 0x00000000dda00000)
 concurrent mark-sweep generation total 393216K, used 45179K [0x00000000dda00000, 0x00000000f5a00000, 0x00000000f5a00000)
 concurrent-mark-sweep perm gen total 49480K, used 29687K [0x00000000f5a00000, 0x00000000f8a52000, 0x0000000100000000)
2016-04-10T11:34:27.290+0000: 10001.299: [GC2016-04-10T11:34:27.290+0000: 10001.299: [ParNew
Desired survivor size 20112992 bytes, new threshold 8 (max 8)
- age   1:    4074112 bytes,    4074112 total
- age   2:    3238216 bytes,    7312328 total
- age   3:    1822024 bytes,    9134352 total
- age   4:       1512 bytes,    9135864 total
- age   5:     612392 bytes,    9748256 total
- age   6:    1966848 bytes,   11715104 total
- age   7:    1723280 bytes,   13438384 total
- age   8:    4931832 bytes,   18370216 total
: 109248K->21824K(109248K), 0.0227230 secs] 154427K->68322K(502464K), 0.0228050 secs] [Times: user=0.02 sys=0.00, real=0.03 secs] 
Heap after GC invocations=75 (full 1):
 par new generation   total 109248K, used 21824K [0x00000000d5a00000, 0x00000000dda00000, 0x00000000dda00000)
  eden space 87424K,   0% used [0x00000000d5a00000, 0x00000000d5a00000, 0x00000000daf60000)
  from space 21824K, 100% used [0x00000000dc4b0000, 0x00000000dda00000, 0x00000000dda00000)
  to   space 21824K,   0% used [0x00000000daf60000, 0x00000000daf60000, 0x00000000dc4b0000)
 concurrent mark-sweep generation total 393216K, used 46498K [0x00000000dda00000, 0x00000000f5a00000, 0x00000000f5a00000)
 concurrent-mark-sweep perm gen total 49480K, used 29687K [0x00000000f5a00000, 0x00000000f8a52000, 0x0000000100000000)
}
2016-04-10T11:34:27.313+0000: 10001.322: Total time for which application threads were stopped: 0.0229940 seconds, Stopping threads took: 0.0000270 seconds
2016-04-10T11:34:27.316+0000: 10001.325: Total time for which application threads were stopped: 0.0010570 seconds, Stopping threads took: 0.0009460 seconds
{Heap before GC invocations=75 (full 1):
 par new generation   total 109248K, used 109248K [0x00000000d5a00000, 0x00000000dda00000, 0x00000000dda00000)
  eden space 87424K, 100% used [0x00000000d5a00000, 0x00000000daf60000, 0x00000000daf60000)
  from space 21824K, 100% used [0x00000000dc4b0000, 0x00000000dda00000, 0x00000000dda00000)
  to   space 21824K,   0% used [0x00000000daf60000, 0x00000000daf60000, 0x00000000dc4b0000)
 concurrent mark-sweep generation total 393216K, used 46498K [0x00000000dda00000, 0x00000000f5a00000, 0x00000000f5a00000)
 concurrent-mark-sweep perm gen total 49480K, used 29687K [0x00000000f5a00000, 0x00000000f8a52000, 0x0000000100000000)
2016-04-10T11:34:27.837+0000: 10001.847: [GC2016-04-10T11:34:27.837+0000: 10001.847: [ParNew
Desired survivor size 20112992 bytes, new threshold 8 (max 8)
- age   1:    4680536 bytes,    4680536 total
- age   2:    3747200 bytes,    8427736 total
- age   3:    3236432 bytes,   11664168 total
- age   4:    1754784 bytes,   13418952 total
- age   5:       1376 bytes,   13420328 total
- age   6:       5008 bytes,   13425336 total
- age   7:    1966440 bytes,   15391776 total
- age   8:    1723280 bytes,   17115056 total
: 109248K->21824K(109248K), 0.0244200 secs] 155746K->74717K(502464K), 0.0245120 secs] [Times: user=0.02 sys=0.00, real=0.03 secs] 
Heap after GC invocations=76 (full 1):
 par new generation   total 109248K, used 21824K [0x00000000d5a00000, 0x00000000dda00000, 0x00000000dda00000)
  eden space 87424K,   0% used [0x00000000d5a00000, 0x00000000d5a00000, 0x00000000daf60000)
  from space 21824K, 100% used [0x00000000daf60000, 0x00000000dc4b0000, 0x00000000dc4b0000)
  to   space 21824K,   0% used [0x00000000dc4b0000, 0x00000000dc4b0000, 0x00000000dda00000)
 concurrent mark-sweep generation total 393216K, used 52893K [0x00000000dda00000, 0x00000000f5a00000, 0x00000000f5a00000)
 concurrent-mark-sweep perm gen total 49480K, used 29687K [0x00000000f5a00000, 0x00000000f8a52000, 0x0000000100000000)
}
2016-04-10T11:34:27.862+0000: 10001.871: Total time for which application threads were stopped: 0.0247190 seconds, Stopping threads took: 0.0000290 seconds
2016-04-10T11:34:27.898+0000: 10001.907: Total time for which application threads were stopped: 0.0000600 seconds, Stopping threads took: 0.0000240 seconds
2016-04-10T11:34:27.899+0000: 10001.908: Total time for which application threads were stopped: 0.0000310 seconds, Stopping threads took: 0.0000140 seconds
2016-04-10T11:34:28.005+0000: 10002.014: Total time for which application threads were stopped: 0.0000630 seconds, Stopping threads took: 0.0000250 seconds
2016-04-10T11:34:28.005+0000: 10002.014: Total time for which application threads were stopped: 0.0000260 seconds, Stopping threads took: 0.0000110 seconds
{Heap before GC invocations=76 (full 1):
 par new generation   total 109248K, used 109248K [0x00000000d5a00000, 0x00000000dda00000, 0x00000000dda00000)
  eden space 87424K, 100% used [0x00000000d5a00000, 0x00000000daf60000, 0x00000000daf60000)
  from space 21824K, 100% used [0x00000000daf60000, 0x00000000dc4b0000, 0x00000000dc4b0000)
  to   space 21824K,   0% used [0x00000000dc4b0000, 0x00000000dc4b0000, 0x00000000dda00000)
 concurrent mark-sweep generation total 393216K, used 52893K [0x00000000dda00000, 0x00000000f5a00000, 0x00000000f5a00000)
 concurrent-mark-sweep perm gen total 49480K, used 29694K [0x00000000f5a00000, 0x00000000f8a52000, 0x0000000100000000)
2016-04-10T11:34:32.650+0000: 10006.659: [GC2016-04-10T11:34:32.650+0000: 10006.659: [ParNew
Desired survivor size 20112992 bytes, new threshold 8 (max 8)
- age   1:    5985800 bytes,    5985800 total
- age   2:    2807952 bytes,    8793752 total
- age   3:    3385608 bytes,   12179360 total
- age   4:    3235800 bytes,   15415160 total
- age   5:    1754712 bytes,   17169872 total
- age   6:       1376 bytes,   17171248 total
- age   7:       5008 bytes,   17176256 total
- age   8:    1963872 bytes,   19140128 total
: 109248K->21824K(109248K), 0.0219030 secs] 162141K->78391K(502464K), 0.0219890 secs] [Times: user=0.02 sys=0.00, real=0.03 secs] 
Heap after GC invocations=77 (full 1):
 par new generation   total 109248K, used 21824K [0x00000000d5a00000, 0x00000000dda00000, 0x00000000dda00000)
  eden space 87424K,   0% used [0x00000000d5a00000, 0x00000000d5a00000, 0x00000000daf60000)
  from space 21824K, 100% used [0x00000000dc4b0000, 0x00000000dda00000, 0x00000000dda00000)
  to   space 21824K,   0% used [0x00000000daf60000, 0x00000000daf60000, 0x00000000dc4b0000)
 concurrent mark-sweep generation total 393216K, used 56567K [0x00000000dda00000, 0x00000000f5a00000, 0x00000000f5a00000)
 concurrent-mark-sweep perm gen total 49480K, used 29694K [0x00000000f5a00000, 0x00000000f8a52000, 0x0000000100000000)
}
2016-04-10T11:34:32.672+0000: 10006.681: Total time for which application threads were stopped: 0.0222010 seconds, Stopping threads took: 0.0000320 seconds
2016-04-10T11:34:32.965+0000: 10006.974: Total time for which application threads were stopped: 0.0000650 seconds, Stopping threads took: 0.0000260 seconds
2016-04-10T11:34:32.969+0000: 10006.978: Total time for which application threads were stopped: 0.0000490 seconds, Stopping threads took: 0.0000160 seconds
2016-04-10T11:34:33.083+0000: 10007.092: Total time for which application threads were stopped: 0.0000630 seconds, Stopping threads took: 0.0000250 seconds
2016-04-10T11:34:33.083+0000: 10007.092: Total time for which application threads were stopped: 0.0000300 seconds, Stopping threads took: 0.0000130 seconds
{Heap before GC invocations=77 (full 1):
 par new generation   total 109248K, used 109248K [0x00000000d5a00000, 0x00000000dda00000, 0x00000000dda00000)
  eden space 87424K, 100% used [0x00000000d5a00000, 0x00000000daf60000, 0x00000000daf60000)
  from space 21824K, 100% used [0x00000000dc4b0000, 0x00000000dda00000, 0x00000000dda00000)
  to   space 21824K,   0% used [0x00000000daf60000, 0x00000000daf60000, 0x00000000dc4b0000)
 concurrent mark-sweep generation total 393216K, used 56567K [0x00000000dda00000, 0x00000000f5a00000, 0x00000000f5a00000)
 concurrent-mark-sweep perm gen total 49480K, used 29695K [0x00000000f5a00000, 0x00000000f8a52000, 0x0000000100000000)
2016-04-10T11:34:37.527+0000: 10011.536: [GC2016-04-10T11:34:37.527+0000: 10011.536: [ParNew
Desired survivor size 20112992 bytes, new threshold 8 (max 8)
- age   1:    3528032 bytes,    3528032 total
- age   2:    2689864 bytes,    6217896 total
- age   3:    2807672 bytes,    9025568 total
- age   4:    2193360 bytes,   11218928 total
- age   5:    3168808 bytes,   14387736 total
- age   6:    1754712 bytes,   16142448 total
- age   7:       1376 bytes,   16143824 total
- age   8:       4976 bytes,   16148800 total
: 109248K->21824K(109248K), 0.0188450 secs] 165815K->83069K(502464K), 0.0189170 secs] [Times: user=0.02 sys=0.00, real=0.02 secs] 
Heap after GC invocations=78 (full 1):
 par new generation   total 109248K, used 21824K [0x00000000d5a00000, 0x00000000dda00000, 0x00000000dda00000)
  eden space 87424K,   0% used [0x00000000d5a00000, 0x00000000d5a00000, 0x00000000daf60000)
  from space 21824K, 100% used [0x00000000daf60000, 0x00000000dc4b0000, 0x00000000dc4b0000)
  to   space 21824K,   0% used [0x00000000dc4b0000, 0x00000000dc4b0000, 0x00000000dda00000)
 concurrent mark-sweep generation total 393216K, used 61245K [0x00000000dda00000, 0x00000000f5a00000, 0x00000000f5a00000)
 concurrent-mark-sweep perm gen total 49480K, used 29695K [0x00000000f5a00000, 0x00000000f8a52000, 0x0000000100000000)
}
2016-04-10T11:34:37.546+0000: 10011.555: Total time for which application threads were stopped: 0.0191030 seconds, Stopping threads took: 0.0000260 seconds
{Heap before GC invocations=78 (full 1):
 par new generation   total 109248K, used 109248K [0x00000000d5a00000, 0x00000000dda00000, 0x00000000dda00000)
  eden space 87424K, 100% used [0x00000000d5a00000, 0x00000000daf60000, 0x00000000daf60000)
  from space 21824K, 100% used [0x00000000daf60000, 0x00000000dc4b0000, 0x00000000dc4b0000)
  to   space 21824K,   0% used [0x00000000dc4b0000, 0x00000000dc4b0000, 0x00000000dda00000)
 concurrent mark-sweep generation total 393216K, used 61245K [0x00000000dda00000, 0x00000000f5a00000, 0x00000000f5a00000)
 concurrent-mark-sweep perm gen total 49480K, used 29695K [0x00000000f5a00000, 0x00000000f8a52000, 0x0000000100000000)
2016-04-10T11:34:38.110+0000: 10012.120: [GC2016-04-10T11:34:38.110+0000: 10012.120: [ParNew
Desired survivor size 20112992 bytes, new threshold 8 (max 8)
- age   1:    3640936 bytes,    3640936 total
- age   2:    3474224 bytes,    7115160 total
- age   3:    2073080 bytes,    9188240 total
- age   4:    2807624 bytes,   11995864 total
- age   5:    2126464 bytes,   14122328 total
- age   6:    3168808 bytes,   17291136 total
- age   7:    1754712 bytes,   19045848 total
- age   8:       1376 bytes,   19047224 total
: 109248K->21824K(109248K), 0.0184700 secs] 170493K->85451K(502464K), 0.0185760 secs] [Times: user=0.02 sys=0.00, real=0.02 secs] 
Heap after GC invocations=79 (full 1):
 par new generation   total 109248K, used 21824K [0x00000000d5a00000, 0x00000000dda00000, 0x00000000dda00000)
  eden space 87424K,   0% used [0x00000000d5a00000, 0x00000000d5a00000, 0x00000000daf60000)
  from space 21824K, 100% used [0x00000000dc4b0000, 0x00000000dda00000, 0x00000000dda00000)
  to   space 21824K,   0% used [0x00000000daf60000, 0x00000000daf60000, 0x00000000dc4b0000)
 concurrent mark-sweep generation total 393216K, used 63627K [0x00000000dda00000, 0x00000000f5a00000, 0x00000000f5a00000)
 concurrent-mark-sweep perm gen total 49480K, used 29695K [0x00000000f5a00000, 0x00000000f8a52000, 0x0000000100000000)
}
2016-04-10T11:34:38.129+0000: 10012.138: Total time for which application threads were stopped: 0.0188040 seconds, Stopping threads took: 0.0000280 seconds
2016-04-10T11:34:38.192+0000: 10012.201: Total time for which application threads were stopped: 0.0000680 seconds, Stopping threads took: 0.0000280 seconds
2016-04-10T11:34:38.193+0000: 10012.202: Total time for which application threads were stopped: 0.0000430 seconds, Stopping threads took: 0.0000260 seconds
2016-04-10T11:34:38.315+0000: 10012.324: Total time for which application threads were stopped: 0.0000720 seconds, Stopping threads took: 0.0000240 seconds
2016-04-10T11:34:38.315+0000: 10012.324: Total time for which application threads were stopped: 0.0000240 seconds, Stopping threads took: 0.0000110 seconds
{Heap before GC invocations=79 (full 1):
 par new generation   total 109248K, used 109248K [0x00000000d5a00000, 0x00000000dda00000, 0x00000000dda00000)
  eden space 87424K, 100% used [0x00000000d5a00000, 0x00000000daf60000, 0x00000000daf60000)
  from space 21824K, 100% used [0x00000000dc4b0000, 0x00000000dda00000, 0x00000000dda00000)
  to   space 21824K,   0% used [0x00000000daf60000, 0x00000000daf60000, 0x00000000dc4b0000)
 concurrent mark-sweep generation total 393216K, used 63627K [0x00000000dda00000, 0x00000000f5a00000, 0x00000000f5a00000)
 concurrent-mark-sweep perm gen total 49480K, used 29695K [0x00000000f5a00000, 0x00000000f8a52000, 0x0000000100000000)
2016-04-10T11:34:42.720+0000: 10016.729: [GC2016-04-10T11:34:42.720+0000: 10016.729: [ParNew
Desired survivor size 20112992 bytes, new threshold 8 (max 8)
- age   1:    6162104 bytes,    6162104 total
- age   2:    2144360 bytes,    8306464 total
- age   3:    1033088 bytes,    9339552 total
- age   4:    1818488 bytes,   11158040 total
- age   5:    2807624 bytes,   13965664 total
- age   6:    2126168 bytes,   16091832 total
- age   7:    2785784 bytes,   18877616 total
- age   8:    1754144 bytes,   20631760 total
: 109248K->21824K(109248K), 0.0189560 secs] 172875K->90055K(502464K), 0.0190280 secs] [Times: user=0.02 sys=0.00, real=0.02 secs] 
Heap after GC invocations=80 (full 1):
 par new generation   total 109248K, used 21824K [0x00000000d5a00000, 0x00000000dda00000, 0x00000000dda00000)
  eden space 87424K,   0% used [0x00000000d5a00000, 0x00000000d5a00000, 0x00000000daf60000)
  from space 21824K, 100% used [0x00000000daf60000, 0x00000000dc4b0000, 0x00000000dc4b0000)
  to   space 21824K,   0% used [0x00000000dc4b0000, 0x00000000dc4b0000, 0x00000000dda00000)
 concurrent mark-sweep generation total 393216K, used 68231K [0x00000000dda00000, 0x00000000f5a00000, 0x00000000f5a00000)
 concurrent-mark-sweep perm gen total 49480K, used 29695K [0x00000000f5a00000, 0x00000000f8a52000, 0x0000000100000000)
}
2016-04-10T11:34:42.739+0000: 10016.748: Total time for which application threads were stopped: 0.0192220 seconds, Stopping threads took: 0.0000280 seconds
2016-04-10T11:34:43.028+0000: 10017.038: Total time for which application threads were stopped: 0.0000790 seconds, Stopping threads took: 0.0000400 seconds
2016-04-10T11:34:43.029+0000: 10017.039: Total time for which application threads were stopped: 0.0000280 seconds, Stopping threads took: 0.0000120 seconds
2016-04-10T11:34:43.142+0000: 10017.152: Total time for which application threads were stopped: 0.0000640 seconds, Stopping threads took: 0.0000250 seconds
2016-04-10T11:34:43.142+0000: 10017.152: Total time for which application threads were stopped: 0.0000250 seconds, Stopping threads took: 0.0000110 seconds
{Heap before GC invocations=80 (full 1):
 par new generation   total 109248K, used 109248K [0x00000000d5a00000, 0x00000000dda00000, 0x00000000dda00000)
  eden space 87424K, 100% used [0x00000000d5a00000, 0x00000000daf60000, 0x00000000daf60000)
  from space 21824K, 100% used [0x00000000daf60000, 0x00000000dc4b0000, 0x00000000dc4b0000)
  to   space 21824K,   0% used [0x00000000dc4b0000, 0x00000000dc4b0000, 0x00000000dda00000)
 concurrent mark-sweep generation total 393216K, used 68231K [0x00000000dda00000, 0x00000000f5a00000, 0x00000000f5a00000)
 concurrent-mark-sweep perm gen total 49480K, used 29696K [0x00000000f5a00000, 0x00000000f8a52000, 0x0000000100000000)
2016-04-10T11:34:47.368+0000: 10021.377: [GC2016-04-10T11:34:47.368+0000: 10021.377: [ParNew
Desired survivor size 20112992 bytes, new threshold 8 (max 8)
- age   1:    3014176 bytes,    3014176 total
- age   2:    4184256 bytes,    7198432 total
- age   3:    2144088 bytes,    9342520 total
- age   4:    1032928 bytes,   10375448 total
- age   5:    1818392 bytes,   12193840 total
- age   6:    2807624 bytes,   15001464 total
- age   7:    1132096 bytes,   16133560 total
- age   8:    1951704 bytes,   18085264 total
: 109248K->21824K(109248K), 0.0204880 secs] 177479K->98261K(502464K), 0.0205620 secs] [Times: user=0.02 sys=0.00, real=0.02 secs] 
Heap after GC invocations=81 (full 1):
 par new generation   total 109248K, used 21824K [0x00000000d5a00000, 0x00000000dda00000, 0x00000000dda00000)
  eden space 87424K,   0% used [0x00000000d5a00000, 0x00000000d5a00000, 0x00000000daf60000)
  from space 21824K, 100% used [0x00000000dc4b0000, 0x00000000dda00000, 0x00000000dda00000)
  to   space 21824K,   0% used [0x00000000daf60000, 0x00000000daf60000, 0x00000000dc4b0000)
 concurrent mark-sweep generation total 393216K, used 76437K [0x00000000dda00000, 0x00000000f5a00000, 0x00000000f5a00000)
 concurrent-mark-sweep perm gen total 49480K, used 29696K [0x00000000f5a00000, 0x00000000f8a52000, 0x0000000100000000)
}
2016-04-10T11:34:47.388+0000: 10021.398: Total time for which application threads were stopped: 0.0207630 seconds, Stopping threads took: 0.0000350 seconds
{Heap before GC invocations=81 (full 1):
 par new generation   total 109248K, used 109248K [0x00000000d5a00000, 0x00000000dda00000, 0x00000000dda00000)
  eden space 87424K, 100% used [0x00000000d5a00000, 0x00000000daf60000, 0x00000000daf60000)
  from space 21824K, 100% used [0x00000000dc4b0000, 0x00000000dda00000, 0x00000000dda00000)
  to   space 21824K,   0% used [0x00000000daf60000, 0x00000000daf60000, 0x00000000dc4b0000)
 concurrent mark-sweep generation total 393216K, used 76437K [0x00000000dda00000, 0x00000000f5a00000, 0x00000000f5a00000)
 concurrent-mark-sweep perm gen total 49480K, used 29696K [0x00000000f5a00000, 0x00000000f8a52000, 0x0000000100000000)
2016-04-10T11:34:47.925+0000: 10021.934: [GC2016-04-10T11:34:47.925+0000: 10021.934: [ParNew
Desired survivor size 20112992 bytes, new threshold 8 (max 8)
- age   1:    2384592 bytes,    2384592 total
- age   2:    1521800 bytes,    3906392 total
- age   3:    4184256 bytes,    8090648 total
- age   4:    2144088 bytes,   10234736 total
- age   5:    1032928 bytes,   11267664 total
- age   6:    1818392 bytes,   13086056 total
- age   7:    2807624 bytes,   15893680 total
- age   8:    1132096 bytes,   17025776 total
: 109248K->21824K(109248K), 0.0257930 secs] 185685K->104342K(502464K), 0.0258780 secs] [Times: user=0.02 sys=0.00, real=0.03 secs] 
Heap after GC invocations=82 (full 1):
 par new generation   total 109248K, used 21824K [0x00000000d5a00000, 0x00000000dda00000, 0x00000000dda00000)
  eden space 87424K,   0% used [0x00000000d5a00000, 0x00000000d5a00000, 0x00000000daf60000)
  from space 21824K, 100% used [0x00000000daf60000, 0x00000000dc4b0000, 0x00000000dc4b0000)
  to   space 21824K,   0% used [0x00000000dc4b0000, 0x00000000dc4b0000, 0x00000000dda00000)
 concurrent mark-sweep generation total 393216K, used 82518K [0x00000000dda00000, 0x00000000f5a00000, 0x00000000f5a00000)
 concurrent-mark-sweep perm gen total 49480K, used 29696K [0x00000000f5a00000, 0x00000000f8a52000, 0x0000000100000000)
}
2016-04-10T11:34:47.951+0000: 10021.960: Total time for which application threads were stopped: 0.0261040 seconds, Stopping threads took: 0.0000410 seconds
2016-04-10T11:34:47.993+0000: 10022.002: Total time for which application threads were stopped: 0.0000630 seconds, Stopping threads took: 0.0000270 seconds
2016-04-10T11:34:47.994+0000: 10022.004: Total time for which application threads were stopped: 0.0000300 seconds, Stopping threads took: 0.0000130 seconds
2016-04-10T11:34:48.121+0000: 10022.130: Total time for which application threads were stopped: 0.0000670 seconds, Stopping threads took: 0.0000280 seconds
2016-04-10T11:34:48.121+0000: 10022.130: Total time for which application threads were stopped: 0.0000270 seconds, Stopping threads took: 0.0000120 seconds
{Heap before GC invocations=82 (full 1):
 par new generation   total 109248K, used 109248K [0x00000000d5a00000, 0x00000000dda00000, 0x00000000dda00000)
  eden space 87424K, 100% used [0x00000000d5a00000, 0x00000000daf60000, 0x00000000daf60000)
  from space 21824K, 100% used [0x00000000daf60000, 0x00000000dc4b0000, 0x00000000dc4b0000)
  to   space 21824K,   0% used [0x00000000dc4b0000, 0x00000000dc4b0000, 0x00000000dda00000)
 concurrent mark-sweep generation total 393216K, used 82518K [0x00000000dda00000, 0x00000000f5a00000, 0x00000000f5a00000)
 concurrent-mark-sweep perm gen total 49480K, used 29697K [0x00000000f5a00000, 0x00000000f8a52000, 0x0000000100000000)
2016-04-10T11:34:52.776+0000: 10026.786: [GC2016-04-10T11:34:52.776+0000: 10026.786: [ParNew
Desired survivor size 20112992 bytes, new threshold 8 (max 8)
- age   1:    4180832 bytes,    4180832 total
- age   2:    2233872 bytes,    6414704 total
- age   3:    1471448 bytes,    7886152 total
- age   4:    4184200 bytes,   12070352 total
- age   5:    2144088 bytes,   14214440 total
- age   6:    1032800 bytes,   15247240 total
- age   7:    1818360 bytes,   17065600 total
- age   8:    2807624 bytes,   19873224 total
: 109248K->21824K(109248K), 0.0217330 secs] 191766K->107247K(502464K), 0.0218060 secs] [Times: user=0.02 sys=0.00, real=0.02 secs] 
Heap after GC invocations=83 (full 1):
 par new generation   total 109248K, used 21824K [0x00000000d5a00000, 0x00000000dda00000, 0x00000000dda00000)
  eden space 87424K,   0% used [0x00000000d5a00000, 0x00000000d5a00000, 0x00000000daf60000)
  from space 21824K, 100% used [0x00000000dc4b0000, 0x00000000dda00000, 0x00000000dda00000)
  to   space 21824K,   0% used [0x00000000daf60000, 0x00000000daf60000, 0x00000000dc4b0000)
 concurrent mark-sweep generation total 393216K, used 85423K [0x00000000dda00000, 0x00000000f5a00000, 0x00000000f5a00000)
 concurrent-mark-sweep perm gen total 49480K, used 29697K [0x00000000f5a00000, 0x00000000f8a52000, 0x0000000100000000)
}
2016-04-10T11:34:52.798+0000: 10026.808: Total time for which application threads were stopped: 0.0220250 seconds, Stopping threads took: 0.0000440 seconds
2016-04-10T11:34:53.146+0000: 10027.156: Total time for which application threads were stopped: 0.0000590 seconds, Stopping threads took: 0.0000240 seconds
2016-04-10T11:34:53.148+0000: 10027.157: Total time for which application threads were stopped: 0.0000300 seconds, Stopping threads took: 0.0000140 seconds
2016-04-10T11:34:53.272+0000: 10027.282: Total time for which application threads were stopped: 0.0000600 seconds, Stopping threads took: 0.0000250 seconds
2016-04-10T11:34:53.273+0000: 10027.282: Total time for which application threads were stopped: 0.0000240 seconds, Stopping threads took: 0.0000110 seconds
{Heap before GC invocations=83 (full 1):
 par new generation   total 109248K, used 109248K [0x00000000d5a00000, 0x00000000dda00000, 0x00000000dda00000)
  eden space 87424K, 100% used [0x00000000d5a00000, 0x00000000daf60000, 0x00000000daf60000)
  from space 21824K, 100% used [0x00000000dc4b0000, 0x00000000dda00000, 0x00000000dda00000)
  to   space 21824K,   0% used [0x00000000daf60000, 0x00000000daf60000, 0x00000000dc4b0000)
 concurrent mark-sweep generation total 393216K, used 85423K [0x00000000dda00000, 0x00000000f5a00000, 0x00000000f5a00000)
 concurrent-mark-sweep perm gen total 49480K, used 29698K [0x00000000f5a00000, 0x00000000f8a52000, 0x0000000100000000)
2016-04-10T11:34:58.239+0000: 10032.248: [GC2016-04-10T11:34:58.239+0000: 10032.248: [ParNew
Desired survivor size 20112992 bytes, new threshold 8 (max 8)
- age   1:    5242384 bytes,    5242384 total
- age   2:    3647880 bytes,    8890264 total
- age   3:    2232912 bytes,   11123176 total
- age   4:    1469040 bytes,   12592216 total
- age   5:    2998152 bytes,   15590368 total
- age   6:     866040 bytes,   16456408 total
- age   7:    1032216 bytes,   17488624 total
- age   8:    1771120 bytes,   19259744 total
: 109248K->21824K(109248K), 0.0209050 secs] 194671K->114128K(502464K), 0.0209840 secs] [Times: user=0.02 sys=0.00, real=0.02 secs] 
Heap after GC invocations=84 (full 1):
 par new generation   total 109248K, used 21824K [0x00000000d5a00000, 0x00000000dda00000, 0x00000000dda00000)
  eden space 87424K,   0% used [0x00000000d5a00000, 0x00000000d5a00000, 0x00000000daf60000)
  from space 21824K, 100% used [0x00000000daf60000, 0x00000000dc4b0000, 0x00000000dc4b0000)
  to   space 21824K,   0% used [0x00000000dc4b0000, 0x00000000dc4b0000, 0x00000000dda00000)
 concurrent mark-sweep generation total 393216K, used 92304K [0x00000000dda00000, 0x00000000f5a00000, 0x00000000f5a00000)
 concurrent-mark-sweep perm gen total 49480K, used 29698K [0x00000000f5a00000, 0x00000000f8a52000, 0x0000000100000000)
}
2016-04-10T11:34:58.260+0000: 10032.269: Total time for which application threads were stopped: 0.0212190 seconds, Stopping threads took: 0.0000390 seconds
{Heap before GC invocations=84 (full 1):
 par new generation   total 109248K, used 109248K [0x00000000d5a00000, 0x00000000dda00000, 0x00000000dda00000)
  eden space 87424K, 100% used [0x00000000d5a00000, 0x00000000daf60000, 0x00000000daf60000)
  from space 21824K, 100% used [0x00000000daf60000, 0x00000000dc4b0000, 0x00000000dc4b0000)
  to   space 21824K,   0% used [0x00000000dc4b0000, 0x00000000dc4b0000, 0x00000000dda00000)
 concurrent mark-sweep generation total 393216K, used 92304K [0x00000000dda00000, 0x00000000f5a00000, 0x00000000f5a00000)
 concurrent-mark-sweep perm gen total 49480K, used 29698K [0x00000000f5a00000, 0x00000000f8a52000, 0x0000000100000000)
2016-04-10T11:34:58.811+0000: 10032.820: [GC2016-04-10T11:34:58.811+0000: 10032.820: [ParNew
Desired survivor size 20112992 bytes, new threshold 8 (max 8)
- age   1:    3527160 bytes,    3527160 total
- age   2:    1977008 bytes,    5504168 total
- age   3:    2557840 bytes,    8062008 total
- age   4:    2232912 bytes,   10294920 total
- age   5:    1454216 bytes,   11749136 total
- age   6:    2461424 bytes,   14210560 total
- age   7:     228520 bytes,   14439080 total
- age   8:     617256 bytes,   15056336 total
: 109248K->21824K(109248K), 0.0224250 secs] 201552K->123260K(502464K), 0.0224940 secs] [Times: user=0.02 sys=0.00, real=0.02 secs] 
Heap after GC invocations=85 (full 1):
 par new generation   total 109248K, used 21824K [0x00000000d5a00000, 0x00000000dda00000, 0x00000000dda00000)
  eden space 87424K,   0% used [0x00000000d5a00000, 0x00000000d5a00000, 0x00000000daf60000)
  from space 21824K, 100% used [0x00000000dc4b0000, 0x00000000dda00000, 0x00000000dda00000)
  to   space 21824K,   0% used [0x00000000daf60000, 0x00000000daf60000, 0x00000000dc4b0000)
 concurrent mark-sweep generation total 393216K, used 101436K [0x00000000dda00000, 0x00000000f5a00000, 0x00000000f5a00000)
 concurrent-mark-sweep perm gen total 49480K, used 29698K [0x00000000f5a00000, 0x00000000f8a52000, 0x0000000100000000)
}
2016-04-10T11:34:58.833+0000: 10032.843: Total time for which application threads were stopped: 0.0226900 seconds, Stopping threads took: 0.0000320 seconds
2016-04-10T11:34:58.914+0000: 10032.923: Total time for which application threads were stopped: 0.0000640 seconds, Stopping threads took: 0.0000250 seconds
2016-04-10T11:34:58.915+0000: 10032.924: Total time for which application threads were stopped: 0.0000280 seconds, Stopping threads took: 0.0000120 seconds
2016-04-10T11:34:59.040+0000: 10033.049: Total time for which application threads were stopped: 0.0000630 seconds, Stopping threads took: 0.0000250 seconds
2016-04-10T11:34:59.040+0000: 10033.049: Total time for which application threads were stopped: 0.0000250 seconds, Stopping threads took: 0.0000110 seconds
{Heap before GC invocations=85 (full 1):
 par new generation   total 109248K, used 109248K [0x00000000d5a00000, 0x00000000dda00000, 0x00000000dda00000)
  eden space 87424K, 100% used [0x00000000d5a00000, 0x00000000daf60000, 0x00000000daf60000)
  from space 21824K, 100% used [0x00000000dc4b0000, 0x00000000dda00000, 0x00000000dda00000)
  to   space 21824K,   0% used [0x00000000daf60000, 0x00000000daf60000, 0x00000000dc4b0000)
 concurrent mark-sweep generation total 393216K, used 101436K [0x00000000dda00000, 0x00000000f5a00000, 0x00000000f5a00000)
 concurrent-mark-sweep perm gen total 49480K, used 29698K [0x00000000f5a00000, 0x00000000f8a52000, 0x0000000100000000)
2016-04-10T11:35:04.222+0000: 10038.231: [GC2016-04-10T11:35:04.222+0000: 10038.231: [ParNew
Desired survivor size 20112992 bytes, new threshold 8 (max 8)
- age   1:    6240000 bytes,    6240000 total
- age   2:      80328 bytes,    6320328 total
- age   3:    1107232 bytes,    7427560 total
- age   4:    2557816 bytes,    9985376 total
- age   5:    2232912 bytes,   12218288 total
- age   6:    1387296 bytes,   13605584 total
- age   7:    2461424 bytes,   16067008 total
- age   8:     228520 bytes,   16295528 total
: 109248K->20236K(109248K), 0.0236860 secs] 210684K->122275K(502464K), 0.0237690 secs] [Times: user=0.03 sys=0.00, real=0.02 secs] 
Heap after GC invocations=86 (full 1):
 par new generation   total 109248K, used 20236K [0x00000000d5a00000, 0x00000000dda00000, 0x00000000dda00000)
  eden space 87424K,   0% used [0x00000000d5a00000, 0x00000000d5a00000, 0x00000000daf60000)
  from space 21824K,  92% used [0x00000000daf60000, 0x00000000dc323000, 0x00000000dc4b0000)
  to   space 21824K,   0% used [0x00000000dc4b0000, 0x00000000dc4b0000, 0x00000000dda00000)
 concurrent mark-sweep generation total 393216K, used 102039K [0x00000000dda00000, 0x00000000f5a00000, 0x00000000f5a00000)
 concurrent-mark-sweep perm gen total 49480K, used 29698K [0x00000000f5a00000, 0x00000000f8a52000, 0x0000000100000000)
}
2016-04-10T11:35:04.246+0000: 10038.255: Total time for which application threads were stopped: 0.0239730 seconds, Stopping threads took: 0.0000400 seconds
2016-04-10T11:35:04.623+0000: 10038.633: Total time for which application threads were stopped: 0.0000690 seconds, Stopping threads took: 0.0000200 seconds
2016-04-10T11:35:05.624+0000: 10039.633: Total time for which application threads were stopped: 0.0001130 seconds, Stopping threads took: 0.0000250 seconds
{Heap before GC invocations=86 (full 1):
 par new generation   total 109248K, used 107660K [0x00000000d5a00000, 0x00000000dda00000, 0x00000000dda00000)
  eden space 87424K, 100% used [0x00000000d5a00000, 0x00000000daf60000, 0x00000000daf60000)
  from space 21824K,  92% used [0x00000000daf60000, 0x00000000dc323000, 0x00000000dc4b0000)
  to   space 21824K,   0% used [0x00000000dc4b0000, 0x00000000dc4b0000, 0x00000000dda00000)
 concurrent mark-sweep generation total 393216K, used 102039K [0x00000000dda00000, 0x00000000f5a00000, 0x00000000f5a00000)
 concurrent-mark-sweep perm gen total 49480K, used 29700K [0x00000000f5a00000, 0x00000000f8a52000, 0x0000000100000000)
2016-04-10T11:35:11.109+0000: 10045.119: [GC2016-04-10T11:35:11.110+0000: 10045.119: [ParNew
Desired survivor size 20112992 bytes, new threshold 8 (max 8)
- age   1:    4723640 bytes,    4723640 total
- age   2:    3133976 bytes,    7857616 total
- age   3:      80328 bytes,    7937944 total
- age   4:    1107152 bytes,    9045096 total
- age   5:    2490824 bytes,   11535920 total
- age   6:    2232912 bytes,   13768832 total
- age   7:    1387256 bytes,   15156088 total
- age   8:    2461200 bytes,   17617288 total
: 107660K->21824K(109248K), 0.0188150 secs] 209699K->124401K(502464K), 0.0193280 secs] [Times: user=0.02 sys=0.00, real=0.02 secs] 
Heap after GC invocations=87 (full 1):
 par new generation   total 109248K, used 21824K [0x00000000d5a00000, 0x00000000dda00000, 0x00000000dda00000)
  eden space 87424K,   0% used [0x00000000d5a00000, 0x00000000d5a00000, 0x00000000daf60000)
  from space 21824K, 100% used [0x00000000dc4b0000, 0x00000000dda00000, 0x00000000dda00000)
  to   space 21824K,   0% used [0x00000000daf60000, 0x00000000daf60000, 0x00000000dc4b0000)
 concurrent mark-sweep generation total 393216K, used 102577K [0x00000000dda00000, 0x00000000f5a00000, 0x00000000f5a00000)
 concurrent-mark-sweep perm gen total 49480K, used 29700K [0x00000000f5a00000, 0x00000000f8a52000, 0x0000000100000000)
}
2016-04-10T11:35:11.129+0000: 10045.138: Total time for which application threads were stopped: 0.0255790 seconds, Stopping threads took: 0.0060790 seconds
{Heap before GC invocations=87 (full 1):
 par new generation   total 109248K, used 109248K [0x00000000d5a00000, 0x00000000dda00000, 0x00000000dda00000)
  eden space 87424K, 100% used [0x00000000d5a00000, 0x00000000daf60000, 0x00000000daf60000)
  from space 21824K, 100% used [0x00000000dc4b0000, 0x00000000dda00000, 0x00000000dda00000)
  to   space 21824K,   0% used [0x00000000daf60000, 0x00000000daf60000, 0x00000000dc4b0000)
 concurrent mark-sweep generation total 393216K, used 102577K [0x00000000dda00000, 0x00000000f5a00000, 0x00000000f5a00000)
 concurrent-mark-sweep perm gen total 49480K, used 29700K [0x00000000f5a00000, 0x00000000f8a52000, 0x0000000100000000)
2016-04-10T11:35:12.177+0000: 10046.186: [GC2016-04-10T11:35:12.177+0000: 10046.186: [ParNew
Desired survivor size 20112992 bytes, new threshold 8 (max 8)
- age   1:    3719480 bytes,    3719480 total
- age   2:    4014216 bytes,    7733696 total
- age   3:    3133232 bytes,   10866928 total
- age   4:      80328 bytes,   10947256 total
- age   5:    1107072 bytes,   12054328 total
- age   6:    1627520 bytes,   13681848 total
- age   7:    1915712 bytes,   15597560 total
- age   8:     567248 bytes,   16164808 total
: 109248K->21824K(109248K), 0.0205560 secs] 211825K->130714K(502464K), 0.0206270 secs] [Times: user=0.02 sys=0.00, real=0.02 secs] 
Heap after GC invocations=88 (full 1):
 par new generation   total 109248K, used 21824K [0x00000000d5a00000, 0x00000000dda00000, 0x00000000dda00000)
  eden space 87424K,   0% used [0x00000000d5a00000, 0x00000000d5a00000, 0x00000000daf60000)
  from space 21824K, 100% used [0x00000000daf60000, 0x00000000dc4b0000, 0x00000000dc4b0000)
  to   space 21824K,   0% used [0x00000000dc4b0000, 0x00000000dc4b0000, 0x00000000dda00000)
 concurrent mark-sweep generation total 393216K, used 108890K [0x00000000dda00000, 0x00000000f5a00000, 0x00000000f5a00000)
 concurrent-mark-sweep perm gen total 49480K, used 29700K [0x00000000f5a00000, 0x00000000f8a52000, 0x0000000100000000)
}
2016-04-10T11:35:12.198+0000: 10046.207: Total time for which application threads were stopped: 0.0217700 seconds, Stopping threads took: 0.0009740 seconds
2016-04-10T11:35:12.440+0000: 10046.450: Total time for which application threads were stopped: 0.0058790 seconds, Stopping threads took: 0.0050920 seconds
2016-04-10T11:35:12.440+0000: 10046.450: Total time for which application threads were stopped: 0.0000390 seconds, Stopping threads took: 0.0000230 seconds
2016-04-10T11:35:12.451+0000: 10046.460: Total time for which application threads were stopped: 0.0020420 seconds, Stopping threads took: 0.0020160 seconds
2016-04-10T11:35:12.451+0000: 10046.460: Total time for which application threads were stopped: 0.0000210 seconds, Stopping threads took: 0.0000060 seconds
2016-04-10T11:35:12.592+0000: 10046.602: Total time for which application threads were stopped: 0.0020920 seconds, Stopping threads took: 0.0020490 seconds
2016-04-10T11:35:12.592+0000: 10046.602: Total time for which application threads were stopped: 0.0000210 seconds, Stopping threads took: 0.0000060 seconds
2016-04-10T11:35:12.595+0000: 10046.604: Total time for which application threads were stopped: 0.0000280 seconds, Stopping threads took: 0.0000090 seconds
2016-04-10T11:35:12.595+0000: 10046.605: Total time for which application threads were stopped: 0.0000210 seconds, Stopping threads took: 0.0000060 seconds
{Heap before GC invocations=88 (full 1):
 par new generation   total 109248K, used 109248K [0x00000000d5a00000, 0x00000000dda00000, 0x00000000dda00000)
  eden space 87424K, 100% used [0x00000000d5a00000, 0x00000000daf60000, 0x00000000daf60000)
  from space 21824K, 100% used [0x00000000daf60000, 0x00000000dc4b0000, 0x00000000dc4b0000)
  to   space 21824K,   0% used [0x00000000dc4b0000, 0x00000000dc4b0000, 0x00000000dda00000)
 concurrent mark-sweep generation total 393216K, used 108890K [0x00000000dda00000, 0x00000000f5a00000, 0x00000000f5a00000)
 concurrent-mark-sweep perm gen total 49480K, used 29700K [0x00000000f5a00000, 0x00000000f8a52000, 0x0000000100000000)
2016-04-10T11:35:16.576+0000: 10050.586: [GC2016-04-10T11:35:16.576+0000: 10050.586: [ParNew
Desired survivor size 20112992 bytes, new threshold 8 (max 8)
- age   1:    3247704 bytes,    3247704 total
- age   2:    2833856 bytes,    6081560 total
- age   3:    3811448 bytes,    9893008 total
- age   4:    3132584 bytes,   13025592 total
- age   5:      80328 bytes,   13105920 total
- age   6:    1040080 bytes,   14146000 total
- age   7:    1627520 bytes,   15773520 total
- age   8:    1915712 bytes,   17689232 total
: 109248K->21824K(109248K), 0.0216820 secs] 218138K->131268K(502464K), 0.0217570 secs] [Times: user=0.02 sys=0.00, real=0.02 secs] 
Heap after GC invocations=89 (full 1):
 par new generation   total 109248K, used 21824K [0x00000000d5a00000, 0x00000000dda00000, 0x00000000dda00000)
  eden space 87424K,   0% used [0x00000000d5a00000, 0x00000000d5a00000, 0x00000000daf60000)
  from space 21824K, 100% used [0x00000000dc4b0000, 0x00000000dda00000, 0x00000000dda00000)
  to   space 21824K,   0% used [0x00000000daf60000, 0x00000000daf60000, 0x00000000dc4b0000)
 concurrent mark-sweep generation total 393216K, used 109444K [0x00000000dda00000, 0x00000000f5a00000, 0x00000000f5a00000)
 concurrent-mark-sweep perm gen total 49480K, used 29700K [0x00000000f5a00000, 0x00000000f8a52000, 0x0000000100000000)
}
2016-04-10T11:35:16.598+0000: 10050.607: Total time for which application threads were stopped: 0.0219560 seconds, Stopping threads took: 0.0000380 seconds
{Heap before GC invocations=89 (full 1):
 par new generation   total 109248K, used 109248K [0x00000000d5a00000, 0x00000000dda00000, 0x00000000dda00000)
  eden space 87424K, 100% used [0x00000000d5a00000, 0x00000000daf60000, 0x00000000daf60000)
  from space 21824K, 100% used [0x00000000dc4b0000, 0x00000000dda00000, 0x00000000dda00000)
  to   space 21824K,   0% used [0x00000000daf60000, 0x00000000daf60000, 0x00000000dc4b0000)
 concurrent mark-sweep generation total 393216K, used 109444K [0x00000000dda00000, 0x00000000f5a00000, 0x00000000f5a00000)
 concurrent-mark-sweep perm gen total 49480K, used 29702K [0x00000000f5a00000, 0x00000000f8a52000, 0x0000000100000000)
2016-04-10T11:35:16.778+0000: 10050.787: [GC2016-04-10T11:35:16.778+0000: 10050.787: [ParNew
Desired survivor size 20112992 bytes, new threshold 8 (max 8)
- age   1:     174056 bytes,     174056 total
- age   2:    3109216 bytes,    3283272 total
- age   3:    2833792 bytes,    6117064 total
- age   4:    3810240 bytes,    9927304 total
- age   5:    3132584 bytes,   13059888 total
- age   6:      80328 bytes,   13140216 total
- age   7:    1040080 bytes,   14180296 total
- age   8:    1627520 bytes,   15807816 total
: 109248K->21824K(109248K), 0.0218590 secs] 218692K->133139K(502464K), 0.0219490 secs] [Times: user=0.02 sys=0.00, real=0.03 secs] 
Heap after GC invocations=90 (full 1):
 par new generation   total 109248K, used 21824K [0x00000000d5a00000, 0x00000000dda00000, 0x00000000dda00000)
  eden space 87424K,   0% used [0x00000000d5a00000, 0x00000000d5a00000, 0x00000000daf60000)
  from space 21824K, 100% used [0x00000000daf60000, 0x00000000dc4b0000, 0x00000000dc4b0000)
  to   space 21824K,   0% used [0x00000000dc4b0000, 0x00000000dc4b0000, 0x00000000dda00000)
 concurrent mark-sweep generation total 393216K, used 111315K [0x00000000dda00000, 0x00000000f5a00000, 0x00000000f5a00000)
 concurrent-mark-sweep perm gen total 49480K, used 29702K [0x00000000f5a00000, 0x00000000f8a52000, 0x0000000100000000)
}
2016-04-10T11:35:16.800+0000: 10050.809: Total time for which application threads were stopped: 0.0220840 seconds, Stopping threads took: 0.0000290 seconds
{Heap before GC invocations=90 (full 1):
 par new generation   total 109248K, used 109248K [0x00000000d5a00000, 0x00000000dda00000, 0x00000000dda00000)
  eden space 87424K, 100% used [0x00000000d5a00000, 0x00000000daf60000, 0x00000000daf60000)
  from space 21824K, 100% used [0x00000000daf60000, 0x00000000dc4b0000, 0x00000000dc4b0000)
  to   space 21824K,   0% used [0x00000000dc4b0000, 0x00000000dc4b0000, 0x00000000dda00000)
 concurrent mark-sweep generation total 393216K, used 111315K [0x00000000dda00000, 0x00000000f5a00000, 0x00000000f5a00000)
 concurrent-mark-sweep perm gen total 49480K, used 29702K [0x00000000f5a00000, 0x00000000f8a52000, 0x0000000100000000)
2016-04-10T11:35:19.207+0000: 10053.216: [GC2016-04-10T11:35:19.207+0000: 10053.216: [ParNew
Desired survivor size 20112992 bytes, new threshold 8 (max 8)
- age   1:     219304 bytes,     219304 total
- age   2:     111800 bytes,     331104 total
- age   3:    3109056 bytes,    3440160 total
- age   4:    2833792 bytes,    6273952 total
- age   5:    3810176 bytes,   10084128 total
- age   6:    3132512 bytes,   13216640 total
- age   7:      80328 bytes,   13296968 total
- age   8:    1040080 bytes,   14337048 total
: 109248K->16814K(109248K), 0.0209820 secs] 220563K->129719K(502464K), 0.0210450 secs] [Times: user=0.02 sys=0.00, real=0.02 secs] 
Heap after GC invocations=91 (full 1):
 par new generation   total 109248K, used 16814K [0x00000000d5a00000, 0x00000000dda00000, 0x00000000dda00000)
  eden space 87424K,   0% used [0x00000000d5a00000, 0x00000000d5a00000, 0x00000000daf60000)
  from space 21824K,  77% used [0x00000000dc4b0000, 0x00000000dd51b870, 0x00000000dda00000)
  to   space 21824K,   0% used [0x00000000daf60000, 0x00000000daf60000, 0x00000000dc4b0000)
 concurrent mark-sweep generation total 393216K, used 112905K [0x00000000dda00000, 0x00000000f5a00000, 0x00000000f5a00000)
 concurrent-mark-sweep perm gen total 49480K, used 29702K [0x00000000f5a00000, 0x00000000f8a52000, 0x0000000100000000)
}
2016-04-10T11:35:19.228+0000: 10053.237: Total time for which application threads were stopped: 0.0212640 seconds, Stopping threads took: 0.0000410 seconds
{Heap before GC invocations=91 (full 1):
 par new generation   total 109248K, used 104238K [0x00000000d5a00000, 0x00000000dda00000, 0x00000000dda00000)
  eden space 87424K, 100% used [0x00000000d5a00000, 0x00000000daf60000, 0x00000000daf60000)
  from space 21824K,  77% used [0x00000000dc4b0000, 0x00000000dd51b870, 0x00000000dda00000)
  to   space 21824K,   0% used [0x00000000daf60000, 0x00000000daf60000, 0x00000000dc4b0000)
 concurrent mark-sweep generation total 393216K, used 112905K [0x00000000dda00000, 0x00000000f5a00000, 0x00000000f5a00000)
 concurrent-mark-sweep perm gen total 49480K, used 29704K [0x00000000f5a00000, 0x00000000f8a52000, 0x0000000100000000)
2016-04-10T11:35:20.249+0000: 10054.258: [GC2016-04-10T11:35:20.249+0000: 10054.258: [ParNew
Desired survivor size 20112992 bytes, new threshold 8 (max 8)
- age   1:     118960 bytes,     118960 total
- age   2:     111616 bytes,     230576 total
- age   3:     110144 bytes,     340720 total
- age   4:    3109024 bytes,    3449744 total
- age   5:    2833792 bytes,    6283536 total
- age   6:    3810176 bytes,   10093712 total
- age   7:    3132512 bytes,   13226224 total
- age   8:      80328 bytes,   13306552 total
: 104238K->21824K(109248K), 0.0278850 secs] 217143K->135744K(502464K), 0.0279660 secs] [Times: user=0.03 sys=0.00, real=0.03 secs] 
Heap after GC invocations=92 (full 1):
 par new generation   total 109248K, used 21824K [0x00000000d5a00000, 0x00000000dda00000, 0x00000000dda00000)
  eden space 87424K,   0% used [0x00000000d5a00000, 0x00000000d5a00000, 0x00000000daf60000)
  from space 21824K, 100% used [0x00000000daf60000, 0x00000000dc4b0000, 0x00000000dc4b0000)
  to   space 21824K,   0% used [0x00000000dc4b0000, 0x00000000dc4b0000, 0x00000000dda00000)
 concurrent mark-sweep generation total 393216K, used 113920K [0x00000000dda00000, 0x00000000f5a00000, 0x00000000f5a00000)
 concurrent-mark-sweep perm gen total 49480K, used 29704K [0x00000000f5a00000, 0x00000000f8a52000, 0x0000000100000000)
}
2016-04-10T11:35:20.277+0000: 10054.286: Total time for which application threads were stopped: 0.0282040 seconds, Stopping threads took: 0.0000280 seconds
{Heap before GC invocations=92 (full 1):
 par new generation   total 109248K, used 109248K [0x00000000d5a00000, 0x00000000dda00000, 0x00000000dda00000)
  eden space 87424K, 100% used [0x00000000d5a00000, 0x00000000daf60000, 0x00000000daf60000)
  from space 21824K, 100% used [0x00000000daf60000, 0x00000000dc4b0000, 0x00000000dc4b0000)
  to   space 21824K,   0% used [0x00000000dc4b0000, 0x00000000dc4b0000, 0x00000000dda00000)
 concurrent mark-sweep generation total 393216K, used 113920K [0x00000000dda00000, 0x00000000f5a00000, 0x00000000f5a00000)
 concurrent-mark-sweep perm gen total 49480K, used 29704K [0x00000000f5a00000, 0x00000000f8a52000, 0x0000000100000000)
2016-04-10T11:35:22.635+0000: 10056.644: [GC2016-04-10T11:35:22.635+0000: 10056.644: [ParNew
Desired survivor size 20112992 bytes, new threshold 8 (max 8)
- age   1:     121848 bytes,     121848 total
- age   2:      42032 bytes,     163880 total
- age   3:     108968 bytes,     272848 total
- age   4:     108752 bytes,     381600 total
- age   5:    3108960 bytes,    3490560 total
- age   6:    2833792 bytes,    6324352 total
- age   7:    3810176 bytes,   10134528 total
- age   8:    3132512 bytes,   13267040 total
: 109248K->14567K(109248K), 0.0211350 secs] 223168K->128566K(502464K), 0.0211960 secs] [Times: user=0.02 sys=0.00, real=0.02 secs] 
Heap after GC invocations=93 (full 1):
 par new generation   total 109248K, used 14567K [0x00000000d5a00000, 0x00000000dda00000, 0x00000000dda00000)
  eden space 87424K,   0% used [0x00000000d5a00000, 0x00000000d5a00000, 0x00000000daf60000)
  from space 21824K,  66% used [0x00000000dc4b0000, 0x00000000dd2e9d60, 0x00000000dda00000)
  to   space 21824K,   0% used [0x00000000daf60000, 0x00000000daf60000, 0x00000000dc4b0000)
 concurrent mark-sweep generation total 393216K, used 113999K [0x00000000dda00000, 0x00000000f5a00000, 0x00000000f5a00000)
 concurrent-mark-sweep perm gen total 49480K, used 29704K [0x00000000f5a00000, 0x00000000f8a52000, 0x0000000100000000)
}
2016-04-10T11:35:22.656+0000: 10056.665: Total time for which application threads were stopped: 0.0214180 seconds, Stopping threads took: 0.0000510 seconds
{Heap before GC invocations=93 (full 1):
 par new generation   total 109248K, used 101991K [0x00000000d5a00000, 0x00000000dda00000, 0x00000000dda00000)
  eden space 87424K, 100% used [0x00000000d5a00000, 0x00000000daf60000, 0x00000000daf60000)
  from space 21824K,  66% used [0x00000000dc4b0000, 0x00000000dd2e9d60, 0x00000000dda00000)
  to   space 21824K,   0% used [0x00000000daf60000, 0x00000000daf60000, 0x00000000dc4b0000)
 concurrent mark-sweep generation total 393216K, used 113999K [0x00000000dda00000, 0x00000000f5a00000, 0x00000000f5a00000)
 concurrent-mark-sweep perm gen total 49480K, used 29705K [0x00000000f5a00000, 0x00000000f8a52000, 0x0000000100000000)
2016-04-10T11:35:25.135+0000: 10059.144: [GC2016-04-10T11:35:25.135+0000: 10059.144: [ParNew
Desired survivor size 20112992 bytes, new threshold 8 (max 8)
- age   1:      89688 bytes,      89688 total
- age   2:      43032 bytes,     132720 total
- age   3:      42032 bytes,     174752 total
- age   4:     107896 bytes,     282648 total
- age   5:     108200 bytes,     390848 total
- age   6:    3108960 bytes,    3499808 total
- age   7:    2833792 bytes,    6333600 total
- age   8:    3810176 bytes,   10143776 total
: 101991K->11335K(109248K), 0.0210860 secs] 215990K->128395K(502464K), 0.0211840 secs] [Times: user=0.02 sys=0.00, real=0.02 secs] 
Heap after GC invocations=94 (full 1):
 par new generation   total 109248K, used 11335K [0x00000000d5a00000, 0x00000000dda00000, 0x00000000dda00000)
  eden space 87424K,   0% used [0x00000000d5a00000, 0x00000000d5a00000, 0x00000000daf60000)
  from space 21824K,  51% used [0x00000000daf60000, 0x00000000dba71ec0, 0x00000000dc4b0000)
  to   space 21824K,   0% used [0x00000000dc4b0000, 0x00000000dc4b0000, 0x00000000dda00000)
 concurrent mark-sweep generation total 393216K, used 117059K [0x00000000dda00000, 0x00000000f5a00000, 0x00000000f5a00000)
 concurrent-mark-sweep perm gen total 49480K, used 29705K [0x00000000f5a00000, 0x00000000f8a52000, 0x0000000100000000)
}
2016-04-10T11:35:25.156+0000: 10059.165: Total time for which application threads were stopped: 0.0213760 seconds, Stopping threads took: 0.0000370 seconds
2016-04-10T11:35:26.157+0000: 10060.166: Total time for which application threads were stopped: 0.0007530 seconds, Stopping threads took: 0.0006620 seconds
2016-04-10T11:35:26.276+0000: 10060.285: Total time for which application threads were stopped: 0.0001290 seconds, Stopping threads took: 0.0000250 seconds
2016-04-10T11:35:27.278+0000: 10061.288: Total time for which application threads were stopped: 0.0021090 seconds, Stopping threads took: 0.0020130 seconds
{Heap before GC invocations=94 (full 1):
 par new generation   total 109248K, used 98759K [0x00000000d5a00000, 0x00000000dda00000, 0x00000000dda00000)
  eden space 87424K, 100% used [0x00000000d5a00000, 0x00000000daf60000, 0x00000000daf60000)
  from space 21824K,  51% used [0x00000000daf60000, 0x00000000dba71ec0, 0x00000000dc4b0000)
  to   space 21824K,   0% used [0x00000000dc4b0000, 0x00000000dc4b0000, 0x00000000dda00000)
 concurrent mark-sweep generation total 393216K, used 117059K [0x00000000dda00000, 0x00000000f5a00000, 0x00000000f5a00000)
 concurrent-mark-sweep perm gen total 49480K, used 29713K [0x00000000f5a00000, 0x00000000f8a52000, 0x0000000100000000)
2016-04-10T11:35:27.298+0000: 10061.308: [GC2016-04-10T11:35:27.298+0000: 10061.308: [ParNew
Desired survivor size 20112992 bytes, new threshold 8 (max 8)
- age   1:    3304896 bytes,    3304896 total
- age   2:        192 bytes,    3305088 total
- age   3:         32 bytes,    3305120 total
- age   5:        152 bytes,    3305272 total
- age   6:       3064 bytes,    3308336 total
- age   7:    2871592 bytes,    6179928 total
- age   8:    2771528 bytes,    8951456 total
: 98759K->12829K(109248K), 0.0233700 secs] 215819K->133416K(502464K), 0.0234400 secs] [Times: user=0.02 sys=0.00, real=0.03 secs] 
Heap after GC invocations=95 (full 1):
 par new generation   total 109248K, used 12829K [0x00000000d5a00000, 0x00000000dda00000, 0x00000000dda00000)
  eden space 87424K,   0% used [0x00000000d5a00000, 0x00000000d5a00000, 0x00000000daf60000)
  from space 21824K,  58% used [0x00000000dc4b0000, 0x00000000dd137558, 0x00000000dda00000)
  to   space 21824K,   0% used [0x00000000daf60000, 0x00000000daf60000, 0x00000000dc4b0000)
 concurrent mark-sweep generation total 393216K, used 120586K [0x00000000dda00000, 0x00000000f5a00000, 0x00000000f5a00000)
 concurrent-mark-sweep perm gen total 49480K, used 29713K [0x00000000f5a00000, 0x00000000f8a52000, 0x0000000100000000)
}
2016-04-10T11:35:27.322+0000: 10061.331: Total time for which application threads were stopped: 0.0235820 seconds, Stopping threads took: 0.0000300 seconds
2016-04-10T11:35:27.786+0000: 10061.796: Total time for which application threads were stopped: 0.0001230 seconds, Stopping threads took: 0.0000420 seconds
2016-04-10T11:35:27.794+0000: 10061.803: Total time for which application threads were stopped: 0.0000290 seconds, Stopping threads took: 0.0000140 seconds
2016-04-10T11:35:27.947+0000: 10061.956: Total time for which application threads were stopped: 0.0000530 seconds, Stopping threads took: 0.0000240 seconds
2016-04-10T11:35:27.947+0000: 10061.957: Total time for which application threads were stopped: 0.0000260 seconds, Stopping threads took: 0.0000120 seconds
{Heap before GC invocations=95 (full 1):
 par new generation   total 109248K, used 100253K [0x00000000d5a00000, 0x00000000dda00000, 0x00000000dda00000)
  eden space 87424K, 100% used [0x00000000d5a00000, 0x00000000daf60000, 0x00000000daf60000)
  from space 21824K,  58% used [0x00000000dc4b0000, 0x00000000dd137558, 0x00000000dda00000)
  to   space 21824K,   0% used [0x00000000daf60000, 0x00000000daf60000, 0x00000000dc4b0000)
 concurrent mark-sweep generation total 393216K, used 120586K [0x00000000dda00000, 0x00000000f5a00000, 0x00000000f5a00000)
 concurrent-mark-sweep perm gen total 49480K, used 29713K [0x00000000f5a00000, 0x00000000f8a52000, 0x0000000100000000)
2016-04-10T11:35:36.413+0000: 10070.422: [GC2016-04-10T11:35:36.413+0000: 10070.422: [ParNew
Desired survivor size 20112992 bytes, new threshold 8 (max 8)
- age   1:    4195488 bytes,    4195488 total
- age   2:    1047560 bytes,    5243048 total
- age   6:        152 bytes,    5243200 total
- age   7:        792 bytes,    5243992 total
- age   8:    2778576 bytes,    8022568 total
: 100253K->8766K(109248K), 0.0234270 secs] 220840K->132059K(502464K), 0.0240620 secs] [Times: user=0.02 sys=0.00, real=0.02 secs] 
Heap after GC invocations=96 (full 1):
 par new generation   total 109248K, used 8766K [0x00000000d5a00000, 0x00000000dda00000, 0x00000000dda00000)
  eden space 87424K,   0% used [0x00000000d5a00000, 0x00000000d5a00000, 0x00000000daf60000)
  from space 21824K,  40% used [0x00000000daf60000, 0x00000000db7ef800, 0x00000000dc4b0000)
  to   space 21824K,   0% used [0x00000000dc4b0000, 0x00000000dc4b0000, 0x00000000dda00000)
 concurrent mark-sweep generation total 393216K, used 123293K [0x00000000dda00000, 0x00000000f5a00000, 0x00000000f5a00000)
 concurrent-mark-sweep perm gen total 49480K, used 29713K [0x00000000f5a00000, 0x00000000f8a52000, 0x0000000100000000)
}
2016-04-10T11:35:36.437+0000: 10070.446: Total time for which application threads were stopped: 0.0242670 seconds, Stopping threads took: 0.0000380 seconds
{Heap before GC invocations=96 (full 1):
 par new generation   total 109248K, used 96190K [0x00000000d5a00000, 0x00000000dda00000, 0x00000000dda00000)
  eden space 87424K, 100% used [0x00000000d5a00000, 0x00000000daf60000, 0x00000000daf60000)
  from space 21824K,  40% used [0x00000000daf60000, 0x00000000db7ef800, 0x00000000dc4b0000)
  to   space 21824K,   0% used [0x00000000dc4b0000, 0x00000000dc4b0000, 0x00000000dda00000)
 concurrent mark-sweep generation total 393216K, used 123293K [0x00000000dda00000, 0x00000000f5a00000, 0x00000000f5a00000)
 concurrent-mark-sweep perm gen total 49480K, used 29713K [0x00000000f5a00000, 0x00000000f8a52000, 0x0000000100000000)
2016-04-10T11:35:36.965+0000: 10070.975: [GC2016-04-10T11:35:36.965+0000: 10070.975: [ParNew
Desired survivor size 20112992 bytes, new threshold 8 (max 8)
- age   1:    5394632 bytes,    5394632 total
- age   2:    3973704 bytes,    9368336 total
- age   3:    1047560 bytes,   10415896 total
- age   7:        152 bytes,   10416048 total
- age   8:        792 bytes,   10416840 total
: 96190K->11005K(109248K), 0.0230610 secs] 219483K->137011K(502464K), 0.0231260 secs] [Times: user=0.02 sys=0.00, real=0.02 secs] 
Heap after GC invocations=97 (full 1):
 par new generation   total 109248K, used 11005K [0x00000000d5a00000, 0x00000000dda00000, 0x00000000dda00000)
  eden space 87424K,   0% used [0x00000000d5a00000, 0x00000000d5a00000, 0x00000000daf60000)
  from space 21824K,  50% used [0x00000000dc4b0000, 0x00000000dcf6f540, 0x00000000dda00000)
  to   space 21824K,   0% used [0x00000000daf60000, 0x00000000daf60000, 0x00000000dc4b0000)
 concurrent mark-sweep generation total 393216K, used 126006K [0x00000000dda00000, 0x00000000f5a00000, 0x00000000f5a00000)
 concurrent-mark-sweep perm gen total 49480K, used 29713K [0x00000000f5a00000, 0x00000000f8a52000, 0x0000000100000000)
}
2016-04-10T11:35:36.989+0000: 10070.998: Total time for which application threads were stopped: 0.0233220 seconds, Stopping threads took: 0.0000290 seconds
2016-04-10T11:35:37.989+0000: 10071.998: Total time for which application threads were stopped: 0.0001160 seconds, Stopping threads took: 0.0000250 seconds
{Heap before GC invocations=97 (full 1):
 par new generation   total 109248K, used 98429K [0x00000000d5a00000, 0x00000000dda00000, 0x00000000dda00000)
  eden space 87424K, 100% used [0x00000000d5a00000, 0x00000000daf60000, 0x00000000daf60000)
  from space 21824K,  50% used [0x00000000dc4b0000, 0x00000000dcf6f540, 0x00000000dda00000)
  to   space 21824K,   0% used [0x00000000daf60000, 0x00000000daf60000, 0x00000000dc4b0000)
 concurrent mark-sweep generation total 393216K, used 126006K [0x00000000dda00000, 0x00000000f5a00000, 0x00000000f5a00000)
 concurrent-mark-sweep perm gen total 49480K, used 29713K [0x00000000f5a00000, 0x00000000f8a52000, 0x0000000100000000)
2016-04-10T11:35:46.223+0000: 10080.232: [GC2016-04-10T11:35:46.223+0000: 10080.232: [ParNew
Desired survivor size 20112992 bytes, new threshold 8 (max 8)
- age   1:    5906312 bytes,    5906312 total
- age   2:    1830080 bytes,    7736392 total
- age   3:    3529448 bytes,   11265840 total
- age   4:    1036280 bytes,   12302120 total
- age   8:        152 bytes,   12302272 total
: 98429K->14195K(109248K), 0.0194960 secs] 224435K->140202K(502464K), 0.0195760 secs] [Times: user=0.02 sys=0.00, real=0.02 secs] 
Heap after GC invocations=98 (full 1):
 par new generation   total 109248K, used 14195K [0x00000000d5a00000, 0x00000000dda00000, 0x00000000dda00000)
  eden space 87424K,   0% used [0x00000000d5a00000, 0x00000000d5a00000, 0x00000000daf60000)
  from space 21824K,  65% used [0x00000000daf60000, 0x00000000dbd3ce80, 0x00000000dc4b0000)
  to   space 21824K,   0% used [0x00000000dc4b0000, 0x00000000dc4b0000, 0x00000000dda00000)
 concurrent mark-sweep generation total 393216K, used 126007K [0x00000000dda00000, 0x00000000f5a00000, 0x00000000f5a00000)
 concurrent-mark-sweep perm gen total 49480K, used 29713K [0x00000000f5a00000, 0x00000000f8a52000, 0x0000000100000000)
}
2016-04-10T11:35:46.242+0000: 10080.252: Total time for which application threads were stopped: 0.0197820 seconds, Stopping threads took: 0.0000510 seconds
2016-04-10T11:35:47.243+0000: 10081.252: Total time for which application threads were stopped: 0.0001070 seconds, Stopping threads took: 0.0000230 seconds
{Heap before GC invocations=98 (full 1):
 par new generation   total 109248K, used 101619K [0x00000000d5a00000, 0x00000000dda00000, 0x00000000dda00000)
  eden space 87424K, 100% used [0x00000000d5a00000, 0x00000000daf60000, 0x00000000daf60000)
  from space 21824K,  65% used [0x00000000daf60000, 0x00000000dbd3ce80, 0x00000000dc4b0000)
  to   space 21824K,   0% used [0x00000000dc4b0000, 0x00000000dc4b0000, 0x00000000dda00000)
 concurrent mark-sweep generation total 393216K, used 126007K [0x00000000dda00000, 0x00000000f5a00000, 0x00000000f5a00000)
 concurrent-mark-sweep perm gen total 49480K, used 29715K [0x00000000f5a00000, 0x00000000f8a52000, 0x0000000100000000)
2016-04-10T11:35:55.678+0000: 10089.687: [GC2016-04-10T11:35:55.678+0000: 10089.687: [ParNew
Desired survivor size 20112992 bytes, new threshold 8 (max 8)
- age   1:    4321624 bytes,    4321624 total
- age   2:    3290008 bytes,    7611632 total
- age   3:    1830080 bytes,    9441712 total
- age   4:    3527000 bytes,   12968712 total
- age   5:     969352 bytes,   13938064 total
: 101619K->19908K(109248K), 0.0205630 secs] 227626K->145915K(502464K), 0.0206410 secs] [Times: user=0.01 sys=0.00, real=0.03 secs] 
Heap after GC invocations=99 (full 1):
 par new generation   total 109248K, used 19908K [0x00000000d5a00000, 0x00000000dda00000, 0x00000000dda00000)
  eden space 87424K,   0% used [0x00000000d5a00000, 0x00000000d5a00000, 0x00000000daf60000)
  from space 21824K,  91% used [0x00000000dc4b0000, 0x00000000dd8212d8, 0x00000000dda00000)
  to   space 21824K,   0% used [0x00000000daf60000, 0x00000000daf60000, 0x00000000dc4b0000)
 concurrent mark-sweep generation total 393216K, used 126007K [0x00000000dda00000, 0x00000000f5a00000, 0x00000000f5a00000)
 concurrent-mark-sweep perm gen total 49480K, used 29715K [0x00000000f5a00000, 0x00000000f8a52000, 0x0000000100000000)
}
2016-04-10T11:35:55.699+0000: 10089.708: Total time for which application threads were stopped: 0.0208350 seconds, Stopping threads took: 0.0000390 seconds
{Heap before GC invocations=99 (full 1):
 par new generation   total 109248K, used 107332K [0x00000000d5a00000, 0x00000000dda00000, 0x00000000dda00000)
  eden space 87424K, 100% used [0x00000000d5a00000, 0x00000000daf60000, 0x00000000daf60000)
  from space 21824K,  91% used [0x00000000dc4b0000, 0x00000000dd8212d8, 0x00000000dda00000)
  to   space 21824K,   0% used [0x00000000daf60000, 0x00000000daf60000, 0x00000000dc4b0000)
 concurrent mark-sweep generation total 393216K, used 126007K [0x00000000dda00000, 0x00000000f5a00000, 0x00000000f5a00000)
 concurrent-mark-sweep perm gen total 49480K, used 29715K [0x00000000f5a00000, 0x00000000f8a52000, 0x0000000100000000)
2016-04-10T11:35:56.242+0000: 10090.251: [GC2016-04-10T11:35:56.242+0000: 10090.251: [ParNew
Desired survivor size 20112992 bytes, new threshold 8 (max 8)
- age   1:    5324880 bytes,    5324880 total
- age   2:    3672424 bytes,    8997304 total
- age   3:    3288800 bytes,   12286104 total
- age   4:    1830080 bytes,   14116184 total
- age   5:    3527000 bytes,   17643184 total
- age   6:     969352 bytes,   18612536 total
: 107332K->21824K(109248K), 0.0216370 secs] 233339K->148186K(502464K), 0.0217160 secs] [Times: user=0.01 sys=0.00, real=0.02 secs] 
Heap after GC invocations=100 (full 1):
 par new generation   total 109248K, used 21824K [0x00000000d5a00000, 0x00000000dda00000, 0x00000000dda00000)
  eden space 87424K,   0% used [0x00000000d5a00000, 0x00000000d5a00000, 0x00000000daf60000)
  from space 21824K, 100% used [0x00000000daf60000, 0x00000000dc4b0000, 0x00000000dc4b0000)
  to   space 21824K,   0% used [0x00000000dc4b0000, 0x00000000dc4b0000, 0x00000000dda00000)
 concurrent mark-sweep generation total 393216K, used 126362K [0x00000000dda00000, 0x00000000f5a00000, 0x00000000f5a00000)
 concurrent-mark-sweep perm gen total 49480K, used 29715K [0x00000000f5a00000, 0x00000000f8a52000, 0x0000000100000000)
}
2016-04-10T11:35:56.263+0000: 10090.273: Total time for which application threads were stopped: 0.0219000 seconds, Stopping threads took: 0.0000290 seconds
{Heap before GC invocations=100 (full 1):
 par new generation   total 109248K, used 109248K [0x00000000d5a00000, 0x00000000dda00000, 0x00000000dda00000)
  eden space 87424K, 100% used [0x00000000d5a00000, 0x00000000daf60000, 0x00000000daf60000)
  from space 21824K, 100% used [0x00000000daf60000, 0x00000000dc4b0000, 0x00000000dc4b0000)
  to   space 21824K,   0% used [0x00000000dc4b0000, 0x00000000dc4b0000, 0x00000000dda00000)
 concurrent mark-sweep generation total 393216K, used 126362K [0x00000000dda00000, 0x00000000f5a00000, 0x00000000f5a00000)
 concurrent-mark-sweep perm gen total 49480K, used 29715K [0x00000000f5a00000, 0x00000000f8a52000, 0x0000000100000000)
2016-04-10T11:36:05.761+0000: 10099.770: [GC2016-04-10T11:36:05.761+0000: 10099.770: [ParNew
Desired survivor size 20112992 bytes, new threshold 8 (max 8)
- age   1:    3988104 bytes,    3988104 total
- age   2:     721440 bytes,    4709544 total
- age   3:    3037096 bytes,    7746640 total
- age   4:    3287472 bytes,   11034112 total
- age   5:    1830080 bytes,   12864192 total
- age   6:    3460104 bytes,   16324296 total
- age   7:     969352 bytes,   17293648 total
: 109248K->21824K(109248K), 0.0177220 secs] 235610K->151187K(502464K), 0.0178010 secs] [Times: user=0.02 sys=0.00, real=0.02 secs] 
Heap after GC invocations=101 (full 1):
 par new generation   total 109248K, used 21824K [0x00000000d5a00000, 0x00000000dda00000, 0x00000000dda00000)
  eden space 87424K,   0% used [0x00000000d5a00000, 0x00000000d5a00000, 0x00000000daf60000)
  from space 21824K, 100% used [0x00000000dc4b0000, 0x00000000dda00000, 0x00000000dda00000)
  to   space 21824K,   0% used [0x00000000daf60000, 0x00000000daf60000, 0x00000000dc4b0000)
 concurrent mark-sweep generation total 393216K, used 129363K [0x00000000dda00000, 0x00000000f5a00000, 0x00000000f5a00000)
 concurrent-mark-sweep perm gen total 49480K, used 29715K [0x00000000f5a00000, 0x00000000f8a52000, 0x0000000100000000)
}
2016-04-10T11:36:05.779+0000: 10099.788: Total time for which application threads were stopped: 0.0180050 seconds, Stopping threads took: 0.0000290 seconds
{Heap before GC invocations=101 (full 1):
 par new generation   total 109248K, used 109248K [0x00000000d5a00000, 0x00000000dda00000, 0x00000000dda00000)
  eden space 87424K, 100% used [0x00000000d5a00000, 0x00000000daf60000, 0x00000000daf60000)
  from space 21824K, 100% used [0x00000000dc4b0000, 0x00000000dda00000, 0x00000000dda00000)
  to   space 21824K,   0% used [0x00000000daf60000, 0x00000000daf60000, 0x00000000dc4b0000)
 concurrent mark-sweep generation total 393216K, used 129363K [0x00000000dda00000, 0x00000000f5a00000, 0x00000000f5a00000)
 concurrent-mark-sweep perm gen total 49480K, used 29715K [0x00000000f5a00000, 0x00000000f8a52000, 0x0000000100000000)
2016-04-10T11:36:15.164+0000: 10109.173: [GC2016-04-10T11:36:15.164+0000: 10109.173: [ParNew
Desired survivor size 20112992 bytes, new threshold 8 (max 8)
- age   1:    3909984 bytes,    3909984 total
- age   2:    1462712 bytes,    5372696 total
- age   3:     721440 bytes,    6094136 total
- age   4:    3034960 bytes,    9129096 total
- age   5:    3220552 bytes,   12349648 total
- age   6:    1830080 bytes,   14179728 total
- age   7:    3460104 bytes,   17639832 total
- age   8:     969352 bytes,   18609184 total
: 109248K->20475K(109248K), 0.0180800 secs] 238611K->149838K(502464K), 0.0181770 secs] [Times: user=0.01 sys=0.01, real=0.02 secs] 
Heap after GC invocations=102 (full 1):
 par new generation   total 109248K, used 20475K [0x00000000d5a00000, 0x00000000dda00000, 0x00000000dda00000)
  eden space 87424K,   0% used [0x00000000d5a00000, 0x00000000d5a00000, 0x00000000daf60000)
  from space 21824K,  93% used [0x00000000daf60000, 0x00000000dc35ef80, 0x00000000dc4b0000)
  to   space 21824K,   0% used [0x00000000dc4b0000, 0x00000000dc4b0000, 0x00000000dda00000)
 concurrent mark-sweep generation total 393216K, used 129363K [0x00000000dda00000, 0x00000000f5a00000, 0x00000000f5a00000)
 concurrent-mark-sweep perm gen total 49480K, used 29715K [0x00000000f5a00000, 0x00000000f8a52000, 0x0000000100000000)
}
2016-04-10T11:36:15.182+0000: 10109.191: Total time for which application threads were stopped: 0.0183990 seconds, Stopping threads took: 0.0000380 seconds
{Heap before GC invocations=102 (full 1):
 par new generation   total 109248K, used 107899K [0x00000000d5a00000, 0x00000000dda00000, 0x00000000dda00000)
  eden space 87424K, 100% used [0x00000000d5a00000, 0x00000000daf60000, 0x00000000daf60000)
  from space 21824K,  93% used [0x00000000daf60000, 0x00000000dc35ef80, 0x00000000dc4b0000)
  to   space 21824K,   0% used [0x00000000dc4b0000, 0x00000000dc4b0000, 0x00000000dda00000)
 concurrent mark-sweep generation total 393216K, used 129363K [0x00000000dda00000, 0x00000000f5a00000, 0x00000000f5a00000)
 concurrent-mark-sweep perm gen total 49480K, used 29715K [0x00000000f5a00000, 0x00000000f8a52000, 0x0000000100000000)
2016-04-10T11:36:15.726+0000: 10109.735: [GC2016-04-10T11:36:15.726+0000: 10109.735: [ParNew
Desired survivor size 20112992 bytes, new threshold 8 (max 8)
- age   1:    5282864 bytes,    5282864 total
- age   2:    3799976 bytes,    9082840 total
- age   3:    1461344 bytes,   10544184 total
- age   4:     721440 bytes,   11265624 total
- age   5:    3034824 bytes,   14300448 total
- age   6:    1313728 bytes,   15614176 total
- age   7:    1830080 bytes,   17444256 total
- age   8:    1687720 bytes,   19131976 total
: 107899K->21824K(109248K), 0.0198670 secs] 237262K->155731K(502464K), 0.0199720 secs] [Times: user=0.02 sys=0.01, real=0.02 secs] 
Heap after GC invocations=103 (full 1):
 par new generation   total 109248K, used 21824K [0x00000000d5a00000, 0x00000000dda00000, 0x00000000dda00000)
  eden space 87424K,   0% used [0x00000000d5a00000, 0x00000000d5a00000, 0x00000000daf60000)
  from space 21824K, 100% used [0x00000000dc4b0000, 0x00000000dda00000, 0x00000000dda00000)
  to   space 21824K,   0% used [0x00000000daf60000, 0x00000000daf60000, 0x00000000dc4b0000)
 concurrent mark-sweep generation total 393216K, used 133907K [0x00000000dda00000, 0x00000000f5a00000, 0x00000000f5a00000)
 concurrent-mark-sweep perm gen total 49480K, used 29715K [0x00000000f5a00000, 0x00000000f8a52000, 0x0000000100000000)
}
2016-04-10T11:36:15.746+0000: 10109.755: Total time for which application threads were stopped: 0.0201970 seconds, Stopping threads took: 0.0000280 seconds
2016-04-10T11:36:15.917+0000: 10109.926: Total time for which application threads were stopped: 0.0000790 seconds, Stopping threads took: 0.0000280 seconds
2016-04-10T11:36:15.917+0000: 10109.926: Total time for which application threads were stopped: 0.0000510 seconds, Stopping threads took: 0.0000220 seconds
2016-04-10T11:36:15.917+0000: 10109.926: Total time for which application threads were stopped: 0.0000240 seconds, Stopping threads took: 0.0000090 seconds
2016-04-10T11:36:15.917+0000: 10109.926: Total time for which application threads were stopped: 0.0000230 seconds, Stopping threads took: 0.0000090 seconds
2016-04-10T11:36:15.917+0000: 10109.926: Total time for which application threads were stopped: 0.0000400 seconds, Stopping threads took: 0.0000100 seconds
2016-04-10T11:36:15.921+0000: 10109.930: Total time for which application threads were stopped: 0.0000320 seconds, Stopping threads took: 0.0000140 seconds
2016-04-10T11:36:15.921+0000: 10109.930: Total time for which application threads were stopped: 0.0000380 seconds, Stopping threads took: 0.0000100 seconds
2016-04-10T11:36:15.921+0000: 10109.930: Total time for which application threads were stopped: 0.0000230 seconds, Stopping threads took: 0.0000090 seconds
2016-04-10T11:36:15.921+0000: 10109.930: Total time for which application threads were stopped: 0.0000220 seconds, Stopping threads took: 0.0000090 seconds
2016-04-10T11:36:15.921+0000: 10109.930: Total time for which application threads were stopped: 0.0000220 seconds, Stopping threads took: 0.0000090 seconds
2016-04-10T11:36:15.921+0000: 10109.930: Total time for which application threads were stopped: 0.0000230 seconds, Stopping threads took: 0.0000090 seconds
2016-04-10T11:36:16.034+0000: 10110.043: Total time for which application threads were stopped: 0.0000620 seconds, Stopping threads took: 0.0000250 seconds
2016-04-10T11:36:16.034+0000: 10110.043: Total time for which application threads were stopped: 0.0000260 seconds, Stopping threads took: 0.0000110 seconds
2016-04-10T11:36:16.034+0000: 10110.043: Total time for which application threads were stopped: 0.0000240 seconds, Stopping threads took: 0.0000100 seconds
2016-04-10T11:36:16.034+0000: 10110.043: Total time for which application threads were stopped: 0.0000250 seconds, Stopping threads took: 0.0000100 seconds
2016-04-10T11:36:16.034+0000: 10110.043: Total time for which application threads were stopped: 0.0000240 seconds, Stopping threads took: 0.0000100 seconds
2016-04-10T11:36:16.034+0000: 10110.043: Total time for which application threads were stopped: 0.0000840 seconds, Stopping threads took: 0.0000100 seconds
2016-04-10T11:36:16.037+0000: 10110.046: Total time for which application threads were stopped: 0.0000380 seconds, Stopping threads took: 0.0000170 seconds
2016-04-10T11:36:16.037+0000: 10110.046: Total time for which application threads were stopped: 0.0000260 seconds, Stopping threads took: 0.0000110 seconds
{Heap before GC invocations=103 (full 1):
 par new generation   total 109248K, used 109248K [0x00000000d5a00000, 0x00000000dda00000, 0x00000000dda00000)
  eden space 87424K, 100% used [0x00000000d5a00000, 0x00000000daf60000, 0x00000000daf60000)
  from space 21824K, 100% used [0x00000000dc4b0000, 0x00000000dda00000, 0x00000000dda00000)
  to   space 21824K,   0% used [0x00000000daf60000, 0x00000000daf60000, 0x00000000dc4b0000)
 concurrent mark-sweep generation total 393216K, used 133907K [0x00000000dda00000, 0x00000000f5a00000, 0x00000000f5a00000)
 concurrent-mark-sweep perm gen total 49480K, used 29715K [0x00000000f5a00000, 0x00000000f8a52000, 0x0000000100000000)
2016-04-10T11:36:25.218+0000: 10119.227: [GC2016-04-10T11:36:25.218+0000: 10119.227: [ParNew
Desired survivor size 20112992 bytes, new threshold 8 (max 8)
- age   1:    3522992 bytes,    3522992 total
- age   2:     984880 bytes,    4507872 total
- age   3:    2559536 bytes,    7067408 total
- age   4:    1298784 bytes,    8366192 total
- age   5:     721440 bytes,    9087632 total
- age   6:    2967752 bytes,   12055384 total
- age   7:    1313728 bytes,   13369112 total
- age   8:    1830080 bytes,   15199192 total
: 109248K->21824K(109248K), 0.0186000 secs] 243155K->161335K(502464K), 0.0186610 secs] [Times: user=0.02 sys=0.00, real=0.02 secs] 
Heap after GC invocations=104 (full 1):
 par new generation   total 109248K, used 21824K [0x00000000d5a00000, 0x00000000dda00000, 0x00000000dda00000)
  eden space 87424K,   0% used [0x00000000d5a00000, 0x00000000d5a00000, 0x00000000daf60000)
  from space 21824K, 100% used [0x00000000daf60000, 0x00000000dc4b0000, 0x00000000dc4b0000)
  to   space 21824K,   0% used [0x00000000dc4b0000, 0x00000000dc4b0000, 0x00000000dda00000)
 concurrent mark-sweep generation total 393216K, used 139511K [0x00000000dda00000, 0x00000000f5a00000, 0x00000000f5a00000)
 concurrent-mark-sweep perm gen total 49480K, used 29715K [0x00000000f5a00000, 0x00000000f8a52000, 0x0000000100000000)
}
2016-04-10T11:36:25.236+0000: 10119.246: Total time for which application threads were stopped: 0.0188810 seconds, Stopping threads took: 0.0000400 seconds
{Heap before GC invocations=104 (full 1):
 par new generation   total 109248K, used 109248K [0x00000000d5a00000, 0x00000000dda00000, 0x00000000dda00000)
  eden space 87424K, 100% used [0x00000000d5a00000, 0x00000000daf60000, 0x00000000daf60000)
  from space 21824K, 100% used [0x00000000daf60000, 0x00000000dc4b0000, 0x00000000dc4b0000)
  to   space 21824K,   0% used [0x00000000dc4b0000, 0x00000000dc4b0000, 0x00000000dda00000)
 concurrent mark-sweep generation total 393216K, used 139511K [0x00000000dda00000, 0x00000000f5a00000, 0x00000000f5a00000)
 concurrent-mark-sweep perm gen total 49480K, used 29715K [0x00000000f5a00000, 0x00000000f8a52000, 0x0000000100000000)
2016-04-10T11:36:34.906+0000: 10128.915: [GC2016-04-10T11:36:34.906+0000: 10128.915: [ParNew
Desired survivor size 20112992 bytes, new threshold 8 (max 8)
- age   1:    4187896 bytes,    4187896 total
- age   2:    1106240 bytes,    5294136 total
- age   3:     984880 bytes,    6279016 total
- age   4:    2558800 bytes,    8837816 total
- age   5:    1231864 bytes,   10069680 total
- age   6:     721440 bytes,   10791120 total
- age   7:    2967752 bytes,   13758872 total
- age   8:    1313608 bytes,   15072480 total
: 109248K->17641K(109248K), 0.0229680 secs] 248759K->158941K(502464K), 0.0230380 secs] [Times: user=0.02 sys=0.00, real=0.02 secs] 
Heap after GC invocations=105 (full 1):
 par new generation   total 109248K, used 17641K [0x00000000d5a00000, 0x00000000dda00000, 0x00000000dda00000)
  eden space 87424K,   0% used [0x00000000d5a00000, 0x00000000d5a00000, 0x00000000daf60000)
  from space 21824K,  80% used [0x00000000dc4b0000, 0x00000000dd5ea7a8, 0x00000000dda00000)
  to   space 21824K,   0% used [0x00000000daf60000, 0x00000000daf60000, 0x00000000dc4b0000)
 concurrent mark-sweep generation total 393216K, used 141299K [0x00000000dda00000, 0x00000000f5a00000, 0x00000000f5a00000)
 concurrent-mark-sweep perm gen total 49480K, used 29715K [0x00000000f5a00000, 0x00000000f8a52000, 0x0000000100000000)
}
2016-04-10T11:36:34.929+0000: 10128.938: Total time for which application threads were stopped: 0.0232820 seconds, Stopping threads took: 0.0000400 seconds
{Heap before GC invocations=105 (full 1):
 par new generation   total 109248K, used 105065K [0x00000000d5a00000, 0x00000000dda00000, 0x00000000dda00000)
  eden space 87424K, 100% used [0x00000000d5a00000, 0x00000000daf60000, 0x00000000daf60000)
  from space 21824K,  80% used [0x00000000dc4b0000, 0x00000000dd5ea7a8, 0x00000000dda00000)
  to   space 21824K,   0% used [0x00000000daf60000, 0x00000000daf60000, 0x00000000dc4b0000)
 concurrent mark-sweep generation total 393216K, used 141299K [0x00000000dda00000, 0x00000000f5a00000, 0x00000000f5a00000)
 concurrent-mark-sweep perm gen total 49480K, used 29715K [0x00000000f5a00000, 0x00000000f8a52000, 0x0000000100000000)
2016-04-10T11:36:35.483+0000: 10129.492: [GC2016-04-10T11:36:35.483+0000: 10129.492: [ParNew
Desired survivor size 20112992 bytes, new threshold 8 (max 8)
- age   1:    3515624 bytes,    3515624 total
- age   2:    3740496 bytes,    7256120 total
- age   3:    1105008 bytes,    8361128 total
- age   4:     984880 bytes,    9346008 total
- age   5:    2558800 bytes,   11904808 total
- age   6:    1231864 bytes,   13136672 total
- age   7:     721440 bytes,   13858112 total
- age   8:    2967752 bytes,   16825864 total
: 105065K->21824K(109248K), 0.0213250 secs] 246365K->166269K(502464K), 0.0213960 secs] [Times: user=0.02 sys=0.00, real=0.02 secs] 
Heap after GC invocations=106 (full 1):
 par new generation   total 109248K, used 21824K [0x00000000d5a00000, 0x00000000dda00000, 0x00000000dda00000)
  eden space 87424K,   0% used [0x00000000d5a00000, 0x00000000d5a00000, 0x00000000daf60000)
  from space 21824K, 100% used [0x00000000daf60000, 0x00000000dc4b0000, 0x00000000dc4b0000)
  to   space 21824K,   0% used [0x00000000dc4b0000, 0x00000000dc4b0000, 0x00000000dda00000)
 concurrent mark-sweep generation total 393216K, used 144445K [0x00000000dda00000, 0x00000000f5a00000, 0x00000000f5a00000)
 concurrent-mark-sweep perm gen total 49480K, used 29715K [0x00000000f5a00000, 0x00000000f8a52000, 0x0000000100000000)
}
2016-04-10T11:36:35.504+0000: 10129.514: Total time for which application threads were stopped: 0.0215910 seconds, Stopping threads took: 0.0000270 seconds
2016-04-10T11:36:35.675+0000: 10129.685: Total time for which application threads were stopped: 0.0000880 seconds, Stopping threads took: 0.0000280 seconds
2016-04-10T11:36:35.678+0000: 10129.687: Total time for which application threads were stopped: 0.0000500 seconds, Stopping threads took: 0.0000210 seconds
2016-04-10T11:36:35.678+0000: 10129.687: Total time for which application threads were stopped: 0.0000350 seconds, Stopping threads took: 0.0000110 seconds
2016-04-10T11:36:35.683+0000: 10129.693: Total time for which application threads were stopped: 0.0000350 seconds, Stopping threads took: 0.0000150 seconds
2016-04-10T11:36:35.700+0000: 10129.709: Total time for which application threads were stopped: 0.0000770 seconds, Stopping threads took: 0.0000370 seconds
2016-04-10T11:36:35.711+0000: 10129.720: Total time for which application threads were stopped: 0.0000420 seconds, Stopping threads took: 0.0000170 seconds
2016-04-10T11:36:35.722+0000: 10129.731: Total time for which application threads were stopped: 0.0000550 seconds, Stopping threads took: 0.0000170 seconds
2016-04-10T11:36:35.825+0000: 10129.834: Total time for which application threads were stopped: 0.0942130 seconds, Stopping threads took: 0.0941650 seconds
2016-04-10T11:36:35.834+0000: 10129.844: Total time for which application threads were stopped: 0.0000620 seconds, Stopping threads took: 0.0000180 seconds
2016-04-10T11:36:35.843+0000: 10129.852: Total time for which application threads were stopped: 0.0001590 seconds, Stopping threads took: 0.0000180 seconds
{Heap before GC invocations=106 (full 1):
 par new generation   total 109248K, used 109248K [0x00000000d5a00000, 0x00000000dda00000, 0x00000000dda00000)
  eden space 87424K, 100% used [0x00000000d5a00000, 0x00000000daf60000, 0x00000000daf60000)
  from space 21824K, 100% used [0x00000000daf60000, 0x00000000dc4b0000, 0x00000000dc4b0000)
  to   space 21824K,   0% used [0x00000000dc4b0000, 0x00000000dc4b0000, 0x00000000dda00000)
 concurrent mark-sweep generation total 393216K, used 144445K [0x00000000dda00000, 0x00000000f5a00000, 0x00000000f5a00000)
 concurrent-mark-sweep perm gen total 49480K, used 29715K [0x00000000f5a00000, 0x00000000f8a52000, 0x0000000100000000)
2016-04-10T11:36:36.300+0000: 10130.309: [GC2016-04-10T11:36:36.300+0000: 10130.309: [ParNew
Desired survivor size 20112992 bytes, new threshold 8 (max 8)
- age   1:    3636744 bytes,    3636744 total
- age   2:    3170768 bytes,    6807512 total
- age   3:    3614072 bytes,   10421584 total
- age   4:    1103416 bytes,   11525000 total
- age   5:     984880 bytes,   12509880 total
- age   6:    2491848 bytes,   15001728 total
- age   7:    1231824 bytes,   16233552 total
- age   8:     721440 bytes,   16954992 total
: 109248K->21824K(109248K), 0.0185570 secs] 253693K->169168K(502464K), 0.0186290 secs] [Times: user=0.02 sys=0.00, real=0.01 secs] 
Heap after GC invocations=107 (full 1):
 par new generation   total 109248K, used 21824K [0x00000000d5a00000, 0x00000000dda00000, 0x00000000dda00000)
  eden space 87424K,   0% used [0x00000000d5a00000, 0x00000000d5a00000, 0x00000000daf60000)
  from space 21824K, 100% used [0x00000000dc4b0000, 0x00000000dda00000, 0x00000000dda00000)
  to   space 21824K,   0% used [0x00000000daf60000, 0x00000000daf60000, 0x00000000dc4b0000)
 concurrent mark-sweep generation total 393216K, used 147344K [0x00000000dda00000, 0x00000000f5a00000, 0x00000000f5a00000)
 concurrent-mark-sweep perm gen total 49480K, used 29715K [0x00000000f5a00000, 0x00000000f8a52000, 0x0000000100000000)
}
2016-04-10T11:36:36.318+0000: 10130.328: Total time for which application threads were stopped: 0.0188440 seconds, Stopping threads took: 0.0000290 seconds
2016-04-10T11:36:36.754+0000: 10130.763: Total time for which application threads were stopped: 0.0000720 seconds, Stopping threads took: 0.0000340 seconds
{Heap before GC invocations=107 (full 1):
 par new generation   total 109248K, used 109248K [0x00000000d5a00000, 0x00000000dda00000, 0x00000000dda00000)
  eden space 87424K, 100% used [0x00000000d5a00000, 0x00000000daf60000, 0x00000000daf60000)
  from space 21824K, 100% used [0x00000000dc4b0000, 0x00000000dda00000, 0x00000000dda00000)
  to   space 21824K,   0% used [0x00000000daf60000, 0x00000000daf60000, 0x00000000dc4b0000)
 concurrent mark-sweep generation total 393216K, used 147344K [0x00000000dda00000, 0x00000000f5a00000, 0x00000000f5a00000)
 concurrent-mark-sweep perm gen total 49480K, used 29716K [0x00000000f5a00000, 0x00000000f8a52000, 0x0000000100000000)
2016-04-10T11:36:45.670+0000: 10139.679: [GC2016-04-10T11:36:45.670+0000: 10139.679: [ParNew
Desired survivor size 20112992 bytes, new threshold 8 (max 8)
- age   1:    2580864 bytes,    2580864 total
- age   2:    3335568 bytes,    5916432 total
- age   3:    3170768 bytes,    9087200 total
- age   4:    3612200 bytes,   12699400 total
- age   5:    1103312 bytes,   13802712 total
- age   6:     984880 bytes,   14787592 total
- age   7:    2491848 bytes,   17279440 total
- age   8:    1231680 bytes,   18511120 total
: 109248K->21824K(109248K), 0.0243400 secs] 256592K->169872K(502464K), 0.0244060 secs] [Times: user=0.02 sys=0.00, real=0.03 secs] 
Heap after GC invocations=108 (full 1):
 par new generation   total 109248K, used 21824K [0x00000000d5a00000, 0x00000000dda00000, 0x00000000dda00000)
  eden space 87424K,   0% used [0x00000000d5a00000, 0x00000000d5a00000, 0x00000000daf60000)
  from space 21824K, 100% used [0x00000000daf60000, 0x00000000dc4b0000, 0x00000000dc4b0000)
  to   space 21824K,   0% used [0x00000000dc4b0000, 0x00000000dc4b0000, 0x00000000dda00000)
 concurrent mark-sweep generation total 393216K, used 148048K [0x00000000dda00000, 0x00000000f5a00000, 0x00000000f5a00000)
 concurrent-mark-sweep perm gen total 49480K, used 29716K [0x00000000f5a00000, 0x00000000f8a52000, 0x0000000100000000)
}
2016-04-10T11:36:45.694+0000: 10139.704: Total time for which application threads were stopped: 0.0245990 seconds, Stopping threads took: 0.0000370 seconds
{Heap before GC invocations=108 (full 1):
 par new generation   total 109248K, used 109248K [0x00000000d5a00000, 0x00000000dda00000, 0x00000000dda00000)
  eden space 87424K, 100% used [0x00000000d5a00000, 0x00000000daf60000, 0x00000000daf60000)
  from space 21824K, 100% used [0x00000000daf60000, 0x00000000dc4b0000, 0x00000000dc4b0000)
  to   space 21824K,   0% used [0x00000000dc4b0000, 0x00000000dc4b0000, 0x00000000dda00000)
 concurrent mark-sweep generation total 393216K, used 148048K [0x00000000dda00000, 0x00000000f5a00000, 0x00000000f5a00000)
 concurrent-mark-sweep perm gen total 49480K, used 29716K [0x00000000f5a00000, 0x00000000f8a52000, 0x0000000100000000)
2016-04-10T11:36:46.226+0000: 10140.236: [GC2016-04-10T11:36:46.226+0000: 10140.236: [ParNew
Desired survivor size 20112992 bytes, new threshold 8 (max 8)
- age   1:    6027264 bytes,    6027264 total
- age   2:    2040792 bytes,    8068056 total
- age   3:    2911280 bytes,   10979336 total
- age   4:    3170768 bytes,   14150104 total
- age   5:    2182344 bytes,   16332448 total
- age   6:       5136 bytes,   16337584 total
- age   8:    1505504 bytes,   17843088 total
: 109248K->21824K(109248K), 0.0189610 secs] 257296K->175819K(502464K), 0.0190750 secs] [Times: user=0.02 sys=0.00, real=0.02 secs] 
Heap after GC invocations=109 (full 1):
 par new generation   total 109248K, used 21824K [0x00000000d5a00000, 0x00000000dda00000, 0x00000000dda00000)
  eden space 87424K,   0% used [0x00000000d5a00000, 0x00000000d5a00000, 0x00000000daf60000)
  from space 21824K, 100% used [0x00000000dc4b0000, 0x00000000dda00000, 0x00000000dda00000)
  to   space 21824K,   0% used [0x00000000daf60000, 0x00000000daf60000, 0x00000000dc4b0000)
 concurrent mark-sweep generation total 393216K, used 153995K [0x00000000dda00000, 0x00000000f5a00000, 0x00000000f5a00000)
 concurrent-mark-sweep perm gen total 49480K, used 29716K [0x00000000f5a00000, 0x00000000f8a52000, 0x0000000100000000)
}
2016-04-10T11:36:46.246+0000: 10140.255: Total time for which application threads were stopped: 0.0192720 seconds, Stopping threads took: 0.0000310 seconds
2016-04-10T11:36:46.393+0000: 10140.403: Total time for which application threads were stopped: 0.0000820 seconds, Stopping threads took: 0.0000240 seconds
2016-04-10T11:36:46.395+0000: 10140.405: Total time for which application threads were stopped: 0.0000520 seconds, Stopping threads took: 0.0000180 seconds
2016-04-10T11:36:46.396+0000: 10140.405: Total time for which application threads were stopped: 0.0000300 seconds, Stopping threads took: 0.0000060 seconds
2016-04-10T11:36:46.396+0000: 10140.405: Total time for which application threads were stopped: 0.0000290 seconds, Stopping threads took: 0.0000060 seconds
2016-04-10T11:36:46.396+0000: 10140.405: Total time for which application threads were stopped: 0.0000290 seconds, Stopping threads took: 0.0000060 seconds
2016-04-10T11:36:46.396+0000: 10140.405: Total time for which application threads were stopped: 0.0000410 seconds, Stopping threads took: 0.0000060 seconds
2016-04-10T11:36:46.396+0000: 10140.405: Total time for which application threads were stopped: 0.0000270 seconds, Stopping threads took: 0.0000050 seconds
2016-04-10T11:36:46.396+0000: 10140.405: Total time for which application threads were stopped: 0.0000270 seconds, Stopping threads took: 0.0000060 seconds
{Heap before GC invocations=109 (full 1):
 par new generation   total 109248K, used 109248K [0x00000000d5a00000, 0x00000000dda00000, 0x00000000dda00000)
  eden space 87424K, 100% used [0x00000000d5a00000, 0x00000000daf60000, 0x00000000daf60000)
  from space 21824K, 100% used [0x00000000dc4b0000, 0x00000000dda00000, 0x00000000dda00000)
  to   space 21824K,   0% used [0x00000000daf60000, 0x00000000daf60000, 0x00000000dc4b0000)
 concurrent mark-sweep generation total 393216K, used 153995K [0x00000000dda00000, 0x00000000f5a00000, 0x00000000f5a00000)
 concurrent-mark-sweep perm gen total 49480K, used 29718K [0x00000000f5a00000, 0x00000000f8a52000, 0x0000000100000000)
2016-04-10T11:36:55.967+0000: 10149.976: [GC2016-04-10T11:36:55.967+0000: 10149.976: [ParNew
Desired survivor size 20112992 bytes, new threshold 8 (max 8)
- age   1:    5879504 bytes,    5879504 total
- age   2:    2843632 bytes,    8723136 total
- age   3:     790208 bytes,    9513344 total
- age   4:    2881032 bytes,   12394376 total
- age   5:    3170768 bytes,   15565144 total
- age   6:    2172680 bytes,   17737824 total
- age   7:       4992 bytes,   17742816 total
: 109248K->21244K(109248K), 0.0184650 secs] 263243K->176711K(502464K), 0.0185430 secs] [Times: user=0.01 sys=0.00, real=0.02 secs] 
Heap after GC invocations=110 (full 1):
 par new generation   total 109248K, used 21244K [0x00000000d5a00000, 0x00000000dda00000, 0x00000000dda00000)
  eden space 87424K,   0% used [0x00000000d5a00000, 0x00000000d5a00000, 0x00000000daf60000)
  from space 21824K,  97% used [0x00000000daf60000, 0x00000000dc41f158, 0x00000000dc4b0000)
  to   space 21824K,   0% used [0x00000000dc4b0000, 0x00000000dc4b0000, 0x00000000dda00000)
 concurrent mark-sweep generation total 393216K, used 155467K [0x00000000dda00000, 0x00000000f5a00000, 0x00000000f5a00000)
 concurrent-mark-sweep perm gen total 49480K, used 29718K [0x00000000f5a00000, 0x00000000f8a52000, 0x0000000100000000)
}
2016-04-10T11:36:55.985+0000: 10149.995: Total time for which application threads were stopped: 0.0187580 seconds, Stopping threads took: 0.0000500 seconds
2016-04-10T11:36:56.226+0000: 10150.235: Total time for which application threads were stopped: 0.0000860 seconds, Stopping threads took: 0.0000420 seconds
2016-04-10T11:36:56.226+0000: 10150.235: Total time for which application threads were stopped: 0.0000260 seconds, Stopping threads took: 0.0000110 seconds
2016-04-10T11:36:56.232+0000: 10150.241: Total time for which application threads were stopped: 0.0000460 seconds, Stopping threads took: 0.0000190 seconds
2016-04-10T11:36:56.232+0000: 10150.241: Total time for which application threads were stopped: 0.0000260 seconds, Stopping threads took: 0.0000110 seconds
2016-04-10T11:36:56.340+0000: 10150.350: Total time for which application threads were stopped: 0.0001340 seconds, Stopping threads took: 0.0000250 seconds
2016-04-10T11:36:56.341+0000: 10150.350: Total time for which application threads were stopped: 0.0000690 seconds, Stopping threads took: 0.0000120 seconds
{Heap before GC invocations=110 (full 1):
 par new generation   total 109248K, used 108668K [0x00000000d5a00000, 0x00000000dda00000, 0x00000000dda00000)
  eden space 87424K, 100% used [0x00000000d5a00000, 0x00000000daf60000, 0x00000000daf60000)
  from space 21824K,  97% used [0x00000000daf60000, 0x00000000dc41f158, 0x00000000dc4b0000)
  to   space 21824K,   0% used [0x00000000dc4b0000, 0x00000000dc4b0000, 0x00000000dda00000)
 concurrent mark-sweep generation total 393216K, used 155467K [0x00000000dda00000, 0x00000000f5a00000, 0x00000000f5a00000)
 concurrent-mark-sweep perm gen total 49480K, used 29719K [0x00000000f5a00000, 0x00000000f8a52000, 0x0000000100000000)
2016-04-10T11:37:05.825+0000: 10159.834: [GC2016-04-10T11:37:05.825+0000: 10159.834: [ParNew
Desired survivor size 20112992 bytes, new threshold 8 (max 8)
- age   1:    3798248 bytes,    3798248 total
- age   2:    2415224 bytes,    6213472 total
- age   3:    2843352 bytes,    9056824 total
- age   4:     790104 bytes,    9846928 total
- age   5:    2879760 bytes,   12726688 total
- age   6:    3170768 bytes,   15897456 total
- age   7:    2105784 bytes,   18003240 total
- age   8:       4992 bytes,   18008232 total
: 108668K->21824K(109248K), 0.0249180 secs] 264135K->178787K(502464K), 0.0249920 secs] [Times: user=0.03 sys=0.00, real=0.02 secs] 
Heap after GC invocations=111 (full 1):
 par new generation   total 109248K, used 21824K [0x00000000d5a00000, 0x00000000dda00000, 0x00000000dda00000)
  eden space 87424K,   0% used [0x00000000d5a00000, 0x00000000d5a00000, 0x00000000daf60000)
  from space 21824K, 100% used [0x00000000dc4b0000, 0x00000000dda00000, 0x00000000dda00000)
  to   space 21824K,   0% used [0x00000000daf60000, 0x00000000daf60000, 0x00000000dc4b0000)
 concurrent mark-sweep generation total 393216K, used 156963K [0x00000000dda00000, 0x00000000f5a00000, 0x00000000f5a00000)
 concurrent-mark-sweep perm gen total 49480K, used 29719K [0x00000000f5a00000, 0x00000000f8a52000, 0x0000000100000000)
}
2016-04-10T11:37:05.850+0000: 10159.859: Total time for which application threads were stopped: 0.0252150 seconds, Stopping threads took: 0.0000610 seconds
{Heap before GC invocations=111 (full 1):
 par new generation   total 109248K, used 109248K [0x00000000d5a00000, 0x00000000dda00000, 0x00000000dda00000)
  eden space 87424K, 100% used [0x00000000d5a00000, 0x00000000daf60000, 0x00000000daf60000)
  from space 21824K, 100% used [0x00000000dc4b0000, 0x00000000dda00000, 0x00000000dda00000)
  to   space 21824K,   0% used [0x00000000daf60000, 0x00000000daf60000, 0x00000000dc4b0000)
 concurrent mark-sweep generation total 393216K, used 156963K [0x00000000dda00000, 0x00000000f5a00000, 0x00000000f5a00000)
 concurrent-mark-sweep perm gen total 49480K, used 29719K [0x00000000f5a00000, 0x00000000f8a52000, 0x0000000100000000)
2016-04-10T11:37:06.363+0000: 10160.372: [GC2016-04-10T11:37:06.363+0000: 10160.372: [ParNew
Desired survivor size 20112992 bytes, new threshold 8 (max 8)
- age   1:    4625544 bytes,    4625544 total
- age   2:    3404640 bytes,    8030184 total
- age   3:    1679888 bytes,    9710072 total
- age   4:    1215440 bytes,   10925512 total
- age   5:     723168 bytes,   11648680 total
- age   6:    1058224 bytes,   12706904 total
- age   7:    1857248 bytes,   14564152 total
- age   8:     507144 bytes,   15071296 total
: 109248K->21824K(109248K), 0.0178320 secs] 266211K->187540K(502464K), 0.0179150 secs] [Times: user=0.02 sys=0.00, real=0.02 secs] 
Heap after GC invocations=112 (full 1):
 par new generation   total 109248K, used 21824K [0x00000000d5a00000, 0x00000000dda00000, 0x00000000dda00000)
  eden space 87424K,   0% used [0x00000000d5a00000, 0x00000000d5a00000, 0x00000000daf60000)
  from space 21824K, 100% used [0x00000000daf60000, 0x00000000dc4b0000, 0x00000000dc4b0000)
  to   space 21824K,   0% used [0x00000000dc4b0000, 0x00000000dc4b0000, 0x00000000dda00000)
 concurrent mark-sweep generation total 393216K, used 165716K [0x00000000dda00000, 0x00000000f5a00000, 0x00000000f5a00000)
 concurrent-mark-sweep perm gen total 49480K, used 29719K [0x00000000f5a00000, 0x00000000f8a52000, 0x0000000100000000)
}
2016-04-10T11:37:06.381+0000: 10160.390: Total time for which application threads were stopped: 0.0181390 seconds, Stopping threads took: 0.0000250 seconds
{Heap before GC invocations=112 (full 1):
 par new generation   total 109248K, used 109248K [0x00000000d5a00000, 0x00000000dda00000, 0x00000000dda00000)
  eden space 87424K, 100% used [0x00000000d5a00000, 0x00000000daf60000, 0x00000000daf60000)
  from space 21824K, 100% used [0x00000000daf60000, 0x00000000dc4b0000, 0x00000000dc4b0000)
  to   space 21824K,   0% used [0x00000000dc4b0000, 0x00000000dc4b0000, 0x00000000dda00000)
 concurrent mark-sweep generation total 393216K, used 165716K [0x00000000dda00000, 0x00000000f5a00000, 0x00000000f5a00000)
 concurrent-mark-sweep perm gen total 49480K, used 29719K [0x00000000f5a00000, 0x00000000f8a52000, 0x0000000100000000)
2016-04-10T11:37:16.428+0000: 10170.437: [GC2016-04-10T11:37:16.428+0000: 10170.437: [ParNew
Desired survivor size 20112992 bytes, new threshold 8 (max 8)
- age   1:    4718952 bytes,    4718952 total
- age   2:    4515672 bytes,    9234624 total
- age   3:    3341808 bytes,   12576432 total
- age   4:    1679448 bytes,   14255880 total
- age   5:    1215440 bytes,   15471320 total
- age   6:     722944 bytes,   16194264 total
- age   7:    1058200 bytes,   17252464 total
- age   8:    1857248 bytes,   19109712 total
: 109248K->21824K(109248K), 0.0188490 secs] 274964K->188773K(502464K), 0.0189270 secs] [Times: user=0.02 sys=0.00, real=0.02 secs] 
Heap after GC invocations=113 (full 1):
 par new generation   total 109248K, used 21824K [0x00000000d5a00000, 0x00000000dda00000, 0x00000000dda00000)
  eden space 87424K,   0% used [0x00000000d5a00000, 0x00000000d5a00000, 0x00000000daf60000)
  from space 21824K, 100% used [0x00000000dc4b0000, 0x00000000dda00000, 0x00000000dda00000)
  to   space 21824K,   0% used [0x00000000daf60000, 0x00000000daf60000, 0x00000000dc4b0000)
 concurrent mark-sweep generation total 393216K, used 166949K [0x00000000dda00000, 0x00000000f5a00000, 0x00000000f5a00000)
 concurrent-mark-sweep perm gen total 49480K, used 29719K [0x00000000f5a00000, 0x00000000f8a52000, 0x0000000100000000)
}
2016-04-10T11:37:16.447+0000: 10170.456: Total time for which application threads were stopped: 0.0191520 seconds, Stopping threads took: 0.0000400 seconds
2016-04-10T11:37:16.686+0000: 10170.695: Total time for which application threads were stopped: 0.0000800 seconds, Stopping threads took: 0.0000260 seconds
2016-04-10T11:37:16.686+0000: 10170.695: Total time for which application threads were stopped: 0.0000250 seconds, Stopping threads took: 0.0000110 seconds
2016-04-10T11:37:16.691+0000: 10170.700: Total time for which application threads were stopped: 0.0000660 seconds, Stopping threads took: 0.0000370 seconds
2016-04-10T11:37:16.691+0000: 10170.701: Total time for which application threads were stopped: 0.0000270 seconds, Stopping threads took: 0.0000110 seconds
2016-04-10T11:37:16.826+0000: 10170.835: Total time for which application threads were stopped: 0.0000590 seconds, Stopping threads took: 0.0000230 seconds
2016-04-10T11:37:16.826+0000: 10170.835: Total time for which application threads were stopped: 0.0000270 seconds, Stopping threads took: 0.0000110 seconds
{Heap before GC invocations=113 (full 1):
 par new generation   total 109248K, used 109248K [0x00000000d5a00000, 0x00000000dda00000, 0x00000000dda00000)
  eden space 87424K, 100% used [0x00000000d5a00000, 0x00000000daf60000, 0x00000000daf60000)
  from space 21824K, 100% used [0x00000000dc4b0000, 0x00000000dda00000, 0x00000000dda00000)
  to   space 21824K,   0% used [0x00000000daf60000, 0x00000000daf60000, 0x00000000dc4b0000)
 concurrent mark-sweep generation total 393216K, used 166949K [0x00000000dda00000, 0x00000000f5a00000, 0x00000000f5a00000)
 concurrent-mark-sweep perm gen total 49480K, used 29720K [0x00000000f5a00000, 0x00000000f8a52000, 0x0000000100000000)
2016-04-10T11:37:26.562+0000: 10180.571: [GC2016-04-10T11:37:26.562+0000: 10180.571: [ParNew
Desired survivor size 20112992 bytes, new threshold 8 (max 8)
- age   1:    5523336 bytes,    5523336 total
- age   2:    1820880 bytes,    7344216 total
- age   3:    4503872 bytes,   11848088 total
- age   4:     982296 bytes,   12830384 total
- age   5:    1145440 bytes,   13975824 total
- age   6:     486400 bytes,   14462224 total
- age   7:     722944 bytes,   15185168 total
- age   8:    1058200 bytes,   16243368 total
: 109248K->21824K(109248K), 0.0220210 secs] 276197K->194117K(502464K), 0.0221070 secs] [Times: user=0.02 sys=0.00, real=0.02 secs] 
Heap after GC invocations=114 (full 1):
 par new generation   total 109248K, used 21824K [0x00000000d5a00000, 0x00000000dda00000, 0x00000000dda00000)
  eden space 87424K,   0% used [0x00000000d5a00000, 0x00000000d5a00000, 0x00000000daf60000)
  from space 21824K, 100% used [0x00000000daf60000, 0x00000000dc4b0000, 0x00000000dc4b0000)
  to   space 21824K,   0% used [0x00000000dc4b0000, 0x00000000dc4b0000, 0x00000000dda00000)
 concurrent mark-sweep generation total 393216K, used 172293K [0x00000000dda00000, 0x00000000f5a00000, 0x00000000f5a00000)
 concurrent-mark-sweep perm gen total 49480K, used 29720K [0x00000000f5a00000, 0x00000000f8a52000, 0x0000000100000000)
}
2016-04-10T11:37:26.584+0000: 10180.593: Total time for which application threads were stopped: 0.0223160 seconds, Stopping threads took: 0.0000400 seconds
{Heap before GC invocations=114 (full 1):
 par new generation   total 109248K, used 109248K [0x00000000d5a00000, 0x00000000dda00000, 0x00000000dda00000)
  eden space 87424K, 100% used [0x00000000d5a00000, 0x00000000daf60000, 0x00000000daf60000)
  from space 21824K, 100% used [0x00000000daf60000, 0x00000000dc4b0000, 0x00000000dc4b0000)
  to   space 21824K,   0% used [0x00000000dc4b0000, 0x00000000dc4b0000, 0x00000000dda00000)
 concurrent mark-sweep generation total 393216K, used 172293K [0x00000000dda00000, 0x00000000f5a00000, 0x00000000f5a00000)
 concurrent-mark-sweep perm gen total 49480K, used 29720K [0x00000000f5a00000, 0x00000000f8a52000, 0x0000000100000000)
2016-04-10T11:37:27.101+0000: 10181.110: [GC2016-04-10T11:37:27.101+0000: 10181.110: [ParNew
Desired survivor size 20112992 bytes, new threshold 8 (max 8)
- age   1:    5899152 bytes,    5899152 total
- age   2:    4931256 bytes,   10830408 total
- age   3:    1820800 bytes,   12651208 total
- age   4:    4503872 bytes,   17155080 total
- age   5:     915400 bytes,   18070480 total
- age   6:    1145440 bytes,   19215920 total
- age   7:     486400 bytes,   19702320 total
- age   8:     722944 bytes,   20425264 total
: 109248K->21824K(109248K), 0.0267270 secs] 281541K->195534K(502464K), 0.0268350 secs] [Times: user=0.02 sys=0.00, real=0.02 secs] 
Heap after GC invocations=115 (full 1):
 par new generation   total 109248K, used 21824K [0x00000000d5a00000, 0x00000000dda00000, 0x00000000dda00000)
  eden space 87424K,   0% used [0x00000000d5a00000, 0x00000000d5a00000, 0x00000000daf60000)
  from space 21824K, 100% used [0x00000000dc4b0000, 0x00000000dda00000, 0x00000000dda00000)
  to   space 21824K,   0% used [0x00000000daf60000, 0x00000000daf60000, 0x00000000dc4b0000)
 concurrent mark-sweep generation total 393216K, used 173710K [0x00000000dda00000, 0x00000000f5a00000, 0x00000000f5a00000)
 concurrent-mark-sweep perm gen total 49480K, used 29720K [0x00000000f5a00000, 0x00000000f8a52000, 0x0000000100000000)
}
2016-04-10T11:37:27.127+0000: 10181.137: Total time for which application threads were stopped: 0.0270310 seconds, Stopping threads took: 0.0000310 seconds
2016-04-10T11:37:27.129+0000: 10181.138: Total time for which application threads were stopped: 0.0000610 seconds, Stopping threads took: 0.0000190 seconds
2016-04-10T11:37:27.140+0000: 10181.149: Total time for which application threads were stopped: 0.0000370 seconds, Stopping threads took: 0.0000110 seconds
2016-04-10T11:37:27.271+0000: 10181.280: Total time for which application threads were stopped: 0.0000670 seconds, Stopping threads took: 0.0000260 seconds
2016-04-10T11:37:27.271+0000: 10181.281: Total time for which application threads were stopped: 0.0000260 seconds, Stopping threads took: 0.0000110 seconds
{Heap before GC invocations=115 (full 1):
 par new generation   total 109248K, used 109248K [0x00000000d5a00000, 0x00000000dda00000, 0x00000000dda00000)
  eden space 87424K, 100% used [0x00000000d5a00000, 0x00000000daf60000, 0x00000000daf60000)
  from space 21824K, 100% used [0x00000000dc4b0000, 0x00000000dda00000, 0x00000000dda00000)
  to   space 21824K,   0% used [0x00000000daf60000, 0x00000000daf60000, 0x00000000dc4b0000)
 concurrent mark-sweep generation total 393216K, used 173710K [0x00000000dda00000, 0x00000000f5a00000, 0x00000000f5a00000)
 concurrent-mark-sweep perm gen total 49480K, used 29720K [0x00000000f5a00000, 0x00000000f8a52000, 0x0000000100000000)
2016-04-10T11:37:37.404+0000: 10191.413: [GC2016-04-10T11:37:37.404+0000: 10191.413: [ParNew
Desired survivor size 20112992 bytes, new threshold 8 (max 8)
- age   1:    5438544 bytes,    5438544 total
- age   2:    2335688 bytes,    7774232 total
- age   3:    2450048 bytes,   10224280 total
- age   4:      70048 bytes,   10294328 total
- age   5:    4045048 bytes,   14339376 total
- age   6:     908368 bytes,   15247744 total
- age   7:    1100048 bytes,   16347792 total
- age   8:     486400 bytes,   16834192 total
: 109248K->21824K(109248K), 0.0195620 secs] 282958K->200137K(502464K), 0.0196280 secs] [Times: user=0.02 sys=0.00, real=0.02 secs] 
Heap after GC invocations=116 (full 1):
 par new generation   total 109248K, used 21824K [0x00000000d5a00000, 0x00000000dda00000, 0x00000000dda00000)
  eden space 87424K,   0% used [0x00000000d5a00000, 0x00000000d5a00000, 0x00000000daf60000)
  from space 21824K, 100% used [0x00000000daf60000, 0x00000000dc4b0000, 0x00000000dc4b0000)
  to   space 21824K,   0% used [0x00000000dc4b0000, 0x00000000dc4b0000, 0x00000000dda00000)
 concurrent mark-sweep generation total 393216K, used 178313K [0x00000000dda00000, 0x00000000f5a00000, 0x00000000f5a00000)
 concurrent-mark-sweep perm gen total 49480K, used 29720K [0x00000000f5a00000, 0x00000000f8a52000, 0x0000000100000000)
}
2016-04-10T11:37:37.424+0000: 10191.433: Total time for which application threads were stopped: 0.0198330 seconds, Stopping threads took: 0.0000400 seconds
2016-04-10T11:37:38.424+0000: 10192.433: Total time for which application threads were stopped: 0.0001360 seconds, Stopping threads took: 0.0000230 seconds
{Heap before GC invocations=116 (full 1):
 par new generation   total 109248K, used 109248K [0x00000000d5a00000, 0x00000000dda00000, 0x00000000dda00000)
  eden space 87424K, 100% used [0x00000000d5a00000, 0x00000000daf60000, 0x00000000daf60000)
  from space 21824K, 100% used [0x00000000daf60000, 0x00000000dc4b0000, 0x00000000dc4b0000)
  to   space 21824K,   0% used [0x00000000dc4b0000, 0x00000000dc4b0000, 0x00000000dda00000)
 concurrent mark-sweep generation total 393216K, used 178313K [0x00000000dda00000, 0x00000000f5a00000, 0x00000000f5a00000)
 concurrent-mark-sweep perm gen total 49480K, used 29720K [0x00000000f5a00000, 0x00000000f8a52000, 0x0000000100000000)
2016-04-10T11:37:47.649+0000: 10201.658: [GC2016-04-10T11:37:47.649+0000: 10201.658: [ParNew
Desired survivor size 20112992 bytes, new threshold 8 (max 8)
- age   1:    5502920 bytes,    5502920 total
- age   2:    1839888 bytes,    7342808 total
- age   3:    2335640 bytes,    9678448 total
- age   4:    2449920 bytes,   12128368 total
- age   5:       3152 bytes,   12131520 total
- age   6:    4045048 bytes,   16176568 total
- age   7:     908368 bytes,   17084936 total
- age   8:    1100016 bytes,   18184952 total
: 109248K->21067K(109248K), 0.0284170 secs] 287561K->199856K(502464K), 0.0284940 secs] [Times: user=0.03 sys=0.00, real=0.03 secs] 
Heap after GC invocations=117 (full 1):
 par new generation   total 109248K, used 21067K [0x00000000d5a00000, 0x00000000dda00000, 0x00000000dda00000)
  eden space 87424K,   0% used [0x00000000d5a00000, 0x00000000d5a00000, 0x00000000daf60000)
  from space 21824K,  96% used [0x00000000dc4b0000, 0x00000000dd942f80, 0x00000000dda00000)
  to   space 21824K,   0% used [0x00000000daf60000, 0x00000000daf60000, 0x00000000dc4b0000)
 concurrent mark-sweep generation total 393216K, used 178788K [0x00000000dda00000, 0x00000000f5a00000, 0x00000000f5a00000)
 concurrent-mark-sweep perm gen total 49480K, used 29720K [0x00000000f5a00000, 0x00000000f8a52000, 0x0000000100000000)
}
2016-04-10T11:37:47.677+0000: 10201.686: Total time for which application threads were stopped: 0.0286860 seconds, Stopping threads took: 0.0000290 seconds
{Heap before GC invocations=117 (full 1):
 par new generation   total 109248K, used 108491K [0x00000000d5a00000, 0x00000000dda00000, 0x00000000dda00000)
  eden space 87424K, 100% used [0x00000000d5a00000, 0x00000000daf60000, 0x00000000daf60000)
  from space 21824K,  96% used [0x00000000dc4b0000, 0x00000000dd942f80, 0x00000000dda00000)
  to   space 21824K,   0% used [0x00000000daf60000, 0x00000000daf60000, 0x00000000dc4b0000)
 concurrent mark-sweep generation total 393216K, used 178788K [0x00000000dda00000, 0x00000000f5a00000, 0x00000000f5a00000)
 concurrent-mark-sweep perm gen total 49480K, used 29721K [0x00000000f5a00000, 0x00000000f8a52000, 0x0000000100000000)
2016-04-10T11:37:58.147+0000: 10212.156: [GC2016-04-10T11:37:58.147+0000: 10212.156: [ParNew
Desired survivor size 20112992 bytes, new threshold 8 (max 8)
- age   1:    2888728 bytes,    2888728 total
- age   2:    3335384 bytes,    6224112 total
- age   3:    1839352 bytes,    8063464 total
- age   4:    2335640 bytes,   10399104 total
- age   5:    2382920 bytes,   12782024 total
- age   6:       3072 bytes,   12785096 total
- age   7:    3874072 bytes,   16659168 total
- age   8:     908192 bytes,   17567360 total
: 108491K->21824K(109248K), 0.0202100 secs] 287280K->202709K(502464K), 0.0202760 secs] [Times: user=0.02 sys=0.00, real=0.02 secs] 
Heap after GC invocations=118 (full 1):
 par new generation   total 109248K, used 21824K [0x00000000d5a00000, 0x00000000dda00000, 0x00000000dda00000)
  eden space 87424K,   0% used [0x00000000d5a00000, 0x00000000d5a00000, 0x00000000daf60000)
  from space 21824K, 100% used [0x00000000daf60000, 0x00000000dc4b0000, 0x00000000dc4b0000)
  to   space 21824K,   0% used [0x00000000dc4b0000, 0x00000000dc4b0000, 0x00000000dda00000)
 concurrent mark-sweep generation total 393216K, used 180885K [0x00000000dda00000, 0x00000000f5a00000, 0x00000000f5a00000)
 concurrent-mark-sweep perm gen total 49480K, used 29721K [0x00000000f5a00000, 0x00000000f8a52000, 0x0000000100000000)
}
2016-04-10T11:37:58.167+0000: 10212.176: Total time for which application threads were stopped: 0.0205090 seconds, Stopping threads took: 0.0000840 seconds
{Heap before GC invocations=118 (full 1):
 par new generation   total 109248K, used 109248K [0x00000000d5a00000, 0x00000000dda00000, 0x00000000dda00000)
  eden space 87424K, 100% used [0x00000000d5a00000, 0x00000000daf60000, 0x00000000daf60000)
  from space 21824K, 100% used [0x00000000daf60000, 0x00000000dc4b0000, 0x00000000dc4b0000)
  to   space 21824K,   0% used [0x00000000dc4b0000, 0x00000000dc4b0000, 0x00000000dda00000)
 concurrent mark-sweep generation total 393216K, used 180885K [0x00000000dda00000, 0x00000000f5a00000, 0x00000000f5a00000)
 concurrent-mark-sweep perm gen total 49480K, used 29721K [0x00000000f5a00000, 0x00000000f8a52000, 0x0000000100000000)
2016-04-10T11:37:58.715+0000: 10212.724: [GC2016-04-10T11:37:58.715+0000: 10212.724: [ParNew
Desired survivor size 20112992 bytes, new threshold 8 (max 8)
- age   1:    5371760 bytes,    5371760 total
- age   2:    2772144 bytes,    8143904 total
- age   3:    2832640 bytes,   10976544 total
- age   4:      85280 bytes,   11061824 total
- age   5:    1447368 bytes,   12509192 total
- age   6:     889424 bytes,   13398616 total
- age   7:       2968 bytes,   13401584 total
- age   8:    3507112 bytes,   16908696 total
: 109248K->21824K(109248K), 0.0188900 secs] 290133K->208617K(502464K), 0.0189640 secs] [Times: user=0.02 sys=0.00, real=0.02 secs] 
Heap after GC invocations=119 (full 1):
 par new generation   total 109248K, used 21824K [0x00000000d5a00000, 0x00000000dda00000, 0x00000000dda00000)
  eden space 87424K,   0% used [0x00000000d5a00000, 0x00000000d5a00000, 0x00000000daf60000)
  from space 21824K, 100% used [0x00000000dc4b0000, 0x00000000dda00000, 0x00000000dda00000)
  to   space 21824K,   0% used [0x00000000daf60000, 0x00000000daf60000, 0x00000000dc4b0000)
 concurrent mark-sweep generation total 393216K, used 186793K [0x00000000dda00000, 0x00000000f5a00000, 0x00000000f5a00000)
 concurrent-mark-sweep perm gen total 49480K, used 29721K [0x00000000f5a00000, 0x00000000f8a52000, 0x0000000100000000)
}
2016-04-10T11:37:58.734+0000: 10212.743: Total time for which application threads were stopped: 0.0191470 seconds, Stopping threads took: 0.0000290 seconds
2016-04-10T11:37:58.986+0000: 10212.996: Total time for which application threads were stopped: 0.0000670 seconds, Stopping threads took: 0.0000260 seconds
2016-04-10T11:37:58.986+0000: 10212.996: Total time for which application threads were stopped: 0.0000240 seconds, Stopping threads took: 0.0000100 seconds
2016-04-10T11:37:58.986+0000: 10212.996: Total time for which application threads were stopped: 0.0000230 seconds, Stopping threads took: 0.0000100 seconds
2016-04-10T11:37:58.991+0000: 10213.001: Total time for which application threads were stopped: 0.0000350 seconds, Stopping threads took: 0.0000150 seconds
2016-04-10T11:37:58.991+0000: 10213.001: Total time for which application threads were stopped: 0.0000250 seconds, Stopping threads took: 0.0000100 seconds
2016-04-10T11:37:58.991+0000: 10213.001: Total time for which application threads were stopped: 0.0000240 seconds, Stopping threads took: 0.0000100 seconds
2016-04-10T11:37:59.117+0000: 10213.126: Total time for which application threads were stopped: 0.0000630 seconds, Stopping threads took: 0.0000240 seconds
2016-04-10T11:37:59.117+0000: 10213.127: Total time for which application threads were stopped: 0.0000280 seconds, Stopping threads took: 0.0000120 seconds
{Heap before GC invocations=119 (full 1):
 par new generation   total 109248K, used 109248K [0x00000000d5a00000, 0x00000000dda00000, 0x00000000dda00000)
  eden space 87424K, 100% used [0x00000000d5a00000, 0x00000000daf60000, 0x00000000daf60000)
  from space 21824K, 100% used [0x00000000dc4b0000, 0x00000000dda00000, 0x00000000dda00000)
  to   space 21824K,   0% used [0x00000000daf60000, 0x00000000daf60000, 0x00000000dc4b0000)
 concurrent mark-sweep generation total 393216K, used 186793K [0x00000000dda00000, 0x00000000f5a00000, 0x00000000f5a00000)
 concurrent-mark-sweep perm gen total 49480K, used 29721K [0x00000000f5a00000, 0x00000000f8a52000, 0x0000000100000000)
2016-04-10T11:38:09.183+0000: 10223.193: [GC2016-04-10T11:38:09.183+0000: 10223.193: [ParNew
Desired survivor size 20112992 bytes, new threshold 8 (max 8)
- age   1:    5454704 bytes,    5454704 total
- age   2:    1768048 bytes,    7222752 total
- age   3:    2605440 bytes,    9828192 total
- age   4:    2832512 bytes,   12660704 total
- age   5:      18360 bytes,   12679064 total
- age   6:    1447368 bytes,   14126432 total
- age   7:     889424 bytes,   15015856 total
- age   8:       2968 bytes,   15018824 total
: 109248K->18210K(109248K), 0.0183960 secs] 296041K->208428K(502464K), 0.0184710 secs] [Times: user=0.01 sys=0.00, real=0.02 secs] 
Heap after GC invocations=120 (full 1):
 par new generation   total 109248K, used 18210K [0x00000000d5a00000, 0x00000000dda00000, 0x00000000dda00000)
  eden space 87424K,   0% used [0x00000000d5a00000, 0x00000000d5a00000, 0x00000000daf60000)
  from space 21824K,  83% used [0x00000000daf60000, 0x00000000dc1288e8, 0x00000000dc4b0000)
  to   space 21824K,   0% used [0x00000000dc4b0000, 0x00000000dc4b0000, 0x00000000dda00000)
 concurrent mark-sweep generation total 393216K, used 190218K [0x00000000dda00000, 0x00000000f5a00000, 0x00000000f5a00000)
 concurrent-mark-sweep perm gen total 49480K, used 29721K [0x00000000f5a00000, 0x00000000f8a52000, 0x0000000100000000)
}
2016-04-10T11:38:09.202+0000: 10223.211: Total time for which application threads were stopped: 0.0187270 seconds, Stopping threads took: 0.0000520 seconds
{Heap before GC invocations=120 (full 1):
 par new generation   total 109248K, used 105634K [0x00000000d5a00000, 0x00000000dda00000, 0x00000000dda00000)
  eden space 87424K, 100% used [0x00000000d5a00000, 0x00000000daf60000, 0x00000000daf60000)
  from space 21824K,  83% used [0x00000000daf60000, 0x00000000dc1288e8, 0x00000000dc4b0000)
  to   space 21824K,   0% used [0x00000000dc4b0000, 0x00000000dc4b0000, 0x00000000dda00000)
 concurrent mark-sweep generation total 393216K, used 190218K [0x00000000dda00000, 0x00000000f5a00000, 0x00000000f5a00000)
 concurrent-mark-sweep perm gen total 49480K, used 29721K [0x00000000f5a00000, 0x00000000f8a52000, 0x0000000100000000)
2016-04-10T11:38:09.711+0000: 10223.720: [GC2016-04-10T11:38:09.711+0000: 10223.721: [ParNew
Desired survivor size 20112992 bytes, new threshold 8 (max 8)
- age   1:    6337744 bytes,    6337744 total
- age   2:    3428000 bytes,    9765744 total
- age   3:    1768048 bytes,   11533792 total
- age   4:    2445704 bytes,   13979496 total
- age   5:    2765616 bytes,   16745112 total
- age   6:      18360 bytes,   16763472 total
- age   7:    1447368 bytes,   18210840 total
- age   8:     889424 bytes,   19100264 total
: 105634K->21824K(109248K), 0.0177930 secs] 295852K->213577K(502464K), 0.0178790 secs] [Times: user=0.01 sys=0.00, real=0.01 secs] 
Heap after GC invocations=121 (full 1):
 par new generation   total 109248K, used 21824K [0x00000000d5a00000, 0x00000000dda00000, 0x00000000dda00000)
  eden space 87424K,   0% used [0x00000000d5a00000, 0x00000000d5a00000, 0x00000000daf60000)
  from space 21824K, 100% used [0x00000000dc4b0000, 0x00000000dda00000, 0x00000000dda00000)
  to   space 21824K,   0% used [0x00000000daf60000, 0x00000000daf60000, 0x00000000dc4b0000)
 concurrent mark-sweep generation total 393216K, used 191753K [0x00000000dda00000, 0x00000000f5a00000, 0x00000000f5a00000)
 concurrent-mark-sweep perm gen total 49480K, used 29721K [0x00000000f5a00000, 0x00000000f8a52000, 0x0000000100000000)
}
2016-04-10T11:38:09.729+0000: 10223.738: Total time for which application threads were stopped: 0.0180910 seconds, Stopping threads took: 0.0000430 seconds
2016-04-10T11:38:09.751+0000: 10223.760: Total time for which application threads were stopped: 0.0000820 seconds, Stopping threads took: 0.0000180 seconds
2016-04-10T11:38:09.755+0000: 10223.764: Total time for which application threads were stopped: 0.0000700 seconds, Stopping threads took: 0.0000140 seconds
2016-04-10T11:38:09.759+0000: 10223.768: Total time for which application threads were stopped: 0.0000370 seconds, Stopping threads took: 0.0000160 seconds
2016-04-10T11:38:09.773+0000: 10223.782: Total time for which application threads were stopped: 0.0000500 seconds, Stopping threads took: 0.0000280 seconds
2016-04-10T11:38:09.784+0000: 10223.794: Total time for which application threads were stopped: 0.0000330 seconds, Stopping threads took: 0.0000140 seconds
2016-04-10T11:38:09.792+0000: 10223.802: Total time for which application threads were stopped: 0.0000680 seconds, Stopping threads took: 0.0000140 seconds
2016-04-10T11:38:09.896+0000: 10223.905: Total time for which application threads were stopped: 0.0000900 seconds, Stopping threads took: 0.0000340 seconds
2016-04-10T11:38:09.919+0000: 10223.929: Total time for which application threads were stopped: 0.0000620 seconds, Stopping threads took: 0.0000250 seconds
2016-04-10T11:38:09.920+0000: 10223.929: Total time for which application threads were stopped: 0.0000240 seconds, Stopping threads took: 0.0000100 seconds
2016-04-10T11:38:09.922+0000: 10223.931: Total time for which application threads were stopped: 0.0000280 seconds, Stopping threads took: 0.0000110 seconds
2016-04-10T11:38:09.922+0000: 10223.931: Total time for which application threads were stopped: 0.0000280 seconds, Stopping threads took: 0.0000130 seconds
2016-04-10T11:38:09.924+0000: 10223.933: Total time for which application threads were stopped: 0.0000280 seconds, Stopping threads took: 0.0000120 seconds
2016-04-10T11:38:09.925+0000: 10223.934: Total time for which application threads were stopped: 0.0000260 seconds, Stopping threads took: 0.0000110 seconds
2016-04-10T11:38:09.926+0000: 10223.935: Total time for which application threads were stopped: 0.0000630 seconds, Stopping threads took: 0.0000170 seconds
2016-04-10T11:38:09.927+0000: 10223.936: Total time for which application threads were stopped: 0.0000450 seconds, Stopping threads took: 0.0000140 seconds
2016-04-10T11:38:09.927+0000: 10223.937: Total time for which application threads were stopped: 0.0001020 seconds, Stopping threads took: 0.0000120 seconds
2016-04-10T11:38:10.166+0000: 10224.176: Total time for which application threads were stopped: 0.0020630 seconds, Stopping threads took: 0.0020230 seconds
2016-04-10T11:38:10.166+0000: 10224.176: Total time for which application threads were stopped: 0.0000210 seconds, Stopping threads took: 0.0000070 seconds
{Heap before GC invocations=121 (full 1):
 par new generation   total 109248K, used 109248K [0x00000000d5a00000, 0x00000000dda00000, 0x00000000dda00000)
  eden space 87424K, 100% used [0x00000000d5a00000, 0x00000000daf60000, 0x00000000daf60000)
  from space 21824K, 100% used [0x00000000dc4b0000, 0x00000000dda00000, 0x00000000dda00000)
  to   space 21824K,   0% used [0x00000000daf60000, 0x00000000daf60000, 0x00000000dc4b0000)
 concurrent mark-sweep generation total 393216K, used 191753K [0x00000000dda00000, 0x00000000f5a00000, 0x00000000f5a00000)
 concurrent-mark-sweep perm gen total 49480K, used 29722K [0x00000000f5a00000, 0x00000000f8a52000, 0x0000000100000000)
2016-04-10T11:38:10.536+0000: 10224.545: [GC2016-04-10T11:38:10.536+0000: 10224.545: [ParNew
Desired survivor size 20112992 bytes, new threshold 8 (max 8)
- age   1:     506240 bytes,     506240 total
- age   2:    3246744 bytes,    3752984 total
- age   3:    2069376 bytes,    5822360 total
- age   4:    1768000 bytes,    7590360 total
- age   5:    1936576 bytes,    9526936 total
- age   6:    2765592 bytes,   12292528 total
- age   7:      18360 bytes,   12310888 total
- age   8:    1447368 bytes,   13758256 total
: 109248K->21824K(109248K), 0.0144060 secs] 301001K->214962K(502464K), 0.0144780 secs] [Times: user=0.02 sys=0.00, real=0.01 secs] 
Heap after GC invocations=122 (full 1):
 par new generation   total 109248K, used 21824K [0x00000000d5a00000, 0x00000000dda00000, 0x00000000dda00000)
  eden space 87424K,   0% used [0x00000000d5a00000, 0x00000000d5a00000, 0x00000000daf60000)
  from space 21824K, 100% used [0x00000000daf60000, 0x00000000dc4b0000, 0x00000000dc4b0000)
  to   space 21824K,   0% used [0x00000000dc4b0000, 0x00000000dc4b0000, 0x00000000dda00000)
 concurrent mark-sweep generation total 393216K, used 193138K [0x00000000dda00000, 0x00000000f5a00000, 0x00000000f5a00000)
 concurrent-mark-sweep perm gen total 49480K, used 29722K [0x00000000f5a00000, 0x00000000f8a52000, 0x0000000100000000)
}
2016-04-10T11:38:10.550+0000: 10224.559: Total time for which application threads were stopped: 0.0147120 seconds, Stopping threads took: 0.0000300 seconds
2016-04-10T11:38:10.684+0000: 10224.693: Total time for which application threads were stopped: 0.0000880 seconds, Stopping threads took: 0.0000360 seconds
2016-04-10T11:38:11.684+0000: 10225.694: Total time for which application threads were stopped: 0.0001090 seconds, Stopping threads took: 0.0000240 seconds
{Heap before GC invocations=122 (full 1):
 par new generation   total 109248K, used 109248K [0x00000000d5a00000, 0x00000000dda00000, 0x00000000dda00000)
  eden space 87424K, 100% used [0x00000000d5a00000, 0x00000000daf60000, 0x00000000daf60000)
  from space 21824K, 100% used [0x00000000daf60000, 0x00000000dc4b0000, 0x00000000dc4b0000)
  to   space 21824K,   0% used [0x00000000dc4b0000, 0x00000000dc4b0000, 0x00000000dda00000)
 concurrent mark-sweep generation total 393216K, used 193138K [0x00000000dda00000, 0x00000000f5a00000, 0x00000000f5a00000)
 concurrent-mark-sweep perm gen total 49480K, used 29722K [0x00000000f5a00000, 0x00000000f8a52000, 0x0000000100000000)
2016-04-10T11:38:20.694+0000: 10234.704: [GC2016-04-10T11:38:20.694+0000: 10234.704: [ParNew
Desired survivor size 20112992 bytes, new threshold 8 (max 8)
- age   1:    4405664 bytes,    4405664 total
- age   2:     171080 bytes,    4576744 total
- age   3:    3246704 bytes,    7823448 total
- age   4:    2067896 bytes,    9891344 total
- age   5:    1768000 bytes,   11659344 total
- age   6:    1936472 bytes,   13595816 total
- age   7:    2765352 bytes,   16361168 total
- age   8:      18360 bytes,   16379528 total
: 109248K->19266K(109248K), 0.0185500 secs] 302386K->213818K(502464K), 0.0186230 secs] [Times: user=0.02 sys=0.00, real=0.02 secs] 
Heap after GC invocations=123 (full 1):
 par new generation   total 109248K, used 19266K [0x00000000d5a00000, 0x00000000dda00000, 0x00000000dda00000)
  eden space 87424K,   0% used [0x00000000d5a00000, 0x00000000d5a00000, 0x00000000daf60000)
  from space 21824K,  88% used [0x00000000dc4b0000, 0x00000000dd780810, 0x00000000dda00000)
  to   space 21824K,   0% used [0x00000000daf60000, 0x00000000daf60000, 0x00000000dc4b0000)
 concurrent mark-sweep generation total 393216K, used 194552K [0x00000000dda00000, 0x00000000f5a00000, 0x00000000f5a00000)
 concurrent-mark-sweep perm gen total 49480K, used 29722K [0x00000000f5a00000, 0x00000000f8a52000, 0x0000000100000000)
}
2016-04-10T11:38:20.713+0000: 10234.722: Total time for which application threads were stopped: 0.0188340 seconds, Stopping threads took: 0.0000340 seconds
2016-04-10T11:38:21.176+0000: 10235.185: Total time for which application threads were stopped: 0.0000650 seconds, Stopping threads took: 0.0000260 seconds
2016-04-10T11:38:21.176+0000: 10235.186: Total time for which application threads were stopped: 0.0000280 seconds, Stopping threads took: 0.0000110 seconds
2016-04-10T11:38:21.176+0000: 10235.186: Total time for which application threads were stopped: 0.0000260 seconds, Stopping threads took: 0.0000110 seconds
2016-04-10T11:38:21.179+0000: 10235.188: Total time for which application threads were stopped: 0.0000540 seconds, Stopping threads took: 0.0000160 seconds
2016-04-10T11:38:21.179+0000: 10235.188: Total time for which application threads were stopped: 0.0000270 seconds, Stopping threads took: 0.0000110 seconds
2016-04-10T11:38:21.180+0000: 10235.189: Total time for which application threads were stopped: 0.0000300 seconds, Stopping threads took: 0.0000130 seconds
2016-04-10T11:38:21.180+0000: 10235.189: Total time for which application threads were stopped: 0.0000390 seconds, Stopping threads took: 0.0000240 seconds
{Heap before GC invocations=123 (full 1):
 par new generation   total 109248K, used 106690K [0x00000000d5a00000, 0x00000000dda00000, 0x00000000dda00000)
  eden space 87424K, 100% used [0x00000000d5a00000, 0x00000000daf60000, 0x00000000daf60000)
  from space 21824K,  88% used [0x00000000dc4b0000, 0x00000000dd780810, 0x00000000dda00000)
  to   space 21824K,   0% used [0x00000000daf60000, 0x00000000daf60000, 0x00000000dc4b0000)
 concurrent mark-sweep generation total 393216K, used 194552K [0x00000000dda00000, 0x00000000f5a00000, 0x00000000f5a00000)
 concurrent-mark-sweep perm gen total 49480K, used 29723K [0x00000000f5a00000, 0x00000000f8a52000, 0x0000000100000000)
2016-04-10T11:38:31.315+0000: 10245.324: [GC2016-04-10T11:38:31.315+0000: 10245.324: [ParNew
Desired survivor size 20112992 bytes, new threshold 8 (max 8)
- age   1:    4958744 bytes,    4958744 total
- age   2:    1457688 bytes,    6416432 total
- age   3:      10008 bytes,    6426440 total
- age   5:    1299424 bytes,    7725864 total
- age   6:    1768000 bytes,    9493864 total
- age   7:    1869152 bytes,   11363016 total
- age   8:    2757648 bytes,   14120664 total
: 106690K->20885K(109248K), 0.0177360 secs] 301242K->215455K(502464K), 0.0178120 secs] [Times: user=0.02 sys=0.00, real=0.02 secs] 
Heap after GC invocations=124 (full 1):
 par new generation   total 109248K, used 20885K [0x00000000d5a00000, 0x00000000dda00000, 0x00000000dda00000)
  eden space 87424K,   0% used [0x00000000d5a00000, 0x00000000d5a00000, 0x00000000daf60000)
  from space 21824K,  95% used [0x00000000daf60000, 0x00000000dc3c5410, 0x00000000dc4b0000)
  to   space 21824K,   0% used [0x00000000dc4b0000, 0x00000000dc4b0000, 0x00000000dda00000)
 concurrent mark-sweep generation total 393216K, used 194570K [0x00000000dda00000, 0x00000000f5a00000, 0x00000000f5a00000)
 concurrent-mark-sweep perm gen total 49480K, used 29723K [0x00000000f5a00000, 0x00000000f8a52000, 0x0000000100000000)
}
2016-04-10T11:38:31.333+0000: 10245.342: Total time for which application threads were stopped: 0.0180100 seconds, Stopping threads took: 0.0000410 seconds
{Heap before GC invocations=124 (full 1):
 par new generation   total 109248K, used 108309K [0x00000000d5a00000, 0x00000000dda00000, 0x00000000dda00000)
  eden space 87424K, 100% used [0x00000000d5a00000, 0x00000000daf60000, 0x00000000daf60000)
  from space 21824K,  95% used [0x00000000daf60000, 0x00000000dc3c5410, 0x00000000dc4b0000)
  to   space 21824K,   0% used [0x00000000dc4b0000, 0x00000000dc4b0000, 0x00000000dda00000)
 concurrent mark-sweep generation total 393216K, used 194570K [0x00000000dda00000, 0x00000000f5a00000, 0x00000000f5a00000)
 concurrent-mark-sweep perm gen total 49480K, used 29724K [0x00000000f5a00000, 0x00000000f8a52000, 0x0000000100000000)
2016-04-10T11:38:31.874+0000: 10245.883: [GC2016-04-10T11:38:31.874+0000: 10245.883: [ParNew
Desired survivor size 20112992 bytes, new threshold 8 (max 8)
- age   1:    5731272 bytes,    5731272 total
- age   2:    4500352 bytes,   10231624 total
- age   3:    1457688 bytes,   11689312 total
- age   4:       8800 bytes,   11698112 total
- age   6:    1232528 bytes,   12930640 total
- age   7:    1768000 bytes,   14698640 total
- age   8:    1869152 bytes,   16567792 total
: 108309K->19052K(109248K), 0.0228740 secs] 302879K->216316K(502464K), 0.0229480 secs] [Times: user=0.03 sys=0.00, real=0.02 secs] 
Heap after GC invocations=125 (full 1):
 par new generation   total 109248K, used 19052K [0x00000000d5a00000, 0x00000000dda00000, 0x00000000dda00000)
  eden space 87424K,   0% used [0x00000000d5a00000, 0x00000000d5a00000, 0x00000000daf60000)
  from space 21824K,  87% used [0x00000000dc4b0000, 0x00000000dd74b2c0, 0x00000000dda00000)
  to   space 21824K,   0% used [0x00000000daf60000, 0x00000000daf60000, 0x00000000dc4b0000)
 concurrent mark-sweep generation total 393216K, used 197263K [0x00000000dda00000, 0x00000000f5a00000, 0x00000000f5a00000)
 concurrent-mark-sweep perm gen total 49480K, used 29724K [0x00000000f5a00000, 0x00000000f8a52000, 0x0000000100000000)
}
2016-04-10T11:38:31.897+0000: 10245.906: Total time for which application threads were stopped: 0.0231530 seconds, Stopping threads took: 0.0000400 seconds
2016-04-10T11:38:31.900+0000: 10245.910: [GC [1 CMS-initial-mark: 197263K(393216K)] 217844K(502464K), 0.0038620 secs] [Times: user=0.00 sys=0.00, real=0.00 secs] 
2016-04-10T11:38:31.904+0000: 10245.913: Total time for which application threads were stopped: 0.0052470 seconds, Stopping threads took: 0.0013370 seconds
2016-04-10T11:38:31.911+0000: 10245.920: [CMS-concurrent-mark-start]
2016-04-10T11:38:31.967+0000: 10245.976: [CMS-concurrent-mark: 0.056/0.056 secs] [Times: user=0.06 sys=0.00, real=0.05 secs] 
2016-04-10T11:38:31.967+0000: 10245.976: [CMS-concurrent-preclean-start]
2016-04-10T11:38:31.967+0000: 10245.977: [CMS-concurrent-preclean: 0.001/0.001 secs] [Times: user=0.00 sys=0.00, real=0.00 secs] 
2016-04-10T11:38:31.967+0000: 10245.977: [CMS-concurrent-abortable-preclean-start]
 CMS: abort preclean due to time 2016-04-10T11:38:38.072+0000: 10252.081: [CMS-concurrent-abortable-preclean: 0.497/6.105 secs] [Times: user=0.51 sys=0.01, real=6.11 secs] 
2016-04-10T11:38:38.072+0000: 10252.082: [GC[YG occupancy: 34326 K (109248 K)]{Heap before GC invocations=125 (full 2):
 par new generation   total 109248K, used 34326K [0x00000000d5a00000, 0x00000000dda00000, 0x00000000dda00000)
  eden space 87424K,  17% used [0x00000000d5a00000, 0x00000000d68ea7b0, 0x00000000daf60000)
  from space 21824K,  87% used [0x00000000dc4b0000, 0x00000000dd74b2c0, 0x00000000dda00000)
  to   space 21824K,   0% used [0x00000000daf60000, 0x00000000daf60000, 0x00000000dc4b0000)
 concurrent mark-sweep generation total 393216K, used 197263K [0x00000000dda00000, 0x00000000f5a00000, 0x00000000f5a00000)
 concurrent-mark-sweep perm gen total 49480K, used 29725K [0x00000000f5a00000, 0x00000000f8a52000, 0x0000000100000000)
2016-04-10T11:38:38.099+0000: 10252.108: [GC2016-04-10T11:38:38.099+0000: 10252.108: [ParNew
Desired survivor size 20112992 bytes, new threshold 8 (max 8)
- age   1:    1242368 bytes,    1242368 total
- age   2:    2425552 bytes,    3667920 total
- age   3:    3356720 bytes,    7024640 total
- age   4:    1457584 bytes,    8482224 total
- age   5:       7872 bytes,    8490096 total
- age   7:    1232504 bytes,    9722600 total
- age   8:    1768000 bytes,   11490600 total
: 34326K->13866K(109248K), 0.0238420 secs] 231590K->212957K(502464K), 0.0239010 secs] [Times: user=0.02 sys=0.00, real=0.02 secs] 
Heap after GC invocations=126 (full 2):
 par new generation   total 109248K, used 13866K [0x00000000d5a00000, 0x00000000dda00000, 0x00000000dda00000)
  eden space 87424K,   0% used [0x00000000d5a00000, 0x00000000d5a00000, 0x00000000daf60000)
  from space 21824K,  63% used [0x00000000daf60000, 0x00000000dbceaac0, 0x00000000dc4b0000)
  to   space 21824K,   0% used [0x00000000dc4b0000, 0x00000000dc4b0000, 0x00000000dda00000)
 concurrent mark-sweep generation total 393216K, used 199090K [0x00000000dda00000, 0x00000000f5a00000, 0x00000000f5a00000)
 concurrent-mark-sweep perm gen total 49480K, used 29725K [0x00000000f5a00000, 0x00000000f8a52000, 0x0000000100000000)
}
2016-04-10T11:38:38.123+0000: 10252.132: [Rescan (parallel) , 0.0080230 secs]2016-04-10T11:38:38.131+0000: 10252.140: [weak refs processing, 0.0047560 secs]2016-04-10T11:38:38.136+0000: 10252.145: [scrub string table, 0.0003630 secs] [1 CMS-remark: 199090K(393216K)] 212957K(502464K), 0.0636800 secs] [Times: user=0.03 sys=0.00, real=0.06 secs] 
2016-04-10T11:38:38.136+0000: 10252.145: Total time for which application threads were stopped: 0.0638200 seconds, Stopping threads took: 0.0000300 seconds
2016-04-10T11:38:38.137+0000: 10252.146: [CMS-concurrent-sweep-start]
2016-04-10T11:38:38.159+0000: 10252.169: [CMS-concurrent-sweep: 0.023/0.023 secs] [Times: user=0.02 sys=0.00, real=0.03 secs] 
2016-04-10T11:38:38.161+0000: 10252.171: [CMS-concurrent-reset-start]
2016-04-10T11:38:38.164+0000: 10252.173: [CMS-concurrent-reset: 0.003/0.003 secs] [Times: user=0.00 sys=0.00, real=0.00 secs] 
{Heap before GC invocations=126 (full 2):
 par new generation   total 109248K, used 101290K [0x00000000d5a00000, 0x00000000dda00000, 0x00000000dda00000)
  eden space 87424K, 100% used [0x00000000d5a00000, 0x00000000daf60000, 0x00000000daf60000)
  from space 21824K,  63% used [0x00000000daf60000, 0x00000000dbceaac0, 0x00000000dc4b0000)
  to   space 21824K,   0% used [0x00000000dc4b0000, 0x00000000dc4b0000, 0x00000000dda00000)
 concurrent mark-sweep generation total 393216K, used 78982K [0x00000000dda00000, 0x00000000f5a00000, 0x00000000f5a00000)
 concurrent-mark-sweep perm gen total 49672K, used 29725K [0x00000000f5a00000, 0x00000000f8a82000, 0x0000000100000000)
2016-04-10T11:38:42.748+0000: 10256.758: [GC2016-04-10T11:38:42.748+0000: 10256.758: [ParNew
Desired survivor size 20112992 bytes, new threshold 8 (max 8)
- age   1:    5515696 bytes,    5515696 total
- age   2:    1241984 bytes,    6757680 total
- age   3:    2425552 bytes,    9183232 total
- age   4:    3355464 bytes,   12538696 total
- age   5:    1457584 bytes,   13996280 total
- age   6:       5352 bytes,   14001632 total
- age   8:    1232304 bytes,   15233936 total
: 101290K->17823K(109248K), 0.0179830 secs] 180272K->98532K(502464K), 0.0180580 secs] [Times: user=0.02 sys=0.00, real=0.02 secs] 
Heap after GC invocations=127 (full 2):
 par new generation   total 109248K, used 17823K [0x00000000d5a00000, 0x00000000dda00000, 0x00000000dda00000)
  eden space 87424K,   0% used [0x00000000d5a00000, 0x00000000d5a00000, 0x00000000daf60000)
  from space 21824K,  81% used [0x00000000dc4b0000, 0x00000000dd617ff0, 0x00000000dda00000)
  to   space 21824K,   0% used [0x00000000daf60000, 0x00000000daf60000, 0x00000000dc4b0000)
 concurrent mark-sweep generation total 393216K, used 80708K [0x00000000dda00000, 0x00000000f5a00000, 0x00000000f5a00000)
 concurrent-mark-sweep perm gen total 49672K, used 29725K [0x00000000f5a00000, 0x00000000f8a82000, 0x0000000100000000)
}
2016-04-10T11:38:42.766+0000: 10256.776: Total time for which application threads were stopped: 0.0182400 seconds, Stopping threads took: 0.0000290 seconds
2016-04-10T11:38:42.980+0000: 10256.989: Total time for which application threads were stopped: 0.0000830 seconds, Stopping threads took: 0.0000270 seconds
2016-04-10T11:38:42.980+0000: 10256.989: Total time for which application threads were stopped: 0.0001110 seconds, Stopping threads took: 0.0000110 seconds
2016-04-10T11:38:42.986+0000: 10256.995: Total time for which application threads were stopped: 0.0000340 seconds, Stopping threads took: 0.0000150 seconds
2016-04-10T11:38:42.986+0000: 10256.995: Total time for which application threads were stopped: 0.0000320 seconds, Stopping threads took: 0.0000110 seconds
2016-04-10T11:38:42.986+0000: 10256.995: Total time for which application threads were stopped: 0.0000350 seconds, Stopping threads took: 0.0000200 seconds
2016-04-10T11:38:43.097+0000: 10257.106: Total time for which application threads were stopped: 0.0000650 seconds, Stopping threads took: 0.0000240 seconds
2016-04-10T11:38:43.097+0000: 10257.107: Total time for which application threads were stopped: 0.0000270 seconds, Stopping threads took: 0.0000120 seconds
2016-04-10T11:38:43.097+0000: 10257.107: Total time for which application threads were stopped: 0.0000250 seconds, Stopping threads took: 0.0000100 seconds
2016-04-10T11:38:43.099+0000: 10257.109: Total time for which application threads were stopped: 0.0000380 seconds, Stopping threads took: 0.0000160 seconds
2016-04-10T11:38:43.099+0000: 10257.109: Total time for which application threads were stopped: 0.0000260 seconds, Stopping threads took: 0.0000110 seconds
{Heap before GC invocations=127 (full 2):
 par new generation   total 109248K, used 105242K [0x00000000d5a00000, 0x00000000dda00000, 0x00000000dda00000)
  eden space 87424K,  99% used [0x00000000d5a00000, 0x00000000daf5ea30, 0x00000000daf60000)
  from space 21824K,  81% used [0x00000000dc4b0000, 0x00000000dd617ff0, 0x00000000dda00000)
  to   space 21824K,   0% used [0x00000000daf60000, 0x00000000daf60000, 0x00000000dc4b0000)
 concurrent mark-sweep generation total 393216K, used 80708K [0x00000000dda00000, 0x00000000f5a00000, 0x00000000f5a00000)
 concurrent-mark-sweep perm gen total 49672K, used 29725K [0x00000000f5a00000, 0x00000000f8a82000, 0x0000000100000000)
2016-04-10T11:38:53.413+0000: 10267.422: [GC2016-04-10T11:38:53.413+0000: 10267.422: [ParNew
Desired survivor size 20112992 bytes, new threshold 8 (max 8)
- age   1:    5487024 bytes,    5487024 total
- age   2:    1838824 bytes,    7325848 total
- age   3:    1170832 bytes,    8496680 total
- age   4:    2425272 bytes,   10921952 total
- age   5:    3354296 bytes,   14276248 total
- age   6:    1390568 bytes,   15666816 total
- age   7:       5328 bytes,   15672144 total
: 105242K->21824K(109248K), 0.0251910 secs] 185951K->103737K(502464K), 0.0252670 secs] [Times: user=0.02 sys=0.00, real=0.02 secs] 
Heap after GC invocations=128 (full 2):
 par new generation   total 109248K, used 21824K [0x00000000d5a00000, 0x00000000dda00000, 0x00000000dda00000)
  eden space 87424K,   0% used [0x00000000d5a00000, 0x00000000d5a00000, 0x00000000daf60000)
  from space 21824K, 100% used [0x00000000daf60000, 0x00000000dc4b0000, 0x00000000dc4b0000)
  to   space 21824K,   0% used [0x00000000dc4b0000, 0x00000000dc4b0000, 0x00000000dda00000)
 concurrent mark-sweep generation total 393216K, used 81913K [0x00000000dda00000, 0x00000000f5a00000, 0x00000000f5a00000)
 concurrent-mark-sweep perm gen total 49672K, used 29725K [0x00000000f5a00000, 0x00000000f8a82000, 0x0000000100000000)
}
2016-04-10T11:38:53.438+0000: 10267.447: Total time for which application threads were stopped: 0.0254480 seconds, Stopping threads took: 0.0000290 seconds
2016-04-10T11:38:53.894+0000: 10267.903: Total time for which application threads were stopped: 0.0000830 seconds, Stopping threads took: 0.0000390 seconds
2016-04-10T11:38:53.894+0000: 10267.903: Total time for which application threads were stopped: 0.0000260 seconds, Stopping threads took: 0.0000100 seconds
2016-04-10T11:38:53.894+0000: 10267.903: Total time for which application threads were stopped: 0.0000250 seconds, Stopping threads took: 0.0000100 seconds
2016-04-10T11:38:53.900+0000: 10267.909: Total time for which application threads were stopped: 0.0000400 seconds, Stopping threads took: 0.0000170 seconds
2016-04-10T11:38:54.012+0000: 10268.021: Total time for which application threads were stopped: 0.0001150 seconds, Stopping threads took: 0.0000260 seconds
2016-04-10T11:38:54.012+0000: 10268.021: Total time for which application threads were stopped: 0.0000270 seconds, Stopping threads took: 0.0000120 seconds
2016-04-10T11:38:54.014+0000: 10268.023: Total time for which application threads were stopped: 0.0000310 seconds, Stopping threads took: 0.0000130 seconds
2016-04-10T11:38:54.014+0000: 10268.023: Total time for which application threads were stopped: 0.0000260 seconds, Stopping threads took: 0.0000110 seconds
{Heap before GC invocations=128 (full 2):
 par new generation   total 109248K, used 109248K [0x00000000d5a00000, 0x00000000dda00000, 0x00000000dda00000)
  eden space 87424K, 100% used [0x00000000d5a00000, 0x00000000daf60000, 0x00000000daf60000)
  from space 21824K, 100% used [0x00000000daf60000, 0x00000000dc4b0000, 0x00000000dc4b0000)
  to   space 21824K,   0% used [0x00000000dc4b0000, 0x00000000dc4b0000, 0x00000000dda00000)
 concurrent mark-sweep generation total 393216K, used 81913K [0x00000000dda00000, 0x00000000f5a00000, 0x00000000f5a00000)
 concurrent-mark-sweep perm gen total 49672K, used 29725K [0x00000000f5a00000, 0x00000000f8a82000, 0x0000000100000000)
2016-04-10T11:39:04.269+0000: 10278.279: [GC2016-04-10T11:39:04.270+0000: 10278.279: [ParNew
Desired survivor size 20112992 bytes, new threshold 8 (max 8)
- age   1:    3937728 bytes,    3937728 total
- age   2:    3335096 bytes,    7272824 total
- age   3:    1838752 bytes,    9111576 total
- age   4:    1168424 bytes,   10280000 total
- age   5:    2425272 bytes,   12705272 total
- age   6:    3287376 bytes,   15992648 total
- age   7:    1390568 bytes,   17383216 total
- age   8:       5328 bytes,   17388544 total
: 109248K->20860K(109248K), 0.0227170 secs] 191161K->102773K(502464K), 0.0228850 secs] [Times: user=0.03 sys=0.00, real=0.03 secs] 
Heap after GC invocations=129 (full 2):
 par new generation   total 109248K, used 20860K [0x00000000d5a00000, 0x00000000dda00000, 0x00000000dda00000)
  eden space 87424K,   0% used [0x00000000d5a00000, 0x00000000d5a00000, 0x00000000daf60000)
  from space 21824K,  95% used [0x00000000dc4b0000, 0x00000000dd90f2a8, 0x00000000dda00000)
  to   space 21824K,   0% used [0x00000000daf60000, 0x00000000daf60000, 0x00000000dc4b0000)
 concurrent mark-sweep generation total 393216K, used 81913K [0x00000000dda00000, 0x00000000f5a00000, 0x00000000f5a00000)
 concurrent-mark-sweep perm gen total 49672K, used 29725K [0x00000000f5a00000, 0x00000000f8a82000, 0x0000000100000000)
}
2016-04-10T11:39:04.292+0000: 10278.302: Total time for which application threads were stopped: 0.0231190 seconds, Stopping threads took: 0.0000400 seconds
{Heap before GC invocations=129 (full 2):
 par new generation   total 109248K, used 108284K [0x00000000d5a00000, 0x00000000dda00000, 0x00000000dda00000)
  eden space 87424K, 100% used [0x00000000d5a00000, 0x00000000daf60000, 0x00000000daf60000)
  from space 21824K,  95% used [0x00000000dc4b0000, 0x00000000dd90f2a8, 0x00000000dda00000)
  to   space 21824K,   0% used [0x00000000daf60000, 0x00000000daf60000, 0x00000000dc4b0000)
 concurrent mark-sweep generation total 393216K, used 81913K [0x00000000dda00000, 0x00000000f5a00000, 0x00000000f5a00000)
 concurrent-mark-sweep perm gen total 49672K, used 29725K [0x00000000f5a00000, 0x00000000f8a82000, 0x0000000100000000)
2016-04-10T11:39:04.847+0000: 10278.856: [GC2016-04-10T11:39:04.847+0000: 10278.856: [ParNew
Desired survivor size 20112992 bytes, new threshold 8 (max 8)
- age   1:    5321800 bytes,    5321800 total
- age   2:    3730032 bytes,    9051832 total
- age   3:    1498184 bytes,   10550016 total
- age   4:     275632 bytes,   10825648 total
- age   5:    1168184 bytes,   11993832 total
- age   6:    2425272 bytes,   14419104 total
- age   7:    3287376 bytes,   17706480 total
- age   8:    1390568 bytes,   19097048 total
: 108284K->21824K(109248K), 0.0175660 secs] 190197K->107061K(502464K), 0.0176330 secs] [Times: user=0.02 sys=0.00, real=0.02 secs] 
Heap after GC invocations=130 (full 2):
 par new generation   total 109248K, used 21824K [0x00000000d5a00000, 0x00000000dda00000, 0x00000000dda00000)
  eden space 87424K,   0% used [0x00000000d5a00000, 0x00000000d5a00000, 0x00000000daf60000)
  from space 21824K, 100% used [0x00000000daf60000, 0x00000000dc4b0000, 0x00000000dc4b0000)
  to   space 21824K,   0% used [0x00000000dc4b0000, 0x00000000dc4b0000, 0x00000000dda00000)
 concurrent mark-sweep generation total 393216K, used 85237K [0x00000000dda00000, 0x00000000f5a00000, 0x00000000f5a00000)
 concurrent-mark-sweep perm gen total 49672K, used 29725K [0x00000000f5a00000, 0x00000000f8a82000, 0x0000000100000000)
}
2016-04-10T11:39:04.865+0000: 10278.874: Total time for which application threads were stopped: 0.0178230 seconds, Stopping threads took: 0.0000280 seconds
2016-04-10T11:39:05.027+0000: 10279.036: Total time for which application threads were stopped: 0.0000690 seconds, Stopping threads took: 0.0000280 seconds
2016-04-10T11:39:05.032+0000: 10279.042: Total time for which application threads were stopped: 0.0000350 seconds, Stopping threads took: 0.0000140 seconds
2016-04-10T11:39:05.153+0000: 10279.163: Total time for which application threads were stopped: 0.0001430 seconds, Stopping threads took: 0.0000250 seconds
2016-04-10T11:39:05.155+0000: 10279.165: Total time for which application threads were stopped: 0.0000330 seconds, Stopping threads took: 0.0000130 seconds
2016-04-10T11:39:05.155+0000: 10279.165: Total time for which application threads were stopped: 0.0000270 seconds, Stopping threads took: 0.0000110 seconds
{Heap before GC invocations=130 (full 2):
 par new generation   total 109248K, used 109248K [0x00000000d5a00000, 0x00000000dda00000, 0x00000000dda00000)
  eden space 87424K, 100% used [0x00000000d5a00000, 0x00000000daf60000, 0x00000000daf60000)
  from space 21824K, 100% used [0x00000000daf60000, 0x00000000dc4b0000, 0x00000000dc4b0000)
  to   space 21824K,   0% used [0x00000000dc4b0000, 0x00000000dc4b0000, 0x00000000dda00000)
 concurrent mark-sweep generation total 393216K, used 85237K [0x00000000dda00000, 0x00000000f5a00000, 0x00000000f5a00000)
 concurrent-mark-sweep perm gen total 49672K, used 29726K [0x00000000f5a00000, 0x00000000f8a82000, 0x0000000100000000)
2016-04-10T11:39:15.765+0000: 10289.774: [GC2016-04-10T11:39:15.765+0000: 10289.774: [ParNew
Desired survivor size 20112992 bytes, new threshold 8 (max 8)
- age   1:    5719128 bytes,    5719128 total
- age   2:    1804400 bytes,    7523528 total
- age   3:    3275464 bytes,   10798992 total
- age   4:    1496824 bytes,   12295816 total
- age   5:     208736 bytes,   12504552 total
- age   6:    1167976 bytes,   13672528 total
- age   7:    2425272 bytes,   16097800 total
- age   8:    3287152 bytes,   19384952 total
: 109248K->21824K(109248K), 0.0224430 secs] 194485K->108419K(502464K), 0.0225170 secs] [Times: user=0.02 sys=0.00, real=0.02 secs] 
Heap after GC invocations=131 (full 2):
 par new generation   total 109248K, used 21824K [0x00000000d5a00000, 0x00000000dda00000, 0x00000000dda00000)
  eden space 87424K,   0% used [0x00000000d5a00000, 0x00000000d5a00000, 0x00000000daf60000)
  from space 21824K, 100% used [0x00000000dc4b0000, 0x00000000dda00000, 0x00000000dda00000)
  to   space 21824K,   0% used [0x00000000daf60000, 0x00000000daf60000, 0x00000000dc4b0000)
 concurrent mark-sweep generation total 393216K, used 86595K [0x00000000dda00000, 0x00000000f5a00000, 0x00000000f5a00000)
 concurrent-mark-sweep perm gen total 49672K, used 29726K [0x00000000f5a00000, 0x00000000f8a82000, 0x0000000100000000)
}
2016-04-10T11:39:15.788+0000: 10289.797: Total time for which application threads were stopped: 0.0227270 seconds, Stopping threads took: 0.0000380 seconds
2016-04-10T11:39:16.253+0000: 10290.262: Total time for which application threads were stopped: 0.0000770 seconds, Stopping threads took: 0.0000360 seconds
2016-04-10T11:39:16.259+0000: 10290.268: Total time for which application threads were stopped: 0.0000430 seconds, Stopping threads took: 0.0000180 seconds
2016-04-10T11:39:16.368+0000: 10290.377: Total time for which application threads were stopped: 0.0001100 seconds, Stopping threads took: 0.0000260 seconds
2016-04-10T11:39:16.368+0000: 10290.378: Total time for which application threads were stopped: 0.0000270 seconds, Stopping threads took: 0.0000110 seconds
2016-04-10T11:39:16.370+0000: 10290.380: Total time for which application threads were stopped: 0.0000310 seconds, Stopping threads took: 0.0000130 seconds
2016-04-10T11:39:16.370+0000: 10290.380: Total time for which application threads were stopped: 0.0000260 seconds, Stopping threads took: 0.0000110 seconds
{Heap before GC invocations=131 (full 2):
 par new generation   total 109248K, used 109248K [0x00000000d5a00000, 0x00000000dda00000, 0x00000000dda00000)
  eden space 87424K, 100% used [0x00000000d5a00000, 0x00000000daf60000, 0x00000000daf60000)
  from space 21824K, 100% used [0x00000000dc4b0000, 0x00000000dda00000, 0x00000000dda00000)
  to   space 21824K,   0% used [0x00000000daf60000, 0x00000000daf60000, 0x00000000dc4b0000)
 concurrent mark-sweep generation total 393216K, used 86595K [0x00000000dda00000, 0x00000000f5a00000, 0x00000000f5a00000)
 concurrent-mark-sweep perm gen total 49672K, used 29729K [0x00000000f5a00000, 0x00000000f8a82000, 0x0000000100000000)
2016-04-10T11:39:26.659+0000: 10300.668: [GC2016-04-10T11:39:26.659+0000: 10300.668: [ParNew
Desired survivor size 20112992 bytes, new threshold 8 (max 8)
- age   1:    3910392 bytes,    3910392 total
- age   2:    2969880 bytes,    6880272 total
- age   4:    2337128 bytes,    9217400 total
- age   5:    1429600 bytes,   10647000 total
- age   6:     208392 bytes,   10855392 total
- age   7:    1167840 bytes,   12023232 total
- age   8:    2425272 bytes,   14448504 total
: 109248K->21824K(109248K), 0.0177030 secs] 195843K->114817K(502464K), 0.0180350 secs] [Times: user=0.01 sys=0.00, real=0.01 secs] 
Heap after GC invocations=132 (full 2):
 par new generation   total 109248K, used 21824K [0x00000000d5a00000, 0x00000000dda00000, 0x00000000dda00000)
  eden space 87424K,   0% used [0x00000000d5a00000, 0x00000000d5a00000, 0x00000000daf60000)
  from space 21824K, 100% used [0x00000000daf60000, 0x00000000dc4b0000, 0x00000000dc4b0000)
  to   space 21824K,   0% used [0x00000000dc4b0000, 0x00000000dc4b0000, 0x00000000dda00000)
 concurrent mark-sweep generation total 393216K, used 92993K [0x00000000dda00000, 0x00000000f5a00000, 0x00000000f5a00000)
 concurrent-mark-sweep perm gen total 49672K, used 29729K [0x00000000f5a00000, 0x00000000f8a82000, 0x0000000100000000)
}
2016-04-10T11:39:26.677+0000: 10300.686: Total time for which application threads were stopped: 0.0182360 seconds, Stopping threads took: 0.0000370 seconds
{Heap before GC invocations=132 (full 2):
 par new generation   total 109248K, used 109248K [0x00000000d5a00000, 0x00000000dda00000, 0x00000000dda00000)
  eden space 87424K, 100% used [0x00000000d5a00000, 0x00000000daf60000, 0x00000000daf60000)
  from space 21824K, 100% used [0x00000000daf60000, 0x00000000dc4b0000, 0x00000000dc4b0000)
  to   space 21824K,   0% used [0x00000000dc4b0000, 0x00000000dc4b0000, 0x00000000dda00000)
 concurrent mark-sweep generation total 393216K, used 92993K [0x00000000dda00000, 0x00000000f5a00000, 0x00000000f5a00000)
 concurrent-mark-sweep perm gen total 49672K, used 29729K [0x00000000f5a00000, 0x00000000f8a82000, 0x0000000100000000)
2016-04-10T11:39:27.207+0000: 10301.217: [GC2016-04-10T11:39:27.207+0000: 10301.217: [ParNew
Desired survivor size 20112992 bytes, new threshold 8 (max 8)
- age   1:    5472336 bytes,    5472336 total
- age   2:    3658808 bytes,    9131144 total
- age   3:    2968672 bytes,   12099816 total
- age   5:    2337128 bytes,   14436944 total
- age   6:    1429600 bytes,   15866544 total
- age   7:     208392 bytes,   16074936 total
- age   8:    1167840 bytes,   17242776 total
: 109248K->20721K(109248K), 0.0183510 secs] 202241K->116083K(502464K), 0.0184200 secs] [Times: user=0.02 sys=0.00, real=0.02 secs] 
Heap after GC invocations=133 (full 2):
 par new generation   total 109248K, used 20721K [0x00000000d5a00000, 0x00000000dda00000, 0x00000000dda00000)
  eden space 87424K,   0% used [0x00000000d5a00000, 0x00000000d5a00000, 0x00000000daf60000)
  from space 21824K,  94% used [0x00000000dc4b0000, 0x00000000dd8ec780, 0x00000000dda00000)
  to   space 21824K,   0% used [0x00000000daf60000, 0x00000000daf60000, 0x00000000dc4b0000)
 concurrent mark-sweep generation total 393216K, used 95361K [0x00000000dda00000, 0x00000000f5a00000, 0x00000000f5a00000)
 concurrent-mark-sweep perm gen total 49672K, used 29729K [0x00000000f5a00000, 0x00000000f8a82000, 0x0000000100000000)
}
2016-04-10T11:39:27.226+0000: 10301.235: Total time for which application threads were stopped: 0.0186430 seconds, Stopping threads took: 0.0000290 seconds
2016-04-10T11:39:27.334+0000: 10301.344: Total time for which application threads were stopped: 0.0000720 seconds, Stopping threads took: 0.0000290 seconds
2016-04-10T11:39:27.340+0000: 10301.349: Total time for which application threads were stopped: 0.0000340 seconds, Stopping threads took: 0.0000150 seconds
2016-04-10T11:39:27.452+0000: 10301.461: Total time for which application threads were stopped: 0.0000630 seconds, Stopping threads took: 0.0000240 seconds
2016-04-10T11:39:27.452+0000: 10301.461: Total time for which application threads were stopped: 0.0000280 seconds, Stopping threads took: 0.0000120 seconds
{Heap before GC invocations=133 (full 2):
 par new generation   total 109248K, used 108145K [0x00000000d5a00000, 0x00000000dda00000, 0x00000000dda00000)
  eden space 87424K, 100% used [0x00000000d5a00000, 0x00000000daf60000, 0x00000000daf60000)
  from space 21824K,  94% used [0x00000000dc4b0000, 0x00000000dd8ec780, 0x00000000dda00000)
  to   space 21824K,   0% used [0x00000000daf60000, 0x00000000daf60000, 0x00000000dc4b0000)
 concurrent mark-sweep generation total 393216K, used 95361K [0x00000000dda00000, 0x00000000f5a00000, 0x00000000f5a00000)
 concurrent-mark-sweep perm gen total 49672K, used 29729K [0x00000000f5a00000, 0x00000000f8a82000, 0x0000000100000000)
2016-04-10T11:39:38.165+0000: 10312.174: [GC2016-04-10T11:39:38.165+0000: 10312.174: [ParNew
Desired survivor size 20112992 bytes, new threshold 8 (max 8)
- age   1:    5852984 bytes,    5852984 total
- age   2:    1846720 bytes,    7699704 total
- age   3:    3178912 bytes,   10878616 total
- age   4:    2968544 bytes,   13847160 total
- age   6:    2270208 bytes,   16117368 total
- age   7:    1429464 bytes,   17546832 total
- age   8:     208392 bytes,   17755224 total
: 108145K->21725K(109248K), 0.0282510 secs] 203507K->118227K(502464K), 0.0283280 secs] [Times: user=0.03 sys=0.00, real=0.03 secs] 
Heap after GC invocations=134 (full 2):
 par new generation   total 109248K, used 21725K [0x00000000d5a00000, 0x00000000dda00000, 0x00000000dda00000)
  eden space 87424K,   0% used [0x00000000d5a00000, 0x00000000d5a00000, 0x00000000daf60000)
  from space 21824K,  99% used [0x00000000daf60000, 0x00000000dc497560, 0x00000000dc4b0000)
  to   space 21824K,   0% used [0x00000000dc4b0000, 0x00000000dc4b0000, 0x00000000dda00000)
 concurrent mark-sweep generation total 393216K, used 96502K [0x00000000dda00000, 0x00000000f5a00000, 0x00000000f5a00000)
 concurrent-mark-sweep perm gen total 49672K, used 29729K [0x00000000f5a00000, 0x00000000f8a82000, 0x0000000100000000)
}
2016-04-10T11:39:38.193+0000: 10312.202: Total time for which application threads were stopped: 0.0285550 seconds, Stopping threads took: 0.0000410 seconds
2016-04-10T11:39:38.535+0000: 10312.544: Total time for which application threads were stopped: 0.0000730 seconds, Stopping threads took: 0.0000250 seconds
2016-04-10T11:39:38.541+0000: 10312.550: Total time for which application threads were stopped: 0.0000370 seconds, Stopping threads took: 0.0000160 seconds
2016-04-10T11:39:38.653+0000: 10312.662: Total time for which application threads were stopped: 0.0000640 seconds, Stopping threads took: 0.0000240 seconds
2016-04-10T11:39:38.653+0000: 10312.662: Total time for which application threads were stopped: 0.0000280 seconds, Stopping threads took: 0.0000120 seconds
{Heap before GC invocations=134 (full 2):
 par new generation   total 109248K, used 109149K [0x00000000d5a00000, 0x00000000dda00000, 0x00000000dda00000)
  eden space 87424K, 100% used [0x00000000d5a00000, 0x00000000daf60000, 0x00000000daf60000)
  from space 21824K,  99% used [0x00000000daf60000, 0x00000000dc497560, 0x00000000dc4b0000)
  to   space 21824K,   0% used [0x00000000dc4b0000, 0x00000000dc4b0000, 0x00000000dda00000)
 concurrent mark-sweep generation total 393216K, used 96502K [0x00000000dda00000, 0x00000000f5a00000, 0x00000000f5a00000)
 concurrent-mark-sweep perm gen total 49672K, used 29729K [0x00000000f5a00000, 0x00000000f8a82000, 0x0000000100000000)
2016-04-10T11:39:49.295+0000: 10323.305: [GC2016-04-10T11:39:49.295+0000: 10323.305: [ParNew
Desired survivor size 20112992 bytes, new threshold 8 (max 8)
- age   1:    4518904 bytes,    4518904 total
- age   2:    3185856 bytes,    7704760 total
- age   3:    1846720 bytes,    9551480 total
- age   4:    3176744 bytes,   12728224 total
- age   5:    2901440 bytes,   15629664 total
- age   7:    2269984 bytes,   17899648 total
- age   8:    1429432 bytes,   19329080 total
: 109149K->21824K(109248K), 0.0177560 secs] 205651K->118530K(502464K), 0.0178230 secs] [Times: user=0.02 sys=0.00, real=0.02 secs] 
Heap after GC invocations=135 (full 2):
 par new generation   total 109248K, used 21824K [0x00000000d5a00000, 0x00000000dda00000, 0x00000000dda00000)
  eden space 87424K,   0% used [0x00000000d5a00000, 0x00000000d5a00000, 0x00000000daf60000)
  from space 21824K, 100% used [0x00000000dc4b0000, 0x00000000dda00000, 0x00000000dda00000)
  to   space 21824K,   0% used [0x00000000daf60000, 0x00000000daf60000, 0x00000000dc4b0000)
 concurrent mark-sweep generation total 393216K, used 96706K [0x00000000dda00000, 0x00000000f5a00000, 0x00000000f5a00000)
 concurrent-mark-sweep perm gen total 49672K, used 29729K [0x00000000f5a00000, 0x00000000f8a82000, 0x0000000100000000)
}
2016-04-10T11:39:49.313+0000: 10323.323: Total time for which application threads were stopped: 0.0180090 seconds, Stopping threads took: 0.0000360 seconds
{Heap before GC invocations=135 (full 2):
 par new generation   total 109248K, used 109248K [0x00000000d5a00000, 0x00000000dda00000, 0x00000000dda00000)
  eden space 87424K, 100% used [0x00000000d5a00000, 0x00000000daf60000, 0x00000000daf60000)
  from space 21824K, 100% used [0x00000000dc4b0000, 0x00000000dda00000, 0x00000000dda00000)
  to   space 21824K,   0% used [0x00000000daf60000, 0x00000000daf60000, 0x00000000dc4b0000)
 concurrent mark-sweep generation total 393216K, used 96706K [0x00000000dda00000, 0x00000000f5a00000, 0x00000000f5a00000)
 concurrent-mark-sweep perm gen total 49672K, used 29729K [0x00000000f5a00000, 0x00000000f8a82000, 0x0000000100000000)
2016-04-10T11:39:49.869+0000: 10323.878: [GC2016-04-10T11:39:49.869+0000: 10323.878: [ParNew
Desired survivor size 20112992 bytes, new threshold 8 (max 8)
- age   1:    5299760 bytes,    5299760 total
- age   2:    3956488 bytes,    9256248 total
- age   3:    3185192 bytes,   12441440 total
- age   4:    1846720 bytes,   14288160 total
- age   5:    2084160 bytes,   16372320 total
- age   6:    2901328 bytes,   19273648 total
- age   8:    1807648 bytes,   21081296 total
: 109248K->21824K(109248K), 0.0292990 secs] 205954K->121602K(502464K), 0.0293800 secs] [Times: user=0.03 sys=0.00, real=0.03 secs] 
Heap after GC invocations=136 (full 2):
 par new generation   total 109248K, used 21824K [0x00000000d5a00000, 0x00000000dda00000, 0x00000000dda00000)
  eden space 87424K,   0% used [0x00000000d5a00000, 0x00000000d5a00000, 0x00000000daf60000)
  from space 21824K, 100% used [0x00000000daf60000, 0x00000000dc4b0000, 0x00000000dc4b0000)
  to   space 21824K,   0% used [0x00000000dc4b0000, 0x00000000dc4b0000, 0x00000000dda00000)
 concurrent mark-sweep generation total 393216K, used 99778K [0x00000000dda00000, 0x00000000f5a00000, 0x00000000f5a00000)
 concurrent-mark-sweep perm gen total 49672K, used 29729K [0x00000000f5a00000, 0x00000000f8a82000, 0x0000000100000000)
}
2016-04-10T11:39:49.898+0000: 10323.908: Total time for which application threads were stopped: 0.0295890 seconds, Stopping threads took: 0.0000260 seconds
2016-04-10T11:39:49.956+0000: 10323.965: Total time for which application threads were stopped: 0.0000710 seconds, Stopping threads took: 0.0000280 seconds
2016-04-10T11:39:49.962+0000: 10323.971: Total time for which application threads were stopped: 0.0000600 seconds, Stopping threads took: 0.0000270 seconds
2016-04-10T11:39:49.967+0000: 10323.976: Total time for which application threads were stopped: 0.0000480 seconds, Stopping threads took: 0.0000130 seconds
2016-04-10T11:39:49.975+0000: 10323.984: Total time for which application threads were stopped: 0.0000730 seconds, Stopping threads took: 0.0000210 seconds
2016-04-10T11:39:49.989+0000: 10323.998: Total time for which application threads were stopped: 0.0000590 seconds, Stopping threads took: 0.0000230 seconds
2016-04-10T11:39:50.001+0000: 10324.010: Total time for which application threads were stopped: 0.0000540 seconds, Stopping threads took: 0.0000210 seconds
2016-04-10T11:39:50.011+0000: 10324.020: Total time for which application threads were stopped: 0.0000780 seconds, Stopping threads took: 0.0000220 seconds
2016-04-10T11:39:50.096+0000: 10324.105: Total time for which application threads were stopped: 0.0758540 seconds, Stopping threads took: 0.0055200 seconds
2016-04-10T11:39:50.104+0000: 10324.113: Total time for which application threads were stopped: 0.0000700 seconds, Stopping threads took: 0.0000360 seconds
2016-04-10T11:39:50.112+0000: 10324.121: Total time for which application threads were stopped: 0.0000410 seconds, Stopping threads took: 0.0000170 seconds
2016-04-10T11:39:50.121+0000: 10324.130: Total time for which application threads were stopped: 0.0000450 seconds, Stopping threads took: 0.0000190 seconds
2016-04-10T11:39:50.128+0000: 10324.138: Total time for which application threads were stopped: 0.0000350 seconds, Stopping threads took: 0.0000150 seconds
2016-04-10T11:39:50.136+0000: 10324.145: Total time for which application threads were stopped: 0.0000330 seconds, Stopping threads took: 0.0000140 seconds
2016-04-10T11:39:50.319+0000: 10324.329: Total time for which application threads were stopped: 0.0020850 seconds, Stopping threads took: 0.0020400 seconds
2016-04-10T11:39:50.322+0000: 10324.331: Total time for which application threads were stopped: 0.0000280 seconds, Stopping threads took: 0.0000090 seconds
2016-04-10T11:39:50.322+0000: 10324.331: Total time for which application threads were stopped: 0.0000360 seconds, Stopping threads took: 0.0000200 seconds
2016-04-10T11:39:50.338+0000: 10324.347: Total time for which application threads were stopped: 0.0000650 seconds, Stopping threads took: 0.0000250 seconds
2016-04-10T11:39:50.338+0000: 10324.348: Total time for which application threads were stopped: 0.0001110 seconds, Stopping threads took: 0.0000130 seconds
{Heap before GC invocations=136 (full 2):
 par new generation   total 109248K, used 109248K [0x00000000d5a00000, 0x00000000dda00000, 0x00000000dda00000)
  eden space 87424K, 100% used [0x00000000d5a00000, 0x00000000daf60000, 0x00000000daf60000)
  from space 21824K, 100% used [0x00000000daf60000, 0x00000000dc4b0000, 0x00000000dc4b0000)
  to   space 21824K,   0% used [0x00000000dc4b0000, 0x00000000dc4b0000, 0x00000000dda00000)
 concurrent mark-sweep generation total 393216K, used 99778K [0x00000000dda00000, 0x00000000f5a00000, 0x00000000f5a00000)
 concurrent-mark-sweep perm gen total 49672K, used 29730K [0x00000000f5a00000, 0x00000000f8a82000, 0x0000000100000000)
2016-04-10T11:39:50.814+0000: 10324.823: [GC2016-04-10T11:39:50.814+0000: 10324.823: [ParNew
Desired survivor size 20112992 bytes, new threshold 8 (max 8)
- age   1:    2167616 bytes,    2167616 total
- age   2:    4963040 bytes,    7130656 total
- age   3:    3316232 bytes,   10446888 total
- age   4:    3045944 bytes,   13492832 total
- age   5:     716240 bytes,   14209072 total
- age   6:     894056 bytes,   15103128 total
- age   7:    1879680 bytes,   16982808 total
: 109248K->21824K(109248K), 0.0204310 secs] 209026K->127370K(502464K), 0.0204950 secs] [Times: user=0.02 sys=0.00, real=0.02 secs] 
Heap after GC invocations=137 (full 2):
 par new generation   total 109248K, used 21824K [0x00000000d5a00000, 0x00000000dda00000, 0x00000000dda00000)
  eden space 87424K,   0% used [0x00000000d5a00000, 0x00000000d5a00000, 0x00000000daf60000)
  from space 21824K, 100% used [0x00000000dc4b0000, 0x00000000dda00000, 0x00000000dda00000)
  to   space 21824K,   0% used [0x00000000daf60000, 0x00000000daf60000, 0x00000000dc4b0000)
 concurrent mark-sweep generation total 393216K, used 105546K [0x00000000dda00000, 0x00000000f5a00000, 0x00000000f5a00000)
 concurrent-mark-sweep perm gen total 49672K, used 29730K [0x00000000f5a00000, 0x00000000f8a82000, 0x0000000100000000)
}
2016-04-10T11:39:50.835+0000: 10324.844: Total time for which application threads were stopped: 0.0207010 seconds, Stopping threads took: 0.0000270 seconds
2016-04-10T11:39:51.835+0000: 10325.844: Total time for which application threads were stopped: 0.0001230 seconds, Stopping threads took: 0.0000240 seconds
{Heap before GC invocations=137 (full 2):
 par new generation   total 109248K, used 109248K [0x00000000d5a00000, 0x00000000dda00000, 0x00000000dda00000)
  eden space 87424K, 100% used [0x00000000d5a00000, 0x00000000daf60000, 0x00000000daf60000)
  from space 21824K, 100% used [0x00000000dc4b0000, 0x00000000dda00000, 0x00000000dda00000)
  to   space 21824K,   0% used [0x00000000daf60000, 0x00000000daf60000, 0x00000000dc4b0000)
 concurrent mark-sweep generation total 393216K, used 105546K [0x00000000dda00000, 0x00000000f5a00000, 0x00000000f5a00000)
 concurrent-mark-sweep perm gen total 49672K, used 29730K [0x00000000f5a00000, 0x00000000f8a82000, 0x0000000100000000)
2016-04-10T11:40:01.656+0000: 10335.665: [GC2016-04-10T11:40:01.656+0000: 10335.665: [ParNew
Desired survivor size 20112992 bytes, new threshold 8 (max 8)
- age   1:    3607768 bytes,    3607768 total
- age   2:    1870832 bytes,    5478600 total
- age   3:    4963000 bytes,   10441600 total
- age   4:    3315120 bytes,   13756720 total
- age   5:    3045656 bytes,   16802376 total
- age   6:     716240 bytes,   17518616 total
- age   7:     893688 bytes,   18412304 total
- age   8:    1879312 bytes,   20291616 total
: 109248K->21824K(109248K), 0.0187550 secs] 214794K->127370K(502464K), 0.0188440 secs] [Times: user=0.02 sys=0.00, real=0.02 secs] 
Heap after GC invocations=138 (full 2):
 par new generation   total 109248K, used 21824K [0x00000000d5a00000, 0x00000000dda00000, 0x00000000dda00000)
  eden space 87424K,   0% used [0x00000000d5a00000, 0x00000000d5a00000, 0x00000000daf60000)
  from space 21824K, 100% used [0x00000000daf60000, 0x00000000dc4b0000, 0x00000000dc4b0000)
  to   space 21824K,   0% used [0x00000000dc4b0000, 0x00000000dc4b0000, 0x00000000dda00000)
 concurrent mark-sweep generation total 393216K, used 105546K [0x00000000dda00000, 0x00000000f5a00000, 0x00000000f5a00000)
 concurrent-mark-sweep perm gen total 49672K, used 29730K [0x00000000f5a00000, 0x00000000f8a82000, 0x0000000100000000)
}
2016-04-10T11:40:01.675+0000: 10335.684: Total time for which application threads were stopped: 0.0190620 seconds, Stopping threads took: 0.0000500 seconds
2016-04-10T11:40:02.342+0000: 10336.351: Total time for which application threads were stopped: 0.0001460 seconds, Stopping threads took: 0.0000520 seconds
2016-04-10T11:40:02.342+0000: 10336.351: Total time for which application threads were stopped: 0.0000320 seconds, Stopping threads took: 0.0000110 seconds
{Heap before GC invocations=138 (full 2):
 par new generation   total 109248K, used 109248K [0x00000000d5a00000, 0x00000000dda00000, 0x00000000dda00000)
  eden space 87424K, 100% used [0x00000000d5a00000, 0x00000000daf60000, 0x00000000daf60000)
  from space 21824K, 100% used [0x00000000daf60000, 0x00000000dc4b0000, 0x00000000dc4b0000)
  to   space 21824K,   0% used [0x00000000dc4b0000, 0x00000000dc4b0000, 0x00000000dda00000)
 concurrent mark-sweep generation total 393216K, used 105546K [0x00000000dda00000, 0x00000000f5a00000, 0x00000000f5a00000)
 concurrent-mark-sweep perm gen total 49672K, used 29731K [0x00000000f5a00000, 0x00000000f8a82000, 0x0000000100000000)
2016-04-10T11:40:13.127+0000: 10347.136: [GC2016-04-10T11:40:13.127+0000: 10347.136: [ParNew
Desired survivor size 20112992 bytes, new threshold 8 (max 8)
- age   1:    1850264 bytes,    1850264 total
- age   2:    1146056 bytes,    2996320 total
- age   3:    1848392 bytes,    4844712 total
- age   4:    4962792 bytes,    9807504 total
- age   5:    2400416 bytes,   12207920 total
- age   6:    2885840 bytes,   15093760 total
- age   8:     711160 bytes,   15804920 total
: 109248K->21824K(109248K), 0.0180840 secs] 214794K->133120K(502464K), 0.0181500 secs] [Times: user=0.02 sys=0.00, real=0.02 secs] 
Heap after GC invocations=139 (full 2):
 par new generation   total 109248K, used 21824K [0x00000000d5a00000, 0x00000000dda00000, 0x00000000dda00000)
  eden space 87424K,   0% used [0x00000000d5a00000, 0x00000000d5a00000, 0x00000000daf60000)
  from space 21824K, 100% used [0x00000000dc4b0000, 0x00000000dda00000, 0x00000000dda00000)
  to   space 21824K,   0% used [0x00000000daf60000, 0x00000000daf60000, 0x00000000dc4b0000)
 concurrent mark-sweep generation total 393216K, used 111296K [0x00000000dda00000, 0x00000000f5a00000, 0x00000000f5a00000)
 concurrent-mark-sweep perm gen total 49672K, used 29731K [0x00000000f5a00000, 0x00000000f8a82000, 0x0000000100000000)
}
2016-04-10T11:40:13.145+0000: 10347.154: Total time for which application threads were stopped: 0.0183520 seconds, Stopping threads took: 0.0000370 seconds
{Heap before GC invocations=139 (full 2):
 par new generation   total 109248K, used 109248K [0x00000000d5a00000, 0x00000000dda00000, 0x00000000dda00000)
  eden space 87424K, 100% used [0x00000000d5a00000, 0x00000000daf60000, 0x00000000daf60000)
  from space 21824K, 100% used [0x00000000dc4b0000, 0x00000000dda00000, 0x00000000dda00000)
  to   space 21824K,   0% used [0x00000000daf60000, 0x00000000daf60000, 0x00000000dc4b0000)
 concurrent mark-sweep generation total 393216K, used 111296K [0x00000000dda00000, 0x00000000f5a00000, 0x00000000f5a00000)
 concurrent-mark-sweep perm gen total 49672K, used 29731K [0x00000000f5a00000, 0x00000000f8a82000, 0x0000000100000000)
2016-04-10T11:40:13.674+0000: 10347.684: [GC2016-04-10T11:40:13.675+0000: 10347.684: [ParNew
Desired survivor size 20112992 bytes, new threshold 7 (max 8)
- age   1:    5318040 bytes,    5318040 total
- age   2:    1715008 bytes,    7033048 total
- age   3:    1146056 bytes,    8179104 total
- age   4:    1848392 bytes,   10027496 total
- age   5:    4962792 bytes,   14990288 total
- age   6:    2400416 bytes,   17390704 total
- age   7:    2885840 bytes,   20276544 total
: 109248K->21824K(109248K), 0.0192170 secs] 220544K->133815K(502464K), 0.0192990 secs] [Times: user=0.02 sys=0.01, real=0.02 secs] 
Heap after GC invocations=140 (full 2):
 par new generation   total 109248K, used 21824K [0x00000000d5a00000, 0x00000000dda00000, 0x00000000dda00000)
  eden space 87424K,   0% used [0x00000000d5a00000, 0x00000000d5a00000, 0x00000000daf60000)
  from space 21824K, 100% used [0x00000000daf60000, 0x00000000dc4b0000, 0x00000000dc4b0000)
  to   space 21824K,   0% used [0x00000000dc4b0000, 0x00000000dc4b0000, 0x00000000dda00000)
 concurrent mark-sweep generation total 393216K, used 111991K [0x00000000dda00000, 0x00000000f5a00000, 0x00000000f5a00000)
 concurrent-mark-sweep perm gen total 49672K, used 29731K [0x00000000f5a00000, 0x00000000f8a82000, 0x0000000100000000)
}
2016-04-10T11:40:13.694+0000: 10347.703: Total time for which application threads were stopped: 0.0194960 seconds, Stopping threads took: 0.0000280 seconds
2016-04-10T11:40:13.918+0000: 10347.927: Total time for which application threads were stopped: 0.0000680 seconds, Stopping threads took: 0.0000270 seconds
2016-04-10T11:40:13.918+0000: 10347.928: Total time for which application threads were stopped: 0.0000270 seconds, Stopping threads took: 0.0000110 seconds
2016-04-10T11:40:13.925+0000: 10347.934: Total time for which application threads were stopped: 0.0000340 seconds, Stopping threads took: 0.0000140 seconds
2016-04-10T11:40:14.041+0000: 10348.051: Total time for which application threads were stopped: 0.0000650 seconds, Stopping threads took: 0.0000250 seconds
2016-04-10T11:40:14.041+0000: 10348.051: Total time for which application threads were stopped: 0.0000270 seconds, Stopping threads took: 0.0000110 seconds
{Heap before GC invocations=140 (full 2):
 par new generation   total 109248K, used 109248K [0x00000000d5a00000, 0x00000000dda00000, 0x00000000dda00000)
  eden space 87424K, 100% used [0x00000000d5a00000, 0x00000000daf60000, 0x00000000daf60000)
  from space 21824K, 100% used [0x00000000daf60000, 0x00000000dc4b0000, 0x00000000dc4b0000)
  to   space 21824K,   0% used [0x00000000dc4b0000, 0x00000000dc4b0000, 0x00000000dda00000)
 concurrent mark-sweep generation total 393216K, used 111991K [0x00000000dda00000, 0x00000000f5a00000, 0x00000000f5a00000)
 concurrent-mark-sweep perm gen total 49672K, used 29732K [0x00000000f5a00000, 0x00000000f8a82000, 0x0000000100000000)
2016-04-10T11:40:25.226+0000: 10359.235: [GC2016-04-10T11:40:25.226+0000: 10359.235: [ParNew
Desired survivor size 20112992 bytes, new threshold 8 (max 8)
- age   1:    2928384 bytes,    2928384 total
- age   2:    1893808 bytes,    4822192 total
- age   3:    1506416 bytes,    6328608 total
- age   4:    1145952 bytes,    7474560 total
- age   5:    1848352 bytes,    9322912 total
- age   6:    4962792 bytes,   14285704 total
- age   7:    2333304 bytes,   16619008 total
: 109248K->21824K(109248K), 0.0213170 secs] 221239K->139083K(502464K), 0.0213970 secs] [Times: user=0.02 sys=0.00, real=0.02 secs] 
Heap after GC invocations=141 (full 2):
 par new generation   total 109248K, used 21824K [0x00000000d5a00000, 0x00000000dda00000, 0x00000000dda00000)
  eden space 87424K,   0% used [0x00000000d5a00000, 0x00000000d5a00000, 0x00000000daf60000)
  from space 21824K, 100% used [0x00000000dc4b0000, 0x00000000dda00000, 0x00000000dda00000)
  to   space 21824K,   0% used [0x00000000daf60000, 0x00000000daf60000, 0x00000000dc4b0000)
 concurrent mark-sweep generation total 393216K, used 117259K [0x00000000dda00000, 0x00000000f5a00000, 0x00000000f5a00000)
 concurrent-mark-sweep perm gen total 49672K, used 29732K [0x00000000f5a00000, 0x00000000f8a82000, 0x0000000100000000)
}
2016-04-10T11:40:25.247+0000: 10359.257: Total time for which application threads were stopped: 0.0216190 seconds, Stopping threads took: 0.0000420 seconds
{Heap before GC invocations=141 (full 2):
 par new generation   total 109248K, used 109248K [0x00000000d5a00000, 0x00000000dda00000, 0x00000000dda00000)
  eden space 87424K, 100% used [0x00000000d5a00000, 0x00000000daf60000, 0x00000000daf60000)
  from space 21824K, 100% used [0x00000000dc4b0000, 0x00000000dda00000, 0x00000000dda00000)
  to   space 21824K,   0% used [0x00000000daf60000, 0x00000000daf60000, 0x00000000dc4b0000)
 concurrent mark-sweep generation total 393216K, used 117259K [0x00000000dda00000, 0x00000000f5a00000, 0x00000000f5a00000)
 concurrent-mark-sweep perm gen total 49672K, used 29732K [0x00000000f5a00000, 0x00000000f8a82000, 0x0000000100000000)
2016-04-10T11:40:25.768+0000: 10359.777: [GC2016-04-10T11:40:25.768+0000: 10359.777: [ParNew
Desired survivor size 20112992 bytes, new threshold 8 (max 8)
- age   1:    4965776 bytes,    4965776 total
- age   2:    2858136 bytes,    7823912 total
- age   3:    1893808 bytes,    9717720 total
- age   4:     912808 bytes,   10630528 total
- age   5:    1079056 bytes,   11709584 total
- age   6:    1848176 bytes,   13557760 total
- age   7:    4962792 bytes,   18520552 total
- age   8:    2333304 bytes,   20853856 total
: 109248K->21824K(109248K), 0.0193150 secs] 226507K->140788K(502464K), 0.0193970 secs] [Times: user=0.02 sys=0.00, real=0.02 secs] 
Heap after GC invocations=142 (full 2):
 par new generation   total 109248K, used 21824K [0x00000000d5a00000, 0x00000000dda00000, 0x00000000dda00000)
  eden space 87424K,   0% used [0x00000000d5a00000, 0x00000000d5a00000, 0x00000000daf60000)
  from space 21824K, 100% used [0x00000000daf60000, 0x00000000dc4b0000, 0x00000000dc4b0000)
  to   space 21824K,   0% used [0x00000000dc4b0000, 0x00000000dc4b0000, 0x00000000dda00000)
 concurrent mark-sweep generation total 393216K, used 118964K [0x00000000dda00000, 0x00000000f5a00000, 0x00000000f5a00000)
 concurrent-mark-sweep perm gen total 49672K, used 29732K [0x00000000f5a00000, 0x00000000f8a82000, 0x0000000100000000)
}
2016-04-10T11:40:25.787+0000: 10359.797: Total time for which application threads were stopped: 0.0196080 seconds, Stopping threads took: 0.0000300 seconds
2016-04-10T11:40:25.804+0000: 10359.813: Total time for which application threads were stopped: 0.0000500 seconds, Stopping threads took: 0.0000190 seconds
2016-04-10T11:40:25.811+0000: 10359.820: Total time for which application threads were stopped: 0.0000500 seconds, Stopping threads took: 0.0000250 seconds
2016-04-10T11:40:25.935+0000: 10359.945: Total time for which application threads were stopped: 0.0000660 seconds, Stopping threads took: 0.0000260 seconds
2016-04-10T11:40:25.936+0000: 10359.945: Total time for which application threads were stopped: 0.0000350 seconds, Stopping threads took: 0.0000190 seconds
{Heap before GC invocations=142 (full 2):
 par new generation   total 109248K, used 109248K [0x00000000d5a00000, 0x00000000dda00000, 0x00000000dda00000)
  eden space 87424K, 100% used [0x00000000d5a00000, 0x00000000daf60000, 0x00000000daf60000)
  from space 21824K, 100% used [0x00000000daf60000, 0x00000000dc4b0000, 0x00000000dc4b0000)
  to   space 21824K,   0% used [0x00000000dc4b0000, 0x00000000dc4b0000, 0x00000000dda00000)
 concurrent mark-sweep generation total 393216K, used 118964K [0x00000000dda00000, 0x00000000f5a00000, 0x00000000f5a00000)
 concurrent-mark-sweep perm gen total 49672K, used 29736K [0x00000000f5a00000, 0x00000000f8a82000, 0x0000000100000000)
2016-04-10T11:40:37.605+0000: 10371.614: [GC2016-04-10T11:40:37.605+0000: 10371.614: [ParNew
Desired survivor size 20112992 bytes, new threshold 8 (max 8)
- age   1:    5137440 bytes,    5137440 total
- age   2:    2558352 bytes,    7695792 total
- age   3:     874232 bytes,    8570024 total
- age   4:    1893808 bytes,   10463832 total
- age   5:     911432 bytes,   11375264 total
- age   6:    1079056 bytes,   12454320 total
- age   7:     600336 bytes,   13054656 total
- age   8:    4929464 bytes,   17984120 total
: 109248K->21824K(109248K), 0.0245030 secs] 228212K->148829K(502464K), 0.0245740 secs] [Times: user=0.02 sys=0.00, real=0.02 secs] 
Heap after GC invocations=143 (full 2):
 par new generation   total 109248K, used 21824K [0x00000000d5a00000, 0x00000000dda00000, 0x00000000dda00000)
  eden space 87424K,   0% used [0x00000000d5a00000, 0x00000000d5a00000, 0x00000000daf60000)
  from space 21824K, 100% used [0x00000000dc4b0000, 0x00000000dda00000, 0x00000000dda00000)
  to   space 21824K,   0% used [0x00000000daf60000, 0x00000000daf60000, 0x00000000dc4b0000)
 concurrent mark-sweep generation total 393216K, used 127005K [0x00000000dda00000, 0x00000000f5a00000, 0x00000000f5a00000)
 concurrent-mark-sweep perm gen total 49672K, used 29736K [0x00000000f5a00000, 0x00000000f8a82000, 0x0000000100000000)
}
2016-04-10T11:40:37.630+0000: 10371.639: Total time for which application threads were stopped: 0.0247830 seconds, Stopping threads took: 0.0000370 seconds
2016-04-10T11:40:38.177+0000: 10372.186: Total time for which application threads were stopped: 0.0001520 seconds, Stopping threads took: 0.0000220 seconds
2016-04-10T11:40:38.184+0000: 10372.194: Total time for which application threads were stopped: 0.0000600 seconds, Stopping threads took: 0.0000230 seconds
2016-04-10T11:40:38.324+0000: 10372.333: Total time for which application threads were stopped: 0.0000670 seconds, Stopping threads took: 0.0000260 seconds
2016-04-10T11:40:38.324+0000: 10372.333: Total time for which application threads were stopped: 0.0000250 seconds, Stopping threads took: 0.0000100 seconds
{Heap before GC invocations=143 (full 2):
 par new generation   total 109248K, used 109248K [0x00000000d5a00000, 0x00000000dda00000, 0x00000000dda00000)
  eden space 87424K, 100% used [0x00000000d5a00000, 0x00000000daf60000, 0x00000000daf60000)
  from space 21824K, 100% used [0x00000000dc4b0000, 0x00000000dda00000, 0x00000000dda00000)
  to   space 21824K,   0% used [0x00000000daf60000, 0x00000000daf60000, 0x00000000dc4b0000)
 concurrent mark-sweep generation total 393216K, used 127005K [0x00000000dda00000, 0x00000000f5a00000, 0x00000000f5a00000)
 concurrent-mark-sweep perm gen total 49672K, used 29737K [0x00000000f5a00000, 0x00000000f8a82000, 0x0000000100000000)
2016-04-10T11:40:49.578+0000: 10383.587: [GC2016-04-10T11:40:49.578+0000: 10383.587: [ParNew
Desired survivor size 20112992 bytes, new threshold 8 (max 8)
- age   1:    2895408 bytes,    2895408 total
- age   2:    1910688 bytes,    4806096 total
- age   3:    2558256 bytes,    7364352 total
- age   4:     873400 bytes,    8237752 total
- age   5:    1893808 bytes,   10131560 total
- age   6:     844536 bytes,   10976096 total
- age   7:    1079056 bytes,   12055152 total
- age   8:     600336 bytes,   12655488 total
: 109248K->17642K(109248K), 0.0215350 secs] 236253K->149462K(502464K), 0.0216070 secs] [Times: user=0.02 sys=0.01, real=0.03 secs] 
Heap after GC invocations=144 (full 2):
 par new generation   total 109248K, used 17642K [0x00000000d5a00000, 0x00000000dda00000, 0x00000000dda00000)
  eden space 87424K,   0% used [0x00000000d5a00000, 0x00000000d5a00000, 0x00000000daf60000)
  from space 21824K,  80% used [0x00000000daf60000, 0x00000000dc09aae0, 0x00000000dc4b0000)
  to   space 21824K,   0% used [0x00000000dc4b0000, 0x00000000dc4b0000, 0x00000000dda00000)
 concurrent mark-sweep generation total 393216K, used 131819K [0x00000000dda00000, 0x00000000f5a00000, 0x00000000f5a00000)
 concurrent-mark-sweep perm gen total 49672K, used 29737K [0x00000000f5a00000, 0x00000000f8a82000, 0x0000000100000000)
}
2016-04-10T11:40:49.600+0000: 10383.609: Total time for which application threads were stopped: 0.0218070 seconds, Stopping threads took: 0.0000390 seconds
{Heap before GC invocations=144 (full 2):
 par new generation   total 109248K, used 105066K [0x00000000d5a00000, 0x00000000dda00000, 0x00000000dda00000)
  eden space 87424K, 100% used [0x00000000d5a00000, 0x00000000daf60000, 0x00000000daf60000)
  from space 21824K,  80% used [0x00000000daf60000, 0x00000000dc09aae0, 0x00000000dc4b0000)
  to   space 21824K,   0% used [0x00000000dc4b0000, 0x00000000dc4b0000, 0x00000000dda00000)
 concurrent mark-sweep generation total 393216K, used 131819K [0x00000000dda00000, 0x00000000f5a00000, 0x00000000f5a00000)
 concurrent-mark-sweep perm gen total 49672K, used 29737K [0x00000000f5a00000, 0x00000000f8a82000, 0x0000000100000000)
2016-04-10T11:40:50.139+0000: 10384.149: [GC2016-04-10T11:40:50.139+0000: 10384.149: [ParNew
Desired survivor size 20112992 bytes, new threshold 8 (max 8)
- age   1:    5461400 bytes,    5461400 total
- age   2:    2470168 bytes,    7931568 total
- age   3:    1910688 bytes,    9842256 total
- age   4:    2558256 bytes,   12400512 total
- age   5:     873400 bytes,   13273912 total
- age   6:    1893808 bytes,   15167720 total
- age   7:     844536 bytes,   16012256 total
- age   8:    1079056 bytes,   17091312 total
: 105066K->20351K(109248K), 0.0193520 secs] 236886K->152758K(502464K), 0.0194190 secs] [Times: user=0.02 sys=0.00, real=0.02 secs] 
Heap after GC invocations=145 (full 2):
 par new generation   total 109248K, used 20351K [0x00000000d5a00000, 0x00000000dda00000, 0x00000000dda00000)
  eden space 87424K,   0% used [0x00000000d5a00000, 0x00000000d5a00000, 0x00000000daf60000)
  from space 21824K,  93% used [0x00000000dc4b0000, 0x00000000dd88ff40, 0x00000000dda00000)
  to   space 21824K,   0% used [0x00000000daf60000, 0x00000000daf60000, 0x00000000dc4b0000)
 concurrent mark-sweep generation total 393216K, used 132407K [0x00000000dda00000, 0x00000000f5a00000, 0x00000000f5a00000)
 concurrent-mark-sweep perm gen total 49672K, used 29737K [0x00000000f5a00000, 0x00000000f8a82000, 0x0000000100000000)
}
2016-04-10T11:40:50.159+0000: 10384.168: Total time for which application threads were stopped: 0.0196390 seconds, Stopping threads took: 0.0000280 seconds
2016-04-10T11:40:50.246+0000: 10384.256: Total time for which application threads were stopped: 0.0000970 seconds, Stopping threads took: 0.0000270 seconds
2016-04-10T11:40:50.374+0000: 10384.384: Total time for which application threads were stopped: 0.0000830 seconds, Stopping threads took: 0.0000250 seconds
2016-04-10T11:40:50.375+0000: 10384.384: Total time for which application threads were stopped: 0.0000290 seconds, Stopping threads took: 0.0000120 seconds
{Heap before GC invocations=145 (full 2):
 par new generation   total 109248K, used 107775K [0x00000000d5a00000, 0x00000000dda00000, 0x00000000dda00000)
  eden space 87424K, 100% used [0x00000000d5a00000, 0x00000000daf60000, 0x00000000daf60000)
  from space 21824K,  93% used [0x00000000dc4b0000, 0x00000000dd88ff40, 0x00000000dda00000)
  to   space 21824K,   0% used [0x00000000daf60000, 0x00000000daf60000, 0x00000000dc4b0000)
 concurrent mark-sweep generation total 393216K, used 132407K [0x00000000dda00000, 0x00000000f5a00000, 0x00000000f5a00000)
 concurrent-mark-sweep perm gen total 49672K, used 29737K [0x00000000f5a00000, 0x00000000f8a82000, 0x0000000100000000)
2016-04-10T11:41:01.950+0000: 10395.960: [GC2016-04-10T11:41:01.950+0000: 10395.960: [ParNew
Desired survivor size 20112992 bytes, new threshold 8 (max 8)
- age   1:    6215528 bytes,    6215528 total
- age   2:    1904960 bytes,    8120488 total
- age   3:    1507168 bytes,    9627656 total
- age   4:    1910536 bytes,   11538192 total
- age   5:    2558256 bytes,   14096448 total
- age   6:     872032 bytes,   14968480 total
- age   7:    1893808 bytes,   16862288 total
- age   8:     844536 bytes,   17706824 total
: 107775K->21824K(109248K), 0.0224200 secs] 240182K->155284K(502464K), 0.0225120 secs] [Times: user=0.01 sys=0.01, real=0.03 secs] 
Heap after GC invocations=146 (full 2):
 par new generation   total 109248K, used 21824K [0x00000000d5a00000, 0x00000000dda00000, 0x00000000dda00000)
  eden space 87424K,   0% used [0x00000000d5a00000, 0x00000000d5a00000, 0x00000000daf60000)
  from space 21824K, 100% used [0x00000000daf60000, 0x00000000dc4b0000, 0x00000000dc4b0000)
  to   space 21824K,   0% used [0x00000000dc4b0000, 0x00000000dc4b0000, 0x00000000dda00000)
 concurrent mark-sweep generation total 393216K, used 133460K [0x00000000dda00000, 0x00000000f5a00000, 0x00000000f5a00000)
 concurrent-mark-sweep perm gen total 49672K, used 29737K [0x00000000f5a00000, 0x00000000f8a82000, 0x0000000100000000)
}
2016-04-10T11:41:01.973+0000: 10395.982: Total time for which application threads were stopped: 0.0227220 seconds, Stopping threads took: 0.0000460 seconds
2016-04-10T11:41:02.348+0000: 10396.357: Total time for which application threads were stopped: 0.0000690 seconds, Stopping threads took: 0.0000270 seconds
2016-04-10T11:41:02.356+0000: 10396.365: Total time for which application threads were stopped: 0.0000690 seconds, Stopping threads took: 0.0000270 seconds
2016-04-10T11:41:02.476+0000: 10396.485: Total time for which application threads were stopped: 0.0001240 seconds, Stopping threads took: 0.0000270 seconds
2016-04-10T11:41:02.476+0000: 10396.485: Total time for which application threads were stopped: 0.0000270 seconds, Stopping threads took: 0.0000110 seconds
{Heap before GC invocations=146 (full 2):
 par new generation   total 109248K, used 109248K [0x00000000d5a00000, 0x00000000dda00000, 0x00000000dda00000)
  eden space 87424K, 100% used [0x00000000d5a00000, 0x00000000daf60000, 0x00000000daf60000)
  from space 21824K, 100% used [0x00000000daf60000, 0x00000000dc4b0000, 0x00000000dc4b0000)
  to   space 21824K,   0% used [0x00000000dc4b0000, 0x00000000dc4b0000, 0x00000000dda00000)
 concurrent mark-sweep generation total 393216K, used 133460K [0x00000000dda00000, 0x00000000f5a00000, 0x00000000f5a00000)
 concurrent-mark-sweep perm gen total 49672K, used 29737K [0x00000000f5a00000, 0x00000000f8a82000, 0x0000000100000000)
2016-04-10T11:41:13.688+0000: 10407.697: [GC2016-04-10T11:41:13.688+0000: 10407.697: [ParNew
Desired survivor size 20112992 bytes, new threshold 8 (max 8)
- age   1:    4086784 bytes,    4086784 total
- age   2:    3356816 bytes,    7443600 total
- age   3:    1904960 bytes,    9348560 total
- age   4:    1503032 bytes,   10851592 total
- age   5:    1905288 bytes,   12756880 total
- age   6:     616152 bytes,   13373032 total
- age   7:     836928 bytes,   14209960 total
- age   8:    1893400 bytes,   16103360 total
: 109248K->21824K(109248K), 0.0251190 secs] 242708K->158526K(502464K), 0.0251860 secs] [Times: user=0.03 sys=0.00, real=0.03 secs] 
Heap after GC invocations=147 (full 2):
 par new generation   total 109248K, used 21824K [0x00000000d5a00000, 0x00000000dda00000, 0x00000000dda00000)
  eden space 87424K,   0% used [0x00000000d5a00000, 0x00000000d5a00000, 0x00000000daf60000)
  from space 21824K, 100% used [0x00000000dc4b0000, 0x00000000dda00000, 0x00000000dda00000)
  to   space 21824K,   0% used [0x00000000daf60000, 0x00000000daf60000, 0x00000000dc4b0000)
 concurrent mark-sweep generation total 393216K, used 136702K [0x00000000dda00000, 0x00000000f5a00000, 0x00000000f5a00000)
 concurrent-mark-sweep perm gen total 49672K, used 29737K [0x00000000f5a00000, 0x00000000f8a82000, 0x0000000100000000)
}
2016-04-10T11:41:13.713+0000: 10407.722: Total time for which application threads were stopped: 0.0253750 seconds, Stopping threads took: 0.0000380 seconds
{Heap before GC invocations=147 (full 2):
 par new generation   total 109248K, used 109248K [0x00000000d5a00000, 0x00000000dda00000, 0x00000000dda00000)
  eden space 87424K, 100% used [0x00000000d5a00000, 0x00000000daf60000, 0x00000000daf60000)
  from space 21824K, 100% used [0x00000000dc4b0000, 0x00000000dda00000, 0x00000000dda00000)
  to   space 21824K,   0% used [0x00000000daf60000, 0x00000000daf60000, 0x00000000dc4b0000)
 concurrent mark-sweep generation total 393216K, used 136702K [0x00000000dda00000, 0x00000000f5a00000, 0x00000000f5a00000)
 concurrent-mark-sweep perm gen total 49672K, used 29737K [0x00000000f5a00000, 0x00000000f8a82000, 0x0000000100000000)
2016-04-10T11:41:14.269+0000: 10408.279: [GC2016-04-10T11:41:14.269+0000: 10408.279: [ParNew
Desired survivor size 20112992 bytes, new threshold 8 (max 8)
- age   1:    5239832 bytes,    5239832 total
- age   2:    3718800 bytes,    8958632 total
- age   3:    3355608 bytes,   12314240 total
- age   4:    1904960 bytes,   14219200 total
- age   5:    1436136 bytes,   15655336 total
- age   6:    1905288 bytes,   17560624 total
- age   7:     616152 bytes,   18176776 total
- age   8:     836928 bytes,   19013704 total
: 109248K->20126K(109248K), 0.0236250 secs] 245950K->158677K(502464K), 0.0237160 secs] [Times: user=0.02 sys=0.00, real=0.03 secs] 
Heap after GC invocations=148 (full 2):
 par new generation   total 109248K, used 20126K [0x00000000d5a00000, 0x00000000dda00000, 0x00000000dda00000)
  eden space 87424K,   0% used [0x00000000d5a00000, 0x00000000d5a00000, 0x00000000daf60000)
  from space 21824K,  92% used [0x00000000daf60000, 0x00000000dc307940, 0x00000000dc4b0000)
  to   space 21824K,   0% used [0x00000000dc4b0000, 0x00000000dc4b0000, 0x00000000dda00000)
 concurrent mark-sweep generation total 393216K, used 138551K [0x00000000dda00000, 0x00000000f5a00000, 0x00000000f5a00000)
 concurrent-mark-sweep perm gen total 49672K, used 29737K [0x00000000f5a00000, 0x00000000f8a82000, 0x0000000100000000)
}
2016-04-10T11:41:14.293+0000: 10408.302: Total time for which application threads were stopped: 0.0238970 seconds, Stopping threads took: 0.0000260 seconds
2016-04-10T11:41:14.349+0000: 10408.358: Total time for which application threads were stopped: 0.0000890 seconds, Stopping threads took: 0.0000380 seconds
2016-04-10T11:41:14.356+0000: 10408.365: Total time for which application threads were stopped: 0.0000420 seconds, Stopping threads took: 0.0000150 seconds
2016-04-10T11:41:14.466+0000: 10408.475: Total time for which application threads were stopped: 0.0000640 seconds, Stopping threads took: 0.0000250 seconds
2016-04-10T11:41:14.466+0000: 10408.475: Total time for which application threads were stopped: 0.0000260 seconds, Stopping threads took: 0.0000110 seconds
{Heap before GC invocations=148 (full 2):
 par new generation   total 109248K, used 107550K [0x00000000d5a00000, 0x00000000dda00000, 0x00000000dda00000)
  eden space 87424K, 100% used [0x00000000d5a00000, 0x00000000daf60000, 0x00000000daf60000)
  from space 21824K,  92% used [0x00000000daf60000, 0x00000000dc307940, 0x00000000dc4b0000)
  to   space 21824K,   0% used [0x00000000dc4b0000, 0x00000000dc4b0000, 0x00000000dda00000)
 concurrent mark-sweep generation total 393216K, used 138551K [0x00000000dda00000, 0x00000000f5a00000, 0x00000000f5a00000)
 concurrent-mark-sweep perm gen total 49672K, used 29737K [0x00000000f5a00000, 0x00000000f8a82000, 0x0000000100000000)
2016-04-10T11:41:25.146+0000: 10419.155: [GC2016-04-10T11:41:25.146+0000: 10419.155: [ParNew
Desired survivor size 20112992 bytes, new threshold 8 (max 8)
- age   1:    5940616 bytes,    5940616 total
- age   2:    1882072 bytes,    7822688 total
- age   3:    3025328 bytes,   10848016 total
- age   4:    3277112 bytes,   14125128 total
- age   5:     791120 bytes,   14916248 total
- age   6:    1435888 bytes,   16352136 total
- age   7:    1905288 bytes,   18257424 total
- age   8:     616152 bytes,   18873576 total
: 107550K->21824K(109248K), 0.0210920 secs] 246101K->162291K(502464K), 0.0211620 secs] [Times: user=0.02 sys=0.00, real=0.02 secs] 
Heap after GC invocations=149 (full 2):
 par new generation   total 109248K, used 21824K [0x00000000d5a00000, 0x00000000dda00000, 0x00000000dda00000)
  eden space 87424K,   0% used [0x00000000d5a00000, 0x00000000d5a00000, 0x00000000daf60000)
  from space 21824K, 100% used [0x00000000dc4b0000, 0x00000000dda00000, 0x00000000dda00000)
  to   space 21824K,   0% used [0x00000000daf60000, 0x00000000daf60000, 0x00000000dc4b0000)
 concurrent mark-sweep generation total 393216K, used 140467K [0x00000000dda00000, 0x00000000f5a00000, 0x00000000f5a00000)
 concurrent-mark-sweep perm gen total 49672K, used 29737K [0x00000000f5a00000, 0x00000000f8a82000, 0x0000000100000000)
}
2016-04-10T11:41:25.167+0000: 10419.176: Total time for which application threads were stopped: 0.0213810 seconds, Stopping threads took: 0.0000450 seconds
2016-04-10T11:41:25.185+0000: 10419.194: Total time for which application threads were stopped: 0.0000570 seconds, Stopping threads took: 0.0000220 seconds
2016-04-10T11:41:25.191+0000: 10419.200: Total time for which application threads were stopped: 0.0000310 seconds, Stopping threads took: 0.0000140 seconds
2016-04-10T11:41:25.265+0000: 10419.274: Total time for which application threads were stopped: 0.0000640 seconds, Stopping threads took: 0.0000250 seconds
2016-04-10T11:41:25.265+0000: 10419.274: Total time for which application threads were stopped: 0.0000260 seconds, Stopping threads took: 0.0000110 seconds
2016-04-10T11:41:36.141+0000: 10430.150: Total time for which application threads were stopped: 0.0001420 seconds, Stopping threads took: 0.0000570 seconds
2016-04-10T11:41:36.146+0000: 10430.155: Total time for which application threads were stopped: 0.0000550 seconds, Stopping threads took: 0.0000190 seconds
2016-04-10T11:41:36.248+0000: 10430.257: Total time for which application threads were stopped: 0.0000570 seconds, Stopping threads took: 0.0000200 seconds
2016-04-10T11:41:36.248+0000: 10430.257: Total time for which application threads were stopped: 0.0000250 seconds, Stopping threads took: 0.0000100 seconds
{Heap before GC invocations=149 (full 2):
 par new generation   total 109248K, used 109248K [0x00000000d5a00000, 0x00000000dda00000, 0x00000000dda00000)
  eden space 87424K, 100% used [0x00000000d5a00000, 0x00000000daf60000, 0x00000000daf60000)
  from space 21824K, 100% used [0x00000000dc4b0000, 0x00000000dda00000, 0x00000000dda00000)
  to   space 21824K,   0% used [0x00000000daf60000, 0x00000000daf60000, 0x00000000dc4b0000)
 concurrent mark-sweep generation total 393216K, used 140467K [0x00000000dda00000, 0x00000000f5a00000, 0x00000000f5a00000)
 concurrent-mark-sweep perm gen total 49672K, used 29738K [0x00000000f5a00000, 0x00000000f8a82000, 0x0000000100000000)
2016-04-10T11:41:46.854+0000: 10440.863: [GC2016-04-10T11:41:46.855+0000: 10440.864: [ParNew
Desired survivor size 20112992 bytes, new threshold 8 (max 8)
- age   1:    3232064 bytes,    3232064 total
- age   2:    3175656 bytes,    6407720 total
- age   3:      26472 bytes,    6434192 total
- age   4:    2904576 bytes,    9338768 total
- age   5:    3276280 bytes,   12615048 total
- age   6:     791120 bytes,   13406168 total
- age   7:    1434904 bytes,   14841072 total
- age   8:    1724744 bytes,   16565816 total
: 109248K->21824K(109248K), 0.0176190 secs] 249715K->165089K(502464K), 0.0181810 secs] [Times: user=0.02 sys=0.00, real=0.02 secs] 
Heap after GC invocations=150 (full 2):
 par new generation   total 109248K, used 21824K [0x00000000d5a00000, 0x00000000dda00000, 0x00000000dda00000)
  eden space 87424K,   0% used [0x00000000d5a00000, 0x00000000d5a00000, 0x00000000daf60000)
  from space 21824K, 100% used [0x00000000daf60000, 0x00000000dc4b0000, 0x00000000dc4b0000)
  to   space 21824K,   0% used [0x00000000dc4b0000, 0x00000000dc4b0000, 0x00000000dda00000)
 concurrent mark-sweep generation total 393216K, used 143265K [0x00000000dda00000, 0x00000000f5a00000, 0x00000000f5a00000)
 concurrent-mark-sweep perm gen total 49672K, used 29738K [0x00000000f5a00000, 0x00000000f8a82000, 0x0000000100000000)
}
2016-04-10T11:41:46.872+0000: 10440.882: Total time for which application threads were stopped: 0.0183890 seconds, Stopping threads took: 0.0000370 seconds
2016-04-10T11:41:47.298+0000: 10441.308: Total time for which application threads were stopped: 0.0000700 seconds, Stopping threads took: 0.0000290 seconds
2016-04-10T11:41:47.304+0000: 10441.313: Total time for which application threads were stopped: 0.0000420 seconds, Stopping threads took: 0.0000150 seconds
2016-04-10T11:41:47.307+0000: 10441.317: Total time for which application threads were stopped: 0.0000610 seconds, Stopping threads took: 0.0000130 seconds
2016-04-10T11:41:47.315+0000: 10441.325: Total time for which application threads were stopped: 0.0000430 seconds, Stopping threads took: 0.0000190 seconds
2016-04-10T11:41:47.340+0000: 10441.350: Total time for which application threads were stopped: 0.0000680 seconds, Stopping threads took: 0.0000270 seconds
2016-04-10T11:41:47.371+0000: 10441.380: Total time for which application threads were stopped: 0.0001230 seconds, Stopping threads took: 0.0000290 seconds
2016-04-10T11:41:47.385+0000: 10441.394: Total time for which application threads were stopped: 0.0001440 seconds, Stopping threads took: 0.0000220 seconds
2016-04-10T11:41:47.385+0000: 10441.394: Total time for which application threads were stopped: 0.0000750 seconds, Stopping threads took: 0.0000120 seconds
2016-04-10T11:41:47.396+0000: 10441.406: Total time for which application threads were stopped: 0.0000760 seconds, Stopping threads took: 0.0000240 seconds
2016-04-10T11:41:47.426+0000: 10441.435: Total time for which application threads were stopped: 0.0000760 seconds, Stopping threads took: 0.0000290 seconds
2016-04-10T11:41:47.436+0000: 10441.445: Total time for which application threads were stopped: 0.0000540 seconds, Stopping threads took: 0.0000210 seconds
2016-04-10T11:41:47.437+0000: 10441.446: Total time for which application threads were stopped: 0.0000300 seconds, Stopping threads took: 0.0000130 seconds
2016-04-10T11:41:47.441+0000: 10441.451: Total time for which application threads were stopped: 0.0000310 seconds, Stopping threads took: 0.0000130 seconds
2016-04-10T11:41:47.442+0000: 10441.451: Total time for which application threads were stopped: 0.0000290 seconds, Stopping threads took: 0.0000120 seconds
2016-04-10T11:41:47.450+0000: 10441.459: Total time for which application threads were stopped: 0.0000350 seconds, Stopping threads took: 0.0000150 seconds
2016-04-10T11:41:47.450+0000: 10441.459: Total time for which application threads were stopped: 0.0000290 seconds, Stopping threads took: 0.0000120 seconds
2016-04-10T11:41:47.452+0000: 10441.462: Total time for which application threads were stopped: 0.0000300 seconds, Stopping threads took: 0.0000130 seconds
2016-04-10T11:41:47.453+0000: 10441.462: Total time for which application threads were stopped: 0.0000960 seconds, Stopping threads took: 0.0000110 seconds
{Heap before GC invocations=150 (full 2):
 par new generation   total 109248K, used 109248K [0x00000000d5a00000, 0x00000000dda00000, 0x00000000dda00000)
  eden space 87424K, 100% used [0x00000000d5a00000, 0x00000000daf60000, 0x00000000daf60000)
  from space 21824K, 100% used [0x00000000daf60000, 0x00000000dc4b0000, 0x00000000dc4b0000)
  to   space 21824K,   0% used [0x00000000dc4b0000, 0x00000000dc4b0000, 0x00000000dda00000)
 concurrent mark-sweep generation total 393216K, used 143265K [0x00000000dda00000, 0x00000000f5a00000, 0x00000000f5a00000)
 concurrent-mark-sweep perm gen total 49672K, used 29738K [0x00000000f5a00000, 0x00000000f8a82000, 0x0000000100000000)
2016-04-10T11:41:47.481+0000: 10441.491: [GC2016-04-10T11:41:47.481+0000: 10441.491: [ParNew
Desired survivor size 20112992 bytes, new threshold 8 (max 8)
- age   1:    2356672 bytes,    2356672 total
- age   2:    2787368 bytes,    5144040 total
- age   3:    3108736 bytes,    8252776 total
- age   4:      26472 bytes,    8279248 total
- age   5:    2904360 bytes,   11183608 total
- age   6:    3276200 bytes,   14459808 total
- age   7:     791120 bytes,   15250928 total
- age   8:    1434824 bytes,   16685752 total
: 109248K->18462K(109248K), 0.0250060 secs] 252513K->163412K(502464K), 0.0250750 secs] [Times: user=0.02 sys=0.00, real=0.02 secs] 
Heap after GC invocations=151 (full 2):
 par new generation   total 109248K, used 18462K [0x00000000d5a00000, 0x00000000dda00000, 0x00000000dda00000)
  eden space 87424K,   0% used [0x00000000d5a00000, 0x00000000d5a00000, 0x00000000daf60000)
  from space 21824K,  84% used [0x00000000dc4b0000, 0x00000000dd6b7a70, 0x00000000dda00000)
  to   space 21824K,   0% used [0x00000000daf60000, 0x00000000daf60000, 0x00000000dc4b0000)
 concurrent mark-sweep generation total 393216K, used 144949K [0x00000000dda00000, 0x00000000f5a00000, 0x00000000f5a00000)
 concurrent-mark-sweep perm gen total 49672K, used 29738K [0x00000000f5a00000, 0x00000000f8a82000, 0x0000000100000000)
}
2016-04-10T11:41:47.506+0000: 10441.516: Total time for which application threads were stopped: 0.0253220 seconds, Stopping threads took: 0.0001160 seconds
{Heap before GC invocations=151 (full 2):
 par new generation   total 109248K, used 105886K [0x00000000d5a00000, 0x00000000dda00000, 0x00000000dda00000)
  eden space 87424K, 100% used [0x00000000d5a00000, 0x00000000daf60000, 0x00000000daf60000)
  from space 21824K,  84% used [0x00000000dc4b0000, 0x00000000dd6b7a70, 0x00000000dda00000)
  to   space 21824K,   0% used [0x00000000daf60000, 0x00000000daf60000, 0x00000000dc4b0000)
 concurrent mark-sweep generation total 393216K, used 144949K [0x00000000dda00000, 0x00000000f5a00000, 0x00000000f5a00000)
 concurrent-mark-sweep perm gen total 49672K, used 29738K [0x00000000f5a00000, 0x00000000f8a82000, 0x0000000100000000)
2016-04-10T11:41:48.164+0000: 10442.173: [GC2016-04-10T11:41:48.164+0000: 10442.173: [ParNew
Desired survivor size 20112992 bytes, new threshold 8 (max 8)
- age   1:     266256 bytes,     266256 total
- age   2:    1579984 bytes,    1846240 total
- age   3:    2784696 bytes,    4630936 total
- age   4:    2105016 bytes,    6735952 total
- age   5:      26472 bytes,    6762424 total
- age   6:    2904360 bytes,    9666784 total
- age   7:    3276200 bytes,   12942984 total
- age   8:     791120 bytes,   13734104 total
: 105886K->21824K(109248K), 0.0152470 secs] 250836K->169830K(502464K), 0.0153210 secs] [Times: user=0.02 sys=0.00, real=0.02 secs] 
Heap after GC invocations=152 (full 2):
 par new generation   total 109248K, used 21824K [0x00000000d5a00000, 0x00000000dda00000, 0x00000000dda00000)
  eden space 87424K,   0% used [0x00000000d5a00000, 0x00000000d5a00000, 0x00000000daf60000)
  from space 21824K, 100% used [0x00000000daf60000, 0x00000000dc4b0000, 0x00000000dc4b0000)
  to   space 21824K,   0% used [0x00000000dc4b0000, 0x00000000dc4b0000, 0x00000000dda00000)
 concurrent mark-sweep generation total 393216K, used 148006K [0x00000000dda00000, 0x00000000f5a00000, 0x00000000f5a00000)
 concurrent-mark-sweep perm gen total 49672K, used 29738K [0x00000000f5a00000, 0x00000000f8a82000, 0x0000000100000000)
}
2016-04-10T11:41:48.179+0000: 10442.188: Total time for which application threads were stopped: 0.0155230 seconds, Stopping threads took: 0.0000380 seconds
2016-04-10T11:41:48.223+0000: 10442.233: Total time for which application threads were stopped: 0.0000760 seconds, Stopping threads took: 0.0000260 seconds
2016-04-10T11:41:48.223+0000: 10442.233: Total time for which application threads were stopped: 0.0000300 seconds, Stopping threads took: 0.0000120 seconds
2016-04-10T11:41:48.225+0000: 10442.234: Total time for which application threads were stopped: 0.0000390 seconds, Stopping threads took: 0.0000160 seconds
2016-04-10T11:41:59.226+0000: 10453.236: Total time for which application threads were stopped: 0.0001330 seconds, Stopping threads took: 0.0000350 seconds
{Heap before GC invocations=152 (full 2):
 par new generation   total 109248K, used 109234K [0x00000000d5a00000, 0x00000000dda00000, 0x00000000dda00000)
  eden space 87424K,  99% used [0x00000000d5a00000, 0x00000000daf5cbe8, 0x00000000daf60000)
  from space 21824K, 100% used [0x00000000daf60000, 0x00000000dc4b0000, 0x00000000dc4b0000)
  to   space 21824K,   0% used [0x00000000dc4b0000, 0x00000000dc4b0000, 0x00000000dda00000)
 concurrent mark-sweep generation total 393216K, used 148006K [0x00000000dda00000, 0x00000000f5a00000, 0x00000000f5a00000)
 concurrent-mark-sweep perm gen total 49672K, used 29738K [0x00000000f5a00000, 0x00000000f8a82000, 0x0000000100000000)
2016-04-10T11:42:09.618+0000: 10463.627: [GC2016-04-10T11:42:09.618+0000: 10463.627: [ParNew
Desired survivor size 20112992 bytes, new threshold 8 (max 8)
- age   1:    2589824 bytes,    2589824 total
- age   2:        152 bytes,    2589976 total
- age   3:    1440760 bytes,    4030736 total
- age   4:    2717184 bytes,    6747920 total
- age   5:    2104792 bytes,    8852712 total
- age   6:      26472 bytes,    8879184 total
- age   7:    2895776 bytes,   11774960 total
- age   8:    3267376 bytes,   15042336 total
: 109234K->17669K(109248K), 0.0220780 secs] 257241K->166448K(502464K), 0.0221530 secs] [Times: user=0.02 sys=0.00, real=0.03 secs] 
Heap after GC invocations=153 (full 2):
 par new generation   total 109248K, used 17669K [0x00000000d5a00000, 0x00000000dda00000, 0x00000000dda00000)
  eden space 87424K,   0% used [0x00000000d5a00000, 0x00000000d5a00000, 0x00000000daf60000)
  from space 21824K,  80% used [0x00000000dc4b0000, 0x00000000dd5f14e0, 0x00000000dda00000)
  to   space 21824K,   0% used [0x00000000daf60000, 0x00000000daf60000, 0x00000000dc4b0000)
 concurrent mark-sweep generation total 393216K, used 148779K [0x00000000dda00000, 0x00000000f5a00000, 0x00000000f5a00000)
 concurrent-mark-sweep perm gen total 49672K, used 29738K [0x00000000f5a00000, 0x00000000f8a82000, 0x0000000100000000)
}
2016-04-10T11:42:09.640+0000: 10463.649: Total time for which application threads were stopped: 0.0223620 seconds, Stopping threads took: 0.0000480 seconds
2016-04-10T11:42:10.095+0000: 10464.104: Total time for which application threads were stopped: 0.0000930 seconds, Stopping threads took: 0.0000400 seconds
2016-04-10T11:42:10.095+0000: 10464.104: Total time for which application threads were stopped: 0.0000240 seconds, Stopping threads took: 0.0000100 seconds
2016-04-10T11:42:10.101+0000: 10464.110: Total time for which application threads were stopped: 0.0000370 seconds, Stopping threads took: 0.0000150 seconds
2016-04-10T11:42:10.101+0000: 10464.110: Total time for which application threads were stopped: 0.0000260 seconds, Stopping threads took: 0.0000110 seconds
2016-04-10T11:42:10.175+0000: 10464.184: Total time for which application threads were stopped: 0.0001210 seconds, Stopping threads took: 0.0000270 seconds
2016-04-10T11:42:10.175+0000: 10464.185: Total time for which application threads were stopped: 0.0000270 seconds, Stopping threads took: 0.0000110 seconds
2016-04-10T11:42:10.177+0000: 10464.186: Total time for which application threads were stopped: 0.0000320 seconds, Stopping threads took: 0.0000130 seconds
2016-04-10T11:42:10.177+0000: 10464.186: Total time for which application threads were stopped: 0.0000270 seconds, Stopping threads took: 0.0000110 seconds
{Heap before GC invocations=153 (full 2):
 par new generation   total 109248K, used 105093K [0x00000000d5a00000, 0x00000000dda00000, 0x00000000dda00000)
  eden space 87424K, 100% used [0x00000000d5a00000, 0x00000000daf60000, 0x00000000daf60000)
  from space 21824K,  80% used [0x00000000dc4b0000, 0x00000000dd5f14e0, 0x00000000dda00000)
  to   space 21824K,   0% used [0x00000000daf60000, 0x00000000daf60000, 0x00000000dc4b0000)
 concurrent mark-sweep generation total 393216K, used 148779K [0x00000000dda00000, 0x00000000f5a00000, 0x00000000f5a00000)
 concurrent-mark-sweep perm gen total 49672K, used 29738K [0x00000000f5a00000, 0x00000000f8a82000, 0x0000000100000000)
2016-04-10T11:42:20.917+0000: 10474.926: [GC2016-04-10T11:42:20.917+0000: 10474.926: [ParNew
Desired survivor size 20112992 bytes, new threshold 8 (max 8)
- age   1:    2916776 bytes,    2916776 total
- age   2:    2260304 bytes,    5177080 total
- age   3:         32 bytes,    5177112 total
- age   4:    1439032 bytes,    6616144 total
- age   5:    2650192 bytes,    9266336 total
- age   6:    2104760 bytes,   11371096 total
- age   7:      26472 bytes,   11397568 total
- age   8:    2895776 bytes,   14293344 total
: 105093K->21824K(109248K), 0.0270870 secs] 253872K->173794K(502464K), 0.0271720 secs] [Times: user=0.02 sys=0.00, real=0.03 secs] 
Heap after GC invocations=154 (full 2):
 par new generation   total 109248K, used 21824K [0x00000000d5a00000, 0x00000000dda00000, 0x00000000dda00000)
  eden space 87424K,   0% used [0x00000000d5a00000, 0x00000000d5a00000, 0x00000000daf60000)
  from space 21824K, 100% used [0x00000000daf60000, 0x00000000dc4b0000, 0x00000000dc4b0000)
  to   space 21824K,   0% used [0x00000000dc4b0000, 0x00000000dc4b0000, 0x00000000dda00000)
 concurrent mark-sweep generation total 393216K, used 151970K [0x00000000dda00000, 0x00000000f5a00000, 0x00000000f5a00000)
 concurrent-mark-sweep perm gen total 49672K, used 29738K [0x00000000f5a00000, 0x00000000f8a82000, 0x0000000100000000)
}
2016-04-10T11:42:20.944+0000: 10474.953: Total time for which application threads were stopped: 0.0273750 seconds, Stopping threads took: 0.0000480 seconds
2016-04-10T11:42:21.330+0000: 10475.340: Total time for which application threads were stopped: 0.0000710 seconds, Stopping threads took: 0.0000270 seconds
2016-04-10T11:42:21.337+0000: 10475.346: Total time for which application threads were stopped: 0.0000550 seconds, Stopping threads took: 0.0000190 seconds
2016-04-10T11:42:21.408+0000: 10475.417: Total time for which application threads were stopped: 0.0000860 seconds, Stopping threads took: 0.0000300 seconds
2016-04-10T11:42:21.408+0000: 10475.417: Total time for which application threads were stopped: 0.0000260 seconds, Stopping threads took: 0.0000110 seconds
2016-04-10T11:42:21.410+0000: 10475.419: Total time for which application threads were stopped: 0.0000310 seconds, Stopping threads took: 0.0000130 seconds
2016-04-10T11:42:21.410+0000: 10475.419: Total time for which application threads were stopped: 0.0000260 seconds, Stopping threads took: 0.0000110 seconds
{Heap before GC invocations=154 (full 2):
 par new generation   total 109248K, used 109248K [0x00000000d5a00000, 0x00000000dda00000, 0x00000000dda00000)
  eden space 87424K, 100% used [0x00000000d5a00000, 0x00000000daf60000, 0x00000000daf60000)
  from space 21824K, 100% used [0x00000000daf60000, 0x00000000dc4b0000, 0x00000000dc4b0000)
  to   space 21824K,   0% used [0x00000000dc4b0000, 0x00000000dc4b0000, 0x00000000dda00000)
 concurrent mark-sweep generation total 393216K, used 151970K [0x00000000dda00000, 0x00000000f5a00000, 0x00000000f5a00000)
 concurrent-mark-sweep perm gen total 49672K, used 29738K [0x00000000f5a00000, 0x00000000f8a82000, 0x0000000100000000)
2016-04-10T11:42:32.322+0000: 10486.331: [GC2016-04-10T11:42:32.322+0000: 10486.331: [ParNew
Desired survivor size 20112992 bytes, new threshold 8 (max 8)
- age   1:    3242832 bytes,    3242832 total
- age   2:    2286920 bytes,    5529752 total
- age   3:    2191008 bytes,    7720760 total
- age   4:         32 bytes,    7720792 total
- age   5:    1438824 bytes,    9159616 total
- age   6:    2649968 bytes,   11809584 total
- age   7:    2104760 bytes,   13914344 total
- age   8:      26472 bytes,   13940816 total
: 109248K->18385K(109248K), 0.0183190 secs] 261218K->173184K(502464K), 0.0183990 secs] [Times: user=0.02 sys=0.00, real=0.02 secs] 
Heap after GC invocations=155 (full 2):
 par new generation   total 109248K, used 18385K [0x00000000d5a00000, 0x00000000dda00000, 0x00000000dda00000)
  eden space 87424K,   0% used [0x00000000d5a00000, 0x00000000d5a00000, 0x00000000daf60000)
  from space 21824K,  84% used [0x00000000dc4b0000, 0x00000000dd6a4638, 0x00000000dda00000)
  to   space 21824K,   0% used [0x00000000daf60000, 0x00000000daf60000, 0x00000000dc4b0000)
 concurrent mark-sweep generation total 393216K, used 154798K [0x00000000dda00000, 0x00000000f5a00000, 0x00000000f5a00000)
 concurrent-mark-sweep perm gen total 49672K, used 29738K [0x00000000f5a00000, 0x00000000f8a82000, 0x0000000100000000)
}
2016-04-10T11:42:32.340+0000: 10486.349: Total time for which application threads were stopped: 0.0185910 seconds, Stopping threads took: 0.0000390 seconds
2016-04-10T11:42:32.685+0000: 10486.694: Total time for which application threads were stopped: 0.0001500 seconds, Stopping threads took: 0.0000260 seconds
2016-04-10T11:42:32.692+0000: 10486.701: Total time for which application threads were stopped: 0.0000440 seconds, Stopping threads took: 0.0000180 seconds
2016-04-10T11:42:32.764+0000: 10486.773: Total time for which application threads were stopped: 0.0000650 seconds, Stopping threads took: 0.0000260 seconds
2016-04-10T11:42:32.764+0000: 10486.773: Total time for which application threads were stopped: 0.0000260 seconds, Stopping threads took: 0.0000110 seconds
2016-04-10T11:42:32.764+0000: 10486.773: Total time for which application threads were stopped: 0.0000250 seconds, Stopping threads took: 0.0000100 seconds
2016-04-10T11:42:32.764+0000: 10486.773: Total time for which application threads were stopped: 0.0000230 seconds, Stopping threads took: 0.0000090 seconds
2016-04-10T11:42:32.772+0000: 10486.781: Total time for which application threads were stopped: 0.0000470 seconds, Stopping threads took: 0.0000200 seconds
2016-04-10T11:42:32.772+0000: 10486.781: Total time for which application threads were stopped: 0.0000270 seconds, Stopping threads took: 0.0000110 seconds
{Heap before GC invocations=155 (full 2):
 par new generation   total 109248K, used 105809K [0x00000000d5a00000, 0x00000000dda00000, 0x00000000dda00000)
  eden space 87424K, 100% used [0x00000000d5a00000, 0x00000000daf60000, 0x00000000daf60000)
  from space 21824K,  84% used [0x00000000dc4b0000, 0x00000000dd6a4638, 0x00000000dda00000)
  to   space 21824K,   0% used [0x00000000daf60000, 0x00000000daf60000, 0x00000000dc4b0000)
 concurrent mark-sweep generation total 393216K, used 154798K [0x00000000dda00000, 0x00000000f5a00000, 0x00000000f5a00000)
 concurrent-mark-sweep perm gen total 49672K, used 29738K [0x00000000f5a00000, 0x00000000f8a82000, 0x0000000100000000)
2016-04-10T11:42:43.727+0000: 10497.736: [GC2016-04-10T11:42:43.727+0000: 10497.736: [ParNew
Desired survivor size 20112992 bytes, new threshold 8 (max 8)
- age   1:    3514904 bytes,    3514904 total
- age   2:    2181224 bytes,    5696128 total
- age   3:    2284464 bytes,    7980592 total
- age   4:    2123680 bytes,   10104272 total
- age   5:         32 bytes,   10104304 total
- age   6:    1438688 bytes,   11542992 total
- age   7:    2649968 bytes,   14192960 total
- age   8:    2104760 bytes,   16297720 total
: 105809K->18635K(109248K), 0.0190380 secs] 260608K->173460K(502464K), 0.0191120 secs] [Times: user=0.02 sys=0.00, real=0.02 secs] 
Heap after GC invocations=156 (full 2):
 par new generation   total 109248K, used 18635K [0x00000000d5a00000, 0x00000000dda00000, 0x00000000dda00000)
  eden space 87424K,   0% used [0x00000000d5a00000, 0x00000000d5a00000, 0x00000000daf60000)
  from space 21824K,  85% used [0x00000000daf60000, 0x00000000dc192f90, 0x00000000dc4b0000)
  to   space 21824K,   0% used [0x00000000dc4b0000, 0x00000000dc4b0000, 0x00000000dda00000)
 concurrent mark-sweep generation total 393216K, used 154824K [0x00000000dda00000, 0x00000000f5a00000, 0x00000000f5a00000)
 concurrent-mark-sweep perm gen total 49672K, used 29738K [0x00000000f5a00000, 0x00000000f8a82000, 0x0000000100000000)
}
2016-04-10T11:42:43.746+0000: 10497.755: Total time for which application threads were stopped: 0.0193510 seconds, Stopping threads took: 0.0000400 seconds
2016-04-10T11:42:44.008+0000: 10498.017: Total time for which application threads were stopped: 0.0000690 seconds, Stopping threads took: 0.0000270 seconds
2016-04-10T11:42:44.008+0000: 10498.018: Total time for which application threads were stopped: 0.0000230 seconds, Stopping threads took: 0.0000100 seconds
2016-04-10T11:42:44.015+0000: 10498.024: Total time for which application threads were stopped: 0.0000310 seconds, Stopping threads took: 0.0000130 seconds
2016-04-10T11:42:44.084+0000: 10498.093: Total time for which application threads were stopped: 0.0000640 seconds, Stopping threads took: 0.0000240 seconds
2016-04-10T11:42:44.086+0000: 10498.095: Total time for which application threads were stopped: 0.0000370 seconds, Stopping threads took: 0.0000150 seconds
2016-04-10T11:42:44.086+0000: 10498.095: Total time for which application threads were stopped: 0.0000260 seconds, Stopping threads took: 0.0000100 seconds
{Heap before GC invocations=156 (full 2):
 par new generation   total 109248K, used 106059K [0x00000000d5a00000, 0x00000000dda00000, 0x00000000dda00000)
  eden space 87424K, 100% used [0x00000000d5a00000, 0x00000000daf60000, 0x00000000daf60000)
  from space 21824K,  85% used [0x00000000daf60000, 0x00000000dc192f90, 0x00000000dc4b0000)
  to   space 21824K,   0% used [0x00000000dc4b0000, 0x00000000dc4b0000, 0x00000000dda00000)
 concurrent mark-sweep generation total 393216K, used 154824K [0x00000000dda00000, 0x00000000f5a00000, 0x00000000f5a00000)
 concurrent-mark-sweep perm gen total 49672K, used 29738K [0x00000000f5a00000, 0x00000000f8a82000, 0x0000000100000000)
2016-04-10T11:42:55.053+0000: 10509.062: [GC2016-04-10T11:42:55.053+0000: 10509.062: [ParNew
Desired survivor size 20112992 bytes, new threshold 8 (max 8)
- age   1:    3921528 bytes,    3921528 total
- age   2:    2236576 bytes,    6158104 total
- age   3:    2178664 bytes,    8336768 total
- age   4:    2217240 bytes,   10554008 total
- age   5:    2123320 bytes,   12677328 total
- age   7:    1438688 bytes,   14116016 total
- age   8:    2649968 bytes,   16765984 total
: 106059K->17038K(109248K), 0.0287500 secs] 260884K->173918K(502464K), 0.0288270 secs] [Times: user=0.03 sys=0.00, real=0.03 secs] 
Heap after GC invocations=157 (full 2):
 par new generation   total 109248K, used 17038K [0x00000000d5a00000, 0x00000000dda00000, 0x00000000dda00000)
  eden space 87424K,   0% used [0x00000000d5a00000, 0x00000000d5a00000, 0x00000000daf60000)
  from space 21824K,  78% used [0x00000000dc4b0000, 0x00000000dd553b00, 0x00000000dda00000)
  to   space 21824K,   0% used [0x00000000daf60000, 0x00000000daf60000, 0x00000000dc4b0000)
 concurrent mark-sweep generation total 393216K, used 156880K [0x00000000dda00000, 0x00000000f5a00000, 0x00000000f5a00000)
 concurrent-mark-sweep perm gen total 49672K, used 29738K [0x00000000f5a00000, 0x00000000f8a82000, 0x0000000100000000)
}
2016-04-10T11:42:55.082+0000: 10509.091: Total time for which application threads were stopped: 0.0290390 seconds, Stopping threads took: 0.0000450 seconds
2016-04-10T11:42:55.221+0000: 10509.231: Total time for which application threads were stopped: 0.0000650 seconds, Stopping threads took: 0.0000260 seconds
2016-04-10T11:42:55.228+0000: 10509.237: Total time for which application threads were stopped: 0.0000410 seconds, Stopping threads took: 0.0000170 seconds
2016-04-10T11:42:55.292+0000: 10509.301: Total time for which application threads were stopped: 0.0000620 seconds, Stopping threads took: 0.0000240 seconds
2016-04-10T11:42:55.293+0000: 10509.303: Total time for which application threads were stopped: 0.0000310 seconds, Stopping threads took: 0.0000130 seconds
2016-04-10T11:42:55.293+0000: 10509.303: Total time for which application threads were stopped: 0.0000250 seconds, Stopping threads took: 0.0000110 seconds
{Heap before GC invocations=157 (full 2):
 par new generation   total 109248K, used 104462K [0x00000000d5a00000, 0x00000000dda00000, 0x00000000dda00000)
  eden space 87424K, 100% used [0x00000000d5a00000, 0x00000000daf60000, 0x00000000daf60000)
  from space 21824K,  78% used [0x00000000dc4b0000, 0x00000000dd553b00, 0x00000000dda00000)
  to   space 21824K,   0% used [0x00000000daf60000, 0x00000000daf60000, 0x00000000dc4b0000)
 concurrent mark-sweep generation total 393216K, used 156880K [0x00000000dda00000, 0x00000000f5a00000, 0x00000000f5a00000)
 concurrent-mark-sweep perm gen total 49672K, used 29738K [0x00000000f5a00000, 0x00000000f8a82000, 0x0000000100000000)
2016-04-10T11:43:06.515+0000: 10520.524: [GC2016-04-10T11:43:06.515+0000: 10520.524: [ParNew
Desired survivor size 20112992 bytes, new threshold 8 (max 8)
- age   1:    4533016 bytes,    4533016 total
- age   2:    2080576 bytes,    6613592 total
- age   3:    2233960 bytes,    8847552 total
- age   4:    2111560 bytes,   10959112 total
- age   5:    2216880 bytes,   13175992 total
- age   6:    2123320 bytes,   15299312 total
- age   8:    1438688 bytes,   16738000 total
: 104462K->21824K(109248K), 0.0182190 secs] 261342K->181489K(502464K), 0.0183020 secs] [Times: user=0.01 sys=0.00, real=0.02 secs] 
Heap after GC invocations=158 (full 2):
 par new generation   total 109248K, used 21824K [0x00000000d5a00000, 0x00000000dda00000, 0x00000000dda00000)
  eden space 87424K,   0% used [0x00000000d5a00000, 0x00000000d5a00000, 0x00000000daf60000)
  from space 21824K, 100% used [0x00000000daf60000, 0x00000000dc4b0000, 0x00000000dc4b0000)
  to   space 21824K,   0% used [0x00000000dc4b0000, 0x00000000dc4b0000, 0x00000000dda00000)
 concurrent mark-sweep generation total 393216K, used 159665K [0x00000000dda00000, 0x00000000f5a00000, 0x00000000f5a00000)
 concurrent-mark-sweep perm gen total 49672K, used 29738K [0x00000000f5a00000, 0x00000000f8a82000, 0x0000000100000000)
}
2016-04-10T11:43:06.533+0000: 10520.542: Total time for which application threads were stopped: 0.0185190 seconds, Stopping threads took: 0.0000390 seconds
2016-04-10T11:43:06.596+0000: 10520.605: Total time for which application threads were stopped: 0.0000700 seconds, Stopping threads took: 0.0000280 seconds
2016-04-10T11:43:06.602+0000: 10520.611: Total time for which application threads were stopped: 0.0000430 seconds, Stopping threads took: 0.0000210 seconds
2016-04-10T11:43:06.671+0000: 10520.680: Total time for which application threads were stopped: 0.0001040 seconds, Stopping threads took: 0.0000660 seconds
2016-04-10T11:43:06.672+0000: 10520.682: Total time for which application threads were stopped: 0.0000380 seconds, Stopping threads took: 0.0000180 seconds
2016-04-10T11:43:06.672+0000: 10520.682: Total time for which application threads were stopped: 0.0000260 seconds, Stopping threads took: 0.0000110 seconds
2016-04-10T11:43:17.914+0000: 10531.923: Total time for which application threads were stopped: 0.0001430 seconds, Stopping threads took: 0.0000470 seconds
2016-04-10T11:43:17.923+0000: 10531.932: Total time for which application threads were stopped: 0.0000530 seconds, Stopping threads took: 0.0000170 seconds
2016-04-10T11:43:17.990+0000: 10532.000: Total time for which application threads were stopped: 0.0000630 seconds, Stopping threads took: 0.0000250 seconds
2016-04-10T11:43:17.990+0000: 10532.000: Total time for which application threads were stopped: 0.0000250 seconds, Stopping threads took: 0.0000100 seconds
{Heap before GC invocations=158 (full 2):
 par new generation   total 109248K, used 109248K [0x00000000d5a00000, 0x00000000dda00000, 0x00000000dda00000)
  eden space 87424K, 100% used [0x00000000d5a00000, 0x00000000daf60000, 0x00000000daf60000)
  from space 21824K, 100% used [0x00000000daf60000, 0x00000000dc4b0000, 0x00000000dc4b0000)
  to   space 21824K,   0% used [0x00000000dc4b0000, 0x00000000dc4b0000, 0x00000000dda00000)
 concurrent mark-sweep generation total 393216K, used 159665K [0x00000000dda00000, 0x00000000f5a00000, 0x00000000f5a00000)
 concurrent-mark-sweep perm gen total 49672K, used 29739K [0x00000000f5a00000, 0x00000000f8a82000, 0x0000000100000000)
2016-04-10T11:43:28.823+0000: 10542.832: [GC2016-04-10T11:43:28.823+0000: 10542.832: [ParNew
Desired survivor size 20112992 bytes, new threshold 8 (max 8)
- age   1:    3422776 bytes,    3422776 total
- age   2:    2010480 bytes,    5433256 total
- age   3:    2010816 bytes,    7444072 total
- age   4:    2166720 bytes,    9610792 total
- age   5:    2111080 bytes,   11721872 total
- age   6:    2216848 bytes,   13938720 total
- age   7:    2123320 bytes,   16062040 total
: 109248K->17590K(109248K), 0.0202770 secs] 268913K->178661K(502464K), 0.0203440 secs] [Times: user=0.02 sys=0.00, real=0.02 secs] 
Heap after GC invocations=159 (full 2):
 par new generation   total 109248K, used 17590K [0x00000000d5a00000, 0x00000000dda00000, 0x00000000dda00000)
  eden space 87424K,   0% used [0x00000000d5a00000, 0x00000000d5a00000, 0x00000000daf60000)
  from space 21824K,  80% used [0x00000000dc4b0000, 0x00000000dd5dd880, 0x00000000dda00000)
  to   space 21824K,   0% used [0x00000000daf60000, 0x00000000daf60000, 0x00000000dc4b0000)
 concurrent mark-sweep generation total 393216K, used 161071K [0x00000000dda00000, 0x00000000f5a00000, 0x00000000f5a00000)
 concurrent-mark-sweep perm gen total 49672K, used 29739K [0x00000000f5a00000, 0x00000000f8a82000, 0x0000000100000000)
}
2016-04-10T11:43:28.843+0000: 10542.853: Total time for which application threads were stopped: 0.0205540 seconds, Stopping threads took: 0.0000360 seconds
2016-04-10T11:43:29.194+0000: 10543.203: Total time for which application threads were stopped: 0.0000750 seconds, Stopping threads took: 0.0000310 seconds
2016-04-10T11:43:29.201+0000: 10543.210: Total time for which application threads were stopped: 0.0000340 seconds, Stopping threads took: 0.0000150 seconds
2016-04-10T11:43:29.204+0000: 10543.214: Total time for which application threads were stopped: 0.0000470 seconds, Stopping threads took: 0.0000120 seconds
2016-04-10T11:43:29.213+0000: 10543.223: Total time for which application threads were stopped: 0.0026630 seconds, Stopping threads took: 0.0026150 seconds
2016-04-10T11:43:29.219+0000: 10543.228: Total time for which application threads were stopped: 0.0000370 seconds, Stopping threads took: 0.0000160 seconds
2016-04-10T11:43:29.226+0000: 10543.236: Total time for which application threads were stopped: 0.0000400 seconds, Stopping threads took: 0.0000140 seconds
2016-04-10T11:43:29.236+0000: 10543.245: Total time for which application threads were stopped: 0.0000350 seconds, Stopping threads took: 0.0000150 seconds
2016-04-10T11:43:29.245+0000: 10543.254: Total time for which application threads were stopped: 0.0000410 seconds, Stopping threads took: 0.0000170 seconds
2016-04-10T11:43:29.248+0000: 10543.257: Total time for which application threads were stopped: 0.0000300 seconds, Stopping threads took: 0.0000130 seconds
2016-04-10T11:43:29.250+0000: 10543.260: Total time for which application threads were stopped: 0.0000550 seconds, Stopping threads took: 0.0000160 seconds
2016-04-10T11:43:29.253+0000: 10543.262: Total time for which application threads were stopped: 0.0000410 seconds, Stopping threads took: 0.0000240 seconds
2016-04-10T11:43:29.259+0000: 10543.268: Total time for which application threads were stopped: 0.0000320 seconds, Stopping threads took: 0.0000130 seconds
2016-04-10T11:43:29.259+0000: 10543.269: Total time for which application threads were stopped: 0.0000240 seconds, Stopping threads took: 0.0000100 seconds
2016-04-10T11:43:29.260+0000: 10543.270: Total time for which application threads were stopped: 0.0000240 seconds, Stopping threads took: 0.0000100 seconds
2016-04-10T11:43:29.261+0000: 10543.270: Total time for which application threads were stopped: 0.0000220 seconds, Stopping threads took: 0.0000090 seconds
2016-04-10T11:43:29.263+0000: 10543.272: Total time for which application threads were stopped: 0.0000280 seconds, Stopping threads took: 0.0000120 seconds
2016-04-10T11:43:29.263+0000: 10543.273: Total time for which application threads were stopped: 0.0000990 seconds, Stopping threads took: 0.0000100 seconds
2016-04-10T11:43:29.280+0000: 10543.289: Total time for which application threads were stopped: 0.0020670 seconds, Stopping threads took: 0.0020440 seconds
2016-04-10T11:43:29.287+0000: 10543.297: Total time for which application threads were stopped: 0.0000360 seconds, Stopping threads took: 0.0000120 seconds
2016-04-10T11:43:29.287+0000: 10543.297: Total time for which application threads were stopped: 0.0000190 seconds, Stopping threads took: 0.0000050 seconds
{Heap before GC invocations=159 (full 2):
 par new generation   total 109248K, used 105014K [0x00000000d5a00000, 0x00000000dda00000, 0x00000000dda00000)
  eden space 87424K, 100% used [0x00000000d5a00000, 0x00000000daf60000, 0x00000000daf60000)
  from space 21824K,  80% used [0x00000000dc4b0000, 0x00000000dd5dd880, 0x00000000dda00000)
  to   space 21824K,   0% used [0x00000000daf60000, 0x00000000daf60000, 0x00000000dc4b0000)
 concurrent mark-sweep generation total 393216K, used 161071K [0x00000000dda00000, 0x00000000f5a00000, 0x00000000f5a00000)
 concurrent-mark-sweep perm gen total 49672K, used 29740K [0x00000000f5a00000, 0x00000000f8a82000, 0x0000000100000000)
2016-04-10T11:43:29.393+0000: 10543.402: [GC2016-04-10T11:43:29.393+0000: 10543.402: [ParNew
Desired survivor size 20112992 bytes, new threshold 8 (max 8)
- age   1:    1969248 bytes,    1969248 total
- age   2:    2987040 bytes,    4956288 total
- age   3:    1938608 bytes,    6894896 total
- age   4:    2008512 bytes,    8903408 total
- age   5:    2122688 bytes,   11026096 total
- age   6:    2111032 bytes,   13137128 total
- age   7:    2216848 bytes,   15353976 total
- age   8:    2123320 bytes,   17477296 total
: 105014K->21824K(109248K), 0.0200650 secs] 266085K->183024K(502464K), 0.0201270 secs] [Times: user=0.02 sys=0.00, real=0.02 secs] 
Heap after GC invocations=160 (full 2):
 par new generation   total 109248K, used 21824K [0x00000000d5a00000, 0x00000000dda00000, 0x00000000dda00000)
  eden space 87424K,   0% used [0x00000000d5a00000, 0x00000000d5a00000, 0x00000000daf60000)
  from space 21824K, 100% used [0x00000000daf60000, 0x00000000dc4b0000, 0x00000000dc4b0000)
  to   space 21824K,   0% used [0x00000000dc4b0000, 0x00000000dc4b0000, 0x00000000dda00000)
 concurrent mark-sweep generation total 393216K, used 161200K [0x00000000dda00000, 0x00000000f5a00000, 0x00000000f5a00000)
 concurrent-mark-sweep perm gen total 49672K, used 29740K [0x00000000f5a00000, 0x00000000f8a82000, 0x0000000100000000)
}
2016-04-10T11:43:29.413+0000: 10543.422: Total time for which application threads were stopped: 0.0203940 seconds, Stopping threads took: 0.0000290 seconds
2016-04-10T11:43:29.723+0000: 10543.732: Total time for which application threads were stopped: 0.0000680 seconds, Stopping threads took: 0.0000260 seconds
{Heap before GC invocations=160 (full 2):
 par new generation   total 109248K, used 109248K [0x00000000d5a00000, 0x00000000dda00000, 0x00000000dda00000)
  eden space 87424K, 100% used [0x00000000d5a00000, 0x00000000daf60000, 0x00000000daf60000)
  from space 21824K, 100% used [0x00000000daf60000, 0x00000000dc4b0000, 0x00000000dc4b0000)
  to   space 21824K,   0% used [0x00000000dc4b0000, 0x00000000dc4b0000, 0x00000000dda00000)
 concurrent mark-sweep generation total 393216K, used 161200K [0x00000000dda00000, 0x00000000f5a00000, 0x00000000f5a00000)
 concurrent-mark-sweep perm gen total 49672K, used 29740K [0x00000000f5a00000, 0x00000000f8a82000, 0x0000000100000000)
2016-04-10T11:43:40.986+0000: 10554.995: [GC2016-04-10T11:43:40.986+0000: 10554.995: [ParNew
Desired survivor size 20112992 bytes, new threshold 8 (max 8)
- age   1:    2743456 bytes,    2743456 total
- age   2:    1718056 bytes,    4461512 total
- age   3:    2984912 bytes,    7446424 total
- age   4:    1935704 bytes,    9382128 total
- age   5:    2008328 bytes,   11390456 total
- age   6:    2122688 bytes,   13513144 total
- age   7:    2110848 bytes,   15623992 total
- age   8:    2216848 bytes,   17840840 total
: 109248K->21824K(109248K), 0.0252100 secs] 270448K->185602K(502464K), 0.0252980 secs] [Times: user=0.03 sys=0.00, real=0.03 secs] 
Heap after GC invocations=161 (full 2):
 par new generation   total 109248K, used 21824K [0x00000000d5a00000, 0x00000000dda00000, 0x00000000dda00000)
  eden space 87424K,   0% used [0x00000000d5a00000, 0x00000000d5a00000, 0x00000000daf60000)
  from space 21824K, 100% used [0x00000000dc4b0000, 0x00000000dda00000, 0x00000000dda00000)
  to   space 21824K,   0% used [0x00000000daf60000, 0x00000000daf60000, 0x00000000dc4b0000)
 concurrent mark-sweep generation total 393216K, used 163778K [0x00000000dda00000, 0x00000000f5a00000, 0x00000000f5a00000)
 concurrent-mark-sweep perm gen total 49672K, used 29740K [0x00000000f5a00000, 0x00000000f8a82000, 0x0000000100000000)
}
2016-04-10T11:43:41.011+0000: 10555.020: Total time for which application threads were stopped: 0.0254870 seconds, Stopping threads took: 0.0000290 seconds
2016-04-10T11:43:41.170+0000: 10555.179: Total time for which application threads were stopped: 0.0029420 seconds, Stopping threads took: 0.0029040 seconds
2016-04-10T11:43:41.170+0000: 10555.179: Total time for which application threads were stopped: 0.0000290 seconds, Stopping threads took: 0.0000070 seconds
{Heap before GC invocations=161 (full 2):
 par new generation   total 109248K, used 109248K [0x00000000d5a00000, 0x00000000dda00000, 0x00000000dda00000)
  eden space 87424K, 100% used [0x00000000d5a00000, 0x00000000daf60000, 0x00000000daf60000)
  from space 21824K, 100% used [0x00000000dc4b0000, 0x00000000dda00000, 0x00000000dda00000)
  to   space 21824K,   0% used [0x00000000daf60000, 0x00000000daf60000, 0x00000000dc4b0000)
 concurrent mark-sweep generation total 393216K, used 163778K [0x00000000dda00000, 0x00000000f5a00000, 0x00000000f5a00000)
 concurrent-mark-sweep perm gen total 49672K, used 29740K [0x00000000f5a00000, 0x00000000f8a82000, 0x0000000100000000)
2016-04-10T11:43:52.903+0000: 10566.912: [GC2016-04-10T11:43:52.903+0000: 10566.912: [ParNew
Desired survivor size 20112992 bytes, new threshold 8 (max 8)
- age   1:    5428104 bytes,    5428104 total
- age   2:    2316024 bytes,    7744128 total
- age   3:    1648096 bytes,    9392224 total
- age   4:    2839104 bytes,   12231328 total
- age   5:    1930352 bytes,   14161680 total
- age   6:    2002976 bytes,   16164656 total
- age   7:    2122528 bytes,   18287184 total
- age   8:    2104152 bytes,   20391336 total
: 109248K->21824K(109248K), 0.0214550 secs] 273026K->187815K(502464K), 0.0215450 secs] [Times: user=0.02 sys=0.00, real=0.02 secs] 
Heap after GC invocations=162 (full 2):
 par new generation   total 109248K, used 21824K [0x00000000d5a00000, 0x00000000dda00000, 0x00000000dda00000)
  eden space 87424K,   0% used [0x00000000d5a00000, 0x00000000d5a00000, 0x00000000daf60000)
  from space 21824K, 100% used [0x00000000daf60000, 0x00000000dc4b0000, 0x00000000dc4b0000)
  to   space 21824K,   0% used [0x00000000dc4b0000, 0x00000000dc4b0000, 0x00000000dda00000)
 concurrent mark-sweep generation total 393216K, used 165991K [0x00000000dda00000, 0x00000000f5a00000, 0x00000000f5a00000)
 concurrent-mark-sweep perm gen total 49672K, used 29740K [0x00000000f5a00000, 0x00000000f8a82000, 0x0000000100000000)
}
2016-04-10T11:43:52.924+0000: 10566.933: Total time for which application threads were stopped: 0.0217270 seconds, Stopping threads took: 0.0000380 seconds
2016-04-10T11:43:52.961+0000: 10566.970: Total time for which application threads were stopped: 0.0000610 seconds, Stopping threads took: 0.0000240 seconds
2016-04-10T11:43:52.961+0000: 10566.970: Total time for which application threads were stopped: 0.0000370 seconds, Stopping threads took: 0.0000100 seconds
2016-04-10T11:43:52.967+0000: 10566.977: Total time for which application threads were stopped: 0.0000380 seconds, Stopping threads took: 0.0000140 seconds
2016-04-10T11:43:53.045+0000: 10567.054: Total time for which application threads were stopped: 0.0000790 seconds, Stopping threads took: 0.0000260 seconds
2016-04-10T11:43:53.045+0000: 10567.054: Total time for which application threads were stopped: 0.0000260 seconds, Stopping threads took: 0.0000110 seconds
2016-04-10T11:44:03.786+0000: 10577.796: Total time for which application threads were stopped: 0.0001500 seconds, Stopping threads took: 0.0000590 seconds
2016-04-10T11:44:03.793+0000: 10577.802: Total time for which application threads were stopped: 0.0000550 seconds, Stopping threads took: 0.0000240 seconds
2016-04-10T11:44:03.857+0000: 10577.866: Total time for which application threads were stopped: 0.0000640 seconds, Stopping threads took: 0.0000250 seconds
2016-04-10T11:44:03.857+0000: 10577.866: Total time for which application threads were stopped: 0.0000260 seconds, Stopping threads took: 0.0000110 seconds
2016-04-10T11:44:03.956+0000: 10577.966: Total time for which application threads were stopped: 0.0000520 seconds, Stopping threads took: 0.0000170 seconds
2016-04-10T12:20:09.234+0000: 12743.243: Total time for which application threads were stopped: 0.0001210 seconds, Stopping threads took: 0.0000300 seconds
2016-04-10T12:20:09.234+0000: 12743.244: Total time for which application threads were stopped: 0.0000220 seconds, Stopping threads took: 0.0000060 seconds
2016-04-10T12:20:09.235+0000: 12743.244: Total time for which application threads were stopped: 0.0000240 seconds, Stopping threads took: 0.0000070 seconds
2016-04-10T12:20:09.242+0000: 12743.251: Total time for which application threads were stopped: 0.0000440 seconds, Stopping threads took: 0.0000170 seconds
2016-04-10T12:20:09.242+0000: 12743.251: Total time for which application threads were stopped: 0.0000280 seconds, Stopping threads took: 0.0000110 seconds
2016-04-10T12:20:09.242+0000: 12743.251: Total time for which application threads were stopped: 0.0000320 seconds, Stopping threads took: 0.0000110 seconds
2016-04-10T12:20:09.242+0000: 12743.251: Total time for which application threads were stopped: 0.0000270 seconds, Stopping threads took: 0.0000110 seconds
2016-04-10T12:20:09.264+0000: 12743.273: Total time for which application threads were stopped: 0.0000390 seconds, Stopping threads took: 0.0000160 seconds
2016-04-10T12:20:09.264+0000: 12743.273: Total time for which application threads were stopped: 0.0000420 seconds, Stopping threads took: 0.0000120 seconds
2016-04-10T12:20:09.264+0000: 12743.273: Total time for which application threads were stopped: 0.0000290 seconds, Stopping threads took: 0.0000120 seconds
2016-04-10T12:20:09.284+0000: 12743.293: Total time for which application threads were stopped: 0.0000390 seconds, Stopping threads took: 0.0000160 seconds
2016-04-10T12:20:09.310+0000: 12743.319: Total time for which application threads were stopped: 0.0000470 seconds, Stopping threads took: 0.0000150 seconds
2016-04-10T12:20:09.310+0000: 12743.319: Total time for which application threads were stopped: 0.0000230 seconds, Stopping threads took: 0.0000070 seconds
2016-04-10T12:20:09.311+0000: 12743.321: Total time for which application threads were stopped: 0.0000330 seconds, Stopping threads took: 0.0000130 seconds
2016-04-10T12:20:09.314+0000: 12743.323: Total time for which application threads were stopped: 0.0000290 seconds, Stopping threads took: 0.0000090 seconds
2016-04-10T12:20:09.314+0000: 12743.323: Total time for which application threads were stopped: 0.0000210 seconds, Stopping threads took: 0.0000060 seconds
2016-04-10T12:20:09.316+0000: 12743.325: Total time for which application threads were stopped: 0.0000290 seconds, Stopping threads took: 0.0000090 seconds
2016-04-10T12:20:09.317+0000: 12743.326: Total time for which application threads were stopped: 0.0000260 seconds, Stopping threads took: 0.0000080 seconds
2016-04-10T12:20:09.317+0000: 12743.326: Total time for which application threads were stopped: 0.0000200 seconds, Stopping threads took: 0.0000060 seconds
2016-04-10T12:20:09.318+0000: 12743.327: Total time for which application threads were stopped: 0.0000470 seconds, Stopping threads took: 0.0000210 seconds
2016-04-10T12:20:09.318+0000: 12743.328: Total time for which application threads were stopped: 0.0000220 seconds, Stopping threads took: 0.0000070 seconds
2016-04-10T12:20:09.318+0000: 12743.328: Total time for which application threads were stopped: 0.0000200 seconds, Stopping threads took: 0.0000050 seconds
2016-04-10T12:20:09.318+0000: 12743.328: Total time for which application threads were stopped: 0.0000200 seconds, Stopping threads took: 0.0000050 seconds
2016-04-10T12:20:09.319+0000: 12743.328: Total time for which application threads were stopped: 0.0000250 seconds, Stopping threads took: 0.0000080 seconds
2016-04-10T12:20:09.319+0000: 12743.328: Total time for which application threads were stopped: 0.0000200 seconds, Stopping threads took: 0.0000050 seconds
2016-04-10T12:20:09.320+0000: 12743.329: Total time for which application threads were stopped: 0.0000270 seconds, Stopping threads took: 0.0000080 seconds
2016-04-10T12:20:09.320+0000: 12743.329: Total time for which application threads were stopped: 0.0000200 seconds, Stopping threads took: 0.0000060 seconds
2016-04-10T12:20:09.320+0000: 12743.329: Total time for which application threads were stopped: 0.0000190 seconds, Stopping threads took: 0.0000050 seconds
2016-04-10T12:20:09.320+0000: 12743.329: Total time for which application threads were stopped: 0.0000180 seconds, Stopping threads took: 0.0000050 seconds
2016-04-10T12:20:09.320+0000: 12743.330: Total time for which application threads were stopped: 0.0000250 seconds, Stopping threads took: 0.0000070 seconds
2016-04-10T12:20:09.320+0000: 12743.330: Total time for which application threads were stopped: 0.0000200 seconds, Stopping threads took: 0.0000060 seconds
2016-04-10T12:20:09.321+0000: 12743.330: Total time for which application threads were stopped: 0.0000220 seconds, Stopping threads took: 0.0000060 seconds
2016-04-10T12:20:09.321+0000: 12743.330: Total time for which application threads were stopped: 0.0000200 seconds, Stopping threads took: 0.0000060 seconds
2016-04-10T12:20:09.321+0000: 12743.330: Total time for which application threads were stopped: 0.0000240 seconds, Stopping threads took: 0.0000070 seconds
2016-04-10T12:20:09.321+0000: 12743.330: Total time for which application threads were stopped: 0.0000330 seconds, Stopping threads took: 0.0000190 seconds
2016-04-10T12:20:09.321+0000: 12743.331: Total time for which application threads were stopped: 0.0000240 seconds, Stopping threads took: 0.0000070 seconds
2016-04-10T12:20:09.321+0000: 12743.331: Total time for which application threads were stopped: 0.0000200 seconds, Stopping threads took: 0.0000060 seconds
2016-04-10T12:20:09.321+0000: 12743.331: Total time for which application threads were stopped: 0.0000440 seconds, Stopping threads took: 0.0000050 seconds
2016-04-10T12:20:09.321+0000: 12743.331: Total time for which application threads were stopped: 0.0000200 seconds, Stopping threads took: 0.0000050 seconds
2016-04-10T12:20:09.322+0000: 12743.331: Total time for which application threads were stopped: 0.0000210 seconds, Stopping threads took: 0.0000060 seconds
2016-04-10T12:20:09.322+0000: 12743.331: Total time for which application threads were stopped: 0.0000230 seconds, Stopping threads took: 0.0000060 seconds
2016-04-10T12:20:09.322+0000: 12743.332: Total time for which application threads were stopped: 0.0000250 seconds, Stopping threads took: 0.0000080 seconds
2016-04-10T12:20:09.322+0000: 12743.332: Total time for which application threads were stopped: 0.0000330 seconds, Stopping threads took: 0.0000060 seconds
2016-04-10T12:20:09.329+0000: 12743.339: Total time for which application threads were stopped: 0.0000480 seconds, Stopping threads took: 0.0000300 seconds
2016-04-10T12:20:09.329+0000: 12743.339: Total time for which application threads were stopped: 0.0001120 seconds, Stopping threads took: 0.0000060 seconds
2016-04-10T12:20:09.330+0000: 12743.339: Total time for which application threads were stopped: 0.0000220 seconds, Stopping threads took: 0.0000060 seconds
2016-04-10T12:20:09.330+0000: 12743.339: Total time for which application threads were stopped: 0.0000350 seconds, Stopping threads took: 0.0000060 seconds
2016-04-10T12:20:09.332+0000: 12743.341: Total time for which application threads were stopped: 0.0001990 seconds, Stopping threads took: 0.0001530 seconds
2016-04-10T12:20:09.337+0000: 12743.346: Total time for which application threads were stopped: 0.0011480 seconds, Stopping threads took: 0.0011270 seconds
2016-04-10T12:20:09.366+0000: 12743.375: Total time for which application threads were stopped: 0.0000520 seconds, Stopping threads took: 0.0000220 seconds
2016-04-10T12:20:09.663+0000: 12743.672: Total time for which application threads were stopped: 0.0000720 seconds, Stopping threads took: 0.0000330 seconds
2016-04-10T12:20:09.663+0000: 12743.672: Total time for which application threads were stopped: 0.0000250 seconds, Stopping threads took: 0.0000080 seconds
2016-04-10T12:20:09.722+0000: 12743.731: Total time for which application threads were stopped: 0.0000770 seconds, Stopping threads took: 0.0000300 seconds
2016-04-10T12:20:09.722+0000: 12743.731: Total time for which application threads were stopped: 0.0000270 seconds, Stopping threads took: 0.0000110 seconds
2016-04-10T12:20:09.722+0000: 12743.731: Total time for which application threads were stopped: 0.0000260 seconds, Stopping threads took: 0.0000110 seconds
2016-04-10T12:20:09.722+0000: 12743.731: Total time for which application threads were stopped: 0.0000260 seconds, Stopping threads took: 0.0000110 seconds
2016-04-10T12:20:09.722+0000: 12743.732: Total time for which application threads were stopped: 0.0000280 seconds, Stopping threads took: 0.0000120 seconds
2016-04-10T12:20:09.722+0000: 12743.732: Total time for which application threads were stopped: 0.0000630 seconds, Stopping threads took: 0.0000450 seconds
2016-04-10T12:20:09.722+0000: 12743.732: Total time for which application threads were stopped: 0.0000250 seconds, Stopping threads took: 0.0000110 seconds
2016-04-10T12:20:09.723+0000: 12743.732: Total time for which application threads were stopped: 0.0000390 seconds, Stopping threads took: 0.0000100 seconds
2016-04-10T12:20:09.723+0000: 12743.732: Total time for which application threads were stopped: 0.0000880 seconds, Stopping threads took: 0.0000150 seconds
2016-04-10T12:20:09.723+0000: 12743.732: Total time for which application threads were stopped: 0.0000260 seconds, Stopping threads took: 0.0000110 seconds
2016-04-10T12:20:09.723+0000: 12743.733: Total time for which application threads were stopped: 0.0000830 seconds, Stopping threads took: 0.0000620 seconds
2016-04-10T12:20:09.736+0000: 12743.745: Total time for which application threads were stopped: 0.0051590 seconds, Stopping threads took: 0.0050890 seconds
2016-04-10T12:20:09.736+0000: 12743.745: Total time for which application threads were stopped: 0.0000350 seconds, Stopping threads took: 0.0000070 seconds
2016-04-10T12:20:09.736+0000: 12743.745: Total time for which application threads were stopped: 0.0000230 seconds, Stopping threads took: 0.0000070 seconds
2016-04-10T12:20:09.736+0000: 12743.745: Total time for which application threads were stopped: 0.0000190 seconds, Stopping threads took: 0.0000060 seconds
2016-04-10T12:20:09.740+0000: 12743.749: Total time for which application threads were stopped: 0.0015450 seconds, Stopping threads took: 0.0015040 seconds
2016-04-10T12:20:09.741+0000: 12743.751: Total time for which application threads were stopped: 0.0006190 seconds, Stopping threads took: 0.0005690 seconds
2016-04-10T12:20:09.756+0000: 12743.765: Total time for which application threads were stopped: 0.0016860 seconds, Stopping threads took: 0.0016630 seconds
2016-04-10T12:51:10.444+0000: 14604.453: Total time for which application threads were stopped: 0.0000970 seconds, Stopping threads took: 0.0000140 seconds
2016-04-10T12:51:10.444+0000: 14604.453: Total time for which application threads were stopped: 0.0000270 seconds, Stopping threads took: 0.0000070 seconds
2016-04-10T12:51:10.444+0000: 14604.453: Total time for which application threads were stopped: 0.0000230 seconds, Stopping threads took: 0.0000060 seconds
2016-04-10T12:51:10.450+0000: 14604.459: Total time for which application threads were stopped: 0.0014860 seconds, Stopping threads took: 0.0014650 seconds
2016-04-10T12:51:10.450+0000: 14604.459: Total time for which application threads were stopped: 0.0000300 seconds, Stopping threads took: 0.0000110 seconds
2016-04-10T12:51:10.450+0000: 14604.460: Total time for which application threads were stopped: 0.0000240 seconds, Stopping threads took: 0.0000060 seconds
2016-04-10T12:51:10.450+0000: 14604.460: Total time for which application threads were stopped: 0.0000190 seconds, Stopping threads took: 0.0000050 seconds
2016-04-10T12:51:10.451+0000: 14604.460: Total time for which application threads were stopped: 0.0000230 seconds, Stopping threads took: 0.0000060 seconds
Heap
 par new generation   total 109248K, used 103817K [0x00000000d5a00000, 0x00000000dda00000, 0x00000000dda00000)
  eden space 87424K,  93% used [0x00000000d5a00000, 0x00000000daa125c8, 0x00000000daf60000)
  from space 21824K, 100% used [0x00000000daf60000, 0x00000000dc4b0000, 0x00000000dc4b0000)
  to   space 21824K,   0% used [0x00000000dc4b0000, 0x00000000dc4b0000, 0x00000000dda00000)
 concurrent mark-sweep generation total 393216K, used 165991K [0x00000000dda00000, 0x00000000f5a00000, 0x00000000f5a00000)
 concurrent-mark-sweep perm gen total 49672K, used 29808K [0x00000000f5a00000, 0x00000000f8a82000, 0x0000000100000000)
